------------d=1, t=2, lambda=1, filename=./evaluation/2^30-t2_l1.csv------------
Computing partitioned counts of d-sets...
Ready to look at pairs based on partitioned counts...
First Stage N=12, Time=4
There are 3676 remaining non-locating pairs
--- Running Conditional Expectation Algorithm (phase2_ce) for Locating ---
  (CE) Initial N_target calculated as: 33 (M=12)
  (CE) Row 13 built. 2061 pairs remaining to distinguish.
  (CE) Row 14 built. 1146 pairs remaining to distinguish.
  (CE) Row 15 built. 625 pairs remaining to distinguish.
  (CE) Row 16 built. 350 pairs remaining to distinguish.
  (CE) Row 17 built. 168 pairs remaining to distinguish.
  (CE) Row 18 built. 68 pairs remaining to distinguish.
  (CE) Row 19 built. 19 pairs remaining to distinguish.
  (CE) Row 20 built. 1 pairs remaining to distinguish.
  (CE) Row 21 built. 0 pairs remaining to distinguish.
--- Pareto Front Solutions ---
Solution 0: N total=21 (N_initial=12, N_added=9), Time total=427 ms, Saved to: ./results/2^30_t2_l1_pareto_0.csv, percents=1, 

------------d=1, t=2, lambda=2, filename=./evaluation/2^30-t2_l2.csv------------
Computing partitioned counts of d-sets...
Ready to look at pairs based on partitioned counts...
First Stage N=18, Time=5
There are 533 remaining non-locating pairs
--- Running Conditional Expectation Algorithm (phase2_ce) for Locating ---
  (CE) Initial N_target calculated as: 43 (M=18)
  (CE) Row 19 built. 533 pairs remaining to distinguish.
  (CE) Row 20 built. 395 pairs remaining to distinguish.
  (CE) Row 21 built. 261 pairs remaining to distinguish.
  (CE) Row 22 built. 174 pairs remaining to distinguish.
  (CE) Row 23 built. 97 pairs remaining to distinguish.
  (CE) Row 24 built. 49 pairs remaining to distinguish.
  (CE) Row 25 built. 23 pairs remaining to distinguish.
  (CE) Row 26 built. 7 pairs remaining to distinguish.
  (CE) Row 27 built. 2 pairs remaining to distinguish.
  (CE) Row 28 built. 0 pairs remaining to distinguish.
--- Pareto Front Solutions ---
Solution 0: N total=28 (N_initial=18, N_added=10), Time total=111 ms, Saved to: ./results/2^30_t2_l2_pareto_0.csv, percents=1, 

------------d=1, t=2, lambda=3, filename=./evaluation/2^30-t2_l3.csv------------
Computing partitioned counts of d-sets...
Ready to look at pairs based on partitioned counts...
First Stage N=24, Time=5
There are 236 remaining non-locating pairs
--- Running Conditional Expectation Algorithm (phase2_ce) for Locating ---
  (CE) Initial N_target calculated as: 49 (M=24)
  (CE) Row 25 built. 187 pairs remaining to distinguish.
  (CE) Row 26 built. 149 pairs remaining to distinguish.
  (CE) Row 27 built. 113 pairs remaining to distinguish.
  (CE) Row 28 built. 82 pairs remaining to distinguish.
  (CE) Row 29 built. 58 pairs remaining to distinguish.
  (CE) Row 30 built. 23 pairs remaining to distinguish.
  (CE) Row 31 built. 5 pairs remaining to distinguish.
  (CE) Row 32 built. 0 pairs remaining to distinguish.
--- Pareto Front Solutions ---
Solution 0: N total=32 (N_initial=24, N_added=8), Time total=48 ms, Saved to: ./results/2^30_t2_l3_pareto_0.csv, percents=1, 

------------d=1, t=2, lambda=4, filename=./evaluation/2^30-t2_l4.csv------------
Computing partitioned counts of d-sets...
Ready to look at pairs based on partitioned counts...
First Stage N=28, Time=14
There are 711 remaining non-locating pairs
--- Running Conditional Expectation Algorithm (phase2_ce) for Locating ---
  (CE) Initial N_target calculated as: 60 (M=28)
  (CE) Row 29 built. 711 pairs remaining to distinguish.
  (CE) Row 30 built. 711 pairs remaining to distinguish.
  (CE) Row 31 built. 711 pairs remaining to distinguish.
  (CE) Row 32 built. 670 pairs remaining to distinguish.
  (CE) Row 33 built. 607 pairs remaining to distinguish.
  (CE) Row 34 built. 521 pairs remaining to distinguish.
  (CE) Row 35 built. 394 pairs remaining to distinguish.
  (CE) Row 36 built. 284 pairs remaining to distinguish.
  (CE) Row 37 built. 181 pairs remaining to distinguish.
  (CE) Row 38 built. 104 pairs remaining to distinguish.
  (CE) Row 39 built. 51 pairs remaining to distinguish.
  (CE) Row 40 built. 12 pairs remaining to distinguish.
  (CE) Row 41 built. 1 pairs remaining to distinguish.
  (CE) Row 42 built. 0 pairs remaining to distinguish.
--- Pareto Front Solutions ---
Solution 0: N total=42 (N_initial=28, N_added=14), Time total=300 ms, Saved to: ./results/2^30_t2_l4_pareto_0.csv, percents=1, 

