------------d=1, t=2, lambda=1, filename=./evaluation/2^30-t2_l1.csv------------
Grouping d-sets by partitioned row counts for detecting arrays...
Ready to look at pairs for detecting arrays...
First Stage N=12, Time=3
There are 6989 remaining non-locating pairs
--- Running GA Algorithm (phase2) ---
Running GA with std::execution::par
Generation #0
18,792,0.001, 0.139605, 0.219523, 0.33745, 0.371203, 0.465486, 0.467519, 0.710549, 0.845754, 0.979017, 1, 

22,313,0.001, 0.0600788, 0.0635621, 0.186926, 0.393744, 0.428939, 0.462547, 0.528912, 0.586828, 0.59682, 0.710195, 0.749947, 0.797568, 0.797852, 0.857405, 1, 

19,631,0.001, 0.0970704, 0.133815, 0.193307, 0.314824, 0.330009, 0.392028, 0.397921, 0.422169, 0.783244, 0.803073, 0.930679, 1, 

25,244,0.001, 0.0141455, 0.0218816, 0.0456565, 0.126535, 0.171676, 0.223503, 0.360442, 0.365705, 0.45636, 0.479251, 0.508095, 0.573131, 0.69156, 0.698453, 0.828251, 0.841254, 0.951562, 1, 

31,227,0.001, 0.0110509, 0.0391854, 0.0928903, 0.129683, 0.148351, 0.15305, 0.161136, 0.234665, 0.262227, 0.262612, 0.288228, 0.29071, 0.387741, 0.387959, 0.439057, 0.598829, 0.623264, 0.646717, 0.734431, 0.75492, 0.778334, 0.828504, 0.918703, 0.937746, 1, 

21,374,0.001, 0.0498482, 0.216652, 0.249468, 0.280081, 0.356849, 0.456092, 0.578588, 0.814896, 0.815772, 0.872318, 0.886671, 0.887786, 1, 

23,281,0.001, 0.0485364, 0.0638381, 0.103473, 0.112512, 0.157387, 0.207509, 0.233497, 0.34024, 0.425078, 0.623749, 0.642961, 0.77327, 0.821051, 0.86027, 0.97724, 1, 

Generation #1
17,459,0.001, 0.134236, 0.13649, 0.23364, 0.371203, 0.465486, 0.467519, 0.710549, 0.845754, 0.979017, 1, 

18,162,0.001, 0.00563984, 0.0472926, 0.290314, 0.336279, 0.487772, 0.620769, 0.816555, 0.932469, 0.993654, 1, 

19,106,0.001, 0.0141455, 0.0218816, 0.0456565, 0.126535, 0.171676, 0.392028, 0.397921, 0.422169, 0.783244, 0.803073, 0.930679, 1, 

Generation #2
18,162,0.001, 0.00563984, 0.0472926, 0.290314, 0.336279, 0.487772, 0.620769, 0.816555, 0.932469, 0.993654, 1, 

17,178,0.001, 0.0391854, 0.0928903, 0.112512, 0.157387, 0.207509, 0.233497, 0.607083, 0.793639, 0.806633, 1, 

19,88,0.001, 0.0110509, 0.0391854, 0.0928903, 0.112512, 0.157387, 0.207509, 0.397921, 0.422169, 0.783244, 0.803073, 0.930679, 1, 

Generation #3
16,166,0.001, 0.00563984, 0.0472926, 0.0698625, 0.0751163, 0.211292, 0.775528, 0.797689, 0.831146, 0.990146, 1, 

17,100,0.001, 0.017851, 0.0501659, 0.0513067, 0.110065, 0.137015, 0.159559, 0.187127, 0.248876, 0.831146, 0.990146, 1, 

18,69,0.001, 0.016831, 0.0528152, 0.0980615, 0.106911, 0.119235, 0.150345, 0.187127, 0.248876, 0.279032, 0.421249, 1, 

Generation #4
16,166,0.001, 0.00563984, 0.0472926, 0.0698625, 0.0751163, 0.211292, 0.775528, 0.797689, 0.831146, 0.990146, 1, 

17,100,0.001, 0.017851, 0.0501659, 0.0513067, 0.110065, 0.137015, 0.159559, 0.187127, 0.248876, 0.831146, 0.990146, 1, 

18,69,0.001, 0.016831, 0.0528152, 0.0980615, 0.106911, 0.119235, 0.150345, 0.187127, 0.248876, 0.279032, 0.421249, 1, 

Generation #5
16,166,0.001, 0.00563984, 0.0472926, 0.0698625, 0.0751163, 0.211292, 0.775528, 0.797689, 0.831146, 0.990146, 1, 

18,69,0.001, 0.016831, 0.0528152, 0.0980615, 0.106911, 0.119235, 0.150345, 0.187127, 0.248876, 0.279032, 0.421249, 1, 

17,83,0.001, 0.0141455, 0.0218816, 0.110065, 0.137015, 0.159559, 0.187127, 0.838183, 0.882861, 0.980407, 0.985471, 1, 

Generation #6
18,69,0.001, 0.016831, 0.0528152, 0.0980615, 0.106911, 0.119235, 0.150345, 0.187127, 0.248876, 0.279032, 0.421249, 1, 

17,83,0.001, 0.0141455, 0.0218816, 0.110065, 0.137015, 0.159559, 0.187127, 0.838183, 0.882861, 0.980407, 0.985471, 1, 

16,86,0.001, 0.0110509, 0.0391854, 0.0928903, 0.112512, 0.135354, 0.207509, 0.385246, 0.566406, 1, 

15,116,0.001, 0.0211516, 0.0392133, 0.0765168, 0.267408, 0.287437, 0.607083, 0.793639, 0.806633, 1, 

Generation #7
18,69,0.001, 0.016831, 0.0528152, 0.0980615, 0.106911, 0.119235, 0.150345, 0.187127, 0.248876, 0.279032, 0.421249, 1, 

17,83,0.001, 0.0141455, 0.0218816, 0.110065, 0.137015, 0.159559, 0.187127, 0.838183, 0.882861, 0.980407, 0.985471, 1, 

16,86,0.001, 0.0110509, 0.0391854, 0.0928903, 0.112512, 0.135354, 0.207509, 0.385246, 0.566406, 1, 

14,97,0.001, 0.0141455, 0.0218816, 0.0456565, 0.126535, 0.171676, 0.767771, 0.979017, 1, 

Generation #8
14,97,0.001, 0.0141455, 0.0218816, 0.0456565, 0.126535, 0.171676, 0.767771, 0.979017, 1, 

15,69,0.001, 0.00563984, 0.0391854, 0.0928903, 0.112512, 0.157387, 0.207509, 0.979017, 1, 

18,64,0.001, 0.00563984, 0.0391854, 0.0928903, 0.112512, 0.157387, 0.207509, 0.233497, 0.34024, 0.783244, 0.803073, 0.930679, 1, 

Generation #9
14,97,0.001, 0.0141455, 0.0218816, 0.0456565, 0.126535, 0.171676, 0.767771, 0.979017, 1, 

15,69,0.001, 0.00563984, 0.0391854, 0.0928903, 0.112512, 0.157387, 0.207509, 0.979017, 1, 

18,64,0.001, 0.00563984, 0.0391854, 0.0928903, 0.112512, 0.157387, 0.207509, 0.233497, 0.34024, 0.783244, 0.803073, 0.930679, 1, 

17,67,0.001, 0.0141455, 0.0218816, 0.0456565, 0.126535, 0.171676, 0.670065, 0.767771, 0.838183, 0.882861, 0.980407, 1, 

Generation #10
19,56,0.001, 0.00563984, 0.0472926, 0.0698625, 0.0751163, 0.198198, 0.925152, 0.274555, 0.81168, 0.95616, 0.981794, 1, 

18,60,0.001, 0.00563984, 0.0472926, 0.0698625, 0.109886, 0.119161, 0.146451, 0.246362, 0.397921, 0.422169, 0.783244, 0.803073, 0.930679, 1, 

14,62,0.001, 0.00563984, 0.0472926, 0.0698625, 0.0751163, 0.198198, 0.159559, 0.274555, 0.301448, 1, 

Generation #11
19,56,0.001, 0.00563984, 0.0472926, 0.0698625, 0.0751163, 0.198198, 0.925152, 0.274555, 0.81168, 0.95616, 0.981794, 1, 

18,60,0.001, 0.00563984, 0.0472926, 0.0698625, 0.109886, 0.119161, 0.146451, 0.246362, 0.397921, 0.422169, 0.783244, 0.803073, 0.930679, 1, 

14,62,0.001, 0.00563984, 0.0472926, 0.0698625, 0.0751163, 0.198198, 0.159559, 0.274555, 0.301448, 1, 

15,61,0.001, 0.00563984, 0.0472926, 0.0698625, 0.0751163, 0.198198, 0.925152, 0.274555, 1, 

Generation #12
19,56,0.001, 0.00563984, 0.0472926, 0.0698625, 0.0751163, 0.198198, 0.925152, 0.274555, 0.81168, 0.95616, 0.981794, 1, 

18,60,0.001, 0.00563984, 0.0472926, 0.0698625, 0.109886, 0.119161, 0.146451, 0.246362, 0.397921, 0.422169, 0.783244, 0.803073, 0.930679, 1, 

14,62,0.001, 0.00563984, 0.0472926, 0.0698625, 0.0751163, 0.198198, 0.159559, 0.274555, 0.301448, 1, 

15,61,0.001, 0.00563984, 0.0472926, 0.0698625, 0.0751163, 0.198198, 0.925152, 0.274555, 1, 

Generation #13
19,56,0.001, 0.00563984, 0.0472926, 0.0698625, 0.0751163, 0.198198, 0.925152, 0.274555, 0.81168, 0.95616, 0.981794, 1, 

14,62,0.001, 0.00563984, 0.0472926, 0.0698625, 0.0751163, 0.198198, 0.159559, 0.274555, 0.301448, 1, 

15,61,0.001, 0.00563984, 0.0472926, 0.0698625, 0.0751163, 0.198198, 0.925152, 0.274555, 1, 

17,60,0.001, 0.0141455, 0.0218816, 0.0456565, 0.0751163, 0.198198, 0.207509, 0.385246, 0.566406, 1, 

Generation #14
19,56,0.001, 0.00563984, 0.0472926, 0.0698625, 0.0751163, 0.198198, 0.925152, 0.274555, 0.81168, 0.95616, 0.981794, 1, 

14,62,0.001, 0.00563984, 0.0472926, 0.0698625, 0.0751163, 0.198198, 0.159559, 0.274555, 0.301448, 1, 

15,61,0.001, 0.00563984, 0.0472926, 0.0698625, 0.0751163, 0.198198, 0.925152, 0.274555, 1, 

17,60,0.001, 0.0141455, 0.0218816, 0.0456565, 0.0751163, 0.198198, 0.207509, 0.385246, 0.566406, 1, 

Generation #15
19,56,0.001, 0.00563984, 0.0472926, 0.0698625, 0.0751163, 0.198198, 0.925152, 0.274555, 0.81168, 0.95616, 0.981794, 1, 

14,62,0.001, 0.00563984, 0.0472926, 0.0698625, 0.0751163, 0.198198, 0.159559, 0.274555, 0.301448, 1, 

15,61,0.001, 0.00563984, 0.0472926, 0.0698625, 0.0751163, 0.198198, 0.925152, 0.274555, 1, 

17,60,0.001, 0.0141455, 0.0218816, 0.0456565, 0.0751163, 0.198198, 0.207509, 0.385246, 0.566406, 1, 

13,80,0.001, 0.0141455, 0.0218816, 0.0456565, 0.157387, 0.13834, 0.235563, 1, 

Generation #16
17,60,0.001, 0.0141455, 0.0218816, 0.0456565, 0.0751163, 0.198198, 0.207509, 0.385246, 0.566406, 1, 

18,56,0.001, 0.00563984, 0.0218816, 0.110065, 0.137015, 0.159559, 0.838183, 0.882861, 0.0135258, 0.980407, 0.985471, 1, 

13,61,0.001, 0.00563984, 0.0472926, 0.0698625, 0.0751163, 0.198198, 0.207509, 0.385246, 1, 

Generation #17
17,60,0.001, 0.0141455, 0.0218816, 0.0456565, 0.0751163, 0.198198, 0.207509, 0.385246, 0.566406, 1, 

18,56,0.001, 0.00563984, 0.0218816, 0.110065, 0.137015, 0.159559, 0.838183, 0.882861, 0.0135258, 0.980407, 0.985471, 1, 

13,61,0.001, 0.00563984, 0.0472926, 0.0698625, 0.0751163, 0.198198, 0.207509, 0.385246, 1, 

Generation #18
17,60,0.001, 0.0141455, 0.0218816, 0.0456565, 0.0751163, 0.198198, 0.207509, 0.385246, 0.566406, 1, 

18,56,0.001, 0.00563984, 0.0218816, 0.110065, 0.137015, 0.159559, 0.838183, 0.882861, 0.0135258, 0.980407, 0.985471, 1, 

13,61,0.001, 0.00563984, 0.0472926, 0.0698625, 0.0751163, 0.198198, 0.207509, 0.385246, 1, 

Generation #19
17,60,0.001, 0.0141455, 0.0218816, 0.0456565, 0.0751163, 0.198198, 0.207509, 0.385246, 0.566406, 1, 

18,56,0.001, 0.00563984, 0.0218816, 0.110065, 0.137015, 0.159559, 0.838183, 0.882861, 0.0135258, 0.980407, 0.985471, 1, 

13,61,0.001, 0.00563984, 0.0472926, 0.0698625, 0.0751163, 0.198198, 0.207509, 0.385246, 1, 

Generation #20
13,61,0.001, 0.00563984, 0.0472926, 0.0698625, 0.0751163, 0.198198, 0.207509, 0.385246, 1, 

15,55,0.001, 0.00563984, 0.0472926, 0.0698625, 0.0751163, 0.157387, 0.207509, 0.979017, 1, 

Generation #21
13,61,0.001, 0.00563984, 0.0472926, 0.0698625, 0.0751163, 0.198198, 0.207509, 0.385246, 1, 

15,55,0.001, 0.00563984, 0.0472926, 0.0698625, 0.0751163, 0.157387, 0.207509, 0.979017, 1, 

Generation #22
13,61,0.001, 0.00563984, 0.0472926, 0.0698625, 0.0751163, 0.198198, 0.207509, 0.385246, 1, 

15,55,0.001, 0.00563984, 0.0472926, 0.0698625, 0.0751163, 0.157387, 0.207509, 0.979017, 1, 

Generation #23
13,61,0.001, 0.00563984, 0.0472926, 0.0698625, 0.0751163, 0.198198, 0.207509, 0.385246, 1, 

15,54,0.001, 0.0141455, 0.0218816, 0.0456565, 0.0751163, 0.198198, 0.207509, 0.385246, 1, 

12,91,0.001, 0.00563984, 0.0218816, 0.0928903, 0.126535, 1, 

Generation #24
13,61,0.001, 0.00563984, 0.0472926, 0.0698625, 0.0751163, 0.198198, 0.207509, 0.385246, 1, 

15,54,0.001, 0.0141455, 0.0218816, 0.0456565, 0.0751163, 0.198198, 0.207509, 0.385246, 1, 

14,56,0.001, 0.0141455, 0.0218816, 0.0456565, 0.157387, 0.13834, 0.235563, 0.979017, 1, 

12,87,0.001, 0.0141455, 0.0218816, 0.0456565, 0.126535, 1, 

Generation #25
13,61,0.001, 0.00563984, 0.0472926, 0.0698625, 0.0751163, 0.198198, 0.207509, 0.385246, 1, 

15,54,0.001, 0.0141455, 0.0218816, 0.0456565, 0.0751163, 0.198198, 0.207509, 0.385246, 1, 

14,56,0.001, 0.0141455, 0.0218816, 0.0456565, 0.157387, 0.13834, 0.235563, 0.979017, 1, 

12,87,0.001, 0.0141455, 0.0218816, 0.0456565, 0.126535, 1, 

Generation #26
13,61,0.001, 0.00563984, 0.0472926, 0.0698625, 0.0751163, 0.198198, 0.207509, 0.385246, 1, 

12,87,0.001, 0.0141455, 0.0218816, 0.0456565, 0.126535, 1, 

14,48,0.001, 0.00563984, 0.0218816, 0.0928903, 0.112512, 0.157387, 0.207509, 0.979017, 1, 

Generation #27
13,61,0.001, 0.00563984, 0.0472926, 0.0698625, 0.0751163, 0.198198, 0.207509, 0.385246, 1, 

14,48,0.001, 0.00563984, 0.0218816, 0.0928903, 0.112512, 0.157387, 0.207509, 0.979017, 1, 

12,75,0.001, 0.0141455, 0.0218816, 0.0456565, 0.126535, 1, 

Generation #28
13,61,0.001, 0.00563984, 0.0472926, 0.0698625, 0.0751163, 0.198198, 0.207509, 0.385246, 1, 

14,48,0.001, 0.00563984, 0.0218816, 0.0928903, 0.112512, 0.157387, 0.207509, 0.979017, 1, 

12,75,0.001, 0.0141455, 0.0218816, 0.0456565, 0.126535, 1, 

Generation #29
13,61,0.001, 0.00563984, 0.0472926, 0.0698625, 0.0751163, 0.198198, 0.207509, 0.385246, 1, 

14,48,0.001, 0.00563984, 0.0218816, 0.0928903, 0.112512, 0.157387, 0.207509, 0.979017, 1, 

12,75,0.001, 0.0141455, 0.0218816, 0.0456565, 0.126535, 1, 

Generation #30
13,61,0.001, 0.00563984, 0.0472926, 0.0698625, 0.0751163, 0.198198, 0.207509, 0.385246, 1, 

14,48,0.001, 0.00563984, 0.0218816, 0.0928903, 0.112512, 0.157387, 0.207509, 0.979017, 1, 

12,75,0.001, 0.0141455, 0.0218816, 0.0456565, 0.126535, 1, 

11,345,0.001, 0.00563984, 0.0218816, 0.0456565, 1, 

Generation #31
13,61,0.001, 0.00563984, 0.0472926, 0.0698625, 0.0751163, 0.198198, 0.207509, 0.385246, 1, 

14,48,0.001, 0.00563984, 0.0218816, 0.0928903, 0.112512, 0.157387, 0.207509, 0.979017, 1, 

12,75,0.001, 0.0141455, 0.0218816, 0.0456565, 0.126535, 1, 

11,345,0.001, 0.00563984, 0.0218816, 0.0456565, 1, 

Generation #32
14,48,0.001, 0.00563984, 0.0218816, 0.0928903, 0.112512, 0.157387, 0.207509, 0.979017, 1, 

11,345,0.001, 0.00563984, 0.0218816, 0.0456565, 1, 

12,53,0.001, 0.00563984, 0.0218816, 0.0456565, 0.126535, 0.235563, 1, 

17,40,0.001, 0.00563984, 0.0218816, 0.0456565, 0.157387, 0.137015, 0.159559, 0.187127, 0.248876, 0.279032, 1, 

Generation #33
14,48,0.001, 0.00563984, 0.0218816, 0.0928903, 0.112512, 0.157387, 0.207509, 0.979017, 1, 

11,345,0.001, 0.00563984, 0.0218816, 0.0456565, 1, 

12,53,0.001, 0.00563984, 0.0218816, 0.0456565, 0.126535, 0.235563, 1, 

17,40,0.001, 0.00563984, 0.0218816, 0.0456565, 0.157387, 0.137015, 0.159559, 0.187127, 0.248876, 0.279032, 1, 

Generation #34
14,48,0.001, 0.00563984, 0.0218816, 0.0928903, 0.112512, 0.157387, 0.207509, 0.979017, 1, 

12,53,0.001, 0.00563984, 0.0218816, 0.0456565, 0.126535, 0.235563, 1, 

17,40,0.001, 0.00563984, 0.0218816, 0.0456565, 0.157387, 0.137015, 0.159559, 0.187127, 0.248876, 0.279032, 1, 

11,206,0.001, 0.00563984, 0.0472926, 0.0698625, 1, 

Generation #35
12,53,0.001, 0.00563984, 0.0218816, 0.0456565, 0.126535, 0.235563, 1, 

17,40,0.001, 0.00563984, 0.0218816, 0.0456565, 0.157387, 0.137015, 0.159559, 0.187127, 0.248876, 0.279032, 1, 

11,206,0.001, 0.00563984, 0.0472926, 0.0698625, 1, 

13,44,0.001, 0.00563984, 0.0218816, 0.0456565, 0.126535, 0.235563, 1, 

Generation #36
12,53,0.001, 0.00563984, 0.0218816, 0.0456565, 0.126535, 0.235563, 1, 

17,40,0.001, 0.00563984, 0.0218816, 0.0456565, 0.157387, 0.137015, 0.159559, 0.187127, 0.248876, 0.279032, 1, 

11,206,0.001, 0.00563984, 0.0472926, 0.0698625, 1, 

13,44,0.001, 0.00563984, 0.0218816, 0.0456565, 0.126535, 0.235563, 1, 

Generation #37
12,53,0.001, 0.00563984, 0.0218816, 0.0456565, 0.126535, 0.235563, 1, 

17,40,0.001, 0.00563984, 0.0218816, 0.0456565, 0.157387, 0.137015, 0.159559, 0.187127, 0.248876, 0.279032, 1, 

11,206,0.001, 0.00563984, 0.0472926, 0.0698625, 1, 

13,44,0.001, 0.00563984, 0.0218816, 0.0456565, 0.126535, 0.235563, 1, 

14,42,0.001, 0.00563984, 0.0218816, 0.0456565, 0.126535, 0.198198, 0.207509, 0.385246, 1, 

Generation #38
12,53,0.001, 0.00563984, 0.0218816, 0.0456565, 0.126535, 0.235563, 1, 

17,40,0.001, 0.00563984, 0.0218816, 0.0456565, 0.157387, 0.137015, 0.159559, 0.187127, 0.248876, 0.279032, 1, 

11,206,0.001, 0.00563984, 0.0472926, 0.0698625, 1, 

13,44,0.001, 0.00563984, 0.0218816, 0.0456565, 0.126535, 0.235563, 1, 

14,42,0.001, 0.00563984, 0.0218816, 0.0456565, 0.126535, 0.198198, 0.207509, 0.385246, 1, 

Generation #39
12,53,0.001, 0.00563984, 0.0218816, 0.0456565, 0.126535, 0.235563, 1, 

17,40,0.001, 0.00563984, 0.0218816, 0.0456565, 0.157387, 0.137015, 0.159559, 0.187127, 0.248876, 0.279032, 1, 

11,206,0.001, 0.00563984, 0.0472926, 0.0698625, 1, 

13,44,0.001, 0.00563984, 0.0218816, 0.0456565, 0.126535, 0.235563, 1, 

14,42,0.001, 0.00563984, 0.0218816, 0.0456565, 0.126535, 0.198198, 0.207509, 0.385246, 1, 

Generation #40
12,53,0.001, 0.00563984, 0.0218816, 0.0456565, 0.126535, 0.235563, 1, 

17,40,0.001, 0.00563984, 0.0218816, 0.0456565, 0.157387, 0.137015, 0.159559, 0.187127, 0.248876, 0.279032, 1, 

11,206,0.001, 0.00563984, 0.0472926, 0.0698625, 1, 

13,44,0.001, 0.00563984, 0.0218816, 0.0456565, 0.126535, 0.235563, 1, 

14,42,0.001, 0.00563984, 0.0218816, 0.0456565, 0.126535, 0.198198, 0.207509, 0.385246, 1, 

Generation #41
12,53,0.001, 0.00563984, 0.0218816, 0.0456565, 0.126535, 0.235563, 1, 

11,206,0.001, 0.00563984, 0.0472926, 0.0698625, 1, 

13,40,0.001, 0.00563984, 0.0218816, 0.0456565, 0.126535, 0.235563, 1, 

Generation #42
12,53,0.001, 0.00563984, 0.0218816, 0.0456565, 0.126535, 0.235563, 1, 

11,206,0.001, 0.00563984, 0.0472926, 0.0698625, 1, 

13,40,0.001, 0.00563984, 0.0218816, 0.0456565, 0.126535, 0.235563, 1, 

Generation #43
12,53,0.001, 0.00563984, 0.0218816, 0.0456565, 0.126535, 0.235563, 1, 

11,206,0.001, 0.00563984, 0.0472926, 0.0698625, 1, 

13,40,0.001, 0.00563984, 0.0218816, 0.0456565, 0.126535, 0.235563, 1, 

Generation #44
12,53,0.001, 0.00563984, 0.0218816, 0.0456565, 0.126535, 0.235563, 1, 

13,40,0.001, 0.00563984, 0.0218816, 0.0456565, 0.126535, 0.235563, 1, 

11,85,0.001, 0.00563984, 0.0218816, 0.0456565, 0.235563, 1, 

Generation #45
12,53,0.001, 0.00563984, 0.0218816, 0.0456565, 0.126535, 0.235563, 1, 

13,40,0.001, 0.00563984, 0.0218816, 0.0456565, 0.126535, 0.235563, 1, 

11,85,0.001, 0.00563984, 0.0218816, 0.0456565, 0.235563, 1, 

Generation #46
12,53,0.001, 0.00563984, 0.0218816, 0.0456565, 0.126535, 0.235563, 1, 

13,40,0.001, 0.00563984, 0.0218816, 0.0456565, 0.126535, 0.235563, 1, 

11,85,0.001, 0.00563984, 0.0218816, 0.0456565, 0.235563, 1, 

Generation #47
12,53,0.001, 0.00563984, 0.0218816, 0.0456565, 0.126535, 0.235563, 1, 

13,40,0.001, 0.00563984, 0.0218816, 0.0456565, 0.126535, 0.235563, 1, 

11,85,0.001, 0.00563984, 0.0218816, 0.0456565, 0.235563, 1, 

Generation #48
12,53,0.001, 0.00563984, 0.0218816, 0.0456565, 0.126535, 0.235563, 1, 

13,40,0.001, 0.00563984, 0.0218816, 0.0456565, 0.126535, 0.235563, 1, 

11,85,0.001, 0.00563984, 0.0218816, 0.0456565, 0.235563, 1, 

Generation #49
12,53,0.001, 0.00563984, 0.0218816, 0.0456565, 0.126535, 0.235563, 1, 

13,40,0.001, 0.00563984, 0.0218816, 0.0456565, 0.126535, 0.235563, 1, 

11,85,0.001, 0.00563984, 0.0218816, 0.0456565, 0.235563, 1, 

--- Pareto Front Solutions ---
Solution 0: N total=24 (N_initial=12, N_added=12), Time total=56 ms, Saved to: ./results/2^30_t2_l1_pareto_0.csv, percents=0.001, 0.00563984, 0.0218816, 0.0456565, 0.126535, 0.235563, 1, 

Solution 1: N total=25 (N_initial=12, N_added=13), Time total=43 ms, Saved to: ./results/2^30_t2_l1_pareto_1.csv, percents=0.001, 0.00563984, 0.0218816, 0.0456565, 0.126535, 0.235563, 1, 

Solution 2: N total=23 (N_initial=12, N_added=11), Time total=88 ms, Saved to: ./results/2^30_t2_l1_pareto_2.csv, percents=0.001, 0.00563984, 0.0218816, 0.0456565, 0.235563, 1, 

------------d=1, t=2, lambda=2, filename=./evaluation/2^30-t2_l2.csv------------
Grouping d-sets by partitioned row counts for detecting arrays...
Ready to look at pairs for detecting arrays...
First Stage N=18, Time=4
There are 10537 remaining non-locating pairs
--- Running GA Algorithm (phase2) ---
Running GA with std::execution::par
Generation #0
28,271,0.001, 0.0163655, 0.0776627, 0.158253, 0.159043, 0.39914, 0.442326, 0.580375, 0.665279, 0.668614, 0.678702, 0.692491, 0.692975, 0.696377, 0.6976, 0.724163, 0.853574, 0.919193, 0.970541, 1, 

19,309,0.001, 0.025852, 0.0561184, 0.111411, 0.26598, 0.28329, 0.42151, 0.745379, 0.808951, 0.989306, 1, 

35,242,0.001, 0.0102721, 0.0123944, 0.0144059, 0.0451762, 0.228087, 0.31944, 0.33738, 0.378248, 0.401851, 0.427259, 0.459459, 0.553592, 0.596146, 0.604618, 0.66967, 0.703985, 0.738511, 0.743072, 0.748053, 0.782644, 0.816488, 0.831092, 0.836762, 0.929163, 0.981424, 0.984552, 1, 

36,212,0.001, 0.0258003, 0.02742, 0.0536403, 0.0718317, 0.0787887, 0.132777, 0.288848, 0.319892, 0.320008, 0.337366, 0.409209, 0.414194, 0.419191, 0.43231, 0.432814, 0.459634, 0.485529, 0.511753, 0.559945, 0.578295, 0.585136, 0.591836, 0.729425, 0.748044, 0.894792, 0.927067, 0.939146, 1, 

Generation #1
21,109,0.001, 0.0141014, 0.0236508, 0.0368401, 0.0371142, 0.107954, 0.116823, 0.607132, 0.777561, 0.836558, 0.877158, 0.997123, 1, 

19,221,0.001, 0.0251226, 0.0356305, 0.0588766, 0.1017, 0.197026, 0.267646, 0.278956, 0.40719, 0.476902, 0.675951, 1, 

23,101,0.001, 0.0102721, 0.0123944, 0.0144059, 0.0451762, 0.228087, 0.31944, 0.33738, 0.352108, 0.437452, 0.682172, 0.769716, 0.775169, 0.800922, 0.843875, 1, 

20,215,0.001, 0.0326843, 0.051948, 0.0799031, 0.133543, 0.143467, 0.223274, 0.255821, 0.667148, 0.725681, 0.754352, 1, 

Generation #2
21,109,0.001, 0.0141014, 0.0236508, 0.0368401, 0.0371142, 0.107954, 0.116823, 0.607132, 0.777561, 0.836558, 0.877158, 0.997123, 1, 

23,101,0.001, 0.0102721, 0.0123944, 0.0144059, 0.0451762, 0.228087, 0.31944, 0.33738, 0.352108, 0.437452, 0.682172, 0.769716, 0.775169, 0.800922, 0.843875, 1, 

29,98,0.001, 0.0141014, 0.0236508, 0.0368401, 0.0371142, 0.107954, 0.116823, 0.138129, 0.157944, 0.160312, 0.19664, 0.207632, 0.247505, 0.261461, 0.268435, 0.283444, 0.301436, 0.349048, 0.388329, 0.436986, 0.58583, 1, 

20,152,0.001, 0.0258003, 0.02742, 0.0536403, 0.0718317, 0.0787887, 0.557254, 0.669867, 0.790321, 0.857773, 1, 

37,75,0.001, 0.0141014, 0.0236508, 0.0368401, 0.0371142, 0.107954, 0.116823, 0.138129, 0.157944, 0.160312, 0.19664, 0.207632, 0.247505, 0.261461, 0.268435, 0.283444, 0.301436, 0.349048, 0.388329, 0.436986, 0.58583, 0.624626, 0.648899, 0.650934, 0.756418, 0.842246, 0.876368, 0.931372, 0.939274, 0.99396, 1, 

18,161,0.001, 0.0251226, 0.0356305, 0.150293, 0.202362, 0.224347, 0.42151, 0.745379, 0.808951, 0.989306, 1, 

Generation #3
37,75,0.001, 0.0141014, 0.0236508, 0.0368401, 0.0371142, 0.107954, 0.116823, 0.138129, 0.157944, 0.160312, 0.19664, 0.207632, 0.247505, 0.261461, 0.268435, 0.283444, 0.301436, 0.349048, 0.388329, 0.436986, 0.58583, 0.624626, 0.648899, 0.650934, 0.756418, 0.842246, 0.876368, 0.931372, 0.939274, 0.99396, 1, 

31,78,0.001, 0.0141014, 0.0236508, 0.0368401, 0.0371142, 0.107954, 0.116823, 0.138129, 0.157944, 0.160312, 0.19664, 0.207632, 0.247505, 0.261461, 0.268435, 0.283444, 0.301436, 0.349048, 0.388329, 0.436986, 0.58583, 0.624626, 0.648899, 0.926118, 1, 

17,82,0.001, 0.0141014, 0.0236508, 0.0368401, 0.1017, 0.197026, 0.278956, 0.40719, 0.476902, 0.675951, 1, 

Generation #4
17,82,0.001, 0.0141014, 0.0236508, 0.0368401, 0.1017, 0.197026, 0.278956, 0.40719, 0.476902, 0.675951, 1, 

20,75,0.001, 0.0102721, 0.0123944, 0.0144059, 0.0451762, 0.228087, 0.31944, 0.33738, 0.352108, 0.437452, 0.682172, 0.769716, 1, 

Generation #5
17,82,0.001, 0.0141014, 0.0236508, 0.0368401, 0.1017, 0.197026, 0.278956, 0.40719, 0.476902, 0.675951, 1, 

20,75,0.001, 0.0102721, 0.0123944, 0.0144059, 0.0451762, 0.228087, 0.31944, 0.33738, 0.352108, 0.437452, 0.682172, 0.769716, 1, 

37,74,0.001, 0.0141014, 0.0236508, 0.0368401, 0.0371142, 0.107954, 0.116823, 0.138129, 0.860397, 0.160312, 0.19664, 0.207632, 0.247505, 0.261461, 0.268435, 0.283444, 0.301436, 0.349048, 0.388329, 0.436986, 0.58583, 0.624626, 0.648899, 0.650934, 0.756418, 0.842246, 0.876368, 0.931372, 0.939274, 0.99396, 1, 

Generation #6
17,82,0.001, 0.0141014, 0.0236508, 0.0368401, 0.1017, 0.197026, 0.278956, 0.40719, 0.476902, 0.675951, 1, 

18,70,0.001, 0.0141014, 0.0236508, 0.0368401, 0.0371142, 0.163097, 0.181521, 0.255821, 0.320008, 0.749184, 0.828117, 0.83672, 1, 

Generation #7
16,79,0.001, 0.0141014, 0.0303175, 0.0536403, 0.0718317, 0.0787887, 0.132777, 0.288848, 0.319892, 1, 

36,66,0.001, 0.0102721, 0.0236508, 0.0368401, 0.0371142, 0.107954, 0.116823, 0.607132, 0.777561, 0.407221, 0.836558, 0.877158, 0.997123, 0.325227, 0.374016, 0.511842, 0.633362, 0.655456, 0.656051, 0.680562, 0.681951, 0.690304, 0.731773, 0.736079, 0.736742, 0.828822, 0.906923, 1, 

17,68,0.001, 0.0141014, 0.0236508, 0.0368401, 0.0371142, 0.107954, 0.42151, 0.745379, 0.808951, 0.989306, 1, 

Generation #8
21,47,0.001, 0.0102721, 0.0123944, 0.0144059, 0.0371142, 0.107954, 0.116823, 0.138129, 0.437452, 0.682172, 0.769716, 0.775169, 0.800922, 0.843875, 1, 

15,61,0.001, 0.0102721, 0.0123944, 0.0144059, 0.0451762, 0.107954, 0.116823, 0.54915, 0.777561, 1, 

Generation #9
21,47,0.001, 0.0102721, 0.0123944, 0.0144059, 0.0371142, 0.107954, 0.116823, 0.138129, 0.437452, 0.682172, 0.769716, 0.775169, 0.800922, 0.843875, 1, 

15,61,0.001, 0.0102721, 0.0123944, 0.0144059, 0.0451762, 0.107954, 0.116823, 0.54915, 0.777561, 1, 

20,55,0.001, 0.0102721, 0.0123944, 0.0368401, 0.0371142, 0.107954, 0.116823, 0.138129, 0.777561, 0.407221, 0.836558, 0.396792, 1, 

Generation #10
21,47,0.001, 0.0102721, 0.0123944, 0.0144059, 0.0371142, 0.107954, 0.116823, 0.138129, 0.437452, 0.682172, 0.769716, 0.775169, 0.800922, 0.843875, 1, 

15,61,0.001, 0.0102721, 0.0123944, 0.0144059, 0.0451762, 0.107954, 0.116823, 0.54915, 0.777561, 1, 

20,55,0.001, 0.0102721, 0.0123944, 0.0368401, 0.0371142, 0.107954, 0.116823, 0.138129, 0.777561, 0.407221, 0.836558, 0.396792, 1, 

Generation #11
15,61,0.001, 0.0102721, 0.0123944, 0.0144059, 0.0451762, 0.107954, 0.116823, 0.54915, 0.777561, 1, 

16,47,0.001, 0.0102721, 0.0123944, 0.0144059, 0.0451762, 0.0787887, 0.132777, 0.288848, 0.319892, 1, 

Generation #12
15,61,0.001, 0.0102721, 0.0123944, 0.0144059, 0.0451762, 0.107954, 0.116823, 0.54915, 0.777561, 1, 

16,47,0.001, 0.0102721, 0.0123944, 0.0144059, 0.0451762, 0.0787887, 0.132777, 0.288848, 0.319892, 1, 

Generation #13
15,61,0.001, 0.0102721, 0.0123944, 0.0144059, 0.0451762, 0.107954, 0.116823, 0.54915, 0.777561, 1, 

16,47,0.001, 0.0102721, 0.0123944, 0.0144059, 0.0451762, 0.0787887, 0.132777, 0.288848, 0.319892, 1, 

Generation #14
15,61,0.001, 0.0102721, 0.0123944, 0.0144059, 0.0451762, 0.107954, 0.116823, 0.54915, 0.777561, 1, 

16,47,0.001, 0.0102721, 0.0123944, 0.0144059, 0.0451762, 0.0787887, 0.132777, 0.288848, 0.319892, 1, 

Generation #15
15,61,0.001, 0.0102721, 0.0123944, 0.0144059, 0.0451762, 0.107954, 0.116823, 0.54915, 0.777561, 1, 

16,47,0.001, 0.0102721, 0.0123944, 0.0144059, 0.0451762, 0.0787887, 0.132777, 0.288848, 0.319892, 1, 

Generation #16
16,47,0.001, 0.0102721, 0.0123944, 0.0144059, 0.0451762, 0.0787887, 0.132777, 0.288848, 0.319892, 1, 

15,52,0.001, 0.0102721, 0.0123944, 0.0144059, 0.0371142, 0.107954, 0.116823, 0.138129, 0.319892, 1, 

Generation #17
16,47,0.001, 0.0102721, 0.0123944, 0.0144059, 0.0451762, 0.0787887, 0.132777, 0.288848, 0.319892, 1, 

15,52,0.001, 0.0102721, 0.0123944, 0.0144059, 0.0371142, 0.107954, 0.116823, 0.138129, 0.319892, 1, 

Generation #18
16,47,0.001, 0.0102721, 0.0123944, 0.0144059, 0.0451762, 0.0787887, 0.132777, 0.288848, 0.319892, 1, 

15,52,0.001, 0.0102721, 0.0123944, 0.0144059, 0.0371142, 0.107954, 0.116823, 0.138129, 0.319892, 1, 

Generation #19
16,47,0.001, 0.0102721, 0.0123944, 0.0144059, 0.0451762, 0.0787887, 0.132777, 0.288848, 0.319892, 1, 

15,52,0.001, 0.0102721, 0.0123944, 0.0144059, 0.0371142, 0.107954, 0.116823, 0.138129, 0.319892, 1, 

14,65,0.001, 0.0102721, 0.0123944, 0.0368401, 0.0371142, 0.116823, 0.138129, 1, 

Generation #20
16,47,0.001, 0.0102721, 0.0123944, 0.0144059, 0.0451762, 0.0787887, 0.132777, 0.288848, 0.319892, 1, 

15,52,0.001, 0.0102721, 0.0123944, 0.0144059, 0.0371142, 0.107954, 0.116823, 0.138129, 0.319892, 1, 

14,65,0.001, 0.0102721, 0.0123944, 0.0368401, 0.0371142, 0.116823, 0.138129, 1, 

Generation #21
16,47,0.001, 0.0102721, 0.0123944, 0.0144059, 0.0451762, 0.0787887, 0.132777, 0.288848, 0.319892, 1, 

15,52,0.001, 0.0102721, 0.0123944, 0.0144059, 0.0371142, 0.107954, 0.116823, 0.138129, 0.319892, 1, 

14,63,0.001, 0.0102721, 0.0123944, 0.0144059, 0.0451762, 0.132777, 0.138129, 1, 

Generation #22
16,47,0.001, 0.0102721, 0.0123944, 0.0144059, 0.0451762, 0.0787887, 0.132777, 0.288848, 0.319892, 1, 

15,52,0.001, 0.0102721, 0.0123944, 0.0144059, 0.0371142, 0.107954, 0.116823, 0.138129, 0.319892, 1, 

14,63,0.001, 0.0102721, 0.0123944, 0.0144059, 0.0451762, 0.132777, 0.138129, 1, 

Generation #23
16,47,0.001, 0.0102721, 0.0123944, 0.0144059, 0.0451762, 0.0787887, 0.132777, 0.288848, 0.319892, 1, 

15,52,0.001, 0.0102721, 0.0123944, 0.0144059, 0.0371142, 0.107954, 0.116823, 0.138129, 0.319892, 1, 

14,63,0.001, 0.0102721, 0.0123944, 0.0144059, 0.0451762, 0.132777, 0.138129, 1, 

Generation #24
16,47,0.001, 0.0102721, 0.0123944, 0.0144059, 0.0451762, 0.0787887, 0.132777, 0.288848, 0.319892, 1, 

15,52,0.001, 0.0102721, 0.0123944, 0.0144059, 0.0371142, 0.107954, 0.116823, 0.138129, 0.319892, 1, 

14,63,0.001, 0.0102721, 0.0123944, 0.0144059, 0.0451762, 0.132777, 0.138129, 1, 

Generation #25
16,47,0.001, 0.0102721, 0.0123944, 0.0144059, 0.0451762, 0.0787887, 0.132777, 0.288848, 0.319892, 1, 

15,52,0.001, 0.0102721, 0.0123944, 0.0144059, 0.0371142, 0.107954, 0.116823, 0.138129, 0.319892, 1, 

14,63,0.001, 0.0102721, 0.0123944, 0.0144059, 0.0451762, 0.132777, 0.138129, 1, 

Generation #26
16,47,0.001, 0.0102721, 0.0123944, 0.0144059, 0.0451762, 0.0787887, 0.132777, 0.288848, 0.319892, 1, 

15,52,0.001, 0.0102721, 0.0123944, 0.0144059, 0.0371142, 0.107954, 0.116823, 0.138129, 0.319892, 1, 

14,63,0.001, 0.0102721, 0.0123944, 0.0144059, 0.0451762, 0.132777, 0.138129, 1, 

13,123,0.001, 0.0102721, 0.0123944, 0.0144059, 0.0451762, 0.107954, 1, 

Generation #27
16,47,0.001, 0.0102721, 0.0123944, 0.0144059, 0.0451762, 0.0787887, 0.132777, 0.288848, 0.319892, 1, 

15,52,0.001, 0.0102721, 0.0123944, 0.0144059, 0.0371142, 0.107954, 0.116823, 0.138129, 0.319892, 1, 

14,63,0.001, 0.0102721, 0.0123944, 0.0144059, 0.0451762, 0.132777, 0.138129, 1, 

13,123,0.001, 0.0102721, 0.0123944, 0.0144059, 0.0451762, 0.107954, 1, 

Generation #28
16,47,0.001, 0.0102721, 0.0123944, 0.0144059, 0.0451762, 0.0787887, 0.132777, 0.288848, 0.319892, 1, 

15,52,0.001, 0.0102721, 0.0123944, 0.0144059, 0.0371142, 0.107954, 0.116823, 0.138129, 0.319892, 1, 

14,63,0.001, 0.0102721, 0.0123944, 0.0144059, 0.0451762, 0.132777, 0.138129, 1, 

13,123,0.001, 0.0102721, 0.0123944, 0.0144059, 0.0451762, 0.107954, 1, 

Generation #29
16,47,0.001, 0.0102721, 0.0123944, 0.0144059, 0.0451762, 0.0787887, 0.132777, 0.288848, 0.319892, 1, 

15,52,0.001, 0.0102721, 0.0123944, 0.0144059, 0.0371142, 0.107954, 0.116823, 0.138129, 0.319892, 1, 

14,63,0.001, 0.0102721, 0.0123944, 0.0144059, 0.0451762, 0.132777, 0.138129, 1, 

13,123,0.001, 0.0102721, 0.0123944, 0.0144059, 0.0451762, 0.107954, 1, 

Generation #30
16,47,0.001, 0.0102721, 0.0123944, 0.0144059, 0.0451762, 0.0787887, 0.132777, 0.288848, 0.319892, 1, 

15,52,0.001, 0.0102721, 0.0123944, 0.0144059, 0.0371142, 0.107954, 0.116823, 0.138129, 0.319892, 1, 

14,63,0.001, 0.0102721, 0.0123944, 0.0144059, 0.0451762, 0.132777, 0.138129, 1, 

13,123,0.001, 0.0102721, 0.0123944, 0.0144059, 0.0451762, 0.107954, 1, 

Generation #31
16,47,0.001, 0.0102721, 0.0123944, 0.0144059, 0.0451762, 0.0787887, 0.132777, 0.288848, 0.319892, 1, 

15,52,0.001, 0.0102721, 0.0123944, 0.0144059, 0.0371142, 0.107954, 0.116823, 0.138129, 0.319892, 1, 

14,63,0.001, 0.0102721, 0.0123944, 0.0144059, 0.0451762, 0.132777, 0.138129, 1, 

13,123,0.001, 0.0102721, 0.0123944, 0.0144059, 0.0451762, 0.107954, 1, 

Generation #32
16,47,0.001, 0.0102721, 0.0123944, 0.0144059, 0.0451762, 0.0787887, 0.132777, 0.288848, 0.319892, 1, 

15,52,0.001, 0.0102721, 0.0123944, 0.0144059, 0.0371142, 0.107954, 0.116823, 0.138129, 0.319892, 1, 

14,63,0.001, 0.0102721, 0.0123944, 0.0144059, 0.0451762, 0.132777, 0.138129, 1, 

13,123,0.001, 0.0102721, 0.0123944, 0.0144059, 0.0451762, 0.107954, 1, 

Generation #33
16,47,0.001, 0.0102721, 0.0123944, 0.0144059, 0.0451762, 0.0787887, 0.132777, 0.288848, 0.319892, 1, 

15,52,0.001, 0.0102721, 0.0123944, 0.0144059, 0.0371142, 0.107954, 0.116823, 0.138129, 0.319892, 1, 

14,63,0.001, 0.0102721, 0.0123944, 0.0144059, 0.0451762, 0.132777, 0.138129, 1, 

13,89,0.001, 0.0102721, 0.0123944, 0.0368401, 0.107954, 0.116823, 1, 

Generation #34
16,47,0.001, 0.0102721, 0.0123944, 0.0144059, 0.0451762, 0.0787887, 0.132777, 0.288848, 0.319892, 1, 

15,52,0.001, 0.0102721, 0.0123944, 0.0144059, 0.0371142, 0.107954, 0.116823, 0.138129, 0.319892, 1, 

14,63,0.001, 0.0102721, 0.0123944, 0.0144059, 0.0451762, 0.132777, 0.138129, 1, 

13,89,0.001, 0.0102721, 0.0123944, 0.0368401, 0.107954, 0.116823, 1, 

Generation #35
16,47,0.001, 0.0102721, 0.0123944, 0.0144059, 0.0451762, 0.0787887, 0.132777, 0.288848, 0.319892, 1, 

15,52,0.001, 0.0102721, 0.0123944, 0.0144059, 0.0371142, 0.107954, 0.116823, 0.138129, 0.319892, 1, 

14,63,0.001, 0.0102721, 0.0123944, 0.0144059, 0.0451762, 0.132777, 0.138129, 1, 

13,89,0.001, 0.0102721, 0.0123944, 0.0368401, 0.107954, 0.116823, 1, 

Generation #36
16,47,0.001, 0.0102721, 0.0123944, 0.0144059, 0.0451762, 0.0787887, 0.132777, 0.288848, 0.319892, 1, 

15,52,0.001, 0.0102721, 0.0123944, 0.0144059, 0.0371142, 0.107954, 0.116823, 0.138129, 0.319892, 1, 

14,63,0.001, 0.0102721, 0.0123944, 0.0144059, 0.0451762, 0.132777, 0.138129, 1, 

13,89,0.001, 0.0102721, 0.0123944, 0.0368401, 0.107954, 0.116823, 1, 

Generation #37
16,47,0.001, 0.0102721, 0.0123944, 0.0144059, 0.0451762, 0.0787887, 0.132777, 0.288848, 0.319892, 1, 

15,52,0.001, 0.0102721, 0.0123944, 0.0144059, 0.0371142, 0.107954, 0.116823, 0.138129, 0.319892, 1, 

14,63,0.001, 0.0102721, 0.0123944, 0.0144059, 0.0451762, 0.132777, 0.138129, 1, 

13,89,0.001, 0.0102721, 0.0123944, 0.0368401, 0.107954, 0.116823, 1, 

Generation #38
16,47,0.001, 0.0102721, 0.0123944, 0.0144059, 0.0451762, 0.0787887, 0.132777, 0.288848, 0.319892, 1, 

15,52,0.001, 0.0102721, 0.0123944, 0.0144059, 0.0371142, 0.107954, 0.116823, 0.138129, 0.319892, 1, 

14,63,0.001, 0.0102721, 0.0123944, 0.0144059, 0.0451762, 0.132777, 0.138129, 1, 

13,89,0.001, 0.0102721, 0.0123944, 0.0368401, 0.107954, 0.116823, 1, 

12,125,0.001, 0.0102721, 0.0123944, 0.0144059, 0.107954, 1, 

Generation #39
16,47,0.001, 0.0102721, 0.0123944, 0.0144059, 0.0451762, 0.0787887, 0.132777, 0.288848, 0.319892, 1, 

15,52,0.001, 0.0102721, 0.0123944, 0.0144059, 0.0371142, 0.107954, 0.116823, 0.138129, 0.319892, 1, 

14,63,0.001, 0.0102721, 0.0123944, 0.0144059, 0.0451762, 0.132777, 0.138129, 1, 

13,89,0.001, 0.0102721, 0.0123944, 0.0368401, 0.107954, 0.116823, 1, 

12,125,0.001, 0.0102721, 0.0123944, 0.0144059, 0.107954, 1, 

Generation #40
16,47,0.001, 0.0102721, 0.0123944, 0.0144059, 0.0451762, 0.0787887, 0.132777, 0.288848, 0.319892, 1, 

15,52,0.001, 0.0102721, 0.0123944, 0.0144059, 0.0371142, 0.107954, 0.116823, 0.138129, 0.319892, 1, 

14,63,0.001, 0.0102721, 0.0123944, 0.0144059, 0.0451762, 0.132777, 0.138129, 1, 

13,89,0.001, 0.0102721, 0.0123944, 0.0368401, 0.107954, 0.116823, 1, 

12,125,0.001, 0.0102721, 0.0123944, 0.0144059, 0.107954, 1, 

Generation #41
16,47,0.001, 0.0102721, 0.0123944, 0.0144059, 0.0451762, 0.0787887, 0.132777, 0.288848, 0.319892, 1, 

15,52,0.001, 0.0102721, 0.0123944, 0.0144059, 0.0371142, 0.107954, 0.116823, 0.138129, 0.319892, 1, 

13,89,0.001, 0.0102721, 0.0123944, 0.0368401, 0.107954, 0.116823, 1, 

12,125,0.001, 0.0102721, 0.0123944, 0.0144059, 0.107954, 1, 

14,56,0.001, 0.0102721, 0.0144059, 0.0451762, 0.132777, 0.288848, 0.476902, 1, 

Generation #42
16,47,0.001, 0.0102721, 0.0123944, 0.0144059, 0.0451762, 0.0787887, 0.132777, 0.288848, 0.319892, 1, 

15,52,0.001, 0.0102721, 0.0123944, 0.0144059, 0.0371142, 0.107954, 0.116823, 0.138129, 0.319892, 1, 

13,89,0.001, 0.0102721, 0.0123944, 0.0368401, 0.107954, 0.116823, 1, 

12,125,0.001, 0.0102721, 0.0123944, 0.0144059, 0.107954, 1, 

14,56,0.001, 0.0102721, 0.0144059, 0.0451762, 0.132777, 0.288848, 0.476902, 1, 

Generation #43
13,89,0.001, 0.0102721, 0.0123944, 0.0368401, 0.107954, 0.116823, 1, 

12,125,0.001, 0.0102721, 0.0123944, 0.0144059, 0.107954, 1, 

14,56,0.001, 0.0102721, 0.0144059, 0.0451762, 0.132777, 0.288848, 0.476902, 1, 

15,47,0.001, 0.0102721, 0.0123944, 0.0144059, 0.0371142, 0.107954, 0.116823, 0.138129, 0.319892, 1, 

Generation #44
13,89,0.001, 0.0102721, 0.0123944, 0.0368401, 0.107954, 0.116823, 1, 

12,125,0.001, 0.0102721, 0.0123944, 0.0144059, 0.107954, 1, 

14,56,0.001, 0.0102721, 0.0144059, 0.0451762, 0.132777, 0.288848, 0.476902, 1, 

15,47,0.001, 0.0102721, 0.0123944, 0.0144059, 0.0371142, 0.107954, 0.116823, 0.138129, 0.319892, 1, 

Generation #45
13,89,0.001, 0.0102721, 0.0123944, 0.0368401, 0.107954, 0.116823, 1, 

12,125,0.001, 0.0102721, 0.0123944, 0.0144059, 0.107954, 1, 

14,56,0.001, 0.0102721, 0.0144059, 0.0451762, 0.132777, 0.288848, 0.476902, 1, 

15,47,0.001, 0.0102721, 0.0123944, 0.0144059, 0.0371142, 0.107954, 0.116823, 0.138129, 0.319892, 1, 

Generation #46
12,125,0.001, 0.0102721, 0.0123944, 0.0144059, 0.107954, 1, 

14,56,0.001, 0.0102721, 0.0144059, 0.0451762, 0.132777, 0.288848, 0.476902, 1, 

15,47,0.001, 0.0102721, 0.0123944, 0.0144059, 0.0371142, 0.107954, 0.116823, 0.138129, 0.319892, 1, 

13,84,0.001, 0.0102721, 0.0123944, 0.0144059, 0.0451762, 0.0787887, 1, 

Generation #47
12,125,0.001, 0.0102721, 0.0123944, 0.0144059, 0.107954, 1, 

14,56,0.001, 0.0102721, 0.0144059, 0.0451762, 0.132777, 0.288848, 0.476902, 1, 

15,47,0.001, 0.0102721, 0.0123944, 0.0144059, 0.0371142, 0.107954, 0.116823, 0.138129, 0.319892, 1, 

13,84,0.001, 0.0102721, 0.0123944, 0.0144059, 0.0451762, 0.0787887, 1, 

Generation #48
12,125,0.001, 0.0102721, 0.0123944, 0.0144059, 0.107954, 1, 

15,47,0.001, 0.0102721, 0.0123944, 0.0144059, 0.0371142, 0.107954, 0.116823, 0.138129, 0.319892, 1, 

13,84,0.001, 0.0102721, 0.0123944, 0.0144059, 0.0451762, 0.0787887, 1, 

14,49,0.001, 0.0102721, 0.0123944, 0.0368401, 0.0371142, 0.0787887, 0.132777, 0.319892, 1, 

Generation #49
12,125,0.001, 0.0102721, 0.0123944, 0.0144059, 0.107954, 1, 

15,47,0.001, 0.0102721, 0.0123944, 0.0144059, 0.0371142, 0.107954, 0.116823, 0.138129, 0.319892, 1, 

13,84,0.001, 0.0102721, 0.0123944, 0.0144059, 0.0451762, 0.0787887, 1, 

14,49,0.001, 0.0102721, 0.0123944, 0.0368401, 0.0371142, 0.0787887, 0.132777, 0.319892, 1, 

--- Pareto Front Solutions ---
Solution 0: N total=30 (N_initial=18, N_added=12), Time total=129 ms, Saved to: ./results/2^30_t2_l2_pareto_0.csv, percents=0.001, 0.0102721, 0.0123944, 0.0144059, 0.107954, 1, 

Solution 1: N total=33 (N_initial=18, N_added=15), Time total=51 ms, Saved to: ./results/2^30_t2_l2_pareto_1.csv, percents=0.001, 0.0102721, 0.0123944, 0.0144059, 0.0371142, 0.107954, 0.116823, 0.138129, 0.319892, 1, 

Solution 2: N total=31 (N_initial=18, N_added=13), Time total=88 ms, Saved to: ./results/2^30_t2_l2_pareto_2.csv, percents=0.001, 0.0102721, 0.0123944, 0.0144059, 0.0451762, 0.0787887, 1, 

Solution 3: N total=32 (N_initial=18, N_added=14), Time total=53 ms, Saved to: ./results/2^30_t2_l2_pareto_3.csv, percents=0.001, 0.0102721, 0.0123944, 0.0368401, 0.0371142, 0.0787887, 0.132777, 0.319892, 1, 

------------d=1, t=2, lambda=3, filename=./evaluation/2^30-t2_l3.csv------------
Grouping d-sets by partitioned row counts for detecting arrays...
Ready to look at pairs for detecting arrays...
First Stage N=24, Time=3
There are 6315 remaining non-locating pairs
--- Running GA Algorithm (phase2) ---
Running GA with std::execution::par
Generation #0
22,98,0.001, 0.00575703, 0.0377912, 0.191124, 0.220482, 0.237267, 0.25573, 0.267748, 0.331988, 0.656146, 0.692401, 0.790587, 0.873662, 0.981818, 0.989962, 1, 

20,232,0.001, 0.0364015, 0.104251, 0.120229, 0.134556, 0.163266, 0.490378, 0.58111, 0.583255, 0.586245, 0.63336, 0.762827, 0.766723, 1, 

19,364,0.001, 0.0690935, 0.14568, 0.36482, 0.570806, 0.608527, 0.735071, 0.741261, 0.866824, 0.979038, 0.983057, 1, 

18,776,0.001, 0.152898, 0.36292, 0.387382, 0.423135, 0.469126, 0.507159, 0.598811, 0.748639, 0.818643, 1, 

Generation #1
18,171,0.001, 0.0404497, 0.0440197, 0.0901528, 0.153973, 0.179921, 0.18219, 0.583255, 0.586245, 0.63336, 0.762827, 0.766723, 1, 

19,151,0.001, 0.0214849, 0.0370978, 0.0661816, 0.107961, 0.136316, 0.157262, 0.253813, 0.286105, 0.325371, 0.325919, 1, 

20,63,0.001, 0.00839734, 0.0331969, 0.104452, 0.134556, 0.163266, 0.490378, 0.58111, 0.583255, 0.586245, 0.63336, 0.762827, 0.766723, 1, 

17,258,0.001, 0.00426931, 0.108214, 0.141056, 0.154799, 0.173752, 0.224288, 0.248481, 0.349786, 0.389362, 0.4367, 1, 

Generation #2
20,63,0.001, 0.00839734, 0.0331969, 0.104452, 0.134556, 0.163266, 0.490378, 0.58111, 0.583255, 0.586245, 0.63336, 0.762827, 0.766723, 1, 

17,258,0.001, 0.00426931, 0.108214, 0.141056, 0.154799, 0.173752, 0.224288, 0.248481, 0.349786, 0.389362, 0.4367, 1, 

19,100,0.001, 0.0253663, 0.0404497, 0.0440197, 0.0901528, 0.153973, 0.179921, 0.18219, 0.198125, 0.199513, 0.261773, 0.524163, 1, 

18,118,0.001, 0.0153742, 0.0300797, 0.0409888, 0.459874, 0.485513, 0.562435, 0.690768, 0.802858, 0.84836, 0.928603, 1, 

Generation #3
20,63,0.001, 0.00839734, 0.0331969, 0.104452, 0.134556, 0.163266, 0.490378, 0.58111, 0.583255, 0.586245, 0.63336, 0.762827, 0.766723, 1, 

19,100,0.001, 0.0253663, 0.0404497, 0.0440197, 0.0901528, 0.153973, 0.179921, 0.18219, 0.198125, 0.199513, 0.261773, 0.524163, 1, 

18,113,0.001, 0.0153742, 0.0300797, 0.104452, 0.134556, 0.163266, 0.490378, 0.58111, 0.583255, 0.586245, 0.63336, 0.868657, 1, 

16,122,0.001, 0.0253663, 0.0404497, 0.0440197, 0.203491, 0.232358, 0.341456, 0.385215, 0.53623, 0.861966, 1, 

Generation #4
20,63,0.001, 0.00839734, 0.0331969, 0.104452, 0.134556, 0.163266, 0.490378, 0.58111, 0.583255, 0.586245, 0.63336, 0.762827, 0.766723, 1, 

16,122,0.001, 0.0253663, 0.0404497, 0.0440197, 0.203491, 0.232358, 0.341456, 0.385215, 0.53623, 0.861966, 1, 

18,73,0.001, 0.00839734, 0.0331969, 0.104452, 0.179356, 0.203914, 0.212273, 0.384562, 0.548277, 0.762827, 0.766723, 1, 

17,119,0.001, 0.0253663, 0.0404497, 0.0661816, 0.107961, 0.136316, 0.288699, 0.253813, 0.325371, 0.766723, 1, 

Generation #5
20,63,0.001, 0.00839734, 0.0331969, 0.104452, 0.134556, 0.163266, 0.490378, 0.58111, 0.583255, 0.586245, 0.63336, 0.762827, 0.766723, 1, 

16,122,0.001, 0.0253663, 0.0404497, 0.0440197, 0.203491, 0.232358, 0.341456, 0.385215, 0.53623, 0.861966, 1, 

17,64,0.001, 0.00839734, 0.0331969, 0.104452, 0.154799, 0.173752, 0.507159, 0.598811, 0.748639, 0.818643, 1, 

Generation #6
20,63,0.001, 0.00839734, 0.0331969, 0.104452, 0.134556, 0.163266, 0.490378, 0.58111, 0.583255, 0.586245, 0.63336, 0.762827, 0.766723, 1, 

17,64,0.001, 0.00839734, 0.0331969, 0.104452, 0.154799, 0.173752, 0.507159, 0.598811, 0.748639, 0.818643, 1, 

16,91,0.001, 0.0253663, 0.0404497, 0.0440197, 0.0901528, 0.153973, 0.179921, 0.18219, 0.199513, 0.928603, 1, 

Generation #7
20,63,0.001, 0.00839734, 0.0331969, 0.104452, 0.134556, 0.163266, 0.490378, 0.58111, 0.583255, 0.586245, 0.63336, 0.762827, 0.766723, 1, 

17,64,0.001, 0.00839734, 0.0331969, 0.104452, 0.154799, 0.173752, 0.507159, 0.598811, 0.748639, 0.818643, 1, 

16,91,0.001, 0.0253663, 0.0404497, 0.0440197, 0.0901528, 0.153973, 0.179921, 0.18219, 0.199513, 0.928603, 1, 

Generation #8
20,63,0.001, 0.00839734, 0.0331969, 0.104452, 0.134556, 0.163266, 0.490378, 0.58111, 0.583255, 0.586245, 0.63336, 0.762827, 0.766723, 1, 

17,64,0.001, 0.00839734, 0.0331969, 0.104452, 0.154799, 0.173752, 0.507159, 0.598811, 0.748639, 0.818643, 1, 

16,88,0.001, 0.00839734, 0.0331969, 0.104452, 0.134556, 0.163266, 0.490378, 0.58111, 0.586245, 1, 

Generation #9
20,63,0.001, 0.00839734, 0.0331969, 0.104452, 0.134556, 0.163266, 0.490378, 0.58111, 0.583255, 0.586245, 0.63336, 0.762827, 0.766723, 1, 

17,64,0.001, 0.00839734, 0.0331969, 0.104452, 0.154799, 0.173752, 0.507159, 0.598811, 0.748639, 0.818643, 1, 

16,81,0.001, 0.00839734, 0.0331969, 0.104452, 0.134556, 0.163266, 0.248481, 0.349786, 0.389362, 0.4367, 1, 

Generation #10
16,81,0.001, 0.00839734, 0.0331969, 0.104452, 0.134556, 0.163266, 0.248481, 0.349786, 0.389362, 0.4367, 1, 

15,140,0.001, 0.00839734, 0.0331969, 0.104452, 0.134556, 0.163266, 0.58111, 0.198125, 1, 

17,52,0.001, 0.00839734, 0.0404497, 0.0661816, 0.107961, 0.163266, 0.490378, 0.690768, 0.802858, 0.84836, 0.928603, 1, 

Generation #11
16,81,0.001, 0.00839734, 0.0331969, 0.104452, 0.134556, 0.163266, 0.248481, 0.349786, 0.389362, 0.4367, 1, 

17,52,0.001, 0.00839734, 0.0404497, 0.0661816, 0.107961, 0.163266, 0.490378, 0.690768, 0.802858, 0.84836, 0.928603, 1, 

15,84,0.001, 0.00839734, 0.0331969, 0.104452, 0.134556, 0.163266, 0.490378, 0.58111, 0.198125, 0.818643, 1, 

Generation #12
17,52,0.001, 0.00839734, 0.0404497, 0.0661816, 0.107961, 0.163266, 0.490378, 0.690768, 0.802858, 0.84836, 0.928603, 1, 

15,84,0.001, 0.00839734, 0.0331969, 0.104452, 0.134556, 0.163266, 0.490378, 0.58111, 0.198125, 0.818643, 1, 

16,68,0.001, 0.0153742, 0.0300797, 0.104452, 0.0901528, 0.153973, 0.179921, 0.18219, 0.198125, 0.199513, 1, 

Generation #13
17,52,0.001, 0.00839734, 0.0404497, 0.0661816, 0.107961, 0.163266, 0.490378, 0.690768, 0.802858, 0.84836, 0.928603, 1, 

15,84,0.001, 0.00839734, 0.0331969, 0.104452, 0.134556, 0.163266, 0.490378, 0.58111, 0.198125, 0.818643, 1, 

16,68,0.001, 0.0153742, 0.0300797, 0.104452, 0.0901528, 0.153973, 0.179921, 0.18219, 0.198125, 0.199513, 1, 

Generation #14
17,52,0.001, 0.00839734, 0.0404497, 0.0661816, 0.107961, 0.163266, 0.490378, 0.690768, 0.802858, 0.84836, 0.928603, 1, 

15,84,0.001, 0.00839734, 0.0331969, 0.104452, 0.134556, 0.163266, 0.490378, 0.58111, 0.198125, 0.818643, 1, 

16,66,0.001, 0.00839734, 0.0331969, 0.104452, 0.203491, 0.173752, 0.0596472, 0.349786, 0.818643, 1, 

Generation #15
16,66,0.001, 0.00839734, 0.0331969, 0.104452, 0.203491, 0.173752, 0.0596472, 0.349786, 0.818643, 1, 

14,83,0.001, 0.00839734, 0.0331969, 0.0440197, 0.203491, 0.163266, 0.58111, 0.198125, 1, 

17,46,0.001, 0.00839734, 0.0331969, 0.0440197, 0.0901528, 0.173752, 0.0596472, 0.248481, 0.349786, 0.389362, 0.4367, 1, 

15,74,0.001, 0.00839734, 0.0331969, 0.0440197, 0.203491, 0.0596472, 0.248481, 0.349786, 0.818643, 1, 

Generation #16
16,66,0.001, 0.00839734, 0.0331969, 0.104452, 0.203491, 0.173752, 0.0596472, 0.349786, 0.818643, 1, 

14,83,0.001, 0.00839734, 0.0331969, 0.0440197, 0.203491, 0.163266, 0.58111, 0.198125, 1, 

17,46,0.001, 0.00839734, 0.0331969, 0.0440197, 0.0901528, 0.173752, 0.0596472, 0.248481, 0.349786, 0.389362, 0.4367, 1, 

15,74,0.001, 0.00839734, 0.0331969, 0.0440197, 0.203491, 0.0596472, 0.248481, 0.349786, 0.818643, 1, 

Generation #17
16,66,0.001, 0.00839734, 0.0331969, 0.104452, 0.203491, 0.173752, 0.0596472, 0.349786, 0.818643, 1, 

17,46,0.001, 0.00839734, 0.0331969, 0.0440197, 0.0901528, 0.173752, 0.0596472, 0.248481, 0.349786, 0.389362, 0.4367, 1, 

14,81,0.001, 0.00839734, 0.0404497, 0.0661816, 0.107961, 0.163266, 0.119787, 0.164466, 1, 

15,67,0.001, 0.00839734, 0.0331969, 0.104452, 0.134556, 0.163266, 0.490378, 0.58111, 0.818643, 1, 

Generation #18
17,46,0.001, 0.00839734, 0.0331969, 0.0440197, 0.0901528, 0.173752, 0.0596472, 0.248481, 0.349786, 0.389362, 0.4367, 1, 

14,81,0.001, 0.00839734, 0.0404497, 0.0661816, 0.107961, 0.163266, 0.119787, 0.164466, 1, 

15,67,0.001, 0.00839734, 0.0331969, 0.104452, 0.134556, 0.163266, 0.490378, 0.58111, 0.818643, 1, 

16,60,0.001, 0.00839734, 0.0331969, 0.0440197, 0.0901528, 0.173752, 0.0596472, 0.248481, 0.349786, 0.389362, 0.4367, 1, 

Generation #19
17,46,0.001, 0.00839734, 0.0331969, 0.0440197, 0.0901528, 0.173752, 0.0596472, 0.248481, 0.349786, 0.389362, 0.4367, 1, 

14,81,0.001, 0.00839734, 0.0404497, 0.0661816, 0.107961, 0.163266, 0.119787, 0.164466, 1, 

15,67,0.001, 0.00839734, 0.0331969, 0.104452, 0.134556, 0.163266, 0.490378, 0.58111, 0.818643, 1, 

13,99,0.001, 0.00839734, 0.0331969, 0.104452, 0.076944, 0.0875245, 0.164466, 1, 

16,55,0.001, 0.00839734, 0.0331969, 0.104452, 0.153973, 0.179921, 0.164466, 0.186378, 0.289682, 1, 

Generation #20
17,46,0.001, 0.00839734, 0.0331969, 0.0440197, 0.0901528, 0.173752, 0.0596472, 0.248481, 0.349786, 0.389362, 0.4367, 1, 

15,67,0.001, 0.00839734, 0.0331969, 0.104452, 0.134556, 0.163266, 0.490378, 0.58111, 0.818643, 1, 

16,55,0.001, 0.00839734, 0.0331969, 0.104452, 0.153973, 0.179921, 0.164466, 0.186378, 0.289682, 1, 

13,68,0.001, 0.00839734, 0.0404497, 0.0661816, 0.107961, 0.0875245, 0.119787, 0.164466, 1, 

Generation #21
17,46,0.001, 0.00839734, 0.0331969, 0.0440197, 0.0901528, 0.173752, 0.0596472, 0.248481, 0.349786, 0.389362, 0.4367, 1, 

13,60,0.001, 0.00839734, 0.0331969, 0.0440197, 0.0901528, 0.173752, 0.226182, 1, 

16,53,0.001, 0.00839734, 0.0331969, 0.0440197, 0.0901528, 0.153973, 0.179921, 0.609586, 0.199513, 0.928603, 1, 

15,56,0.001, 0.00839734, 0.0331969, 0.104452, 0.076944, 0.0875245, 0.0596472, 0.349786, 1, 

Generation #22
17,46,0.001, 0.00839734, 0.0331969, 0.0440197, 0.0901528, 0.173752, 0.0596472, 0.248481, 0.349786, 0.389362, 0.4367, 1, 

13,60,0.001, 0.00839734, 0.0331969, 0.0440197, 0.0901528, 0.173752, 0.226182, 1, 

16,53,0.001, 0.00839734, 0.0331969, 0.0440197, 0.0901528, 0.153973, 0.179921, 0.609586, 0.199513, 0.928603, 1, 

15,56,0.001, 0.00839734, 0.0331969, 0.104452, 0.076944, 0.0875245, 0.0596472, 0.349786, 1, 

Generation #23
17,46,0.001, 0.00839734, 0.0331969, 0.0440197, 0.0901528, 0.173752, 0.0596472, 0.248481, 0.349786, 0.389362, 0.4367, 1, 

13,60,0.001, 0.00839734, 0.0331969, 0.0440197, 0.0901528, 0.173752, 0.226182, 1, 

16,53,0.001, 0.00839734, 0.0331969, 0.0440197, 0.0901528, 0.153973, 0.179921, 0.609586, 0.199513, 0.928603, 1, 

15,56,0.001, 0.00839734, 0.0331969, 0.104452, 0.076944, 0.0875245, 0.0596472, 0.349786, 1, 

Generation #24
17,46,0.001, 0.00839734, 0.0331969, 0.0440197, 0.0901528, 0.173752, 0.0596472, 0.248481, 0.349786, 0.389362, 0.4367, 1, 

13,60,0.001, 0.00839734, 0.0331969, 0.0440197, 0.0901528, 0.173752, 0.226182, 1, 

16,53,0.001, 0.00839734, 0.0331969, 0.0440197, 0.0901528, 0.153973, 0.179921, 0.609586, 0.199513, 0.928603, 1, 

15,56,0.001, 0.00839734, 0.0331969, 0.104452, 0.076944, 0.0875245, 0.0596472, 0.349786, 1, 

Generation #25
17,46,0.001, 0.00839734, 0.0331969, 0.0440197, 0.0901528, 0.173752, 0.0596472, 0.248481, 0.349786, 0.389362, 0.4367, 1, 

13,60,0.001, 0.00839734, 0.0331969, 0.0440197, 0.0901528, 0.173752, 0.226182, 1, 

16,53,0.001, 0.00839734, 0.0331969, 0.0440197, 0.0901528, 0.153973, 0.179921, 0.609586, 0.199513, 0.928603, 1, 

15,56,0.001, 0.00839734, 0.0331969, 0.104452, 0.076944, 0.0875245, 0.0596472, 0.349786, 1, 

Generation #26
13,60,0.001, 0.00839734, 0.0331969, 0.0440197, 0.0901528, 0.173752, 0.226182, 1, 

15,56,0.001, 0.00839734, 0.0331969, 0.104452, 0.076944, 0.0875245, 0.0596472, 0.349786, 1, 

16,46,0.001, 0.00839734, 0.0331969, 0.0440197, 0.0901528, 0.173752, 0.0596472, 0.248481, 0.349786, 0.389362, 1, 

Generation #27
13,46,0.001, 0.00839734, 0.0331969, 0.0440197, 0.0901528, 0.173752, 0.170907, 1, 

Generation #28
13,46,0.001, 0.00839734, 0.0331969, 0.0440197, 0.0901528, 0.173752, 0.170907, 1, 

Generation #29
13,46,0.001, 0.00839734, 0.0331969, 0.0440197, 0.0901528, 0.173752, 0.170907, 1, 

Generation #30
13,46,0.001, 0.00839734, 0.0331969, 0.0440197, 0.0901528, 0.173752, 0.170907, 1, 

15,45,0.001, 0.00287736, 0.00839734, 0.0331969, 0.076944, 0.0875245, 0.0596472, 0.349786, 1, 

Generation #31
13,46,0.001, 0.00839734, 0.0331969, 0.0440197, 0.0901528, 0.173752, 0.170907, 1, 

15,45,0.001, 0.00287736, 0.00839734, 0.0331969, 0.076944, 0.0875245, 0.0596472, 0.349786, 1, 

Generation #32
13,46,0.001, 0.00839734, 0.0331969, 0.0440197, 0.0901528, 0.173752, 0.170907, 1, 

15,45,0.001, 0.00287736, 0.00839734, 0.0331969, 0.076944, 0.0875245, 0.0596472, 0.349786, 1, 

Generation #33
13,46,0.001, 0.00839734, 0.0331969, 0.0440197, 0.0901528, 0.173752, 0.170907, 1, 

15,45,0.001, 0.00287736, 0.00839734, 0.0331969, 0.076944, 0.0875245, 0.0596472, 0.349786, 1, 

Generation #34
13,46,0.001, 0.00839734, 0.0331969, 0.0440197, 0.0901528, 0.173752, 0.170907, 1, 

15,45,0.001, 0.00287736, 0.00839734, 0.0331969, 0.076944, 0.0875245, 0.0596472, 0.349786, 1, 

Generation #35
13,42,0.001, 0.00839734, 0.0190228, 0.0440197, 0.0901528, 0.0596472, 0.248481, 1, 

Generation #36
13,42,0.001, 0.00839734, 0.0190228, 0.0440197, 0.0901528, 0.0596472, 0.248481, 1, 

15,41,0.001, 0.00839734, 0.0331969, 0.0440197, 0.0901528, 0.0875245, 0.164466, 0.349786, 1, 

12,100,0.001, 0.0190228, 0.0440197, 0.076944, 0.119787, 0.226182, 1, 

Generation #37
13,42,0.001, 0.00839734, 0.0190228, 0.0440197, 0.0901528, 0.0596472, 0.248481, 1, 

15,41,0.001, 0.00839734, 0.0331969, 0.0440197, 0.0901528, 0.0875245, 0.164466, 0.349786, 1, 

12,55,0.001, 0.00839734, 0.0331969, 0.0440197, 0.0901528, 0.0596472, 0.248481, 1, 

Generation #38
13,42,0.001, 0.00839734, 0.0190228, 0.0440197, 0.0901528, 0.0596472, 0.248481, 1, 

15,41,0.001, 0.00839734, 0.0331969, 0.0440197, 0.0901528, 0.0875245, 0.164466, 0.349786, 1, 

12,55,0.001, 0.00839734, 0.0331969, 0.0440197, 0.0901528, 0.0596472, 0.248481, 1, 

Generation #39
12,37,0.001, 0.00287736, 0.00839734, 0.0440197, 0.0901528, 0.173752, 0.226182, 1, 

Generation #40
12,37,0.001, 0.00287736, 0.00839734, 0.0440197, 0.0901528, 0.173752, 0.226182, 1, 

14,34,0.001, 0.00839734, 0.0190228, 0.0440197, 0.0901528, 0.0596472, 0.248481, 0.548277, 1, 

Generation #41
12,37,0.001, 0.00287736, 0.00839734, 0.0440197, 0.0901528, 0.173752, 0.226182, 1, 

14,34,0.001, 0.00839734, 0.0190228, 0.0440197, 0.0901528, 0.0596472, 0.248481, 0.548277, 1, 

Generation #42
12,37,0.001, 0.00287736, 0.00839734, 0.0440197, 0.0901528, 0.173752, 0.226182, 1, 

14,34,0.001, 0.00839734, 0.0190228, 0.0440197, 0.0901528, 0.0596472, 0.248481, 0.548277, 1, 

Generation #43
12,37,0.001, 0.00287736, 0.00839734, 0.0440197, 0.0901528, 0.173752, 0.226182, 1, 

14,34,0.001, 0.00839734, 0.0190228, 0.0440197, 0.0901528, 0.0596472, 0.248481, 0.548277, 1, 

Generation #44
12,37,0.001, 0.00287736, 0.00839734, 0.0440197, 0.0901528, 0.173752, 0.226182, 1, 

14,34,0.001, 0.00839734, 0.0190228, 0.0440197, 0.0901528, 0.0596472, 0.248481, 0.548277, 1, 

Generation #45
12,37,0.001, 0.00287736, 0.00839734, 0.0440197, 0.0901528, 0.173752, 0.226182, 1, 

14,34,0.001, 0.00839734, 0.0190228, 0.0440197, 0.0901528, 0.0596472, 0.248481, 0.548277, 1, 

Generation #46
12,37,0.001, 0.00287736, 0.00839734, 0.0440197, 0.0901528, 0.173752, 0.226182, 1, 

14,34,0.001, 0.00839734, 0.0190228, 0.0440197, 0.0901528, 0.0596472, 0.248481, 0.548277, 1, 

Generation #47
12,37,0.001, 0.00287736, 0.00839734, 0.0440197, 0.0901528, 0.173752, 0.226182, 1, 

14,34,0.001, 0.00839734, 0.0190228, 0.0440197, 0.0901528, 0.0596472, 0.248481, 0.548277, 1, 

Generation #48
12,37,0.001, 0.00287736, 0.00839734, 0.0440197, 0.0901528, 0.173752, 0.226182, 1, 

14,34,0.001, 0.00839734, 0.0190228, 0.0440197, 0.0901528, 0.0596472, 0.248481, 0.548277, 1, 

Generation #49
12,37,0.001, 0.00287736, 0.00839734, 0.0440197, 0.0901528, 0.173752, 0.226182, 1, 

14,34,0.001, 0.00839734, 0.0190228, 0.0440197, 0.0901528, 0.0596472, 0.248481, 0.548277, 1, 

--- Pareto Front Solutions ---
Solution 0: N total=36 (N_initial=24, N_added=12), Time total=40 ms, Saved to: ./results/2^30_t2_l3_pareto_0.csv, percents=0.001, 0.00287736, 0.00839734, 0.0440197, 0.0901528, 0.173752, 0.226182, 1, 

Solution 1: N total=38 (N_initial=24, N_added=14), Time total=37 ms, Saved to: ./results/2^30_t2_l3_pareto_1.csv, percents=0.001, 0.00839734, 0.0190228, 0.0440197, 0.0901528, 0.0596472, 0.248481, 0.548277, 1, 

------------d=1, t=2, lambda=4, filename=./evaluation/2^30-t2_l4.csv------------
Grouping d-sets by partitioned row counts for detecting arrays...
Ready to look at pairs for detecting arrays...
First Stage N=28, Time=7
There are 27441 remaining non-locating pairs
--- Running GA Algorithm (phase2) ---
Running GA with std::execution::par
Generation #0
21,613,0.001, 0.0262755, 0.111946, 0.299561, 0.334776, 0.350619, 0.401978, 0.420936, 0.692325, 0.80865, 1, 

32,419,0.001, 0.0193567, 0.0824344, 0.110987, 0.126531, 0.164509, 0.265131, 0.280832, 0.29833, 0.449757, 0.467985, 0.620962, 0.647927, 0.672488, 0.686269, 0.704493, 0.72807, 0.737363, 0.772713, 0.792363, 0.79522, 0.863081, 0.982501, 1, 

36,389,0.001, 0.0164415, 0.0282576, 0.042768, 0.083227, 0.196126, 0.274633, 0.370938, 0.375602, 0.378986, 0.428081, 0.46829, 0.524331, 0.529171, 0.698056, 0.769161, 0.779135, 0.804967, 0.813432, 0.849742, 0.851272, 0.883735, 0.884613, 0.925505, 0.999752, 1, 

25,533,0.001, 0.00590851, 0.0487124, 0.0973533, 0.159057, 0.165241, 0.337862, 0.350944, 0.437999, 0.480753, 0.589837, 0.61243, 0.785141, 0.791502, 0.851077, 0.86403, 1, 

22,585,0.001, 0.0570293, 0.0809323, 0.139771, 0.144119, 0.25965, 0.517875, 0.535748, 0.609053, 0.616245, 0.707392, 0.789944, 0.816037, 1, 

Generation #1
20,200,0.001, 0.00590851, 0.0487124, 0.0973533, 0.159057, 0.165241, 0.337862, 0.841693, 0.860969, 0.86287, 0.962822, 1, 

Generation #2
20,157,0.001, 0.0164415, 0.0282576, 0.042768, 0.083227, 0.196126, 0.274633, 0.420936, 0.692325, 0.80865, 1, 

19,340,0.001, 0.0401509, 0.107736, 0.145593, 0.163883, 0.624797, 0.787089, 0.81315, 0.846485, 1, 

Generation #3
20,157,0.001, 0.0164415, 0.0282576, 0.042768, 0.083227, 0.196126, 0.274633, 0.420936, 0.692325, 0.80865, 1, 

19,185,0.001, 0.0111494, 0.0564521, 0.0699002, 0.159057, 0.165241, 0.337862, 0.692325, 0.80865, 1, 

22,134,0.001, 0.00590851, 0.0487124, 0.0973533, 0.159057, 0.25965, 0.517875, 0.535748, 0.609053, 0.616245, 0.707392, 0.789944, 0.816037, 1, 

21,135,0.001, 0.0111494, 0.0564521, 0.0699002, 0.122395, 0.130507, 0.747968, 0.790929, 0.937064, 0.963706, 1, 

Generation #4
20,157,0.001, 0.0164415, 0.0282576, 0.042768, 0.083227, 0.196126, 0.274633, 0.420936, 0.692325, 0.80865, 1, 

19,185,0.001, 0.0111494, 0.0564521, 0.0699002, 0.159057, 0.165241, 0.337862, 0.692325, 0.80865, 1, 

22,134,0.001, 0.00590851, 0.0487124, 0.0973533, 0.159057, 0.25965, 0.517875, 0.535748, 0.609053, 0.616245, 0.707392, 0.789944, 0.816037, 1, 

21,135,0.001, 0.0111494, 0.0564521, 0.0699002, 0.122395, 0.130507, 0.747968, 0.790929, 0.937064, 0.963706, 1, 

18,225,0.001, 0.0111494, 0.0564521, 0.0699002, 0.122395, 0.15159, 0.81315, 0.846485, 1, 

Generation #5
22,134,0.001, 0.00590851, 0.0487124, 0.0973533, 0.159057, 0.25965, 0.517875, 0.535748, 0.609053, 0.616245, 0.707392, 0.789944, 0.816037, 1, 

21,135,0.001, 0.0111494, 0.0564521, 0.0699002, 0.122395, 0.130507, 0.747968, 0.790929, 0.937064, 0.963706, 1, 

18,146,0.001, 0.0111494, 0.0564521, 0.0699002, 0.122395, 0.130507, 0.465743, 0.563478, 0.626895, 1, 

Generation #6
22,134,0.001, 0.00590851, 0.0487124, 0.0973533, 0.159057, 0.25965, 0.517875, 0.535748, 0.609053, 0.616245, 0.707392, 0.789944, 0.816037, 1, 

21,135,0.001, 0.0111494, 0.0564521, 0.0699002, 0.122395, 0.130507, 0.747968, 0.790929, 0.937064, 0.963706, 1, 

18,146,0.001, 0.0111494, 0.0564521, 0.0699002, 0.122395, 0.130507, 0.465743, 0.563478, 0.626895, 1, 

Generation #7
22,134,0.001, 0.00590851, 0.0487124, 0.0973533, 0.159057, 0.25965, 0.517875, 0.535748, 0.609053, 0.616245, 0.707392, 0.789944, 0.816037, 1, 

21,135,0.001, 0.0111494, 0.0564521, 0.0699002, 0.122395, 0.130507, 0.747968, 0.790929, 0.937064, 0.963706, 1, 

18,146,0.001, 0.0111494, 0.0564521, 0.0699002, 0.122395, 0.130507, 0.465743, 0.563478, 0.626895, 1, 

Generation #8
17,231,0.001, 0.0111494, 0.0564521, 0.0699002, 0.122395, 0.130507, 0.81315, 0.846485, 1, 

18,138,0.001, 0.0111494, 0.0564521, 0.0973533, 0.159057, 0.210663, 0.233823, 0.388706, 1, 

19,133,0.001, 0.0111494, 0.0564521, 0.0699002, 0.122395, 0.130507, 0.15159, 0.17231, 0.181689, 0.80865, 1, 

Generation #9
17,231,0.001, 0.0111494, 0.0564521, 0.0699002, 0.122395, 0.130507, 0.81315, 0.846485, 1, 

18,138,0.001, 0.0111494, 0.0564521, 0.0973533, 0.159057, 0.210663, 0.233823, 0.388706, 1, 

19,133,0.001, 0.0111494, 0.0564521, 0.0699002, 0.122395, 0.130507, 0.15159, 0.17231, 0.181689, 0.80865, 1, 

Generation #10
17,231,0.001, 0.0111494, 0.0564521, 0.0699002, 0.122395, 0.130507, 0.81315, 0.846485, 1, 

18,138,0.001, 0.0111494, 0.0564521, 0.0973533, 0.159057, 0.210663, 0.233823, 0.388706, 1, 

19,133,0.001, 0.0111494, 0.0564521, 0.0699002, 0.122395, 0.130507, 0.15159, 0.17231, 0.181689, 0.80865, 1, 

Generation #11
18,138,0.001, 0.0111494, 0.0564521, 0.0973533, 0.159057, 0.210663, 0.233823, 0.388706, 1, 

19,133,0.001, 0.0111494, 0.0564521, 0.0699002, 0.122395, 0.130507, 0.15159, 0.17231, 0.181689, 0.80865, 1, 

17,196,0.001, 0.0111494, 0.0564521, 0.0973533, 0.267349, 0.159057, 0.210663, 0.233823, 1, 

Generation #12
18,138,0.001, 0.0111494, 0.0564521, 0.0973533, 0.159057, 0.210663, 0.233823, 0.388706, 1, 

19,133,0.001, 0.0111494, 0.0564521, 0.0699002, 0.122395, 0.130507, 0.15159, 0.17231, 0.181689, 0.80865, 1, 

17,196,0.001, 0.0111494, 0.0564521, 0.0973533, 0.267349, 0.159057, 0.210663, 0.233823, 1, 

16,213,0.001, 0.00590851, 0.0487124, 0.159057, 0.0311839, 0.165241, 0.337862, 1, 

Generation #13
18,138,0.001, 0.0111494, 0.0564521, 0.0973533, 0.159057, 0.210663, 0.233823, 0.388706, 1, 

19,133,0.001, 0.0111494, 0.0564521, 0.0699002, 0.122395, 0.130507, 0.15159, 0.17231, 0.181689, 0.80865, 1, 

17,196,0.001, 0.0111494, 0.0564521, 0.0973533, 0.267349, 0.159057, 0.210663, 0.233823, 1, 

16,213,0.001, 0.00590851, 0.0487124, 0.159057, 0.0311839, 0.165241, 0.337862, 1, 

Generation #14
18,138,0.001, 0.0111494, 0.0564521, 0.0973533, 0.159057, 0.210663, 0.233823, 0.388706, 1, 

19,133,0.001, 0.0111494, 0.0564521, 0.0699002, 0.122395, 0.130507, 0.15159, 0.17231, 0.181689, 0.80865, 1, 

17,153,0.001, 0.0111494, 0.0564521, 0.0699002, 0.122395, 0.130507, 0.465743, 0.846485, 1, 

16,156,0.001, 0.00590851, 0.0564521, 0.0973533, 0.159057, 0.210663, 0.233823, 1, 

Generation #15
18,138,0.001, 0.0111494, 0.0564521, 0.0973533, 0.159057, 0.210663, 0.233823, 0.388706, 1, 

19,133,0.001, 0.0111494, 0.0564521, 0.0699002, 0.122395, 0.130507, 0.15159, 0.17231, 0.181689, 0.80865, 1, 

17,153,0.001, 0.0111494, 0.0564521, 0.0699002, 0.122395, 0.130507, 0.465743, 0.846485, 1, 

16,156,0.001, 0.00590851, 0.0564521, 0.0973533, 0.159057, 0.210663, 0.233823, 1, 

15,197,0.001, 0.0111494, 0.0487124, 0.0973533, 0.159057, 1, 

Generation #16
18,138,0.001, 0.0111494, 0.0564521, 0.0973533, 0.159057, 0.210663, 0.233823, 0.388706, 1, 

19,133,0.001, 0.0111494, 0.0564521, 0.0699002, 0.122395, 0.130507, 0.15159, 0.17231, 0.181689, 0.80865, 1, 

17,153,0.001, 0.0111494, 0.0564521, 0.0699002, 0.122395, 0.130507, 0.465743, 0.846485, 1, 

16,156,0.001, 0.00590851, 0.0564521, 0.0973533, 0.159057, 0.210663, 0.233823, 1, 

15,197,0.001, 0.0111494, 0.0487124, 0.0973533, 0.159057, 1, 

26,108,0.001, 0.00590851, 0.0282576, 0.042768, 0.083227, 0.165241, 0.233823, 0.646126, 0.388706, 0.669792, 0.674585, 0.764907, 0.771492, 0.83344, 0.900846, 0.712759, 0.916403, 1, 

Generation #17
18,138,0.001, 0.0111494, 0.0564521, 0.0973533, 0.159057, 0.210663, 0.233823, 0.388706, 1, 

19,133,0.001, 0.0111494, 0.0564521, 0.0699002, 0.122395, 0.130507, 0.15159, 0.17231, 0.181689, 0.80865, 1, 

26,108,0.001, 0.00590851, 0.0282576, 0.042768, 0.083227, 0.165241, 0.233823, 0.646126, 0.388706, 0.669792, 0.674585, 0.764907, 0.771492, 0.83344, 0.900846, 0.712759, 0.916403, 1, 

16,146,0.001, 0.00590851, 0.0282576, 0.0699002, 0.122395, 0.130507, 0.465743, 0.846485, 1, 

15,174,0.001, 0.0111494, 0.0564521, 0.0699002, 0.0247788, 0.165241, 1, 

Generation #18
19,133,0.001, 0.0111494, 0.0564521, 0.0699002, 0.122395, 0.130507, 0.15159, 0.17231, 0.181689, 0.80865, 1, 

26,108,0.001, 0.00590851, 0.0282576, 0.042768, 0.083227, 0.165241, 0.233823, 0.646126, 0.388706, 0.669792, 0.674585, 0.764907, 0.771492, 0.83344, 0.900846, 0.712759, 0.916403, 1, 

16,146,0.001, 0.00590851, 0.0282576, 0.0699002, 0.122395, 0.130507, 0.465743, 0.846485, 1, 

18,137,0.001, 0.0111494, 0.0282576, 0.042768, 0.083227, 0.196126, 0.274633, 0.873054, 0.692325, 1, 

15,155,0.001, 0.00590851, 0.0282576, 0.0699002, 0.122395, 0.165241, 1, 

Generation #19
19,133,0.001, 0.0111494, 0.0564521, 0.0699002, 0.122395, 0.130507, 0.15159, 0.17231, 0.181689, 0.80865, 1, 

26,108,0.001, 0.00590851, 0.0282576, 0.042768, 0.083227, 0.165241, 0.233823, 0.646126, 0.388706, 0.669792, 0.674585, 0.764907, 0.771492, 0.83344, 0.900846, 0.712759, 0.916403, 1, 

16,146,0.001, 0.00590851, 0.0282576, 0.0699002, 0.122395, 0.130507, 0.465743, 0.846485, 1, 

18,137,0.001, 0.0111494, 0.0282576, 0.042768, 0.083227, 0.196126, 0.274633, 0.873054, 0.692325, 1, 

15,153,0.001, 0.0164415, 0.0282576, 0.042768, 0.165241, 0.337862, 1, 

Generation #20
26,108,0.001, 0.00590851, 0.0282576, 0.042768, 0.083227, 0.165241, 0.233823, 0.646126, 0.388706, 0.669792, 0.674585, 0.764907, 0.771492, 0.83344, 0.900846, 0.712759, 0.916403, 1, 

15,153,0.001, 0.0164415, 0.0282576, 0.042768, 0.165241, 0.337862, 1, 

19,116,0.001, 0.00590851, 0.0282576, 0.042768, 0.083227, 0.165241, 0.233823, 0.646126, 0.388706, 0.669792, 1, 

16,117,0.001, 0.00590851, 0.0282576, 0.042768, 0.165241, 0.337862, 1, 

14,275,0.001, 0.0111494, 0.0564521, 0.122395, 1, 

Generation #21
26,108,0.001, 0.00590851, 0.0282576, 0.042768, 0.083227, 0.165241, 0.233823, 0.646126, 0.388706, 0.669792, 0.674585, 0.764907, 0.771492, 0.83344, 0.900846, 0.712759, 0.916403, 1, 

15,153,0.001, 0.0164415, 0.0282576, 0.042768, 0.165241, 0.337862, 1, 

19,116,0.001, 0.00590851, 0.0282576, 0.042768, 0.083227, 0.165241, 0.233823, 0.646126, 0.388706, 0.669792, 1, 

16,117,0.001, 0.00590851, 0.0282576, 0.042768, 0.165241, 0.337862, 1, 

14,275,0.001, 0.0111494, 0.0564521, 0.122395, 1, 

Generation #22
26,108,0.001, 0.00590851, 0.0282576, 0.042768, 0.083227, 0.165241, 0.233823, 0.646126, 0.388706, 0.669792, 0.674585, 0.764907, 0.771492, 0.83344, 0.900846, 0.712759, 0.916403, 1, 

19,116,0.001, 0.00590851, 0.0282576, 0.042768, 0.083227, 0.165241, 0.233823, 0.646126, 0.388706, 0.669792, 1, 

16,117,0.001, 0.00590851, 0.0282576, 0.042768, 0.165241, 0.337862, 1, 

14,275,0.001, 0.0111494, 0.0564521, 0.122395, 1, 

15,141,0.001, 0.00590851, 0.0282576, 0.0699002, 0.122395, 0.165241, 1, 

Generation #23
26,108,0.001, 0.00590851, 0.0282576, 0.042768, 0.083227, 0.165241, 0.233823, 0.646126, 0.388706, 0.669792, 0.674585, 0.764907, 0.771492, 0.83344, 0.900846, 0.712759, 0.916403, 1, 

19,116,0.001, 0.00590851, 0.0282576, 0.042768, 0.083227, 0.165241, 0.233823, 0.646126, 0.388706, 0.669792, 1, 

16,117,0.001, 0.00590851, 0.0282576, 0.042768, 0.165241, 0.337862, 1, 

14,275,0.001, 0.0111494, 0.0564521, 0.122395, 1, 

15,141,0.001, 0.00590851, 0.0282576, 0.0699002, 0.122395, 0.165241, 1, 

Generation #24
26,108,0.001, 0.00590851, 0.0282576, 0.042768, 0.083227, 0.165241, 0.233823, 0.646126, 0.388706, 0.669792, 0.674585, 0.764907, 0.771492, 0.83344, 0.900846, 0.712759, 0.916403, 1, 

19,116,0.001, 0.00590851, 0.0282576, 0.042768, 0.083227, 0.165241, 0.233823, 0.646126, 0.388706, 0.669792, 1, 

16,117,0.001, 0.00590851, 0.0282576, 0.042768, 0.165241, 0.337862, 1, 

14,275,0.001, 0.0111494, 0.0564521, 0.122395, 1, 

15,141,0.001, 0.00590851, 0.0282576, 0.0699002, 0.122395, 0.165241, 1, 

Generation #25
26,108,0.001, 0.00590851, 0.0282576, 0.042768, 0.083227, 0.165241, 0.233823, 0.646126, 0.388706, 0.669792, 0.674585, 0.764907, 0.771492, 0.83344, 0.900846, 0.712759, 0.916403, 1, 

19,116,0.001, 0.00590851, 0.0282576, 0.042768, 0.083227, 0.165241, 0.233823, 0.646126, 0.388706, 0.669792, 1, 

16,117,0.001, 0.00590851, 0.0282576, 0.042768, 0.165241, 0.337862, 1, 

14,275,0.001, 0.0111494, 0.0564521, 0.122395, 1, 

15,141,0.001, 0.00590851, 0.0282576, 0.0699002, 0.122395, 0.165241, 1, 

Generation #26
26,108,0.001, 0.00590851, 0.0282576, 0.042768, 0.083227, 0.165241, 0.233823, 0.646126, 0.388706, 0.669792, 0.674585, 0.764907, 0.771492, 0.83344, 0.900846, 0.712759, 0.916403, 1, 

19,116,0.001, 0.00590851, 0.0282576, 0.042768, 0.083227, 0.165241, 0.233823, 0.646126, 0.388706, 0.669792, 1, 

16,117,0.001, 0.00590851, 0.0282576, 0.042768, 0.165241, 0.337862, 1, 

14,275,0.001, 0.0111494, 0.0564521, 0.122395, 1, 

15,141,0.001, 0.00590851, 0.0282576, 0.0699002, 0.122395, 0.165241, 1, 

Generation #27
26,108,0.001, 0.00590851, 0.0282576, 0.042768, 0.083227, 0.165241, 0.233823, 0.646126, 0.388706, 0.669792, 0.674585, 0.764907, 0.771492, 0.83344, 0.900846, 0.712759, 0.916403, 1, 

19,116,0.001, 0.00590851, 0.0282576, 0.042768, 0.083227, 0.165241, 0.233823, 0.646126, 0.388706, 0.669792, 1, 

16,117,0.001, 0.00590851, 0.0282576, 0.042768, 0.165241, 0.337862, 1, 

14,275,0.001, 0.0111494, 0.0564521, 0.122395, 1, 

15,141,0.001, 0.00590851, 0.0282576, 0.0699002, 0.122395, 0.165241, 1, 

Generation #28
14,275,0.001, 0.0111494, 0.0564521, 0.122395, 1, 

15,108,0.001, 0.00590851, 0.0282576, 0.042768, 0.122395, 0.130507, 0.233823, 1, 

Generation #29
14,275,0.001, 0.0111494, 0.0564521, 0.122395, 1, 

15,108,0.001, 0.00590851, 0.0282576, 0.042768, 0.122395, 0.130507, 0.233823, 1, 

Generation #30
14,275,0.001, 0.0111494, 0.0564521, 0.122395, 1, 

15,108,0.001, 0.00590851, 0.0282576, 0.042768, 0.122395, 0.130507, 0.233823, 1, 

Generation #31
14,275,0.001, 0.0111494, 0.0564521, 0.122395, 1, 

15,108,0.001, 0.00590851, 0.0282576, 0.042768, 0.122395, 0.130507, 0.233823, 1, 

Generation #32
15,108,0.001, 0.00590851, 0.0282576, 0.042768, 0.122395, 0.130507, 0.233823, 1, 

14,240,0.001, 0.0111494, 0.0564521, 0.0973533, 1, 

Generation #33
15,108,0.001, 0.00590851, 0.0282576, 0.042768, 0.122395, 0.130507, 0.233823, 1, 

14,240,0.001, 0.0111494, 0.0564521, 0.0973533, 1, 

Generation #34
15,108,0.001, 0.00590851, 0.0282576, 0.042768, 0.122395, 0.130507, 0.233823, 1, 

14,240,0.001, 0.0111494, 0.0564521, 0.0973533, 1, 

Generation #35
15,108,0.001, 0.00590851, 0.0282576, 0.042768, 0.122395, 0.130507, 0.233823, 1, 

14,240,0.001, 0.0111494, 0.0564521, 0.0973533, 1, 

Generation #36
15,108,0.001, 0.00590851, 0.0282576, 0.042768, 0.122395, 0.130507, 0.233823, 1, 

14,240,0.001, 0.0111494, 0.0564521, 0.0973533, 1, 

Generation #37
15,108,0.001, 0.00590851, 0.0282576, 0.042768, 0.122395, 0.130507, 0.233823, 1, 

14,240,0.001, 0.0111494, 0.0564521, 0.0973533, 1, 

Generation #38
15,108,0.001, 0.00590851, 0.0282576, 0.042768, 0.122395, 0.130507, 0.233823, 1, 

14,240,0.001, 0.0111494, 0.0564521, 0.0973533, 1, 

16,104,0.001, 0.00590851, 0.01898, 0.042768, 0.130507, 0.167778, 0.165241, 1, 

Generation #39
15,108,0.001, 0.00590851, 0.0282576, 0.042768, 0.122395, 0.130507, 0.233823, 1, 

14,240,0.001, 0.0111494, 0.0564521, 0.0973533, 1, 

16,104,0.001, 0.00590851, 0.01898, 0.042768, 0.130507, 0.167778, 0.165241, 1, 

Generation #40
14,240,0.001, 0.0111494, 0.0564521, 0.0973533, 1, 

15,103,0.001, 0.00590851, 0.0282576, 0.042768, 0.083227, 0.196126, 0.233823, 1, 

Generation #41
14,240,0.001, 0.0111494, 0.0564521, 0.0973533, 1, 

15,103,0.001, 0.00590851, 0.0282576, 0.042768, 0.083227, 0.196126, 0.233823, 1, 

20,94,0.001, 0.00590851, 0.01898, 0.0327353, 0.042768, 0.083227, 0.165241, 0.15159, 0.17231, 0.480169, 1, 

Generation #42
14,240,0.001, 0.0111494, 0.0564521, 0.0973533, 1, 

15,103,0.001, 0.00590851, 0.0282576, 0.042768, 0.083227, 0.196126, 0.233823, 1, 

20,94,0.001, 0.00590851, 0.01898, 0.0327353, 0.042768, 0.083227, 0.165241, 0.15159, 0.17231, 0.480169, 1, 

Generation #43
14,240,0.001, 0.0111494, 0.0564521, 0.0973533, 1, 

15,103,0.001, 0.00590851, 0.0282576, 0.042768, 0.083227, 0.196126, 0.233823, 1, 

20,94,0.001, 0.00590851, 0.01898, 0.0327353, 0.042768, 0.083227, 0.165241, 0.15159, 0.17231, 0.480169, 1, 

Generation #44
14,240,0.001, 0.0111494, 0.0564521, 0.0973533, 1, 

15,103,0.001, 0.00590851, 0.0282576, 0.042768, 0.083227, 0.196126, 0.233823, 1, 

20,94,0.001, 0.00590851, 0.01898, 0.0327353, 0.042768, 0.083227, 0.165241, 0.15159, 0.17231, 0.480169, 1, 

Generation #45
14,240,0.001, 0.0111494, 0.0564521, 0.0973533, 1, 

15,103,0.001, 0.00590851, 0.0282576, 0.042768, 0.083227, 0.196126, 0.233823, 1, 

20,94,0.001, 0.00590851, 0.01898, 0.0327353, 0.042768, 0.083227, 0.165241, 0.15159, 0.17231, 0.480169, 1, 

Generation #46
14,240,0.001, 0.0111494, 0.0564521, 0.0973533, 1, 

15,103,0.001, 0.00590851, 0.0282576, 0.042768, 0.083227, 0.196126, 0.233823, 1, 

20,94,0.001, 0.00590851, 0.01898, 0.0327353, 0.042768, 0.083227, 0.165241, 0.15159, 0.17231, 0.480169, 1, 

Generation #47
15,103,0.001, 0.00590851, 0.0282576, 0.042768, 0.083227, 0.196126, 0.233823, 1, 

20,94,0.001, 0.00590851, 0.01898, 0.0327353, 0.042768, 0.083227, 0.165241, 0.15159, 0.17231, 0.480169, 1, 

14,232,0.001, 0.00590851, 0.0282576, 0.0973533, 1, 

Generation #48
15,103,0.001, 0.00590851, 0.0282576, 0.042768, 0.083227, 0.196126, 0.233823, 1, 

20,94,0.001, 0.00590851, 0.01898, 0.0327353, 0.042768, 0.083227, 0.165241, 0.15159, 0.17231, 0.480169, 1, 

14,232,0.001, 0.00590851, 0.0282576, 0.0973533, 1, 

Generation #49
15,103,0.001, 0.00590851, 0.0282576, 0.042768, 0.083227, 0.196126, 0.233823, 1, 

20,94,0.001, 0.00590851, 0.01898, 0.0327353, 0.042768, 0.083227, 0.165241, 0.15159, 0.17231, 0.480169, 1, 

14,232,0.001, 0.00590851, 0.0282576, 0.0973533, 1, 

--- Pareto Front Solutions ---
Solution 0: N total=43 (N_initial=28, N_added=15), Time total=110 ms, Saved to: ./results/2^30_t2_l4_pareto_0.csv, percents=0.001, 0.00590851, 0.0282576, 0.042768, 0.083227, 0.196126, 0.233823, 1, 

Solution 1: N total=48 (N_initial=28, N_added=20), Time total=101 ms, Saved to: ./results/2^30_t2_l4_pareto_1.csv, percents=0.001, 0.00590851, 0.01898, 0.0327353, 0.042768, 0.083227, 0.165241, 0.15159, 0.17231, 0.480169, 1, 

Solution 2: N total=42 (N_initial=28, N_added=14), Time total=239 ms, Saved to: ./results/2^30_t2_l4_pareto_2.csv, percents=0.001, 0.00590851, 0.0282576, 0.0973533, 1, 

