------------d=1, t=2, lambda=1, filename=./evaluation/2^30-t2_l1.csv------------
Grouping d-sets by partitioned row counts for detecting arrays...
Ready to look at pairs for detecting arrays...
First Stage N=12, Time=4
There are 6989 remaining non-locating pairs
--- Running GA Algorithm (phase2) ---
Running GA with std::execution::par
Generation #0
21,328,0.001, 0.0571598, 0.344386, 0.423148, 0.423571, 0.542285, 0.597495, 0.631528, 0.655526, 0.842261, 0.906301, 0.930431, 0.992145, 1, 

18,891,0.001, 0.139605, 0.219523, 0.33745, 0.371203, 0.465486, 0.467519, 0.710549, 0.845754, 0.979017, 1, 

20,557,0.001, 0.0970704, 0.133815, 0.193307, 0.314824, 0.330009, 0.392028, 0.397921, 0.422169, 0.783244, 0.803073, 0.930679, 1, 

26,195,0.001, 0.0141455, 0.0218816, 0.0456565, 0.126535, 0.171676, 0.223503, 0.360442, 0.365705, 0.45636, 0.479251, 0.508095, 0.573131, 0.69156, 0.698453, 0.828251, 0.841254, 0.951562, 1, 

19,701,0.001, 0.114574, 0.207754, 0.488192, 0.608378, 0.656133, 0.80047, 0.927298, 0.950905, 0.999048, 1, 

Generation #1
21,100,0.001, 0.0141455, 0.0218816, 0.0456565, 0.126535, 0.171676, 0.223503, 0.360442, 0.365705, 0.45636, 0.479251, 0.508095, 0.573131, 0.69156, 1, 

18,249,0.001, 0.0662492, 0.120139, 0.176954, 0.202528, 0.656133, 0.80047, 0.927298, 0.950905, 0.999048, 1, 

20,184,0.001, 0.0465451, 0.0638471, 0.184685, 0.402007, 0.432018, 0.437743, 0.510133, 0.559066, 0.603135, 0.659718, 0.694635, 1, 

Generation #2
23,79,0.001, 0.0211516, 0.0392133, 0.0765168, 0.109886, 0.157387, 0.207509, 0.233497, 0.34024, 0.425078, 0.623749, 0.642961, 0.77327, 0.821051, 0.86027, 0.97724, 1, 

19,100,0.001, 0.0211516, 0.0392133, 0.0765168, 0.109886, 0.119161, 0.216399, 0.246362, 0.302584, 0.345675, 0.346068, 0.694635, 1, 

17,101,0.001, 0.00563984, 0.0472926, 0.0698625, 0.0751163, 0.198198, 0.226628, 0.274555, 0.301448, 0.330416, 0.981794, 1, 

Generation #3
23,79,0.001, 0.0211516, 0.0392133, 0.0765168, 0.109886, 0.157387, 0.207509, 0.233497, 0.34024, 0.425078, 0.623749, 0.642961, 0.77327, 0.821051, 0.86027, 0.97724, 1, 

17,101,0.001, 0.00563984, 0.0472926, 0.0698625, 0.0751163, 0.198198, 0.226628, 0.274555, 0.301448, 0.330416, 0.981794, 1, 

19,98,0.001, 0.0219461, 0.0261442, 0.0262016, 0.0663368, 0.100799, 0.164494, 0.643865, 0.749881, 0.83435, 0.852734, 1, 

27,61,0.001, 0.0141455, 0.0218816, 0.0456565, 0.126535, 0.171676, 0.223503, 0.360442, 0.365705, 0.45636, 0.479251, 0.508095, 0.573131, 0.69156, 0.698453, 0.828251, 0.841254, 0.809355, 0.852882, 0.937812, 0.992883, 1, 

20,92,0.001, 0.0219461, 0.0261442, 0.0262016, 0.0663368, 0.206716, 0.275426, 0.294544, 0.367745, 0.376844, 0.419575, 0.482314, 0.608711, 1, 

Generation #4
23,79,0.001, 0.0211516, 0.0392133, 0.0765168, 0.109886, 0.157387, 0.207509, 0.233497, 0.34024, 0.425078, 0.623749, 0.642961, 0.77327, 0.821051, 0.86027, 0.97724, 1, 

19,98,0.001, 0.0219461, 0.0261442, 0.0262016, 0.0663368, 0.100799, 0.164494, 0.643865, 0.749881, 0.83435, 0.852734, 1, 

27,61,0.001, 0.0141455, 0.0218816, 0.0456565, 0.126535, 0.171676, 0.223503, 0.360442, 0.365705, 0.45636, 0.479251, 0.508095, 0.573131, 0.69156, 0.698453, 0.828251, 0.841254, 0.809355, 0.852882, 0.937812, 0.992883, 1, 

20,92,0.001, 0.0219461, 0.0261442, 0.0262016, 0.0663368, 0.206716, 0.275426, 0.294544, 0.367745, 0.376844, 0.419575, 0.482314, 0.608711, 1, 

17,99,0.001, 0.016831, 0.0528152, 0.0980615, 0.106911, 0.119235, 0.150345, 0.17776, 0.247358, 0.831146, 1, 

Generation #5
27,61,0.001, 0.0141455, 0.0218816, 0.0456565, 0.126535, 0.171676, 0.223503, 0.360442, 0.365705, 0.45636, 0.479251, 0.508095, 0.573131, 0.69156, 0.698453, 0.828251, 0.841254, 0.809355, 0.852882, 0.937812, 0.992883, 1, 

15,127,0.001, 0.0219461, 0.0261442, 0.0262016, 0.0663368, 0.100799, 0.164494, 0.461979, 0.650595, 1, 

17,95,0.001, 0.0211516, 0.0392133, 0.0765168, 0.109886, 0.119161, 0.467519, 0.710549, 0.845754, 0.611058, 1, 

19,73,0.001, 0.00563984, 0.0472926, 0.0262016, 0.0663368, 0.206716, 0.275426, 0.294544, 0.367745, 0.376844, 0.419575, 0.482314, 0.608711, 1, 

Generation #6
27,61,0.001, 0.0141455, 0.0218816, 0.0456565, 0.126535, 0.171676, 0.223503, 0.360442, 0.365705, 0.45636, 0.479251, 0.508095, 0.573131, 0.69156, 0.698453, 0.828251, 0.841254, 0.809355, 0.852882, 0.937812, 0.992883, 1, 

15,84,0.001, 0.0219461, 0.0261442, 0.0262016, 0.0663368, 0.100799, 0.161136, 0.234665, 0.262227, 1, 

18,68,0.001, 0.00563984, 0.0261442, 0.0262016, 0.0663368, 0.119161, 0.1129, 0.216399, 0.246362, 0.302584, 0.979017, 1, 

17,75,0.001, 0.00563984, 0.0392133, 0.0765168, 0.109886, 0.119161, 0.467519, 0.710549, 0.845754, 0.611058, 1, 

Generation #7
27,61,0.001, 0.0141455, 0.0218816, 0.0456565, 0.126535, 0.171676, 0.223503, 0.360442, 0.365705, 0.45636, 0.479251, 0.508095, 0.573131, 0.69156, 0.698453, 0.828251, 0.841254, 0.809355, 0.852882, 0.937812, 0.992883, 1, 

15,84,0.001, 0.0219461, 0.0261442, 0.0262016, 0.0663368, 0.100799, 0.161136, 0.234665, 0.262227, 1, 

18,68,0.001, 0.00563984, 0.0261442, 0.0262016, 0.0663368, 0.119161, 0.1129, 0.216399, 0.246362, 0.302584, 0.979017, 1, 

17,75,0.001, 0.00563984, 0.0392133, 0.0765168, 0.109886, 0.119161, 0.467519, 0.710549, 0.845754, 0.611058, 1, 

Generation #8
18,68,0.001, 0.00563984, 0.0261442, 0.0262016, 0.0663368, 0.119161, 0.1129, 0.216399, 0.246362, 0.302584, 0.979017, 1, 

26,44,0.001, 0.00563984, 0.0218816, 0.0765168, 0.109886, 0.119161, 0.216399, 0.397921, 0.422169, 0.783244, 0.803073, 0.508095, 0.684093, 0.573131, 0.69156, 0.698453, 0.828251, 0.841254, 0.951562, 1, 

15,71,0.001, 0.0141455, 0.0218816, 0.0980615, 0.106911, 0.119235, 0.150345, 0.17776, 0.247358, 1, 

Generation #9
26,44,0.001, 0.00563984, 0.0218816, 0.0765168, 0.109886, 0.119161, 0.216399, 0.397921, 0.422169, 0.783244, 0.803073, 0.508095, 0.684093, 0.573131, 0.69156, 0.698453, 0.828251, 0.841254, 0.951562, 1, 

15,71,0.001, 0.0141455, 0.0218816, 0.0980615, 0.106911, 0.119235, 0.150345, 0.17776, 0.247358, 1, 

16,61,0.001, 0.0141455, 0.0218816, 0.0262016, 0.0663368, 0.100799, 0.164494, 0.461979, 0.650595, 1, 

Generation #10
26,44,0.001, 0.00563984, 0.0218816, 0.0765168, 0.109886, 0.119161, 0.216399, 0.397921, 0.422169, 0.783244, 0.803073, 0.508095, 0.684093, 0.573131, 0.69156, 0.698453, 0.828251, 0.841254, 0.951562, 1, 

15,71,0.001, 0.0141455, 0.0218816, 0.0980615, 0.106911, 0.119235, 0.150345, 0.17776, 0.247358, 1, 

16,61,0.001, 0.0141455, 0.0218816, 0.0262016, 0.0663368, 0.100799, 0.164494, 0.461979, 0.650595, 1, 

Generation #11
26,44,0.001, 0.00563984, 0.0218816, 0.0765168, 0.109886, 0.119161, 0.216399, 0.397921, 0.422169, 0.783244, 0.803073, 0.508095, 0.684093, 0.573131, 0.69156, 0.698453, 0.828251, 0.841254, 0.951562, 1, 

16,61,0.001, 0.0141455, 0.0218816, 0.0262016, 0.0663368, 0.100799, 0.164494, 0.461979, 0.650595, 1, 

14,63,0.001, 0.00563984, 0.0261442, 0.0262016, 0.0663368, 0.100799, 0.161136, 0.234665, 0.262227, 1, 

13,91,0.001, 0.00563984, 0.0472926, 0.0262016, 0.0663368, 0.164494, 0.217953, 0.230267, 1, 

Generation #12
26,44,0.001, 0.00563984, 0.0218816, 0.0765168, 0.109886, 0.119161, 0.216399, 0.397921, 0.422169, 0.783244, 0.803073, 0.508095, 0.684093, 0.573131, 0.69156, 0.698453, 0.828251, 0.841254, 0.951562, 1, 

14,63,0.001, 0.00563984, 0.0261442, 0.0262016, 0.0663368, 0.100799, 0.161136, 0.234665, 0.262227, 1, 

13,91,0.001, 0.00563984, 0.0472926, 0.0262016, 0.0663368, 0.164494, 0.217953, 0.230267, 1, 

16,45,0.001, 0.00563984, 0.0261442, 0.0262016, 0.0663368, 0.119161, 0.1129, 0.216399, 0.246362, 0.611058, 1, 

Generation #13
26,44,0.001, 0.00563984, 0.0218816, 0.0765168, 0.109886, 0.119161, 0.216399, 0.397921, 0.422169, 0.783244, 0.803073, 0.508095, 0.684093, 0.573131, 0.69156, 0.698453, 0.828251, 0.841254, 0.951562, 1, 

16,45,0.001, 0.00563984, 0.0261442, 0.0262016, 0.0663368, 0.119161, 0.1129, 0.216399, 0.246362, 0.611058, 1, 

14,56,0.001, 0.00563984, 0.0261442, 0.0262016, 0.0663368, 0.119161, 0.223503, 0.230267, 1, 

13,70,0.001, 0.00563984, 0.0262016, 0.0663368, 0.100799, 0.161136, 0.234665, 1, 

Generation #14
26,44,0.001, 0.00563984, 0.0218816, 0.0765168, 0.109886, 0.119161, 0.216399, 0.397921, 0.422169, 0.783244, 0.803073, 0.508095, 0.684093, 0.573131, 0.69156, 0.698453, 0.828251, 0.841254, 0.951562, 1, 

16,45,0.001, 0.00563984, 0.0261442, 0.0262016, 0.0663368, 0.119161, 0.1129, 0.216399, 0.246362, 0.611058, 1, 

14,56,0.001, 0.00563984, 0.0261442, 0.0262016, 0.0663368, 0.119161, 0.223503, 0.230267, 1, 

13,70,0.001, 0.00563984, 0.0262016, 0.0663368, 0.100799, 0.161136, 0.234665, 1, 

15,55,0.001, 0.00563984, 0.0261442, 0.0262016, 0.0663368, 0.100799, 0.161136, 0.234665, 0.262227, 1, 

Generation #15
26,44,0.001, 0.00563984, 0.0218816, 0.0765168, 0.109886, 0.119161, 0.216399, 0.397921, 0.422169, 0.783244, 0.803073, 0.508095, 0.684093, 0.573131, 0.69156, 0.698453, 0.828251, 0.841254, 0.951562, 1, 

16,45,0.001, 0.00563984, 0.0261442, 0.0262016, 0.0663368, 0.119161, 0.1129, 0.216399, 0.246362, 0.611058, 1, 

14,56,0.001, 0.00563984, 0.0261442, 0.0262016, 0.0663368, 0.119161, 0.223503, 0.230267, 1, 

13,63,0.001, 0.0141455, 0.0261442, 0.0262016, 0.0663368, 0.100799, 0.161136, 0.234665, 1, 

15,52,0.001, 0.00563984, 0.0262016, 0.0262016, 0.0663368, 0.119161, 0.223503, 0.230267, 1, 

Generation #16
26,44,0.001, 0.00563984, 0.0218816, 0.0765168, 0.109886, 0.119161, 0.216399, 0.397921, 0.422169, 0.783244, 0.803073, 0.508095, 0.684093, 0.573131, 0.69156, 0.698453, 0.828251, 0.841254, 0.951562, 1, 

16,45,0.001, 0.00563984, 0.0261442, 0.0262016, 0.0663368, 0.119161, 0.1129, 0.216399, 0.246362, 0.611058, 1, 

13,63,0.001, 0.0141455, 0.0261442, 0.0262016, 0.0663368, 0.100799, 0.161136, 0.234665, 1, 

15,46,0.001, 0.00563984, 0.0261442, 0.0262016, 0.0663368, 0.100799, 0.164494, 0.461979, 1, 

14,48,0.001, 0.00563984, 0.0218816, 0.0262016, 0.0663368, 0.164494, 0.217953, 0.230267, 1, 

Generation #17
13,63,0.001, 0.0141455, 0.0261442, 0.0262016, 0.0663368, 0.100799, 0.161136, 0.234665, 1, 

14,48,0.001, 0.00563984, 0.0218816, 0.0262016, 0.0663368, 0.164494, 0.217953, 0.230267, 1, 

12,79,0.001, 0.00563984, 0.0261442, 0.0262016, 0.0663368, 0.161136, 0.234665, 1, 

15,32,0.001, 0.00563984, 0.0262016, 0.0262016, 0.0663368, 0.100799, 0.161136, 0.234665, 0.262227, 1, 

Generation #18
13,63,0.001, 0.0141455, 0.0261442, 0.0262016, 0.0663368, 0.100799, 0.161136, 0.234665, 1, 

12,79,0.001, 0.00563984, 0.0261442, 0.0262016, 0.0663368, 0.161136, 0.234665, 1, 

15,32,0.001, 0.00563984, 0.0262016, 0.0262016, 0.0663368, 0.100799, 0.161136, 0.234665, 0.262227, 1, 

14,46,0.001, 0.00563984, 0.0262016, 0.0262016, 0.0663368, 0.100799, 0.161136, 0.234665, 1, 

Generation #19
13,63,0.001, 0.0141455, 0.0261442, 0.0262016, 0.0663368, 0.100799, 0.161136, 0.234665, 1, 

12,79,0.001, 0.00563984, 0.0261442, 0.0262016, 0.0663368, 0.161136, 0.234665, 1, 

15,32,0.001, 0.00563984, 0.0262016, 0.0262016, 0.0663368, 0.100799, 0.161136, 0.234665, 0.262227, 1, 

14,46,0.001, 0.00563984, 0.0262016, 0.0262016, 0.0663368, 0.100799, 0.161136, 0.234665, 1, 

Generation #20
13,63,0.001, 0.0141455, 0.0261442, 0.0262016, 0.0663368, 0.100799, 0.161136, 0.234665, 1, 

12,79,0.001, 0.00563984, 0.0261442, 0.0262016, 0.0663368, 0.161136, 0.234665, 1, 

15,32,0.001, 0.00563984, 0.0262016, 0.0262016, 0.0663368, 0.100799, 0.161136, 0.234665, 0.262227, 1, 

14,46,0.001, 0.00563984, 0.0262016, 0.0262016, 0.0663368, 0.100799, 0.161136, 0.234665, 1, 

Generation #21
13,63,0.001, 0.0141455, 0.0261442, 0.0262016, 0.0663368, 0.100799, 0.161136, 0.234665, 1, 

12,79,0.001, 0.00563984, 0.0261442, 0.0262016, 0.0663368, 0.161136, 0.234665, 1, 

15,32,0.001, 0.00563984, 0.0262016, 0.0262016, 0.0663368, 0.100799, 0.161136, 0.234665, 0.262227, 1, 

14,46,0.001, 0.00563984, 0.0262016, 0.0262016, 0.0663368, 0.100799, 0.161136, 0.234665, 1, 

Generation #22
13,63,0.001, 0.0141455, 0.0261442, 0.0262016, 0.0663368, 0.100799, 0.161136, 0.234665, 1, 

12,79,0.001, 0.00563984, 0.0261442, 0.0262016, 0.0663368, 0.161136, 0.234665, 1, 

15,32,0.001, 0.00563984, 0.0262016, 0.0262016, 0.0663368, 0.100799, 0.161136, 0.234665, 0.262227, 1, 

14,43,0.001, 0.00563984, 0.0262016, 0.0262016, 0.0663368, 0.100799, 0.164494, 0.643865, 1, 

Generation #23
15,32,0.001, 0.00563984, 0.0262016, 0.0262016, 0.0663368, 0.100799, 0.161136, 0.234665, 0.262227, 1, 

14,43,0.001, 0.00563984, 0.0262016, 0.0262016, 0.0663368, 0.100799, 0.164494, 0.643865, 1, 

12,65,0.001, 0.00563984, 0.0261442, 0.0262016, 0.0663368, 0.119161, 0.234665, 1, 

13,49,0.001, 0.00563984, 0.0261442, 0.0262016, 0.0663368, 0.100799, 0.161136, 0.234665, 1, 

Generation #24
15,32,0.001, 0.00563984, 0.0262016, 0.0262016, 0.0663368, 0.100799, 0.161136, 0.234665, 0.262227, 1, 

14,43,0.001, 0.00563984, 0.0262016, 0.0262016, 0.0663368, 0.100799, 0.164494, 0.643865, 1, 

12,65,0.001, 0.00563984, 0.0261442, 0.0262016, 0.0663368, 0.119161, 0.234665, 1, 

13,49,0.001, 0.00563984, 0.0261442, 0.0262016, 0.0663368, 0.100799, 0.161136, 0.234665, 1, 

Generation #25
15,32,0.001, 0.00563984, 0.0262016, 0.0262016, 0.0663368, 0.100799, 0.161136, 0.234665, 0.262227, 1, 

14,43,0.001, 0.00563984, 0.0262016, 0.0262016, 0.0663368, 0.100799, 0.164494, 0.643865, 1, 

12,65,0.001, 0.00563984, 0.0261442, 0.0262016, 0.0663368, 0.119161, 0.234665, 1, 

13,49,0.001, 0.00563984, 0.0261442, 0.0262016, 0.0663368, 0.100799, 0.161136, 0.234665, 1, 

Generation #26
15,32,0.001, 0.00563984, 0.0262016, 0.0262016, 0.0663368, 0.100799, 0.161136, 0.234665, 0.262227, 1, 

14,43,0.001, 0.00563984, 0.0262016, 0.0262016, 0.0663368, 0.100799, 0.164494, 0.643865, 1, 

12,65,0.001, 0.00563984, 0.0261442, 0.0262016, 0.0663368, 0.119161, 0.234665, 1, 

13,49,0.001, 0.00563984, 0.0261442, 0.0262016, 0.0663368, 0.100799, 0.161136, 0.234665, 1, 

Generation #27
15,32,0.001, 0.00563984, 0.0262016, 0.0262016, 0.0663368, 0.100799, 0.161136, 0.234665, 0.262227, 1, 

14,43,0.001, 0.00563984, 0.0262016, 0.0262016, 0.0663368, 0.100799, 0.164494, 0.643865, 1, 

12,65,0.001, 0.00563984, 0.0261442, 0.0262016, 0.0663368, 0.119161, 0.234665, 1, 

13,49,0.001, 0.00563984, 0.0261442, 0.0262016, 0.0663368, 0.100799, 0.161136, 0.234665, 1, 

Generation #28
15,32,0.001, 0.00563984, 0.0262016, 0.0262016, 0.0663368, 0.100799, 0.161136, 0.234665, 0.262227, 1, 

14,43,0.001, 0.00563984, 0.0262016, 0.0262016, 0.0663368, 0.100799, 0.164494, 0.643865, 1, 

12,65,0.001, 0.00563984, 0.0261442, 0.0262016, 0.0663368, 0.119161, 0.234665, 1, 

13,47,0.001, 0.00563984, 0.0261442, 0.0262016, 0.0663368, 0.119161, 0.234665, 1, 

Generation #29
15,32,0.001, 0.00563984, 0.0262016, 0.0262016, 0.0663368, 0.100799, 0.161136, 0.234665, 0.262227, 1, 

12,42,0.001, 0.00563984, 0.0262016, 0.0262016, 0.0663368, 0.100799, 0.161136, 1, 

Generation #30
15,32,0.001, 0.00563984, 0.0262016, 0.0262016, 0.0663368, 0.100799, 0.161136, 0.234665, 0.262227, 1, 

12,42,0.001, 0.00563984, 0.0262016, 0.0262016, 0.0663368, 0.100799, 0.161136, 1, 

14,36,0.001, 0.00563984, 0.0218816, 0.0262016, 0.0663368, 0.100799, 0.164494, 0.643865, 1, 

Generation #31
15,32,0.001, 0.00563984, 0.0262016, 0.0262016, 0.0663368, 0.100799, 0.161136, 0.234665, 0.262227, 1, 

12,42,0.001, 0.00563984, 0.0262016, 0.0262016, 0.0663368, 0.100799, 0.161136, 1, 

14,36,0.001, 0.00563984, 0.0218816, 0.0262016, 0.0663368, 0.100799, 0.164494, 0.643865, 1, 

Generation #32
15,32,0.001, 0.00563984, 0.0262016, 0.0262016, 0.0663368, 0.100799, 0.161136, 0.234665, 0.262227, 1, 

12,42,0.001, 0.00563984, 0.0262016, 0.0262016, 0.0663368, 0.100799, 0.161136, 1, 

14,36,0.001, 0.00563984, 0.0218816, 0.0262016, 0.0663368, 0.100799, 0.164494, 0.643865, 1, 

Generation #33
15,32,0.001, 0.00563984, 0.0262016, 0.0262016, 0.0663368, 0.100799, 0.161136, 0.234665, 0.262227, 1, 

12,42,0.001, 0.00563984, 0.0262016, 0.0262016, 0.0663368, 0.100799, 0.161136, 1, 

14,36,0.001, 0.00563984, 0.0218816, 0.0262016, 0.0663368, 0.100799, 0.164494, 0.643865, 1, 

Generation #34
15,32,0.001, 0.00563984, 0.0262016, 0.0262016, 0.0663368, 0.100799, 0.161136, 0.234665, 0.262227, 1, 

12,42,0.001, 0.00563984, 0.0262016, 0.0262016, 0.0663368, 0.100799, 0.161136, 1, 

14,36,0.001, 0.00563984, 0.0218816, 0.0262016, 0.0663368, 0.100799, 0.164494, 0.643865, 1, 

Generation #35
15,32,0.001, 0.00563984, 0.0262016, 0.0262016, 0.0663368, 0.100799, 0.161136, 0.234665, 0.262227, 1, 

12,42,0.001, 0.00563984, 0.0262016, 0.0262016, 0.0663368, 0.100799, 0.161136, 1, 

14,36,0.001, 0.00563984, 0.0218816, 0.0262016, 0.0663368, 0.100799, 0.164494, 0.643865, 1, 

Generation #36
15,32,0.001, 0.00563984, 0.0262016, 0.0262016, 0.0663368, 0.100799, 0.161136, 0.234665, 0.262227, 1, 

12,42,0.001, 0.00563984, 0.0262016, 0.0262016, 0.0663368, 0.100799, 0.161136, 1, 

14,36,0.001, 0.00563984, 0.0218816, 0.0262016, 0.0663368, 0.100799, 0.164494, 0.643865, 1, 

Generation #37
15,32,0.001, 0.00563984, 0.0262016, 0.0262016, 0.0663368, 0.100799, 0.161136, 0.234665, 0.262227, 1, 

12,42,0.001, 0.00563984, 0.0262016, 0.0262016, 0.0663368, 0.100799, 0.161136, 1, 

14,36,0.001, 0.00563984, 0.0218816, 0.0262016, 0.0663368, 0.100799, 0.164494, 0.643865, 1, 

Generation #38
15,32,0.001, 0.00563984, 0.0262016, 0.0262016, 0.0663368, 0.100799, 0.161136, 0.234665, 0.262227, 1, 

12,42,0.001, 0.00563984, 0.0262016, 0.0262016, 0.0663368, 0.100799, 0.161136, 1, 

14,36,0.001, 0.00563984, 0.0218816, 0.0262016, 0.0663368, 0.100799, 0.164494, 0.643865, 1, 

13,38,0.001, 0.00563984, 0.0261442, 0.0262016, 0.0663368, 0.100799, 0.234665, 1, 

Generation #39
15,32,0.001, 0.00563984, 0.0262016, 0.0262016, 0.0663368, 0.100799, 0.161136, 0.234665, 0.262227, 1, 

12,42,0.001, 0.00563984, 0.0262016, 0.0262016, 0.0663368, 0.100799, 0.161136, 1, 

14,36,0.001, 0.00563984, 0.0218816, 0.0262016, 0.0663368, 0.100799, 0.164494, 0.643865, 1, 

13,38,0.001, 0.00563984, 0.0261442, 0.0262016, 0.0663368, 0.100799, 0.234665, 1, 

Generation #40
15,32,0.001, 0.00563984, 0.0262016, 0.0262016, 0.0663368, 0.100799, 0.161136, 0.234665, 0.262227, 1, 

12,42,0.001, 0.00563984, 0.0262016, 0.0262016, 0.0663368, 0.100799, 0.161136, 1, 

14,36,0.001, 0.00563984, 0.0218816, 0.0262016, 0.0663368, 0.100799, 0.164494, 0.643865, 1, 

13,38,0.001, 0.00563984, 0.0261442, 0.0262016, 0.0663368, 0.100799, 0.234665, 1, 

Generation #41
15,32,0.001, 0.00563984, 0.0262016, 0.0262016, 0.0663368, 0.100799, 0.161136, 0.234665, 0.262227, 1, 

12,42,0.001, 0.00563984, 0.0262016, 0.0262016, 0.0663368, 0.100799, 0.161136, 1, 

14,36,0.001, 0.00563984, 0.0218816, 0.0262016, 0.0663368, 0.100799, 0.164494, 0.643865, 1, 

13,38,0.001, 0.00563984, 0.0261442, 0.0262016, 0.0663368, 0.100799, 0.234665, 1, 

Generation #42
15,32,0.001, 0.00563984, 0.0262016, 0.0262016, 0.0663368, 0.100799, 0.161136, 0.234665, 0.262227, 1, 

12,42,0.001, 0.00563984, 0.0262016, 0.0262016, 0.0663368, 0.100799, 0.161136, 1, 

14,36,0.001, 0.00563984, 0.0218816, 0.0262016, 0.0663368, 0.100799, 0.164494, 0.643865, 1, 

13,38,0.001, 0.00563984, 0.0261442, 0.0262016, 0.0663368, 0.100799, 0.234665, 1, 

Generation #43
15,32,0.001, 0.00563984, 0.0262016, 0.0262016, 0.0663368, 0.100799, 0.161136, 0.234665, 0.262227, 1, 

12,42,0.001, 0.00563984, 0.0262016, 0.0262016, 0.0663368, 0.100799, 0.161136, 1, 

14,36,0.001, 0.00563984, 0.0218816, 0.0262016, 0.0663368, 0.100799, 0.164494, 0.643865, 1, 

13,38,0.001, 0.00563984, 0.0261442, 0.0262016, 0.0663368, 0.100799, 0.234665, 1, 

Generation #44
15,32,0.001, 0.00563984, 0.0262016, 0.0262016, 0.0663368, 0.100799, 0.161136, 0.234665, 0.262227, 1, 

12,42,0.001, 0.00563984, 0.0262016, 0.0262016, 0.0663368, 0.100799, 0.161136, 1, 

14,36,0.001, 0.00563984, 0.0218816, 0.0262016, 0.0663368, 0.100799, 0.164494, 0.643865, 1, 

13,38,0.001, 0.00563984, 0.0261442, 0.0262016, 0.0663368, 0.100799, 0.234665, 1, 

Generation #45
15,32,0.001, 0.00563984, 0.0262016, 0.0262016, 0.0663368, 0.100799, 0.161136, 0.234665, 0.262227, 1, 

12,42,0.001, 0.00563984, 0.0262016, 0.0262016, 0.0663368, 0.100799, 0.161136, 1, 

14,36,0.001, 0.00563984, 0.0218816, 0.0262016, 0.0663368, 0.100799, 0.164494, 0.643865, 1, 

13,38,0.001, 0.00563984, 0.0261442, 0.0262016, 0.0663368, 0.100799, 0.234665, 1, 

Generation #46
15,32,0.001, 0.00563984, 0.0262016, 0.0262016, 0.0663368, 0.100799, 0.161136, 0.234665, 0.262227, 1, 

12,42,0.001, 0.00563984, 0.0262016, 0.0262016, 0.0663368, 0.100799, 0.161136, 1, 

14,36,0.001, 0.00563984, 0.0218816, 0.0262016, 0.0663368, 0.100799, 0.164494, 0.643865, 1, 

13,38,0.001, 0.00563984, 0.0261442, 0.0262016, 0.0663368, 0.100799, 0.234665, 1, 

Generation #47
15,32,0.001, 0.00563984, 0.0262016, 0.0262016, 0.0663368, 0.100799, 0.161136, 0.234665, 0.262227, 1, 

12,42,0.001, 0.00563984, 0.0262016, 0.0262016, 0.0663368, 0.100799, 0.161136, 1, 

14,36,0.001, 0.00563984, 0.0218816, 0.0262016, 0.0663368, 0.100799, 0.164494, 0.643865, 1, 

13,38,0.001, 0.00563984, 0.0261442, 0.0262016, 0.0663368, 0.100799, 0.234665, 1, 

11,73,0.001, 0.00563984, 0.0262016, 0.0262016, 0.0663368, 0.119161, 0.234665, 1, 

Generation #48
15,32,0.001, 0.00563984, 0.0262016, 0.0262016, 0.0663368, 0.100799, 0.161136, 0.234665, 0.262227, 1, 

12,42,0.001, 0.00563984, 0.0262016, 0.0262016, 0.0663368, 0.100799, 0.161136, 1, 

14,36,0.001, 0.00563984, 0.0218816, 0.0262016, 0.0663368, 0.100799, 0.164494, 0.643865, 1, 

13,38,0.001, 0.00563984, 0.0261442, 0.0262016, 0.0663368, 0.100799, 0.234665, 1, 

11,73,0.001, 0.00563984, 0.0262016, 0.0262016, 0.0663368, 0.119161, 0.234665, 1, 

Generation #49
15,32,0.001, 0.00563984, 0.0262016, 0.0262016, 0.0663368, 0.100799, 0.161136, 0.234665, 0.262227, 1, 

12,42,0.001, 0.00563984, 0.0262016, 0.0262016, 0.0663368, 0.100799, 0.161136, 1, 

14,36,0.001, 0.00563984, 0.0218816, 0.0262016, 0.0663368, 0.100799, 0.164494, 0.643865, 1, 

13,38,0.001, 0.00563984, 0.0261442, 0.0262016, 0.0663368, 0.100799, 0.234665, 1, 

11,73,0.001, 0.00563984, 0.0262016, 0.0262016, 0.0663368, 0.119161, 0.234665, 1, 

--- Pareto Front Solutions ---
Solution 0: N total=27 (N_initial=12, N_added=15), Time total=36 ms, Saved to: ./results/2^30_t2_l1_pareto_0.csv, percents=0.001, 0.00563984, 0.0262016, 0.0262016, 0.0663368, 0.100799, 0.161136, 0.234665, 0.262227, 1, 

Solution 1: N total=24 (N_initial=12, N_added=12), Time total=46 ms, Saved to: ./results/2^30_t2_l1_pareto_1.csv, percents=0.001, 0.00563984, 0.0262016, 0.0262016, 0.0663368, 0.100799, 0.161136, 1, 

Solution 2: N total=26 (N_initial=12, N_added=14), Time total=40 ms, Saved to: ./results/2^30_t2_l1_pareto_2.csv, percents=0.001, 0.00563984, 0.0218816, 0.0262016, 0.0663368, 0.100799, 0.164494, 0.643865, 1, 

Solution 3: N total=25 (N_initial=12, N_added=13), Time total=42 ms, Saved to: ./results/2^30_t2_l1_pareto_3.csv, percents=0.001, 0.00563984, 0.0261442, 0.0262016, 0.0663368, 0.100799, 0.234665, 1, 

Solution 4: N total=23 (N_initial=12, N_added=11), Time total=77 ms, Saved to: ./results/2^30_t2_l1_pareto_4.csv, percents=0.001, 0.00563984, 0.0262016, 0.0262016, 0.0663368, 0.119161, 0.234665, 1, 

------------d=1, t=2, lambda=2, filename=./evaluation/2^30-t2_l2.csv------------
Grouping d-sets by partitioned row counts for detecting arrays...
Ready to look at pairs for detecting arrays...
First Stage N=18, Time=4
There are 10537 remaining non-locating pairs
--- Running GA Algorithm (phase2) ---
Running GA with std::execution::par
Generation #0
34,238,0.001, 0.00422614, 0.0136713, 0.0525589, 0.0803923, 0.103361, 0.173921, 0.180791, 0.212741, 0.231487, 0.236301, 0.273985, 0.399468, 0.439315, 0.478977, 0.524879, 0.570179, 0.643891, 0.664854, 0.696304, 0.750802, 0.759967, 0.765967, 0.767043, 0.918938, 0.93457, 1, 

21,710,0.001, 0.0860183, 0.185647, 0.291762, 0.416053, 0.429617, 0.622058, 0.636853, 0.664708, 0.847669, 0.921576, 0.964576, 1, 

20,978,0.001, 0.0964528, 0.115846, 0.248407, 0.293608, 0.446126, 0.496752, 0.715655, 0.785937, 0.835927, 0.849498, 1, 

22,603,0.001, 0.0703905, 0.198356, 0.353798, 0.429431, 0.44, 0.621123, 0.654446, 0.70492, 0.834041, 0.837929, 0.933488, 1, 

19,1235,0.001, 0.134196, 0.246102, 0.297956, 0.381329, 0.573457, 0.580481, 0.699013, 0.770173, 0.836659, 1, 

25,296,0.001, 0.0101661, 0.0448345, 0.067174, 0.0790539, 0.176477, 0.177998, 0.189925, 0.215168, 0.409859, 0.596259, 0.633964, 0.698231, 0.720145, 0.92177, 0.926277, 1, 

Generation #1
19,1235,0.001, 0.134196, 0.246102, 0.297956, 0.381329, 0.573457, 0.580481, 0.699013, 0.770173, 0.836659, 1, 

20,110,0.001, 0.0155353, 0.0243302, 0.105445, 0.195495, 0.198057, 0.24669, 0.247396, 0.386577, 0.393349, 0.450024, 1, 

26,80,0.001, 0.00422614, 0.0136713, 0.0525589, 0.0803923, 0.103361, 0.173921, 0.180791, 0.212741, 0.231487, 0.236301, 0.273985, 0.399468, 0.439315, 0.861739, 0.478977, 0.524879, 0.570179, 0.958496, 1, 

Generation #2
20,110,0.001, 0.0155353, 0.0243302, 0.105445, 0.195495, 0.198057, 0.24669, 0.247396, 0.386577, 0.393349, 0.450024, 1, 

26,80,0.001, 0.00422614, 0.0136713, 0.0525589, 0.0803923, 0.103361, 0.173921, 0.180791, 0.212741, 0.231487, 0.236301, 0.273985, 0.399468, 0.439315, 0.861739, 0.478977, 0.524879, 0.570179, 0.958496, 1, 

18,285,0.001, 0.0479474, 0.0492128, 0.0522178, 0.0739999, 0.0949711, 0.122924, 0.183711, 0.764969, 0.970711, 1, 

25,100,0.001, 0.0155353, 0.0243302, 0.105445, 0.195495, 0.198057, 0.157946, 0.245838, 0.253372, 0.170108, 0.637818, 0.653855, 0.664092, 0.716551, 0.730872, 0.940128, 0.949004, 1, 

Generation #3
26,80,0.001, 0.00422614, 0.0136713, 0.0525589, 0.0803923, 0.103361, 0.173921, 0.180791, 0.212741, 0.231487, 0.236301, 0.273985, 0.399468, 0.439315, 0.861739, 0.478977, 0.524879, 0.570179, 0.958496, 1, 

18,82,0.001, 0.0155353, 0.0243302, 0.105445, 0.195495, 0.198057, 0.24669, 0.247396, 0.386577, 0.329048, 0.977064, 1, 

Generation #4
26,80,0.001, 0.00422614, 0.0136713, 0.0525589, 0.0803923, 0.103361, 0.173921, 0.180791, 0.212741, 0.231487, 0.236301, 0.273985, 0.399468, 0.439315, 0.861739, 0.478977, 0.524879, 0.570179, 0.958496, 1, 

18,82,0.001, 0.0155353, 0.0243302, 0.105445, 0.195495, 0.198057, 0.24669, 0.247396, 0.386577, 0.329048, 0.977064, 1, 

Generation #5
26,80,0.001, 0.00422614, 0.0136713, 0.0525589, 0.0803923, 0.103361, 0.173921, 0.180791, 0.212741, 0.231487, 0.236301, 0.273985, 0.399468, 0.439315, 0.861739, 0.478977, 0.524879, 0.570179, 0.958496, 1, 

18,82,0.001, 0.0155353, 0.0243302, 0.105445, 0.195495, 0.198057, 0.24669, 0.247396, 0.386577, 0.329048, 0.977064, 1, 

17,182,0.001, 0.0171019, 0.027534, 0.0346305, 0.195495, 0.103361, 0.173921, 0.180791, 0.664708, 0.847669, 1, 

Generation #6
26,80,0.001, 0.00422614, 0.0136713, 0.0525589, 0.0803923, 0.103361, 0.173921, 0.180791, 0.212741, 0.231487, 0.236301, 0.273985, 0.399468, 0.439315, 0.861739, 0.478977, 0.524879, 0.570179, 0.958496, 1, 

18,82,0.001, 0.0155353, 0.0243302, 0.105445, 0.195495, 0.198057, 0.24669, 0.247396, 0.386577, 0.329048, 0.977064, 1, 

17,182,0.001, 0.0171019, 0.027534, 0.0346305, 0.195495, 0.103361, 0.173921, 0.180791, 0.664708, 0.847669, 1, 

Generation #7
18,82,0.001, 0.0155353, 0.0243302, 0.105445, 0.195495, 0.198057, 0.24669, 0.247396, 0.386577, 0.329048, 0.977064, 1, 

23,76,0.001, 0.00422614, 0.0136713, 0.0525589, 0.0803923, 0.103361, 0.173921, 0.180791, 0.212741, 0.772885, 0.808234, 0.6311, 0.848957, 0.261141, 0.896105, 1, 

17,86,0.001, 0.00422614, 0.0136713, 0.0525589, 0.0803923, 0.103361, 0.173921, 0.180791, 0.970711, 1, 

19,79,0.001, 0.00422614, 0.0136713, 0.0525589, 0.0803923, 0.103361, 0.173921, 0.180791, 0.212741, 0.231487, 0.236301, 0.964576, 1, 

Generation #8
17,73,0.001, 0.0171019, 0.027534, 0.0346305, 0.0461043, 0.0553095, 0.173921, 0.180791, 0.766265, 0.254911, 0.836659, 1, 

16,99,0.001, 0.0171019, 0.027534, 0.0346305, 0.0461043, 0.0553095, 0.173921, 0.0514058, 0.847669, 1, 

24,66,0.001, 0.00422614, 0.0136713, 0.0346305, 0.0461043, 0.0553095, 0.0805393, 0.377515, 0.383365, 0.457817, 0.458763, 0.499446, 0.626376, 0.630742, 0.478977, 0.753788, 0.850258, 0.915041, 1, 

Generation #9
16,97,0.001, 0.00422614, 0.0136713, 0.0525589, 0.0803923, 0.103361, 0.173921, 0.212741, 0.847669, 1, 

17,63,0.001, 0.00422614, 0.0136713, 0.0525589, 0.0803923, 0.0553095, 0.0805393, 0.377515, 0.383365, 0.457817, 1, 

24,62,0.001, 0.00422614, 0.0136713, 0.0346305, 0.0461043, 0.0553095, 0.0805393, 0.377515, 0.383365, 0.457817, 0.458763, 0.499446, 0.626376, 0.630742, 0.478977, 0.850258, 0.915041, 1, 

Generation #10
16,97,0.001, 0.00422614, 0.0136713, 0.0525589, 0.0803923, 0.103361, 0.173921, 0.212741, 0.847669, 1, 

17,63,0.001, 0.00422614, 0.0136713, 0.0525589, 0.0803923, 0.0553095, 0.0805393, 0.377515, 0.383365, 0.457817, 1, 

18,59,0.001, 0.00422614, 0.0136713, 0.0346305, 0.0461043, 0.0553095, 0.0805393, 0.377515, 0.383365, 0.457817, 1, 

Generation #11
17,63,0.001, 0.00422614, 0.0136713, 0.0525589, 0.0803923, 0.0553095, 0.0805393, 0.377515, 0.383365, 0.457817, 1, 

18,59,0.001, 0.00422614, 0.0136713, 0.0346305, 0.0461043, 0.0553095, 0.0805393, 0.377515, 0.383365, 0.457817, 1, 

16,70,0.001, 0.00422614, 0.0136713, 0.0525589, 0.0803923, 0.0553095, 0.0805393, 0.383365, 0.457817, 1, 

Generation #12
15,94,0.001, 0.00422614, 0.0136713, 0.0525589, 0.0803923, 0.103361, 0.173921, 0.457817, 1, 

16,58,0.001, 0.00422614, 0.0136713, 0.0346305, 0.0461043, 0.0805393, 0.377515, 0.383365, 0.457817, 1, 

Generation #13
15,94,0.001, 0.00422614, 0.0136713, 0.0525589, 0.0803923, 0.103361, 0.173921, 0.457817, 1, 

16,58,0.001, 0.00422614, 0.0136713, 0.0346305, 0.0461043, 0.0805393, 0.377515, 0.383365, 0.457817, 1, 

Generation #14
15,58,0.001, 0.00422614, 0.0136713, 0.0525589, 0.0461043, 0.0553095, 0.173921, 0.180791, 0.970711, 1, 

Generation #15
15,58,0.001, 0.00422614, 0.0136713, 0.0525589, 0.0461043, 0.0553095, 0.173921, 0.180791, 0.970711, 1, 

Generation #16
14,53,0.001, 0.00422614, 0.0136713, 0.0346305, 0.0803923, 0.0805393, 0.383365, 0.970711, 1, 

Generation #17
14,53,0.001, 0.00422614, 0.0136713, 0.0346305, 0.0803923, 0.0805393, 0.383365, 0.970711, 1, 

Generation #18
14,53,0.001, 0.00422614, 0.0136713, 0.0346305, 0.0803923, 0.0805393, 0.383365, 0.970711, 1, 

Generation #19
14,53,0.001, 0.00422614, 0.0136713, 0.0346305, 0.0803923, 0.0805393, 0.383365, 0.970711, 1, 

Generation #20
14,53,0.001, 0.00422614, 0.0136713, 0.0346305, 0.0803923, 0.0805393, 0.383365, 0.970711, 1, 

Generation #21
14,53,0.001, 0.00422614, 0.0136713, 0.0346305, 0.0803923, 0.0805393, 0.383365, 0.970711, 1, 

Generation #22
14,53,0.001, 0.00422614, 0.0136713, 0.0346305, 0.0803923, 0.0805393, 0.383365, 0.970711, 1, 

Generation #23
14,53,0.001, 0.00422614, 0.0136713, 0.0346305, 0.0803923, 0.0805393, 0.383365, 0.970711, 1, 

13,189,0.001, 0.00422614, 0.0136713, 0.103361, 0.173921, 0.383365, 1, 

Generation #24
14,53,0.001, 0.00422614, 0.0136713, 0.0346305, 0.0803923, 0.0805393, 0.383365, 0.970711, 1, 

13,189,0.001, 0.00422614, 0.0136713, 0.103361, 0.173921, 0.383365, 1, 

Generation #25
14,53,0.001, 0.00422614, 0.0136713, 0.0346305, 0.0803923, 0.0805393, 0.383365, 0.970711, 1, 

13,189,0.001, 0.00422614, 0.0136713, 0.103361, 0.173921, 0.383365, 1, 

Generation #26
14,53,0.001, 0.00422614, 0.0136713, 0.0346305, 0.0803923, 0.0805393, 0.383365, 0.970711, 1, 

13,189,0.001, 0.00422614, 0.0136713, 0.103361, 0.173921, 0.383365, 1, 

Generation #27
14,53,0.001, 0.00422614, 0.0136713, 0.0346305, 0.0803923, 0.0805393, 0.383365, 0.970711, 1, 

13,189,0.001, 0.00422614, 0.0136713, 0.103361, 0.173921, 0.383365, 1, 

Generation #28
14,53,0.001, 0.00422614, 0.0136713, 0.0346305, 0.0803923, 0.0805393, 0.383365, 0.970711, 1, 

13,169,0.001, 0.00422614, 0.0136713, 0.0346305, 0.383365, 1, 

Generation #29
14,53,0.001, 0.00422614, 0.0136713, 0.0346305, 0.0803923, 0.0805393, 0.383365, 0.970711, 1, 

13,169,0.001, 0.00422614, 0.0136713, 0.0346305, 0.383365, 1, 

Generation #30
14,53,0.001, 0.00422614, 0.0136713, 0.0346305, 0.0803923, 0.0805393, 0.383365, 0.970711, 1, 

13,167,0.001, 0.00422614, 0.0136713, 0.0346305, 0.383365, 1, 

Generation #31
14,53,0.001, 0.00422614, 0.0136713, 0.0346305, 0.0803923, 0.0805393, 0.383365, 0.970711, 1, 

13,167,0.001, 0.00422614, 0.0136713, 0.0346305, 0.383365, 1, 

15,52,0.001, 0.00422614, 0.0136713, 0.0346305, 0.0461043, 0.103361, 0.173921, 0.180791, 0.970711, 1, 

Generation #32
14,53,0.001, 0.00422614, 0.0136713, 0.0346305, 0.0803923, 0.0805393, 0.383365, 0.970711, 1, 

13,167,0.001, 0.00422614, 0.0136713, 0.0346305, 0.383365, 1, 

15,52,0.001, 0.00422614, 0.0136713, 0.0346305, 0.0461043, 0.103361, 0.173921, 0.180791, 0.970711, 1, 

24,49,0.001, 0.00422614, 0.0136713, 0.0346305, 0.0461043, 0.0553095, 0.0805393, 0.377515, 0.383365, 0.457817, 0.458763, 0.499446, 0.626376, 0.630742, 0.478977, 0.753788, 0.850258, 0.915041, 1, 

Generation #33
14,53,0.001, 0.00422614, 0.0136713, 0.0346305, 0.0803923, 0.0805393, 0.383365, 0.970711, 1, 

13,167,0.001, 0.00422614, 0.0136713, 0.0346305, 0.383365, 1, 

15,52,0.001, 0.00422614, 0.0136713, 0.0346305, 0.0461043, 0.103361, 0.173921, 0.180791, 0.970711, 1, 

24,49,0.001, 0.00422614, 0.0136713, 0.0346305, 0.0461043, 0.0553095, 0.0805393, 0.377515, 0.383365, 0.457817, 0.458763, 0.499446, 0.626376, 0.630742, 0.478977, 0.753788, 0.850258, 0.915041, 1, 

Generation #34
14,53,0.001, 0.00422614, 0.0136713, 0.0346305, 0.0803923, 0.0805393, 0.383365, 0.970711, 1, 

15,52,0.001, 0.00422614, 0.0136713, 0.0346305, 0.0461043, 0.103361, 0.173921, 0.180791, 0.970711, 1, 

24,49,0.001, 0.00422614, 0.0136713, 0.0346305, 0.0461043, 0.0553095, 0.0805393, 0.377515, 0.383365, 0.457817, 0.458763, 0.499446, 0.626376, 0.630742, 0.478977, 0.753788, 0.850258, 0.915041, 1, 

13,125,0.001, 0.00422614, 0.0136713, 0.0346305, 0.0461043, 1, 

Generation #35
14,53,0.001, 0.00422614, 0.0136713, 0.0346305, 0.0803923, 0.0805393, 0.383365, 0.970711, 1, 

15,52,0.001, 0.00422614, 0.0136713, 0.0346305, 0.0461043, 0.103361, 0.173921, 0.180791, 0.970711, 1, 

24,49,0.001, 0.00422614, 0.0136713, 0.0346305, 0.0461043, 0.0553095, 0.0805393, 0.377515, 0.383365, 0.457817, 0.458763, 0.499446, 0.626376, 0.630742, 0.478977, 0.753788, 0.850258, 0.915041, 1, 

13,125,0.001, 0.00422614, 0.0136713, 0.0346305, 0.0461043, 1, 

Generation #36
14,53,0.001, 0.00422614, 0.0136713, 0.0346305, 0.0803923, 0.0805393, 0.383365, 0.970711, 1, 

15,52,0.001, 0.00422614, 0.0136713, 0.0346305, 0.0461043, 0.103361, 0.173921, 0.180791, 0.970711, 1, 

24,49,0.001, 0.00422614, 0.0136713, 0.0346305, 0.0461043, 0.0553095, 0.0805393, 0.377515, 0.383365, 0.457817, 0.458763, 0.499446, 0.626376, 0.630742, 0.478977, 0.753788, 0.850258, 0.915041, 1, 

13,125,0.001, 0.00422614, 0.0136713, 0.0346305, 0.0461043, 1, 

Generation #37
14,53,0.001, 0.00422614, 0.0136713, 0.0346305, 0.0803923, 0.0805393, 0.383365, 0.970711, 1, 

15,52,0.001, 0.00422614, 0.0136713, 0.0346305, 0.0461043, 0.103361, 0.173921, 0.180791, 0.970711, 1, 

24,49,0.001, 0.00422614, 0.0136713, 0.0346305, 0.0461043, 0.0553095, 0.0805393, 0.377515, 0.383365, 0.457817, 0.458763, 0.499446, 0.626376, 0.630742, 0.478977, 0.753788, 0.850258, 0.915041, 1, 

13,125,0.001, 0.00422614, 0.0136713, 0.0346305, 0.0461043, 1, 

Generation #38
14,53,0.001, 0.00422614, 0.0136713, 0.0346305, 0.0803923, 0.0805393, 0.383365, 0.970711, 1, 

15,52,0.001, 0.00422614, 0.0136713, 0.0346305, 0.0461043, 0.103361, 0.173921, 0.180791, 0.970711, 1, 

24,49,0.001, 0.00422614, 0.0136713, 0.0346305, 0.0461043, 0.0553095, 0.0805393, 0.377515, 0.383365, 0.457817, 0.458763, 0.499446, 0.626376, 0.630742, 0.478977, 0.753788, 0.850258, 0.915041, 1, 

13,120,0.001, 0.00422614, 0.0136713, 0.0346305, 0.0461043, 0.383365, 1, 

Generation #39
14,53,0.001, 0.00422614, 0.0136713, 0.0346305, 0.0803923, 0.0805393, 0.383365, 0.970711, 1, 

15,52,0.001, 0.00422614, 0.0136713, 0.0346305, 0.0461043, 0.103361, 0.173921, 0.180791, 0.970711, 1, 

24,49,0.001, 0.00422614, 0.0136713, 0.0346305, 0.0461043, 0.0553095, 0.0805393, 0.377515, 0.383365, 0.457817, 0.458763, 0.499446, 0.626376, 0.630742, 0.478977, 0.753788, 0.850258, 0.915041, 1, 

13,120,0.001, 0.00422614, 0.0136713, 0.0346305, 0.0461043, 0.383365, 1, 

Generation #40
24,49,0.001, 0.00422614, 0.0136713, 0.0346305, 0.0461043, 0.0553095, 0.0805393, 0.377515, 0.383365, 0.457817, 0.458763, 0.499446, 0.626376, 0.630742, 0.478977, 0.753788, 0.850258, 0.915041, 1, 

13,114,0.001, 0.00422614, 0.0136713, 0.0346305, 0.0461043, 1, 

14,52,0.001, 0.00422614, 0.0136713, 0.0346305, 0.0461043, 0.0553095, 0.0864506, 0.377515, 1, 

Generation #41
24,49,0.001, 0.00422614, 0.0136713, 0.0346305, 0.0461043, 0.0553095, 0.0805393, 0.377515, 0.383365, 0.457817, 0.458763, 0.499446, 0.626376, 0.630742, 0.478977, 0.753788, 0.850258, 0.915041, 1, 

13,114,0.001, 0.00422614, 0.0136713, 0.0346305, 0.0461043, 1, 

14,52,0.001, 0.00422614, 0.0136713, 0.0346305, 0.0461043, 0.0553095, 0.0864506, 0.377515, 1, 

Generation #42
24,49,0.001, 0.00422614, 0.0136713, 0.0346305, 0.0461043, 0.0553095, 0.0805393, 0.377515, 0.383365, 0.457817, 0.458763, 0.499446, 0.626376, 0.630742, 0.478977, 0.753788, 0.850258, 0.915041, 1, 

13,114,0.001, 0.00422614, 0.0136713, 0.0346305, 0.0461043, 1, 

14,52,0.001, 0.00422614, 0.0136713, 0.0346305, 0.0461043, 0.0553095, 0.0864506, 0.377515, 1, 

Generation #43
24,49,0.001, 0.00422614, 0.0136713, 0.0346305, 0.0461043, 0.0553095, 0.0805393, 0.377515, 0.383365, 0.457817, 0.458763, 0.499446, 0.626376, 0.630742, 0.478977, 0.753788, 0.850258, 0.915041, 1, 

14,52,0.001, 0.00422614, 0.0136713, 0.0346305, 0.0461043, 0.0553095, 0.0864506, 0.377515, 1, 

13,78,0.001, 0.00422614, 0.0136713, 0.0346305, 0.0461043, 0.383365, 1, 

Generation #44
24,49,0.001, 0.00422614, 0.0136713, 0.0346305, 0.0461043, 0.0553095, 0.0805393, 0.377515, 0.383365, 0.457817, 0.458763, 0.499446, 0.626376, 0.630742, 0.478977, 0.753788, 0.850258, 0.915041, 1, 

14,52,0.001, 0.00422614, 0.0136713, 0.0346305, 0.0461043, 0.0553095, 0.0864506, 0.377515, 1, 

13,78,0.001, 0.00422614, 0.0136713, 0.0346305, 0.0461043, 0.383365, 1, 

Generation #45
24,49,0.001, 0.00422614, 0.0136713, 0.0346305, 0.0461043, 0.0553095, 0.0805393, 0.377515, 0.383365, 0.457817, 0.458763, 0.499446, 0.626376, 0.630742, 0.478977, 0.753788, 0.850258, 0.915041, 1, 

14,52,0.001, 0.00422614, 0.0136713, 0.0346305, 0.0461043, 0.0553095, 0.0864506, 0.377515, 1, 

13,78,0.001, 0.00422614, 0.0136713, 0.0346305, 0.0461043, 0.383365, 1, 

12,401,0.001, 0.00422614, 0.0136713, 0.0346305, 0.0461043, 1, 

Generation #46
24,49,0.001, 0.00422614, 0.0136713, 0.0346305, 0.0461043, 0.0553095, 0.0805393, 0.377515, 0.383365, 0.457817, 0.458763, 0.499446, 0.626376, 0.630742, 0.478977, 0.753788, 0.850258, 0.915041, 1, 

14,52,0.001, 0.00422614, 0.0136713, 0.0346305, 0.0461043, 0.0553095, 0.0864506, 0.377515, 1, 

13,78,0.001, 0.00422614, 0.0136713, 0.0346305, 0.0461043, 0.383365, 1, 

12,401,0.001, 0.00422614, 0.0136713, 0.0346305, 0.0461043, 1, 

15,50,0.001, 0.00422614, 0.0136713, 0.0346305, 0.0461043, 0.0247501, 0.173921, 0.180791, 0.970711, 1, 

Generation #47
24,49,0.001, 0.00422614, 0.0136713, 0.0346305, 0.0461043, 0.0553095, 0.0805393, 0.377515, 0.383365, 0.457817, 0.458763, 0.499446, 0.626376, 0.630742, 0.478977, 0.753788, 0.850258, 0.915041, 1, 

14,52,0.001, 0.00422614, 0.0136713, 0.0346305, 0.0461043, 0.0553095, 0.0864506, 0.377515, 1, 

13,78,0.001, 0.00422614, 0.0136713, 0.0346305, 0.0461043, 0.383365, 1, 

12,401,0.001, 0.00422614, 0.0136713, 0.0346305, 0.0461043, 1, 

15,50,0.001, 0.00422614, 0.0136713, 0.0346305, 0.0461043, 0.0247501, 0.173921, 0.180791, 0.970711, 1, 

Generation #48
24,49,0.001, 0.00422614, 0.0136713, 0.0346305, 0.0461043, 0.0553095, 0.0805393, 0.377515, 0.383365, 0.457817, 0.458763, 0.499446, 0.626376, 0.630742, 0.478977, 0.753788, 0.850258, 0.915041, 1, 

14,52,0.001, 0.00422614, 0.0136713, 0.0346305, 0.0461043, 0.0553095, 0.0864506, 0.377515, 1, 

13,78,0.001, 0.00422614, 0.0136713, 0.0346305, 0.0461043, 0.383365, 1, 

12,401,0.001, 0.00422614, 0.0136713, 0.0346305, 0.0461043, 1, 

15,50,0.001, 0.00422614, 0.0136713, 0.0346305, 0.0461043, 0.0247501, 0.173921, 0.180791, 0.970711, 1, 

Generation #49
24,49,0.001, 0.00422614, 0.0136713, 0.0346305, 0.0461043, 0.0553095, 0.0805393, 0.377515, 0.383365, 0.457817, 0.458763, 0.499446, 0.626376, 0.630742, 0.478977, 0.753788, 0.850258, 0.915041, 1, 

14,52,0.001, 0.00422614, 0.0136713, 0.0346305, 0.0461043, 0.0553095, 0.0864506, 0.377515, 1, 

13,78,0.001, 0.00422614, 0.0136713, 0.0346305, 0.0461043, 0.383365, 1, 

12,401,0.001, 0.00422614, 0.0136713, 0.0346305, 0.0461043, 1, 

15,50,0.001, 0.00422614, 0.0136713, 0.0346305, 0.0461043, 0.0247501, 0.173921, 0.180791, 0.970711, 1, 

--- Pareto Front Solutions ---
Solution 0: N total=42 (N_initial=18, N_added=24), Time total=53 ms, Saved to: ./results/2^30_t2_l2_pareto_0.csv, percents=0.001, 0.00422614, 0.0136713, 0.0346305, 0.0461043, 0.0553095, 0.0805393, 0.377515, 0.383365, 0.457817, 0.458763, 0.499446, 0.626376, 0.630742, 0.478977, 0.753788, 0.850258, 0.915041, 1, 

Solution 1: N total=32 (N_initial=18, N_added=14), Time total=56 ms, Saved to: ./results/2^30_t2_l2_pareto_1.csv, percents=0.001, 0.00422614, 0.0136713, 0.0346305, 0.0461043, 0.0553095, 0.0864506, 0.377515, 1, 

Solution 2: N total=31 (N_initial=18, N_added=13), Time total=82 ms, Saved to: ./results/2^30_t2_l2_pareto_2.csv, percents=0.001, 0.00422614, 0.0136713, 0.0346305, 0.0461043, 0.383365, 1, 

Solution 3: N total=30 (N_initial=18, N_added=12), Time total=405 ms, Saved to: ./results/2^30_t2_l2_pareto_3.csv, percents=0.001, 0.00422614, 0.0136713, 0.0346305, 0.0461043, 1, 

Solution 4: N total=33 (N_initial=18, N_added=15), Time total=54 ms, Saved to: ./results/2^30_t2_l2_pareto_4.csv, percents=0.001, 0.00422614, 0.0136713, 0.0346305, 0.0461043, 0.0247501, 0.173921, 0.180791, 0.970711, 1, 

------------d=1, t=2, lambda=3, filename=./evaluation/2^30-t2_l3.csv------------
Grouping d-sets by partitioned row counts for detecting arrays...
Ready to look at pairs for detecting arrays...
First Stage N=24, Time=4
There are 6315 remaining non-locating pairs
--- Running GA Algorithm (phase2) ---
Running GA with std::execution::par
Generation #0
18,342,0.001, 0.0614264, 0.23542, 0.25345, 0.406833, 0.413053, 0.72481, 0.747728, 0.801648, 0.961899, 1, 

21,328,0.001, 0.050587, 0.0960157, 0.12063, 0.385249, 0.456647, 0.471507, 0.545986, 0.634307, 0.646168, 0.765199, 0.896847, 0.920718, 1, 

34,161,0.001, 0.0302598, 0.0497339, 0.0790715, 0.290776, 0.322151, 0.400943, 0.425142, 0.444202, 0.444697, 0.448719, 0.509551, 0.520629, 0.527502, 0.529562, 0.539347, 0.559177, 0.683563, 0.714024, 0.728182, 0.74706, 0.763767, 0.839102, 0.847371, 0.84841, 0.943172, 0.945688, 1, 

23,223,0.001, 0.0217972, 0.125793, 0.204981, 0.270315, 0.297793, 0.419573, 0.422586, 0.422617, 0.639656, 0.6982, 0.749923, 0.811636, 0.814076, 0.935319, 1, 

35,42,0.001, 0.00390181, 0.0108842, 0.0279205, 0.0501966, 0.0561238, 0.0944361, 0.0990809, 0.108649, 0.115289, 0.152896, 0.163043, 0.204181, 0.332735, 0.342445, 0.373126, 0.38958, 0.542997, 0.581045, 0.584694, 0.597829, 0.605918, 0.653741, 0.710694, 0.717953, 0.73827, 0.742473, 0.871875, 0.918935, 0.979133, 1, 

Generation #1
35,42,0.001, 0.00390181, 0.0108842, 0.0279205, 0.0501966, 0.0561238, 0.0944361, 0.0990809, 0.108649, 0.115289, 0.152896, 0.163043, 0.204181, 0.332735, 0.342445, 0.373126, 0.38958, 0.542997, 0.581045, 0.584694, 0.597829, 0.605918, 0.653741, 0.710694, 0.717953, 0.73827, 0.742473, 0.871875, 0.918935, 0.979133, 1, 

31,109,0.001, 0.0236395, 0.0393381, 0.0824525, 0.0833619, 0.106889, 0.147774, 0.168651, 0.188604, 0.211109, 0.507774, 0.33819, 0.361767, 0.48143, 0.499952, 0.530796, 0.60585, 0.619097, 0.624713, 0.659124, 0.664727, 0.849312, 0.863872, 0.893986, 0.912511, 1, 

18,284,0.001, 0.0438038, 0.158036, 0.231705, 0.266829, 0.337051, 0.439246, 0.501837, 0.66791, 0.917857, 1, 

28,114,0.001, 0.0236395, 0.0439483, 0.0995784, 0.141341, 0.172741, 0.24401, 0.484911, 0.502868, 0.504774, 0.611574, 0.613524, 0.636818, 0.67039, 0.692948, 0.753563, 0.754266, 0.905183, 0.98021, 0.992535, 1, 

19,131,0.001, 0.0302598, 0.0497339, 0.0790715, 0.290776, 0.732897, 0.744111, 0.828546, 0.990111, 0.993945, 0.995053, 1, 

Generation #2
18,102,0.001, 0.0236395, 0.0393381, 0.0824525, 0.0833619, 0.106889, 0.147774, 0.168651, 0.793551, 0.794705, 0.825846, 1, 

16,116,0.001, 0.0258035, 0.0449989, 0.048931, 0.0558944, 0.413053, 0.72481, 0.747728, 0.801648, 1, 

33,37,0.001, 0.00390181, 0.0108842, 0.0279205, 0.0501966, 0.0561238, 0.0944361, 0.250026, 0.293641, 0.323902, 0.328529, 0.330305, 0.467804, 0.543155, 0.611531, 0.612931, 0.660203, 0.693413, 0.693828, 0.704383, 0.730619, 0.841298, 0.859086, 0.87133, 0.916242, 0.922383, 0.929124, 0.93752, 1, 

Generation #3
16,116,0.001, 0.0258035, 0.0449989, 0.048931, 0.0558944, 0.413053, 0.72481, 0.747728, 0.801648, 1, 

33,37,0.001, 0.00390181, 0.0108842, 0.0279205, 0.0501966, 0.0561238, 0.0944361, 0.250026, 0.293641, 0.323902, 0.328529, 0.330305, 0.467804, 0.543155, 0.611531, 0.612931, 0.660203, 0.693413, 0.693828, 0.704383, 0.730619, 0.841298, 0.859086, 0.87133, 0.916242, 0.922383, 0.929124, 0.93752, 1, 

24,47,0.001, 0.00390181, 0.0108842, 0.0279205, 0.0501966, 0.0561238, 0.0944361, 0.0990809, 0.108649, 0.115289, 0.152896, 0.163043, 0.204181, 0.332735, 0.926222, 0.929397, 0.943458, 0.994688, 1, 

17,95,0.001, 0.0258035, 0.0449989, 0.048931, 0.0558944, 0.176452, 0.181392, 0.1861, 0.20192, 0.23697, 0.261239, 0.950067, 1, 

Generation #4
33,37,0.001, 0.00390181, 0.0108842, 0.0279205, 0.0501966, 0.0561238, 0.0944361, 0.250026, 0.293641, 0.323902, 0.328529, 0.330305, 0.467804, 0.543155, 0.611531, 0.612931, 0.660203, 0.693413, 0.693828, 0.704383, 0.730619, 0.841298, 0.859086, 0.87133, 0.916242, 0.922383, 0.929124, 0.93752, 1, 

24,47,0.001, 0.00390181, 0.0108842, 0.0279205, 0.0501966, 0.0561238, 0.0944361, 0.0990809, 0.108649, 0.115289, 0.152896, 0.163043, 0.204181, 0.332735, 0.926222, 0.929397, 0.943458, 0.994688, 1, 

16,94,0.001, 0.0236395, 0.0393381, 0.0824525, 0.266829, 0.337051, 0.439246, 0.501837, 0.66791, 0.917857, 1, 

Generation #5
16,49,0.001, 0.00390181, 0.0108842, 0.0279205, 0.0501966, 0.0561238, 0.0944361, 0.250026, 0.293641, 0.323902, 0.917857, 1, 

15,111,0.001, 0.0236395, 0.0439483, 0.0995784, 0.141341, 0.172741, 0.24401, 0.250026, 0.801648, 1, 

19,37,0.001, 0.00390181, 0.0108842, 0.0279205, 0.0501966, 0.0561238, 0.0944361, 0.168651, 0.793551, 0.794705, 0.825846, 0.846481, 0.925358, 0.931705, 1, 

Generation #6
19,37,0.001, 0.00390181, 0.0108842, 0.0279205, 0.0501966, 0.0561238, 0.0944361, 0.168651, 0.793551, 0.794705, 0.825846, 0.846481, 0.925358, 0.931705, 1, 

14,109,0.001, 0.0236395, 0.0393381, 0.0824525, 0.0833619, 0.106889, 0.147774, 0.801648, 1, 

15,38,0.001, 0.00390181, 0.0108842, 0.0279205, 0.0501966, 0.0561238, 0.0944361, 0.250026, 0.293641, 1, 

Generation #7
14,34,0.001, 0.00390181, 0.0108842, 0.0279205, 0.0501966, 0.0561238, 0.0944361, 0.250026, 0.801648, 1, 

Generation #8
14,34,0.001, 0.00390181, 0.0108842, 0.0279205, 0.0501966, 0.0561238, 0.0944361, 0.250026, 0.801648, 1, 

Generation #9
14,29,0.001, 0.00390181, 0.0108842, 0.0279205, 0.0501966, 0.0561238, 0.0944361, 0.250026, 0.293641, 1, 

Generation #10
14,29,0.001, 0.00390181, 0.0108842, 0.0279205, 0.0501966, 0.0561238, 0.0944361, 0.250026, 0.293641, 1, 

Generation #11
14,29,0.001, 0.00390181, 0.0108842, 0.0279205, 0.0501966, 0.0561238, 0.0944361, 0.250026, 0.293641, 1, 

13,52,0.001, 0.00390181, 0.0108842, 0.0501966, 0.0561238, 0.0944361, 0.250026, 1, 

Generation #12
14,29,0.001, 0.00390181, 0.0108842, 0.0279205, 0.0501966, 0.0561238, 0.0944361, 0.250026, 0.293641, 1, 

13,52,0.001, 0.00390181, 0.0108842, 0.0501966, 0.0561238, 0.0944361, 0.250026, 1, 

Generation #13
14,29,0.001, 0.00390181, 0.0108842, 0.0279205, 0.0501966, 0.0561238, 0.0944361, 0.250026, 0.293641, 1, 

13,51,0.001, 0.00390181, 0.0108842, 0.0279205, 0.0501966, 0.0561238, 0.0944361, 0.250026, 1, 

Generation #14
14,29,0.001, 0.00390181, 0.0108842, 0.0279205, 0.0501966, 0.0561238, 0.0944361, 0.250026, 0.293641, 1, 

13,39,0.001, 0.00390181, 0.0108842, 0.0279205, 0.0501966, 0.0944361, 0.250026, 1, 

Generation #15
14,29,0.001, 0.00390181, 0.0108842, 0.0279205, 0.0501966, 0.0561238, 0.0944361, 0.250026, 0.293641, 1, 

13,39,0.001, 0.00390181, 0.0108842, 0.0279205, 0.0501966, 0.0944361, 0.250026, 1, 

Generation #16
14,29,0.001, 0.00390181, 0.0108842, 0.0279205, 0.0501966, 0.0561238, 0.0944361, 0.250026, 0.293641, 1, 

12,38,0.001, 0.00390181, 0.0108842, 0.0279205, 0.0501966, 0.0944361, 0.250026, 1, 

Generation #17
14,29,0.001, 0.00390181, 0.0108842, 0.0279205, 0.0501966, 0.0561238, 0.0944361, 0.250026, 0.293641, 1, 

12,38,0.001, 0.00390181, 0.0108842, 0.0279205, 0.0501966, 0.0944361, 0.250026, 1, 

Generation #18
14,29,0.001, 0.00390181, 0.0108842, 0.0279205, 0.0501966, 0.0561238, 0.0944361, 0.250026, 0.293641, 1, 

12,38,0.001, 0.00390181, 0.0108842, 0.0279205, 0.0501966, 0.0944361, 0.250026, 1, 

Generation #19
14,29,0.001, 0.00390181, 0.0108842, 0.0279205, 0.0501966, 0.0561238, 0.0944361, 0.250026, 0.293641, 1, 

12,38,0.001, 0.00390181, 0.0108842, 0.0279205, 0.0501966, 0.0944361, 0.250026, 1, 

Generation #20
14,29,0.001, 0.00390181, 0.0108842, 0.0279205, 0.0501966, 0.0561238, 0.0944361, 0.250026, 0.293641, 1, 

12,38,0.001, 0.00390181, 0.0108842, 0.0279205, 0.0501966, 0.0944361, 0.250026, 1, 

Generation #21
14,29,0.001, 0.00390181, 0.0108842, 0.0279205, 0.0501966, 0.0561238, 0.0944361, 0.250026, 0.293641, 1, 

12,38,0.001, 0.00390181, 0.0108842, 0.0279205, 0.0501966, 0.0944361, 0.250026, 1, 

11,118,0.001, 0.00390181, 0.0108842, 0.0279205, 0.147774, 1, 

Generation #22
14,29,0.001, 0.00390181, 0.0108842, 0.0279205, 0.0501966, 0.0561238, 0.0944361, 0.250026, 0.293641, 1, 

12,38,0.001, 0.00390181, 0.0108842, 0.0279205, 0.0501966, 0.0944361, 0.250026, 1, 

11,118,0.001, 0.00390181, 0.0108842, 0.0279205, 0.147774, 1, 

13,36,0.001, 0.00390181, 0.0108842, 0.0279205, 0.0501966, 0.0561238, 0.0691018, 1, 

Generation #23
14,29,0.001, 0.00390181, 0.0108842, 0.0279205, 0.0501966, 0.0561238, 0.0944361, 0.250026, 0.293641, 1, 

12,38,0.001, 0.00390181, 0.0108842, 0.0279205, 0.0501966, 0.0944361, 0.250026, 1, 

11,118,0.001, 0.00390181, 0.0108842, 0.0279205, 0.147774, 1, 

13,36,0.001, 0.00390181, 0.0108842, 0.0279205, 0.0501966, 0.0561238, 0.0691018, 1, 

Generation #24
14,29,0.001, 0.00390181, 0.0108842, 0.0279205, 0.0501966, 0.0561238, 0.0944361, 0.250026, 0.293641, 1, 

12,38,0.001, 0.00390181, 0.0108842, 0.0279205, 0.0501966, 0.0944361, 0.250026, 1, 

11,118,0.001, 0.00390181, 0.0108842, 0.0279205, 0.147774, 1, 

13,36,0.001, 0.00390181, 0.0108842, 0.0279205, 0.0501966, 0.0561238, 0.0691018, 1, 

Generation #25
14,29,0.001, 0.00390181, 0.0108842, 0.0279205, 0.0501966, 0.0561238, 0.0944361, 0.250026, 0.293641, 1, 

12,38,0.001, 0.00390181, 0.0108842, 0.0279205, 0.0501966, 0.0944361, 0.250026, 1, 

11,118,0.001, 0.00390181, 0.0108842, 0.0279205, 0.147774, 1, 

13,36,0.001, 0.00390181, 0.0108842, 0.0279205, 0.0501966, 0.0561238, 0.0691018, 1, 

Generation #26
14,29,0.001, 0.00390181, 0.0108842, 0.0279205, 0.0501966, 0.0561238, 0.0944361, 0.250026, 0.293641, 1, 

12,38,0.001, 0.00390181, 0.0108842, 0.0279205, 0.0501966, 0.0944361, 0.250026, 1, 

11,118,0.001, 0.00390181, 0.0108842, 0.0279205, 0.147774, 1, 

13,36,0.001, 0.00390181, 0.0108842, 0.0279205, 0.0501966, 0.0561238, 0.0691018, 1, 

Generation #27
14,29,0.001, 0.00390181, 0.0108842, 0.0279205, 0.0501966, 0.0561238, 0.0944361, 0.250026, 0.293641, 1, 

12,38,0.001, 0.00390181, 0.0108842, 0.0279205, 0.0501966, 0.0944361, 0.250026, 1, 

11,118,0.001, 0.00390181, 0.0108842, 0.0279205, 0.147774, 1, 

13,36,0.001, 0.00390181, 0.0108842, 0.0279205, 0.0501966, 0.0561238, 0.0691018, 1, 

Generation #28
12,38,0.001, 0.00390181, 0.0108842, 0.0279205, 0.0501966, 0.0944361, 0.250026, 1, 

11,118,0.001, 0.00390181, 0.0108842, 0.0279205, 0.147774, 1, 

13,28,0.001, 0.00390181, 0.0108842, 0.0279205, 0.0501966, 0.0561238, 0.147774, 0.250026, 0.293641, 1, 

Generation #29
12,38,0.001, 0.00390181, 0.0108842, 0.0279205, 0.0501966, 0.0944361, 0.250026, 1, 

11,118,0.001, 0.00390181, 0.0108842, 0.0279205, 0.147774, 1, 

13,28,0.001, 0.00390181, 0.0108842, 0.0279205, 0.0501966, 0.0561238, 0.147774, 0.250026, 0.293641, 1, 

Generation #30
12,38,0.001, 0.00390181, 0.0108842, 0.0279205, 0.0501966, 0.0944361, 0.250026, 1, 

11,118,0.001, 0.00390181, 0.0108842, 0.0279205, 0.147774, 1, 

13,28,0.001, 0.00390181, 0.0108842, 0.0279205, 0.0501966, 0.0561238, 0.147774, 0.250026, 0.293641, 1, 

Generation #31
12,38,0.001, 0.00390181, 0.0108842, 0.0279205, 0.0501966, 0.0944361, 0.250026, 1, 

11,118,0.001, 0.00390181, 0.0108842, 0.0279205, 0.147774, 1, 

13,28,0.001, 0.00390181, 0.0108842, 0.0279205, 0.0501966, 0.0561238, 0.147774, 0.250026, 0.293641, 1, 

Generation #32
12,38,0.001, 0.00390181, 0.0108842, 0.0279205, 0.0501966, 0.0944361, 0.250026, 1, 

13,28,0.001, 0.00390181, 0.0108842, 0.0279205, 0.0501966, 0.0561238, 0.147774, 0.250026, 0.293641, 1, 

11,112,0.001, 0.00390181, 0.0108842, 0.0279205, 0.147774, 1, 

Generation #33
12,38,0.001, 0.00390181, 0.0108842, 0.0279205, 0.0501966, 0.0944361, 0.250026, 1, 

13,28,0.001, 0.00390181, 0.0108842, 0.0279205, 0.0501966, 0.0561238, 0.147774, 0.250026, 0.293641, 1, 

11,112,0.001, 0.00390181, 0.0108842, 0.0279205, 0.147774, 1, 

Generation #34
12,38,0.001, 0.00390181, 0.0108842, 0.0279205, 0.0501966, 0.0944361, 0.250026, 1, 

13,28,0.001, 0.00390181, 0.0108842, 0.0279205, 0.0501966, 0.0561238, 0.147774, 0.250026, 0.293641, 1, 

11,112,0.001, 0.00390181, 0.0108842, 0.0279205, 0.147774, 1, 

Generation #35
12,38,0.001, 0.00390181, 0.0108842, 0.0279205, 0.0501966, 0.0944361, 0.250026, 1, 

13,28,0.001, 0.00390181, 0.0108842, 0.0279205, 0.0501966, 0.0561238, 0.147774, 0.250026, 0.293641, 1, 

11,112,0.001, 0.00390181, 0.0108842, 0.0279205, 0.147774, 1, 

Generation #36
13,28,0.001, 0.00390181, 0.0108842, 0.0279205, 0.0501966, 0.0561238, 0.147774, 0.250026, 0.293641, 1, 

12,36,0.001, 0.00390181, 0.0108842, 0.0279205, 0.0501966, 0.0944361, 0.250026, 1, 

11,107,0.001, 0.00390181, 0.0108842, 0.0279205, 0.147774, 1, 

Generation #37
13,28,0.001, 0.00390181, 0.0108842, 0.0279205, 0.0501966, 0.0561238, 0.147774, 0.250026, 0.293641, 1, 

12,36,0.001, 0.00390181, 0.0108842, 0.0279205, 0.0501966, 0.0944361, 0.250026, 1, 

11,107,0.001, 0.00390181, 0.0108842, 0.0279205, 0.147774, 1, 

Generation #38
13,28,0.001, 0.00390181, 0.0108842, 0.0279205, 0.0501966, 0.0561238, 0.147774, 0.250026, 0.293641, 1, 

12,36,0.001, 0.00390181, 0.0108842, 0.0279205, 0.0501966, 0.0944361, 0.250026, 1, 

11,107,0.001, 0.00390181, 0.0108842, 0.0279205, 0.147774, 1, 

Generation #39
13,28,0.001, 0.00390181, 0.0108842, 0.0279205, 0.0501966, 0.0561238, 0.147774, 0.250026, 0.293641, 1, 

12,36,0.001, 0.00390181, 0.0108842, 0.0279205, 0.0501966, 0.0944361, 0.250026, 1, 

11,107,0.001, 0.00390181, 0.0108842, 0.0279205, 0.147774, 1, 

Generation #40
13,28,0.001, 0.00390181, 0.0108842, 0.0279205, 0.0501966, 0.0561238, 0.147774, 0.250026, 0.293641, 1, 

12,36,0.001, 0.00390181, 0.0108842, 0.0279205, 0.0501966, 0.0944361, 0.250026, 1, 

11,107,0.001, 0.00390181, 0.0108842, 0.0279205, 0.147774, 1, 

Generation #41
13,28,0.001, 0.00390181, 0.0108842, 0.0279205, 0.0501966, 0.0561238, 0.147774, 0.250026, 0.293641, 1, 

12,36,0.001, 0.00390181, 0.0108842, 0.0279205, 0.0501966, 0.0944361, 0.250026, 1, 

11,107,0.001, 0.00390181, 0.0108842, 0.0279205, 0.147774, 1, 

Generation #42
13,28,0.001, 0.00390181, 0.0108842, 0.0279205, 0.0501966, 0.0561238, 0.147774, 0.250026, 0.293641, 1, 

12,36,0.001, 0.00390181, 0.0108842, 0.0279205, 0.0501966, 0.0944361, 0.250026, 1, 

11,107,0.001, 0.00390181, 0.0108842, 0.0279205, 0.147774, 1, 

Generation #43
13,28,0.001, 0.00390181, 0.0108842, 0.0279205, 0.0501966, 0.0561238, 0.147774, 0.250026, 0.293641, 1, 

12,36,0.001, 0.00390181, 0.0108842, 0.0279205, 0.0501966, 0.0944361, 0.250026, 1, 

11,107,0.001, 0.00390181, 0.0108842, 0.0279205, 0.147774, 1, 

Generation #44
13,28,0.001, 0.00390181, 0.0108842, 0.0279205, 0.0501966, 0.0561238, 0.147774, 0.250026, 0.293641, 1, 

12,36,0.001, 0.00390181, 0.0108842, 0.0279205, 0.0501966, 0.0944361, 0.250026, 1, 

11,107,0.001, 0.00390181, 0.0108842, 0.0279205, 0.147774, 1, 

Generation #45
13,28,0.001, 0.00390181, 0.0108842, 0.0279205, 0.0501966, 0.0561238, 0.147774, 0.250026, 0.293641, 1, 

12,36,0.001, 0.00390181, 0.0108842, 0.0279205, 0.0501966, 0.0944361, 0.250026, 1, 

11,107,0.001, 0.00390181, 0.0108842, 0.0279205, 0.147774, 1, 

Generation #46
13,28,0.001, 0.00390181, 0.0108842, 0.0279205, 0.0501966, 0.0561238, 0.147774, 0.250026, 0.293641, 1, 

12,36,0.001, 0.00390181, 0.0108842, 0.0279205, 0.0501966, 0.0944361, 0.250026, 1, 

11,107,0.001, 0.00390181, 0.0108842, 0.0279205, 0.147774, 1, 

Generation #47
13,28,0.001, 0.00390181, 0.0108842, 0.0279205, 0.0501966, 0.0561238, 0.147774, 0.250026, 0.293641, 1, 

12,36,0.001, 0.00390181, 0.0108842, 0.0279205, 0.0501966, 0.0944361, 0.250026, 1, 

11,107,0.001, 0.00390181, 0.0108842, 0.0279205, 0.147774, 1, 

Generation #48
13,28,0.001, 0.00390181, 0.0108842, 0.0279205, 0.0501966, 0.0561238, 0.147774, 0.250026, 0.293641, 1, 

12,36,0.001, 0.00390181, 0.0108842, 0.0279205, 0.0501966, 0.0944361, 0.250026, 1, 

11,107,0.001, 0.00390181, 0.0108842, 0.0279205, 0.147774, 1, 

Generation #49
13,28,0.001, 0.00390181, 0.0108842, 0.0279205, 0.0501966, 0.0561238, 0.147774, 0.250026, 0.293641, 1, 

12,36,0.001, 0.00390181, 0.0108842, 0.0279205, 0.0501966, 0.0944361, 0.250026, 1, 

11,107,0.001, 0.00390181, 0.0108842, 0.0279205, 0.147774, 1, 

--- Pareto Front Solutions ---
Solution 0: N total=37 (N_initial=24, N_added=13), Time total=32 ms, Saved to: ./results/2^30_t2_l3_pareto_0.csv, percents=0.001, 0.00390181, 0.0108842, 0.0279205, 0.0501966, 0.0561238, 0.147774, 0.250026, 0.293641, 1, 

Solution 1: N total=36 (N_initial=24, N_added=12), Time total=40 ms, Saved to: ./results/2^30_t2_l3_pareto_1.csv, percents=0.001, 0.00390181, 0.0108842, 0.0279205, 0.0501966, 0.0944361, 0.250026, 1, 

Solution 2: N total=35 (N_initial=24, N_added=11), Time total=111 ms, Saved to: ./results/2^30_t2_l3_pareto_2.csv, percents=0.001, 0.00390181, 0.0108842, 0.0279205, 0.147774, 1, 

------------d=1, t=2, lambda=4, filename=./evaluation/2^30-t2_l4.csv------------
Grouping d-sets by partitioned row counts for detecting arrays...
Ready to look at pairs for detecting arrays...
First Stage N=28, Time=6
There are 27441 remaining non-locating pairs
--- Running GA Algorithm (phase2) ---
Running GA with std::execution::par
Generation #0
21,1081,0.001, 0.103518, 0.283417, 0.366296, 0.431101, 0.512585, 0.658509, 0.802651, 0.899217, 0.947794, 1, 

23,997,0.001, 0.0571097, 0.191794, 0.328566, 0.424672, 0.560879, 0.56228, 0.714473, 0.81334, 0.921855, 0.975077, 1, 

25,700,0.001, 0.0669697, 0.0950265, 0.259573, 0.329804, 0.342837, 0.439018, 0.48439, 0.654679, 0.716019, 0.746284, 0.82002, 0.854227, 0.934206, 1, 

31,402,0.001, 0.00790887, 0.0137665, 0.0177106, 0.107115, 0.173009, 0.187235, 0.199388, 0.264011, 0.33263, 0.382077, 0.390103, 0.432499, 0.515425, 0.54792, 0.552077, 0.598982, 0.618481, 0.900878, 0.915203, 0.989416, 1, 

24,737,0.001, 0.0173481, 0.13002, 0.138286, 0.272345, 0.282697, 0.292768, 0.431257, 0.547903, 0.567736, 0.729516, 0.791585, 0.839718, 1, 

35,393,0.001, 0.0108477, 0.0137503, 0.0743316, 0.0766085, 0.0928907, 0.102952, 0.112394, 0.181975, 0.192161, 0.251451, 0.283657, 0.288825, 0.34808, 0.374098, 0.386814, 0.417322, 0.570315, 0.790715, 0.808879, 0.890134, 0.893001, 0.954769, 0.955666, 0.982437, 1, 

Generation #1
20,298,0.001, 0.032, 0.105864, 0.106445, 0.108101, 0.125769, 0.130311, 0.802651, 0.899217, 0.947794, 1, 

33,226,0.001, 0.0087512, 0.0287824, 0.124298, 0.163885, 0.229455, 0.244396, 0.244603, 0.24909, 0.280005, 0.472658, 0.544462, 0.568935, 0.613951, 0.643501, 0.768119, 0.771505, 0.792067, 0.81713, 0.859018, 0.877721, 0.938988, 0.993087, 1, 

23,268,0.001, 0.00813322, 0.0619744, 0.106345, 0.112311, 0.191269, 0.437183, 0.437574, 0.628601, 0.73618, 0.740643, 0.831293, 0.905312, 0.999281, 1, 

21,294,0.001, 0.00813322, 0.0619744, 0.106345, 0.112311, 0.191269, 0.218851, 0.259262, 0.308973, 0.409914, 1, 

Generation #2
20,298,0.001, 0.032, 0.105864, 0.106445, 0.108101, 0.125769, 0.130311, 0.802651, 0.899217, 0.947794, 1, 

21,294,0.001, 0.00813322, 0.0619744, 0.106345, 0.112311, 0.191269, 0.218851, 0.259262, 0.308973, 0.409914, 1, 

22,239,0.001, 0.0181882, 0.0342926, 0.0716758, 0.0927941, 0.482917, 0.816672, 0.831895, 0.908303, 0.980106, 1, 

26,174,0.001, 0.00813322, 0.0619744, 0.106345, 0.112311, 0.191269, 0.437183, 0.437574, 0.628601, 0.73618, 0.734072, 0.761714, 0.847557, 0.909293, 0.960915, 0.986586, 1, 

33,154,0.001, 0.0087512, 0.0287824, 0.124298, 0.163885, 0.229455, 0.244396, 0.244603, 0.24909, 0.280005, 0.472658, 0.544462, 0.568935, 0.613951, 0.643501, 0.768119, 0.771505, 0.792067, 0.81713, 0.859018, 0.877721, 0.938988, 0.993087, 1, 

Generation #3
33,154,0.001, 0.0087512, 0.0287824, 0.124298, 0.163885, 0.229455, 0.244396, 0.244603, 0.24909, 0.280005, 0.472658, 0.544462, 0.568935, 0.613951, 0.643501, 0.768119, 0.771505, 0.792067, 0.81713, 0.859018, 0.877721, 0.938988, 0.993087, 1, 

20,162,0.001, 0.00790887, 0.0137665, 0.0177106, 0.107115, 0.173009, 0.187235, 0.199388, 0.264011, 0.409914, 1, 

19,229,0.001, 0.0108477, 0.0137503, 0.0743316, 0.0766085, 0.0928907, 0.102952, 0.112394, 0.181975, 0.192161, 1, 

32,158,0.001, 0.0087512, 0.0287824, 0.124298, 0.163885, 0.229455, 0.244396, 0.270808, 0.271349, 0.302561, 0.32942, 0.494989, 0.568773, 0.59468, 0.686217, 0.731985, 0.78416, 0.847901, 0.915309, 0.957832, 0.964432, 0.994445, 1, 

Generation #4
18,206,0.001, 0.0087512, 0.0287824, 0.124298, 0.163885, 0.229455, 0.244396, 0.0252003, 0.821174, 1, 

21,116,0.001, 0.00790887, 0.0137665, 0.0177106, 0.107115, 0.173009, 0.187235, 0.600107, 0.66989, 0.747547, 0.985889, 1, 

19,155,0.001, 0.0108477, 0.0137503, 0.0743316, 0.0766085, 0.102952, 0.112394, 0.181975, 0.413283, 1, 

Generation #5
18,206,0.001, 0.0087512, 0.0287824, 0.124298, 0.163885, 0.229455, 0.244396, 0.0252003, 0.821174, 1, 

30,104,0.001, 0.00813322, 0.0137665, 0.0177106, 0.107115, 0.173009, 0.187235, 0.199388, 0.577489, 0.33263, 0.382077, 0.390103, 0.432499, 0.515425, 0.54792, 0.552077, 0.598982, 0.618481, 0.900878, 0.915203, 0.989416, 1, 

19,116,0.001, 0.00790887, 0.0137665, 0.0177106, 0.107115, 0.173009, 0.187235, 0.16015, 0.199388, 0.264011, 0.409914, 1, 

Generation #6
30,104,0.001, 0.00813322, 0.0137665, 0.0177106, 0.107115, 0.173009, 0.187235, 0.199388, 0.577489, 0.33263, 0.382077, 0.390103, 0.432499, 0.515425, 0.54792, 0.552077, 0.598982, 0.618481, 0.900878, 0.915203, 0.989416, 1, 

18,114,0.001, 0.00813322, 0.0137665, 0.0177106, 0.107115, 0.173009, 0.187235, 0.199388, 0.577489, 0.192161, 1, 

Generation #7
30,104,0.001, 0.00813322, 0.0137665, 0.0177106, 0.107115, 0.173009, 0.187235, 0.199388, 0.577489, 0.33263, 0.382077, 0.390103, 0.432499, 0.515425, 0.54792, 0.552077, 0.598982, 0.618481, 0.900878, 0.915203, 0.989416, 1, 

18,114,0.001, 0.00813322, 0.0137665, 0.0177106, 0.107115, 0.173009, 0.187235, 0.199388, 0.577489, 0.192161, 1, 

Generation #8
30,104,0.001, 0.00813322, 0.0137665, 0.0177106, 0.107115, 0.173009, 0.187235, 0.199388, 0.577489, 0.33263, 0.382077, 0.390103, 0.432499, 0.515425, 0.54792, 0.552077, 0.598982, 0.618481, 0.900878, 0.915203, 0.989416, 1, 

18,114,0.001, 0.00813322, 0.0137665, 0.0177106, 0.107115, 0.173009, 0.187235, 0.199388, 0.577489, 0.192161, 1, 

19,108,0.001, 0.00790887, 0.0137665, 0.0177106, 0.107115, 0.173009, 0.187235, 0.199388, 0.264011, 0.623578, 1, 

17,277,0.001, 0.00813322, 0.0743316, 0.0766085, 0.102952, 0.112394, 0.181975, 0.413283, 1, 

Generation #9
30,104,0.001, 0.00813322, 0.0137665, 0.0177106, 0.107115, 0.173009, 0.187235, 0.199388, 0.577489, 0.33263, 0.382077, 0.390103, 0.432499, 0.515425, 0.54792, 0.552077, 0.598982, 0.618481, 0.900878, 0.915203, 0.989416, 1, 

19,108,0.001, 0.00790887, 0.0137665, 0.0177106, 0.107115, 0.173009, 0.187235, 0.199388, 0.264011, 0.623578, 1, 

18,113,0.001, 0.00813322, 0.0137665, 0.0177106, 0.0766085, 0.102952, 0.112394, 0.181975, 0.409914, 1, 

16,154,0.001, 0.00790887, 0.0137665, 0.0177106, 0.107115, 0.173009, 0.112394, 0.409914, 1, 

Generation #10
30,104,0.001, 0.00813322, 0.0137665, 0.0177106, 0.107115, 0.173009, 0.187235, 0.199388, 0.577489, 0.33263, 0.382077, 0.390103, 0.432499, 0.515425, 0.54792, 0.552077, 0.598982, 0.618481, 0.900878, 0.915203, 0.989416, 1, 

19,108,0.001, 0.00790887, 0.0137665, 0.0177106, 0.107115, 0.173009, 0.187235, 0.199388, 0.264011, 0.623578, 1, 

18,113,0.001, 0.00813322, 0.0137665, 0.0177106, 0.0766085, 0.102952, 0.112394, 0.181975, 0.409914, 1, 

16,154,0.001, 0.00790887, 0.0137665, 0.0177106, 0.107115, 0.173009, 0.112394, 0.409914, 1, 

17,147,0.001, 0.00790887, 0.0137665, 0.0177106, 0.0766085, 0.181975, 0.413283, 1, 

Generation #11
16,154,0.001, 0.00790887, 0.0137665, 0.0177106, 0.107115, 0.173009, 0.112394, 0.409914, 1, 

18,95,0.001, 0.00790887, 0.0137665, 0.0177106, 0.107115, 0.187235, 0.199388, 0.264011, 0.623578, 1, 

17,108,0.001, 0.00813322, 0.0137665, 0.0177106, 0.0766085, 0.102952, 0.112394, 0.181975, 0.409914, 1, 

Generation #12
16,154,0.001, 0.00790887, 0.0137665, 0.0177106, 0.107115, 0.173009, 0.112394, 0.409914, 1, 

18,95,0.001, 0.00790887, 0.0137665, 0.0177106, 0.107115, 0.187235, 0.199388, 0.264011, 0.623578, 1, 

17,108,0.001, 0.00813322, 0.0137665, 0.0177106, 0.0766085, 0.102952, 0.112394, 0.181975, 0.409914, 1, 

Generation #13
17,108,0.001, 0.00813322, 0.0137665, 0.0177106, 0.0766085, 0.102952, 0.112394, 0.181975, 0.409914, 1, 

18,86,0.001, 0.00813322, 0.0137665, 0.0177106, 0.107115, 0.187235, 0.199388, 0.264011, 0.623578, 1, 

16,134,0.001, 0.00790887, 0.0137665, 0.0177106, 0.107115, 0.187235, 0.413283, 1, 

Generation #14
18,86,0.001, 0.00813322, 0.0137665, 0.0177106, 0.107115, 0.187235, 0.199388, 0.264011, 0.623578, 1, 

16,134,0.001, 0.00790887, 0.0137665, 0.0177106, 0.107115, 0.187235, 0.413283, 1, 

17,92,0.001, 0.00790887, 0.0137665, 0.0177106, 0.107115, 0.173009, 0.187235, 0.821174, 1, 

Generation #15
18,86,0.001, 0.00813322, 0.0137665, 0.0177106, 0.107115, 0.187235, 0.199388, 0.264011, 0.623578, 1, 

17,92,0.001, 0.00790887, 0.0137665, 0.0177106, 0.107115, 0.173009, 0.187235, 0.821174, 1, 

16,123,0.001, 0.00790887, 0.0137665, 0.0177106, 0.107115, 0.173009, 0.187235, 0.181975, 1, 

Generation #16
18,86,0.001, 0.00813322, 0.0137665, 0.0177106, 0.107115, 0.187235, 0.199388, 0.264011, 0.623578, 1, 

17,92,0.001, 0.00790887, 0.0137665, 0.0177106, 0.107115, 0.173009, 0.187235, 0.821174, 1, 

16,120,0.001, 0.00790887, 0.0137665, 0.0177106, 0.107115, 0.173009, 0.409914, 1, 

Generation #17
18,86,0.001, 0.00813322, 0.0137665, 0.0177106, 0.107115, 0.187235, 0.199388, 0.264011, 0.623578, 1, 

17,92,0.001, 0.00790887, 0.0137665, 0.0177106, 0.107115, 0.173009, 0.187235, 0.821174, 1, 

16,120,0.001, 0.00790887, 0.0137665, 0.0177106, 0.107115, 0.173009, 0.409914, 1, 

Generation #18
18,86,0.001, 0.00813322, 0.0137665, 0.0177106, 0.107115, 0.187235, 0.199388, 0.264011, 0.623578, 1, 

17,92,0.001, 0.00790887, 0.0137665, 0.0177106, 0.107115, 0.173009, 0.187235, 0.821174, 1, 

16,120,0.001, 0.00790887, 0.0137665, 0.0177106, 0.107115, 0.173009, 0.409914, 1, 

Generation #19
18,86,0.001, 0.00813322, 0.0137665, 0.0177106, 0.107115, 0.187235, 0.199388, 0.264011, 0.623578, 1, 

17,92,0.001, 0.00790887, 0.0137665, 0.0177106, 0.107115, 0.173009, 0.187235, 0.821174, 1, 

16,120,0.001, 0.00790887, 0.0137665, 0.0177106, 0.107115, 0.173009, 0.409914, 1, 

15,127,0.001, 0.00790887, 0.0137665, 0.0177106, 0.107115, 0.173009, 0.409914, 1, 

Generation #20
18,86,0.001, 0.00813322, 0.0137665, 0.0177106, 0.107115, 0.187235, 0.199388, 0.264011, 0.623578, 1, 

17,92,0.001, 0.00790887, 0.0137665, 0.0177106, 0.107115, 0.173009, 0.187235, 0.821174, 1, 

16,120,0.001, 0.00790887, 0.0137665, 0.0177106, 0.107115, 0.173009, 0.409914, 1, 

15,126,0.001, 0.00790887, 0.0137665, 0.0177106, 0.107115, 0.173009, 0.187235, 1, 

Generation #21
18,86,0.001, 0.00813322, 0.0137665, 0.0177106, 0.107115, 0.187235, 0.199388, 0.264011, 0.623578, 1, 

17,92,0.001, 0.00790887, 0.0137665, 0.0177106, 0.107115, 0.173009, 0.187235, 0.821174, 1, 

15,101,0.001, 0.00790887, 0.0137665, 0.0177106, 0.107115, 0.181975, 0.413283, 1, 

Generation #22
18,86,0.001, 0.00813322, 0.0137665, 0.0177106, 0.107115, 0.187235, 0.199388, 0.264011, 0.623578, 1, 

17,92,0.001, 0.00790887, 0.0137665, 0.0177106, 0.107115, 0.173009, 0.187235, 0.821174, 1, 

15,101,0.001, 0.00790887, 0.0137665, 0.0177106, 0.107115, 0.181975, 0.413283, 1, 

Generation #23
18,86,0.001, 0.00813322, 0.0137665, 0.0177106, 0.107115, 0.187235, 0.199388, 0.264011, 0.623578, 1, 

17,92,0.001, 0.00790887, 0.0137665, 0.0177106, 0.107115, 0.173009, 0.187235, 0.821174, 1, 

15,99,0.001, 0.00813322, 0.0137665, 0.0177106, 0.0766085, 0.0928907, 0.244396, 0.244603, 1, 

Generation #24
18,86,0.001, 0.00813322, 0.0137665, 0.0177106, 0.107115, 0.187235, 0.199388, 0.264011, 0.623578, 1, 

17,92,0.001, 0.00790887, 0.0137665, 0.0177106, 0.107115, 0.173009, 0.187235, 0.821174, 1, 

15,99,0.001, 0.00813322, 0.0137665, 0.0177106, 0.0766085, 0.0928907, 0.244396, 0.244603, 1, 

Generation #25
18,86,0.001, 0.00813322, 0.0137665, 0.0177106, 0.107115, 0.187235, 0.199388, 0.264011, 0.623578, 1, 

17,92,0.001, 0.00790887, 0.0137665, 0.0177106, 0.107115, 0.173009, 0.187235, 0.821174, 1, 

15,99,0.001, 0.00813322, 0.0137665, 0.0177106, 0.0766085, 0.0928907, 0.244396, 0.244603, 1, 

Generation #26
18,86,0.001, 0.00813322, 0.0137665, 0.0177106, 0.107115, 0.187235, 0.199388, 0.264011, 0.623578, 1, 

17,92,0.001, 0.00790887, 0.0137665, 0.0177106, 0.107115, 0.173009, 0.187235, 0.821174, 1, 

15,99,0.001, 0.00813322, 0.0137665, 0.0177106, 0.0766085, 0.0928907, 0.244396, 0.244603, 1, 

Generation #27
18,86,0.001, 0.00813322, 0.0137665, 0.0177106, 0.107115, 0.187235, 0.199388, 0.264011, 0.623578, 1, 

17,92,0.001, 0.00790887, 0.0137665, 0.0177106, 0.107115, 0.173009, 0.187235, 0.821174, 1, 

15,99,0.001, 0.00813322, 0.0137665, 0.0177106, 0.0766085, 0.0928907, 0.244396, 0.244603, 1, 

Generation #28
15,99,0.001, 0.00813322, 0.0137665, 0.0177106, 0.0766085, 0.0928907, 0.244396, 0.244603, 1, 

16,83,0.001, 0.00790887, 0.0137665, 0.0177106, 0.107115, 0.173009, 0.112394, 0.181975, 1, 

Generation #29
15,99,0.001, 0.00813322, 0.0137665, 0.0177106, 0.0766085, 0.0928907, 0.244396, 0.244603, 1, 

16,83,0.001, 0.00790887, 0.0137665, 0.0177106, 0.107115, 0.173009, 0.112394, 0.181975, 1, 

Generation #30
15,99,0.001, 0.00813322, 0.0137665, 0.0177106, 0.0766085, 0.0928907, 0.244396, 0.244603, 1, 

16,83,0.001, 0.00790887, 0.0137665, 0.0177106, 0.107115, 0.173009, 0.112394, 0.181975, 1, 

Generation #31
15,99,0.001, 0.00813322, 0.0137665, 0.0177106, 0.0766085, 0.0928907, 0.244396, 0.244603, 1, 

16,83,0.001, 0.00790887, 0.0137665, 0.0177106, 0.107115, 0.173009, 0.112394, 0.181975, 1, 

Generation #32
15,99,0.001, 0.00813322, 0.0137665, 0.0177106, 0.0766085, 0.0928907, 0.244396, 0.244603, 1, 

16,83,0.001, 0.00790887, 0.0137665, 0.0177106, 0.107115, 0.173009, 0.112394, 0.181975, 1, 

Generation #33
15,99,0.001, 0.00813322, 0.0137665, 0.0177106, 0.0766085, 0.0928907, 0.244396, 0.244603, 1, 

16,83,0.001, 0.00790887, 0.0137665, 0.0177106, 0.107115, 0.173009, 0.112394, 0.181975, 1, 

Generation #34
15,99,0.001, 0.00813322, 0.0137665, 0.0177106, 0.0766085, 0.0928907, 0.244396, 0.244603, 1, 

16,83,0.001, 0.00790887, 0.0137665, 0.0177106, 0.107115, 0.173009, 0.112394, 0.181975, 1, 

Generation #35
15,99,0.001, 0.00813322, 0.0137665, 0.0177106, 0.0766085, 0.0928907, 0.244396, 0.244603, 1, 

16,83,0.001, 0.00790887, 0.0137665, 0.0177106, 0.107115, 0.173009, 0.112394, 0.181975, 1, 

17,82,0.001, 0.00790887, 0.0137665, 0.0177106, 0.0766085, 0.0928907, 0.244396, 0.244603, 1, 

Generation #36
15,99,0.001, 0.00813322, 0.0137665, 0.0177106, 0.0766085, 0.0928907, 0.244396, 0.244603, 1, 

16,83,0.001, 0.00790887, 0.0137665, 0.0177106, 0.107115, 0.173009, 0.112394, 0.181975, 1, 

17,82,0.001, 0.00790887, 0.0137665, 0.0177106, 0.0766085, 0.0928907, 0.244396, 0.244603, 1, 

Generation #37
15,99,0.001, 0.00813322, 0.0137665, 0.0177106, 0.0766085, 0.0928907, 0.244396, 0.244603, 1, 

16,83,0.001, 0.00790887, 0.0137665, 0.0177106, 0.107115, 0.173009, 0.112394, 0.181975, 1, 

17,82,0.001, 0.00790887, 0.0137665, 0.0177106, 0.0766085, 0.0928907, 0.244396, 0.244603, 1, 

Generation #38
15,99,0.001, 0.00813322, 0.0137665, 0.0177106, 0.0766085, 0.0928907, 0.244396, 0.244603, 1, 

16,83,0.001, 0.00790887, 0.0137665, 0.0177106, 0.107115, 0.173009, 0.112394, 0.181975, 1, 

17,82,0.001, 0.00790887, 0.0137665, 0.0177106, 0.0766085, 0.0928907, 0.244396, 0.244603, 1, 

Generation #39
15,99,0.001, 0.00813322, 0.0137665, 0.0177106, 0.0766085, 0.0928907, 0.244396, 0.244603, 1, 

16,83,0.001, 0.00790887, 0.0137665, 0.0177106, 0.107115, 0.173009, 0.112394, 0.181975, 1, 

17,82,0.001, 0.00790887, 0.0137665, 0.0177106, 0.0766085, 0.0928907, 0.244396, 0.244603, 1, 

Generation #40
15,99,0.001, 0.00813322, 0.0137665, 0.0177106, 0.0766085, 0.0928907, 0.244396, 0.244603, 1, 

16,83,0.001, 0.00790887, 0.0137665, 0.0177106, 0.107115, 0.173009, 0.112394, 0.181975, 1, 

17,82,0.001, 0.00790887, 0.0137665, 0.0177106, 0.0766085, 0.0928907, 0.244396, 0.244603, 1, 

Generation #41
15,99,0.001, 0.00813322, 0.0137665, 0.0177106, 0.0766085, 0.0928907, 0.244396, 0.244603, 1, 

16,83,0.001, 0.00790887, 0.0137665, 0.0177106, 0.107115, 0.173009, 0.112394, 0.181975, 1, 

17,82,0.001, 0.00790887, 0.0137665, 0.0177106, 0.0766085, 0.0928907, 0.244396, 0.244603, 1, 

Generation #42
15,99,0.001, 0.00813322, 0.0137665, 0.0177106, 0.0766085, 0.0928907, 0.244396, 0.244603, 1, 

16,83,0.001, 0.00790887, 0.0137665, 0.0177106, 0.107115, 0.173009, 0.112394, 0.181975, 1, 

17,82,0.001, 0.00790887, 0.0137665, 0.0177106, 0.0766085, 0.0928907, 0.244396, 0.244603, 1, 

Generation #43
15,99,0.001, 0.00813322, 0.0137665, 0.0177106, 0.0766085, 0.0928907, 0.244396, 0.244603, 1, 

16,83,0.001, 0.00790887, 0.0137665, 0.0177106, 0.107115, 0.173009, 0.112394, 0.181975, 1, 

17,82,0.001, 0.00790887, 0.0137665, 0.0177106, 0.0766085, 0.0928907, 0.244396, 0.244603, 1, 

Generation #44
16,83,0.001, 0.00790887, 0.0137665, 0.0177106, 0.107115, 0.173009, 0.112394, 0.181975, 1, 

17,82,0.001, 0.00790887, 0.0137665, 0.0177106, 0.0766085, 0.0928907, 0.244396, 0.244603, 1, 

15,92,0.001, 0.00790887, 0.0137665, 0.0177106, 0.0766085, 0.0928907, 0.244396, 1, 

Generation #45
16,83,0.001, 0.00790887, 0.0137665, 0.0177106, 0.107115, 0.173009, 0.112394, 0.181975, 1, 

17,82,0.001, 0.00790887, 0.0137665, 0.0177106, 0.0766085, 0.0928907, 0.244396, 0.244603, 1, 

15,92,0.001, 0.00790887, 0.0137665, 0.0177106, 0.0766085, 0.0928907, 0.244396, 1, 

Generation #46
16,83,0.001, 0.00790887, 0.0137665, 0.0177106, 0.107115, 0.173009, 0.112394, 0.181975, 1, 

17,82,0.001, 0.00790887, 0.0137665, 0.0177106, 0.0766085, 0.0928907, 0.244396, 0.244603, 1, 

15,92,0.001, 0.00790887, 0.0137665, 0.0177106, 0.0766085, 0.0928907, 0.244396, 1, 

Generation #47
16,83,0.001, 0.00790887, 0.0137665, 0.0177106, 0.107115, 0.173009, 0.112394, 0.181975, 1, 

17,82,0.001, 0.00790887, 0.0137665, 0.0177106, 0.0766085, 0.0928907, 0.244396, 0.244603, 1, 

15,92,0.001, 0.00790887, 0.0137665, 0.0177106, 0.0766085, 0.0928907, 0.244396, 1, 

Generation #48
16,83,0.001, 0.00790887, 0.0137665, 0.0177106, 0.107115, 0.173009, 0.112394, 0.181975, 1, 

17,82,0.001, 0.00790887, 0.0137665, 0.0177106, 0.0766085, 0.0928907, 0.244396, 0.244603, 1, 

15,92,0.001, 0.00790887, 0.0137665, 0.0177106, 0.0766085, 0.0928907, 0.244396, 1, 

Generation #49
16,83,0.001, 0.00790887, 0.0137665, 0.0177106, 0.107115, 0.173009, 0.112394, 0.181975, 1, 

17,82,0.001, 0.00790887, 0.0137665, 0.0177106, 0.0766085, 0.0928907, 0.244396, 0.244603, 1, 

15,92,0.001, 0.00790887, 0.0137665, 0.0177106, 0.0766085, 0.0928907, 0.244396, 1, 

--- Pareto Front Solutions ---
Solution 0: N total=44 (N_initial=28, N_added=16), Time total=89 ms, Saved to: ./results/2^30_t2_l4_pareto_0.csv, percents=0.001, 0.00790887, 0.0137665, 0.0177106, 0.107115, 0.173009, 0.112394, 0.181975, 1, 

Solution 1: N total=45 (N_initial=28, N_added=17), Time total=88 ms, Saved to: ./results/2^30_t2_l4_pareto_1.csv, percents=0.001, 0.00790887, 0.0137665, 0.0177106, 0.0766085, 0.0928907, 0.244396, 0.244603, 1, 

Solution 2: N total=43 (N_initial=28, N_added=15), Time total=98 ms, Saved to: ./results/2^30_t2_l4_pareto_2.csv, percents=0.001, 0.00790887, 0.0137665, 0.0177106, 0.0766085, 0.0928907, 0.244396, 1, 

