------------d=1, t=2, lambda=1, filename=./evaluation/2^30-t2_l1.csv------------
Grouping d-sets by partitioned row counts for detecting arrays...
Ready to look at pairs for detecting arrays...
First Stage N=12, Time=4
There are 6989 remaining non-locating pairs
--- Running GA Algorithm (phase2) ---
Running GA with std::execution::par
Generation #0
18,733,0.001, 0.142675, 0.144645, 0.243401, 0.419488, 0.422539, 0.551303, 0.673079, 0.81168, 0.95616, 0.981794, 1, 

29,184,0.001, 0.0219461, 0.0261442, 0.0262016, 0.0663368, 0.100799, 0.164494, 0.217953, 0.230267, 0.239707, 0.475426, 0.477239, 0.511489, 0.606937, 0.610299, 0.685118, 0.749872, 0.761045, 0.79815, 0.843834, 0.85952, 0.956795, 1, 

26,268,0.001, 0.0141455, 0.0218816, 0.0456565, 0.126535, 0.171676, 0.223503, 0.360442, 0.365705, 0.45636, 0.479251, 0.508095, 0.573131, 0.69156, 0.698453, 0.828251, 0.841254, 0.951562, 1, 

19,640,0.001, 0.114574, 0.207754, 0.488192, 0.608378, 0.656133, 0.80047, 0.927298, 0.950905, 0.999048, 1, 

20,590,0.001, 0.134803, 0.221837, 0.302436, 0.583685, 0.666923, 0.687387, 0.775528, 0.797689, 0.831146, 0.990146, 1, 

21,358,0.001, 0.0498482, 0.216652, 0.249468, 0.280081, 0.356849, 0.456092, 0.578588, 0.814896, 0.815772, 0.872318, 0.886671, 0.887786, 1, 

Generation #1
32,107,0.001, 0.016831, 0.0528152, 0.0980615, 0.106911, 0.119235, 0.163411, 0.214394, 0.220679, 0.352849, 0.417959, 0.422481, 0.437751, 0.531079, 0.56771, 0.665585, 0.753818, 0.779536, 0.779854, 0.839998, 0.860712, 0.920273, 0.923837, 0.948958, 0.981036, 0.999757, 1, 

17,115,0.001, 0.017851, 0.0501659, 0.0513067, 0.110065, 0.137015, 0.467519, 0.710549, 0.845754, 0.979017, 1, 

Generation #2
16,201,0.001, 0.0259043, 0.130204, 0.17025, 0.232543, 0.437743, 0.510133, 0.932469, 0.993654, 1, 

21,91,0.001, 0.00749773, 0.0835864, 0.148514, 0.148878, 0.159123, 0.928612, 0.202599, 0.273822, 0.279, 0.906301, 0.415294, 0.992145, 1, 

17,103,0.001, 0.0219461, 0.0261442, 0.0262016, 0.0663368, 0.100799, 0.164494, 0.217953, 0.230267, 0.239707, 1, 

24,82,0.001, 0.0110509, 0.0391854, 0.0980615, 0.106911, 0.119235, 0.597495, 0.631528, 0.475025, 0.556769, 0.629394, 0.724175, 0.7556, 0.828216, 0.865924, 0.931853, 0.992179, 1, 

Generation #3
16,201,0.001, 0.0259043, 0.130204, 0.17025, 0.232543, 0.437743, 0.510133, 0.932469, 0.993654, 1, 

21,91,0.001, 0.00749773, 0.0835864, 0.148514, 0.148878, 0.159123, 0.928612, 0.202599, 0.273822, 0.279, 0.906301, 0.415294, 0.992145, 1, 

17,103,0.001, 0.0219461, 0.0261442, 0.0262016, 0.0663368, 0.100799, 0.164494, 0.217953, 0.230267, 0.239707, 1, 

24,82,0.001, 0.0110509, 0.0391854, 0.0980615, 0.106911, 0.119235, 0.597495, 0.631528, 0.475025, 0.556769, 0.629394, 0.724175, 0.7556, 0.828216, 0.865924, 0.931853, 0.992179, 1, 

Generation #4
17,78,0.001, 0.0110509, 0.0391854, 0.0262016, 0.0663368, 0.159574, 0.164494, 0.217953, 0.230267, 0.239707, 1, 

16,90,0.001, 0.0110509, 0.0391854, 0.0980615, 0.106911, 0.111185, 0.134715, 0.142228, 0.845754, 0.979017, 1, 

35,75,0.001, 0.0219461, 0.0261442, 0.0262016, 0.0663368, 0.100799, 0.164494, 0.217953, 0.230267, 0.239707, 0.906301, 0.482314, 0.608711, 0.629831, 0.648283, 0.693314, 0.753794, 0.547289, 0.599489, 0.601581, 0.63591, 0.637151, 0.649966, 0.667381, 0.687122, 0.797561, 0.838927, 0.978985, 1, 

Generation #5
18,71,0.001, 0.0110509, 0.0391854, 0.0980615, 0.106911, 0.119235, 0.150345, 0.17776, 0.993654, 0.231627, 0.932469, 0.993654, 1, 

16,84,0.001, 0.0110509, 0.0391854, 0.0980615, 0.106911, 0.119235, 0.150345, 0.17776, 0.993654, 1, 

17,73,0.001, 0.0219461, 0.0261442, 0.0262016, 0.0663368, 0.137015, 0.467519, 0.710549, 0.845754, 0.979017, 1, 

Generation #6
18,71,0.001, 0.0110509, 0.0391854, 0.0980615, 0.106911, 0.119235, 0.150345, 0.17776, 0.993654, 0.231627, 0.932469, 0.993654, 1, 

16,84,0.001, 0.0110509, 0.0391854, 0.0980615, 0.106911, 0.119235, 0.150345, 0.17776, 0.993654, 1, 

17,73,0.001, 0.0219461, 0.0261442, 0.0262016, 0.0663368, 0.137015, 0.467519, 0.710549, 0.845754, 0.979017, 1, 

15,204,0.001, 0.0528152, 0.0980615, 0.106911, 0.119235, 0.597495, 0.17776, 0.993654, 1, 

Generation #7
17,73,0.001, 0.0219461, 0.0261442, 0.0262016, 0.0663368, 0.137015, 0.467519, 0.710549, 0.845754, 0.979017, 1, 

16,78,0.001, 0.0110509, 0.0391854, 0.0980615, 0.106911, 0.119235, 0.597495, 0.17776, 0.993654, 1, 

15,120,0.001, 0.0110509, 0.0391854, 0.0980615, 0.106911, 0.119235, 0.150345, 0.17776, 0.993654, 1, 

18,67,0.001, 0.0110509, 0.0391854, 0.0980615, 0.0751163, 0.198198, 0.226628, 0.749881, 0.83435, 0.421249, 0.852734, 1, 

Generation #8
17,73,0.001, 0.0219461, 0.0261442, 0.0262016, 0.0663368, 0.137015, 0.467519, 0.710549, 0.845754, 0.979017, 1, 

16,78,0.001, 0.0110509, 0.0391854, 0.0980615, 0.106911, 0.119235, 0.597495, 0.17776, 0.993654, 1, 

18,67,0.001, 0.0110509, 0.0391854, 0.0980615, 0.0751163, 0.198198, 0.226628, 0.749881, 0.83435, 0.421249, 0.852734, 1, 

15,104,0.001, 0.0110509, 0.0391854, 0.0980615, 0.106911, 0.119235, 0.150345, 0.17776, 0.993654, 1, 

Generation #9
16,57,0.001, 0.0110509, 0.0391854, 0.0513067, 0.110065, 0.137015, 0.164494, 0.217953, 0.230267, 0.239707, 1, 

15,78,0.001, 0.0110509, 0.0391854, 0.0980615, 0.106911, 0.119235, 0.150345, 0.17776, 1, 

Generation #10
16,57,0.001, 0.0110509, 0.0391854, 0.0513067, 0.110065, 0.137015, 0.164494, 0.217953, 0.230267, 0.239707, 1, 

34,53,0.001, 0.0110509, 0.0261442, 0.0262016, 0.0663368, 0.100799, 0.164494, 0.217953, 0.230267, 0.239707, 0.906301, 0.482314, 0.608711, 0.629831, 0.648283, 0.693314, 0.753794, 0.547289, 0.599489, 0.601581, 0.63591, 0.637151, 0.649966, 0.667381, 0.687122, 0.797561, 0.838927, 0.978985, 1, 

14,81,0.001, 0.0110509, 0.0261442, 0.0262016, 0.0663368, 0.164494, 0.217953, 0.230267, 1, 

15,72,0.001, 0.0110509, 0.0391854, 0.0980615, 0.106911, 0.119235, 0.150345, 0.17776, 0.993654, 1, 

Generation #11
16,57,0.001, 0.0110509, 0.0391854, 0.0513067, 0.110065, 0.137015, 0.164494, 0.217953, 0.230267, 0.239707, 1, 

34,53,0.001, 0.0110509, 0.0261442, 0.0262016, 0.0663368, 0.100799, 0.164494, 0.217953, 0.230267, 0.239707, 0.906301, 0.482314, 0.608711, 0.629831, 0.648283, 0.693314, 0.753794, 0.547289, 0.599489, 0.601581, 0.63591, 0.637151, 0.649966, 0.667381, 0.687122, 0.797561, 0.838927, 0.978985, 1, 

15,72,0.001, 0.0110509, 0.0391854, 0.0980615, 0.106911, 0.119235, 0.150345, 0.17776, 0.993654, 1, 

14,75,0.001, 0.0110509, 0.0391854, 0.0980615, 0.119235, 0.150989, 0.317855, 0.351432, 1, 

Generation #12
16,57,0.001, 0.0110509, 0.0391854, 0.0513067, 0.110065, 0.137015, 0.164494, 0.217953, 0.230267, 0.239707, 1, 

34,53,0.001, 0.0110509, 0.0261442, 0.0262016, 0.0663368, 0.100799, 0.164494, 0.217953, 0.230267, 0.239707, 0.906301, 0.482314, 0.608711, 0.629831, 0.648283, 0.693314, 0.753794, 0.547289, 0.599489, 0.601581, 0.63591, 0.637151, 0.649966, 0.667381, 0.687122, 0.797561, 0.838927, 0.978985, 1, 

15,72,0.001, 0.0110509, 0.0391854, 0.0980615, 0.106911, 0.119235, 0.150345, 0.17776, 0.993654, 1, 

14,75,0.001, 0.0110509, 0.0391854, 0.0980615, 0.119235, 0.150989, 0.317855, 0.351432, 1, 

Generation #13
16,57,0.001, 0.0110509, 0.0391854, 0.0513067, 0.110065, 0.137015, 0.164494, 0.217953, 0.230267, 0.239707, 1, 

34,53,0.001, 0.0110509, 0.0261442, 0.0262016, 0.0663368, 0.100799, 0.164494, 0.217953, 0.230267, 0.239707, 0.906301, 0.482314, 0.608711, 0.629831, 0.648283, 0.693314, 0.753794, 0.547289, 0.599489, 0.601581, 0.63591, 0.637151, 0.649966, 0.667381, 0.687122, 0.797561, 0.838927, 0.978985, 1, 

14,75,0.001, 0.0110509, 0.0391854, 0.0980615, 0.119235, 0.150989, 0.317855, 0.351432, 1, 

15,70,0.001, 0.0110509, 0.0391854, 0.0980615, 0.106911, 0.119235, 0.150345, 0.17776, 0.993654, 1, 

13,112,0.001, 0.0110509, 0.0391854, 0.0980615, 0.198198, 0.993654, 1, 

Generation #14
16,57,0.001, 0.0110509, 0.0391854, 0.0513067, 0.110065, 0.137015, 0.164494, 0.217953, 0.230267, 0.239707, 1, 

34,53,0.001, 0.0110509, 0.0261442, 0.0262016, 0.0663368, 0.100799, 0.164494, 0.217953, 0.230267, 0.239707, 0.906301, 0.482314, 0.608711, 0.629831, 0.648283, 0.693314, 0.753794, 0.547289, 0.599489, 0.601581, 0.63591, 0.637151, 0.649966, 0.667381, 0.687122, 0.797561, 0.838927, 0.978985, 1, 

14,75,0.001, 0.0110509, 0.0391854, 0.0980615, 0.119235, 0.150989, 0.317855, 0.351432, 1, 

15,70,0.001, 0.0110509, 0.0391854, 0.0980615, 0.106911, 0.119235, 0.150345, 0.17776, 0.993654, 1, 

13,112,0.001, 0.0110509, 0.0391854, 0.0980615, 0.198198, 0.993654, 1, 

Generation #15
12,83,0.001, 0.0110509, 0.0391854, 0.0980615, 0.0751163, 0.198198, 1, 

14,50,0.001, 0.0110509, 0.0261442, 0.0262016, 0.0663368, 0.100799, 0.317855, 0.351432, 1, 

Generation #16
12,83,0.001, 0.0110509, 0.0391854, 0.0980615, 0.0751163, 0.198198, 1, 

14,50,0.001, 0.0110509, 0.0261442, 0.0262016, 0.0663368, 0.100799, 0.317855, 0.351432, 1, 

13,79,0.001, 0.0110509, 0.0391854, 0.0262016, 0.0663368, 0.159574, 1, 

Generation #17
12,83,0.001, 0.0110509, 0.0391854, 0.0980615, 0.0751163, 0.198198, 1, 

14,50,0.001, 0.0110509, 0.0261442, 0.0262016, 0.0663368, 0.100799, 0.317855, 0.351432, 1, 

13,79,0.001, 0.0110509, 0.0391854, 0.0262016, 0.0663368, 0.159574, 1, 

15,46,0.001, 0.0110509, 0.0261442, 0.0262016, 0.0663368, 0.100799, 0.164494, 0.217953, 0.230267, 0.239707, 1, 

Generation #18
12,83,0.001, 0.0110509, 0.0391854, 0.0980615, 0.0751163, 0.198198, 1, 

14,50,0.001, 0.0110509, 0.0261442, 0.0262016, 0.0663368, 0.100799, 0.317855, 0.351432, 1, 

13,79,0.001, 0.0110509, 0.0391854, 0.0262016, 0.0663368, 0.159574, 1, 

15,46,0.001, 0.0110509, 0.0261442, 0.0262016, 0.0663368, 0.100799, 0.164494, 0.217953, 0.230267, 0.239707, 1, 

Generation #19
12,83,0.001, 0.0110509, 0.0391854, 0.0980615, 0.0751163, 0.198198, 1, 

14,50,0.001, 0.0110509, 0.0261442, 0.0262016, 0.0663368, 0.100799, 0.317855, 0.351432, 1, 

13,79,0.001, 0.0110509, 0.0391854, 0.0262016, 0.0663368, 0.159574, 1, 

15,46,0.001, 0.0110509, 0.0261442, 0.0262016, 0.0663368, 0.100799, 0.164494, 0.217953, 0.230267, 0.239707, 1, 

Generation #20
12,83,0.001, 0.0110509, 0.0391854, 0.0980615, 0.0751163, 0.198198, 1, 

14,50,0.001, 0.0110509, 0.0261442, 0.0262016, 0.0663368, 0.100799, 0.317855, 0.351432, 1, 

15,46,0.001, 0.0110509, 0.0261442, 0.0262016, 0.0663368, 0.100799, 0.164494, 0.217953, 0.230267, 0.239707, 1, 

13,55,0.001, 0.0110509, 0.0261442, 0.0663368, 0.159574, 0.217953, 1, 

Generation #21
12,83,0.001, 0.0110509, 0.0391854, 0.0980615, 0.0751163, 0.198198, 1, 

14,50,0.001, 0.0110509, 0.0261442, 0.0262016, 0.0663368, 0.100799, 0.317855, 0.351432, 1, 

15,46,0.001, 0.0110509, 0.0261442, 0.0262016, 0.0663368, 0.100799, 0.164494, 0.217953, 0.230267, 0.239707, 1, 

13,55,0.001, 0.0110509, 0.0261442, 0.0663368, 0.159574, 0.217953, 1, 

Generation #22
12,83,0.001, 0.0110509, 0.0391854, 0.0980615, 0.0751163, 0.198198, 1, 

14,50,0.001, 0.0110509, 0.0261442, 0.0262016, 0.0663368, 0.100799, 0.317855, 0.351432, 1, 

15,46,0.001, 0.0110509, 0.0261442, 0.0262016, 0.0663368, 0.100799, 0.164494, 0.217953, 0.230267, 0.239707, 1, 

13,55,0.001, 0.0110509, 0.0261442, 0.0663368, 0.159574, 0.217953, 1, 

11,375,0.001, 0.0110509, 0.0391854, 0.0262016, 1, 

Generation #23
12,83,0.001, 0.0110509, 0.0391854, 0.0980615, 0.0751163, 0.198198, 1, 

15,46,0.001, 0.0110509, 0.0261442, 0.0262016, 0.0663368, 0.100799, 0.164494, 0.217953, 0.230267, 0.239707, 1, 

13,55,0.001, 0.0110509, 0.0261442, 0.0663368, 0.159574, 0.217953, 1, 

11,375,0.001, 0.0110509, 0.0391854, 0.0262016, 1, 

14,48,0.001, 0.0110509, 0.0261442, 0.0262016, 0.0663368, 0.100799, 0.17776, 0.993654, 1, 

Generation #24
15,46,0.001, 0.0110509, 0.0261442, 0.0262016, 0.0663368, 0.100799, 0.164494, 0.217953, 0.230267, 0.239707, 1, 

13,55,0.001, 0.0110509, 0.0261442, 0.0663368, 0.159574, 0.217953, 1, 

14,48,0.001, 0.0110509, 0.0261442, 0.0262016, 0.0663368, 0.100799, 0.17776, 0.993654, 1, 

11,322,0.001, 0.0110509, 0.0391854, 0.0262016, 1, 

12,61,0.001, 0.0110509, 0.0261442, 0.0262016, 0.0663368, 0.217953, 1, 

Generation #25
15,46,0.001, 0.0110509, 0.0261442, 0.0262016, 0.0663368, 0.100799, 0.164494, 0.217953, 0.230267, 0.239707, 1, 

13,55,0.001, 0.0110509, 0.0261442, 0.0663368, 0.159574, 0.217953, 1, 

14,48,0.001, 0.0110509, 0.0261442, 0.0262016, 0.0663368, 0.100799, 0.17776, 0.993654, 1, 

11,322,0.001, 0.0110509, 0.0391854, 0.0262016, 1, 

12,61,0.001, 0.0110509, 0.0261442, 0.0262016, 0.0663368, 0.217953, 1, 

Generation #26
15,46,0.001, 0.0110509, 0.0261442, 0.0262016, 0.0663368, 0.100799, 0.164494, 0.217953, 0.230267, 0.239707, 1, 

14,48,0.001, 0.0110509, 0.0261442, 0.0262016, 0.0663368, 0.100799, 0.17776, 0.993654, 1, 

11,322,0.001, 0.0110509, 0.0391854, 0.0262016, 1, 

12,61,0.001, 0.0110509, 0.0261442, 0.0262016, 0.0663368, 0.217953, 1, 

13,53,0.001, 0.0110509, 0.0261442, 0.0262016, 0.0663368, 0.100799, 0.164494, 1, 

Generation #27
15,46,0.001, 0.0110509, 0.0261442, 0.0262016, 0.0663368, 0.100799, 0.164494, 0.217953, 0.230267, 0.239707, 1, 

14,48,0.001, 0.0110509, 0.0261442, 0.0262016, 0.0663368, 0.100799, 0.17776, 0.993654, 1, 

11,322,0.001, 0.0110509, 0.0391854, 0.0262016, 1, 

12,61,0.001, 0.0110509, 0.0261442, 0.0262016, 0.0663368, 0.217953, 1, 

13,53,0.001, 0.0110509, 0.0261442, 0.0262016, 0.0663368, 0.100799, 0.164494, 1, 

Generation #28
15,46,0.001, 0.0110509, 0.0261442, 0.0262016, 0.0663368, 0.100799, 0.164494, 0.217953, 0.230267, 0.239707, 1, 

14,48,0.001, 0.0110509, 0.0261442, 0.0262016, 0.0663368, 0.100799, 0.17776, 0.993654, 1, 

11,322,0.001, 0.0110509, 0.0391854, 0.0262016, 1, 

12,61,0.001, 0.0110509, 0.0261442, 0.0262016, 0.0663368, 0.217953, 1, 

13,53,0.001, 0.0110509, 0.0261442, 0.0262016, 0.0663368, 0.100799, 0.164494, 1, 

Generation #29
15,46,0.001, 0.0110509, 0.0261442, 0.0262016, 0.0663368, 0.100799, 0.164494, 0.217953, 0.230267, 0.239707, 1, 

14,48,0.001, 0.0110509, 0.0261442, 0.0262016, 0.0663368, 0.100799, 0.17776, 0.993654, 1, 

12,61,0.001, 0.0110509, 0.0261442, 0.0262016, 0.0663368, 0.217953, 1, 

13,53,0.001, 0.0110509, 0.0261442, 0.0262016, 0.0663368, 0.100799, 0.164494, 1, 

11,199,0.001, 0.0110509, 0.0391854, 0.0262016, 1, 

Generation #30
15,46,0.001, 0.0110509, 0.0261442, 0.0262016, 0.0663368, 0.100799, 0.164494, 0.217953, 0.230267, 0.239707, 1, 

14,48,0.001, 0.0110509, 0.0261442, 0.0262016, 0.0663368, 0.100799, 0.17776, 0.993654, 1, 

12,61,0.001, 0.0110509, 0.0261442, 0.0262016, 0.0663368, 0.217953, 1, 

13,53,0.001, 0.0110509, 0.0261442, 0.0262016, 0.0663368, 0.100799, 0.164494, 1, 

11,199,0.001, 0.0110509, 0.0391854, 0.0262016, 1, 

10,816,0.001, 0.0110509, 0.0261442, 1, 

Generation #31
15,46,0.001, 0.0110509, 0.0261442, 0.0262016, 0.0663368, 0.100799, 0.164494, 0.217953, 0.230267, 0.239707, 1, 

14,48,0.001, 0.0110509, 0.0261442, 0.0262016, 0.0663368, 0.100799, 0.17776, 0.993654, 1, 

12,61,0.001, 0.0110509, 0.0261442, 0.0262016, 0.0663368, 0.217953, 1, 

13,53,0.001, 0.0110509, 0.0261442, 0.0262016, 0.0663368, 0.100799, 0.164494, 1, 

10,816,0.001, 0.0110509, 0.0261442, 1, 

11,121,0.001, 0.0110509, 0.0262016, 0.0663368, 0.100799, 1, 

Generation #32
12,61,0.001, 0.0110509, 0.0261442, 0.0262016, 0.0663368, 0.217953, 1, 

10,816,0.001, 0.0110509, 0.0261442, 1, 

11,121,0.001, 0.0110509, 0.0262016, 0.0663368, 0.100799, 1, 

14,44,0.001, 0.0110509, 0.0261442, 0.0262016, 0.0663368, 0.100799, 0.164494, 0.217953, 1, 

13,47,0.001, 0.0110509, 0.0261442, 0.0262016, 0.0663368, 0.159574, 0.217953, 1, 

Generation #33
12,61,0.001, 0.0110509, 0.0261442, 0.0262016, 0.0663368, 0.217953, 1, 

10,816,0.001, 0.0110509, 0.0261442, 1, 

11,121,0.001, 0.0110509, 0.0262016, 0.0663368, 0.100799, 1, 

14,44,0.001, 0.0110509, 0.0261442, 0.0262016, 0.0663368, 0.100799, 0.164494, 0.217953, 1, 

13,47,0.001, 0.0110509, 0.0261442, 0.0262016, 0.0663368, 0.159574, 0.217953, 1, 

Generation #34
12,61,0.001, 0.0110509, 0.0261442, 0.0262016, 0.0663368, 0.217953, 1, 

10,816,0.001, 0.0110509, 0.0261442, 1, 

11,121,0.001, 0.0110509, 0.0262016, 0.0663368, 0.100799, 1, 

14,44,0.001, 0.0110509, 0.0261442, 0.0262016, 0.0663368, 0.100799, 0.164494, 0.217953, 1, 

13,47,0.001, 0.0110509, 0.0261442, 0.0262016, 0.0663368, 0.159574, 0.217953, 1, 

Generation #35
12,61,0.001, 0.0110509, 0.0261442, 0.0262016, 0.0663368, 0.217953, 1, 

11,121,0.001, 0.0110509, 0.0262016, 0.0663368, 0.100799, 1, 

14,44,0.001, 0.0110509, 0.0261442, 0.0262016, 0.0663368, 0.100799, 0.164494, 0.217953, 1, 

13,47,0.001, 0.0110509, 0.0261442, 0.0262016, 0.0663368, 0.159574, 0.217953, 1, 

10,742,0.001, 0.0391854, 1, 

Generation #36
12,61,0.001, 0.0110509, 0.0261442, 0.0262016, 0.0663368, 0.217953, 1, 

11,121,0.001, 0.0110509, 0.0262016, 0.0663368, 0.100799, 1, 

14,44,0.001, 0.0110509, 0.0261442, 0.0262016, 0.0663368, 0.100799, 0.164494, 0.217953, 1, 

13,47,0.001, 0.0110509, 0.0261442, 0.0262016, 0.0663368, 0.159574, 0.217953, 1, 

10,742,0.001, 0.0391854, 1, 

Generation #37
12,61,0.001, 0.0110509, 0.0261442, 0.0262016, 0.0663368, 0.217953, 1, 

11,121,0.001, 0.0110509, 0.0262016, 0.0663368, 0.100799, 1, 

14,44,0.001, 0.0110509, 0.0261442, 0.0262016, 0.0663368, 0.100799, 0.164494, 0.217953, 1, 

13,47,0.001, 0.0110509, 0.0261442, 0.0262016, 0.0663368, 0.159574, 0.217953, 1, 

10,742,0.001, 0.0391854, 1, 

Generation #38
12,61,0.001, 0.0110509, 0.0261442, 0.0262016, 0.0663368, 0.217953, 1, 

11,121,0.001, 0.0110509, 0.0262016, 0.0663368, 0.100799, 1, 

14,44,0.001, 0.0110509, 0.0261442, 0.0262016, 0.0663368, 0.100799, 0.164494, 0.217953, 1, 

13,47,0.001, 0.0110509, 0.0261442, 0.0262016, 0.0663368, 0.159574, 0.217953, 1, 

10,742,0.001, 0.0391854, 1, 

Generation #39
12,61,0.001, 0.0110509, 0.0261442, 0.0262016, 0.0663368, 0.217953, 1, 

11,121,0.001, 0.0110509, 0.0262016, 0.0663368, 0.100799, 1, 

14,44,0.001, 0.0110509, 0.0261442, 0.0262016, 0.0663368, 0.100799, 0.164494, 0.217953, 1, 

13,47,0.001, 0.0110509, 0.0261442, 0.0262016, 0.0663368, 0.159574, 0.217953, 1, 

10,742,0.001, 0.0391854, 1, 

Generation #40
12,61,0.001, 0.0110509, 0.0261442, 0.0262016, 0.0663368, 0.217953, 1, 

11,121,0.001, 0.0110509, 0.0262016, 0.0663368, 0.100799, 1, 

14,44,0.001, 0.0110509, 0.0261442, 0.0262016, 0.0663368, 0.100799, 0.164494, 0.217953, 1, 

13,47,0.001, 0.0110509, 0.0261442, 0.0262016, 0.0663368, 0.159574, 0.217953, 1, 

10,742,0.001, 0.0391854, 1, 

Generation #41
12,61,0.001, 0.0110509, 0.0261442, 0.0262016, 0.0663368, 0.217953, 1, 

11,121,0.001, 0.0110509, 0.0262016, 0.0663368, 0.100799, 1, 

14,44,0.001, 0.0110509, 0.0261442, 0.0262016, 0.0663368, 0.100799, 0.164494, 0.217953, 1, 

13,47,0.001, 0.0110509, 0.0261442, 0.0262016, 0.0663368, 0.159574, 0.217953, 1, 

10,742,0.001, 0.0391854, 1, 

Generation #42
12,61,0.001, 0.0110509, 0.0261442, 0.0262016, 0.0663368, 0.217953, 1, 

11,121,0.001, 0.0110509, 0.0262016, 0.0663368, 0.100799, 1, 

14,44,0.001, 0.0110509, 0.0261442, 0.0262016, 0.0663368, 0.100799, 0.164494, 0.217953, 1, 

13,47,0.001, 0.0110509, 0.0261442, 0.0262016, 0.0663368, 0.159574, 0.217953, 1, 

10,742,0.001, 0.0391854, 1, 

Generation #43
12,61,0.001, 0.0110509, 0.0261442, 0.0262016, 0.0663368, 0.217953, 1, 

11,121,0.001, 0.0110509, 0.0262016, 0.0663368, 0.100799, 1, 

14,44,0.001, 0.0110509, 0.0261442, 0.0262016, 0.0663368, 0.100799, 0.164494, 0.217953, 1, 

13,47,0.001, 0.0110509, 0.0261442, 0.0262016, 0.0663368, 0.159574, 0.217953, 1, 

10,742,0.001, 0.0391854, 1, 

Generation #44
12,61,0.001, 0.0110509, 0.0261442, 0.0262016, 0.0663368, 0.217953, 1, 

11,121,0.001, 0.0110509, 0.0262016, 0.0663368, 0.100799, 1, 

14,44,0.001, 0.0110509, 0.0261442, 0.0262016, 0.0663368, 0.100799, 0.164494, 0.217953, 1, 

13,47,0.001, 0.0110509, 0.0261442, 0.0262016, 0.0663368, 0.159574, 0.217953, 1, 

10,742,0.001, 0.0391854, 1, 

Generation #45
12,61,0.001, 0.0110509, 0.0261442, 0.0262016, 0.0663368, 0.217953, 1, 

11,121,0.001, 0.0110509, 0.0262016, 0.0663368, 0.100799, 1, 

14,44,0.001, 0.0110509, 0.0261442, 0.0262016, 0.0663368, 0.100799, 0.164494, 0.217953, 1, 

13,47,0.001, 0.0110509, 0.0261442, 0.0262016, 0.0663368, 0.159574, 0.217953, 1, 

10,742,0.001, 0.0391854, 1, 

Generation #46
12,61,0.001, 0.0110509, 0.0261442, 0.0262016, 0.0663368, 0.217953, 1, 

11,121,0.001, 0.0110509, 0.0262016, 0.0663368, 0.100799, 1, 

14,44,0.001, 0.0110509, 0.0261442, 0.0262016, 0.0663368, 0.100799, 0.164494, 0.217953, 1, 

13,47,0.001, 0.0110509, 0.0261442, 0.0262016, 0.0663368, 0.159574, 0.217953, 1, 

10,742,0.001, 0.0391854, 1, 

Generation #47
12,61,0.001, 0.0110509, 0.0261442, 0.0262016, 0.0663368, 0.217953, 1, 

11,121,0.001, 0.0110509, 0.0262016, 0.0663368, 0.100799, 1, 

14,44,0.001, 0.0110509, 0.0261442, 0.0262016, 0.0663368, 0.100799, 0.164494, 0.217953, 1, 

13,47,0.001, 0.0110509, 0.0261442, 0.0262016, 0.0663368, 0.159574, 0.217953, 1, 

10,742,0.001, 0.0391854, 1, 

Generation #48
12,61,0.001, 0.0110509, 0.0261442, 0.0262016, 0.0663368, 0.217953, 1, 

11,121,0.001, 0.0110509, 0.0262016, 0.0663368, 0.100799, 1, 

14,44,0.001, 0.0110509, 0.0261442, 0.0262016, 0.0663368, 0.100799, 0.164494, 0.217953, 1, 

13,47,0.001, 0.0110509, 0.0261442, 0.0262016, 0.0663368, 0.159574, 0.217953, 1, 

10,742,0.001, 0.0391854, 1, 

Generation #49
12,61,0.001, 0.0110509, 0.0261442, 0.0262016, 0.0663368, 0.217953, 1, 

11,121,0.001, 0.0110509, 0.0262016, 0.0663368, 0.100799, 1, 

14,44,0.001, 0.0110509, 0.0261442, 0.0262016, 0.0663368, 0.100799, 0.164494, 0.217953, 1, 

13,47,0.001, 0.0110509, 0.0261442, 0.0262016, 0.0663368, 0.159574, 0.217953, 1, 

10,742,0.001, 0.0391854, 1, 

--- Pareto Front Solutions ---
Solution 0: N total=24 (N_initial=12, N_added=12), Time total=65 ms, Saved to: ./results/2^30_t2_l1_pareto_0.csv, percents=0.001, 0.0110509, 0.0261442, 0.0262016, 0.0663368, 0.217953, 1, 

Solution 1: N total=23 (N_initial=12, N_added=11), Time total=125 ms, Saved to: ./results/2^30_t2_l1_pareto_1.csv, percents=0.001, 0.0110509, 0.0262016, 0.0663368, 0.100799, 1, 

Solution 2: N total=26 (N_initial=12, N_added=14), Time total=48 ms, Saved to: ./results/2^30_t2_l1_pareto_2.csv, percents=0.001, 0.0110509, 0.0261442, 0.0262016, 0.0663368, 0.100799, 0.164494, 0.217953, 1, 

Solution 3: N total=25 (N_initial=12, N_added=13), Time total=51 ms, Saved to: ./results/2^30_t2_l1_pareto_3.csv, percents=0.001, 0.0110509, 0.0261442, 0.0262016, 0.0663368, 0.159574, 0.217953, 1, 

Solution 4: N total=22 (N_initial=12, N_added=10), Time total=746 ms, Saved to: ./results/2^30_t2_l1_pareto_4.csv, percents=0.001, 0.0391854, 1, 

------------d=1, t=2, lambda=2, filename=./evaluation/2^30-t2_l2.csv------------
Grouping d-sets by partitioned row counts for detecting arrays...
Ready to look at pairs for detecting arrays...
First Stage N=18, Time=4
There are 10537 remaining non-locating pairs
--- Running GA Algorithm (phase2) ---
Running GA with std::execution::par
Generation #0
20,216,0.001, 0.00758456, 0.0538466, 0.238252, 0.360898, 0.383475, 0.474999, 0.585931, 0.59246, 0.815641, 1, 

35,201,0.001, 0.0173341, 0.0203322, 0.0275304, 0.0319391, 0.0739323, 0.0953286, 0.164684, 0.228978, 0.256293, 0.314837, 0.329325, 0.379915, 0.434196, 0.483886, 0.48946, 0.507042, 0.522898, 0.554059, 0.601786, 0.631375, 0.646565, 0.693649, 0.730754, 0.750623, 0.759054, 0.834309, 1, 

18,413,0.001, 0.0303773, 0.0374263, 0.157284, 0.364194, 0.396833, 0.553626, 0.616614, 0.735781, 0.845719, 1, 

Generation #1
18,413,0.001, 0.0303773, 0.0374263, 0.157284, 0.364194, 0.396833, 0.553626, 0.616614, 0.735781, 0.845719, 1, 

26,169,0.001, 0.0298547, 0.0330599, 0.0883293, 0.102215, 0.156508, 0.173686, 0.177087, 0.238813, 0.255671, 0.415315, 0.449563, 0.749241, 0.821504, 0.869028, 0.875785, 0.953627, 0.997065, 1, 

27,107,0.001, 0.0242532, 0.0245048, 0.0274109, 0.0327353, 0.034275, 0.0932457, 0.138547, 0.171495, 0.206606, 0.24455, 0.282511, 0.296848, 0.868095, 0.418875, 0.88771, 0.9256, 0.929831, 0.96658, 1, 

22,183,0.001, 0.0242532, 0.0245048, 0.202601, 0.23198, 0.461374, 0.551934, 0.555723, 0.559554, 0.6611, 0.693744, 0.737746, 0.99346, 1, 

19,193,0.001, 0.00758456, 0.0538466, 0.238252, 0.360898, 0.383475, 0.474999, 0.585931, 0.59246, 0.815641, 0.794414, 1, 

Generation #2
27,107,0.001, 0.0242532, 0.0245048, 0.0274109, 0.0327353, 0.034275, 0.0932457, 0.138547, 0.171495, 0.206606, 0.24455, 0.282511, 0.296848, 0.868095, 0.418875, 0.88771, 0.9256, 0.929831, 0.96658, 1, 

35,86,0.001, 0.0173341, 0.0203322, 0.0275304, 0.0319391, 0.0739323, 0.0953286, 0.164684, 0.228978, 0.256293, 0.314837, 0.329325, 0.379915, 0.434196, 0.358836, 0.44387, 0.587239, 0.621631, 0.668514, 0.790124, 0.793564, 0.824703, 0.86356, 0.915593, 0.943063, 0.950056, 0.570675, 0.985561, 1, 

18,118,0.001, 0.00758456, 0.0538466, 0.083366, 0.0974159, 0.124526, 0.166251, 0.186708, 0.852545, 0.918343, 1, 

Generation #3
35,86,0.001, 0.0173341, 0.0203322, 0.0275304, 0.0319391, 0.0739323, 0.0953286, 0.164684, 0.228978, 0.256293, 0.314837, 0.329325, 0.379915, 0.434196, 0.358836, 0.44387, 0.587239, 0.621631, 0.668514, 0.790124, 0.793564, 0.824703, 0.86356, 0.915593, 0.943063, 0.950056, 0.570675, 0.985561, 1, 

18,118,0.001, 0.00758456, 0.0538466, 0.083366, 0.0974159, 0.124526, 0.166251, 0.186708, 0.852545, 0.918343, 1, 

19,105,0.001, 0.0173341, 0.0203322, 0.0275304, 0.0319391, 0.0739323, 0.0953286, 0.164684, 0.228978, 0.815641, 1, 

17,198,0.001, 0.0173341, 0.0203322, 0.0534668, 0.421541, 0.44642, 0.713043, 0.820482, 0.923364, 1, 

36,79,0.001, 0.0173341, 0.0203322, 0.0275304, 0.0319391, 0.0739323, 0.0953286, 0.164684, 0.228978, 0.256293, 0.314837, 0.329325, 0.258138, 0.348261, 0.408964, 0.446367, 0.498039, 0.522864, 0.560779, 0.734349, 0.782612, 0.811451, 0.824965, 0.838669, 0.875487, 0.880319, 0.882772, 0.978946, 0.995317, 1, 

Generation #4
35,86,0.001, 0.0173341, 0.0203322, 0.0275304, 0.0319391, 0.0739323, 0.0953286, 0.164684, 0.228978, 0.256293, 0.314837, 0.329325, 0.379915, 0.434196, 0.358836, 0.44387, 0.587239, 0.621631, 0.668514, 0.790124, 0.793564, 0.824703, 0.86356, 0.915593, 0.943063, 0.950056, 0.570675, 0.985561, 1, 

18,118,0.001, 0.00758456, 0.0538466, 0.083366, 0.0974159, 0.124526, 0.166251, 0.186708, 0.852545, 0.918343, 1, 

19,105,0.001, 0.0173341, 0.0203322, 0.0275304, 0.0319391, 0.0739323, 0.0953286, 0.164684, 0.228978, 0.815641, 1, 

36,79,0.001, 0.0173341, 0.0203322, 0.0275304, 0.0319391, 0.0739323, 0.0953286, 0.164684, 0.228978, 0.256293, 0.314837, 0.329325, 0.258138, 0.348261, 0.408964, 0.446367, 0.498039, 0.522864, 0.560779, 0.734349, 0.782612, 0.811451, 0.824965, 0.838669, 0.875487, 0.880319, 0.882772, 0.978946, 0.995317, 1, 

17,141,0.001, 0.0140842, 0.0565597, 0.0612459, 0.0735264, 0.753059, 0.166251, 0.186708, 0.918343, 1, 

24,100,0.001, 0.0173341, 0.0203322, 0.0275304, 0.0319391, 0.0739323, 0.236401, 0.275556, 0.515329, 0.578292, 0.654568, 0.851375, 0.741144, 0.875785, 0.953627, 0.997065, 1, 

Generation #5
17,141,0.001, 0.0140842, 0.0565597, 0.0612459, 0.0735264, 0.753059, 0.166251, 0.186708, 0.918343, 1, 

18,75,0.001, 0.00758456, 0.0203322, 0.0275304, 0.0319391, 0.0739323, 0.0953286, 0.164684, 0.228978, 0.815641, 1, 

Generation #6
18,75,0.001, 0.00758456, 0.0203322, 0.0275304, 0.0319391, 0.0739323, 0.0953286, 0.164684, 0.228978, 0.815641, 1, 

17,82,0.001, 0.0173341, 0.0203322, 0.0275304, 0.0319391, 0.0739323, 0.0953286, 0.164684, 0.228978, 0.815641, 1, 

16,85,0.001, 0.0173341, 0.0203322, 0.0275304, 0.0319391, 0.0739323, 0.0953286, 0.164684, 0.228978, 0.256293, 1, 

Generation #7
18,75,0.001, 0.00758456, 0.0203322, 0.0275304, 0.0319391, 0.0739323, 0.0953286, 0.164684, 0.228978, 0.815641, 1, 

17,82,0.001, 0.0173341, 0.0203322, 0.0275304, 0.0319391, 0.0739323, 0.0953286, 0.164684, 0.228978, 0.815641, 1, 

16,85,0.001, 0.0173341, 0.0203322, 0.0275304, 0.0319391, 0.0739323, 0.0953286, 0.164684, 0.228978, 0.256293, 1, 

Generation #8
18,75,0.001, 0.00758456, 0.0203322, 0.0275304, 0.0319391, 0.0739323, 0.0953286, 0.164684, 0.228978, 0.815641, 1, 

17,82,0.001, 0.0173341, 0.0203322, 0.0275304, 0.0319391, 0.0739323, 0.0953286, 0.164684, 0.228978, 0.815641, 1, 

16,85,0.001, 0.0173341, 0.0203322, 0.0275304, 0.0319391, 0.0739323, 0.0953286, 0.164684, 0.228978, 0.256293, 1, 

15,161,0.001, 0.00758456, 0.0245048, 0.0274109, 0.0327353, 0.034275, 0.918343, 1, 

Generation #9
16,85,0.001, 0.0173341, 0.0203322, 0.0275304, 0.0319391, 0.0739323, 0.0953286, 0.164684, 0.228978, 0.256293, 1, 

17,75,0.001, 0.0140842, 0.0203322, 0.0275304, 0.0319391, 0.0739323, 0.0953286, 0.164684, 0.515329, 0.918343, 1, 

15,124,0.001, 0.0173341, 0.0203322, 0.0275304, 0.0319391, 0.0739323, 0.918343, 1, 

Generation #10
15,124,0.001, 0.0173341, 0.0203322, 0.0275304, 0.0319391, 0.0739323, 0.918343, 1, 

17,63,0.001, 0.0173341, 0.0203322, 0.0275304, 0.0319391, 0.0739323, 0.0953286, 0.164684, 0.815641, 0.815641, 1, 

16,75,0.001, 0.00758456, 0.0245048, 0.0274109, 0.0327353, 0.0739323, 0.0953286, 0.164684, 0.918343, 1, 

Generation #11
17,63,0.001, 0.0173341, 0.0203322, 0.0275304, 0.0319391, 0.0739323, 0.0953286, 0.164684, 0.815641, 0.815641, 1, 

16,75,0.001, 0.00758456, 0.0245048, 0.0274109, 0.0327353, 0.0739323, 0.0953286, 0.164684, 0.918343, 1, 

15,98,0.001, 0.0173341, 0.0203322, 0.0275304, 0.0319391, 0.0739323, 0.0905902, 1, 

14,240,0.001, 0.0173341, 0.0203322, 0.0739323, 0.164684, 0.918343, 1, 

Generation #12
17,63,0.001, 0.0173341, 0.0203322, 0.0275304, 0.0319391, 0.0739323, 0.0953286, 0.164684, 0.815641, 0.815641, 1, 

16,75,0.001, 0.00758456, 0.0245048, 0.0274109, 0.0327353, 0.0739323, 0.0953286, 0.164684, 0.918343, 1, 

15,98,0.001, 0.0173341, 0.0203322, 0.0275304, 0.0319391, 0.0739323, 0.0905902, 1, 

14,151,0.001, 0.0173341, 0.0203322, 0.0275304, 0.0319391, 0.0739323, 0.918343, 1, 

13,222,0.001, 0.0203322, 0.0275304, 0.164684, 0.918343, 1, 

Generation #13
17,63,0.001, 0.0173341, 0.0203322, 0.0275304, 0.0319391, 0.0739323, 0.0953286, 0.164684, 0.815641, 0.815641, 1, 

16,75,0.001, 0.00758456, 0.0245048, 0.0274109, 0.0327353, 0.0739323, 0.0953286, 0.164684, 0.918343, 1, 

15,98,0.001, 0.0173341, 0.0203322, 0.0275304, 0.0319391, 0.0739323, 0.0905902, 1, 

13,222,0.001, 0.0203322, 0.0275304, 0.164684, 0.918343, 1, 

14,127,0.001, 0.00758456, 0.0245048, 0.0274109, 0.0932457, 1, 

Generation #14
12,274,0.001, 0.0173341, 0.0203322, 0.0275304, 0.0319391, 1, 

13,134,0.001, 0.00758456, 0.0245048, 0.0274109, 0.0932457, 1, 

14,62,0.001, 0.00758456, 0.0245048, 0.0274109, 0.0327353, 0.0739323, 0.0953286, 0.164684, 0.918343, 1, 

Generation #15
12,274,0.001, 0.0173341, 0.0203322, 0.0275304, 0.0319391, 1, 

13,134,0.001, 0.00758456, 0.0245048, 0.0274109, 0.0932457, 1, 

14,62,0.001, 0.00758456, 0.0245048, 0.0274109, 0.0327353, 0.0739323, 0.0953286, 0.164684, 0.918343, 1, 

Generation #16
12,274,0.001, 0.0173341, 0.0203322, 0.0275304, 0.0319391, 1, 

13,134,0.001, 0.00758456, 0.0245048, 0.0274109, 0.0932457, 1, 

14,62,0.001, 0.00758456, 0.0245048, 0.0274109, 0.0327353, 0.0739323, 0.0953286, 0.164684, 0.918343, 1, 

Generation #17
12,274,0.001, 0.0173341, 0.0203322, 0.0275304, 0.0319391, 1, 

13,134,0.001, 0.00758456, 0.0245048, 0.0274109, 0.0932457, 1, 

14,62,0.001, 0.00758456, 0.0245048, 0.0274109, 0.0327353, 0.0739323, 0.0953286, 0.164684, 0.918343, 1, 

Generation #18
12,274,0.001, 0.0173341, 0.0203322, 0.0275304, 0.0319391, 1, 

14,62,0.001, 0.00758456, 0.0245048, 0.0274109, 0.0327353, 0.0739323, 0.0953286, 0.164684, 0.918343, 1, 

16,60,0.001, 0.00758456, 0.0203322, 0.0275304, 0.0319391, 0.0953286, 0.164684, 0.918343, 1, 

13,118,0.001, 0.00758456, 0.0245048, 0.0274109, 0.0327353, 0.0739323, 1, 

Generation #19
12,274,0.001, 0.0173341, 0.0203322, 0.0275304, 0.0319391, 1, 

14,62,0.001, 0.00758456, 0.0245048, 0.0274109, 0.0327353, 0.0739323, 0.0953286, 0.164684, 0.918343, 1, 

16,60,0.001, 0.00758456, 0.0203322, 0.0275304, 0.0319391, 0.0953286, 0.164684, 0.918343, 1, 

13,118,0.001, 0.00758456, 0.0245048, 0.0274109, 0.0327353, 0.0739323, 1, 

Generation #20
12,274,0.001, 0.0173341, 0.0203322, 0.0275304, 0.0319391, 1, 

14,62,0.001, 0.00758456, 0.0245048, 0.0274109, 0.0327353, 0.0739323, 0.0953286, 0.164684, 0.918343, 1, 

16,60,0.001, 0.00758456, 0.0203322, 0.0275304, 0.0319391, 0.0953286, 0.164684, 0.918343, 1, 

13,110,0.001, 0.00758456, 0.0203322, 0.0275304, 0.0932457, 1, 

Generation #21
12,274,0.001, 0.0173341, 0.0203322, 0.0275304, 0.0319391, 1, 

14,62,0.001, 0.00758456, 0.0245048, 0.0274109, 0.0327353, 0.0739323, 0.0953286, 0.164684, 0.918343, 1, 

16,60,0.001, 0.00758456, 0.0203322, 0.0275304, 0.0319391, 0.0953286, 0.164684, 0.918343, 1, 

13,110,0.001, 0.00758456, 0.0203322, 0.0275304, 0.0932457, 1, 

17,57,0.001, 0.00758456, 0.0203322, 0.0275304, 0.0319391, 0.0739323, 0.0953286, 0.164684, 0.228978, 0.815641, 1, 

Generation #22
12,274,0.001, 0.0173341, 0.0203322, 0.0275304, 0.0319391, 1, 

14,62,0.001, 0.00758456, 0.0245048, 0.0274109, 0.0327353, 0.0739323, 0.0953286, 0.164684, 0.918343, 1, 

16,60,0.001, 0.00758456, 0.0203322, 0.0275304, 0.0319391, 0.0953286, 0.164684, 0.918343, 1, 

17,57,0.001, 0.00758456, 0.0203322, 0.0275304, 0.0319391, 0.0739323, 0.0953286, 0.164684, 0.228978, 0.815641, 1, 

13,105,0.001, 0.0140842, 0.0203322, 0.0275304, 0.0319391, 0.0953286, 1, 

Generation #23
12,274,0.001, 0.0173341, 0.0203322, 0.0275304, 0.0319391, 1, 

14,62,0.001, 0.00758456, 0.0245048, 0.0274109, 0.0327353, 0.0739323, 0.0953286, 0.164684, 0.918343, 1, 

16,60,0.001, 0.00758456, 0.0203322, 0.0275304, 0.0319391, 0.0953286, 0.164684, 0.918343, 1, 

17,57,0.001, 0.00758456, 0.0203322, 0.0275304, 0.0319391, 0.0739323, 0.0953286, 0.164684, 0.228978, 0.815641, 1, 

13,105,0.001, 0.0140842, 0.0203322, 0.0275304, 0.0319391, 0.0953286, 1, 

Generation #24
12,274,0.001, 0.0173341, 0.0203322, 0.0275304, 0.0319391, 1, 

14,62,0.001, 0.00758456, 0.0245048, 0.0274109, 0.0327353, 0.0739323, 0.0953286, 0.164684, 0.918343, 1, 

16,60,0.001, 0.00758456, 0.0203322, 0.0275304, 0.0319391, 0.0953286, 0.164684, 0.918343, 1, 

17,57,0.001, 0.00758456, 0.0203322, 0.0275304, 0.0319391, 0.0739323, 0.0953286, 0.164684, 0.228978, 0.815641, 1, 

13,105,0.001, 0.0140842, 0.0203322, 0.0275304, 0.0319391, 0.0953286, 1, 

Generation #25
12,274,0.001, 0.0173341, 0.0203322, 0.0275304, 0.0319391, 1, 

14,62,0.001, 0.00758456, 0.0245048, 0.0274109, 0.0327353, 0.0739323, 0.0953286, 0.164684, 0.918343, 1, 

16,60,0.001, 0.00758456, 0.0203322, 0.0275304, 0.0319391, 0.0953286, 0.164684, 0.918343, 1, 

17,57,0.001, 0.00758456, 0.0203322, 0.0275304, 0.0319391, 0.0739323, 0.0953286, 0.164684, 0.228978, 0.815641, 1, 

13,105,0.001, 0.0140842, 0.0203322, 0.0275304, 0.0319391, 0.0953286, 1, 

Generation #26
12,274,0.001, 0.0173341, 0.0203322, 0.0275304, 0.0319391, 1, 

14,62,0.001, 0.00758456, 0.0245048, 0.0274109, 0.0327353, 0.0739323, 0.0953286, 0.164684, 0.918343, 1, 

16,60,0.001, 0.00758456, 0.0203322, 0.0275304, 0.0319391, 0.0953286, 0.164684, 0.918343, 1, 

17,57,0.001, 0.00758456, 0.0203322, 0.0275304, 0.0319391, 0.0739323, 0.0953286, 0.164684, 0.228978, 0.815641, 1, 

13,105,0.001, 0.0140842, 0.0203322, 0.0275304, 0.0319391, 0.0953286, 1, 

Generation #27
12,274,0.001, 0.0173341, 0.0203322, 0.0275304, 0.0319391, 1, 

14,62,0.001, 0.00758456, 0.0245048, 0.0274109, 0.0327353, 0.0739323, 0.0953286, 0.164684, 0.918343, 1, 

16,60,0.001, 0.00758456, 0.0203322, 0.0275304, 0.0319391, 0.0953286, 0.164684, 0.918343, 1, 

17,57,0.001, 0.00758456, 0.0203322, 0.0275304, 0.0319391, 0.0739323, 0.0953286, 0.164684, 0.228978, 0.815641, 1, 

13,105,0.001, 0.0140842, 0.0203322, 0.0275304, 0.0319391, 0.0953286, 1, 

Generation #28
12,274,0.001, 0.0173341, 0.0203322, 0.0275304, 0.0319391, 1, 

14,62,0.001, 0.00758456, 0.0245048, 0.0274109, 0.0327353, 0.0739323, 0.0953286, 0.164684, 0.918343, 1, 

16,60,0.001, 0.00758456, 0.0203322, 0.0275304, 0.0319391, 0.0953286, 0.164684, 0.918343, 1, 

17,57,0.001, 0.00758456, 0.0203322, 0.0275304, 0.0319391, 0.0739323, 0.0953286, 0.164684, 0.228978, 0.815641, 1, 

13,105,0.001, 0.0140842, 0.0203322, 0.0275304, 0.0319391, 0.0953286, 1, 

Generation #29
12,274,0.001, 0.0173341, 0.0203322, 0.0275304, 0.0319391, 1, 

14,62,0.001, 0.00758456, 0.0245048, 0.0274109, 0.0327353, 0.0739323, 0.0953286, 0.164684, 0.918343, 1, 

16,60,0.001, 0.00758456, 0.0203322, 0.0275304, 0.0319391, 0.0953286, 0.164684, 0.918343, 1, 

17,57,0.001, 0.00758456, 0.0203322, 0.0275304, 0.0319391, 0.0739323, 0.0953286, 0.164684, 0.228978, 0.815641, 1, 

13,105,0.001, 0.0140842, 0.0203322, 0.0275304, 0.0319391, 0.0953286, 1, 

Generation #30
12,274,0.001, 0.0173341, 0.0203322, 0.0275304, 0.0319391, 1, 

14,62,0.001, 0.00758456, 0.0245048, 0.0274109, 0.0327353, 0.0739323, 0.0953286, 0.164684, 0.918343, 1, 

16,60,0.001, 0.00758456, 0.0203322, 0.0275304, 0.0319391, 0.0953286, 0.164684, 0.918343, 1, 

17,57,0.001, 0.00758456, 0.0203322, 0.0275304, 0.0319391, 0.0739323, 0.0953286, 0.164684, 0.228978, 0.815641, 1, 

13,105,0.001, 0.0140842, 0.0203322, 0.0275304, 0.0319391, 0.0953286, 1, 

Generation #31
12,274,0.001, 0.0173341, 0.0203322, 0.0275304, 0.0319391, 1, 

14,62,0.001, 0.00758456, 0.0245048, 0.0274109, 0.0327353, 0.0739323, 0.0953286, 0.164684, 0.918343, 1, 

16,60,0.001, 0.00758456, 0.0203322, 0.0275304, 0.0319391, 0.0953286, 0.164684, 0.918343, 1, 

17,57,0.001, 0.00758456, 0.0203322, 0.0275304, 0.0319391, 0.0739323, 0.0953286, 0.164684, 0.228978, 0.815641, 1, 

13,105,0.001, 0.0140842, 0.0203322, 0.0275304, 0.0319391, 0.0953286, 1, 

Generation #32
12,274,0.001, 0.0173341, 0.0203322, 0.0275304, 0.0319391, 1, 

14,62,0.001, 0.00758456, 0.0245048, 0.0274109, 0.0327353, 0.0739323, 0.0953286, 0.164684, 0.918343, 1, 

16,60,0.001, 0.00758456, 0.0203322, 0.0275304, 0.0319391, 0.0953286, 0.164684, 0.918343, 1, 

17,57,0.001, 0.00758456, 0.0203322, 0.0275304, 0.0319391, 0.0739323, 0.0953286, 0.164684, 0.228978, 0.815641, 1, 

13,105,0.001, 0.0140842, 0.0203322, 0.0275304, 0.0319391, 0.0953286, 1, 

Generation #33
12,274,0.001, 0.0173341, 0.0203322, 0.0275304, 0.0319391, 1, 

14,62,0.001, 0.00758456, 0.0245048, 0.0274109, 0.0327353, 0.0739323, 0.0953286, 0.164684, 0.918343, 1, 

16,60,0.001, 0.00758456, 0.0203322, 0.0275304, 0.0319391, 0.0953286, 0.164684, 0.918343, 1, 

17,57,0.001, 0.00758456, 0.0203322, 0.0275304, 0.0319391, 0.0739323, 0.0953286, 0.164684, 0.228978, 0.815641, 1, 

13,105,0.001, 0.0140842, 0.0203322, 0.0275304, 0.0319391, 0.0953286, 1, 

Generation #34
12,274,0.001, 0.0173341, 0.0203322, 0.0275304, 0.0319391, 1, 

14,62,0.001, 0.00758456, 0.0245048, 0.0274109, 0.0327353, 0.0739323, 0.0953286, 0.164684, 0.918343, 1, 

16,60,0.001, 0.00758456, 0.0203322, 0.0275304, 0.0319391, 0.0953286, 0.164684, 0.918343, 1, 

17,57,0.001, 0.00758456, 0.0203322, 0.0275304, 0.0319391, 0.0739323, 0.0953286, 0.164684, 0.228978, 0.815641, 1, 

13,105,0.001, 0.0140842, 0.0203322, 0.0275304, 0.0319391, 0.0953286, 1, 

Generation #35
12,274,0.001, 0.0173341, 0.0203322, 0.0275304, 0.0319391, 1, 

14,62,0.001, 0.00758456, 0.0245048, 0.0274109, 0.0327353, 0.0739323, 0.0953286, 0.164684, 0.918343, 1, 

13,105,0.001, 0.0140842, 0.0203322, 0.0275304, 0.0319391, 0.0953286, 1, 

16,56,0.001, 0.00758456, 0.0203322, 0.0275304, 0.0319391, 0.0739323, 0.0953286, 0.164684, 0.228978, 1, 

Generation #36
12,274,0.001, 0.0173341, 0.0203322, 0.0275304, 0.0319391, 1, 

14,62,0.001, 0.00758456, 0.0245048, 0.0274109, 0.0327353, 0.0739323, 0.0953286, 0.164684, 0.918343, 1, 

13,105,0.001, 0.0140842, 0.0203322, 0.0275304, 0.0319391, 0.0953286, 1, 

16,56,0.001, 0.00758456, 0.0203322, 0.0275304, 0.0319391, 0.0739323, 0.0953286, 0.164684, 0.228978, 1, 

Generation #37
12,274,0.001, 0.0173341, 0.0203322, 0.0275304, 0.0319391, 1, 

14,62,0.001, 0.00758456, 0.0245048, 0.0274109, 0.0327353, 0.0739323, 0.0953286, 0.164684, 0.918343, 1, 

13,105,0.001, 0.0140842, 0.0203322, 0.0275304, 0.0319391, 0.0953286, 1, 

16,56,0.001, 0.00758456, 0.0203322, 0.0275304, 0.0319391, 0.0739323, 0.0953286, 0.164684, 0.228978, 1, 

Generation #38
12,274,0.001, 0.0173341, 0.0203322, 0.0275304, 0.0319391, 1, 

14,62,0.001, 0.00758456, 0.0245048, 0.0274109, 0.0327353, 0.0739323, 0.0953286, 0.164684, 0.918343, 1, 

16,56,0.001, 0.00758456, 0.0203322, 0.0275304, 0.0319391, 0.0739323, 0.0953286, 0.164684, 0.228978, 1, 

13,71,0.001, 0.00758456, 0.0203322, 0.0275304, 0.0319391, 0.0739323, 0.0905902, 1, 

Generation #39
12,274,0.001, 0.0173341, 0.0203322, 0.0275304, 0.0319391, 1, 

14,62,0.001, 0.00758456, 0.0245048, 0.0274109, 0.0327353, 0.0739323, 0.0953286, 0.164684, 0.918343, 1, 

16,56,0.001, 0.00758456, 0.0203322, 0.0275304, 0.0319391, 0.0739323, 0.0953286, 0.164684, 0.228978, 1, 

13,71,0.001, 0.00758456, 0.0203322, 0.0275304, 0.0319391, 0.0739323, 0.0905902, 1, 

Generation #40
12,274,0.001, 0.0173341, 0.0203322, 0.0275304, 0.0319391, 1, 

14,62,0.001, 0.00758456, 0.0245048, 0.0274109, 0.0327353, 0.0739323, 0.0953286, 0.164684, 0.918343, 1, 

13,71,0.001, 0.00758456, 0.0203322, 0.0275304, 0.0319391, 0.0739323, 0.0905902, 1, 

15,50,0.001, 0.00758456, 0.0245048, 0.0274109, 0.0327353, 0.0739323, 0.248259, 0.164684, 1, 

Generation #41
12,274,0.001, 0.0173341, 0.0203322, 0.0275304, 0.0319391, 1, 

14,62,0.001, 0.00758456, 0.0245048, 0.0274109, 0.0327353, 0.0739323, 0.0953286, 0.164684, 0.918343, 1, 

13,71,0.001, 0.00758456, 0.0203322, 0.0275304, 0.0319391, 0.0739323, 0.0905902, 1, 

15,50,0.001, 0.00758456, 0.0245048, 0.0274109, 0.0327353, 0.0739323, 0.248259, 0.164684, 1, 

Generation #42
12,274,0.001, 0.0173341, 0.0203322, 0.0275304, 0.0319391, 1, 

14,62,0.001, 0.00758456, 0.0245048, 0.0274109, 0.0327353, 0.0739323, 0.0953286, 0.164684, 0.918343, 1, 

13,71,0.001, 0.00758456, 0.0203322, 0.0275304, 0.0319391, 0.0739323, 0.0905902, 1, 

15,50,0.001, 0.00758456, 0.0245048, 0.0274109, 0.0327353, 0.0739323, 0.248259, 0.164684, 1, 

Generation #43
12,274,0.001, 0.0173341, 0.0203322, 0.0275304, 0.0319391, 1, 

14,62,0.001, 0.00758456, 0.0245048, 0.0274109, 0.0327353, 0.0739323, 0.0953286, 0.164684, 0.918343, 1, 

13,71,0.001, 0.00758456, 0.0203322, 0.0275304, 0.0319391, 0.0739323, 0.0905902, 1, 

15,50,0.001, 0.00758456, 0.0245048, 0.0274109, 0.0327353, 0.0739323, 0.248259, 0.164684, 1, 

Generation #44
12,274,0.001, 0.0173341, 0.0203322, 0.0275304, 0.0319391, 1, 

14,62,0.001, 0.00758456, 0.0245048, 0.0274109, 0.0327353, 0.0739323, 0.0953286, 0.164684, 0.918343, 1, 

13,71,0.001, 0.00758456, 0.0203322, 0.0275304, 0.0319391, 0.0739323, 0.0905902, 1, 

15,50,0.001, 0.00758456, 0.0245048, 0.0274109, 0.0327353, 0.0739323, 0.248259, 0.164684, 1, 

Generation #45
12,274,0.001, 0.0173341, 0.0203322, 0.0275304, 0.0319391, 1, 

14,62,0.001, 0.00758456, 0.0245048, 0.0274109, 0.0327353, 0.0739323, 0.0953286, 0.164684, 0.918343, 1, 

13,71,0.001, 0.00758456, 0.0203322, 0.0275304, 0.0319391, 0.0739323, 0.0905902, 1, 

15,50,0.001, 0.00758456, 0.0245048, 0.0274109, 0.0327353, 0.0739323, 0.248259, 0.164684, 1, 

Generation #46
12,274,0.001, 0.0173341, 0.0203322, 0.0275304, 0.0319391, 1, 

14,62,0.001, 0.00758456, 0.0245048, 0.0274109, 0.0327353, 0.0739323, 0.0953286, 0.164684, 0.918343, 1, 

13,71,0.001, 0.00758456, 0.0203322, 0.0275304, 0.0319391, 0.0739323, 0.0905902, 1, 

15,50,0.001, 0.00758456, 0.0245048, 0.0274109, 0.0327353, 0.0739323, 0.248259, 0.164684, 1, 

Generation #47
12,274,0.001, 0.0173341, 0.0203322, 0.0275304, 0.0319391, 1, 

14,62,0.001, 0.00758456, 0.0245048, 0.0274109, 0.0327353, 0.0739323, 0.0953286, 0.164684, 0.918343, 1, 

13,71,0.001, 0.00758456, 0.0203322, 0.0275304, 0.0319391, 0.0739323, 0.0905902, 1, 

15,50,0.001, 0.00758456, 0.0245048, 0.0274109, 0.0327353, 0.0739323, 0.248259, 0.164684, 1, 

Generation #48
12,274,0.001, 0.0173341, 0.0203322, 0.0275304, 0.0319391, 1, 

14,62,0.001, 0.00758456, 0.0245048, 0.0274109, 0.0327353, 0.0739323, 0.0953286, 0.164684, 0.918343, 1, 

13,71,0.001, 0.00758456, 0.0203322, 0.0275304, 0.0319391, 0.0739323, 0.0905902, 1, 

15,50,0.001, 0.00758456, 0.0245048, 0.0274109, 0.0327353, 0.0739323, 0.248259, 0.164684, 1, 

Generation #49
12,274,0.001, 0.0173341, 0.0203322, 0.0275304, 0.0319391, 1, 

14,62,0.001, 0.00758456, 0.0245048, 0.0274109, 0.0327353, 0.0739323, 0.0953286, 0.164684, 0.918343, 1, 

13,71,0.001, 0.00758456, 0.0203322, 0.0275304, 0.0319391, 0.0739323, 0.0905902, 1, 

15,50,0.001, 0.00758456, 0.0245048, 0.0274109, 0.0327353, 0.0739323, 0.248259, 0.164684, 1, 

--- Pareto Front Solutions ---
Solution 0: N total=30 (N_initial=18, N_added=12), Time total=278 ms, Saved to: ./results/2^30_t2_l2_pareto_0.csv, percents=0.001, 0.0173341, 0.0203322, 0.0275304, 0.0319391, 1, 

Solution 1: N total=32 (N_initial=18, N_added=14), Time total=66 ms, Saved to: ./results/2^30_t2_l2_pareto_1.csv, percents=0.001, 0.00758456, 0.0245048, 0.0274109, 0.0327353, 0.0739323, 0.0953286, 0.164684, 0.918343, 1, 

Solution 2: N total=31 (N_initial=18, N_added=13), Time total=75 ms, Saved to: ./results/2^30_t2_l2_pareto_2.csv, percents=0.001, 0.00758456, 0.0203322, 0.0275304, 0.0319391, 0.0739323, 0.0905902, 1, 

Solution 3: N total=33 (N_initial=18, N_added=15), Time total=54 ms, Saved to: ./results/2^30_t2_l2_pareto_3.csv, percents=0.001, 0.00758456, 0.0245048, 0.0274109, 0.0327353, 0.0739323, 0.248259, 0.164684, 1, 

------------d=1, t=2, lambda=3, filename=./evaluation/2^30-t2_l3.csv------------
Grouping d-sets by partitioned row counts for detecting arrays...
Ready to look at pairs for detecting arrays...
First Stage N=24, Time=4
There are 6315 remaining non-locating pairs
--- Running GA Algorithm (phase2) ---
Running GA with std::execution::par
Generation #0
18,218,0.001, 0.0334282, 0.0855938, 0.176151, 0.39819, 0.586385, 0.707157, 0.761704, 0.783768, 0.886329, 0.995483, 1, 

24,114,0.001, 0.0171701, 0.023479, 0.119632, 0.125219, 0.319209, 0.398134, 0.482948, 0.492099, 0.526422, 0.576316, 0.755476, 0.831742, 0.896557, 0.973966, 1, 

17,799,0.001, 0.153123, 0.166469, 0.354482, 0.533638, 0.749036, 0.761282, 0.778833, 0.924404, 0.962712, 1, 

Generation #1
24,114,0.001, 0.0171701, 0.023479, 0.119632, 0.125219, 0.319209, 0.398134, 0.482948, 0.492099, 0.526422, 0.576316, 0.755476, 0.831742, 0.896557, 0.973966, 1, 

25,113,0.001, 0.0171701, 0.023479, 0.119632, 0.125219, 0.319209, 0.398134, 0.482948, 0.492099, 0.368656, 0.478693, 0.489709, 0.608541, 0.694023, 0.955189, 0.955239, 0.982963, 1, 

20,116,0.001, 0.0300437, 0.0327834, 0.0655003, 0.17218, 0.228709, 0.240125, 0.0888957, 0.255317, 0.299277, 0.310814, 0.471669, 0.485859, 1, 

17,129,0.001, 0.021019, 0.0366071, 0.0849504, 0.0893234, 0.12556, 0.240712, 0.241514, 0.886329, 0.995483, 1, 

28,111,0.001, 0.0208173, 0.0702126, 0.108245, 0.133768, 0.172339, 0.294234, 0.49793, 0.519591, 0.538654, 0.561622, 0.613785, 0.638047, 0.655801, 0.659812, 0.718974, 0.730215, 0.740586, 0.776208, 0.83103, 0.916519, 1, 

Generation #2
24,114,0.001, 0.0171701, 0.023479, 0.119632, 0.125219, 0.319209, 0.398134, 0.482948, 0.492099, 0.526422, 0.576316, 0.755476, 0.831742, 0.896557, 0.973966, 1, 

25,113,0.001, 0.0171701, 0.023479, 0.119632, 0.125219, 0.319209, 0.398134, 0.482948, 0.492099, 0.368656, 0.478693, 0.489709, 0.608541, 0.694023, 0.955189, 0.955239, 0.982963, 1, 

20,116,0.001, 0.0300437, 0.0327834, 0.0655003, 0.17218, 0.228709, 0.240125, 0.0888957, 0.255317, 0.299277, 0.310814, 0.471669, 0.485859, 1, 

17,129,0.001, 0.021019, 0.0366071, 0.0849504, 0.0893234, 0.12556, 0.240712, 0.241514, 0.886329, 0.995483, 1, 

28,111,0.001, 0.0208173, 0.0702126, 0.108245, 0.133768, 0.172339, 0.294234, 0.49793, 0.519591, 0.538654, 0.561622, 0.613785, 0.638047, 0.655801, 0.659812, 0.718974, 0.730215, 0.740586, 0.776208, 0.83103, 0.916519, 1, 

35,82,0.001, 0.0231764, 0.0261273, 0.0473165, 0.0722551, 0.14333, 0.15129, 0.175595, 0.194574, 0.210066, 0.238286, 0.254011, 0.262724, 0.320389, 0.44227, 0.443947, 0.520767, 0.582925, 0.715508, 0.733472, 0.746278, 0.767135, 0.867756, 0.870966, 0.879746, 0.893777, 0.89797, 0.934573, 0.951508, 0.995232, 1, 

19,128,0.001, 0.0300437, 0.0327834, 0.0655003, 0.17218, 0.228709, 0.240125, 0.255317, 0.299277, 0.310814, 0.471669, 0.485859, 1, 

Generation #3
35,82,0.001, 0.0231764, 0.0261273, 0.0473165, 0.0722551, 0.14333, 0.15129, 0.175595, 0.194574, 0.210066, 0.238286, 0.254011, 0.262724, 0.320389, 0.44227, 0.443947, 0.520767, 0.582925, 0.715508, 0.733472, 0.746278, 0.767135, 0.867756, 0.870966, 0.879746, 0.893777, 0.89797, 0.934573, 0.951508, 0.995232, 1, 

16,122,0.001, 0.0300437, 0.0327834, 0.0655003, 0.17218, 0.228709, 0.240125, 0.0888957, 0.255317, 0.995483, 1, 

20,94,0.001, 0.0231764, 0.0261273, 0.0473165, 0.0722551, 0.14333, 0.15129, 0.435521, 0.620389, 0.661631, 0.913145, 0.708947, 0.983741, 1, 

Generation #4
16,122,0.001, 0.0300437, 0.0327834, 0.0655003, 0.17218, 0.228709, 0.240125, 0.0888957, 0.255317, 0.995483, 1, 

31,66,0.001, 0.00460123, 0.0261273, 0.0473165, 0.0722551, 0.14333, 0.15129, 0.194574, 0.210066, 0.353808, 0.408096, 0.433828, 0.437798, 0.524746, 0.532311, 0.547047, 0.622745, 0.684332, 0.720553, 0.79043, 0.847596, 0.888183, 0.897024, 0.921083, 0.986312, 1, 

17,79,0.001, 0.021019, 0.0366071, 0.0849504, 0.0893234, 0.12556, 0.240712, 0.241514, 0.241514, 0.886329, 0.995483, 1, 

Generation #5
20,64,0.001, 0.0111353, 0.0327834, 0.0655003, 0.17218, 0.228709, 0.240125, 0.0888957, 0.255317, 0.299277, 0.310814, 0.471669, 0.485859, 1, 

16,91,0.001, 0.0111353, 0.0465587, 0.0888655, 0.201904, 0.280738, 0.284741, 0.924404, 0.962712, 1, 

17,72,0.001, 0.0111353, 0.0327834, 0.0655003, 0.17218, 0.228709, 0.240125, 0.255317, 0.299277, 0.740833, 0.839294, 1, 

Generation #6
20,64,0.001, 0.0111353, 0.0327834, 0.0655003, 0.17218, 0.228709, 0.240125, 0.0888957, 0.255317, 0.299277, 0.310814, 0.471669, 0.485859, 1, 

16,91,0.001, 0.0111353, 0.0465587, 0.0888655, 0.201904, 0.280738, 0.284741, 0.924404, 0.962712, 1, 

17,72,0.001, 0.0111353, 0.0327834, 0.0655003, 0.17218, 0.228709, 0.240125, 0.255317, 0.299277, 0.740833, 0.839294, 1, 

Generation #7
20,64,0.001, 0.0111353, 0.0327834, 0.0655003, 0.17218, 0.228709, 0.240125, 0.0888957, 0.255317, 0.299277, 0.310814, 0.471669, 0.485859, 1, 

17,68,0.001, 0.00460123, 0.0261273, 0.0473165, 0.0722551, 0.14333, 0.398134, 0.255317, 0.299277, 0.740833, 0.839294, 1, 

14,88,0.001, 0.0171701, 0.023479, 0.119632, 0.125219, 0.14333, 0.194574, 0.210066, 1, 

Generation #8
20,64,0.001, 0.0111353, 0.0327834, 0.0655003, 0.17218, 0.228709, 0.240125, 0.0888957, 0.255317, 0.299277, 0.310814, 0.471669, 0.485859, 1, 

17,68,0.001, 0.00460123, 0.0261273, 0.0473165, 0.0722551, 0.14333, 0.398134, 0.255317, 0.299277, 0.740833, 0.839294, 1, 

14,88,0.001, 0.0171701, 0.023479, 0.119632, 0.125219, 0.14333, 0.194574, 0.210066, 1, 

18,66,0.001, 0.0111353, 0.0327834, 0.0655003, 0.17218, 0.228709, 0.240712, 0.241514, 0.252468, 0.277108, 0.485859, 1, 

22,53,0.001, 0.0111353, 0.0327834, 0.0655003, 0.17218, 0.228709, 0.240125, 0.255317, 0.299277, 0.740833, 0.489709, 0.608541, 0.694023, 0.955189, 0.955239, 0.670384, 1, 

15,87,0.001, 0.0171701, 0.0327834, 0.0849504, 0.0893234, 0.12556, 0.240712, 0.255317, 0.962712, 1, 

Generation #9
17,68,0.001, 0.00460123, 0.0261273, 0.0473165, 0.0722551, 0.14333, 0.398134, 0.255317, 0.299277, 0.740833, 0.839294, 1, 

14,88,0.001, 0.0171701, 0.023479, 0.119632, 0.125219, 0.14333, 0.194574, 0.210066, 1, 

22,53,0.001, 0.0111353, 0.0327834, 0.0655003, 0.17218, 0.228709, 0.240125, 0.255317, 0.299277, 0.740833, 0.489709, 0.608541, 0.694023, 0.955189, 0.955239, 0.670384, 1, 

16,79,0.001, 0.0111353, 0.0327834, 0.0655003, 0.17218, 0.228709, 0.240125, 0.0888957, 0.995483, 1, 

18,54,0.001, 0.0111353, 0.0327834, 0.0655003, 0.0893234, 0.12556, 0.240712, 0.255317, 0.299277, 0.407316, 0.310814, 0.485859, 1, 

15,85,0.001, 0.00460123, 0.0261273, 0.0473165, 0.0722551, 0.14333, 0.194574, 0.210066, 1, 

Generation #10
14,66,0.001, 0.00460123, 0.0261273, 0.0473165, 0.0722551, 0.14333, 0.194574, 0.210066, 1, 

16,53,0.001, 0.0111353, 0.0327834, 0.0655003, 0.17218, 0.228709, 0.194574, 0.210066, 1, 

Generation #11
14,66,0.001, 0.00460123, 0.0261273, 0.0473165, 0.0722551, 0.14333, 0.194574, 0.210066, 1, 

15,47,0.001, 0.0111353, 0.0327834, 0.0655003, 0.0893234, 0.12556, 0.240712, 0.241514, 0.241514, 0.995483, 1, 

13,100,0.001, 0.0111353, 0.0465587, 0.14333, 0.194574, 0.210066, 1, 

Generation #12
14,66,0.001, 0.00460123, 0.0261273, 0.0473165, 0.0722551, 0.14333, 0.194574, 0.210066, 1, 

15,47,0.001, 0.0111353, 0.0327834, 0.0655003, 0.0893234, 0.12556, 0.240712, 0.241514, 0.241514, 0.995483, 1, 

13,69,0.001, 0.0111353, 0.0473165, 0.14333, 0.194574, 0.210066, 1, 

Generation #13
14,66,0.001, 0.00460123, 0.0261273, 0.0473165, 0.0722551, 0.14333, 0.194574, 0.210066, 1, 

15,47,0.001, 0.0111353, 0.0327834, 0.0655003, 0.0893234, 0.12556, 0.240712, 0.241514, 0.241514, 0.995483, 1, 

13,69,0.001, 0.0111353, 0.0473165, 0.14333, 0.194574, 0.210066, 1, 

Generation #14
15,47,0.001, 0.0111353, 0.0327834, 0.0655003, 0.0893234, 0.12556, 0.240712, 0.241514, 0.241514, 0.995483, 1, 

13,69,0.001, 0.0111353, 0.0473165, 0.14333, 0.194574, 0.210066, 1, 

14,65,0.001, 0.00460123, 0.0261273, 0.0473165, 0.0722551, 0.14333, 0.15129, 0.175595, 0.962712, 1, 

12,148,0.001, 0.0111353, 0.0327834, 0.0655003, 0.228709, 1, 

Generation #15
15,47,0.001, 0.0111353, 0.0327834, 0.0655003, 0.0893234, 0.12556, 0.240712, 0.241514, 0.241514, 0.995483, 1, 

13,69,0.001, 0.0111353, 0.0473165, 0.14333, 0.194574, 0.210066, 1, 

14,65,0.001, 0.00460123, 0.0261273, 0.0473165, 0.0722551, 0.14333, 0.15129, 0.175595, 0.962712, 1, 

12,148,0.001, 0.0111353, 0.0327834, 0.0655003, 0.228709, 1, 

Generation #16
15,47,0.001, 0.0111353, 0.0327834, 0.0655003, 0.0893234, 0.12556, 0.240712, 0.241514, 0.241514, 0.995483, 1, 

13,69,0.001, 0.0111353, 0.0473165, 0.14333, 0.194574, 0.210066, 1, 

14,65,0.001, 0.00460123, 0.0261273, 0.0473165, 0.0722551, 0.14333, 0.15129, 0.175595, 0.962712, 1, 

12,143,0.00460123, 0.0261273, 0.14333, 0.194574, 0.210066, 1, 

Generation #17
15,47,0.001, 0.0111353, 0.0327834, 0.0655003, 0.0893234, 0.12556, 0.240712, 0.241514, 0.241514, 0.995483, 1, 

13,69,0.001, 0.0111353, 0.0473165, 0.14333, 0.194574, 0.210066, 1, 

14,65,0.001, 0.00460123, 0.0261273, 0.0473165, 0.0722551, 0.14333, 0.15129, 0.175595, 0.962712, 1, 

12,143,0.00460123, 0.0261273, 0.14333, 0.194574, 0.210066, 1, 

Generation #18
15,47,0.001, 0.0111353, 0.0327834, 0.0655003, 0.0893234, 0.12556, 0.240712, 0.241514, 0.241514, 0.995483, 1, 

13,69,0.001, 0.0111353, 0.0473165, 0.14333, 0.194574, 0.210066, 1, 

12,90,0.001, 0.0111353, 0.0465587, 0.14333, 0.194574, 0.210066, 1, 

14,62,0.001, 0.0111353, 0.0327834, 0.0655003, 0.17218, 0.228709, 0.194574, 0.895919, 1, 

Generation #19
15,47,0.001, 0.0111353, 0.0327834, 0.0655003, 0.0893234, 0.12556, 0.240712, 0.241514, 0.241514, 0.995483, 1, 

13,69,0.001, 0.0111353, 0.0473165, 0.14333, 0.194574, 0.210066, 1, 

14,62,0.001, 0.0111353, 0.0327834, 0.0655003, 0.17218, 0.228709, 0.194574, 0.895919, 1, 

12,87,0.001, 0.0111353, 0.0327834, 0.0655003, 0.228709, 1, 

Generation #20
15,47,0.001, 0.0111353, 0.0327834, 0.0655003, 0.0893234, 0.12556, 0.240712, 0.241514, 0.241514, 0.995483, 1, 

13,69,0.001, 0.0111353, 0.0473165, 0.14333, 0.194574, 0.210066, 1, 

12,87,0.001, 0.0111353, 0.0327834, 0.0655003, 0.228709, 1, 

14,51,0.001, 0.0111353, 0.0327834, 0.0655003, 0.17218, 0.228709, 0.194574, 0.210066, 1, 

11,276,0.001, 0.0111353, 0.0327834, 0.0655003, 1, 

Generation #21
15,47,0.001, 0.0111353, 0.0327834, 0.0655003, 0.0893234, 0.12556, 0.240712, 0.241514, 0.241514, 0.995483, 1, 

14,51,0.001, 0.0111353, 0.0327834, 0.0655003, 0.17218, 0.228709, 0.194574, 0.210066, 1, 

11,276,0.001, 0.0111353, 0.0327834, 0.0655003, 1, 

12,55,0.001, 0.0111353, 0.0327834, 0.0655003, 0.0893234, 0.12556, 1, 

Generation #22
15,47,0.001, 0.0111353, 0.0327834, 0.0655003, 0.0893234, 0.12556, 0.240712, 0.241514, 0.241514, 0.995483, 1, 

14,51,0.001, 0.0111353, 0.0327834, 0.0655003, 0.17218, 0.228709, 0.194574, 0.210066, 1, 

12,55,0.001, 0.0111353, 0.0327834, 0.0655003, 0.0893234, 0.12556, 1, 

11,98,0.001, 0.0111353, 0.0655003, 0.228709, 1, 

Generation #23
15,47,0.001, 0.0111353, 0.0327834, 0.0655003, 0.0893234, 0.12556, 0.240712, 0.241514, 0.241514, 0.995483, 1, 

14,51,0.001, 0.0111353, 0.0327834, 0.0655003, 0.17218, 0.228709, 0.194574, 0.210066, 1, 

12,55,0.001, 0.0111353, 0.0327834, 0.0655003, 0.0893234, 0.12556, 1, 

11,98,0.001, 0.0111353, 0.0655003, 0.228709, 1, 

Generation #24
15,47,0.001, 0.0111353, 0.0327834, 0.0655003, 0.0893234, 0.12556, 0.240712, 0.241514, 0.241514, 0.995483, 1, 

14,51,0.001, 0.0111353, 0.0327834, 0.0655003, 0.17218, 0.228709, 0.194574, 0.210066, 1, 

12,55,0.001, 0.0111353, 0.0327834, 0.0655003, 0.0893234, 0.12556, 1, 

11,98,0.001, 0.0111353, 0.0655003, 0.228709, 1, 

Generation #25
15,47,0.001, 0.0111353, 0.0327834, 0.0655003, 0.0893234, 0.12556, 0.240712, 0.241514, 0.241514, 0.995483, 1, 

14,51,0.001, 0.0111353, 0.0327834, 0.0655003, 0.17218, 0.228709, 0.194574, 0.210066, 1, 

12,55,0.001, 0.0111353, 0.0327834, 0.0655003, 0.0893234, 0.12556, 1, 

11,98,0.001, 0.0111353, 0.0655003, 0.228709, 1, 

Generation #26
15,47,0.001, 0.0111353, 0.0327834, 0.0655003, 0.0893234, 0.12556, 0.240712, 0.241514, 0.241514, 0.995483, 1, 

14,51,0.001, 0.0111353, 0.0327834, 0.0655003, 0.17218, 0.228709, 0.194574, 0.210066, 1, 

12,55,0.001, 0.0111353, 0.0327834, 0.0655003, 0.0893234, 0.12556, 1, 

11,98,0.001, 0.0111353, 0.0655003, 0.228709, 1, 

Generation #27
15,47,0.001, 0.0111353, 0.0327834, 0.0655003, 0.0893234, 0.12556, 0.240712, 0.241514, 0.241514, 0.995483, 1, 

14,51,0.001, 0.0111353, 0.0327834, 0.0655003, 0.17218, 0.228709, 0.194574, 0.210066, 1, 

12,55,0.001, 0.0111353, 0.0327834, 0.0655003, 0.0893234, 0.12556, 1, 

11,98,0.001, 0.0111353, 0.0655003, 0.228709, 1, 

Generation #28
15,47,0.001, 0.0111353, 0.0327834, 0.0655003, 0.0893234, 0.12556, 0.240712, 0.241514, 0.241514, 0.995483, 1, 

14,51,0.001, 0.0111353, 0.0327834, 0.0655003, 0.17218, 0.228709, 0.194574, 0.210066, 1, 

12,55,0.001, 0.0111353, 0.0327834, 0.0655003, 0.0893234, 0.12556, 1, 

11,98,0.001, 0.0111353, 0.0655003, 0.228709, 1, 

Generation #29
15,47,0.001, 0.0111353, 0.0327834, 0.0655003, 0.0893234, 0.12556, 0.240712, 0.241514, 0.241514, 0.995483, 1, 

14,51,0.001, 0.0111353, 0.0327834, 0.0655003, 0.17218, 0.228709, 0.194574, 0.210066, 1, 

12,55,0.001, 0.0111353, 0.0327834, 0.0655003, 0.0893234, 0.12556, 1, 

11,98,0.001, 0.0111353, 0.0655003, 0.228709, 1, 

Generation #30
15,47,0.001, 0.0111353, 0.0327834, 0.0655003, 0.0893234, 0.12556, 0.240712, 0.241514, 0.241514, 0.995483, 1, 

14,51,0.001, 0.0111353, 0.0327834, 0.0655003, 0.17218, 0.228709, 0.194574, 0.210066, 1, 

12,55,0.001, 0.0111353, 0.0327834, 0.0655003, 0.0893234, 0.12556, 1, 

11,98,0.001, 0.0111353, 0.0655003, 0.228709, 1, 

Generation #31
15,47,0.001, 0.0111353, 0.0327834, 0.0655003, 0.0893234, 0.12556, 0.240712, 0.241514, 0.241514, 0.995483, 1, 

12,55,0.001, 0.0111353, 0.0327834, 0.0655003, 0.0893234, 0.12556, 1, 

11,98,0.001, 0.0111353, 0.0655003, 0.228709, 1, 

13,50,0.001, 0.0111353, 0.0327834, 0.0250763, 0.0655003, 0.0893234, 0.12556, 1, 

Generation #32
15,47,0.001, 0.0111353, 0.0327834, 0.0655003, 0.0893234, 0.12556, 0.240712, 0.241514, 0.241514, 0.995483, 1, 

12,55,0.001, 0.0111353, 0.0327834, 0.0655003, 0.0893234, 0.12556, 1, 

11,98,0.001, 0.0111353, 0.0655003, 0.228709, 1, 

13,50,0.001, 0.0111353, 0.0327834, 0.0250763, 0.0655003, 0.0893234, 0.12556, 1, 

Generation #33
15,47,0.001, 0.0111353, 0.0327834, 0.0655003, 0.0893234, 0.12556, 0.240712, 0.241514, 0.241514, 0.995483, 1, 

12,55,0.001, 0.0111353, 0.0327834, 0.0655003, 0.0893234, 0.12556, 1, 

11,98,0.001, 0.0111353, 0.0655003, 0.228709, 1, 

13,50,0.001, 0.0111353, 0.0327834, 0.0250763, 0.0655003, 0.0893234, 0.12556, 1, 

Generation #34
15,47,0.001, 0.0111353, 0.0327834, 0.0655003, 0.0893234, 0.12556, 0.240712, 0.241514, 0.241514, 0.995483, 1, 

12,55,0.001, 0.0111353, 0.0327834, 0.0655003, 0.0893234, 0.12556, 1, 

11,98,0.001, 0.0111353, 0.0655003, 0.228709, 1, 

13,50,0.001, 0.0111353, 0.0327834, 0.0250763, 0.0655003, 0.0893234, 0.12556, 1, 

Generation #35
15,47,0.001, 0.0111353, 0.0327834, 0.0655003, 0.0893234, 0.12556, 0.240712, 0.241514, 0.241514, 0.995483, 1, 

12,55,0.001, 0.0111353, 0.0327834, 0.0655003, 0.0893234, 0.12556, 1, 

11,98,0.001, 0.0111353, 0.0655003, 0.228709, 1, 

13,50,0.001, 0.0111353, 0.0327834, 0.0250763, 0.0655003, 0.0893234, 0.12556, 1, 

Generation #36
15,47,0.001, 0.0111353, 0.0327834, 0.0655003, 0.0893234, 0.12556, 0.240712, 0.241514, 0.241514, 0.995483, 1, 

12,55,0.001, 0.0111353, 0.0327834, 0.0655003, 0.0893234, 0.12556, 1, 

11,98,0.001, 0.0111353, 0.0655003, 0.228709, 1, 

13,50,0.001, 0.0111353, 0.0327834, 0.0250763, 0.0655003, 0.0893234, 0.12556, 1, 

Generation #37
15,47,0.001, 0.0111353, 0.0327834, 0.0655003, 0.0893234, 0.12556, 0.240712, 0.241514, 0.241514, 0.995483, 1, 

12,55,0.001, 0.0111353, 0.0327834, 0.0655003, 0.0893234, 0.12556, 1, 

11,98,0.001, 0.0111353, 0.0655003, 0.228709, 1, 

13,50,0.001, 0.0111353, 0.0327834, 0.0250763, 0.0655003, 0.0893234, 0.12556, 1, 

Generation #38
15,47,0.001, 0.0111353, 0.0327834, 0.0655003, 0.0893234, 0.12556, 0.240712, 0.241514, 0.241514, 0.995483, 1, 

12,55,0.001, 0.0111353, 0.0327834, 0.0655003, 0.0893234, 0.12556, 1, 

11,98,0.001, 0.0111353, 0.0655003, 0.228709, 1, 

13,50,0.001, 0.0111353, 0.0327834, 0.0250763, 0.0655003, 0.0893234, 0.12556, 1, 

Generation #39
15,47,0.001, 0.0111353, 0.0327834, 0.0655003, 0.0893234, 0.12556, 0.240712, 0.241514, 0.241514, 0.995483, 1, 

12,55,0.001, 0.0111353, 0.0327834, 0.0655003, 0.0893234, 0.12556, 1, 

11,98,0.001, 0.0111353, 0.0655003, 0.228709, 1, 

13,50,0.001, 0.0111353, 0.0327834, 0.0250763, 0.0655003, 0.0893234, 0.12556, 1, 

Generation #40
15,47,0.001, 0.0111353, 0.0327834, 0.0655003, 0.0893234, 0.12556, 0.240712, 0.241514, 0.241514, 0.995483, 1, 

12,55,0.001, 0.0111353, 0.0327834, 0.0655003, 0.0893234, 0.12556, 1, 

11,98,0.001, 0.0111353, 0.0655003, 0.228709, 1, 

13,50,0.001, 0.0111353, 0.0327834, 0.0250763, 0.0655003, 0.0893234, 0.12556, 1, 

Generation #41
15,47,0.001, 0.0111353, 0.0327834, 0.0655003, 0.0893234, 0.12556, 0.240712, 0.241514, 0.241514, 0.995483, 1, 

12,55,0.001, 0.0111353, 0.0327834, 0.0655003, 0.0893234, 0.12556, 1, 

11,98,0.001, 0.0111353, 0.0655003, 0.228709, 1, 

13,50,0.001, 0.0111353, 0.0327834, 0.0250763, 0.0655003, 0.0893234, 0.12556, 1, 

Generation #42
15,47,0.001, 0.0111353, 0.0327834, 0.0655003, 0.0893234, 0.12556, 0.240712, 0.241514, 0.241514, 0.995483, 1, 

12,55,0.001, 0.0111353, 0.0327834, 0.0655003, 0.0893234, 0.12556, 1, 

11,98,0.001, 0.0111353, 0.0655003, 0.228709, 1, 

13,50,0.001, 0.0111353, 0.0327834, 0.0250763, 0.0655003, 0.0893234, 0.12556, 1, 

Generation #43
15,47,0.001, 0.0111353, 0.0327834, 0.0655003, 0.0893234, 0.12556, 0.240712, 0.241514, 0.241514, 0.995483, 1, 

12,55,0.001, 0.0111353, 0.0327834, 0.0655003, 0.0893234, 0.12556, 1, 

11,98,0.001, 0.0111353, 0.0655003, 0.228709, 1, 

13,50,0.001, 0.0111353, 0.0327834, 0.0250763, 0.0655003, 0.0893234, 0.12556, 1, 

Generation #44
12,55,0.001, 0.0111353, 0.0327834, 0.0655003, 0.0893234, 0.12556, 1, 

11,98,0.001, 0.0111353, 0.0655003, 0.228709, 1, 

13,50,0.001, 0.0111353, 0.0327834, 0.0250763, 0.0655003, 0.0893234, 0.12556, 1, 

14,47,0.001, 0.0111353, 0.0327834, 0.0655003, 0.0893234, 0.12556, 0.132666, 0.255317, 1, 

Generation #45
12,55,0.001, 0.0111353, 0.0327834, 0.0655003, 0.0893234, 0.12556, 1, 

11,98,0.001, 0.0111353, 0.0655003, 0.228709, 1, 

13,50,0.001, 0.0111353, 0.0327834, 0.0250763, 0.0655003, 0.0893234, 0.12556, 1, 

14,47,0.001, 0.0111353, 0.0327834, 0.0655003, 0.0893234, 0.12556, 0.132666, 0.255317, 1, 

Generation #46
12,55,0.001, 0.0111353, 0.0327834, 0.0655003, 0.0893234, 0.12556, 1, 

11,98,0.001, 0.0111353, 0.0655003, 0.228709, 1, 

13,50,0.001, 0.0111353, 0.0327834, 0.0250763, 0.0655003, 0.0893234, 0.12556, 1, 

14,47,0.001, 0.0111353, 0.0327834, 0.0655003, 0.0893234, 0.12556, 0.132666, 0.255317, 1, 

10,501,0.001, 0.0111353, 0.0327834, 1, 

Generation #47
12,55,0.001, 0.0111353, 0.0327834, 0.0655003, 0.0893234, 0.12556, 1, 

11,98,0.001, 0.0111353, 0.0655003, 0.228709, 1, 

13,50,0.001, 0.0111353, 0.0327834, 0.0250763, 0.0655003, 0.0893234, 0.12556, 1, 

14,47,0.001, 0.0111353, 0.0327834, 0.0655003, 0.0893234, 0.12556, 0.132666, 0.255317, 1, 

10,501,0.001, 0.0111353, 0.0327834, 1, 

Generation #48
12,55,0.001, 0.0111353, 0.0327834, 0.0655003, 0.0893234, 0.12556, 1, 

11,98,0.001, 0.0111353, 0.0655003, 0.228709, 1, 

10,501,0.001, 0.0111353, 0.0327834, 1, 

13,47,0.001, 0.0111353, 0.0327834, 0.0473165, 0.0722551, 0.14333, 0.15129, 1, 

Generation #49
12,55,0.001, 0.0111353, 0.0327834, 0.0655003, 0.0893234, 0.12556, 1, 

11,98,0.001, 0.0111353, 0.0655003, 0.228709, 1, 

10,501,0.001, 0.0111353, 0.0327834, 1, 

13,47,0.001, 0.0111353, 0.0327834, 0.0473165, 0.0722551, 0.14333, 0.15129, 1, 

--- Pareto Front Solutions ---
Solution 0: N total=36 (N_initial=24, N_added=12), Time total=59 ms, Saved to: ./results/2^30_t2_l3_pareto_0.csv, percents=0.001, 0.0111353, 0.0327834, 0.0655003, 0.0893234, 0.12556, 1, 

Solution 1: N total=35 (N_initial=24, N_added=11), Time total=102 ms, Saved to: ./results/2^30_t2_l3_pareto_1.csv, percents=0.001, 0.0111353, 0.0655003, 0.228709, 1, 

Solution 2: N total=34 (N_initial=24, N_added=10), Time total=505 ms, Saved to: ./results/2^30_t2_l3_pareto_2.csv, percents=0.001, 0.0111353, 0.0327834, 1, 

Solution 3: N total=37 (N_initial=24, N_added=13), Time total=51 ms, Saved to: ./results/2^30_t2_l3_pareto_3.csv, percents=0.001, 0.0111353, 0.0327834, 0.0473165, 0.0722551, 0.14333, 0.15129, 1, 

------------d=1, t=2, lambda=4, filename=./evaluation/2^30-t2_l4.csv------------
Grouping d-sets by partitioned row counts for detecting arrays...
Ready to look at pairs for detecting arrays...
First Stage N=28, Time=12
There are 27441 remaining non-locating pairs
--- Running GA Algorithm (phase2) ---
Running GA with std::execution::par
Generation #0
22,619,0.001, 0.0391956, 0.0743376, 0.226664, 0.330716, 0.556123, 0.604069, 0.789617, 0.799108, 0.835977, 0.90741, 1, 

21,1091,0.001, 0.106906, 0.128352, 0.232094, 0.583166, 0.660444, 0.72018, 0.755063, 0.826617, 0.833774, 1, 

25,390,0.001, 0.0142398, 0.0162082, 0.082309, 0.167232, 0.225976, 0.302568, 0.340514, 0.402927, 0.479377, 0.535863, 0.599152, 0.711818, 0.775229, 1, 

Generation #1
20,625,0.001, 0.0691079, 0.164241, 0.186146, 0.198838, 0.282708, 0.643575, 0.680102, 0.856829, 0.868249, 1, 

22,167,0.001, 0.00943473, 0.0602153, 0.0752088, 0.115977, 0.17735, 0.190885, 0.254174, 0.255322, 0.675838, 0.700814, 0.836699, 0.153133, 1, 

21,384,0.001, 0.0350598, 0.0938963, 0.464298, 0.515347, 0.641128, 0.70266, 0.734291, 0.816377, 0.938694, 1, 

Generation #2
22,163,0.001, 0.0142398, 0.0162082, 0.082309, 0.167232, 0.225976, 0.302568, 0.340514, 0.522626, 0.479377, 0.689845, 0.745176, 1, 

20,299,0.001, 0.0209331, 0.151754, 0.151921, 0.211374, 0.230316, 0.277582, 0.395627, 0.548157, 0.938694, 1, 

Generation #3
22,163,0.001, 0.0142398, 0.0162082, 0.082309, 0.167232, 0.225976, 0.302568, 0.340514, 0.522626, 0.479377, 0.689845, 0.745176, 1, 

19,251,0.001, 0.0142398, 0.0162082, 0.082309, 0.167232, 0.225976, 0.302568, 0.340514, 0.402927, 0.479377, 1, 

23,159,0.001, 0.00943473, 0.0602153, 0.0752088, 0.115977, 0.17735, 0.190885, 0.254174, 0.255322, 0.675838, 0.510268, 0.549317, 1, 

Generation #4
19,251,0.001, 0.0142398, 0.0162082, 0.082309, 0.167232, 0.225976, 0.302568, 0.340514, 0.402927, 0.479377, 1, 

20,162,0.001, 0.00837134, 0.0383976, 0.0450603, 0.0848727, 0.15543, 0.177985, 0.202075, 0.245889, 0.254771, 0.833094, 1, 

23,145,0.001, 0.0142398, 0.0162082, 0.082309, 0.167232, 0.225976, 0.302568, 0.340514, 0.522626, 0.479377, 0.697881, 0.711697, 0.948614, 1, 

Generation #5
18,162,0.001, 0.00837134, 0.0383976, 0.0450603, 0.0848727, 0.15543, 0.177985, 0.202075, 0.826356, 1, 

21,139,0.001, 0.00943473, 0.0602153, 0.0752088, 0.115977, 0.331974, 0.572263, 0.574033, 0.600361, 0.868249, 1, 

Generation #6
18,162,0.001, 0.00837134, 0.0383976, 0.0450603, 0.0848727, 0.15543, 0.177985, 0.202075, 0.826356, 1, 

21,139,0.001, 0.00943473, 0.0602153, 0.0752088, 0.115977, 0.331974, 0.572263, 0.574033, 0.600361, 0.868249, 1, 

Generation #7
20,129,0.001, 0.00837134, 0.0162082, 0.082309, 0.167232, 0.225976, 0.277582, 0.395627, 0.548157, 0.938694, 1, 

18,135,0.001, 0.00837134, 0.0383976, 0.0450603, 0.0848727, 0.15543, 0.177985, 0.202075, 0.826356, 1, 

Generation #8
20,129,0.001, 0.00837134, 0.0162082, 0.082309, 0.167232, 0.225976, 0.277582, 0.395627, 0.548157, 0.938694, 1, 

18,135,0.001, 0.00837134, 0.0383976, 0.0450603, 0.0848727, 0.15543, 0.177985, 0.202075, 0.826356, 1, 

Generation #9
20,129,0.001, 0.00837134, 0.0162082, 0.082309, 0.167232, 0.225976, 0.277582, 0.395627, 0.548157, 0.938694, 1, 

18,135,0.001, 0.00837134, 0.0383976, 0.0450603, 0.0848727, 0.15543, 0.177985, 0.202075, 0.826356, 1, 

Generation #10
20,129,0.001, 0.00837134, 0.0162082, 0.082309, 0.167232, 0.225976, 0.277582, 0.395627, 0.548157, 0.938694, 1, 

18,135,0.001, 0.00837134, 0.0383976, 0.0450603, 0.0848727, 0.15543, 0.177985, 0.202075, 0.826356, 1, 

Generation #11
18,135,0.001, 0.00837134, 0.0383976, 0.0450603, 0.0848727, 0.15543, 0.177985, 0.202075, 0.826356, 1, 

19,126,0.001, 0.00943473, 0.0602153, 0.0752088, 0.115977, 0.15543, 0.177985, 0.202075, 0.826356, 1, 

17,156,0.001, 0.00943473, 0.0602153, 0.115977, 0.17735, 0.190885, 0.254174, 0.868249, 1, 

Generation #12
18,135,0.001, 0.00837134, 0.0383976, 0.0450603, 0.0848727, 0.15543, 0.177985, 0.202075, 0.826356, 1, 

19,126,0.001, 0.00943473, 0.0602153, 0.0752088, 0.115977, 0.15543, 0.177985, 0.202075, 0.826356, 1, 

17,156,0.001, 0.00943473, 0.0602153, 0.115977, 0.17735, 0.190885, 0.254174, 0.868249, 1, 

23,123,0.001, 0.00837134, 0.0383976, 0.0450603, 0.115977, 0.593059, 0.17735, 0.190885, 0.254174, 0.255322, 0.76439, 0.833094, 1, 

Generation #13
18,135,0.001, 0.00837134, 0.0383976, 0.0450603, 0.0848727, 0.15543, 0.177985, 0.202075, 0.826356, 1, 

19,126,0.001, 0.00943473, 0.0602153, 0.0752088, 0.115977, 0.15543, 0.177985, 0.202075, 0.826356, 1, 

17,156,0.001, 0.00943473, 0.0602153, 0.115977, 0.17735, 0.190885, 0.254174, 0.868249, 1, 

23,123,0.001, 0.00837134, 0.0383976, 0.0450603, 0.115977, 0.593059, 0.17735, 0.190885, 0.254174, 0.255322, 0.76439, 0.833094, 1, 

Generation #14
18,135,0.001, 0.00837134, 0.0383976, 0.0450603, 0.0848727, 0.15543, 0.177985, 0.202075, 0.826356, 1, 

19,126,0.001, 0.00943473, 0.0602153, 0.0752088, 0.115977, 0.15543, 0.177985, 0.202075, 0.826356, 1, 

17,156,0.001, 0.00943473, 0.0602153, 0.115977, 0.17735, 0.190885, 0.254174, 0.868249, 1, 

23,123,0.001, 0.00837134, 0.0383976, 0.0450603, 0.115977, 0.593059, 0.17735, 0.190885, 0.254174, 0.255322, 0.76439, 0.833094, 1, 

Generation #15
19,126,0.001, 0.00943473, 0.0602153, 0.0752088, 0.115977, 0.15543, 0.177985, 0.202075, 0.826356, 1, 

23,123,0.001, 0.00837134, 0.0383976, 0.0450603, 0.115977, 0.593059, 0.17735, 0.190885, 0.254174, 0.255322, 0.76439, 0.833094, 1, 

18,132,0.001, 0.00837134, 0.0383976, 0.0848727, 0.15543, 0.177985, 0.61213, 0.784133, 1, 

17,148,0.001, 0.00943473, 0.0602153, 0.0752088, 0.115977, 0.0430609, 0.254174, 1, 

16,204,0.001, 0.00943473, 0.0602153, 0.0752088, 0.115977, 0.0430609, 0.254174, 1, 

Generation #16
16,204,0.001, 0.00943473, 0.0602153, 0.0752088, 0.115977, 0.0430609, 0.254174, 1, 

19,106,0.001, 0.00837134, 0.0162082, 0.0450603, 0.0848727, 0.331974, 0.572263, 0.574033, 0.229612, 1, 

17,107,0.001, 0.00837134, 0.0383976, 0.0450603, 0.0848727, 0.15543, 0.177985, 0.202075, 1, 

Generation #17
19,106,0.001, 0.00837134, 0.0162082, 0.0450603, 0.0848727, 0.331974, 0.572263, 0.574033, 0.229612, 1, 

17,107,0.001, 0.00837134, 0.0383976, 0.0450603, 0.0848727, 0.15543, 0.177985, 0.202075, 1, 

16,180,0.001, 0.00943473, 0.0602153, 0.0752088, 0.115977, 0.0430609, 0.254174, 1, 

Generation #18
19,106,0.001, 0.00837134, 0.0162082, 0.0450603, 0.0848727, 0.331974, 0.572263, 0.574033, 0.229612, 1, 

17,107,0.001, 0.00837134, 0.0383976, 0.0450603, 0.0848727, 0.15543, 0.177985, 0.202075, 1, 

16,180,0.001, 0.00943473, 0.0602153, 0.0752088, 0.115977, 0.0430609, 0.254174, 1, 

Generation #19
19,106,0.001, 0.00837134, 0.0162082, 0.0450603, 0.0848727, 0.331974, 0.572263, 0.574033, 0.229612, 1, 

17,107,0.001, 0.00837134, 0.0383976, 0.0450603, 0.0848727, 0.15543, 0.177985, 0.202075, 1, 

16,178,0.001, 0.00943473, 0.0602153, 0.0752088, 0.115977, 0.0430609, 0.254174, 1, 

Generation #20
19,106,0.001, 0.00837134, 0.0162082, 0.0450603, 0.0848727, 0.331974, 0.572263, 0.574033, 0.229612, 1, 

17,107,0.001, 0.00837134, 0.0383976, 0.0450603, 0.0848727, 0.15543, 0.177985, 0.202075, 1, 

16,167,0.001, 0.00943473, 0.0602153, 0.0752088, 0.115977, 0.0430609, 0.254174, 1, 

Generation #21
16,134,0.001, 0.00837134, 0.0383976, 0.0450603, 0.0848727, 0.15543, 0.254174, 1, 

17,92,0.001, 0.00943473, 0.0383976, 0.0450603, 0.0848727, 0.17735, 0.190885, 0.254174, 1, 

Generation #22
16,134,0.001, 0.00837134, 0.0383976, 0.0450603, 0.0848727, 0.15543, 0.254174, 1, 

17,92,0.001, 0.00943473, 0.0383976, 0.0450603, 0.0848727, 0.17735, 0.190885, 0.254174, 1, 

15,178,0.001, 0.00837134, 0.0383976, 0.0450603, 0.0848727, 0.15543, 0.254174, 1, 

Generation #23
16,134,0.001, 0.00837134, 0.0383976, 0.0450603, 0.0848727, 0.15543, 0.254174, 1, 

17,92,0.001, 0.00943473, 0.0383976, 0.0450603, 0.0848727, 0.17735, 0.190885, 0.254174, 1, 

15,178,0.001, 0.00837134, 0.0383976, 0.0450603, 0.0848727, 0.15543, 0.254174, 1, 

Generation #24
16,134,0.001, 0.00837134, 0.0383976, 0.0450603, 0.0848727, 0.15543, 0.254174, 1, 

17,92,0.001, 0.00943473, 0.0383976, 0.0450603, 0.0848727, 0.17735, 0.190885, 0.254174, 1, 

15,178,0.001, 0.00837134, 0.0383976, 0.0450603, 0.0848727, 0.15543, 0.254174, 1, 

Generation #25
16,134,0.001, 0.00837134, 0.0383976, 0.0450603, 0.0848727, 0.15543, 0.254174, 1, 

17,92,0.001, 0.00943473, 0.0383976, 0.0450603, 0.0848727, 0.17735, 0.190885, 0.254174, 1, 

15,178,0.001, 0.00837134, 0.0383976, 0.0450603, 0.0848727, 0.15543, 0.254174, 1, 

Generation #26
17,92,0.001, 0.00943473, 0.0383976, 0.0450603, 0.0848727, 0.17735, 0.190885, 0.254174, 1, 

15,133,0.001, 0.00943473, 0.0383976, 0.0450603, 0.0848727, 0.0848727, 1, 

Generation #27
17,92,0.001, 0.00943473, 0.0383976, 0.0450603, 0.0848727, 0.17735, 0.190885, 0.254174, 1, 

15,133,0.001, 0.00943473, 0.0383976, 0.0450603, 0.0848727, 0.0848727, 1, 

Generation #28
17,92,0.001, 0.00943473, 0.0383976, 0.0450603, 0.0848727, 0.17735, 0.190885, 0.254174, 1, 

15,133,0.001, 0.00943473, 0.0383976, 0.0450603, 0.0848727, 0.0848727, 1, 

16,121,0.001, 0.00837134, 0.0162082, 0.0450603, 0.0848727, 0.0430609, 1, 

Generation #29
17,92,0.001, 0.00943473, 0.0383976, 0.0450603, 0.0848727, 0.17735, 0.190885, 0.254174, 1, 

15,133,0.001, 0.00943473, 0.0383976, 0.0450603, 0.0848727, 0.0848727, 1, 

16,121,0.001, 0.00837134, 0.0162082, 0.0450603, 0.0848727, 0.0430609, 1, 

Generation #30
17,92,0.001, 0.00943473, 0.0383976, 0.0450603, 0.0848727, 0.17735, 0.190885, 0.254174, 1, 

15,133,0.001, 0.00943473, 0.0383976, 0.0450603, 0.0848727, 0.0848727, 1, 

16,121,0.001, 0.00837134, 0.0162082, 0.0450603, 0.0848727, 0.0430609, 1, 

Generation #31
17,92,0.001, 0.00943473, 0.0383976, 0.0450603, 0.0848727, 0.17735, 0.190885, 0.254174, 1, 

15,133,0.001, 0.00943473, 0.0383976, 0.0450603, 0.0848727, 0.0848727, 1, 

16,121,0.001, 0.00837134, 0.0162082, 0.0450603, 0.0848727, 0.0430609, 1, 

Generation #32
17,92,0.001, 0.00943473, 0.0383976, 0.0450603, 0.0848727, 0.17735, 0.190885, 0.254174, 1, 

15,133,0.001, 0.00943473, 0.0383976, 0.0450603, 0.0848727, 0.0848727, 1, 

16,121,0.001, 0.00837134, 0.0162082, 0.0450603, 0.0848727, 0.0430609, 1, 

Generation #33
17,92,0.001, 0.00943473, 0.0383976, 0.0450603, 0.0848727, 0.17735, 0.190885, 0.254174, 1, 

15,133,0.001, 0.00943473, 0.0383976, 0.0450603, 0.0848727, 0.0848727, 1, 

16,121,0.001, 0.00837134, 0.0162082, 0.0450603, 0.0848727, 0.0430609, 1, 

Generation #34
17,92,0.001, 0.00943473, 0.0383976, 0.0450603, 0.0848727, 0.17735, 0.190885, 0.254174, 1, 

15,133,0.001, 0.00943473, 0.0383976, 0.0450603, 0.0848727, 0.0848727, 1, 

16,121,0.001, 0.00837134, 0.0162082, 0.0450603, 0.0848727, 0.0430609, 1, 

Generation #35
17,92,0.001, 0.00943473, 0.0383976, 0.0450603, 0.0848727, 0.17735, 0.190885, 0.254174, 1, 

15,133,0.001, 0.00943473, 0.0383976, 0.0450603, 0.0848727, 0.0848727, 1, 

16,121,0.001, 0.00837134, 0.0162082, 0.0450603, 0.0848727, 0.0430609, 1, 

Generation #36
17,92,0.001, 0.00943473, 0.0383976, 0.0450603, 0.0848727, 0.17735, 0.190885, 0.254174, 1, 

15,133,0.001, 0.00943473, 0.0383976, 0.0450603, 0.0848727, 0.0848727, 1, 

16,121,0.001, 0.00837134, 0.0162082, 0.0450603, 0.0848727, 0.0430609, 1, 

14,253,0.001, 0.00837134, 0.0383976, 0.0450603, 0.0848727, 1, 

Generation #37
17,92,0.001, 0.00943473, 0.0383976, 0.0450603, 0.0848727, 0.17735, 0.190885, 0.254174, 1, 

16,121,0.001, 0.00837134, 0.0162082, 0.0450603, 0.0848727, 0.0430609, 1, 

14,253,0.001, 0.00837134, 0.0383976, 0.0450603, 0.0848727, 1, 

15,129,0.001, 0.00837134, 0.0383976, 0.0450603, 0.0848727, 0.0430609, 1, 

Generation #38
17,92,0.001, 0.00943473, 0.0383976, 0.0450603, 0.0848727, 0.17735, 0.190885, 0.254174, 1, 

16,121,0.001, 0.00837134, 0.0162082, 0.0450603, 0.0848727, 0.0430609, 1, 

14,253,0.001, 0.00837134, 0.0383976, 0.0450603, 0.0848727, 1, 

15,129,0.001, 0.00837134, 0.0383976, 0.0450603, 0.0848727, 0.0430609, 1, 

Generation #39
17,92,0.001, 0.00943473, 0.0383976, 0.0450603, 0.0848727, 0.17735, 0.190885, 0.254174, 1, 

16,121,0.001, 0.00837134, 0.0162082, 0.0450603, 0.0848727, 0.0430609, 1, 

14,253,0.001, 0.00837134, 0.0383976, 0.0450603, 0.0848727, 1, 

15,129,0.001, 0.00837134, 0.0383976, 0.0450603, 0.0848727, 0.0430609, 1, 

Generation #40
17,92,0.001, 0.00943473, 0.0383976, 0.0450603, 0.0848727, 0.17735, 0.190885, 0.254174, 1, 

16,121,0.001, 0.00837134, 0.0162082, 0.0450603, 0.0848727, 0.0430609, 1, 

14,253,0.001, 0.00837134, 0.0383976, 0.0450603, 0.0848727, 1, 

15,129,0.001, 0.00837134, 0.0383976, 0.0450603, 0.0848727, 0.0430609, 1, 

Generation #41
17,92,0.001, 0.00943473, 0.0383976, 0.0450603, 0.0848727, 0.17735, 0.190885, 0.254174, 1, 

16,121,0.001, 0.00837134, 0.0162082, 0.0450603, 0.0848727, 0.0430609, 1, 

14,253,0.001, 0.00837134, 0.0383976, 0.0450603, 0.0848727, 1, 

15,129,0.001, 0.00837134, 0.0383976, 0.0450603, 0.0848727, 0.0430609, 1, 

Generation #42
17,92,0.001, 0.00943473, 0.0383976, 0.0450603, 0.0848727, 0.17735, 0.190885, 0.254174, 1, 

14,253,0.001, 0.00837134, 0.0383976, 0.0450603, 0.0848727, 1, 

15,129,0.001, 0.00837134, 0.0383976, 0.0450603, 0.0848727, 0.0430609, 1, 

16,120,0.001, 0.00837134, 0.0162082, 0.0164336, 0.0848727, 0.254174, 1, 

Generation #43
17,92,0.001, 0.00943473, 0.0383976, 0.0450603, 0.0848727, 0.17735, 0.190885, 0.254174, 1, 

14,253,0.001, 0.00837134, 0.0383976, 0.0450603, 0.0848727, 1, 

15,129,0.001, 0.00837134, 0.0383976, 0.0450603, 0.0848727, 0.0430609, 1, 

16,120,0.001, 0.00837134, 0.0162082, 0.0164336, 0.0848727, 0.254174, 1, 

Generation #44
17,92,0.001, 0.00943473, 0.0383976, 0.0450603, 0.0848727, 0.17735, 0.190885, 0.254174, 1, 

14,253,0.001, 0.00837134, 0.0383976, 0.0450603, 0.0848727, 1, 

15,129,0.001, 0.00837134, 0.0383976, 0.0450603, 0.0848727, 0.0430609, 1, 

16,116,0.001, 0.00837134, 0.0460057, 0.0450603, 0.0848727, 0.0430609, 0.123128, 1, 

Generation #45
17,92,0.001, 0.00943473, 0.0383976, 0.0450603, 0.0848727, 0.17735, 0.190885, 0.254174, 1, 

14,253,0.001, 0.00837134, 0.0383976, 0.0450603, 0.0848727, 1, 

15,129,0.001, 0.00837134, 0.0383976, 0.0450603, 0.0848727, 0.0430609, 1, 

16,116,0.001, 0.00837134, 0.0460057, 0.0450603, 0.0848727, 0.0430609, 0.123128, 1, 

Generation #46
17,92,0.001, 0.00943473, 0.0383976, 0.0450603, 0.0848727, 0.17735, 0.190885, 0.254174, 1, 

14,253,0.001, 0.00837134, 0.0383976, 0.0450603, 0.0848727, 1, 

15,129,0.001, 0.00837134, 0.0383976, 0.0450603, 0.0848727, 0.0430609, 1, 

16,116,0.001, 0.00837134, 0.0460057, 0.0450603, 0.0848727, 0.0430609, 0.123128, 1, 

Generation #47
17,92,0.001, 0.00943473, 0.0383976, 0.0450603, 0.0848727, 0.17735, 0.190885, 0.254174, 1, 

14,253,0.001, 0.00837134, 0.0383976, 0.0450603, 0.0848727, 1, 

15,129,0.001, 0.00837134, 0.0383976, 0.0450603, 0.0848727, 0.0430609, 1, 

16,101,0.001, 0.00837134, 0.0162082, 0.0383976, 0.0164336, 0.15543, 0.254174, 1, 

Generation #48
17,92,0.001, 0.00943473, 0.0383976, 0.0450603, 0.0848727, 0.17735, 0.190885, 0.254174, 1, 

14,253,0.001, 0.00837134, 0.0383976, 0.0450603, 0.0848727, 1, 

15,129,0.001, 0.00837134, 0.0383976, 0.0450603, 0.0848727, 0.0430609, 1, 

16,101,0.001, 0.00837134, 0.0162082, 0.0383976, 0.0164336, 0.15543, 0.254174, 1, 

Generation #49
17,92,0.001, 0.00943473, 0.0383976, 0.0450603, 0.0848727, 0.17735, 0.190885, 0.254174, 1, 

14,253,0.001, 0.00837134, 0.0383976, 0.0450603, 0.0848727, 1, 

15,129,0.001, 0.00837134, 0.0383976, 0.0450603, 0.0848727, 0.0430609, 1, 

16,101,0.001, 0.00837134, 0.0162082, 0.0383976, 0.0164336, 0.15543, 0.254174, 1, 

--- Pareto Front Solutions ---
Solution 0: N total=45 (N_initial=28, N_added=17), Time total=104 ms, Saved to: ./results/2^30_t2_l4_pareto_0.csv, percents=0.001, 0.00943473, 0.0383976, 0.0450603, 0.0848727, 0.17735, 0.190885, 0.254174, 1, 

Solution 1: N total=42 (N_initial=28, N_added=14), Time total=265 ms, Saved to: ./results/2^30_t2_l4_pareto_1.csv, percents=0.001, 0.00837134, 0.0383976, 0.0450603, 0.0848727, 1, 

Solution 2: N total=43 (N_initial=28, N_added=15), Time total=141 ms, Saved to: ./results/2^30_t2_l4_pareto_2.csv, percents=0.001, 0.00837134, 0.0383976, 0.0450603, 0.0848727, 0.0430609, 1, 

Solution 3: N total=44 (N_initial=28, N_added=16), Time total=113 ms, Saved to: ./results/2^30_t2_l4_pareto_3.csv, percents=0.001, 0.00837134, 0.0162082, 0.0383976, 0.0164336, 0.15543, 0.254174, 1, 

