------------d=1, t=2, lambda=1, filename=./evaluation/2^30-t2_l1.csv------------
Computing partitioned counts of d-sets...
Ready to look at pairs based on partitioned counts...
First Stage N=12, Time=5
There are 3676 remaining non-locating pairs
--- Running GA Algorithm (phase2) ---
Running GA with std::execution::par
Generation #0
21,201,0.001, 0.0537338, 0.106666, 0.111303, 0.348809, 0.39629, 0.452333, 0.476821, 0.529451, 0.635177, 0.648952, 0.726148, 0.943837, 0.951523, 1, 

23,143,0.001, 0.0141455, 0.0218816, 0.0456565, 0.126535, 0.171676, 0.223503, 0.360442, 0.365705, 0.45636, 0.479251, 0.508095, 0.573131, 0.69156, 0.698453, 0.828251, 0.841254, 0.951562, 1, 

25,95,0.001, 0.017851, 0.0501659, 0.0513067, 0.110065, 0.137015, 0.159559, 0.187127, 0.248876, 0.279032, 0.421249, 0.482314, 0.608711, 0.629831, 0.648283, 0.693314, 0.753794, 0.76718, 0.888482, 0.910419, 0.911522, 1, 

17,466,0.001, 0.114574, 0.207754, 0.488192, 0.608378, 0.656133, 0.80047, 0.927298, 0.950905, 0.999048, 1, 

19,267,0.001, 0.0498482, 0.216652, 0.249468, 0.280081, 0.356849, 0.456092, 0.578588, 0.814896, 0.815772, 0.872318, 0.886671, 0.887786, 1, 

Generation #1
19,96,0.001, 0.016831, 0.0528152, 0.0980615, 0.106911, 0.119235, 0.150345, 0.17776, 0.247358, 0.299091, 0.400537, 0.470213, 0.492376, 1, 

22,81,0.001, 0.0110509, 0.0391854, 0.0928903, 0.129683, 0.191137, 0.191838, 0.388656, 0.457753, 0.581852, 0.66415, 0.680059, 0.821016, 0.853868, 0.979439, 1, 

24,58,0.001, 0.0141455, 0.0218816, 0.0456565, 0.126535, 0.171676, 0.223503, 0.360442, 0.365705, 0.45636, 0.479251, 0.508095, 0.573131, 0.69156, 0.698453, 0.828251, 0.841254, 0.951562, 1, 

16,119,0.001, 0.0372068, 0.177359, 0.178224, 0.230609, 0.242764, 0.255838, 0.710549, 0.845754, 0.979017, 1, 

Generation #2
24,58,0.001, 0.0141455, 0.0218816, 0.0456565, 0.126535, 0.171676, 0.223503, 0.360442, 0.365705, 0.45636, 0.479251, 0.508095, 0.573131, 0.69156, 0.698453, 0.828251, 0.841254, 0.951562, 1, 

19,75,0.001, 0.016831, 0.0528152, 0.0980615, 0.106911, 0.119235, 0.150345, 0.17776, 0.247358, 0.299091, 0.400537, 0.470213, 0.492376, 0.928789, 1, 

16,97,0.001, 0.016831, 0.0528152, 0.0980615, 0.119235, 0.150345, 0.58726, 0.607083, 0.793639, 0.806633, 1, 

20,61,0.001, 0.0141455, 0.0218816, 0.0456565, 0.126535, 0.171676, 0.223503, 0.360442, 0.365705, 0.45636, 0.479251, 0.508095, 0.573131, 0.69156, 1, 

Generation #3
16,52,0.001, 0.0141455, 0.0218816, 0.0456565, 0.126535, 0.171676, 0.223503, 0.360442, 0.365705, 0.378262, 0.981794, 1, 

26,47,0.001, 0.0141455, 0.0218816, 0.0456565, 0.126535, 0.171676, 0.223503, 0.274555, 0.301448, 0.330416, 0.408317, 0.413537, 0.600954, 0.665264, 0.673547, 0.693171, 0.748014, 0.773028, 0.803385, 0.892334, 0.903401, 1, 

Generation #4
16,52,0.001, 0.0141455, 0.0218816, 0.0456565, 0.126535, 0.171676, 0.223503, 0.360442, 0.365705, 0.378262, 0.981794, 1, 

26,47,0.001, 0.0141455, 0.0218816, 0.0456565, 0.126535, 0.171676, 0.223503, 0.274555, 0.301448, 0.330416, 0.408317, 0.413537, 0.600954, 0.665264, 0.673547, 0.693171, 0.748014, 0.773028, 0.803385, 0.892334, 0.903401, 1, 

15,58,0.001, 0.0141455, 0.0218816, 0.0456565, 0.126535, 0.171676, 0.223503, 0.360442, 0.845754, 0.979017, 1, 

20,51,0.001, 0.0141455, 0.0218816, 0.0456565, 0.126535, 0.171676, 0.223503, 0.360442, 0.365705, 0.59682, 0.710195, 0.749947, 0.797568, 0.797852, 0.857405, 1, 

Generation #5
16,52,0.001, 0.0141455, 0.0218816, 0.0456565, 0.126535, 0.171676, 0.223503, 0.360442, 0.365705, 0.378262, 0.981794, 1, 

26,47,0.001, 0.0141455, 0.0218816, 0.0456565, 0.126535, 0.171676, 0.223503, 0.274555, 0.301448, 0.330416, 0.408317, 0.413537, 0.600954, 0.665264, 0.673547, 0.693171, 0.748014, 0.773028, 0.803385, 0.892334, 0.903401, 1, 

15,58,0.001, 0.0141455, 0.0218816, 0.0456565, 0.126535, 0.171676, 0.223503, 0.360442, 0.845754, 0.979017, 1, 

20,51,0.001, 0.0141455, 0.0218816, 0.0456565, 0.126535, 0.171676, 0.223503, 0.360442, 0.365705, 0.59682, 0.710195, 0.749947, 0.797568, 0.797852, 0.857405, 1, 

Generation #6
16,52,0.001, 0.0141455, 0.0218816, 0.0456565, 0.126535, 0.171676, 0.223503, 0.360442, 0.365705, 0.378262, 0.981794, 1, 

15,58,0.001, 0.0141455, 0.0218816, 0.0456565, 0.126535, 0.171676, 0.223503, 0.360442, 0.845754, 0.979017, 1, 

26,45,0.001, 0.0141455, 0.0218816, 0.0456565, 0.126535, 0.171676, 0.223503, 0.607083, 0.793639, 0.330416, 0.408317, 0.413537, 0.600954, 0.665264, 0.673547, 0.693171, 0.748014, 0.773028, 0.803385, 0.892334, 0.903401, 1, 

14,70,0.001, 0.0141455, 0.0218816, 0.0456565, 0.126535, 0.171676, 0.360442, 0.845754, 0.979017, 1, 

17,46,0.00602483, 0.016831, 0.0528152, 0.0980615, 0.119235, 0.150345, 0.58726, 0.607083, 0.793639, 0.806633, 1, 

Generation #7
16,52,0.001, 0.0141455, 0.0218816, 0.0456565, 0.126535, 0.171676, 0.223503, 0.360442, 0.365705, 0.378262, 0.981794, 1, 

26,45,0.001, 0.0141455, 0.0218816, 0.0456565, 0.126535, 0.171676, 0.223503, 0.607083, 0.793639, 0.330416, 0.408317, 0.413537, 0.600954, 0.665264, 0.673547, 0.693171, 0.748014, 0.773028, 0.803385, 0.892334, 0.903401, 1, 

14,70,0.001, 0.0141455, 0.0218816, 0.0456565, 0.126535, 0.171676, 0.360442, 0.845754, 0.979017, 1, 

17,46,0.00602483, 0.016831, 0.0528152, 0.0980615, 0.119235, 0.150345, 0.58726, 0.607083, 0.793639, 0.806633, 1, 

15,55,0.001, 0.0141455, 0.0218816, 0.0456565, 0.110065, 0.137015, 0.159559, 0.814896, 0.815772, 0.872318, 1, 

Generation #8
16,52,0.001, 0.0141455, 0.0218816, 0.0456565, 0.126535, 0.171676, 0.223503, 0.360442, 0.365705, 0.378262, 0.981794, 1, 

14,70,0.001, 0.0141455, 0.0218816, 0.0456565, 0.126535, 0.171676, 0.360442, 0.845754, 0.979017, 1, 

17,46,0.00602483, 0.016831, 0.0528152, 0.0980615, 0.119235, 0.150345, 0.58726, 0.607083, 0.793639, 0.806633, 1, 

15,55,0.001, 0.0141455, 0.0218816, 0.0456565, 0.110065, 0.137015, 0.159559, 0.814896, 0.815772, 0.872318, 1, 

19,39,0.00602483, 0.016831, 0.0528152, 0.0980615, 0.106911, 0.119235, 0.150345, 0.17776, 0.112195, 0.247358, 0.299091, 0.400537, 0.470213, 0.492376, 1, 

Generation #9
16,52,0.001, 0.0141455, 0.0218816, 0.0456565, 0.126535, 0.171676, 0.223503, 0.360442, 0.365705, 0.378262, 0.981794, 1, 

14,70,0.001, 0.0141455, 0.0218816, 0.0456565, 0.126535, 0.171676, 0.360442, 0.845754, 0.979017, 1, 

17,46,0.00602483, 0.016831, 0.0528152, 0.0980615, 0.119235, 0.150345, 0.58726, 0.607083, 0.793639, 0.806633, 1, 

15,55,0.001, 0.0141455, 0.0218816, 0.0456565, 0.110065, 0.137015, 0.159559, 0.814896, 0.815772, 0.872318, 1, 

19,39,0.00602483, 0.016831, 0.0528152, 0.0980615, 0.106911, 0.119235, 0.150345, 0.17776, 0.112195, 0.247358, 0.299091, 0.400537, 0.470213, 0.492376, 1, 

13,102,0.001, 0.0141455, 0.0528152, 0.0980615, 0.106911, 0.119235, 0.17776, 0.247358, 1, 

Generation #10
15,35,0.00602483, 0.016831, 0.0218816, 0.0456565, 0.126535, 0.171676, 0.223503, 0.360442, 0.845754, 1, 

13,57,0.001, 0.0141455, 0.0218816, 0.0456565, 0.126535, 0.171676, 0.360442, 0.845754, 0.979017, 1, 

Generation #11
15,35,0.00602483, 0.016831, 0.0218816, 0.0456565, 0.126535, 0.171676, 0.223503, 0.360442, 0.845754, 1, 

13,57,0.001, 0.0141455, 0.0218816, 0.0456565, 0.126535, 0.171676, 0.360442, 0.845754, 0.979017, 1, 

Generation #12
15,35,0.00602483, 0.016831, 0.0218816, 0.0456565, 0.126535, 0.171676, 0.223503, 0.360442, 0.845754, 1, 

13,44,0.001, 0.0141455, 0.0218816, 0.0456565, 0.126535, 0.171676, 0.223503, 0.360442, 0.845754, 1, 

14,40,0.00602483, 0.016831, 0.0528152, 0.0980615, 0.119235, 0.150345, 0.58726, 0.607083, 1, 

Generation #13
15,35,0.00602483, 0.016831, 0.0218816, 0.0456565, 0.126535, 0.171676, 0.223503, 0.360442, 0.845754, 1, 

13,44,0.001, 0.0141455, 0.0218816, 0.0456565, 0.126535, 0.171676, 0.223503, 0.360442, 0.845754, 1, 

14,40,0.00602483, 0.016831, 0.0528152, 0.0980615, 0.119235, 0.150345, 0.58726, 0.607083, 1, 

12,68,0.001, 0.0141455, 0.0218816, 0.0456565, 0.126535, 0.171676, 0.223503, 1, 

Generation #14
15,35,0.00602483, 0.016831, 0.0218816, 0.0456565, 0.126535, 0.171676, 0.223503, 0.360442, 0.845754, 1, 

13,44,0.001, 0.0141455, 0.0218816, 0.0456565, 0.126535, 0.171676, 0.223503, 0.360442, 0.845754, 1, 

14,40,0.00602483, 0.016831, 0.0528152, 0.0980615, 0.119235, 0.150345, 0.58726, 0.607083, 1, 

12,68,0.001, 0.0141455, 0.0218816, 0.0456565, 0.126535, 0.171676, 0.223503, 1, 

16,34,0.001, 0.0141455, 0.0218816, 0.0456565, 0.126535, 0.119235, 0.150345, 0.17776, 0.112195, 0.247358, 0.299091, 0.400537, 1, 

20,33,0.00602483, 0.0141455, 0.0218816, 0.0456565, 0.126535, 0.119235, 0.150345, 0.17776, 0.112195, 0.247358, 0.299091, 0.400537, 0.470213, 0.492376, 1, 

Generation #15
15,35,0.00602483, 0.016831, 0.0218816, 0.0456565, 0.126535, 0.171676, 0.223503, 0.360442, 0.845754, 1, 

13,44,0.001, 0.0141455, 0.0218816, 0.0456565, 0.126535, 0.171676, 0.223503, 0.360442, 0.845754, 1, 

14,40,0.00602483, 0.016831, 0.0528152, 0.0980615, 0.119235, 0.150345, 0.58726, 0.607083, 1, 

12,68,0.001, 0.0141455, 0.0218816, 0.0456565, 0.126535, 0.171676, 0.223503, 1, 

16,34,0.001, 0.0141455, 0.0218816, 0.0456565, 0.126535, 0.119235, 0.150345, 0.17776, 0.112195, 0.247358, 0.299091, 0.400537, 1, 

20,33,0.00602483, 0.0141455, 0.0218816, 0.0456565, 0.126535, 0.119235, 0.150345, 0.17776, 0.112195, 0.247358, 0.299091, 0.400537, 0.470213, 0.492376, 1, 

Generation #16
15,35,0.00602483, 0.016831, 0.0218816, 0.0456565, 0.126535, 0.171676, 0.223503, 0.360442, 0.845754, 1, 

12,68,0.001, 0.0141455, 0.0218816, 0.0456565, 0.126535, 0.171676, 0.223503, 1, 

16,34,0.001, 0.0141455, 0.0218816, 0.0456565, 0.126535, 0.119235, 0.150345, 0.17776, 0.112195, 0.247358, 0.299091, 0.400537, 1, 

20,33,0.00602483, 0.0141455, 0.0218816, 0.0456565, 0.126535, 0.119235, 0.150345, 0.17776, 0.112195, 0.247358, 0.299091, 0.400537, 0.470213, 0.492376, 1, 

13,38,0.00602483, 0.016831, 0.0528152, 0.0456565, 0.171676, 0.360442, 0.845754, 0.299091, 1, 

Generation #17
15,35,0.00602483, 0.016831, 0.0218816, 0.0456565, 0.126535, 0.171676, 0.223503, 0.360442, 0.845754, 1, 

16,34,0.001, 0.0141455, 0.0218816, 0.0456565, 0.126535, 0.119235, 0.150345, 0.17776, 0.112195, 0.247358, 0.299091, 0.400537, 1, 

20,33,0.00602483, 0.0141455, 0.0218816, 0.0456565, 0.126535, 0.119235, 0.150345, 0.17776, 0.112195, 0.247358, 0.299091, 0.400537, 0.470213, 0.492376, 1, 

13,38,0.00602483, 0.016831, 0.0528152, 0.0456565, 0.171676, 0.360442, 0.845754, 0.299091, 1, 

12,62,0.00602483, 0.0234395, 0.0390873, 0.126535, 0.171676, 0.223503, 1, 

Generation #18
15,35,0.00602483, 0.016831, 0.0218816, 0.0456565, 0.126535, 0.171676, 0.223503, 0.360442, 0.845754, 1, 

16,34,0.001, 0.0141455, 0.0218816, 0.0456565, 0.126535, 0.119235, 0.150345, 0.17776, 0.112195, 0.247358, 0.299091, 0.400537, 1, 

20,33,0.00602483, 0.0141455, 0.0218816, 0.0456565, 0.126535, 0.119235, 0.150345, 0.17776, 0.112195, 0.247358, 0.299091, 0.400537, 0.470213, 0.492376, 1, 

13,38,0.00602483, 0.016831, 0.0528152, 0.0456565, 0.171676, 0.360442, 0.845754, 0.299091, 1, 

11,57,0.001, 0.0141455, 0.0218816, 0.0456565, 0.126535, 0.223503, 1, 

Generation #19
15,35,0.00602483, 0.016831, 0.0218816, 0.0456565, 0.126535, 0.171676, 0.223503, 0.360442, 0.845754, 1, 

16,34,0.001, 0.0141455, 0.0218816, 0.0456565, 0.126535, 0.119235, 0.150345, 0.17776, 0.112195, 0.247358, 0.299091, 0.400537, 1, 

20,33,0.00602483, 0.0141455, 0.0218816, 0.0456565, 0.126535, 0.119235, 0.150345, 0.17776, 0.112195, 0.247358, 0.299091, 0.400537, 0.470213, 0.492376, 1, 

13,38,0.00602483, 0.016831, 0.0528152, 0.0456565, 0.171676, 0.360442, 0.845754, 0.299091, 1, 

11,57,0.001, 0.0141455, 0.0218816, 0.0456565, 0.126535, 0.223503, 1, 

Generation #20
15,35,0.00602483, 0.016831, 0.0218816, 0.0456565, 0.126535, 0.171676, 0.223503, 0.360442, 0.845754, 1, 

16,34,0.001, 0.0141455, 0.0218816, 0.0456565, 0.126535, 0.119235, 0.150345, 0.17776, 0.112195, 0.247358, 0.299091, 0.400537, 1, 

20,33,0.00602483, 0.0141455, 0.0218816, 0.0456565, 0.126535, 0.119235, 0.150345, 0.17776, 0.112195, 0.247358, 0.299091, 0.400537, 0.470213, 0.492376, 1, 

11,57,0.001, 0.0141455, 0.0218816, 0.0456565, 0.126535, 0.223503, 1, 

12,53,0.00602483, 0.016831, 0.0528152, 0.0456565, 0.171676, 0.223503, 1, 

13,36,0.00602483, 0.016831, 0.0218816, 0.0456565, 0.126535, 0.242764, 0.223503, 0.299091, 1, 

10,308,0.001, 0.0141455, 0.0218816, 0.0456565, 1, 

Generation #21
15,35,0.00602483, 0.016831, 0.0218816, 0.0456565, 0.126535, 0.171676, 0.223503, 0.360442, 0.845754, 1, 

16,34,0.001, 0.0141455, 0.0218816, 0.0456565, 0.126535, 0.119235, 0.150345, 0.17776, 0.112195, 0.247358, 0.299091, 0.400537, 1, 

20,33,0.00602483, 0.0141455, 0.0218816, 0.0456565, 0.126535, 0.119235, 0.150345, 0.17776, 0.112195, 0.247358, 0.299091, 0.400537, 0.470213, 0.492376, 1, 

11,57,0.001, 0.0141455, 0.0218816, 0.0456565, 0.126535, 0.223503, 1, 

12,53,0.00602483, 0.016831, 0.0528152, 0.0456565, 0.171676, 0.223503, 1, 

13,36,0.00602483, 0.016831, 0.0218816, 0.0456565, 0.126535, 0.242764, 0.223503, 0.299091, 1, 

10,232,0.00602483, 0.016831, 0.0218816, 1, 

Generation #22
11,57,0.001, 0.0141455, 0.0218816, 0.0456565, 0.126535, 0.223503, 1, 

12,53,0.00602483, 0.016831, 0.0528152, 0.0456565, 0.171676, 0.223503, 1, 

13,32,0.00602483, 0.0141455, 0.0218816, 0.0037145, 0.0456565, 0.126535, 0.119235, 0.150345, 0.17776, 1, 

10,144,0.00602483, 0.0234395, 0.0390873, 0.0456565, 1, 

Generation #23
11,57,0.001, 0.0141455, 0.0218816, 0.0456565, 0.126535, 0.223503, 1, 

12,53,0.00602483, 0.016831, 0.0528152, 0.0456565, 0.171676, 0.223503, 1, 

13,32,0.00602483, 0.0141455, 0.0218816, 0.0037145, 0.0456565, 0.126535, 0.119235, 0.150345, 0.17776, 1, 

10,144,0.00602483, 0.0234395, 0.0390873, 0.0456565, 1, 

Generation #24
13,32,0.00602483, 0.0141455, 0.0218816, 0.0037145, 0.0456565, 0.126535, 0.119235, 0.150345, 0.17776, 1, 

10,144,0.00602483, 0.0234395, 0.0390873, 0.0456565, 1, 

12,37,0.00602483, 0.0141455, 0.0218816, 0.0037145, 0.0456565, 0.126535, 0.223503, 1, 

11,55,0.001, 0.0141455, 0.0218816, 0.0456565, 0.171676, 0.223503, 1, 

Generation #25
13,32,0.00602483, 0.0141455, 0.0218816, 0.0037145, 0.0456565, 0.126535, 0.119235, 0.150345, 0.17776, 1, 

10,144,0.00602483, 0.0234395, 0.0390873, 0.0456565, 1, 

11,34,0.00602483, 0.0141455, 0.0218816, 0.0456565, 0.126535, 0.223503, 1, 

Generation #26
11,30,0.00602483, 0.016831, 0.0218816, 0.0037145, 0.0456565, 0.126535, 0.223503, 1, 

10,110,0.001, 0.0141455, 0.0218816, 0.0456565, 0.171676, 1, 

9,622,0.00602483, 0.016831, 1, 

Generation #27
11,30,0.00602483, 0.016831, 0.0218816, 0.0037145, 0.0456565, 0.126535, 0.223503, 1, 

10,110,0.001, 0.0141455, 0.0218816, 0.0456565, 0.171676, 1, 

9,622,0.00602483, 0.016831, 1, 

Generation #28
11,30,0.00602483, 0.016831, 0.0218816, 0.0037145, 0.0456565, 0.126535, 0.223503, 1, 

10,110,0.001, 0.0141455, 0.0218816, 0.0456565, 0.171676, 1, 

9,622,0.00602483, 0.016831, 1, 

13,28,0.00602483, 0.0141455, 0.0218816, 0.0037145, 0.0456565, 0.126535, 0.119235, 0.299091, 1, 

Generation #29
11,30,0.00602483, 0.016831, 0.0218816, 0.0037145, 0.0456565, 0.126535, 0.223503, 1, 

10,110,0.001, 0.0141455, 0.0218816, 0.0456565, 0.171676, 1, 

9,622,0.00602483, 0.016831, 1, 

13,28,0.00602483, 0.0141455, 0.0218816, 0.0037145, 0.0456565, 0.126535, 0.119235, 0.299091, 1, 

Generation #30
10,110,0.001, 0.0141455, 0.0218816, 0.0456565, 0.171676, 1, 

9,622,0.00602483, 0.016831, 1, 

13,28,0.00602483, 0.0141455, 0.0218816, 0.0037145, 0.0456565, 0.126535, 0.119235, 0.299091, 1, 

11,29,0.00602483, 0.0141455, 0.0218816, 0.0456565, 0.119235, 0.17776, 1, 

Generation #31
10,110,0.001, 0.0141455, 0.0218816, 0.0456565, 0.171676, 1, 

9,622,0.00602483, 0.016831, 1, 

13,28,0.00602483, 0.0141455, 0.0218816, 0.0037145, 0.0456565, 0.126535, 0.119235, 0.299091, 1, 

11,29,0.00602483, 0.0141455, 0.0218816, 0.0456565, 0.119235, 0.17776, 1, 

Generation #32
10,110,0.001, 0.0141455, 0.0218816, 0.0456565, 0.171676, 1, 

9,622,0.00602483, 0.016831, 1, 

13,28,0.00602483, 0.0141455, 0.0218816, 0.0037145, 0.0456565, 0.126535, 0.119235, 0.299091, 1, 

11,29,0.00602483, 0.0141455, 0.0218816, 0.0456565, 0.119235, 0.17776, 1, 

16,27,0.00602483, 0.0141455, 0.0218816, 0.0037145, 0.126535, 0.137015, 0.150345, 0.17776, 0.112195, 0.247358, 0.299091, 0.400537, 1, 
