------------d=1, t=2, lambda=1, filename=./evaluation/2^30-t2_l1.csv------------
Grouping d-sets by partitioned row counts for detecting arrays...
Ready to look at pairs for detecting arrays...
First Stage N=12, Time=3
There are 6989 remaining non-locating pairs
--- Running GA Algorithm (phase2) ---
Running GA with std::execution::seq
Generation #0
19,471,0.001, 0.139605, 0.219523, 0.33745, 0.371203, 0.465486, 0.467519, 0.710549, 0.845754, 0.979017, 1, 

21,157,0.001, 0.0537338, 0.106666, 0.111303, 0.348809, 0.39629, 0.452333, 0.476821, 0.529451, 0.635177, 0.648952, 0.726148, 0.943837, 0.951523, 1, 

18,738,0.001, 0.171845, 0.571286, 0.600591, 0.714621, 0.730876, 0.740987, 0.905804, 0.913058, 0.939807, 1, 

20,354,0.001, 0.0970704, 0.133815, 0.193307, 0.314824, 0.330009, 0.392028, 0.397921, 0.422169, 0.783244, 0.803073, 0.930679, 1, 

25,66,0.001, 0.0141455, 0.0218816, 0.0456565, 0.126535, 0.171676, 0.223503, 0.360442, 0.365705, 0.45636, 0.479251, 0.508095, 0.573131, 0.69156, 0.698453, 0.828251, 0.841254, 0.951562, 1, 

24,138,0.001, 0.0485364, 0.0638381, 0.103473, 0.112512, 0.157387, 0.207509, 0.233497, 0.34024, 0.425078, 0.623749, 0.642961, 0.77327, 0.821051, 0.86027, 0.97724, 1, 

Generation #1
25,66,0.001, 0.0141455, 0.0218816, 0.0456565, 0.126535, 0.171676, 0.223503, 0.360442, 0.365705, 0.45636, 0.479251, 0.508095, 0.573131, 0.69156, 0.698453, 0.828251, 0.841254, 0.951562, 1, 

16,70,0.001, 0.00563984, 0.0472926, 0.0436327, 0.0751163, 0.198198, 0.467519, 0.710549, 0.845754, 0.979017, 1, 

Generation #2
16,70,0.001, 0.00563984, 0.0472926, 0.0436327, 0.0751163, 0.198198, 0.467519, 0.710549, 0.845754, 0.979017, 1, 

20,66,0.001, 0.00563984, 0.0472926, 0.0698625, 0.0751163, 0.198198, 0.226628, 0.687387, 0.643865, 0.749881, 0.83435, 0.852734, 1, 

30,55,0.001, 0.0141455, 0.0218816, 0.0456565, 0.126535, 0.171676, 0.223503, 0.360442, 0.365705, 0.45636, 0.475426, 0.477239, 0.511489, 0.606937, 0.610299, 0.685118, 0.749872, 0.761045, 0.79815, 0.843834, 0.85952, 0.956795, 1, 

21,63,0.001, 0.00563984, 0.0472926, 0.0436327, 0.0751163, 0.198198, 0.467519, 0.710549, 0.845754, 0.507439, 0.632639, 0.714346, 0.747626, 0.902875, 0.966634, 1, 

Generation #3
30,55,0.001, 0.0141455, 0.0218816, 0.0456565, 0.126535, 0.171676, 0.223503, 0.360442, 0.365705, 0.45636, 0.475426, 0.477239, 0.511489, 0.606937, 0.610299, 0.685118, 0.749872, 0.761045, 0.79815, 0.843834, 0.85952, 0.956795, 1, 

16,65,0.001, 0.0234395, 0.0390873, 0.0460126, 0.10239, 0.467519, 0.710549, 0.845754, 0.979017, 1, 

18,56,0.001, 0.00563984, 0.0472926, 0.0436327, 0.0751163, 0.198198, 0.467519, 0.687387, 0.643865, 0.749881, 1, 

Generation #4
16,65,0.001, 0.0234395, 0.0390873, 0.0460126, 0.10239, 0.467519, 0.710549, 0.845754, 0.979017, 1, 

18,56,0.001, 0.00563984, 0.0472926, 0.0436327, 0.0751163, 0.198198, 0.467519, 0.687387, 0.643865, 0.749881, 1, 

14,90,0.001, 0.0234395, 0.0390873, 0.0460126, 0.10239, 0.111185, 0.134715, 0.411498, 1, 

20,54,0.001, 0.00563984, 0.0472926, 0.0436327, 0.0751163, 0.198198, 0.467519, 0.710549, 0.845754, 0.507439, 0.792408, 0.827195, 1, 

21,49,0.001, 0.00749773, 0.0472926, 0.0436327, 0.0751163, 0.198198, 0.467519, 0.710549, 0.845754, 0.507439, 0.632639, 0.714346, 0.747626, 0.467929, 0.966634, 1, 

Generation #5
16,65,0.001, 0.0234395, 0.0390873, 0.0460126, 0.10239, 0.467519, 0.710549, 0.845754, 0.979017, 1, 

18,56,0.001, 0.00563984, 0.0472926, 0.0436327, 0.0751163, 0.198198, 0.467519, 0.687387, 0.643865, 0.749881, 1, 

14,90,0.001, 0.0234395, 0.0390873, 0.0460126, 0.10239, 0.111185, 0.134715, 0.411498, 1, 

20,54,0.001, 0.00563984, 0.0472926, 0.0436327, 0.0751163, 0.198198, 0.467519, 0.710549, 0.845754, 0.507439, 0.792408, 0.827195, 1, 

21,49,0.001, 0.00749773, 0.0472926, 0.0436327, 0.0751163, 0.198198, 0.467519, 0.710549, 0.845754, 0.507439, 0.632639, 0.714346, 0.747626, 0.467929, 0.966634, 1, 

Generation #6
14,90,0.001, 0.0234395, 0.0390873, 0.0460126, 0.10239, 0.111185, 0.134715, 0.411498, 1, 

21,49,0.001, 0.00749773, 0.0472926, 0.0436327, 0.0751163, 0.198198, 0.467519, 0.710549, 0.845754, 0.507439, 0.632639, 0.714346, 0.747626, 0.467929, 0.966634, 1, 

24,47,0.001, 0.00563984, 0.0472926, 0.0436327, 0.0751163, 0.198198, 0.164494, 0.161136, 0.234665, 0.45636, 0.508095, 0.35869, 0.573131, 0.69156, 0.698453, 0.828251, 0.841254, 0.951562, 1, 

15,53,0.001, 0.00563984, 0.0472926, 0.0436327, 0.10239, 0.111185, 0.134715, 0.411498, 1, 

Generation #7
21,49,0.001, 0.00749773, 0.0472926, 0.0436327, 0.0751163, 0.198198, 0.467519, 0.710549, 0.845754, 0.507439, 0.632639, 0.714346, 0.747626, 0.467929, 0.966634, 1, 

24,47,0.001, 0.00563984, 0.0472926, 0.0436327, 0.0751163, 0.198198, 0.164494, 0.161136, 0.234665, 0.45636, 0.508095, 0.35869, 0.573131, 0.69156, 0.698453, 0.828251, 0.841254, 0.951562, 1, 

14,53,0.001, 0.0110509, 0.0390873, 0.0460126, 0.10239, 0.111185, 0.134715, 0.411498, 1, 

18,52,0.001, 0.00563984, 0.0472926, 0.0436327, 0.0751163, 0.198198, 0.339545, 0.375901, 0.845754, 0.507439, 0.473314, 0.827195, 1, 

Generation #8
21,49,0.001, 0.00749773, 0.0472926, 0.0436327, 0.0751163, 0.198198, 0.467519, 0.710549, 0.845754, 0.507439, 0.632639, 0.714346, 0.747626, 0.467929, 0.966634, 1, 

24,47,0.001, 0.00563984, 0.0472926, 0.0436327, 0.0751163, 0.198198, 0.164494, 0.161136, 0.234665, 0.45636, 0.508095, 0.35869, 0.573131, 0.69156, 0.698453, 0.828251, 0.841254, 0.951562, 1, 

14,53,0.001, 0.0110509, 0.0390873, 0.0460126, 0.10239, 0.111185, 0.134715, 0.411498, 1, 

16,50,0.001, 0.00563984, 0.0472926, 0.0698625, 0.0751163, 0.198198, 0.444051, 0.643865, 0.749881, 0.83435, 1, 

Generation #9
21,49,0.001, 0.00749773, 0.0472926, 0.0436327, 0.0751163, 0.198198, 0.467519, 0.710549, 0.845754, 0.507439, 0.632639, 0.714346, 0.747626, 0.467929, 0.966634, 1, 

24,47,0.001, 0.00563984, 0.0472926, 0.0436327, 0.0751163, 0.198198, 0.164494, 0.161136, 0.234665, 0.45636, 0.508095, 0.35869, 0.573131, 0.69156, 0.698453, 0.828251, 0.841254, 0.951562, 1, 

14,53,0.001, 0.0110509, 0.0390873, 0.0460126, 0.10239, 0.111185, 0.134715, 0.411498, 1, 

16,50,0.001, 0.00563984, 0.0472926, 0.0698625, 0.0751163, 0.198198, 0.444051, 0.643865, 0.749881, 0.83435, 1, 

13,121,0.001, 0.0390873, 0.0460126, 0.10239, 0.111185, 0.411498, 1, 

Generation #10
21,49,0.001, 0.00749773, 0.0472926, 0.0436327, 0.0751163, 0.198198, 0.467519, 0.710549, 0.845754, 0.507439, 0.632639, 0.714346, 0.747626, 0.467929, 0.966634, 1, 

24,47,0.001, 0.00563984, 0.0472926, 0.0436327, 0.0751163, 0.198198, 0.164494, 0.161136, 0.234665, 0.45636, 0.508095, 0.35869, 0.573131, 0.69156, 0.698453, 0.828251, 0.841254, 0.951562, 1, 

14,53,0.001, 0.0110509, 0.0390873, 0.0460126, 0.10239, 0.111185, 0.134715, 0.411498, 1, 

16,50,0.001, 0.00563984, 0.0472926, 0.0698625, 0.0751163, 0.198198, 0.444051, 0.643865, 0.749881, 0.83435, 1, 

13,73,0.001, 0.00563984, 0.0472926, 0.10239, 0.111185, 0.411498, 1, 

Generation #11
21,49,0.001, 0.00749773, 0.0472926, 0.0436327, 0.0751163, 0.198198, 0.467519, 0.710549, 0.845754, 0.507439, 0.632639, 0.714346, 0.747626, 0.467929, 0.966634, 1, 

24,47,0.001, 0.00563984, 0.0472926, 0.0436327, 0.0751163, 0.198198, 0.164494, 0.161136, 0.234665, 0.45636, 0.508095, 0.35869, 0.573131, 0.69156, 0.698453, 0.828251, 0.841254, 0.951562, 1, 

14,53,0.001, 0.0110509, 0.0390873, 0.0460126, 0.10239, 0.111185, 0.134715, 0.411498, 1, 

16,50,0.001, 0.00563984, 0.0472926, 0.0698625, 0.0751163, 0.198198, 0.444051, 0.643865, 0.749881, 0.83435, 1, 

13,56,0.001, 0.0141455, 0.0218816, 0.0456565, 0.126535, 0.171676, 0.223503, 1, 

Generation #12
14,44,0.001, 0.00563984, 0.0390873, 0.0460126, 0.10239, 0.111185, 0.134715, 0.411498, 1, 

13,50,0.001, 0.0110509, 0.0390873, 0.0460126, 0.10239, 0.111185, 0.134715, 1, 

Generation #13
14,44,0.001, 0.00563984, 0.0390873, 0.0460126, 0.10239, 0.111185, 0.134715, 0.411498, 1, 

13,50,0.001, 0.0110509, 0.0390873, 0.0460126, 0.10239, 0.111185, 0.134715, 1, 

Generation #14
14,44,0.001, 0.00563984, 0.0390873, 0.0460126, 0.10239, 0.111185, 0.134715, 0.411498, 1, 

13,50,0.001, 0.0110509, 0.0390873, 0.0460126, 0.10239, 0.111185, 0.134715, 1, 

Generation #15
14,44,0.001, 0.00563984, 0.0390873, 0.0460126, 0.10239, 0.111185, 0.134715, 0.411498, 1, 

13,50,0.001, 0.0110509, 0.0390873, 0.0460126, 0.10239, 0.111185, 0.134715, 1, 

15,43,0.001, 0.00417689, 0.0110509, 0.0390873, 0.0460126, 0.10239, 0.111185, 0.134715, 1, 

12,170,0.001, 0.0472926, 0.0698625, 0.0751163, 0.198198, 1, 

Generation #16
14,44,0.001, 0.00563984, 0.0390873, 0.0460126, 0.10239, 0.111185, 0.134715, 0.411498, 1, 

13,50,0.001, 0.0110509, 0.0390873, 0.0460126, 0.10239, 0.111185, 0.134715, 1, 

15,43,0.001, 0.00417689, 0.0110509, 0.0390873, 0.0460126, 0.10239, 0.111185, 0.134715, 1, 

12,69,0.001, 0.0141455, 0.0218816, 0.0436327, 0.0663368, 0.100799, 0.134715, 1, 

21,36,0.001, 0.00563984, 0.0218816, 0.0436327, 0.0663368, 0.100799, 0.164494, 0.161136, 0.234665, 0.262227, 0.710195, 0.749947, 0.797568, 0.797852, 0.857405, 1, 

Generation #17
14,44,0.001, 0.00563984, 0.0390873, 0.0460126, 0.10239, 0.111185, 0.134715, 0.411498, 1, 

13,50,0.001, 0.0110509, 0.0390873, 0.0460126, 0.10239, 0.111185, 0.134715, 1, 

15,43,0.001, 0.00417689, 0.0110509, 0.0390873, 0.0460126, 0.10239, 0.111185, 0.134715, 1, 

12,69,0.001, 0.0141455, 0.0218816, 0.0436327, 0.0663368, 0.100799, 0.134715, 1, 

21,36,0.001, 0.00563984, 0.0218816, 0.0436327, 0.0663368, 0.100799, 0.164494, 0.161136, 0.234665, 0.262227, 0.710195, 0.749947, 0.797568, 0.797852, 0.857405, 1, 

Generation #18
14,44,0.001, 0.00563984, 0.0390873, 0.0460126, 0.10239, 0.111185, 0.134715, 0.411498, 1, 

13,50,0.001, 0.0110509, 0.0390873, 0.0460126, 0.10239, 0.111185, 0.134715, 1, 

12,69,0.001, 0.0141455, 0.0218816, 0.0436327, 0.0663368, 0.100799, 0.134715, 1, 

21,36,0.001, 0.00563984, 0.0218816, 0.0436327, 0.0663368, 0.100799, 0.164494, 0.161136, 0.234665, 0.262227, 0.710195, 0.749947, 0.797568, 0.797852, 0.857405, 1, 

11,132,0.001, 0.0141455, 0.0218816, 0.0436327, 0.0663368, 1, 

17,38,0.001, 0.00563984, 0.0218816, 0.0436327, 0.0663368, 0.100799, 0.164494, 0.161136, 0.413148, 0.83435, 1, 

15,40,0.001, 0.00417689, 0.0110509, 0.0390873, 0.0460126, 0.10239, 0.111185, 0.375988, 0.134715, 1, 

Generation #19
14,44,0.001, 0.00563984, 0.0390873, 0.0460126, 0.10239, 0.111185, 0.134715, 0.411498, 1, 

13,50,0.001, 0.0110509, 0.0390873, 0.0460126, 0.10239, 0.111185, 0.134715, 1, 

12,69,0.001, 0.0141455, 0.0218816, 0.0436327, 0.0663368, 0.100799, 0.134715, 1, 

21,36,0.001, 0.00563984, 0.0218816, 0.0436327, 0.0663368, 0.100799, 0.164494, 0.161136, 0.234665, 0.262227, 0.710195, 0.749947, 0.797568, 0.797852, 0.857405, 1, 

11,132,0.001, 0.0141455, 0.0218816, 0.0436327, 0.0663368, 1, 

17,38,0.001, 0.00563984, 0.0218816, 0.0436327, 0.0663368, 0.100799, 0.164494, 0.161136, 0.413148, 0.83435, 1, 

15,40,0.001, 0.00417689, 0.0110509, 0.0390873, 0.0460126, 0.10239, 0.111185, 0.375988, 0.134715, 1, 

Generation #20
13,50,0.001, 0.0110509, 0.0390873, 0.0460126, 0.10239, 0.111185, 0.134715, 1, 

12,69,0.001, 0.0141455, 0.0218816, 0.0436327, 0.0663368, 0.100799, 0.134715, 1, 

11,132,0.001, 0.0141455, 0.0218816, 0.0436327, 0.0663368, 1, 

14,35,0.001, 0.00417689, 0.0110509, 0.0390873, 0.0460126, 0.100799, 0.164494, 0.161136, 1, 

Generation #21
11,132,0.001, 0.0141455, 0.0218816, 0.0436327, 0.0663368, 1, 

14,35,0.001, 0.00417689, 0.0110509, 0.0390873, 0.0460126, 0.100799, 0.164494, 0.161136, 1, 

13,42,0.001, 0.00417689, 0.0218816, 0.0436327, 0.0663368, 0.111185, 0.134715, 1, 

12,63,0.001, 0.00563984, 0.0218816, 0.0436327, 0.198198, 0.467519, 1, 

Generation #22
11,132,0.001, 0.0141455, 0.0218816, 0.0436327, 0.0663368, 1, 

14,35,0.001, 0.00417689, 0.0110509, 0.0390873, 0.0460126, 0.100799, 0.164494, 0.161136, 1, 

13,42,0.001, 0.00417689, 0.0218816, 0.0436327, 0.0663368, 0.111185, 0.134715, 1, 

12,63,0.001, 0.00563984, 0.0218816, 0.0436327, 0.198198, 0.467519, 1, 

21,24,0.001, 0.00417689, 0.0110509, 0.0390873, 0.0460126, 0.100799, 0.164494, 0.161136, 0.234665, 0.262227, 0.710195, 0.749947, 0.797568, 0.797852, 0.857405, 1, 

Generation #23
11,132,0.001, 0.0141455, 0.0218816, 0.0436327, 0.0663368, 1, 

14,35,0.001, 0.00417689, 0.0110509, 0.0390873, 0.0460126, 0.100799, 0.164494, 0.161136, 1, 

21,24,0.001, 0.00417689, 0.0110509, 0.0390873, 0.0460126, 0.100799, 0.164494, 0.161136, 0.234665, 0.262227, 0.710195, 0.749947, 0.797568, 0.797852, 0.857405, 1, 

12,38,0.001, 0.00417689, 0.0110509, 0.0390873, 0.0460126, 0.171676, 0.223503, 1, 

Generation #24
11,132,0.001, 0.0141455, 0.0218816, 0.0436327, 0.0663368, 1, 

14,35,0.001, 0.00417689, 0.0110509, 0.0390873, 0.0460126, 0.100799, 0.164494, 0.161136, 1, 

21,24,0.001, 0.00417689, 0.0110509, 0.0390873, 0.0460126, 0.100799, 0.164494, 0.161136, 0.234665, 0.262227, 0.710195, 0.749947, 0.797568, 0.797852, 0.857405, 1, 

12,38,0.001, 0.00417689, 0.0110509, 0.0390873, 0.0460126, 0.171676, 0.223503, 1, 

Generation #25
11,132,0.001, 0.0141455, 0.0218816, 0.0436327, 0.0663368, 1, 

21,24,0.001, 0.00417689, 0.0110509, 0.0390873, 0.0460126, 0.100799, 0.164494, 0.161136, 0.234665, 0.262227, 0.710195, 0.749947, 0.797568, 0.797852, 0.857405, 1, 

12,38,0.001, 0.00417689, 0.0110509, 0.0390873, 0.0460126, 0.171676, 0.223503, 1, 

13,32,0.001, 0.00417689, 0.0110509, 0.0390873, 0.0460126, 0.10239, 0.111185, 0.134715, 1, 

Generation #26
12,38,0.001, 0.00417689, 0.0110509, 0.0390873, 0.0460126, 0.171676, 0.223503, 1, 

13,32,0.001, 0.00417689, 0.0110509, 0.0390873, 0.0460126, 0.10239, 0.111185, 0.134715, 1, 

19,21,0.001, 0.00417689, 0.0110509, 0.0390873, 0.0460126, 0.100799, 0.164494, 0.161136, 0.234665, 0.262227, 0.710195, 0.749947, 0.797852, 0.857405, 1, 

14,31,0.001, 0.00563984, 0.0218816, 0.0436327, 0.0663368, 0.100799, 0.164494, 0.411498, 1, 

11,100,0.001, 0.00417689, 0.0218816, 0.0436327, 0.0663368, 1, 

Generation #27
12,38,0.001, 0.00417689, 0.0110509, 0.0390873, 0.0460126, 0.171676, 0.223503, 1, 

13,32,0.001, 0.00417689, 0.0110509, 0.0390873, 0.0460126, 0.10239, 0.111185, 0.134715, 1, 

19,21,0.001, 0.00417689, 0.0110509, 0.0390873, 0.0460126, 0.100799, 0.164494, 0.161136, 0.234665, 0.262227, 0.710195, 0.749947, 0.797852, 0.857405, 1, 

14,31,0.001, 0.00563984, 0.0218816, 0.0436327, 0.0663368, 0.100799, 0.164494, 0.411498, 1, 

11,100,0.001, 0.00417689, 0.0218816, 0.0436327, 0.0663368, 1, 

Generation #28
12,38,0.001, 0.00417689, 0.0110509, 0.0390873, 0.0460126, 0.171676, 0.223503, 1, 

13,32,0.001, 0.00417689, 0.0110509, 0.0390873, 0.0460126, 0.10239, 0.111185, 0.134715, 1, 

19,21,0.001, 0.00417689, 0.0110509, 0.0390873, 0.0460126, 0.100799, 0.164494, 0.161136, 0.234665, 0.262227, 0.710195, 0.749947, 0.797852, 0.857405, 1, 

14,31,0.001, 0.00563984, 0.0218816, 0.0436327, 0.0663368, 0.100799, 0.164494, 0.411498, 1, 

11,100,0.001, 0.00417689, 0.0218816, 0.0436327, 0.0663368, 1, 

Generation #29
12,38,0.001, 0.00417689, 0.0110509, 0.0390873, 0.0460126, 0.171676, 0.223503, 1, 

19,21,0.001, 0.00417689, 0.0110509, 0.0390873, 0.0460126, 0.100799, 0.164494, 0.161136, 0.234665, 0.262227, 0.710195, 0.749947, 0.797852, 0.857405, 1, 

11,100,0.001, 0.00417689, 0.0218816, 0.0436327, 0.0663368, 1, 

13,30,0.001, 0.00417689, 0.0110509, 0.0390873, 0.0460126, 0.10239, 0.134715, 0.411498, 1, 

14,29,0.001, 0.00417689, 0.0110509, 0.0390873, 0.0460126, 0.111185, 0.134715, 0.411498, 1, 

Generation #30
12,38,0.001, 0.00417689, 0.0110509, 0.0390873, 0.0460126, 0.171676, 0.223503, 1, 

19,21,0.001, 0.00417689, 0.0110509, 0.0390873, 0.0460126, 0.100799, 0.164494, 0.161136, 0.234665, 0.262227, 0.710195, 0.749947, 0.797852, 0.857405, 1, 

11,100,0.001, 0.00417689, 0.0218816, 0.0436327, 0.0663368, 1, 

13,30,0.001, 0.00417689, 0.0110509, 0.0390873, 0.0460126, 0.10239, 0.134715, 0.411498, 1, 

14,29,0.001, 0.00417689, 0.0110509, 0.0390873, 0.0460126, 0.111185, 0.134715, 0.411498, 1, 

Generation #31
12,38,0.001, 0.00417689, 0.0110509, 0.0390873, 0.0460126, 0.171676, 0.223503, 1, 

19,21,0.001, 0.00417689, 0.0110509, 0.0390873, 0.0460126, 0.100799, 0.164494, 0.161136, 0.234665, 0.262227, 0.710195, 0.749947, 0.797852, 0.857405, 1, 

11,100,0.001, 0.00417689, 0.0218816, 0.0436327, 0.0663368, 1, 

13,27,0.001, 0.00417689, 0.0110509, 0.0390873, 0.0663368, 0.100799, 0.134715, 1, 

Generation #32
12,38,0.001, 0.00417689, 0.0110509, 0.0390873, 0.0460126, 0.171676, 0.223503, 1, 

19,21,0.001, 0.00417689, 0.0110509, 0.0390873, 0.0460126, 0.100799, 0.164494, 0.161136, 0.234665, 0.262227, 0.710195, 0.749947, 0.797852, 0.857405, 1, 

11,100,0.001, 0.00417689, 0.0218816, 0.0436327, 0.0663368, 1, 

13,27,0.001, 0.00417689, 0.0110509, 0.0390873, 0.0663368, 0.100799, 0.134715, 1, 

Generation #33
12,38,0.001, 0.00417689, 0.0110509, 0.0390873, 0.0460126, 0.171676, 0.223503, 1, 

19,21,0.001, 0.00417689, 0.0110509, 0.0390873, 0.0460126, 0.100799, 0.164494, 0.161136, 0.234665, 0.262227, 0.710195, 0.749947, 0.797852, 0.857405, 1, 

11,100,0.001, 0.00417689, 0.0218816, 0.0436327, 0.0663368, 1, 

13,27,0.001, 0.00417689, 0.0110509, 0.0390873, 0.0663368, 0.100799, 0.134715, 1, 

Generation #34
12,38,0.001, 0.00417689, 0.0110509, 0.0390873, 0.0460126, 0.171676, 0.223503, 1, 

19,21,0.001, 0.00417689, 0.0110509, 0.0390873, 0.0460126, 0.100799, 0.164494, 0.161136, 0.234665, 0.262227, 0.710195, 0.749947, 0.797852, 0.857405, 1, 

11,100,0.001, 0.00417689, 0.0218816, 0.0436327, 0.0663368, 1, 

13,27,0.001, 0.00417689, 0.0110509, 0.0390873, 0.0663368, 0.100799, 0.134715, 1, 

Generation #35
12,38,0.001, 0.00417689, 0.0110509, 0.0390873, 0.0460126, 0.171676, 0.223503, 1, 

19,21,0.001, 0.00417689, 0.0110509, 0.0390873, 0.0460126, 0.100799, 0.164494, 0.161136, 0.234665, 0.262227, 0.710195, 0.749947, 0.797852, 0.857405, 1, 

11,100,0.001, 0.00417689, 0.0218816, 0.0436327, 0.0663368, 1, 

13,27,0.001, 0.00417689, 0.0110509, 0.0390873, 0.0663368, 0.100799, 0.134715, 1, 

Generation #36
19,21,0.001, 0.00417689, 0.0110509, 0.0390873, 0.0460126, 0.100799, 0.164494, 0.161136, 0.234665, 0.262227, 0.710195, 0.749947, 0.797852, 0.857405, 1, 

11,100,0.001, 0.00417689, 0.0218816, 0.0436327, 0.0663368, 1, 

13,27,0.001, 0.00417689, 0.0110509, 0.0390873, 0.0663368, 0.100799, 0.134715, 1, 

12,37,0.001, 0.00417689, 0.0110509, 0.0390873, 0.0460126, 0.171676, 0.223503, 1, 

Generation #37
19,21,0.001, 0.00417689, 0.0110509, 0.0390873, 0.0460126, 0.100799, 0.164494, 0.161136, 0.234665, 0.262227, 0.710195, 0.749947, 0.797852, 0.857405, 1, 

11,100,0.001, 0.00417689, 0.0218816, 0.0436327, 0.0663368, 1, 

13,27,0.001, 0.00417689, 0.0110509, 0.0390873, 0.0663368, 0.100799, 0.134715, 1, 

12,32,0.001, 0.00417689, 0.0110509, 0.0390873, 0.0460126, 0.171676, 0.223503, 1, 

Generation #38
19,21,0.001, 0.00417689, 0.0110509, 0.0390873, 0.0460126, 0.100799, 0.164494, 0.161136, 0.234665, 0.262227, 0.710195, 0.749947, 0.797852, 0.857405, 1, 

11,100,0.001, 0.00417689, 0.0218816, 0.0436327, 0.0663368, 1, 

12,32,0.001, 0.00417689, 0.0110509, 0.0390873, 0.0460126, 0.171676, 0.223503, 1, 

13,26,0.001, 0.00563984, 0.0110509, 0.0390873, 0.0460126, 0.111185, 0.134715, 0.411498, 1, 

Generation #39
19,21,0.001, 0.00417689, 0.0110509, 0.0390873, 0.0460126, 0.100799, 0.164494, 0.161136, 0.234665, 0.262227, 0.710195, 0.749947, 0.797852, 0.857405, 1, 

11,100,0.001, 0.00417689, 0.0218816, 0.0436327, 0.0663368, 1, 

12,32,0.001, 0.00417689, 0.0110509, 0.0390873, 0.0460126, 0.171676, 0.223503, 1, 

13,26,0.001, 0.00563984, 0.0110509, 0.0390873, 0.0460126, 0.111185, 0.134715, 0.411498, 1, 

Generation #40
19,21,0.001, 0.00417689, 0.0110509, 0.0390873, 0.0460126, 0.100799, 0.164494, 0.161136, 0.234665, 0.262227, 0.710195, 0.749947, 0.797852, 0.857405, 1, 

11,100,0.001, 0.00417689, 0.0218816, 0.0436327, 0.0663368, 1, 

12,32,0.001, 0.00417689, 0.0110509, 0.0390873, 0.0460126, 0.171676, 0.223503, 1, 

13,26,0.001, 0.00563984, 0.0110509, 0.0390873, 0.0460126, 0.111185, 0.134715, 0.411498, 1, 

Generation #41
19,21,0.001, 0.00417689, 0.0110509, 0.0390873, 0.0460126, 0.100799, 0.164494, 0.161136, 0.234665, 0.262227, 0.710195, 0.749947, 0.797852, 0.857405, 1, 

11,100,0.001, 0.00417689, 0.0218816, 0.0436327, 0.0663368, 1, 

12,32,0.001, 0.00417689, 0.0110509, 0.0390873, 0.0460126, 0.171676, 0.223503, 1, 

13,26,0.001, 0.00563984, 0.0110509, 0.0390873, 0.0460126, 0.111185, 0.134715, 0.411498, 1, 

Generation #42
19,21,0.001, 0.00417689, 0.0110509, 0.0390873, 0.0460126, 0.100799, 0.164494, 0.161136, 0.234665, 0.262227, 0.710195, 0.749947, 0.797852, 0.857405, 1, 

11,100,0.001, 0.00417689, 0.0218816, 0.0436327, 0.0663368, 1, 

12,32,0.001, 0.00417689, 0.0110509, 0.0390873, 0.0460126, 0.171676, 0.223503, 1, 

13,26,0.001, 0.00563984, 0.0110509, 0.0390873, 0.0460126, 0.111185, 0.134715, 0.411498, 1, 

Generation #43
19,21,0.001, 0.00417689, 0.0110509, 0.0390873, 0.0460126, 0.100799, 0.164494, 0.161136, 0.234665, 0.262227, 0.710195, 0.749947, 0.797852, 0.857405, 1, 

11,100,0.001, 0.00417689, 0.0218816, 0.0436327, 0.0663368, 1, 

12,32,0.001, 0.00417689, 0.0110509, 0.0390873, 0.0460126, 0.171676, 0.223503, 1, 

13,26,0.001, 0.00563984, 0.0110509, 0.0390873, 0.0460126, 0.111185, 0.134715, 0.411498, 1, 

Generation #44
19,21,0.001, 0.00417689, 0.0110509, 0.0390873, 0.0460126, 0.100799, 0.164494, 0.161136, 0.234665, 0.262227, 0.710195, 0.749947, 0.797852, 0.857405, 1, 

11,100,0.001, 0.00417689, 0.0218816, 0.0436327, 0.0663368, 1, 

12,32,0.001, 0.00417689, 0.0110509, 0.0390873, 0.0460126, 0.171676, 0.223503, 1, 

13,26,0.001, 0.00563984, 0.0110509, 0.0390873, 0.0460126, 0.111185, 0.134715, 0.411498, 1, 

Generation #45
19,21,0.001, 0.00417689, 0.0110509, 0.0390873, 0.0460126, 0.100799, 0.164494, 0.161136, 0.234665, 0.262227, 0.710195, 0.749947, 0.797852, 0.857405, 1, 

11,100,0.001, 0.00417689, 0.0218816, 0.0436327, 0.0663368, 1, 

13,26,0.001, 0.00563984, 0.0110509, 0.0390873, 0.0460126, 0.111185, 0.134715, 0.411498, 1, 

12,29,0.001, 0.00417689, 0.0110509, 0.0390873, 0.0460126, 0.100799, 0.134715, 1, 

Generation #46
19,21,0.001, 0.00417689, 0.0110509, 0.0390873, 0.0460126, 0.100799, 0.164494, 0.161136, 0.234665, 0.262227, 0.710195, 0.749947, 0.797852, 0.857405, 1, 

11,100,0.001, 0.00417689, 0.0218816, 0.0436327, 0.0663368, 1, 

13,26,0.001, 0.00563984, 0.0110509, 0.0390873, 0.0460126, 0.111185, 0.134715, 0.411498, 1, 

12,29,0.001, 0.00417689, 0.0110509, 0.0390873, 0.0460126, 0.100799, 0.134715, 1, 

16,24,0.001, 0.00417689, 0.0110509, 0.0390873, 0.0460126, 0.100799, 0.111185, 0.0116098, 0.559577, 0.375988, 1, 

Generation #47
19,21,0.001, 0.00417689, 0.0110509, 0.0390873, 0.0460126, 0.100799, 0.164494, 0.161136, 0.234665, 0.262227, 0.710195, 0.749947, 0.797852, 0.857405, 1, 

11,100,0.001, 0.00417689, 0.0218816, 0.0436327, 0.0663368, 1, 

13,26,0.001, 0.00563984, 0.0110509, 0.0390873, 0.0460126, 0.111185, 0.134715, 0.411498, 1, 

12,29,0.001, 0.00417689, 0.0110509, 0.0390873, 0.0460126, 0.100799, 0.134715, 1, 

16,24,0.001, 0.00417689, 0.0110509, 0.0390873, 0.0460126, 0.100799, 0.111185, 0.0116098, 0.559577, 0.375988, 1, 

Generation #48
19,21,0.001, 0.00417689, 0.0110509, 0.0390873, 0.0460126, 0.100799, 0.164494, 0.161136, 0.234665, 0.262227, 0.710195, 0.749947, 0.797852, 0.857405, 1, 

11,100,0.001, 0.00417689, 0.0218816, 0.0436327, 0.0663368, 1, 

13,26,0.001, 0.00563984, 0.0110509, 0.0390873, 0.0460126, 0.111185, 0.134715, 0.411498, 1, 

12,29,0.001, 0.00417689, 0.0110509, 0.0390873, 0.0460126, 0.100799, 0.134715, 1, 

16,24,0.001, 0.00417689, 0.0110509, 0.0390873, 0.0460126, 0.100799, 0.111185, 0.0116098, 0.559577, 0.375988, 1, 

Generation #49
19,21,0.001, 0.00417689, 0.0110509, 0.0390873, 0.0460126, 0.100799, 0.164494, 0.161136, 0.234665, 0.262227, 0.710195, 0.749947, 0.797852, 0.857405, 1, 

11,100,0.001, 0.00417689, 0.0218816, 0.0436327, 0.0663368, 1, 

13,26,0.001, 0.00563984, 0.0110509, 0.0390873, 0.0460126, 0.111185, 0.134715, 0.411498, 1, 

12,29,0.001, 0.00417689, 0.0110509, 0.0390873, 0.0460126, 0.100799, 0.134715, 1, 

16,24,0.001, 0.00417689, 0.0110509, 0.0390873, 0.0460126, 0.100799, 0.111185, 0.0116098, 0.559577, 0.375988, 1, 

--- Pareto Front Solutions ---
Solution 0: N total=31 (N_initial=12, N_added=19), Time total=24 ms, Saved to: ./results/2^30_t2_l1_pareto_0.csv, percents=0.001, 0.00417689, 0.0110509, 0.0390873, 0.0460126, 0.100799, 0.164494, 0.161136, 0.234665, 0.262227, 0.710195, 0.749947, 0.797852, 0.857405, 1, 

Solution 1: N total=23 (N_initial=12, N_added=11), Time total=103 ms, Saved to: ./results/2^30_t2_l1_pareto_1.csv, percents=0.001, 0.00417689, 0.0218816, 0.0436327, 0.0663368, 1, 

Solution 2: N total=25 (N_initial=12, N_added=13), Time total=29 ms, Saved to: ./results/2^30_t2_l1_pareto_2.csv, percents=0.001, 0.00563984, 0.0110509, 0.0390873, 0.0460126, 0.111185, 0.134715, 0.411498, 1, 

Solution 3: N total=24 (N_initial=12, N_added=12), Time total=32 ms, Saved to: ./results/2^30_t2_l1_pareto_3.csv, percents=0.001, 0.00417689, 0.0110509, 0.0390873, 0.0460126, 0.100799, 0.134715, 1, 

Solution 4: N total=28 (N_initial=12, N_added=16), Time total=27 ms, Saved to: ./results/2^30_t2_l1_pareto_4.csv, percents=0.001, 0.00417689, 0.0110509, 0.0390873, 0.0460126, 0.100799, 0.111185, 0.0116098, 0.559577, 0.375988, 1, 

------------d=1, t=2, lambda=2, filename=./evaluation/2^30-t2_l2.csv------------
Grouping d-sets by partitioned row counts for detecting arrays...
Ready to look at pairs for detecting arrays...
First Stage N=18, Time=4
There are 10537 remaining non-locating pairs
--- Running GA Algorithm (phase2) ---
Running GA with std::execution::seq
Generation #0
32,97,0.001, 0.0218338, 0.025117, 0.0616887, 0.0784278, 0.106759, 0.148902, 0.204703, 0.225006, 0.293081, 0.295946, 0.347158, 0.426473, 0.451646, 0.460694, 0.496971, 0.633705, 0.649203, 0.656383, 0.709416, 0.74921, 0.809783, 0.828934, 0.833097, 0.976013, 1, 

25,170,0.001, 0.0276492, 0.0397485, 0.0632097, 0.288378, 0.314326, 0.327197, 0.4488, 0.487948, 0.545473, 0.634107, 0.645102, 0.746258, 0.76256, 0.815945, 0.887145, 0.90799, 1, 

28,143,0.001, 0.017295, 0.0465594, 0.0530804, 0.0901332, 0.129973, 0.290646, 0.387545, 0.470815, 0.506999, 0.528508, 0.532983, 0.584146, 0.593805, 0.650118, 0.655509, 0.838765, 0.916639, 0.966582, 1, 

21,377,0.001, 0.0568312, 0.179553, 0.226746, 0.312754, 0.333084, 0.402976, 0.413251, 0.738906, 0.987554, 0.988903, 1, 

30,100,0.001, 0.00939848, 0.034637, 0.0583643, 0.142073, 0.145819, 0.165018, 0.165514, 0.206803, 0.207501, 0.209195, 0.209794, 0.212649, 0.37323, 0.578019, 0.593378, 0.611664, 0.623519, 0.784027, 0.83071, 0.844498, 0.891025, 1, 

24,239,0.001, 0.0505079, 0.0655461, 0.109621, 0.147536, 0.236495, 0.362652, 0.42532, 0.485698, 0.508592, 0.553225, 0.593674, 0.813502, 0.872597, 0.878757, 1, 

19,469,0.001, 0.0927644, 0.251695, 0.265196, 0.281972, 0.316618, 0.371952, 0.663458, 0.750973, 0.770862, 0.823593, 1, 

Generation #1
18,260,0.001, 0.0386744, 0.066757, 0.179629, 0.220466, 0.35712, 0.362964, 0.567546, 0.577656, 0.951142, 1, 

26,93,0.001, 0.0080874, 0.042109, 0.0841257, 0.099037, 0.130923, 0.134875, 0.17416, 0.379729, 0.413294, 0.446511, 0.505921, 0.522775, 0.867085, 0.867563, 0.906447, 0.923415, 1, 

19,103,0.001, 0.017295, 0.0465594, 0.0530804, 0.281972, 0.316618, 0.663458, 0.750973, 0.770862, 0.823593, 1, 

Generation #2
26,93,0.001, 0.0080874, 0.042109, 0.0841257, 0.099037, 0.130923, 0.134875, 0.17416, 0.379729, 0.413294, 0.446511, 0.505921, 0.522775, 0.867085, 0.867563, 0.906447, 0.923415, 1, 

19,103,0.001, 0.017295, 0.0465594, 0.0530804, 0.281972, 0.316618, 0.663458, 0.750973, 0.770862, 0.823593, 1, 

18,106,0.001, 0.00939848, 0.034637, 0.0583643, 0.142073, 0.145819, 0.165018, 0.165514, 0.206803, 0.823593, 1, 

28,91,0.001, 0.00939848, 0.034637, 0.0738552, 0.146341, 0.158281, 0.160353, 0.236452, 0.244249, 0.369919, 0.374261, 0.418755, 0.466498, 0.493127, 0.511306, 0.642738, 0.664348, 0.67295, 0.901573, 0.975411, 1, 

37,86,0.001, 0.00939848, 0.034637, 0.0583643, 0.142073, 0.145819, 0.165018, 0.165514, 0.994965, 0.207501, 0.209195, 0.209794, 0.356373, 0.368522, 0.434777, 0.458439, 0.468547, 0.491545, 0.498341, 0.574871, 0.603748, 0.624316, 0.656128, 0.663913, 0.773847, 0.779119, 0.786482, 0.909364, 0.977611, 1, 

Generation #3
26,93,0.001, 0.0080874, 0.042109, 0.0841257, 0.099037, 0.130923, 0.134875, 0.17416, 0.379729, 0.413294, 0.446511, 0.505921, 0.522775, 0.867085, 0.867563, 0.906447, 0.923415, 1, 

19,103,0.001, 0.017295, 0.0465594, 0.0530804, 0.281972, 0.316618, 0.663458, 0.750973, 0.770862, 0.823593, 1, 

18,106,0.001, 0.00939848, 0.034637, 0.0583643, 0.142073, 0.145819, 0.165018, 0.165514, 0.206803, 0.823593, 1, 

28,91,0.001, 0.00939848, 0.034637, 0.0738552, 0.146341, 0.158281, 0.160353, 0.236452, 0.244249, 0.369919, 0.374261, 0.418755, 0.466498, 0.493127, 0.511306, 0.642738, 0.664348, 0.67295, 0.901573, 0.975411, 1, 

37,86,0.001, 0.00939848, 0.034637, 0.0583643, 0.142073, 0.145819, 0.165018, 0.165514, 0.994965, 0.207501, 0.209195, 0.209794, 0.356373, 0.368522, 0.434777, 0.458439, 0.468547, 0.491545, 0.498341, 0.574871, 0.603748, 0.624316, 0.656128, 0.663913, 0.773847, 0.779119, 0.786482, 0.909364, 0.977611, 1, 

20,96,0.001, 0.00939848, 0.034637, 0.0738552, 0.146341, 0.158281, 0.160353, 0.236452, 0.244249, 0.369919, 0.283101, 1, 

Generation #4
26,93,0.001, 0.0080874, 0.042109, 0.0841257, 0.099037, 0.130923, 0.134875, 0.17416, 0.379729, 0.413294, 0.446511, 0.505921, 0.522775, 0.867085, 0.867563, 0.906447, 0.923415, 1, 

28,91,0.001, 0.00939848, 0.034637, 0.0738552, 0.146341, 0.158281, 0.160353, 0.236452, 0.244249, 0.369919, 0.374261, 0.418755, 0.466498, 0.493127, 0.511306, 0.642738, 0.664348, 0.67295, 0.901573, 0.975411, 1, 

37,84,0.001, 0.00939848, 0.034637, 0.0530804, 0.0901332, 0.129973, 0.290646, 0.387545, 0.470815, 0.506999, 0.528508, 0.532983, 0.584146, 0.593805, 0.650118, 0.655509, 0.838765, 0.598809, 0.626574, 0.744872, 0.77512, 0.786126, 0.823535, 0.832883, 0.907253, 0.94462, 0.966589, 1, 

20,95,0.001, 0.0137568, 0.065506, 0.139288, 0.219253, 0.255366, 0.281569, 0.291281, 0.738906, 0.987554, 0.988903, 1, 

17,100,0.001, 0.00939848, 0.034637, 0.0583643, 0.142073, 0.145819, 0.165018, 0.165514, 0.823593, 1, 

Generation #5
17,100,0.001, 0.00939848, 0.034637, 0.0583643, 0.142073, 0.145819, 0.165018, 0.165514, 0.823593, 1, 

18,90,0.001, 0.00939848, 0.025117, 0.0616887, 0.0784278, 0.130923, 0.134875, 0.17416, 0.379729, 0.669791, 0.685519, 1, 

34,69,0.001, 0.00939848, 0.025117, 0.0616887, 0.0784278, 0.106759, 0.148902, 0.204703, 0.225006, 0.293081, 0.295946, 0.347158, 0.426473, 0.451646, 0.460694, 0.496971, 0.633705, 0.649203, 0.656383, 0.709416, 0.556385, 0.74921, 0.809783, 0.828934, 0.833097, 0.976013, 1, 

26,79,0.001, 0.0080874, 0.042109, 0.0841257, 0.099037, 0.130923, 0.134875, 0.17416, 0.379729, 0.413294, 0.446511, 0.611678, 0.70074, 0.81306, 0.367849, 0.88932, 0.945826, 0.976936, 1, 

Generation #6
34,69,0.001, 0.00939848, 0.025117, 0.0616887, 0.0784278, 0.106759, 0.148902, 0.204703, 0.225006, 0.293081, 0.295946, 0.347158, 0.426473, 0.451646, 0.460694, 0.496971, 0.633705, 0.649203, 0.656383, 0.709416, 0.556385, 0.74921, 0.809783, 0.828934, 0.833097, 0.976013, 1, 

17,99,0.001, 0.00939848, 0.025117, 0.0616887, 0.142073, 0.145819, 0.165018, 0.165514, 0.823593, 1, 

18,82,0.001, 0.00939848, 0.034637, 0.0583643, 0.142073, 0.145819, 0.26551, 0.204703, 0.225006, 0.467862, 1, 

24,70,0.001, 0.00939848, 0.034637, 0.0738552, 0.146341, 0.158281, 0.160353, 0.236452, 0.244249, 0.410467, 0.445962, 0.532983, 0.584146, 0.593805, 0.650118, 0.655509, 0.838765, 1, 

Generation #7
25,58,0.001, 0.00939848, 0.025117, 0.0616887, 0.0784278, 0.130923, 0.134875, 0.520694, 0.17416, 0.309121, 0.31058, 0.33228, 0.438267, 0.375346, 0.421726, 0.428307, 0.945826, 0.976936, 1, 

18,79,0.001, 0.00939848, 0.025117, 0.0616887, 0.0784278, 0.130923, 0.134875, 0.17416, 0.379729, 1, 

16,92,0.001, 0.00939848, 0.034637, 0.0841257, 0.099037, 0.130923, 0.134875, 0.651247, 0.17416, 0.379729, 1, 

23,69,0.001, 0.00939848, 0.025117, 0.0616887, 0.0784278, 0.106759, 0.148902, 0.42532, 0.485698, 0.508592, 0.553225, 0.593674, 0.813502, 0.872597, 0.878757, 1, 

Generation #8
25,58,0.001, 0.00939848, 0.025117, 0.0616887, 0.0784278, 0.130923, 0.134875, 0.520694, 0.17416, 0.309121, 0.31058, 0.33228, 0.438267, 0.375346, 0.421726, 0.428307, 0.945826, 0.976936, 1, 

16,92,0.001, 0.00939848, 0.034637, 0.0841257, 0.099037, 0.130923, 0.134875, 0.651247, 0.17416, 0.379729, 1, 

23,69,0.001, 0.00939848, 0.025117, 0.0616887, 0.0784278, 0.106759, 0.148902, 0.42532, 0.485698, 0.508592, 0.553225, 0.593674, 0.813502, 0.872597, 0.878757, 1, 

18,71,0.001, 0.00939848, 0.025117, 0.0616887, 0.0784278, 0.130923, 0.134875, 0.17416, 0.379729, 0.823593, 1, 

Generation #9
25,58,0.001, 0.00939848, 0.025117, 0.0616887, 0.0784278, 0.130923, 0.134875, 0.520694, 0.17416, 0.309121, 0.31058, 0.33228, 0.438267, 0.375346, 0.421726, 0.428307, 0.945826, 0.976936, 1, 

16,92,0.001, 0.00939848, 0.034637, 0.0841257, 0.099037, 0.130923, 0.134875, 0.651247, 0.17416, 0.379729, 1, 

23,69,0.001, 0.00939848, 0.025117, 0.0616887, 0.0784278, 0.106759, 0.148902, 0.42532, 0.485698, 0.508592, 0.553225, 0.593674, 0.813502, 0.872597, 0.878757, 1, 

18,71,0.001, 0.00939848, 0.025117, 0.0616887, 0.0784278, 0.130923, 0.134875, 0.17416, 0.379729, 0.823593, 1, 

17,74,0.001, 0.00939848, 0.025117, 0.0616887, 0.0784278, 0.130923, 0.134875, 0.236452, 0.244249, 0.467862, 1, 

Generation #10
25,58,0.001, 0.00939848, 0.025117, 0.0616887, 0.0784278, 0.130923, 0.134875, 0.520694, 0.17416, 0.309121, 0.31058, 0.33228, 0.438267, 0.375346, 0.421726, 0.428307, 0.945826, 0.976936, 1, 

16,92,0.001, 0.00939848, 0.034637, 0.0841257, 0.099037, 0.130923, 0.134875, 0.651247, 0.17416, 0.379729, 1, 

18,69,0.001, 0.00939848, 0.025117, 0.0583643, 0.142073, 0.145819, 0.165018, 0.277095, 0.754214, 0.757266, 1, 

17,70,0.001, 0.00939848, 0.025117, 0.0616887, 0.0784278, 0.130923, 0.134875, 0.520694, 0.823593, 1, 

Generation #11
25,58,0.001, 0.00939848, 0.025117, 0.0616887, 0.0784278, 0.130923, 0.134875, 0.520694, 0.17416, 0.309121, 0.31058, 0.33228, 0.438267, 0.375346, 0.421726, 0.428307, 0.945826, 0.976936, 1, 

17,68,0.001, 0.00939848, 0.025117, 0.0583643, 0.0784278, 0.106759, 0.148902, 0.204703, 0.225006, 1, 

16,87,0.001, 0.00939848, 0.025117, 0.0616887, 0.142073, 0.145819, 0.165018, 0.165514, 1, 

Generation #12
25,58,0.001, 0.00939848, 0.025117, 0.0616887, 0.0784278, 0.130923, 0.134875, 0.520694, 0.17416, 0.309121, 0.31058, 0.33228, 0.438267, 0.375346, 0.421726, 0.428307, 0.945826, 0.976936, 1, 

17,68,0.001, 0.00939848, 0.025117, 0.0583643, 0.0784278, 0.106759, 0.148902, 0.204703, 0.225006, 1, 

18,66,0.001, 0.00939848, 0.025117, 0.0616887, 0.0784278, 0.106759, 0.148902, 0.204703, 0.225006, 0.467862, 1, 

15,87,0.001, 0.00939848, 0.025117, 0.0616887, 0.0784278, 0.106759, 0.148902, 0.42532, 1, 

Generation #13
25,58,0.001, 0.00939848, 0.025117, 0.0616887, 0.0784278, 0.130923, 0.134875, 0.520694, 0.17416, 0.309121, 0.31058, 0.33228, 0.438267, 0.375346, 0.421726, 0.428307, 0.945826, 0.976936, 1, 

15,87,0.001, 0.00939848, 0.025117, 0.0616887, 0.0784278, 0.106759, 0.148902, 0.42532, 1, 

16,66,0.001, 0.00939848, 0.025117, 0.0616887, 0.0784278, 0.130923, 0.134875, 0.520694, 0.823593, 1, 

Generation #14
25,58,0.001, 0.00939848, 0.025117, 0.0616887, 0.0784278, 0.130923, 0.134875, 0.520694, 0.17416, 0.309121, 0.31058, 0.33228, 0.438267, 0.375346, 0.421726, 0.428307, 0.945826, 0.976936, 1, 

16,66,0.001, 0.00939848, 0.025117, 0.0616887, 0.0784278, 0.130923, 0.134875, 0.520694, 0.823593, 1, 

14,82,0.001, 0.00939848, 0.025117, 0.0616887, 0.0784278, 0.130923, 0.134875, 0.520694, 1, 

22,60,0.001, 0.00939848, 0.025117, 0.0616887, 0.0784278, 0.106759, 0.148902, 0.204703, 0.225006, 0.293081, 0.295946, 0.347158, 0.426473, 0.872597, 0.878757, 1, 

Generation #15
16,66,0.001, 0.00939848, 0.025117, 0.0616887, 0.0784278, 0.130923, 0.134875, 0.520694, 0.823593, 1, 

14,82,0.001, 0.00939848, 0.025117, 0.0616887, 0.0784278, 0.130923, 0.134875, 0.520694, 1, 

17,55,0.001, 0.00939848, 0.025117, 0.025117, 0.0616887, 0.0784278, 0.130923, 0.165018, 0.165514, 0.823593, 1, 

15,78,0.001, 0.00939848, 0.025117, 0.0616887, 0.0784278, 0.106759, 0.148902, 0.204703, 1, 

Generation #16
16,66,0.001, 0.00939848, 0.025117, 0.0616887, 0.0784278, 0.130923, 0.134875, 0.520694, 0.823593, 1, 

14,82,0.001, 0.00939848, 0.025117, 0.0616887, 0.0784278, 0.130923, 0.134875, 0.520694, 1, 

17,55,0.001, 0.00939848, 0.025117, 0.025117, 0.0616887, 0.0784278, 0.130923, 0.165018, 0.165514, 0.823593, 1, 

15,70,0.001, 0.00939848, 0.025117, 0.0616887, 0.0784278, 0.106759, 0.148902, 0.823593, 1, 

Generation #17
16,66,0.001, 0.00939848, 0.025117, 0.0616887, 0.0784278, 0.130923, 0.134875, 0.520694, 0.823593, 1, 

14,82,0.001, 0.00939848, 0.025117, 0.0616887, 0.0784278, 0.130923, 0.134875, 0.520694, 1, 

17,55,0.001, 0.00939848, 0.025117, 0.025117, 0.0616887, 0.0784278, 0.130923, 0.165018, 0.165514, 0.823593, 1, 

15,70,0.001, 0.00939848, 0.025117, 0.0616887, 0.0784278, 0.106759, 0.148902, 0.823593, 1, 

Generation #18
16,66,0.001, 0.00939848, 0.025117, 0.0616887, 0.0784278, 0.130923, 0.134875, 0.520694, 0.823593, 1, 

14,82,0.001, 0.00939848, 0.025117, 0.0616887, 0.0784278, 0.130923, 0.134875, 0.520694, 1, 

17,55,0.001, 0.00939848, 0.025117, 0.025117, 0.0616887, 0.0784278, 0.130923, 0.165018, 0.165514, 0.823593, 1, 

15,70,0.001, 0.00939848, 0.025117, 0.0616887, 0.0784278, 0.106759, 0.148902, 0.823593, 1, 

Generation #19
14,82,0.001, 0.00939848, 0.025117, 0.0616887, 0.0784278, 0.130923, 0.134875, 0.520694, 1, 

17,55,0.001, 0.00939848, 0.025117, 0.025117, 0.0616887, 0.0784278, 0.130923, 0.165018, 0.165514, 0.823593, 1, 

15,70,0.001, 0.00939848, 0.025117, 0.0616887, 0.0784278, 0.106759, 0.148902, 0.823593, 1, 

16,62,0.001, 0.00939848, 0.025117, 0.0616887, 0.0784278, 0.130923, 0.134875, 0.520694, 1, 

Generation #20
14,82,0.001, 0.00939848, 0.025117, 0.0616887, 0.0784278, 0.130923, 0.134875, 0.520694, 1, 

17,55,0.001, 0.00939848, 0.025117, 0.025117, 0.0616887, 0.0784278, 0.130923, 0.165018, 0.165514, 0.823593, 1, 

15,70,0.001, 0.00939848, 0.025117, 0.0616887, 0.0784278, 0.106759, 0.148902, 0.823593, 1, 

16,62,0.001, 0.00939848, 0.025117, 0.0616887, 0.0784278, 0.130923, 0.134875, 0.520694, 1, 

Generation #21
14,82,0.001, 0.00939848, 0.025117, 0.0616887, 0.0784278, 0.130923, 0.134875, 0.520694, 1, 

17,55,0.001, 0.00939848, 0.025117, 0.025117, 0.0616887, 0.0784278, 0.130923, 0.165018, 0.165514, 0.823593, 1, 

15,57,0.001, 0.00939848, 0.025117, 0.0616887, 0.0784278, 0.106759, 0.148902, 0.204703, 1, 

Generation #22
14,82,0.001, 0.00939848, 0.025117, 0.0616887, 0.0784278, 0.130923, 0.134875, 0.520694, 1, 

17,55,0.001, 0.00939848, 0.025117, 0.025117, 0.0616887, 0.0784278, 0.130923, 0.165018, 0.165514, 0.823593, 1, 

15,57,0.001, 0.00939848, 0.025117, 0.0616887, 0.0784278, 0.106759, 0.148902, 0.204703, 1, 

Generation #23
14,82,0.001, 0.00939848, 0.025117, 0.0616887, 0.0784278, 0.130923, 0.134875, 0.520694, 1, 

17,55,0.001, 0.00939848, 0.025117, 0.025117, 0.0616887, 0.0784278, 0.130923, 0.165018, 0.165514, 0.823593, 1, 

15,57,0.001, 0.00939848, 0.025117, 0.0616887, 0.0784278, 0.106759, 0.148902, 0.204703, 1, 

Generation #24
14,82,0.001, 0.00939848, 0.025117, 0.0616887, 0.0784278, 0.130923, 0.134875, 0.520694, 1, 

17,55,0.001, 0.00939848, 0.025117, 0.025117, 0.0616887, 0.0784278, 0.130923, 0.165018, 0.165514, 0.823593, 1, 

15,57,0.001, 0.00939848, 0.025117, 0.0616887, 0.0784278, 0.106759, 0.148902, 0.204703, 1, 

Generation #25
14,82,0.001, 0.00939848, 0.025117, 0.0616887, 0.0784278, 0.130923, 0.134875, 0.520694, 1, 

17,55,0.001, 0.00939848, 0.025117, 0.025117, 0.0616887, 0.0784278, 0.130923, 0.165018, 0.165514, 0.823593, 1, 

15,57,0.001, 0.00939848, 0.025117, 0.0616887, 0.0784278, 0.106759, 0.148902, 0.204703, 1, 

Generation #26
14,82,0.001, 0.00939848, 0.025117, 0.0616887, 0.0784278, 0.130923, 0.134875, 0.520694, 1, 

15,57,0.001, 0.00939848, 0.025117, 0.0616887, 0.0784278, 0.106759, 0.148902, 0.204703, 1, 

16,55,0.001, 0.00939848, 0.025117, 0.0616887, 0.0784278, 0.145819, 0.165018, 0.165514, 1, 

Generation #27
14,82,0.001, 0.00939848, 0.025117, 0.0616887, 0.0784278, 0.130923, 0.134875, 0.520694, 1, 

15,57,0.001, 0.00939848, 0.025117, 0.0616887, 0.0784278, 0.106759, 0.148902, 0.204703, 1, 

16,55,0.001, 0.00939848, 0.025117, 0.0616887, 0.0784278, 0.145819, 0.165018, 0.165514, 1, 

Generation #28
14,82,0.001, 0.00939848, 0.025117, 0.0616887, 0.0784278, 0.130923, 0.134875, 0.520694, 1, 

15,57,0.001, 0.00939848, 0.025117, 0.0616887, 0.0784278, 0.106759, 0.148902, 0.204703, 1, 

16,55,0.001, 0.00939848, 0.025117, 0.0616887, 0.0784278, 0.145819, 0.165018, 0.165514, 1, 

Generation #29
14,82,0.001, 0.00939848, 0.025117, 0.0616887, 0.0784278, 0.130923, 0.134875, 0.520694, 1, 

15,57,0.001, 0.00939848, 0.025117, 0.0616887, 0.0784278, 0.106759, 0.148902, 0.204703, 1, 

16,55,0.001, 0.00939848, 0.025117, 0.0616887, 0.0784278, 0.145819, 0.165018, 0.165514, 1, 

Generation #30
14,82,0.001, 0.00939848, 0.025117, 0.0616887, 0.0784278, 0.130923, 0.134875, 0.520694, 1, 

15,53,0.001, 0.00939848, 0.025117, 0.0616887, 0.0784278, 0.106759, 0.148902, 0.204703, 1, 

Generation #31
14,82,0.001, 0.00939848, 0.025117, 0.0616887, 0.0784278, 0.130923, 0.134875, 0.520694, 1, 

15,53,0.001, 0.00939848, 0.025117, 0.0616887, 0.0784278, 0.106759, 0.148902, 0.204703, 1, 

Generation #32
14,82,0.001, 0.00939848, 0.025117, 0.0616887, 0.0784278, 0.130923, 0.134875, 0.520694, 1, 

15,53,0.001, 0.00939848, 0.025117, 0.0616887, 0.0784278, 0.106759, 0.148902, 0.204703, 1, 

Generation #33
14,82,0.001, 0.00939848, 0.025117, 0.0616887, 0.0784278, 0.130923, 0.134875, 0.520694, 1, 

15,53,0.001, 0.00939848, 0.025117, 0.0616887, 0.0784278, 0.106759, 0.148902, 0.204703, 1, 

Generation #34
14,82,0.001, 0.00939848, 0.025117, 0.0616887, 0.0784278, 0.130923, 0.134875, 0.520694, 1, 

15,53,0.001, 0.00939848, 0.025117, 0.0616887, 0.0784278, 0.106759, 0.148902, 0.204703, 1, 

Generation #35
14,82,0.001, 0.00939848, 0.025117, 0.0616887, 0.0784278, 0.130923, 0.134875, 0.520694, 1, 

15,53,0.001, 0.00939848, 0.025117, 0.0616887, 0.0784278, 0.106759, 0.148902, 0.204703, 1, 

Generation #36
14,82,0.001, 0.00939848, 0.025117, 0.0616887, 0.0784278, 0.130923, 0.134875, 0.520694, 1, 

15,53,0.001, 0.00939848, 0.025117, 0.0616887, 0.0784278, 0.106759, 0.148902, 0.204703, 1, 

Generation #37
14,82,0.001, 0.00939848, 0.025117, 0.0616887, 0.0784278, 0.130923, 0.134875, 0.520694, 1, 

15,53,0.001, 0.00939848, 0.025117, 0.0616887, 0.0784278, 0.106759, 0.148902, 0.204703, 1, 

Generation #38
14,82,0.001, 0.00939848, 0.025117, 0.0616887, 0.0784278, 0.130923, 0.134875, 0.520694, 1, 

15,53,0.001, 0.00939848, 0.025117, 0.0616887, 0.0784278, 0.106759, 0.148902, 0.204703, 1, 

Generation #39
14,82,0.001, 0.00939848, 0.025117, 0.0616887, 0.0784278, 0.130923, 0.134875, 0.520694, 1, 

15,53,0.001, 0.00939848, 0.025117, 0.0616887, 0.0784278, 0.106759, 0.148902, 0.204703, 1, 

13,91,0.001, 0.00939848, 0.025117, 0.0616887, 0.0784278, 0.165514, 1, 

Generation #40
15,53,0.001, 0.00939848, 0.025117, 0.0616887, 0.0784278, 0.106759, 0.148902, 0.204703, 1, 

13,91,0.001, 0.00939848, 0.025117, 0.0616887, 0.0784278, 0.165514, 1, 

14,76,0.001, 0.00939848, 0.025117, 0.0616887, 0.148902, 0.165514, 1, 

Generation #41
15,53,0.001, 0.00939848, 0.025117, 0.0616887, 0.0784278, 0.106759, 0.148902, 0.204703, 1, 

13,91,0.001, 0.00939848, 0.025117, 0.0616887, 0.0784278, 0.165514, 1, 

14,76,0.001, 0.00939848, 0.025117, 0.0616887, 0.148902, 0.165514, 1, 

Generation #42
15,53,0.001, 0.00939848, 0.025117, 0.0616887, 0.0784278, 0.106759, 0.148902, 0.204703, 1, 

13,91,0.001, 0.00939848, 0.025117, 0.0616887, 0.0784278, 0.165514, 1, 

14,76,0.001, 0.00939848, 0.025117, 0.0616887, 0.148902, 0.165514, 1, 

Generation #43
15,53,0.001, 0.00939848, 0.025117, 0.0616887, 0.0784278, 0.106759, 0.148902, 0.204703, 1, 

13,91,0.001, 0.00939848, 0.025117, 0.0616887, 0.0784278, 0.165514, 1, 

14,76,0.001, 0.00939848, 0.025117, 0.0616887, 0.148902, 0.165514, 1, 

Generation #44
15,53,0.001, 0.00939848, 0.025117, 0.0616887, 0.0784278, 0.106759, 0.148902, 0.204703, 1, 

13,91,0.001, 0.00939848, 0.025117, 0.0616887, 0.0784278, 0.165514, 1, 

14,76,0.001, 0.00939848, 0.025117, 0.0616887, 0.148902, 0.165514, 1, 

Generation #45
15,53,0.001, 0.00939848, 0.025117, 0.0616887, 0.0784278, 0.106759, 0.148902, 0.204703, 1, 

13,91,0.001, 0.00939848, 0.025117, 0.0616887, 0.0784278, 0.165514, 1, 

14,76,0.001, 0.00939848, 0.025117, 0.0616887, 0.148902, 0.165514, 1, 

Generation #46
15,53,0.001, 0.00939848, 0.025117, 0.0616887, 0.0784278, 0.106759, 0.148902, 0.204703, 1, 

13,91,0.001, 0.00939848, 0.025117, 0.0616887, 0.0784278, 0.165514, 1, 

14,66,0.001, 0.00939848, 0.025117, 0.0616887, 0.0784278, 0.130923, 0.148902, 1, 

Generation #47
15,53,0.001, 0.00939848, 0.025117, 0.0616887, 0.0784278, 0.106759, 0.148902, 0.204703, 1, 

13,91,0.001, 0.00939848, 0.025117, 0.0616887, 0.0784278, 0.165514, 1, 

14,66,0.001, 0.00939848, 0.025117, 0.0616887, 0.0784278, 0.130923, 0.148902, 1, 

Generation #48
15,53,0.001, 0.00939848, 0.025117, 0.0616887, 0.0784278, 0.106759, 0.148902, 0.204703, 1, 

13,91,0.001, 0.00939848, 0.025117, 0.0616887, 0.0784278, 0.165514, 1, 

14,66,0.001, 0.00939848, 0.025117, 0.0616887, 0.0784278, 0.130923, 0.148902, 1, 

Generation #49
15,53,0.001, 0.00939848, 0.025117, 0.0616887, 0.0784278, 0.106759, 0.148902, 0.204703, 1, 

13,91,0.001, 0.00939848, 0.025117, 0.0616887, 0.0784278, 0.165514, 1, 

14,66,0.001, 0.00939848, 0.025117, 0.0616887, 0.0784278, 0.130923, 0.148902, 1, 

--- Pareto Front Solutions ---
Solution 0: N total=33 (N_initial=18, N_added=15), Time total=57 ms, Saved to: ./results/2^30_t2_l2_pareto_0.csv, percents=0.001, 0.00939848, 0.025117, 0.0616887, 0.0784278, 0.106759, 0.148902, 0.204703, 1, 

Solution 1: N total=31 (N_initial=18, N_added=13), Time total=95 ms, Saved to: ./results/2^30_t2_l2_pareto_1.csv, percents=0.001, 0.00939848, 0.025117, 0.0616887, 0.0784278, 0.165514, 1, 

Solution 2: N total=32 (N_initial=18, N_added=14), Time total=70 ms, Saved to: ./results/2^30_t2_l2_pareto_2.csv, percents=0.001, 0.00939848, 0.025117, 0.0616887, 0.0784278, 0.130923, 0.148902, 1, 

------------d=1, t=2, lambda=3, filename=./evaluation/2^30-t2_l3.csv------------
Grouping d-sets by partitioned row counts for detecting arrays...
Ready to look at pairs for detecting arrays...
First Stage N=24, Time=3
There are 6315 remaining non-locating pairs
--- Running GA Algorithm (phase2) ---
Running GA with std::execution::seq
Generation #0
18,324,0.001, 0.063912, 0.113569, 0.136002, 0.252367, 0.316794, 0.386447, 0.491822, 0.715169, 0.73106, 0.954492, 1, 

22,185,0.001, 0.0397581, 0.102541, 0.17594, 0.20161, 0.210254, 0.366786, 0.451953, 0.468076, 0.515588, 0.540391, 0.938179, 0.969475, 0.985824, 1, 

19,226,0.001, 0.0464037, 0.0480999, 0.144851, 0.325279, 0.33015, 0.372134, 0.593266, 0.783051, 0.933724, 0.94493, 1, 

24,158,0.001, 0.0352571, 0.0601679, 0.310657, 0.356767, 0.372081, 0.399508, 0.402793, 0.600148, 0.697685, 0.718264, 0.728909, 0.755024, 0.826914, 0.862685, 0.931147, 0.964972, 1, 

34,62,0.001, 0.0077726, 0.0247726, 0.0682432, 0.0790241, 0.146915, 0.153384, 0.164868, 0.239562, 0.248211, 0.261491, 0.271122, 0.298693, 0.391683, 0.458016, 0.470885, 0.473027, 0.555303, 0.639281, 0.68274, 0.686225, 0.70541, 0.75765, 0.816334, 0.826616, 0.830606, 0.831894, 0.973178, 1, 

20,206,0.001, 0.0377066, 0.102213, 0.253924, 0.257099, 0.471391, 0.702349, 0.719094, 0.827482, 0.855422, 0.952711, 0.977441, 1, 

27,71,0.001, 0.0166023, 0.0264795, 0.110764, 0.226064, 0.277665, 0.278737, 0.293138, 0.328082, 0.376017, 0.390489, 0.492873, 0.556612, 0.582482, 0.587525, 0.695455, 0.82831, 0.938419, 0.953252, 0.981746, 0.995618, 1, 

Generation #1
34,62,0.001, 0.0077726, 0.0247726, 0.0682432, 0.0790241, 0.146915, 0.153384, 0.164868, 0.239562, 0.248211, 0.261491, 0.271122, 0.298693, 0.391683, 0.458016, 0.470885, 0.473027, 0.555303, 0.639281, 0.68274, 0.686225, 0.70541, 0.75765, 0.816334, 0.826616, 0.830606, 0.831894, 0.973178, 1, 

27,71,0.001, 0.0166023, 0.0264795, 0.110764, 0.226064, 0.277665, 0.278737, 0.293138, 0.328082, 0.376017, 0.390489, 0.492873, 0.556612, 0.582482, 0.587525, 0.695455, 0.82831, 0.938419, 0.953252, 0.981746, 0.995618, 1, 

19,72,0.001, 0.0077726, 0.0247726, 0.0682432, 0.0790241, 0.146915, 0.565916, 0.680178, 0.789521, 0.854821, 0.955355, 1, 

18,206,0.001, 0.0402679, 0.0957339, 0.192577, 0.215491, 0.360685, 0.361307, 0.680178, 0.789521, 0.854821, 0.955355, 1, 

17,282,0.001, 0.0504862, 0.0781863, 0.426201, 0.504558, 0.571072, 0.643217, 0.829449, 0.846321, 1, 

Generation #2
34,62,0.001, 0.0077726, 0.0247726, 0.0682432, 0.0790241, 0.146915, 0.153384, 0.164868, 0.239562, 0.248211, 0.261491, 0.271122, 0.298693, 0.391683, 0.458016, 0.470885, 0.473027, 0.555303, 0.639281, 0.68274, 0.686225, 0.70541, 0.75765, 0.816334, 0.826616, 0.830606, 0.831894, 0.973178, 1, 

27,71,0.001, 0.0166023, 0.0264795, 0.110764, 0.226064, 0.277665, 0.278737, 0.293138, 0.328082, 0.376017, 0.390489, 0.492873, 0.556612, 0.582482, 0.587525, 0.695455, 0.82831, 0.938419, 0.953252, 0.981746, 0.995618, 1, 

19,72,0.001, 0.0077726, 0.0247726, 0.0682432, 0.0790241, 0.146915, 0.565916, 0.680178, 0.789521, 0.854821, 0.955355, 1, 

35,60,0.001, 0.0077726, 0.0247726, 0.0682432, 0.0790241, 0.146915, 0.153384, 0.164868, 0.239562, 0.248211, 0.645706, 0.261491, 0.271122, 0.298693, 0.391683, 0.458016, 0.470885, 0.473027, 0.555303, 0.639281, 0.68274, 0.686225, 0.70541, 0.75765, 0.816334, 0.826616, 0.830606, 0.831894, 0.973178, 1, 

17,100,0.001, 0.0286751, 0.0435767, 0.079385, 0.0826102, 0.102692, 0.386447, 0.491822, 0.715169, 0.73106, 0.954492, 1, 

Generation #3
34,62,0.001, 0.0077726, 0.0247726, 0.0682432, 0.0790241, 0.146915, 0.153384, 0.164868, 0.239562, 0.248211, 0.261491, 0.271122, 0.298693, 0.391683, 0.458016, 0.470885, 0.473027, 0.555303, 0.639281, 0.68274, 0.686225, 0.70541, 0.75765, 0.816334, 0.826616, 0.830606, 0.831894, 0.973178, 1, 

19,72,0.001, 0.0077726, 0.0247726, 0.0682432, 0.0790241, 0.146915, 0.565916, 0.680178, 0.789521, 0.854821, 0.955355, 1, 

35,60,0.001, 0.0077726, 0.0247726, 0.0682432, 0.0790241, 0.146915, 0.153384, 0.164868, 0.239562, 0.248211, 0.645706, 0.261491, 0.271122, 0.298693, 0.391683, 0.458016, 0.470885, 0.473027, 0.555303, 0.639281, 0.68274, 0.686225, 0.70541, 0.75765, 0.816334, 0.826616, 0.830606, 0.831894, 0.973178, 1, 

31,66,0.001, 0.0174354, 0.0378877, 0.0638882, 0.106872, 0.115813, 0.147161, 0.326705, 0.393386, 0.376017, 0.390489, 0.492873, 0.556612, 0.582482, 0.587525, 0.695455, 0.82831, 0.938419, 0.953252, 0.981746, 0.298654, 0.995618, 0.738984, 0.773368, 0.993174, 1, 

17,76,0.001, 0.0077726, 0.0247726, 0.0682432, 0.252367, 0.316794, 0.386447, 0.491822, 0.715169, 0.73106, 0.954492, 1, 

16,123,0.001, 0.0254025, 0.0422311, 0.0496629, 0.534375, 0.168861, 0.180282, 0.829449, 0.846321, 1, 

24,71,0.001, 0.0077726, 0.0247726, 0.0682432, 0.0790241, 0.146915, 0.399508, 0.402793, 0.600148, 0.697685, 0.718264, 0.728909, 0.755024, 0.826914, 0.862685, 0.931147, 0.964972, 1, 

Generation #4
16,123,0.001, 0.0254025, 0.0422311, 0.0496629, 0.534375, 0.168861, 0.180282, 0.829449, 0.846321, 1, 

26,57,0.001, 0.0077726, 0.0247726, 0.0682432, 0.175589, 0.188056, 0.219232, 0.369108, 0.370246, 0.394406, 0.409497, 0.429848, 0.49267, 0.499119, 0.519045, 0.563319, 0.577278, 0.658765, 0.690917, 0.884842, 1, 

17,67,0.001, 0.0077726, 0.0247726, 0.0682432, 0.0790241, 0.146915, 0.386447, 0.491822, 0.715169, 0.73106, 0.954492, 1, 

Generation #5
17,67,0.001, 0.0077726, 0.0247726, 0.0682432, 0.0790241, 0.146915, 0.386447, 0.491822, 0.715169, 0.73106, 0.954492, 1, 

15,83,0.001, 0.0174354, 0.0378877, 0.0638882, 0.106872, 0.115813, 0.147161, 0.197847, 0.520872, 1, 

34,50,0.001, 0.0077726, 0.0247726, 0.0682432, 0.0790241, 0.146915, 0.153384, 0.164868, 0.239562, 0.248211, 0.645706, 0.261491, 0.271122, 0.298693, 0.391683, 0.458016, 0.470885, 0.473027, 0.555303, 0.639281, 0.68274, 0.686225, 0.70541, 0.75765, 0.816334, 0.826616, 0.830606, 0.831894, 0.973178, 1, 

20,53,0.001, 0.0077726, 0.0247726, 0.0682432, 0.0790241, 0.146915, 0.399508, 0.402793, 0.359006, 0.600148, 0.697685, 0.718264, 0.728909, 0.755024, 1, 

Generation #6
34,50,0.001, 0.0077726, 0.0247726, 0.0682432, 0.0790241, 0.146915, 0.153384, 0.164868, 0.239562, 0.248211, 0.645706, 0.261491, 0.271122, 0.298693, 0.391683, 0.458016, 0.470885, 0.473027, 0.555303, 0.639281, 0.68274, 0.686225, 0.70541, 0.75765, 0.816334, 0.826616, 0.830606, 0.831894, 0.973178, 1, 

15,60,0.001, 0.0077726, 0.0247726, 0.0638882, 0.106872, 0.115813, 0.147161, 0.197847, 0.520872, 1, 

16,52,0.001, 0.0077726, 0.0247726, 0.0682432, 0.0790241, 0.115813, 0.147161, 0.326705, 0.393386, 0.840062, 1, 

36,48,0.001, 0.0077726, 0.0247726, 0.0682432, 0.0790241, 0.146915, 0.153384, 0.164868, 0.239562, 0.248211, 0.645706, 0.261491, 0.271122, 0.298693, 0.391683, 0.458016, 0.470885, 0.473027, 0.555303, 0.639281, 0.68274, 0.686225, 0.70541, 0.75765, 0.816334, 0.826616, 0.830606, 0.831894, 0.973178, 1, 

Generation #7
34,50,0.001, 0.0077726, 0.0247726, 0.0682432, 0.0790241, 0.146915, 0.153384, 0.164868, 0.239562, 0.248211, 0.645706, 0.261491, 0.271122, 0.298693, 0.391683, 0.458016, 0.470885, 0.473027, 0.555303, 0.639281, 0.68274, 0.686225, 0.70541, 0.75765, 0.816334, 0.826616, 0.830606, 0.831894, 0.973178, 1, 

15,60,0.001, 0.0077726, 0.0247726, 0.0638882, 0.106872, 0.115813, 0.147161, 0.197847, 0.520872, 1, 

16,52,0.001, 0.0077726, 0.0247726, 0.0682432, 0.0790241, 0.115813, 0.147161, 0.326705, 0.393386, 0.840062, 1, 

36,48,0.001, 0.0077726, 0.0247726, 0.0682432, 0.0790241, 0.146915, 0.153384, 0.164868, 0.239562, 0.248211, 0.645706, 0.261491, 0.271122, 0.298693, 0.391683, 0.458016, 0.470885, 0.473027, 0.555303, 0.639281, 0.68274, 0.686225, 0.70541, 0.75765, 0.816334, 0.826616, 0.830606, 0.831894, 0.973178, 1, 

Generation #8
15,60,0.001, 0.0077726, 0.0247726, 0.0638882, 0.106872, 0.115813, 0.147161, 0.197847, 0.520872, 1, 

16,52,0.001, 0.0077726, 0.0247726, 0.0682432, 0.0790241, 0.115813, 0.147161, 0.326705, 0.393386, 0.840062, 1, 

25,47,0.001, 0.0077726, 0.0247726, 0.0682432, 0.0790241, 0.146915, 0.153384, 0.164868, 0.394406, 0.409497, 0.429848, 0.49267, 0.499119, 0.519045, 0.563319, 0.577278, 0.658765, 0.690917, 0.884842, 1, 

Generation #9
15,60,0.001, 0.0077726, 0.0247726, 0.0638882, 0.106872, 0.115813, 0.147161, 0.197847, 0.520872, 1, 

16,52,0.001, 0.0077726, 0.0247726, 0.0682432, 0.0790241, 0.115813, 0.147161, 0.326705, 0.393386, 0.840062, 1, 

25,47,0.001, 0.0077726, 0.0247726, 0.0682432, 0.0790241, 0.146915, 0.153384, 0.164868, 0.394406, 0.409497, 0.429848, 0.49267, 0.499119, 0.519045, 0.563319, 0.577278, 0.658765, 0.690917, 0.884842, 1, 

Generation #10
15,60,0.001, 0.0077726, 0.0247726, 0.0638882, 0.106872, 0.115813, 0.147161, 0.197847, 0.520872, 1, 

16,52,0.001, 0.0077726, 0.0247726, 0.0682432, 0.0790241, 0.115813, 0.147161, 0.326705, 0.393386, 0.840062, 1, 

25,45,0.001, 0.0077726, 0.0247726, 0.0682432, 0.0790241, 0.146915, 0.153384, 0.164868, 0.394406, 0.409497, 0.429848, 0.49267, 0.499119, 0.519045, 0.946375, 0.577278, 0.658765, 0.690917, 0.884842, 1, 

14,64,0.001, 0.0077726, 0.0247726, 0.0682432, 0.0790241, 0.146915, 0.250061, 0.520872, 1, 

18,49,0.001, 0.0077726, 0.0247726, 0.0682432, 0.0790241, 0.146915, 0.147161, 0.369108, 0.370246, 0.927779, 0.718264, 0.977459, 1, 

17,50,0.001, 0.0077726, 0.0247726, 0.0682432, 0.0790241, 0.146915, 0.386447, 0.491822, 0.681763, 0.846321, 1, 

Generation #11
25,45,0.001, 0.0077726, 0.0247726, 0.0682432, 0.0790241, 0.146915, 0.153384, 0.164868, 0.394406, 0.409497, 0.429848, 0.49267, 0.499119, 0.519045, 0.946375, 0.577278, 0.658765, 0.690917, 0.884842, 1, 

14,64,0.001, 0.0077726, 0.0247726, 0.0682432, 0.0790241, 0.146915, 0.250061, 0.520872, 1, 

18,49,0.001, 0.0077726, 0.0247726, 0.0682432, 0.0790241, 0.146915, 0.147161, 0.369108, 0.370246, 0.927779, 0.718264, 0.977459, 1, 

17,50,0.001, 0.0077726, 0.0247726, 0.0682432, 0.0790241, 0.146915, 0.386447, 0.491822, 0.681763, 0.846321, 1, 

15,52,0.001, 0.0077726, 0.0247726, 0.0682432, 0.0790241, 0.146915, 0.147161, 0.197847, 0.622079, 1, 

Generation #12
25,45,0.001, 0.0077726, 0.0247726, 0.0682432, 0.0790241, 0.146915, 0.153384, 0.164868, 0.394406, 0.409497, 0.429848, 0.49267, 0.499119, 0.519045, 0.946375, 0.577278, 0.658765, 0.690917, 0.884842, 1, 

14,64,0.001, 0.0077726, 0.0247726, 0.0682432, 0.0790241, 0.146915, 0.250061, 0.520872, 1, 

18,49,0.001, 0.0077726, 0.0247726, 0.0682432, 0.0790241, 0.146915, 0.147161, 0.369108, 0.370246, 0.927779, 0.718264, 0.977459, 1, 

17,50,0.001, 0.0077726, 0.0247726, 0.0682432, 0.0790241, 0.146915, 0.386447, 0.491822, 0.681763, 0.846321, 1, 

15,52,0.001, 0.0077726, 0.0247726, 0.0682432, 0.0790241, 0.146915, 0.147161, 0.197847, 0.622079, 1, 

20,46,0.001, 0.0077726, 0.0247726, 0.0682432, 0.0790241, 0.146915, 0.153384, 0.164868, 0.833771, 0.239562, 0.248211, 0.798922, 0.977459, 1, 

Generation #13
14,64,0.001, 0.0077726, 0.0247726, 0.0682432, 0.0790241, 0.146915, 0.250061, 0.520872, 1, 

17,50,0.001, 0.0077726, 0.0247726, 0.0682432, 0.0790241, 0.146915, 0.386447, 0.491822, 0.681763, 0.846321, 1, 

15,52,0.001, 0.0077726, 0.0247726, 0.0682432, 0.0790241, 0.146915, 0.147161, 0.197847, 0.622079, 1, 

34,34,0.001, 0.0077726, 0.0247726, 0.0682432, 0.0790241, 0.146915, 0.153384, 0.164868, 0.239562, 0.248211, 0.261491, 0.271122, 0.298693, 0.391683, 0.458016, 0.470885, 0.473027, 0.555303, 0.639281, 0.68274, 0.686225, 0.70541, 0.75765, 0.816334, 0.826616, 0.830606, 0.831894, 0.973178, 1, 

18,45,0.001, 0.0077726, 0.0247726, 0.0682432, 0.0790241, 0.115813, 0.147161, 0.369108, 0.370246, 0.927779, 0.718264, 0.977459, 1, 

Generation #14
34,34,0.001, 0.0077726, 0.0247726, 0.0682432, 0.0790241, 0.146915, 0.153384, 0.164868, 0.239562, 0.248211, 0.261491, 0.271122, 0.298693, 0.391683, 0.458016, 0.470885, 0.473027, 0.555303, 0.639281, 0.68274, 0.686225, 0.70541, 0.75765, 0.816334, 0.826616, 0.830606, 0.831894, 0.973178, 1, 

18,45,0.001, 0.0077726, 0.0247726, 0.0682432, 0.0790241, 0.115813, 0.147161, 0.369108, 0.370246, 0.927779, 0.718264, 0.977459, 1, 

14,46,0.001, 0.0077726, 0.0247726, 0.0682432, 0.0790241, 0.146915, 0.147161, 0.197847, 0.520872, 1, 

Generation #15
34,34,0.001, 0.0077726, 0.0247726, 0.0682432, 0.0790241, 0.146915, 0.153384, 0.164868, 0.239562, 0.248211, 0.261491, 0.271122, 0.298693, 0.391683, 0.458016, 0.470885, 0.473027, 0.555303, 0.639281, 0.68274, 0.686225, 0.70541, 0.75765, 0.816334, 0.826616, 0.830606, 0.831894, 0.973178, 1, 

14,46,0.001, 0.0077726, 0.0247726, 0.0682432, 0.0790241, 0.146915, 0.147161, 0.197847, 0.520872, 1, 

18,42,0.001, 0.0077726, 0.0247726, 0.0682432, 0.0790241, 0.146915, 0.153384, 0.164868, 0.239562, 0.248211, 0.798922, 0.977459, 1, 

Generation #16
34,34,0.001, 0.0077726, 0.0247726, 0.0682432, 0.0790241, 0.146915, 0.153384, 0.164868, 0.239562, 0.248211, 0.261491, 0.271122, 0.298693, 0.391683, 0.458016, 0.470885, 0.473027, 0.555303, 0.639281, 0.68274, 0.686225, 0.70541, 0.75765, 0.816334, 0.826616, 0.830606, 0.831894, 0.973178, 1, 

14,46,0.001, 0.0077726, 0.0247726, 0.0682432, 0.0790241, 0.146915, 0.147161, 0.197847, 0.520872, 1, 

18,42,0.001, 0.0077726, 0.0247726, 0.0682432, 0.0790241, 0.146915, 0.153384, 0.164868, 0.239562, 0.248211, 0.798922, 0.977459, 1, 

Generation #17
34,34,0.001, 0.0077726, 0.0247726, 0.0682432, 0.0790241, 0.146915, 0.153384, 0.164868, 0.239562, 0.248211, 0.261491, 0.271122, 0.298693, 0.391683, 0.458016, 0.470885, 0.473027, 0.555303, 0.639281, 0.68274, 0.686225, 0.70541, 0.75765, 0.816334, 0.826616, 0.830606, 0.831894, 0.973178, 1, 

14,46,0.001, 0.0077726, 0.0247726, 0.0682432, 0.0790241, 0.146915, 0.147161, 0.197847, 0.520872, 1, 

18,42,0.001, 0.0077726, 0.0247726, 0.0682432, 0.0790241, 0.146915, 0.153384, 0.164868, 0.239562, 0.248211, 0.798922, 0.977459, 1, 

Generation #18
34,34,0.001, 0.0077726, 0.0247726, 0.0682432, 0.0790241, 0.146915, 0.153384, 0.164868, 0.239562, 0.248211, 0.261491, 0.271122, 0.298693, 0.391683, 0.458016, 0.470885, 0.473027, 0.555303, 0.639281, 0.68274, 0.686225, 0.70541, 0.75765, 0.816334, 0.826616, 0.830606, 0.831894, 0.973178, 1, 

14,46,0.001, 0.0077726, 0.0247726, 0.0682432, 0.0790241, 0.146915, 0.147161, 0.197847, 0.520872, 1, 

18,42,0.001, 0.0077726, 0.0247726, 0.0682432, 0.0790241, 0.146915, 0.153384, 0.164868, 0.239562, 0.248211, 0.798922, 0.977459, 1, 

13,60,0.001, 0.0077726, 0.0247726, 0.0682432, 0.0790241, 0.153384, 0.164868, 1, 

Generation #19
34,34,0.001, 0.0077726, 0.0247726, 0.0682432, 0.0790241, 0.146915, 0.153384, 0.164868, 0.239562, 0.248211, 0.261491, 0.271122, 0.298693, 0.391683, 0.458016, 0.470885, 0.473027, 0.555303, 0.639281, 0.68274, 0.686225, 0.70541, 0.75765, 0.816334, 0.826616, 0.830606, 0.831894, 0.973178, 1, 

13,60,0.001, 0.0077726, 0.0247726, 0.0682432, 0.0790241, 0.153384, 0.164868, 1, 

14,40,0.001, 0.0077726, 0.0247726, 0.0682432, 0.0790241, 0.115813, 0.147161, 0.197847, 0.520872, 1, 

Generation #20
34,34,0.001, 0.0077726, 0.0247726, 0.0682432, 0.0790241, 0.146915, 0.153384, 0.164868, 0.239562, 0.248211, 0.261491, 0.271122, 0.298693, 0.391683, 0.458016, 0.470885, 0.473027, 0.555303, 0.639281, 0.68274, 0.686225, 0.70541, 0.75765, 0.816334, 0.826616, 0.830606, 0.831894, 0.973178, 1, 

14,40,0.001, 0.0077726, 0.0247726, 0.0682432, 0.0790241, 0.115813, 0.147161, 0.197847, 0.520872, 1, 

12,57,0.001, 0.0077726, 0.0247726, 0.0682432, 0.0790241, 0.153384, 0.164868, 1, 

Generation #21
34,34,0.001, 0.0077726, 0.0247726, 0.0682432, 0.0790241, 0.146915, 0.153384, 0.164868, 0.239562, 0.248211, 0.261491, 0.271122, 0.298693, 0.391683, 0.458016, 0.470885, 0.473027, 0.555303, 0.639281, 0.68274, 0.686225, 0.70541, 0.75765, 0.816334, 0.826616, 0.830606, 0.831894, 0.973178, 1, 

14,40,0.001, 0.0077726, 0.0247726, 0.0682432, 0.0790241, 0.115813, 0.147161, 0.197847, 0.520872, 1, 

12,57,0.001, 0.0077726, 0.0247726, 0.0682432, 0.0790241, 0.153384, 0.164868, 1, 

Generation #22
34,34,0.001, 0.0077726, 0.0247726, 0.0682432, 0.0790241, 0.146915, 0.153384, 0.164868, 0.239562, 0.248211, 0.261491, 0.271122, 0.298693, 0.391683, 0.458016, 0.470885, 0.473027, 0.555303, 0.639281, 0.68274, 0.686225, 0.70541, 0.75765, 0.816334, 0.826616, 0.830606, 0.831894, 0.973178, 1, 

14,40,0.001, 0.0077726, 0.0247726, 0.0682432, 0.0790241, 0.115813, 0.147161, 0.197847, 0.520872, 1, 

12,57,0.001, 0.0077726, 0.0247726, 0.0682432, 0.0790241, 0.153384, 0.164868, 1, 

Generation #23
34,34,0.001, 0.0077726, 0.0247726, 0.0682432, 0.0790241, 0.146915, 0.153384, 0.164868, 0.239562, 0.248211, 0.261491, 0.271122, 0.298693, 0.391683, 0.458016, 0.470885, 0.473027, 0.555303, 0.639281, 0.68274, 0.686225, 0.70541, 0.75765, 0.816334, 0.826616, 0.830606, 0.831894, 0.973178, 1, 

14,40,0.001, 0.0077726, 0.0247726, 0.0682432, 0.0790241, 0.115813, 0.147161, 0.197847, 0.520872, 1, 

12,57,0.001, 0.0077726, 0.0247726, 0.0682432, 0.0790241, 0.153384, 0.164868, 1, 

Generation #24
34,34,0.001, 0.0077726, 0.0247726, 0.0682432, 0.0790241, 0.146915, 0.153384, 0.164868, 0.239562, 0.248211, 0.261491, 0.271122, 0.298693, 0.391683, 0.458016, 0.470885, 0.473027, 0.555303, 0.639281, 0.68274, 0.686225, 0.70541, 0.75765, 0.816334, 0.826616, 0.830606, 0.831894, 0.973178, 1, 

14,40,0.001, 0.0077726, 0.0247726, 0.0682432, 0.0790241, 0.115813, 0.147161, 0.197847, 0.520872, 1, 

12,57,0.001, 0.0077726, 0.0247726, 0.0682432, 0.0790241, 0.153384, 0.164868, 1, 

Generation #25
34,34,0.001, 0.0077726, 0.0247726, 0.0682432, 0.0790241, 0.146915, 0.153384, 0.164868, 0.239562, 0.248211, 0.261491, 0.271122, 0.298693, 0.391683, 0.458016, 0.470885, 0.473027, 0.555303, 0.639281, 0.68274, 0.686225, 0.70541, 0.75765, 0.816334, 0.826616, 0.830606, 0.831894, 0.973178, 1, 

14,40,0.001, 0.0077726, 0.0247726, 0.0682432, 0.0790241, 0.115813, 0.147161, 0.197847, 0.520872, 1, 

12,57,0.001, 0.0077726, 0.0247726, 0.0682432, 0.0790241, 0.153384, 0.164868, 1, 

15,36,0.001, 0.0077726, 0.0247726, 0.0682432, 0.0790241, 0.146915, 0.147161, 0.197847, 0.622079, 1, 

Generation #26
34,34,0.001, 0.0077726, 0.0247726, 0.0682432, 0.0790241, 0.146915, 0.153384, 0.164868, 0.239562, 0.248211, 0.261491, 0.271122, 0.298693, 0.391683, 0.458016, 0.470885, 0.473027, 0.555303, 0.639281, 0.68274, 0.686225, 0.70541, 0.75765, 0.816334, 0.826616, 0.830606, 0.831894, 0.973178, 1, 

14,40,0.001, 0.0077726, 0.0247726, 0.0682432, 0.0790241, 0.115813, 0.147161, 0.197847, 0.520872, 1, 

12,57,0.001, 0.0077726, 0.0247726, 0.0682432, 0.0790241, 0.153384, 0.164868, 1, 

15,36,0.001, 0.0077726, 0.0247726, 0.0682432, 0.0790241, 0.146915, 0.147161, 0.197847, 0.622079, 1, 

13,55,0.001, 0.0077726, 0.0247726, 0.0682432, 0.0790241, 0.146915, 0.250061, 0.520872, 1, 

Generation #27
34,34,0.001, 0.0077726, 0.0247726, 0.0682432, 0.0790241, 0.146915, 0.153384, 0.164868, 0.239562, 0.248211, 0.261491, 0.271122, 0.298693, 0.391683, 0.458016, 0.470885, 0.473027, 0.555303, 0.639281, 0.68274, 0.686225, 0.70541, 0.75765, 0.816334, 0.826616, 0.830606, 0.831894, 0.973178, 1, 

14,40,0.001, 0.0077726, 0.0247726, 0.0682432, 0.0790241, 0.115813, 0.147161, 0.197847, 0.520872, 1, 

12,57,0.001, 0.0077726, 0.0247726, 0.0682432, 0.0790241, 0.153384, 0.164868, 1, 

15,36,0.001, 0.0077726, 0.0247726, 0.0682432, 0.0790241, 0.146915, 0.147161, 0.197847, 0.622079, 1, 

13,44,0.001, 0.0077726, 0.0247726, 0.0682432, 0.0790241, 0.146915, 0.153384, 1, 

Generation #28
34,34,0.001, 0.0077726, 0.0247726, 0.0682432, 0.0790241, 0.146915, 0.153384, 0.164868, 0.239562, 0.248211, 0.261491, 0.271122, 0.298693, 0.391683, 0.458016, 0.470885, 0.473027, 0.555303, 0.639281, 0.68274, 0.686225, 0.70541, 0.75765, 0.816334, 0.826616, 0.830606, 0.831894, 0.973178, 1, 

14,40,0.001, 0.0077726, 0.0247726, 0.0682432, 0.0790241, 0.115813, 0.147161, 0.197847, 0.520872, 1, 

12,57,0.001, 0.0077726, 0.0247726, 0.0682432, 0.0790241, 0.153384, 0.164868, 1, 

15,36,0.001, 0.0077726, 0.0247726, 0.0682432, 0.0790241, 0.146915, 0.147161, 0.197847, 0.622079, 1, 

13,44,0.001, 0.0077726, 0.0247726, 0.0682432, 0.0790241, 0.146915, 0.153384, 1, 

Generation #29
34,34,0.001, 0.0077726, 0.0247726, 0.0682432, 0.0790241, 0.146915, 0.153384, 0.164868, 0.239562, 0.248211, 0.261491, 0.271122, 0.298693, 0.391683, 0.458016, 0.470885, 0.473027, 0.555303, 0.639281, 0.68274, 0.686225, 0.70541, 0.75765, 0.816334, 0.826616, 0.830606, 0.831894, 0.973178, 1, 

14,40,0.001, 0.0077726, 0.0247726, 0.0682432, 0.0790241, 0.115813, 0.147161, 0.197847, 0.520872, 1, 

12,57,0.001, 0.0077726, 0.0247726, 0.0682432, 0.0790241, 0.153384, 0.164868, 1, 

15,36,0.001, 0.0077726, 0.0247726, 0.0682432, 0.0790241, 0.146915, 0.147161, 0.197847, 0.622079, 1, 

13,44,0.001, 0.0077726, 0.0247726, 0.0682432, 0.0790241, 0.146915, 0.153384, 1, 

Generation #30
34,34,0.001, 0.0077726, 0.0247726, 0.0682432, 0.0790241, 0.146915, 0.153384, 0.164868, 0.239562, 0.248211, 0.261491, 0.271122, 0.298693, 0.391683, 0.458016, 0.470885, 0.473027, 0.555303, 0.639281, 0.68274, 0.686225, 0.70541, 0.75765, 0.816334, 0.826616, 0.830606, 0.831894, 0.973178, 1, 

12,57,0.001, 0.0077726, 0.0247726, 0.0682432, 0.0790241, 0.153384, 0.164868, 1, 

15,36,0.001, 0.0077726, 0.0247726, 0.0682432, 0.0790241, 0.146915, 0.147161, 0.197847, 0.622079, 1, 

13,40,0.001, 0.0077726, 0.0247726, 0.0682432, 0.0790241, 0.146915, 0.153384, 1, 

Generation #31
34,34,0.001, 0.0077726, 0.0247726, 0.0682432, 0.0790241, 0.146915, 0.153384, 0.164868, 0.239562, 0.248211, 0.261491, 0.271122, 0.298693, 0.391683, 0.458016, 0.470885, 0.473027, 0.555303, 0.639281, 0.68274, 0.686225, 0.70541, 0.75765, 0.816334, 0.826616, 0.830606, 0.831894, 0.973178, 1, 

12,57,0.001, 0.0077726, 0.0247726, 0.0682432, 0.0790241, 0.153384, 0.164868, 1, 

15,36,0.001, 0.0077726, 0.0247726, 0.0682432, 0.0790241, 0.146915, 0.147161, 0.197847, 0.622079, 1, 

13,40,0.001, 0.0077726, 0.0247726, 0.0682432, 0.0790241, 0.146915, 0.153384, 1, 

Generation #32
34,34,0.001, 0.0077726, 0.0247726, 0.0682432, 0.0790241, 0.146915, 0.153384, 0.164868, 0.239562, 0.248211, 0.261491, 0.271122, 0.298693, 0.391683, 0.458016, 0.470885, 0.473027, 0.555303, 0.639281, 0.68274, 0.686225, 0.70541, 0.75765, 0.816334, 0.826616, 0.830606, 0.831894, 0.973178, 1, 

12,57,0.001, 0.0077726, 0.0247726, 0.0682432, 0.0790241, 0.153384, 0.164868, 1, 

15,36,0.001, 0.0077726, 0.0247726, 0.0682432, 0.0790241, 0.146915, 0.147161, 0.197847, 0.622079, 1, 

13,40,0.001, 0.0077726, 0.0247726, 0.0682432, 0.0790241, 0.146915, 0.153384, 1, 

Generation #33
34,34,0.001, 0.0077726, 0.0247726, 0.0682432, 0.0790241, 0.146915, 0.153384, 0.164868, 0.239562, 0.248211, 0.261491, 0.271122, 0.298693, 0.391683, 0.458016, 0.470885, 0.473027, 0.555303, 0.639281, 0.68274, 0.686225, 0.70541, 0.75765, 0.816334, 0.826616, 0.830606, 0.831894, 0.973178, 1, 

12,57,0.001, 0.0077726, 0.0247726, 0.0682432, 0.0790241, 0.153384, 0.164868, 1, 

15,36,0.001, 0.0077726, 0.0247726, 0.0682432, 0.0790241, 0.146915, 0.147161, 0.197847, 0.622079, 1, 

13,40,0.001, 0.0077726, 0.0247726, 0.0682432, 0.0790241, 0.146915, 0.153384, 1, 

Generation #34
34,34,0.001, 0.0077726, 0.0247726, 0.0682432, 0.0790241, 0.146915, 0.153384, 0.164868, 0.239562, 0.248211, 0.261491, 0.271122, 0.298693, 0.391683, 0.458016, 0.470885, 0.473027, 0.555303, 0.639281, 0.68274, 0.686225, 0.70541, 0.75765, 0.816334, 0.826616, 0.830606, 0.831894, 0.973178, 1, 

12,57,0.001, 0.0077726, 0.0247726, 0.0682432, 0.0790241, 0.153384, 0.164868, 1, 

15,36,0.001, 0.0077726, 0.0247726, 0.0682432, 0.0790241, 0.146915, 0.147161, 0.197847, 0.622079, 1, 

13,40,0.001, 0.0077726, 0.0247726, 0.0682432, 0.0790241, 0.146915, 0.153384, 1, 

Generation #35
34,34,0.001, 0.0077726, 0.0247726, 0.0682432, 0.0790241, 0.146915, 0.153384, 0.164868, 0.239562, 0.248211, 0.261491, 0.271122, 0.298693, 0.391683, 0.458016, 0.470885, 0.473027, 0.555303, 0.639281, 0.68274, 0.686225, 0.70541, 0.75765, 0.816334, 0.826616, 0.830606, 0.831894, 0.973178, 1, 

12,57,0.001, 0.0077726, 0.0247726, 0.0682432, 0.0790241, 0.153384, 0.164868, 1, 

15,36,0.001, 0.0077726, 0.0247726, 0.0682432, 0.0790241, 0.146915, 0.147161, 0.197847, 0.622079, 1, 

13,40,0.001, 0.0077726, 0.0247726, 0.0682432, 0.0790241, 0.146915, 0.153384, 1, 

Generation #36
34,34,0.001, 0.0077726, 0.0247726, 0.0682432, 0.0790241, 0.146915, 0.153384, 0.164868, 0.239562, 0.248211, 0.261491, 0.271122, 0.298693, 0.391683, 0.458016, 0.470885, 0.473027, 0.555303, 0.639281, 0.68274, 0.686225, 0.70541, 0.75765, 0.816334, 0.826616, 0.830606, 0.831894, 0.973178, 1, 

12,57,0.001, 0.0077726, 0.0247726, 0.0682432, 0.0790241, 0.153384, 0.164868, 1, 

15,36,0.001, 0.0077726, 0.0247726, 0.0682432, 0.0790241, 0.146915, 0.147161, 0.197847, 0.622079, 1, 

13,40,0.001, 0.0077726, 0.0247726, 0.0682432, 0.0790241, 0.146915, 0.153384, 1, 

Generation #37
34,34,0.001, 0.0077726, 0.0247726, 0.0682432, 0.0790241, 0.146915, 0.153384, 0.164868, 0.239562, 0.248211, 0.261491, 0.271122, 0.298693, 0.391683, 0.458016, 0.470885, 0.473027, 0.555303, 0.639281, 0.68274, 0.686225, 0.70541, 0.75765, 0.816334, 0.826616, 0.830606, 0.831894, 0.973178, 1, 

12,57,0.001, 0.0077726, 0.0247726, 0.0682432, 0.0790241, 0.153384, 0.164868, 1, 

15,36,0.001, 0.0077726, 0.0247726, 0.0682432, 0.0790241, 0.146915, 0.147161, 0.197847, 0.622079, 1, 

13,40,0.001, 0.0077726, 0.0247726, 0.0682432, 0.0790241, 0.146915, 0.153384, 1, 

Generation #38
34,34,0.001, 0.0077726, 0.0247726, 0.0682432, 0.0790241, 0.146915, 0.153384, 0.164868, 0.239562, 0.248211, 0.261491, 0.271122, 0.298693, 0.391683, 0.458016, 0.470885, 0.473027, 0.555303, 0.639281, 0.68274, 0.686225, 0.70541, 0.75765, 0.816334, 0.826616, 0.830606, 0.831894, 0.973178, 1, 

12,57,0.001, 0.0077726, 0.0247726, 0.0682432, 0.0790241, 0.153384, 0.164868, 1, 

15,36,0.001, 0.0077726, 0.0247726, 0.0682432, 0.0790241, 0.146915, 0.147161, 0.197847, 0.622079, 1, 

13,40,0.001, 0.0077726, 0.0247726, 0.0682432, 0.0790241, 0.146915, 0.153384, 1, 

Generation #39
34,34,0.001, 0.0077726, 0.0247726, 0.0682432, 0.0790241, 0.146915, 0.153384, 0.164868, 0.239562, 0.248211, 0.261491, 0.271122, 0.298693, 0.391683, 0.458016, 0.470885, 0.473027, 0.555303, 0.639281, 0.68274, 0.686225, 0.70541, 0.75765, 0.816334, 0.826616, 0.830606, 0.831894, 0.973178, 1, 

12,57,0.001, 0.0077726, 0.0247726, 0.0682432, 0.0790241, 0.153384, 0.164868, 1, 

15,36,0.001, 0.0077726, 0.0247726, 0.0682432, 0.0790241, 0.146915, 0.147161, 0.197847, 0.622079, 1, 

13,40,0.001, 0.0077726, 0.0247726, 0.0682432, 0.0790241, 0.146915, 0.153384, 1, 

Generation #40
34,34,0.001, 0.0077726, 0.0247726, 0.0682432, 0.0790241, 0.146915, 0.153384, 0.164868, 0.239562, 0.248211, 0.261491, 0.271122, 0.298693, 0.391683, 0.458016, 0.470885, 0.473027, 0.555303, 0.639281, 0.68274, 0.686225, 0.70541, 0.75765, 0.816334, 0.826616, 0.830606, 0.831894, 0.973178, 1, 

12,57,0.001, 0.0077726, 0.0247726, 0.0682432, 0.0790241, 0.153384, 0.164868, 1, 

15,36,0.001, 0.0077726, 0.0247726, 0.0682432, 0.0790241, 0.146915, 0.147161, 0.197847, 0.622079, 1, 

13,40,0.001, 0.0077726, 0.0247726, 0.0682432, 0.0790241, 0.146915, 0.153384, 1, 

Generation #41
34,34,0.001, 0.0077726, 0.0247726, 0.0682432, 0.0790241, 0.146915, 0.153384, 0.164868, 0.239562, 0.248211, 0.261491, 0.271122, 0.298693, 0.391683, 0.458016, 0.470885, 0.473027, 0.555303, 0.639281, 0.68274, 0.686225, 0.70541, 0.75765, 0.816334, 0.826616, 0.830606, 0.831894, 0.973178, 1, 

12,57,0.001, 0.0077726, 0.0247726, 0.0682432, 0.0790241, 0.153384, 0.164868, 1, 

15,36,0.001, 0.0077726, 0.0247726, 0.0682432, 0.0790241, 0.146915, 0.147161, 0.197847, 0.622079, 1, 

13,40,0.001, 0.0077726, 0.0247726, 0.0682432, 0.0790241, 0.146915, 0.153384, 1, 

Generation #42
34,34,0.001, 0.0077726, 0.0247726, 0.0682432, 0.0790241, 0.146915, 0.153384, 0.164868, 0.239562, 0.248211, 0.261491, 0.271122, 0.298693, 0.391683, 0.458016, 0.470885, 0.473027, 0.555303, 0.639281, 0.68274, 0.686225, 0.70541, 0.75765, 0.816334, 0.826616, 0.830606, 0.831894, 0.973178, 1, 

12,57,0.001, 0.0077726, 0.0247726, 0.0682432, 0.0790241, 0.153384, 0.164868, 1, 

15,36,0.001, 0.0077726, 0.0247726, 0.0682432, 0.0790241, 0.146915, 0.147161, 0.197847, 0.622079, 1, 

13,40,0.001, 0.0077726, 0.0247726, 0.0682432, 0.0790241, 0.146915, 0.153384, 1, 

Generation #43
34,34,0.001, 0.0077726, 0.0247726, 0.0682432, 0.0790241, 0.146915, 0.153384, 0.164868, 0.239562, 0.248211, 0.261491, 0.271122, 0.298693, 0.391683, 0.458016, 0.470885, 0.473027, 0.555303, 0.639281, 0.68274, 0.686225, 0.70541, 0.75765, 0.816334, 0.826616, 0.830606, 0.831894, 0.973178, 1, 

12,57,0.001, 0.0077726, 0.0247726, 0.0682432, 0.0790241, 0.153384, 0.164868, 1, 

15,36,0.001, 0.0077726, 0.0247726, 0.0682432, 0.0790241, 0.146915, 0.147161, 0.197847, 0.622079, 1, 

13,40,0.001, 0.0077726, 0.0247726, 0.0682432, 0.0790241, 0.146915, 0.153384, 1, 

Generation #44
34,34,0.001, 0.0077726, 0.0247726, 0.0682432, 0.0790241, 0.146915, 0.153384, 0.164868, 0.239562, 0.248211, 0.261491, 0.271122, 0.298693, 0.391683, 0.458016, 0.470885, 0.473027, 0.555303, 0.639281, 0.68274, 0.686225, 0.70541, 0.75765, 0.816334, 0.826616, 0.830606, 0.831894, 0.973178, 1, 

12,57,0.001, 0.0077726, 0.0247726, 0.0682432, 0.0790241, 0.153384, 0.164868, 1, 

15,36,0.001, 0.0077726, 0.0247726, 0.0682432, 0.0790241, 0.146915, 0.147161, 0.197847, 0.622079, 1, 

13,40,0.001, 0.0077726, 0.0247726, 0.0682432, 0.0790241, 0.146915, 0.153384, 1, 

Generation #45
34,34,0.001, 0.0077726, 0.0247726, 0.0682432, 0.0790241, 0.146915, 0.153384, 0.164868, 0.239562, 0.248211, 0.261491, 0.271122, 0.298693, 0.391683, 0.458016, 0.470885, 0.473027, 0.555303, 0.639281, 0.68274, 0.686225, 0.70541, 0.75765, 0.816334, 0.826616, 0.830606, 0.831894, 0.973178, 1, 

12,57,0.001, 0.0077726, 0.0247726, 0.0682432, 0.0790241, 0.153384, 0.164868, 1, 

15,36,0.001, 0.0077726, 0.0247726, 0.0682432, 0.0790241, 0.146915, 0.147161, 0.197847, 0.622079, 1, 

13,40,0.001, 0.0077726, 0.0247726, 0.0682432, 0.0790241, 0.146915, 0.153384, 1, 

Generation #46
34,34,0.001, 0.0077726, 0.0247726, 0.0682432, 0.0790241, 0.146915, 0.153384, 0.164868, 0.239562, 0.248211, 0.261491, 0.271122, 0.298693, 0.391683, 0.458016, 0.470885, 0.473027, 0.555303, 0.639281, 0.68274, 0.686225, 0.70541, 0.75765, 0.816334, 0.826616, 0.830606, 0.831894, 0.973178, 1, 

12,57,0.001, 0.0077726, 0.0247726, 0.0682432, 0.0790241, 0.153384, 0.164868, 1, 

15,36,0.001, 0.0077726, 0.0247726, 0.0682432, 0.0790241, 0.146915, 0.147161, 0.197847, 0.622079, 1, 

13,40,0.001, 0.0077726, 0.0247726, 0.0682432, 0.0790241, 0.146915, 0.153384, 1, 

Generation #47
34,34,0.001, 0.0077726, 0.0247726, 0.0682432, 0.0790241, 0.146915, 0.153384, 0.164868, 0.239562, 0.248211, 0.261491, 0.271122, 0.298693, 0.391683, 0.458016, 0.470885, 0.473027, 0.555303, 0.639281, 0.68274, 0.686225, 0.70541, 0.75765, 0.816334, 0.826616, 0.830606, 0.831894, 0.973178, 1, 

12,57,0.001, 0.0077726, 0.0247726, 0.0682432, 0.0790241, 0.153384, 0.164868, 1, 

15,36,0.001, 0.0077726, 0.0247726, 0.0682432, 0.0790241, 0.146915, 0.147161, 0.197847, 0.622079, 1, 

13,40,0.001, 0.0077726, 0.0247726, 0.0682432, 0.0790241, 0.146915, 0.153384, 1, 

Generation #48
34,34,0.001, 0.0077726, 0.0247726, 0.0682432, 0.0790241, 0.146915, 0.153384, 0.164868, 0.239562, 0.248211, 0.261491, 0.271122, 0.298693, 0.391683, 0.458016, 0.470885, 0.473027, 0.555303, 0.639281, 0.68274, 0.686225, 0.70541, 0.75765, 0.816334, 0.826616, 0.830606, 0.831894, 0.973178, 1, 

12,57,0.001, 0.0077726, 0.0247726, 0.0682432, 0.0790241, 0.153384, 0.164868, 1, 

15,36,0.001, 0.0077726, 0.0247726, 0.0682432, 0.0790241, 0.146915, 0.147161, 0.197847, 0.622079, 1, 

13,40,0.001, 0.0077726, 0.0247726, 0.0682432, 0.0790241, 0.146915, 0.153384, 1, 

Generation #49
34,34,0.001, 0.0077726, 0.0247726, 0.0682432, 0.0790241, 0.146915, 0.153384, 0.164868, 0.239562, 0.248211, 0.261491, 0.271122, 0.298693, 0.391683, 0.458016, 0.470885, 0.473027, 0.555303, 0.639281, 0.68274, 0.686225, 0.70541, 0.75765, 0.816334, 0.826616, 0.830606, 0.831894, 0.973178, 1, 

15,36,0.001, 0.0077726, 0.0247726, 0.0682432, 0.0790241, 0.146915, 0.147161, 0.197847, 0.622079, 1, 

12,53,0.001, 0.0077726, 0.0247726, 0.0682432, 0.0790241, 0.164868, 1, 

13,39,0.001, 0.0077726, 0.0247726, 0.0682432, 0.0790241, 0.153384, 0.164868, 1, 

--- Pareto Front Solutions ---
Solution 0: N total=58 (N_initial=24, N_added=34), Time total=37 ms, Saved to: ./results/2^30_t2_l3_pareto_0.csv, percents=0.001, 0.0077726, 0.0247726, 0.0682432, 0.0790241, 0.146915, 0.153384, 0.164868, 0.239562, 0.248211, 0.261491, 0.271122, 0.298693, 0.391683, 0.458016, 0.470885, 0.473027, 0.555303, 0.639281, 0.68274, 0.686225, 0.70541, 0.75765, 0.816334, 0.826616, 0.830606, 0.831894, 0.973178, 1, 

Solution 1: N total=39 (N_initial=24, N_added=15), Time total=39 ms, Saved to: ./results/2^30_t2_l3_pareto_1.csv, percents=0.001, 0.0077726, 0.0247726, 0.0682432, 0.0790241, 0.146915, 0.147161, 0.197847, 0.622079, 1, 

Solution 2: N total=36 (N_initial=24, N_added=12), Time total=56 ms, Saved to: ./results/2^30_t2_l3_pareto_2.csv, percents=0.001, 0.0077726, 0.0247726, 0.0682432, 0.0790241, 0.164868, 1, 

Solution 3: N total=37 (N_initial=24, N_added=13), Time total=42 ms, Saved to: ./results/2^30_t2_l3_pareto_3.csv, percents=0.001, 0.0077726, 0.0247726, 0.0682432, 0.0790241, 0.153384, 0.164868, 1, 

------------d=1, t=2, lambda=4, filename=./evaluation/2^30-t2_l4.csv------------
Grouping d-sets by partitioned row counts for detecting arrays...
Ready to look at pairs for detecting arrays...
First Stage N=28, Time=6
There are 27441 remaining non-locating pairs
--- Running GA Algorithm (phase2) ---
Running GA with std::execution::seq
Generation #0
25,209,0.001, 0.0157223, 0.0185466, 0.0605931, 0.171149, 0.308687, 0.378073, 0.39017, 0.39234, 0.524208, 0.652732, 0.797808, 0.86016, 0.91074, 1, 

33,151,0.001, 0.0149877, 0.0525713, 0.0558246, 0.0697349, 0.0707021, 0.0825444, 0.141366, 0.20273, 0.285278, 0.347104, 0.376456, 0.379634, 0.445135, 0.469136, 0.586919, 0.602945, 0.787689, 0.795596, 0.826373, 0.964425, 0.968782, 0.974197, 1, 

28,153,0.001, 0.0184303, 0.0237016, 0.0676543, 0.0690522, 0.102961, 0.148334, 0.192354, 0.237287, 0.395514, 0.451731, 0.465324, 0.525035, 0.624677, 0.735078, 0.756504, 0.767952, 0.833124, 0.868801, 0.935093, 1, 

26,180,0.001, 0.0149895, 0.0764709, 0.0792329, 0.090944, 0.107174, 0.199789, 0.207772, 0.269202, 0.291694, 0.799619, 0.820609, 0.857472, 0.908464, 0.916383, 0.918911, 0.956531, 1, 

20,238,0.001, 0.0285066, 0.0565675, 0.0709979, 0.197309, 0.238606, 0.247797, 0.529893, 0.612552, 0.857529, 1, 

Generation #1
19,164,0.001, 0.0184303, 0.0237016, 0.0676543, 0.0690522, 0.102961, 0.148334, 0.529893, 0.612552, 0.857529, 1, 

21,149,0.001, 0.0157223, 0.0185466, 0.0605931, 0.171149, 0.308687, 0.378073, 0.39017, 0.39234, 0.821925, 0.904968, 0.954825, 1, 

Generation #2
19,164,0.001, 0.0184303, 0.0237016, 0.0676543, 0.0690522, 0.102961, 0.148334, 0.529893, 0.612552, 0.857529, 1, 

21,149,0.001, 0.0157223, 0.0185466, 0.0605931, 0.171149, 0.308687, 0.378073, 0.39017, 0.39234, 0.821925, 0.904968, 0.954825, 1, 

20,162,0.001, 0.0184303, 0.0237016, 0.0676543, 0.0690522, 0.102961, 0.0569851, 0.331316, 0.338115, 0.383063, 0.410762, 0.440048, 1, 

28,125,0.001, 0.0135498, 0.0237016, 0.0676543, 0.0690522, 0.102961, 0.148334, 0.192354, 0.237287, 0.395514, 0.451731, 0.465324, 0.525035, 0.624677, 0.735078, 0.756504, 0.767952, 0.833124, 0.530733, 0.935093, 1, 

Generation #3
28,125,0.001, 0.0135498, 0.0237016, 0.0676543, 0.0690522, 0.102961, 0.148334, 0.192354, 0.237287, 0.395514, 0.451731, 0.465324, 0.525035, 0.624677, 0.735078, 0.756504, 0.767952, 0.833124, 0.530733, 0.935093, 1, 

22,130,0.001, 0.00794252, 0.0444116, 0.0602827, 0.0968662, 0.223437, 0.267397, 0.291574, 0.311129, 0.516117, 0.583236, 0.954825, 1, 

19,145,0.001, 0.0157223, 0.0185466, 0.0605931, 0.171149, 0.124966, 0.228005, 0.272096, 0.276348, 0.410762, 1, 

Generation #4
22,130,0.001, 0.00794252, 0.0444116, 0.0602827, 0.0968662, 0.223437, 0.267397, 0.291574, 0.311129, 0.516117, 0.583236, 0.954825, 1, 

19,145,0.001, 0.0157223, 0.0185466, 0.0605931, 0.171149, 0.124966, 0.228005, 0.272096, 0.276348, 0.410762, 1, 

21,134,0.001, 0.0135498, 0.0237016, 0.0676543, 0.0690522, 0.417568, 0.148334, 0.291574, 0.565141, 0.769589, 0.916709, 1, 

24,118,0.001, 0.00794252, 0.0444116, 0.0602827, 0.0968662, 0.267397, 0.291574, 0.565141, 0.769589, 0.916709, 0.779894, 0.765372, 0.902668, 0.96166, 1, 

28,116,0.001, 0.00794252, 0.0444116, 0.0602827, 0.0968662, 0.223437, 0.267397, 0.291574, 0.311129, 0.347477, 0.423482, 0.44994, 0.483923, 0.556288, 0.678476, 0.692321, 0.772629, 0.845245, 0.97925, 1, 

Generation #5
19,145,0.001, 0.0157223, 0.0185466, 0.0605931, 0.171149, 0.124966, 0.228005, 0.272096, 0.276348, 0.410762, 1, 

21,100,0.001, 0.00562352, 0.0146026, 0.0558246, 0.0697349, 0.0707021, 0.0825444, 0.141366, 0.20273, 0.285278, 0.904968, 0.954825, 1, 

20,140,0.001, 0.00794252, 0.0444116, 0.0602827, 0.111559, 0.124966, 0.228005, 0.272096, 0.612552, 0.857529, 1, 

Generation #6
21,100,0.001, 0.00562352, 0.0146026, 0.0558246, 0.0697349, 0.0707021, 0.0825444, 0.141366, 0.20273, 0.285278, 0.904968, 0.954825, 1, 

18,120,0.001, 0.00794252, 0.0185466, 0.0676543, 0.0690522, 0.102961, 0.0569851, 0.331316, 0.237287, 0.395514, 1, 

Generation #7
21,100,0.001, 0.00562352, 0.0146026, 0.0558246, 0.0697349, 0.0707021, 0.0825444, 0.141366, 0.20273, 0.285278, 0.904968, 0.954825, 1, 

18,120,0.001, 0.00794252, 0.0185466, 0.0676543, 0.0690522, 0.102961, 0.0569851, 0.331316, 0.237287, 0.395514, 1, 

Generation #8
21,100,0.001, 0.00562352, 0.0146026, 0.0558246, 0.0697349, 0.0707021, 0.0825444, 0.141366, 0.20273, 0.285278, 0.904968, 0.954825, 1, 

18,111,0.001, 0.00794252, 0.0185466, 0.0676543, 0.0690522, 0.102961, 0.0569851, 0.331316, 0.338115, 1, 

17,158,0.001, 0.00794252, 0.0185466, 0.0676543, 0.102961, 0.0569851, 0.612552, 0.857529, 1, 

Generation #9
21,100,0.001, 0.00562352, 0.0146026, 0.0558246, 0.0697349, 0.0707021, 0.0825444, 0.141366, 0.20273, 0.285278, 0.904968, 0.954825, 1, 

18,109,0.001, 0.00794252, 0.0185466, 0.0676543, 0.0690522, 0.102961, 0.0569851, 0.331316, 0.857529, 1, 

17,157,0.001, 0.0149877, 0.0558246, 0.0697349, 0.0707021, 0.0825444, 0.141366, 0.20273, 1, 

Generation #10
18,109,0.001, 0.00794252, 0.0185466, 0.0676543, 0.0690522, 0.102961, 0.0569851, 0.331316, 0.857529, 1, 

17,157,0.001, 0.0149877, 0.0558246, 0.0697349, 0.0707021, 0.0825444, 0.141366, 0.20273, 1, 

19,97,0.001, 0.00794252, 0.0185466, 0.0690522, 0.102961, 0.0569851, 0.331316, 0.20273, 0.285278, 0.904968, 1, 

Generation #11
19,97,0.001, 0.00794252, 0.0185466, 0.0690522, 0.102961, 0.0569851, 0.331316, 0.20273, 0.285278, 0.904968, 1, 

20,96,0.001, 0.00794252, 0.0185466, 0.0676543, 0.0968662, 0.0707021, 0.0825444, 0.141366, 0.20273, 0.285278, 0.347104, 1, 

18,104,0.001, 0.00562352, 0.0146026, 0.0558246, 0.0690522, 0.102961, 0.0569851, 0.331316, 0.857529, 1, 

17,148,0.001, 0.0157223, 0.0185466, 0.0558246, 0.102961, 0.0569851, 0.245652, 0.857529, 1, 

Generation #12
19,97,0.001, 0.00794252, 0.0185466, 0.0690522, 0.102961, 0.0569851, 0.331316, 0.20273, 0.285278, 0.904968, 1, 

20,96,0.001, 0.00794252, 0.0185466, 0.0676543, 0.0968662, 0.0707021, 0.0825444, 0.141366, 0.20273, 0.285278, 0.347104, 1, 

17,103,0.001, 0.00794252, 0.0185466, 0.0676543, 0.0968662, 0.0707021, 0.272096, 0.612552, 1, 

Generation #13
18,84,0.001, 0.00794252, 0.0146026, 0.0558246, 0.0697349, 0.0707021, 0.0825444, 0.141366, 0.338115, 0.383063, 1, 

17,92,0.001, 0.00794252, 0.0185466, 0.0558246, 0.0690522, 0.102961, 0.0569851, 0.338115, 1, 

Generation #14
18,84,0.001, 0.00794252, 0.0146026, 0.0558246, 0.0697349, 0.0707021, 0.0825444, 0.141366, 0.338115, 0.383063, 1, 

17,92,0.001, 0.00794252, 0.0185466, 0.0558246, 0.0690522, 0.102961, 0.0569851, 0.338115, 1, 

16,126,0.001, 0.00562352, 0.0146026, 0.0558246, 0.0968662, 0.0569851, 0.331316, 0.857529, 1, 

19,83,0.001, 0.00562352, 0.0146026, 0.0558246, 0.0697349, 0.0707021, 0.0825444, 0.141366, 0.20273, 0.285278, 0.904968, 1, 

Generation #15
18,84,0.001, 0.00794252, 0.0146026, 0.0558246, 0.0697349, 0.0707021, 0.0825444, 0.141366, 0.338115, 0.383063, 1, 

17,92,0.001, 0.00794252, 0.0185466, 0.0558246, 0.0690522, 0.102961, 0.0569851, 0.338115, 1, 

16,126,0.001, 0.00562352, 0.0146026, 0.0558246, 0.0968662, 0.0569851, 0.331316, 0.857529, 1, 

19,83,0.001, 0.00562352, 0.0146026, 0.0558246, 0.0697349, 0.0707021, 0.0825444, 0.141366, 0.20273, 0.285278, 0.904968, 1, 

Generation #16
18,84,0.001, 0.00794252, 0.0146026, 0.0558246, 0.0697349, 0.0707021, 0.0825444, 0.141366, 0.338115, 0.383063, 1, 

17,92,0.001, 0.00794252, 0.0185466, 0.0558246, 0.0690522, 0.102961, 0.0569851, 0.338115, 1, 

19,83,0.001, 0.00562352, 0.0146026, 0.0558246, 0.0697349, 0.0707021, 0.0825444, 0.141366, 0.20273, 0.285278, 0.904968, 1, 

16,111,0.001, 0.00794252, 0.0185466, 0.0676543, 0.0690522, 0.102961, 0.272096, 0.612552, 1, 

Generation #17
18,84,0.001, 0.00794252, 0.0146026, 0.0558246, 0.0697349, 0.0707021, 0.0825444, 0.141366, 0.338115, 0.383063, 1, 

17,92,0.001, 0.00794252, 0.0185466, 0.0558246, 0.0690522, 0.102961, 0.0569851, 0.338115, 1, 

19,83,0.001, 0.00562352, 0.0146026, 0.0558246, 0.0697349, 0.0707021, 0.0825444, 0.141366, 0.20273, 0.285278, 0.904968, 1, 

16,111,0.001, 0.00794252, 0.0185466, 0.0676543, 0.0690522, 0.102961, 0.272096, 0.612552, 1, 

Generation #18
18,84,0.001, 0.00794252, 0.0146026, 0.0558246, 0.0697349, 0.0707021, 0.0825444, 0.141366, 0.338115, 0.383063, 1, 

17,92,0.001, 0.00794252, 0.0185466, 0.0558246, 0.0690522, 0.102961, 0.0569851, 0.338115, 1, 

19,83,0.001, 0.00562352, 0.0146026, 0.0558246, 0.0697349, 0.0707021, 0.0825444, 0.141366, 0.20273, 0.285278, 0.904968, 1, 

16,111,0.001, 0.00794252, 0.0185466, 0.0676543, 0.0690522, 0.102961, 0.272096, 0.612552, 1, 

Generation #19
18,84,0.001, 0.00794252, 0.0146026, 0.0558246, 0.0697349, 0.0707021, 0.0825444, 0.141366, 0.338115, 0.383063, 1, 

17,92,0.001, 0.00794252, 0.0185466, 0.0558246, 0.0690522, 0.102961, 0.0569851, 0.338115, 1, 

19,83,0.001, 0.00562352, 0.0146026, 0.0558246, 0.0697349, 0.0707021, 0.0825444, 0.141366, 0.20273, 0.285278, 0.904968, 1, 

16,111,0.001, 0.00794252, 0.0185466, 0.0676543, 0.0690522, 0.102961, 0.272096, 0.612552, 1, 

Generation #20
18,84,0.001, 0.00794252, 0.0146026, 0.0558246, 0.0697349, 0.0707021, 0.0825444, 0.141366, 0.338115, 0.383063, 1, 

19,83,0.001, 0.00562352, 0.0146026, 0.0558246, 0.0697349, 0.0707021, 0.0825444, 0.141366, 0.20273, 0.285278, 0.904968, 1, 

17,91,0.001, 0.00794252, 0.0185466, 0.0276741, 0.0676543, 0.0707021, 0.0825444, 0.612552, 1, 

16,101,0.001, 0.00794252, 0.0185466, 0.0276741, 0.0676543, 0.0707021, 0.102961, 0.188865, 1, 

Generation #21
18,84,0.001, 0.00794252, 0.0146026, 0.0558246, 0.0697349, 0.0707021, 0.0825444, 0.141366, 0.338115, 0.383063, 1, 

19,83,0.001, 0.00562352, 0.0146026, 0.0558246, 0.0697349, 0.0707021, 0.0825444, 0.141366, 0.20273, 0.285278, 0.904968, 1, 

17,91,0.001, 0.00794252, 0.0185466, 0.0276741, 0.0676543, 0.0707021, 0.0825444, 0.612552, 1, 

16,101,0.001, 0.00794252, 0.0185466, 0.0276741, 0.0676543, 0.0707021, 0.102961, 0.188865, 1, 

Generation #22
18,84,0.001, 0.00794252, 0.0146026, 0.0558246, 0.0697349, 0.0707021, 0.0825444, 0.141366, 0.338115, 0.383063, 1, 

19,83,0.001, 0.00562352, 0.0146026, 0.0558246, 0.0697349, 0.0707021, 0.0825444, 0.141366, 0.20273, 0.285278, 0.904968, 1, 

16,101,0.001, 0.00794252, 0.0185466, 0.0276741, 0.0676543, 0.0707021, 0.102961, 0.188865, 1, 

17,88,0.001, 0.00794252, 0.0185466, 0.0276741, 0.0676543, 0.0707021, 0.102961, 0.188865, 1, 

Generation #23
16,81,0.001, 0.00794252, 0.0146026, 0.0276741, 0.0676543, 0.0707021, 0.102961, 0.188865, 1, 

Generation #24
16,81,0.001, 0.00794252, 0.0146026, 0.0276741, 0.0676543, 0.0707021, 0.102961, 0.188865, 1, 

15,176,0.001, 0.00794252, 0.0185466, 0.0276741, 0.0676543, 0.612552, 1, 

Generation #25
16,81,0.001, 0.00794252, 0.0146026, 0.0276741, 0.0676543, 0.0707021, 0.102961, 0.188865, 1, 

15,176,0.001, 0.00794252, 0.0185466, 0.0276741, 0.0676543, 0.612552, 1, 

17,80,0.001, 0.00794252, 0.0146026, 0.0276741, 0.0676543, 0.0690522, 0.331316, 0.857529, 1, 

Generation #26
16,81,0.001, 0.00794252, 0.0146026, 0.0276741, 0.0676543, 0.0707021, 0.102961, 0.188865, 1, 

15,176,0.001, 0.00794252, 0.0185466, 0.0276741, 0.0676543, 0.612552, 1, 

17,80,0.001, 0.00794252, 0.0146026, 0.0276741, 0.0676543, 0.0690522, 0.331316, 0.857529, 1, 

Generation #27
16,81,0.001, 0.00794252, 0.0146026, 0.0276741, 0.0676543, 0.0707021, 0.102961, 0.188865, 1, 

15,176,0.001, 0.00794252, 0.0185466, 0.0276741, 0.0676543, 0.612552, 1, 

17,80,0.001, 0.00794252, 0.0146026, 0.0276741, 0.0676543, 0.0690522, 0.331316, 0.857529, 1, 

Generation #28
16,81,0.001, 0.00794252, 0.0146026, 0.0276741, 0.0676543, 0.0707021, 0.102961, 0.188865, 1, 

17,80,0.001, 0.00794252, 0.0146026, 0.0276741, 0.0676543, 0.0690522, 0.331316, 0.857529, 1, 

15,106,0.001, 0.00562352, 0.0146026, 0.0276741, 0.0676543, 0.0707021, 0.188865, 1, 

Generation #29
16,81,0.001, 0.00794252, 0.0146026, 0.0276741, 0.0676543, 0.0707021, 0.102961, 0.188865, 1, 

17,80,0.001, 0.00794252, 0.0146026, 0.0276741, 0.0676543, 0.0690522, 0.331316, 0.857529, 1, 

15,106,0.001, 0.00562352, 0.0146026, 0.0276741, 0.0676543, 0.0707021, 0.188865, 1, 

Generation #30
16,81,0.001, 0.00794252, 0.0146026, 0.0276741, 0.0676543, 0.0707021, 0.102961, 0.188865, 1, 

17,80,0.001, 0.00794252, 0.0146026, 0.0276741, 0.0676543, 0.0690522, 0.331316, 0.857529, 1, 

15,88,0.001, 0.00562352, 0.0146026, 0.0276741, 0.0690522, 0.102961, 0.188865, 1, 

Generation #31
16,81,0.001, 0.00794252, 0.0146026, 0.0276741, 0.0676543, 0.0707021, 0.102961, 0.188865, 1, 

17,80,0.001, 0.00794252, 0.0146026, 0.0276741, 0.0676543, 0.0690522, 0.331316, 0.857529, 1, 

15,88,0.001, 0.00562352, 0.0146026, 0.0276741, 0.0690522, 0.102961, 0.188865, 1, 

Generation #32
16,81,0.001, 0.00794252, 0.0146026, 0.0276741, 0.0676543, 0.0707021, 0.102961, 0.188865, 1, 

17,80,0.001, 0.00794252, 0.0146026, 0.0276741, 0.0676543, 0.0690522, 0.331316, 0.857529, 1, 

15,88,0.001, 0.00562352, 0.0146026, 0.0276741, 0.0690522, 0.102961, 0.188865, 1, 

Generation #33
16,81,0.001, 0.00794252, 0.0146026, 0.0276741, 0.0676543, 0.0707021, 0.102961, 0.188865, 1, 

17,80,0.001, 0.00794252, 0.0146026, 0.0276741, 0.0676543, 0.0690522, 0.331316, 0.857529, 1, 

15,88,0.001, 0.00562352, 0.0146026, 0.0276741, 0.0690522, 0.102961, 0.188865, 1, 

Generation #34
16,81,0.001, 0.00794252, 0.0146026, 0.0276741, 0.0676543, 0.0707021, 0.102961, 0.188865, 1, 

17,80,0.001, 0.00794252, 0.0146026, 0.0276741, 0.0676543, 0.0690522, 0.331316, 0.857529, 1, 

15,88,0.001, 0.00562352, 0.0146026, 0.0276741, 0.0690522, 0.102961, 0.188865, 1, 

Generation #35
16,81,0.001, 0.00794252, 0.0146026, 0.0276741, 0.0676543, 0.0707021, 0.102961, 0.188865, 1, 

17,80,0.001, 0.00794252, 0.0146026, 0.0276741, 0.0676543, 0.0690522, 0.331316, 0.857529, 1, 

15,88,0.001, 0.00562352, 0.0146026, 0.0276741, 0.0690522, 0.102961, 0.188865, 1, 

14,392,0.001, 0.00794252, 0.0185466, 0.0676543, 1, 

Generation #36
16,81,0.001, 0.00794252, 0.0146026, 0.0276741, 0.0676543, 0.0707021, 0.102961, 0.188865, 1, 

17,80,0.001, 0.00794252, 0.0146026, 0.0276741, 0.0676543, 0.0690522, 0.331316, 0.857529, 1, 

15,88,0.001, 0.00562352, 0.0146026, 0.0276741, 0.0690522, 0.102961, 0.188865, 1, 

14,392,0.001, 0.00794252, 0.0185466, 0.0676543, 1, 

Generation #37
16,81,0.001, 0.00794252, 0.0146026, 0.0276741, 0.0676543, 0.0707021, 0.102961, 0.188865, 1, 

17,80,0.001, 0.00794252, 0.0146026, 0.0276741, 0.0676543, 0.0690522, 0.331316, 0.857529, 1, 

15,88,0.001, 0.00562352, 0.0146026, 0.0276741, 0.0690522, 0.102961, 0.188865, 1, 

14,392,0.001, 0.00794252, 0.0185466, 0.0676543, 1, 

Generation #38
16,81,0.001, 0.00794252, 0.0146026, 0.0276741, 0.0676543, 0.0707021, 0.102961, 0.188865, 1, 

17,80,0.001, 0.00794252, 0.0146026, 0.0276741, 0.0676543, 0.0690522, 0.331316, 0.857529, 1, 

15,88,0.001, 0.00562352, 0.0146026, 0.0276741, 0.0690522, 0.102961, 0.188865, 1, 

14,314,0.001, 0.00794252, 0.0185466, 0.0676543, 1, 

Generation #39
16,81,0.001, 0.00794252, 0.0146026, 0.0276741, 0.0676543, 0.0707021, 0.102961, 0.188865, 1, 

17,80,0.001, 0.00794252, 0.0146026, 0.0276741, 0.0676543, 0.0690522, 0.331316, 0.857529, 1, 

15,88,0.001, 0.00562352, 0.0146026, 0.0276741, 0.0690522, 0.102961, 0.188865, 1, 

14,314,0.001, 0.00794252, 0.0185466, 0.0676543, 1, 

Generation #40
16,81,0.001, 0.00794252, 0.0146026, 0.0276741, 0.0676543, 0.0707021, 0.102961, 0.188865, 1, 

15,88,0.001, 0.00562352, 0.0146026, 0.0276741, 0.0690522, 0.102961, 0.188865, 1, 

17,74,0.001, 0.00794252, 0.0146026, 0.0276741, 0.0676543, 0.0690522, 0.102961, 0.0569851, 1, 

14,239,0.001, 0.00794252, 0.0146026, 0.0558246, 0.0697349, 1, 

Generation #41
16,81,0.001, 0.00794252, 0.0146026, 0.0276741, 0.0676543, 0.0707021, 0.102961, 0.188865, 1, 

15,88,0.001, 0.00562352, 0.0146026, 0.0276741, 0.0690522, 0.102961, 0.188865, 1, 

17,74,0.001, 0.00794252, 0.0146026, 0.0276741, 0.0676543, 0.0690522, 0.102961, 0.0569851, 1, 

14,239,0.001, 0.00794252, 0.0146026, 0.0558246, 0.0697349, 1, 

Generation #42
16,81,0.001, 0.00794252, 0.0146026, 0.0276741, 0.0676543, 0.0707021, 0.102961, 0.188865, 1, 

15,88,0.001, 0.00562352, 0.0146026, 0.0276741, 0.0690522, 0.102961, 0.188865, 1, 

17,74,0.001, 0.00794252, 0.0146026, 0.0276741, 0.0676543, 0.0690522, 0.102961, 0.0569851, 1, 

14,239,0.001, 0.00794252, 0.0146026, 0.0558246, 0.0697349, 1, 

Generation #43
16,81,0.001, 0.00794252, 0.0146026, 0.0276741, 0.0676543, 0.0707021, 0.102961, 0.188865, 1, 

15,88,0.001, 0.00562352, 0.0146026, 0.0276741, 0.0690522, 0.102961, 0.188865, 1, 

17,74,0.001, 0.00794252, 0.0146026, 0.0276741, 0.0676543, 0.0690522, 0.102961, 0.0569851, 1, 

14,239,0.001, 0.00794252, 0.0146026, 0.0558246, 0.0697349, 1, 

Generation #44
16,81,0.001, 0.00794252, 0.0146026, 0.0276741, 0.0676543, 0.0707021, 0.102961, 0.188865, 1, 

15,88,0.001, 0.00562352, 0.0146026, 0.0276741, 0.0690522, 0.102961, 0.188865, 1, 

17,74,0.001, 0.00794252, 0.0146026, 0.0276741, 0.0676543, 0.0690522, 0.102961, 0.0569851, 1, 

14,239,0.001, 0.00794252, 0.0146026, 0.0558246, 0.0697349, 1, 

Generation #45
15,88,0.001, 0.00562352, 0.0146026, 0.0276741, 0.0690522, 0.102961, 0.188865, 1, 

17,74,0.001, 0.00794252, 0.0146026, 0.0276741, 0.0676543, 0.0690522, 0.102961, 0.0569851, 1, 

14,239,0.001, 0.00794252, 0.0146026, 0.0558246, 0.0697349, 1, 

16,79,0.001, 0.00794252, 0.0185466, 0.0276741, 0.0676543, 0.0690522, 0.102961, 0.0569851, 1, 

Generation #46
15,88,0.001, 0.00562352, 0.0146026, 0.0276741, 0.0690522, 0.102961, 0.188865, 1, 

17,74,0.001, 0.00794252, 0.0146026, 0.0276741, 0.0676543, 0.0690522, 0.102961, 0.0569851, 1, 

14,239,0.001, 0.00794252, 0.0146026, 0.0558246, 0.0697349, 1, 

16,79,0.001, 0.00794252, 0.0185466, 0.0276741, 0.0676543, 0.0690522, 0.102961, 0.0569851, 1, 

Generation #47
15,88,0.001, 0.00562352, 0.0146026, 0.0276741, 0.0690522, 0.102961, 0.188865, 1, 

17,74,0.001, 0.00794252, 0.0146026, 0.0276741, 0.0676543, 0.0690522, 0.102961, 0.0569851, 1, 

14,239,0.001, 0.00794252, 0.0146026, 0.0558246, 0.0697349, 1, 

16,79,0.001, 0.00794252, 0.0185466, 0.0276741, 0.0676543, 0.0690522, 0.102961, 0.0569851, 1, 

Generation #48
15,88,0.001, 0.00562352, 0.0146026, 0.0276741, 0.0690522, 0.102961, 0.188865, 1, 

17,74,0.001, 0.00794252, 0.0146026, 0.0276741, 0.0676543, 0.0690522, 0.102961, 0.0569851, 1, 

14,239,0.001, 0.00794252, 0.0146026, 0.0558246, 0.0697349, 1, 

16,79,0.001, 0.00794252, 0.0185466, 0.0276741, 0.0676543, 0.0690522, 0.102961, 0.0569851, 1, 

Generation #49
15,88,0.001, 0.00562352, 0.0146026, 0.0276741, 0.0690522, 0.102961, 0.188865, 1, 

17,74,0.001, 0.00794252, 0.0146026, 0.0276741, 0.0676543, 0.0690522, 0.102961, 0.0569851, 1, 

16,79,0.001, 0.00794252, 0.0185466, 0.0276741, 0.0676543, 0.0690522, 0.102961, 0.0569851, 1, 

14,209,0.001, 0.00794252, 0.0185466, 0.0276741, 0.0676543, 1, 

--- Pareto Front Solutions ---
Solution 0: N total=43 (N_initial=28, N_added=15), Time total=94 ms, Saved to: ./results/2^30_t2_l4_pareto_0.csv, percents=0.001, 0.00562352, 0.0146026, 0.0276741, 0.0690522, 0.102961, 0.188865, 1, 

Solution 1: N total=45 (N_initial=28, N_added=17), Time total=80 ms, Saved to: ./results/2^30_t2_l4_pareto_1.csv, percents=0.001, 0.00794252, 0.0146026, 0.0276741, 0.0676543, 0.0690522, 0.102961, 0.0569851, 1, 

Solution 2: N total=44 (N_initial=28, N_added=16), Time total=85 ms, Saved to: ./results/2^30_t2_l4_pareto_2.csv, percents=0.001, 0.00794252, 0.0185466, 0.0276741, 0.0676543, 0.0690522, 0.102961, 0.0569851, 1, 

Solution 3: N total=42 (N_initial=28, N_added=14), Time total=215 ms, Saved to: ./results/2^30_t2_l4_pareto_3.csv, percents=0.001, 0.00794252, 0.0185466, 0.0276741, 0.0676543, 1, 

