------------d=1, t=2, lambda=1, filename=./evaluation/2^30-t2_l1.csv------------
Computing partitioned counts of d-sets...
Ready to look at pairs based on partitioned counts...
First Stage N=12, Time=5
There are 3676 remaining non-locating pairs
--- Running GA Algorithm (phase2) ---
Running GA with std::execution::par
Generation #0
27,171,0.001, 0.00563984, 0.0472926, 0.0698625, 0.0751163, 0.198198, 0.226628, 0.274555, 0.301448, 0.330416, 0.408317, 0.413537, 0.600954, 0.665264, 0.673547, 0.693171, 0.748014, 0.773028, 0.803385, 0.892334, 0.903401, 1, 

17,535,0.001, 0.139605, 0.219523, 0.33745, 0.371203, 0.465486, 0.467519, 0.710549, 0.845754, 0.979017, 1, 

28,93,0.001, 0.0219461, 0.0261442, 0.0262016, 0.0663368, 0.100799, 0.164494, 0.217953, 0.230267, 0.239707, 0.475426, 0.477239, 0.511489, 0.606937, 0.610299, 0.685118, 0.749872, 0.761045, 0.79815, 0.843834, 0.85952, 0.956795, 1, 

23,189,0.001, 0.0141455, 0.0218816, 0.0456565, 0.126535, 0.171676, 0.223503, 0.360442, 0.365705, 0.45636, 0.479251, 0.508095, 0.573131, 0.69156, 0.698453, 0.828251, 0.841254, 0.951562, 1, 

19,333,0.001, 0.0498482, 0.216652, 0.249468, 0.280081, 0.356849, 0.456092, 0.578588, 0.814896, 0.815772, 0.872318, 0.886671, 0.887786, 1, 

21,225,0.001, 0.0485364, 0.0638381, 0.103473, 0.112512, 0.157387, 0.207509, 0.233497, 0.34024, 0.425078, 0.623749, 0.642961, 0.77327, 0.821051, 0.86027, 0.97724, 1, 

Generation #1
21,85,0.001, 0.0219461, 0.0261442, 0.0262016, 0.0663368, 0.100799, 0.164494, 0.217953, 0.230267, 0.239707, 0.475426, 0.477239, 0.511489, 0.606937, 0.610299, 0.685118, 0.952596, 1, 

25,75,0.001, 0.0211516, 0.0392133, 0.0765168, 0.109886, 0.119161, 0.216399, 0.246362, 0.302584, 0.345675, 0.346068, 0.390185, 0.443204, 0.455689, 0.522106, 0.532403, 0.55521, 0.863046, 0.870344, 0.885862, 1, 

18,117,0.001, 0.0485364, 0.0638381, 0.112512, 0.157387, 0.207509, 0.233497, 0.34024, 0.425078, 0.623749, 0.886671, 0.887786, 1, 

17,156,0.001, 0.0286291, 0.116194, 0.173364, 0.310477, 0.35378, 0.384272, 0.398746, 0.406522, 0.725532, 0.990146, 1, 

19,90,0.001, 0.0219461, 0.0261442, 0.0262016, 0.266876, 0.268594, 0.459387, 0.461979, 0.480012, 0.650595, 0.662716, 0.705202, 0.789084, 1, 

Generation #2
31,59,0.001, 0.016831, 0.0528152, 0.0980615, 0.106911, 0.119235, 0.150345, 0.17776, 0.247358, 0.299091, 0.400537, 0.470213, 0.492376, 0.576229, 0.613618, 0.67643, 0.75629, 0.776041, 0.831382, 0.839098, 0.75492, 0.778334, 0.828504, 0.918703, 0.937746, 1, 

16,66,0.001, 0.0211516, 0.0392133, 0.0765168, 0.109886, 0.119161, 0.216399, 0.398746, 0.406522, 0.725532, 0.990146, 1, 

19,61,0.001, 0.0141455, 0.0218816, 0.0456565, 0.126535, 0.171676, 0.223503, 0.360442, 0.480012, 0.650595, 0.662716, 0.705202, 0.789084, 1, 

Generation #3
16,66,0.001, 0.0211516, 0.0392133, 0.0765168, 0.109886, 0.119161, 0.216399, 0.398746, 0.406522, 0.725532, 0.990146, 1, 

17,55,0.001, 0.0141455, 0.0218816, 0.0456565, 0.126535, 0.171676, 0.562477, 0.398746, 0.406522, 0.725532, 0.990146, 1, 

15,77,0.001, 0.0211516, 0.0392133, 0.0765168, 0.109886, 0.119161, 0.216399, 0.398746, 0.406522, 0.990146, 1, 

33,51,0.001, 0.0141455, 0.0218816, 0.0456565, 0.126535, 0.171676, 0.562477, 0.360442, 0.365705, 0.45636, 0.352138, 0.413039, 0.608711, 0.629831, 0.648283, 0.693314, 0.753794, 0.552769, 0.560013, 0.704687, 0.713675, 0.738961, 0.761479, 0.761965, 0.804252, 0.900865, 0.94796, 1, 

Generation #4
16,66,0.001, 0.0211516, 0.0392133, 0.0765168, 0.109886, 0.119161, 0.216399, 0.398746, 0.406522, 0.725532, 0.990146, 1, 

17,55,0.001, 0.0141455, 0.0218816, 0.0456565, 0.126535, 0.171676, 0.562477, 0.398746, 0.406522, 0.725532, 0.990146, 1, 

15,77,0.001, 0.0211516, 0.0392133, 0.0765168, 0.109886, 0.119161, 0.216399, 0.398746, 0.406522, 0.990146, 1, 

33,51,0.001, 0.0141455, 0.0218816, 0.0456565, 0.126535, 0.171676, 0.562477, 0.360442, 0.365705, 0.45636, 0.352138, 0.413039, 0.608711, 0.629831, 0.648283, 0.693314, 0.753794, 0.552769, 0.560013, 0.704687, 0.713675, 0.738961, 0.761479, 0.761965, 0.804252, 0.900865, 0.94796, 1, 

Generation #5
15,77,0.001, 0.0211516, 0.0392133, 0.0765168, 0.109886, 0.119161, 0.216399, 0.398746, 0.406522, 0.990146, 1, 

17,50,0.001, 0.00563984, 0.0472926, 0.0698625, 0.0751163, 0.198198, 0.562477, 0.398746, 0.406522, 0.725532, 0.990146, 1, 

27,44,0.001, 0.0141455, 0.0218816, 0.0456565, 0.126535, 0.171676, 0.562477, 0.360442, 0.365705, 0.45636, 0.352138, 0.413039, 0.608711, 0.629831, 0.648283, 0.708433, 0.693314, 0.753794, 0.76718, 0.888482, 0.910419, 0.911522, 1, 

16,65,0.001, 0.0219461, 0.0261442, 0.0262016, 0.0663368, 0.100799, 0.164494, 0.217953, 0.230267, 0.950905, 0.999048, 1, 

34,42,0.001, 0.00563984, 0.0472926, 0.0698625, 0.0751163, 0.198198, 0.226628, 0.274555, 0.301448, 0.330416, 0.398864, 0.409995, 0.421386, 0.447858, 0.511963, 0.604414, 0.646296, 0.649432, 0.739572, 0.741345, 0.820452, 0.829236, 0.40027, 0.846398, 0.914191, 0.918131, 0.900865, 0.94796, 1, 

Generation #6
15,77,0.001, 0.0211516, 0.0392133, 0.0765168, 0.109886, 0.119161, 0.216399, 0.398746, 0.406522, 0.990146, 1, 

17,50,0.001, 0.00563984, 0.0472926, 0.0698625, 0.0751163, 0.198198, 0.562477, 0.398746, 0.406522, 0.725532, 0.990146, 1, 

27,44,0.001, 0.0141455, 0.0218816, 0.0456565, 0.126535, 0.171676, 0.562477, 0.360442, 0.365705, 0.45636, 0.352138, 0.413039, 0.608711, 0.629831, 0.648283, 0.708433, 0.693314, 0.753794, 0.76718, 0.888482, 0.910419, 0.911522, 1, 

16,65,0.001, 0.0219461, 0.0261442, 0.0262016, 0.0663368, 0.100799, 0.164494, 0.217953, 0.230267, 0.950905, 0.999048, 1, 

34,42,0.001, 0.00563984, 0.0472926, 0.0698625, 0.0751163, 0.198198, 0.226628, 0.274555, 0.301448, 0.330416, 0.398864, 0.409995, 0.421386, 0.447858, 0.511963, 0.604414, 0.646296, 0.649432, 0.739572, 0.741345, 0.820452, 0.829236, 0.40027, 0.846398, 0.914191, 0.918131, 0.900865, 0.94796, 1, 

Generation #7
15,77,0.001, 0.0211516, 0.0392133, 0.0765168, 0.109886, 0.119161, 0.216399, 0.398746, 0.406522, 0.990146, 1, 

27,44,0.001, 0.0141455, 0.0218816, 0.0456565, 0.126535, 0.171676, 0.562477, 0.360442, 0.365705, 0.45636, 0.352138, 0.413039, 0.608711, 0.629831, 0.648283, 0.708433, 0.693314, 0.753794, 0.76718, 0.888482, 0.910419, 0.911522, 1, 

16,45,0.001, 0.0141455, 0.0218816, 0.0456565, 0.126535, 0.171676, 0.562477, 0.398746, 0.406522, 0.725532, 0.990146, 1, 

30,39,0.001, 0.0141455, 0.0261442, 0.0262016, 0.0663368, 0.100799, 0.164494, 0.217953, 0.406245, 0.330416, 0.398864, 0.409995, 0.421386, 0.447858, 0.511963, 0.604414, 0.646296, 0.649432, 0.739572, 0.741345, 0.820452, 0.829236, 0.846398, 0.914191, 0.918131, 1, 

Generation #8
15,77,0.001, 0.0211516, 0.0392133, 0.0765168, 0.109886, 0.119161, 0.216399, 0.398746, 0.406522, 0.990146, 1, 

27,44,0.001, 0.0141455, 0.0218816, 0.0456565, 0.126535, 0.171676, 0.562477, 0.360442, 0.365705, 0.45636, 0.352138, 0.413039, 0.608711, 0.629831, 0.648283, 0.708433, 0.693314, 0.753794, 0.76718, 0.888482, 0.910419, 0.911522, 1, 

16,45,0.001, 0.0141455, 0.0218816, 0.0456565, 0.126535, 0.171676, 0.562477, 0.398746, 0.406522, 0.725532, 0.990146, 1, 

30,39,0.001, 0.0141455, 0.0261442, 0.0262016, 0.0663368, 0.100799, 0.164494, 0.217953, 0.406245, 0.330416, 0.398864, 0.409995, 0.421386, 0.447858, 0.511963, 0.604414, 0.646296, 0.649432, 0.739572, 0.741345, 0.820452, 0.829236, 0.846398, 0.914191, 0.918131, 1, 

14,90,0.001, 0.0234395, 0.0392133, 0.0765168, 0.109886, 0.119161, 0.216399, 0.398746, 0.406522, 0.990146, 1, 

Generation #9
16,45,0.001, 0.0141455, 0.0218816, 0.0456565, 0.126535, 0.171676, 0.562477, 0.398746, 0.406522, 0.725532, 0.990146, 1, 

14,90,0.001, 0.0234395, 0.0392133, 0.0765168, 0.109886, 0.119161, 0.216399, 0.398746, 0.406522, 0.990146, 1, 

34,36,0.001, 0.0141455, 0.0218816, 0.0456565, 0.126535, 0.171676, 0.562477, 0.360442, 0.480012, 0.650595, 0.724175, 0.7556, 0.828216, 0.865924, 0.511963, 0.604414, 0.646296, 0.649432, 0.739572, 0.741345, 0.820452, 0.829236, 0.40027, 0.846398, 0.914191, 0.918131, 0.900865, 0.94796, 1, 

15,49,0.001, 0.00563984, 0.0472926, 0.0698625, 0.0751163, 0.198198, 0.216399, 0.398746, 0.406522, 0.990146, 1, 

19,39,0.001, 0.0141455, 0.0392133, 0.0765168, 0.0663368, 0.177952, 0.360248, 0.53307, 0.637868, 0.746564, 0.864514, 0.870374, 0.884463, 0.912551, 0.952596, 1, 

Generation #10
16,45,0.001, 0.0141455, 0.0218816, 0.0456565, 0.126535, 0.171676, 0.562477, 0.398746, 0.406522, 0.725532, 0.990146, 1, 

14,90,0.001, 0.0234395, 0.0392133, 0.0765168, 0.109886, 0.119161, 0.216399, 0.398746, 0.406522, 0.990146, 1, 

34,36,0.001, 0.0141455, 0.0218816, 0.0456565, 0.126535, 0.171676, 0.562477, 0.360442, 0.480012, 0.650595, 0.724175, 0.7556, 0.828216, 0.865924, 0.511963, 0.604414, 0.646296, 0.649432, 0.739572, 0.741345, 0.820452, 0.829236, 0.40027, 0.846398, 0.914191, 0.918131, 0.900865, 0.94796, 1, 

15,49,0.001, 0.00563984, 0.0472926, 0.0698625, 0.0751163, 0.198198, 0.216399, 0.398746, 0.406522, 0.990146, 1, 

17,38,0.001, 0.00563984, 0.0218816, 0.0456565, 0.126535, 0.171676, 0.562477, 0.360442, 0.650595, 0.51422, 0.662716, 0.705202, 1, 

Generation #11
16,45,0.001, 0.0141455, 0.0218816, 0.0456565, 0.126535, 0.171676, 0.562477, 0.398746, 0.406522, 0.725532, 0.990146, 1, 

14,90,0.001, 0.0234395, 0.0392133, 0.0765168, 0.109886, 0.119161, 0.216399, 0.398746, 0.406522, 0.990146, 1, 

34,36,0.001, 0.0141455, 0.0218816, 0.0456565, 0.126535, 0.171676, 0.562477, 0.360442, 0.480012, 0.650595, 0.724175, 0.7556, 0.828216, 0.865924, 0.511963, 0.604414, 0.646296, 0.649432, 0.739572, 0.741345, 0.820452, 0.829236, 0.40027, 0.846398, 0.914191, 0.918131, 0.900865, 0.94796, 1, 

15,49,0.001, 0.00563984, 0.0472926, 0.0698625, 0.0751163, 0.198198, 0.216399, 0.398746, 0.406522, 0.990146, 1, 

17,38,0.001, 0.00563984, 0.0218816, 0.0456565, 0.126535, 0.171676, 0.562477, 0.360442, 0.650595, 0.51422, 0.662716, 0.705202, 1, 

Generation #12
16,45,0.001, 0.0141455, 0.0218816, 0.0456565, 0.126535, 0.171676, 0.562477, 0.398746, 0.406522, 0.725532, 0.990146, 1, 

14,90,0.001, 0.0234395, 0.0392133, 0.0765168, 0.109886, 0.119161, 0.216399, 0.398746, 0.406522, 0.990146, 1, 

34,36,0.001, 0.0141455, 0.0218816, 0.0456565, 0.126535, 0.171676, 0.562477, 0.360442, 0.480012, 0.650595, 0.724175, 0.7556, 0.828216, 0.865924, 0.511963, 0.604414, 0.646296, 0.649432, 0.739572, 0.741345, 0.820452, 0.829236, 0.40027, 0.846398, 0.914191, 0.918131, 0.900865, 0.94796, 1, 

15,49,0.001, 0.00563984, 0.0472926, 0.0698625, 0.0751163, 0.198198, 0.216399, 0.398746, 0.406522, 0.990146, 1, 

17,38,0.001, 0.00563984, 0.0218816, 0.0456565, 0.126535, 0.171676, 0.562477, 0.360442, 0.650595, 0.51422, 0.662716, 0.705202, 1, 

Generation #13
16,45,0.001, 0.0141455, 0.0218816, 0.0456565, 0.126535, 0.171676, 0.562477, 0.398746, 0.406522, 0.725532, 0.990146, 1, 

15,49,0.001, 0.00563984, 0.0472926, 0.0698625, 0.0751163, 0.198198, 0.216399, 0.398746, 0.406522, 0.990146, 1, 

17,38,0.001, 0.00563984, 0.0218816, 0.0456565, 0.126535, 0.171676, 0.562477, 0.360442, 0.650595, 0.51422, 0.662716, 0.705202, 1, 

14,84,0.001, 0.0211516, 0.0392133, 0.0765168, 0.109886, 0.119161, 0.216399, 0.398746, 0.999048, 1, 

26,29,0.001, 0.00563984, 0.0261442, 0.0262016, 0.0663368, 0.100799, 0.164494, 0.217953, 0.230267, 0.239707, 0.475426, 0.477239, 0.511489, 0.606937, 0.648283, 0.693314, 0.00666159, 0.76718, 0.888482, 0.888482, 0.910419, 0.911522, 1, 

Generation #14
16,45,0.001, 0.0141455, 0.0218816, 0.0456565, 0.126535, 0.171676, 0.562477, 0.398746, 0.406522, 0.725532, 0.990146, 1, 

15,49,0.001, 0.00563984, 0.0472926, 0.0698625, 0.0751163, 0.198198, 0.216399, 0.398746, 0.406522, 0.990146, 1, 

17,38,0.001, 0.00563984, 0.0218816, 0.0456565, 0.126535, 0.171676, 0.562477, 0.360442, 0.650595, 0.51422, 0.662716, 0.705202, 1, 

14,84,0.001, 0.0211516, 0.0392133, 0.0765168, 0.109886, 0.119161, 0.216399, 0.398746, 0.999048, 1, 

26,29,0.001, 0.00563984, 0.0261442, 0.0262016, 0.0663368, 0.100799, 0.164494, 0.217953, 0.230267, 0.239707, 0.475426, 0.477239, 0.511489, 0.606937, 0.648283, 0.693314, 0.00666159, 0.76718, 0.888482, 0.888482, 0.910419, 0.911522, 1, 

Generation #15
16,45,0.001, 0.0141455, 0.0218816, 0.0456565, 0.126535, 0.171676, 0.562477, 0.398746, 0.406522, 0.725532, 0.990146, 1, 

15,49,0.001, 0.00563984, 0.0472926, 0.0698625, 0.0751163, 0.198198, 0.216399, 0.398746, 0.406522, 0.990146, 1, 

17,38,0.001, 0.00563984, 0.0218816, 0.0456565, 0.126535, 0.171676, 0.562477, 0.360442, 0.650595, 0.51422, 0.662716, 0.705202, 1, 

26,29,0.001, 0.00563984, 0.0261442, 0.0262016, 0.0663368, 0.100799, 0.164494, 0.217953, 0.230267, 0.239707, 0.475426, 0.477239, 0.511489, 0.606937, 0.648283, 0.693314, 0.00666159, 0.76718, 0.888482, 0.888482, 0.910419, 0.911522, 1, 

14,75,0.001, 0.0141455, 0.0261442, 0.0262016, 0.171676, 0.398746, 0.950905, 0.365705, 0.990146, 1, 

Generation #16
15,49,0.001, 0.00563984, 0.0472926, 0.0698625, 0.0751163, 0.198198, 0.216399, 0.398746, 0.406522, 0.990146, 1, 

17,38,0.001, 0.00563984, 0.0218816, 0.0456565, 0.126535, 0.171676, 0.562477, 0.360442, 0.650595, 0.51422, 0.662716, 0.705202, 1, 

26,29,0.001, 0.00563984, 0.0261442, 0.0262016, 0.0663368, 0.100799, 0.164494, 0.217953, 0.230267, 0.239707, 0.475426, 0.477239, 0.511489, 0.606937, 0.648283, 0.693314, 0.00666159, 0.76718, 0.888482, 0.888482, 0.910419, 0.911522, 1, 

14,61,0.001, 0.00563984, 0.0472926, 0.0456565, 0.109886, 0.119161, 0.216399, 0.398746, 0.999048, 1, 

18,34,0.001, 0.00563984, 0.0218816, 0.0456565, 0.126535, 0.171676, 0.562477, 0.360442, 0.480012, 0.650595, 0.51422, 0.662716, 0.705202, 1, 

16,41,0.001, 0.0141455, 0.0218816, 0.0456565, 0.126535, 0.119161, 0.216399, 0.398746, 0.406522, 0.650595, 0.990146, 1, 

Generation #17
26,29,0.001, 0.00563984, 0.0261442, 0.0262016, 0.0663368, 0.100799, 0.164494, 0.217953, 0.230267, 0.239707, 0.475426, 0.477239, 0.511489, 0.606937, 0.648283, 0.693314, 0.00666159, 0.76718, 0.888482, 0.888482, 0.910419, 0.911522, 1, 

15,34,0.001, 0.0141455, 0.0218816, 0.0456565, 0.126535, 0.171676, 0.226628, 0.398746, 0.406522, 0.725532, 0.990146, 1, 

14,44,0.001, 0.0141455, 0.0218816, 0.0456565, 0.126535, 0.119161, 0.216399, 0.398746, 0.999048, 1, 

Generation #18
26,29,0.001, 0.00563984, 0.0261442, 0.0262016, 0.0663368, 0.100799, 0.164494, 0.217953, 0.230267, 0.239707, 0.475426, 0.477239, 0.511489, 0.606937, 0.648283, 0.693314, 0.00666159, 0.76718, 0.888482, 0.888482, 0.910419, 0.911522, 1, 

15,34,0.001, 0.0141455, 0.0218816, 0.0456565, 0.126535, 0.171676, 0.226628, 0.398746, 0.406522, 0.725532, 0.990146, 1, 

14,44,0.001, 0.0141455, 0.0218816, 0.0456565, 0.126535, 0.119161, 0.216399, 0.398746, 0.999048, 1, 

Generation #19
26,29,0.001, 0.00563984, 0.0261442, 0.0262016, 0.0663368, 0.100799, 0.164494, 0.217953, 0.230267, 0.239707, 0.475426, 0.477239, 0.511489, 0.606937, 0.648283, 0.693314, 0.00666159, 0.76718, 0.888482, 0.888482, 0.910419, 0.911522, 1, 

15,34,0.001, 0.0141455, 0.0218816, 0.0456565, 0.126535, 0.171676, 0.226628, 0.398746, 0.406522, 0.725532, 0.990146, 1, 

14,44,0.001, 0.0141455, 0.0218816, 0.0456565, 0.126535, 0.119161, 0.216399, 0.398746, 0.999048, 1, 

Generation #20
26,29,0.001, 0.00563984, 0.0261442, 0.0262016, 0.0663368, 0.100799, 0.164494, 0.217953, 0.230267, 0.239707, 0.475426, 0.477239, 0.511489, 0.606937, 0.648283, 0.693314, 0.00666159, 0.76718, 0.888482, 0.888482, 0.910419, 0.911522, 1, 

15,34,0.001, 0.0141455, 0.0218816, 0.0456565, 0.126535, 0.171676, 0.226628, 0.398746, 0.406522, 0.725532, 0.990146, 1, 

14,40,0.001, 0.0141455, 0.0218816, 0.0456565, 0.126535, 0.171676, 0.216399, 0.398746, 0.999048, 1, 

Generation #21
26,29,0.001, 0.00563984, 0.0261442, 0.0262016, 0.0663368, 0.100799, 0.164494, 0.217953, 0.230267, 0.239707, 0.475426, 0.477239, 0.511489, 0.606937, 0.648283, 0.693314, 0.00666159, 0.76718, 0.888482, 0.888482, 0.910419, 0.911522, 1, 

15,34,0.001, 0.0141455, 0.0218816, 0.0456565, 0.126535, 0.171676, 0.226628, 0.398746, 0.406522, 0.725532, 0.990146, 1, 

14,40,0.001, 0.0141455, 0.0218816, 0.0456565, 0.126535, 0.171676, 0.216399, 0.398746, 0.999048, 1, 

Generation #22
26,29,0.001, 0.00563984, 0.0261442, 0.0262016, 0.0663368, 0.100799, 0.164494, 0.217953, 0.230267, 0.239707, 0.475426, 0.477239, 0.511489, 0.606937, 0.648283, 0.693314, 0.00666159, 0.76718, 0.888482, 0.888482, 0.910419, 0.911522, 1, 

15,34,0.001, 0.0141455, 0.0218816, 0.0456565, 0.126535, 0.171676, 0.226628, 0.398746, 0.406522, 0.725532, 0.990146, 1, 

14,40,0.001, 0.0141455, 0.0218816, 0.0456565, 0.126535, 0.171676, 0.216399, 0.398746, 0.999048, 1, 

13,78,0.001, 0.00563984, 0.0472926, 0.0698625, 0.0751163, 0.198198, 0.80047, 0.0677069, 1, 

Generation #23
14,40,0.001, 0.0141455, 0.0218816, 0.0456565, 0.126535, 0.171676, 0.216399, 0.398746, 0.999048, 1, 

13,42,0.001, 0.00563984, 0.0261442, 0.0262016, 0.0663368, 0.100799, 0.562477, 0.999048, 1, 

15,26,0.001, 0.00563984, 0.0261442, 0.0262016, 0.0663368, 0.100799, 0.164494, 0.217953, 0.406522, 0.650595, 0.990146, 1, 

Generation #24
14,40,0.001, 0.0141455, 0.0218816, 0.0456565, 0.126535, 0.171676, 0.216399, 0.398746, 0.999048, 1, 

13,42,0.001, 0.00563984, 0.0261442, 0.0262016, 0.0663368, 0.100799, 0.562477, 0.999048, 1, 

15,26,0.001, 0.00563984, 0.0261442, 0.0262016, 0.0663368, 0.100799, 0.164494, 0.217953, 0.406522, 0.650595, 0.990146, 1, 

Generation #25
15,26,0.001, 0.00563984, 0.0261442, 0.0262016, 0.0663368, 0.100799, 0.164494, 0.217953, 0.406522, 0.650595, 0.990146, 1, 

13,39,0.001, 0.00563984, 0.0261442, 0.0262016, 0.126535, 0.171676, 0.216399, 0.398746, 0.999048, 1, 

Generation #26
15,26,0.001, 0.00563984, 0.0261442, 0.0262016, 0.0663368, 0.100799, 0.164494, 0.217953, 0.406522, 0.650595, 0.990146, 1, 

13,39,0.001, 0.00563984, 0.0261442, 0.0262016, 0.126535, 0.171676, 0.216399, 0.398746, 0.999048, 1, 

Generation #27
15,26,0.001, 0.00563984, 0.0261442, 0.0262016, 0.0663368, 0.100799, 0.164494, 0.217953, 0.406522, 0.650595, 0.990146, 1, 

13,39,0.001, 0.00563984, 0.0261442, 0.0262016, 0.126535, 0.171676, 0.216399, 0.398746, 0.999048, 1, 

Generation #28
15,26,0.001, 0.00563984, 0.0261442, 0.0262016, 0.0663368, 0.100799, 0.164494, 0.217953, 0.406522, 0.650595, 0.990146, 1, 

13,38,0.001, 0.00563984, 0.0261442, 0.0262016, 0.0663368, 0.100799, 0.164494, 0.217953, 1, 

Generation #29
15,26,0.001, 0.00563984, 0.0261442, 0.0262016, 0.0663368, 0.100799, 0.164494, 0.217953, 0.406522, 0.650595, 0.990146, 1, 

13,33,0.001, 0.00563984, 0.0218816, 0.0262016, 0.0663368, 0.171676, 0.198198, 0.80047, 0.0677069, 1, 

12,72,0.001, 0.00563984, 0.0472926, 0.0663368, 0.100799, 0.164494, 0.0761081, 0.217953, 1, 

14,32,0.001, 0.00563984, 0.0261442, 0.0262016, 0.0663368, 0.100799, 0.164494, 0.217953, 1, 

Generation #30
15,26,0.001, 0.00563984, 0.0261442, 0.0262016, 0.0663368, 0.100799, 0.164494, 0.217953, 0.406522, 0.650595, 0.990146, 1, 

13,33,0.001, 0.00563984, 0.0218816, 0.0262016, 0.0663368, 0.171676, 0.198198, 0.80047, 0.0677069, 1, 

14,32,0.001, 0.00563984, 0.0261442, 0.0262016, 0.0663368, 0.100799, 0.164494, 0.217953, 1, 

12,50,0.001, 0.00563984, 0.0261442, 0.0262016, 0.0663368, 0.100799, 0.562477, 0.999048, 1, 

Generation #31
15,26,0.001, 0.00563984, 0.0261442, 0.0262016, 0.0663368, 0.100799, 0.164494, 0.217953, 0.406522, 0.650595, 0.990146, 1, 

13,33,0.001, 0.00563984, 0.0218816, 0.0262016, 0.0663368, 0.171676, 0.198198, 0.80047, 0.0677069, 1, 

14,32,0.001, 0.00563984, 0.0261442, 0.0262016, 0.0663368, 0.100799, 0.164494, 0.217953, 1, 

27,25,0.001, 0.00563984, 0.0218816, 0.0262016, 0.0663368, 0.100799, 0.164494, 0.217953, 0.230267, 0.239707, 0.475426, 0.477239, 0.511489, 0.606937, 0.648283, 0.693314, 0.00666159, 0.76718, 0.888482, 0.888482, 0.910419, 0.911522, 1, 

12,35,0.001, 0.0141455, 0.0261442, 0.0262016, 0.0663368, 0.100799, 0.164494, 0.217953, 1, 

Generation #32
15,26,0.001, 0.00563984, 0.0261442, 0.0262016, 0.0663368, 0.100799, 0.164494, 0.217953, 0.406522, 0.650595, 0.990146, 1, 

13,33,0.001, 0.00563984, 0.0218816, 0.0262016, 0.0663368, 0.171676, 0.198198, 0.80047, 0.0677069, 1, 

14,32,0.001, 0.00563984, 0.0261442, 0.0262016, 0.0663368, 0.100799, 0.164494, 0.217953, 1, 

27,25,0.001, 0.00563984, 0.0218816, 0.0262016, 0.0663368, 0.100799, 0.164494, 0.217953, 0.230267, 0.239707, 0.475426, 0.477239, 0.511489, 0.606937, 0.648283, 0.693314, 0.00666159, 0.76718, 0.888482, 0.888482, 0.910419, 0.911522, 1, 

12,35,0.001, 0.0141455, 0.0261442, 0.0262016, 0.0663368, 0.100799, 0.164494, 0.217953, 1, 

Generation #33
15,26,0.001, 0.00563984, 0.0261442, 0.0262016, 0.0663368, 0.100799, 0.164494, 0.217953, 0.406522, 0.650595, 0.990146, 1, 

13,33,0.001, 0.00563984, 0.0218816, 0.0262016, 0.0663368, 0.171676, 0.198198, 0.80047, 0.0677069, 1, 

14,32,0.001, 0.00563984, 0.0261442, 0.0262016, 0.0663368, 0.100799, 0.164494, 0.217953, 1, 

27,25,0.001, 0.00563984, 0.0218816, 0.0262016, 0.0663368, 0.100799, 0.164494, 0.217953, 0.230267, 0.239707, 0.475426, 0.477239, 0.511489, 0.606937, 0.648283, 0.693314, 0.00666159, 0.76718, 0.888482, 0.888482, 0.910419, 0.911522, 1, 

12,35,0.001, 0.0141455, 0.0261442, 0.0262016, 0.0663368, 0.100799, 0.164494, 0.217953, 1, 

Generation #34
15,26,0.001, 0.00563984, 0.0261442, 0.0262016, 0.0663368, 0.100799, 0.164494, 0.217953, 0.406522, 0.650595, 0.990146, 1, 

13,33,0.001, 0.00563984, 0.0218816, 0.0262016, 0.0663368, 0.171676, 0.198198, 0.80047, 0.0677069, 1, 

14,32,0.001, 0.00563984, 0.0261442, 0.0262016, 0.0663368, 0.100799, 0.164494, 0.217953, 1, 

27,25,0.001, 0.00563984, 0.0218816, 0.0262016, 0.0663368, 0.100799, 0.164494, 0.217953, 0.230267, 0.239707, 0.475426, 0.477239, 0.511489, 0.606937, 0.648283, 0.693314, 0.00666159, 0.76718, 0.888482, 0.888482, 0.910419, 0.911522, 1, 

12,35,0.001, 0.0141455, 0.0261442, 0.0262016, 0.0663368, 0.100799, 0.164494, 0.217953, 1, 

Generation #35
15,26,0.001, 0.00563984, 0.0261442, 0.0262016, 0.0663368, 0.100799, 0.164494, 0.217953, 0.406522, 0.650595, 0.990146, 1, 

27,25,0.001, 0.00563984, 0.0218816, 0.0262016, 0.0663368, 0.100799, 0.164494, 0.217953, 0.230267, 0.239707, 0.475426, 0.477239, 0.511489, 0.606937, 0.648283, 0.693314, 0.00666159, 0.76718, 0.888482, 0.888482, 0.910419, 0.911522, 1, 

12,35,0.001, 0.0141455, 0.0261442, 0.0262016, 0.0663368, 0.100799, 0.164494, 0.217953, 1, 

13,31,0.001, 0.00563984, 0.0218816, 0.0262016, 0.0663368, 0.100799, 0.164494, 0.217953, 1, 

11,44,0.001, 0.00563984, 0.0261442, 0.0262016, 0.0663368, 0.100799, 0.562477, 1, 

Generation #36
15,26,0.001, 0.00563984, 0.0261442, 0.0262016, 0.0663368, 0.100799, 0.164494, 0.217953, 0.406522, 0.650595, 0.990146, 1, 

27,25,0.001, 0.00563984, 0.0218816, 0.0262016, 0.0663368, 0.100799, 0.164494, 0.217953, 0.230267, 0.239707, 0.475426, 0.477239, 0.511489, 0.606937, 0.648283, 0.693314, 0.00666159, 0.76718, 0.888482, 0.888482, 0.910419, 0.911522, 1, 

12,35,0.001, 0.0141455, 0.0261442, 0.0262016, 0.0663368, 0.100799, 0.164494, 0.217953, 1, 

11,44,0.001, 0.00563984, 0.0261442, 0.0262016, 0.0663368, 0.100799, 0.562477, 1, 

13,29,0.001, 0.00563984, 0.0218816, 0.0262016, 0.0663368, 0.100799, 0.164494, 0.217953, 1, 

Generation #37
12,35,0.001, 0.0141455, 0.0261442, 0.0262016, 0.0663368, 0.100799, 0.164494, 0.217953, 1, 

11,44,0.001, 0.00563984, 0.0261442, 0.0262016, 0.0663368, 0.100799, 0.562477, 1, 

13,24,0.001, 0.00563984, 0.0218816, 0.0262016, 0.0663368, 0.100799, 0.562477, 0.999048, 1, 

Generation #38
13,24,0.001, 0.00563984, 0.0218816, 0.0262016, 0.0663368, 0.100799, 0.562477, 0.999048, 1, 

12,34,0.001, 0.00563984, 0.0218816, 0.0262016, 0.0663368, 0.100799, 0.164494, 0.217953, 1, 

11,35,0.001, 0.00563984, 0.0261442, 0.0262016, 0.100799, 0.164494, 0.217953, 1, 

Generation #39
13,24,0.001, 0.00563984, 0.0218816, 0.0262016, 0.0663368, 0.100799, 0.562477, 0.999048, 1, 

12,34,0.001, 0.00563984, 0.0218816, 0.0262016, 0.0663368, 0.100799, 0.164494, 0.217953, 1, 

11,35,0.001, 0.00563984, 0.0261442, 0.0262016, 0.100799, 0.164494, 0.217953, 1, 

Generation #40
13,24,0.001, 0.00563984, 0.0218816, 0.0262016, 0.0663368, 0.100799, 0.562477, 0.999048, 1, 

11,35,0.001, 0.00563984, 0.0261442, 0.0262016, 0.100799, 0.164494, 0.217953, 1, 

12,32,0.001, 0.00563984, 0.0261442, 0.0262016, 0.0663368, 0.100799, 0.164494, 0.217953, 1, 

Generation #41
13,24,0.001, 0.00563984, 0.0218816, 0.0262016, 0.0663368, 0.100799, 0.562477, 0.999048, 1, 

11,35,0.001, 0.00563984, 0.0261442, 0.0262016, 0.100799, 0.164494, 0.217953, 1, 

12,32,0.001, 0.00563984, 0.0261442, 0.0262016, 0.0663368, 0.100799, 0.164494, 0.217953, 1, 

Generation #42
13,24,0.001, 0.00563984, 0.0218816, 0.0262016, 0.0663368, 0.100799, 0.562477, 0.999048, 1, 

11,35,0.001, 0.00563984, 0.0261442, 0.0262016, 0.100799, 0.164494, 0.217953, 1, 

12,32,0.001, 0.00563984, 0.0261442, 0.0262016, 0.0663368, 0.100799, 0.164494, 0.217953, 1, 

Generation #43
13,24,0.001, 0.00563984, 0.0218816, 0.0262016, 0.0663368, 0.100799, 0.562477, 0.999048, 1, 

11,35,0.001, 0.00563984, 0.0261442, 0.0262016, 0.100799, 0.164494, 0.217953, 1, 

12,30,0.001, 0.00563984, 0.0261442, 0.0262016, 0.0663368, 0.100799, 0.164494, 0.80047, 1, 

26,23,0.001, 0.00563984, 0.0261442, 0.0262016, 0.0663368, 0.100799, 0.164494, 0.217953, 0.230267, 0.239707, 0.475426, 0.477239, 0.511489, 0.606937, 0.648283, 0.693314, 0.00666159, 0.76718, 0.888482, 0.888482, 0.910419, 0.911522, 1, 

Generation #44
13,24,0.001, 0.00563984, 0.0218816, 0.0262016, 0.0663368, 0.100799, 0.562477, 0.999048, 1, 

11,35,0.001, 0.00563984, 0.0261442, 0.0262016, 0.100799, 0.164494, 0.217953, 1, 

12,30,0.001, 0.00563984, 0.0261442, 0.0262016, 0.0663368, 0.100799, 0.164494, 0.80047, 1, 

26,23,0.001, 0.00563984, 0.0261442, 0.0262016, 0.0663368, 0.100799, 0.164494, 0.217953, 0.230267, 0.239707, 0.475426, 0.477239, 0.511489, 0.606937, 0.648283, 0.693314, 0.00666159, 0.76718, 0.888482, 0.888482, 0.910419, 0.911522, 1, 

Generation #45
13,24,0.001, 0.00563984, 0.0218816, 0.0262016, 0.0663368, 0.100799, 0.562477, 0.999048, 1, 

11,35,0.001, 0.00563984, 0.0261442, 0.0262016, 0.100799, 0.164494, 0.217953, 1, 

26,23,0.001, 0.00563984, 0.0261442, 0.0262016, 0.0663368, 0.100799, 0.164494, 0.217953, 0.230267, 0.239707, 0.475426, 0.477239, 0.511489, 0.606937, 0.648283, 0.693314, 0.00666159, 0.76718, 0.888482, 0.888482, 0.910419, 0.911522, 1, 

12,28,0.001, 0.00563984, 0.0218816, 0.0262016, 0.0663368, 0.100799, 0.164494, 0.217953, 1, 

Generation #46
13,24,0.001, 0.00563984, 0.0218816, 0.0262016, 0.0663368, 0.100799, 0.562477, 0.999048, 1, 

11,35,0.001, 0.00563984, 0.0261442, 0.0262016, 0.100799, 0.164494, 0.217953, 1, 

26,23,0.001, 0.00563984, 0.0261442, 0.0262016, 0.0663368, 0.100799, 0.164494, 0.217953, 0.230267, 0.239707, 0.475426, 0.477239, 0.511489, 0.606937, 0.648283, 0.693314, 0.00666159, 0.76718, 0.888482, 0.888482, 0.910419, 0.911522, 1, 

12,28,0.001, 0.00563984, 0.0218816, 0.0262016, 0.0663368, 0.100799, 0.164494, 0.217953, 1, 

Generation #47
13,24,0.001, 0.00563984, 0.0218816, 0.0262016, 0.0663368, 0.100799, 0.562477, 0.999048, 1, 

11,35,0.001, 0.00563984, 0.0261442, 0.0262016, 0.100799, 0.164494, 0.217953, 1, 

26,23,0.001, 0.00563984, 0.0261442, 0.0262016, 0.0663368, 0.100799, 0.164494, 0.217953, 0.230267, 0.239707, 0.475426, 0.477239, 0.511489, 0.606937, 0.648283, 0.693314, 0.00666159, 0.76718, 0.888482, 0.888482, 0.910419, 0.911522, 1, 

12,28,0.001, 0.00563984, 0.0218816, 0.0262016, 0.0663368, 0.100799, 0.164494, 0.217953, 1, 

Generation #48
13,24,0.001, 0.00563984, 0.0218816, 0.0262016, 0.0663368, 0.100799, 0.562477, 0.999048, 1, 

11,35,0.001, 0.00563984, 0.0261442, 0.0262016, 0.100799, 0.164494, 0.217953, 1, 

26,23,0.001, 0.00563984, 0.0261442, 0.0262016, 0.0663368, 0.100799, 0.164494, 0.217953, 0.230267, 0.239707, 0.475426, 0.477239, 0.511489, 0.606937, 0.648283, 0.693314, 0.00666159, 0.76718, 0.888482, 0.888482, 0.910419, 0.911522, 1, 

12,28,0.001, 0.00563984, 0.0218816, 0.0262016, 0.0663368, 0.100799, 0.164494, 0.217953, 1, 

Generation #49
13,24,0.001, 0.00563984, 0.0218816, 0.0262016, 0.0663368, 0.100799, 0.562477, 0.999048, 1, 

11,35,0.001, 0.00563984, 0.0261442, 0.0262016, 0.100799, 0.164494, 0.217953, 1, 

26,23,0.001, 0.00563984, 0.0261442, 0.0262016, 0.0663368, 0.100799, 0.164494, 0.217953, 0.230267, 0.239707, 0.475426, 0.477239, 0.511489, 0.606937, 0.648283, 0.693314, 0.00666159, 0.76718, 0.888482, 0.888482, 0.910419, 0.911522, 1, 

12,28,0.001, 0.00563984, 0.0218816, 0.0262016, 0.0663368, 0.100799, 0.164494, 0.217953, 1, 

--- Pareto Front Solutions ---
Solution 0: N total=25 (N_initial=12, N_added=13), Time total=29 ms, Saved to: ./results/2^30_t2_l1_pareto_0.csv, percents=0.001, 0.00563984, 0.0218816, 0.0262016, 0.0663368, 0.100799, 0.562477, 0.999048, 1, 

Solution 1: N total=23 (N_initial=12, N_added=11), Time total=40 ms, Saved to: ./results/2^30_t2_l1_pareto_1.csv, percents=0.001, 0.00563984, 0.0261442, 0.0262016, 0.100799, 0.164494, 0.217953, 1, 

Solution 2: N total=38 (N_initial=12, N_added=26), Time total=28 ms, Saved to: ./results/2^30_t2_l1_pareto_2.csv, percents=0.001, 0.00563984, 0.0261442, 0.0262016, 0.0663368, 0.100799, 0.164494, 0.217953, 0.230267, 0.239707, 0.475426, 0.477239, 0.511489, 0.606937, 0.648283, 0.693314, 0.00666159, 0.76718, 0.888482, 0.888482, 0.910419, 0.911522, 1, 

Solution 3: N total=24 (N_initial=12, N_added=12), Time total=33 ms, Saved to: ./results/2^30_t2_l1_pareto_3.csv, percents=0.001, 0.00563984, 0.0218816, 0.0262016, 0.0663368, 0.100799, 0.164494, 0.217953, 1, 

------------d=1, t=2, lambda=2, filename=./evaluation/2^30-t2_l2.csv------------
Computing partitioned counts of d-sets...
Ready to look at pairs based on partitioned counts...
First Stage N=18, Time=10
There are 533 remaining non-locating pairs
--- Running GA Algorithm (phase2) ---
Running GA with std::execution::par
Generation #0
19,45,0.001, 0.0168929, 0.0500139, 0.0861182, 0.0996281, 0.315928, 0.432994, 0.444172, 0.458196, 0.513749, 0.603154, 0.779799, 1, 

18,87,0.001, 0.103809, 0.139827, 0.158302, 0.216572, 0.362314, 0.389519, 0.488022, 0.697987, 0.821113, 0.928074, 1, 

35,17,0.001, 0.0200748, 0.0257334, 0.0536075, 0.0555153, 0.122483, 0.197104, 0.219269, 0.266519, 0.279232, 0.284277, 0.346782, 0.439745, 0.48361, 0.547993, 0.549816, 0.596285, 0.62109, 0.685979, 0.693324, 0.788609, 0.87436, 0.879545, 0.880824, 0.884062, 0.967233, 0.974375, 0.994182, 0.999116, 1, 

36,15,0.001, 0.0240667, 0.0419214, 0.0575068, 0.0743447, 0.106122, 0.108101, 0.16132, 0.175205, 0.256273, 0.262893, 0.268882, 0.359684, 0.367065, 0.477728, 0.48748, 0.494194, 0.545281, 0.591641, 0.615818, 0.635435, 0.752286, 0.759313, 0.777069, 0.856473, 0.941831, 0.960015, 0.998817, 0.999129, 1, 

23,36,0.001, 0.0249966, 0.0360446, 0.100403, 0.169378, 0.194967, 0.23514, 0.271842, 0.289059, 0.336048, 0.527624, 0.541677, 0.552583, 0.781037, 0.816945, 0.870651, 1, 

29,19,0.001, 0.0316702, 0.0380198, 0.0560157, 0.0917511, 0.0948654, 0.184277, 0.225837, 0.264649, 0.28055, 0.287415, 0.353173, 0.369671, 0.404298, 0.42847, 0.480671, 0.508419, 0.518882, 0.596888, 0.655567, 0.748598, 0.870577, 1, 

Generation #1
16,15,0.001, 0.0227467, 0.0279952, 0.0280917, 0.0309943, 0.0344899, 0.0385809, 0.62227, 0.665141, 0.811176, 0.932245, 1, 

33,6,0.001, 0.0168929, 0.0500139, 0.0861182, 0.0996281, 0.103827, 0.106754, 0.188264, 0.252012, 0.255888, 0.340942, 0.344455, 0.346407, 0.347598, 0.394868, 0.451722, 0.457717, 0.475576, 0.522008, 0.562268, 0.588551, 0.635761, 0.79125, 0.890382, 0.902809, 0.911828, 0.926336, 0.970424, 1, 

Generation #2
16,15,0.001, 0.0227467, 0.0279952, 0.0280917, 0.0309943, 0.0344899, 0.0385809, 0.62227, 0.665141, 0.811176, 0.932245, 1, 

33,6,0.001, 0.0168929, 0.0500139, 0.0861182, 0.0996281, 0.103827, 0.106754, 0.188264, 0.252012, 0.255888, 0.340942, 0.344455, 0.346407, 0.347598, 0.394868, 0.451722, 0.457717, 0.475576, 0.522008, 0.562268, 0.588551, 0.635761, 0.79125, 0.890382, 0.902809, 0.911828, 0.926336, 0.970424, 1, 

27,11,0.001, 0.0316702, 0.0380198, 0.0560157, 0.0917511, 0.184277, 0.225837, 0.264649, 0.28055, 0.421568, 0.434521, 0.482102, 0.539826, 0.59673, 0.635486, 0.682269, 0.727489, 0.847269, 0.903381, 0.972498, 1, 

20,13,0.001, 0.0227467, 0.0279952, 0.0280917, 0.0309943, 0.0344899, 0.0385809, 0.162396, 0.193692, 0.224303, 0.824115, 0.844856, 0.949693, 1, 

Generation #3
16,15,0.001, 0.0227467, 0.0279952, 0.0280917, 0.0309943, 0.0344899, 0.0385809, 0.62227, 0.665141, 0.811176, 0.932245, 1, 

33,6,0.001, 0.0168929, 0.0500139, 0.0861182, 0.0996281, 0.103827, 0.106754, 0.188264, 0.252012, 0.255888, 0.340942, 0.344455, 0.346407, 0.347598, 0.394868, 0.451722, 0.457717, 0.475576, 0.522008, 0.562268, 0.588551, 0.635761, 0.79125, 0.890382, 0.902809, 0.911828, 0.926336, 0.970424, 1, 

19,7,0.001, 0.0227467, 0.0279952, 0.0280917, 0.0309943, 0.0344899, 0.0385809, 0.162396, 0.193692, 0.224303, 0.824115, 0.844856, 0.949693, 1, 

Generation #4
16,15,0.001, 0.0227467, 0.0279952, 0.0280917, 0.0309943, 0.0344899, 0.0385809, 0.62227, 0.665141, 0.811176, 0.932245, 1, 

33,6,0.001, 0.0168929, 0.0500139, 0.0861182, 0.0996281, 0.103827, 0.106754, 0.188264, 0.252012, 0.255888, 0.340942, 0.344455, 0.346407, 0.347598, 0.394868, 0.451722, 0.457717, 0.475576, 0.522008, 0.562268, 0.588551, 0.635761, 0.79125, 0.890382, 0.902809, 0.911828, 0.926336, 0.970424, 1, 

19,7,0.001, 0.0227467, 0.0279952, 0.0280917, 0.0309943, 0.0344899, 0.0385809, 0.162396, 0.193692, 0.224303, 0.824115, 0.844856, 0.949693, 1, 

17,12,0.001, 0.0227467, 0.0279952, 0.0280917, 0.10057, 0.194967, 0.23514, 0.271842, 0.862326, 0.896462, 1, 

14,22,0.001, 0.0316702, 0.0380198, 0.0560157, 0.0948654, 0.322596, 0.339528, 0.919701, 1, 

Generation #5
16,15,0.001, 0.0227467, 0.0279952, 0.0280917, 0.0309943, 0.0344899, 0.0385809, 0.62227, 0.665141, 0.811176, 0.932245, 1, 

19,7,0.001, 0.0227467, 0.0279952, 0.0280917, 0.0309943, 0.0344899, 0.0385809, 0.162396, 0.193692, 0.224303, 0.824115, 0.844856, 0.949693, 1, 

17,12,0.001, 0.0227467, 0.0279952, 0.0280917, 0.10057, 0.194967, 0.23514, 0.271842, 0.862326, 0.896462, 1, 

14,22,0.001, 0.0316702, 0.0380198, 0.0560157, 0.0948654, 0.322596, 0.339528, 0.919701, 1, 

25,4,0.001, 0.0200748, 0.0279952, 0.0280917, 0.0309943, 0.122483, 0.218863, 0.232722, 0.272083, 0.297233, 0.317392, 0.366367, 0.374634, 0.374738, 0.376671, 0.19547, 0.460231, 0.51551, 0.529623, 1, 

Generation #6
14,22,0.001, 0.0316702, 0.0380198, 0.0560157, 0.0948654, 0.322596, 0.339528, 0.919701, 1, 

15,7,0.001, 0.0200748, 0.0279952, 0.0280917, 0.0309943, 0.0344899, 0.0385809, 0.162396, 0.193692, 0.261445, 1, 

16,4,0.001, 0.0200748, 0.0257334, 0.0536075, 0.0555153, 0.122483, 0.218863, 0.232722, 0.272083, 0.919701, 1, 

Generation #7
15,7,0.001, 0.0200748, 0.0279952, 0.0280917, 0.0309943, 0.0344899, 0.0385809, 0.162396, 0.193692, 0.261445, 1, 

16,4,0.001, 0.0200748, 0.0257334, 0.0536075, 0.0555153, 0.122483, 0.218863, 0.232722, 0.272083, 0.919701, 1, 

13,14,0.001, 0.0200748, 0.0257334, 0.0536075, 0.0743447, 0.106122, 0.108101, 0.16132, 0.919701, 1, 

Generation #8
16,4,0.001, 0.0200748, 0.0257334, 0.0536075, 0.0555153, 0.122483, 0.218863, 0.232722, 0.272083, 0.919701, 1, 

13,14,0.001, 0.0200748, 0.0257334, 0.0536075, 0.0743447, 0.106122, 0.108101, 0.16132, 0.919701, 1, 

14,5,0.001, 0.0227467, 0.0279952, 0.0280917, 0.10057, 0.283832, 0.23514, 0.919701, 1, 

Generation #9
16,4,0.001, 0.0200748, 0.0257334, 0.0536075, 0.0555153, 0.122483, 0.218863, 0.232722, 0.272083, 0.919701, 1, 

13,14,0.001, 0.0200748, 0.0257334, 0.0536075, 0.0743447, 0.106122, 0.108101, 0.16132, 0.919701, 1, 

14,5,0.001, 0.0227467, 0.0279952, 0.0280917, 0.10057, 0.283832, 0.23514, 0.919701, 1, 

Generation #10
16,4,0.001, 0.0200748, 0.0257334, 0.0536075, 0.0555153, 0.122483, 0.218863, 0.232722, 0.272083, 0.919701, 1, 

13,14,0.001, 0.0200748, 0.0257334, 0.0536075, 0.0743447, 0.106122, 0.108101, 0.16132, 0.919701, 1, 

14,5,0.001, 0.0227467, 0.0279952, 0.0280917, 0.10057, 0.283832, 0.23514, 0.919701, 1, 

Generation #11
16,4,0.001, 0.0200748, 0.0257334, 0.0536075, 0.0555153, 0.122483, 0.218863, 0.232722, 0.272083, 0.919701, 1, 

14,5,0.001, 0.0227467, 0.0279952, 0.0280917, 0.10057, 0.283832, 0.23514, 0.919701, 1, 

12,7,0.001, 0.0200748, 0.0279952, 0.0280917, 0.0309943, 0.0344899, 0.0385809, 0.162396, 1, 

Generation #12
16,4,0.001, 0.0200748, 0.0257334, 0.0536075, 0.0555153, 0.122483, 0.218863, 0.232722, 0.272083, 0.919701, 1, 

14,5,0.001, 0.0227467, 0.0279952, 0.0280917, 0.10057, 0.283832, 0.23514, 0.919701, 1, 

12,7,0.001, 0.0200748, 0.0279952, 0.0280917, 0.0309943, 0.0344899, 0.0385809, 0.162396, 1, 

Generation #13
16,4,0.001, 0.0200748, 0.0257334, 0.0536075, 0.0555153, 0.122483, 0.218863, 0.232722, 0.272083, 0.919701, 1, 

14,5,0.001, 0.0227467, 0.0279952, 0.0280917, 0.10057, 0.283832, 0.23514, 0.919701, 1, 

12,7,0.001, 0.0200748, 0.0279952, 0.0280917, 0.0309943, 0.0344899, 0.0385809, 0.162396, 1, 

Generation #14
16,4,0.001, 0.0200748, 0.0257334, 0.0536075, 0.0555153, 0.122483, 0.218863, 0.232722, 0.272083, 0.919701, 1, 

14,5,0.001, 0.0227467, 0.0279952, 0.0280917, 0.10057, 0.283832, 0.23514, 0.919701, 1, 

12,7,0.001, 0.0200748, 0.0279952, 0.0280917, 0.0309943, 0.0344899, 0.0385809, 0.162396, 1, 

Generation #15
16,4,0.001, 0.0200748, 0.0257334, 0.0536075, 0.0555153, 0.122483, 0.218863, 0.232722, 0.272083, 0.919701, 1, 

14,5,0.001, 0.0227467, 0.0279952, 0.0280917, 0.10057, 0.283832, 0.23514, 0.919701, 1, 

12,7,0.001, 0.0200748, 0.0279952, 0.0280917, 0.0309943, 0.0344899, 0.0385809, 0.162396, 1, 

Generation #16
12,7,0.001, 0.0200748, 0.0279952, 0.0280917, 0.0309943, 0.0344899, 0.0385809, 0.162396, 1, 

14,4,0.001, 0.0200748, 0.0279952, 0.0280917, 0.0309943, 0.0344899, 0.0385809, 0.162396, 1, 

Generation #17
12,7,0.001, 0.0200748, 0.0279952, 0.0280917, 0.0309943, 0.0344899, 0.0385809, 0.162396, 1, 

14,4,0.001, 0.0200748, 0.0279952, 0.0280917, 0.0309943, 0.0344899, 0.0385809, 0.162396, 1, 

16,3,0.001, 0.00856971, 0.0168929, 0.0280917, 0.0309943, 0.0344899, 0.410392, 0.0385809, 0.574788, 0.193692, 0.261445, 1, 

Generation #18
12,7,0.001, 0.0200748, 0.0279952, 0.0280917, 0.0309943, 0.0344899, 0.0385809, 0.162396, 1, 

14,4,0.001, 0.0200748, 0.0279952, 0.0280917, 0.0309943, 0.0344899, 0.0385809, 0.162396, 1, 

15,3,0.001, 0.00856971, 0.0168929, 0.0139938, 0.0575068, 0.0743447, 0.0344899, 0.330123, 0.0385809, 1, 

Generation #19
12,7,0.001, 0.0200748, 0.0279952, 0.0280917, 0.0309943, 0.0344899, 0.0385809, 0.162396, 1, 

14,4,0.001, 0.0200748, 0.0279952, 0.0280917, 0.0309943, 0.0344899, 0.0385809, 0.162396, 1, 

15,3,0.001, 0.00856971, 0.0168929, 0.0139938, 0.0575068, 0.0743447, 0.0344899, 0.330123, 0.0385809, 1, 

Generation #20
12,7,0.001, 0.0200748, 0.0279952, 0.0280917, 0.0309943, 0.0344899, 0.0385809, 0.162396, 1, 

14,4,0.001, 0.0200748, 0.0279952, 0.0280917, 0.0309943, 0.0344899, 0.0385809, 0.162396, 1, 

15,3,0.001, 0.00856971, 0.0168929, 0.0139938, 0.0575068, 0.0743447, 0.0344899, 0.330123, 0.0385809, 1, 

13,5,0.001, 0.00856971, 0.0168929, 0.0500139, 0.0309943, 0.0344899, 0.0385809, 0.162396, 1, 

Generation #21
12,7,0.001, 0.0200748, 0.0279952, 0.0280917, 0.0309943, 0.0344899, 0.0385809, 0.162396, 1, 

14,4,0.001, 0.0200748, 0.0279952, 0.0280917, 0.0309943, 0.0344899, 0.0385809, 0.162396, 1, 

15,3,0.001, 0.00856971, 0.0168929, 0.0139938, 0.0575068, 0.0743447, 0.0344899, 0.330123, 0.0385809, 1, 

13,5,0.001, 0.00856971, 0.0168929, 0.0500139, 0.0309943, 0.0344899, 0.0385809, 0.162396, 1, 

Generation #22
12,7,0.001, 0.0200748, 0.0279952, 0.0280917, 0.0309943, 0.0344899, 0.0385809, 0.162396, 1, 

14,4,0.001, 0.0200748, 0.0279952, 0.0280917, 0.0309943, 0.0344899, 0.0385809, 0.162396, 1, 

15,3,0.001, 0.00856971, 0.0168929, 0.0139938, 0.0575068, 0.0743447, 0.0344899, 0.330123, 0.0385809, 1, 

13,5,0.001, 0.00856971, 0.0168929, 0.0500139, 0.0309943, 0.0344899, 0.0385809, 0.162396, 1, 

Generation #23
12,7,0.001, 0.0200748, 0.0279952, 0.0280917, 0.0309943, 0.0344899, 0.0385809, 0.162396, 1, 

14,4,0.001, 0.0200748, 0.0279952, 0.0280917, 0.0309943, 0.0344899, 0.0385809, 0.162396, 1, 

15,3,0.001, 0.00856971, 0.0168929, 0.0139938, 0.0575068, 0.0743447, 0.0344899, 0.330123, 0.0385809, 1, 

13,5,0.001, 0.00856971, 0.0168929, 0.0500139, 0.0309943, 0.0344899, 0.0385809, 0.162396, 1, 

11,87,0.001, 0.00856971, 0.0280917, 0.0309943, 0.0344899, 0.0385809, 1, 

Generation #24
12,7,0.001, 0.0200748, 0.0279952, 0.0280917, 0.0309943, 0.0344899, 0.0385809, 0.162396, 1, 

14,4,0.001, 0.0200748, 0.0279952, 0.0280917, 0.0309943, 0.0344899, 0.0385809, 0.162396, 1, 

15,3,0.001, 0.00856971, 0.0168929, 0.0139938, 0.0575068, 0.0743447, 0.0344899, 0.330123, 0.0385809, 1, 

13,5,0.001, 0.00856971, 0.0168929, 0.0500139, 0.0309943, 0.0344899, 0.0385809, 0.162396, 1, 

11,87,0.001, 0.00856971, 0.0280917, 0.0309943, 0.0344899, 0.0385809, 1, 

Generation #25
12,7,0.001, 0.0200748, 0.0279952, 0.0280917, 0.0309943, 0.0344899, 0.0385809, 0.162396, 1, 

14,4,0.001, 0.0200748, 0.0279952, 0.0280917, 0.0309943, 0.0344899, 0.0385809, 0.162396, 1, 

15,3,0.001, 0.00856971, 0.0168929, 0.0139938, 0.0575068, 0.0743447, 0.0344899, 0.330123, 0.0385809, 1, 

13,5,0.001, 0.00856971, 0.0168929, 0.0500139, 0.0309943, 0.0344899, 0.0385809, 0.162396, 1, 

11,87,0.001, 0.00856971, 0.0280917, 0.0309943, 0.0344899, 0.0385809, 1, 

Generation #26
12,7,0.001, 0.0200748, 0.0279952, 0.0280917, 0.0309943, 0.0344899, 0.0385809, 0.162396, 1, 

13,5,0.001, 0.00856971, 0.0168929, 0.0500139, 0.0309943, 0.0344899, 0.0385809, 0.162396, 1, 

11,87,0.001, 0.00856971, 0.0280917, 0.0309943, 0.0344899, 0.0385809, 1, 

15,2,0.001, 0.00856971, 0.0168929, 0.0280917, 0.0743447, 0.106122, 0.108101, 0.0385809, 0.162396, 1, 

14,3,0.001, 0.00856971, 0.0168929, 0.0280917, 0.0309943, 0.0344899, 0.0385809, 0.162396, 1, 

Generation #27
12,7,0.001, 0.0200748, 0.0279952, 0.0280917, 0.0309943, 0.0344899, 0.0385809, 0.162396, 1, 

13,5,0.001, 0.00856971, 0.0168929, 0.0500139, 0.0309943, 0.0344899, 0.0385809, 0.162396, 1, 

11,87,0.001, 0.00856971, 0.0280917, 0.0309943, 0.0344899, 0.0385809, 1, 

15,2,0.001, 0.00856971, 0.0168929, 0.0280917, 0.0743447, 0.106122, 0.108101, 0.0385809, 0.162396, 1, 

14,3,0.001, 0.00856971, 0.0168929, 0.0280917, 0.0309943, 0.0344899, 0.0385809, 0.162396, 1, 

Generation #28
12,7,0.001, 0.0200748, 0.0279952, 0.0280917, 0.0309943, 0.0344899, 0.0385809, 0.162396, 1, 

11,87,0.001, 0.00856971, 0.0280917, 0.0309943, 0.0344899, 0.0385809, 1, 

15,2,0.001, 0.00856971, 0.0168929, 0.0280917, 0.0743447, 0.106122, 0.108101, 0.0385809, 0.162396, 1, 

14,3,0.001, 0.00856971, 0.0168929, 0.0280917, 0.0309943, 0.0344899, 0.0385809, 0.162396, 1, 

13,4,0.001, 0.00856971, 0.0168929, 0.0280917, 0.0309943, 0.0385809, 0.162396, 1, 

Generation #29
12,7,0.001, 0.0200748, 0.0279952, 0.0280917, 0.0309943, 0.0344899, 0.0385809, 0.162396, 1, 

11,87,0.001, 0.00856971, 0.0280917, 0.0309943, 0.0344899, 0.0385809, 1, 

15,2,0.001, 0.00856971, 0.0168929, 0.0280917, 0.0743447, 0.106122, 0.108101, 0.0385809, 0.162396, 1, 

14,3,0.001, 0.00856971, 0.0168929, 0.0280917, 0.0309943, 0.0344899, 0.0385809, 0.162396, 1, 

13,4,0.001, 0.00856971, 0.0168929, 0.0280917, 0.0309943, 0.0385809, 0.162396, 1, 

Generation #30
12,7,0.001, 0.0200748, 0.0279952, 0.0280917, 0.0309943, 0.0344899, 0.0385809, 0.162396, 1, 

11,87,0.001, 0.00856971, 0.0280917, 0.0309943, 0.0344899, 0.0385809, 1, 

15,2,0.001, 0.00856971, 0.0168929, 0.0280917, 0.0743447, 0.106122, 0.108101, 0.0385809, 0.162396, 1, 

14,3,0.001, 0.00856971, 0.0168929, 0.0280917, 0.0309943, 0.0344899, 0.0385809, 0.162396, 1, 

13,4,0.001, 0.00856971, 0.0168929, 0.0280917, 0.0309943, 0.0385809, 0.162396, 1, 

Generation #31
12,7,0.001, 0.0200748, 0.0279952, 0.0280917, 0.0309943, 0.0344899, 0.0385809, 0.162396, 1, 

15,2,0.001, 0.00856971, 0.0168929, 0.0280917, 0.0743447, 0.106122, 0.108101, 0.0385809, 0.162396, 1, 

14,3,0.001, 0.00856971, 0.0168929, 0.0280917, 0.0309943, 0.0344899, 0.0385809, 0.162396, 1, 

13,4,0.001, 0.00856971, 0.0168929, 0.0280917, 0.0309943, 0.0385809, 0.162396, 1, 

11,14,0.001, 0.00856971, 0.0279952, 0.0280917, 0.0309943, 0.0344899, 0.0385809, 1, 

Generation #32
12,7,0.001, 0.0200748, 0.0279952, 0.0280917, 0.0309943, 0.0344899, 0.0385809, 0.162396, 1, 

15,2,0.001, 0.00856971, 0.0168929, 0.0280917, 0.0743447, 0.106122, 0.108101, 0.0385809, 0.162396, 1, 

14,3,0.001, 0.00856971, 0.0168929, 0.0280917, 0.0309943, 0.0344899, 0.0385809, 0.162396, 1, 

13,4,0.001, 0.00856971, 0.0168929, 0.0280917, 0.0309943, 0.0385809, 0.162396, 1, 

11,14,0.001, 0.00856971, 0.0279952, 0.0280917, 0.0309943, 0.0344899, 0.0385809, 1, 

Generation #33
12,7,0.001, 0.0200748, 0.0279952, 0.0280917, 0.0309943, 0.0344899, 0.0385809, 0.162396, 1, 

15,2,0.001, 0.00856971, 0.0168929, 0.0280917, 0.0743447, 0.106122, 0.108101, 0.0385809, 0.162396, 1, 

14,3,0.001, 0.00856971, 0.0168929, 0.0280917, 0.0309943, 0.0344899, 0.0385809, 0.162396, 1, 

13,4,0.001, 0.00856971, 0.0168929, 0.0280917, 0.0309943, 0.0385809, 0.162396, 1, 

11,14,0.001, 0.00856971, 0.0279952, 0.0280917, 0.0309943, 0.0344899, 0.0385809, 1, 

Generation #34
12,7,0.001, 0.0200748, 0.0279952, 0.0280917, 0.0309943, 0.0344899, 0.0385809, 0.162396, 1, 

15,2,0.001, 0.00856971, 0.0168929, 0.0280917, 0.0743447, 0.106122, 0.108101, 0.0385809, 0.162396, 1, 

14,3,0.001, 0.00856971, 0.0168929, 0.0280917, 0.0309943, 0.0344899, 0.0385809, 0.162396, 1, 

13,4,0.001, 0.00856971, 0.0168929, 0.0280917, 0.0309943, 0.0385809, 0.162396, 1, 

11,14,0.001, 0.00856971, 0.0279952, 0.0280917, 0.0309943, 0.0344899, 0.0385809, 1, 

Generation #35
12,7,0.001, 0.0200748, 0.0279952, 0.0280917, 0.0309943, 0.0344899, 0.0385809, 0.162396, 1, 

15,2,0.001, 0.00856971, 0.0168929, 0.0280917, 0.0743447, 0.106122, 0.108101, 0.0385809, 0.162396, 1, 

14,3,0.001, 0.00856971, 0.0168929, 0.0280917, 0.0309943, 0.0344899, 0.0385809, 0.162396, 1, 

13,4,0.001, 0.00856971, 0.0168929, 0.0280917, 0.0309943, 0.0385809, 0.162396, 1, 

11,14,0.001, 0.00856971, 0.0279952, 0.0280917, 0.0309943, 0.0344899, 0.0385809, 1, 

Generation #36
12,7,0.001, 0.0200748, 0.0279952, 0.0280917, 0.0309943, 0.0344899, 0.0385809, 0.162396, 1, 

15,2,0.001, 0.00856971, 0.0168929, 0.0280917, 0.0743447, 0.106122, 0.108101, 0.0385809, 0.162396, 1, 

14,3,0.001, 0.00856971, 0.0168929, 0.0280917, 0.0309943, 0.0344899, 0.0385809, 0.162396, 1, 

13,4,0.001, 0.00856971, 0.0168929, 0.0280917, 0.0309943, 0.0385809, 0.162396, 1, 

11,14,0.001, 0.00856971, 0.0279952, 0.0280917, 0.0309943, 0.0344899, 0.0385809, 1, 

Generation #37
12,7,0.001, 0.0200748, 0.0279952, 0.0280917, 0.0309943, 0.0344899, 0.0385809, 0.162396, 1, 

13,4,0.001, 0.00856971, 0.0168929, 0.0280917, 0.0309943, 0.0385809, 0.162396, 1, 

11,14,0.001, 0.00856971, 0.0279952, 0.0280917, 0.0309943, 0.0344899, 0.0385809, 1, 

14,2,0.001, 0.00856971, 0.0168929, 0.0280917, 0.0309943, 0.0344899, 0.0385809, 0.162396, 1, 

Generation #38
11,14,0.001, 0.00856971, 0.0279952, 0.0280917, 0.0309943, 0.0344899, 0.0385809, 1, 

13,2,0.001, 0.00856971, 0.0168929, 0.0280917, 0.0309943, 0.00766255, 0.0385809, 0.162396, 1, 

12,5,0.001, 0.0200748, 0.0279952, 0.0280917, 0.0309943, 0.0344899, 0.162396, 1, 

Generation #39
11,14,0.001, 0.00856971, 0.0279952, 0.0280917, 0.0309943, 0.0344899, 0.0385809, 1, 

13,2,0.001, 0.00856971, 0.0168929, 0.0280917, 0.0309943, 0.00766255, 0.0385809, 0.162396, 1, 

12,5,0.001, 0.0200748, 0.0279952, 0.0280917, 0.0309943, 0.0344899, 0.162396, 1, 

Generation #40
11,14,0.001, 0.00856971, 0.0279952, 0.0280917, 0.0309943, 0.0344899, 0.0385809, 1, 

13,2,0.001, 0.00856971, 0.0168929, 0.0280917, 0.0309943, 0.00766255, 0.0385809, 0.162396, 1, 

12,5,0.001, 0.0200748, 0.0279952, 0.0280917, 0.0309943, 0.0344899, 0.162396, 1, 

Generation #41
11,14,0.001, 0.00856971, 0.0279952, 0.0280917, 0.0309943, 0.0344899, 0.0385809, 1, 

13,2,0.001, 0.00856971, 0.0168929, 0.0280917, 0.0309943, 0.00766255, 0.0385809, 0.162396, 1, 

12,5,0.001, 0.0200748, 0.0279952, 0.0280917, 0.0309943, 0.0344899, 0.162396, 1, 

Generation #42
11,14,0.001, 0.00856971, 0.0279952, 0.0280917, 0.0309943, 0.0344899, 0.0385809, 1, 

13,2,0.001, 0.00856971, 0.0168929, 0.0280917, 0.0309943, 0.00766255, 0.0385809, 0.162396, 1, 

12,5,0.001, 0.0200748, 0.0279952, 0.0280917, 0.0309943, 0.0344899, 0.162396, 1, 

Generation #43
11,14,0.001, 0.00856971, 0.0279952, 0.0280917, 0.0309943, 0.0344899, 0.0385809, 1, 

13,2,0.001, 0.00856971, 0.0168929, 0.0280917, 0.0309943, 0.00766255, 0.0385809, 0.162396, 1, 

12,5,0.001, 0.0200748, 0.0279952, 0.0280917, 0.0309943, 0.0344899, 0.162396, 1, 

10,25,0.001, 0.0200748, 0.0279952, 0.0280917, 0.0996281, 1, 

Generation #44
11,14,0.001, 0.00856971, 0.0279952, 0.0280917, 0.0309943, 0.0344899, 0.0385809, 1, 

13,2,0.001, 0.00856971, 0.0168929, 0.0280917, 0.0309943, 0.00766255, 0.0385809, 0.162396, 1, 

12,5,0.001, 0.0200748, 0.0279952, 0.0280917, 0.0309943, 0.0344899, 0.162396, 1, 

10,25,0.001, 0.0200748, 0.0279952, 0.0280917, 0.0996281, 1, 

Generation #45
11,14,0.001, 0.00856971, 0.0279952, 0.0280917, 0.0309943, 0.0344899, 0.0385809, 1, 

13,2,0.001, 0.00856971, 0.0168929, 0.0280917, 0.0309943, 0.00766255, 0.0385809, 0.162396, 1, 

12,5,0.001, 0.0200748, 0.0279952, 0.0280917, 0.0309943, 0.0344899, 0.162396, 1, 

10,25,0.001, 0.0200748, 0.0279952, 0.0280917, 0.0996281, 1, 

Generation #46
11,14,0.001, 0.00856971, 0.0279952, 0.0280917, 0.0309943, 0.0344899, 0.0385809, 1, 

13,2,0.001, 0.00856971, 0.0168929, 0.0280917, 0.0309943, 0.00766255, 0.0385809, 0.162396, 1, 

10,25,0.001, 0.0200748, 0.0279952, 0.0280917, 0.0996281, 1, 

12,3,0.001, 0.00856971, 0.0168929, 0.0280917, 0.0309943, 0.0344899, 0.162396, 1, 

Generation #47
11,14,0.001, 0.00856971, 0.0279952, 0.0280917, 0.0309943, 0.0344899, 0.0385809, 1, 

13,2,0.001, 0.00856971, 0.0168929, 0.0280917, 0.0309943, 0.00766255, 0.0385809, 0.162396, 1, 

10,25,0.001, 0.0200748, 0.0279952, 0.0280917, 0.0996281, 1, 

12,3,0.001, 0.00856971, 0.0168929, 0.0280917, 0.0309943, 0.0344899, 0.162396, 1, 

Generation #48
11,14,0.001, 0.00856971, 0.0279952, 0.0280917, 0.0309943, 0.0344899, 0.0385809, 1, 

13,2,0.001, 0.00856971, 0.0168929, 0.0280917, 0.0309943, 0.00766255, 0.0385809, 0.162396, 1, 

10,25,0.001, 0.0200748, 0.0279952, 0.0280917, 0.0996281, 1, 

12,3,0.001, 0.00856971, 0.0168929, 0.0280917, 0.0309943, 0.0344899, 0.162396, 1, 

Generation #49
11,14,0.001, 0.00856971, 0.0279952, 0.0280917, 0.0309943, 0.0344899, 0.0385809, 1, 

13,2,0.001, 0.00856971, 0.0168929, 0.0280917, 0.0309943, 0.00766255, 0.0385809, 0.162396, 1, 

10,25,0.001, 0.0200748, 0.0279952, 0.0280917, 0.0996281, 1, 

12,3,0.001, 0.00856971, 0.0168929, 0.0280917, 0.0309943, 0.0344899, 0.162396, 1, 

--- Pareto Front Solutions ---
Solution 0: N total=29 (N_initial=18, N_added=11), Time total=24 ms, Saved to: ./results/2^30_t2_l2_pareto_0.csv, percents=0.001, 0.00856971, 0.0279952, 0.0280917, 0.0309943, 0.0344899, 0.0385809, 1, 

Solution 1: N total=31 (N_initial=18, N_added=13), Time total=12 ms, Saved to: ./results/2^30_t2_l2_pareto_1.csv, percents=0.001, 0.00856971, 0.0168929, 0.0280917, 0.0309943, 0.00766255, 0.0385809, 0.162396, 1, 

Solution 2: N total=28 (N_initial=18, N_added=10), Time total=35 ms, Saved to: ./results/2^30_t2_l2_pareto_2.csv, percents=0.001, 0.0200748, 0.0279952, 0.0280917, 0.0996281, 1, 

Solution 3: N total=30 (N_initial=18, N_added=12), Time total=13 ms, Saved to: ./results/2^30_t2_l2_pareto_3.csv, percents=0.001, 0.00856971, 0.0168929, 0.0280917, 0.0309943, 0.0344899, 0.162396, 1, 

------------d=1, t=2, lambda=3, filename=./evaluation/2^30-t2_l3.csv------------
Computing partitioned counts of d-sets...
Ready to look at pairs based on partitioned counts...
First Stage N=24, Time=7
There are 645 remaining non-locating pairs
--- Running GA Algorithm (phase2) ---
Running GA with std::execution::par
Generation #0
22,6,0.001, 0.0236226, 0.0551812, 0.0607254, 0.124387, 0.178498, 0.303998, 0.31472, 0.328824, 0.456132, 0.49769, 0.756005, 0.869319, 0.871371, 1, 

20,95,0.001, 0.181915, 0.339341, 0.362009, 0.545832, 0.581543, 0.592912, 0.740013, 0.756965, 0.808401, 0.913715, 1, 

28,4,0.001, 0.0402919, 0.0485472, 0.0748436, 0.153735, 0.295598, 0.358129, 0.416973, 0.452237, 0.458248, 0.584542, 0.669476, 0.700994, 0.708501, 0.766862, 0.797374, 0.865557, 0.881386, 0.898644, 0.901294, 0.922526, 1, 

21,41,0.001, 0.0346538, 0.0635635, 0.112853, 0.218093, 0.524172, 0.715827, 0.717758, 0.740428, 0.776072, 0.872402, 1, 

18,303,0.001, 0.34671, 0.406786, 0.633661, 0.640729, 0.655131, 0.663974, 0.738668, 0.759739, 0.977823, 1, 

37,2,0.001, 0.014773, 0.0181498, 0.0476658, 0.0494362, 0.11429, 0.130107, 0.166125, 0.176219, 0.234484, 0.245916, 0.265035, 0.289174, 0.30884, 0.405802, 0.412312, 0.465433, 0.481953, 0.489612, 0.575122, 0.647218, 0.703551, 0.710848, 0.78981, 0.813473, 0.861059, 0.906192, 0.929171, 1, 

19,96,0.001, 0.0701512, 0.306096, 0.383161, 0.408198, 0.414196, 0.485389, 0.680748, 0.907595, 0.999066, 1, 

23,5,0.001, 0.0177618, 0.0764461, 0.0832153, 0.128319, 0.223514, 0.285144, 0.399069, 0.499529, 0.512805, 0.539716, 0.610745, 0.651998, 0.691627, 0.720381, 0.846837, 0.883244, 1, 

Generation #1
37,2,0.001, 0.014773, 0.0181498, 0.0476658, 0.0494362, 0.11429, 0.130107, 0.166125, 0.176219, 0.234484, 0.245916, 0.265035, 0.289174, 0.30884, 0.405802, 0.412312, 0.465433, 0.481953, 0.489612, 0.575122, 0.647218, 0.703551, 0.710848, 0.78981, 0.813473, 0.861059, 0.906192, 0.929171, 1, 

28,3,0.001, 0.00787654, 0.0141237, 0.0263412, 0.0507966, 0.0739917, 0.107993, 0.150488, 0.296026, 0.342574, 0.470353, 0.544404, 0.549326, 0.558155, 0.633398, 0.668284, 0.720406, 0.763066, 0.781117, 1, 

18,4,0.001, 0.0236226, 0.0551812, 0.0607254, 0.124387, 0.178498, 0.839259, 0.844412, 0.905609, 0.926236, 1, 

Generation #2
37,2,0.001, 0.014773, 0.0181498, 0.0476658, 0.0494362, 0.11429, 0.130107, 0.166125, 0.176219, 0.234484, 0.245916, 0.265035, 0.289174, 0.30884, 0.405802, 0.412312, 0.465433, 0.481953, 0.489612, 0.575122, 0.647218, 0.703551, 0.710848, 0.78981, 0.813473, 0.861059, 0.906192, 0.929171, 1, 

16,3,0.001, 0.00787654, 0.0141237, 0.0263412, 0.0507966, 0.0739917, 0.107993, 0.150488, 0.296026, 0.342574, 1, 

Generation #3
16,3,0.001, 0.00787654, 0.0141237, 0.0263412, 0.0507966, 0.0739917, 0.107993, 0.150488, 0.296026, 0.342574, 1, 

27,2,0.001, 0.0177618, 0.0764461, 0.0832153, 0.128319, 0.223514, 0.285144, 0.399069, 0.499529, 0.512805, 0.539716, 0.610745, 0.651998, 0.612302, 0.777677, 0.791704, 0.864187, 0.917681, 0.947161, 1, 

Generation #4
16,3,0.001, 0.00787654, 0.0141237, 0.0263412, 0.0507966, 0.0739917, 0.107993, 0.150488, 0.296026, 0.342574, 1, 

25,1,0.001, 0.00787654, 0.0141237, 0.0263412, 0.0507966, 0.0739917, 0.107993, 0.150488, 0.296026, 0.342574, 0.470353, 0.544404, 0.549326, 0.558155, 0.633398, 0.668284, 0.720406, 0.763066, 0.781117, 1, 

Generation #5
16,3,0.001, 0.00787654, 0.0141237, 0.0263412, 0.0507966, 0.0739917, 0.107993, 0.150488, 0.296026, 0.342574, 1, 

25,1,0.001, 0.00787654, 0.0141237, 0.0263412, 0.0507966, 0.0739917, 0.107993, 0.150488, 0.296026, 0.342574, 0.470353, 0.544404, 0.549326, 0.558155, 0.633398, 0.668284, 0.720406, 0.763066, 0.781117, 1, 

15,9,0.00787654, 0.0141237, 0.0263412, 0.0507966, 0.0739917, 0.204298, 0.240846, 0.318782, 0.342574, 1, 

17,2,0.001, 0.00787654, 0.0141237, 0.0263412, 0.0507966, 0.0739917, 0.107993, 0.150488, 0.296026, 0.342574, 0.872402, 1, 

Generation #6
16,3,0.001, 0.00787654, 0.0141237, 0.0263412, 0.0507966, 0.0739917, 0.107993, 0.150488, 0.296026, 0.342574, 1, 

25,1,0.001, 0.00787654, 0.0141237, 0.0263412, 0.0507966, 0.0739917, 0.107993, 0.150488, 0.296026, 0.342574, 0.470353, 0.544404, 0.549326, 0.558155, 0.633398, 0.668284, 0.720406, 0.763066, 0.781117, 1, 

15,9,0.00787654, 0.0141237, 0.0263412, 0.0507966, 0.0739917, 0.204298, 0.240846, 0.318782, 0.342574, 1, 

17,2,0.001, 0.00787654, 0.0141237, 0.0263412, 0.0507966, 0.0739917, 0.107993, 0.150488, 0.296026, 0.342574, 0.872402, 1, 

Generation #7
25,1,0.001, 0.00787654, 0.0141237, 0.0263412, 0.0507966, 0.0739917, 0.107993, 0.150488, 0.296026, 0.342574, 0.470353, 0.544404, 0.549326, 0.558155, 0.633398, 0.668284, 0.720406, 0.763066, 0.781117, 1, 

17,2,0.001, 0.00787654, 0.0141237, 0.0263412, 0.0507966, 0.0739917, 0.107993, 0.150488, 0.296026, 0.342574, 0.872402, 1, 

14,3,0.001, 0.00787654, 0.0141237, 0.0263412, 0.0507966, 0.0739917, 0.107993, 0.150488, 0.977823, 1, 

Generation #8
25,1,0.001, 0.00787654, 0.0141237, 0.0263412, 0.0507966, 0.0739917, 0.107993, 0.150488, 0.296026, 0.342574, 0.470353, 0.544404, 0.549326, 0.558155, 0.633398, 0.668284, 0.720406, 0.763066, 0.781117, 1, 

17,2,0.001, 0.00787654, 0.0141237, 0.0263412, 0.0507966, 0.0739917, 0.107993, 0.150488, 0.296026, 0.342574, 0.872402, 1, 

14,3,0.001, 0.00787654, 0.0141237, 0.0263412, 0.0507966, 0.0739917, 0.107993, 0.150488, 0.977823, 1, 

Generation #9
25,1,0.001, 0.00787654, 0.0141237, 0.0263412, 0.0507966, 0.0739917, 0.107993, 0.150488, 0.296026, 0.342574, 0.470353, 0.544404, 0.549326, 0.558155, 0.633398, 0.668284, 0.720406, 0.763066, 0.781117, 1, 

17,2,0.001, 0.00787654, 0.0141237, 0.0263412, 0.0507966, 0.0739917, 0.107993, 0.150488, 0.296026, 0.342574, 0.872402, 1, 

14,3,0.001, 0.00787654, 0.0141237, 0.0263412, 0.0507966, 0.0739917, 0.107993, 0.150488, 0.977823, 1, 

Generation #10
25,1,0.001, 0.00787654, 0.0141237, 0.0263412, 0.0507966, 0.0739917, 0.107993, 0.150488, 0.296026, 0.342574, 0.470353, 0.544404, 0.549326, 0.558155, 0.633398, 0.668284, 0.720406, 0.763066, 0.781117, 1, 

17,2,0.001, 0.00787654, 0.0141237, 0.0263412, 0.0507966, 0.0739917, 0.107993, 0.150488, 0.296026, 0.342574, 0.872402, 1, 

14,3,0.001, 0.00787654, 0.0141237, 0.0263412, 0.0507966, 0.0739917, 0.107993, 0.150488, 0.977823, 1, 

Generation #11
25,1,0.001, 0.00787654, 0.0141237, 0.0263412, 0.0507966, 0.0739917, 0.107993, 0.150488, 0.296026, 0.342574, 0.470353, 0.544404, 0.549326, 0.558155, 0.633398, 0.668284, 0.720406, 0.763066, 0.781117, 1, 

14,3,0.001, 0.00787654, 0.0141237, 0.0263412, 0.0507966, 0.0739917, 0.107993, 0.150488, 0.977823, 1, 

15,2,0.001, 0.00787654, 0.0141237, 0.0263412, 0.0507966, 0.0739917, 0.107993, 0.150488, 0.977823, 1, 

Generation #12
25,1,0.001, 0.00787654, 0.0141237, 0.0263412, 0.0507966, 0.0739917, 0.107993, 0.150488, 0.296026, 0.342574, 0.470353, 0.544404, 0.549326, 0.558155, 0.633398, 0.668284, 0.720406, 0.763066, 0.781117, 1, 

14,3,0.001, 0.00787654, 0.0141237, 0.0263412, 0.0507966, 0.0739917, 0.107993, 0.150488, 0.977823, 1, 

15,2,0.001, 0.00787654, 0.0141237, 0.0263412, 0.0507966, 0.0739917, 0.107993, 0.150488, 0.977823, 1, 

Generation #13
25,1,0.001, 0.00787654, 0.0141237, 0.0263412, 0.0507966, 0.0739917, 0.107993, 0.150488, 0.296026, 0.342574, 0.470353, 0.544404, 0.549326, 0.558155, 0.633398, 0.668284, 0.720406, 0.763066, 0.781117, 1, 

13,9,0.001, 0.00787654, 0.0141237, 0.0263412, 0.0739917, 0.107993, 0.342574, 1, 

14,2,0.001, 0.0131259, 0.0300951, 0.0466681, 0.0731398, 0.0950236, 0.114368, 0.740428, 1, 

Generation #14
25,1,0.001, 0.00787654, 0.0141237, 0.0263412, 0.0507966, 0.0739917, 0.107993, 0.150488, 0.296026, 0.342574, 0.470353, 0.544404, 0.549326, 0.558155, 0.633398, 0.668284, 0.720406, 0.763066, 0.781117, 1, 

13,9,0.001, 0.00787654, 0.0141237, 0.0263412, 0.0739917, 0.107993, 0.342574, 1, 

14,2,0.001, 0.0131259, 0.0300951, 0.0466681, 0.0731398, 0.0950236, 0.114368, 0.740428, 1, 

Generation #15
25,1,0.001, 0.00787654, 0.0141237, 0.0263412, 0.0507966, 0.0739917, 0.107993, 0.150488, 0.296026, 0.342574, 0.470353, 0.544404, 0.549326, 0.558155, 0.633398, 0.668284, 0.720406, 0.763066, 0.781117, 1, 

13,9,0.001, 0.00787654, 0.0141237, 0.0263412, 0.0739917, 0.107993, 0.342574, 1, 

14,2,0.001, 0.0131259, 0.0300951, 0.0466681, 0.0731398, 0.0950236, 0.114368, 0.740428, 1, 

Generation #16
25,1,0.001, 0.00787654, 0.0141237, 0.0263412, 0.0507966, 0.0739917, 0.107993, 0.150488, 0.296026, 0.342574, 0.470353, 0.544404, 0.549326, 0.558155, 0.633398, 0.668284, 0.720406, 0.763066, 0.781117, 1, 

13,9,0.001, 0.00787654, 0.0141237, 0.0263412, 0.0739917, 0.107993, 0.342574, 1, 

14,2,0.001, 0.0131259, 0.0300951, 0.0466681, 0.0731398, 0.0950236, 0.114368, 0.740428, 1, 

Generation #17
13,9,0.001, 0.00787654, 0.0141237, 0.0263412, 0.0739917, 0.107993, 0.342574, 1, 

14,2,0.001, 0.0131259, 0.0300951, 0.0466681, 0.0731398, 0.0950236, 0.114368, 0.740428, 1, 

15,1,0.001, 0.00787654, 0.0141237, 0.0263412, 0.0507966, 0.0739917, 0.107993, 0.150488, 0.296026, 0.342574, 1, 

Generation #18
14,2,0.001, 0.0131259, 0.0300951, 0.0466681, 0.0731398, 0.0950236, 0.114368, 0.740428, 1, 

15,1,0.001, 0.00787654, 0.0141237, 0.0263412, 0.0507966, 0.0739917, 0.107993, 0.150488, 0.296026, 0.342574, 1, 

12,7,0.001, 0.0177618, 0.0141237, 0.0263412, 0.0739917, 0.107993, 1, 

13,3,0.001, 0.00787654, 0.0141237, 0.0263412, 0.0507966, 0.0739917, 1, 

Generation #19
14,2,0.001, 0.0131259, 0.0300951, 0.0466681, 0.0731398, 0.0950236, 0.114368, 0.740428, 1, 

15,1,0.001, 0.00787654, 0.0141237, 0.0263412, 0.0507966, 0.0739917, 0.107993, 0.150488, 0.296026, 0.342574, 1, 

12,7,0.001, 0.0177618, 0.0141237, 0.0263412, 0.0739917, 0.107993, 1, 

13,3,0.001, 0.00787654, 0.0141237, 0.0263412, 0.0507966, 0.0739917, 1, 

Generation #20
14,2,0.001, 0.0131259, 0.0300951, 0.0466681, 0.0731398, 0.0950236, 0.114368, 0.740428, 1, 

15,1,0.001, 0.00787654, 0.0141237, 0.0263412, 0.0507966, 0.0739917, 0.107993, 0.150488, 0.296026, 0.342574, 1, 

12,7,0.001, 0.0177618, 0.0141237, 0.0263412, 0.0739917, 0.107993, 1, 

13,3,0.001, 0.00787654, 0.0141237, 0.0263412, 0.0507966, 0.0739917, 1, 

11,21,0.001, 0.014773, 0.0141237, 0.0263412, 0.0739917, 0.107993, 1, 

Generation #21
14,2,0.001, 0.0131259, 0.0300951, 0.0466681, 0.0731398, 0.0950236, 0.114368, 0.740428, 1, 

15,1,0.001, 0.00787654, 0.0141237, 0.0263412, 0.0507966, 0.0739917, 0.107993, 0.150488, 0.296026, 0.342574, 1, 

12,7,0.001, 0.0177618, 0.0141237, 0.0263412, 0.0739917, 0.107993, 1, 

13,3,0.001, 0.00787654, 0.0141237, 0.0263412, 0.0507966, 0.0739917, 1, 

11,21,0.001, 0.014773, 0.0141237, 0.0263412, 0.0739917, 0.107993, 1, 

Generation #22
14,2,0.001, 0.0131259, 0.0300951, 0.0466681, 0.0731398, 0.0950236, 0.114368, 0.740428, 1, 

15,1,0.001, 0.00787654, 0.0141237, 0.0263412, 0.0507966, 0.0739917, 0.107993, 0.150488, 0.296026, 0.342574, 1, 

12,7,0.001, 0.0177618, 0.0141237, 0.0263412, 0.0739917, 0.107993, 1, 

13,3,0.001, 0.00787654, 0.0141237, 0.0263412, 0.0507966, 0.0739917, 1, 

11,21,0.001, 0.014773, 0.0141237, 0.0263412, 0.0739917, 0.107993, 1, 

Generation #23
14,2,0.001, 0.0131259, 0.0300951, 0.0466681, 0.0731398, 0.0950236, 0.114368, 0.740428, 1, 

15,1,0.001, 0.00787654, 0.0141237, 0.0263412, 0.0507966, 0.0739917, 0.107993, 0.150488, 0.296026, 0.342574, 1, 

12,7,0.001, 0.0177618, 0.0141237, 0.0263412, 0.0739917, 0.107993, 1, 

13,3,0.001, 0.00787654, 0.0141237, 0.0263412, 0.0507966, 0.0739917, 1, 

11,8,0.001, 0.00787654, 0.0263412, 0.0739917, 0.107993, 0.342574, 1, 

Generation #24
14,2,0.001, 0.0131259, 0.0300951, 0.0466681, 0.0731398, 0.0950236, 0.114368, 0.740428, 1, 

15,1,0.001, 0.00787654, 0.0141237, 0.0263412, 0.0507966, 0.0739917, 0.107993, 0.150488, 0.296026, 0.342574, 1, 

12,7,0.001, 0.0177618, 0.0141237, 0.0263412, 0.0739917, 0.107993, 1, 

13,3,0.001, 0.00787654, 0.0141237, 0.0263412, 0.0507966, 0.0739917, 1, 

11,8,0.001, 0.00787654, 0.0263412, 0.0739917, 0.107993, 0.342574, 1, 

Generation #25
15,1,0.001, 0.00787654, 0.0141237, 0.0263412, 0.0507966, 0.0739917, 0.107993, 0.150488, 0.296026, 0.342574, 1, 

12,2,0.001, 0.00787654, 0.0141237, 0.0507966, 0.0739917, 0.107993, 1, 

10,8,0.001, 0.00787654, 0.0141237, 0.0263412, 0.0507966, 1, 

Generation #26
15,1,0.001, 0.00787654, 0.0141237, 0.0263412, 0.0507966, 0.0739917, 0.107993, 0.150488, 0.296026, 0.342574, 1, 

12,2,0.001, 0.00787654, 0.0141237, 0.0507966, 0.0739917, 0.107993, 1, 

10,8,0.001, 0.00787654, 0.0141237, 0.0263412, 0.0507966, 1, 

Generation #27
15,1,0.001, 0.00787654, 0.0141237, 0.0263412, 0.0507966, 0.0739917, 0.107993, 0.150488, 0.296026, 0.342574, 1, 

12,2,0.001, 0.00787654, 0.0141237, 0.0507966, 0.0739917, 0.107993, 1, 

10,8,0.001, 0.00787654, 0.0141237, 0.0263412, 0.0507966, 1, 

Generation #28
15,1,0.001, 0.00787654, 0.0141237, 0.0263412, 0.0507966, 0.0739917, 0.107993, 0.150488, 0.296026, 0.342574, 1, 

12,2,0.001, 0.00787654, 0.0141237, 0.0507966, 0.0739917, 0.107993, 1, 

10,8,0.001, 0.00787654, 0.0141237, 0.0263412, 0.0507966, 1, 

Generation #29
15,1,0.001, 0.00787654, 0.0141237, 0.0263412, 0.0507966, 0.0739917, 0.107993, 0.150488, 0.296026, 0.342574, 1, 

12,2,0.001, 0.00787654, 0.0141237, 0.0507966, 0.0739917, 0.107993, 1, 

10,8,0.001, 0.00787654, 0.0141237, 0.0263412, 0.0507966, 1, 

Generation #30
15,1,0.001, 0.00787654, 0.0141237, 0.0263412, 0.0507966, 0.0739917, 0.107993, 0.150488, 0.296026, 0.342574, 1, 

12,2,0.001, 0.00787654, 0.0141237, 0.0507966, 0.0739917, 0.107993, 1, 

10,8,0.001, 0.00787654, 0.0141237, 0.0263412, 0.0507966, 1, 

11,4,0.001, 0.0131259, 0.0263412, 0.0507966, 0.0507966, 0.107993, 1, 

Generation #31
15,1,0.001, 0.00787654, 0.0141237, 0.0263412, 0.0507966, 0.0739917, 0.107993, 0.150488, 0.296026, 0.342574, 1, 

12,2,0.001, 0.00787654, 0.0141237, 0.0507966, 0.0739917, 0.107993, 1, 

10,8,0.001, 0.00787654, 0.0141237, 0.0263412, 0.0507966, 1, 

11,4,0.001, 0.0131259, 0.0263412, 0.0507966, 0.0507966, 0.107993, 1, 

Generation #32
15,1,0.001, 0.00787654, 0.0141237, 0.0263412, 0.0507966, 0.0739917, 0.107993, 0.150488, 0.296026, 0.342574, 1, 

12,2,0.001, 0.00787654, 0.0141237, 0.0507966, 0.0739917, 0.107993, 1, 

10,8,0.001, 0.00787654, 0.0141237, 0.0263412, 0.0507966, 1, 

11,4,0.001, 0.0131259, 0.0263412, 0.0507966, 0.0507966, 0.107993, 1, 

Generation #33
15,1,0.001, 0.00787654, 0.0141237, 0.0263412, 0.0507966, 0.0739917, 0.107993, 0.150488, 0.296026, 0.342574, 1, 

12,2,0.001, 0.00787654, 0.0141237, 0.0507966, 0.0739917, 0.107993, 1, 

10,8,0.001, 0.00787654, 0.0141237, 0.0263412, 0.0507966, 1, 

11,4,0.001, 0.0131259, 0.0263412, 0.0507966, 0.0507966, 0.107993, 1, 

9,619,0.001, 0.0131259, 1, 

Generation #34
15,1,0.001, 0.00787654, 0.0141237, 0.0263412, 0.0507966, 0.0739917, 0.107993, 0.150488, 0.296026, 0.342574, 1, 

12,2,0.001, 0.00787654, 0.0141237, 0.0507966, 0.0739917, 0.107993, 1, 

10,8,0.001, 0.00787654, 0.0141237, 0.0263412, 0.0507966, 1, 

11,4,0.001, 0.0131259, 0.0263412, 0.0507966, 0.0507966, 0.107993, 1, 

9,619,0.001, 0.0131259, 1, 

Generation #35
15,1,0.001, 0.00787654, 0.0141237, 0.0263412, 0.0507966, 0.0739917, 0.107993, 0.150488, 0.296026, 0.342574, 1, 

12,2,0.001, 0.00787654, 0.0141237, 0.0507966, 0.0739917, 0.107993, 1, 

10,8,0.001, 0.00787654, 0.0141237, 0.0263412, 0.0507966, 1, 

11,4,0.001, 0.0131259, 0.0263412, 0.0507966, 0.0507966, 0.107993, 1, 

9,619,0.001, 0.0131259, 1, 

Generation #36
15,1,0.001, 0.00787654, 0.0141237, 0.0263412, 0.0507966, 0.0739917, 0.107993, 0.150488, 0.296026, 0.342574, 1, 

12,2,0.001, 0.00787654, 0.0141237, 0.0507966, 0.0739917, 0.107993, 1, 

10,8,0.001, 0.00787654, 0.0141237, 0.0263412, 0.0507966, 1, 

11,4,0.001, 0.0131259, 0.0263412, 0.0507966, 0.0507966, 0.107993, 1, 

9,619,0.001, 0.0131259, 1, 

Generation #37
15,1,0.001, 0.00787654, 0.0141237, 0.0263412, 0.0507966, 0.0739917, 0.107993, 0.150488, 0.296026, 0.342574, 1, 

12,2,0.001, 0.00787654, 0.0141237, 0.0507966, 0.0739917, 0.107993, 1, 

10,8,0.001, 0.00787654, 0.0141237, 0.0263412, 0.0507966, 1, 

11,4,0.001, 0.0131259, 0.0263412, 0.0507966, 0.0507966, 0.107993, 1, 

9,619,0.001, 0.0131259, 1, 

Generation #38
15,1,0.001, 0.00787654, 0.0141237, 0.0263412, 0.0507966, 0.0739917, 0.107993, 0.150488, 0.296026, 0.342574, 1, 

12,2,0.001, 0.00787654, 0.0141237, 0.0507966, 0.0739917, 0.107993, 1, 

10,8,0.001, 0.00787654, 0.0141237, 0.0263412, 0.0507966, 1, 

11,4,0.001, 0.0131259, 0.0263412, 0.0507966, 0.0507966, 0.107993, 1, 

9,377,0.001, 0.00787654, 0.0141237, 1, 

Generation #39
15,1,0.001, 0.00787654, 0.0141237, 0.0263412, 0.0507966, 0.0739917, 0.107993, 0.150488, 0.296026, 0.342574, 1, 

12,2,0.001, 0.00787654, 0.0141237, 0.0507966, 0.0739917, 0.107993, 1, 

10,8,0.001, 0.00787654, 0.0141237, 0.0263412, 0.0507966, 1, 

11,4,0.001, 0.0131259, 0.0263412, 0.0507966, 0.0507966, 0.107993, 1, 

9,377,0.001, 0.00787654, 0.0141237, 1, 

Generation #40
15,1,0.001, 0.00787654, 0.0141237, 0.0263412, 0.0507966, 0.0739917, 0.107993, 0.150488, 0.296026, 0.342574, 1, 

12,2,0.001, 0.00787654, 0.0141237, 0.0507966, 0.0739917, 0.107993, 1, 

10,8,0.001, 0.00787654, 0.0141237, 0.0263412, 0.0507966, 1, 

11,4,0.001, 0.0131259, 0.0263412, 0.0507966, 0.0507966, 0.107993, 1, 

9,377,0.001, 0.00787654, 0.0141237, 1, 

Generation #41
15,1,0.001, 0.00787654, 0.0141237, 0.0263412, 0.0507966, 0.0739917, 0.107993, 0.150488, 0.296026, 0.342574, 1, 

12,2,0.001, 0.00787654, 0.0141237, 0.0507966, 0.0739917, 0.107993, 1, 

10,8,0.001, 0.00787654, 0.0141237, 0.0263412, 0.0507966, 1, 

11,4,0.001, 0.0131259, 0.0263412, 0.0507966, 0.0507966, 0.107993, 1, 

9,377,0.001, 0.00787654, 0.0141237, 1, 

Generation #42
15,1,0.001, 0.00787654, 0.0141237, 0.0263412, 0.0507966, 0.0739917, 0.107993, 0.150488, 0.296026, 0.342574, 1, 

12,2,0.001, 0.00787654, 0.0141237, 0.0507966, 0.0739917, 0.107993, 1, 

10,8,0.001, 0.00787654, 0.0141237, 0.0263412, 0.0507966, 1, 

11,4,0.001, 0.0131259, 0.0263412, 0.0507966, 0.0507966, 0.107993, 1, 

9,377,0.001, 0.00787654, 0.0141237, 1, 

Generation #43
15,1,0.001, 0.00787654, 0.0141237, 0.0263412, 0.0507966, 0.0739917, 0.107993, 0.150488, 0.296026, 0.342574, 1, 

12,2,0.001, 0.00787654, 0.0141237, 0.0507966, 0.0739917, 0.107993, 1, 

10,8,0.001, 0.00787654, 0.0141237, 0.0263412, 0.0507966, 1, 

11,4,0.001, 0.0131259, 0.0263412, 0.0507966, 0.0507966, 0.107993, 1, 

9,377,0.001, 0.00787654, 0.0141237, 1, 

Generation #44
15,1,0.001, 0.00787654, 0.0141237, 0.0263412, 0.0507966, 0.0739917, 0.107993, 0.150488, 0.296026, 0.342574, 1, 

12,2,0.001, 0.00787654, 0.0141237, 0.0507966, 0.0739917, 0.107993, 1, 

10,8,0.001, 0.00787654, 0.0141237, 0.0263412, 0.0507966, 1, 

11,4,0.001, 0.0131259, 0.0263412, 0.0507966, 0.0507966, 0.107993, 1, 

9,377,0.001, 0.00787654, 0.0141237, 1, 

Generation #45
15,1,0.001, 0.00787654, 0.0141237, 0.0263412, 0.0507966, 0.0739917, 0.107993, 0.150488, 0.296026, 0.342574, 1, 

12,2,0.001, 0.00787654, 0.0141237, 0.0507966, 0.0739917, 0.107993, 1, 

10,8,0.001, 0.00787654, 0.0141237, 0.0263412, 0.0507966, 1, 

11,4,0.001, 0.0131259, 0.0263412, 0.0507966, 0.0507966, 0.107993, 1, 

9,377,0.001, 0.00787654, 0.0141237, 1, 

Generation #46
15,1,0.001, 0.00787654, 0.0141237, 0.0263412, 0.0507966, 0.0739917, 0.107993, 0.150488, 0.296026, 0.342574, 1, 

12,2,0.001, 0.00787654, 0.0141237, 0.0507966, 0.0739917, 0.107993, 1, 

10,8,0.001, 0.00787654, 0.0141237, 0.0263412, 0.0507966, 1, 

11,4,0.001, 0.0131259, 0.0263412, 0.0507966, 0.0507966, 0.107993, 1, 

9,377,0.001, 0.00787654, 0.0141237, 1, 

Generation #47
15,1,0.001, 0.00787654, 0.0141237, 0.0263412, 0.0507966, 0.0739917, 0.107993, 0.150488, 0.296026, 0.342574, 1, 

12,2,0.001, 0.00787654, 0.0141237, 0.0507966, 0.0739917, 0.107993, 1, 

10,8,0.001, 0.00787654, 0.0141237, 0.0263412, 0.0507966, 1, 

11,4,0.001, 0.0131259, 0.0263412, 0.0507966, 0.0507966, 0.107993, 1, 

9,377,0.001, 0.00787654, 0.0141237, 1, 

Generation #48
12,2,0.001, 0.00787654, 0.0141237, 0.0507966, 0.0739917, 0.107993, 1, 

10,8,0.001, 0.00787654, 0.0141237, 0.0263412, 0.0507966, 1, 

11,4,0.001, 0.0131259, 0.0263412, 0.0507966, 0.0507966, 0.107993, 1, 

9,377,0.001, 0.00787654, 0.0141237, 1, 

14,1,0.001, 0.00787654, 0.0141237, 0.0263412, 0.0739917, 0.107993, 1, 

Generation #49
12,2,0.001, 0.00787654, 0.0141237, 0.0507966, 0.0739917, 0.107993, 1, 

10,8,0.001, 0.00787654, 0.0141237, 0.0263412, 0.0507966, 1, 

11,4,0.001, 0.0131259, 0.0263412, 0.0507966, 0.0507966, 0.107993, 1, 

9,377,0.001, 0.00787654, 0.0141237, 1, 

14,1,0.001, 0.00787654, 0.0141237, 0.0263412, 0.0739917, 0.107993, 1, 

--- Pareto Front Solutions ---
Solution 0: N total=36 (N_initial=24, N_added=12), Time total=9 ms, Saved to: ./results/2^30_t2_l3_pareto_0.csv, percents=0.001, 0.00787654, 0.0141237, 0.0507966, 0.0739917, 0.107993, 1, 

Solution 1: N total=34 (N_initial=24, N_added=10), Time total=15 ms, Saved to: ./results/2^30_t2_l3_pareto_1.csv, percents=0.001, 0.00787654, 0.0141237, 0.0263412, 0.0507966, 1, 

Solution 2: N total=35 (N_initial=24, N_added=11), Time total=11 ms, Saved to: ./results/2^30_t2_l3_pareto_2.csv, percents=0.001, 0.0131259, 0.0263412, 0.0507966, 0.0507966, 0.107993, 1, 

Solution 3: N total=33 (N_initial=24, N_added=9), Time total=384 ms, Saved to: ./results/2^30_t2_l3_pareto_3.csv, percents=0.001, 0.00787654, 0.0141237, 1, 

Solution 4: N total=38 (N_initial=24, N_added=14), Time total=8 ms, Saved to: ./results/2^30_t2_l3_pareto_4.csv, percents=0.001, 0.00787654, 0.0141237, 0.0263412, 0.0739917, 0.107993, 1, 

------------d=1, t=2, lambda=4, filename=./evaluation/2^30-t2_l4.csv------------
Computing partitioned counts of d-sets...
Ready to look at pairs based on partitioned counts...
First Stage N=28, Time=19
There are 726 remaining non-locating pairs
--- Running GA Algorithm (phase2) ---
Running GA with std::execution::par
Generation #0
24,165,0.001, 0.0111185, 0.0143717, 0.123595, 0.132267, 0.184302, 0.206078, 0.461519, 0.656959, 0.848812, 0.91908, 1, 

33,83,0.001, 0.0169704, 0.0258885, 0.0782677, 0.14825, 0.20419, 0.207008, 0.260551, 0.338209, 0.367544, 0.488386, 0.554161, 0.723399, 0.751951, 0.886436, 0.893049, 0.926278, 0.960457, 0.968736, 1, 

42,45,0.001, 0.0223935, 0.0310632, 0.0376788, 0.124893, 0.134677, 0.18031, 0.217429, 0.240643, 0.262397, 0.294413, 0.355798, 0.393427, 0.397848, 0.421376, 0.540455, 0.546343, 0.554398, 0.568682, 0.636925, 0.669556, 0.746002, 0.775345, 0.785497, 0.820076, 0.92496, 0.933948, 0.961489, 0.966897, 0.991001, 1, 

32,119,0.001, 0.0295152, 0.0331795, 0.0355207, 0.132752, 0.134617, 0.159383, 0.259619, 0.472743, 0.531798, 0.54218, 0.590795, 0.678629, 0.699511, 0.737879, 0.774625, 0.857068, 0.923856, 1, 

Generation #1
24,165,0.001, 0.0111185, 0.0143717, 0.123595, 0.132267, 0.184302, 0.206078, 0.461519, 0.656959, 0.848812, 0.91908, 1, 

42,45,0.001, 0.0223935, 0.0310632, 0.0376788, 0.124893, 0.134677, 0.18031, 0.217429, 0.240643, 0.262397, 0.294413, 0.355798, 0.393427, 0.397848, 0.421376, 0.540455, 0.546343, 0.554398, 0.568682, 0.636925, 0.669556, 0.746002, 0.775345, 0.785497, 0.820076, 0.92496, 0.933948, 0.961489, 0.966897, 0.991001, 1, 

32,47,0.001, 0.0295152, 0.0331795, 0.0355207, 0.132752, 0.134617, 0.159383, 0.259619, 0.472743, 0.531798, 0.54218, 0.590795, 0.678629, 0.699511, 0.737879, 0.774625, 0.857068, 0.923856, 1, 

29,73,0.001, 0.0111185, 0.0143717, 0.123595, 0.132267, 0.184302, 0.206078, 0.461519, 0.656959, 0.439852, 0.448822, 0.576644, 0.788097, 0.909899, 0.964538, 0.969792, 1, 

25,77,0.001, 0.0111185, 0.0143717, 0.123595, 0.132267, 0.184302, 0.206078, 0.461519, 0.821185, 0.974656, 0.998397, 1, 

Generation #2
25,33,0.001, 0.0223935, 0.0310632, 0.147245, 0.114146, 0.132546, 0.150674, 0.221163, 0.359448, 0.374877, 0.393767, 0.667695, 1, 

23,98,0.001, 0.0385402, 0.0490581, 0.0210853, 0.103908, 0.163539, 0.333834, 0.387595, 0.396517, 0.811272, 1, 

Generation #3
23,33,0.001, 0.0183553, 0.0257834, 0.0446557, 0.129762, 0.150062, 0.170349, 0.236951, 0.281301, 0.310153, 0.445201, 1, 

32,22,0.001, 0.0111185, 0.0143717, 0.123595, 0.132267, 0.184302, 0.206078, 0.461519, 0.821185, 0.114827, 0.359859, 0.366345, 0.391032, 0.699511, 0.737879, 0.774625, 0.857068, 0.923856, 1, 

26,28,0.0111185, 0.0143717, 0.123595, 0.132267, 0.184302, 0.18031, 0.217429, 0.240643, 0.262397, 0.294413, 1, 

21,84,0.001, 0.00490642, 0.0655348, 0.0773087, 0.0844861, 0.238774, 0.248851, 0.261667, 1, 

Generation #4
23,33,0.001, 0.0183553, 0.0257834, 0.0446557, 0.129762, 0.150062, 0.170349, 0.236951, 0.281301, 0.310153, 0.445201, 1, 

32,22,0.001, 0.0111185, 0.0143717, 0.123595, 0.132267, 0.184302, 0.206078, 0.461519, 0.821185, 0.114827, 0.359859, 0.366345, 0.391032, 0.699511, 0.737879, 0.774625, 0.857068, 0.923856, 1, 

26,28,0.0111185, 0.0143717, 0.123595, 0.132267, 0.184302, 0.18031, 0.217429, 0.240643, 0.262397, 0.294413, 1, 

21,84,0.001, 0.00490642, 0.0655348, 0.0773087, 0.0844861, 0.238774, 0.248851, 0.261667, 1, 

24,29,0.001, 0.0183553, 0.0257834, 0.0446557, 0.132267, 0.184302, 0.206078, 0.461519, 0.656959, 0.848812, 0.91908, 1, 

Generation #5
23,33,0.001, 0.0183553, 0.0257834, 0.0446557, 0.129762, 0.150062, 0.170349, 0.236951, 0.281301, 0.310153, 0.445201, 1, 

32,22,0.001, 0.0111185, 0.0143717, 0.123595, 0.132267, 0.184302, 0.206078, 0.461519, 0.821185, 0.114827, 0.359859, 0.366345, 0.391032, 0.699511, 0.737879, 0.774625, 0.857068, 0.923856, 1, 

26,28,0.0111185, 0.0143717, 0.123595, 0.132267, 0.184302, 0.18031, 0.217429, 0.240643, 0.262397, 0.294413, 1, 

24,29,0.001, 0.0183553, 0.0257834, 0.0446557, 0.132267, 0.184302, 0.206078, 0.461519, 0.656959, 0.848812, 0.91908, 1, 

21,38,0.001, 0.0223935, 0.0310632, 0.0376788, 0.124893, 0.134677, 0.18031, 0.217429, 0.240643, 1, 

Generation #6
32,22,0.001, 0.0111185, 0.0143717, 0.123595, 0.132267, 0.184302, 0.206078, 0.461519, 0.821185, 0.114827, 0.359859, 0.366345, 0.391032, 0.699511, 0.737879, 0.774625, 0.857068, 0.923856, 1, 

26,28,0.0111185, 0.0143717, 0.123595, 0.132267, 0.184302, 0.18031, 0.217429, 0.240643, 0.262397, 0.294413, 1, 

24,29,0.001, 0.0183553, 0.0257834, 0.0446557, 0.132267, 0.184302, 0.206078, 0.461519, 0.656959, 0.848812, 0.91908, 1, 

21,38,0.001, 0.0223935, 0.0310632, 0.0376788, 0.124893, 0.134677, 0.18031, 0.217429, 0.240643, 1, 

22,33,0.001, 0.0223935, 0.0310632, 0.0376788, 0.124893, 0.134677, 0.18031, 0.489562, 0.261667, 1, 

Generation #7
32,22,0.001, 0.0111185, 0.0143717, 0.123595, 0.132267, 0.184302, 0.206078, 0.461519, 0.821185, 0.114827, 0.359859, 0.366345, 0.391032, 0.699511, 0.737879, 0.774625, 0.857068, 0.923856, 1, 

21,33,0.001, 0.00490642, 0.0262583, 0.0376788, 0.124893, 0.134677, 0.18031, 0.489562, 0.261667, 1, 

20,50,0.001, 0.0223935, 0.0310632, 0.0376788, 0.124893, 0.134677, 0.18031, 0.261667, 1, 

24,26,0.001, 0.0183553, 0.0257834, 0.0446557, 0.234126, 0.258653, 0.579132, 0.236951, 0.240643, 0.262397, 1, 

Generation #8
32,22,0.001, 0.0111185, 0.0143717, 0.123595, 0.132267, 0.184302, 0.206078, 0.461519, 0.821185, 0.114827, 0.359859, 0.366345, 0.391032, 0.699511, 0.737879, 0.774625, 0.857068, 0.923856, 1, 

21,33,0.001, 0.00490642, 0.0262583, 0.0376788, 0.124893, 0.134677, 0.18031, 0.489562, 0.261667, 1, 

20,50,0.001, 0.0223935, 0.0310632, 0.0376788, 0.124893, 0.134677, 0.18031, 0.261667, 1, 

24,26,0.001, 0.0183553, 0.0257834, 0.0446557, 0.234126, 0.258653, 0.579132, 0.236951, 0.240643, 0.262397, 1, 

26,25,0.001, 0.0183553, 0.0257834, 0.0446557, 0.0655348, 0.163539, 0.333834, 0.387595, 0.396517, 0.811272, 1, 

Generation #9
21,33,0.001, 0.00490642, 0.0262583, 0.0376788, 0.124893, 0.134677, 0.18031, 0.489562, 0.261667, 1, 

20,50,0.001, 0.0223935, 0.0310632, 0.0376788, 0.124893, 0.134677, 0.18031, 0.261667, 1, 

23,23,0.001, 0.0111185, 0.0143717, 0.0355207, 0.132752, 0.134617, 0.159383, 0.472743, 1, 

22,32,0.0111185, 0.0310632, 0.0376788, 0.124893, 0.546103, 0.555375, 0.590919, 0.261667, 1, 

33,17,0.001, 0.0111185, 0.0143717, 0.0446557, 0.129762, 0.150062, 0.170349, 0.236951, 0.327418, 0.281301, 0.483009, 0.310153, 0.445201, 0.512732, 0.552471, 0.555525, 0.561863, 0.571368, 0.604567, 0.623681, 1, 

25,20,0.0111185, 0.0143717, 0.0310632, 0.0376788, 0.132267, 0.184302, 0.206078, 0.461519, 0.726332, 0.942257, 1, 

Generation #10
21,33,0.001, 0.00490642, 0.0262583, 0.0376788, 0.124893, 0.134677, 0.18031, 0.489562, 0.261667, 1, 

20,50,0.001, 0.0223935, 0.0310632, 0.0376788, 0.124893, 0.134677, 0.18031, 0.261667, 1, 

25,16,0.0111185, 0.0143717, 0.0310632, 0.0376788, 0.132267, 0.128318, 0.184302, 0.206078, 0.217429, 0.240643, 0.262397, 1, 

23,18,0.001, 0.0111185, 0.0143717, 0.0446557, 0.0655348, 0.124893, 0.134677, 0.18031, 0.217429, 0.240643, 1, 

22,25,0.001, 0.0183553, 0.0257834, 0.0376788, 0.124893, 0.134677, 0.18031, 0.472743, 1, 

Generation #11
20,50,0.001, 0.0223935, 0.0310632, 0.0376788, 0.124893, 0.134677, 0.18031, 0.261667, 1, 

25,16,0.0111185, 0.0143717, 0.0310632, 0.0376788, 0.132267, 0.128318, 0.184302, 0.206078, 0.217429, 0.240643, 0.262397, 1, 

23,18,0.001, 0.0111185, 0.0143717, 0.0446557, 0.0655348, 0.124893, 0.134677, 0.18031, 0.217429, 0.240643, 1, 

21,28,0.001, 0.0111185, 0.0143717, 0.0446557, 0.234126, 0.258653, 0.579132, 0.261667, 1, 

22,19,0.0111185, 0.0143717, 0.0310632, 0.0376788, 0.0844861, 0.238774, 0.248851, 1, 

Generation #12
22,19,0.0111185, 0.0143717, 0.0310632, 0.0376788, 0.0844861, 0.238774, 0.248851, 1, 

21,25,0.001, 0.0183553, 0.0257834, 0.0376788, 0.124893, 0.134677, 0.18031, 0.261667, 1, 

19,51,0.001, 0.0183553, 0.0257834, 0.0446557, 0.238774, 0.248851, 1, 

23,16,0.0111185, 0.0143717, 0.0310632, 0.0376788, 0.124893, 0.134677, 0.18031, 0.472743, 1, 

20,30,0.001, 0.0183553, 0.0257834, 0.0446557, 0.129762, 0.150062, 0.248851, 1, 

Generation #13
19,51,0.001, 0.0183553, 0.0257834, 0.0446557, 0.238774, 0.248851, 1, 

23,16,0.0111185, 0.0143717, 0.0310632, 0.0376788, 0.124893, 0.134677, 0.18031, 0.472743, 1, 

20,27,0.001, 0.0183553, 0.0257834, 0.0376788, 0.124893, 0.248851, 1, 

21,19,0.0111185, 0.0183553, 0.0310632, 0.0376788, 0.124893, 0.248851, 1, 

Generation #14
19,20,0.0111185, 0.0143717, 0.0310632, 0.0844861, 0.184302, 0.18031, 0.261667, 1, 

21,16,0.001, 0.0111185, 0.0143717, 0.0355207, 0.132752, 0.18031, 0.18031, 0.261667, 1, 

Generation #15
19,20,0.0111185, 0.0143717, 0.0310632, 0.0844861, 0.184302, 0.18031, 0.261667, 1, 

21,16,0.001, 0.0111185, 0.0143717, 0.0355207, 0.132752, 0.18031, 0.18031, 0.261667, 1, 

Generation #16
19,20,0.0111185, 0.0143717, 0.0310632, 0.0844861, 0.184302, 0.18031, 0.261667, 1, 

21,16,0.001, 0.0111185, 0.0143717, 0.0355207, 0.132752, 0.18031, 0.18031, 0.261667, 1, 

23,14,0.0111185, 0.0143717, 0.0310632, 0.0376788, 0.124893, 0.134677, 0.18031, 0.261667, 1, 

20,18,0.0111185, 0.0143717, 0.0257834, 0.0376788, 0.132267, 0.184302, 0.206078, 1, 

Generation #17
19,20,0.0111185, 0.0143717, 0.0310632, 0.0844861, 0.184302, 0.18031, 0.261667, 1, 

21,16,0.001, 0.0111185, 0.0143717, 0.0355207, 0.132752, 0.18031, 0.18031, 0.261667, 1, 

23,14,0.0111185, 0.0143717, 0.0310632, 0.0376788, 0.124893, 0.134677, 0.18031, 0.261667, 1, 

20,18,0.0111185, 0.0143717, 0.0257834, 0.0376788, 0.132267, 0.184302, 0.206078, 1, 

18,46,0.001, 0.0143717, 0.0310632, 0.0376788, 0.124893, 0.248851, 1, 

Generation #18
19,20,0.0111185, 0.0143717, 0.0310632, 0.0844861, 0.184302, 0.18031, 0.261667, 1, 

21,16,0.001, 0.0111185, 0.0143717, 0.0355207, 0.132752, 0.18031, 0.18031, 0.261667, 1, 

23,14,0.0111185, 0.0143717, 0.0310632, 0.0376788, 0.124893, 0.134677, 0.18031, 0.261667, 1, 

20,18,0.0111185, 0.0143717, 0.0257834, 0.0376788, 0.132267, 0.184302, 0.206078, 1, 

18,46,0.001, 0.0143717, 0.0310632, 0.0376788, 0.124893, 0.248851, 1, 

Generation #19
19,20,0.0111185, 0.0143717, 0.0310632, 0.0844861, 0.184302, 0.18031, 0.261667, 1, 

21,16,0.001, 0.0111185, 0.0143717, 0.0355207, 0.132752, 0.18031, 0.18031, 0.261667, 1, 

23,14,0.0111185, 0.0143717, 0.0310632, 0.0376788, 0.124893, 0.134677, 0.18031, 0.261667, 1, 

20,18,0.0111185, 0.0143717, 0.0257834, 0.0376788, 0.132267, 0.184302, 0.206078, 1, 

18,39,0.001, 0.0111185, 0.0143717, 0.0446557, 0.0655348, 0.248851, 1, 

Generation #20
19,20,0.0111185, 0.0143717, 0.0310632, 0.0844861, 0.184302, 0.18031, 0.261667, 1, 

21,16,0.001, 0.0111185, 0.0143717, 0.0355207, 0.132752, 0.18031, 0.18031, 0.261667, 1, 

23,14,0.0111185, 0.0143717, 0.0310632, 0.0376788, 0.124893, 0.134677, 0.18031, 0.261667, 1, 

20,18,0.0111185, 0.0143717, 0.0257834, 0.0376788, 0.132267, 0.184302, 0.206078, 1, 

18,39,0.001, 0.0111185, 0.0143717, 0.0446557, 0.0655348, 0.248851, 1, 

Generation #21
19,20,0.0111185, 0.0143717, 0.0310632, 0.0844861, 0.184302, 0.18031, 0.261667, 1, 

21,16,0.001, 0.0111185, 0.0143717, 0.0355207, 0.132752, 0.18031, 0.18031, 0.261667, 1, 

23,14,0.0111185, 0.0143717, 0.0310632, 0.0376788, 0.124893, 0.134677, 0.18031, 0.261667, 1, 

20,18,0.0111185, 0.0143717, 0.0257834, 0.0376788, 0.132267, 0.184302, 0.206078, 1, 

18,39,0.001, 0.0111185, 0.0143717, 0.0446557, 0.0655348, 0.248851, 1, 

Generation #22
19,20,0.0111185, 0.0143717, 0.0310632, 0.0844861, 0.184302, 0.18031, 0.261667, 1, 

21,16,0.001, 0.0111185, 0.0143717, 0.0355207, 0.132752, 0.18031, 0.18031, 0.261667, 1, 

23,14,0.0111185, 0.0143717, 0.0310632, 0.0376788, 0.124893, 0.134677, 0.18031, 0.261667, 1, 

20,18,0.0111185, 0.0143717, 0.0257834, 0.0376788, 0.132267, 0.184302, 0.206078, 1, 

18,39,0.001, 0.0111185, 0.0143717, 0.0446557, 0.0655348, 0.248851, 1, 

Generation #23
19,20,0.0111185, 0.0143717, 0.0310632, 0.0844861, 0.184302, 0.18031, 0.261667, 1, 

21,16,0.001, 0.0111185, 0.0143717, 0.0355207, 0.132752, 0.18031, 0.18031, 0.261667, 1, 

23,14,0.0111185, 0.0143717, 0.0310632, 0.0376788, 0.124893, 0.134677, 0.18031, 0.261667, 1, 

20,18,0.0111185, 0.0143717, 0.0257834, 0.0376788, 0.132267, 0.184302, 0.206078, 1, 

18,39,0.001, 0.0111185, 0.0143717, 0.0446557, 0.0655348, 0.248851, 1, 

Generation #24
21,16,0.001, 0.0111185, 0.0143717, 0.0355207, 0.132752, 0.18031, 0.18031, 0.261667, 1, 

23,14,0.0111185, 0.0143717, 0.0310632, 0.0376788, 0.124893, 0.134677, 0.18031, 0.261667, 1, 

20,18,0.0111185, 0.0143717, 0.0257834, 0.0376788, 0.132267, 0.184302, 0.206078, 1, 

18,39,0.001, 0.0111185, 0.0143717, 0.0446557, 0.0655348, 0.248851, 1, 

19,19,0.0111185, 0.0183553, 0.0310632, 0.0376788, 0.124893, 0.248851, 1, 

Generation #25
21,16,0.001, 0.0111185, 0.0143717, 0.0355207, 0.132752, 0.18031, 0.18031, 0.261667, 1, 

23,14,0.0111185, 0.0143717, 0.0310632, 0.0376788, 0.124893, 0.134677, 0.18031, 0.261667, 1, 

20,18,0.0111185, 0.0143717, 0.0257834, 0.0376788, 0.132267, 0.184302, 0.206078, 1, 

19,19,0.0111185, 0.0183553, 0.0310632, 0.0376788, 0.124893, 0.248851, 1, 

17,38,0.001, 0.0111185, 0.0143717, 0.0355207, 0.132752, 0.134617, 1, 

Generation #26
23,14,0.0111185, 0.0143717, 0.0310632, 0.0376788, 0.124893, 0.134677, 0.18031, 0.261667, 1, 

19,19,0.0111185, 0.0183553, 0.0310632, 0.0376788, 0.124893, 0.248851, 1, 

17,38,0.001, 0.0111185, 0.0143717, 0.0355207, 0.132752, 0.134617, 1, 

21,15,0.0111185, 0.0143717, 0.0143717, 0.0355207, 0.132752, 0.18031, 0.18031, 0.261667, 1, 

20,16,0.0111185, 0.0183553, 0.0310632, 0.0446557, 0.0655348, 0.163539, 1, 

Generation #27
23,14,0.0111185, 0.0143717, 0.0310632, 0.0376788, 0.124893, 0.134677, 0.18031, 0.261667, 1, 

17,38,0.001, 0.0111185, 0.0143717, 0.0355207, 0.132752, 0.134617, 1, 

21,15,0.0111185, 0.0143717, 0.0143717, 0.0355207, 0.132752, 0.18031, 0.18031, 0.261667, 1, 

20,16,0.0111185, 0.0183553, 0.0310632, 0.0446557, 0.0655348, 0.163539, 1, 

19,18,0.0111185, 0.0143717, 0.0143717, 0.0355207, 0.134617, 1, 

Generation #28
23,14,0.0111185, 0.0143717, 0.0310632, 0.0376788, 0.124893, 0.134677, 0.18031, 0.261667, 1, 

17,38,0.001, 0.0111185, 0.0143717, 0.0355207, 0.132752, 0.134617, 1, 

21,15,0.0111185, 0.0143717, 0.0143717, 0.0355207, 0.132752, 0.18031, 0.18031, 0.261667, 1, 

20,16,0.0111185, 0.0183553, 0.0310632, 0.0446557, 0.0655348, 0.163539, 1, 

19,18,0.0111185, 0.0143717, 0.0143717, 0.0355207, 0.134617, 1, 

Generation #29
23,14,0.0111185, 0.0143717, 0.0310632, 0.0376788, 0.124893, 0.134677, 0.18031, 0.261667, 1, 

17,38,0.001, 0.0111185, 0.0143717, 0.0355207, 0.132752, 0.134617, 1, 

21,15,0.0111185, 0.0143717, 0.0143717, 0.0355207, 0.132752, 0.18031, 0.18031, 0.261667, 1, 

20,16,0.0111185, 0.0183553, 0.0310632, 0.0446557, 0.0655348, 0.163539, 1, 

18,18,0.0111185, 0.0111185, 0.0143717, 0.0355207, 0.132752, 1, 

16,212,0.001, 0.0111185, 0.0143717, 0.0446557, 1, 

Generation #30
23,14,0.0111185, 0.0143717, 0.0310632, 0.0376788, 0.124893, 0.134677, 0.18031, 0.261667, 1, 

17,38,0.001, 0.0111185, 0.0143717, 0.0355207, 0.132752, 0.134617, 1, 

21,15,0.0111185, 0.0143717, 0.0143717, 0.0355207, 0.132752, 0.18031, 0.18031, 0.261667, 1, 

20,16,0.0111185, 0.0183553, 0.0310632, 0.0446557, 0.0655348, 0.163539, 1, 

18,18,0.0111185, 0.0111185, 0.0143717, 0.0355207, 0.132752, 1, 

16,212,0.001, 0.0111185, 0.0143717, 0.0446557, 1, 

Generation #31
23,14,0.0111185, 0.0143717, 0.0310632, 0.0376788, 0.124893, 0.134677, 0.18031, 0.261667, 1, 

17,38,0.001, 0.0111185, 0.0143717, 0.0355207, 0.132752, 0.134617, 1, 

21,15,0.0111185, 0.0143717, 0.0143717, 0.0355207, 0.132752, 0.18031, 0.18031, 0.261667, 1, 

18,18,0.0111185, 0.0111185, 0.0143717, 0.0355207, 0.132752, 1, 

16,212,0.001, 0.0111185, 0.0143717, 0.0446557, 1, 

19,16,0.0111185, 0.0143717, 0.0143717, 0.0355207, 0.132752, 0.134617, 1, 

Generation #32
23,14,0.0111185, 0.0143717, 0.0310632, 0.0376788, 0.124893, 0.134677, 0.18031, 0.261667, 1, 

21,15,0.0111185, 0.0143717, 0.0143717, 0.0355207, 0.132752, 0.18031, 0.18031, 0.261667, 1, 

18,18,0.0111185, 0.0111185, 0.0143717, 0.0355207, 0.132752, 1, 

16,212,0.001, 0.0111185, 0.0143717, 0.0446557, 1, 

19,16,0.0111185, 0.0143717, 0.0143717, 0.0355207, 0.132752, 0.134617, 1, 

17,25,0.001, 0.0111185, 0.0143717, 0.0355207, 0.132752, 0.248851, 1, 

Generation #33
21,15,0.0111185, 0.0143717, 0.0143717, 0.0355207, 0.132752, 0.18031, 0.18031, 0.261667, 1, 

18,18,0.0111185, 0.0111185, 0.0143717, 0.0355207, 0.132752, 1, 

16,212,0.001, 0.0111185, 0.0143717, 0.0446557, 1, 

19,16,0.0111185, 0.0143717, 0.0143717, 0.0355207, 0.132752, 0.134617, 1, 

17,25,0.001, 0.0111185, 0.0143717, 0.0355207, 0.132752, 0.248851, 1, 

22,13,0.0111185, 0.0111185, 0.0143717, 0.0355207, 0.132752, 0.134617, 0.159383, 1, 

Generation #34
21,15,0.0111185, 0.0143717, 0.0143717, 0.0355207, 0.132752, 0.18031, 0.18031, 0.261667, 1, 

18,18,0.0111185, 0.0111185, 0.0143717, 0.0355207, 0.132752, 1, 

16,212,0.001, 0.0111185, 0.0143717, 0.0446557, 1, 

19,16,0.0111185, 0.0143717, 0.0143717, 0.0355207, 0.132752, 0.134617, 1, 

17,25,0.001, 0.0111185, 0.0143717, 0.0355207, 0.132752, 0.248851, 1, 

22,13,0.0111185, 0.0111185, 0.0143717, 0.0355207, 0.132752, 0.134617, 0.159383, 1, 

Generation #35
21,15,0.0111185, 0.0143717, 0.0143717, 0.0355207, 0.132752, 0.18031, 0.18031, 0.261667, 1, 

18,18,0.0111185, 0.0111185, 0.0143717, 0.0355207, 0.132752, 1, 

16,212,0.001, 0.0111185, 0.0143717, 0.0446557, 1, 

19,16,0.0111185, 0.0143717, 0.0143717, 0.0355207, 0.132752, 0.134617, 1, 

17,25,0.001, 0.0111185, 0.0143717, 0.0355207, 0.132752, 0.248851, 1, 

22,13,0.0111185, 0.0111185, 0.0143717, 0.0355207, 0.132752, 0.134617, 0.159383, 1, 

Generation #36
21,15,0.0111185, 0.0143717, 0.0143717, 0.0355207, 0.132752, 0.18031, 0.18031, 0.261667, 1, 

18,18,0.0111185, 0.0111185, 0.0143717, 0.0355207, 0.132752, 1, 

16,212,0.001, 0.0111185, 0.0143717, 0.0446557, 1, 

19,16,0.0111185, 0.0143717, 0.0143717, 0.0355207, 0.132752, 0.134617, 1, 

17,25,0.001, 0.0111185, 0.0143717, 0.0355207, 0.132752, 0.248851, 1, 

22,13,0.0111185, 0.0111185, 0.0143717, 0.0355207, 0.132752, 0.134617, 0.159383, 1, 

Generation #37
18,18,0.0111185, 0.0111185, 0.0143717, 0.0355207, 0.132752, 1, 

16,212,0.001, 0.0111185, 0.0143717, 0.0446557, 1, 

19,16,0.0111185, 0.0143717, 0.0143717, 0.0355207, 0.132752, 0.134617, 1, 

17,25,0.001, 0.0111185, 0.0143717, 0.0355207, 0.132752, 0.248851, 1, 

21,13,0.0111185, 0.0111185, 0.0143717, 0.0355207, 0.132752, 0.134617, 1, 

Generation #38
18,18,0.0111185, 0.0111185, 0.0143717, 0.0355207, 0.132752, 1, 

16,212,0.001, 0.0111185, 0.0143717, 0.0446557, 1, 

19,16,0.0111185, 0.0143717, 0.0143717, 0.0355207, 0.132752, 0.134617, 1, 

17,25,0.001, 0.0111185, 0.0143717, 0.0355207, 0.132752, 0.248851, 1, 

21,13,0.0111185, 0.0111185, 0.0143717, 0.0355207, 0.132752, 0.134617, 1, 

Generation #39
18,18,0.0111185, 0.0111185, 0.0143717, 0.0355207, 0.132752, 1, 

16,212,0.001, 0.0111185, 0.0143717, 0.0446557, 1, 

19,16,0.0111185, 0.0143717, 0.0143717, 0.0355207, 0.132752, 0.134617, 1, 

17,25,0.001, 0.0111185, 0.0143717, 0.0355207, 0.132752, 0.248851, 1, 

21,13,0.0111185, 0.0111185, 0.0143717, 0.0355207, 0.132752, 0.134617, 1, 

Generation #40
18,18,0.0111185, 0.0111185, 0.0143717, 0.0355207, 0.132752, 1, 

16,212,0.001, 0.0111185, 0.0143717, 0.0446557, 1, 

19,16,0.0111185, 0.0143717, 0.0143717, 0.0355207, 0.132752, 0.134617, 1, 

17,25,0.001, 0.0111185, 0.0143717, 0.0355207, 0.132752, 0.248851, 1, 

21,13,0.0111185, 0.0111185, 0.0143717, 0.0355207, 0.132752, 0.134617, 1, 

20,15,0.001, 0.0111185, 0.0143717, 0.0355207, 0.132752, 0.134617, 1, 

Generation #41
18,18,0.0111185, 0.0111185, 0.0143717, 0.0355207, 0.132752, 1, 

16,212,0.001, 0.0111185, 0.0143717, 0.0446557, 1, 

19,16,0.0111185, 0.0143717, 0.0143717, 0.0355207, 0.132752, 0.134617, 1, 

17,25,0.001, 0.0111185, 0.0143717, 0.0355207, 0.132752, 0.248851, 1, 

21,13,0.0111185, 0.0111185, 0.0143717, 0.0355207, 0.132752, 0.134617, 1, 

20,15,0.001, 0.0111185, 0.0143717, 0.0355207, 0.132752, 0.134617, 1, 

Generation #42
18,18,0.0111185, 0.0111185, 0.0143717, 0.0355207, 0.132752, 1, 

16,212,0.001, 0.0111185, 0.0143717, 0.0446557, 1, 

19,16,0.0111185, 0.0143717, 0.0143717, 0.0355207, 0.132752, 0.134617, 1, 

17,25,0.001, 0.0111185, 0.0143717, 0.0355207, 0.132752, 0.248851, 1, 

21,13,0.0111185, 0.0111185, 0.0143717, 0.0355207, 0.132752, 0.134617, 1, 

20,15,0.001, 0.0111185, 0.0143717, 0.0355207, 0.132752, 0.134617, 1, 

Generation #43
18,18,0.0111185, 0.0111185, 0.0143717, 0.0355207, 0.132752, 1, 

16,212,0.001, 0.0111185, 0.0143717, 0.0446557, 1, 

19,16,0.0111185, 0.0143717, 0.0143717, 0.0355207, 0.132752, 0.134617, 1, 

17,25,0.001, 0.0111185, 0.0143717, 0.0355207, 0.132752, 0.248851, 1, 

21,13,0.0111185, 0.0111185, 0.0143717, 0.0355207, 0.132752, 0.134617, 1, 

20,15,0.001, 0.0111185, 0.0143717, 0.0355207, 0.132752, 0.134617, 1, 

Generation #44
18,18,0.0111185, 0.0111185, 0.0143717, 0.0355207, 0.132752, 1, 

16,212,0.001, 0.0111185, 0.0143717, 0.0446557, 1, 

19,16,0.0111185, 0.0143717, 0.0143717, 0.0355207, 0.132752, 0.134617, 1, 

17,25,0.001, 0.0111185, 0.0143717, 0.0355207, 0.132752, 0.248851, 1, 

21,13,0.0111185, 0.0111185, 0.0143717, 0.0355207, 0.132752, 0.134617, 1, 

20,14,0.001, 0.0111185, 0.0143717, 0.0368579, 0.132752, 0.18031, 0.238774, 1, 

Generation #45
18,18,0.0111185, 0.0111185, 0.0143717, 0.0355207, 0.132752, 1, 

16,212,0.001, 0.0111185, 0.0143717, 0.0446557, 1, 

19,16,0.0111185, 0.0143717, 0.0143717, 0.0355207, 0.132752, 0.134617, 1, 

17,25,0.001, 0.0111185, 0.0143717, 0.0355207, 0.132752, 0.248851, 1, 

21,13,0.0111185, 0.0111185, 0.0143717, 0.0355207, 0.132752, 0.134617, 1, 

20,14,0.001, 0.0111185, 0.0143717, 0.0368579, 0.132752, 0.18031, 0.238774, 1, 

Generation #46
18,18,0.0111185, 0.0111185, 0.0143717, 0.0355207, 0.132752, 1, 

16,212,0.001, 0.0111185, 0.0143717, 0.0446557, 1, 

19,16,0.0111185, 0.0143717, 0.0143717, 0.0355207, 0.132752, 0.134617, 1, 

17,25,0.001, 0.0111185, 0.0143717, 0.0355207, 0.132752, 0.248851, 1, 

21,13,0.0111185, 0.0111185, 0.0143717, 0.0355207, 0.132752, 0.134617, 1, 

20,14,0.001, 0.0111185, 0.0143717, 0.0368579, 0.132752, 0.18031, 0.238774, 1, 

Generation #47
18,18,0.0111185, 0.0111185, 0.0143717, 0.0355207, 0.132752, 1, 

16,212,0.001, 0.0111185, 0.0143717, 0.0446557, 1, 

19,16,0.0111185, 0.0143717, 0.0143717, 0.0355207, 0.132752, 0.134617, 1, 

17,25,0.001, 0.0111185, 0.0143717, 0.0355207, 0.132752, 0.248851, 1, 

21,13,0.0111185, 0.0111185, 0.0143717, 0.0355207, 0.132752, 0.134617, 1, 

20,14,0.001, 0.0111185, 0.0143717, 0.0368579, 0.132752, 0.18031, 0.238774, 1, 

Generation #48
16,212,0.001, 0.0111185, 0.0143717, 0.0446557, 1, 

19,16,0.0111185, 0.0143717, 0.0143717, 0.0355207, 0.132752, 0.134617, 1, 

17,25,0.001, 0.0111185, 0.0143717, 0.0355207, 0.132752, 0.248851, 1, 

21,13,0.0111185, 0.0111185, 0.0143717, 0.0355207, 0.132752, 0.134617, 1, 

20,14,0.001, 0.0111185, 0.0143717, 0.0368579, 0.132752, 0.18031, 0.238774, 1, 

18,17,0.0111185, 0.0111185, 0.0143717, 0.0355207, 0.132752, 0.134617, 1, 

Generation #49
16,212,0.001, 0.0111185, 0.0143717, 0.0446557, 1, 

19,16,0.0111185, 0.0143717, 0.0143717, 0.0355207, 0.132752, 0.134617, 1, 

17,25,0.001, 0.0111185, 0.0143717, 0.0355207, 0.132752, 0.248851, 1, 

21,13,0.0111185, 0.0111185, 0.0143717, 0.0355207, 0.132752, 0.134617, 1, 

20,14,0.001, 0.0111185, 0.0143717, 0.0368579, 0.132752, 0.18031, 0.238774, 1, 

18,17,0.0111185, 0.0111185, 0.0143717, 0.0355207, 0.132752, 0.134617, 1, 

--- Pareto Front Solutions ---
Solution 0: N total=44 (N_initial=28, N_added=16), Time total=231 ms, Saved to: ./results/2^30_t2_l4_pareto_0.csv, percents=0.001, 0.0111185, 0.0143717, 0.0446557, 1, 

Solution 1: N total=47 (N_initial=28, N_added=19), Time total=35 ms, Saved to: ./results/2^30_t2_l4_pareto_1.csv, percents=0.0111185, 0.0143717, 0.0143717, 0.0355207, 0.132752, 0.134617, 1, 

Solution 2: N total=45 (N_initial=28, N_added=17), Time total=44 ms, Saved to: ./results/2^30_t2_l4_pareto_2.csv, percents=0.001, 0.0111185, 0.0143717, 0.0355207, 0.132752, 0.248851, 1, 

Solution 3: N total=49 (N_initial=28, N_added=21), Time total=32 ms, Saved to: ./results/2^30_t2_l4_pareto_3.csv, percents=0.0111185, 0.0111185, 0.0143717, 0.0355207, 0.132752, 0.134617, 1, 

Solution 4: N total=48 (N_initial=28, N_added=20), Time total=33 ms, Saved to: ./results/2^30_t2_l4_pareto_4.csv, percents=0.001, 0.0111185, 0.0143717, 0.0368579, 0.132752, 0.18031, 0.238774, 1, 

Solution 5: N total=46 (N_initial=28, N_added=18), Time total=36 ms, Saved to: ./results/2^30_t2_l4_pareto_5.csv, percents=0.0111185, 0.0111185, 0.0143717, 0.0355207, 0.132752, 0.134617, 1, 

