------------d=1, t=2, lambda=1, filename=./evaluation/2^30-t2_l1.csv------------
Computing partitioned counts of d-sets...
Ready to look at pairs based on partitioned counts...
First Stage N=12, Time=6
There are 3676 remaining non-locating pairs
--- Running GA Algorithm (phase2) ---
Running GA with std::execution::par
Generation #0
20,335,0.001, 0.0947605, 0.142012, 0.179778, 0.189462, 0.191137, 0.191838, 0.388656, 0.457753, 0.581852, 0.66415, 0.680059, 0.821016, 0.853868, 0.979439, 1, 

19,368,0.001, 0.0930755, 0.117456, 0.246838, 0.266876, 0.268594, 0.459387, 0.461979, 0.480012, 0.650595, 0.662716, 0.705202, 0.789084, 1, 

21,274,0.001, 0.0537338, 0.106666, 0.111303, 0.348809, 0.39629, 0.452333, 0.476821, 0.529451, 0.635177, 0.648952, 0.726148, 0.943837, 0.951523, 1, 

18,410,0.001, 0.0970704, 0.133815, 0.193307, 0.314824, 0.330009, 0.392028, 0.397921, 0.422169, 0.783244, 0.803073, 0.930679, 1, 

26,70,0.001, 0.0219461, 0.0261442, 0.0262016, 0.0663368, 0.100799, 0.164494, 0.217953, 0.230267, 0.239707, 0.475426, 0.477239, 0.511489, 0.606937, 0.610299, 0.685118, 0.749872, 0.761045, 0.79815, 0.843834, 0.85952, 0.956795, 1, 

24,187,0.001, 0.0141455, 0.0218816, 0.0456565, 0.126535, 0.171676, 0.223503, 0.360442, 0.365705, 0.45636, 0.479251, 0.508095, 0.573131, 0.69156, 0.698453, 0.828251, 0.841254, 0.951562, 1, 

17,440,0.001, 0.134803, 0.221837, 0.302436, 0.583685, 0.666923, 0.687387, 0.775528, 0.797689, 0.831146, 0.990146, 1, 

Generation #1
18,55,0.001, 0.0141455, 0.0218816, 0.0456565, 0.126535, 0.171676, 0.223503, 0.360442, 0.797689, 0.673653, 0.831146, 0.990146, 1, 

17,72,0.001, 0.016831, 0.0528152, 0.0980615, 0.106911, 0.119235, 0.150345, 0.17776, 0.797689, 0.831146, 0.990146, 1, 

Generation #2
16,54,0.001, 0.0110509, 0.0391854, 0.0928903, 0.129683, 0.148351, 0.15305, 0.161136, 0.234665, 0.262227, 1, 

15,69,0.001, 0.016831, 0.0528152, 0.0980615, 0.106911, 0.119235, 0.150345, 0.17776, 0.797689, 0.831146, 1, 

Generation #3
16,54,0.001, 0.0110509, 0.0391854, 0.0928903, 0.129683, 0.148351, 0.15305, 0.161136, 0.234665, 0.262227, 1, 

15,69,0.001, 0.016831, 0.0528152, 0.0980615, 0.106911, 0.119235, 0.150345, 0.17776, 0.797689, 0.831146, 1, 

Generation #4
16,54,0.001, 0.0110509, 0.0391854, 0.0928903, 0.129683, 0.148351, 0.15305, 0.161136, 0.234665, 0.262227, 1, 

15,69,0.001, 0.016831, 0.0528152, 0.0980615, 0.106911, 0.119235, 0.150345, 0.17776, 0.797689, 0.831146, 1, 

Generation #5
14,72,0.001, 0.0254464, 0.0366954, 0.0698214, 0.10015, 0.173493, 0.182069, 0.710549, 0.979017, 1, 

15,52,0.001, 0.0110509, 0.0391854, 0.0980615, 0.106911, 0.119235, 0.150345, 0.17776, 0.797689, 0.999048, 1, 

Generation #6
14,48,0.001, 0.0141455, 0.0218816, 0.0456565, 0.126535, 0.171676, 0.339545, 0.375901, 0.401264, 0.44847, 1, 

Generation #7
14,48,0.001, 0.0141455, 0.0218816, 0.0456565, 0.126535, 0.171676, 0.339545, 0.375901, 0.401264, 0.44847, 1, 

17,45,0.001, 0.0110509, 0.0218816, 0.0456565, 0.126535, 0.171676, 0.223503, 0.360442, 0.797689, 0.673653, 0.831146, 0.990146, 1, 

Generation #8
14,48,0.001, 0.0141455, 0.0218816, 0.0456565, 0.126535, 0.171676, 0.339545, 0.375901, 0.401264, 0.44847, 1, 

17,45,0.001, 0.0110509, 0.0218816, 0.0456565, 0.126535, 0.171676, 0.223503, 0.360442, 0.797689, 0.673653, 0.831146, 0.990146, 1, 

Generation #9
14,48,0.001, 0.0141455, 0.0218816, 0.0456565, 0.126535, 0.171676, 0.339545, 0.375901, 0.401264, 0.44847, 1, 

13,68,0.001, 0.0141455, 0.0218816, 0.0456565, 0.126535, 0.710549, 0.979017, 1, 

15,43,0.001, 0.0141455, 0.0218816, 0.0456565, 0.126535, 0.171676, 0.339545, 0.375901, 0.797689, 0.999048, 1, 

Generation #10
14,48,0.001, 0.0141455, 0.0218816, 0.0456565, 0.126535, 0.171676, 0.339545, 0.375901, 0.401264, 0.44847, 1, 

15,43,0.001, 0.0141455, 0.0218816, 0.0456565, 0.126535, 0.171676, 0.339545, 0.375901, 0.797689, 0.999048, 1, 

12,66,0.001, 0.0141455, 0.0218816, 0.0456565, 0.126535, 0.710549, 0.979017, 1, 

Generation #11
14,48,0.001, 0.0141455, 0.0218816, 0.0456565, 0.126535, 0.171676, 0.339545, 0.375901, 0.401264, 0.44847, 1, 

15,43,0.001, 0.0141455, 0.0218816, 0.0456565, 0.126535, 0.171676, 0.339545, 0.375901, 0.797689, 0.999048, 1, 

12,66,0.001, 0.0141455, 0.0218816, 0.0456565, 0.126535, 0.710549, 0.979017, 1, 

Generation #12
15,43,0.001, 0.0141455, 0.0218816, 0.0456565, 0.126535, 0.171676, 0.339545, 0.375901, 0.797689, 0.999048, 1, 

12,66,0.001, 0.0141455, 0.0218816, 0.0456565, 0.126535, 0.710549, 0.979017, 1, 

13,44,0.001, 0.0141455, 0.0218816, 0.0513067, 0.110065, 0.100799, 0.164494, 0.217953, 0.230267, 1, 

Generation #13
15,43,0.001, 0.0141455, 0.0218816, 0.0456565, 0.126535, 0.171676, 0.339545, 0.375901, 0.797689, 0.999048, 1, 

12,66,0.001, 0.0141455, 0.0218816, 0.0456565, 0.126535, 0.710549, 0.979017, 1, 

13,44,0.001, 0.0141455, 0.0218816, 0.0513067, 0.110065, 0.100799, 0.164494, 0.217953, 0.230267, 1, 

16,41,0.001, 0.0110509, 0.0218816, 0.0456565, 0.126535, 0.171676, 0.223503, 0.360442, 0.797689, 0.999048, 1, 

Generation #14
15,43,0.001, 0.0141455, 0.0218816, 0.0456565, 0.126535, 0.171676, 0.339545, 0.375901, 0.797689, 0.999048, 1, 

12,66,0.001, 0.0141455, 0.0218816, 0.0456565, 0.126535, 0.710549, 0.979017, 1, 

13,44,0.001, 0.0141455, 0.0218816, 0.0513067, 0.110065, 0.100799, 0.164494, 0.217953, 0.230267, 1, 

16,41,0.001, 0.0110509, 0.0218816, 0.0456565, 0.126535, 0.171676, 0.223503, 0.360442, 0.797689, 0.999048, 1, 

11,159,0.001, 0.0391854, 0.0513067, 0.110065, 0.137015, 0.979017, 1, 

Generation #15
13,44,0.001, 0.0141455, 0.0218816, 0.0513067, 0.110065, 0.100799, 0.164494, 0.217953, 0.230267, 1, 

16,41,0.001, 0.0110509, 0.0218816, 0.0456565, 0.126535, 0.171676, 0.223503, 0.360442, 0.797689, 0.999048, 1, 

11,159,0.001, 0.0391854, 0.0513067, 0.110065, 0.137015, 0.979017, 1, 

14,42,0.001, 0.0110509, 0.0218816, 0.0456565, 0.129683, 0.100799, 0.164494, 0.217953, 0.230267, 1, 

12,62,0.001, 0.0110509, 0.0391854, 0.0928903, 0.129683, 0.119235, 1, 

Generation #16
13,44,0.001, 0.0141455, 0.0218816, 0.0513067, 0.110065, 0.100799, 0.164494, 0.217953, 0.230267, 1, 

16,41,0.001, 0.0110509, 0.0218816, 0.0456565, 0.126535, 0.171676, 0.223503, 0.360442, 0.797689, 0.999048, 1, 

11,159,0.001, 0.0391854, 0.0513067, 0.110065, 0.137015, 0.979017, 1, 

14,42,0.001, 0.0110509, 0.0218816, 0.0456565, 0.129683, 0.100799, 0.164494, 0.217953, 0.230267, 1, 

12,55,0.001, 0.0110509, 0.0218816, 0.0928903, 0.106911, 0.182069, 1, 

Generation #17
13,44,0.001, 0.0141455, 0.0218816, 0.0513067, 0.110065, 0.100799, 0.164494, 0.217953, 0.230267, 1, 

11,48,0.001, 0.0110509, 0.0391854, 0.0928903, 0.129683, 0.119235, 1, 

14,39,0.001, 0.0110509, 0.0218816, 0.0456565, 0.129683, 0.100799, 0.164494, 0.217953, 0.44847, 1, 

Generation #18
13,44,0.001, 0.0141455, 0.0218816, 0.0513067, 0.110065, 0.100799, 0.164494, 0.217953, 0.230267, 1, 

11,48,0.001, 0.0110509, 0.0391854, 0.0928903, 0.129683, 0.119235, 1, 

14,39,0.001, 0.0110509, 0.0218816, 0.0456565, 0.129683, 0.100799, 0.164494, 0.217953, 0.44847, 1, 

Generation #19
13,44,0.001, 0.0141455, 0.0218816, 0.0513067, 0.110065, 0.100799, 0.164494, 0.217953, 0.230267, 1, 

11,48,0.001, 0.0110509, 0.0391854, 0.0928903, 0.129683, 0.119235, 1, 

14,39,0.001, 0.0110509, 0.0218816, 0.0456565, 0.129683, 0.100799, 0.164494, 0.217953, 0.44847, 1, 

Generation #20
11,48,0.001, 0.0110509, 0.0391854, 0.0928903, 0.129683, 0.119235, 1, 

14,39,0.001, 0.0110509, 0.0218816, 0.0456565, 0.129683, 0.100799, 0.164494, 0.217953, 0.44847, 1, 

13,42,0.001, 0.0110509, 0.0218816, 0.0928903, 0.106911, 0.182069, 0.710549, 0.710549, 1, 

Generation #21
11,48,0.001, 0.0110509, 0.0391854, 0.0928903, 0.129683, 0.119235, 1, 

14,39,0.001, 0.0110509, 0.0218816, 0.0456565, 0.129683, 0.100799, 0.164494, 0.217953, 0.44847, 1, 

13,42,0.001, 0.0110509, 0.0218816, 0.0928903, 0.106911, 0.182069, 0.710549, 0.710549, 1, 

Generation #22
11,48,0.001, 0.0110509, 0.0391854, 0.0928903, 0.129683, 0.119235, 1, 

14,39,0.001, 0.0110509, 0.0218816, 0.0456565, 0.129683, 0.100799, 0.164494, 0.217953, 0.44847, 1, 

13,42,0.001, 0.0110509, 0.0218816, 0.0928903, 0.106911, 0.182069, 0.710549, 0.710549, 1, 

Generation #23
11,48,0.001, 0.0110509, 0.0391854, 0.0928903, 0.129683, 0.119235, 1, 

14,39,0.001, 0.0110509, 0.0218816, 0.0456565, 0.129683, 0.100799, 0.164494, 0.217953, 0.44847, 1, 

13,42,0.001, 0.0110509, 0.0218816, 0.0928903, 0.106911, 0.182069, 0.710549, 0.710549, 1, 

10,253,0.001, 0.0110509, 0.0391854, 0.0456565, 1, 

Generation #24
11,41,0.001, 0.0110509, 0.0391854, 0.0456565, 0.106911, 0.182069, 1, 

10,105,0.001, 0.0110509, 0.0391854, 0.0456565, 1, 

13,38,0.001, 0.0110509, 0.0391854, 0.0456565, 0.110065, 0.137015, 0.150345, 0.710549, 1, 

15,37,0.001, 0.0110509, 0.0218816, 0.0456565, 0.126535, 0.171676, 0.339545, 0.375901, 0.797689, 0.999048, 1, 

Generation #25
11,41,0.001, 0.0110509, 0.0391854, 0.0456565, 0.106911, 0.182069, 1, 

10,105,0.001, 0.0110509, 0.0391854, 0.0456565, 1, 

13,38,0.001, 0.0110509, 0.0391854, 0.0456565, 0.110065, 0.137015, 0.150345, 0.710549, 1, 

14,35,0.001, 0.0110509, 0.0218816, 0.0456565, 0.110065, 0.137015, 0.150345, 0.217953, 0.230267, 1, 

Generation #26
10,105,0.001, 0.0110509, 0.0391854, 0.0456565, 1, 

14,35,0.001, 0.0110509, 0.0218816, 0.0456565, 0.110065, 0.137015, 0.150345, 0.217953, 0.230267, 1, 

11,37,0.001, 0.0110509, 0.0218816, 0.0456565, 0.126535, 0.182069, 1, 

Generation #27
14,35,0.001, 0.0110509, 0.0218816, 0.0456565, 0.110065, 0.137015, 0.150345, 0.217953, 0.230267, 1, 

11,37,0.001, 0.0110509, 0.0218816, 0.0456565, 0.126535, 0.182069, 1, 

10,60,0.001, 0.0110509, 0.0456565, 0.126535, 0.182069, 1, 

Generation #28
14,35,0.001, 0.0110509, 0.0218816, 0.0456565, 0.110065, 0.137015, 0.150345, 0.217953, 0.230267, 1, 

11,37,0.001, 0.0110509, 0.0218816, 0.0456565, 0.126535, 0.182069, 1, 

10,60,0.001, 0.0110509, 0.0456565, 0.126535, 0.182069, 1, 

Generation #29
14,35,0.001, 0.0110509, 0.0218816, 0.0456565, 0.110065, 0.137015, 0.150345, 0.217953, 0.230267, 1, 

11,37,0.001, 0.0110509, 0.0218816, 0.0456565, 0.126535, 0.182069, 1, 

10,60,0.001, 0.0110509, 0.0456565, 0.126535, 0.182069, 1, 

Generation #30
11,37,0.001, 0.0110509, 0.0218816, 0.0456565, 0.126535, 0.182069, 1, 

10,60,0.001, 0.0110509, 0.0456565, 0.126535, 0.182069, 1, 

12,35,0.001, 0.0110509, 0.0218816, 0.0456565, 0.126535, 0.171676, 0.339545, 1, 

Generation #31
11,37,0.001, 0.0110509, 0.0218816, 0.0456565, 0.126535, 0.182069, 1, 

10,60,0.001, 0.0110509, 0.0456565, 0.126535, 0.182069, 1, 

12,35,0.001, 0.0110509, 0.0218816, 0.0456565, 0.126535, 0.171676, 0.339545, 1, 

Generation #32
11,37,0.001, 0.0110509, 0.0218816, 0.0456565, 0.126535, 0.182069, 1, 

10,60,0.001, 0.0110509, 0.0456565, 0.126535, 0.182069, 1, 

12,35,0.001, 0.0110509, 0.0218816, 0.0456565, 0.126535, 0.171676, 0.339545, 1, 

Generation #33
11,37,0.001, 0.0110509, 0.0218816, 0.0456565, 0.126535, 0.182069, 1, 

10,60,0.001, 0.0110509, 0.0456565, 0.126535, 0.182069, 1, 

12,35,0.001, 0.0110509, 0.0218816, 0.0456565, 0.126535, 0.171676, 0.339545, 1, 

Generation #34
11,37,0.001, 0.0110509, 0.0218816, 0.0456565, 0.126535, 0.182069, 1, 

10,60,0.001, 0.0110509, 0.0456565, 0.126535, 0.182069, 1, 

12,35,0.001, 0.0110509, 0.0218816, 0.0456565, 0.126535, 0.171676, 0.339545, 1, 

Generation #35
10,60,0.001, 0.0110509, 0.0456565, 0.126535, 0.182069, 1, 

15,31,0.001, 0.0110509, 0.0218816, 0.0456565, 0.126535, 0.171676, 0.223503, 0.360442, 0.797689, 0.999048, 1, 

11,32,0.001, 0.0110509, 0.0218816, 0.0456565, 0.126535, 0.171676, 1, 

Generation #36
10,60,0.001, 0.0110509, 0.0456565, 0.126535, 0.182069, 1, 

15,31,0.001, 0.0110509, 0.0218816, 0.0456565, 0.126535, 0.171676, 0.223503, 0.360442, 0.797689, 0.999048, 1, 

11,32,0.001, 0.0110509, 0.0218816, 0.0456565, 0.126535, 0.171676, 1, 

Generation #37
10,60,0.001, 0.0110509, 0.0456565, 0.126535, 0.182069, 1, 

15,31,0.001, 0.0110509, 0.0218816, 0.0456565, 0.126535, 0.171676, 0.223503, 0.360442, 0.797689, 0.999048, 1, 

11,32,0.001, 0.0110509, 0.0218816, 0.0456565, 0.126535, 0.171676, 1, 

Generation #38
10,60,0.001, 0.0110509, 0.0456565, 0.126535, 0.182069, 1, 

15,31,0.001, 0.0110509, 0.0218816, 0.0456565, 0.126535, 0.171676, 0.223503, 0.360442, 0.797689, 0.999048, 1, 

11,32,0.001, 0.0110509, 0.0218816, 0.0456565, 0.126535, 0.171676, 1, 

Generation #39
10,60,0.001, 0.0110509, 0.0456565, 0.126535, 0.182069, 1, 

15,31,0.001, 0.0110509, 0.0218816, 0.0456565, 0.126535, 0.171676, 0.223503, 0.360442, 0.797689, 0.999048, 1, 

11,32,0.001, 0.0110509, 0.0218816, 0.0456565, 0.126535, 0.171676, 1, 

Generation #40
10,60,0.001, 0.0110509, 0.0456565, 0.126535, 0.182069, 1, 

15,31,0.001, 0.0110509, 0.0218816, 0.0456565, 0.126535, 0.171676, 0.223503, 0.360442, 0.797689, 0.999048, 1, 

11,32,0.001, 0.0110509, 0.0218816, 0.0456565, 0.126535, 0.171676, 1, 

Generation #41
10,60,0.001, 0.0110509, 0.0456565, 0.126535, 0.182069, 1, 

15,31,0.001, 0.0110509, 0.0218816, 0.0456565, 0.126535, 0.171676, 0.223503, 0.360442, 0.797689, 0.999048, 1, 

11,32,0.001, 0.0110509, 0.0218816, 0.0456565, 0.126535, 0.171676, 1, 

Generation #42
10,60,0.001, 0.0110509, 0.0456565, 0.126535, 0.182069, 1, 

15,31,0.001, 0.0110509, 0.0218816, 0.0456565, 0.126535, 0.171676, 0.223503, 0.360442, 0.797689, 0.999048, 1, 

11,32,0.001, 0.0110509, 0.0218816, 0.0456565, 0.126535, 0.171676, 1, 

Generation #43
10,60,0.001, 0.0110509, 0.0456565, 0.126535, 0.182069, 1, 

15,31,0.001, 0.0110509, 0.0218816, 0.0456565, 0.126535, 0.171676, 0.223503, 0.360442, 0.797689, 0.999048, 1, 

11,32,0.001, 0.0110509, 0.0218816, 0.0456565, 0.126535, 0.171676, 1, 

Generation #44
10,60,0.001, 0.0110509, 0.0456565, 0.126535, 0.182069, 1, 

15,31,0.001, 0.0110509, 0.0218816, 0.0456565, 0.126535, 0.171676, 0.223503, 0.360442, 0.797689, 0.999048, 1, 

11,32,0.001, 0.0110509, 0.0218816, 0.0456565, 0.126535, 0.171676, 1, 

Generation #45
10,60,0.001, 0.0110509, 0.0456565, 0.126535, 0.182069, 1, 

15,31,0.001, 0.0110509, 0.0218816, 0.0456565, 0.126535, 0.171676, 0.223503, 0.360442, 0.797689, 0.999048, 1, 

11,32,0.001, 0.0110509, 0.0218816, 0.0456565, 0.126535, 0.171676, 1, 

Generation #46
10,60,0.001, 0.0110509, 0.0456565, 0.126535, 0.182069, 1, 

15,31,0.001, 0.0110509, 0.0218816, 0.0456565, 0.126535, 0.171676, 0.223503, 0.360442, 0.797689, 0.999048, 1, 

11,32,0.001, 0.0110509, 0.0218816, 0.0456565, 0.126535, 0.171676, 1, 

Generation #47
10,60,0.001, 0.0110509, 0.0456565, 0.126535, 0.182069, 1, 

15,31,0.001, 0.0110509, 0.0218816, 0.0456565, 0.126535, 0.171676, 0.223503, 0.360442, 0.797689, 0.999048, 1, 

11,32,0.001, 0.0110509, 0.0218816, 0.0456565, 0.126535, 0.171676, 1, 

Generation #48
10,60,0.001, 0.0110509, 0.0456565, 0.126535, 0.182069, 1, 

15,31,0.001, 0.0110509, 0.0218816, 0.0456565, 0.126535, 0.171676, 0.223503, 0.360442, 0.797689, 0.999048, 1, 

11,32,0.001, 0.0110509, 0.0218816, 0.0456565, 0.126535, 0.171676, 1, 

Generation #49
10,60,0.001, 0.0110509, 0.0456565, 0.126535, 0.182069, 1, 

15,31,0.001, 0.0110509, 0.0218816, 0.0456565, 0.126535, 0.171676, 0.223503, 0.360442, 0.797689, 0.999048, 1, 

11,32,0.001, 0.0110509, 0.0218816, 0.0456565, 0.126535, 0.171676, 1, 

--- Pareto Front Solutions ---
Solution 0: N total=22 (N_initial=12, N_added=10), Time total=66 ms, Saved to: ./results/2^30_t2_l1_pareto_0.csv, percents=0.001, 0.0110509, 0.0456565, 0.126535, 0.182069, 1, 

Solution 1: N total=27 (N_initial=12, N_added=15), Time total=37 ms, Saved to: ./results/2^30_t2_l1_pareto_1.csv, percents=0.001, 0.0110509, 0.0218816, 0.0456565, 0.126535, 0.171676, 0.223503, 0.360442, 0.797689, 0.999048, 1, 

Solution 2: N total=23 (N_initial=12, N_added=11), Time total=38 ms, Saved to: ./results/2^30_t2_l1_pareto_2.csv, percents=0.001, 0.0110509, 0.0218816, 0.0456565, 0.126535, 0.171676, 1, 

------------d=1, t=2, lambda=2, filename=./evaluation/2^30-t2_l2.csv------------
Computing partitioned counts of d-sets...
Ready to look at pairs based on partitioned counts...
First Stage N=18, Time=7
There are 533 remaining non-locating pairs
--- Running GA Algorithm (phase2) ---
Running GA with std::execution::par
Generation #0
26,30,0.001, 0.00982642, 0.0402479, 0.0881909, 0.230931, 0.301968, 0.32068, 0.364705, 0.367897, 0.452009, 0.500174, 0.54516, 0.54761, 0.597383, 0.606236, 0.684759, 0.733688, 0.837285, 0.856077, 1, 

19,51,0.001, 0.0453355, 0.0988511, 0.211283, 0.276803, 0.428099, 0.441811, 0.792884, 0.8923, 0.935884, 1, 

24,42,0.001, 0.0396029, 0.05557, 0.161702, 0.169496, 0.218226, 0.373798, 0.534797, 0.601226, 0.698227, 0.797693, 0.858244, 0.859842, 0.897597, 0.909126, 0.928085, 0.935182, 1, 

28,16,0.001, 0.0161457, 0.0360788, 0.0401357, 0.0689165, 0.149652, 0.313982, 0.330437, 0.348616, 0.36771, 0.41949, 0.462915, 0.511005, 0.514391, 0.521346, 0.562611, 0.673725, 0.725628, 0.728025, 0.84955, 0.868483, 0.990876, 1, 

18,133,0.001, 0.133225, 0.140308, 0.168347, 0.185712, 0.268529, 0.58698, 0.775364, 0.790864, 0.814103, 1, 

Generation #1
28,5,0.001, 0.0146976, 0.0151906, 0.0231685, 0.0580691, 0.0641906, 0.0953084, 0.0964531, 0.217707, 0.241346, 0.280255, 0.330732, 0.56942, 0.427721, 0.510186, 0.638771, 0.657867, 0.726927, 0.746484, 0.76996, 0.818528, 0.922745, 0.940729, 1, 

31,4,0.001, 0.0146976, 0.0151906, 0.0231685, 0.0580691, 0.0641906, 0.0953084, 0.0964531, 0.217707, 0.241346, 0.111132, 0.280255, 0.330732, 0.414153, 0.427721, 0.510186, 0.638771, 0.657867, 0.693596, 0.695166, 0.765139, 0.77477, 0.819033, 0.903352, 0.967513, 1, 

16,6,0.001, 0.0146976, 0.0151906, 0.0231685, 0.0580691, 0.0641906, 0.0953084, 0.0964531, 0.217707, 0.241346, 0.967764, 1, 

Generation #2
16,6,0.001, 0.0146976, 0.0151906, 0.0231685, 0.0580691, 0.0641906, 0.0953084, 0.0964531, 0.217707, 0.241346, 0.967764, 1, 

24,2,0.001, 0.0146976, 0.0151906, 0.0231685, 0.0580691, 0.0641906, 0.0953084, 0.0964531, 0.217707, 0.241346, 0.280255, 0.330732, 0.200802, 0.56942, 0.427721, 0.510186, 0.928085, 0.935182, 1, 

Generation #3
16,6,0.001, 0.0146976, 0.0151906, 0.0231685, 0.0580691, 0.0641906, 0.0953084, 0.0964531, 0.217707, 0.241346, 0.967764, 1, 

24,2,0.001, 0.0146976, 0.0151906, 0.0231685, 0.0580691, 0.0641906, 0.0953084, 0.0964531, 0.217707, 0.241346, 0.280255, 0.330732, 0.200802, 0.56942, 0.427721, 0.510186, 0.928085, 0.935182, 1, 

Generation #4
24,2,0.001, 0.0146976, 0.0151906, 0.0231685, 0.0580691, 0.0641906, 0.0953084, 0.0964531, 0.217707, 0.241346, 0.280255, 0.330732, 0.200802, 0.56942, 0.427721, 0.510186, 0.928085, 0.935182, 1, 

16,4,0.001, 0.0146976, 0.0151906, 0.0231685, 0.0580691, 0.0641906, 0.0953084, 0.0964531, 0.217707, 0.241346, 0.280255, 1, 

Generation #5
24,2,0.001, 0.0146976, 0.0151906, 0.0231685, 0.0580691, 0.0641906, 0.0953084, 0.0964531, 0.217707, 0.241346, 0.280255, 0.330732, 0.200802, 0.56942, 0.427721, 0.510186, 0.928085, 0.935182, 1, 

16,4,0.001, 0.0146976, 0.0151906, 0.0231685, 0.0580691, 0.0641906, 0.0953084, 0.0964531, 0.217707, 0.241346, 0.280255, 1, 

15,85,0.001, 0.0146976, 0.0151906, 0.0231685, 0.61983, 0.0641906, 0.217707, 0.241346, 1, 

Generation #6
24,2,0.001, 0.0146976, 0.0151906, 0.0231685, 0.0580691, 0.0641906, 0.0953084, 0.0964531, 0.217707, 0.241346, 0.280255, 0.330732, 0.200802, 0.56942, 0.427721, 0.510186, 0.928085, 0.935182, 1, 

14,149,0.001, 0.0146976, 0.0151906, 0.0231685, 0.61983, 0.0641906, 0.217707, 0.241346, 1, 

15,4,0.001, 0.0146976, 0.0151906, 0.0231685, 0.0580691, 0.0641906, 0.0953084, 0.0964531, 0.217707, 0.241346, 0.989529, 1, 

Generation #7
24,2,0.001, 0.0146976, 0.0151906, 0.0231685, 0.0580691, 0.0641906, 0.0953084, 0.0964531, 0.217707, 0.241346, 0.280255, 0.330732, 0.200802, 0.56942, 0.427721, 0.510186, 0.928085, 0.935182, 1, 

14,4,0.001, 0.0146976, 0.0151906, 0.0231685, 0.0580691, 0.0641906, 0.217707, 0.241346, 1, 

13,5,0.001, 0.0144381, 0.0151906, 0.0231685, 0.0580691, 0.0641906, 0.0953084, 0.241346, 1, 

Generation #8
24,2,0.001, 0.0146976, 0.0151906, 0.0231685, 0.0580691, 0.0641906, 0.0953084, 0.0964531, 0.217707, 0.241346, 0.280255, 0.330732, 0.200802, 0.56942, 0.427721, 0.510186, 0.928085, 0.935182, 1, 

14,4,0.001, 0.0146976, 0.0151906, 0.0231685, 0.0580691, 0.0641906, 0.217707, 0.241346, 1, 

13,5,0.001, 0.0144381, 0.0151906, 0.0231685, 0.0580691, 0.0641906, 0.0953084, 0.241346, 1, 

18,3,0.001, 0.0146976, 0.0151906, 0.0231685, 0.0580691, 0.0641906, 0.0953084, 0.0964531, 0.217707, 0.241346, 1, 

Generation #9
24,2,0.001, 0.0146976, 0.0151906, 0.0231685, 0.0580691, 0.0641906, 0.0953084, 0.0964531, 0.217707, 0.241346, 0.280255, 0.330732, 0.200802, 0.56942, 0.427721, 0.510186, 0.928085, 0.935182, 1, 

14,4,0.001, 0.0146976, 0.0151906, 0.0231685, 0.0580691, 0.0641906, 0.217707, 0.241346, 1, 

18,3,0.001, 0.0146976, 0.0151906, 0.0231685, 0.0580691, 0.0641906, 0.0953084, 0.0964531, 0.217707, 0.241346, 1, 

12,5,0.001, 0.0161457, 0.0360788, 0.0231685, 0.0580691, 0.0641906, 0.0953084, 0.241346, 1, 

Generation #10
24,2,0.001, 0.0146976, 0.0151906, 0.0231685, 0.0580691, 0.0641906, 0.0953084, 0.0964531, 0.217707, 0.241346, 0.280255, 0.330732, 0.200802, 0.56942, 0.427721, 0.510186, 0.928085, 0.935182, 1, 

12,5,0.001, 0.0161457, 0.0360788, 0.0231685, 0.0580691, 0.0641906, 0.0953084, 0.241346, 1, 

14,3,0.001, 0.0144381, 0.0151906, 0.0231685, 0.0580691, 0.0641906, 0.0953084, 0.241346, 1, 

Generation #11
24,2,0.001, 0.0146976, 0.0151906, 0.0231685, 0.0580691, 0.0641906, 0.0953084, 0.0964531, 0.217707, 0.241346, 0.280255, 0.330732, 0.200802, 0.56942, 0.427721, 0.510186, 0.928085, 0.935182, 1, 

12,5,0.001, 0.0161457, 0.0360788, 0.0231685, 0.0580691, 0.0641906, 0.0953084, 0.241346, 1, 

14,3,0.001, 0.0144381, 0.0151906, 0.0231685, 0.0580691, 0.0641906, 0.0953084, 0.241346, 1, 

Generation #12
24,2,0.001, 0.0146976, 0.0151906, 0.0231685, 0.0580691, 0.0641906, 0.0953084, 0.0964531, 0.217707, 0.241346, 0.280255, 0.330732, 0.200802, 0.56942, 0.427721, 0.510186, 0.928085, 0.935182, 1, 

12,5,0.001, 0.0161457, 0.0360788, 0.0231685, 0.0580691, 0.0641906, 0.0953084, 0.241346, 1, 

13,3,0.001, 0.0146976, 0.0151906, 0.0231685, 0.0580691, 0.0924327, 0.188122, 0.241346, 1, 

Generation #13
24,2,0.001, 0.0146976, 0.0151906, 0.0231685, 0.0580691, 0.0641906, 0.0953084, 0.0964531, 0.217707, 0.241346, 0.280255, 0.330732, 0.200802, 0.56942, 0.427721, 0.510186, 0.928085, 0.935182, 1, 

12,5,0.001, 0.0161457, 0.0360788, 0.0231685, 0.0580691, 0.0641906, 0.0953084, 0.241346, 1, 

13,3,0.001, 0.0146976, 0.0151906, 0.0231685, 0.0580691, 0.0924327, 0.188122, 0.241346, 1, 

Generation #14
24,2,0.001, 0.0146976, 0.0151906, 0.0231685, 0.0580691, 0.0641906, 0.0953084, 0.0964531, 0.217707, 0.241346, 0.280255, 0.330732, 0.200802, 0.56942, 0.427721, 0.510186, 0.928085, 0.935182, 1, 

12,5,0.001, 0.0161457, 0.0360788, 0.0231685, 0.0580691, 0.0641906, 0.0953084, 0.241346, 1, 

13,3,0.001, 0.0146976, 0.0151906, 0.0231685, 0.0580691, 0.0924327, 0.188122, 0.241346, 1, 

Generation #15
24,2,0.001, 0.0146976, 0.0151906, 0.0231685, 0.0580691, 0.0641906, 0.0953084, 0.0964531, 0.217707, 0.241346, 0.280255, 0.330732, 0.200802, 0.56942, 0.427721, 0.510186, 0.928085, 0.935182, 1, 

12,5,0.001, 0.0161457, 0.0360788, 0.0231685, 0.0580691, 0.0641906, 0.0953084, 0.241346, 1, 

13,3,0.001, 0.0146976, 0.0151906, 0.0231685, 0.0580691, 0.0924327, 0.188122, 0.241346, 1, 

Generation #16
24,2,0.001, 0.0146976, 0.0151906, 0.0231685, 0.0580691, 0.0641906, 0.0953084, 0.0964531, 0.217707, 0.241346, 0.280255, 0.330732, 0.200802, 0.56942, 0.427721, 0.510186, 0.928085, 0.935182, 1, 

12,5,0.001, 0.0161457, 0.0360788, 0.0231685, 0.0580691, 0.0641906, 0.0953084, 0.241346, 1, 

13,3,0.001, 0.0146976, 0.0151906, 0.0231685, 0.0580691, 0.0924327, 0.188122, 0.241346, 1, 

Generation #17
24,2,0.001, 0.0146976, 0.0151906, 0.0231685, 0.0580691, 0.0641906, 0.0953084, 0.0964531, 0.217707, 0.241346, 0.280255, 0.330732, 0.200802, 0.56942, 0.427721, 0.510186, 0.928085, 0.935182, 1, 

12,5,0.001, 0.0161457, 0.0360788, 0.0231685, 0.0580691, 0.0641906, 0.0953084, 0.241346, 1, 

13,3,0.001, 0.0146976, 0.0151906, 0.0231685, 0.0580691, 0.0924327, 0.188122, 0.241346, 1, 

11,7,0.001, 0.0146976, 0.0231685, 0.0580691, 0.0641906, 0.0953084, 1, 

Generation #18
24,2,0.001, 0.0146976, 0.0151906, 0.0231685, 0.0580691, 0.0641906, 0.0953084, 0.0964531, 0.217707, 0.241346, 0.280255, 0.330732, 0.200802, 0.56942, 0.427721, 0.510186, 0.928085, 0.935182, 1, 

12,5,0.001, 0.0161457, 0.0360788, 0.0231685, 0.0580691, 0.0641906, 0.0953084, 0.241346, 1, 

13,3,0.001, 0.0146976, 0.0151906, 0.0231685, 0.0580691, 0.0924327, 0.188122, 0.241346, 1, 

11,7,0.001, 0.0146976, 0.0231685, 0.0580691, 0.0641906, 0.0953084, 1, 

Generation #19
12,5,0.001, 0.0161457, 0.0360788, 0.0231685, 0.0580691, 0.0641906, 0.0953084, 0.241346, 1, 

13,3,0.001, 0.0146976, 0.0151906, 0.0231685, 0.0580691, 0.0924327, 0.188122, 0.241346, 1, 

11,7,0.001, 0.0146976, 0.0231685, 0.0580691, 0.0641906, 0.0953084, 1, 

16,2,0.00251425, 0.001, 0.0146976, 0.0151906, 0.0231685, 0.0580691, 0.0641906, 0.0953084, 0.0964531, 0.217707, 0.241346, 1, 

Generation #20
12,5,0.001, 0.0161457, 0.0360788, 0.0231685, 0.0580691, 0.0641906, 0.0953084, 0.241346, 1, 

13,3,0.001, 0.0146976, 0.0151906, 0.0231685, 0.0580691, 0.0924327, 0.188122, 0.241346, 1, 

11,7,0.001, 0.0146976, 0.0231685, 0.0580691, 0.0641906, 0.0953084, 1, 

16,2,0.00251425, 0.001, 0.0146976, 0.0151906, 0.0231685, 0.0580691, 0.0641906, 0.0953084, 0.0964531, 0.217707, 0.241346, 1, 

Generation #21
12,5,0.001, 0.0161457, 0.0360788, 0.0231685, 0.0580691, 0.0641906, 0.0953084, 0.241346, 1, 

13,3,0.001, 0.0146976, 0.0151906, 0.0231685, 0.0580691, 0.0924327, 0.188122, 0.241346, 1, 

11,7,0.001, 0.0146976, 0.0231685, 0.0580691, 0.0641906, 0.0953084, 1, 

16,2,0.00251425, 0.001, 0.0146976, 0.0151906, 0.0231685, 0.0580691, 0.0641906, 0.0953084, 0.0964531, 0.217707, 0.241346, 1, 

Generation #22
12,5,0.001, 0.0161457, 0.0360788, 0.0231685, 0.0580691, 0.0641906, 0.0953084, 0.241346, 1, 

13,3,0.001, 0.0146976, 0.0151906, 0.0231685, 0.0580691, 0.0924327, 0.188122, 0.241346, 1, 

11,7,0.001, 0.0146976, 0.0231685, 0.0580691, 0.0641906, 0.0953084, 1, 

16,2,0.00251425, 0.001, 0.0146976, 0.0151906, 0.0231685, 0.0580691, 0.0641906, 0.0953084, 0.0964531, 0.217707, 0.241346, 1, 

Generation #23
12,5,0.001, 0.0161457, 0.0360788, 0.0231685, 0.0580691, 0.0641906, 0.0953084, 0.241346, 1, 

13,3,0.001, 0.0146976, 0.0151906, 0.0231685, 0.0580691, 0.0924327, 0.188122, 0.241346, 1, 

11,7,0.001, 0.0146976, 0.0231685, 0.0580691, 0.0641906, 0.0953084, 1, 

16,2,0.00251425, 0.001, 0.0146976, 0.0151906, 0.0231685, 0.0580691, 0.0641906, 0.0953084, 0.0964531, 0.217707, 0.241346, 1, 

Generation #24
12,5,0.001, 0.0161457, 0.0360788, 0.0231685, 0.0580691, 0.0641906, 0.0953084, 0.241346, 1, 

13,3,0.001, 0.0146976, 0.0151906, 0.0231685, 0.0580691, 0.0924327, 0.188122, 0.241346, 1, 

11,7,0.001, 0.0146976, 0.0231685, 0.0580691, 0.0641906, 0.0953084, 1, 

16,2,0.00251425, 0.001, 0.0146976, 0.0151906, 0.0231685, 0.0580691, 0.0641906, 0.0953084, 0.0964531, 0.217707, 0.241346, 1, 

Generation #25
12,5,0.001, 0.0161457, 0.0360788, 0.0231685, 0.0580691, 0.0641906, 0.0953084, 0.241346, 1, 

13,3,0.001, 0.0146976, 0.0151906, 0.0231685, 0.0580691, 0.0924327, 0.188122, 0.241346, 1, 

11,7,0.001, 0.0146976, 0.0231685, 0.0580691, 0.0641906, 0.0953084, 1, 

16,2,0.00251425, 0.001, 0.0146976, 0.0151906, 0.0231685, 0.0580691, 0.0641906, 0.0953084, 0.0964531, 0.217707, 0.241346, 1, 

Generation #26
12,5,0.001, 0.0161457, 0.0360788, 0.0231685, 0.0580691, 0.0641906, 0.0953084, 0.241346, 1, 

13,3,0.001, 0.0146976, 0.0151906, 0.0231685, 0.0580691, 0.0924327, 0.188122, 0.241346, 1, 

11,7,0.001, 0.0146976, 0.0231685, 0.0580691, 0.0641906, 0.0953084, 1, 

16,2,0.00251425, 0.001, 0.0146976, 0.0151906, 0.0231685, 0.0580691, 0.0641906, 0.0953084, 0.0964531, 0.217707, 0.241346, 1, 

Generation #27
12,5,0.001, 0.0161457, 0.0360788, 0.0231685, 0.0580691, 0.0641906, 0.0953084, 0.241346, 1, 

13,3,0.001, 0.0146976, 0.0151906, 0.0231685, 0.0580691, 0.0924327, 0.188122, 0.241346, 1, 

11,7,0.001, 0.0146976, 0.0231685, 0.0580691, 0.0641906, 0.0953084, 1, 

15,2,0.00251425, 0.0146976, 0.0151906, 0.0231685, 0.0580691, 0.0924327, 0.188122, 0.241346, 1, 

Generation #28
12,5,0.001, 0.0161457, 0.0360788, 0.0231685, 0.0580691, 0.0641906, 0.0953084, 0.241346, 1, 

13,3,0.001, 0.0146976, 0.0151906, 0.0231685, 0.0580691, 0.0924327, 0.188122, 0.241346, 1, 

11,7,0.001, 0.0146976, 0.0231685, 0.0580691, 0.0641906, 0.0953084, 1, 

15,2,0.00251425, 0.0146976, 0.0151906, 0.0231685, 0.0580691, 0.0924327, 0.188122, 0.241346, 1, 

Generation #29
12,5,0.001, 0.0161457, 0.0360788, 0.0231685, 0.0580691, 0.0641906, 0.0953084, 0.241346, 1, 

13,3,0.001, 0.0146976, 0.0151906, 0.0231685, 0.0580691, 0.0924327, 0.188122, 0.241346, 1, 

11,7,0.001, 0.0146976, 0.0231685, 0.0580691, 0.0641906, 0.0953084, 1, 

15,2,0.00251425, 0.0146976, 0.0151906, 0.0231685, 0.0580691, 0.0924327, 0.188122, 0.241346, 1, 

Generation #30
12,5,0.001, 0.0161457, 0.0360788, 0.0231685, 0.0580691, 0.0641906, 0.0953084, 0.241346, 1, 

13,3,0.001, 0.0146976, 0.0151906, 0.0231685, 0.0580691, 0.0924327, 0.188122, 0.241346, 1, 

11,7,0.001, 0.0146976, 0.0231685, 0.0580691, 0.0641906, 0.0953084, 1, 

14,2,0.001, 0.0146976, 0.0151906, 0.0231685, 0.0580691, 0.0641906, 0.0953084, 0.0964531, 1, 

Generation #31
12,5,0.001, 0.0161457, 0.0360788, 0.0231685, 0.0580691, 0.0641906, 0.0953084, 0.241346, 1, 

13,3,0.001, 0.0146976, 0.0151906, 0.0231685, 0.0580691, 0.0924327, 0.188122, 0.241346, 1, 

11,7,0.001, 0.0146976, 0.0231685, 0.0580691, 0.0641906, 0.0953084, 1, 

14,2,0.001, 0.0146976, 0.0151906, 0.0231685, 0.0580691, 0.0641906, 0.0953084, 0.0964531, 1, 

Generation #32
12,5,0.001, 0.0161457, 0.0360788, 0.0231685, 0.0580691, 0.0641906, 0.0953084, 0.241346, 1, 

13,3,0.001, 0.0146976, 0.0151906, 0.0231685, 0.0580691, 0.0924327, 0.188122, 0.241346, 1, 

11,7,0.001, 0.0146976, 0.0231685, 0.0580691, 0.0641906, 0.0953084, 1, 

14,2,0.001, 0.0146976, 0.0151906, 0.0231685, 0.0580691, 0.0641906, 0.0953084, 0.0964531, 1, 

Generation #33
12,5,0.001, 0.0161457, 0.0360788, 0.0231685, 0.0580691, 0.0641906, 0.0953084, 0.241346, 1, 

13,3,0.001, 0.0146976, 0.0151906, 0.0231685, 0.0580691, 0.0924327, 0.188122, 0.241346, 1, 

11,7,0.001, 0.0146976, 0.0231685, 0.0580691, 0.0641906, 0.0953084, 1, 

14,2,0.001, 0.0146976, 0.0151906, 0.0231685, 0.0580691, 0.0641906, 0.0953084, 0.0964531, 1, 

Generation #34
12,5,0.001, 0.0161457, 0.0360788, 0.0231685, 0.0580691, 0.0641906, 0.0953084, 0.241346, 1, 

13,3,0.001, 0.0146976, 0.0151906, 0.0231685, 0.0580691, 0.0924327, 0.188122, 0.241346, 1, 

11,7,0.001, 0.0146976, 0.0231685, 0.0580691, 0.0641906, 0.0953084, 1, 

14,2,0.001, 0.0146976, 0.0151906, 0.0231685, 0.0580691, 0.0641906, 0.0953084, 0.0964531, 1, 

Generation #35
12,5,0.001, 0.0161457, 0.0360788, 0.0231685, 0.0580691, 0.0641906, 0.0953084, 0.241346, 1, 

13,3,0.001, 0.0146976, 0.0151906, 0.0231685, 0.0580691, 0.0924327, 0.188122, 0.241346, 1, 

11,7,0.001, 0.0146976, 0.0231685, 0.0580691, 0.0641906, 0.0953084, 1, 

14,2,0.001, 0.0146976, 0.0151906, 0.0231685, 0.0580691, 0.0641906, 0.0953084, 0.0964531, 1, 

Generation #36
12,5,0.001, 0.0161457, 0.0360788, 0.0231685, 0.0580691, 0.0641906, 0.0953084, 0.241346, 1, 

13,3,0.001, 0.0146976, 0.0151906, 0.0231685, 0.0580691, 0.0924327, 0.188122, 0.241346, 1, 

11,7,0.001, 0.0146976, 0.0231685, 0.0580691, 0.0641906, 0.0953084, 1, 

14,2,0.001, 0.0146976, 0.0151906, 0.0231685, 0.0580691, 0.0641906, 0.0953084, 0.0964531, 1, 

Generation #37
11,7,0.001, 0.0146976, 0.0231685, 0.0580691, 0.0641906, 0.0953084, 1, 

14,2,0.001, 0.0146976, 0.0151906, 0.0231685, 0.0580691, 0.0641906, 0.0953084, 0.0964531, 1, 

12,3,0.001, 0.0146976, 0.0151906, 0.0231685, 0.0580691, 0.0641906, 0.0365628, 0.241346, 1, 

Generation #38
11,7,0.001, 0.0146976, 0.0231685, 0.0580691, 0.0641906, 0.0953084, 1, 

14,2,0.001, 0.0146976, 0.0151906, 0.0231685, 0.0580691, 0.0641906, 0.0953084, 0.0964531, 1, 

12,3,0.001, 0.0146976, 0.0151906, 0.0231685, 0.0580691, 0.0641906, 0.0365628, 0.241346, 1, 

Generation #39
11,7,0.001, 0.0146976, 0.0231685, 0.0580691, 0.0641906, 0.0953084, 1, 

14,2,0.001, 0.0146976, 0.0151906, 0.0231685, 0.0580691, 0.0641906, 0.0953084, 0.0964531, 1, 

12,3,0.001, 0.0146976, 0.0151906, 0.0231685, 0.0580691, 0.0641906, 0.0365628, 0.241346, 1, 

Generation #40
11,7,0.001, 0.0146976, 0.0231685, 0.0580691, 0.0641906, 0.0953084, 1, 

14,2,0.001, 0.0146976, 0.0151906, 0.0231685, 0.0580691, 0.0641906, 0.0953084, 0.0964531, 1, 

12,3,0.001, 0.0146976, 0.0151906, 0.0231685, 0.0580691, 0.0641906, 0.0365628, 0.241346, 1, 

Generation #41
11,7,0.001, 0.0146976, 0.0231685, 0.0580691, 0.0641906, 0.0953084, 1, 

14,2,0.001, 0.0146976, 0.0151906, 0.0231685, 0.0580691, 0.0641906, 0.0953084, 0.0964531, 1, 

12,3,0.001, 0.0146976, 0.0151906, 0.0231685, 0.0580691, 0.0641906, 0.0365628, 0.241346, 1, 

Generation #42
11,7,0.001, 0.0146976, 0.0231685, 0.0580691, 0.0641906, 0.0953084, 1, 

14,2,0.001, 0.0146976, 0.0151906, 0.0231685, 0.0580691, 0.0641906, 0.0953084, 0.0964531, 1, 

12,3,0.001, 0.0146976, 0.0151906, 0.0231685, 0.0580691, 0.0641906, 0.0365628, 0.241346, 1, 

Generation #43
11,7,0.001, 0.0146976, 0.0231685, 0.0580691, 0.0641906, 0.0953084, 1, 

14,2,0.001, 0.0146976, 0.0151906, 0.0231685, 0.0580691, 0.0641906, 0.0953084, 0.0964531, 1, 

12,3,0.001, 0.0146976, 0.0151906, 0.0231685, 0.0580691, 0.0641906, 0.0365628, 0.241346, 1, 

Generation #44
11,7,0.001, 0.0146976, 0.0231685, 0.0580691, 0.0641906, 0.0953084, 1, 

14,2,0.001, 0.0146976, 0.0151906, 0.0231685, 0.0580691, 0.0641906, 0.0953084, 0.0964531, 1, 

12,3,0.001, 0.0146976, 0.0151906, 0.0231685, 0.0580691, 0.0641906, 0.0365628, 0.241346, 1, 

Generation #45
11,7,0.001, 0.0146976, 0.0231685, 0.0580691, 0.0641906, 0.0953084, 1, 

14,2,0.001, 0.0146976, 0.0151906, 0.0231685, 0.0580691, 0.0641906, 0.0953084, 0.0964531, 1, 

12,3,0.001, 0.0146976, 0.0151906, 0.0231685, 0.0580691, 0.0641906, 0.0365628, 0.241346, 1, 

10,39,0.001, 0.0146976, 0.0231685, 0.0580691, 0.0641906, 1, 

Generation #46
11,7,0.001, 0.0146976, 0.0231685, 0.0580691, 0.0641906, 0.0953084, 1, 

12,3,0.001, 0.0146976, 0.0151906, 0.0231685, 0.0580691, 0.0641906, 0.0365628, 0.241346, 1, 

10,39,0.001, 0.0146976, 0.0231685, 0.0580691, 0.0641906, 1, 

13,2,0.00251425, 0.001, 0.0146976, 0.0151906, 0.0231685, 0.0953084, 1, 

Generation #47
11,7,0.001, 0.0146976, 0.0231685, 0.0580691, 0.0641906, 0.0953084, 1, 

12,3,0.001, 0.0146976, 0.0151906, 0.0231685, 0.0580691, 0.0641906, 0.0365628, 0.241346, 1, 

10,39,0.001, 0.0146976, 0.0231685, 0.0580691, 0.0641906, 1, 

13,2,0.00251425, 0.001, 0.0146976, 0.0151906, 0.0231685, 0.0953084, 1, 

Generation #48
11,7,0.001, 0.0146976, 0.0231685, 0.0580691, 0.0641906, 0.0953084, 1, 

12,3,0.001, 0.0146976, 0.0151906, 0.0231685, 0.0580691, 0.0641906, 0.0365628, 0.241346, 1, 

10,39,0.001, 0.0146976, 0.0231685, 0.0580691, 0.0641906, 1, 

13,2,0.00251425, 0.001, 0.0146976, 0.0151906, 0.0231685, 0.0953084, 1, 

Generation #49
11,7,0.001, 0.0146976, 0.0231685, 0.0580691, 0.0641906, 0.0953084, 1, 

12,3,0.001, 0.0146976, 0.0151906, 0.0231685, 0.0580691, 0.0641906, 0.0365628, 0.241346, 1, 

10,39,0.001, 0.0146976, 0.0231685, 0.0580691, 0.0641906, 1, 

13,2,0.00251425, 0.001, 0.0146976, 0.0151906, 0.0231685, 0.0953084, 1, 

--- Pareto Front Solutions ---
Solution 0: N total=29 (N_initial=18, N_added=11), Time total=14 ms, Saved to: ./results/2^30_t2_l2_pareto_0.csv, percents=0.001, 0.0146976, 0.0231685, 0.0580691, 0.0641906, 0.0953084, 1, 

Solution 1: N total=30 (N_initial=18, N_added=12), Time total=10 ms, Saved to: ./results/2^30_t2_l2_pareto_1.csv, percents=0.001, 0.0146976, 0.0151906, 0.0231685, 0.0580691, 0.0641906, 0.0365628, 0.241346, 1, 

Solution 2: N total=28 (N_initial=18, N_added=10), Time total=46 ms, Saved to: ./results/2^30_t2_l2_pareto_2.csv, percents=0.001, 0.0146976, 0.0231685, 0.0580691, 0.0641906, 1, 

Solution 3: N total=31 (N_initial=18, N_added=13), Time total=9 ms, Saved to: ./results/2^30_t2_l2_pareto_3.csv, percents=0.00251425, 0.001, 0.0146976, 0.0151906, 0.0231685, 0.0953084, 1, 

------------d=1, t=2, lambda=3, filename=./evaluation/2^30-t2_l3.csv------------
Computing partitioned counts of d-sets...
Ready to look at pairs based on partitioned counts...
First Stage N=24, Time=7
There are 645 remaining non-locating pairs
--- Running GA Algorithm (phase2) ---
Running GA with std::execution::par
Generation #0
29,6,0.001, 0.042655, 0.0453377, 0.0781442, 0.0810092, 0.102044, 0.118458, 0.124018, 0.1327, 0.245447, 0.289303, 0.299218, 0.449239, 0.573833, 0.609399, 0.659503, 0.686089, 0.856153, 0.874437, 0.94527, 0.967906, 1, 

16,65,0.001, 0.109237, 0.134611, 0.300398, 0.356577, 0.558186, 0.654253, 0.723032, 0.724123, 0.862231, 1, 

18,7,0.001, 0.0106007, 0.0339475, 0.182314, 0.208794, 0.256039, 0.39394, 0.542845, 0.790179, 0.888599, 1, 

36,5,0.001, 0.0373066, 0.0419236, 0.0797649, 0.13526, 0.152287, 0.17397, 0.178189, 0.179611, 0.203475, 0.255629, 0.285942, 0.318091, 0.413223, 0.441019, 0.441693, 0.511018, 0.514693, 0.522291, 0.590647, 0.598999, 0.630981, 0.640383, 0.668508, 0.674156, 0.73533, 0.868515, 0.947913, 0.961486, 1, 

Generation #1
16,65,0.001, 0.109237, 0.134611, 0.300398, 0.356577, 0.558186, 0.654253, 0.723032, 0.724123, 0.862231, 1, 

17,15,0.001, 0.0536515, 0.0713658, 0.194105, 0.203906, 0.489671, 0.687375, 0.778619, 0.989617, 1, 

18,6,0.001, 0.0225313, 0.0493042, 0.0516783, 0.0675853, 0.11148, 0.530589, 0.556029, 0.598168, 0.850329, 1, 

23,5,0.001, 0.0225313, 0.0493042, 0.0516783, 0.0675853, 0.11148, 0.179678, 0.188299, 0.202131, 0.258636, 0.44259, 0.451248, 0.513537, 0.514969, 0.552781, 1, 

Generation #2
17,15,0.001, 0.0536515, 0.0713658, 0.194105, 0.203906, 0.489671, 0.687375, 0.778619, 0.989617, 1, 

15,32,0.001, 0.0963396, 0.150264, 0.194105, 0.489671, 0.687375, 0.778619, 0.989617, 1, 

18,4,0.001, 0.0373066, 0.0419236, 0.0797649, 0.13526, 0.152287, 0.17397, 0.178189, 0.778619, 0.989617, 1, 

Generation #3
17,15,0.001, 0.0536515, 0.0713658, 0.194105, 0.203906, 0.489671, 0.687375, 0.778619, 0.989617, 1, 

15,32,0.001, 0.0963396, 0.150264, 0.194105, 0.489671, 0.687375, 0.778619, 0.989617, 1, 

18,4,0.001, 0.0373066, 0.0419236, 0.0797649, 0.13526, 0.152287, 0.17397, 0.178189, 0.778619, 0.989617, 1, 

16,27,0.001, 0.0620395, 0.0668294, 0.120515, 0.120914, 0.154507, 0.173568, 0.228861, 0.359514, 0.999345, 1, 

Generation #4
15,23,0.001, 0.0328822, 0.0340351, 0.0382759, 0.0399877, 0.492561, 0.778619, 0.989617, 1, 

17,3,0.001, 0.0225313, 0.0493042, 0.0516783, 0.0675853, 0.11148, 0.17397, 0.178189, 0.778619, 0.989617, 1, 

16,5,0.001, 0.0328822, 0.0340351, 0.0382759, 0.0399877, 0.104895, 0.542845, 0.790179, 0.888599, 0.688161, 1, 

Generation #5
15,23,0.001, 0.0328822, 0.0340351, 0.0382759, 0.0399877, 0.492561, 0.778619, 0.989617, 1, 

17,3,0.001, 0.0225313, 0.0493042, 0.0516783, 0.0675853, 0.11148, 0.17397, 0.178189, 0.778619, 0.989617, 1, 

16,5,0.001, 0.0328822, 0.0340351, 0.0382759, 0.0399877, 0.104895, 0.542845, 0.790179, 0.888599, 0.688161, 1, 

Generation #6
17,3,0.001, 0.0225313, 0.0493042, 0.0516783, 0.0675853, 0.11148, 0.17397, 0.178189, 0.778619, 0.989617, 1, 

15,4,0.001, 0.0225313, 0.0453377, 0.0781442, 0.0810092, 0.102044, 0.118458, 0.989617, 1, 

20,2,0.001, 0.0225313, 0.0493042, 0.0516783, 0.0675853, 0.11148, 0.329603, 0.346105, 0.386141, 0.839538, 0.925443, 0.996519, 1, 

Generation #7
17,3,0.001, 0.0225313, 0.0493042, 0.0516783, 0.0675853, 0.11148, 0.17397, 0.178189, 0.778619, 0.989617, 1, 

15,4,0.001, 0.0225313, 0.0453377, 0.0781442, 0.0810092, 0.102044, 0.118458, 0.989617, 1, 

20,2,0.001, 0.0225313, 0.0493042, 0.0516783, 0.0675853, 0.11148, 0.329603, 0.346105, 0.386141, 0.839538, 0.925443, 0.996519, 1, 

Generation #8
17,3,0.001, 0.0225313, 0.0493042, 0.0516783, 0.0675853, 0.11148, 0.17397, 0.178189, 0.778619, 0.989617, 1, 

15,4,0.001, 0.0225313, 0.0453377, 0.0781442, 0.0810092, 0.102044, 0.118458, 0.989617, 1, 

18,2,0.001, 0.0225313, 0.0493042, 0.0516783, 0.0675853, 0.152287, 0.17397, 0.178189, 0.659187, 0.778619, 0.989617, 1, 

13,27,0.001, 0.042655, 0.0453377, 0.152287, 0.17397, 0.178189, 1, 

Generation #9
17,3,0.001, 0.0225313, 0.0493042, 0.0516783, 0.0675853, 0.11148, 0.17397, 0.178189, 0.778619, 0.989617, 1, 

15,4,0.001, 0.0225313, 0.0453377, 0.0781442, 0.0810092, 0.102044, 0.118458, 0.989617, 1, 

18,2,0.001, 0.0225313, 0.0493042, 0.0516783, 0.0675853, 0.152287, 0.17397, 0.178189, 0.659187, 0.778619, 0.989617, 1, 

13,27,0.001, 0.042655, 0.0453377, 0.152287, 0.17397, 0.178189, 1, 

14,12,0.0225313, 0.0493042, 0.0516783, 0.0675853, 0.11148, 0.17397, 1, 

Generation #10
17,3,0.001, 0.0225313, 0.0493042, 0.0516783, 0.0675853, 0.11148, 0.17397, 0.178189, 0.778619, 0.989617, 1, 

15,4,0.001, 0.0225313, 0.0453377, 0.0781442, 0.0810092, 0.102044, 0.118458, 0.989617, 1, 

18,2,0.001, 0.0225313, 0.0493042, 0.0516783, 0.0675853, 0.152287, 0.17397, 0.178189, 0.659187, 0.778619, 0.989617, 1, 

14,12,0.0225313, 0.0493042, 0.0516783, 0.0675853, 0.11148, 0.17397, 1, 

13,22,0.001, 0.0225313, 0.0493042, 0.0516783, 0.0675853, 0.492561, 0.778619, 0.989617, 1, 

Generation #11
17,3,0.001, 0.0225313, 0.0493042, 0.0516783, 0.0675853, 0.11148, 0.17397, 0.178189, 0.778619, 0.989617, 1, 

15,4,0.001, 0.0225313, 0.0453377, 0.0781442, 0.0810092, 0.102044, 0.118458, 0.989617, 1, 

18,2,0.001, 0.0225313, 0.0493042, 0.0516783, 0.0675853, 0.152287, 0.17397, 0.178189, 0.659187, 0.778619, 0.989617, 1, 

13,22,0.001, 0.0225313, 0.0493042, 0.0516783, 0.0675853, 0.492561, 0.778619, 0.989617, 1, 

14,6,0.001, 0.0225313, 0.0340351, 0.0382759, 0.0399877, 0.161157, 0.215596, 0.124018, 1, 

Generation #12
17,3,0.001, 0.0225313, 0.0493042, 0.0516783, 0.0675853, 0.11148, 0.17397, 0.178189, 0.778619, 0.989617, 1, 

18,2,0.001, 0.0225313, 0.0493042, 0.0516783, 0.0675853, 0.152287, 0.17397, 0.178189, 0.659187, 0.778619, 0.989617, 1, 

13,19,0.001, 0.0225313, 0.0340351, 0.0382759, 0.0399877, 0.161157, 0.215596, 1, 

14,4,0.001, 0.0225313, 0.0493042, 0.0382759, 0.0675853, 0.11148, 0.329603, 0.346105, 0.888599, 1, 

Generation #13
17,3,0.001, 0.0225313, 0.0493042, 0.0516783, 0.0675853, 0.11148, 0.17397, 0.178189, 0.778619, 0.989617, 1, 

18,2,0.001, 0.0225313, 0.0493042, 0.0516783, 0.0675853, 0.152287, 0.17397, 0.178189, 0.659187, 0.778619, 0.989617, 1, 

14,4,0.001, 0.0225313, 0.0493042, 0.0382759, 0.0675853, 0.11148, 0.329603, 0.346105, 0.888599, 1, 

11,13,0.001, 0.0340351, 0.0382759, 0.0399877, 0.178189, 1, 

Generation #14
18,2,0.001, 0.0225313, 0.0493042, 0.0516783, 0.0675853, 0.152287, 0.17397, 0.178189, 0.659187, 0.778619, 0.989617, 1, 

14,4,0.001, 0.0225313, 0.0493042, 0.0382759, 0.0675853, 0.11148, 0.329603, 0.346105, 0.888599, 1, 

11,13,0.001, 0.0340351, 0.0382759, 0.0399877, 0.178189, 1, 

13,9,0.001, 0.0328822, 0.0340351, 0.0382759, 0.209475, 0.104895, 0.888599, 1, 

16,3,0.001, 0.0225313, 0.0493042, 0.0382759, 0.0399877, 0.161157, 0.329603, 0.346105, 0.888599, 1, 

Generation #15
11,13,0.001, 0.0340351, 0.0382759, 0.0399877, 0.178189, 1, 

12,9,0.001, 0.0328822, 0.0340351, 0.0382759, 0.178189, 1, 

13,2,0.001, 0.0225313, 0.0453377, 0.0781442, 0.0399877, 0.161157, 0.215596, 1, 

Generation #16
11,13,0.001, 0.0340351, 0.0382759, 0.0399877, 0.178189, 1, 

12,9,0.001, 0.0328822, 0.0340351, 0.0382759, 0.178189, 1, 

13,2,0.001, 0.0225313, 0.0453377, 0.0781442, 0.0399877, 0.161157, 0.215596, 1, 

Generation #17
11,13,0.001, 0.0340351, 0.0382759, 0.0399877, 0.178189, 1, 

12,9,0.001, 0.0328822, 0.0340351, 0.0382759, 0.178189, 1, 

13,2,0.001, 0.0225313, 0.0453377, 0.0781442, 0.0399877, 0.161157, 0.215596, 1, 

Generation #18
11,13,0.001, 0.0340351, 0.0382759, 0.0399877, 0.178189, 1, 

12,9,0.001, 0.0328822, 0.0340351, 0.0382759, 0.178189, 1, 

13,2,0.001, 0.0225313, 0.0453377, 0.0781442, 0.0399877, 0.161157, 0.215596, 1, 

Generation #19
11,13,0.001, 0.0340351, 0.0382759, 0.0399877, 0.178189, 1, 

12,9,0.001, 0.0328822, 0.0340351, 0.0382759, 0.178189, 1, 

13,2,0.001, 0.0225313, 0.0453377, 0.0781442, 0.0399877, 0.161157, 0.215596, 1, 

Generation #20
11,13,0.001, 0.0340351, 0.0382759, 0.0399877, 0.178189, 1, 

13,2,0.001, 0.0225313, 0.0453377, 0.0781442, 0.0399877, 0.161157, 0.215596, 1, 

12,7,0.001, 0.0328822, 0.0340351, 0.0382759, 0.0399877, 0.17397, 1, 

Generation #21
11,13,0.001, 0.0340351, 0.0382759, 0.0399877, 0.178189, 1, 

13,2,0.001, 0.0225313, 0.0453377, 0.0781442, 0.0399877, 0.161157, 0.215596, 1, 

12,5,0.001, 0.0225313, 0.0493042, 0.0382759, 0.178189, 1, 

Generation #22
11,13,0.001, 0.0340351, 0.0382759, 0.0399877, 0.178189, 1, 

13,2,0.001, 0.0225313, 0.0453377, 0.0781442, 0.0399877, 0.161157, 0.215596, 1, 

12,5,0.001, 0.0225313, 0.0493042, 0.0382759, 0.178189, 1, 

10,95,0.001, 0.0328822, 0.0340351, 0.0516783, 1, 

Generation #23
11,13,0.001, 0.0340351, 0.0382759, 0.0399877, 0.178189, 1, 

13,2,0.001, 0.0225313, 0.0453377, 0.0781442, 0.0399877, 0.161157, 0.215596, 1, 

12,5,0.001, 0.0225313, 0.0493042, 0.0382759, 0.178189, 1, 

10,95,0.001, 0.0328822, 0.0340351, 0.0516783, 1, 

Generation #24
11,13,0.001, 0.0340351, 0.0382759, 0.0399877, 0.178189, 1, 

13,2,0.001, 0.0225313, 0.0453377, 0.0781442, 0.0399877, 0.161157, 0.215596, 1, 

12,5,0.001, 0.0225313, 0.0493042, 0.0382759, 0.178189, 1, 

10,95,0.001, 0.0328822, 0.0340351, 0.0516783, 1, 

Generation #25
13,2,0.001, 0.0225313, 0.0453377, 0.0781442, 0.0399877, 0.161157, 0.215596, 1, 

10,95,0.001, 0.0328822, 0.0340351, 0.0516783, 1, 

11,4,0.001, 0.0225313, 0.0493042, 0.0516783, 0.0675853, 1, 

Generation #26
13,2,0.001, 0.0225313, 0.0453377, 0.0781442, 0.0399877, 0.161157, 0.215596, 1, 

10,95,0.001, 0.0328822, 0.0340351, 0.0516783, 1, 

11,3,0.001, 0.0225313, 0.0340351, 0.0382759, 0.0399877, 0.161157, 1, 

Generation #27
13,2,0.001, 0.0225313, 0.0453377, 0.0781442, 0.0399877, 0.161157, 0.215596, 1, 

10,95,0.001, 0.0328822, 0.0340351, 0.0516783, 1, 

11,3,0.001, 0.0225313, 0.0340351, 0.0382759, 0.0399877, 0.161157, 1, 

Generation #28
13,2,0.001, 0.0225313, 0.0453377, 0.0781442, 0.0399877, 0.161157, 0.215596, 1, 

10,95,0.001, 0.0328822, 0.0340351, 0.0516783, 1, 

11,3,0.001, 0.0225313, 0.0340351, 0.0382759, 0.0399877, 0.161157, 1, 

Generation #29
13,2,0.001, 0.0225313, 0.0453377, 0.0781442, 0.0399877, 0.161157, 0.215596, 1, 

10,95,0.001, 0.0328822, 0.0340351, 0.0516783, 1, 

11,3,0.001, 0.0225313, 0.0340351, 0.0382759, 0.0399877, 0.161157, 1, 

Generation #30
13,2,0.001, 0.0225313, 0.0453377, 0.0781442, 0.0399877, 0.161157, 0.215596, 1, 

10,95,0.001, 0.0328822, 0.0340351, 0.0516783, 1, 

11,3,0.001, 0.0225313, 0.0340351, 0.0382759, 0.0399877, 0.161157, 1, 

Generation #31
13,2,0.001, 0.0225313, 0.0453377, 0.0781442, 0.0399877, 0.161157, 0.215596, 1, 

11,3,0.001, 0.0225313, 0.0340351, 0.0382759, 0.0399877, 0.161157, 1, 

10,13,0.001, 0.0225313, 0.0493042, 0.0516783, 1, 

Generation #32
13,2,0.001, 0.0225313, 0.0453377, 0.0781442, 0.0399877, 0.161157, 0.215596, 1, 

11,3,0.001, 0.0225313, 0.0340351, 0.0382759, 0.0399877, 0.161157, 1, 

10,13,0.001, 0.0225313, 0.0493042, 0.0516783, 1, 

Generation #33
13,2,0.001, 0.0225313, 0.0453377, 0.0781442, 0.0399877, 0.161157, 0.215596, 1, 

11,3,0.001, 0.0225313, 0.0340351, 0.0382759, 0.0399877, 0.161157, 1, 

10,13,0.001, 0.0225313, 0.0493042, 0.0516783, 1, 

Generation #34
13,2,0.001, 0.0225313, 0.0453377, 0.0781442, 0.0399877, 0.161157, 0.215596, 1, 

11,3,0.001, 0.0225313, 0.0340351, 0.0382759, 0.0399877, 0.161157, 1, 

10,13,0.001, 0.0225313, 0.0493042, 0.0516783, 1, 

Generation #35
13,2,0.001, 0.0225313, 0.0453377, 0.0781442, 0.0399877, 0.161157, 0.215596, 1, 

11,3,0.001, 0.0225313, 0.0340351, 0.0382759, 0.0399877, 0.161157, 1, 

10,13,0.001, 0.0225313, 0.0493042, 0.0516783, 1, 

Generation #36
13,2,0.001, 0.0225313, 0.0453377, 0.0781442, 0.0399877, 0.161157, 0.215596, 1, 

11,3,0.001, 0.0225313, 0.0340351, 0.0382759, 0.0399877, 0.161157, 1, 

10,13,0.001, 0.0225313, 0.0493042, 0.0516783, 1, 

Generation #37
13,2,0.001, 0.0225313, 0.0453377, 0.0781442, 0.0399877, 0.161157, 0.215596, 1, 

11,3,0.001, 0.0225313, 0.0340351, 0.0382759, 0.0399877, 0.161157, 1, 

10,13,0.001, 0.0225313, 0.0493042, 0.0516783, 1, 

Generation #38
13,2,0.001, 0.0225313, 0.0453377, 0.0781442, 0.0399877, 0.161157, 0.215596, 1, 

11,3,0.001, 0.0225313, 0.0340351, 0.0382759, 0.0399877, 0.161157, 1, 

10,9,0.001, 0.0225313, 0.0493042, 0.0382759, 0.178189, 1, 

Generation #39
13,2,0.001, 0.0225313, 0.0453377, 0.0781442, 0.0399877, 0.161157, 0.215596, 1, 

11,3,0.001, 0.0225313, 0.0340351, 0.0382759, 0.0399877, 0.161157, 1, 

10,9,0.001, 0.0225313, 0.0493042, 0.0382759, 0.178189, 1, 

Generation #40
13,2,0.001, 0.0225313, 0.0453377, 0.0781442, 0.0399877, 0.161157, 0.215596, 1, 

11,3,0.001, 0.0225313, 0.0340351, 0.0382759, 0.0399877, 0.161157, 1, 

10,9,0.001, 0.0225313, 0.0493042, 0.0382759, 0.178189, 1, 

Generation #41
13,2,0.001, 0.0225313, 0.0453377, 0.0781442, 0.0399877, 0.161157, 0.215596, 1, 

11,3,0.001, 0.0225313, 0.0340351, 0.0382759, 0.0399877, 0.161157, 1, 

10,9,0.001, 0.0225313, 0.0493042, 0.0382759, 0.178189, 1, 

Generation #42
13,2,0.001, 0.0225313, 0.0453377, 0.0781442, 0.0399877, 0.161157, 0.215596, 1, 

11,3,0.001, 0.0225313, 0.0340351, 0.0382759, 0.0399877, 0.161157, 1, 

10,9,0.001, 0.0225313, 0.0493042, 0.0382759, 0.178189, 1, 

Generation #43
13,2,0.001, 0.0225313, 0.0453377, 0.0781442, 0.0399877, 0.161157, 0.215596, 1, 

11,3,0.001, 0.0225313, 0.0340351, 0.0382759, 0.0399877, 0.161157, 1, 

10,9,0.001, 0.0225313, 0.0493042, 0.0382759, 0.178189, 1, 

9,186,0.001, 0.0493042, 0.0382759, 1, 

Generation #44
13,2,0.001, 0.0225313, 0.0453377, 0.0781442, 0.0399877, 0.161157, 0.215596, 1, 

11,3,0.001, 0.0225313, 0.0340351, 0.0382759, 0.0399877, 0.161157, 1, 

10,9,0.001, 0.0225313, 0.0493042, 0.0382759, 0.178189, 1, 

9,186,0.001, 0.0493042, 0.0382759, 1, 

Generation #45
13,2,0.001, 0.0225313, 0.0453377, 0.0781442, 0.0399877, 0.161157, 0.215596, 1, 

11,3,0.001, 0.0225313, 0.0340351, 0.0382759, 0.0399877, 0.161157, 1, 

10,9,0.001, 0.0225313, 0.0493042, 0.0382759, 0.178189, 1, 

9,186,0.001, 0.0493042, 0.0382759, 1, 

Generation #46
13,2,0.001, 0.0225313, 0.0453377, 0.0781442, 0.0399877, 0.161157, 0.215596, 1, 

11,3,0.001, 0.0225313, 0.0340351, 0.0382759, 0.0399877, 0.161157, 1, 

10,9,0.001, 0.0225313, 0.0493042, 0.0382759, 0.178189, 1, 

9,186,0.001, 0.0493042, 0.0382759, 1, 

Generation #47
13,2,0.001, 0.0225313, 0.0453377, 0.0781442, 0.0399877, 0.161157, 0.215596, 1, 

11,3,0.001, 0.0225313, 0.0340351, 0.0382759, 0.0399877, 0.161157, 1, 

10,9,0.001, 0.0225313, 0.0493042, 0.0382759, 0.178189, 1, 

9,186,0.001, 0.0493042, 0.0382759, 1, 

Generation #48
13,2,0.001, 0.0225313, 0.0453377, 0.0781442, 0.0399877, 0.161157, 0.215596, 1, 

11,3,0.001, 0.0225313, 0.0340351, 0.0382759, 0.0399877, 0.161157, 1, 

10,9,0.001, 0.0225313, 0.0493042, 0.0382759, 0.178189, 1, 

9,186,0.001, 0.0493042, 0.0382759, 1, 

Generation #49
13,2,0.001, 0.0225313, 0.0453377, 0.0781442, 0.0399877, 0.161157, 0.215596, 1, 

11,3,0.001, 0.0225313, 0.0340351, 0.0382759, 0.0399877, 0.161157, 1, 

10,9,0.001, 0.0225313, 0.0493042, 0.0382759, 0.178189, 1, 

9,186,0.001, 0.0493042, 0.0382759, 1, 

--- Pareto Front Solutions ---
Solution 0: N total=37 (N_initial=24, N_added=13), Time total=9 ms, Saved to: ./results/2^30_t2_l3_pareto_0.csv, percents=0.001, 0.0225313, 0.0453377, 0.0781442, 0.0399877, 0.161157, 0.215596, 1, 

Solution 1: N total=35 (N_initial=24, N_added=11), Time total=10 ms, Saved to: ./results/2^30_t2_l3_pareto_1.csv, percents=0.001, 0.0225313, 0.0340351, 0.0382759, 0.0399877, 0.161157, 1, 

Solution 2: N total=34 (N_initial=24, N_added=10), Time total=16 ms, Saved to: ./results/2^30_t2_l3_pareto_2.csv, percents=0.001, 0.0225313, 0.0493042, 0.0382759, 0.178189, 1, 

Solution 3: N total=33 (N_initial=24, N_added=9), Time total=193 ms, Saved to: ./results/2^30_t2_l3_pareto_3.csv, percents=0.001, 0.0493042, 0.0382759, 1, 

------------d=1, t=2, lambda=4, filename=./evaluation/2^30-t2_l4.csv------------
Computing partitioned counts of d-sets...
Ready to look at pairs based on partitioned counts...
First Stage N=28, Time=20
There are 726 remaining non-locating pairs
--- Running GA Algorithm (phase2) ---
Running GA with std::execution::par
Generation #0
41,53,0.001, 0.0281169, 0.0326858, 0.0824838, 0.110855, 0.126637, 0.210843, 0.221489, 0.257454, 0.273412, 0.288436, 0.375083, 0.410178, 0.490154, 0.501632, 0.503034, 0.609906, 0.62199, 0.640235, 0.707806, 0.750745, 0.753087, 0.755527, 0.781379, 0.802427, 0.871943, 0.940438, 0.98195, 1, 

25,86,0.001, 0.0214791, 0.0824809, 0.245015, 0.343075, 0.456277, 0.567991, 0.71626, 0.834308, 0.988459, 1, 

Generation #1
25,86,0.001, 0.0214791, 0.0824809, 0.245015, 0.343075, 0.456277, 0.567991, 0.71626, 0.834308, 0.988459, 1, 

41,40,0.001, 0.0281169, 0.0326858, 0.0824838, 0.110855, 0.126637, 0.210843, 0.221489, 0.257454, 0.273412, 0.288436, 0.375083, 0.410178, 0.490154, 0.501632, 0.503034, 0.609906, 0.62199, 0.640235, 0.788725, 0.794768, 0.806744, 0.822066, 0.912824, 0.922878, 0.959773, 0.986983, 0.990087, 1, 

28,46,0.0281169, 0.0326858, 0.0824838, 0.110855, 0.126637, 0.622951, 0.653926, 0.698836, 0.751576, 0.828327, 0.902531, 0.947114, 1, 

27,73,0.001, 0.0372035, 0.049841, 0.0980342, 0.103522, 0.124196, 0.137488, 0.299564, 0.350952, 0.780529, 0.793984, 0.795564, 0.894682, 1, 

24,273,0.001, 0.0468484, 0.429034, 0.55205, 0.638888, 0.696851, 0.805365, 0.91116, 0.919114, 0.92524, 1, 

Generation #2
41,40,0.001, 0.0281169, 0.0326858, 0.0824838, 0.110855, 0.126637, 0.210843, 0.221489, 0.257454, 0.273412, 0.288436, 0.375083, 0.410178, 0.490154, 0.501632, 0.503034, 0.609906, 0.62199, 0.640235, 0.788725, 0.794768, 0.806744, 0.822066, 0.912824, 0.922878, 0.959773, 0.986983, 0.990087, 1, 

43,37,0.001, 0.0281169, 0.0326858, 0.0824838, 0.110855, 0.126637, 0.210843, 0.221489, 0.257454, 0.273412, 0.288436, 0.375083, 0.410178, 0.490154, 0.503034, 0.609906, 0.62199, 0.640235, 0.788725, 0.794768, 0.806744, 0.822066, 0.912824, 0.922878, 0.784902, 0.808072, 0.83838, 0.868019, 1, 

27,43,0.001, 0.0281169, 0.0326858, 0.0824838, 0.110855, 0.126637, 0.137488, 0.299564, 0.350952, 0.780529, 0.793984, 0.795564, 0.894682, 1, 

24,68,0.001, 0.0397429, 0.0507626, 0.0844216, 0.343075, 0.456277, 0.567991, 0.71626, 0.834308, 0.988459, 1, 

Generation #3
41,40,0.001, 0.0281169, 0.0326858, 0.0824838, 0.110855, 0.126637, 0.210843, 0.221489, 0.257454, 0.273412, 0.288436, 0.375083, 0.410178, 0.490154, 0.501632, 0.503034, 0.609906, 0.62199, 0.640235, 0.788725, 0.794768, 0.806744, 0.822066, 0.912824, 0.922878, 0.959773, 0.986983, 0.990087, 1, 

43,37,0.001, 0.0281169, 0.0326858, 0.0824838, 0.110855, 0.126637, 0.210843, 0.221489, 0.257454, 0.273412, 0.288436, 0.375083, 0.410178, 0.490154, 0.503034, 0.609906, 0.62199, 0.640235, 0.788725, 0.794768, 0.806744, 0.822066, 0.912824, 0.922878, 0.784902, 0.808072, 0.83838, 0.868019, 1, 

24,68,0.001, 0.0397429, 0.0507626, 0.0844216, 0.343075, 0.456277, 0.567991, 0.71626, 0.834308, 0.988459, 1, 

27,42,0.001, 0.0270513, 0.0622322, 0.0643665, 0.113751, 0.176574, 0.263612, 0.433729, 0.577475, 0.780529, 0.793984, 0.795564, 0.894682, 1, 

25,64,0.001, 0.0372035, 0.049841, 0.132464, 0.138662, 0.166353, 0.193692, 0.198196, 0.919114, 0.92524, 1, 

Generation #4
43,37,0.001, 0.0281169, 0.0326858, 0.0824838, 0.110855, 0.126637, 0.210843, 0.221489, 0.257454, 0.273412, 0.288436, 0.375083, 0.410178, 0.490154, 0.503034, 0.609906, 0.62199, 0.640235, 0.788725, 0.794768, 0.806744, 0.822066, 0.912824, 0.922878, 0.784902, 0.808072, 0.83838, 0.868019, 1, 

23,62,0.0281169, 0.0326858, 0.0824838, 0.110855, 0.126637, 0.622951, 0.653926, 0.698836, 0.751576, 0.92524, 1, 

24,40,0.001, 0.0281169, 0.0326858, 0.0824838, 0.110855, 0.126637, 0.210843, 0.221489, 0.257454, 0.273412, 0.912386, 1, 

41,39,0.001, 0.0281169, 0.0326858, 0.0824838, 0.110855, 0.201546, 0.273248, 0.343859, 0.257454, 0.273412, 0.288436, 0.375083, 0.410178, 0.490154, 0.501632, 0.503034, 0.609906, 0.62199, 0.640235, 0.788725, 0.794768, 0.806744, 0.822066, 0.912824, 0.922878, 0.959773, 0.986983, 0.990087, 1, 

Generation #5
43,37,0.001, 0.0281169, 0.0326858, 0.0824838, 0.110855, 0.126637, 0.210843, 0.221489, 0.257454, 0.273412, 0.288436, 0.375083, 0.410178, 0.490154, 0.503034, 0.609906, 0.62199, 0.640235, 0.788725, 0.794768, 0.806744, 0.822066, 0.912824, 0.922878, 0.784902, 0.808072, 0.83838, 0.868019, 1, 

23,62,0.0281169, 0.0326858, 0.0824838, 0.110855, 0.126637, 0.622951, 0.653926, 0.698836, 0.751576, 0.92524, 1, 

24,40,0.001, 0.0281169, 0.0326858, 0.0824838, 0.110855, 0.126637, 0.210843, 0.221489, 0.257454, 0.273412, 0.912386, 1, 

22,103,0.001, 0.0372035, 0.049841, 0.229935, 0.097015, 0.242831, 0.338627, 0.370025, 0.919114, 0.92524, 1, 

26,39,0.001, 0.0281169, 0.0326858, 0.0824838, 0.274662, 0.166353, 0.193692, 0.207569, 0.257454, 0.273412, 0.912386, 1, 

Generation #6
43,37,0.001, 0.0281169, 0.0326858, 0.0824838, 0.110855, 0.126637, 0.210843, 0.221489, 0.257454, 0.273412, 0.288436, 0.375083, 0.410178, 0.490154, 0.503034, 0.609906, 0.62199, 0.640235, 0.788725, 0.794768, 0.806744, 0.822066, 0.912824, 0.922878, 0.784902, 0.808072, 0.83838, 0.868019, 1, 

24,40,0.001, 0.0281169, 0.0326858, 0.0824838, 0.110855, 0.126637, 0.210843, 0.221489, 0.257454, 0.273412, 0.912386, 1, 

26,39,0.001, 0.0281169, 0.0326858, 0.0824838, 0.274662, 0.166353, 0.193692, 0.207569, 0.257454, 0.273412, 0.912386, 1, 

22,61,0.001, 0.0281169, 0.0326858, 0.0824838, 0.186741, 0.202078, 0.237878, 0.256696, 1, 

23,55,0.0281169, 0.0326858, 0.0824838, 0.458168, 0.126637, 0.622951, 0.653926, 0.198196, 0.919114, 0.92524, 1, 

32,38,0.001, 0.0281169, 0.0326858, 0.0824838, 0.110855, 0.201546, 0.273248, 0.343859, 0.437593, 0.461608, 0.474337, 0.749414, 0.801815, 0.81875, 0.842849, 0.943398, 0.951223, 0.991124, 1, 

Generation #7
24,40,0.001, 0.0281169, 0.0326858, 0.0824838, 0.110855, 0.126637, 0.210843, 0.221489, 0.257454, 0.273412, 0.912386, 1, 

22,61,0.001, 0.0281169, 0.0326858, 0.0824838, 0.186741, 0.202078, 0.237878, 0.256696, 1, 

23,55,0.0281169, 0.0326858, 0.0824838, 0.458168, 0.126637, 0.622951, 0.653926, 0.198196, 0.919114, 0.92524, 1, 

26,35,0.001, 0.0281169, 0.0326858, 0.0824838, 0.110855, 0.201546, 0.273248, 0.343859, 0.437593, 0.273412, 0.288436, 0.375083, 0.894682, 1, 

Generation #8
22,61,0.001, 0.0281169, 0.0326858, 0.0824838, 0.186741, 0.202078, 0.237878, 0.256696, 1, 

24,33,0.001, 0.0281169, 0.0326858, 0.0824838, 0.110855, 0.126637, 0.210843, 0.221489, 0.257454, 0.780529, 0.793984, 1, 

23,46,0.001, 0.0281169, 0.0326858, 0.0824838, 0.110855, 0.567991, 0.653675, 0.834308, 0.988459, 1, 

Generation #9
22,61,0.001, 0.0281169, 0.0326858, 0.0824838, 0.186741, 0.202078, 0.237878, 0.256696, 1, 

24,33,0.001, 0.0281169, 0.0326858, 0.0824838, 0.110855, 0.126637, 0.210843, 0.221489, 0.257454, 0.780529, 0.793984, 1, 

23,46,0.001, 0.0281169, 0.0326858, 0.0824838, 0.110855, 0.567991, 0.653675, 0.834308, 0.988459, 1, 

Generation #10
24,33,0.001, 0.0281169, 0.0326858, 0.0824838, 0.110855, 0.126637, 0.210843, 0.221489, 0.257454, 0.780529, 0.793984, 1, 

22,50,0.001, 0.0281169, 0.0326858, 0.0824838, 0.110855, 0.126637, 0.210843, 0.698836, 0.751576, 0.92524, 1, 

23,38,0.001, 0.0281169, 0.0326858, 0.0824838, 0.110855, 0.126637, 0.210843, 0.198196, 0.919114, 0.92524, 1, 

Generation #11
24,33,0.001, 0.0281169, 0.0326858, 0.0824838, 0.110855, 0.126637, 0.210843, 0.221489, 0.257454, 0.780529, 0.793984, 1, 

23,38,0.001, 0.0281169, 0.0326858, 0.0824838, 0.110855, 0.126637, 0.210843, 0.198196, 0.919114, 0.92524, 1, 

22,42,0.001, 0.0281169, 0.0326858, 0.0824838, 0.186741, 0.202078, 0.237878, 0.256696, 1, 

Generation #12
24,33,0.001, 0.0281169, 0.0326858, 0.0824838, 0.110855, 0.126637, 0.210843, 0.221489, 0.257454, 0.780529, 0.793984, 1, 

23,38,0.001, 0.0281169, 0.0326858, 0.0824838, 0.110855, 0.126637, 0.210843, 0.198196, 0.919114, 0.92524, 1, 

22,42,0.001, 0.0281169, 0.0326858, 0.0824838, 0.186741, 0.202078, 0.237878, 0.256696, 1, 

21,54,0.001, 0.0270513, 0.0326858, 0.0824838, 0.110855, 0.126637, 0.210843, 0.221489, 1, 

Generation #13
24,33,0.001, 0.0281169, 0.0326858, 0.0824838, 0.110855, 0.126637, 0.210843, 0.221489, 0.257454, 0.780529, 0.793984, 1, 

23,38,0.001, 0.0281169, 0.0326858, 0.0824838, 0.110855, 0.126637, 0.210843, 0.198196, 0.919114, 0.92524, 1, 

22,42,0.001, 0.0281169, 0.0326858, 0.0824838, 0.186741, 0.202078, 0.237878, 0.256696, 1, 

21,54,0.001, 0.0270513, 0.0326858, 0.0824838, 0.110855, 0.126637, 0.210843, 0.221489, 1, 

25,31,0.001, 0.0281169, 0.0326858, 0.00588293, 0.110855, 0.201546, 0.273248, 0.343859, 0.257454, 0.273412, 0.912386, 1, 

Generation #14
24,33,0.001, 0.0281169, 0.0326858, 0.0824838, 0.110855, 0.126637, 0.210843, 0.221489, 0.257454, 0.780529, 0.793984, 1, 

23,38,0.001, 0.0281169, 0.0326858, 0.0824838, 0.110855, 0.126637, 0.210843, 0.198196, 0.919114, 0.92524, 1, 

22,42,0.001, 0.0281169, 0.0326858, 0.0824838, 0.186741, 0.202078, 0.237878, 0.256696, 1, 

21,54,0.001, 0.0270513, 0.0326858, 0.0824838, 0.110855, 0.126637, 0.210843, 0.221489, 1, 

25,31,0.001, 0.0281169, 0.0326858, 0.00588293, 0.110855, 0.201546, 0.273248, 0.343859, 0.257454, 0.273412, 0.912386, 1, 

Generation #15
24,33,0.001, 0.0281169, 0.0326858, 0.0824838, 0.110855, 0.126637, 0.210843, 0.221489, 0.257454, 0.780529, 0.793984, 1, 

23,38,0.001, 0.0281169, 0.0326858, 0.0824838, 0.110855, 0.126637, 0.210843, 0.198196, 0.919114, 0.92524, 1, 

22,42,0.001, 0.0281169, 0.0326858, 0.0824838, 0.186741, 0.202078, 0.237878, 0.256696, 1, 

21,54,0.001, 0.0270513, 0.0326858, 0.0824838, 0.110855, 0.126637, 0.210843, 0.221489, 1, 

25,31,0.001, 0.0281169, 0.0326858, 0.00588293, 0.110855, 0.201546, 0.273248, 0.343859, 0.257454, 0.273412, 0.912386, 1, 

Generation #16
24,33,0.001, 0.0281169, 0.0326858, 0.0824838, 0.110855, 0.126637, 0.210843, 0.221489, 0.257454, 0.780529, 0.793984, 1, 

23,38,0.001, 0.0281169, 0.0326858, 0.0824838, 0.110855, 0.126637, 0.210843, 0.198196, 0.919114, 0.92524, 1, 

22,42,0.001, 0.0281169, 0.0326858, 0.0824838, 0.186741, 0.202078, 0.237878, 0.256696, 1, 

21,54,0.001, 0.0270513, 0.0326858, 0.0824838, 0.110855, 0.126637, 0.210843, 0.221489, 1, 

25,31,0.001, 0.0281169, 0.0326858, 0.00588293, 0.110855, 0.201546, 0.273248, 0.343859, 0.257454, 0.273412, 0.912386, 1, 

20,153,0.001, 0.0281169, 0.0326858, 0.0824838, 0.902898, 0.210843, 0.221489, 1, 

Generation #17
24,33,0.001, 0.0281169, 0.0326858, 0.0824838, 0.110855, 0.126637, 0.210843, 0.221489, 0.257454, 0.780529, 0.793984, 1, 

23,38,0.001, 0.0281169, 0.0326858, 0.0824838, 0.110855, 0.126637, 0.210843, 0.198196, 0.919114, 0.92524, 1, 

22,42,0.001, 0.0281169, 0.0326858, 0.0824838, 0.186741, 0.202078, 0.237878, 0.256696, 1, 

25,31,0.001, 0.0281169, 0.0326858, 0.00588293, 0.110855, 0.201546, 0.273248, 0.343859, 0.257454, 0.273412, 0.912386, 1, 

20,44,0.001, 0.0281169, 0.0326858, 0.0326858, 0.0824838, 0.110855, 0.126637, 0.221489, 1, 

21,43,0.001, 0.0281169, 0.0326858, 0.0824838, 0.110855, 0.202078, 0.237878, 0.256696, 1, 

Generation #18
24,33,0.001, 0.0281169, 0.0326858, 0.0824838, 0.110855, 0.126637, 0.210843, 0.221489, 0.257454, 0.780529, 0.793984, 1, 

23,38,0.001, 0.0281169, 0.0326858, 0.0824838, 0.110855, 0.126637, 0.210843, 0.198196, 0.919114, 0.92524, 1, 

25,31,0.001, 0.0281169, 0.0326858, 0.00588293, 0.110855, 0.201546, 0.273248, 0.343859, 0.257454, 0.273412, 0.912386, 1, 

20,43,0.001, 0.0281169, 0.0326858, 0.0326858, 0.0824838, 0.110855, 0.221489, 1, 

22,39,0.001, 0.0281169, 0.0326858, 0.0824838, 0.110855, 0.0210941, 0.273248, 0.343859, 0.912386, 1, 

Generation #19
24,33,0.001, 0.0281169, 0.0326858, 0.0824838, 0.110855, 0.126637, 0.210843, 0.221489, 0.257454, 0.780529, 0.793984, 1, 

25,31,0.001, 0.0281169, 0.0326858, 0.00588293, 0.110855, 0.201546, 0.273248, 0.343859, 0.257454, 0.273412, 0.912386, 1, 

20,43,0.001, 0.0281169, 0.0326858, 0.0326858, 0.0824838, 0.110855, 0.221489, 1, 

22,37,0.001, 0.0281169, 0.0326858, 0.00588293, 0.0824838, 0.110855, 0.273248, 0.834308, 0.988459, 1, 

Generation #20
24,33,0.001, 0.0281169, 0.0326858, 0.0824838, 0.110855, 0.126637, 0.210843, 0.221489, 0.257454, 0.780529, 0.793984, 1, 

25,31,0.001, 0.0281169, 0.0326858, 0.00588293, 0.110855, 0.201546, 0.273248, 0.343859, 0.257454, 0.273412, 0.912386, 1, 

20,43,0.001, 0.0281169, 0.0326858, 0.0326858, 0.0824838, 0.110855, 0.221489, 1, 

22,37,0.001, 0.0281169, 0.0326858, 0.00588293, 0.0824838, 0.110855, 0.273248, 0.834308, 0.988459, 1, 

19,97,0.001, 0.0281169, 0.0326858, 0.0824838, 0.110855, 0.201546, 0.221489, 1, 

Generation #21
24,33,0.001, 0.0281169, 0.0326858, 0.0824838, 0.110855, 0.126637, 0.210843, 0.221489, 0.257454, 0.780529, 0.793984, 1, 

25,31,0.001, 0.0281169, 0.0326858, 0.00588293, 0.110855, 0.201546, 0.273248, 0.343859, 0.257454, 0.273412, 0.912386, 1, 

20,43,0.001, 0.0281169, 0.0326858, 0.0326858, 0.0824838, 0.110855, 0.221489, 1, 

22,37,0.001, 0.0281169, 0.0326858, 0.00588293, 0.0824838, 0.110855, 0.273248, 0.834308, 0.988459, 1, 

19,46,0.001, 0.0281169, 0.0326858, 0.0326858, 0.0824838, 0.110855, 0.221489, 1, 

Generation #22
24,33,0.001, 0.0281169, 0.0326858, 0.0824838, 0.110855, 0.126637, 0.210843, 0.221489, 0.257454, 0.780529, 0.793984, 1, 

25,31,0.001, 0.0281169, 0.0326858, 0.00588293, 0.110855, 0.201546, 0.273248, 0.343859, 0.257454, 0.273412, 0.912386, 1, 

20,43,0.001, 0.0281169, 0.0326858, 0.0326858, 0.0824838, 0.110855, 0.221489, 1, 

19,46,0.001, 0.0281169, 0.0326858, 0.0326858, 0.0824838, 0.110855, 0.221489, 1, 

21,37,0.001, 0.0281169, 0.0326858, 0.0824838, 0.110855, 0.126637, 0.263623, 0.919114, 1, 

Generation #23
24,33,0.001, 0.0281169, 0.0326858, 0.0824838, 0.110855, 0.126637, 0.210843, 0.221489, 0.257454, 0.780529, 0.793984, 1, 

25,31,0.001, 0.0281169, 0.0326858, 0.00588293, 0.110855, 0.201546, 0.273248, 0.343859, 0.257454, 0.273412, 0.912386, 1, 

20,43,0.001, 0.0281169, 0.0326858, 0.0326858, 0.0824838, 0.110855, 0.221489, 1, 

19,46,0.001, 0.0281169, 0.0326858, 0.0326858, 0.0824838, 0.110855, 0.221489, 1, 

21,37,0.001, 0.0281169, 0.0326858, 0.0824838, 0.110855, 0.126637, 0.263623, 0.919114, 1, 

Generation #24
24,33,0.001, 0.0281169, 0.0326858, 0.0824838, 0.110855, 0.126637, 0.210843, 0.221489, 0.257454, 0.780529, 0.793984, 1, 

25,31,0.001, 0.0281169, 0.0326858, 0.00588293, 0.110855, 0.201546, 0.273248, 0.343859, 0.257454, 0.273412, 0.912386, 1, 

21,37,0.001, 0.0281169, 0.0326858, 0.0824838, 0.110855, 0.126637, 0.263623, 0.919114, 1, 

19,39,0.001, 0.0281169, 0.0133288, 0.0326858, 0.0824838, 0.110855, 0.126637, 1, 

18,103,0.001, 0.0281169, 0.00588293, 0.110855, 0.201546, 1, 

Generation #25
24,33,0.001, 0.0281169, 0.0326858, 0.0824838, 0.110855, 0.126637, 0.210843, 0.221489, 0.257454, 0.780529, 0.793984, 1, 

25,31,0.001, 0.0281169, 0.0326858, 0.00588293, 0.110855, 0.201546, 0.273248, 0.343859, 0.257454, 0.273412, 0.912386, 1, 

19,39,0.001, 0.0281169, 0.0133288, 0.0326858, 0.0824838, 0.110855, 0.126637, 1, 

21,34,0.001, 0.0281169, 0.0133288, 0.0326858, 0.0824838, 0.110855, 0.126637, 1, 

18,64,0.001, 0.0281169, 0.0326858, 0.0824838, 0.110855, 0.126637, 0.263623, 1, 

Generation #26
24,33,0.001, 0.0281169, 0.0326858, 0.0824838, 0.110855, 0.126637, 0.210843, 0.221489, 0.257454, 0.780529, 0.793984, 1, 

25,31,0.001, 0.0281169, 0.0326858, 0.00588293, 0.110855, 0.201546, 0.273248, 0.343859, 0.257454, 0.273412, 0.912386, 1, 

19,39,0.001, 0.0281169, 0.0133288, 0.0326858, 0.0824838, 0.110855, 0.126637, 1, 

21,34,0.001, 0.0281169, 0.0133288, 0.0326858, 0.0824838, 0.110855, 0.126637, 1, 

18,49,0.001, 0.0281169, 0.0326858, 0.0824838, 0.110855, 0.0185772, 0.273248, 1, 

Generation #27
24,33,0.001, 0.0281169, 0.0326858, 0.0824838, 0.110855, 0.126637, 0.210843, 0.221489, 0.257454, 0.780529, 0.793984, 1, 

25,31,0.001, 0.0281169, 0.0326858, 0.00588293, 0.110855, 0.201546, 0.273248, 0.343859, 0.257454, 0.273412, 0.912386, 1, 

19,39,0.001, 0.0281169, 0.0133288, 0.0326858, 0.0824838, 0.110855, 0.126637, 1, 

21,34,0.001, 0.0281169, 0.0133288, 0.0326858, 0.0824838, 0.110855, 0.126637, 1, 

18,49,0.001, 0.0281169, 0.0326858, 0.0824838, 0.110855, 0.0185772, 0.273248, 1, 

20,37,0.001, 0.0281169, 0.0133288, 0.0326858, 0.110855, 0.126637, 0.263623, 1, 

Generation #28
24,33,0.001, 0.0281169, 0.0326858, 0.0824838, 0.110855, 0.126637, 0.210843, 0.221489, 0.257454, 0.780529, 0.793984, 1, 

25,31,0.001, 0.0281169, 0.0326858, 0.00588293, 0.110855, 0.201546, 0.273248, 0.343859, 0.257454, 0.273412, 0.912386, 1, 

19,39,0.001, 0.0281169, 0.0133288, 0.0326858, 0.0824838, 0.110855, 0.126637, 1, 

21,34,0.001, 0.0281169, 0.0133288, 0.0326858, 0.0824838, 0.110855, 0.126637, 1, 

18,49,0.001, 0.0281169, 0.0326858, 0.0824838, 0.110855, 0.0185772, 0.273248, 1, 

20,37,0.001, 0.0281169, 0.0133288, 0.0326858, 0.110855, 0.126637, 0.263623, 1, 

Generation #29
24,33,0.001, 0.0281169, 0.0326858, 0.0824838, 0.110855, 0.126637, 0.210843, 0.221489, 0.257454, 0.780529, 0.793984, 1, 

25,31,0.001, 0.0281169, 0.0326858, 0.00588293, 0.110855, 0.201546, 0.273248, 0.343859, 0.257454, 0.273412, 0.912386, 1, 

21,34,0.001, 0.0281169, 0.0133288, 0.0326858, 0.0824838, 0.110855, 0.126637, 1, 

18,49,0.001, 0.0281169, 0.0326858, 0.0824838, 0.110855, 0.0185772, 0.273248, 1, 

20,37,0.001, 0.0281169, 0.0133288, 0.0326858, 0.110855, 0.126637, 0.263623, 1, 

19,38,0.001, 0.0281169, 0.0326858, 0.0326858, 0.0824838, 0.110855, 0.221489, 1, 

Generation #30
24,33,0.001, 0.0281169, 0.0326858, 0.0824838, 0.110855, 0.126637, 0.210843, 0.221489, 0.257454, 0.780529, 0.793984, 1, 

25,31,0.001, 0.0281169, 0.0326858, 0.00588293, 0.110855, 0.201546, 0.273248, 0.343859, 0.257454, 0.273412, 0.912386, 1, 

21,34,0.001, 0.0281169, 0.0133288, 0.0326858, 0.0824838, 0.110855, 0.126637, 1, 

18,49,0.001, 0.0281169, 0.0326858, 0.0824838, 0.110855, 0.0185772, 0.273248, 1, 

20,37,0.001, 0.0281169, 0.0133288, 0.0326858, 0.110855, 0.126637, 0.263623, 1, 

19,38,0.001, 0.0281169, 0.0326858, 0.0326858, 0.0824838, 0.110855, 0.221489, 1, 

Generation #31
24,33,0.001, 0.0281169, 0.0326858, 0.0824838, 0.110855, 0.126637, 0.210843, 0.221489, 0.257454, 0.780529, 0.793984, 1, 

25,31,0.001, 0.0281169, 0.0326858, 0.00588293, 0.110855, 0.201546, 0.273248, 0.343859, 0.257454, 0.273412, 0.912386, 1, 

21,34,0.001, 0.0281169, 0.0133288, 0.0326858, 0.0824838, 0.110855, 0.126637, 1, 

18,49,0.001, 0.0281169, 0.0326858, 0.0824838, 0.110855, 0.0185772, 0.273248, 1, 

19,35,0.001, 0.0281169, 0.0133288, 0.0326858, 0.110855, 0.126637, 0.221489, 1, 

17,96,0.001, 0.0281169, 0.00588293, 0.110855, 0.201546, 1, 

Generation #32
24,33,0.001, 0.0281169, 0.0326858, 0.0824838, 0.110855, 0.126637, 0.210843, 0.221489, 0.257454, 0.780529, 0.793984, 1, 

25,31,0.001, 0.0281169, 0.0326858, 0.00588293, 0.110855, 0.201546, 0.273248, 0.343859, 0.257454, 0.273412, 0.912386, 1, 

21,34,0.001, 0.0281169, 0.0133288, 0.0326858, 0.0824838, 0.110855, 0.126637, 1, 

18,49,0.001, 0.0281169, 0.0326858, 0.0824838, 0.110855, 0.0185772, 0.273248, 1, 

19,35,0.001, 0.0281169, 0.0133288, 0.0326858, 0.110855, 0.126637, 0.221489, 1, 

17,96,0.001, 0.0281169, 0.00588293, 0.110855, 0.201546, 1, 

Generation #33
24,33,0.001, 0.0281169, 0.0326858, 0.0824838, 0.110855, 0.126637, 0.210843, 0.221489, 0.257454, 0.780529, 0.793984, 1, 

25,31,0.001, 0.0281169, 0.0326858, 0.00588293, 0.110855, 0.201546, 0.273248, 0.343859, 0.257454, 0.273412, 0.912386, 1, 

21,34,0.001, 0.0281169, 0.0133288, 0.0326858, 0.0824838, 0.110855, 0.126637, 1, 

18,49,0.001, 0.0281169, 0.0326858, 0.0824838, 0.110855, 0.0185772, 0.273248, 1, 

19,35,0.001, 0.0281169, 0.0133288, 0.0326858, 0.110855, 0.126637, 0.221489, 1, 

17,96,0.001, 0.0281169, 0.00588293, 0.110855, 0.201546, 1, 

Generation #34
24,33,0.001, 0.0281169, 0.0326858, 0.0824838, 0.110855, 0.126637, 0.210843, 0.221489, 0.257454, 0.780529, 0.793984, 1, 

25,31,0.001, 0.0281169, 0.0326858, 0.00588293, 0.110855, 0.201546, 0.273248, 0.343859, 0.257454, 0.273412, 0.912386, 1, 

21,34,0.001, 0.0281169, 0.0133288, 0.0326858, 0.0824838, 0.110855, 0.126637, 1, 

18,49,0.001, 0.0281169, 0.0326858, 0.0824838, 0.110855, 0.0185772, 0.273248, 1, 

19,35,0.001, 0.0281169, 0.0133288, 0.0326858, 0.110855, 0.126637, 0.221489, 1, 

17,96,0.001, 0.0281169, 0.00588293, 0.110855, 0.201546, 1, 

16,406,0.001, 0.110855, 1, 

Generation #35
18,49,0.001, 0.0281169, 0.0326858, 0.0824838, 0.110855, 0.0185772, 0.273248, 1, 

19,35,0.001, 0.0281169, 0.0133288, 0.0326858, 0.110855, 0.126637, 0.221489, 1, 

17,96,0.001, 0.0281169, 0.00588293, 0.110855, 0.201546, 1, 

16,406,0.001, 0.110855, 1, 

20,29,0.000228764, 0.0133288, 0.00588293, 0.110855, 0.110855, 0.126637, 1, 

Generation #36
18,49,0.001, 0.0281169, 0.0326858, 0.0824838, 0.110855, 0.0185772, 0.273248, 1, 

19,35,0.001, 0.0281169, 0.0133288, 0.0326858, 0.110855, 0.126637, 0.221489, 1, 

17,96,0.001, 0.0281169, 0.00588293, 0.110855, 0.201546, 1, 

16,406,0.001, 0.110855, 1, 

20,29,0.000228764, 0.0133288, 0.00588293, 0.110855, 0.110855, 0.126637, 1, 

26,23,0.000228764, 0.0133288, 0.0326858, 0.0824838, 0.110855, 0.201546, 0.273248, 0.343859, 0.437593, 0.273412, 0.375083, 0.894682, 1, 

Generation #37
18,49,0.001, 0.0281169, 0.0326858, 0.0824838, 0.110855, 0.0185772, 0.273248, 1, 

19,35,0.001, 0.0281169, 0.0133288, 0.0326858, 0.110855, 0.126637, 0.221489, 1, 

17,96,0.001, 0.0281169, 0.00588293, 0.110855, 0.201546, 1, 

16,406,0.001, 0.110855, 1, 

20,29,0.000228764, 0.0133288, 0.00588293, 0.110855, 0.110855, 0.126637, 1, 

26,23,0.000228764, 0.0133288, 0.0326858, 0.0824838, 0.110855, 0.201546, 0.273248, 0.343859, 0.437593, 0.273412, 0.375083, 0.894682, 1, 

Generation #38
18,49,0.001, 0.0281169, 0.0326858, 0.0824838, 0.110855, 0.0185772, 0.273248, 1, 

19,35,0.001, 0.0281169, 0.0133288, 0.0326858, 0.110855, 0.126637, 0.221489, 1, 

17,96,0.001, 0.0281169, 0.00588293, 0.110855, 0.201546, 1, 

16,208,0.001, 0.0326858, 0.110855, 1, 

20,20,0.000228764, 0.0133288, 0.0326858, 0.0824838, 0.110855, 0.201546, 0.126637, 1, 

Generation #39
18,49,0.001, 0.0281169, 0.0326858, 0.0824838, 0.110855, 0.0185772, 0.273248, 1, 

19,35,0.001, 0.0281169, 0.0133288, 0.0326858, 0.110855, 0.126637, 0.221489, 1, 

17,96,0.001, 0.0281169, 0.00588293, 0.110855, 0.201546, 1, 

16,208,0.001, 0.0326858, 0.110855, 1, 

20,20,0.000228764, 0.0133288, 0.0326858, 0.0824838, 0.110855, 0.201546, 0.126637, 1, 

Generation #40
19,35,0.001, 0.0281169, 0.0133288, 0.0326858, 0.110855, 0.126637, 0.221489, 1, 

20,20,0.000228764, 0.0133288, 0.0326858, 0.0824838, 0.110855, 0.201546, 0.126637, 1, 

17,47,0.001, 0.0281169, 0.0326858, 0.110855, 1, 

16,130,0.001, 0.0281169, 0.110855, 1, 

Generation #41
19,35,0.001, 0.0281169, 0.0133288, 0.0326858, 0.110855, 0.126637, 0.221489, 1, 

20,20,0.000228764, 0.0133288, 0.0326858, 0.0824838, 0.110855, 0.201546, 0.126637, 1, 

17,47,0.001, 0.0281169, 0.0326858, 0.110855, 1, 

16,130,0.001, 0.0281169, 0.110855, 1, 

18,42,0.000228764, 0.0133288, 0.0326858, 0.110855, 1, 

Generation #42
19,35,0.001, 0.0281169, 0.0133288, 0.0326858, 0.110855, 0.126637, 0.221489, 1, 

20,20,0.000228764, 0.0133288, 0.0326858, 0.0824838, 0.110855, 0.201546, 0.126637, 1, 

17,47,0.001, 0.0281169, 0.0326858, 0.110855, 1, 

16,130,0.001, 0.0281169, 0.110855, 1, 

18,42,0.000228764, 0.0133288, 0.0326858, 0.110855, 1, 

Generation #43
19,35,0.001, 0.0281169, 0.0133288, 0.0326858, 0.110855, 0.126637, 0.221489, 1, 

20,20,0.000228764, 0.0133288, 0.0326858, 0.0824838, 0.110855, 0.201546, 0.126637, 1, 

17,47,0.001, 0.0281169, 0.0326858, 0.110855, 1, 

16,130,0.001, 0.0281169, 0.110855, 1, 

18,42,0.000228764, 0.0133288, 0.0326858, 0.110855, 1, 

15,291,0.000228764, 0.110855, 1, 

Generation #44
20,20,0.000228764, 0.0133288, 0.0326858, 0.0824838, 0.110855, 0.201546, 0.126637, 1, 

17,47,0.001, 0.0281169, 0.0326858, 0.110855, 1, 

16,130,0.001, 0.0281169, 0.110855, 1, 

18,42,0.000228764, 0.0133288, 0.0326858, 0.110855, 1, 

15,291,0.000228764, 0.110855, 1, 

23,19,0.000228764, 0.0133288, 0.0281169, 0.0326858, 0.0824838, 0.110855, 0.126637, 0.221489, 1, 

19,28,0.000228764, 0.0133288, 0.0281169, 0.0326858, 0.110855, 0.126637, 1, 

Generation #45
20,20,0.000228764, 0.0133288, 0.0326858, 0.0824838, 0.110855, 0.201546, 0.126637, 1, 

17,47,0.001, 0.0281169, 0.0326858, 0.110855, 1, 

16,130,0.001, 0.0281169, 0.110855, 1, 

18,42,0.000228764, 0.0133288, 0.0326858, 0.110855, 1, 

15,291,0.000228764, 0.110855, 1, 

23,19,0.000228764, 0.0133288, 0.0281169, 0.0326858, 0.0824838, 0.110855, 0.126637, 0.221489, 1, 

19,28,0.000228764, 0.0133288, 0.0281169, 0.0326858, 0.110855, 0.126637, 1, 

Generation #46
20,20,0.000228764, 0.0133288, 0.0326858, 0.0824838, 0.110855, 0.201546, 0.126637, 1, 

17,47,0.001, 0.0281169, 0.0326858, 0.110855, 1, 

16,130,0.001, 0.0281169, 0.110855, 1, 

18,42,0.000228764, 0.0133288, 0.0326858, 0.110855, 1, 

15,291,0.000228764, 0.110855, 1, 

23,19,0.000228764, 0.0133288, 0.0281169, 0.0326858, 0.0824838, 0.110855, 0.126637, 0.221489, 1, 

19,28,0.000228764, 0.0133288, 0.0281169, 0.0326858, 0.110855, 0.126637, 1, 

Generation #47
20,20,0.000228764, 0.0133288, 0.0326858, 0.0824838, 0.110855, 0.201546, 0.126637, 1, 

17,47,0.001, 0.0281169, 0.0326858, 0.110855, 1, 

16,130,0.001, 0.0281169, 0.110855, 1, 

18,42,0.000228764, 0.0133288, 0.0326858, 0.110855, 1, 

15,291,0.000228764, 0.110855, 1, 

21,18,0.000228764, 0.0133288, 0.00588293, 0.0326858, 0.0824838, 0.0185772, 0.273248, 1, 

19,25,0.001, 0.0133288, 0.0281169, 0.00588293, 0.0824838, 0.0185772, 0.273248, 1, 

Generation #48
20,20,0.000228764, 0.0133288, 0.0326858, 0.0824838, 0.110855, 0.201546, 0.126637, 1, 

16,130,0.001, 0.0281169, 0.110855, 1, 

15,291,0.000228764, 0.110855, 1, 

21,18,0.000228764, 0.0133288, 0.00588293, 0.0326858, 0.0824838, 0.0185772, 0.273248, 1, 

19,25,0.001, 0.0133288, 0.0281169, 0.00588293, 0.0824838, 0.0185772, 0.273248, 1, 

18,36,0.000228764, 0.0133288, 0.00588293, 0.0326858, 0.0824838, 1, 

17,41,0.000228764, 0.0133288, 0.0326858, 0.110855, 1, 

Generation #49
20,20,0.000228764, 0.0133288, 0.0326858, 0.0824838, 0.110855, 0.201546, 0.126637, 1, 

15,291,0.000228764, 0.110855, 1, 

21,18,0.000228764, 0.0133288, 0.00588293, 0.0326858, 0.0824838, 0.0185772, 0.273248, 1, 

19,25,0.001, 0.0133288, 0.0281169, 0.00588293, 0.0824838, 0.0185772, 0.273248, 1, 

18,36,0.000228764, 0.0133288, 0.00588293, 0.0326858, 0.0824838, 1, 

17,41,0.000228764, 0.0133288, 0.0326858, 0.110855, 1, 

16,68,0.000228764, 0.0133288, 0.0133288, 0.110855, 1, 

--- Pareto Front Solutions ---
Solution 0: N total=48 (N_initial=28, N_added=20), Time total=40 ms, Saved to: ./results/2^30_t2_l4_pareto_0.csv, percents=0.000228764, 0.0133288, 0.0326858, 0.0824838, 0.110855, 0.201546, 0.126637, 1, 

Solution 1: N total=43 (N_initial=28, N_added=15), Time total=311 ms, Saved to: ./results/2^30_t2_l4_pareto_1.csv, percents=0.000228764, 0.110855, 1, 

Solution 2: N total=49 (N_initial=28, N_added=21), Time total=38 ms, Saved to: ./results/2^30_t2_l4_pareto_2.csv, percents=0.000228764, 0.0133288, 0.00588293, 0.0326858, 0.0824838, 0.0185772, 0.273248, 1, 

Solution 3: N total=47 (N_initial=28, N_added=19), Time total=45 ms, Saved to: ./results/2^30_t2_l4_pareto_3.csv, percents=0.001, 0.0133288, 0.0281169, 0.00588293, 0.0824838, 0.0185772, 0.273248, 1, 

Solution 4: N total=46 (N_initial=28, N_added=18), Time total=56 ms, Saved to: ./results/2^30_t2_l4_pareto_4.csv, percents=0.000228764, 0.0133288, 0.00588293, 0.0326858, 0.0824838, 1, 

Solution 5: N total=45 (N_initial=28, N_added=17), Time total=61 ms, Saved to: ./results/2^30_t2_l4_pareto_5.csv, percents=0.000228764, 0.0133288, 0.0326858, 0.110855, 1, 

Solution 6: N total=44 (N_initial=28, N_added=16), Time total=88 ms, Saved to: ./results/2^30_t2_l4_pareto_6.csv, percents=0.000228764, 0.0133288, 0.0133288, 0.110855, 1, 

