------------d=1, t=2, lambda=1, filename=./evaluation/2^30-t2_l1.csv------------
Grouping d-sets by partitioned row counts for detecting arrays...
Ready to look at pairs for detecting arrays...
First Stage N=12, Time=4
There are 6989 remaining non-locating pairs
--- Running GA Algorithm (phase2) ---
Running GA with std::execution::par
Generation #0
22,295,0.001, 0.0537338, 0.106666, 0.111303, 0.348809, 0.39629, 0.452333, 0.476821, 0.529451, 0.635177, 0.648952, 0.726148, 0.943837, 0.951523, 1, 

20,575,0.001, 0.0970704, 0.133815, 0.193307, 0.314824, 0.330009, 0.392028, 0.397921, 0.422169, 0.783244, 0.803073, 0.930679, 1, 

25,190,0.001, 0.0141455, 0.0218816, 0.0456565, 0.126535, 0.171676, 0.223503, 0.360442, 0.365705, 0.45636, 0.479251, 0.508095, 0.573131, 0.69156, 0.698453, 0.828251, 0.841254, 0.951562, 1, 

18,609,0.001, 0.114574, 0.207754, 0.488192, 0.608378, 0.656133, 0.80047, 0.927298, 0.950905, 0.999048, 1, 

21,405,0.001, 0.0498482, 0.216652, 0.249468, 0.280081, 0.356849, 0.456092, 0.578588, 0.814896, 0.815772, 0.872318, 0.886671, 0.887786, 1, 

Generation #1
18,124,0.001, 0.0141455, 0.0218816, 0.0456565, 0.419488, 0.422539, 0.551303, 0.673079, 0.81168, 0.95616, 0.981794, 1, 

28,86,0.001, 0.0110509, 0.0391854, 0.0928903, 0.129683, 0.306062, 0.341232, 0.378361, 0.404308, 0.419595, 0.487233, 0.499855, 0.560467, 0.596326, 0.623889, 0.668683, 0.687021, 0.786031, 0.860464, 0.966642, 1, 

19,89,0.001, 0.0141455, 0.0218816, 0.126535, 0.171676, 0.223503, 0.360442, 0.365705, 0.45636, 0.479251, 0.690827, 0.859433, 0.884137, 1, 

Generation #2
18,124,0.001, 0.0141455, 0.0218816, 0.0456565, 0.419488, 0.422539, 0.551303, 0.673079, 0.81168, 0.95616, 0.981794, 1, 

28,86,0.001, 0.0110509, 0.0391854, 0.0928903, 0.129683, 0.306062, 0.341232, 0.378361, 0.404308, 0.419595, 0.487233, 0.499855, 0.560467, 0.596326, 0.623889, 0.668683, 0.687021, 0.786031, 0.860464, 0.966642, 1, 

19,89,0.001, 0.0141455, 0.0218816, 0.126535, 0.171676, 0.223503, 0.360442, 0.365705, 0.45636, 0.479251, 0.690827, 0.859433, 0.884137, 1, 

16,163,0.001, 0.0141455, 0.0218816, 0.216134, 0.240205, 0.316409, 0.38425, 0.397094, 0.25003, 0.446672, 1, 

Generation #3
16,163,0.001, 0.0141455, 0.0218816, 0.216134, 0.240205, 0.316409, 0.38425, 0.397094, 0.25003, 0.446672, 1, 

17,79,0.001, 0.0141455, 0.0218816, 0.0456565, 0.126535, 0.171676, 0.223503, 0.360442, 0.365705, 0.45636, 1, 

Generation #4
16,163,0.001, 0.0141455, 0.0218816, 0.216134, 0.240205, 0.316409, 0.38425, 0.397094, 0.25003, 0.446672, 1, 

17,79,0.001, 0.0141455, 0.0218816, 0.0456565, 0.126535, 0.171676, 0.223503, 0.360442, 0.365705, 0.45636, 1, 

Generation #5
17,79,0.001, 0.0141455, 0.0218816, 0.0456565, 0.126535, 0.171676, 0.223503, 0.360442, 0.365705, 0.45636, 1, 

15,122,0.001, 0.0141455, 0.0218816, 0.0456565, 0.419488, 0.432018, 0.467519, 0.845754, 0.979017, 1, 

20,74,0.001, 0.0110509, 0.0391854, 0.0928903, 0.129683, 0.306062, 0.341232, 0.378361, 0.0485178, 0.404308, 0.803333, 0.833078, 0.955158, 1, 

Generation #6
17,79,0.001, 0.0141455, 0.0218816, 0.0456565, 0.126535, 0.171676, 0.223503, 0.360442, 0.365705, 0.45636, 1, 

15,122,0.001, 0.0141455, 0.0218816, 0.0456565, 0.419488, 0.432018, 0.467519, 0.845754, 0.979017, 1, 

20,74,0.001, 0.0110509, 0.0391854, 0.0928903, 0.129683, 0.306062, 0.341232, 0.378361, 0.0485178, 0.404308, 0.803333, 0.833078, 0.955158, 1, 

16,90,0.001, 0.0110509, 0.0391854, 0.0928903, 0.129683, 0.306062, 0.341232, 0.378361, 0.0485178, 0.404308, 1, 

Generation #7
17,79,0.001, 0.0141455, 0.0218816, 0.0456565, 0.126535, 0.171676, 0.223503, 0.360442, 0.365705, 0.45636, 1, 

15,122,0.001, 0.0141455, 0.0218816, 0.0456565, 0.419488, 0.432018, 0.467519, 0.845754, 0.979017, 1, 

20,74,0.001, 0.0110509, 0.0391854, 0.0928903, 0.129683, 0.306062, 0.341232, 0.378361, 0.0485178, 0.404308, 0.803333, 0.833078, 0.955158, 1, 

16,90,0.001, 0.0110509, 0.0391854, 0.0928903, 0.129683, 0.306062, 0.341232, 0.378361, 0.0485178, 0.404308, 1, 

28,67,0.001, 0.00563984, 0.0472926, 0.0698625, 0.178554, 0.0751163, 0.198198, 0.226628, 0.274555, 0.301448, 0.330416, 0.408317, 0.413537, 0.600954, 0.665264, 0.673547, 0.693171, 0.748014, 0.773028, 0.803385, 0.892334, 0.903401, 1, 

Generation #8
15,70,0.001, 0.0141455, 0.0218816, 0.0456565, 0.129683, 0.316409, 0.38425, 0.397094, 0.25003, 1, 

18,62,0.001, 0.0141455, 0.0218816, 0.0456565, 0.126535, 0.171676, 0.341232, 0.378361, 0.797689, 0.831146, 0.990146, 1, 

Generation #9
15,70,0.001, 0.0141455, 0.0218816, 0.0456565, 0.129683, 0.316409, 0.38425, 0.397094, 0.25003, 1, 

18,62,0.001, 0.0141455, 0.0218816, 0.0456565, 0.126535, 0.171676, 0.341232, 0.378361, 0.797689, 0.831146, 0.990146, 1, 

14,151,0.001, 0.0141455, 0.0218816, 0.0456565, 0.419488, 0.422539, 0.551303, 1, 

Generation #10
15,70,0.001, 0.0141455, 0.0218816, 0.0456565, 0.129683, 0.316409, 0.38425, 0.397094, 0.25003, 1, 

18,62,0.001, 0.0141455, 0.0218816, 0.0456565, 0.126535, 0.171676, 0.341232, 0.378361, 0.797689, 0.831146, 0.990146, 1, 

14,80,0.001, 0.0141455, 0.0218816, 0.0456565, 0.126535, 0.306062, 0.710549, 1, 

19,61,0.001, 0.0141455, 0.0218816, 0.0456565, 0.129683, 0.306062, 0.341232, 0.378361, 0.0485178, 0.404308, 0.803333, 0.833078, 0.955158, 1, 

16,69,0.001, 0.0141455, 0.0218816, 0.0456565, 0.129683, 0.285957, 0.38425, 0.25003, 1, 

Generation #11
15,70,0.001, 0.0141455, 0.0218816, 0.0456565, 0.129683, 0.316409, 0.38425, 0.397094, 0.25003, 1, 

18,62,0.001, 0.0141455, 0.0218816, 0.0456565, 0.126535, 0.171676, 0.341232, 0.378361, 0.797689, 0.831146, 0.990146, 1, 

19,61,0.001, 0.0141455, 0.0218816, 0.0456565, 0.129683, 0.306062, 0.341232, 0.378361, 0.0485178, 0.404308, 0.803333, 0.833078, 0.955158, 1, 

16,69,0.001, 0.0141455, 0.0218816, 0.0456565, 0.129683, 0.285957, 0.38425, 0.25003, 1, 

13,77,0.001, 0.0141455, 0.0218816, 0.0456565, 0.126535, 0.306062, 0.710549, 1, 

20,56,0.001, 0.0110509, 0.0391854, 0.0456565, 0.126535, 0.173924, 0.363872, 0.670065, 0.838183, 0.882861, 0.980407, 0.985471, 1, 

Generation #12
15,70,0.001, 0.0141455, 0.0218816, 0.0456565, 0.129683, 0.316409, 0.38425, 0.397094, 0.25003, 1, 

18,62,0.001, 0.0141455, 0.0218816, 0.0456565, 0.126535, 0.171676, 0.341232, 0.378361, 0.797689, 0.831146, 0.990146, 1, 

19,61,0.001, 0.0141455, 0.0218816, 0.0456565, 0.129683, 0.306062, 0.341232, 0.378361, 0.0485178, 0.404308, 0.803333, 0.833078, 0.955158, 1, 

16,69,0.001, 0.0141455, 0.0218816, 0.0456565, 0.129683, 0.285957, 0.38425, 0.25003, 1, 

20,56,0.001, 0.0110509, 0.0391854, 0.0456565, 0.126535, 0.173924, 0.363872, 0.670065, 0.838183, 0.882861, 0.980407, 0.985471, 1, 

12,74,0.001, 0.00563984, 0.0218816, 0.0456565, 0.126535, 0.363872, 1, 

Generation #13
18,62,0.001, 0.0141455, 0.0218816, 0.0456565, 0.126535, 0.171676, 0.341232, 0.378361, 0.797689, 0.831146, 0.990146, 1, 

19,61,0.001, 0.0141455, 0.0218816, 0.0456565, 0.129683, 0.306062, 0.341232, 0.378361, 0.0485178, 0.404308, 0.803333, 0.833078, 0.955158, 1, 

20,56,0.001, 0.0110509, 0.0391854, 0.0456565, 0.126535, 0.173924, 0.363872, 0.670065, 0.838183, 0.882861, 0.980407, 0.985471, 1, 

12,74,0.001, 0.00563984, 0.0218816, 0.0456565, 0.126535, 0.363872, 1, 

14,63,0.001, 0.0141455, 0.0218816, 0.0456565, 0.126535, 0.306062, 0.710549, 1, 

13,72,0.001, 0.0141455, 0.0218816, 0.0456565, 0.126535, 0.363872, 1, 

Generation #14
12,74,0.001, 0.00563984, 0.0218816, 0.0456565, 0.126535, 0.363872, 1, 

14,63,0.001, 0.0141455, 0.0218816, 0.0456565, 0.126535, 0.306062, 0.710549, 1, 

13,72,0.001, 0.0141455, 0.0218816, 0.0456565, 0.126535, 0.363872, 1, 

19,56,0.001, 0.0110509, 0.0218816, 0.0456565, 0.126535, 0.171676, 0.341232, 0.378361, 0.797689, 0.831146, 0.694051, 0.990146, 1, 

17,60,0.001, 0.0141455, 0.0218816, 0.0456565, 0.126535, 0.171676, 0.223503, 0.360442, 0.25003, 0.446672, 0.78383, 1, 

Generation #15
12,74,0.001, 0.00563984, 0.0218816, 0.0456565, 0.126535, 0.363872, 1, 

14,63,0.001, 0.0141455, 0.0218816, 0.0456565, 0.126535, 0.306062, 0.710549, 1, 

13,72,0.001, 0.0141455, 0.0218816, 0.0456565, 0.126535, 0.363872, 1, 

19,56,0.001, 0.0110509, 0.0218816, 0.0456565, 0.126535, 0.171676, 0.341232, 0.378361, 0.797689, 0.831146, 0.694051, 0.990146, 1, 

17,60,0.001, 0.0141455, 0.0218816, 0.0456565, 0.126535, 0.171676, 0.223503, 0.360442, 0.25003, 0.446672, 0.78383, 1, 

Generation #16
12,74,0.001, 0.00563984, 0.0218816, 0.0456565, 0.126535, 0.363872, 1, 

14,63,0.001, 0.0141455, 0.0218816, 0.0456565, 0.126535, 0.306062, 0.710549, 1, 

13,72,0.001, 0.0141455, 0.0218816, 0.0456565, 0.126535, 0.363872, 1, 

19,56,0.001, 0.0110509, 0.0218816, 0.0456565, 0.126535, 0.171676, 0.341232, 0.378361, 0.797689, 0.831146, 0.694051, 0.990146, 1, 

17,60,0.001, 0.0141455, 0.0218816, 0.0456565, 0.126535, 0.171676, 0.223503, 0.360442, 0.25003, 0.446672, 0.78383, 1, 

Generation #17
12,74,0.001, 0.00563984, 0.0218816, 0.0456565, 0.126535, 0.363872, 1, 

14,63,0.001, 0.0141455, 0.0218816, 0.0456565, 0.126535, 0.306062, 0.710549, 1, 

19,56,0.001, 0.0110509, 0.0218816, 0.0456565, 0.126535, 0.171676, 0.341232, 0.378361, 0.797689, 0.831146, 0.694051, 0.990146, 1, 

16,57,0.001, 0.00563984, 0.0218816, 0.0456565, 0.126535, 0.171676, 0.341232, 0.378361, 0.797689, 1, 

13,70,0.001, 0.0141455, 0.0218816, 0.0456565, 0.126535, 0.173924, 0.363872, 1, 

Generation #18
12,74,0.001, 0.00563984, 0.0218816, 0.0456565, 0.126535, 0.363872, 1, 

14,63,0.001, 0.0141455, 0.0218816, 0.0456565, 0.126535, 0.306062, 0.710549, 1, 

19,56,0.001, 0.0110509, 0.0218816, 0.0456565, 0.126535, 0.171676, 0.341232, 0.378361, 0.797689, 0.831146, 0.694051, 0.990146, 1, 

16,57,0.001, 0.00563984, 0.0218816, 0.0456565, 0.126535, 0.171676, 0.341232, 0.378361, 0.797689, 1, 

13,66,0.001, 0.0141455, 0.0218816, 0.0456565, 0.126535, 0.363872, 1, 

Generation #19
12,74,0.001, 0.00563984, 0.0218816, 0.0456565, 0.126535, 0.363872, 1, 

19,56,0.001, 0.0110509, 0.0218816, 0.0456565, 0.126535, 0.171676, 0.341232, 0.378361, 0.797689, 0.831146, 0.694051, 0.990146, 1, 

16,57,0.001, 0.00563984, 0.0218816, 0.0456565, 0.126535, 0.171676, 0.341232, 0.378361, 0.797689, 1, 

13,66,0.001, 0.0141455, 0.0218816, 0.0456565, 0.126535, 0.363872, 1, 

14,61,0.001, 0.0141455, 0.0218816, 0.0456565, 0.126535, 0.171676, 0.38425, 1, 

15,58,0.001, 0.0110509, 0.0218816, 0.0456565, 0.126535, 0.253619, 0.306062, 0.710549, 1, 

Generation #20
16,57,0.001, 0.00563984, 0.0218816, 0.0456565, 0.126535, 0.171676, 0.341232, 0.378361, 0.797689, 1, 

13,66,0.001, 0.0141455, 0.0218816, 0.0456565, 0.126535, 0.363872, 1, 

14,61,0.001, 0.0141455, 0.0218816, 0.0456565, 0.126535, 0.171676, 0.38425, 1, 

15,58,0.001, 0.0110509, 0.0218816, 0.0456565, 0.126535, 0.253619, 0.306062, 0.710549, 1, 

17,54,0.001, 0.0110509, 0.0391854, 0.0456565, 0.126535, 0.173924, 0.363872, 0.670065, 0.882861, 0.980407, 0.985471, 1, 

12,73,0.001, 0.0110509, 0.0391854, 0.0456565, 0.126535, 0.363872, 1, 

Generation #21
13,66,0.001, 0.0141455, 0.0218816, 0.0456565, 0.126535, 0.363872, 1, 

14,61,0.001, 0.0141455, 0.0218816, 0.0456565, 0.126535, 0.171676, 0.38425, 1, 

17,54,0.001, 0.0110509, 0.0391854, 0.0456565, 0.126535, 0.173924, 0.363872, 0.670065, 0.882861, 0.980407, 0.985471, 1, 

12,73,0.001, 0.0110509, 0.0391854, 0.0456565, 0.126535, 0.363872, 1, 

18,53,0.001, 0.00563984, 0.0218816, 0.0456565, 0.126535, 0.171676, 0.223503, 0.360442, 0.25003, 0.446672, 0.78383, 1, 

15,57,0.001, 0.00563984, 0.0218816, 0.0456565, 0.126535, 0.171676, 0.223503, 0.360442, 1, 

Generation #22
14,61,0.001, 0.0141455, 0.0218816, 0.0456565, 0.126535, 0.171676, 0.38425, 1, 

17,54,0.001, 0.0110509, 0.0391854, 0.0456565, 0.126535, 0.173924, 0.363872, 0.670065, 0.882861, 0.980407, 0.985471, 1, 

18,53,0.001, 0.00563984, 0.0218816, 0.0456565, 0.126535, 0.171676, 0.223503, 0.360442, 0.25003, 0.446672, 0.78383, 1, 

15,57,0.001, 0.00563984, 0.0218816, 0.0456565, 0.126535, 0.171676, 0.223503, 0.360442, 1, 

12,62,0.001, 0.0141455, 0.0218816, 0.0456565, 0.126535, 0.363872, 1, 

Generation #23
14,61,0.001, 0.0141455, 0.0218816, 0.0456565, 0.126535, 0.171676, 0.38425, 1, 

17,54,0.001, 0.0110509, 0.0391854, 0.0456565, 0.126535, 0.173924, 0.363872, 0.670065, 0.882861, 0.980407, 0.985471, 1, 

18,53,0.001, 0.00563984, 0.0218816, 0.0456565, 0.126535, 0.171676, 0.223503, 0.360442, 0.25003, 0.446672, 0.78383, 1, 

15,57,0.001, 0.00563984, 0.0218816, 0.0456565, 0.126535, 0.171676, 0.223503, 0.360442, 1, 

12,62,0.001, 0.0141455, 0.0218816, 0.0456565, 0.126535, 0.363872, 1, 

Generation #24
14,61,0.001, 0.0141455, 0.0218816, 0.0456565, 0.126535, 0.171676, 0.38425, 1, 

17,54,0.001, 0.0110509, 0.0391854, 0.0456565, 0.126535, 0.173924, 0.363872, 0.670065, 0.882861, 0.980407, 0.985471, 1, 

18,53,0.001, 0.00563984, 0.0218816, 0.0456565, 0.126535, 0.171676, 0.223503, 0.360442, 0.25003, 0.446672, 0.78383, 1, 

15,57,0.001, 0.00563984, 0.0218816, 0.0456565, 0.126535, 0.171676, 0.223503, 0.360442, 1, 

12,62,0.001, 0.0141455, 0.0218816, 0.0456565, 0.126535, 0.363872, 1, 

11,191,0.001, 0.00563984, 0.0456565, 0.126535, 1, 

Generation #25
14,61,0.001, 0.0141455, 0.0218816, 0.0456565, 0.126535, 0.171676, 0.38425, 1, 

17,54,0.001, 0.0110509, 0.0391854, 0.0456565, 0.126535, 0.173924, 0.363872, 0.670065, 0.882861, 0.980407, 0.985471, 1, 

18,53,0.001, 0.00563984, 0.0218816, 0.0456565, 0.126535, 0.171676, 0.223503, 0.360442, 0.25003, 0.446672, 0.78383, 1, 

15,57,0.001, 0.00563984, 0.0218816, 0.0456565, 0.126535, 0.171676, 0.223503, 0.360442, 1, 

12,62,0.001, 0.0141455, 0.0218816, 0.0456565, 0.126535, 0.363872, 1, 

11,191,0.001, 0.00563984, 0.0456565, 0.126535, 1, 

Generation #26
12,62,0.001, 0.0141455, 0.0218816, 0.0456565, 0.126535, 0.363872, 1, 

11,191,0.001, 0.00563984, 0.0456565, 0.126535, 1, 

13,61,0.001, 0.0110509, 0.0218816, 0.0456565, 0.126535, 0.173924, 0.363872, 1, 

15,44,0.001, 0.00563984, 0.0218816, 0.0456565, 0.126535, 0.253619, 0.306062, 0.710549, 1, 

Generation #27
12,62,0.001, 0.0141455, 0.0218816, 0.0456565, 0.126535, 0.363872, 1, 

11,191,0.001, 0.00563984, 0.0456565, 0.126535, 1, 

13,61,0.001, 0.0110509, 0.0218816, 0.0456565, 0.126535, 0.173924, 0.363872, 1, 

15,44,0.001, 0.00563984, 0.0218816, 0.0456565, 0.126535, 0.253619, 0.306062, 0.710549, 1, 

Generation #28
12,62,0.001, 0.0141455, 0.0218816, 0.0456565, 0.126535, 0.363872, 1, 

11,191,0.001, 0.00563984, 0.0456565, 0.126535, 1, 

13,61,0.001, 0.0110509, 0.0218816, 0.0456565, 0.126535, 0.173924, 0.363872, 1, 

15,44,0.001, 0.00563984, 0.0218816, 0.0456565, 0.126535, 0.253619, 0.306062, 0.710549, 1, 

Generation #29
12,62,0.001, 0.0141455, 0.0218816, 0.0456565, 0.126535, 0.363872, 1, 

11,191,0.001, 0.00563984, 0.0456565, 0.126535, 1, 

13,61,0.001, 0.0110509, 0.0218816, 0.0456565, 0.126535, 0.173924, 0.363872, 1, 

15,44,0.001, 0.00563984, 0.0218816, 0.0456565, 0.126535, 0.253619, 0.306062, 0.710549, 1, 

Generation #30
12,62,0.001, 0.0141455, 0.0218816, 0.0456565, 0.126535, 0.363872, 1, 

11,191,0.001, 0.00563984, 0.0456565, 0.126535, 1, 

15,44,0.001, 0.00563984, 0.0218816, 0.0456565, 0.126535, 0.253619, 0.306062, 0.710549, 1, 

13,59,0.001, 0.00563984, 0.0218816, 0.0456565, 0.126535, 0.173924, 1, 

Generation #31
12,62,0.001, 0.0141455, 0.0218816, 0.0456565, 0.126535, 0.363872, 1, 

11,191,0.001, 0.00563984, 0.0456565, 0.126535, 1, 

13,42,0.001, 0.00563984, 0.0218816, 0.0456565, 0.126535, 0.173924, 0.363872, 1, 

Generation #32
12,62,0.001, 0.0141455, 0.0218816, 0.0456565, 0.126535, 0.363872, 1, 

11,191,0.001, 0.00563984, 0.0456565, 0.126535, 1, 

13,42,0.001, 0.00563984, 0.0218816, 0.0456565, 0.126535, 0.173924, 0.363872, 1, 

Generation #33
12,62,0.001, 0.0141455, 0.0218816, 0.0456565, 0.126535, 0.363872, 1, 

11,191,0.001, 0.00563984, 0.0456565, 0.126535, 1, 

13,42,0.001, 0.00563984, 0.0218816, 0.0456565, 0.126535, 0.173924, 0.363872, 1, 

Generation #34
12,62,0.001, 0.0141455, 0.0218816, 0.0456565, 0.126535, 0.363872, 1, 

11,191,0.001, 0.00563984, 0.0456565, 0.126535, 1, 

13,42,0.001, 0.00563984, 0.0218816, 0.0456565, 0.126535, 0.173924, 0.363872, 1, 

Generation #35
12,62,0.001, 0.0141455, 0.0218816, 0.0456565, 0.126535, 0.363872, 1, 

11,191,0.001, 0.00563984, 0.0456565, 0.126535, 1, 

13,40,0.001, 0.00563984, 0.0218816, 0.0456565, 0.126535, 0.173924, 0.363872, 1, 

Generation #36
12,62,0.001, 0.0141455, 0.0218816, 0.0456565, 0.126535, 0.363872, 1, 

11,191,0.001, 0.00563984, 0.0456565, 0.126535, 1, 

13,40,0.001, 0.00563984, 0.0218816, 0.0456565, 0.126535, 0.173924, 0.363872, 1, 

Generation #37
12,62,0.001, 0.0141455, 0.0218816, 0.0456565, 0.126535, 0.363872, 1, 

11,191,0.001, 0.00563984, 0.0456565, 0.126535, 1, 

13,40,0.001, 0.00563984, 0.0218816, 0.0456565, 0.126535, 0.173924, 0.363872, 1, 

Generation #38
12,62,0.001, 0.0141455, 0.0218816, 0.0456565, 0.126535, 0.363872, 1, 

11,191,0.001, 0.00563984, 0.0456565, 0.126535, 1, 

13,40,0.001, 0.00563984, 0.0218816, 0.0456565, 0.126535, 0.173924, 0.363872, 1, 

Generation #39
12,62,0.001, 0.0141455, 0.0218816, 0.0456565, 0.126535, 0.363872, 1, 

11,191,0.001, 0.00563984, 0.0456565, 0.126535, 1, 

13,40,0.001, 0.00563984, 0.0218816, 0.0456565, 0.126535, 0.173924, 0.363872, 1, 

Generation #40
12,62,0.001, 0.0141455, 0.0218816, 0.0456565, 0.126535, 0.363872, 1, 

11,191,0.001, 0.00563984, 0.0456565, 0.126535, 1, 

13,40,0.001, 0.00563984, 0.0218816, 0.0456565, 0.126535, 0.173924, 0.363872, 1, 

19,32,0.001, 0.00563984, 0.0218816, 0.0456565, 0.126535, 0.173924, 0.363872, 0.670065, 0.838183, 0.882861, 0.980407, 0.985471, 1, 

Generation #41
11,191,0.001, 0.00563984, 0.0456565, 0.126535, 1, 

13,40,0.001, 0.00563984, 0.0218816, 0.0456565, 0.126535, 0.173924, 0.363872, 1, 

19,32,0.001, 0.00563984, 0.0218816, 0.0456565, 0.126535, 0.173924, 0.363872, 0.670065, 0.838183, 0.882861, 0.980407, 0.985471, 1, 

12,43,0.001, 0.0110509, 0.0218816, 0.0456565, 0.126535, 0.363872, 1, 

Generation #42
11,191,0.001, 0.00563984, 0.0456565, 0.126535, 1, 

13,40,0.001, 0.00563984, 0.0218816, 0.0456565, 0.126535, 0.173924, 0.363872, 1, 

19,32,0.001, 0.00563984, 0.0218816, 0.0456565, 0.126535, 0.173924, 0.363872, 0.670065, 0.838183, 0.882861, 0.980407, 0.985471, 1, 

12,43,0.001, 0.0110509, 0.0218816, 0.0456565, 0.126535, 0.363872, 1, 

Generation #43
13,40,0.001, 0.00563984, 0.0218816, 0.0456565, 0.126535, 0.173924, 0.363872, 1, 

19,32,0.001, 0.00563984, 0.0218816, 0.0456565, 0.126535, 0.173924, 0.363872, 0.670065, 0.838183, 0.882861, 0.980407, 0.985471, 1, 

12,43,0.001, 0.0110509, 0.0218816, 0.0456565, 0.126535, 0.363872, 1, 

11,179,0.001, 0.00563984, 0.0456565, 0.126535, 1, 

Generation #44
13,40,0.001, 0.00563984, 0.0218816, 0.0456565, 0.126535, 0.173924, 0.363872, 1, 

19,32,0.001, 0.00563984, 0.0218816, 0.0456565, 0.126535, 0.173924, 0.363872, 0.670065, 0.838183, 0.882861, 0.980407, 0.985471, 1, 

12,43,0.001, 0.0110509, 0.0218816, 0.0456565, 0.126535, 0.363872, 1, 

11,179,0.001, 0.00563984, 0.0456565, 0.126535, 1, 

Generation #45
13,40,0.001, 0.00563984, 0.0218816, 0.0456565, 0.126535, 0.173924, 0.363872, 1, 

19,32,0.001, 0.00563984, 0.0218816, 0.0456565, 0.126535, 0.173924, 0.363872, 0.670065, 0.838183, 0.882861, 0.980407, 0.985471, 1, 

12,43,0.001, 0.0110509, 0.0218816, 0.0456565, 0.126535, 0.363872, 1, 

11,179,0.001, 0.00563984, 0.0456565, 0.126535, 1, 

Generation #46
13,40,0.001, 0.00563984, 0.0218816, 0.0456565, 0.126535, 0.173924, 0.363872, 1, 

19,32,0.001, 0.00563984, 0.0218816, 0.0456565, 0.126535, 0.173924, 0.363872, 0.670065, 0.838183, 0.882861, 0.980407, 0.985471, 1, 

12,43,0.001, 0.0110509, 0.0218816, 0.0456565, 0.126535, 0.363872, 1, 

11,179,0.001, 0.00563984, 0.0456565, 0.126535, 1, 

Generation #47
19,32,0.001, 0.00563984, 0.0218816, 0.0456565, 0.126535, 0.173924, 0.363872, 0.670065, 0.838183, 0.882861, 0.980407, 0.985471, 1, 

12,43,0.001, 0.0110509, 0.0218816, 0.0456565, 0.126535, 0.363872, 1, 

11,179,0.001, 0.00563984, 0.0456565, 0.126535, 1, 

13,38,0.001, 0.00563984, 0.0218816, 0.0456565, 0.126535, 0.173924, 0.363872, 1, 

Generation #48
19,32,0.001, 0.00563984, 0.0218816, 0.0456565, 0.126535, 0.173924, 0.363872, 0.670065, 0.838183, 0.882861, 0.980407, 0.985471, 1, 

12,43,0.001, 0.0110509, 0.0218816, 0.0456565, 0.126535, 0.363872, 1, 

11,179,0.001, 0.00563984, 0.0456565, 0.126535, 1, 

13,38,0.001, 0.00563984, 0.0218816, 0.0456565, 0.126535, 0.173924, 0.363872, 1, 

Generation #49
19,32,0.001, 0.00563984, 0.0218816, 0.0456565, 0.126535, 0.173924, 0.363872, 0.670065, 0.838183, 0.882861, 0.980407, 0.985471, 1, 

12,43,0.001, 0.0110509, 0.0218816, 0.0456565, 0.126535, 0.363872, 1, 

11,179,0.001, 0.00563984, 0.0456565, 0.126535, 1, 

13,38,0.001, 0.00563984, 0.0218816, 0.0456565, 0.126535, 0.173924, 0.363872, 1, 

--- Pareto Front Solutions ---
Solution 0: N total=31 (N_initial=12, N_added=19), Time total=36 ms, Saved to: ./results/2^30_t2_l1_pareto_0.csv, percents=0.001, 0.00563984, 0.0218816, 0.0456565, 0.126535, 0.173924, 0.363872, 0.670065, 0.838183, 0.882861, 0.980407, 0.985471, 1, 

Solution 1: N total=24 (N_initial=12, N_added=12), Time total=47 ms, Saved to: ./results/2^30_t2_l1_pareto_1.csv, percents=0.001, 0.0110509, 0.0218816, 0.0456565, 0.126535, 0.363872, 1, 

Solution 2: N total=23 (N_initial=12, N_added=11), Time total=183 ms, Saved to: ./results/2^30_t2_l1_pareto_2.csv, percents=0.001, 0.00563984, 0.0456565, 0.126535, 1, 

Solution 3: N total=25 (N_initial=12, N_added=13), Time total=42 ms, Saved to: ./results/2^30_t2_l1_pareto_3.csv, percents=0.001, 0.00563984, 0.0218816, 0.0456565, 0.126535, 0.173924, 0.363872, 1, 

------------d=1, t=2, lambda=2, filename=./evaluation/2^30-t2_l2.csv------------
Grouping d-sets by partitioned row counts for detecting arrays...
Ready to look at pairs for detecting arrays...
First Stage N=18, Time=4
There are 10537 remaining non-locating pairs
--- Running GA Algorithm (phase2) ---
Running GA with std::execution::par
Generation #0
33,174,0.001, 0.0211044, 0.0482588, 0.0563469, 0.11658, 0.143987, 0.146394, 0.153532, 0.185484, 0.208167, 0.245996, 0.334011, 0.357707, 0.369939, 0.424739, 0.446972, 0.472409, 0.474614, 0.575085, 0.614071, 0.639739, 0.809015, 0.812255, 0.823672, 0.904871, 1, 

19,364,0.001, 0.034807, 0.125025, 0.252838, 0.364983, 0.366223, 0.398541, 0.421439, 0.52703, 0.740648, 0.953265, 1, 

28,245,0.001, 0.00401933, 0.0467194, 0.0785088, 0.0940098, 0.266113, 0.269762, 0.278773, 0.341413, 0.465394, 0.567714, 0.656014, 0.741141, 0.768123, 0.865402, 0.881134, 0.927583, 0.95274, 0.973251, 1, 

23,257,0.001, 0.0226138, 0.0279618, 0.147665, 0.171146, 0.31942, 0.483469, 0.540514, 0.545333, 0.599706, 0.60451, 0.665704, 0.733405, 0.977093, 1, 

22,311,0.001, 0.0371495, 0.0653329, 0.114824, 0.127339, 0.128596, 0.257018, 0.294317, 0.407114, 0.481139, 0.491638, 0.732937, 0.764395, 1, 

Generation #1
21,130,0.001, 0.0234594, 0.0264211, 0.0674305, 0.115762, 0.386047, 0.57964, 0.616797, 0.712422, 0.838557, 0.880742, 0.962387, 0.974155, 0.992666, 1, 

33,110,0.001, 0.00401933, 0.0467194, 0.0785088, 0.0940098, 0.266113, 0.269762, 0.278773, 0.341413, 0.316832, 0.363905, 0.411909, 0.419861, 0.468292, 0.478033, 0.541524, 0.542402, 0.580201, 0.625345, 0.636624, 0.689639, 0.714138, 0.795529, 0.803541, 0.960715, 1, 

19,157,0.001, 0.0283035, 0.0603867, 0.0655528, 0.0706982, 0.11569, 0.179872, 0.21899, 0.265108, 0.373436, 0.937611, 1, 

Generation #2
21,130,0.001, 0.0234594, 0.0264211, 0.0674305, 0.115762, 0.386047, 0.57964, 0.616797, 0.712422, 0.838557, 0.880742, 0.962387, 0.974155, 0.992666, 1, 

33,110,0.001, 0.00401933, 0.0467194, 0.0785088, 0.0940098, 0.266113, 0.269762, 0.278773, 0.341413, 0.316832, 0.363905, 0.411909, 0.419861, 0.468292, 0.478033, 0.541524, 0.542402, 0.580201, 0.625345, 0.636624, 0.689639, 0.714138, 0.795529, 0.803541, 0.960715, 1, 

19,157,0.001, 0.0283035, 0.0603867, 0.0655528, 0.0706982, 0.11569, 0.179872, 0.21899, 0.265108, 0.373436, 0.937611, 1, 

18,264,0.001, 0.034807, 0.106553, 0.152287, 0.235562, 0.530323, 0.631375, 0.812959, 0.856969, 1, 

Generation #3
33,110,0.001, 0.00401933, 0.0467194, 0.0785088, 0.0940098, 0.266113, 0.269762, 0.278773, 0.341413, 0.316832, 0.363905, 0.411909, 0.419861, 0.468292, 0.478033, 0.541524, 0.542402, 0.580201, 0.625345, 0.636624, 0.689639, 0.714138, 0.795529, 0.803541, 0.960715, 1, 

19,115,0.001, 0.0211044, 0.0482588, 0.0563469, 0.11658, 0.143987, 0.146394, 0.631375, 0.812959, 0.856969, 1, 

21,114,0.001, 0.00401933, 0.0467194, 0.0785088, 0.0940098, 0.266113, 0.269762, 0.278773, 0.341413, 0.465394, 0.567714, 0.83889, 0.974155, 0.992666, 1, 

17,156,0.001, 0.0224415, 0.0231829, 0.0588806, 0.12795, 0.530323, 0.631375, 0.856969, 1, 

30,111,0.001, 0.0211044, 0.0482588, 0.0563469, 0.11658, 0.143987, 0.146394, 0.153532, 0.185484, 0.208167, 0.245996, 0.334011, 0.357707, 0.369939, 0.751135, 0.755957, 0.810769, 0.827117, 0.83575, 0.867149, 0.885359, 0.979561, 1, 

Generation #4
33,110,0.001, 0.00401933, 0.0467194, 0.0785088, 0.0940098, 0.266113, 0.269762, 0.278773, 0.341413, 0.316832, 0.363905, 0.411909, 0.419861, 0.468292, 0.478033, 0.541524, 0.542402, 0.580201, 0.625345, 0.636624, 0.689639, 0.714138, 0.795529, 0.803541, 0.960715, 1, 

19,115,0.001, 0.0211044, 0.0482588, 0.0563469, 0.11658, 0.143987, 0.146394, 0.631375, 0.812959, 0.856969, 1, 

17,156,0.001, 0.0224415, 0.0231829, 0.0588806, 0.12795, 0.530323, 0.631375, 0.856969, 1, 

30,111,0.001, 0.0211044, 0.0482588, 0.0563469, 0.11658, 0.143987, 0.146394, 0.153532, 0.185484, 0.208167, 0.245996, 0.334011, 0.357707, 0.369939, 0.751135, 0.755957, 0.810769, 0.827117, 0.83575, 0.867149, 0.885359, 0.979561, 1, 

18,122,0.001, 0.0224415, 0.0231829, 0.0588806, 0.12795, 0.530323, 0.631375, 0.856969, 1, 

21,112,0.001, 0.0224415, 0.0231829, 0.0588806, 0.12795, 0.335682, 0.366837, 0.383179, 0.395607, 0.423342, 0.483714, 0.962387, 0.806461, 1, 

Generation #5
19,115,0.001, 0.0211044, 0.0482588, 0.0563469, 0.11658, 0.143987, 0.146394, 0.631375, 0.812959, 0.856969, 1, 

20,103,0.001, 0.0224415, 0.0231829, 0.0588806, 0.12795, 0.219666, 0.341742, 0.36802, 0.376609, 0.833374, 0.91473, 1, 

17,119,0.001, 0.00401933, 0.0467194, 0.0785088, 0.0940098, 0.266113, 0.269762, 0.812959, 0.856969, 1, 

Generation #6
19,115,0.001, 0.0211044, 0.0482588, 0.0563469, 0.11658, 0.143987, 0.146394, 0.631375, 0.812959, 0.856969, 1, 

20,103,0.001, 0.0224415, 0.0231829, 0.0588806, 0.12795, 0.219666, 0.341742, 0.36802, 0.376609, 0.833374, 0.91473, 1, 

17,119,0.001, 0.00401933, 0.0467194, 0.0785088, 0.0940098, 0.266113, 0.269762, 0.812959, 0.856969, 1, 

Generation #7
19,115,0.001, 0.0211044, 0.0482588, 0.0563469, 0.11658, 0.143987, 0.146394, 0.631375, 0.812959, 0.856969, 1, 

20,103,0.001, 0.0224415, 0.0231829, 0.0588806, 0.12795, 0.219666, 0.341742, 0.36802, 0.376609, 0.833374, 0.91473, 1, 

17,119,0.001, 0.00401933, 0.0467194, 0.0785088, 0.0940098, 0.266113, 0.269762, 0.812959, 0.856969, 1, 

16,139,0.001, 0.00401933, 0.0467194, 0.0785088, 0.0940098, 0.266113, 0.269762, 0.812959, 1, 

Generation #8
19,115,0.001, 0.0211044, 0.0482588, 0.0563469, 0.11658, 0.143987, 0.146394, 0.631375, 0.812959, 0.856969, 1, 

17,119,0.001, 0.00401933, 0.0467194, 0.0785088, 0.0940098, 0.266113, 0.269762, 0.812959, 0.856969, 1, 

16,139,0.001, 0.00401933, 0.0467194, 0.0785088, 0.0940098, 0.266113, 0.269762, 0.812959, 1, 

15,153,0.001, 0.0234594, 0.0264211, 0.0674305, 0.115762, 0.11569, 0.179872, 0.417021, 1, 

20,99,0.001, 0.00401933, 0.0264211, 0.0785088, 0.0940098, 0.266113, 0.269762, 0.278773, 0.341413, 0.316832, 0.363905, 0.411909, 1, 

Generation #9
19,115,0.001, 0.0211044, 0.0482588, 0.0563469, 0.11658, 0.143987, 0.146394, 0.631375, 0.812959, 0.856969, 1, 

15,153,0.001, 0.0234594, 0.0264211, 0.0674305, 0.115762, 0.11569, 0.179872, 0.417021, 1, 

20,99,0.001, 0.00401933, 0.0264211, 0.0785088, 0.0940098, 0.266113, 0.269762, 0.278773, 0.341413, 0.316832, 0.363905, 0.411909, 1, 

16,119,0.001, 0.0211044, 0.0482588, 0.0563469, 0.11658, 0.143987, 0.146394, 0.812959, 0.856969, 1, 

Generation #10
19,115,0.001, 0.0211044, 0.0482588, 0.0563469, 0.11658, 0.143987, 0.146394, 0.631375, 0.812959, 0.856969, 1, 

15,153,0.001, 0.0234594, 0.0264211, 0.0674305, 0.115762, 0.11569, 0.179872, 0.417021, 1, 

20,99,0.001, 0.00401933, 0.0264211, 0.0785088, 0.0940098, 0.266113, 0.269762, 0.278773, 0.341413, 0.316832, 0.363905, 0.411909, 1, 

16,119,0.001, 0.0211044, 0.0482588, 0.0563469, 0.11658, 0.143987, 0.146394, 0.812959, 0.856969, 1, 

17,118,0.001, 0.00401933, 0.0467194, 0.0785088, 0.0940098, 0.266113, 0.269762, 0.278773, 0.856969, 1, 

Generation #11
15,86,0.001, 0.00401933, 0.0264211, 0.0674305, 0.115762, 0.11569, 0.179872, 0.417021, 1, 

Generation #12
15,86,0.001, 0.00401933, 0.0264211, 0.0674305, 0.115762, 0.11569, 0.179872, 0.417021, 1, 

Generation #13
15,86,0.001, 0.00401933, 0.0264211, 0.0674305, 0.115762, 0.11569, 0.179872, 0.417021, 1, 

Generation #14
15,86,0.001, 0.00401933, 0.0264211, 0.0674305, 0.115762, 0.11569, 0.179872, 0.417021, 1, 

Generation #15
15,86,0.001, 0.00401933, 0.0264211, 0.0674305, 0.115762, 0.11569, 0.179872, 0.417021, 1, 

Generation #16
15,86,0.001, 0.00401933, 0.0264211, 0.0674305, 0.115762, 0.11569, 0.179872, 0.417021, 1, 

14,140,0.001, 0.00401933, 0.0467194, 0.0588806, 0.12795, 0.335682, 1, 

Generation #17
15,86,0.001, 0.00401933, 0.0264211, 0.0674305, 0.115762, 0.11569, 0.179872, 0.417021, 1, 

14,124,0.001, 0.0224415, 0.0231829, 0.0588806, 0.12795, 0.146394, 1, 

Generation #18
15,86,0.001, 0.00401933, 0.0264211, 0.0674305, 0.115762, 0.11569, 0.179872, 0.417021, 1, 

14,104,0.001, 0.00401933, 0.0467194, 0.0785088, 0.0940098, 0.11569, 0.146394, 1, 

16,83,0.001, 0.00401933, 0.0264211, 0.0674305, 0.115762, 0.11569, 0.179872, 0.812959, 0.856969, 1, 

Generation #19
14,104,0.001, 0.00401933, 0.0467194, 0.0785088, 0.0940098, 0.11569, 0.146394, 1, 

16,83,0.001, 0.00401933, 0.0264211, 0.0674305, 0.115762, 0.11569, 0.179872, 0.812959, 0.856969, 1, 

15,85,0.001, 0.00401933, 0.0231829, 0.0588806, 0.12795, 0.146394, 1, 

Generation #20
14,104,0.001, 0.00401933, 0.0467194, 0.0785088, 0.0940098, 0.11569, 0.146394, 1, 

16,83,0.001, 0.00401933, 0.0264211, 0.0674305, 0.115762, 0.11569, 0.179872, 0.812959, 0.856969, 1, 

15,85,0.001, 0.00401933, 0.0231829, 0.0588806, 0.12795, 0.146394, 1, 

Generation #21
14,104,0.001, 0.00401933, 0.0467194, 0.0785088, 0.0940098, 0.11569, 0.146394, 1, 

16,83,0.001, 0.00401933, 0.0264211, 0.0674305, 0.115762, 0.11569, 0.179872, 0.812959, 0.856969, 1, 

15,85,0.001, 0.00401933, 0.0231829, 0.0588806, 0.12795, 0.146394, 1, 

Generation #22
13,67,0.001, 0.00401933, 0.0264211, 0.0588806, 0.12795, 0.335682, 1, 

Generation #23
13,67,0.001, 0.00401933, 0.0264211, 0.0588806, 0.12795, 0.335682, 1, 

Generation #24
13,67,0.001, 0.00401933, 0.0264211, 0.0588806, 0.12795, 0.335682, 1, 

Generation #25
13,67,0.001, 0.00401933, 0.0264211, 0.0588806, 0.12795, 0.335682, 1, 

18,59,0.001, 0.00401933, 0.00949786, 0.0140852, 0.0785088, 0.115762, 0.11569, 0.269762, 0.812959, 0.856969, 1, 

Generation #26
13,67,0.001, 0.00401933, 0.0264211, 0.0588806, 0.12795, 0.335682, 1, 

15,64,0.001, 0.00401933, 0.00949786, 0.0140852, 0.0785088, 0.115762, 0.11569, 0.269762, 1, 

17,54,0.001, 0.00401933, 0.00949786, 0.0140852, 0.0785088, 0.115762, 0.11569, 0.269762, 0.812959, 0.856969, 1, 

Generation #27
13,67,0.001, 0.00401933, 0.0264211, 0.0588806, 0.12795, 0.335682, 1, 

15,64,0.001, 0.00401933, 0.00949786, 0.0140852, 0.0785088, 0.115762, 0.11569, 0.269762, 1, 

17,54,0.001, 0.00401933, 0.00949786, 0.0140852, 0.0785088, 0.115762, 0.11569, 0.269762, 0.812959, 0.856969, 1, 

Generation #28
13,67,0.001, 0.00401933, 0.0264211, 0.0588806, 0.12795, 0.335682, 1, 

15,64,0.001, 0.00401933, 0.00949786, 0.0140852, 0.0785088, 0.115762, 0.11569, 0.269762, 1, 

17,54,0.001, 0.00401933, 0.00949786, 0.0140852, 0.0785088, 0.115762, 0.11569, 0.269762, 0.812959, 0.856969, 1, 

Generation #29
13,67,0.001, 0.00401933, 0.0264211, 0.0588806, 0.12795, 0.335682, 1, 

17,54,0.001, 0.00401933, 0.00949786, 0.0140852, 0.0785088, 0.115762, 0.11569, 0.269762, 0.812959, 0.856969, 1, 

14,56,0.001, 0.00401933, 0.00949786, 0.0140852, 0.0785088, 0.115762, 0.11569, 0.269762, 1, 

Generation #30
13,67,0.001, 0.00401933, 0.0264211, 0.0588806, 0.12795, 0.335682, 1, 

17,54,0.001, 0.00401933, 0.00949786, 0.0140852, 0.0785088, 0.115762, 0.11569, 0.269762, 0.812959, 0.856969, 1, 

14,56,0.001, 0.00401933, 0.00949786, 0.0140852, 0.0785088, 0.115762, 0.11569, 0.269762, 1, 

Generation #31
13,67,0.001, 0.00401933, 0.0264211, 0.0588806, 0.12795, 0.335682, 1, 

17,54,0.001, 0.00401933, 0.00949786, 0.0140852, 0.0785088, 0.115762, 0.11569, 0.269762, 0.812959, 0.856969, 1, 

14,56,0.001, 0.00401933, 0.00949786, 0.0140852, 0.0785088, 0.115762, 0.11569, 0.269762, 1, 

Generation #32
13,67,0.001, 0.00401933, 0.0264211, 0.0588806, 0.12795, 0.335682, 1, 

14,56,0.001, 0.00401933, 0.00949786, 0.0140852, 0.0785088, 0.115762, 0.11569, 0.269762, 1, 

15,45,0.001, 0.00401933, 0.00949786, 0.0140852, 0.0785088, 0.115762, 0.11569, 0.417021, 1, 

Generation #33
13,67,0.001, 0.00401933, 0.0264211, 0.0588806, 0.12795, 0.335682, 1, 

14,56,0.001, 0.00401933, 0.00949786, 0.0140852, 0.0785088, 0.115762, 0.11569, 0.269762, 1, 

15,45,0.001, 0.00401933, 0.00949786, 0.0140852, 0.0785088, 0.115762, 0.11569, 0.417021, 1, 

Generation #34
13,67,0.001, 0.00401933, 0.0264211, 0.0588806, 0.12795, 0.335682, 1, 

14,56,0.001, 0.00401933, 0.00949786, 0.0140852, 0.0785088, 0.115762, 0.11569, 0.269762, 1, 

15,45,0.001, 0.00401933, 0.00949786, 0.0140852, 0.0785088, 0.115762, 0.11569, 0.417021, 1, 

Generation #35
13,67,0.001, 0.00401933, 0.0264211, 0.0588806, 0.12795, 0.335682, 1, 

14,56,0.001, 0.00401933, 0.00949786, 0.0140852, 0.0785088, 0.115762, 0.11569, 0.269762, 1, 

15,45,0.001, 0.00401933, 0.00949786, 0.0140852, 0.0785088, 0.115762, 0.11569, 0.417021, 1, 

Generation #36
13,67,0.001, 0.00401933, 0.0264211, 0.0588806, 0.12795, 0.335682, 1, 

14,56,0.001, 0.00401933, 0.00949786, 0.0140852, 0.0785088, 0.115762, 0.11569, 0.269762, 1, 

15,45,0.001, 0.00401933, 0.00949786, 0.0140852, 0.0785088, 0.115762, 0.11569, 0.417021, 1, 

Generation #37
13,67,0.001, 0.00401933, 0.0264211, 0.0588806, 0.12795, 0.335682, 1, 

14,56,0.001, 0.00401933, 0.00949786, 0.0140852, 0.0785088, 0.115762, 0.11569, 0.269762, 1, 

15,45,0.001, 0.00401933, 0.00949786, 0.0140852, 0.0785088, 0.115762, 0.11569, 0.417021, 1, 

Generation #38
13,67,0.001, 0.00401933, 0.0264211, 0.0588806, 0.12795, 0.335682, 1, 

14,56,0.001, 0.00401933, 0.00949786, 0.0140852, 0.0785088, 0.115762, 0.11569, 0.269762, 1, 

15,45,0.001, 0.00401933, 0.00949786, 0.0140852, 0.0785088, 0.115762, 0.11569, 0.417021, 1, 

Generation #39
13,67,0.001, 0.00401933, 0.0264211, 0.0588806, 0.12795, 0.335682, 1, 

14,56,0.001, 0.00401933, 0.00949786, 0.0140852, 0.0785088, 0.115762, 0.11569, 0.269762, 1, 

15,45,0.001, 0.00401933, 0.00949786, 0.0140852, 0.0785088, 0.115762, 0.11569, 0.417021, 1, 

Generation #40
13,67,0.001, 0.00401933, 0.0264211, 0.0588806, 0.12795, 0.335682, 1, 

14,56,0.001, 0.00401933, 0.00949786, 0.0140852, 0.0785088, 0.115762, 0.11569, 0.269762, 1, 

15,45,0.001, 0.00401933, 0.00949786, 0.0140852, 0.0785088, 0.115762, 0.11569, 0.417021, 1, 

Generation #41
13,67,0.001, 0.00401933, 0.0264211, 0.0588806, 0.12795, 0.335682, 1, 

15,45,0.001, 0.00401933, 0.00949786, 0.0140852, 0.0785088, 0.115762, 0.11569, 0.417021, 1, 

14,54,0.001, 0.00401933, 0.00949786, 0.0140852, 0.0785088, 0.143987, 1, 

Generation #42
13,67,0.001, 0.00401933, 0.0264211, 0.0588806, 0.12795, 0.335682, 1, 

15,45,0.001, 0.00401933, 0.00949786, 0.0140852, 0.0785088, 0.115762, 0.11569, 0.417021, 1, 

14,54,0.001, 0.00401933, 0.00949786, 0.0140852, 0.0785088, 0.143987, 1, 

Generation #43
13,67,0.001, 0.00401933, 0.0264211, 0.0588806, 0.12795, 0.335682, 1, 

15,45,0.001, 0.00401933, 0.00949786, 0.0140852, 0.0785088, 0.115762, 0.11569, 0.417021, 1, 

14,53,0.001, 0.00401933, 0.00949786, 0.0140852, 0.020229, 0.115762, 0.269762, 1, 

Generation #44
13,67,0.001, 0.00401933, 0.0264211, 0.0588806, 0.12795, 0.335682, 1, 

15,45,0.001, 0.00401933, 0.00949786, 0.0140852, 0.0785088, 0.115762, 0.11569, 0.417021, 1, 

14,53,0.001, 0.00401933, 0.00949786, 0.0140852, 0.020229, 0.115762, 0.269762, 1, 

Generation #45
13,67,0.001, 0.00401933, 0.0264211, 0.0588806, 0.12795, 0.335682, 1, 

15,45,0.001, 0.00401933, 0.00949786, 0.0140852, 0.0785088, 0.115762, 0.11569, 0.417021, 1, 

14,53,0.001, 0.00401933, 0.00949786, 0.0140852, 0.020229, 0.115762, 0.269762, 1, 

Generation #46
13,67,0.001, 0.00401933, 0.0264211, 0.0588806, 0.12795, 0.335682, 1, 

15,45,0.001, 0.00401933, 0.00949786, 0.0140852, 0.0785088, 0.115762, 0.11569, 0.417021, 1, 

14,53,0.001, 0.00401933, 0.00949786, 0.0140852, 0.020229, 0.115762, 0.269762, 1, 

Generation #47
13,67,0.001, 0.00401933, 0.0264211, 0.0588806, 0.12795, 0.335682, 1, 

15,45,0.001, 0.00401933, 0.00949786, 0.0140852, 0.0785088, 0.115762, 0.11569, 0.417021, 1, 

14,53,0.001, 0.00401933, 0.00949786, 0.0140852, 0.020229, 0.115762, 0.269762, 1, 

Generation #48
13,67,0.001, 0.00401933, 0.0264211, 0.0588806, 0.12795, 0.335682, 1, 

15,45,0.001, 0.00401933, 0.00949786, 0.0140852, 0.0785088, 0.115762, 0.11569, 0.417021, 1, 

14,53,0.001, 0.00401933, 0.00949786, 0.0140852, 0.020229, 0.115762, 0.269762, 1, 

Generation #49
13,67,0.001, 0.00401933, 0.0264211, 0.0588806, 0.12795, 0.335682, 1, 

15,45,0.001, 0.00401933, 0.00949786, 0.0140852, 0.0785088, 0.115762, 0.11569, 0.417021, 1, 

14,53,0.001, 0.00401933, 0.00949786, 0.0140852, 0.020229, 0.115762, 0.269762, 1, 

--- Pareto Front Solutions ---
Solution 0: N total=31 (N_initial=18, N_added=13), Time total=71 ms, Saved to: ./results/2^30_t2_l2_pareto_0.csv, percents=0.001, 0.00401933, 0.0264211, 0.0588806, 0.12795, 0.335682, 1, 

Solution 1: N total=33 (N_initial=18, N_added=15), Time total=49 ms, Saved to: ./results/2^30_t2_l2_pareto_1.csv, percents=0.001, 0.00401933, 0.00949786, 0.0140852, 0.0785088, 0.115762, 0.11569, 0.417021, 1, 

Solution 2: N total=32 (N_initial=18, N_added=14), Time total=57 ms, Saved to: ./results/2^30_t2_l2_pareto_2.csv, percents=0.001, 0.00401933, 0.00949786, 0.0140852, 0.020229, 0.115762, 0.269762, 1, 

------------d=1, t=2, lambda=3, filename=./evaluation/2^30-t2_l3.csv------------
Grouping d-sets by partitioned row counts for detecting arrays...
Ready to look at pairs for detecting arrays...
First Stage N=24, Time=4
There are 6315 remaining non-locating pairs
--- Running GA Algorithm (phase2) ---
Running GA with std::execution::par
Generation #0
24,74,0.001, 0.0147398, 0.0221017, 0.0456973, 0.0506938, 0.21463, 0.428532, 0.646471, 0.698513, 0.75178, 0.788338, 0.820186, 0.894262, 0.916102, 0.930336, 0.947773, 0.970233, 0.989909, 1, 

21,269,0.001, 0.031705, 0.175375, 0.278528, 0.387747, 0.654103, 0.661951, 0.665954, 0.714988, 0.777706, 0.857461, 0.864384, 0.975492, 1, 

19,329,0.001, 0.0501659, 0.0525381, 0.183314, 0.36695, 0.552134, 0.640927, 0.734258, 0.758959, 0.869612, 0.88309, 0.990607, 1, 

23,240,0.001, 0.0446264, 0.0793858, 0.0950887, 0.0985248, 0.181485, 0.208144, 0.502894, 0.518728, 0.557589, 0.578516, 0.596796, 0.631042, 0.927202, 0.972767, 1, 

Generation #1
24,74,0.001, 0.0147398, 0.0221017, 0.0456973, 0.0506938, 0.21463, 0.428532, 0.646471, 0.698513, 0.75178, 0.788338, 0.820186, 0.894262, 0.916102, 0.930336, 0.947773, 0.970233, 0.989909, 1, 

18,178,0.001, 0.0332543, 0.111956, 0.127356, 0.165237, 0.178455, 0.121709, 0.839961, 0.86788, 0.9682, 1, 

19,140,0.001, 0.0283169, 0.0595831, 0.0658808, 0.0746569, 0.113288, 0.117004, 0.126341, 0.128075, 0.869612, 0.88309, 0.990607, 1, 

Generation #2
17,241,0.001, 0.0465281, 0.0968961, 0.0997941, 0.230073, 0.263161, 0.773367, 0.86788, 0.9682, 1, 

19,61,0.001, 0.0147398, 0.0221017, 0.0456973, 0.0746569, 0.113288, 0.117004, 0.126341, 0.128075, 0.869612, 0.88309, 0.990607, 1, 

18,172,0.001, 0.0281378, 0.0839987, 0.110219, 0.110951, 0.135214, 0.168623, 0.201709, 0.212431, 0.22436, 0.92943, 1, 

Generation #3
19,61,0.001, 0.0147398, 0.0221017, 0.0456973, 0.0746569, 0.113288, 0.117004, 0.126341, 0.128075, 0.869612, 0.88309, 0.990607, 1, 

18,62,0.001, 0.0147398, 0.0221017, 0.0456973, 0.0746569, 0.113288, 0.117004, 0.126341, 0.128075, 0.869612, 0.88309, 0.990607, 1, 

17,230,0.001, 0.028932, 0.0533097, 0.398349, 0.48976, 0.549394, 0.635194, 0.647393, 0.715085, 1, 

Generation #4
19,61,0.001, 0.0147398, 0.0221017, 0.0456973, 0.0746569, 0.113288, 0.117004, 0.126341, 0.128075, 0.869612, 0.88309, 0.990607, 1, 

18,62,0.001, 0.0147398, 0.0221017, 0.0456973, 0.0746569, 0.113288, 0.117004, 0.126341, 0.128075, 0.869612, 0.88309, 0.990607, 1, 

16,68,0.001, 0.0147398, 0.0221017, 0.0456973, 0.0506938, 0.21463, 0.428532, 0.646471, 0.86788, 0.9682, 1, 

Generation #5
19,61,0.001, 0.0147398, 0.0221017, 0.0456973, 0.0746569, 0.113288, 0.117004, 0.126341, 0.128075, 0.869612, 0.88309, 0.990607, 1, 

18,62,0.001, 0.0147398, 0.0221017, 0.0456973, 0.0746569, 0.113288, 0.117004, 0.126341, 0.128075, 0.869612, 0.88309, 0.990607, 1, 

16,68,0.001, 0.0147398, 0.0221017, 0.0456973, 0.0506938, 0.21463, 0.428532, 0.646471, 0.86788, 0.9682, 1, 

15,153,0.001, 0.036867, 0.0221017, 0.0456973, 0.0506938, 0.144883, 0.158604, 0.422482, 1, 

Generation #6
19,61,0.001, 0.0147398, 0.0221017, 0.0456973, 0.0746569, 0.113288, 0.117004, 0.126341, 0.128075, 0.869612, 0.88309, 0.990607, 1, 

18,62,0.001, 0.0147398, 0.0221017, 0.0456973, 0.0746569, 0.113288, 0.117004, 0.126341, 0.128075, 0.869612, 0.88309, 0.990607, 1, 

16,68,0.001, 0.0147398, 0.0221017, 0.0456973, 0.0506938, 0.21463, 0.428532, 0.646471, 0.86788, 0.9682, 1, 

15,93,0.001, 0.0178947, 0.0221017, 0.0456973, 0.280818, 0.320717, 0.332315, 0.715085, 1, 

Generation #7
15,93,0.001, 0.0178947, 0.0221017, 0.0456973, 0.280818, 0.320717, 0.332315, 0.715085, 1, 

16,58,0.001, 0.0147398, 0.0221017, 0.0456973, 0.0506938, 0.178455, 0.117004, 0.128075, 0.869612, 0.88309, 0.990607, 1, 

Generation #8
16,58,0.001, 0.0147398, 0.0221017, 0.0456973, 0.0506938, 0.178455, 0.117004, 0.128075, 0.869612, 0.88309, 0.990607, 1, 

15,89,0.001, 0.0147398, 0.0221017, 0.0456973, 0.0746569, 0.113288, 0.332315, 0.715085, 1, 

13,92,0.001, 0.0178947, 0.0221017, 0.0456973, 0.0746569, 0.113288, 0.158604, 0.422482, 1, 

Generation #9
16,58,0.001, 0.0147398, 0.0221017, 0.0456973, 0.0506938, 0.178455, 0.117004, 0.128075, 0.869612, 0.88309, 0.990607, 1, 

13,92,0.001, 0.0178947, 0.0221017, 0.0456973, 0.0746569, 0.113288, 0.158604, 0.422482, 1, 

24,55,0.001, 0.0147398, 0.0221017, 0.0456973, 0.0746569, 0.21463, 0.428532, 0.646471, 0.698513, 0.75178, 0.788338, 0.820186, 0.894262, 0.916102, 0.930336, 0.947773, 0.970233, 0.989909, 1, 

14,63,0.001, 0.0105105, 0.0221017, 0.0456973, 0.151797, 0.320717, 0.715085, 1, 

Generation #10
16,58,0.001, 0.0147398, 0.0221017, 0.0456973, 0.0506938, 0.178455, 0.117004, 0.128075, 0.869612, 0.88309, 0.990607, 1, 

13,92,0.001, 0.0178947, 0.0221017, 0.0456973, 0.0746569, 0.113288, 0.158604, 0.422482, 1, 

24,55,0.001, 0.0147398, 0.0221017, 0.0456973, 0.0746569, 0.21463, 0.428532, 0.646471, 0.698513, 0.75178, 0.788338, 0.820186, 0.894262, 0.916102, 0.930336, 0.947773, 0.970233, 0.989909, 1, 

14,63,0.001, 0.0105105, 0.0221017, 0.0456973, 0.151797, 0.320717, 0.715085, 1, 

Generation #11
13,92,0.001, 0.0178947, 0.0221017, 0.0456973, 0.0746569, 0.113288, 0.158604, 0.422482, 1, 

24,55,0.001, 0.0147398, 0.0221017, 0.0456973, 0.0746569, 0.21463, 0.428532, 0.646471, 0.698513, 0.75178, 0.788338, 0.820186, 0.894262, 0.916102, 0.930336, 0.947773, 0.970233, 0.989909, 1, 

14,56,0.001, 0.0147398, 0.0221017, 0.0456973, 0.0506938, 0.144883, 0.332315, 0.302222, 1, 

Generation #12
14,56,0.001, 0.0147398, 0.0221017, 0.0456973, 0.0506938, 0.144883, 0.332315, 0.302222, 1, 

13,87,0.001, 0.0147398, 0.0221017, 0.0456973, 0.114086, 0.123336, 0.715085, 1, 

15,52,0.001, 0.0147398, 0.0221017, 0.0456973, 0.0506938, 0.144883, 0.158604, 0.0234588, 0.422482, 1, 

Generation #13
15,52,0.001, 0.0147398, 0.0221017, 0.0456973, 0.0506938, 0.144883, 0.158604, 0.0234588, 0.422482, 1, 

13,55,0.001, 0.0147398, 0.0221017, 0.0456973, 0.114086, 0.123336, 0.127671, 0.422482, 1, 

Generation #14
15,52,0.001, 0.0147398, 0.0221017, 0.0456973, 0.0506938, 0.144883, 0.158604, 0.0234588, 0.422482, 1, 

13,55,0.001, 0.0147398, 0.0221017, 0.0456973, 0.114086, 0.123336, 0.127671, 0.422482, 1, 

Generation #15
15,52,0.001, 0.0147398, 0.0221017, 0.0456973, 0.0506938, 0.144883, 0.158604, 0.0234588, 0.422482, 1, 

13,55,0.001, 0.0147398, 0.0221017, 0.0456973, 0.114086, 0.123336, 0.127671, 0.422482, 1, 

Generation #16
15,52,0.001, 0.0147398, 0.0221017, 0.0456973, 0.0506938, 0.144883, 0.158604, 0.0234588, 0.422482, 1, 

13,55,0.001, 0.0147398, 0.0221017, 0.0456973, 0.114086, 0.123336, 0.127671, 0.422482, 1, 

Generation #17
15,52,0.001, 0.0147398, 0.0221017, 0.0456973, 0.0506938, 0.144883, 0.158604, 0.0234588, 0.422482, 1, 

13,55,0.001, 0.0147398, 0.0221017, 0.0456973, 0.114086, 0.123336, 0.127671, 0.422482, 1, 

Generation #18
15,52,0.001, 0.0147398, 0.0221017, 0.0456973, 0.0506938, 0.144883, 0.158604, 0.0234588, 0.422482, 1, 

13,55,0.001, 0.0147398, 0.0221017, 0.0456973, 0.114086, 0.123336, 0.127671, 0.422482, 1, 

16,49,0.001, 0.0105105, 0.0221017, 0.0456973, 0.0746569, 0.113288, 0.117004, 0.126341, 0.128075, 1, 

Generation #19
13,55,0.001, 0.0147398, 0.0221017, 0.0456973, 0.114086, 0.123336, 0.127671, 0.422482, 1, 

16,49,0.001, 0.0105105, 0.0221017, 0.0456973, 0.0746569, 0.113288, 0.117004, 0.126341, 0.128075, 1, 

15,50,0.001, 0.0105105, 0.0221017, 0.0456973, 0.0746569, 0.113288, 0.117004, 0.126341, 0.128075, 1, 

Generation #20
13,55,0.001, 0.0147398, 0.0221017, 0.0456973, 0.114086, 0.123336, 0.127671, 0.422482, 1, 

16,49,0.001, 0.0105105, 0.0221017, 0.0456973, 0.0746569, 0.113288, 0.117004, 0.126341, 0.128075, 1, 

15,50,0.001, 0.0105105, 0.0221017, 0.0456973, 0.0746569, 0.113288, 0.117004, 0.126341, 0.128075, 1, 

12,91,0.001, 0.0147398, 0.0221017, 0.0746569, 0.113288, 0.158604, 0.422482, 1, 

Generation #21
13,55,0.001, 0.0147398, 0.0221017, 0.0456973, 0.114086, 0.123336, 0.127671, 0.422482, 1, 

12,91,0.001, 0.0147398, 0.0221017, 0.0746569, 0.113288, 0.158604, 0.422482, 1, 

14,45,0.001, 0.0105105, 0.0221017, 0.0456973, 0.114086, 0.123336, 0.127671, 0.422482, 1, 

Generation #22
13,55,0.001, 0.0147398, 0.0221017, 0.0456973, 0.114086, 0.123336, 0.127671, 0.422482, 1, 

12,91,0.001, 0.0147398, 0.0221017, 0.0746569, 0.113288, 0.158604, 0.422482, 1, 

14,45,0.001, 0.0105105, 0.0221017, 0.0456973, 0.114086, 0.123336, 0.127671, 0.422482, 1, 

Generation #23
13,55,0.001, 0.0147398, 0.0221017, 0.0456973, 0.114086, 0.123336, 0.127671, 0.422482, 1, 

12,91,0.001, 0.0147398, 0.0221017, 0.0746569, 0.113288, 0.158604, 0.422482, 1, 

14,45,0.001, 0.0105105, 0.0221017, 0.0456973, 0.114086, 0.123336, 0.127671, 0.422482, 1, 

Generation #24
13,55,0.001, 0.0147398, 0.0221017, 0.0456973, 0.114086, 0.123336, 0.127671, 0.422482, 1, 

12,91,0.001, 0.0147398, 0.0221017, 0.0746569, 0.113288, 0.158604, 0.422482, 1, 

14,45,0.001, 0.0105105, 0.0221017, 0.0456973, 0.114086, 0.123336, 0.127671, 0.422482, 1, 

11,334,0.001, 0.0147398, 0.117004, 1, 

Generation #25
13,55,0.001, 0.0147398, 0.0221017, 0.0456973, 0.114086, 0.123336, 0.127671, 0.422482, 1, 

12,91,0.001, 0.0147398, 0.0221017, 0.0746569, 0.113288, 0.158604, 0.422482, 1, 

14,45,0.001, 0.0105105, 0.0221017, 0.0456973, 0.114086, 0.123336, 0.127671, 0.422482, 1, 

11,334,0.001, 0.0147398, 0.117004, 1, 

Generation #26
13,55,0.001, 0.0147398, 0.0221017, 0.0456973, 0.114086, 0.123336, 0.127671, 0.422482, 1, 

12,91,0.001, 0.0147398, 0.0221017, 0.0746569, 0.113288, 0.158604, 0.422482, 1, 

14,45,0.001, 0.0105105, 0.0221017, 0.0456973, 0.114086, 0.123336, 0.127671, 0.422482, 1, 

11,334,0.001, 0.0147398, 0.117004, 1, 

Generation #27
13,55,0.001, 0.0147398, 0.0221017, 0.0456973, 0.114086, 0.123336, 0.127671, 0.422482, 1, 

12,91,0.001, 0.0147398, 0.0221017, 0.0746569, 0.113288, 0.158604, 0.422482, 1, 

14,45,0.001, 0.0105105, 0.0221017, 0.0456973, 0.114086, 0.123336, 0.127671, 0.422482, 1, 

11,334,0.001, 0.0147398, 0.117004, 1, 

Generation #28
13,55,0.001, 0.0147398, 0.0221017, 0.0456973, 0.114086, 0.123336, 0.127671, 0.422482, 1, 

12,91,0.001, 0.0147398, 0.0221017, 0.0746569, 0.113288, 0.158604, 0.422482, 1, 

14,45,0.001, 0.0105105, 0.0221017, 0.0456973, 0.114086, 0.123336, 0.127671, 0.422482, 1, 

11,334,0.001, 0.0147398, 0.117004, 1, 

Generation #29
13,55,0.001, 0.0147398, 0.0221017, 0.0456973, 0.114086, 0.123336, 0.127671, 0.422482, 1, 

12,91,0.001, 0.0147398, 0.0221017, 0.0746569, 0.113288, 0.158604, 0.422482, 1, 

14,45,0.001, 0.0105105, 0.0221017, 0.0456973, 0.114086, 0.123336, 0.127671, 0.422482, 1, 

11,334,0.001, 0.0147398, 0.117004, 1, 

Generation #30
13,55,0.001, 0.0147398, 0.0221017, 0.0456973, 0.114086, 0.123336, 0.127671, 0.422482, 1, 

12,91,0.001, 0.0147398, 0.0221017, 0.0746569, 0.113288, 0.158604, 0.422482, 1, 

14,45,0.001, 0.0105105, 0.0221017, 0.0456973, 0.114086, 0.123336, 0.127671, 0.422482, 1, 

11,287,0.001, 0.0105105, 0.0221017, 0.0506938, 1, 

Generation #31
13,55,0.001, 0.0147398, 0.0221017, 0.0456973, 0.114086, 0.123336, 0.127671, 0.422482, 1, 

12,91,0.001, 0.0147398, 0.0221017, 0.0746569, 0.113288, 0.158604, 0.422482, 1, 

14,45,0.001, 0.0105105, 0.0221017, 0.0456973, 0.114086, 0.123336, 0.127671, 0.422482, 1, 

11,287,0.001, 0.0105105, 0.0221017, 0.0506938, 1, 

15,44,0.001, 0.0105105, 0.0221017, 0.0456973, 0.0746569, 0.113288, 0.117004, 0.126341, 0.128075, 1, 

Generation #32
12,91,0.001, 0.0147398, 0.0221017, 0.0746569, 0.113288, 0.158604, 0.422482, 1, 

14,45,0.001, 0.0105105, 0.0221017, 0.0456973, 0.114086, 0.123336, 0.127671, 0.422482, 1, 

11,287,0.001, 0.0105105, 0.0221017, 0.0506938, 1, 

15,44,0.001, 0.0105105, 0.0221017, 0.0456973, 0.0746569, 0.113288, 0.117004, 0.126341, 0.128075, 1, 

13,52,0.001, 0.0105105, 0.0221017, 0.0456973, 0.0696577, 0.113288, 0.117004, 0.126341, 1, 

Generation #33
12,91,0.001, 0.0147398, 0.0221017, 0.0746569, 0.113288, 0.158604, 0.422482, 1, 

14,45,0.001, 0.0105105, 0.0221017, 0.0456973, 0.114086, 0.123336, 0.127671, 0.422482, 1, 

15,44,0.001, 0.0105105, 0.0221017, 0.0456973, 0.0746569, 0.113288, 0.117004, 0.126341, 0.128075, 1, 

13,52,0.001, 0.0105105, 0.0221017, 0.0456973, 0.0696577, 0.113288, 0.117004, 0.126341, 1, 

11,173,0.001, 0.0147398, 0.0221017, 0.117004, 1, 

Generation #34
14,45,0.001, 0.0105105, 0.0221017, 0.0456973, 0.114086, 0.123336, 0.127671, 0.422482, 1, 

15,44,0.001, 0.0105105, 0.0221017, 0.0456973, 0.0746569, 0.113288, 0.117004, 0.126341, 0.128075, 1, 

11,173,0.001, 0.0147398, 0.0221017, 0.117004, 1, 

12,83,0.001, 0.0105105, 0.0221017, 0.0456973, 0.113288, 0.117004, 1, 

13,46,0.001, 0.0105105, 0.0221017, 0.0456973, 0.0506938, 0.113288, 0.117004, 1, 

Generation #35
14,45,0.001, 0.0105105, 0.0221017, 0.0456973, 0.114086, 0.123336, 0.127671, 0.422482, 1, 

15,44,0.001, 0.0105105, 0.0221017, 0.0456973, 0.0746569, 0.113288, 0.117004, 0.126341, 0.128075, 1, 

13,46,0.001, 0.0105105, 0.0221017, 0.0456973, 0.0506938, 0.113288, 0.117004, 1, 

11,110,0.001, 0.0147398, 0.0221017, 0.0456973, 0.0506938, 1, 

12,66,0.001, 0.0105105, 0.0221017, 0.0456973, 0.0506938, 0.117004, 0.126341, 1, 

Generation #36
14,45,0.001, 0.0105105, 0.0221017, 0.0456973, 0.114086, 0.123336, 0.127671, 0.422482, 1, 

15,44,0.001, 0.0105105, 0.0221017, 0.0456973, 0.0746569, 0.113288, 0.117004, 0.126341, 0.128075, 1, 

13,46,0.001, 0.0105105, 0.0221017, 0.0456973, 0.0506938, 0.113288, 0.117004, 1, 

11,110,0.001, 0.0147398, 0.0221017, 0.0456973, 0.0506938, 1, 

12,66,0.001, 0.0105105, 0.0221017, 0.0456973, 0.0506938, 0.117004, 0.126341, 1, 

Generation #37
14,45,0.001, 0.0105105, 0.0221017, 0.0456973, 0.114086, 0.123336, 0.127671, 0.422482, 1, 

15,44,0.001, 0.0105105, 0.0221017, 0.0456973, 0.0746569, 0.113288, 0.117004, 0.126341, 0.128075, 1, 

13,46,0.001, 0.0105105, 0.0221017, 0.0456973, 0.0506938, 0.113288, 0.117004, 1, 

11,110,0.001, 0.0147398, 0.0221017, 0.0456973, 0.0506938, 1, 

12,66,0.001, 0.0105105, 0.0221017, 0.0456973, 0.0506938, 0.117004, 0.126341, 1, 

Generation #38
14,45,0.001, 0.0105105, 0.0221017, 0.0456973, 0.114086, 0.123336, 0.127671, 0.422482, 1, 

15,44,0.001, 0.0105105, 0.0221017, 0.0456973, 0.0746569, 0.113288, 0.117004, 0.126341, 0.128075, 1, 

13,46,0.001, 0.0105105, 0.0221017, 0.0456973, 0.0506938, 0.113288, 0.117004, 1, 

11,110,0.001, 0.0147398, 0.0221017, 0.0456973, 0.0506938, 1, 

12,66,0.001, 0.0105105, 0.0221017, 0.0456973, 0.0506938, 0.117004, 0.126341, 1, 

Generation #39
14,45,0.001, 0.0105105, 0.0221017, 0.0456973, 0.114086, 0.123336, 0.127671, 0.422482, 1, 

15,44,0.001, 0.0105105, 0.0221017, 0.0456973, 0.0746569, 0.113288, 0.117004, 0.126341, 0.128075, 1, 

13,46,0.001, 0.0105105, 0.0221017, 0.0456973, 0.0506938, 0.113288, 0.117004, 1, 

11,110,0.001, 0.0147398, 0.0221017, 0.0456973, 0.0506938, 1, 

12,66,0.001, 0.0105105, 0.0221017, 0.0456973, 0.0506938, 0.117004, 0.126341, 1, 

Generation #40
14,45,0.001, 0.0105105, 0.0221017, 0.0456973, 0.114086, 0.123336, 0.127671, 0.422482, 1, 

15,44,0.001, 0.0105105, 0.0221017, 0.0456973, 0.0746569, 0.113288, 0.117004, 0.126341, 0.128075, 1, 

13,46,0.001, 0.0105105, 0.0221017, 0.0456973, 0.0506938, 0.113288, 0.117004, 1, 

11,110,0.001, 0.0147398, 0.0221017, 0.0456973, 0.0506938, 1, 

12,66,0.001, 0.0105105, 0.0221017, 0.0456973, 0.0506938, 0.117004, 0.126341, 1, 

Generation #41
14,45,0.001, 0.0105105, 0.0221017, 0.0456973, 0.114086, 0.123336, 0.127671, 0.422482, 1, 

15,44,0.001, 0.0105105, 0.0221017, 0.0456973, 0.0746569, 0.113288, 0.117004, 0.126341, 0.128075, 1, 

13,46,0.001, 0.0105105, 0.0221017, 0.0456973, 0.0506938, 0.113288, 0.117004, 1, 

11,110,0.001, 0.0147398, 0.0221017, 0.0456973, 0.0506938, 1, 

12,66,0.001, 0.0105105, 0.0221017, 0.0456973, 0.0506938, 0.117004, 0.126341, 1, 

Generation #42
14,45,0.001, 0.0105105, 0.0221017, 0.0456973, 0.114086, 0.123336, 0.127671, 0.422482, 1, 

15,44,0.001, 0.0105105, 0.0221017, 0.0456973, 0.0746569, 0.113288, 0.117004, 0.126341, 0.128075, 1, 

13,46,0.001, 0.0105105, 0.0221017, 0.0456973, 0.0506938, 0.113288, 0.117004, 1, 

11,110,0.001, 0.0147398, 0.0221017, 0.0456973, 0.0506938, 1, 

12,66,0.001, 0.0105105, 0.0221017, 0.0456973, 0.0506938, 0.117004, 0.126341, 1, 

Generation #43
14,45,0.001, 0.0105105, 0.0221017, 0.0456973, 0.114086, 0.123336, 0.127671, 0.422482, 1, 

15,44,0.001, 0.0105105, 0.0221017, 0.0456973, 0.0746569, 0.113288, 0.117004, 0.126341, 0.128075, 1, 

13,46,0.001, 0.0105105, 0.0221017, 0.0456973, 0.0506938, 0.113288, 0.117004, 1, 

11,110,0.001, 0.0147398, 0.0221017, 0.0456973, 0.0506938, 1, 

12,66,0.001, 0.0105105, 0.0221017, 0.0456973, 0.0506938, 0.117004, 0.126341, 1, 

Generation #44
13,46,0.001, 0.0105105, 0.0221017, 0.0456973, 0.0506938, 0.113288, 0.117004, 1, 

11,110,0.001, 0.0147398, 0.0221017, 0.0456973, 0.0506938, 1, 

12,66,0.001, 0.0105105, 0.0221017, 0.0456973, 0.0506938, 0.117004, 0.126341, 1, 

15,40,0.001, 0.0105105, 0.0221017, 0.0456973, 0.0746569, 0.113288, 0.117004, 0.126341, 0.522163, 1, 

14,43,0.001, 0.0105105, 0.0221017, 0.0456973, 0.0506938, 0.123336, 0.117004, 0.126341, 1, 

Generation #45
13,46,0.001, 0.0105105, 0.0221017, 0.0456973, 0.0506938, 0.113288, 0.117004, 1, 

11,110,0.001, 0.0147398, 0.0221017, 0.0456973, 0.0506938, 1, 

12,66,0.001, 0.0105105, 0.0221017, 0.0456973, 0.0506938, 0.117004, 0.126341, 1, 

15,40,0.001, 0.0105105, 0.0221017, 0.0456973, 0.0746569, 0.113288, 0.117004, 0.126341, 0.522163, 1, 

14,43,0.001, 0.0105105, 0.0221017, 0.0456973, 0.0506938, 0.123336, 0.117004, 0.126341, 1, 

Generation #46
13,46,0.001, 0.0105105, 0.0221017, 0.0456973, 0.0506938, 0.113288, 0.117004, 1, 

11,110,0.001, 0.0147398, 0.0221017, 0.0456973, 0.0506938, 1, 

12,66,0.001, 0.0105105, 0.0221017, 0.0456973, 0.0506938, 0.117004, 0.126341, 1, 

15,40,0.001, 0.0105105, 0.0221017, 0.0456973, 0.0746569, 0.113288, 0.117004, 0.126341, 0.522163, 1, 

14,43,0.001, 0.0105105, 0.0221017, 0.0456973, 0.0506938, 0.123336, 0.117004, 0.126341, 1, 

Generation #47
13,46,0.001, 0.0105105, 0.0221017, 0.0456973, 0.0506938, 0.113288, 0.117004, 1, 

11,110,0.001, 0.0147398, 0.0221017, 0.0456973, 0.0506938, 1, 

12,66,0.001, 0.0105105, 0.0221017, 0.0456973, 0.0506938, 0.117004, 0.126341, 1, 

15,40,0.001, 0.0105105, 0.0221017, 0.0456973, 0.0746569, 0.113288, 0.117004, 0.126341, 0.522163, 1, 

14,43,0.001, 0.0105105, 0.0221017, 0.0456973, 0.0506938, 0.123336, 0.117004, 0.126341, 1, 

Generation #48
13,46,0.001, 0.0105105, 0.0221017, 0.0456973, 0.0506938, 0.113288, 0.117004, 1, 

11,110,0.001, 0.0147398, 0.0221017, 0.0456973, 0.0506938, 1, 

12,66,0.001, 0.0105105, 0.0221017, 0.0456973, 0.0506938, 0.117004, 0.126341, 1, 

15,40,0.001, 0.0105105, 0.0221017, 0.0456973, 0.0746569, 0.113288, 0.117004, 0.126341, 0.522163, 1, 

14,43,0.001, 0.0105105, 0.0221017, 0.0456973, 0.0506938, 0.123336, 0.117004, 0.126341, 1, 

Generation #49
13,46,0.001, 0.0105105, 0.0221017, 0.0456973, 0.0506938, 0.113288, 0.117004, 1, 

11,110,0.001, 0.0147398, 0.0221017, 0.0456973, 0.0506938, 1, 

15,40,0.001, 0.0105105, 0.0221017, 0.0456973, 0.0746569, 0.113288, 0.117004, 0.126341, 0.522163, 1, 

14,43,0.001, 0.0105105, 0.0221017, 0.0456973, 0.0506938, 0.123336, 0.117004, 0.126341, 1, 

12,56,0.001, 0.0105105, 0.0221017, 0.0456973, 0.0506938, 0.127671, 1, 

--- Pareto Front Solutions ---
Solution 0: N total=37 (N_initial=24, N_added=13), Time total=50 ms, Saved to: ./results/2^30_t2_l3_pareto_0.csv, percents=0.001, 0.0105105, 0.0221017, 0.0456973, 0.0506938, 0.113288, 0.117004, 1, 

Solution 1: N total=35 (N_initial=24, N_added=11), Time total=114 ms, Saved to: ./results/2^30_t2_l3_pareto_1.csv, percents=0.001, 0.0147398, 0.0221017, 0.0456973, 0.0506938, 1, 

Solution 2: N total=39 (N_initial=24, N_added=15), Time total=44 ms, Saved to: ./results/2^30_t2_l3_pareto_2.csv, percents=0.001, 0.0105105, 0.0221017, 0.0456973, 0.0746569, 0.113288, 0.117004, 0.126341, 0.522163, 1, 

Solution 3: N total=38 (N_initial=24, N_added=14), Time total=47 ms, Saved to: ./results/2^30_t2_l3_pareto_3.csv, percents=0.001, 0.0105105, 0.0221017, 0.0456973, 0.0506938, 0.123336, 0.117004, 0.126341, 1, 

Solution 4: N total=36 (N_initial=24, N_added=12), Time total=60 ms, Saved to: ./results/2^30_t2_l3_pareto_4.csv, percents=0.001, 0.0105105, 0.0221017, 0.0456973, 0.0506938, 0.127671, 1, 

------------d=1, t=2, lambda=4, filename=./evaluation/2^30-t2_l4.csv------------
Grouping d-sets by partitioned row counts for detecting arrays...
Ready to look at pairs for detecting arrays...
First Stage N=28, Time=7
There are 27441 remaining non-locating pairs
--- Running GA Algorithm (phase2) ---
Running GA with std::execution::par
Generation #0
20,821,0.001, 0.0548377, 0.0615236, 0.107235, 0.156611, 0.180668, 0.228254, 0.41346, 0.754522, 0.990311, 1, 

25,477,0.001, 0.0138169, 0.100763, 0.272537, 0.275136, 0.359692, 0.463934, 0.506888, 0.544846, 0.561532, 0.602076, 0.632641, 0.712438, 0.855553, 0.95458, 1, 

26,328,0.001, 0.00474431, 0.00625591, 0.0779343, 0.318551, 0.359994, 0.401232, 0.430612, 0.558199, 0.57678, 0.690189, 0.772506, 0.83592, 0.840626, 0.937854, 0.969718, 1, 

22,617,0.001, 0.0257109, 0.0990166, 0.116748, 0.157516, 0.254589, 0.302581, 0.370939, 0.39028, 0.49231, 0.711001, 0.981091, 1, 

32,299,0.001, 0.0105356, 0.0147503, 0.0172813, 0.0343456, 0.065052, 0.0650753, 0.178762, 0.368281, 0.382208, 0.404284, 0.415635, 0.434438, 0.517631, 0.637644, 0.714261, 0.81328, 0.860757, 0.878642, 0.930572, 0.953533, 0.962894, 1, 

21,715,0.001, 0.0747777, 0.079984, 0.186439, 0.246576, 0.454951, 0.625674, 0.669065, 0.881419, 0.933654, 0.997361, 1, 

Generation #1
25,213,0.001, 0.0176981, 0.099244, 0.126309, 0.137204, 0.233618, 0.533713, 0.563513, 0.669156, 0.675032, 0.69816, 0.724983, 0.918864, 0.873483, 0.883988, 0.954182, 1, 

20,416,0.001, 0.0548377, 0.0615236, 0.107235, 0.156611, 0.266276, 0.298286, 0.593339, 0.942014, 1, 

31,135,0.001, 0.0105356, 0.0147503, 0.0172813, 0.0343456, 0.065052, 0.0650753, 0.178762, 0.368281, 0.382208, 0.349098, 0.353737, 0.410576, 0.427904, 0.454526, 0.579716, 0.600285, 0.624399, 0.703148, 0.716123, 0.933634, 1, 

23,249,0.001, 0.00684144, 0.0676293, 0.0855414, 0.116037, 0.123639, 0.279218, 0.281572, 0.328431, 0.682593, 0.707575, 0.844523, 0.980759, 0.985708, 1, 

21,252,0.001, 0.0167065, 0.0653736, 0.150171, 0.15757, 0.175835, 0.25382, 0.313805, 0.819025, 0.937068, 1, 

Generation #2
19,107,0.001, 0.0105356, 0.0147503, 0.0172813, 0.0343456, 0.255955, 0.299378, 0.660037, 0.748943, 0.922862, 1, 

Generation #3
19,107,0.001, 0.0105356, 0.0147503, 0.0172813, 0.0343456, 0.255955, 0.299378, 0.660037, 0.748943, 0.922862, 1, 

Generation #4
19,107,0.001, 0.0105356, 0.0147503, 0.0172813, 0.0343456, 0.255955, 0.299378, 0.660037, 0.748943, 0.922862, 1, 

18,130,0.001, 0.0105356, 0.0147503, 0.0172813, 0.0343456, 0.255955, 0.299378, 0.660037, 0.748943, 0.937068, 1, 

31,103,0.001, 0.0105356, 0.0147503, 0.0172813, 0.0343456, 0.065052, 0.0650753, 0.178762, 0.368281, 0.382208, 0.349098, 0.650012, 0.434438, 0.517631, 0.637644, 0.714261, 0.81328, 0.860757, 0.878642, 0.930572, 0.953533, 0.962894, 1, 

Generation #5
19,107,0.001, 0.0105356, 0.0147503, 0.0172813, 0.0343456, 0.255955, 0.299378, 0.660037, 0.748943, 0.922862, 1, 

18,130,0.001, 0.0105356, 0.0147503, 0.0172813, 0.0343456, 0.255955, 0.299378, 0.660037, 0.748943, 0.937068, 1, 

31,103,0.001, 0.0105356, 0.0147503, 0.0172813, 0.0343456, 0.065052, 0.0650753, 0.178762, 0.368281, 0.382208, 0.349098, 0.650012, 0.434438, 0.517631, 0.637644, 0.714261, 0.81328, 0.860757, 0.878642, 0.930572, 0.953533, 0.962894, 1, 

Generation #6
31,103,0.001, 0.0105356, 0.0147503, 0.0172813, 0.0343456, 0.065052, 0.0650753, 0.178762, 0.368281, 0.382208, 0.349098, 0.650012, 0.434438, 0.517631, 0.637644, 0.714261, 0.81328, 0.860757, 0.878642, 0.930572, 0.953533, 0.962894, 1, 

17,104,0.001, 0.0105356, 0.0147503, 0.0172813, 0.0343456, 0.255955, 0.299378, 0.748943, 0.922862, 1, 

Generation #7
31,103,0.001, 0.0105356, 0.0147503, 0.0172813, 0.0343456, 0.065052, 0.0650753, 0.178762, 0.368281, 0.382208, 0.349098, 0.650012, 0.434438, 0.517631, 0.637644, 0.714261, 0.81328, 0.860757, 0.878642, 0.930572, 0.953533, 0.962894, 1, 

17,104,0.001, 0.0105356, 0.0147503, 0.0172813, 0.0343456, 0.255955, 0.299378, 0.748943, 0.922862, 1, 

Generation #8
17,104,0.001, 0.0105356, 0.0147503, 0.0172813, 0.0343456, 0.255955, 0.299378, 0.748943, 0.922862, 1, 

19,98,0.001, 0.0105356, 0.0147503, 0.0172813, 0.0343456, 0.065052, 0.0650753, 0.178762, 0.368281, 0.382208, 1, 

25,92,0.001, 0.00474431, 0.00625591, 0.0172813, 0.0343456, 0.065052, 0.0650753, 0.281572, 0.369987, 0.561532, 0.602076, 0.632641, 0.631232, 0.659839, 0.751745, 0.814444, 1, 

Generation #9
17,104,0.001, 0.0105356, 0.0147503, 0.0172813, 0.0343456, 0.255955, 0.299378, 0.748943, 0.922862, 1, 

19,98,0.001, 0.0105356, 0.0147503, 0.0172813, 0.0343456, 0.065052, 0.0650753, 0.178762, 0.368281, 0.382208, 1, 

25,92,0.001, 0.00474431, 0.00625591, 0.0172813, 0.0343456, 0.065052, 0.0650753, 0.281572, 0.369987, 0.561532, 0.602076, 0.632641, 0.631232, 0.659839, 0.751745, 0.814444, 1, 

Generation #10
17,104,0.001, 0.0105356, 0.0147503, 0.0172813, 0.0343456, 0.255955, 0.299378, 0.748943, 0.922862, 1, 

18,101,0.001, 0.0105356, 0.0147503, 0.0172813, 0.0343456, 0.065052, 0.0650753, 0.178762, 0.368281, 0.382208, 1, 

19,90,0.001, 0.0105356, 0.0147503, 0.0172813, 0.0343456, 0.065052, 0.0650753, 0.178762, 0.368281, 0.382208, 0.997361, 1, 

16,128,0.001, 0.00474431, 0.00625591, 0.0172813, 0.0343456, 0.065052, 0.914752, 1, 

23,85,0.001, 0.00474431, 0.00625591, 0.0172813, 0.0343456, 0.065052, 0.0650753, 0.281572, 0.369987, 0.561532, 0.602076, 0.632641, 0.631232, 0.659839, 0.751745, 1, 

Generation #11
16,128,0.001, 0.00474431, 0.00625591, 0.0172813, 0.0343456, 0.065052, 0.914752, 1, 

23,85,0.001, 0.00474431, 0.00625591, 0.0172813, 0.0343456, 0.065052, 0.0650753, 0.281572, 0.369987, 0.561532, 0.602076, 0.632641, 0.631232, 0.659839, 0.751745, 1, 

17,87,0.001, 0.00474431, 0.00625591, 0.0172813, 0.0343456, 0.065052, 0.0650753, 0.368281, 1, 

Generation #12
17,87,0.001, 0.00474431, 0.00625591, 0.0172813, 0.0343456, 0.065052, 0.0650753, 0.368281, 1, 

16,124,0.001, 0.00684144, 0.0147503, 0.0172813, 0.0343456, 0.255955, 0.299378, 0.369987, 1, 

19,83,0.001, 0.00474431, 0.00625591, 0.0172813, 0.0343456, 0.065052, 0.0650753, 0.281572, 0.748943, 0.937068, 1, 

Generation #13
17,87,0.001, 0.00474431, 0.00625591, 0.0172813, 0.0343456, 0.065052, 0.0650753, 0.368281, 1, 

16,124,0.001, 0.00684144, 0.0147503, 0.0172813, 0.0343456, 0.255955, 0.299378, 0.369987, 1, 

18,79,0.001, 0.00474431, 0.00625591, 0.0172813, 0.0343456, 0.065052, 0.0650753, 0.178762, 0.368281, 1, 

Generation #14
18,79,0.001, 0.00474431, 0.00625591, 0.0172813, 0.0343456, 0.065052, 0.0650753, 0.178762, 0.368281, 1, 

17,83,0.001, 0.00474431, 0.00625591, 0.0343456, 0.0343456, 0.065052, 0.0650753, 0.370939, 0.39028, 1, 

16,88,0.001, 0.00474431, 0.00625591, 0.0343456, 0.0343456, 0.065052, 0.0650753, 0.370939, 0.922862, 1, 

Generation #15
17,83,0.001, 0.00474431, 0.00625591, 0.0343456, 0.0343456, 0.065052, 0.0650753, 0.370939, 0.39028, 1, 

16,88,0.001, 0.00474431, 0.00625591, 0.0343456, 0.0343456, 0.065052, 0.0650753, 0.370939, 0.922862, 1, 

18,77,0.001, 0.00474431, 0.00625591, 0.0343456, 0.0343456, 0.065052, 0.0650753, 0.370939, 0.368281, 1, 

Generation #16
17,83,0.001, 0.00474431, 0.00625591, 0.0343456, 0.0343456, 0.065052, 0.0650753, 0.370939, 0.39028, 1, 

16,88,0.001, 0.00474431, 0.00625591, 0.0343456, 0.0343456, 0.065052, 0.0650753, 0.370939, 0.922862, 1, 

18,77,0.001, 0.00474431, 0.00625591, 0.0343456, 0.0343456, 0.065052, 0.0650753, 0.370939, 0.368281, 1, 

Generation #17
17,83,0.001, 0.00474431, 0.00625591, 0.0343456, 0.0343456, 0.065052, 0.0650753, 0.370939, 0.39028, 1, 

16,88,0.001, 0.00474431, 0.00625591, 0.0343456, 0.0343456, 0.065052, 0.0650753, 0.370939, 0.922862, 1, 

18,77,0.001, 0.00474431, 0.00625591, 0.0343456, 0.0343456, 0.065052, 0.0650753, 0.370939, 0.368281, 1, 

15,117,0.001, 0.00474431, 0.00625591, 0.0343456, 0.0343456, 0.065052, 0.0650753, 1, 

Generation #18
16,88,0.001, 0.00474431, 0.00625591, 0.0343456, 0.0343456, 0.065052, 0.0650753, 0.370939, 0.922862, 1, 

15,117,0.001, 0.00474431, 0.00625591, 0.0343456, 0.0343456, 0.065052, 0.0650753, 1, 

17,76,0.001, 0.00474431, 0.0147503, 0.0172813, 0.0343456, 0.065052, 0.0650753, 0.178762, 0.368281, 1, 

Generation #19
16,88,0.001, 0.00474431, 0.00625591, 0.0343456, 0.0343456, 0.065052, 0.0650753, 0.370939, 0.922862, 1, 

15,117,0.001, 0.00474431, 0.00625591, 0.0343456, 0.0343456, 0.065052, 0.0650753, 1, 

17,76,0.001, 0.00474431, 0.0147503, 0.0172813, 0.0343456, 0.065052, 0.0650753, 0.178762, 0.368281, 1, 

18,71,0.001, 0.00474431, 0.00625591, 0.0172813, 0.0343456, 0.065052, 0.0650753, 0.178762, 0.568697, 0.368281, 1, 

Generation #20
16,88,0.001, 0.00474431, 0.00625591, 0.0343456, 0.0343456, 0.065052, 0.0650753, 0.370939, 0.922862, 1, 

15,117,0.001, 0.00474431, 0.00625591, 0.0343456, 0.0343456, 0.065052, 0.0650753, 1, 

17,76,0.001, 0.00474431, 0.0147503, 0.0172813, 0.0343456, 0.065052, 0.0650753, 0.178762, 0.368281, 1, 

18,71,0.001, 0.00474431, 0.00625591, 0.0172813, 0.0343456, 0.065052, 0.0650753, 0.178762, 0.568697, 0.368281, 1, 

Generation #21
16,88,0.001, 0.00474431, 0.00625591, 0.0343456, 0.0343456, 0.065052, 0.0650753, 0.370939, 0.922862, 1, 

15,117,0.001, 0.00474431, 0.00625591, 0.0343456, 0.0343456, 0.065052, 0.0650753, 1, 

17,76,0.001, 0.00474431, 0.0147503, 0.0172813, 0.0343456, 0.065052, 0.0650753, 0.178762, 0.368281, 1, 

18,71,0.001, 0.00474431, 0.00625591, 0.0172813, 0.0343456, 0.065052, 0.0650753, 0.178762, 0.568697, 0.368281, 1, 

Generation #22
17,66,0.001, 0.00474431, 0.00625591, 0.0172813, 0.0343456, 0.065052, 0.0650753, 0.370939, 0.39028, 1, 

16,87,0.001, 0.00474431, 0.00625591, 0.0172813, 0.0343456, 0.065052, 0.0650753, 0.368281, 1, 

15,93,0.001, 0.00474431, 0.00625591, 0.0343456, 0.0343456, 0.065052, 0.0650753, 0.287451, 1, 

Generation #23
17,66,0.001, 0.00474431, 0.00625591, 0.0172813, 0.0343456, 0.065052, 0.0650753, 0.370939, 0.39028, 1, 

16,87,0.001, 0.00474431, 0.00625591, 0.0172813, 0.0343456, 0.065052, 0.0650753, 0.368281, 1, 

15,93,0.001, 0.00474431, 0.00625591, 0.0343456, 0.0343456, 0.065052, 0.0650753, 0.287451, 1, 

Generation #24
17,66,0.001, 0.00474431, 0.00625591, 0.0172813, 0.0343456, 0.065052, 0.0650753, 0.370939, 0.39028, 1, 

15,93,0.001, 0.00474431, 0.00625591, 0.0343456, 0.0343456, 0.065052, 0.0650753, 0.287451, 1, 

16,84,0.001, 0.00474431, 0.00625591, 0.0172813, 0.0343456, 0.065052, 0.0650753, 0.287451, 1, 

Generation #25
17,66,0.001, 0.00474431, 0.00625591, 0.0172813, 0.0343456, 0.065052, 0.0650753, 0.370939, 0.39028, 1, 

15,93,0.001, 0.00474431, 0.00625591, 0.0343456, 0.0343456, 0.065052, 0.0650753, 0.287451, 1, 

16,84,0.001, 0.00474431, 0.00625591, 0.0172813, 0.0343456, 0.065052, 0.0650753, 0.287451, 1, 

Generation #26
17,66,0.001, 0.00474431, 0.00625591, 0.0172813, 0.0343456, 0.065052, 0.0650753, 0.370939, 0.39028, 1, 

15,93,0.001, 0.00474431, 0.00625591, 0.0343456, 0.0343456, 0.065052, 0.0650753, 0.287451, 1, 

16,83,0.001, 0.00474431, 0.00625591, 0.0172813, 0.0343456, 0.065052, 0.0650753, 0.178762, 0.368281, 1, 

Generation #27
17,66,0.001, 0.00474431, 0.00625591, 0.0172813, 0.0343456, 0.065052, 0.0650753, 0.370939, 0.39028, 1, 

15,93,0.001, 0.00474431, 0.00625591, 0.0343456, 0.0343456, 0.065052, 0.0650753, 0.287451, 1, 

16,83,0.001, 0.00474431, 0.00625591, 0.0172813, 0.0343456, 0.065052, 0.0650753, 0.178762, 0.368281, 1, 

Generation #28
17,66,0.001, 0.00474431, 0.00625591, 0.0172813, 0.0343456, 0.065052, 0.0650753, 0.370939, 0.39028, 1, 

15,93,0.001, 0.00474431, 0.00625591, 0.0343456, 0.0343456, 0.065052, 0.0650753, 0.287451, 1, 

16,81,0.001, 0.00474431, 0.00625591, 0.0172813, 0.0343456, 0.065052, 0.0650753, 0.287451, 1, 

Generation #29
17,66,0.001, 0.00474431, 0.00625591, 0.0172813, 0.0343456, 0.065052, 0.0650753, 0.370939, 0.39028, 1, 

15,93,0.001, 0.00474431, 0.00625591, 0.0343456, 0.0343456, 0.065052, 0.0650753, 0.287451, 1, 

16,77,0.001, 0.00474431, 0.00625591, 0.0172813, 0.0343456, 0.065052, 0.0650753, 0.178762, 0.368281, 1, 

Generation #30
17,66,0.001, 0.00474431, 0.00625591, 0.0172813, 0.0343456, 0.065052, 0.0650753, 0.370939, 0.39028, 1, 

15,93,0.001, 0.00474431, 0.00625591, 0.0343456, 0.0343456, 0.065052, 0.0650753, 0.287451, 1, 

16,77,0.001, 0.00474431, 0.00625591, 0.0172813, 0.0343456, 0.065052, 0.0650753, 0.178762, 0.368281, 1, 

23,63,0.001, 0.00474431, 0.00625591, 0.0172813, 0.0343456, 0.065052, 0.0650753, 0.178762, 0.368281, 0.561532, 0.602076, 0.632641, 0.631232, 0.659839, 0.751745, 0.814444, 1, 

Generation #31
17,66,0.001, 0.00474431, 0.00625591, 0.0172813, 0.0343456, 0.065052, 0.0650753, 0.370939, 0.39028, 1, 

15,93,0.001, 0.00474431, 0.00625591, 0.0343456, 0.0343456, 0.065052, 0.0650753, 0.287451, 1, 

16,77,0.001, 0.00474431, 0.00625591, 0.0172813, 0.0343456, 0.065052, 0.0650753, 0.178762, 0.368281, 1, 

23,63,0.001, 0.00474431, 0.00625591, 0.0172813, 0.0343456, 0.065052, 0.0650753, 0.178762, 0.368281, 0.561532, 0.602076, 0.632641, 0.631232, 0.659839, 0.751745, 0.814444, 1, 

Generation #32
17,66,0.001, 0.00474431, 0.00625591, 0.0172813, 0.0343456, 0.065052, 0.0650753, 0.370939, 0.39028, 1, 

15,93,0.001, 0.00474431, 0.00625591, 0.0343456, 0.0343456, 0.065052, 0.0650753, 0.287451, 1, 

16,77,0.001, 0.00474431, 0.00625591, 0.0172813, 0.0343456, 0.065052, 0.0650753, 0.178762, 0.368281, 1, 

23,63,0.001, 0.00474431, 0.00625591, 0.0172813, 0.0343456, 0.065052, 0.0650753, 0.178762, 0.368281, 0.561532, 0.602076, 0.632641, 0.631232, 0.659839, 0.751745, 0.814444, 1, 

14,1011,0.001, 0.00474431, 0.00625591, 0.0172813, 1, 

Generation #33
17,66,0.001, 0.00474431, 0.00625591, 0.0172813, 0.0343456, 0.065052, 0.0650753, 0.370939, 0.39028, 1, 

15,93,0.001, 0.00474431, 0.00625591, 0.0343456, 0.0343456, 0.065052, 0.0650753, 0.287451, 1, 

16,77,0.001, 0.00474431, 0.00625591, 0.0172813, 0.0343456, 0.065052, 0.0650753, 0.178762, 0.368281, 1, 

23,63,0.001, 0.00474431, 0.00625591, 0.0172813, 0.0343456, 0.065052, 0.0650753, 0.178762, 0.368281, 0.561532, 0.602076, 0.632641, 0.631232, 0.659839, 0.751745, 0.814444, 1, 

14,1011,0.001, 0.00474431, 0.00625591, 0.0172813, 1, 

Generation #34
17,66,0.001, 0.00474431, 0.00625591, 0.0172813, 0.0343456, 0.065052, 0.0650753, 0.370939, 0.39028, 1, 

15,93,0.001, 0.00474431, 0.00625591, 0.0343456, 0.0343456, 0.065052, 0.0650753, 0.287451, 1, 

23,63,0.001, 0.00474431, 0.00625591, 0.0172813, 0.0343456, 0.065052, 0.0650753, 0.178762, 0.368281, 0.561532, 0.602076, 0.632641, 0.631232, 0.659839, 0.751745, 0.814444, 1, 

14,1011,0.001, 0.00474431, 0.00625591, 0.0172813, 1, 

16,68,0.001, 0.00474431, 0.00625591, 0.0172813, 0.0343456, 0.065052, 0.0650753, 0.321171, 1, 

Generation #35
17,66,0.001, 0.00474431, 0.00625591, 0.0172813, 0.0343456, 0.065052, 0.0650753, 0.370939, 0.39028, 1, 

15,93,0.001, 0.00474431, 0.00625591, 0.0343456, 0.0343456, 0.065052, 0.0650753, 0.287451, 1, 

23,63,0.001, 0.00474431, 0.00625591, 0.0172813, 0.0343456, 0.065052, 0.0650753, 0.178762, 0.368281, 0.561532, 0.602076, 0.632641, 0.631232, 0.659839, 0.751745, 0.814444, 1, 

14,1011,0.001, 0.00474431, 0.00625591, 0.0172813, 1, 

16,68,0.001, 0.00474431, 0.00625591, 0.0172813, 0.0343456, 0.065052, 0.0650753, 0.321171, 1, 

Generation #36
17,66,0.001, 0.00474431, 0.00625591, 0.0172813, 0.0343456, 0.065052, 0.0650753, 0.370939, 0.39028, 1, 

15,93,0.001, 0.00474431, 0.00625591, 0.0343456, 0.0343456, 0.065052, 0.0650753, 0.287451, 1, 

23,63,0.001, 0.00474431, 0.00625591, 0.0172813, 0.0343456, 0.065052, 0.0650753, 0.178762, 0.368281, 0.561532, 0.602076, 0.632641, 0.631232, 0.659839, 0.751745, 0.814444, 1, 

14,1011,0.001, 0.00474431, 0.00625591, 0.0172813, 1, 

16,68,0.001, 0.00474431, 0.00625591, 0.0172813, 0.0343456, 0.065052, 0.0650753, 0.321171, 1, 

Generation #37
17,66,0.001, 0.00474431, 0.00625591, 0.0172813, 0.0343456, 0.065052, 0.0650753, 0.370939, 0.39028, 1, 

15,93,0.001, 0.00474431, 0.00625591, 0.0343456, 0.0343456, 0.065052, 0.0650753, 0.287451, 1, 

23,63,0.001, 0.00474431, 0.00625591, 0.0172813, 0.0343456, 0.065052, 0.0650753, 0.178762, 0.368281, 0.561532, 0.602076, 0.632641, 0.631232, 0.659839, 0.751745, 0.814444, 1, 

16,68,0.001, 0.00474431, 0.00625591, 0.0172813, 0.0343456, 0.065052, 0.0650753, 0.321171, 1, 

14,493,0.001, 0.00474431, 0.00625591, 0.0172813, 1, 

Generation #38
17,66,0.001, 0.00474431, 0.00625591, 0.0172813, 0.0343456, 0.065052, 0.0650753, 0.370939, 0.39028, 1, 

15,93,0.001, 0.00474431, 0.00625591, 0.0343456, 0.0343456, 0.065052, 0.0650753, 0.287451, 1, 

23,63,0.001, 0.00474431, 0.00625591, 0.0172813, 0.0343456, 0.065052, 0.0650753, 0.178762, 0.368281, 0.561532, 0.602076, 0.632641, 0.631232, 0.659839, 0.751745, 0.814444, 1, 

16,68,0.001, 0.00474431, 0.00625591, 0.0172813, 0.0343456, 0.065052, 0.0650753, 0.321171, 1, 

14,493,0.001, 0.00474431, 0.00625591, 0.0172813, 1, 

Generation #39
15,93,0.001, 0.00474431, 0.00625591, 0.0343456, 0.0343456, 0.065052, 0.0650753, 0.287451, 1, 

16,68,0.001, 0.00474431, 0.00625591, 0.0172813, 0.0343456, 0.065052, 0.0650753, 0.321171, 1, 

14,493,0.001, 0.00474431, 0.00625591, 0.0172813, 1, 

17,61,0.001, 0.00474431, 0.00625591, 0.0172813, 0.0343456, 0.065052, 0.178762, 0.568697, 0.368281, 1, 

Generation #40
15,93,0.001, 0.00474431, 0.00625591, 0.0343456, 0.0343456, 0.065052, 0.0650753, 0.287451, 1, 

16,68,0.001, 0.00474431, 0.00625591, 0.0172813, 0.0343456, 0.065052, 0.0650753, 0.321171, 1, 

14,493,0.001, 0.00474431, 0.00625591, 0.0172813, 1, 

17,61,0.001, 0.00474431, 0.00625591, 0.0172813, 0.0343456, 0.065052, 0.178762, 0.568697, 0.368281, 1, 

Generation #41
15,93,0.001, 0.00474431, 0.00625591, 0.0343456, 0.0343456, 0.065052, 0.0650753, 0.287451, 1, 

16,68,0.001, 0.00474431, 0.00625591, 0.0172813, 0.0343456, 0.065052, 0.0650753, 0.321171, 1, 

14,493,0.001, 0.00474431, 0.00625591, 0.0172813, 1, 

17,61,0.001, 0.00474431, 0.00625591, 0.0172813, 0.0343456, 0.065052, 0.178762, 0.568697, 0.368281, 1, 

Generation #42
15,93,0.001, 0.00474431, 0.00625591, 0.0343456, 0.0343456, 0.065052, 0.0650753, 0.287451, 1, 

16,68,0.001, 0.00474431, 0.00625591, 0.0172813, 0.0343456, 0.065052, 0.0650753, 0.321171, 1, 

14,493,0.001, 0.00474431, 0.00625591, 0.0172813, 1, 

17,61,0.001, 0.00474431, 0.00625591, 0.0172813, 0.0343456, 0.065052, 0.178762, 0.568697, 0.368281, 1, 

13,3703,0.001, 0.00474431, 1, 

Generation #43
16,68,0.001, 0.00474431, 0.00625591, 0.0172813, 0.0343456, 0.065052, 0.0650753, 0.321171, 1, 

14,493,0.001, 0.00474431, 0.00625591, 0.0172813, 1, 

17,61,0.001, 0.00474431, 0.00625591, 0.0172813, 0.0343456, 0.065052, 0.178762, 0.568697, 0.368281, 1, 

13,3703,0.001, 0.00474431, 1, 

15,91,0.001, 0.00474431, 0.00625591, 0.0343456, 0.0343456, 0.0650753, 0.287451, 1, 

Generation #44
16,68,0.001, 0.00474431, 0.00625591, 0.0172813, 0.0343456, 0.065052, 0.0650753, 0.321171, 1, 

14,493,0.001, 0.00474431, 0.00625591, 0.0172813, 1, 

17,61,0.001, 0.00474431, 0.00625591, 0.0172813, 0.0343456, 0.065052, 0.178762, 0.568697, 0.368281, 1, 

15,91,0.001, 0.00474431, 0.00625591, 0.0343456, 0.0343456, 0.0650753, 0.287451, 1, 

18,60,0.001, 0.00474431, 0.00625591, 0.0172813, 0.0343456, 0.065052, 0.0650753, 0.178762, 0.368281, 1, 

13,785,0.001, 0.00474431, 0.00625591, 0.0172813, 1, 

Generation #45
16,68,0.001, 0.00474431, 0.00625591, 0.0172813, 0.0343456, 0.065052, 0.0650753, 0.321171, 1, 

17,61,0.001, 0.00474431, 0.00625591, 0.0172813, 0.0343456, 0.065052, 0.178762, 0.568697, 0.368281, 1, 

15,91,0.001, 0.00474431, 0.00625591, 0.0343456, 0.0343456, 0.0650753, 0.287451, 1, 

18,60,0.001, 0.00474431, 0.00625591, 0.0172813, 0.0343456, 0.065052, 0.0650753, 0.178762, 0.368281, 1, 

13,785,0.001, 0.00474431, 0.00625591, 0.0172813, 1, 

14,130,0.001, 0.00474431, 0.00625591, 0.0172813, 0.0343456, 0.0650753, 1, 

Generation #46
16,68,0.001, 0.00474431, 0.00625591, 0.0172813, 0.0343456, 0.065052, 0.0650753, 0.321171, 1, 

17,61,0.001, 0.00474431, 0.00625591, 0.0172813, 0.0343456, 0.065052, 0.178762, 0.568697, 0.368281, 1, 

15,91,0.001, 0.00474431, 0.00625591, 0.0343456, 0.0343456, 0.0650753, 0.287451, 1, 

18,60,0.001, 0.00474431, 0.00625591, 0.0172813, 0.0343456, 0.065052, 0.0650753, 0.178762, 0.368281, 1, 

13,785,0.001, 0.00474431, 0.00625591, 0.0172813, 1, 

14,130,0.001, 0.00474431, 0.00625591, 0.0172813, 0.0343456, 0.0650753, 1, 

Generation #47
16,68,0.001, 0.00474431, 0.00625591, 0.0172813, 0.0343456, 0.065052, 0.0650753, 0.321171, 1, 

17,61,0.001, 0.00474431, 0.00625591, 0.0172813, 0.0343456, 0.065052, 0.178762, 0.568697, 0.368281, 1, 

15,91,0.001, 0.00474431, 0.00625591, 0.0343456, 0.0343456, 0.0650753, 0.287451, 1, 

18,60,0.001, 0.00474431, 0.00625591, 0.0172813, 0.0343456, 0.065052, 0.0650753, 0.178762, 0.368281, 1, 

13,785,0.001, 0.00474431, 0.00625591, 0.0172813, 1, 

14,130,0.001, 0.00474431, 0.00625591, 0.0172813, 0.0343456, 0.0650753, 1, 

Generation #48
16,68,0.001, 0.00474431, 0.00625591, 0.0172813, 0.0343456, 0.065052, 0.0650753, 0.321171, 1, 

17,61,0.001, 0.00474431, 0.00625591, 0.0172813, 0.0343456, 0.065052, 0.178762, 0.568697, 0.368281, 1, 

15,91,0.001, 0.00474431, 0.00625591, 0.0343456, 0.0343456, 0.0650753, 0.287451, 1, 

18,60,0.001, 0.00474431, 0.00625591, 0.0172813, 0.0343456, 0.065052, 0.0650753, 0.178762, 0.368281, 1, 

13,785,0.001, 0.00474431, 0.00625591, 0.0172813, 1, 

14,130,0.001, 0.00474431, 0.00625591, 0.0172813, 0.0343456, 0.0650753, 1, 

Generation #49
16,68,0.001, 0.00474431, 0.00625591, 0.0172813, 0.0343456, 0.065052, 0.0650753, 0.321171, 1, 

17,61,0.001, 0.00474431, 0.00625591, 0.0172813, 0.0343456, 0.065052, 0.178762, 0.568697, 0.368281, 1, 

15,91,0.001, 0.00474431, 0.00625591, 0.0343456, 0.0343456, 0.0650753, 0.287451, 1, 

18,60,0.001, 0.00474431, 0.00625591, 0.0172813, 0.0343456, 0.065052, 0.0650753, 0.178762, 0.368281, 1, 

13,785,0.001, 0.00474431, 0.00625591, 0.0172813, 1, 

14,130,0.001, 0.00474431, 0.00625591, 0.0172813, 0.0343456, 0.0650753, 1, 

--- Pareto Front Solutions ---
Solution 0: N total=44 (N_initial=28, N_added=16), Time total=75 ms, Saved to: ./results/2^30_t2_l4_pareto_0.csv, percents=0.001, 0.00474431, 0.00625591, 0.0172813, 0.0343456, 0.065052, 0.0650753, 0.321171, 1, 

Solution 1: N total=45 (N_initial=28, N_added=17), Time total=68 ms, Saved to: ./results/2^30_t2_l4_pareto_1.csv, percents=0.001, 0.00474431, 0.00625591, 0.0172813, 0.0343456, 0.065052, 0.178762, 0.568697, 0.368281, 1, 

Solution 2: N total=43 (N_initial=28, N_added=15), Time total=98 ms, Saved to: ./results/2^30_t2_l4_pareto_2.csv, percents=0.001, 0.00474431, 0.00625591, 0.0343456, 0.0343456, 0.0650753, 0.287451, 1, 

Solution 3: N total=46 (N_initial=28, N_added=18), Time total=67 ms, Saved to: ./results/2^30_t2_l4_pareto_3.csv, percents=0.001, 0.00474431, 0.00625591, 0.0172813, 0.0343456, 0.065052, 0.0650753, 0.178762, 0.368281, 1, 

Solution 4: N total=41 (N_initial=28, N_added=13), Time total=792 ms, Saved to: ./results/2^30_t2_l4_pareto_4.csv, percents=0.001, 0.00474431, 0.00625591, 0.0172813, 1, 

Solution 5: N total=42 (N_initial=28, N_added=14), Time total=137 ms, Saved to: ./results/2^30_t2_l4_pareto_5.csv, percents=0.001, 0.00474431, 0.00625591, 0.0172813, 0.0343456, 0.0650753, 1, 

