------------d=1, t=2, lambda=1, filename=./evaluation/Apache/Apache_2_1.csv------------
Grouping d-sets by partitioned row counts for detecting arrays...
Ready to look at pairs for detecting arrays...
First Stage N=60, Time=168
There are 42859 remaining non-locating pairs
--- Running GA Algorithm (phase2) ---
Running GA with std::execution::par
Generation #0
73,2584,0.001, 0.00563984, 0.0472926, 0.0698625, 0.0751163, 0.198198, 0.226628, 0.274555, 0.301448, 0.330416, 0.408317, 0.413537, 0.600954, 0.665264, 0.673547, 0.693171, 0.748014, 0.773028, 0.803385, 0.892334, 0.903401, 1, 

67,5908,0.001, 0.0537338, 0.106666, 0.111303, 0.348809, 0.39629, 0.452333, 0.476821, 0.529451, 0.635177, 0.648952, 0.726148, 0.943837, 0.951523, 1, 

63,8728,0.001, 0.0970704, 0.133815, 0.193307, 0.314824, 0.330009, 0.392028, 0.397921, 0.422169, 0.783244, 0.803073, 0.930679, 1, 

70,3313,0.001, 0.0141455, 0.0218816, 0.0456565, 0.126535, 0.171676, 0.223503, 0.360442, 0.365705, 0.45636, 0.479251, 0.508095, 0.573131, 0.69156, 0.698453, 0.828251, 0.841254, 0.951562, 1, 

66,6257,0.001, 0.0485364, 0.0638381, 0.103473, 0.112512, 0.157387, 0.207509, 0.233497, 0.34024, 0.425078, 0.623749, 0.642961, 0.77327, 0.821051, 0.86027, 0.97724, 1, 

Generation #1
62,1826,0.001, 0.0141455, 0.0218816, 0.0456565, 0.126535, 0.171676, 0.223503, 0.360442, 0.365705, 0.993654, 1, 

72,1471,0.001, 0.00563984, 0.0472926, 0.0698625, 0.0751163, 0.198198, 0.226628, 0.274555, 0.301448, 0.037669, 0.330416, 0.408317, 0.413537, 0.600954, 0.712898, 0.739363, 0.774425, 0.818322, 0.834638, 0.970637, 0.979585, 1, 

Generation #2
62,1826,0.001, 0.0141455, 0.0218816, 0.0456565, 0.126535, 0.171676, 0.223503, 0.360442, 0.365705, 0.993654, 1, 

69,1267,0.001, 0.00563984, 0.0472926, 0.0698625, 0.0751163, 0.198198, 0.134715, 0.142228, 0.147769, 0.164878, 0.182603, 0.226503, 0.233886, 0.0599984, 0.870795, 0.937226, 1, 

64,1333,0.001, 0.00563984, 0.0472926, 0.0698625, 0.0751163, 0.198198, 0.226628, 0.274555, 0.81168, 0.95616, 0.981794, 1, 

65,1328,0.001, 0.00563984, 0.0472926, 0.0698625, 0.0751163, 0.198198, 0.226628, 0.274555, 0.301448, 0.330416, 0.408317, 0.930431, 0.992145, 1, 

Generation #3
63,1167,0.001, 0.00563984, 0.0472926, 0.0698625, 0.0751163, 0.198198, 0.134715, 0.142228, 0.301448, 0.330416, 0.803073, 0.930679, 1, 

65,1127,0.001, 0.00563984, 0.0472926, 0.0698625, 0.0751163, 0.198198, 0.134715, 0.142228, 0.147769, 0.164878, 0.182603, 0.226503, 0.233886, 0.0599984, 0.870795, 1, 

60,3343,0.001, 0.0141455, 0.0218816, 0.0456565, 0.925691, 0.126535, 0.171676, 0.223503, 0.365705, 0.993654, 1, 

61,1630,0.001, 0.0141455, 0.0218816, 0.0456565, 0.126535, 0.171676, 0.223503, 0.360442, 0.365705, 0.993654, 1, 

Generation #4
63,1167,0.001, 0.00563984, 0.0472926, 0.0698625, 0.0751163, 0.198198, 0.134715, 0.142228, 0.301448, 0.330416, 0.803073, 0.930679, 1, 

65,1127,0.001, 0.00563984, 0.0472926, 0.0698625, 0.0751163, 0.198198, 0.134715, 0.142228, 0.147769, 0.164878, 0.182603, 0.226503, 0.233886, 0.0599984, 0.870795, 1, 

61,1630,0.001, 0.0141455, 0.0218816, 0.0456565, 0.126535, 0.171676, 0.223503, 0.360442, 0.365705, 0.993654, 1, 

59,1807,0.001, 0.00749773, 0.0835864, 0.0460126, 0.117633, 0.126995, 0.163411, 0.214394, 0.220679, 0.352849, 0.417959, 0.422481, 1, 

Generation #5
61,1630,0.001, 0.0141455, 0.0218816, 0.0456565, 0.126535, 0.171676, 0.223503, 0.360442, 0.365705, 0.993654, 1, 

59,1807,0.001, 0.00749773, 0.0835864, 0.0460126, 0.117633, 0.126995, 0.163411, 0.214394, 0.220679, 0.352849, 0.417959, 0.422481, 1, 

62,1218,0.001, 0.00563984, 0.0472926, 0.0698625, 0.0751163, 0.198198, 0.226628, 0.274555, 0.81168, 0.95616, 0.538969, 1, 

58,1960,0.001, 0.0141455, 0.0218816, 0.0456565, 0.126535, 0.171676, 0.643865, 0.749881, 0.83435, 0.852734, 1, 

63,1096,0.001, 0.00563984, 0.0472926, 0.0262016, 0.0663368, 0.198198, 0.134715, 0.142228, 0.480012, 0.650595, 0.662716, 0.705202, 0.789084, 1, 

Generation #6
63,1096,0.001, 0.00563984, 0.0472926, 0.0262016, 0.0663368, 0.198198, 0.134715, 0.142228, 0.480012, 0.650595, 0.662716, 0.705202, 0.789084, 1, 

58,1454,0.001, 0.00563984, 0.0472926, 0.0262016, 0.0663368, 0.100799, 0.519215, 0.365705, 0.993654, 1, 

62,1110,0.001, 0.00563984, 0.0472926, 0.0262016, 0.0663368, 0.100799, 0.519215, 0.529451, 0.756269, 0.365705, 0.993654, 1, 

66,995,0.001, 0.00563984, 0.0472926, 0.0698625, 0.0751163, 0.198198, 0.134715, 0.142228, 0.301448, 0.330416, 0.803073, 1, 

60,1162,0.001, 0.00563984, 0.0472926, 0.0698625, 0.0751163, 0.198198, 0.134715, 0.142228, 0.301448, 0.330416, 0.803073, 0.930679, 1, 

Generation #7
63,1096,0.001, 0.00563984, 0.0472926, 0.0262016, 0.0663368, 0.198198, 0.134715, 0.142228, 0.480012, 0.650595, 0.662716, 0.705202, 0.789084, 1, 

58,1454,0.001, 0.00563984, 0.0472926, 0.0262016, 0.0663368, 0.100799, 0.519215, 0.365705, 0.993654, 1, 

62,1110,0.001, 0.00563984, 0.0472926, 0.0262016, 0.0663368, 0.100799, 0.519215, 0.529451, 0.756269, 0.365705, 0.993654, 1, 

66,995,0.001, 0.00563984, 0.0472926, 0.0698625, 0.0751163, 0.198198, 0.134715, 0.142228, 0.301448, 0.330416, 0.803073, 1, 

60,1162,0.001, 0.00563984, 0.0472926, 0.0698625, 0.0751163, 0.198198, 0.134715, 0.142228, 0.301448, 0.330416, 0.803073, 0.930679, 1, 

59,1416,0.001, 0.00563984, 0.0472926, 0.0262016, 0.0663368, 0.100799, 0.519215, 0.365705, 0.365705, 0.993654, 1, 

Generation #8
58,1454,0.001, 0.00563984, 0.0472926, 0.0262016, 0.0663368, 0.100799, 0.519215, 0.365705, 0.993654, 1, 

60,1162,0.001, 0.00563984, 0.0472926, 0.0698625, 0.0751163, 0.198198, 0.134715, 0.142228, 0.301448, 0.330416, 0.803073, 0.930679, 1, 

59,1416,0.001, 0.00563984, 0.0472926, 0.0262016, 0.0663368, 0.100799, 0.519215, 0.365705, 0.365705, 0.993654, 1, 

61,888,0.001, 0.00563984, 0.0218816, 0.0456565, 0.126535, 0.171676, 0.223503, 0.360442, 0.301448, 0.95616, 0.981794, 1, 

Generation #9
58,1454,0.001, 0.00563984, 0.0472926, 0.0262016, 0.0663368, 0.100799, 0.519215, 0.365705, 0.993654, 1, 

61,888,0.001, 0.00563984, 0.0218816, 0.0456565, 0.126535, 0.171676, 0.223503, 0.360442, 0.301448, 0.95616, 0.981794, 1, 

59,1272,0.001, 0.00563984, 0.0472926, 0.126535, 0.171676, 0.223503, 0.211271, 0.22996, 1, 

60,1112,0.001, 0.00563984, 0.0472926, 0.0262016, 0.0663368, 0.100799, 0.519215, 0.529451, 0.22996, 1, 

Generation #10
61,888,0.001, 0.00563984, 0.0218816, 0.0456565, 0.126535, 0.171676, 0.223503, 0.360442, 0.301448, 0.95616, 0.981794, 1, 

59,1272,0.001, 0.00563984, 0.0472926, 0.126535, 0.171676, 0.223503, 0.211271, 0.22996, 1, 

60,1098,0.001, 0.00563984, 0.0218816, 0.0456565, 0.126535, 0.198198, 0.134715, 0.142228, 0.301448, 0.330416, 1, 

58,1449,0.001, 0.00563984, 0.0472926, 0.0262016, 0.0663368, 0.100799, 0.519215, 0.529451, 0.22996, 1, 

Generation #11
61,888,0.001, 0.00563984, 0.0218816, 0.0456565, 0.126535, 0.171676, 0.223503, 0.360442, 0.301448, 0.95616, 0.981794, 1, 

59,1272,0.001, 0.00563984, 0.0472926, 0.126535, 0.171676, 0.223503, 0.211271, 0.22996, 1, 

60,1098,0.001, 0.00563984, 0.0218816, 0.0456565, 0.126535, 0.198198, 0.134715, 0.142228, 0.301448, 0.330416, 1, 

58,1282,0.001, 0.00563984, 0.037516, 0.040253, 0.0663368, 0.100799, 0.519215, 0.365705, 0.993654, 1, 

Generation #12
61,888,0.001, 0.00563984, 0.0218816, 0.0456565, 0.126535, 0.171676, 0.223503, 0.360442, 0.301448, 0.95616, 0.981794, 1, 

57,1958,0.001, 0.00563984, 0.0472926, 0.35409, 0.0663368, 0.198198, 0.134715, 0.142228, 0.22996, 1, 

60,1019,0.001, 0.00563984, 0.0218816, 0.0456565, 0.0663368, 0.100799, 0.519215, 0.529451, 0.147769, 1, 

58,1214,0.001, 0.00563984, 0.0472926, 0.126535, 0.171676, 0.223503, 0.211271, 0.22996, 1, 

Generation #13
57,1958,0.001, 0.00563984, 0.0472926, 0.35409, 0.0663368, 0.198198, 0.134715, 0.142228, 0.22996, 1, 

60,1019,0.001, 0.00563984, 0.0218816, 0.0456565, 0.0663368, 0.100799, 0.519215, 0.529451, 0.147769, 1, 

58,1214,0.001, 0.00563984, 0.0472926, 0.126535, 0.171676, 0.223503, 0.211271, 0.22996, 1, 

61,876,0.001, 0.00563984, 0.0218816, 0.0456565, 0.126535, 0.198198, 0.134715, 0.142228, 0.301448, 0.330416, 1, 

Generation #14
57,1958,0.001, 0.00563984, 0.0472926, 0.35409, 0.0663368, 0.198198, 0.134715, 0.142228, 0.22996, 1, 

58,1214,0.001, 0.00563984, 0.0472926, 0.126535, 0.171676, 0.223503, 0.211271, 0.22996, 1, 

61,876,0.001, 0.00563984, 0.0218816, 0.0456565, 0.126535, 0.198198, 0.134715, 0.142228, 0.301448, 0.330416, 1, 

59,899,0.001, 0.00563984, 0.0218816, 0.0262016, 0.0663368, 0.100799, 0.519215, 0.223503, 0.852734, 1, 

Generation #15
57,1958,0.001, 0.00563984, 0.0472926, 0.35409, 0.0663368, 0.198198, 0.134715, 0.142228, 0.22996, 1, 

60,809,0.001, 0.00563984, 0.0218816, 0.0262016, 0.0663368, 0.100799, 0.519215, 0.365705, 0.365705, 0.993654, 1, 

58,896,0.001, 0.00563984, 0.0218816, 0.0210911, 0.0663368, 0.100799, 0.519215, 0.365705, 0.993654, 1, 

Generation #16
60,809,0.001, 0.00563984, 0.0218816, 0.0262016, 0.0663368, 0.100799, 0.519215, 0.365705, 0.365705, 0.993654, 1, 

58,896,0.001, 0.00563984, 0.0218816, 0.0210911, 0.0663368, 0.100799, 0.519215, 0.365705, 0.993654, 1, 

57,1245,0.001, 0.00563984, 0.0218816, 0.0210911, 0.0663368, 0.223503, 0.211271, 0.22996, 1, 

Generation #17
60,809,0.001, 0.00563984, 0.0218816, 0.0262016, 0.0663368, 0.100799, 0.519215, 0.365705, 0.365705, 0.993654, 1, 

58,896,0.001, 0.00563984, 0.0218816, 0.0210911, 0.0663368, 0.100799, 0.519215, 0.365705, 0.993654, 1, 

57,1245,0.001, 0.00563984, 0.0218816, 0.0210911, 0.0663368, 0.223503, 0.211271, 0.22996, 1, 

Generation #18
60,809,0.001, 0.00563984, 0.0218816, 0.0262016, 0.0663368, 0.100799, 0.519215, 0.365705, 0.365705, 0.993654, 1, 

58,896,0.001, 0.00563984, 0.0218816, 0.0210911, 0.0663368, 0.100799, 0.519215, 0.365705, 0.993654, 1, 

57,1245,0.001, 0.00563984, 0.0218816, 0.0210911, 0.0663368, 0.223503, 0.211271, 0.22996, 1, 

59,816,0.001, 0.00563984, 0.0218816, 0.0262016, 0.0663368, 0.100799, 0.519215, 0.223503, 0.852734, 1, 

Generation #19
60,809,0.001, 0.00563984, 0.0218816, 0.0262016, 0.0663368, 0.100799, 0.519215, 0.365705, 0.365705, 0.993654, 1, 

58,896,0.001, 0.00563984, 0.0218816, 0.0210911, 0.0663368, 0.100799, 0.519215, 0.365705, 0.993654, 1, 

57,1245,0.001, 0.00563984, 0.0218816, 0.0210911, 0.0663368, 0.223503, 0.211271, 0.22996, 1, 

59,816,0.001, 0.00563984, 0.0218816, 0.0262016, 0.0663368, 0.100799, 0.519215, 0.223503, 0.852734, 1, 

Generation #20
60,809,0.001, 0.00563984, 0.0218816, 0.0262016, 0.0663368, 0.100799, 0.519215, 0.365705, 0.365705, 0.993654, 1, 

59,816,0.001, 0.00563984, 0.0218816, 0.0262016, 0.0663368, 0.100799, 0.519215, 0.223503, 0.852734, 1, 

58,895,0.001, 0.00563984, 0.0218816, 0.0262016, 0.0663368, 0.100799, 0.519215, 0.365705, 0.365705, 1, 

61,750,0.001, 0.00563984, 0.0218816, 0.0262016, 0.0663368, 0.100799, 0.226628, 0.223503, 0.852734, 1, 

57,1083,0.001, 0.00563984, 0.0218816, 0.0456565, 0.126535, 0.198198, 0.134715, 0.142228, 1, 

Generation #21
61,750,0.001, 0.00563984, 0.0218816, 0.0262016, 0.0663368, 0.100799, 0.226628, 0.223503, 0.852734, 1, 

57,1083,0.001, 0.00563984, 0.0218816, 0.0456565, 0.126535, 0.198198, 0.134715, 0.142228, 1, 

58,806,0.001, 0.00563984, 0.0218816, 0.0262016, 0.0663368, 0.100799, 0.519215, 0.142228, 0.22996, 1, 

Generation #22
61,750,0.001, 0.00563984, 0.0218816, 0.0262016, 0.0663368, 0.100799, 0.226628, 0.223503, 0.852734, 1, 

57,1083,0.001, 0.00563984, 0.0218816, 0.0456565, 0.126535, 0.198198, 0.134715, 0.142228, 1, 

58,806,0.001, 0.00563984, 0.0218816, 0.0262016, 0.0663368, 0.100799, 0.519215, 0.142228, 0.22996, 1, 

Generation #23
61,750,0.001, 0.00563984, 0.0218816, 0.0262016, 0.0663368, 0.100799, 0.226628, 0.223503, 0.852734, 1, 

57,1083,0.001, 0.00563984, 0.0218816, 0.0456565, 0.126535, 0.198198, 0.134715, 0.142228, 1, 

58,806,0.001, 0.00563984, 0.0218816, 0.0262016, 0.0663368, 0.100799, 0.519215, 0.142228, 0.22996, 1, 

Generation #24
61,750,0.001, 0.00563984, 0.0218816, 0.0262016, 0.0663368, 0.100799, 0.226628, 0.223503, 0.852734, 1, 

58,806,0.001, 0.00563984, 0.0218816, 0.0262016, 0.0663368, 0.100799, 0.519215, 0.142228, 0.22996, 1, 

57,941,0.001, 0.00563984, 0.0218816, 0.0262016, 0.0663368, 0.100799, 0.519215, 0.306004, 0.365705, 1, 

Generation #25
61,750,0.001, 0.00563984, 0.0218816, 0.0262016, 0.0663368, 0.100799, 0.226628, 0.223503, 0.852734, 1, 

58,806,0.001, 0.00563984, 0.0218816, 0.0262016, 0.0663368, 0.100799, 0.519215, 0.142228, 0.22996, 1, 

55,918,0.001, 0.00563984, 0.0218816, 0.0456565, 0.126535, 0.100799, 0.226628, 0.223503, 0.852734, 1, 

60,792,0.001, 0.00563984, 0.0218816, 0.0210911, 0.0663368, 0.100799, 0.338962, 0.519215, 0.223503, 0.852734, 1, 
