------------d=1, t=2, lambda=1, filename=./evaluation/Apache/Apache_2_1.csv------------
Grouping d-sets by partitioned row counts for detecting arrays...
Ready to look at pairs for detecting arrays...
First Stage N=60, Time=154
There are 42859 remaining non-locating pairs
--- Running Density Algorithm (phase2_ce) for Locating ---
  (CE) DEBUG: Trying to distinguish 42859 pairs. Example:
       Pair 0: (0,75,),(1,0,)  vs (16,31,),(1,0,)  (already separated 0 times)
  (CE) Using greedy column-by-column strategy.
  (CE) Row 70 built (best score: 1042). 8492 pairs remaining to distinguish.
  (CE) Row 80 built (best score: 301). 2434 pairs remaining to distinguish.
  (CE) Row 90 built (best score: 112). 669 pairs remaining to distinguish.
  (CE) Row 100 built (best score: 28). 181 pairs remaining to distinguish.
  (CE) Row 110 built (best score: 7). 33 pairs remaining to distinguish.
  (CE) Row 119 built (best score: 2). 0 pairs remaining to distinguish.
--- Pareto Front Solutions ---
Solution 0: N total=119 (N_initial=60, N_added=59), Time total=25584 ms, Saved to: ./results/Apache_t2_l1_pareto_0.csv, percents=1, 

------------d=1, t=2, lambda=2, filename=./evaluation/Apache/Apache_2_2.csv------------
Grouping d-sets by partitioned row counts for detecting arrays...
Ready to look at pairs for detecting arrays...
First Stage N=60, Time=143
There are 42859 remaining non-locating pairs
--- Running Density Algorithm (phase2_ce) for Locating ---
  (CE) DEBUG: Trying to distinguish 42859 pairs. Example:
       Pair 0: (0,75,),(1,0,)  vs (16,31,),(1,0,)  (already separated 0 times)
  (CE) Using greedy column-by-column strategy.
  (CE) Row 70 built (best score: 2775). 20223 pairs remaining to distinguish.
  (CE) Row 80 built (best score: 1089). 10433 pairs remaining to distinguish.
  (CE) Row 90 built (best score: 535). 4443 pairs remaining to distinguish.
  (CE) Row 100 built (best score: 215). 1703 pairs remaining to distinguish.
  (CE) Row 110 built (best score: 78). 633 pairs remaining to distinguish.
  (CE) Row 120 built (best score: 27). 202 pairs remaining to distinguish.
  (CE) Row 130 built (best score: 11). 59 pairs remaining to distinguish.
  (CE) Row 140 built (best score: 1). 3 pairs remaining to distinguish.
  (CE) Row 143 built (best score: 1). 0 pairs remaining to distinguish.
--- Pareto Front Solutions ---
Solution 0: N total=143 (N_initial=60, N_added=83), Time total=50693 ms, Saved to: ./results/Apache_t2_l2_pareto_0.csv, percents=1, 

------------d=1, t=2, lambda=3, filename=./evaluation/Apache/Apache_2_3.csv------------
Grouping d-sets by partitioned row counts for detecting arrays...
Ready to look at pairs for detecting arrays...
First Stage N=90, Time=170
There are 7962 remaining non-locating pairs
--- Running Density Algorithm (phase2_ce) for Locating ---
  (CE) DEBUG: Trying to distinguish 7962 pairs. Example:
       Pair 0: (27,114,),(1,1,)  vs (113,138,),(0,0,)  (already separated 0 times)
  (CE) Using greedy column-by-column strategy.
  (CE) Row 100 built (best score: 773). 5319 pairs remaining to distinguish.
  (CE) Row 110 built (best score: 387). 3356 pairs remaining to distinguish.
  (CE) Row 120 built (best score: 281). 2467 pairs remaining to distinguish.
  (CE) Row 130 built (best score: 129). 1206 pairs remaining to distinguish.
  (CE) Row 140 built (best score: 61). 493 pairs remaining to distinguish.
  (CE) Row 150 built (best score: 20). 172 pairs remaining to distinguish.
  (CE) Row 160 built (best score: 9). 48 pairs remaining to distinguish.
  (CE) Row 170 built (best score: 2). 2 pairs remaining to distinguish.
  (CE) Row 172 built (best score: 1). 0 pairs remaining to distinguish.
--- Pareto Front Solutions ---
Solution 0: N total=172 (N_initial=90, N_added=82), Time total=14586 ms, Saved to: ./results/Apache_t2_l3_pareto_0.csv, percents=1, 

------------d=1, t=2, lambda=4, filename=./evaluation/Apache/Apache_2_4.csv------------
Grouping d-sets by partitioned row counts for detecting arrays...
Ready to look at pairs for detecting arrays...
First Stage N=120, Time=217
There are 3092 remaining non-locating pairs
--- Running Density Algorithm (phase2_ce) for Locating ---
  (CE) DEBUG: Trying to distinguish 3092 pairs. Example:
       Pair 0: (50,69,),(1,1,)  vs (62,109,),(0,1,)  (already separated 0 times)
  (CE) Using greedy column-by-column strategy.
  (CE) Row 130 built (best score: 438). 2541 pairs remaining to distinguish.
  (CE) Row 140 built (best score: 197). 1650 pairs remaining to distinguish.
  (CE) Row 150 built (best score: 155). 1337 pairs remaining to distinguish.
  (CE) Row 160 built (best score: 115). 1063 pairs remaining to distinguish.
  (CE) Row 170 built (best score: 65). 602 pairs remaining to distinguish.
  (CE) Row 180 built (best score: 36). 272 pairs remaining to distinguish.
  (CE) Row 190 built (best score: 15). 101 pairs remaining to distinguish.
  (CE) Row 200 built (best score: 4). 26 pairs remaining to distinguish.
  (CE) Row 210 built (best score: 1). 2 pairs remaining to distinguish.
  (CE) Row 212 built (best score: 1). 0 pairs remaining to distinguish.
--- Pareto Front Solutions ---
Solution 0: N total=212 (N_initial=120, N_added=92), Time total=7036 ms, Saved to: ./results/Apache_t2_l4_pareto_0.csv, percents=1, 

