------------d=1, t=2, lambda=1, filename=./evaluation/Apache/Apache_2_1.csv------------
Grouping d-sets by partitioned row counts for detecting arrays...
Ready to look at pairs for detecting arrays...
First Stage N=60, Time=155
There are 42859 remaining non-locating pairs
--- Running GA Algorithm (phase2) ---
Running GA with std::execution::par
Generation #0
75,2995,0.001, 0.00563984, 0.0472926, 0.0698625, 0.0751163, 0.198198, 0.226628, 0.274555, 0.301448, 0.330416, 0.408317, 0.413537, 0.600954, 0.665264, 0.673547, 0.693171, 0.748014, 0.773028, 0.803385, 0.892334, 0.903401, 1, 

66,3182,0.001, 0.0141455, 0.0218816, 0.0456565, 0.126535, 0.171676, 0.223503, 0.360442, 0.365705, 0.45636, 0.479251, 0.508095, 0.573131, 0.69156, 0.698453, 0.828251, 0.841254, 0.951562, 1, 

63,11386,0.001, 0.114574, 0.207754, 0.488192, 0.608378, 0.656133, 0.80047, 0.927298, 0.950905, 0.999048, 1, 

79,2615,0.001, 0.0110509, 0.0391854, 0.0928903, 0.129683, 0.148351, 0.15305, 0.161136, 0.234665, 0.262227, 0.262612, 0.288228, 0.29071, 0.387741, 0.387959, 0.439057, 0.598829, 0.623264, 0.646717, 0.734431, 0.75492, 0.778334, 0.828504, 0.918703, 0.937746, 1, 

65,6349,0.001, 0.0498482, 0.216652, 0.249468, 0.280081, 0.356849, 0.456092, 0.578588, 0.814896, 0.815772, 0.872318, 0.886671, 0.887786, 1, 

Generation #1
61,2402,0.001, 0.0211516, 0.0392133, 0.0765168, 0.119161, 0.216399, 0.246362, 0.932469, 0.993654, 1, 

64,1141,0.001, 0.00563984, 0.0472926, 0.0698625, 0.0751163, 0.198198, 0.226628, 0.274555, 0.301448, 0.330416, 0.408317, 0.413537, 0.600954, 0.968709, 0.984495, 1, 

Generation #2
61,2402,0.001, 0.0211516, 0.0392133, 0.0765168, 0.119161, 0.216399, 0.246362, 0.932469, 0.993654, 1, 

64,1141,0.001, 0.00563984, 0.0472926, 0.0698625, 0.0751163, 0.198198, 0.226628, 0.274555, 0.301448, 0.330416, 0.408317, 0.413537, 0.600954, 0.968709, 0.984495, 1, 

65,1076,0.001, 0.00563984, 0.0472926, 0.0698625, 0.0751163, 0.198198, 0.226628, 0.274555, 0.301448, 0.993654, 1, 

62,2122,0.001, 0.016831, 0.0528152, 0.0980615, 0.106911, 0.119235, 0.80047, 0.927298, 0.950905, 0.999048, 1, 

Generation #3
64,1141,0.001, 0.00563984, 0.0472926, 0.0698625, 0.0751163, 0.198198, 0.226628, 0.274555, 0.301448, 0.330416, 0.408317, 0.413537, 0.600954, 0.968709, 0.984495, 1, 

65,1076,0.001, 0.00563984, 0.0472926, 0.0698625, 0.0751163, 0.198198, 0.226628, 0.274555, 0.301448, 0.993654, 1, 

61,1535,0.001, 0.00563984, 0.0472926, 0.0698625, 0.0751163, 0.198198, 0.210881, 0.23582, 0.244813, 0.999048, 1, 

62,1479,0.001, 0.00563984, 0.0472926, 0.0698625, 0.0751163, 0.198198, 0.210881, 0.23582, 0.244813, 0.939807, 1, 

60,2134,0.001, 0.016774, 0.0547898, 0.114905, 0.113439, 0.204664, 0.210881, 0.23582, 0.244813, 0.45636, 1, 

Generation #4
61,1535,0.001, 0.00563984, 0.0472926, 0.0698625, 0.0751163, 0.198198, 0.210881, 0.23582, 0.244813, 0.999048, 1, 

58,2068,0.001, 0.016831, 0.0528152, 0.0980615, 0.106911, 0.487772, 0.620769, 0.816555, 0.932469, 0.993654, 1, 

62,1067,0.001, 0.00563984, 0.0472926, 0.0698625, 0.0751163, 0.198198, 0.226628, 0.274555, 0.301448, 0.330416, 1, 

Generation #5
58,2068,0.001, 0.016831, 0.0528152, 0.0980615, 0.106911, 0.487772, 0.620769, 0.816555, 0.932469, 0.993654, 1, 

62,1067,0.001, 0.00563984, 0.0472926, 0.0698625, 0.0751163, 0.198198, 0.226628, 0.274555, 0.301448, 0.330416, 1, 

61,1163,0.001, 0.00563984, 0.0472926, 0.0698625, 0.0751163, 0.198198, 0.226628, 0.274555, 0.301448, 1, 

60,1326,0.001, 0.00563984, 0.0472926, 0.0698625, 0.0751163, 0.198198, 0.210881, 0.23582, 0.244813, 0.939807, 1, 

59,1658,0.001, 0.0110509, 0.0391854, 0.111303, 0.374763, 0.126535, 0.171676, 0.223503, 0.360442, 0.939807, 1, 

Generation #6
58,2068,0.001, 0.016831, 0.0528152, 0.0980615, 0.106911, 0.487772, 0.620769, 0.816555, 0.932469, 0.993654, 1, 

62,1067,0.001, 0.00563984, 0.0472926, 0.0698625, 0.0751163, 0.198198, 0.226628, 0.274555, 0.301448, 0.330416, 1, 

61,1163,0.001, 0.00563984, 0.0472926, 0.0698625, 0.0751163, 0.198198, 0.226628, 0.274555, 0.301448, 1, 

59,1261,0.001, 0.00563984, 0.0472926, 0.0751163, 0.216399, 0.246362, 0.932469, 0.993654, 1, 

Generation #7
58,1031,0.001, 0.00563984, 0.0472926, 0.0698625, 0.0751163, 0.198198, 0.226628, 0.274555, 0.301448, 0.330416, 1, 

65,987,0.001, 0.00563984, 0.0472926, 0.0698625, 0.129683, 0.148351, 0.15305, 0.161136, 0.234665, 0.262227, 0.262612, 0.288228, 0.600954, 0.968709, 0.984495, 1, 

60,1027,0.001, 0.00563984, 0.0472926, 0.0698625, 0.0751163, 0.198198, 0.226628, 0.932469, 0.993654, 1, 

Generation #8
58,1031,0.001, 0.00563984, 0.0472926, 0.0698625, 0.0751163, 0.198198, 0.226628, 0.274555, 0.301448, 0.330416, 1, 

60,1027,0.001, 0.00563984, 0.0472926, 0.0698625, 0.0751163, 0.198198, 0.226628, 0.932469, 0.993654, 1, 

61,975,0.001, 0.00563984, 0.0472926, 0.0698625, 0.0751163, 0.198198, 0.226628, 0.274555, 0.301448, 0.993654, 1, 

Generation #9
58,1031,0.001, 0.00563984, 0.0472926, 0.0698625, 0.0751163, 0.198198, 0.226628, 0.274555, 0.301448, 0.330416, 1, 

60,1027,0.001, 0.00563984, 0.0472926, 0.0698625, 0.0751163, 0.198198, 0.226628, 0.932469, 0.993654, 1, 

61,975,0.001, 0.00563984, 0.0472926, 0.0698625, 0.0751163, 0.198198, 0.226628, 0.274555, 0.301448, 0.993654, 1, 

Generation #10
58,1031,0.001, 0.00563984, 0.0472926, 0.0698625, 0.0751163, 0.198198, 0.226628, 0.274555, 0.301448, 0.330416, 1, 

60,1027,0.001, 0.00563984, 0.0472926, 0.0698625, 0.0751163, 0.198198, 0.226628, 0.932469, 0.993654, 1, 

61,975,0.001, 0.00563984, 0.0472926, 0.0698625, 0.0751163, 0.198198, 0.226628, 0.274555, 0.301448, 0.993654, 1, 

62,927,0.001, 0.00563984, 0.0472926, 0.0698625, 0.0751163, 0.198198, 0.226628, 0.274555, 0.301448, 0.330416, 1, 

Generation #11
58,1031,0.001, 0.00563984, 0.0472926, 0.0698625, 0.0751163, 0.198198, 0.226628, 0.274555, 0.301448, 0.330416, 1, 

60,1027,0.001, 0.00563984, 0.0472926, 0.0698625, 0.0751163, 0.198198, 0.226628, 0.932469, 0.993654, 1, 

61,975,0.001, 0.00563984, 0.0472926, 0.0698625, 0.0751163, 0.198198, 0.226628, 0.274555, 0.301448, 0.993654, 1, 

62,927,0.001, 0.00563984, 0.0472926, 0.0698625, 0.0751163, 0.198198, 0.226628, 0.274555, 0.301448, 0.330416, 1, 

Generation #12
58,1031,0.001, 0.00563984, 0.0472926, 0.0698625, 0.0751163, 0.198198, 0.226628, 0.274555, 0.301448, 0.330416, 1, 

61,975,0.001, 0.00563984, 0.0472926, 0.0698625, 0.0751163, 0.198198, 0.226628, 0.274555, 0.301448, 0.993654, 1, 

62,927,0.001, 0.00563984, 0.0472926, 0.0698625, 0.0751163, 0.198198, 0.226628, 0.274555, 0.301448, 0.330416, 1, 

60,1023,0.001, 0.00563984, 0.0391854, 0.040253, 0.075425, 0.14546, 0.153692, 0.223503, 1, 

Generation #13
58,1031,0.001, 0.00563984, 0.0472926, 0.0698625, 0.0751163, 0.198198, 0.226628, 0.274555, 0.301448, 0.330416, 1, 

61,975,0.001, 0.00563984, 0.0472926, 0.0698625, 0.0751163, 0.198198, 0.226628, 0.274555, 0.301448, 0.993654, 1, 

62,927,0.001, 0.00563984, 0.0472926, 0.0698625, 0.0751163, 0.198198, 0.226628, 0.274555, 0.301448, 0.330416, 1, 

60,1023,0.001, 0.00563984, 0.0391854, 0.040253, 0.075425, 0.14546, 0.153692, 0.223503, 1, 

Generation #14
58,1031,0.001, 0.00563984, 0.0472926, 0.0698625, 0.0751163, 0.198198, 0.226628, 0.274555, 0.301448, 0.330416, 1, 

73,879,0.001, 0.00563984, 0.0472926, 0.0751163, 0.129683, 0.148351, 0.15305, 0.161136, 0.234665, 0.408317, 0.413537, 0.600954, 0.968709, 0.984495, 0.439057, 0.598829, 0.759817, 0.761045, 0.79815, 0.843834, 0.85952, 0.956795, 1, 

60,893,0.001, 0.00563984, 0.037516, 0.040253, 0.075425, 0.14546, 0.226628, 0.161136, 0.234665, 1, 

Generation #15
58,1031,0.001, 0.00563984, 0.0472926, 0.0698625, 0.0751163, 0.198198, 0.226628, 0.274555, 0.301448, 0.330416, 1, 

73,879,0.001, 0.00563984, 0.0472926, 0.0751163, 0.129683, 0.148351, 0.15305, 0.161136, 0.234665, 0.408317, 0.413537, 0.600954, 0.968709, 0.984495, 0.439057, 0.598829, 0.759817, 0.761045, 0.79815, 0.843834, 0.85952, 0.956795, 1, 

60,893,0.001, 0.00563984, 0.037516, 0.040253, 0.075425, 0.14546, 0.226628, 0.161136, 0.234665, 1, 

59,985,0.001, 0.00563984, 0.037516, 0.040253, 0.075425, 0.14546, 0.15305, 0.234665, 1, 

57,13430,0.001, 0.00563984, 0.699591, 0.0698625, 0.0751163, 0.198198, 0.171676, 0.223503, 1, 

Generation #16
58,1031,0.001, 0.00563984, 0.0472926, 0.0698625, 0.0751163, 0.198198, 0.226628, 0.274555, 0.301448, 0.330416, 1, 

73,879,0.001, 0.00563984, 0.0472926, 0.0751163, 0.129683, 0.148351, 0.15305, 0.161136, 0.234665, 0.408317, 0.413537, 0.600954, 0.968709, 0.984495, 0.439057, 0.598829, 0.759817, 0.761045, 0.79815, 0.843834, 0.85952, 0.956795, 1, 

60,893,0.001, 0.00563984, 0.037516, 0.040253, 0.075425, 0.14546, 0.226628, 0.161136, 0.234665, 1, 

59,985,0.001, 0.00563984, 0.037516, 0.040253, 0.075425, 0.14546, 0.15305, 0.234665, 1, 

57,13430,0.001, 0.00563984, 0.699591, 0.0698625, 0.0751163, 0.198198, 0.171676, 0.223503, 1, 

Generation #17
58,1031,0.001, 0.00563984, 0.0472926, 0.0698625, 0.0751163, 0.198198, 0.226628, 0.274555, 0.301448, 0.330416, 1, 

73,879,0.001, 0.00563984, 0.0472926, 0.0751163, 0.129683, 0.148351, 0.15305, 0.161136, 0.234665, 0.408317, 0.413537, 0.600954, 0.968709, 0.984495, 0.439057, 0.598829, 0.759817, 0.761045, 0.79815, 0.843834, 0.85952, 0.956795, 1, 

60,893,0.001, 0.00563984, 0.037516, 0.040253, 0.075425, 0.14546, 0.226628, 0.161136, 0.234665, 1, 

59,985,0.001, 0.00563984, 0.037516, 0.040253, 0.075425, 0.14546, 0.15305, 0.234665, 1, 

57,13430,0.001, 0.00563984, 0.699591, 0.0698625, 0.0751163, 0.198198, 0.171676, 0.223503, 1, 

Generation #18
58,1031,0.001, 0.00563984, 0.0472926, 0.0698625, 0.0751163, 0.198198, 0.226628, 0.274555, 0.301448, 0.330416, 1, 

73,879,0.001, 0.00563984, 0.0472926, 0.0751163, 0.129683, 0.148351, 0.15305, 0.161136, 0.234665, 0.408317, 0.413537, 0.600954, 0.968709, 0.984495, 0.439057, 0.598829, 0.759817, 0.761045, 0.79815, 0.843834, 0.85952, 0.956795, 1, 

60,893,0.001, 0.00563984, 0.037516, 0.040253, 0.075425, 0.14546, 0.226628, 0.161136, 0.234665, 1, 

59,985,0.001, 0.00563984, 0.037516, 0.040253, 0.075425, 0.14546, 0.15305, 0.234665, 1, 

57,13430,0.001, 0.00563984, 0.699591, 0.0698625, 0.0751163, 0.198198, 0.171676, 0.223503, 1, 

Generation #19
58,1031,0.001, 0.00563984, 0.0472926, 0.0698625, 0.0751163, 0.198198, 0.226628, 0.274555, 0.301448, 0.330416, 1, 

73,879,0.001, 0.00563984, 0.0472926, 0.0751163, 0.129683, 0.148351, 0.15305, 0.161136, 0.234665, 0.408317, 0.413537, 0.600954, 0.968709, 0.984495, 0.439057, 0.598829, 0.759817, 0.761045, 0.79815, 0.843834, 0.85952, 0.956795, 1, 

60,893,0.001, 0.00563984, 0.037516, 0.040253, 0.075425, 0.14546, 0.226628, 0.161136, 0.234665, 1, 

59,985,0.001, 0.00563984, 0.037516, 0.040253, 0.075425, 0.14546, 0.15305, 0.234665, 1, 

57,13430,0.001, 0.00563984, 0.699591, 0.0698625, 0.0751163, 0.198198, 0.171676, 0.223503, 1, 

Generation #20
73,879,0.001, 0.00563984, 0.0472926, 0.0751163, 0.129683, 0.148351, 0.15305, 0.161136, 0.234665, 0.408317, 0.413537, 0.600954, 0.968709, 0.984495, 0.439057, 0.598829, 0.759817, 0.761045, 0.79815, 0.843834, 0.85952, 0.956795, 1, 

60,893,0.001, 0.00563984, 0.037516, 0.040253, 0.075425, 0.14546, 0.226628, 0.161136, 0.234665, 1, 

59,985,0.001, 0.00563984, 0.037516, 0.040253, 0.075425, 0.14546, 0.15305, 0.234665, 1, 

57,1000,0.001, 0.00563984, 0.037516, 0.040253, 0.075425, 0.14546, 0.15305, 0.234665, 1, 

Generation #21
73,879,0.001, 0.00563984, 0.0472926, 0.0751163, 0.129683, 0.148351, 0.15305, 0.161136, 0.234665, 0.408317, 0.413537, 0.600954, 0.968709, 0.984495, 0.439057, 0.598829, 0.759817, 0.761045, 0.79815, 0.843834, 0.85952, 0.956795, 1, 

60,893,0.001, 0.00563984, 0.037516, 0.040253, 0.075425, 0.14546, 0.226628, 0.161136, 0.234665, 1, 

59,985,0.001, 0.00563984, 0.037516, 0.040253, 0.075425, 0.14546, 0.15305, 0.234665, 1, 

57,1000,0.001, 0.00563984, 0.037516, 0.040253, 0.075425, 0.14546, 0.15305, 0.234665, 1, 

Generation #22
73,879,0.001, 0.00563984, 0.0472926, 0.0751163, 0.129683, 0.148351, 0.15305, 0.161136, 0.234665, 0.408317, 0.413537, 0.600954, 0.968709, 0.984495, 0.439057, 0.598829, 0.759817, 0.761045, 0.79815, 0.843834, 0.85952, 0.956795, 1, 

60,893,0.001, 0.00563984, 0.037516, 0.040253, 0.075425, 0.14546, 0.226628, 0.161136, 0.234665, 1, 

57,1000,0.001, 0.00563984, 0.037516, 0.040253, 0.075425, 0.14546, 0.15305, 0.234665, 1, 

59,941,0.001, 0.00563984, 0.037516, 0.040253, 0.075425, 0.14546, 0.226628, 0.161136, 0.234665, 1, 

Generation #23
73,879,0.001, 0.00563984, 0.0472926, 0.0751163, 0.129683, 0.148351, 0.15305, 0.161136, 0.234665, 0.408317, 0.413537, 0.600954, 0.968709, 0.984495, 0.439057, 0.598829, 0.759817, 0.761045, 0.79815, 0.843834, 0.85952, 0.956795, 1, 

60,893,0.001, 0.00563984, 0.037516, 0.040253, 0.075425, 0.14546, 0.226628, 0.161136, 0.234665, 1, 

57,1000,0.001, 0.00563984, 0.037516, 0.040253, 0.075425, 0.14546, 0.15305, 0.234665, 1, 

59,941,0.001, 0.00563984, 0.037516, 0.040253, 0.075425, 0.14546, 0.226628, 0.161136, 0.234665, 1, 

56,1404,0.001, 0.00563984, 0.0472926, 0.0698625, 0.226628, 0.905804, 0.993654, 1, 

Generation #24
73,879,0.001, 0.00563984, 0.0472926, 0.0751163, 0.129683, 0.148351, 0.15305, 0.161136, 0.234665, 0.408317, 0.413537, 0.600954, 0.968709, 0.984495, 0.439057, 0.598829, 0.759817, 0.761045, 0.79815, 0.843834, 0.85952, 0.956795, 1, 

60,893,0.001, 0.00563984, 0.037516, 0.040253, 0.075425, 0.14546, 0.226628, 0.161136, 0.234665, 1, 

57,1000,0.001, 0.00563984, 0.037516, 0.040253, 0.075425, 0.14546, 0.15305, 0.234665, 1, 

59,941,0.001, 0.00563984, 0.037516, 0.040253, 0.075425, 0.14546, 0.226628, 0.161136, 0.234665, 1, 

56,1404,0.001, 0.00563984, 0.0472926, 0.0698625, 0.226628, 0.905804, 0.993654, 1, 
