------------d=1, t=2, lambda=1, filename=./evaluation/Apache/Apache_2_1.csv------------
Computing partitioned counts of d-sets...
Ready to look at pairs based on partitioned counts...
First Stage N=60, Time=169
There are 1256 remaining non-locating pairs
--- Running GA Algorithm (phase2) ---
Running GA with std::execution::par
Generation #0
36,1018,0.001, 0.139605, 0.219523, 0.33745, 0.371203, 0.465486, 0.467519, 0.710549, 0.845754, 0.979017, 1, 

49,253,0.001, 0.016831, 0.0528152, 0.0980615, 0.106911, 0.119235, 0.150345, 0.17776, 0.247358, 0.299091, 0.400537, 0.470213, 0.492376, 0.576229, 0.613618, 0.67643, 0.75629, 0.776041, 0.831382, 0.839098, 0.844438, 0.957415, 0.970357, 1, 

45,319,0.001, 0.0141455, 0.0218816, 0.0456565, 0.126535, 0.171676, 0.223503, 0.360442, 0.365705, 0.45636, 0.479251, 0.508095, 0.573131, 0.69156, 0.698453, 0.828251, 0.841254, 0.951562, 1, 

38,381,0.001, 0.0485364, 0.0638381, 0.103473, 0.112512, 0.157387, 0.207509, 0.233497, 0.34024, 0.425078, 0.623749, 0.642961, 0.77327, 0.821051, 0.86027, 0.97724, 1, 

Generation #1
36,1018,0.001, 0.139605, 0.219523, 0.33745, 0.371203, 0.465486, 0.467519, 0.710549, 0.845754, 0.979017, 1, 

38,381,0.001, 0.0485364, 0.0638381, 0.103473, 0.112512, 0.157387, 0.207509, 0.233497, 0.34024, 0.425078, 0.623749, 0.642961, 0.77327, 0.821051, 0.86027, 0.97724, 1, 

41,204,0.001, 0.016831, 0.0528152, 0.0980615, 0.106911, 0.119235, 0.150345, 0.17776, 0.247358, 0.299091, 0.400537, 0.470213, 0.492376, 0.576229, 0.613618, 1, 

48,163,0.001, 0.0234395, 0.0390873, 0.0460126, 0.10239, 0.111185, 0.134715, 0.147769, 0.164878, 0.262612, 0.288228, 0.29071, 0.387741, 0.387959, 0.439057, 0.598829, 0.623264, 0.646717, 0.734431, 0.75492, 0.778334, 0.828504, 0.918703, 0.937746, 1, 

37,759,0.001, 0.14223, 0.153706, 0.489961, 0.49157, 0.487772, 0.620769, 0.816555, 0.932469, 0.993654, 1, 

40,288,0.001, 0.0566752, 0.0752839, 0.0777061, 0.0863873, 0.182181, 0.212079, 0.243302, 0.251531, 0.852734, 1, 

Generation #2
36,1018,0.001, 0.139605, 0.219523, 0.33745, 0.371203, 0.465486, 0.467519, 0.710549, 0.845754, 0.979017, 1, 

41,204,0.001, 0.016831, 0.0528152, 0.0980615, 0.106911, 0.119235, 0.150345, 0.17776, 0.247358, 0.299091, 0.400537, 0.470213, 0.492376, 0.576229, 0.613618, 1, 

48,163,0.001, 0.0234395, 0.0390873, 0.0460126, 0.10239, 0.111185, 0.134715, 0.147769, 0.164878, 0.262612, 0.288228, 0.29071, 0.387741, 0.387959, 0.439057, 0.598829, 0.623264, 0.646717, 0.734431, 0.75492, 0.778334, 0.828504, 0.918703, 0.937746, 1, 

37,234,0.001, 0.0267787, 0.104519, 0.156138, 0.157955, 0.220273, 0.234757, 0.246779, 0.286152, 0.635177, 0.648952, 0.726148, 0.943837, 0.951523, 1, 

Generation #3
41,204,0.001, 0.016831, 0.0528152, 0.0980615, 0.106911, 0.119235, 0.150345, 0.17776, 0.247358, 0.299091, 0.400537, 0.470213, 0.492376, 0.576229, 0.613618, 1, 

48,163,0.001, 0.0234395, 0.0390873, 0.0460126, 0.10239, 0.111185, 0.134715, 0.147769, 0.164878, 0.262612, 0.288228, 0.29071, 0.387741, 0.387959, 0.439057, 0.598829, 0.623264, 0.646717, 0.734431, 0.75492, 0.778334, 0.828504, 0.918703, 0.937746, 1, 

35,205,0.001, 0.0254464, 0.0366954, 0.0698214, 0.10015, 0.173493, 0.182069, 0.201765, 0.215415, 0.979017, 1, 

43,191,0.001, 0.017851, 0.0501659, 0.0513067, 0.110065, 0.137015, 0.159559, 0.187127, 0.248876, 0.279032, 0.421249, 0.482314, 0.608711, 0.629831, 0.648283, 0.693314, 0.753794, 0.949534, 1, 

Generation #4
48,163,0.001, 0.0234395, 0.0390873, 0.0460126, 0.10239, 0.111185, 0.134715, 0.147769, 0.164878, 0.262612, 0.288228, 0.29071, 0.387741, 0.387959, 0.439057, 0.598829, 0.623264, 0.646717, 0.734431, 0.75492, 0.778334, 0.828504, 0.918703, 0.937746, 1, 

35,205,0.001, 0.0254464, 0.0366954, 0.0698214, 0.10015, 0.173493, 0.182069, 0.201765, 0.215415, 0.979017, 1, 

37,204,0.001, 0.0266537, 0.037516, 0.040253, 0.0863873, 0.268594, 0.459387, 0.461979, 0.480012, 0.650595, 0.662716, 0.705202, 0.789084, 1, 

38,190,0.001, 0.017851, 0.0501659, 0.0513067, 0.110065, 0.137015, 0.159559, 0.187127, 0.248876, 0.279032, 0.421249, 0.482314, 0.608711, 0.730174, 0.993539, 1, 

Generation #5
36,146,0.001, 0.0266537, 0.037516, 0.040253, 0.075425, 0.14546, 0.153692, 0.211271, 0.22996, 0.83435, 0.852734, 1, 

35,181,0.001, 0.017851, 0.0501659, 0.0513067, 0.110065, 0.137015, 0.159559, 0.816555, 0.932469, 0.993654, 1, 

33,190,0.001, 0.017851, 0.0501659, 0.0513067, 0.110065, 0.137015, 0.159559, 0.710549, 0.845754, 0.979017, 1, 

Generation #6
36,146,0.001, 0.0266537, 0.037516, 0.040253, 0.075425, 0.14546, 0.153692, 0.211271, 0.22996, 0.83435, 0.852734, 1, 

35,181,0.001, 0.017851, 0.0501659, 0.0513067, 0.110065, 0.137015, 0.159559, 0.816555, 0.932469, 0.993654, 1, 

33,190,0.001, 0.017851, 0.0501659, 0.0513067, 0.110065, 0.137015, 0.159559, 0.710549, 0.845754, 0.979017, 1, 

Generation #7
36,146,0.001, 0.0266537, 0.037516, 0.040253, 0.075425, 0.14546, 0.153692, 0.211271, 0.22996, 0.83435, 0.852734, 1, 

32,173,0.001, 0.0266537, 0.037516, 0.040253, 0.075425, 0.14546, 0.153692, 0.211271, 0.22996, 0.248763, 1, 

Generation #8
36,146,0.001, 0.0266537, 0.037516, 0.040253, 0.075425, 0.14546, 0.153692, 0.211271, 0.22996, 0.83435, 0.852734, 1, 

32,173,0.001, 0.0266537, 0.037516, 0.040253, 0.075425, 0.14546, 0.153692, 0.211271, 0.22996, 0.248763, 1, 

Generation #9
36,146,0.001, 0.0266537, 0.037516, 0.040253, 0.075425, 0.14546, 0.153692, 0.211271, 0.22996, 0.83435, 0.852734, 1, 

32,173,0.001, 0.0266537, 0.037516, 0.040253, 0.075425, 0.14546, 0.153692, 0.211271, 0.22996, 0.248763, 1, 

34,164,0.001, 0.0266537, 0.037516, 0.040253, 0.112512, 0.157387, 0.207509, 0.233497, 0.22996, 0.83435, 0.852734, 1, 

Generation #10
36,146,0.001, 0.0266537, 0.037516, 0.040253, 0.075425, 0.14546, 0.153692, 0.211271, 0.22996, 0.83435, 0.852734, 1, 

32,173,0.001, 0.0266537, 0.037516, 0.040253, 0.075425, 0.14546, 0.153692, 0.211271, 0.22996, 0.248763, 1, 

34,164,0.001, 0.0266537, 0.037516, 0.040253, 0.112512, 0.157387, 0.207509, 0.233497, 0.22996, 0.83435, 0.852734, 1, 

Generation #11
36,146,0.001, 0.0266537, 0.037516, 0.040253, 0.075425, 0.14546, 0.153692, 0.211271, 0.22996, 0.83435, 0.852734, 1, 

32,173,0.001, 0.0266537, 0.037516, 0.040253, 0.075425, 0.14546, 0.153692, 0.211271, 0.22996, 0.248763, 1, 

34,164,0.001, 0.0266537, 0.037516, 0.040253, 0.112512, 0.157387, 0.207509, 0.233497, 0.22996, 0.83435, 0.852734, 1, 

Generation #12
36,146,0.001, 0.0266537, 0.037516, 0.040253, 0.075425, 0.14546, 0.153692, 0.211271, 0.22996, 0.83435, 0.852734, 1, 

32,173,0.001, 0.0266537, 0.037516, 0.040253, 0.075425, 0.14546, 0.153692, 0.211271, 0.22996, 0.248763, 1, 

34,164,0.001, 0.0266537, 0.037516, 0.040253, 0.112512, 0.157387, 0.207509, 0.233497, 0.22996, 0.83435, 0.852734, 1, 

31,194,0.001, 0.0234395, 0.0390873, 0.0513067, 0.110065, 0.137015, 0.159559, 0.187127, 0.248876, 0.215567, 1, 

Generation #13
36,146,0.001, 0.0266537, 0.037516, 0.040253, 0.075425, 0.14546, 0.153692, 0.211271, 0.22996, 0.83435, 0.852734, 1, 

32,173,0.001, 0.0266537, 0.037516, 0.040253, 0.075425, 0.14546, 0.153692, 0.211271, 0.22996, 0.248763, 1, 

34,164,0.001, 0.0266537, 0.037516, 0.040253, 0.112512, 0.157387, 0.207509, 0.233497, 0.22996, 0.83435, 0.852734, 1, 

31,194,0.001, 0.0234395, 0.0390873, 0.0513067, 0.110065, 0.137015, 0.159559, 0.187127, 0.248876, 0.215567, 1, 

Generation #14
36,146,0.001, 0.0266537, 0.037516, 0.040253, 0.075425, 0.14546, 0.153692, 0.211271, 0.22996, 0.83435, 0.852734, 1, 

32,173,0.001, 0.0266537, 0.037516, 0.040253, 0.075425, 0.14546, 0.153692, 0.211271, 0.22996, 0.248763, 1, 

34,164,0.001, 0.0266537, 0.037516, 0.040253, 0.112512, 0.157387, 0.207509, 0.233497, 0.22996, 0.83435, 0.852734, 1, 

31,179,0.001, 0.0234395, 0.0390873, 0.0460126, 0.10239, 0.137015, 0.159559, 0.187127, 0.248876, 0.279032, 1, 

Generation #15
36,146,0.001, 0.0266537, 0.037516, 0.040253, 0.075425, 0.14546, 0.153692, 0.211271, 0.22996, 0.83435, 0.852734, 1, 

32,173,0.001, 0.0266537, 0.037516, 0.040253, 0.075425, 0.14546, 0.153692, 0.211271, 0.22996, 0.248763, 1, 

31,179,0.001, 0.0234395, 0.0390873, 0.0460126, 0.10239, 0.137015, 0.159559, 0.187127, 0.248876, 0.279032, 1, 

34,156,0.001, 0.017851, 0.0501659, 0.0513067, 0.110065, 0.137015, 0.159559, 0.187127, 0.248876, 0.215567, 1, 

Generation #16
36,146,0.001, 0.0266537, 0.037516, 0.040253, 0.075425, 0.14546, 0.153692, 0.211271, 0.22996, 0.83435, 0.852734, 1, 

32,173,0.001, 0.0266537, 0.037516, 0.040253, 0.075425, 0.14546, 0.153692, 0.211271, 0.22996, 0.248763, 1, 

31,179,0.001, 0.0234395, 0.0390873, 0.0460126, 0.10239, 0.137015, 0.159559, 0.187127, 0.248876, 0.279032, 1, 

34,156,0.001, 0.017851, 0.0501659, 0.0513067, 0.110065, 0.137015, 0.159559, 0.187127, 0.248876, 0.215567, 1, 

Generation #17
36,146,0.001, 0.0266537, 0.037516, 0.040253, 0.075425, 0.14546, 0.153692, 0.211271, 0.22996, 0.83435, 0.852734, 1, 

32,173,0.001, 0.0266537, 0.037516, 0.040253, 0.075425, 0.14546, 0.153692, 0.211271, 0.22996, 0.248763, 1, 

31,179,0.001, 0.0234395, 0.0390873, 0.0460126, 0.10239, 0.137015, 0.159559, 0.187127, 0.248876, 0.279032, 1, 

34,156,0.001, 0.017851, 0.0501659, 0.0513067, 0.110065, 0.137015, 0.159559, 0.187127, 0.248876, 0.215567, 1, 

Generation #18
36,146,0.001, 0.0266537, 0.037516, 0.040253, 0.075425, 0.14546, 0.153692, 0.211271, 0.22996, 0.83435, 0.852734, 1, 

31,160,0.001, 0.017851, 0.0390873, 0.0460126, 0.10239, 0.111185, 0.134715, 0.147769, 0.164878, 0.262612, 1, 

32,153,0.001, 0.017851, 0.0501659, 0.0513067, 0.110065, 0.137015, 0.159559, 0.187127, 0.248876, 0.215567, 1, 

Generation #19
36,146,0.001, 0.0266537, 0.037516, 0.040253, 0.075425, 0.14546, 0.153692, 0.211271, 0.22996, 0.83435, 0.852734, 1, 

31,160,0.001, 0.017851, 0.0390873, 0.0460126, 0.10239, 0.111185, 0.134715, 0.147769, 0.164878, 0.262612, 1, 

32,153,0.001, 0.017851, 0.0501659, 0.0513067, 0.110065, 0.137015, 0.159559, 0.187127, 0.248876, 0.215567, 1, 

Generation #20
36,146,0.001, 0.0266537, 0.037516, 0.040253, 0.075425, 0.14546, 0.153692, 0.211271, 0.22996, 0.83435, 0.852734, 1, 

31,160,0.001, 0.017851, 0.0390873, 0.0460126, 0.10239, 0.111185, 0.134715, 0.147769, 0.164878, 0.262612, 1, 

32,153,0.001, 0.017851, 0.0501659, 0.0513067, 0.110065, 0.137015, 0.159559, 0.187127, 0.248876, 0.215567, 1, 

39,141,0.001, 0.017851, 0.0390873, 0.0460126, 0.10239, 0.111185, 0.134715, 0.147769, 0.164878, 0.279032, 0.257644, 0.421249, 0.608711, 0.705202, 0.789084, 1, 

Generation #21
36,146,0.001, 0.0266537, 0.037516, 0.040253, 0.075425, 0.14546, 0.153692, 0.211271, 0.22996, 0.83435, 0.852734, 1, 

31,160,0.001, 0.017851, 0.0390873, 0.0460126, 0.10239, 0.111185, 0.134715, 0.147769, 0.164878, 0.262612, 1, 

32,153,0.001, 0.017851, 0.0501659, 0.0513067, 0.110065, 0.137015, 0.159559, 0.187127, 0.248876, 0.215567, 1, 

39,141,0.001, 0.017851, 0.0390873, 0.0460126, 0.10239, 0.111185, 0.134715, 0.147769, 0.164878, 0.279032, 0.257644, 0.421249, 0.608711, 0.705202, 0.789084, 1, 

30,263,0.001, 0.017851, 0.0390873, 0.0460126, 0.10239, 0.111185, 0.134715, 0.147769, 0.215567, 1, 

Generation #22
36,146,0.001, 0.0266537, 0.037516, 0.040253, 0.075425, 0.14546, 0.153692, 0.211271, 0.22996, 0.83435, 0.852734, 1, 

31,160,0.001, 0.017851, 0.0390873, 0.0460126, 0.10239, 0.111185, 0.134715, 0.147769, 0.164878, 0.262612, 1, 

32,153,0.001, 0.017851, 0.0501659, 0.0513067, 0.110065, 0.137015, 0.159559, 0.187127, 0.248876, 0.215567, 1, 

39,141,0.001, 0.017851, 0.0390873, 0.0460126, 0.10239, 0.111185, 0.134715, 0.147769, 0.164878, 0.279032, 0.257644, 0.421249, 0.608711, 0.705202, 0.789084, 1, 

30,263,0.001, 0.017851, 0.0390873, 0.0460126, 0.10239, 0.111185, 0.134715, 0.147769, 0.215567, 1, 

Generation #23
36,146,0.001, 0.0266537, 0.037516, 0.040253, 0.075425, 0.14546, 0.153692, 0.211271, 0.22996, 0.83435, 0.852734, 1, 

31,160,0.001, 0.017851, 0.0390873, 0.0460126, 0.10239, 0.111185, 0.134715, 0.147769, 0.164878, 0.262612, 1, 

32,153,0.001, 0.017851, 0.0501659, 0.0513067, 0.110065, 0.137015, 0.159559, 0.187127, 0.248876, 0.215567, 1, 

39,141,0.001, 0.017851, 0.0390873, 0.0460126, 0.10239, 0.111185, 0.134715, 0.147769, 0.164878, 0.279032, 0.257644, 0.421249, 0.608711, 0.705202, 0.789084, 1, 

30,263,0.001, 0.017851, 0.0390873, 0.0460126, 0.10239, 0.111185, 0.134715, 0.147769, 0.215567, 1, 

Generation #24
36,146,0.001, 0.0266537, 0.037516, 0.040253, 0.075425, 0.14546, 0.153692, 0.211271, 0.22996, 0.83435, 0.852734, 1, 

31,160,0.001, 0.017851, 0.0390873, 0.0460126, 0.10239, 0.111185, 0.134715, 0.147769, 0.164878, 0.262612, 1, 

39,141,0.001, 0.017851, 0.0390873, 0.0460126, 0.10239, 0.111185, 0.134715, 0.147769, 0.164878, 0.279032, 0.257644, 0.421249, 0.608711, 0.705202, 0.789084, 1, 

30,263,0.001, 0.017851, 0.0390873, 0.0460126, 0.10239, 0.111185, 0.134715, 0.147769, 0.215567, 1, 

32,149,0.001, 0.017851, 0.0390873, 0.0460126, 0.10239, 0.111185, 0.134715, 0.147769, 0.164878, 0.262612, 1, 

Generation #25
39,141,0.001, 0.017851, 0.0390873, 0.0460126, 0.10239, 0.111185, 0.134715, 0.147769, 0.164878, 0.279032, 0.257644, 0.421249, 0.608711, 0.705202, 0.789084, 1, 

30,263,0.001, 0.017851, 0.0390873, 0.0460126, 0.10239, 0.111185, 0.134715, 0.147769, 0.215567, 1, 

31,145,0.001, 0.0266537, 0.037516, 0.040253, 0.075425, 0.137015, 0.159559, 0.187127, 0.248876, 0.215567, 1, 

Generation #26
39,141,0.001, 0.017851, 0.0390873, 0.0460126, 0.10239, 0.111185, 0.134715, 0.147769, 0.164878, 0.279032, 0.257644, 0.421249, 0.608711, 0.705202, 0.789084, 1, 

30,263,0.001, 0.017851, 0.0390873, 0.0460126, 0.10239, 0.111185, 0.134715, 0.147769, 0.215567, 1, 

31,145,0.001, 0.0266537, 0.037516, 0.040253, 0.075425, 0.137015, 0.159559, 0.187127, 0.248876, 0.215567, 1, 

Generation #27
39,141,0.001, 0.017851, 0.0390873, 0.0460126, 0.10239, 0.111185, 0.134715, 0.147769, 0.164878, 0.279032, 0.257644, 0.421249, 0.608711, 0.705202, 0.789084, 1, 

30,263,0.001, 0.017851, 0.0390873, 0.0460126, 0.10239, 0.111185, 0.134715, 0.147769, 0.215567, 1, 

31,145,0.001, 0.0266537, 0.037516, 0.040253, 0.075425, 0.137015, 0.159559, 0.187127, 0.248876, 0.215567, 1, 

Generation #28
39,141,0.001, 0.017851, 0.0390873, 0.0460126, 0.10239, 0.111185, 0.134715, 0.147769, 0.164878, 0.279032, 0.257644, 0.421249, 0.608711, 0.705202, 0.789084, 1, 

30,263,0.001, 0.017851, 0.0390873, 0.0460126, 0.10239, 0.111185, 0.134715, 0.147769, 0.215567, 1, 

31,145,0.001, 0.0266537, 0.037516, 0.040253, 0.075425, 0.137015, 0.159559, 0.187127, 0.248876, 0.215567, 1, 

Generation #29
39,141,0.001, 0.017851, 0.0390873, 0.0460126, 0.10239, 0.111185, 0.134715, 0.147769, 0.164878, 0.279032, 0.257644, 0.421249, 0.608711, 0.705202, 0.789084, 1, 

30,263,0.001, 0.017851, 0.0390873, 0.0460126, 0.10239, 0.111185, 0.134715, 0.147769, 0.215567, 1, 

31,145,0.001, 0.0266537, 0.037516, 0.040253, 0.075425, 0.137015, 0.159559, 0.187127, 0.248876, 0.215567, 1, 

Generation #30
39,141,0.001, 0.017851, 0.0390873, 0.0460126, 0.10239, 0.111185, 0.134715, 0.147769, 0.164878, 0.279032, 0.257644, 0.421249, 0.608711, 0.705202, 0.789084, 1, 

30,263,0.001, 0.017851, 0.0390873, 0.0460126, 0.10239, 0.111185, 0.134715, 0.147769, 0.215567, 1, 

31,145,0.001, 0.0266537, 0.037516, 0.040253, 0.075425, 0.137015, 0.159559, 0.187127, 0.248876, 0.215567, 1, 

Generation #31
39,141,0.001, 0.017851, 0.0390873, 0.0460126, 0.10239, 0.111185, 0.134715, 0.147769, 0.164878, 0.279032, 0.257644, 0.421249, 0.608711, 0.705202, 0.789084, 1, 

30,263,0.001, 0.017851, 0.0390873, 0.0460126, 0.10239, 0.111185, 0.134715, 0.147769, 0.215567, 1, 

31,145,0.001, 0.0266537, 0.037516, 0.040253, 0.075425, 0.137015, 0.159559, 0.187127, 0.248876, 0.215567, 1, 

Generation #32
39,141,0.001, 0.017851, 0.0390873, 0.0460126, 0.10239, 0.111185, 0.134715, 0.147769, 0.164878, 0.279032, 0.257644, 0.421249, 0.608711, 0.705202, 0.789084, 1, 

30,263,0.001, 0.017851, 0.0390873, 0.0460126, 0.10239, 0.111185, 0.134715, 0.147769, 0.215567, 1, 

31,145,0.001, 0.0266537, 0.037516, 0.040253, 0.075425, 0.137015, 0.159559, 0.187127, 0.248876, 0.215567, 1, 

Generation #33
39,141,0.001, 0.017851, 0.0390873, 0.0460126, 0.10239, 0.111185, 0.134715, 0.147769, 0.164878, 0.279032, 0.257644, 0.421249, 0.608711, 0.705202, 0.789084, 1, 

30,263,0.001, 0.017851, 0.0390873, 0.0460126, 0.10239, 0.111185, 0.134715, 0.147769, 0.215567, 1, 

31,145,0.001, 0.0266537, 0.037516, 0.040253, 0.075425, 0.137015, 0.159559, 0.187127, 0.248876, 0.215567, 1, 

Generation #34
39,141,0.001, 0.017851, 0.0390873, 0.0460126, 0.10239, 0.111185, 0.134715, 0.147769, 0.164878, 0.279032, 0.257644, 0.421249, 0.608711, 0.705202, 0.789084, 1, 

30,263,0.001, 0.017851, 0.0390873, 0.0460126, 0.10239, 0.111185, 0.134715, 0.147769, 0.215567, 1, 

31,145,0.001, 0.0266537, 0.037516, 0.040253, 0.075425, 0.137015, 0.159559, 0.187127, 0.248876, 0.215567, 1, 

Generation #35
39,141,0.001, 0.017851, 0.0390873, 0.0460126, 0.10239, 0.111185, 0.134715, 0.147769, 0.164878, 0.279032, 0.257644, 0.421249, 0.608711, 0.705202, 0.789084, 1, 

30,263,0.001, 0.017851, 0.0390873, 0.0460126, 0.10239, 0.111185, 0.134715, 0.147769, 0.215567, 1, 

31,145,0.001, 0.0266537, 0.037516, 0.040253, 0.075425, 0.137015, 0.159559, 0.187127, 0.248876, 0.215567, 1, 

Generation #36
39,141,0.001, 0.017851, 0.0390873, 0.0460126, 0.10239, 0.111185, 0.134715, 0.147769, 0.164878, 0.279032, 0.257644, 0.421249, 0.608711, 0.705202, 0.789084, 1, 

30,263,0.001, 0.017851, 0.0390873, 0.0460126, 0.10239, 0.111185, 0.134715, 0.147769, 0.215567, 1, 

31,145,0.001, 0.0266537, 0.037516, 0.040253, 0.075425, 0.137015, 0.159559, 0.187127, 0.248876, 0.215567, 1, 

Generation #37
39,141,0.001, 0.017851, 0.0390873, 0.0460126, 0.10239, 0.111185, 0.134715, 0.147769, 0.164878, 0.279032, 0.257644, 0.421249, 0.608711, 0.705202, 0.789084, 1, 

30,263,0.001, 0.017851, 0.0390873, 0.0460126, 0.10239, 0.111185, 0.134715, 0.147769, 0.215567, 1, 

31,145,0.001, 0.0266537, 0.037516, 0.040253, 0.075425, 0.137015, 0.159559, 0.187127, 0.248876, 0.215567, 1, 

Generation #38
39,141,0.001, 0.017851, 0.0390873, 0.0460126, 0.10239, 0.111185, 0.134715, 0.147769, 0.164878, 0.279032, 0.257644, 0.421249, 0.608711, 0.705202, 0.789084, 1, 

30,263,0.001, 0.017851, 0.0390873, 0.0460126, 0.10239, 0.111185, 0.134715, 0.147769, 0.215567, 1, 

31,145,0.001, 0.0266537, 0.037516, 0.040253, 0.075425, 0.137015, 0.159559, 0.187127, 0.248876, 0.215567, 1, 

Generation #39
39,141,0.001, 0.017851, 0.0390873, 0.0460126, 0.10239, 0.111185, 0.134715, 0.147769, 0.164878, 0.279032, 0.257644, 0.421249, 0.608711, 0.705202, 0.789084, 1, 

30,263,0.001, 0.017851, 0.0390873, 0.0460126, 0.10239, 0.111185, 0.134715, 0.147769, 0.215567, 1, 

31,145,0.001, 0.0266537, 0.037516, 0.040253, 0.075425, 0.137015, 0.159559, 0.187127, 0.248876, 0.215567, 1, 

Generation #40
39,141,0.001, 0.017851, 0.0390873, 0.0460126, 0.10239, 0.111185, 0.134715, 0.147769, 0.164878, 0.279032, 0.257644, 0.421249, 0.608711, 0.705202, 0.789084, 1, 

30,263,0.001, 0.017851, 0.0390873, 0.0460126, 0.10239, 0.111185, 0.134715, 0.147769, 0.215567, 1, 

31,145,0.001, 0.0266537, 0.037516, 0.040253, 0.075425, 0.137015, 0.159559, 0.187127, 0.248876, 0.215567, 1, 

Generation #41
39,141,0.001, 0.017851, 0.0390873, 0.0460126, 0.10239, 0.111185, 0.134715, 0.147769, 0.164878, 0.279032, 0.257644, 0.421249, 0.608711, 0.705202, 0.789084, 1, 

30,263,0.001, 0.017851, 0.0390873, 0.0460126, 0.10239, 0.111185, 0.134715, 0.147769, 0.215567, 1, 

31,145,0.001, 0.0266537, 0.037516, 0.040253, 0.075425, 0.137015, 0.159559, 0.187127, 0.248876, 0.215567, 1, 

Generation #42
39,141,0.001, 0.017851, 0.0390873, 0.0460126, 0.10239, 0.111185, 0.134715, 0.147769, 0.164878, 0.279032, 0.257644, 0.421249, 0.608711, 0.705202, 0.789084, 1, 

30,263,0.001, 0.017851, 0.0390873, 0.0460126, 0.10239, 0.111185, 0.134715, 0.147769, 0.215567, 1, 

31,145,0.001, 0.0266537, 0.037516, 0.040253, 0.075425, 0.137015, 0.159559, 0.187127, 0.248876, 0.215567, 1, 

Generation #43
39,141,0.001, 0.017851, 0.0390873, 0.0460126, 0.10239, 0.111185, 0.134715, 0.147769, 0.164878, 0.279032, 0.257644, 0.421249, 0.608711, 0.705202, 0.789084, 1, 

30,263,0.001, 0.017851, 0.0390873, 0.0460126, 0.10239, 0.111185, 0.134715, 0.147769, 0.215567, 1, 

31,145,0.001, 0.0266537, 0.037516, 0.040253, 0.075425, 0.137015, 0.159559, 0.187127, 0.248876, 0.215567, 1, 

Generation #44
39,141,0.001, 0.017851, 0.0390873, 0.0460126, 0.10239, 0.111185, 0.134715, 0.147769, 0.164878, 0.279032, 0.257644, 0.421249, 0.608711, 0.705202, 0.789084, 1, 

30,263,0.001, 0.017851, 0.0390873, 0.0460126, 0.10239, 0.111185, 0.134715, 0.147769, 0.215567, 1, 

31,145,0.001, 0.0266537, 0.037516, 0.040253, 0.075425, 0.137015, 0.159559, 0.187127, 0.248876, 0.215567, 1, 

Generation #45
39,141,0.001, 0.017851, 0.0390873, 0.0460126, 0.10239, 0.111185, 0.134715, 0.147769, 0.164878, 0.279032, 0.257644, 0.421249, 0.608711, 0.705202, 0.789084, 1, 

30,263,0.001, 0.017851, 0.0390873, 0.0460126, 0.10239, 0.111185, 0.134715, 0.147769, 0.215567, 1, 

31,145,0.001, 0.0266537, 0.037516, 0.040253, 0.075425, 0.137015, 0.159559, 0.187127, 0.248876, 0.215567, 1, 

Generation #46
39,141,0.001, 0.017851, 0.0390873, 0.0460126, 0.10239, 0.111185, 0.134715, 0.147769, 0.164878, 0.279032, 0.257644, 0.421249, 0.608711, 0.705202, 0.789084, 1, 

30,263,0.001, 0.017851, 0.0390873, 0.0460126, 0.10239, 0.111185, 0.134715, 0.147769, 0.215567, 1, 

31,145,0.001, 0.0266537, 0.037516, 0.040253, 0.075425, 0.137015, 0.159559, 0.187127, 0.248876, 0.215567, 1, 

Generation #47
39,141,0.001, 0.017851, 0.0390873, 0.0460126, 0.10239, 0.111185, 0.134715, 0.147769, 0.164878, 0.279032, 0.257644, 0.421249, 0.608711, 0.705202, 0.789084, 1, 

30,263,0.001, 0.017851, 0.0390873, 0.0460126, 0.10239, 0.111185, 0.134715, 0.147769, 0.215567, 1, 

31,145,0.001, 0.0266537, 0.037516, 0.040253, 0.075425, 0.137015, 0.159559, 0.187127, 0.248876, 0.215567, 1, 

Generation #48
39,141,0.001, 0.017851, 0.0390873, 0.0460126, 0.10239, 0.111185, 0.134715, 0.147769, 0.164878, 0.279032, 0.257644, 0.421249, 0.608711, 0.705202, 0.789084, 1, 

30,263,0.001, 0.017851, 0.0390873, 0.0460126, 0.10239, 0.111185, 0.134715, 0.147769, 0.215567, 1, 

31,145,0.001, 0.0266537, 0.037516, 0.040253, 0.075425, 0.137015, 0.159559, 0.187127, 0.248876, 0.215567, 1, 

Generation #49
39,141,0.001, 0.017851, 0.0390873, 0.0460126, 0.10239, 0.111185, 0.134715, 0.147769, 0.164878, 0.279032, 0.257644, 0.421249, 0.608711, 0.705202, 0.789084, 1, 

30,263,0.001, 0.017851, 0.0390873, 0.0460126, 0.10239, 0.111185, 0.134715, 0.147769, 0.215567, 1, 

31,145,0.001, 0.0266537, 0.037516, 0.040253, 0.075425, 0.137015, 0.159559, 0.187127, 0.248876, 0.215567, 1, 

--- Pareto Front Solutions ---
Solution 0: N total=99 (N_initial=60, N_added=39), Time total=310 ms, Saved to: ./results/Apache_t2_l1_pareto_0.csv, percents=0.001, 0.017851, 0.0390873, 0.0460126, 0.10239, 0.111185, 0.134715, 0.147769, 0.164878, 0.279032, 0.257644, 0.421249, 0.608711, 0.705202, 0.789084, 1, 

Solution 1: N total=90 (N_initial=60, N_added=30), Time total=432 ms, Saved to: ./results/Apache_t2_l1_pareto_1.csv, percents=0.001, 0.017851, 0.0390873, 0.0460126, 0.10239, 0.111185, 0.134715, 0.147769, 0.215567, 1, 

Solution 2: N total=91 (N_initial=60, N_added=31), Time total=314 ms, Saved to: ./results/Apache_t2_l1_pareto_2.csv, percents=0.001, 0.0266537, 0.037516, 0.040253, 0.075425, 0.137015, 0.159559, 0.187127, 0.248876, 0.215567, 1, 

------------d=1, t=2, lambda=2, filename=./evaluation/Apache/Apache_2_2.csv------------
Computing partitioned counts of d-sets...
Ready to look at pairs based on partitioned counts...
First Stage N=60, Time=162
There are 1256 remaining non-locating pairs
--- Running GA Algorithm (phase2) ---
Running GA with std::execution::par
Generation #0
57,513,0.001, 0.047124, 0.11589, 0.240676, 0.259673, 0.279745, 0.308142, 0.317593, 0.659815, 0.740516, 0.757602, 0.782185, 0.88304, 1, 

56,1362,0.001, 0.154202, 0.309738, 0.326761, 0.393143, 0.400161, 0.421301, 0.528298, 0.62308, 0.696622, 0.899138, 1, 

62,329,0.001, 0.0428386, 0.0569362, 0.0615272, 0.138808, 0.149091, 0.160172, 0.196165, 0.416018, 0.426766, 0.45422, 0.64056, 0.640888, 0.694741, 0.739706, 0.750729, 0.752331, 0.763883, 0.772209, 1, 

65,310,0.001, 0.00834746, 0.0262029, 0.026617, 0.0653158, 0.103203, 0.108112, 0.14131, 0.15407, 0.173526, 0.348331, 0.405691, 0.40799, 0.41096, 0.461747, 0.62517, 0.762439, 0.77559, 0.78211, 0.8526, 0.872593, 0.915078, 0.949059, 0.972008, 1, 

61,500,0.001, 0.0486622, 0.141249, 0.198689, 0.288043, 0.30536, 0.464506, 0.562818, 0.57485, 0.686828, 0.902102, 0.990281, 1, 

77,305,0.001, 0.0167847, 0.0504228, 0.0607863, 0.0647511, 0.120677, 0.121797, 0.23446, 0.239702, 0.347118, 0.347472, 0.387758, 0.406701, 0.432052, 0.444279, 0.459345, 0.503877, 0.542932, 0.554614, 0.597418, 0.628624, 0.650323, 0.673769, 0.781919, 0.845873, 0.863584, 0.932443, 0.938066, 0.960202, 0.997601, 1, 

Generation #1
56,263,0.001, 0.0247866, 0.0562111, 0.0588895, 0.0842138, 0.104558, 0.128926, 0.240684, 0.242133, 0.786734, 0.923341, 0.985404, 1, 

66,256,0.001, 0.012277, 0.0162141, 0.0632138, 0.119412, 0.121258, 0.123152, 0.137658, 0.405704, 0.443544, 0.554151, 0.599904, 0.621867, 0.648593, 0.6868, 0.812397, 0.850139, 0.926219, 0.944901, 1, 

54,321,0.001, 0.0428386, 0.0569362, 0.0615272, 0.138808, 0.149091, 0.160172, 0.196165, 0.416018, 0.696622, 0.899138, 1, 

Generation #2
56,263,0.001, 0.0247866, 0.0562111, 0.0588895, 0.0842138, 0.104558, 0.128926, 0.240684, 0.242133, 0.786734, 0.923341, 0.985404, 1, 

54,321,0.001, 0.0428386, 0.0569362, 0.0615272, 0.138808, 0.149091, 0.160172, 0.196165, 0.416018, 0.696622, 0.899138, 1, 

57,251,0.001, 0.012277, 0.0162141, 0.0632138, 0.119412, 0.121258, 0.123152, 0.137658, 0.405704, 0.443544, 0.554151, 0.599904, 0.621867, 0.698171, 1, 

53,334,0.001, 0.012277, 0.0162141, 0.0632138, 0.119412, 0.121258, 0.39003, 0.407788, 0.967362, 0.971093, 1, 

Generation #3
56,263,0.001, 0.0247866, 0.0562111, 0.0588895, 0.0842138, 0.104558, 0.128926, 0.240684, 0.242133, 0.786734, 0.923341, 0.985404, 1, 

54,321,0.001, 0.0428386, 0.0569362, 0.0615272, 0.138808, 0.149091, 0.160172, 0.196165, 0.416018, 0.696622, 0.899138, 1, 

57,251,0.001, 0.012277, 0.0162141, 0.0632138, 0.119412, 0.121258, 0.123152, 0.137658, 0.405704, 0.443544, 0.554151, 0.599904, 0.621867, 0.698171, 1, 

53,334,0.001, 0.012277, 0.0162141, 0.0632138, 0.119412, 0.121258, 0.39003, 0.407788, 0.967362, 0.971093, 1, 

51,362,0.001, 0.0404833, 0.0731952, 0.109432, 0.312359, 0.339699, 0.472925, 0.953894, 0.817569, 0.94117, 1, 

60,226,0.001, 0.0181689, 0.0430348, 0.0587772, 0.0639988, 0.108323, 0.204614, 0.25429, 0.62308, 0.696622, 0.899138, 1, 

Generation #4
51,362,0.001, 0.0404833, 0.0731952, 0.109432, 0.312359, 0.339699, 0.472925, 0.953894, 0.817569, 0.94117, 1, 

58,216,0.001, 0.00834746, 0.0262029, 0.026617, 0.0653158, 0.103203, 0.108112, 0.14131, 0.416018, 0.696622, 0.428741, 1, 

52,227,0.001, 0.00834746, 0.0262029, 0.026617, 0.0653158, 0.103203, 0.108112, 0.14131, 0.15407, 0.955136, 1, 

Generation #5
51,362,0.001, 0.0404833, 0.0731952, 0.109432, 0.312359, 0.339699, 0.472925, 0.953894, 0.817569, 0.94117, 1, 

58,216,0.001, 0.00834746, 0.0262029, 0.026617, 0.0653158, 0.103203, 0.108112, 0.14131, 0.416018, 0.696622, 0.428741, 1, 

52,227,0.001, 0.00834746, 0.0262029, 0.026617, 0.0653158, 0.103203, 0.108112, 0.14131, 0.15407, 0.955136, 1, 

55,219,0.001, 0.012277, 0.0430348, 0.0587772, 0.0639988, 0.108323, 0.204614, 0.25429, 0.314518, 0.599271, 0.607008, 0.768664, 0.572948, 1, 

Generation #6
58,216,0.001, 0.00834746, 0.0262029, 0.026617, 0.0653158, 0.103203, 0.108112, 0.14131, 0.416018, 0.696622, 0.428741, 1, 

52,227,0.001, 0.00834746, 0.0262029, 0.026617, 0.0653158, 0.103203, 0.108112, 0.14131, 0.15407, 0.955136, 1, 

55,219,0.001, 0.012277, 0.0430348, 0.0587772, 0.0639988, 0.108323, 0.204614, 0.25429, 0.314518, 0.599271, 0.607008, 0.768664, 0.572948, 1, 

50,320,0.001, 0.012277, 0.0162141, 0.0831281, 0.102171, 0.149091, 0.472925, 0.953894, 0.817569, 0.94117, 1, 

54,225,0.001, 0.00834746, 0.0262029, 0.026617, 0.0653158, 0.103203, 0.123152, 0.299766, 0.332032, 0.353485, 1, 

51,264,0.001, 0.0181689, 0.0430348, 0.0587772, 0.0639988, 0.108323, 0.108112, 0.14131, 0.15407, 1, 

Generation #7
58,216,0.001, 0.00834746, 0.0262029, 0.026617, 0.0653158, 0.103203, 0.108112, 0.14131, 0.416018, 0.696622, 0.428741, 1, 

52,227,0.001, 0.00834746, 0.0262029, 0.026617, 0.0653158, 0.103203, 0.108112, 0.14131, 0.15407, 0.955136, 1, 

55,219,0.001, 0.012277, 0.0430348, 0.0587772, 0.0639988, 0.108323, 0.204614, 0.25429, 0.314518, 0.599271, 0.607008, 0.768664, 0.572948, 1, 

50,320,0.001, 0.012277, 0.0162141, 0.0831281, 0.102171, 0.149091, 0.472925, 0.953894, 0.817569, 0.94117, 1, 

54,225,0.001, 0.00834746, 0.0262029, 0.026617, 0.0653158, 0.103203, 0.123152, 0.299766, 0.332032, 0.353485, 1, 

51,264,0.001, 0.0181689, 0.0430348, 0.0587772, 0.0639988, 0.108323, 0.108112, 0.14131, 0.15407, 1, 

Generation #8
52,227,0.001, 0.00834746, 0.0262029, 0.026617, 0.0653158, 0.103203, 0.108112, 0.14131, 0.15407, 0.955136, 1, 

55,219,0.001, 0.012277, 0.0430348, 0.0587772, 0.0639988, 0.108323, 0.204614, 0.25429, 0.314518, 0.599271, 0.607008, 0.768664, 0.572948, 1, 

50,320,0.001, 0.012277, 0.0162141, 0.0831281, 0.102171, 0.149091, 0.472925, 0.953894, 0.817569, 0.94117, 1, 

54,225,0.001, 0.00834746, 0.0262029, 0.026617, 0.0653158, 0.103203, 0.123152, 0.299766, 0.332032, 0.353485, 1, 

51,264,0.001, 0.0181689, 0.0430348, 0.0587772, 0.0639988, 0.108323, 0.108112, 0.14131, 0.15407, 1, 

56,197,0.001, 0.00834746, 0.0262029, 0.026617, 0.0653158, 0.103203, 0.108112, 0.14131, 0.15407, 0.955136, 0.923341, 0.985404, 1, 

Generation #9
52,227,0.001, 0.00834746, 0.0262029, 0.026617, 0.0653158, 0.103203, 0.108112, 0.14131, 0.15407, 0.955136, 1, 

50,320,0.001, 0.012277, 0.0162141, 0.0831281, 0.102171, 0.149091, 0.472925, 0.953894, 0.817569, 0.94117, 1, 

54,225,0.001, 0.00834746, 0.0262029, 0.026617, 0.0653158, 0.103203, 0.123152, 0.299766, 0.332032, 0.353485, 1, 

51,264,0.001, 0.0181689, 0.0430348, 0.0587772, 0.0639988, 0.108323, 0.108112, 0.14131, 0.15407, 1, 

56,197,0.001, 0.00834746, 0.0262029, 0.026617, 0.0653158, 0.103203, 0.108112, 0.14131, 0.15407, 0.955136, 0.923341, 0.985404, 1, 

55,216,0.001, 0.00834746, 0.0262029, 0.026617, 0.0653158, 0.103203, 0.108112, 0.14131, 0.15407, 0.955136, 1, 

Generation #10
52,227,0.001, 0.00834746, 0.0262029, 0.026617, 0.0653158, 0.103203, 0.108112, 0.14131, 0.15407, 0.955136, 1, 

50,320,0.001, 0.012277, 0.0162141, 0.0831281, 0.102171, 0.149091, 0.472925, 0.953894, 0.817569, 0.94117, 1, 

54,225,0.001, 0.00834746, 0.0262029, 0.026617, 0.0653158, 0.103203, 0.123152, 0.299766, 0.332032, 0.353485, 1, 

51,264,0.001, 0.0181689, 0.0430348, 0.0587772, 0.0639988, 0.108323, 0.108112, 0.14131, 0.15407, 1, 

56,197,0.001, 0.00834746, 0.0262029, 0.026617, 0.0653158, 0.103203, 0.108112, 0.14131, 0.15407, 0.955136, 0.923341, 0.985404, 1, 

55,216,0.001, 0.00834746, 0.0262029, 0.026617, 0.0653158, 0.103203, 0.108112, 0.14131, 0.15407, 0.955136, 1, 

Generation #11
52,227,0.001, 0.00834746, 0.0262029, 0.026617, 0.0653158, 0.103203, 0.108112, 0.14131, 0.15407, 0.955136, 1, 

50,320,0.001, 0.012277, 0.0162141, 0.0831281, 0.102171, 0.149091, 0.472925, 0.953894, 0.817569, 0.94117, 1, 

54,225,0.001, 0.00834746, 0.0262029, 0.026617, 0.0653158, 0.103203, 0.123152, 0.299766, 0.332032, 0.353485, 1, 

51,264,0.001, 0.0181689, 0.0430348, 0.0587772, 0.0639988, 0.108323, 0.108112, 0.14131, 0.15407, 1, 

56,197,0.001, 0.00834746, 0.0262029, 0.026617, 0.0653158, 0.103203, 0.108112, 0.14131, 0.15407, 0.955136, 0.923341, 0.985404, 1, 

55,216,0.001, 0.00834746, 0.0262029, 0.026617, 0.0653158, 0.103203, 0.108112, 0.14131, 0.15407, 0.955136, 1, 

Generation #12
56,197,0.001, 0.00834746, 0.0262029, 0.026617, 0.0653158, 0.103203, 0.108112, 0.14131, 0.15407, 0.955136, 0.923341, 0.985404, 1, 

49,204,0.001, 0.00834746, 0.0262029, 0.026617, 0.0653158, 0.103203, 0.108112, 0.14131, 0.15407, 0.955136, 1, 

Generation #13
56,197,0.001, 0.00834746, 0.0262029, 0.026617, 0.0653158, 0.103203, 0.108112, 0.14131, 0.15407, 0.955136, 0.923341, 0.985404, 1, 

49,204,0.001, 0.00834746, 0.0262029, 0.026617, 0.0653158, 0.103203, 0.108112, 0.14131, 0.15407, 0.955136, 1, 

Generation #14
49,204,0.001, 0.00834746, 0.0262029, 0.026617, 0.0653158, 0.103203, 0.108112, 0.14131, 0.15407, 0.955136, 1, 

52,195,0.001, 0.00834746, 0.0262029, 0.026617, 0.0653158, 0.104558, 0.128926, 0.240684, 0.314518, 0.99622, 1, 

Generation #15
49,204,0.001, 0.00834746, 0.0262029, 0.026617, 0.0653158, 0.103203, 0.108112, 0.14131, 0.15407, 0.955136, 1, 

52,195,0.001, 0.00834746, 0.0262029, 0.026617, 0.0653158, 0.104558, 0.128926, 0.240684, 0.314518, 0.99622, 1, 

57,193,0.001, 0.00834746, 0.0262029, 0.026617, 0.0653158, 0.103203, 0.123152, 0.335392, 0.299766, 0.229931, 0.332032, 0.353485, 1, 

Generation #16
49,204,0.001, 0.00834746, 0.0262029, 0.026617, 0.0653158, 0.103203, 0.108112, 0.14131, 0.15407, 0.955136, 1, 

52,195,0.001, 0.00834746, 0.0262029, 0.026617, 0.0653158, 0.104558, 0.128926, 0.240684, 0.314518, 0.99622, 1, 

57,193,0.001, 0.00834746, 0.0262029, 0.026617, 0.0653158, 0.103203, 0.123152, 0.335392, 0.299766, 0.229931, 0.332032, 0.353485, 1, 

Generation #17
49,204,0.001, 0.00834746, 0.0262029, 0.026617, 0.0653158, 0.103203, 0.108112, 0.14131, 0.15407, 0.955136, 1, 

52,195,0.001, 0.00834746, 0.0262029, 0.026617, 0.0653158, 0.104558, 0.128926, 0.240684, 0.314518, 0.99622, 1, 

57,193,0.001, 0.00834746, 0.0262029, 0.026617, 0.0653158, 0.103203, 0.123152, 0.335392, 0.299766, 0.229931, 0.332032, 0.353485, 1, 

Generation #18
49,204,0.001, 0.00834746, 0.0262029, 0.026617, 0.0653158, 0.103203, 0.108112, 0.14131, 0.15407, 0.955136, 1, 

52,195,0.001, 0.00834746, 0.0262029, 0.026617, 0.0653158, 0.104558, 0.128926, 0.240684, 0.314518, 0.99622, 1, 

57,193,0.001, 0.00834746, 0.0262029, 0.026617, 0.0653158, 0.103203, 0.123152, 0.335392, 0.299766, 0.229931, 0.332032, 0.353485, 1, 

Generation #19
49,204,0.001, 0.00834746, 0.0262029, 0.026617, 0.0653158, 0.103203, 0.108112, 0.14131, 0.15407, 0.955136, 1, 

52,195,0.001, 0.00834746, 0.0262029, 0.026617, 0.0653158, 0.104558, 0.128926, 0.240684, 0.314518, 0.99622, 1, 

53,191,0.001, 0.00834746, 0.0262029, 0.026617, 0.0653158, 0.103203, 0.123152, 0.299766, 0.15407, 0.353485, 1, 

51,202,0.001, 0.00834746, 0.0262029, 0.026617, 0.0653158, 0.103203, 0.108112, 0.14131, 0.15407, 0.955136, 1, 

Generation #20
49,204,0.001, 0.00834746, 0.0262029, 0.026617, 0.0653158, 0.103203, 0.108112, 0.14131, 0.15407, 0.955136, 1, 

52,195,0.001, 0.00834746, 0.0262029, 0.026617, 0.0653158, 0.104558, 0.128926, 0.240684, 0.314518, 0.99622, 1, 

53,191,0.001, 0.00834746, 0.0262029, 0.026617, 0.0653158, 0.103203, 0.123152, 0.299766, 0.15407, 0.353485, 1, 

51,202,0.001, 0.00834746, 0.0262029, 0.026617, 0.0653158, 0.103203, 0.108112, 0.14131, 0.15407, 0.955136, 1, 

Generation #21
49,204,0.001, 0.00834746, 0.0262029, 0.026617, 0.0653158, 0.103203, 0.108112, 0.14131, 0.15407, 0.955136, 1, 

52,195,0.001, 0.00834746, 0.0262029, 0.026617, 0.0653158, 0.104558, 0.128926, 0.240684, 0.314518, 0.99622, 1, 

53,191,0.001, 0.00834746, 0.0262029, 0.026617, 0.0653158, 0.103203, 0.123152, 0.299766, 0.15407, 0.353485, 1, 

51,202,0.001, 0.00834746, 0.0262029, 0.026617, 0.0653158, 0.103203, 0.108112, 0.14131, 0.15407, 0.955136, 1, 

Generation #22
49,204,0.001, 0.00834746, 0.0262029, 0.026617, 0.0653158, 0.103203, 0.108112, 0.14131, 0.15407, 0.955136, 1, 

52,195,0.001, 0.00834746, 0.0262029, 0.026617, 0.0653158, 0.104558, 0.128926, 0.240684, 0.314518, 0.99622, 1, 

53,191,0.001, 0.00834746, 0.0262029, 0.026617, 0.0653158, 0.103203, 0.123152, 0.299766, 0.15407, 0.353485, 1, 

51,202,0.001, 0.00834746, 0.0262029, 0.026617, 0.0653158, 0.103203, 0.108112, 0.14131, 0.15407, 0.955136, 1, 

Generation #23
49,204,0.001, 0.00834746, 0.0262029, 0.026617, 0.0653158, 0.103203, 0.108112, 0.14131, 0.15407, 0.955136, 1, 

52,195,0.001, 0.00834746, 0.0262029, 0.026617, 0.0653158, 0.104558, 0.128926, 0.240684, 0.314518, 0.99622, 1, 

53,191,0.001, 0.00834746, 0.0262029, 0.026617, 0.0653158, 0.103203, 0.123152, 0.299766, 0.15407, 0.353485, 1, 

51,202,0.001, 0.00834746, 0.0262029, 0.026617, 0.0653158, 0.103203, 0.108112, 0.14131, 0.15407, 0.955136, 1, 

57,174,0.001, 0.00834746, 0.0262029, 0.026617, 0.0653158, 0.103203, 0.108112, 0.14131, 0.15407, 0.696622, 1, 

Generation #24
49,204,0.001, 0.00834746, 0.0262029, 0.026617, 0.0653158, 0.103203, 0.108112, 0.14131, 0.15407, 0.955136, 1, 

51,202,0.001, 0.00834746, 0.0262029, 0.026617, 0.0653158, 0.103203, 0.108112, 0.14131, 0.15407, 0.955136, 1, 

52,158,0.001, 0.00834746, 0.0262029, 0.026617, 0.0653158, 0.103203, 0.108112, 0.14131, 0.416018, 0.696622, 1, 

Generation #25
49,204,0.001, 0.00834746, 0.0262029, 0.026617, 0.0653158, 0.103203, 0.108112, 0.14131, 0.15407, 0.955136, 1, 

51,202,0.001, 0.00834746, 0.0262029, 0.026617, 0.0653158, 0.103203, 0.108112, 0.14131, 0.15407, 0.955136, 1, 

52,158,0.001, 0.00834746, 0.0262029, 0.026617, 0.0653158, 0.103203, 0.108112, 0.14131, 0.416018, 0.696622, 1, 

Generation #26
49,204,0.001, 0.00834746, 0.0262029, 0.026617, 0.0653158, 0.103203, 0.108112, 0.14131, 0.15407, 0.955136, 1, 

51,202,0.001, 0.00834746, 0.0262029, 0.026617, 0.0653158, 0.103203, 0.108112, 0.14131, 0.15407, 0.955136, 1, 

52,158,0.001, 0.00834746, 0.0262029, 0.026617, 0.0653158, 0.103203, 0.108112, 0.14131, 0.416018, 0.696622, 1, 

Generation #27
49,204,0.001, 0.00834746, 0.0262029, 0.026617, 0.0653158, 0.103203, 0.108112, 0.14131, 0.15407, 0.955136, 1, 

51,202,0.001, 0.00834746, 0.0262029, 0.026617, 0.0653158, 0.103203, 0.108112, 0.14131, 0.15407, 0.955136, 1, 

52,158,0.001, 0.00834746, 0.0262029, 0.026617, 0.0653158, 0.103203, 0.108112, 0.14131, 0.416018, 0.696622, 1, 

Generation #28
49,204,0.001, 0.00834746, 0.0262029, 0.026617, 0.0653158, 0.103203, 0.108112, 0.14131, 0.15407, 0.955136, 1, 

51,202,0.001, 0.00834746, 0.0262029, 0.026617, 0.0653158, 0.103203, 0.108112, 0.14131, 0.15407, 0.955136, 1, 

52,158,0.001, 0.00834746, 0.0262029, 0.026617, 0.0653158, 0.103203, 0.108112, 0.14131, 0.416018, 0.696622, 1, 

Generation #29
49,204,0.001, 0.00834746, 0.0262029, 0.026617, 0.0653158, 0.103203, 0.108112, 0.14131, 0.15407, 0.955136, 1, 

52,158,0.001, 0.00834746, 0.0262029, 0.026617, 0.0653158, 0.103203, 0.108112, 0.14131, 0.416018, 0.696622, 1, 

51,193,0.00834746, 0.0262029, 0.026617, 0.0653158, 0.103203, 0.108112, 0.14131, 0.416018, 0.696622, 1, 

Generation #30
49,204,0.001, 0.00834746, 0.0262029, 0.026617, 0.0653158, 0.103203, 0.108112, 0.14131, 0.15407, 0.955136, 1, 

52,158,0.001, 0.00834746, 0.0262029, 0.026617, 0.0653158, 0.103203, 0.108112, 0.14131, 0.416018, 0.696622, 1, 

51,193,0.00834746, 0.0262029, 0.026617, 0.0653158, 0.103203, 0.108112, 0.14131, 0.416018, 0.696622, 1, 

Generation #31
49,204,0.001, 0.00834746, 0.0262029, 0.026617, 0.0653158, 0.103203, 0.108112, 0.14131, 0.15407, 0.955136, 1, 

52,158,0.001, 0.00834746, 0.0262029, 0.026617, 0.0653158, 0.103203, 0.108112, 0.14131, 0.416018, 0.696622, 1, 

51,193,0.00834746, 0.0262029, 0.026617, 0.0653158, 0.103203, 0.108112, 0.14131, 0.416018, 0.696622, 1, 

48,1083,0.001, 0.00834746, 0.0262029, 0.026617, 0.489078, 0.103203, 0.14131, 0.416018, 0.696622, 1, 

Generation #32
49,204,0.001, 0.00834746, 0.0262029, 0.026617, 0.0653158, 0.103203, 0.108112, 0.14131, 0.15407, 0.955136, 1, 

52,158,0.001, 0.00834746, 0.0262029, 0.026617, 0.0653158, 0.103203, 0.108112, 0.14131, 0.416018, 0.696622, 1, 

51,193,0.00834746, 0.0262029, 0.026617, 0.0653158, 0.103203, 0.108112, 0.14131, 0.416018, 0.696622, 1, 

48,1083,0.001, 0.00834746, 0.0262029, 0.026617, 0.489078, 0.103203, 0.14131, 0.416018, 0.696622, 1, 

Generation #33
49,204,0.001, 0.00834746, 0.0262029, 0.026617, 0.0653158, 0.103203, 0.108112, 0.14131, 0.15407, 0.955136, 1, 

52,158,0.001, 0.00834746, 0.0262029, 0.026617, 0.0653158, 0.103203, 0.108112, 0.14131, 0.416018, 0.696622, 1, 

51,193,0.00834746, 0.0262029, 0.026617, 0.0653158, 0.103203, 0.108112, 0.14131, 0.416018, 0.696622, 1, 

48,1083,0.001, 0.00834746, 0.0262029, 0.026617, 0.489078, 0.103203, 0.14131, 0.416018, 0.696622, 1, 

Generation #34
49,204,0.001, 0.00834746, 0.0262029, 0.026617, 0.0653158, 0.103203, 0.108112, 0.14131, 0.15407, 0.955136, 1, 

52,158,0.001, 0.00834746, 0.0262029, 0.026617, 0.0653158, 0.103203, 0.108112, 0.14131, 0.416018, 0.696622, 1, 

51,193,0.00834746, 0.0262029, 0.026617, 0.0653158, 0.103203, 0.108112, 0.14131, 0.416018, 0.696622, 1, 

48,1083,0.001, 0.00834746, 0.0262029, 0.026617, 0.489078, 0.103203, 0.14131, 0.416018, 0.696622, 1, 

Generation #35
49,204,0.001, 0.00834746, 0.0262029, 0.026617, 0.0653158, 0.103203, 0.108112, 0.14131, 0.15407, 0.955136, 1, 

52,158,0.001, 0.00834746, 0.0262029, 0.026617, 0.0653158, 0.103203, 0.108112, 0.14131, 0.416018, 0.696622, 1, 

51,193,0.00834746, 0.0262029, 0.026617, 0.0653158, 0.103203, 0.108112, 0.14131, 0.416018, 0.696622, 1, 

48,1083,0.001, 0.00834746, 0.0262029, 0.026617, 0.489078, 0.103203, 0.14131, 0.416018, 0.696622, 1, 

Generation #36
49,204,0.001, 0.00834746, 0.0262029, 0.026617, 0.0653158, 0.103203, 0.108112, 0.14131, 0.15407, 0.955136, 1, 

52,158,0.001, 0.00834746, 0.0262029, 0.026617, 0.0653158, 0.103203, 0.108112, 0.14131, 0.416018, 0.696622, 1, 

51,193,0.00834746, 0.0262029, 0.026617, 0.0653158, 0.103203, 0.108112, 0.14131, 0.416018, 0.696622, 1, 

48,1083,0.001, 0.00834746, 0.0262029, 0.026617, 0.489078, 0.103203, 0.14131, 0.416018, 0.696622, 1, 

Generation #37
49,204,0.001, 0.00834746, 0.0262029, 0.026617, 0.0653158, 0.103203, 0.108112, 0.14131, 0.15407, 0.955136, 1, 

52,158,0.001, 0.00834746, 0.0262029, 0.026617, 0.0653158, 0.103203, 0.108112, 0.14131, 0.416018, 0.696622, 1, 

51,193,0.00834746, 0.0262029, 0.026617, 0.0653158, 0.103203, 0.108112, 0.14131, 0.416018, 0.696622, 1, 

48,1083,0.001, 0.00834746, 0.0262029, 0.026617, 0.489078, 0.103203, 0.14131, 0.416018, 0.696622, 1, 

Generation #38
49,204,0.001, 0.00834746, 0.0262029, 0.026617, 0.0653158, 0.103203, 0.108112, 0.14131, 0.15407, 0.955136, 1, 

52,158,0.001, 0.00834746, 0.0262029, 0.026617, 0.0653158, 0.103203, 0.108112, 0.14131, 0.416018, 0.696622, 1, 

51,193,0.00834746, 0.0262029, 0.026617, 0.0653158, 0.103203, 0.108112, 0.14131, 0.416018, 0.696622, 1, 

48,1083,0.001, 0.00834746, 0.0262029, 0.026617, 0.489078, 0.103203, 0.14131, 0.416018, 0.696622, 1, 

Generation #39
49,204,0.001, 0.00834746, 0.0262029, 0.026617, 0.0653158, 0.103203, 0.108112, 0.14131, 0.15407, 0.955136, 1, 

52,158,0.001, 0.00834746, 0.0262029, 0.026617, 0.0653158, 0.103203, 0.108112, 0.14131, 0.416018, 0.696622, 1, 

51,193,0.00834746, 0.0262029, 0.026617, 0.0653158, 0.103203, 0.108112, 0.14131, 0.416018, 0.696622, 1, 

48,1083,0.001, 0.00834746, 0.0262029, 0.026617, 0.489078, 0.103203, 0.14131, 0.416018, 0.696622, 1, 

Generation #40
49,204,0.001, 0.00834746, 0.0262029, 0.026617, 0.0653158, 0.103203, 0.108112, 0.14131, 0.15407, 0.955136, 1, 

52,158,0.001, 0.00834746, 0.0262029, 0.026617, 0.0653158, 0.103203, 0.108112, 0.14131, 0.416018, 0.696622, 1, 

51,193,0.00834746, 0.0262029, 0.026617, 0.0653158, 0.103203, 0.108112, 0.14131, 0.416018, 0.696622, 1, 

48,1083,0.001, 0.00834746, 0.0262029, 0.026617, 0.489078, 0.103203, 0.14131, 0.416018, 0.696622, 1, 

Generation #41
49,204,0.001, 0.00834746, 0.0262029, 0.026617, 0.0653158, 0.103203, 0.108112, 0.14131, 0.15407, 0.955136, 1, 

52,158,0.001, 0.00834746, 0.0262029, 0.026617, 0.0653158, 0.103203, 0.108112, 0.14131, 0.416018, 0.696622, 1, 

51,193,0.00834746, 0.0262029, 0.026617, 0.0653158, 0.103203, 0.108112, 0.14131, 0.416018, 0.696622, 1, 

48,1083,0.001, 0.00834746, 0.0262029, 0.026617, 0.489078, 0.103203, 0.14131, 0.416018, 0.696622, 1, 

Generation #42
49,204,0.001, 0.00834746, 0.0262029, 0.026617, 0.0653158, 0.103203, 0.108112, 0.14131, 0.15407, 0.955136, 1, 

52,158,0.001, 0.00834746, 0.0262029, 0.026617, 0.0653158, 0.103203, 0.108112, 0.14131, 0.416018, 0.696622, 1, 

51,193,0.00834746, 0.0262029, 0.026617, 0.0653158, 0.103203, 0.108112, 0.14131, 0.416018, 0.696622, 1, 

48,1083,0.001, 0.00834746, 0.0262029, 0.026617, 0.489078, 0.103203, 0.14131, 0.416018, 0.696622, 1, 

Generation #43
49,204,0.001, 0.00834746, 0.0262029, 0.026617, 0.0653158, 0.103203, 0.108112, 0.14131, 0.15407, 0.955136, 1, 

52,158,0.001, 0.00834746, 0.0262029, 0.026617, 0.0653158, 0.103203, 0.108112, 0.14131, 0.416018, 0.696622, 1, 

51,193,0.00834746, 0.0262029, 0.026617, 0.0653158, 0.103203, 0.108112, 0.14131, 0.416018, 0.696622, 1, 

48,1083,0.001, 0.00834746, 0.0262029, 0.026617, 0.489078, 0.103203, 0.14131, 0.416018, 0.696622, 1, 

Generation #44
49,204,0.001, 0.00834746, 0.0262029, 0.026617, 0.0653158, 0.103203, 0.108112, 0.14131, 0.15407, 0.955136, 1, 

52,158,0.001, 0.00834746, 0.0262029, 0.026617, 0.0653158, 0.103203, 0.108112, 0.14131, 0.416018, 0.696622, 1, 

48,1083,0.001, 0.00834746, 0.0262029, 0.026617, 0.489078, 0.103203, 0.14131, 0.416018, 0.696622, 1, 

51,159,0.001, 0.00834746, 0.0262029, 0.026617, 0.0653158, 0.103203, 0.108112, 0.14131, 0.416018, 1, 

Generation #45
49,204,0.001, 0.00834746, 0.0262029, 0.026617, 0.0653158, 0.103203, 0.108112, 0.14131, 0.15407, 0.955136, 1, 

52,158,0.001, 0.00834746, 0.0262029, 0.026617, 0.0653158, 0.103203, 0.108112, 0.14131, 0.416018, 0.696622, 1, 

48,1083,0.001, 0.00834746, 0.0262029, 0.026617, 0.489078, 0.103203, 0.14131, 0.416018, 0.696622, 1, 

51,159,0.001, 0.00834746, 0.0262029, 0.026617, 0.0653158, 0.103203, 0.108112, 0.14131, 0.416018, 1, 

Generation #46
49,204,0.001, 0.00834746, 0.0262029, 0.026617, 0.0653158, 0.103203, 0.108112, 0.14131, 0.15407, 0.955136, 1, 

52,158,0.001, 0.00834746, 0.0262029, 0.026617, 0.0653158, 0.103203, 0.108112, 0.14131, 0.416018, 0.696622, 1, 

48,1083,0.001, 0.00834746, 0.0262029, 0.026617, 0.489078, 0.103203, 0.14131, 0.416018, 0.696622, 1, 

51,159,0.001, 0.00834746, 0.0262029, 0.026617, 0.0653158, 0.103203, 0.108112, 0.14131, 0.416018, 1, 

Generation #47
49,204,0.001, 0.00834746, 0.0262029, 0.026617, 0.0653158, 0.103203, 0.108112, 0.14131, 0.15407, 0.955136, 1, 

52,158,0.001, 0.00834746, 0.0262029, 0.026617, 0.0653158, 0.103203, 0.108112, 0.14131, 0.416018, 0.696622, 1, 

48,1083,0.001, 0.00834746, 0.0262029, 0.026617, 0.489078, 0.103203, 0.14131, 0.416018, 0.696622, 1, 

51,159,0.001, 0.00834746, 0.0262029, 0.026617, 0.0653158, 0.103203, 0.108112, 0.14131, 0.416018, 1, 

Generation #48
49,204,0.001, 0.00834746, 0.0262029, 0.026617, 0.0653158, 0.103203, 0.108112, 0.14131, 0.15407, 0.955136, 1, 

52,158,0.001, 0.00834746, 0.0262029, 0.026617, 0.0653158, 0.103203, 0.108112, 0.14131, 0.416018, 0.696622, 1, 

48,1083,0.001, 0.00834746, 0.0262029, 0.026617, 0.489078, 0.103203, 0.14131, 0.416018, 0.696622, 1, 

51,159,0.001, 0.00834746, 0.0262029, 0.026617, 0.0653158, 0.103203, 0.108112, 0.14131, 0.416018, 1, 

Generation #49
49,204,0.001, 0.00834746, 0.0262029, 0.026617, 0.0653158, 0.103203, 0.108112, 0.14131, 0.15407, 0.955136, 1, 

52,158,0.001, 0.00834746, 0.0262029, 0.026617, 0.0653158, 0.103203, 0.108112, 0.14131, 0.416018, 0.696622, 1, 

48,1083,0.001, 0.00834746, 0.0262029, 0.026617, 0.489078, 0.103203, 0.14131, 0.416018, 0.696622, 1, 

51,159,0.001, 0.00834746, 0.0262029, 0.026617, 0.0653158, 0.103203, 0.108112, 0.14131, 0.416018, 1, 

--- Pareto Front Solutions ---
Solution 0: N total=109 (N_initial=60, N_added=49), Time total=366 ms, Saved to: ./results/Apache_t2_l2_pareto_0.csv, percents=0.001, 0.00834746, 0.0262029, 0.026617, 0.0653158, 0.103203, 0.108112, 0.14131, 0.15407, 0.955136, 1, 

Solution 1: N total=112 (N_initial=60, N_added=52), Time total=320 ms, Saved to: ./results/Apache_t2_l2_pareto_1.csv, percents=0.001, 0.00834746, 0.0262029, 0.026617, 0.0653158, 0.103203, 0.108112, 0.14131, 0.416018, 0.696622, 1, 

Solution 2: N total=108 (N_initial=60, N_added=48), Time total=1245 ms, Saved to: ./results/Apache_t2_l2_pareto_2.csv, percents=0.001, 0.00834746, 0.0262029, 0.026617, 0.489078, 0.103203, 0.14131, 0.416018, 0.696622, 1, 

Solution 3: N total=111 (N_initial=60, N_added=51), Time total=321 ms, Saved to: ./results/Apache_t2_l2_pareto_3.csv, percents=0.001, 0.00834746, 0.0262029, 0.026617, 0.0653158, 0.103203, 0.108112, 0.14131, 0.416018, 1, 

------------d=1, t=2, lambda=3, filename=./evaluation/Apache/Apache_2_3.csv------------
Computing partitioned counts of d-sets...
Ready to look at pairs based on partitioned counts...
First Stage N=90, Time=138
There are 238 remaining non-locating pairs
--- Running GA Algorithm (phase2) ---
Running GA with std::execution::par
Generation #0
53,65,0.001, 0.053722, 0.0633, 0.0637649, 0.0697214, 0.0707941, 0.13512, 0.139823, 0.168617, 0.172398, 0.204947, 0.365618, 0.372069, 0.44065, 0.508754, 0.545989, 0.557175, 0.562977, 0.669601, 0.691131, 0.723352, 0.761826, 0.855002, 0.926127, 0.930729, 0.964663, 0.991627, 1, 

40,89,0.001, 0.0509559, 0.167452, 0.195775, 0.594987, 0.60684, 0.708583, 0.709528, 0.74165, 0.829174, 0.848987, 0.859088, 1, 

51,68,0.001, 0.0348229, 0.0530445, 0.0591403, 0.0804897, 0.0873252, 0.145079, 0.194726, 0.225299, 0.246117, 0.298897, 0.323084, 0.445036, 0.512139, 0.679523, 0.767156, 0.784032, 0.959622, 0.999507, 1, 

Generation #1
55,55,0.001, 0.00588793, 0.0390556, 0.0852682, 0.130898, 0.0995127, 0.195095, 0.200422, 0.279404, 0.310207, 0.339901, 0.349419, 0.42221, 0.426766, 0.480429, 0.573035, 0.618711, 0.655314, 0.717235, 0.744411, 0.754224, 0.825714, 0.84764, 0.870361, 1, 

56,53,0.001, 0.00968525, 0.0392354, 0.0765932, 0.0959684, 0.110197, 0.267556, 0.352458, 0.381401, 0.422883, 0.424797, 0.44144, 0.445801, 0.529203, 0.556674, 0.560109, 0.610189, 0.637493, 0.643906, 0.717603, 0.797016, 0.809629, 0.904413, 0.973054, 1, 

38,80,0.001, 0.0832741, 0.108333, 0.188499, 0.243264, 0.322558, 0.358758, 0.305621, 0.651478, 0.197978, 1, 

49,64,0.001, 0.0469708, 0.0659367, 0.090897, 0.0936152, 0.0995127, 0.182386, 0.195095, 0.200422, 0.279404, 0.339901, 0.349419, 0.42221, 0.426766, 0.480429, 0.705917, 0.727895, 0.815565, 0.919114, 0.925087, 0.93544, 1, 

50,56,0.001, 0.00588793, 0.0390556, 0.0852682, 0.130898, 0.136847, 0.181555, 0.209525, 0.363569, 0.374562, 0.486891, 0.576608, 0.693707, 0.846275, 0.890123, 0.890547, 0.911206, 0.949825, 0.163088, 1, 

Generation #2
42,46,0.001, 0.00588793, 0.0390556, 0.0852682, 0.130898, 0.136847, 0.181555, 0.209525, 0.363569, 0.829174, 0.848987, 0.859088, 1, 

36,81,0.001, 0.0832741, 0.108333, 0.188499, 0.243264, 0.322558, 0.358758, 0.305621, 0.848458, 1, 

37,69,0.001, 0.0469708, 0.0659367, 0.090897, 0.0936152, 0.0995127, 0.182386, 0.195095, 0.74165, 0.829174, 0.613976, 0.848987, 0.859088, 1, 

40,56,0.001, 0.0369098, 0.062136, 0.078506, 0.112015, 0.208213, 0.291262, 0.305621, 0.651478, 0.848458, 1, 

Generation #3
42,46,0.001, 0.00588793, 0.0390556, 0.0852682, 0.130898, 0.136847, 0.181555, 0.209525, 0.363569, 0.829174, 0.848987, 0.859088, 1, 

36,81,0.001, 0.0832741, 0.108333, 0.188499, 0.243264, 0.322558, 0.358758, 0.305621, 0.848458, 1, 

37,69,0.001, 0.0469708, 0.0659367, 0.090897, 0.0936152, 0.0995127, 0.182386, 0.195095, 0.74165, 0.829174, 0.613976, 0.848987, 0.859088, 1, 

40,56,0.001, 0.0369098, 0.062136, 0.078506, 0.112015, 0.208213, 0.291262, 0.305621, 0.651478, 0.848458, 1, 

Generation #4
42,46,0.001, 0.00588793, 0.0390556, 0.0852682, 0.130898, 0.136847, 0.181555, 0.209525, 0.363569, 0.829174, 0.848987, 0.859088, 1, 

36,81,0.001, 0.0832741, 0.108333, 0.188499, 0.243264, 0.322558, 0.358758, 0.305621, 0.848458, 1, 

37,69,0.001, 0.0469708, 0.0659367, 0.090897, 0.0936152, 0.0995127, 0.182386, 0.195095, 0.74165, 0.829174, 0.613976, 0.848987, 0.859088, 1, 

40,56,0.001, 0.0369098, 0.062136, 0.078506, 0.112015, 0.208213, 0.291262, 0.305621, 0.651478, 0.848458, 1, 

49,43,0.001, 0.0190476, 0.0297197, 0.043412, 0.053917, 0.0707941, 0.13512, 0.139823, 0.168617, 0.172398, 0.204947, 0.365618, 0.372069, 0.44065, 0.508754, 0.545989, 0.557175, 0.562977, 0.669601, 0.691131, 0.723352, 0.761826, 0.855002, 0.96582, 0.443347, 1, 

Generation #5
36,81,0.001, 0.0832741, 0.108333, 0.188499, 0.243264, 0.322558, 0.358758, 0.305621, 0.848458, 1, 

37,69,0.001, 0.0469708, 0.0659367, 0.090897, 0.0936152, 0.0995127, 0.182386, 0.195095, 0.74165, 0.829174, 0.613976, 0.848987, 0.859088, 1, 

40,56,0.001, 0.0369098, 0.062136, 0.078506, 0.112015, 0.208213, 0.291262, 0.305621, 0.651478, 0.848458, 1, 

41,39,0.001, 0.00588793, 0.0390556, 0.0852682, 0.130898, 0.136847, 0.181555, 0.209525, 0.848458, 1, 

39,59,0.001, 0.0348229, 0.0530445, 0.090897, 0.0936152, 0.0995127, 0.127174, 0.182386, 0.195095, 0.200422, 1, 

Generation #6
36,81,0.001, 0.0832741, 0.108333, 0.188499, 0.243264, 0.322558, 0.358758, 0.305621, 0.848458, 1, 

37,69,0.001, 0.0469708, 0.0659367, 0.090897, 0.0936152, 0.0995127, 0.182386, 0.195095, 0.74165, 0.829174, 0.613976, 0.848987, 0.859088, 1, 

41,39,0.001, 0.00588793, 0.0390556, 0.0852682, 0.130898, 0.136847, 0.181555, 0.209525, 0.848458, 1, 

38,52,0.001, 0.0348229, 0.0530445, 0.0591403, 0.243264, 0.322558, 0.358758, 0.305621, 0.651478, 0.197978, 1, 

Generation #7
37,69,0.001, 0.0469708, 0.0659367, 0.090897, 0.0936152, 0.0995127, 0.182386, 0.195095, 0.74165, 0.829174, 0.613976, 0.848987, 0.859088, 1, 

41,39,0.001, 0.00588793, 0.0390556, 0.0852682, 0.130898, 0.136847, 0.181555, 0.209525, 0.848458, 1, 

38,52,0.001, 0.0348229, 0.0530445, 0.0591403, 0.243264, 0.322558, 0.358758, 0.305621, 0.651478, 0.197978, 1, 

35,77,0.001, 0.0348229, 0.0530445, 0.0765932, 0.0959684, 0.210261, 0.283269, 0.540408, 0.586045, 0.602117, 1, 

Generation #8
41,39,0.001, 0.00588793, 0.0390556, 0.0852682, 0.130898, 0.136847, 0.181555, 0.209525, 0.848458, 1, 

35,40,0.001, 0.0205585, 0.0392354, 0.0765932, 0.0936152, 0.0995127, 0.127174, 0.182386, 0.195095, 0.200422, 1, 

Generation #9
41,39,0.001, 0.00588793, 0.0390556, 0.0852682, 0.130898, 0.136847, 0.181555, 0.209525, 0.848458, 1, 

35,40,0.001, 0.0205585, 0.0392354, 0.0765932, 0.0936152, 0.0995127, 0.127174, 0.182386, 0.195095, 0.200422, 1, 

Generation #10
41,39,0.001, 0.00588793, 0.0390556, 0.0852682, 0.130898, 0.136847, 0.181555, 0.209525, 0.848458, 1, 

35,40,0.001, 0.0205585, 0.0392354, 0.0765932, 0.0936152, 0.0995127, 0.127174, 0.182386, 0.195095, 0.200422, 1, 

Generation #11
41,39,0.001, 0.00588793, 0.0390556, 0.0852682, 0.130898, 0.136847, 0.181555, 0.209525, 0.848458, 1, 

35,40,0.001, 0.0205585, 0.0392354, 0.0765932, 0.0936152, 0.0995127, 0.127174, 0.182386, 0.195095, 0.200422, 1, 

Generation #12
41,39,0.001, 0.00588793, 0.0390556, 0.0852682, 0.130898, 0.136847, 0.181555, 0.209525, 0.848458, 1, 

35,40,0.001, 0.0205585, 0.0392354, 0.0765932, 0.0936152, 0.0995127, 0.127174, 0.182386, 0.195095, 0.200422, 1, 

Generation #13
41,39,0.001, 0.00588793, 0.0390556, 0.0852682, 0.130898, 0.136847, 0.181555, 0.209525, 0.848458, 1, 

35,40,0.001, 0.0205585, 0.0392354, 0.0765932, 0.0936152, 0.0995127, 0.127174, 0.182386, 0.195095, 0.200422, 1, 

Generation #14
41,39,0.001, 0.00588793, 0.0390556, 0.0852682, 0.130898, 0.136847, 0.181555, 0.209525, 0.848458, 1, 

35,40,0.001, 0.0205585, 0.0392354, 0.0765932, 0.0936152, 0.0995127, 0.127174, 0.182386, 0.195095, 0.200422, 1, 

Generation #15
41,39,0.001, 0.00588793, 0.0390556, 0.0852682, 0.130898, 0.136847, 0.181555, 0.209525, 0.848458, 1, 

35,40,0.001, 0.0205585, 0.0392354, 0.0765932, 0.0936152, 0.0995127, 0.127174, 0.182386, 0.195095, 0.200422, 1, 

Generation #16
41,39,0.001, 0.00588793, 0.0390556, 0.0852682, 0.130898, 0.136847, 0.181555, 0.209525, 0.848458, 1, 

35,40,0.001, 0.0205585, 0.0392354, 0.0765932, 0.0936152, 0.0995127, 0.127174, 0.182386, 0.195095, 0.200422, 1, 

Generation #17
41,39,0.001, 0.00588793, 0.0390556, 0.0852682, 0.130898, 0.136847, 0.181555, 0.209525, 0.848458, 1, 

35,40,0.001, 0.0205585, 0.0392354, 0.0765932, 0.0936152, 0.0995127, 0.127174, 0.182386, 0.195095, 0.200422, 1, 

Generation #18
41,39,0.001, 0.00588793, 0.0390556, 0.0852682, 0.130898, 0.136847, 0.181555, 0.209525, 0.848458, 1, 

35,40,0.001, 0.0205585, 0.0392354, 0.0765932, 0.0936152, 0.0995127, 0.127174, 0.182386, 0.195095, 0.200422, 1, 

Generation #19
41,39,0.001, 0.00588793, 0.0390556, 0.0852682, 0.130898, 0.136847, 0.181555, 0.209525, 0.848458, 1, 

35,40,0.001, 0.0205585, 0.0392354, 0.0765932, 0.0936152, 0.0995127, 0.127174, 0.182386, 0.195095, 0.200422, 1, 

Generation #20
41,39,0.001, 0.00588793, 0.0390556, 0.0852682, 0.130898, 0.136847, 0.181555, 0.209525, 0.848458, 1, 

35,40,0.001, 0.0205585, 0.0392354, 0.0765932, 0.0936152, 0.0995127, 0.127174, 0.182386, 0.195095, 0.200422, 1, 

Generation #21
41,39,0.001, 0.00588793, 0.0390556, 0.0852682, 0.130898, 0.136847, 0.181555, 0.209525, 0.848458, 1, 

35,40,0.001, 0.0205585, 0.0392354, 0.0765932, 0.0936152, 0.0995127, 0.127174, 0.182386, 0.195095, 0.200422, 1, 

Generation #22
41,39,0.001, 0.00588793, 0.0390556, 0.0852682, 0.130898, 0.136847, 0.181555, 0.209525, 0.848458, 1, 

35,40,0.001, 0.0205585, 0.0392354, 0.0765932, 0.0936152, 0.0995127, 0.127174, 0.182386, 0.195095, 0.200422, 1, 

Generation #23
41,39,0.001, 0.00588793, 0.0390556, 0.0852682, 0.130898, 0.136847, 0.181555, 0.209525, 0.848458, 1, 

35,40,0.001, 0.0205585, 0.0392354, 0.0765932, 0.0936152, 0.0995127, 0.127174, 0.182386, 0.195095, 0.200422, 1, 

Generation #24
41,39,0.001, 0.00588793, 0.0390556, 0.0852682, 0.130898, 0.136847, 0.181555, 0.209525, 0.848458, 1, 

35,40,0.001, 0.0205585, 0.0392354, 0.0765932, 0.0936152, 0.0995127, 0.127174, 0.182386, 0.195095, 0.200422, 1, 

Generation #25
41,39,0.001, 0.00588793, 0.0390556, 0.0852682, 0.130898, 0.136847, 0.181555, 0.209525, 0.848458, 1, 

35,40,0.001, 0.0205585, 0.0392354, 0.0765932, 0.0936152, 0.0995127, 0.127174, 0.182386, 0.195095, 0.200422, 1, 

Generation #26
41,39,0.001, 0.00588793, 0.0390556, 0.0852682, 0.130898, 0.136847, 0.181555, 0.209525, 0.848458, 1, 

35,40,0.001, 0.0205585, 0.0392354, 0.0765932, 0.0936152, 0.0995127, 0.127174, 0.182386, 0.195095, 0.200422, 1, 

Generation #27
41,39,0.001, 0.00588793, 0.0390556, 0.0852682, 0.130898, 0.136847, 0.181555, 0.209525, 0.848458, 1, 

35,40,0.001, 0.0205585, 0.0392354, 0.0765932, 0.0936152, 0.0995127, 0.127174, 0.182386, 0.195095, 0.200422, 1, 

Generation #28
41,39,0.001, 0.00588793, 0.0390556, 0.0852682, 0.130898, 0.136847, 0.181555, 0.209525, 0.848458, 1, 

35,40,0.001, 0.0205585, 0.0392354, 0.0765932, 0.0936152, 0.0995127, 0.127174, 0.182386, 0.195095, 0.200422, 1, 

Generation #29
41,39,0.001, 0.00588793, 0.0390556, 0.0852682, 0.130898, 0.136847, 0.181555, 0.209525, 0.848458, 1, 

35,40,0.001, 0.0205585, 0.0392354, 0.0765932, 0.0936152, 0.0995127, 0.127174, 0.182386, 0.195095, 0.200422, 1, 

Generation #30
41,39,0.001, 0.00588793, 0.0390556, 0.0852682, 0.130898, 0.136847, 0.181555, 0.209525, 0.848458, 1, 

35,40,0.001, 0.0205585, 0.0392354, 0.0765932, 0.0936152, 0.0995127, 0.127174, 0.182386, 0.195095, 0.200422, 1, 

33,63,0.001, 0.0530445, 0.090897, 0.0936152, 0.0995127, 0.127174, 0.182386, 0.195095, 1, 

Generation #31
41,39,0.001, 0.00588793, 0.0390556, 0.0852682, 0.130898, 0.136847, 0.181555, 0.209525, 0.848458, 1, 

35,40,0.001, 0.0205585, 0.0392354, 0.0765932, 0.0936152, 0.0995127, 0.127174, 0.182386, 0.195095, 0.200422, 1, 

33,63,0.001, 0.0530445, 0.090897, 0.0936152, 0.0995127, 0.127174, 0.182386, 0.195095, 1, 

Generation #32
41,39,0.001, 0.00588793, 0.0390556, 0.0852682, 0.130898, 0.136847, 0.181555, 0.209525, 0.848458, 1, 

35,40,0.001, 0.0205585, 0.0392354, 0.0765932, 0.0936152, 0.0995127, 0.127174, 0.182386, 0.195095, 0.200422, 1, 

33,63,0.001, 0.0530445, 0.090897, 0.0936152, 0.0995127, 0.127174, 0.182386, 0.195095, 1, 

Generation #33
41,39,0.001, 0.00588793, 0.0390556, 0.0852682, 0.130898, 0.136847, 0.181555, 0.209525, 0.848458, 1, 

35,40,0.001, 0.0205585, 0.0392354, 0.0765932, 0.0936152, 0.0995127, 0.127174, 0.182386, 0.195095, 0.200422, 1, 

33,63,0.001, 0.0530445, 0.090897, 0.0936152, 0.0995127, 0.127174, 0.182386, 0.195095, 1, 

Generation #34
41,39,0.001, 0.00588793, 0.0390556, 0.0852682, 0.130898, 0.136847, 0.181555, 0.209525, 0.848458, 1, 

35,40,0.001, 0.0205585, 0.0392354, 0.0765932, 0.0936152, 0.0995127, 0.127174, 0.182386, 0.195095, 0.200422, 1, 

33,63,0.001, 0.0530445, 0.090897, 0.0936152, 0.0995127, 0.127174, 0.182386, 0.195095, 1, 

50,38,0.001, 0.0177575, 0.0238478, 0.043412, 0.053917, 0.0707941, 0.13512, 0.139823, 0.168617, 0.172398, 0.204947, 0.365618, 0.372069, 0.44065, 0.508754, 0.545989, 0.557175, 0.562977, 0.669601, 0.691131, 0.723352, 0.761826, 0.855002, 0.926127, 0.930729, 0.964663, 0.991627, 1, 

Generation #35
41,39,0.001, 0.00588793, 0.0390556, 0.0852682, 0.130898, 0.136847, 0.181555, 0.209525, 0.848458, 1, 

35,40,0.001, 0.0205585, 0.0392354, 0.0765932, 0.0936152, 0.0995127, 0.127174, 0.182386, 0.195095, 0.200422, 1, 

33,63,0.001, 0.0530445, 0.090897, 0.0936152, 0.0995127, 0.127174, 0.182386, 0.195095, 1, 

50,38,0.001, 0.0177575, 0.0238478, 0.043412, 0.053917, 0.0707941, 0.13512, 0.139823, 0.168617, 0.172398, 0.204947, 0.365618, 0.372069, 0.44065, 0.508754, 0.545989, 0.557175, 0.562977, 0.669601, 0.691131, 0.723352, 0.761826, 0.855002, 0.926127, 0.930729, 0.964663, 0.991627, 1, 

Generation #36
41,39,0.001, 0.00588793, 0.0390556, 0.0852682, 0.130898, 0.136847, 0.181555, 0.209525, 0.848458, 1, 

35,40,0.001, 0.0205585, 0.0392354, 0.0765932, 0.0936152, 0.0995127, 0.127174, 0.182386, 0.195095, 0.200422, 1, 

33,63,0.001, 0.0530445, 0.090897, 0.0936152, 0.0995127, 0.127174, 0.182386, 0.195095, 1, 

50,38,0.001, 0.0177575, 0.0238478, 0.043412, 0.053917, 0.0707941, 0.13512, 0.139823, 0.168617, 0.172398, 0.204947, 0.365618, 0.372069, 0.44065, 0.508754, 0.545989, 0.557175, 0.562977, 0.669601, 0.691131, 0.723352, 0.761826, 0.855002, 0.926127, 0.930729, 0.964663, 0.991627, 1, 

Generation #37
41,39,0.001, 0.00588793, 0.0390556, 0.0852682, 0.130898, 0.136847, 0.181555, 0.209525, 0.848458, 1, 

35,40,0.001, 0.0205585, 0.0392354, 0.0765932, 0.0936152, 0.0995127, 0.127174, 0.182386, 0.195095, 0.200422, 1, 

33,63,0.001, 0.0530445, 0.090897, 0.0936152, 0.0995127, 0.127174, 0.182386, 0.195095, 1, 

50,38,0.001, 0.0177575, 0.0238478, 0.043412, 0.053917, 0.0707941, 0.13512, 0.139823, 0.168617, 0.172398, 0.204947, 0.365618, 0.372069, 0.44065, 0.508754, 0.545989, 0.557175, 0.562977, 0.669601, 0.691131, 0.723352, 0.761826, 0.855002, 0.926127, 0.930729, 0.964663, 0.991627, 1, 

Generation #38
41,39,0.001, 0.00588793, 0.0390556, 0.0852682, 0.130898, 0.136847, 0.181555, 0.209525, 0.848458, 1, 

35,40,0.001, 0.0205585, 0.0392354, 0.0765932, 0.0936152, 0.0995127, 0.127174, 0.182386, 0.195095, 0.200422, 1, 

33,63,0.001, 0.0530445, 0.090897, 0.0936152, 0.0995127, 0.127174, 0.182386, 0.195095, 1, 

50,38,0.001, 0.0177575, 0.0238478, 0.043412, 0.053917, 0.0707941, 0.13512, 0.139823, 0.168617, 0.172398, 0.204947, 0.365618, 0.372069, 0.44065, 0.508754, 0.545989, 0.557175, 0.562977, 0.669601, 0.691131, 0.723352, 0.761826, 0.855002, 0.926127, 0.930729, 0.964663, 0.991627, 1, 

Generation #39
41,39,0.001, 0.00588793, 0.0390556, 0.0852682, 0.130898, 0.136847, 0.181555, 0.209525, 0.848458, 1, 

35,40,0.001, 0.0205585, 0.0392354, 0.0765932, 0.0936152, 0.0995127, 0.127174, 0.182386, 0.195095, 0.200422, 1, 

33,63,0.001, 0.0530445, 0.090897, 0.0936152, 0.0995127, 0.127174, 0.182386, 0.195095, 1, 

50,38,0.001, 0.0177575, 0.0238478, 0.043412, 0.053917, 0.0707941, 0.13512, 0.139823, 0.168617, 0.172398, 0.204947, 0.365618, 0.372069, 0.44065, 0.508754, 0.545989, 0.557175, 0.562977, 0.669601, 0.691131, 0.723352, 0.761826, 0.855002, 0.926127, 0.930729, 0.964663, 0.991627, 1, 

Generation #40
35,40,0.001, 0.0205585, 0.0392354, 0.0765932, 0.0936152, 0.0995127, 0.127174, 0.182386, 0.195095, 0.200422, 1, 

33,63,0.001, 0.0530445, 0.090897, 0.0936152, 0.0995127, 0.127174, 0.182386, 0.195095, 1, 

40,32,0.001, 0.0190476, 0.0297197, 0.043412, 0.053917, 0.0707941, 0.13512, 0.139823, 0.168617, 0.172398, 0.298897, 0.323084, 0.445036, 0.512139, 0.679523, 0.767156, 0.88773, 1, 

Generation #41
35,40,0.001, 0.0205585, 0.0392354, 0.0765932, 0.0936152, 0.0995127, 0.127174, 0.182386, 0.195095, 0.200422, 1, 

33,63,0.001, 0.0530445, 0.090897, 0.0936152, 0.0995127, 0.127174, 0.182386, 0.195095, 1, 

40,32,0.001, 0.0190476, 0.0297197, 0.043412, 0.053917, 0.0707941, 0.13512, 0.139823, 0.168617, 0.172398, 0.298897, 0.323084, 0.445036, 0.512139, 0.679523, 0.767156, 0.88773, 1, 

34,46,0.001, 0.0348229, 0.0530445, 0.0591403, 0.0697214, 0.0707941, 0.13512, 0.139823, 0.195095, 0.374562, 1, 

Generation #42
35,40,0.001, 0.0205585, 0.0392354, 0.0765932, 0.0936152, 0.0995127, 0.127174, 0.182386, 0.195095, 0.200422, 1, 

33,63,0.001, 0.0530445, 0.090897, 0.0936152, 0.0995127, 0.127174, 0.182386, 0.195095, 1, 

40,32,0.001, 0.0190476, 0.0297197, 0.043412, 0.053917, 0.0707941, 0.13512, 0.139823, 0.168617, 0.172398, 0.298897, 0.323084, 0.445036, 0.512139, 0.679523, 0.767156, 0.88773, 1, 

34,46,0.001, 0.0348229, 0.0530445, 0.0591403, 0.0697214, 0.0707941, 0.13512, 0.139823, 0.195095, 0.374562, 1, 

Generation #43
35,40,0.001, 0.0205585, 0.0392354, 0.0765932, 0.0936152, 0.0995127, 0.127174, 0.182386, 0.195095, 0.200422, 1, 

33,63,0.001, 0.0530445, 0.090897, 0.0936152, 0.0995127, 0.127174, 0.182386, 0.195095, 1, 

40,32,0.001, 0.0190476, 0.0297197, 0.043412, 0.053917, 0.0707941, 0.13512, 0.139823, 0.168617, 0.172398, 0.298897, 0.323084, 0.445036, 0.512139, 0.679523, 0.767156, 0.88773, 1, 

34,46,0.001, 0.0348229, 0.0530445, 0.0591403, 0.0697214, 0.0707941, 0.13512, 0.139823, 0.195095, 0.374562, 1, 

Generation #44
35,40,0.001, 0.0205585, 0.0392354, 0.0765932, 0.0936152, 0.0995127, 0.127174, 0.182386, 0.195095, 0.200422, 1, 

33,63,0.001, 0.0530445, 0.090897, 0.0936152, 0.0995127, 0.127174, 0.182386, 0.195095, 1, 

40,32,0.001, 0.0190476, 0.0297197, 0.043412, 0.053917, 0.0707941, 0.13512, 0.139823, 0.168617, 0.172398, 0.298897, 0.323084, 0.445036, 0.512139, 0.679523, 0.767156, 0.88773, 1, 

34,46,0.001, 0.0348229, 0.0530445, 0.0591403, 0.0697214, 0.0707941, 0.13512, 0.139823, 0.195095, 0.374562, 1, 

Generation #45
35,40,0.001, 0.0205585, 0.0392354, 0.0765932, 0.0936152, 0.0995127, 0.127174, 0.182386, 0.195095, 0.200422, 1, 

33,63,0.001, 0.0530445, 0.090897, 0.0936152, 0.0995127, 0.127174, 0.182386, 0.195095, 1, 

40,32,0.001, 0.0190476, 0.0297197, 0.043412, 0.053917, 0.0707941, 0.13512, 0.139823, 0.168617, 0.172398, 0.298897, 0.323084, 0.445036, 0.512139, 0.679523, 0.767156, 0.88773, 1, 

34,46,0.001, 0.0348229, 0.0530445, 0.0591403, 0.0697214, 0.0707941, 0.13512, 0.139823, 0.195095, 0.374562, 1, 

Generation #46
35,40,0.001, 0.0205585, 0.0392354, 0.0765932, 0.0936152, 0.0995127, 0.127174, 0.182386, 0.195095, 0.200422, 1, 

33,63,0.001, 0.0530445, 0.090897, 0.0936152, 0.0995127, 0.127174, 0.182386, 0.195095, 1, 

40,32,0.001, 0.0190476, 0.0297197, 0.043412, 0.053917, 0.0707941, 0.13512, 0.139823, 0.168617, 0.172398, 0.298897, 0.323084, 0.445036, 0.512139, 0.679523, 0.767156, 0.88773, 1, 

34,46,0.001, 0.0348229, 0.0530445, 0.0591403, 0.0697214, 0.0707941, 0.13512, 0.139823, 0.195095, 0.374562, 1, 

Generation #47
35,40,0.001, 0.0205585, 0.0392354, 0.0765932, 0.0936152, 0.0995127, 0.127174, 0.182386, 0.195095, 0.200422, 1, 

33,63,0.001, 0.0530445, 0.090897, 0.0936152, 0.0995127, 0.127174, 0.182386, 0.195095, 1, 

40,32,0.001, 0.0190476, 0.0297197, 0.043412, 0.053917, 0.0707941, 0.13512, 0.139823, 0.168617, 0.172398, 0.298897, 0.323084, 0.445036, 0.512139, 0.679523, 0.767156, 0.88773, 1, 

34,46,0.001, 0.0348229, 0.0530445, 0.0591403, 0.0697214, 0.0707941, 0.13512, 0.139823, 0.195095, 0.374562, 1, 

Generation #48
35,40,0.001, 0.0205585, 0.0392354, 0.0765932, 0.0936152, 0.0995127, 0.127174, 0.182386, 0.195095, 0.200422, 1, 

33,63,0.001, 0.0530445, 0.090897, 0.0936152, 0.0995127, 0.127174, 0.182386, 0.195095, 1, 

40,32,0.001, 0.0190476, 0.0297197, 0.043412, 0.053917, 0.0707941, 0.13512, 0.139823, 0.168617, 0.172398, 0.298897, 0.323084, 0.445036, 0.512139, 0.679523, 0.767156, 0.88773, 1, 

34,46,0.001, 0.0348229, 0.0530445, 0.0591403, 0.0697214, 0.0707941, 0.13512, 0.139823, 0.195095, 0.374562, 1, 

Generation #49
35,40,0.001, 0.0205585, 0.0392354, 0.0765932, 0.0936152, 0.0995127, 0.127174, 0.182386, 0.195095, 0.200422, 1, 

33,63,0.001, 0.0530445, 0.090897, 0.0936152, 0.0995127, 0.127174, 0.182386, 0.195095, 1, 

40,32,0.001, 0.0190476, 0.0297197, 0.043412, 0.053917, 0.0707941, 0.13512, 0.139823, 0.168617, 0.172398, 0.298897, 0.323084, 0.445036, 0.512139, 0.679523, 0.767156, 0.88773, 1, 

34,46,0.001, 0.0348229, 0.0530445, 0.0591403, 0.0697214, 0.0707941, 0.13512, 0.139823, 0.195095, 0.374562, 1, 

--- Pareto Front Solutions ---
Solution 0: N total=125 (N_initial=90, N_added=35), Time total=178 ms, Saved to: ./results/Apache_t2_l3_pareto_0.csv, percents=0.001, 0.0205585, 0.0392354, 0.0765932, 0.0936152, 0.0995127, 0.127174, 0.182386, 0.195095, 0.200422, 1, 

Solution 1: N total=123 (N_initial=90, N_added=33), Time total=201 ms, Saved to: ./results/Apache_t2_l3_pareto_1.csv, percents=0.001, 0.0530445, 0.090897, 0.0936152, 0.0995127, 0.127174, 0.182386, 0.195095, 1, 

Solution 2: N total=130 (N_initial=90, N_added=40), Time total=170 ms, Saved to: ./results/Apache_t2_l3_pareto_2.csv, percents=0.001, 0.0190476, 0.0297197, 0.043412, 0.053917, 0.0707941, 0.13512, 0.139823, 0.168617, 0.172398, 0.298897, 0.323084, 0.445036, 0.512139, 0.679523, 0.767156, 0.88773, 1, 

Solution 3: N total=124 (N_initial=90, N_added=34), Time total=184 ms, Saved to: ./results/Apache_t2_l3_pareto_3.csv, percents=0.001, 0.0348229, 0.0530445, 0.0591403, 0.0697214, 0.0707941, 0.13512, 0.139823, 0.195095, 0.374562, 1, 

------------d=1, t=2, lambda=4, filename=./evaluation/Apache/Apache_2_4.csv------------
Computing partitioned counts of d-sets...
Ready to look at pairs based on partitioned counts...
First Stage N=120, Time=146
There are 31 remaining non-locating pairs
--- Running GA Algorithm (phase2) ---
Running GA with std::execution::par
Generation #0
44,27,0.001, 0.0358518, 0.0437305, 0.130492, 0.147551, 0.150583, 0.196692, 0.233348, 0.24853, 0.279765, 0.280981, 0.323711, 0.370248, 0.392749, 0.411104, 0.452114, 0.530156, 0.59727, 0.62348, 0.749259, 0.786542, 0.868101, 0.969858, 0.975459, 0.983918, 0.994085, 1, 

27,32,0.001, 0.091287, 0.0922258, 0.180694, 0.206174, 0.244116, 0.587491, 0.665667, 0.736649, 0.902637, 1, 

Generation #1
27,32,0.001, 0.091287, 0.0922258, 0.180694, 0.206174, 0.244116, 0.587491, 0.665667, 0.736649, 0.902637, 1, 

32,27,0.001, 0.0726547, 0.17487, 0.205832, 0.211302, 0.297113, 0.440463, 0.452558, 0.452663, 0.587074, 0.956311, 1, 

34,25,0.001, 0.0365271, 0.0590243, 0.126935, 0.19195, 0.256471, 0.259711, 0.332264, 0.453192, 0.553057, 0.583766, 0.612806, 0.660277, 0.678384, 0.879289, 0.981368, 1, 

37,16,0.001, 0.0599229, 0.0982018, 0.110886, 0.167362, 0.173244, 0.196536, 0.211117, 0.231177, 0.325631, 0.327706, 0.356195, 0.391203, 0.487773, 0.507666, 0.527999, 0.605966, 0.612036, 0.781754, 0.863483, 0.949463, 1, 

Generation #2
27,32,0.001, 0.091287, 0.0922258, 0.180694, 0.206174, 0.244116, 0.587491, 0.665667, 0.736649, 0.902637, 1, 

28,22,0.001, 0.0817927, 0.0861547, 0.107211, 0.109094, 0.123513, 0.177275, 0.197143, 0.24194, 0.602004, 0.656926, 0.67715, 0.699288, 1, 

34,15,0.001, 0.0817927, 0.0861547, 0.107211, 0.109094, 0.123513, 0.177275, 0.197143, 0.24194, 0.286743, 0.310018, 0.31304, 0.325365, 0.329344, 0.398893, 0.811679, 0.822935, 0.841744, 0.852536, 0.904405, 1, 

Generation #3
34,15,0.001, 0.0817927, 0.0861547, 0.107211, 0.109094, 0.123513, 0.177275, 0.197143, 0.24194, 0.286743, 0.310018, 0.31304, 0.325365, 0.329344, 0.398893, 0.811679, 0.822935, 0.841744, 0.852536, 0.904405, 1, 

25,20,0.001, 0.0817927, 0.0861547, 0.107211, 0.109094, 0.386994, 0.416305, 0.495412, 0.54014, 0.587074, 0.956311, 1, 

27,16,0.001, 0.127227, 0.132802, 0.13917, 0.109094, 0.123513, 0.177275, 0.197143, 0.24194, 0.602004, 0.656926, 0.67715, 0.699288, 1, 

Generation #4
34,15,0.001, 0.0817927, 0.0861547, 0.107211, 0.109094, 0.123513, 0.177275, 0.197143, 0.24194, 0.286743, 0.310018, 0.31304, 0.325365, 0.329344, 0.398893, 0.811679, 0.822935, 0.841744, 0.852536, 0.904405, 1, 

25,20,0.001, 0.0817927, 0.0861547, 0.107211, 0.109094, 0.386994, 0.416305, 0.495412, 0.54014, 0.587074, 0.956311, 1, 

27,16,0.001, 0.127227, 0.132802, 0.13917, 0.109094, 0.123513, 0.177275, 0.197143, 0.24194, 0.602004, 0.656926, 0.67715, 0.699288, 1, 

Generation #5
25,20,0.001, 0.0817927, 0.0861547, 0.107211, 0.109094, 0.386994, 0.416305, 0.495412, 0.54014, 0.587074, 0.956311, 1, 

27,15,0.001, 0.0729558, 0.153021, 0.168993, 0.21306, 0.213087, 0.262939, 0.353342, 0.902637, 0.960417, 1, 

Generation #6
25,20,0.001, 0.0817927, 0.0861547, 0.107211, 0.109094, 0.386994, 0.416305, 0.495412, 0.54014, 0.587074, 0.956311, 1, 

27,15,0.001, 0.0729558, 0.153021, 0.168993, 0.21306, 0.213087, 0.262939, 0.353342, 0.902637, 0.960417, 1, 

24,45,0.001, 0.127227, 0.132802, 0.13917, 0.109094, 0.123513, 0.798514, 0.911386, 0.248734, 1, 

Generation #7
27,15,0.001, 0.0729558, 0.153021, 0.168993, 0.21306, 0.213087, 0.262939, 0.353342, 0.902637, 0.960417, 1, 

23,17,0.001, 0.091287, 0.110886, 0.167362, 0.173244, 0.196536, 0.211117, 0.231177, 0.325631, 1, 

Generation #8
27,15,0.001, 0.0729558, 0.153021, 0.168993, 0.21306, 0.213087, 0.262939, 0.353342, 0.902637, 0.960417, 1, 

23,17,0.001, 0.091287, 0.110886, 0.167362, 0.173244, 0.196536, 0.211117, 0.231177, 0.325631, 1, 

Generation #9
27,15,0.001, 0.0729558, 0.153021, 0.168993, 0.21306, 0.213087, 0.262939, 0.353342, 0.902637, 0.960417, 1, 

23,17,0.001, 0.091287, 0.110886, 0.167362, 0.173244, 0.196536, 0.211117, 0.231177, 0.325631, 1, 

42,13,0.001, 0.0817927, 0.0861547, 0.107211, 0.109094, 0.123513, 0.177275, 0.197143, 0.24194, 0.286743, 0.310018, 0.31304, 0.325365, 0.329344, 0.398893, 0.411848, 0.413299, 0.440111, 0.473659, 0.648752, 0.547368, 0.595094, 0.652604, 0.667739, 0.786934, 0.868005, 0.911518, 0.964157, 0.988604, 1, 

Generation #10
27,15,0.001, 0.0729558, 0.153021, 0.168993, 0.21306, 0.213087, 0.262939, 0.353342, 0.902637, 0.960417, 1, 

23,17,0.001, 0.091287, 0.110886, 0.167362, 0.173244, 0.196536, 0.211117, 0.231177, 0.325631, 1, 

42,13,0.001, 0.0817927, 0.0861547, 0.107211, 0.109094, 0.123513, 0.177275, 0.197143, 0.24194, 0.286743, 0.310018, 0.31304, 0.325365, 0.329344, 0.398893, 0.411848, 0.413299, 0.440111, 0.473659, 0.648752, 0.547368, 0.595094, 0.652604, 0.667739, 0.786934, 0.868005, 0.911518, 0.964157, 0.988604, 1, 

Generation #11
27,15,0.001, 0.0729558, 0.153021, 0.168993, 0.21306, 0.213087, 0.262939, 0.353342, 0.902637, 0.960417, 1, 

23,17,0.001, 0.091287, 0.110886, 0.167362, 0.173244, 0.196536, 0.211117, 0.231177, 0.325631, 1, 

42,13,0.001, 0.0817927, 0.0861547, 0.107211, 0.109094, 0.123513, 0.177275, 0.197143, 0.24194, 0.286743, 0.310018, 0.31304, 0.325365, 0.329344, 0.398893, 0.411848, 0.413299, 0.440111, 0.473659, 0.648752, 0.547368, 0.595094, 0.652604, 0.667739, 0.786934, 0.868005, 0.911518, 0.964157, 0.988604, 1, 

Generation #12
27,15,0.001, 0.0729558, 0.153021, 0.168993, 0.21306, 0.213087, 0.262939, 0.353342, 0.902637, 0.960417, 1, 

23,17,0.001, 0.091287, 0.110886, 0.167362, 0.173244, 0.196536, 0.211117, 0.231177, 0.325631, 1, 

42,13,0.001, 0.0817927, 0.0861547, 0.107211, 0.109094, 0.123513, 0.177275, 0.197143, 0.24194, 0.286743, 0.310018, 0.31304, 0.325365, 0.329344, 0.398893, 0.411848, 0.413299, 0.440111, 0.473659, 0.648752, 0.547368, 0.595094, 0.652604, 0.667739, 0.786934, 0.868005, 0.911518, 0.964157, 0.988604, 1, 

Generation #13
27,15,0.001, 0.0729558, 0.153021, 0.168993, 0.21306, 0.213087, 0.262939, 0.353342, 0.902637, 0.960417, 1, 

23,17,0.001, 0.091287, 0.110886, 0.167362, 0.173244, 0.196536, 0.211117, 0.231177, 0.325631, 1, 

42,13,0.001, 0.0817927, 0.0861547, 0.107211, 0.109094, 0.123513, 0.177275, 0.197143, 0.24194, 0.286743, 0.310018, 0.31304, 0.325365, 0.329344, 0.398893, 0.411848, 0.413299, 0.440111, 0.473659, 0.648752, 0.547368, 0.595094, 0.652604, 0.667739, 0.786934, 0.868005, 0.911518, 0.964157, 0.988604, 1, 

26,16,0.0599229, 0.0982018, 0.0982018, 0.110886, 0.147551, 0.150583, 0.207694, 0.364437, 0.374036, 0.902637, 1, 

Generation #14
27,15,0.001, 0.0729558, 0.153021, 0.168993, 0.21306, 0.213087, 0.262939, 0.353342, 0.902637, 0.960417, 1, 

23,17,0.001, 0.091287, 0.110886, 0.167362, 0.173244, 0.196536, 0.211117, 0.231177, 0.325631, 1, 

42,13,0.001, 0.0817927, 0.0861547, 0.107211, 0.109094, 0.123513, 0.177275, 0.197143, 0.24194, 0.286743, 0.310018, 0.31304, 0.325365, 0.329344, 0.398893, 0.411848, 0.413299, 0.440111, 0.473659, 0.648752, 0.547368, 0.595094, 0.652604, 0.667739, 0.786934, 0.868005, 0.911518, 0.964157, 0.988604, 1, 

26,16,0.0599229, 0.0982018, 0.0982018, 0.110886, 0.147551, 0.150583, 0.207694, 0.364437, 0.374036, 0.902637, 1, 

Generation #15
27,15,0.001, 0.0729558, 0.153021, 0.168993, 0.21306, 0.213087, 0.262939, 0.353342, 0.902637, 0.960417, 1, 

23,17,0.001, 0.091287, 0.110886, 0.167362, 0.173244, 0.196536, 0.211117, 0.231177, 0.325631, 1, 

42,13,0.001, 0.0817927, 0.0861547, 0.107211, 0.109094, 0.123513, 0.177275, 0.197143, 0.24194, 0.286743, 0.310018, 0.31304, 0.325365, 0.329344, 0.398893, 0.411848, 0.413299, 0.440111, 0.473659, 0.648752, 0.547368, 0.595094, 0.652604, 0.667739, 0.786934, 0.868005, 0.911518, 0.964157, 0.988604, 1, 

26,16,0.0599229, 0.0982018, 0.0982018, 0.110886, 0.147551, 0.150583, 0.207694, 0.364437, 0.374036, 0.902637, 1, 

Generation #16
27,15,0.001, 0.0729558, 0.153021, 0.168993, 0.21306, 0.213087, 0.262939, 0.353342, 0.902637, 0.960417, 1, 

23,17,0.001, 0.091287, 0.110886, 0.167362, 0.173244, 0.196536, 0.211117, 0.231177, 0.325631, 1, 

42,13,0.001, 0.0817927, 0.0861547, 0.107211, 0.109094, 0.123513, 0.177275, 0.197143, 0.24194, 0.286743, 0.310018, 0.31304, 0.325365, 0.329344, 0.398893, 0.411848, 0.413299, 0.440111, 0.473659, 0.648752, 0.547368, 0.595094, 0.652604, 0.667739, 0.786934, 0.868005, 0.911518, 0.964157, 0.988604, 1, 

26,16,0.0599229, 0.0982018, 0.0982018, 0.110886, 0.147551, 0.150583, 0.207694, 0.364437, 0.374036, 0.902637, 1, 

Generation #17
27,15,0.001, 0.0729558, 0.153021, 0.168993, 0.21306, 0.213087, 0.262939, 0.353342, 0.902637, 0.960417, 1, 

23,17,0.001, 0.091287, 0.110886, 0.167362, 0.173244, 0.196536, 0.211117, 0.231177, 0.325631, 1, 

42,13,0.001, 0.0817927, 0.0861547, 0.107211, 0.109094, 0.123513, 0.177275, 0.197143, 0.24194, 0.286743, 0.310018, 0.31304, 0.325365, 0.329344, 0.398893, 0.411848, 0.413299, 0.440111, 0.473659, 0.648752, 0.547368, 0.595094, 0.652604, 0.667739, 0.786934, 0.868005, 0.911518, 0.964157, 0.988604, 1, 

26,16,0.0599229, 0.0982018, 0.0982018, 0.110886, 0.147551, 0.150583, 0.207694, 0.364437, 0.374036, 0.902637, 1, 

Generation #18
27,15,0.001, 0.0729558, 0.153021, 0.168993, 0.21306, 0.213087, 0.262939, 0.353342, 0.902637, 0.960417, 1, 

23,17,0.001, 0.091287, 0.110886, 0.167362, 0.173244, 0.196536, 0.211117, 0.231177, 0.325631, 1, 

42,13,0.001, 0.0817927, 0.0861547, 0.107211, 0.109094, 0.123513, 0.177275, 0.197143, 0.24194, 0.286743, 0.310018, 0.31304, 0.325365, 0.329344, 0.398893, 0.411848, 0.413299, 0.440111, 0.473659, 0.648752, 0.547368, 0.595094, 0.652604, 0.667739, 0.786934, 0.868005, 0.911518, 0.964157, 0.988604, 1, 

26,16,0.0599229, 0.0982018, 0.0982018, 0.110886, 0.147551, 0.150583, 0.207694, 0.364437, 0.374036, 0.902637, 1, 

22,21,0.001, 0.0365271, 0.0590243, 0.126935, 0.109094, 0.173244, 0.196536, 0.353342, 0.902637, 0.960417, 1, 

Generation #19
23,17,0.001, 0.091287, 0.110886, 0.167362, 0.173244, 0.196536, 0.211117, 0.231177, 0.325631, 1, 

42,13,0.001, 0.0817927, 0.0861547, 0.107211, 0.109094, 0.123513, 0.177275, 0.197143, 0.24194, 0.286743, 0.310018, 0.31304, 0.325365, 0.329344, 0.398893, 0.411848, 0.413299, 0.440111, 0.473659, 0.648752, 0.547368, 0.595094, 0.652604, 0.667739, 0.786934, 0.868005, 0.911518, 0.964157, 0.988604, 1, 

22,21,0.001, 0.0365271, 0.0590243, 0.126935, 0.109094, 0.173244, 0.196536, 0.353342, 0.902637, 0.960417, 1, 

24,15,0.0599229, 0.0599229, 0.0982018, 0.110886, 0.173244, 0.196536, 0.211117, 0.211117, 0.231177, 0.902637, 1, 

Generation #20
42,13,0.001, 0.0817927, 0.0861547, 0.107211, 0.109094, 0.123513, 0.177275, 0.197143, 0.24194, 0.286743, 0.310018, 0.31304, 0.325365, 0.329344, 0.398893, 0.411848, 0.413299, 0.440111, 0.473659, 0.648752, 0.547368, 0.595094, 0.652604, 0.667739, 0.786934, 0.868005, 0.911518, 0.964157, 0.988604, 1, 

22,21,0.001, 0.0365271, 0.0590243, 0.126935, 0.109094, 0.173244, 0.196536, 0.353342, 0.902637, 0.960417, 1, 

23,14,0.001, 0.0365271, 0.0982018, 0.110886, 0.167362, 0.150583, 0.207694, 0.364437, 0.374036, 0.902637, 1, 

Generation #21
42,13,0.001, 0.0817927, 0.0861547, 0.107211, 0.109094, 0.123513, 0.177275, 0.197143, 0.24194, 0.286743, 0.310018, 0.31304, 0.325365, 0.329344, 0.398893, 0.411848, 0.413299, 0.440111, 0.473659, 0.648752, 0.547368, 0.595094, 0.652604, 0.667739, 0.786934, 0.868005, 0.911518, 0.964157, 0.988604, 1, 

22,21,0.001, 0.0365271, 0.0590243, 0.126935, 0.109094, 0.173244, 0.196536, 0.353342, 0.902637, 0.960417, 1, 

23,14,0.001, 0.0365271, 0.0982018, 0.110886, 0.167362, 0.150583, 0.207694, 0.364437, 0.374036, 0.902637, 1, 

Generation #22
42,13,0.001, 0.0817927, 0.0861547, 0.107211, 0.109094, 0.123513, 0.177275, 0.197143, 0.24194, 0.286743, 0.310018, 0.31304, 0.325365, 0.329344, 0.398893, 0.411848, 0.413299, 0.440111, 0.473659, 0.648752, 0.547368, 0.595094, 0.652604, 0.667739, 0.786934, 0.868005, 0.911518, 0.964157, 0.988604, 1, 

22,21,0.001, 0.0365271, 0.0590243, 0.126935, 0.109094, 0.173244, 0.196536, 0.353342, 0.902637, 0.960417, 1, 

23,14,0.001, 0.0365271, 0.0982018, 0.110886, 0.167362, 0.150583, 0.207694, 0.364437, 0.374036, 0.902637, 1, 

Generation #23
42,13,0.001, 0.0817927, 0.0861547, 0.107211, 0.109094, 0.123513, 0.177275, 0.197143, 0.24194, 0.286743, 0.310018, 0.31304, 0.325365, 0.329344, 0.398893, 0.411848, 0.413299, 0.440111, 0.473659, 0.648752, 0.547368, 0.595094, 0.652604, 0.667739, 0.786934, 0.868005, 0.911518, 0.964157, 0.988604, 1, 

22,21,0.001, 0.0365271, 0.0590243, 0.126935, 0.109094, 0.173244, 0.196536, 0.353342, 0.902637, 0.960417, 1, 

23,14,0.001, 0.0365271, 0.0982018, 0.110886, 0.167362, 0.150583, 0.207694, 0.364437, 0.374036, 0.902637, 1, 

Generation #24
22,21,0.001, 0.0365271, 0.0590243, 0.126935, 0.109094, 0.173244, 0.196536, 0.353342, 0.902637, 0.960417, 1, 

23,14,0.001, 0.0365271, 0.0982018, 0.110886, 0.167362, 0.150583, 0.207694, 0.364437, 0.374036, 0.902637, 1, 

29,12,0.001, 0.0165491, 0.0861547, 0.110886, 0.167362, 0.150583, 0.207694, 0.211117, 0.231177, 0.325631, 0.327706, 0.356195, 0.391203, 0.487773, 0.507666, 1, 

Generation #25
22,21,0.001, 0.0365271, 0.0590243, 0.126935, 0.109094, 0.173244, 0.196536, 0.353342, 0.902637, 0.960417, 1, 

23,14,0.001, 0.0365271, 0.0982018, 0.110886, 0.167362, 0.150583, 0.207694, 0.364437, 0.374036, 0.902637, 1, 

29,12,0.001, 0.0165491, 0.0861547, 0.110886, 0.167362, 0.150583, 0.207694, 0.211117, 0.231177, 0.325631, 0.327706, 0.356195, 0.391203, 0.487773, 0.507666, 1, 

Generation #26
23,14,0.001, 0.0365271, 0.0982018, 0.110886, 0.167362, 0.150583, 0.207694, 0.364437, 0.374036, 0.902637, 1, 

29,12,0.001, 0.0165491, 0.0861547, 0.110886, 0.167362, 0.150583, 0.207694, 0.211117, 0.231177, 0.325631, 0.327706, 0.356195, 0.391203, 0.487773, 0.507666, 1, 

22,19,0.001, 0.0817927, 0.0982018, 0.110886, 0.173244, 0.123513, 0.196692, 0.364437, 0.374036, 1, 

Generation #27
23,14,0.001, 0.0365271, 0.0982018, 0.110886, 0.167362, 0.150583, 0.207694, 0.364437, 0.374036, 0.902637, 1, 

29,12,0.001, 0.0165491, 0.0861547, 0.110886, 0.167362, 0.150583, 0.207694, 0.211117, 0.231177, 0.325631, 0.327706, 0.356195, 0.391203, 0.487773, 0.507666, 1, 

22,16,0.001, 0.0817927, 0.0590243, 0.109094, 0.123513, 0.177275, 0.197143, 0.24194, 0.902637, 1, 

Generation #28
23,14,0.001, 0.0365271, 0.0982018, 0.110886, 0.167362, 0.150583, 0.207694, 0.364437, 0.374036, 0.902637, 1, 

29,12,0.001, 0.0165491, 0.0861547, 0.110886, 0.167362, 0.150583, 0.207694, 0.211117, 0.231177, 0.325631, 0.327706, 0.356195, 0.391203, 0.487773, 0.507666, 1, 

22,16,0.001, 0.0817927, 0.0590243, 0.109094, 0.123513, 0.177275, 0.197143, 0.24194, 0.902637, 1, 

Generation #29
23,14,0.001, 0.0365271, 0.0982018, 0.110886, 0.167362, 0.150583, 0.207694, 0.364437, 0.374036, 0.902637, 1, 

29,12,0.001, 0.0165491, 0.0861547, 0.110886, 0.167362, 0.150583, 0.207694, 0.211117, 0.231177, 0.325631, 0.327706, 0.356195, 0.391203, 0.487773, 0.507666, 1, 

22,16,0.001, 0.0817927, 0.0590243, 0.109094, 0.123513, 0.177275, 0.197143, 0.24194, 0.902637, 1, 

Generation #30
23,14,0.001, 0.0365271, 0.0982018, 0.110886, 0.167362, 0.150583, 0.207694, 0.364437, 0.374036, 0.902637, 1, 

29,12,0.001, 0.0165491, 0.0861547, 0.110886, 0.167362, 0.150583, 0.207694, 0.211117, 0.231177, 0.325631, 0.327706, 0.356195, 0.391203, 0.487773, 0.507666, 1, 

22,16,0.001, 0.0817927, 0.0590243, 0.109094, 0.123513, 0.177275, 0.197143, 0.24194, 0.902637, 1, 

Generation #31
23,14,0.001, 0.0365271, 0.0982018, 0.110886, 0.167362, 0.150583, 0.207694, 0.364437, 0.374036, 0.902637, 1, 

29,12,0.001, 0.0165491, 0.0861547, 0.110886, 0.167362, 0.150583, 0.207694, 0.211117, 0.231177, 0.325631, 0.327706, 0.356195, 0.391203, 0.487773, 0.507666, 1, 

22,16,0.001, 0.0817927, 0.0590243, 0.109094, 0.123513, 0.177275, 0.197143, 0.24194, 0.902637, 1, 

Generation #32
23,14,0.001, 0.0365271, 0.0982018, 0.110886, 0.167362, 0.150583, 0.207694, 0.364437, 0.374036, 0.902637, 1, 

22,16,0.001, 0.0817927, 0.0590243, 0.109094, 0.123513, 0.177275, 0.197143, 0.24194, 0.902637, 1, 

28,12,0.0599229, 0.0599229, 0.0982018, 0.110886, 0.173244, 0.150583, 0.207694, 0.211117, 0.231177, 0.325631, 0.327706, 0.356195, 0.391203, 0.487773, 0.507666, 1, 

Generation #33
23,14,0.001, 0.0365271, 0.0982018, 0.110886, 0.167362, 0.150583, 0.207694, 0.364437, 0.374036, 0.902637, 1, 

22,16,0.001, 0.0817927, 0.0590243, 0.109094, 0.123513, 0.177275, 0.197143, 0.24194, 0.902637, 1, 

26,12,0.001, 0.0599229, 0.0982018, 0.0590243, 0.126935, 0.109094, 0.123513, 0.177275, 0.197143, 0.24194, 0.902637, 0.699288, 1, 

Generation #34
23,14,0.001, 0.0365271, 0.0982018, 0.110886, 0.167362, 0.150583, 0.207694, 0.364437, 0.374036, 0.902637, 1, 

22,16,0.001, 0.0817927, 0.0590243, 0.109094, 0.123513, 0.177275, 0.197143, 0.24194, 0.902637, 1, 

26,12,0.001, 0.0599229, 0.0982018, 0.0590243, 0.126935, 0.109094, 0.123513, 0.177275, 0.197143, 0.24194, 0.902637, 0.699288, 1, 

Generation #35
23,14,0.001, 0.0365271, 0.0982018, 0.110886, 0.167362, 0.150583, 0.207694, 0.364437, 0.374036, 0.902637, 1, 

22,16,0.001, 0.0817927, 0.0590243, 0.109094, 0.123513, 0.177275, 0.197143, 0.24194, 0.902637, 1, 

26,12,0.001, 0.0599229, 0.0982018, 0.0590243, 0.126935, 0.109094, 0.123513, 0.177275, 0.197143, 0.24194, 0.902637, 0.699288, 1, 

Generation #36
23,14,0.001, 0.0365271, 0.0982018, 0.110886, 0.167362, 0.150583, 0.207694, 0.364437, 0.374036, 0.902637, 1, 

22,16,0.001, 0.0817927, 0.0590243, 0.109094, 0.123513, 0.177275, 0.197143, 0.24194, 0.902637, 1, 

26,12,0.001, 0.0599229, 0.0982018, 0.0590243, 0.126935, 0.109094, 0.123513, 0.177275, 0.197143, 0.24194, 0.902637, 0.699288, 1, 

Generation #37
23,14,0.001, 0.0365271, 0.0982018, 0.110886, 0.167362, 0.150583, 0.207694, 0.364437, 0.374036, 0.902637, 1, 

22,16,0.001, 0.0817927, 0.0590243, 0.109094, 0.123513, 0.177275, 0.197143, 0.24194, 0.902637, 1, 

26,12,0.001, 0.0599229, 0.0982018, 0.0590243, 0.126935, 0.109094, 0.123513, 0.177275, 0.197143, 0.24194, 0.902637, 0.699288, 1, 

Generation #38
23,14,0.001, 0.0365271, 0.0982018, 0.110886, 0.167362, 0.150583, 0.207694, 0.364437, 0.374036, 0.902637, 1, 

22,16,0.001, 0.0817927, 0.0590243, 0.109094, 0.123513, 0.177275, 0.197143, 0.24194, 0.902637, 1, 

26,12,0.001, 0.0599229, 0.0982018, 0.0590243, 0.126935, 0.109094, 0.123513, 0.177275, 0.197143, 0.24194, 0.902637, 0.699288, 1, 

Generation #39
23,14,0.001, 0.0365271, 0.0982018, 0.110886, 0.167362, 0.150583, 0.207694, 0.364437, 0.374036, 0.902637, 1, 

22,16,0.001, 0.0817927, 0.0590243, 0.109094, 0.123513, 0.177275, 0.197143, 0.24194, 0.902637, 1, 

25,11,0.001, 0.0365271, 0.0982018, 0.110886, 0.167362, 0.150583, 0.207694, 0.364437, 0.19639, 0.374036, 0.902637, 1, 

Generation #40
23,14,0.001, 0.0365271, 0.0982018, 0.110886, 0.167362, 0.150583, 0.207694, 0.364437, 0.374036, 0.902637, 1, 

22,16,0.001, 0.0817927, 0.0590243, 0.109094, 0.123513, 0.177275, 0.197143, 0.24194, 0.902637, 1, 

25,11,0.001, 0.0365271, 0.0982018, 0.110886, 0.167362, 0.150583, 0.207694, 0.364437, 0.19639, 0.374036, 0.902637, 1, 

Generation #41
21,11,0.001, 0.0817927, 0.0861547, 0.107211, 0.109094, 0.123513, 0.211117, 0.231177, 0.325631, 1, 

Generation #42
21,11,0.001, 0.0817927, 0.0861547, 0.107211, 0.109094, 0.123513, 0.211117, 0.231177, 0.325631, 1, 

Generation #43
21,11,0.001, 0.0817927, 0.0861547, 0.107211, 0.109094, 0.123513, 0.211117, 0.231177, 0.325631, 1, 

Generation #44
21,11,0.001, 0.0817927, 0.0861547, 0.107211, 0.109094, 0.123513, 0.211117, 0.231177, 0.325631, 1, 

22,9,0.0599229, 0.0365271, 0.0590243, 0.110886, 0.167362, 0.123513, 0.196692, 0.364437, 0.374036, 1, 

Generation #45
21,11,0.001, 0.0817927, 0.0861547, 0.107211, 0.109094, 0.123513, 0.211117, 0.231177, 0.325631, 1, 

22,9,0.0599229, 0.0365271, 0.0590243, 0.110886, 0.167362, 0.123513, 0.196692, 0.364437, 0.374036, 1, 

Generation #46
21,11,0.001, 0.0817927, 0.0861547, 0.107211, 0.109094, 0.123513, 0.211117, 0.231177, 0.325631, 1, 

22,9,0.0599229, 0.0365271, 0.0590243, 0.110886, 0.167362, 0.123513, 0.196692, 0.364437, 0.374036, 1, 

Generation #47
21,11,0.001, 0.0817927, 0.0861547, 0.107211, 0.109094, 0.123513, 0.211117, 0.231177, 0.325631, 1, 

22,9,0.0599229, 0.0365271, 0.0590243, 0.110886, 0.167362, 0.123513, 0.196692, 0.364437, 0.374036, 1, 

Generation #48
21,11,0.001, 0.0817927, 0.0861547, 0.107211, 0.109094, 0.123513, 0.211117, 0.231177, 0.325631, 1, 

22,9,0.0599229, 0.0365271, 0.0590243, 0.110886, 0.167362, 0.123513, 0.196692, 0.364437, 0.374036, 1, 

Generation #49
21,11,0.001, 0.0817927, 0.0861547, 0.107211, 0.109094, 0.123513, 0.211117, 0.231177, 0.325631, 1, 

22,9,0.0599229, 0.0365271, 0.0590243, 0.110886, 0.167362, 0.123513, 0.196692, 0.364437, 0.374036, 1, 

--- Pareto Front Solutions ---
Solution 0: N total=141 (N_initial=120, N_added=21), Time total=157 ms, Saved to: ./results/Apache_t2_l4_pareto_0.csv, percents=0.001, 0.0817927, 0.0861547, 0.107211, 0.109094, 0.123513, 0.211117, 0.231177, 0.325631, 1, 

Solution 1: N total=142 (N_initial=120, N_added=22), Time total=155 ms, Saved to: ./results/Apache_t2_l4_pareto_1.csv, percents=0.0599229, 0.0365271, 0.0590243, 0.110886, 0.167362, 0.123513, 0.196692, 0.364437, 0.374036, 1, 

