------------d=1, t=2, lambda=1, filename=./evaluation/Apache/Apache_2_1.csv------------
Computing partitioned counts of d-sets...
Ready to look at pairs based on partitioned counts...
First Stage N=60, Time=160
There are 1256 remaining non-locating pairs
--- Running Density Algorithm (phase2_ce) for Locating ---
  (CE) DEBUG: Trying to distinguish 1256 pairs. Example:
       Pair 0: (25,170,),(1,4,)  vs (34,170,),(0,4,)  (already separated 0 times)
  (CE) Using greedy column-by-column strategy.
  (CE) Row 70 built (best score: 48). 335 pairs remaining to distinguish.
  (CE) Row 80 built (best score: 14). 63 pairs remaining to distinguish.
  (CE) Row 90 built (best score: 3). 3 pairs remaining to distinguish.
  (CE) Row 92 built (best score: 1). 0 pairs remaining to distinguish.
--- Pareto Front Solutions ---
Solution 0: N total=92 (N_initial=60, N_added=32), Time total=800 ms, Saved to: ./results/Apache_t2_l1_pareto_0.csv, percents=1, 

------------d=1, t=2, lambda=2, filename=./evaluation/Apache/Apache_2_2.csv------------
Computing partitioned counts of d-sets...
Ready to look at pairs based on partitioned counts...
First Stage N=60, Time=148
There are 1256 remaining non-locating pairs
--- Running Density Algorithm (phase2_ce) for Locating ---
  (CE) DEBUG: Trying to distinguish 1256 pairs. Example:
       Pair 0: (25,170,),(1,4,)  vs (34,170,),(0,4,)  (already separated 0 times)
  (CE) Using greedy column-by-column strategy.
  (CE) Row 70 built (best score: 96). 810 pairs remaining to distinguish.
  (CE) Row 80 built (best score: 61). 385 pairs remaining to distinguish.
  (CE) Row 90 built (best score: 19). 124 pairs remaining to distinguish.
  (CE) Row 100 built (best score: 4). 14 pairs remaining to distinguish.
  (CE) Row 106 built (best score: 1). 0 pairs remaining to distinguish.
--- Pareto Front Solutions ---
Solution 0: N total=106 (N_initial=60, N_added=46), Time total=1483 ms, Saved to: ./results/Apache_t2_l2_pareto_0.csv, percents=1, 

------------d=1, t=2, lambda=3, filename=./evaluation/Apache/Apache_2_3.csv------------
Computing partitioned counts of d-sets...
Ready to look at pairs based on partitioned counts...
First Stage N=90, Time=116
There are 533 remaining non-locating pairs
--- Running Density Algorithm (phase2_ce) for Locating ---
  (CE) DEBUG: Trying to distinguish 533 pairs. Example:
       Pair 0: (18,171,),(0,1,)  vs (148,171,),(1,1,)  (already separated 2 times)
  (CE) Using greedy column-by-column strategy.
  (CE) Row 100 built (best score: 28). 155 pairs remaining to distinguish.
  (CE) Row 110 built (best score: 10). 45 pairs remaining to distinguish.
  (CE) Row 120 built (best score: 2). 5 pairs remaining to distinguish.
  (CE) Row 123 built (best score: 1). 0 pairs remaining to distinguish.
--- Pareto Front Solutions ---
Solution 0: N total=123 (N_initial=90, N_added=33), Time total=411 ms, Saved to: ./results/Apache_t2_l3_pareto_0.csv, percents=1, 

------------d=1, t=2, lambda=4, filename=./evaluation/Apache/Apache_2_4.csv------------
Computing partitioned counts of d-sets...
Ready to look at pairs based on partitioned counts...
First Stage N=120, Time=118
There are 61 remaining non-locating pairs
--- Running Density Algorithm (phase2_ce) for Locating ---
  (CE) DEBUG: Trying to distinguish 61 pairs. Example:
       Pair 0: (41,171,),(1,4,)  vs (70,171,),(1,4,)  (already separated 2 times)
  (CE) Using greedy column-by-column strategy.
  (CE) Row 130 built (best score: 6). 22 pairs remaining to distinguish.
  (CE) Row 140 built (best score: 1). 2 pairs remaining to distinguish.
  (CE) Row 142 built (best score: 1). 0 pairs remaining to distinguish.
--- Pareto Front Solutions ---
Solution 0: N total=142 (N_initial=120, N_added=22), Time total=165 ms, Saved to: ./results/Apache_t2_l4_pareto_0.csv, percents=1, 

