------------d=1, t=2, lambda=1, filename=./evaluation/Apache/Apache_2_1.csv------------
Grouping d-sets by partitioned row counts for detecting arrays...
Ready to look at pairs for detecting arrays...
First Stage N=60, Time=156
There are 42859 remaining non-locating pairs
--- Running GA Algorithm (phase2) ---
Running GA with std::execution::par
Generation #0
65,7317,0.001, 0.0571598, 0.344386, 0.423148, 0.423571, 0.542285, 0.597495, 0.631528, 0.655526, 0.842261, 0.906301, 0.930431, 0.992145, 1, 

75,2812,0.001, 0.00563984, 0.0472926, 0.0698625, 0.0751163, 0.198198, 0.226628, 0.274555, 0.301448, 0.330416, 0.408317, 0.413537, 0.600954, 0.665264, 0.673547, 0.693171, 0.748014, 0.773028, 0.803385, 0.892334, 0.903401, 1, 

68,4737,0.001, 0.0259043, 0.130204, 0.17025, 0.232543, 0.423074, 0.425028, 0.44652, 0.475025, 0.556769, 0.629394, 0.724175, 0.7556, 0.828216, 0.865924, 0.931853, 0.992179, 1, 

63,11089,0.001, 0.0930755, 0.117456, 0.246838, 0.266876, 0.268594, 0.459387, 0.461979, 0.480012, 0.650595, 0.662716, 0.705202, 0.789084, 1, 

62,17341,0.001, 0.14223, 0.153706, 0.489961, 0.49157, 0.49993, 0.518898, 0.58726, 0.607083, 0.793639, 0.806633, 1, 

64,10062,0.001, 0.0970704, 0.133815, 0.193307, 0.314824, 0.330009, 0.392028, 0.397921, 0.422169, 0.783244, 0.803073, 0.930679, 1, 

71,2947,0.001, 0.0141455, 0.0218816, 0.0456565, 0.126535, 0.171676, 0.223503, 0.360442, 0.365705, 0.45636, 0.479251, 0.508095, 0.573131, 0.69156, 0.698453, 0.828251, 0.841254, 0.951562, 1, 

66,6058,0.001, 0.0498482, 0.216652, 0.249468, 0.280081, 0.356849, 0.456092, 0.578588, 0.814896, 0.815772, 0.872318, 0.886671, 0.887786, 1, 

Generation #1
64,2123,0.001, 0.017851, 0.0501659, 0.0513067, 0.110065, 0.137015, 0.159559, 0.187127, 0.248876, 0.279032, 0.421249, 0.803333, 0.833078, 0.955158, 1, 

66,1198,0.001, 0.00563984, 0.0472926, 0.0698625, 0.0751163, 0.198198, 0.226628, 0.274555, 0.301448, 0.330416, 0.408317, 0.413537, 0.600954, 0.665264, 0.673547, 0.937055, 0.952596, 1, 

60,5327,0.001, 0.0565881, 0.0702306, 0.105083, 0.274594, 0.306062, 0.341232, 0.378361, 0.404308, 0.419595, 1, 

61,4109,0.001, 0.0481836, 0.152529, 0.166563, 0.215614, 0.656133, 0.80047, 0.950905, 0.999048, 1, 

Generation #2
66,1198,0.001, 0.00563984, 0.0472926, 0.0698625, 0.0751163, 0.198198, 0.226628, 0.274555, 0.301448, 0.330416, 0.408317, 0.413537, 0.600954, 0.665264, 0.673547, 0.937055, 0.952596, 1, 

60,5327,0.001, 0.0565881, 0.0702306, 0.105083, 0.274594, 0.306062, 0.341232, 0.378361, 0.404308, 0.419595, 1, 

61,4109,0.001, 0.0481836, 0.152529, 0.166563, 0.215614, 0.656133, 0.80047, 0.950905, 0.999048, 1, 

64,1313,0.001, 0.00563984, 0.0472926, 0.0698625, 0.0751163, 0.198198, 0.226628, 0.274555, 0.559066, 0.603135, 0.659718, 0.694635, 0.729171, 0.979439, 1, 

62,2900,0.001, 0.0141455, 0.0218816, 0.0456565, 0.419488, 0.422539, 0.551303, 0.673079, 0.81168, 0.95616, 0.981794, 1, 

Generation #3
66,1198,0.001, 0.00563984, 0.0472926, 0.0698625, 0.0751163, 0.198198, 0.226628, 0.274555, 0.301448, 0.330416, 0.408317, 0.413537, 0.600954, 0.665264, 0.673547, 0.937055, 0.952596, 1, 

60,5327,0.001, 0.0565881, 0.0702306, 0.105083, 0.274594, 0.306062, 0.341232, 0.378361, 0.404308, 0.419595, 1, 

64,1313,0.001, 0.00563984, 0.0472926, 0.0698625, 0.0751163, 0.198198, 0.226628, 0.274555, 0.559066, 0.603135, 0.659718, 0.694635, 0.729171, 0.979439, 1, 

61,1598,0.001, 0.00563984, 0.0638381, 0.103473, 0.112512, 0.330009, 0.392028, 0.397921, 0.422169, 0.783244, 0.803073, 0.930679, 1, 

Generation #4
60,5327,0.001, 0.0565881, 0.0702306, 0.105083, 0.274594, 0.306062, 0.341232, 0.378361, 0.404308, 0.419595, 1, 

63,1098,0.001, 0.00563984, 0.0472926, 0.0698625, 0.0751163, 0.198198, 0.226628, 0.274555, 0.81168, 0.95616, 1, 

61,1238,0.001, 0.00563984, 0.0472926, 0.0698625, 0.0751163, 0.267302, 0.337792, 0.510133, 0.559066, 0.999048, 1, 

Generation #5
63,1098,0.001, 0.00563984, 0.0472926, 0.0698625, 0.0751163, 0.198198, 0.226628, 0.274555, 0.81168, 0.95616, 1, 

61,1238,0.001, 0.00563984, 0.0472926, 0.0698625, 0.0751163, 0.267302, 0.337792, 0.510133, 0.559066, 0.999048, 1, 

60,1998,0.001, 0.016774, 0.0472926, 0.0698625, 0.198198, 0.226628, 0.626879, 0.274555, 0.301448, 0.81168, 0.648952, 1, 

59,2379,0.001, 0.016774, 0.0501659, 0.0513067, 0.306062, 0.341232, 0.378361, 0.404308, 0.419595, 1, 

Generation #6
63,1098,0.001, 0.00563984, 0.0472926, 0.0698625, 0.0751163, 0.198198, 0.226628, 0.274555, 0.81168, 0.95616, 1, 

61,1216,0.001, 0.00563984, 0.0472926, 0.0698625, 0.0751163, 0.198198, 0.226628, 0.274555, 0.301448, 0.999048, 1, 

58,1280,0.001, 0.00563984, 0.0472926, 0.0698625, 0.0751163, 0.198198, 0.551303, 0.673079, 0.95616, 1, 

Generation #7
63,1098,0.001, 0.00563984, 0.0472926, 0.0698625, 0.0751163, 0.198198, 0.226628, 0.274555, 0.81168, 0.95616, 1, 

58,1280,0.001, 0.00563984, 0.0472926, 0.0698625, 0.0751163, 0.198198, 0.551303, 0.673079, 0.95616, 1, 

64,852,0.001, 0.00563984, 0.0472926, 0.0698625, 0.0751163, 0.198198, 0.226628, 0.274555, 0.559066, 0.999048, 1, 

61,1110,0.001, 0.00563984, 0.0472926, 0.0698625, 0.0751163, 0.204664, 0.378361, 0.404308, 1, 

60,1222,0.001, 0.00563984, 0.0472926, 0.114905, 0.167029, 0.204664, 0.210881, 0.23582, 0.529451, 1, 

Generation #8
63,1098,0.001, 0.00563984, 0.0472926, 0.0698625, 0.0751163, 0.198198, 0.226628, 0.274555, 0.81168, 0.95616, 1, 

58,1280,0.001, 0.00563984, 0.0472926, 0.0698625, 0.0751163, 0.198198, 0.551303, 0.673079, 0.95616, 1, 

64,852,0.001, 0.00563984, 0.0472926, 0.0698625, 0.0751163, 0.198198, 0.226628, 0.274555, 0.559066, 0.999048, 1, 

61,1110,0.001, 0.00563984, 0.0472926, 0.0698625, 0.0751163, 0.204664, 0.378361, 0.404308, 1, 

60,1222,0.001, 0.00563984, 0.0472926, 0.114905, 0.167029, 0.204664, 0.210881, 0.23582, 0.529451, 1, 

Generation #9
63,1098,0.001, 0.00563984, 0.0472926, 0.0698625, 0.0751163, 0.198198, 0.226628, 0.274555, 0.81168, 0.95616, 1, 

58,1280,0.001, 0.00563984, 0.0472926, 0.0698625, 0.0751163, 0.198198, 0.551303, 0.673079, 0.95616, 1, 

64,852,0.001, 0.00563984, 0.0472926, 0.0698625, 0.0751163, 0.198198, 0.226628, 0.274555, 0.559066, 0.999048, 1, 

61,1110,0.001, 0.00563984, 0.0472926, 0.0698625, 0.0751163, 0.204664, 0.378361, 0.404308, 1, 

60,1222,0.001, 0.00563984, 0.0472926, 0.114905, 0.167029, 0.204664, 0.210881, 0.23582, 0.529451, 1, 

Generation #10
64,852,0.001, 0.00563984, 0.0472926, 0.0698625, 0.0751163, 0.198198, 0.226628, 0.274555, 0.559066, 0.999048, 1, 

61,1041,0.001, 0.00563984, 0.0472926, 0.0698625, 0.0751163, 0.198198, 0.226628, 0.529451, 1, 

58,1162,0.001, 0.00563984, 0.0472926, 0.0698625, 0.0751163, 0.198198, 0.226628, 0.274555, 0.529451, 0.93983, 0.806633, 1, 

59,1118,0.001, 0.00563984, 0.0472926, 0.0698625, 0.0751163, 0.656133, 0.378361, 1, 

Generation #11
64,852,0.001, 0.00563984, 0.0472926, 0.0698625, 0.0751163, 0.198198, 0.226628, 0.274555, 0.559066, 0.999048, 1, 

61,1041,0.001, 0.00563984, 0.0472926, 0.0698625, 0.0751163, 0.198198, 0.226628, 0.529451, 1, 

58,1162,0.001, 0.00563984, 0.0472926, 0.0698625, 0.0751163, 0.198198, 0.226628, 0.274555, 0.529451, 0.93983, 0.806633, 1, 

60,1057,0.001, 0.00563984, 0.0472926, 0.0698625, 0.0751163, 0.226628, 0.274555, 0.529451, 0.93983, 0.806633, 1, 

59,1109,0.001, 0.00563984, 0.0472926, 0.0698625, 0.0751163, 0.204664, 0.378361, 0.404308, 0.529451, 0.999048, 1, 

Generation #12
64,852,0.001, 0.00563984, 0.0472926, 0.0698625, 0.0751163, 0.198198, 0.226628, 0.274555, 0.559066, 0.999048, 1, 

61,1041,0.001, 0.00563984, 0.0472926, 0.0698625, 0.0751163, 0.198198, 0.226628, 0.529451, 1, 

58,1162,0.001, 0.00563984, 0.0472926, 0.0698625, 0.0751163, 0.198198, 0.226628, 0.274555, 0.529451, 0.93983, 0.806633, 1, 

59,1109,0.001, 0.00563984, 0.0472926, 0.0698625, 0.0751163, 0.204664, 0.378361, 0.404308, 0.529451, 0.999048, 1, 

57,1237,0.001, 0.00563984, 0.0472926, 0.0698625, 0.0751163, 0.226628, 0.529451, 0.93983, 0.806633, 1, 

60,1055,0.001, 0.00563984, 0.0472926, 0.00689648, 0.0698625, 0.0751163, 0.198198, 0.287437, 0.905804, 0.913058, 0.939807, 1, 

Generation #13
64,852,0.001, 0.00563984, 0.0472926, 0.0698625, 0.0751163, 0.198198, 0.226628, 0.274555, 0.559066, 0.999048, 1, 

58,1162,0.001, 0.00563984, 0.0472926, 0.0698625, 0.0751163, 0.198198, 0.226628, 0.274555, 0.529451, 0.93983, 0.806633, 1, 

59,1109,0.001, 0.00563984, 0.0472926, 0.0698625, 0.0751163, 0.204664, 0.378361, 0.404308, 0.529451, 0.999048, 1, 

60,985,0.001, 0.00563984, 0.0472926, 0.0698625, 0.0751163, 0.204664, 0.378361, 1, 

57,1210,0.001, 0.00563984, 0.0472926, 0.0698625, 0.0751163, 0.204664, 0.378361, 1, 

Generation #14
64,852,0.001, 0.00563984, 0.0472926, 0.0698625, 0.0751163, 0.198198, 0.226628, 0.274555, 0.559066, 0.999048, 1, 

58,1162,0.001, 0.00563984, 0.0472926, 0.0698625, 0.0751163, 0.198198, 0.226628, 0.274555, 0.529451, 0.93983, 0.806633, 1, 

59,1109,0.001, 0.00563984, 0.0472926, 0.0698625, 0.0751163, 0.204664, 0.378361, 0.404308, 0.529451, 0.999048, 1, 

60,985,0.001, 0.00563984, 0.0472926, 0.0698625, 0.0751163, 0.204664, 0.378361, 1, 

57,1210,0.001, 0.00563984, 0.0472926, 0.0698625, 0.0751163, 0.204664, 0.378361, 1, 

62,911,0.001, 0.00563984, 0.0472926, 0.0698625, 0.0751163, 0.198198, 0.226628, 0.274555, 0.559066, 0.999048, 1, 

Generation #15
64,852,0.001, 0.00563984, 0.0472926, 0.0698625, 0.0751163, 0.198198, 0.226628, 0.274555, 0.559066, 0.999048, 1, 

60,985,0.001, 0.00563984, 0.0472926, 0.0698625, 0.0751163, 0.204664, 0.378361, 1, 

62,911,0.001, 0.00563984, 0.0472926, 0.0698625, 0.0751163, 0.198198, 0.226628, 0.274555, 0.559066, 0.999048, 1, 

59,1087,0.001, 0.00563984, 0.0472926, 0.0698625, 0.0751163, 0.204664, 0.378361, 1, 

57,1124,0.001, 0.00563984, 0.0472926, 0.0698625, 0.0751163, 0.204664, 0.926397, 1, 

Generation #16
64,852,0.001, 0.00563984, 0.0472926, 0.0698625, 0.0751163, 0.198198, 0.226628, 0.274555, 0.559066, 0.999048, 1, 

60,985,0.001, 0.00563984, 0.0472926, 0.0698625, 0.0751163, 0.204664, 0.378361, 1, 

62,911,0.001, 0.00563984, 0.0472926, 0.0698625, 0.0751163, 0.198198, 0.226628, 0.274555, 0.559066, 0.999048, 1, 

59,1087,0.001, 0.00563984, 0.0472926, 0.0698625, 0.0751163, 0.204664, 0.378361, 1, 

57,1124,0.001, 0.00563984, 0.0472926, 0.0698625, 0.0751163, 0.204664, 0.926397, 1, 

Generation #17
64,852,0.001, 0.00563984, 0.0472926, 0.0698625, 0.0751163, 0.198198, 0.226628, 0.274555, 0.559066, 0.999048, 1, 

57,1124,0.001, 0.00563984, 0.0472926, 0.0698625, 0.0751163, 0.204664, 0.926397, 1, 

62,897,0.001, 0.00563984, 0.0472926, 0.0698625, 0.0751163, 0.198198, 0.226628, 0.404308, 0.529451, 1, 

58,942,0.001, 0.00563984, 0.0472926, 0.0698625, 0.0751163, 0.198198, 0.226628, 1, 

Generation #18
64,852,0.001, 0.00563984, 0.0472926, 0.0698625, 0.0751163, 0.198198, 0.226628, 0.274555, 0.559066, 0.999048, 1, 

57,1124,0.001, 0.00563984, 0.0472926, 0.0698625, 0.0751163, 0.204664, 0.926397, 1, 

62,897,0.001, 0.00563984, 0.0472926, 0.0698625, 0.0751163, 0.198198, 0.226628, 0.404308, 0.529451, 1, 

58,942,0.001, 0.00563984, 0.0472926, 0.0698625, 0.0751163, 0.198198, 0.226628, 1, 

55,1272,0.001, 0.00563984, 0.0472926, 0.0698625, 0.0751163, 0.656133, 0.378361, 1, 

Generation #19
64,852,0.001, 0.00563984, 0.0472926, 0.0698625, 0.0751163, 0.198198, 0.226628, 0.274555, 0.559066, 0.999048, 1, 

57,1124,0.001, 0.00563984, 0.0472926, 0.0698625, 0.0751163, 0.204664, 0.926397, 1, 

62,897,0.001, 0.00563984, 0.0472926, 0.0698625, 0.0751163, 0.198198, 0.226628, 0.404308, 0.529451, 1, 

58,942,0.001, 0.00563984, 0.0472926, 0.0698625, 0.0751163, 0.198198, 0.226628, 1, 

55,1272,0.001, 0.00563984, 0.0472926, 0.0698625, 0.0751163, 0.656133, 0.378361, 1, 

Generation #20
64,852,0.001, 0.00563984, 0.0472926, 0.0698625, 0.0751163, 0.198198, 0.226628, 0.274555, 0.559066, 0.999048, 1, 

57,1124,0.001, 0.00563984, 0.0472926, 0.0698625, 0.0751163, 0.204664, 0.926397, 1, 

62,897,0.001, 0.00563984, 0.0472926, 0.0698625, 0.0751163, 0.198198, 0.226628, 0.404308, 0.529451, 1, 

58,942,0.001, 0.00563984, 0.0472926, 0.0698625, 0.0751163, 0.198198, 0.226628, 1, 

55,1272,0.001, 0.00563984, 0.0472926, 0.0698625, 0.0751163, 0.656133, 0.378361, 1, 

Generation #21
64,852,0.001, 0.00563984, 0.0472926, 0.0698625, 0.0751163, 0.198198, 0.226628, 0.274555, 0.559066, 0.999048, 1, 

57,1124,0.001, 0.00563984, 0.0472926, 0.0698625, 0.0751163, 0.204664, 0.926397, 1, 

62,897,0.001, 0.00563984, 0.0472926, 0.0698625, 0.0751163, 0.198198, 0.226628, 0.404308, 0.529451, 1, 

58,942,0.001, 0.00563984, 0.0472926, 0.0698625, 0.0751163, 0.198198, 0.226628, 1, 

55,1272,0.001, 0.00563984, 0.0472926, 0.0698625, 0.0751163, 0.656133, 0.378361, 1, 

Generation #22
64,852,0.001, 0.00563984, 0.0472926, 0.0698625, 0.0751163, 0.198198, 0.226628, 0.274555, 0.559066, 0.999048, 1, 

57,1124,0.001, 0.00563984, 0.0472926, 0.0698625, 0.0751163, 0.204664, 0.926397, 1, 

62,897,0.001, 0.00563984, 0.0472926, 0.0698625, 0.0751163, 0.198198, 0.226628, 0.404308, 0.529451, 1, 

58,942,0.001, 0.00563984, 0.0472926, 0.0698625, 0.0751163, 0.198198, 0.226628, 1, 

55,1272,0.001, 0.00563984, 0.0472926, 0.0698625, 0.0751163, 0.656133, 0.378361, 1, 

Generation #23
64,852,0.001, 0.00563984, 0.0472926, 0.0698625, 0.0751163, 0.198198, 0.226628, 0.274555, 0.559066, 0.999048, 1, 

57,1124,0.001, 0.00563984, 0.0472926, 0.0698625, 0.0751163, 0.204664, 0.926397, 1, 

62,897,0.001, 0.00563984, 0.0472926, 0.0698625, 0.0751163, 0.198198, 0.226628, 0.404308, 0.529451, 1, 

58,942,0.001, 0.00563984, 0.0472926, 0.0698625, 0.0751163, 0.198198, 0.226628, 1, 

55,1272,0.001, 0.00563984, 0.0472926, 0.0698625, 0.0751163, 0.656133, 0.378361, 1, 

56,1174,0.001, 0.00563984, 0.0472926, 0.0698625, 0.0751163, 0.656133, 0.378361, 1, 

Generation #24
64,852,0.001, 0.00563984, 0.0472926, 0.0698625, 0.0751163, 0.198198, 0.226628, 0.274555, 0.559066, 0.999048, 1, 

57,1124,0.001, 0.00563984, 0.0472926, 0.0698625, 0.0751163, 0.204664, 0.926397, 1, 

62,897,0.001, 0.00563984, 0.0472926, 0.0698625, 0.0751163, 0.198198, 0.226628, 0.404308, 0.529451, 1, 

55,1272,0.001, 0.00563984, 0.0472926, 0.0698625, 0.0751163, 0.656133, 0.378361, 1, 

56,1174,0.001, 0.00563984, 0.0472926, 0.0698625, 0.0751163, 0.656133, 0.378361, 1, 

58,936,0.001, 0.00563984, 0.0472926, 0.0698625, 0.0751163, 0.204664, 0.378361, 1, 

Generation #25
64,852,0.001, 0.00563984, 0.0472926, 0.0698625, 0.0751163, 0.198198, 0.226628, 0.274555, 0.559066, 0.999048, 1, 

57,1124,0.001, 0.00563984, 0.0472926, 0.0698625, 0.0751163, 0.204664, 0.926397, 1, 

55,1272,0.001, 0.00563984, 0.0472926, 0.0698625, 0.0751163, 0.656133, 0.378361, 1, 

56,1174,0.001, 0.00563984, 0.0472926, 0.0698625, 0.0751163, 0.656133, 0.378361, 1, 

58,936,0.001, 0.00563984, 0.0472926, 0.0698625, 0.0751163, 0.204664, 0.378361, 1, 

61,887,0.001, 0.00563984, 0.0202962, 0.0472926, 0.0698625, 0.0584977, 0.0751163, 0.267302, 1, 

Generation #26
64,852,0.001, 0.00563984, 0.0472926, 0.0698625, 0.0751163, 0.198198, 0.226628, 0.274555, 0.559066, 0.999048, 1, 

57,1124,0.001, 0.00563984, 0.0472926, 0.0698625, 0.0751163, 0.204664, 0.926397, 1, 

55,1272,0.001, 0.00563984, 0.0472926, 0.0698625, 0.0751163, 0.656133, 0.378361, 1, 

56,1174,0.001, 0.00563984, 0.0472926, 0.0698625, 0.0751163, 0.656133, 0.378361, 1, 

58,936,0.001, 0.00563984, 0.0472926, 0.0698625, 0.0751163, 0.204664, 0.378361, 1, 

61,887,0.001, 0.00563984, 0.0202962, 0.0472926, 0.0698625, 0.0584977, 0.0751163, 0.267302, 1, 

Generation #27
64,852,0.001, 0.00563984, 0.0472926, 0.0698625, 0.0751163, 0.198198, 0.226628, 0.274555, 0.559066, 0.999048, 1, 

57,1124,0.001, 0.00563984, 0.0472926, 0.0698625, 0.0751163, 0.204664, 0.926397, 1, 

55,1272,0.001, 0.00563984, 0.0472926, 0.0698625, 0.0751163, 0.656133, 0.378361, 1, 

56,1174,0.001, 0.00563984, 0.0472926, 0.0698625, 0.0751163, 0.656133, 0.378361, 1, 

58,936,0.001, 0.00563984, 0.0472926, 0.0698625, 0.0751163, 0.204664, 0.378361, 1, 

61,887,0.001, 0.00563984, 0.0202962, 0.0472926, 0.0698625, 0.0584977, 0.0751163, 0.267302, 1, 

Generation #28
64,852,0.001, 0.00563984, 0.0472926, 0.0698625, 0.0751163, 0.198198, 0.226628, 0.274555, 0.559066, 0.999048, 1, 

57,1124,0.001, 0.00563984, 0.0472926, 0.0698625, 0.0751163, 0.204664, 0.926397, 1, 

55,1272,0.001, 0.00563984, 0.0472926, 0.0698625, 0.0751163, 0.656133, 0.378361, 1, 

56,1174,0.001, 0.00563984, 0.0472926, 0.0698625, 0.0751163, 0.656133, 0.378361, 1, 

58,936,0.001, 0.00563984, 0.0472926, 0.0698625, 0.0751163, 0.204664, 0.378361, 1, 

61,887,0.001, 0.00563984, 0.0202962, 0.0472926, 0.0698625, 0.0584977, 0.0751163, 0.267302, 1, 

Generation #29
64,852,0.001, 0.00563984, 0.0472926, 0.0698625, 0.0751163, 0.198198, 0.226628, 0.274555, 0.559066, 0.999048, 1, 

57,1124,0.001, 0.00563984, 0.0472926, 0.0698625, 0.0751163, 0.204664, 0.926397, 1, 

55,1272,0.001, 0.00563984, 0.0472926, 0.0698625, 0.0751163, 0.656133, 0.378361, 1, 

56,1174,0.001, 0.00563984, 0.0472926, 0.0698625, 0.0751163, 0.656133, 0.378361, 1, 

58,936,0.001, 0.00563984, 0.0472926, 0.0698625, 0.0751163, 0.204664, 0.378361, 1, 

61,887,0.001, 0.00563984, 0.0202962, 0.0472926, 0.0698625, 0.0584977, 0.0751163, 0.267302, 1, 

Generation #30
64,852,0.001, 0.00563984, 0.0472926, 0.0698625, 0.0751163, 0.198198, 0.226628, 0.274555, 0.559066, 0.999048, 1, 

57,1124,0.001, 0.00563984, 0.0472926, 0.0698625, 0.0751163, 0.204664, 0.926397, 1, 

55,1272,0.001, 0.00563984, 0.0472926, 0.0698625, 0.0751163, 0.656133, 0.378361, 1, 

56,1174,0.001, 0.00563984, 0.0472926, 0.0698625, 0.0751163, 0.656133, 0.378361, 1, 

58,936,0.001, 0.00563984, 0.0472926, 0.0698625, 0.0751163, 0.204664, 0.378361, 1, 

61,887,0.001, 0.00563984, 0.0202962, 0.0472926, 0.0698625, 0.0584977, 0.0751163, 0.267302, 1, 
