------------d=1, t=2, lambda=1, filename=./evaluation/Apache/Apache_2_1.csv------------
Grouping d-sets by partitioned row counts for detecting arrays...
Ready to look at pairs for detecting arrays...
First Stage N=60, Time=151
There are 42859 remaining non-locating pairs
--- Running GA Algorithm (phase2) ---
Running GA with std::execution::par
Generation #0
69,2810,0.001, 0.00563984, 0.0472926, 0.0698625, 0.0751163, 0.198198, 0.226628, 0.274555, 0.301448, 0.330416, 0.408317, 0.413537, 0.600954, 0.665264, 0.673547, 0.693171, 0.748014, 0.773028, 0.803385, 0.892334, 0.903401, 1, 

64,18594,0.001, 0.142675, 0.144645, 0.243401, 0.419488, 0.422539, 0.551303, 0.673079, 0.81168, 0.95616, 0.981794, 1, 

66,6380,0.001, 0.0537338, 0.106666, 0.111303, 0.348809, 0.39629, 0.452333, 0.476821, 0.529451, 0.635177, 0.648952, 0.726148, 0.943837, 0.951523, 1, 

65,8907,0.001, 0.0970704, 0.133815, 0.193307, 0.314824, 0.330009, 0.392028, 0.397921, 0.422169, 0.783244, 0.803073, 0.930679, 1, 

70,2554,0.001, 0.0141455, 0.0218816, 0.0456565, 0.126535, 0.171676, 0.223503, 0.360442, 0.365705, 0.45636, 0.479251, 0.508095, 0.573131, 0.69156, 0.698453, 0.828251, 0.841254, 0.951562, 1, 

Generation #1
62,3654,0.001, 0.0414656, 0.0521207, 0.117633, 0.126995, 0.163411, 0.214394, 0.220679, 0.993654, 1, 

64,1974,0.001, 0.0141455, 0.0218816, 0.0456565, 0.126535, 0.171676, 0.223503, 0.360442, 0.81168, 0.95616, 0.981794, 1, 

Generation #2
74,1183,0.001, 0.00563984, 0.0472926, 0.0698625, 0.202528, 0.233823, 0.25393, 0.331906, 0.444786, 0.499249, 0.5138, 0.550361, 0.557304, 0.672902, 0.750565, 0.754468, 0.776257, 0.809355, 0.852882, 0.937812, 0.992883, 1, 

60,1771,0.001, 0.00749773, 0.0835864, 0.148514, 0.371203, 0.467519, 0.710549, 0.845754, 0.979017, 1, 

Generation #3
60,1771,0.001, 0.00749773, 0.0835864, 0.148514, 0.371203, 0.467519, 0.710549, 0.845754, 0.979017, 1, 

74,1075,0.001, 0.00563984, 0.0472926, 0.0698625, 0.0751163, 0.198198, 0.226628, 0.274555, 0.301448, 0.330416, 0.408317, 0.413537, 0.600954, 0.665264, 0.673547, 0.693171, 0.748014, 0.773028, 0.803385, 0.839098, 0.844438, 0.957415, 0.970357, 1, 

Generation #4
60,1771,0.001, 0.00749773, 0.0835864, 0.148514, 0.371203, 0.467519, 0.710549, 0.845754, 0.979017, 1, 

74,1075,0.001, 0.00563984, 0.0472926, 0.0698625, 0.0751163, 0.198198, 0.226628, 0.274555, 0.301448, 0.330416, 0.408317, 0.413537, 0.600954, 0.665264, 0.673547, 0.693171, 0.748014, 0.773028, 0.803385, 0.839098, 0.844438, 0.957415, 0.970357, 1, 

81,1035,0.001, 0.00563984, 0.0472926, 0.0698625, 0.109886, 0.119161, 0.216399, 0.246362, 0.302584, 0.345675, 0.346068, 0.390185, 0.443204, 0.455689, 0.522106, 0.532403, 0.55521, 0.604216, 0.702404, 0.757145, 0.774314, 0.824831, 0.850221, 0.930843, 0.984248, 0.991008, 0.687122, 0.797561, 0.838927, 0.978985, 1, 

63,1687,0.001, 0.0141455, 0.0218816, 0.0456565, 0.126535, 0.159123, 0.176135, 0.202599, 0.797689, 0.831146, 0.990146, 1, 

Generation #5
60,1771,0.001, 0.00749773, 0.0835864, 0.148514, 0.371203, 0.467519, 0.710549, 0.845754, 0.979017, 1, 

74,1075,0.001, 0.00563984, 0.0472926, 0.0698625, 0.0751163, 0.198198, 0.226628, 0.274555, 0.301448, 0.330416, 0.408317, 0.413537, 0.600954, 0.665264, 0.673547, 0.693171, 0.748014, 0.773028, 0.803385, 0.839098, 0.844438, 0.957415, 0.970357, 1, 

81,1035,0.001, 0.00563984, 0.0472926, 0.0698625, 0.109886, 0.119161, 0.216399, 0.246362, 0.302584, 0.345675, 0.346068, 0.390185, 0.443204, 0.455689, 0.522106, 0.532403, 0.55521, 0.604216, 0.702404, 0.757145, 0.774314, 0.824831, 0.850221, 0.930843, 0.984248, 0.991008, 0.687122, 0.797561, 0.838927, 0.978985, 1, 

65,1353,0.001, 0.00563984, 0.0472926, 0.0698625, 0.0751163, 0.330009, 0.392028, 0.397921, 0.422169, 0.783244, 0.803073, 0.930679, 1, 

62,1551,0.001, 0.00563984, 0.0472926, 0.0698625, 0.202528, 0.233823, 0.25393, 0.331906, 0.444786, 0.499249, 0.5138, 0.550361, 1, 

Generation #6
60,1771,0.001, 0.00749773, 0.0835864, 0.148514, 0.371203, 0.467519, 0.710549, 0.845754, 0.979017, 1, 

74,1075,0.001, 0.00563984, 0.0472926, 0.0698625, 0.0751163, 0.198198, 0.226628, 0.274555, 0.301448, 0.330416, 0.408317, 0.413537, 0.600954, 0.665264, 0.673547, 0.693171, 0.748014, 0.773028, 0.803385, 0.839098, 0.844438, 0.957415, 0.970357, 1, 

81,1035,0.001, 0.00563984, 0.0472926, 0.0698625, 0.109886, 0.119161, 0.216399, 0.246362, 0.302584, 0.345675, 0.346068, 0.390185, 0.443204, 0.455689, 0.522106, 0.532403, 0.55521, 0.604216, 0.702404, 0.757145, 0.774314, 0.824831, 0.850221, 0.930843, 0.984248, 0.991008, 0.687122, 0.797561, 0.838927, 0.978985, 1, 

62,1455,0.001, 0.00563984, 0.0472926, 0.0698625, 0.119161, 0.216399, 0.246362, 0.993654, 1, 

63,1198,0.001, 0.00563984, 0.0472926, 0.0698625, 0.119161, 0.207509, 0.233497, 0.34024, 0.425078, 0.623749, 1, 

Generation #7
60,1771,0.001, 0.00749773, 0.0835864, 0.148514, 0.371203, 0.467519, 0.710549, 0.845754, 0.979017, 1, 

74,1075,0.001, 0.00563984, 0.0472926, 0.0698625, 0.0751163, 0.198198, 0.226628, 0.274555, 0.301448, 0.330416, 0.408317, 0.413537, 0.600954, 0.665264, 0.673547, 0.693171, 0.748014, 0.773028, 0.803385, 0.839098, 0.844438, 0.957415, 0.970357, 1, 

81,1035,0.001, 0.00563984, 0.0472926, 0.0698625, 0.109886, 0.119161, 0.216399, 0.246362, 0.302584, 0.345675, 0.346068, 0.390185, 0.443204, 0.455689, 0.522106, 0.532403, 0.55521, 0.604216, 0.702404, 0.757145, 0.774314, 0.824831, 0.850221, 0.930843, 0.984248, 0.991008, 0.687122, 0.797561, 0.838927, 0.978985, 1, 

62,1455,0.001, 0.00563984, 0.0472926, 0.0698625, 0.119161, 0.216399, 0.246362, 0.993654, 1, 

63,1152,0.001, 0.00563984, 0.0472926, 0.0698625, 0.0751163, 0.198198, 0.226628, 0.274555, 0.301448, 0.330416, 0.623749, 1, 

Generation #8
60,1771,0.001, 0.00749773, 0.0835864, 0.148514, 0.371203, 0.467519, 0.710549, 0.845754, 0.979017, 1, 

81,1035,0.001, 0.00563984, 0.0472926, 0.0698625, 0.109886, 0.119161, 0.216399, 0.246362, 0.302584, 0.345675, 0.346068, 0.390185, 0.443204, 0.455689, 0.522106, 0.532403, 0.55521, 0.604216, 0.702404, 0.757145, 0.774314, 0.824831, 0.850221, 0.930843, 0.984248, 0.991008, 0.687122, 0.797561, 0.838927, 0.978985, 1, 

62,1350,0.001, 0.00563984, 0.0472926, 0.0698625, 0.10015, 0.437383, 0.444051, 0.749881, 0.83435, 0.626608, 1, 

63,1042,0.001, 0.00563984, 0.0472926, 0.0698625, 0.0751163, 0.198198, 0.226628, 0.274555, 0.301448, 0.330416, 1, 

59,1926,0.001, 0.0141455, 0.0472926, 0.0698625, 0.0751163, 0.198198, 0.226628, 0.274555, 0.301448, 1, 

61,1358,0.001, 0.00563984, 0.0472926, 0.0698625, 0.119161, 0.216399, 0.246362, 1, 

Generation #9
59,1492,0.001, 0.0141455, 0.0218816, 0.0456565, 0.126535, 0.148351, 0.15305, 0.845754, 0.979017, 1, 

60,1232,0.001, 0.00563984, 0.0472926, 0.0698625, 0.109886, 0.119161, 0.216399, 0.246362, 0.302584, 0.345675, 1, 

62,1017,0.001, 0.00563984, 0.0472926, 0.0698625, 0.119161, 0.207509, 0.233497, 0.34024, 0.425078, 0.623749, 0.623749, 1, 

Generation #10
60,1232,0.001, 0.00563984, 0.0472926, 0.0698625, 0.109886, 0.119161, 0.216399, 0.246362, 0.302584, 0.345675, 1, 

61,998,0.001, 0.00563984, 0.0472926, 0.0698625, 0.119161, 0.207509, 0.233497, 0.34024, 0.425078, 0.623749, 0.623749, 1, 

58,1326,0.001, 0.00749773, 0.0472926, 0.0698625, 0.0751163, 0.148351, 0.15305, 0.845754, 0.979017, 1, 

Generation #11
61,998,0.001, 0.00563984, 0.0472926, 0.0698625, 0.119161, 0.207509, 0.233497, 0.34024, 0.425078, 0.623749, 0.623749, 1, 

58,1326,0.001, 0.00749773, 0.0472926, 0.0698625, 0.0751163, 0.148351, 0.15305, 0.845754, 0.979017, 1, 

59,1108,0.001, 0.00563984, 0.0472926, 0.0698625, 0.0751163, 0.198198, 0.226628, 0.274555, 0.301448, 1, 

Generation #12
61,998,0.001, 0.00563984, 0.0472926, 0.0698625, 0.119161, 0.207509, 0.233497, 0.34024, 0.425078, 0.623749, 0.623749, 1, 

58,1326,0.001, 0.00749773, 0.0472926, 0.0698625, 0.0751163, 0.148351, 0.15305, 0.845754, 0.979017, 1, 

59,1108,0.001, 0.00563984, 0.0472926, 0.0698625, 0.0751163, 0.198198, 0.226628, 0.274555, 0.301448, 1, 

60,1084,0.001, 0.00563984, 0.0472926, 0.0698625, 0.0751163, 0.198198, 0.226628, 0.274555, 0.301448, 1, 

63,931,0.001, 0.00563984, 0.0218816, 0.0456565, 0.126535, 0.148351, 0.15305, 0.845754, 0.979017, 1, 

Generation #13
61,998,0.001, 0.00563984, 0.0472926, 0.0698625, 0.119161, 0.207509, 0.233497, 0.34024, 0.425078, 0.623749, 0.623749, 1, 

58,1326,0.001, 0.00749773, 0.0472926, 0.0698625, 0.0751163, 0.148351, 0.15305, 0.845754, 0.979017, 1, 

59,1108,0.001, 0.00563984, 0.0472926, 0.0698625, 0.0751163, 0.198198, 0.226628, 0.274555, 0.301448, 1, 

60,1084,0.001, 0.00563984, 0.0472926, 0.0698625, 0.0751163, 0.198198, 0.226628, 0.274555, 0.301448, 1, 

63,931,0.001, 0.00563984, 0.0218816, 0.0456565, 0.126535, 0.148351, 0.15305, 0.845754, 0.979017, 1, 

57,10352,0.001, 0.00563984, 0.433244, 0.0698625, 0.0751163, 0.198198, 0.246362, 1, 

Generation #14
58,1326,0.001, 0.00749773, 0.0472926, 0.0698625, 0.0751163, 0.148351, 0.15305, 0.845754, 0.979017, 1, 

59,1108,0.001, 0.00563984, 0.0472926, 0.0698625, 0.0751163, 0.198198, 0.226628, 0.274555, 0.301448, 1, 

60,1084,0.001, 0.00563984, 0.0472926, 0.0698625, 0.0751163, 0.198198, 0.226628, 0.274555, 0.301448, 1, 

63,931,0.001, 0.00563984, 0.0218816, 0.0456565, 0.126535, 0.148351, 0.15305, 0.845754, 0.979017, 1, 

57,10352,0.001, 0.00563984, 0.433244, 0.0698625, 0.0751163, 0.198198, 0.246362, 1, 

61,980,0.001, 0.00563984, 0.0218816, 0.0456565, 0.126535, 0.198198, 0.216399, 0.360442, 0.81168, 0.95616, 0.623749, 1, 

Generation #15
58,1326,0.001, 0.00749773, 0.0472926, 0.0698625, 0.0751163, 0.148351, 0.15305, 0.845754, 0.979017, 1, 

59,1108,0.001, 0.00563984, 0.0472926, 0.0698625, 0.0751163, 0.198198, 0.226628, 0.274555, 0.301448, 1, 

63,931,0.001, 0.00563984, 0.0218816, 0.0456565, 0.126535, 0.148351, 0.15305, 0.845754, 0.979017, 1, 

57,10352,0.001, 0.00563984, 0.433244, 0.0698625, 0.0751163, 0.198198, 0.246362, 1, 

60,972,0.001, 0.00563984, 0.0218816, 0.0698625, 0.109886, 0.119161, 0.150345, 0.17776, 1, 

Generation #16
59,1108,0.001, 0.00563984, 0.0472926, 0.0698625, 0.0751163, 0.198198, 0.226628, 0.274555, 0.301448, 1, 

63,931,0.001, 0.00563984, 0.0218816, 0.0456565, 0.126535, 0.148351, 0.15305, 0.845754, 0.979017, 1, 

60,972,0.001, 0.00563984, 0.0218816, 0.0698625, 0.109886, 0.119161, 0.150345, 0.17776, 1, 

56,1247,0.001, 0.00563984, 0.0472926, 0.0698625, 0.0751163, 0.198198, 1, 

Generation #17
59,1108,0.001, 0.00563984, 0.0472926, 0.0698625, 0.0751163, 0.198198, 0.226628, 0.274555, 0.301448, 1, 

56,1247,0.001, 0.00563984, 0.0472926, 0.0698625, 0.0751163, 0.198198, 1, 

60,938,0.001, 0.00563984, 0.0218816, 0.0456565, 0.126535, 0.148351, 0.15305, 0.17776, 1, 

61,909,0.001, 0.00563984, 0.0218816, 0.0456565, 0.126535, 0.198198, 0.216399, 0.360442, 0.81168, 0.95616, 0.623749, 1, 

Generation #18
56,1247,0.001, 0.00563984, 0.0472926, 0.0698625, 0.0751163, 0.198198, 1, 

60,938,0.001, 0.00563984, 0.0218816, 0.0456565, 0.126535, 0.148351, 0.15305, 0.17776, 1, 

61,909,0.001, 0.00563984, 0.0218816, 0.0456565, 0.126535, 0.198198, 0.216399, 0.360442, 0.81168, 0.95616, 0.623749, 1, 

59,1094,0.001, 0.00563984, 0.0218816, 0.0456565, 0.126535, 0.148351, 0.15305, 0.17776, 0.247358, 1, 
