------------d=1, t=2, lambda=1, filename=./evaluation/Bugzilla/Bugzilla_2_1.csv------------
Grouping d-sets by partitioned row counts for detecting arrays...
Ready to look at pairs for detecting arrays...
First Stage N=18, Time=26
There are 72303 remaining non-locating pairs
--- Running GA Algorithm (phase2) ---
Running GA with std::execution::par
Generation #0
39,5935,0.001, 0.0930755, 0.117456, 0.246838, 0.266876, 0.268594, 0.459387, 0.461979, 0.480012, 0.650595, 0.662716, 0.705202, 0.789084, 1, 

41,3807,0.001, 0.0600788, 0.0635621, 0.186926, 0.393744, 0.428939, 0.462547, 0.528912, 0.586828, 0.59682, 0.710195, 0.749947, 0.797568, 0.797852, 0.857405, 1, 

57,1191,0.001, 0.0266537, 0.037516, 0.040253, 0.075425, 0.14546, 0.153692, 0.211271, 0.22996, 0.248763, 0.304855, 0.31975, 0.359774, 0.379474, 0.432226, 0.493915, 0.513683, 0.525324, 0.565476, 0.629407, 0.723999, 0.748353, 0.765408, 0.783513, 0.786685, 0.826215, 0.826464, 0.845842, 0.972216, 0.993531, 1, 

36,9354,0.001, 0.171845, 0.571286, 0.600591, 0.714621, 0.730876, 0.740987, 0.905804, 0.913058, 0.939807, 1, 

40,5776,0.001, 0.0735423, 0.205442, 0.220777, 0.22262, 0.436605, 0.474762, 0.492357, 0.499475, 0.578835, 0.632639, 0.714346, 0.747626, 0.902875, 0.966634, 1, 

46,1540,0.001, 0.016831, 0.0528152, 0.0980615, 0.106911, 0.119235, 0.150345, 0.17776, 0.247358, 0.299091, 0.400537, 0.470213, 0.492376, 0.576229, 0.613618, 0.67643, 0.75629, 0.776041, 0.831382, 0.839098, 0.844438, 0.957415, 0.970357, 1, 

43,1849,0.001, 0.0141455, 0.0218816, 0.0456565, 0.126535, 0.171676, 0.223503, 0.360442, 0.365705, 0.45636, 0.479251, 0.508095, 0.573131, 0.69156, 0.698453, 0.828251, 0.841254, 0.951562, 1, 

51,1393,0.001, 0.0110509, 0.0391854, 0.0928903, 0.129683, 0.148351, 0.15305, 0.161136, 0.234665, 0.262227, 0.262612, 0.288228, 0.29071, 0.387741, 0.387959, 0.439057, 0.598829, 0.623264, 0.646717, 0.734431, 0.75492, 0.778334, 0.828504, 0.918703, 0.937746, 1, 

38,6628,0.001, 0.134803, 0.221837, 0.302436, 0.583685, 0.666923, 0.687387, 0.775528, 0.797689, 0.831146, 0.990146, 1, 

42,3222,0.001, 0.0498482, 0.216652, 0.249468, 0.280081, 0.356849, 0.456092, 0.578588, 0.814896, 0.815772, 0.872318, 0.886671, 0.887786, 1, 

Generation #1
34,1476,0.001, 0.0219461, 0.0261442, 0.0262016, 0.608378, 0.656133, 0.80047, 0.927298, 0.950905, 0.999048, 1, 

40,1047,0.001, 0.0110509, 0.0391854, 0.0928903, 0.129683, 0.148351, 0.15305, 0.161136, 0.234665, 0.045202, 0.262227, 0.262612, 0.288228, 0.29071, 0.853868, 0.979439, 1, 

39,1203,0.001, 0.0219461, 0.0261442, 0.0262016, 0.0663368, 0.100799, 0.164494, 0.673079, 0.81168, 0.95616, 0.981794, 1, 

37,1471,0.001, 0.0234395, 0.0390873, 0.0460126, 0.10239, 0.465486, 0.467519, 0.710549, 0.845754, 0.979017, 1, 

45,1019,0.001, 0.016831, 0.0528152, 0.0980615, 0.106911, 0.119235, 0.150345, 0.17776, 0.247358, 0.299091, 0.400537, 0.470213, 0.694369, 0.712898, 0.739363, 0.774425, 0.818322, 0.834638, 0.970637, 0.979585, 1, 

Generation #2
33,1088,0.001, 0.0219461, 0.0261442, 0.0262016, 0.0663368, 0.100799, 0.673079, 0.845754, 0.979017, 1, 

37,930,0.001, 0.016774, 0.0547898, 0.114905, 0.167029, 0.204664, 0.0899079, 0.673079, 0.81168, 0.95616, 0.981794, 1, 

39,840,0.001, 0.0110509, 0.0391854, 0.0928903, 0.129683, 0.148351, 0.15305, 0.161136, 0.234665, 0.262227, 0.262612, 0.288228, 0.29071, 0.387741, 0.857405, 1, 

34,1026,0.001, 0.0219461, 0.0261442, 0.0262016, 0.0663368, 0.100799, 0.164494, 0.673079, 0.81168, 0.999048, 1, 

48,758,0.001, 0.0141455, 0.0218816, 0.0456565, 0.106911, 0.119235, 0.150345, 0.17776, 0.247358, 0.299091, 0.400537, 0.470213, 0.492376, 0.576229, 0.613618, 0.67643, 0.75629, 0.776041, 0.831382, 0.839098, 0.844438, 0.957415, 0.970357, 1, 

Generation #3
33,1088,0.001, 0.0219461, 0.0261442, 0.0262016, 0.0663368, 0.100799, 0.673079, 0.845754, 0.979017, 1, 

39,840,0.001, 0.0110509, 0.0391854, 0.0928903, 0.129683, 0.148351, 0.15305, 0.161136, 0.234665, 0.262227, 0.262612, 0.288228, 0.29071, 0.387741, 0.857405, 1, 

34,1026,0.001, 0.0219461, 0.0261442, 0.0262016, 0.0663368, 0.100799, 0.164494, 0.673079, 0.81168, 0.999048, 1, 

36,989,0.001, 0.0219461, 0.0261442, 0.0262016, 0.0663368, 0.100799, 0.164494, 0.673079, 0.81168, 0.95616, 0.981794, 1, 

38,841,0.001, 0.0110509, 0.0391854, 0.114905, 0.167029, 0.204664, 0.0899079, 0.673079, 0.81168, 0.95616, 0.981794, 1, 

46,753,0.001, 0.0141455, 0.0218816, 0.0456565, 0.126535, 0.171676, 0.223503, 0.360442, 0.365705, 0.45636, 0.479251, 0.508095, 0.573131, 0.69156, 0.698453, 0.828251, 0.841254, 0.863046, 0.870344, 0.885862, 1, 

37,919,0.001, 0.0110509, 0.0391854, 0.0928903, 0.129683, 0.148351, 0.15305, 0.161136, 0.234665, 0.979017, 1, 

Generation #4
33,1088,0.001, 0.0219461, 0.0261442, 0.0262016, 0.0663368, 0.100799, 0.673079, 0.845754, 0.979017, 1, 

39,840,0.001, 0.0110509, 0.0391854, 0.0928903, 0.129683, 0.148351, 0.15305, 0.161136, 0.234665, 0.262227, 0.262612, 0.288228, 0.29071, 0.387741, 0.857405, 1, 

34,1026,0.001, 0.0219461, 0.0261442, 0.0262016, 0.0663368, 0.100799, 0.164494, 0.673079, 0.81168, 0.999048, 1, 

38,841,0.001, 0.0110509, 0.0391854, 0.114905, 0.167029, 0.204664, 0.0899079, 0.673079, 0.81168, 0.95616, 0.981794, 1, 

46,753,0.001, 0.0141455, 0.0218816, 0.0456565, 0.126535, 0.171676, 0.223503, 0.360442, 0.365705, 0.45636, 0.479251, 0.508095, 0.573131, 0.69156, 0.698453, 0.828251, 0.841254, 0.863046, 0.870344, 0.885862, 1, 

36,909,0.001, 0.0219461, 0.0261442, 0.0262016, 0.0663368, 0.100799, 0.673079, 0.395536, 0.440664, 0.503057, 1, 

Generation #5
33,1088,0.001, 0.0219461, 0.0261442, 0.0262016, 0.0663368, 0.100799, 0.673079, 0.845754, 0.979017, 1, 

34,1026,0.001, 0.0219461, 0.0261442, 0.0262016, 0.0663368, 0.100799, 0.164494, 0.673079, 0.81168, 0.999048, 1, 

46,753,0.001, 0.0141455, 0.0218816, 0.0456565, 0.126535, 0.171676, 0.223503, 0.360442, 0.365705, 0.45636, 0.479251, 0.508095, 0.573131, 0.69156, 0.698453, 0.828251, 0.841254, 0.863046, 0.870344, 0.885862, 1, 

39,775,0.001, 0.0110509, 0.0391854, 0.0928903, 0.129683, 0.148351, 0.15305, 0.161136, 0.95616, 0.981794, 1, 

36,865,0.001, 0.0141455, 0.0218816, 0.0456565, 0.106911, 0.119235, 0.150345, 0.17776, 0.247358, 0.981794, 1, 

37,812,0.001, 0.0110509, 0.0391854, 0.0928903, 0.129683, 0.148351, 0.15305, 0.161136, 0.234665, 0.353144, 0.95616, 0.981794, 1, 

Generation #6
36,697,0.001, 0.0110509, 0.0391854, 0.0928903, 0.129683, 0.148351, 0.15305, 0.161136, 0.234665, 0.979017, 1, 

33,977,0.001, 0.0219461, 0.0261442, 0.0262016, 0.0663368, 0.100799, 0.164494, 0.673079, 1, 

34,801,0.001, 0.0219461, 0.0261442, 0.0262016, 0.0663368, 0.100799, 0.164494, 0.81168, 0.95616, 0.981794, 1, 

Generation #7
36,697,0.001, 0.0110509, 0.0391854, 0.0928903, 0.129683, 0.148351, 0.15305, 0.161136, 0.234665, 0.979017, 1, 

33,977,0.001, 0.0219461, 0.0261442, 0.0262016, 0.0663368, 0.100799, 0.164494, 0.673079, 1, 

34,801,0.001, 0.0219461, 0.0261442, 0.0262016, 0.0663368, 0.100799, 0.164494, 0.81168, 0.95616, 0.981794, 1, 

35,788,0.001, 0.0110509, 0.0391854, 0.0928903, 0.100799, 0.164494, 0.710549, 0.845754, 0.979017, 1, 

Generation #8
36,697,0.001, 0.0110509, 0.0391854, 0.0928903, 0.129683, 0.148351, 0.15305, 0.161136, 0.234665, 0.979017, 1, 

34,788,0.001, 0.017851, 0.0501659, 0.0513067, 0.110065, 0.148351, 0.15305, 0.845754, 0.979017, 1, 

32,1180,0.001, 0.0219461, 0.0261442, 0.0262016, 0.0663368, 0.100799, 1, 

33,972,0.001, 0.0110509, 0.0391854, 0.114905, 0.167029, 0.204664, 0.0899079, 0.673079, 1, 

Generation #9
32,1180,0.001, 0.0219461, 0.0261442, 0.0262016, 0.0663368, 0.100799, 1, 

33,667,0.001, 0.0110509, 0.0391854, 0.0262016, 0.0663368, 0.100799, 0.673079, 0.845754, 0.979017, 1, 

31,1277,0.001, 0.0219461, 0.0261442, 0.0262016, 0.473345, 0.0899079, 0.673079, 1, 

Generation #10
32,1180,0.001, 0.0219461, 0.0261442, 0.0262016, 0.0663368, 0.100799, 1, 

33,667,0.001, 0.0110509, 0.0391854, 0.0262016, 0.0663368, 0.100799, 0.673079, 0.845754, 0.979017, 1, 

31,1277,0.001, 0.0219461, 0.0261442, 0.0262016, 0.473345, 0.0899079, 0.673079, 1, 

Generation #11
33,667,0.001, 0.0110509, 0.0391854, 0.0262016, 0.0663368, 0.100799, 0.673079, 0.845754, 0.979017, 1, 

30,1088,0.001, 0.0110509, 0.0391854, 0.129683, 0.171676, 0.673079, 1, 

Generation #12
33,667,0.001, 0.0110509, 0.0391854, 0.0262016, 0.0663368, 0.100799, 0.673079, 0.845754, 0.979017, 1, 

30,1088,0.001, 0.0110509, 0.0391854, 0.129683, 0.171676, 0.673079, 1, 

43,650,0.001, 0.0141455, 0.0218816, 0.0456565, 0.106911, 0.119235, 0.150345, 0.17776, 0.247358, 0.822558, 0.262227, 0.262612, 0.288228, 0.29071, 0.853868, 0.979439, 1, 

32,735,0.001, 0.0110509, 0.0218816, 0.0456565, 0.100799, 0.164494, 0.33384, 1, 

31,1029,0.001, 0.0219461, 0.0261442, 0.0262016, 0.473345, 0.0899079, 0.164494, 0.673079, 1, 

Generation #13
33,667,0.001, 0.0110509, 0.0391854, 0.0262016, 0.0663368, 0.100799, 0.673079, 0.845754, 0.979017, 1, 

30,1088,0.001, 0.0110509, 0.0391854, 0.129683, 0.171676, 0.673079, 1, 

32,735,0.001, 0.0110509, 0.0218816, 0.0456565, 0.100799, 0.164494, 0.33384, 1, 

37,629,0.001, 0.0110509, 0.0261442, 0.0262016, 0.0663368, 0.100799, 0.164494, 0.673079, 0.81168, 0.999048, 1, 

49,599,0.001, 0.0110509, 0.0218816, 0.0456565, 0.106911, 0.119235, 0.150345, 0.17776, 0.247358, 0.299091, 0.400537, 0.470213, 0.492376, 0.576229, 0.613618, 0.67643, 0.75629, 0.776041, 0.831382, 0.839098, 0.844438, 0.957415, 0.970357, 1, 

31,823,0.001, 0.0110509, 0.0262016, 0.0663368, 0.100799, 0.164494, 0.673079, 1, 

Generation #14
33,667,0.001, 0.0110509, 0.0391854, 0.0262016, 0.0663368, 0.100799, 0.673079, 0.845754, 0.979017, 1, 

30,1088,0.001, 0.0110509, 0.0391854, 0.129683, 0.171676, 0.673079, 1, 

37,629,0.001, 0.0110509, 0.0261442, 0.0262016, 0.0663368, 0.100799, 0.164494, 0.673079, 0.81168, 0.999048, 1, 

49,599,0.001, 0.0110509, 0.0218816, 0.0456565, 0.106911, 0.119235, 0.150345, 0.17776, 0.247358, 0.299091, 0.400537, 0.470213, 0.492376, 0.576229, 0.613618, 0.67643, 0.75629, 0.776041, 0.831382, 0.839098, 0.844438, 0.957415, 0.970357, 1, 

31,823,0.001, 0.0110509, 0.0262016, 0.0663368, 0.100799, 0.164494, 0.673079, 1, 

32,681,0.001, 0.0110509, 0.0218816, 0.0262016, 0.0663368, 0.171676, 0.673079, 1, 

Generation #15
33,667,0.001, 0.0110509, 0.0391854, 0.0262016, 0.0663368, 0.100799, 0.673079, 0.845754, 0.979017, 1, 

30,1088,0.001, 0.0110509, 0.0391854, 0.129683, 0.171676, 0.673079, 1, 

37,629,0.001, 0.0110509, 0.0261442, 0.0262016, 0.0663368, 0.100799, 0.164494, 0.673079, 0.81168, 0.999048, 1, 

49,599,0.001, 0.0110509, 0.0218816, 0.0456565, 0.106911, 0.119235, 0.150345, 0.17776, 0.247358, 0.299091, 0.400537, 0.470213, 0.492376, 0.576229, 0.613618, 0.67643, 0.75629, 0.776041, 0.831382, 0.839098, 0.844438, 0.957415, 0.970357, 1, 

32,681,0.001, 0.0110509, 0.0218816, 0.0262016, 0.0663368, 0.171676, 0.673079, 1, 

31,811,0.001, 0.0141455, 0.0218816, 0.0456565, 0.167029, 0.0899079, 0.673079, 1, 

Generation #16
33,667,0.001, 0.0110509, 0.0391854, 0.0262016, 0.0663368, 0.100799, 0.673079, 0.845754, 0.979017, 1, 

30,1088,0.001, 0.0110509, 0.0391854, 0.129683, 0.171676, 0.673079, 1, 

37,629,0.001, 0.0110509, 0.0261442, 0.0262016, 0.0663368, 0.100799, 0.164494, 0.673079, 0.81168, 0.999048, 1, 

49,599,0.001, 0.0110509, 0.0218816, 0.0456565, 0.106911, 0.119235, 0.150345, 0.17776, 0.247358, 0.299091, 0.400537, 0.470213, 0.492376, 0.576229, 0.613618, 0.67643, 0.75629, 0.776041, 0.831382, 0.839098, 0.844438, 0.957415, 0.970357, 1, 

32,681,0.001, 0.0110509, 0.0218816, 0.0262016, 0.0663368, 0.171676, 0.673079, 1, 

31,811,0.001, 0.0141455, 0.0218816, 0.0456565, 0.167029, 0.0899079, 0.673079, 1, 

Generation #17
33,667,0.001, 0.0110509, 0.0391854, 0.0262016, 0.0663368, 0.100799, 0.673079, 0.845754, 0.979017, 1, 

30,1088,0.001, 0.0110509, 0.0391854, 0.129683, 0.171676, 0.673079, 1, 

37,629,0.001, 0.0110509, 0.0261442, 0.0262016, 0.0663368, 0.100799, 0.164494, 0.673079, 0.81168, 0.999048, 1, 

49,599,0.001, 0.0110509, 0.0218816, 0.0456565, 0.106911, 0.119235, 0.150345, 0.17776, 0.247358, 0.299091, 0.400537, 0.470213, 0.492376, 0.576229, 0.613618, 0.67643, 0.75629, 0.776041, 0.831382, 0.839098, 0.844438, 0.957415, 0.970357, 1, 

32,681,0.001, 0.0110509, 0.0218816, 0.0262016, 0.0663368, 0.171676, 0.673079, 1, 

31,811,0.001, 0.0141455, 0.0218816, 0.0456565, 0.167029, 0.0899079, 0.673079, 1, 

35,651,0.001, 0.0110509, 0.0218816, 0.0262016, 0.0663368, 0.100799, 0.673079, 0.395536, 0.440664, 0.503057, 1, 

Generation #18
33,667,0.001, 0.0110509, 0.0391854, 0.0262016, 0.0663368, 0.100799, 0.673079, 0.845754, 0.979017, 1, 

30,1088,0.001, 0.0110509, 0.0391854, 0.129683, 0.171676, 0.673079, 1, 

37,629,0.001, 0.0110509, 0.0261442, 0.0262016, 0.0663368, 0.100799, 0.164494, 0.673079, 0.81168, 0.999048, 1, 

49,599,0.001, 0.0110509, 0.0218816, 0.0456565, 0.106911, 0.119235, 0.150345, 0.17776, 0.247358, 0.299091, 0.400537, 0.470213, 0.492376, 0.576229, 0.613618, 0.67643, 0.75629, 0.776041, 0.831382, 0.839098, 0.844438, 0.957415, 0.970357, 1, 

32,681,0.001, 0.0110509, 0.0218816, 0.0262016, 0.0663368, 0.171676, 0.673079, 1, 

31,811,0.001, 0.0141455, 0.0218816, 0.0456565, 0.167029, 0.0899079, 0.673079, 1, 

35,651,0.001, 0.0110509, 0.0218816, 0.0262016, 0.0663368, 0.100799, 0.673079, 0.395536, 0.440664, 0.503057, 1, 

Generation #19
33,667,0.001, 0.0110509, 0.0391854, 0.0262016, 0.0663368, 0.100799, 0.673079, 0.845754, 0.979017, 1, 

30,1088,0.001, 0.0110509, 0.0391854, 0.129683, 0.171676, 0.673079, 1, 

37,629,0.001, 0.0110509, 0.0261442, 0.0262016, 0.0663368, 0.100799, 0.164494, 0.673079, 0.81168, 0.999048, 1, 

49,599,0.001, 0.0110509, 0.0218816, 0.0456565, 0.106911, 0.119235, 0.150345, 0.17776, 0.247358, 0.299091, 0.400537, 0.470213, 0.492376, 0.576229, 0.613618, 0.67643, 0.75629, 0.776041, 0.831382, 0.839098, 0.844438, 0.957415, 0.970357, 1, 

32,681,0.001, 0.0110509, 0.0218816, 0.0262016, 0.0663368, 0.171676, 0.673079, 1, 

31,811,0.001, 0.0141455, 0.0218816, 0.0456565, 0.167029, 0.0899079, 0.673079, 1, 

34,647,0.001, 0.0110509, 0.0261442, 0.0262016, 0.106911, 0.119235, 0.15305, 0.161136, 0.234665, 0.979017, 1, 

Generation #20
33,667,0.001, 0.0110509, 0.0391854, 0.0262016, 0.0663368, 0.100799, 0.673079, 0.845754, 0.979017, 1, 

37,629,0.001, 0.0110509, 0.0261442, 0.0262016, 0.0663368, 0.100799, 0.164494, 0.673079, 0.81168, 0.999048, 1, 

49,599,0.001, 0.0110509, 0.0218816, 0.0456565, 0.106911, 0.119235, 0.150345, 0.17776, 0.247358, 0.299091, 0.400537, 0.470213, 0.492376, 0.576229, 0.613618, 0.67643, 0.75629, 0.776041, 0.831382, 0.839098, 0.844438, 0.957415, 0.970357, 1, 

32,681,0.001, 0.0110509, 0.0218816, 0.0262016, 0.0663368, 0.171676, 0.673079, 1, 

34,635,0.001, 0.0110509, 0.0218816, 0.0262016, 0.0663368, 0.100799, 0.150345, 0.17776, 0.822558, 0.95616, 0.981794, 1, 

30,968,0.001, 0.0110509, 0.0261442, 0.0262016, 0.0663368, 0.100799, 1, 

31,756,0.001, 0.0110509, 0.0218816, 0.0456565, 0.0663368, 0.0899079, 1, 

Generation #21
33,667,0.001, 0.0110509, 0.0391854, 0.0262016, 0.0663368, 0.100799, 0.673079, 0.845754, 0.979017, 1, 

37,629,0.001, 0.0110509, 0.0261442, 0.0262016, 0.0663368, 0.100799, 0.164494, 0.673079, 0.81168, 0.999048, 1, 

49,599,0.001, 0.0110509, 0.0218816, 0.0456565, 0.106911, 0.119235, 0.150345, 0.17776, 0.247358, 0.299091, 0.400537, 0.470213, 0.492376, 0.576229, 0.613618, 0.67643, 0.75629, 0.776041, 0.831382, 0.839098, 0.844438, 0.957415, 0.970357, 1, 

32,681,0.001, 0.0110509, 0.0218816, 0.0262016, 0.0663368, 0.171676, 0.673079, 1, 

34,635,0.001, 0.0110509, 0.0218816, 0.0262016, 0.0663368, 0.100799, 0.150345, 0.17776, 0.822558, 0.95616, 0.981794, 1, 

30,968,0.001, 0.0110509, 0.0261442, 0.0262016, 0.0663368, 0.100799, 1, 

31,749,0.001, 0.0110509, 0.0262016, 0.0262016, 0.0663368, 0.171676, 0.673079, 1, 

Generation #22
33,667,0.001, 0.0110509, 0.0391854, 0.0262016, 0.0663368, 0.100799, 0.673079, 0.845754, 0.979017, 1, 

49,599,0.001, 0.0110509, 0.0218816, 0.0456565, 0.106911, 0.119235, 0.150345, 0.17776, 0.247358, 0.299091, 0.400537, 0.470213, 0.492376, 0.576229, 0.613618, 0.67643, 0.75629, 0.776041, 0.831382, 0.839098, 0.844438, 0.957415, 0.970357, 1, 

32,681,0.001, 0.0110509, 0.0218816, 0.0262016, 0.0663368, 0.171676, 0.673079, 1, 

34,635,0.001, 0.0110509, 0.0218816, 0.0262016, 0.0663368, 0.100799, 0.150345, 0.17776, 0.822558, 0.95616, 0.981794, 1, 

30,968,0.001, 0.0110509, 0.0261442, 0.0262016, 0.0663368, 0.100799, 1, 

31,749,0.001, 0.0110509, 0.0262016, 0.0262016, 0.0663368, 0.171676, 0.673079, 1, 

35,600,0.001, 0.0110509, 0.0391854, 0.0262016, 0.167029, 0.100799, 0.15305, 0.161136, 0.234665, 0.979017, 1, 

Generation #23
33,667,0.001, 0.0110509, 0.0391854, 0.0262016, 0.0663368, 0.100799, 0.673079, 0.845754, 0.979017, 1, 

49,599,0.001, 0.0110509, 0.0218816, 0.0456565, 0.106911, 0.119235, 0.150345, 0.17776, 0.247358, 0.299091, 0.400537, 0.470213, 0.492376, 0.576229, 0.613618, 0.67643, 0.75629, 0.776041, 0.831382, 0.839098, 0.844438, 0.957415, 0.970357, 1, 

32,681,0.001, 0.0110509, 0.0218816, 0.0262016, 0.0663368, 0.171676, 0.673079, 1, 

34,635,0.001, 0.0110509, 0.0218816, 0.0262016, 0.0663368, 0.100799, 0.150345, 0.17776, 0.822558, 0.95616, 0.981794, 1, 

30,968,0.001, 0.0110509, 0.0261442, 0.0262016, 0.0663368, 0.100799, 1, 

31,749,0.001, 0.0110509, 0.0262016, 0.0262016, 0.0663368, 0.171676, 0.673079, 1, 

35,600,0.001, 0.0110509, 0.0391854, 0.0262016, 0.167029, 0.100799, 0.15305, 0.161136, 0.234665, 0.979017, 1, 

Generation #24
33,667,0.001, 0.0110509, 0.0391854, 0.0262016, 0.0663368, 0.100799, 0.673079, 0.845754, 0.979017, 1, 

49,599,0.001, 0.0110509, 0.0218816, 0.0456565, 0.106911, 0.119235, 0.150345, 0.17776, 0.247358, 0.299091, 0.400537, 0.470213, 0.492376, 0.576229, 0.613618, 0.67643, 0.75629, 0.776041, 0.831382, 0.839098, 0.844438, 0.957415, 0.970357, 1, 

32,681,0.001, 0.0110509, 0.0218816, 0.0262016, 0.0663368, 0.171676, 0.673079, 1, 

34,635,0.001, 0.0110509, 0.0218816, 0.0262016, 0.0663368, 0.100799, 0.150345, 0.17776, 0.822558, 0.95616, 0.981794, 1, 

30,968,0.001, 0.0110509, 0.0261442, 0.0262016, 0.0663368, 0.100799, 1, 

31,749,0.001, 0.0110509, 0.0262016, 0.0262016, 0.0663368, 0.171676, 0.673079, 1, 

35,600,0.001, 0.0110509, 0.0391854, 0.0262016, 0.167029, 0.100799, 0.15305, 0.161136, 0.234665, 0.979017, 1, 

Generation #25
33,667,0.001, 0.0110509, 0.0391854, 0.0262016, 0.0663368, 0.100799, 0.673079, 0.845754, 0.979017, 1, 

49,599,0.001, 0.0110509, 0.0218816, 0.0456565, 0.106911, 0.119235, 0.150345, 0.17776, 0.247358, 0.299091, 0.400537, 0.470213, 0.492376, 0.576229, 0.613618, 0.67643, 0.75629, 0.776041, 0.831382, 0.839098, 0.844438, 0.957415, 0.970357, 1, 

30,968,0.001, 0.0110509, 0.0261442, 0.0262016, 0.0663368, 0.100799, 1, 

35,600,0.001, 0.0110509, 0.0391854, 0.0262016, 0.167029, 0.100799, 0.15305, 0.161136, 0.234665, 0.979017, 1, 

31,673,0.001, 0.0110509, 0.0218816, 0.0456565, 0.0663368, 0.0899079, 0.673079, 1, 

34,630,0.001, 0.0110509, 0.0218816, 0.0456565, 0.119235, 0.100799, 0.15305, 1, 

Generation #26
33,667,0.001, 0.0110509, 0.0391854, 0.0262016, 0.0663368, 0.100799, 0.673079, 0.845754, 0.979017, 1, 

35,600,0.001, 0.0110509, 0.0391854, 0.0262016, 0.167029, 0.100799, 0.15305, 0.161136, 0.234665, 0.979017, 1, 

31,673,0.001, 0.0110509, 0.0218816, 0.0456565, 0.0663368, 0.0899079, 0.673079, 1, 

34,630,0.001, 0.0110509, 0.0218816, 0.0456565, 0.119235, 0.100799, 0.15305, 1, 

38,558,0.001, 0.0110509, 0.0218816, 0.0456565, 0.0663368, 0.100799, 0.15305, 0.673079, 0.81168, 0.999048, 1, 

30,709,0.001, 0.0110509, 0.0261442, 0.0262016, 0.0663368, 0.100799, 1, 

Generation #27
33,667,0.001, 0.0110509, 0.0391854, 0.0262016, 0.0663368, 0.100799, 0.673079, 0.845754, 0.979017, 1, 

31,673,0.001, 0.0110509, 0.0218816, 0.0456565, 0.0663368, 0.0899079, 0.673079, 1, 

34,630,0.001, 0.0110509, 0.0218816, 0.0456565, 0.119235, 0.100799, 0.15305, 1, 

38,558,0.001, 0.0110509, 0.0218816, 0.0456565, 0.0663368, 0.100799, 0.15305, 0.673079, 0.81168, 0.999048, 1, 

30,709,0.001, 0.0110509, 0.0261442, 0.0262016, 0.0663368, 0.100799, 1, 

35,573,0.001, 0.0110509, 0.0218816, 0.0262016, 0.0663368, 0.100799, 0.164494, 0.673079, 0.81168, 0.999048, 1, 

Generation #28
33,667,0.001, 0.0110509, 0.0391854, 0.0262016, 0.0663368, 0.100799, 0.673079, 0.845754, 0.979017, 1, 

31,673,0.001, 0.0110509, 0.0218816, 0.0456565, 0.0663368, 0.0899079, 0.673079, 1, 

34,630,0.001, 0.0110509, 0.0218816, 0.0456565, 0.119235, 0.100799, 0.15305, 1, 

38,558,0.001, 0.0110509, 0.0218816, 0.0456565, 0.0663368, 0.100799, 0.15305, 0.673079, 0.81168, 0.999048, 1, 

30,709,0.001, 0.0110509, 0.0261442, 0.0262016, 0.0663368, 0.100799, 1, 

35,573,0.001, 0.0110509, 0.0218816, 0.0262016, 0.0663368, 0.100799, 0.164494, 0.673079, 0.81168, 0.999048, 1, 

Generation #29
33,667,0.001, 0.0110509, 0.0391854, 0.0262016, 0.0663368, 0.100799, 0.673079, 0.845754, 0.979017, 1, 

31,673,0.001, 0.0110509, 0.0218816, 0.0456565, 0.0663368, 0.0899079, 0.673079, 1, 

34,630,0.001, 0.0110509, 0.0218816, 0.0456565, 0.119235, 0.100799, 0.15305, 1, 

38,558,0.001, 0.0110509, 0.0218816, 0.0456565, 0.0663368, 0.100799, 0.15305, 0.673079, 0.81168, 0.999048, 1, 

30,709,0.001, 0.0110509, 0.0261442, 0.0262016, 0.0663368, 0.100799, 1, 

35,573,0.001, 0.0110509, 0.0218816, 0.0262016, 0.0663368, 0.100799, 0.164494, 0.673079, 0.81168, 0.999048, 1, 

Generation #30
33,667,0.001, 0.0110509, 0.0391854, 0.0262016, 0.0663368, 0.100799, 0.673079, 0.845754, 0.979017, 1, 

31,673,0.001, 0.0110509, 0.0218816, 0.0456565, 0.0663368, 0.0899079, 0.673079, 1, 

34,630,0.001, 0.0110509, 0.0218816, 0.0456565, 0.119235, 0.100799, 0.15305, 1, 

38,558,0.001, 0.0110509, 0.0218816, 0.0456565, 0.0663368, 0.100799, 0.15305, 0.673079, 0.81168, 0.999048, 1, 

30,709,0.001, 0.0110509, 0.0261442, 0.0262016, 0.0663368, 0.100799, 1, 

35,573,0.001, 0.0110509, 0.0218816, 0.0262016, 0.0663368, 0.100799, 0.164494, 0.673079, 0.81168, 0.999048, 1, 

39,530,0.001, 0.0110509, 0.0218816, 0.0456565, 0.0663368, 0.100799, 0.15305, 0.161136, 0.234665, 0.979017, 0.567076, 0.981794, 1, 

Generation #31
33,667,0.001, 0.0110509, 0.0391854, 0.0262016, 0.0663368, 0.100799, 0.673079, 0.845754, 0.979017, 1, 

31,673,0.001, 0.0110509, 0.0218816, 0.0456565, 0.0663368, 0.0899079, 0.673079, 1, 

34,630,0.001, 0.0110509, 0.0218816, 0.0456565, 0.119235, 0.100799, 0.15305, 1, 

38,558,0.001, 0.0110509, 0.0218816, 0.0456565, 0.0663368, 0.100799, 0.15305, 0.673079, 0.81168, 0.999048, 1, 

30,709,0.001, 0.0110509, 0.0261442, 0.0262016, 0.0663368, 0.100799, 1, 

35,573,0.001, 0.0110509, 0.0218816, 0.0262016, 0.0663368, 0.100799, 0.164494, 0.673079, 0.81168, 0.999048, 1, 

39,530,0.001, 0.0110509, 0.0218816, 0.0456565, 0.0663368, 0.100799, 0.15305, 0.161136, 0.234665, 0.979017, 0.567076, 0.981794, 1, 

Generation #32
31,673,0.001, 0.0110509, 0.0218816, 0.0456565, 0.0663368, 0.0899079, 0.673079, 1, 

38,558,0.001, 0.0110509, 0.0218816, 0.0456565, 0.0663368, 0.100799, 0.15305, 0.673079, 0.81168, 0.999048, 1, 

30,709,0.001, 0.0110509, 0.0261442, 0.0262016, 0.0663368, 0.100799, 1, 

35,573,0.001, 0.0110509, 0.0218816, 0.0262016, 0.0663368, 0.100799, 0.164494, 0.673079, 0.81168, 0.999048, 1, 

39,530,0.001, 0.0110509, 0.0218816, 0.0456565, 0.0663368, 0.100799, 0.15305, 0.161136, 0.234665, 0.979017, 0.567076, 0.981794, 1, 

34,624,0.001, 0.0110509, 0.0218816, 0.0262016, 0.167029, 0.100799, 0.15305, 0.161136, 0.234665, 0.979017, 1, 

33,654,0.001, 0.0110509, 0.0218816, 0.0262016, 0.0663368, 0.100799, 0.673079, 1, 

Generation #33
31,673,0.001, 0.0110509, 0.0218816, 0.0456565, 0.0663368, 0.0899079, 0.673079, 1, 

38,558,0.001, 0.0110509, 0.0218816, 0.0456565, 0.0663368, 0.100799, 0.15305, 0.673079, 0.81168, 0.999048, 1, 

30,709,0.001, 0.0110509, 0.0261442, 0.0262016, 0.0663368, 0.100799, 1, 

35,573,0.001, 0.0110509, 0.0218816, 0.0262016, 0.0663368, 0.100799, 0.164494, 0.673079, 0.81168, 0.999048, 1, 

39,530,0.001, 0.0110509, 0.0218816, 0.0456565, 0.0663368, 0.100799, 0.15305, 0.161136, 0.234665, 0.979017, 0.567076, 0.981794, 1, 

34,624,0.001, 0.0110509, 0.0218816, 0.0262016, 0.167029, 0.100799, 0.15305, 0.161136, 0.234665, 0.979017, 1, 

33,654,0.001, 0.0110509, 0.0218816, 0.0262016, 0.0663368, 0.100799, 0.673079, 1, 

Generation #34
31,673,0.001, 0.0110509, 0.0218816, 0.0456565, 0.0663368, 0.0899079, 0.673079, 1, 

38,558,0.001, 0.0110509, 0.0218816, 0.0456565, 0.0663368, 0.100799, 0.15305, 0.673079, 0.81168, 0.999048, 1, 

30,709,0.001, 0.0110509, 0.0261442, 0.0262016, 0.0663368, 0.100799, 1, 

35,573,0.001, 0.0110509, 0.0218816, 0.0262016, 0.0663368, 0.100799, 0.164494, 0.673079, 0.81168, 0.999048, 1, 

39,530,0.001, 0.0110509, 0.0218816, 0.0456565, 0.0663368, 0.100799, 0.15305, 0.161136, 0.234665, 0.979017, 0.567076, 0.981794, 1, 

34,624,0.001, 0.0110509, 0.0218816, 0.0262016, 0.167029, 0.100799, 0.15305, 0.161136, 0.234665, 0.979017, 1, 

33,654,0.001, 0.0110509, 0.0218816, 0.0262016, 0.0663368, 0.100799, 0.673079, 1, 

37,566,0.001, 0.0110509, 0.0218816, 0.0456565, 0.0663368, 0.100799, 0.15305, 0.161136, 0.234665, 0.979017, 0.567076, 0.981794, 1, 

Generation #35
31,673,0.001, 0.0110509, 0.0218816, 0.0456565, 0.0663368, 0.0899079, 0.673079, 1, 

38,558,0.001, 0.0110509, 0.0218816, 0.0456565, 0.0663368, 0.100799, 0.15305, 0.673079, 0.81168, 0.999048, 1, 

30,709,0.001, 0.0110509, 0.0261442, 0.0262016, 0.0663368, 0.100799, 1, 

35,573,0.001, 0.0110509, 0.0218816, 0.0262016, 0.0663368, 0.100799, 0.164494, 0.673079, 0.81168, 0.999048, 1, 

39,530,0.001, 0.0110509, 0.0218816, 0.0456565, 0.0663368, 0.100799, 0.15305, 0.161136, 0.234665, 0.979017, 0.567076, 0.981794, 1, 

34,624,0.001, 0.0110509, 0.0218816, 0.0262016, 0.167029, 0.100799, 0.15305, 0.161136, 0.234665, 0.979017, 1, 

37,566,0.001, 0.0110509, 0.0218816, 0.0456565, 0.0663368, 0.100799, 0.15305, 0.161136, 0.234665, 0.979017, 0.567076, 0.981794, 1, 

33,638,0.001, 0.0110509, 0.0218816, 0.0262016, 0.119235, 0.150345, 0.33384, 1, 

Generation #36
31,673,0.001, 0.0110509, 0.0218816, 0.0456565, 0.0663368, 0.0899079, 0.673079, 1, 

38,558,0.001, 0.0110509, 0.0218816, 0.0456565, 0.0663368, 0.100799, 0.15305, 0.673079, 0.81168, 0.999048, 1, 

30,709,0.001, 0.0110509, 0.0261442, 0.0262016, 0.0663368, 0.100799, 1, 

35,573,0.001, 0.0110509, 0.0218816, 0.0262016, 0.0663368, 0.100799, 0.164494, 0.673079, 0.81168, 0.999048, 1, 

39,530,0.001, 0.0110509, 0.0218816, 0.0456565, 0.0663368, 0.100799, 0.15305, 0.161136, 0.234665, 0.979017, 0.567076, 0.981794, 1, 

34,624,0.001, 0.0110509, 0.0218816, 0.0262016, 0.167029, 0.100799, 0.15305, 0.161136, 0.234665, 0.979017, 1, 

37,566,0.001, 0.0110509, 0.0218816, 0.0456565, 0.0663368, 0.100799, 0.15305, 0.161136, 0.234665, 0.979017, 0.567076, 0.981794, 1, 

33,629,0.001, 0.0110509, 0.0218816, 0.0262016, 0.0663368, 0.171676, 0.673079, 1, 

Generation #37
31,673,0.001, 0.0110509, 0.0218816, 0.0456565, 0.0663368, 0.0899079, 0.673079, 1, 

38,558,0.001, 0.0110509, 0.0218816, 0.0456565, 0.0663368, 0.100799, 0.15305, 0.673079, 0.81168, 0.999048, 1, 

30,709,0.001, 0.0110509, 0.0261442, 0.0262016, 0.0663368, 0.100799, 1, 

35,573,0.001, 0.0110509, 0.0218816, 0.0262016, 0.0663368, 0.100799, 0.164494, 0.673079, 0.81168, 0.999048, 1, 

39,530,0.001, 0.0110509, 0.0218816, 0.0456565, 0.0663368, 0.100799, 0.15305, 0.161136, 0.234665, 0.979017, 0.567076, 0.981794, 1, 

34,624,0.001, 0.0110509, 0.0218816, 0.0262016, 0.167029, 0.100799, 0.15305, 0.161136, 0.234665, 0.979017, 1, 

37,566,0.001, 0.0110509, 0.0218816, 0.0456565, 0.0663368, 0.100799, 0.15305, 0.161136, 0.234665, 0.979017, 0.567076, 0.981794, 1, 

33,629,0.001, 0.0110509, 0.0218816, 0.0262016, 0.0663368, 0.171676, 0.673079, 1, 

Generation #38
31,673,0.001, 0.0110509, 0.0218816, 0.0456565, 0.0663368, 0.0899079, 0.673079, 1, 

38,558,0.001, 0.0110509, 0.0218816, 0.0456565, 0.0663368, 0.100799, 0.15305, 0.673079, 0.81168, 0.999048, 1, 

30,709,0.001, 0.0110509, 0.0261442, 0.0262016, 0.0663368, 0.100799, 1, 

35,573,0.001, 0.0110509, 0.0218816, 0.0262016, 0.0663368, 0.100799, 0.164494, 0.673079, 0.81168, 0.999048, 1, 

39,530,0.001, 0.0110509, 0.0218816, 0.0456565, 0.0663368, 0.100799, 0.15305, 0.161136, 0.234665, 0.979017, 0.567076, 0.981794, 1, 

34,624,0.001, 0.0110509, 0.0218816, 0.0262016, 0.167029, 0.100799, 0.15305, 0.161136, 0.234665, 0.979017, 1, 

37,566,0.001, 0.0110509, 0.0218816, 0.0456565, 0.0663368, 0.100799, 0.15305, 0.161136, 0.234665, 0.979017, 0.567076, 0.981794, 1, 

33,629,0.001, 0.0110509, 0.0218816, 0.0262016, 0.0663368, 0.171676, 0.673079, 1, 

Generation #39
31,673,0.001, 0.0110509, 0.0218816, 0.0456565, 0.0663368, 0.0899079, 0.673079, 1, 

38,558,0.001, 0.0110509, 0.0218816, 0.0456565, 0.0663368, 0.100799, 0.15305, 0.673079, 0.81168, 0.999048, 1, 

30,709,0.001, 0.0110509, 0.0261442, 0.0262016, 0.0663368, 0.100799, 1, 

35,573,0.001, 0.0110509, 0.0218816, 0.0262016, 0.0663368, 0.100799, 0.164494, 0.673079, 0.81168, 0.999048, 1, 

39,530,0.001, 0.0110509, 0.0218816, 0.0456565, 0.0663368, 0.100799, 0.15305, 0.161136, 0.234665, 0.979017, 0.567076, 0.981794, 1, 

34,624,0.001, 0.0110509, 0.0218816, 0.0262016, 0.167029, 0.100799, 0.15305, 0.161136, 0.234665, 0.979017, 1, 

37,566,0.001, 0.0110509, 0.0218816, 0.0456565, 0.0663368, 0.100799, 0.15305, 0.161136, 0.234665, 0.979017, 0.567076, 0.981794, 1, 

32,658,0.001, 0.0110509, 0.0218816, 0.0262016, 0.0663368, 0.171676, 0.673079, 1, 

33,625,0.001, 0.0110509, 0.0391854, 0.0262016, 0.0663368, 0.171676, 0.15305, 0.161136, 0.234665, 0.979017, 1, 

Generation #40
31,673,0.001, 0.0110509, 0.0218816, 0.0456565, 0.0663368, 0.0899079, 0.673079, 1, 

38,558,0.001, 0.0110509, 0.0218816, 0.0456565, 0.0663368, 0.100799, 0.15305, 0.673079, 0.81168, 0.999048, 1, 

30,709,0.001, 0.0110509, 0.0261442, 0.0262016, 0.0663368, 0.100799, 1, 

35,573,0.001, 0.0110509, 0.0218816, 0.0262016, 0.0663368, 0.100799, 0.164494, 0.673079, 0.81168, 0.999048, 1, 

39,530,0.001, 0.0110509, 0.0218816, 0.0456565, 0.0663368, 0.100799, 0.15305, 0.161136, 0.234665, 0.979017, 0.567076, 0.981794, 1, 

37,566,0.001, 0.0110509, 0.0218816, 0.0456565, 0.0663368, 0.100799, 0.15305, 0.161136, 0.234665, 0.979017, 0.567076, 0.981794, 1, 

32,586,0.001, 0.0110509, 0.0261442, 0.0262016, 0.0663368, 0.100799, 0.673079, 1, 

Generation #41
38,558,0.001, 0.0110509, 0.0218816, 0.0456565, 0.0663368, 0.100799, 0.15305, 0.673079, 0.81168, 0.999048, 1, 

30,709,0.001, 0.0110509, 0.0261442, 0.0262016, 0.0663368, 0.100799, 1, 

35,573,0.001, 0.0110509, 0.0218816, 0.0262016, 0.0663368, 0.100799, 0.164494, 0.673079, 0.81168, 0.999048, 1, 

39,530,0.001, 0.0110509, 0.0218816, 0.0456565, 0.0663368, 0.100799, 0.15305, 0.161136, 0.234665, 0.979017, 0.567076, 0.981794, 1, 

37,566,0.001, 0.0110509, 0.0218816, 0.0456565, 0.0663368, 0.100799, 0.15305, 0.161136, 0.234665, 0.979017, 0.567076, 0.981794, 1, 

32,586,0.001, 0.0110509, 0.0261442, 0.0262016, 0.0663368, 0.100799, 0.673079, 1, 

31,619,0.001, 0.0110509, 0.0218816, 0.0262016, 0.0663368, 0.100799, 0.673079, 1, 

Generation #42
38,558,0.001, 0.0110509, 0.0218816, 0.0456565, 0.0663368, 0.100799, 0.15305, 0.673079, 0.81168, 0.999048, 1, 

30,709,0.001, 0.0110509, 0.0261442, 0.0262016, 0.0663368, 0.100799, 1, 

35,573,0.001, 0.0110509, 0.0218816, 0.0262016, 0.0663368, 0.100799, 0.164494, 0.673079, 0.81168, 0.999048, 1, 

39,530,0.001, 0.0110509, 0.0218816, 0.0456565, 0.0663368, 0.100799, 0.15305, 0.161136, 0.234665, 0.979017, 0.567076, 0.981794, 1, 

37,566,0.001, 0.0110509, 0.0218816, 0.0456565, 0.0663368, 0.100799, 0.15305, 0.161136, 0.234665, 0.979017, 0.567076, 0.981794, 1, 

32,586,0.001, 0.0110509, 0.0261442, 0.0262016, 0.0663368, 0.100799, 0.673079, 1, 

31,619,0.001, 0.0110509, 0.0218816, 0.0262016, 0.0663368, 0.100799, 0.673079, 1, 

Generation #43
38,558,0.001, 0.0110509, 0.0218816, 0.0456565, 0.0663368, 0.100799, 0.15305, 0.673079, 0.81168, 0.999048, 1, 

30,709,0.001, 0.0110509, 0.0261442, 0.0262016, 0.0663368, 0.100799, 1, 

35,573,0.001, 0.0110509, 0.0218816, 0.0262016, 0.0663368, 0.100799, 0.164494, 0.673079, 0.81168, 0.999048, 1, 

39,530,0.001, 0.0110509, 0.0218816, 0.0456565, 0.0663368, 0.100799, 0.15305, 0.161136, 0.234665, 0.979017, 0.567076, 0.981794, 1, 

37,566,0.001, 0.0110509, 0.0218816, 0.0456565, 0.0663368, 0.100799, 0.15305, 0.161136, 0.234665, 0.979017, 0.567076, 0.981794, 1, 

32,586,0.001, 0.0110509, 0.0261442, 0.0262016, 0.0663368, 0.100799, 0.673079, 1, 

31,619,0.001, 0.0110509, 0.0218816, 0.0262016, 0.0663368, 0.100799, 0.673079, 1, 

Generation #44
38,558,0.001, 0.0110509, 0.0218816, 0.0456565, 0.0663368, 0.100799, 0.15305, 0.673079, 0.81168, 0.999048, 1, 

30,709,0.001, 0.0110509, 0.0261442, 0.0262016, 0.0663368, 0.100799, 1, 

35,573,0.001, 0.0110509, 0.0218816, 0.0262016, 0.0663368, 0.100799, 0.164494, 0.673079, 0.81168, 0.999048, 1, 

39,530,0.001, 0.0110509, 0.0218816, 0.0456565, 0.0663368, 0.100799, 0.15305, 0.161136, 0.234665, 0.979017, 0.567076, 0.981794, 1, 

37,566,0.001, 0.0110509, 0.0218816, 0.0456565, 0.0663368, 0.100799, 0.15305, 0.161136, 0.234665, 0.979017, 0.567076, 0.981794, 1, 

32,586,0.001, 0.0110509, 0.0261442, 0.0262016, 0.0663368, 0.100799, 0.673079, 1, 

31,619,0.001, 0.0110509, 0.0218816, 0.0262016, 0.0663368, 0.100799, 0.673079, 1, 

Generation #45
38,558,0.001, 0.0110509, 0.0218816, 0.0456565, 0.0663368, 0.100799, 0.15305, 0.673079, 0.81168, 0.999048, 1, 

30,709,0.001, 0.0110509, 0.0261442, 0.0262016, 0.0663368, 0.100799, 1, 

35,573,0.001, 0.0110509, 0.0218816, 0.0262016, 0.0663368, 0.100799, 0.164494, 0.673079, 0.81168, 0.999048, 1, 

39,530,0.001, 0.0110509, 0.0218816, 0.0456565, 0.0663368, 0.100799, 0.15305, 0.161136, 0.234665, 0.979017, 0.567076, 0.981794, 1, 

37,566,0.001, 0.0110509, 0.0218816, 0.0456565, 0.0663368, 0.100799, 0.15305, 0.161136, 0.234665, 0.979017, 0.567076, 0.981794, 1, 

32,586,0.001, 0.0110509, 0.0261442, 0.0262016, 0.0663368, 0.100799, 0.673079, 1, 

31,619,0.001, 0.0110509, 0.0218816, 0.0262016, 0.0663368, 0.100799, 0.673079, 1, 

Generation #46
38,558,0.001, 0.0110509, 0.0218816, 0.0456565, 0.0663368, 0.100799, 0.15305, 0.673079, 0.81168, 0.999048, 1, 

30,709,0.001, 0.0110509, 0.0261442, 0.0262016, 0.0663368, 0.100799, 1, 

35,573,0.001, 0.0110509, 0.0218816, 0.0262016, 0.0663368, 0.100799, 0.164494, 0.673079, 0.81168, 0.999048, 1, 

39,530,0.001, 0.0110509, 0.0218816, 0.0456565, 0.0663368, 0.100799, 0.15305, 0.161136, 0.234665, 0.979017, 0.567076, 0.981794, 1, 

37,566,0.001, 0.0110509, 0.0218816, 0.0456565, 0.0663368, 0.100799, 0.15305, 0.161136, 0.234665, 0.979017, 0.567076, 0.981794, 1, 

32,586,0.001, 0.0110509, 0.0261442, 0.0262016, 0.0663368, 0.100799, 0.673079, 1, 

31,619,0.001, 0.0110509, 0.0218816, 0.0262016, 0.0663368, 0.100799, 0.673079, 1, 

Generation #47
38,558,0.001, 0.0110509, 0.0218816, 0.0456565, 0.0663368, 0.100799, 0.15305, 0.673079, 0.81168, 0.999048, 1, 

30,709,0.001, 0.0110509, 0.0261442, 0.0262016, 0.0663368, 0.100799, 1, 

35,573,0.001, 0.0110509, 0.0218816, 0.0262016, 0.0663368, 0.100799, 0.164494, 0.673079, 0.81168, 0.999048, 1, 

39,530,0.001, 0.0110509, 0.0218816, 0.0456565, 0.0663368, 0.100799, 0.15305, 0.161136, 0.234665, 0.979017, 0.567076, 0.981794, 1, 

37,566,0.001, 0.0110509, 0.0218816, 0.0456565, 0.0663368, 0.100799, 0.15305, 0.161136, 0.234665, 0.979017, 0.567076, 0.981794, 1, 

32,586,0.001, 0.0110509, 0.0261442, 0.0262016, 0.0663368, 0.100799, 0.673079, 1, 

31,619,0.001, 0.0110509, 0.0218816, 0.0262016, 0.0663368, 0.100799, 0.673079, 1, 

Generation #48
38,558,0.001, 0.0110509, 0.0218816, 0.0456565, 0.0663368, 0.100799, 0.15305, 0.673079, 0.81168, 0.999048, 1, 

30,709,0.001, 0.0110509, 0.0261442, 0.0262016, 0.0663368, 0.100799, 1, 

35,573,0.001, 0.0110509, 0.0218816, 0.0262016, 0.0663368, 0.100799, 0.164494, 0.673079, 0.81168, 0.999048, 1, 

39,530,0.001, 0.0110509, 0.0218816, 0.0456565, 0.0663368, 0.100799, 0.15305, 0.161136, 0.234665, 0.979017, 0.567076, 0.981794, 1, 

37,566,0.001, 0.0110509, 0.0218816, 0.0456565, 0.0663368, 0.100799, 0.15305, 0.161136, 0.234665, 0.979017, 0.567076, 0.981794, 1, 

32,586,0.001, 0.0110509, 0.0261442, 0.0262016, 0.0663368, 0.100799, 0.673079, 1, 

31,619,0.001, 0.0110509, 0.0218816, 0.0262016, 0.0663368, 0.100799, 0.673079, 1, 

Generation #49
38,558,0.001, 0.0110509, 0.0218816, 0.0456565, 0.0663368, 0.100799, 0.15305, 0.673079, 0.81168, 0.999048, 1, 

30,709,0.001, 0.0110509, 0.0261442, 0.0262016, 0.0663368, 0.100799, 1, 

35,573,0.001, 0.0110509, 0.0218816, 0.0262016, 0.0663368, 0.100799, 0.164494, 0.673079, 0.81168, 0.999048, 1, 

39,530,0.001, 0.0110509, 0.0218816, 0.0456565, 0.0663368, 0.100799, 0.15305, 0.161136, 0.234665, 0.979017, 0.567076, 0.981794, 1, 

37,566,0.001, 0.0110509, 0.0218816, 0.0456565, 0.0663368, 0.100799, 0.15305, 0.161136, 0.234665, 0.979017, 0.567076, 0.981794, 1, 

32,586,0.001, 0.0110509, 0.0261442, 0.0262016, 0.0663368, 0.100799, 0.673079, 1, 

31,619,0.001, 0.0110509, 0.0218816, 0.0262016, 0.0663368, 0.100799, 0.673079, 1, 

--- Pareto Front Solutions ---
Solution 0: N total=56 (N_initial=18, N_added=38), Time total=584 ms, Saved to: ./results/Bugzilla_t2_l1_pareto_0.csv, percents=0.001, 0.0110509, 0.0218816, 0.0456565, 0.0663368, 0.100799, 0.15305, 0.673079, 0.81168, 0.999048, 1, 

Solution 1: N total=48 (N_initial=18, N_added=30), Time total=735 ms, Saved to: ./results/Bugzilla_t2_l1_pareto_1.csv, percents=0.001, 0.0110509, 0.0261442, 0.0262016, 0.0663368, 0.100799, 1, 

Solution 2: N total=53 (N_initial=18, N_added=35), Time total=599 ms, Saved to: ./results/Bugzilla_t2_l1_pareto_2.csv, percents=0.001, 0.0110509, 0.0218816, 0.0262016, 0.0663368, 0.100799, 0.164494, 0.673079, 0.81168, 0.999048, 1, 

Solution 3: N total=57 (N_initial=18, N_added=39), Time total=556 ms, Saved to: ./results/Bugzilla_t2_l1_pareto_3.csv, percents=0.001, 0.0110509, 0.0218816, 0.0456565, 0.0663368, 0.100799, 0.15305, 0.161136, 0.234665, 0.979017, 0.567076, 0.981794, 1, 

Solution 4: N total=55 (N_initial=18, N_added=37), Time total=592 ms, Saved to: ./results/Bugzilla_t2_l1_pareto_4.csv, percents=0.001, 0.0110509, 0.0218816, 0.0456565, 0.0663368, 0.100799, 0.15305, 0.161136, 0.234665, 0.979017, 0.567076, 0.981794, 1, 

Solution 5: N total=50 (N_initial=18, N_added=32), Time total=612 ms, Saved to: ./results/Bugzilla_t2_l1_pareto_5.csv, percents=0.001, 0.0110509, 0.0261442, 0.0262016, 0.0663368, 0.100799, 0.673079, 1, 

Solution 6: N total=49 (N_initial=18, N_added=31), Time total=645 ms, Saved to: ./results/Bugzilla_t2_l1_pareto_6.csv, percents=0.001, 0.0110509, 0.0218816, 0.0262016, 0.0663368, 0.100799, 0.673079, 1, 

------------d=1, t=2, lambda=2, filename=./evaluation/Bugzilla/Bugzilla_2_2.csv------------
Grouping d-sets by partitioned row counts for detecting arrays...
Ready to look at pairs for detecting arrays...
First Stage N=32, Time=14
There are 5117 remaining non-locating pairs
--- Running GA Algorithm (phase2) ---
Running GA with std::execution::par
Generation #0
35,695,0.001, 0.052195, 0.0556608, 0.0581095, 0.0808713, 0.0948042, 0.163845, 0.223201, 0.455146, 0.463281, 0.583558, 0.596504, 0.799513, 0.938576, 1, 

30,2302,0.001, 0.20166, 0.290868, 0.303722, 0.314491, 0.538003, 0.629008, 0.696274, 0.868151, 0.982548, 1, 

39,442,0.001, 0.0125811, 0.0729252, 0.100144, 0.105349, 0.144269, 0.246692, 0.288337, 0.29118, 0.370058, 0.413839, 0.514319, 0.54048, 0.562259, 0.625285, 0.661838, 0.690767, 0.793011, 0.80591, 1, 

32,702,0.001, 0.0435593, 0.0541584, 0.0772075, 0.169121, 0.316774, 0.341647, 0.604188, 0.604739, 0.720312, 1, 

Generation #1
33,346,0.001, 0.00890381, 0.016333, 0.190105, 0.232092, 0.26187, 0.288245, 0.378689, 0.39191, 0.844184, 0.483693, 1, 

30,664,0.001, 0.067082, 0.103852, 0.175049, 0.212486, 0.234047, 0.407256, 0.455822, 0.855884, 0.972239, 1, 

38,265,0.001, 0.0155382, 0.0161336, 0.0573833, 0.0785745, 0.117147, 0.136911, 0.156638, 0.228107, 0.235083, 0.288232, 0.300385, 0.315222, 0.416892, 0.42011, 0.984963, 0.998827, 1, 

34,310,0.001, 0.0155382, 0.0161336, 0.0573833, 0.229363, 0.230726, 0.364247, 0.447211, 0.447286, 0.481498, 0.544446, 0.339804, 0.857786, 0.897743, 1, 

40,251,0.001, 0.027434, 0.0356596, 0.0407783, 0.0668608, 0.225065, 0.234277, 0.253059, 0.344691, 0.401327, 0.468125, 0.475902, 0.490285, 0.564178, 0.646387, 0.684565, 0.716835, 0.742999, 0.754819, 0.918356, 0.955224, 0.978627, 0.991489, 1, 

Generation #2
33,346,0.001, 0.00890381, 0.016333, 0.190105, 0.232092, 0.26187, 0.288245, 0.378689, 0.39191, 0.844184, 0.483693, 1, 

34,310,0.001, 0.0155382, 0.0161336, 0.0573833, 0.229363, 0.230726, 0.364247, 0.447211, 0.447286, 0.481498, 0.544446, 0.339804, 0.857786, 0.897743, 1, 

40,251,0.001, 0.027434, 0.0356596, 0.0407783, 0.0668608, 0.225065, 0.234277, 0.253059, 0.344691, 0.401327, 0.468125, 0.475902, 0.490285, 0.564178, 0.646387, 0.684565, 0.716835, 0.742999, 0.754819, 0.918356, 0.955224, 0.978627, 0.991489, 1, 

30,397,0.001, 0.00890381, 0.016333, 0.190105, 0.232092, 0.26187, 0.288245, 0.792533, 0.81716, 0.999572, 1, 

36,261,0.001, 0.0155382, 0.0161336, 0.0573833, 0.0785745, 0.150072, 0.233972, 0.328266, 0.347517, 0.436547, 0.455641, 0.524126, 0.635256, 0.730852, 0.812633, 0.961107, 0.963181, 1, 

49,219,0.001, 0.0155382, 0.0161336, 0.0573833, 0.0785745, 0.117147, 0.136911, 0.187294, 0.208742, 0.304746, 0.319921, 0.320152, 0.353862, 0.361967, 0.36318, 0.370407, 0.429346, 0.445538, 0.448878, 0.496083, 0.578658, 0.673399, 0.694023, 0.738225, 0.741313, 0.800865, 0.810947, 0.895299, 0.914849, 0.997834, 1, 

Generation #3
30,397,0.001, 0.00890381, 0.016333, 0.190105, 0.232092, 0.26187, 0.288245, 0.792533, 0.81716, 0.999572, 1, 

49,219,0.001, 0.0155382, 0.0161336, 0.0573833, 0.0785745, 0.117147, 0.136911, 0.187294, 0.208742, 0.304746, 0.319921, 0.320152, 0.353862, 0.361967, 0.36318, 0.370407, 0.429346, 0.445538, 0.448878, 0.496083, 0.578658, 0.673399, 0.694023, 0.738225, 0.741313, 0.800865, 0.810947, 0.895299, 0.914849, 0.997834, 1, 

29,683,0.001, 0.0155382, 0.0161336, 0.0573833, 0.619344, 0.117147, 0.136911, 0.156638, 0.868151, 0.982548, 1, 

34,281,0.001, 0.023096, 0.0613246, 0.128459, 0.136, 0.18026, 0.182756, 0.265392, 0.334808, 0.359219, 0.544446, 0.627294, 0.857786, 0.897743, 1, 

35,248,0.001, 0.0155382, 0.0161336, 0.0996992, 0.166354, 0.189518, 0.386445, 0.389044, 0.405818, 0.440451, 0.523994, 0.541123, 0.57482, 0.678366, 0.903885, 1, 

32,292,0.001, 0.027434, 0.0356596, 0.0407783, 0.0668608, 0.230726, 0.364247, 0.447211, 0.447286, 0.481498, 0.544446, 0.627294, 0.857786, 0.897743, 1, 

Generation #4
49,219,0.001, 0.0155382, 0.0161336, 0.0573833, 0.0785745, 0.117147, 0.136911, 0.187294, 0.208742, 0.304746, 0.319921, 0.320152, 0.353862, 0.361967, 0.36318, 0.370407, 0.429346, 0.445538, 0.448878, 0.496083, 0.578658, 0.673399, 0.694023, 0.738225, 0.741313, 0.800865, 0.810947, 0.895299, 0.914849, 0.997834, 1, 

34,281,0.001, 0.023096, 0.0613246, 0.128459, 0.136, 0.18026, 0.182756, 0.265392, 0.334808, 0.359219, 0.544446, 0.627294, 0.857786, 0.897743, 1, 

35,248,0.001, 0.0155382, 0.0161336, 0.0996992, 0.166354, 0.189518, 0.386445, 0.389044, 0.405818, 0.440451, 0.523994, 0.541123, 0.57482, 0.678366, 0.903885, 1, 

29,286,0.001, 0.0155382, 0.0161336, 0.0573833, 0.0785745, 0.117147, 0.136911, 0.156638, 0.868151, 0.982548, 1, 

31,282,0.001, 0.0155382, 0.0161336, 0.0996992, 0.166354, 0.189518, 0.386445, 0.389044, 0.405818, 0.440451, 0.483693, 1, 

28,332,0.001, 0.027434, 0.0356596, 0.0407783, 0.0668608, 0.117147, 0.136911, 0.156638, 0.868151, 0.982548, 1, 

Generation #5
49,219,0.001, 0.0155382, 0.0161336, 0.0573833, 0.0785745, 0.117147, 0.136911, 0.187294, 0.208742, 0.304746, 0.319921, 0.320152, 0.353862, 0.361967, 0.36318, 0.370407, 0.429346, 0.445538, 0.448878, 0.496083, 0.578658, 0.673399, 0.694023, 0.738225, 0.741313, 0.800865, 0.810947, 0.895299, 0.914849, 0.997834, 1, 

29,286,0.001, 0.0155382, 0.0161336, 0.0573833, 0.0785745, 0.117147, 0.136911, 0.156638, 0.868151, 0.982548, 1, 

28,332,0.001, 0.027434, 0.0356596, 0.0407783, 0.0668608, 0.117147, 0.136911, 0.156638, 0.868151, 0.982548, 1, 

31,268,0.001, 0.027434, 0.0356596, 0.0407783, 0.0668608, 0.225065, 0.234277, 0.455822, 0.855884, 0.972239, 1, 

30,273,0.001, 0.0155382, 0.0161336, 0.0573833, 0.0785745, 0.117147, 0.136911, 0.156638, 0.868151, 0.982548, 1, 

32,262,0.001, 0.0155382, 0.0161336, 0.0996992, 0.166354, 0.189518, 0.386445, 0.389044, 0.405818, 0.982548, 1, 

35,244,0.001, 0.0155382, 0.0161336, 0.0573833, 0.0785745, 0.150072, 0.233972, 0.328266, 0.347517, 0.433481, 0.436547, 0.719514, 0.524126, 0.635256, 0.730852, 0.963181, 1, 

39,230,0.001, 0.0155382, 0.0161336, 0.0573833, 0.0785745, 0.150072, 0.234277, 0.253059, 0.344691, 0.401327, 0.468125, 0.300385, 0.54048, 0.562259, 0.625285, 0.661838, 0.690767, 0.793011, 0.185697, 0.80591, 1, 

Generation #6
49,219,0.001, 0.0155382, 0.0161336, 0.0573833, 0.0785745, 0.117147, 0.136911, 0.187294, 0.208742, 0.304746, 0.319921, 0.320152, 0.353862, 0.361967, 0.36318, 0.370407, 0.429346, 0.445538, 0.448878, 0.496083, 0.578658, 0.673399, 0.694023, 0.738225, 0.741313, 0.800865, 0.810947, 0.895299, 0.914849, 0.997834, 1, 

35,244,0.001, 0.0155382, 0.0161336, 0.0573833, 0.0785745, 0.150072, 0.233972, 0.328266, 0.347517, 0.433481, 0.436547, 0.719514, 0.524126, 0.635256, 0.730852, 0.963181, 1, 

39,230,0.001, 0.0155382, 0.0161336, 0.0573833, 0.0785745, 0.150072, 0.234277, 0.253059, 0.344691, 0.401327, 0.468125, 0.300385, 0.54048, 0.562259, 0.625285, 0.661838, 0.690767, 0.793011, 0.185697, 0.80591, 1, 

29,266,0.001, 0.0155382, 0.0161336, 0.0573833, 0.0785745, 0.150072, 0.233972, 0.328266, 0.347517, 0.982548, 1, 

30,247,0.001, 0.0155382, 0.0161336, 0.0573833, 0.0785745, 0.225065, 0.322837, 0.364247, 0.447211, 0.481498, 1, 

38,235,0.001, 0.0155382, 0.0161336, 0.0573833, 0.0785745, 0.150072, 0.234277, 0.253059, 0.344691, 0.401327, 0.468125, 0.300385, 0.315222, 0.416892, 0.42011, 0.984963, 0.998827, 1, 

28,276,0.001, 0.0155382, 0.0161336, 0.0573833, 0.0785745, 0.117147, 0.136911, 0.156638, 0.868151, 0.982548, 1, 

Generation #7
30,247,0.001, 0.0155382, 0.0161336, 0.0573833, 0.0785745, 0.225065, 0.322837, 0.364247, 0.447211, 0.481498, 1, 

28,276,0.001, 0.0155382, 0.0161336, 0.0573833, 0.0785745, 0.117147, 0.136911, 0.156638, 0.868151, 0.982548, 1, 

32,244,0.001, 0.0155382, 0.0161336, 0.0573833, 0.0785745, 0.117147, 0.136911, 0.156638, 0.868151, 0.982548, 1, 

43,205,0.001, 0.0155382, 0.0161336, 0.0573833, 0.0785745, 0.117147, 0.136911, 0.253059, 0.344691, 0.401327, 0.468125, 0.475902, 0.490285, 0.564178, 0.646387, 0.684565, 0.716835, 0.742999, 0.528204, 0.754819, 0.918356, 0.955224, 0.978627, 0.991489, 1, 

42,227,0.001, 0.0155382, 0.0161336, 0.0573833, 0.0785745, 0.225065, 0.234277, 0.253059, 0.344691, 0.401327, 0.468125, 0.475902, 0.490285, 0.564178, 0.646387, 0.684565, 0.716835, 0.742999, 0.754819, 0.918356, 0.955224, 0.978627, 0.991489, 1, 

34,228,0.001, 0.0155382, 0.0161336, 0.0573833, 0.0785745, 0.117147, 0.136911, 0.156638, 0.228107, 0.235083, 0.288232, 0.300385, 0.315222, 0.416892, 0.42011, 0.984963, 1, 

29,249,0.001, 0.0155382, 0.0161336, 0.0573833, 0.0785745, 0.117147, 0.136911, 0.187294, 0.208742, 0.304746, 1, 

31,245,0.001, 0.0155382, 0.0161336, 0.0573833, 0.0785745, 0.150072, 0.233972, 0.328266, 0.347517, 0.982548, 1, 

Generation #8
28,276,0.001, 0.0155382, 0.0161336, 0.0573833, 0.0785745, 0.117147, 0.136911, 0.156638, 0.868151, 0.982548, 1, 

29,249,0.001, 0.0155382, 0.0161336, 0.0573833, 0.0785745, 0.117147, 0.136911, 0.187294, 0.208742, 0.304746, 1, 

30,229,0.001, 0.0155382, 0.0161336, 0.0573833, 0.0785745, 0.117147, 0.136911, 0.187294, 0.347517, 0.982548, 1, 

31,198,0.001, 0.0155382, 0.0161336, 0.0573833, 0.0785745, 0.150072, 0.233972, 0.328266, 0.347517, 0.982548, 1, 

Generation #9
31,198,0.001, 0.0155382, 0.0161336, 0.0573833, 0.0785745, 0.150072, 0.233972, 0.328266, 0.347517, 0.982548, 1, 

29,229,0.001, 0.0155382, 0.0161336, 0.0573833, 0.0785745, 0.117147, 0.136911, 0.187294, 0.347517, 0.982548, 1, 

28,237,0.001, 0.0155382, 0.0161336, 0.0573833, 0.0785745, 0.136911, 0.156638, 0.39191, 0.844184, 0.483693, 1, 

Generation #10
31,198,0.001, 0.0155382, 0.0161336, 0.0573833, 0.0785745, 0.150072, 0.233972, 0.328266, 0.347517, 0.982548, 1, 

29,229,0.001, 0.0155382, 0.0161336, 0.0573833, 0.0785745, 0.117147, 0.136911, 0.187294, 0.347517, 0.982548, 1, 

28,237,0.001, 0.0155382, 0.0161336, 0.0573833, 0.0785745, 0.136911, 0.156638, 0.39191, 0.844184, 0.483693, 1, 

30,226,0.001, 0.0155382, 0.0161336, 0.0573833, 0.0785745, 0.117147, 0.136911, 0.156638, 0.868151, 0.982548, 1, 

Generation #11
31,198,0.001, 0.0155382, 0.0161336, 0.0573833, 0.0785745, 0.150072, 0.233972, 0.328266, 0.347517, 0.982548, 1, 

29,229,0.001, 0.0155382, 0.0161336, 0.0573833, 0.0785745, 0.117147, 0.136911, 0.187294, 0.347517, 0.982548, 1, 

28,237,0.001, 0.0155382, 0.0161336, 0.0573833, 0.0785745, 0.136911, 0.156638, 0.39191, 0.844184, 0.483693, 1, 

30,226,0.001, 0.0155382, 0.0161336, 0.0573833, 0.0785745, 0.117147, 0.136911, 0.156638, 0.868151, 0.982548, 1, 

42,187,0.001, 0.0155382, 0.0161336, 0.0573833, 0.0785745, 0.117147, 0.136911, 0.253059, 0.344691, 0.401327, 0.468125, 0.475902, 0.490285, 0.564178, 0.646387, 0.684565, 0.716835, 0.742999, 0.528204, 0.754819, 0.918356, 0.955224, 0.978627, 0.991489, 1, 

27,297,0.001, 0.0155382, 0.0161336, 0.0573833, 0.0785745, 0.150072, 0.233972, 0.347517, 0.982548, 1, 

Generation #12
31,198,0.001, 0.0155382, 0.0161336, 0.0573833, 0.0785745, 0.150072, 0.233972, 0.328266, 0.347517, 0.982548, 1, 

30,226,0.001, 0.0155382, 0.0161336, 0.0573833, 0.0785745, 0.117147, 0.136911, 0.156638, 0.868151, 0.982548, 1, 

42,187,0.001, 0.0155382, 0.0161336, 0.0573833, 0.0785745, 0.117147, 0.136911, 0.253059, 0.344691, 0.401327, 0.468125, 0.475902, 0.490285, 0.564178, 0.646387, 0.684565, 0.716835, 0.742999, 0.528204, 0.754819, 0.918356, 0.955224, 0.978627, 0.991489, 1, 

28,228,0.001, 0.0155382, 0.0161336, 0.0573833, 0.0785745, 0.117147, 0.136911, 0.187294, 0.208742, 0.304746, 1, 

27,290,0.001, 0.0155382, 0.0161336, 0.0573833, 0.0785745, 0.117147, 0.136911, 0.156638, 0.868151, 0.982548, 1, 

Generation #13
31,198,0.001, 0.0155382, 0.0161336, 0.0573833, 0.0785745, 0.150072, 0.233972, 0.328266, 0.347517, 0.982548, 1, 

30,226,0.001, 0.0155382, 0.0161336, 0.0573833, 0.0785745, 0.117147, 0.136911, 0.156638, 0.868151, 0.982548, 1, 

42,187,0.001, 0.0155382, 0.0161336, 0.0573833, 0.0785745, 0.117147, 0.136911, 0.253059, 0.344691, 0.401327, 0.468125, 0.475902, 0.490285, 0.564178, 0.646387, 0.684565, 0.716835, 0.742999, 0.528204, 0.754819, 0.918356, 0.955224, 0.978627, 0.991489, 1, 

28,228,0.001, 0.0155382, 0.0161336, 0.0573833, 0.0785745, 0.117147, 0.136911, 0.187294, 0.208742, 0.304746, 1, 

27,290,0.001, 0.0155382, 0.0161336, 0.0573833, 0.0785745, 0.117147, 0.136911, 0.156638, 0.868151, 0.982548, 1, 

Generation #14
31,198,0.001, 0.0155382, 0.0161336, 0.0573833, 0.0785745, 0.150072, 0.233972, 0.328266, 0.347517, 0.982548, 1, 

42,187,0.001, 0.0155382, 0.0161336, 0.0573833, 0.0785745, 0.117147, 0.136911, 0.253059, 0.344691, 0.401327, 0.468125, 0.475902, 0.490285, 0.564178, 0.646387, 0.684565, 0.716835, 0.742999, 0.528204, 0.754819, 0.918356, 0.955224, 0.978627, 0.991489, 1, 

28,228,0.001, 0.0155382, 0.0161336, 0.0573833, 0.0785745, 0.117147, 0.136911, 0.187294, 0.208742, 0.304746, 1, 

30,215,0.001, 0.0155382, 0.0161336, 0.0573833, 0.0785745, 0.150072, 0.136911, 0.156638, 0.868151, 0.982548, 1, 

27,254,0.0155382, 0.0161336, 0.0573833, 0.0785745, 0.117147, 0.136911, 0.156638, 0.208742, 1, 

Generation #15
31,198,0.001, 0.0155382, 0.0161336, 0.0573833, 0.0785745, 0.150072, 0.233972, 0.328266, 0.347517, 0.982548, 1, 

28,228,0.001, 0.0155382, 0.0161336, 0.0573833, 0.0785745, 0.117147, 0.136911, 0.187294, 0.208742, 0.304746, 1, 

27,229,0.001, 0.0155382, 0.0161336, 0.0573833, 0.0785745, 0.117147, 0.136911, 0.447211, 0.481498, 1, 

37,184,0.001, 0.0155382, 0.0161336, 0.0573833, 0.0785745, 0.117147, 0.136911, 0.156638, 0.868151, 0.481498, 0.544446, 0.627294, 0.730852, 0.812633, 0.961107, 0.963181, 1, 

29,209,0.0155382, 0.0161336, 0.0573833, 0.0573833, 0.0785745, 0.117147, 0.136911, 0.187294, 0.304746, 0.483693, 1, 

Generation #16
31,198,0.001, 0.0155382, 0.0161336, 0.0573833, 0.0785745, 0.150072, 0.233972, 0.328266, 0.347517, 0.982548, 1, 

37,184,0.001, 0.0155382, 0.0161336, 0.0573833, 0.0785745, 0.117147, 0.136911, 0.156638, 0.868151, 0.481498, 0.544446, 0.627294, 0.730852, 0.812633, 0.961107, 0.963181, 1, 

27,220,0.001, 0.0155382, 0.0161336, 0.0573833, 0.0785745, 0.117147, 0.136911, 0.39191, 0.844184, 0.483693, 1, 

35,197,0.001, 0.00166475, 0.0155382, 0.0161336, 0.0573833, 0.0785745, 0.117147, 0.136911, 0.187294, 0.347517, 0.235083, 0.288232, 0.300385, 0.315222, 0.416892, 0.42011, 0.984963, 1, 

29,202,0.001, 0.0155382, 0.0161336, 0.0573833, 0.0785745, 0.117147, 0.136911, 0.187294, 0.208742, 0.304746, 1, 

Generation #17
31,198,0.001, 0.0155382, 0.0161336, 0.0573833, 0.0785745, 0.150072, 0.233972, 0.328266, 0.347517, 0.982548, 1, 

37,184,0.001, 0.0155382, 0.0161336, 0.0573833, 0.0785745, 0.117147, 0.136911, 0.156638, 0.868151, 0.481498, 0.544446, 0.627294, 0.730852, 0.812633, 0.961107, 0.963181, 1, 

27,220,0.001, 0.0155382, 0.0161336, 0.0573833, 0.0785745, 0.117147, 0.136911, 0.39191, 0.844184, 0.483693, 1, 

35,197,0.001, 0.00166475, 0.0155382, 0.0161336, 0.0573833, 0.0785745, 0.117147, 0.136911, 0.187294, 0.347517, 0.235083, 0.288232, 0.300385, 0.315222, 0.416892, 0.42011, 0.984963, 1, 

29,202,0.001, 0.0155382, 0.0161336, 0.0573833, 0.0785745, 0.117147, 0.136911, 0.187294, 0.208742, 0.304746, 1, 

Generation #18
31,198,0.001, 0.0155382, 0.0161336, 0.0573833, 0.0785745, 0.150072, 0.233972, 0.328266, 0.347517, 0.982548, 1, 

27,220,0.001, 0.0155382, 0.0161336, 0.0573833, 0.0785745, 0.117147, 0.136911, 0.39191, 0.844184, 0.483693, 1, 

35,197,0.001, 0.00166475, 0.0155382, 0.0161336, 0.0573833, 0.0785745, 0.117147, 0.136911, 0.187294, 0.347517, 0.235083, 0.288232, 0.300385, 0.315222, 0.416892, 0.42011, 0.984963, 1, 

29,201,0.001, 0.0155382, 0.0161336, 0.0573833, 0.0785745, 0.117147, 0.136911, 0.187294, 0.304746, 0.483693, 1, 

36,180,0.001, 0.0155382, 0.0161336, 0.0573833, 0.0785745, 0.117147, 0.136911, 0.156638, 0.228107, 0.235083, 0.288232, 0.300385, 0.315222, 0.416892, 0.42011, 0.984963, 1, 

Generation #19
27,220,0.001, 0.0155382, 0.0161336, 0.0573833, 0.0785745, 0.117147, 0.136911, 0.39191, 0.844184, 0.483693, 1, 

29,171,0.001, 0.00166475, 0.0155382, 0.0161336, 0.0573833, 0.0785745, 0.117147, 0.136911, 0.187294, 0.347517, 1, 

Generation #20
27,220,0.001, 0.0155382, 0.0161336, 0.0573833, 0.0785745, 0.117147, 0.136911, 0.39191, 0.844184, 0.483693, 1, 

29,171,0.001, 0.00166475, 0.0155382, 0.0161336, 0.0573833, 0.0785745, 0.117147, 0.136911, 0.187294, 0.347517, 1, 

Generation #21
27,220,0.001, 0.0155382, 0.0161336, 0.0573833, 0.0785745, 0.117147, 0.136911, 0.39191, 0.844184, 0.483693, 1, 

29,171,0.001, 0.00166475, 0.0155382, 0.0161336, 0.0573833, 0.0785745, 0.117147, 0.136911, 0.187294, 0.347517, 1, 

26,4599,0.001, 0.404104, 0.0161336, 0.0573833, 0.0785745, 0.117147, 0.136911, 0.156638, 1, 

28,210,0.001, 0.00166475, 0.0155382, 0.0161336, 0.0573833, 0.0785745, 0.117147, 0.136911, 0.187294, 0.347517, 1, 

Generation #22
27,220,0.001, 0.0155382, 0.0161336, 0.0573833, 0.0785745, 0.117147, 0.136911, 0.39191, 0.844184, 0.483693, 1, 

29,171,0.001, 0.00166475, 0.0155382, 0.0161336, 0.0573833, 0.0785745, 0.117147, 0.136911, 0.187294, 0.347517, 1, 

26,4599,0.001, 0.404104, 0.0161336, 0.0573833, 0.0785745, 0.117147, 0.136911, 0.156638, 1, 

28,210,0.001, 0.00166475, 0.0155382, 0.0161336, 0.0573833, 0.0785745, 0.117147, 0.136911, 0.187294, 0.347517, 1, 

Generation #23
29,171,0.001, 0.00166475, 0.0155382, 0.0161336, 0.0573833, 0.0785745, 0.117147, 0.136911, 0.187294, 0.347517, 1, 

26,4599,0.001, 0.404104, 0.0161336, 0.0573833, 0.0785745, 0.117147, 0.136911, 0.156638, 1, 

28,175,0.001, 0.00166475, 0.0155382, 0.0161336, 0.0573833, 0.0785745, 0.117147, 0.136911, 0.208742, 0.304746, 1, 

27,215,0.001, 0.0155382, 0.0161336, 0.0573833, 0.0785745, 0.117147, 0.136911, 0.187294, 0.208742, 0.304746, 1, 

Generation #24
29,171,0.001, 0.00166475, 0.0155382, 0.0161336, 0.0573833, 0.0785745, 0.117147, 0.136911, 0.187294, 0.347517, 1, 

28,175,0.001, 0.00166475, 0.0155382, 0.0161336, 0.0573833, 0.0785745, 0.117147, 0.136911, 0.208742, 0.304746, 1, 

27,215,0.001, 0.0155382, 0.0161336, 0.0573833, 0.0785745, 0.117147, 0.136911, 0.187294, 0.208742, 0.304746, 1, 

25,278,0.001, 0.0155382, 0.0161336, 0.0573833, 0.0785745, 0.136911, 0.156638, 0.39191, 0.187294, 0.347517, 1, 

Generation #25
28,175,0.001, 0.00166475, 0.0155382, 0.0161336, 0.0573833, 0.0785745, 0.117147, 0.136911, 0.208742, 0.304746, 1, 

27,215,0.001, 0.0155382, 0.0161336, 0.0573833, 0.0785745, 0.117147, 0.136911, 0.187294, 0.208742, 0.304746, 1, 

25,278,0.001, 0.0155382, 0.0161336, 0.0573833, 0.0785745, 0.136911, 0.156638, 0.39191, 0.187294, 0.347517, 1, 

29,151,0.001, 0.00166475, 0.0155382, 0.0161336, 0.0573833, 0.117147, 0.136911, 0.187294, 0.208742, 0.304746, 1, 

Generation #26
28,175,0.001, 0.00166475, 0.0155382, 0.0161336, 0.0573833, 0.0785745, 0.117147, 0.136911, 0.208742, 0.304746, 1, 

25,278,0.001, 0.0155382, 0.0161336, 0.0573833, 0.0785745, 0.136911, 0.156638, 0.39191, 0.187294, 0.347517, 1, 

29,151,0.001, 0.00166475, 0.0155382, 0.0161336, 0.0573833, 0.117147, 0.136911, 0.187294, 0.208742, 0.304746, 1, 

27,193,0.001, 0.00166475, 0.0155382, 0.0161336, 0.0573833, 0.0785745, 0.117147, 0.136911, 0.156638, 1, 

Generation #27
25,278,0.001, 0.0155382, 0.0161336, 0.0573833, 0.0785745, 0.136911, 0.156638, 0.39191, 0.187294, 0.347517, 1, 

29,151,0.001, 0.00166475, 0.0155382, 0.0161336, 0.0573833, 0.117147, 0.136911, 0.187294, 0.208742, 0.304746, 1, 

27,193,0.001, 0.00166475, 0.0155382, 0.0161336, 0.0573833, 0.0785745, 0.117147, 0.136911, 0.156638, 1, 

28,171,0.001, 0.00166475, 0.0155382, 0.0161336, 0.0573833, 0.117147, 0.136911, 0.187294, 0.208742, 0.347517, 1, 

Generation #28
25,278,0.001, 0.0155382, 0.0161336, 0.0573833, 0.0785745, 0.136911, 0.156638, 0.39191, 0.187294, 0.347517, 1, 

29,151,0.001, 0.00166475, 0.0155382, 0.0161336, 0.0573833, 0.117147, 0.136911, 0.187294, 0.208742, 0.304746, 1, 

27,193,0.001, 0.00166475, 0.0155382, 0.0161336, 0.0573833, 0.0785745, 0.117147, 0.136911, 0.156638, 1, 

28,171,0.001, 0.00166475, 0.0155382, 0.0161336, 0.0573833, 0.117147, 0.136911, 0.187294, 0.208742, 0.347517, 1, 

Generation #29
29,151,0.001, 0.00166475, 0.0155382, 0.0161336, 0.0573833, 0.117147, 0.136911, 0.187294, 0.208742, 0.304746, 1, 

27,179,0.001, 0.00166475, 0.0155382, 0.0161336, 0.0573833, 0.0785745, 0.117147, 0.136911, 0.187294, 0.347517, 1, 

26,199,0.001, 0.00166475, 0.0155382, 0.0161336, 0.0785745, 0.117147, 0.0067896, 0.156638, 1, 

35,147,0.001, 0.00166475, 0.0155382, 0.0161336, 0.0573833, 0.0785745, 0.117147, 0.136911, 0.187294, 0.347517, 0.235083, 0.288232, 0.300385, 0.315222, 0.416892, 0.961107, 0.963181, 1, 

25,235,0.001, 0.00166475, 0.0155382, 0.0161336, 0.0573833, 0.0785745, 0.117147, 0.187294, 1, 

28,166,0.001, 0.00166475, 0.0155382, 0.0161336, 0.0573833, 0.0785745, 0.117147, 0.187294, 0.208742, 0.304746, 1, 

Generation #30
29,151,0.001, 0.00166475, 0.0155382, 0.0161336, 0.0573833, 0.117147, 0.136911, 0.187294, 0.208742, 0.304746, 1, 

26,199,0.001, 0.00166475, 0.0155382, 0.0161336, 0.0785745, 0.117147, 0.0067896, 0.156638, 1, 

35,147,0.001, 0.00166475, 0.0155382, 0.0161336, 0.0573833, 0.0785745, 0.117147, 0.136911, 0.187294, 0.347517, 0.235083, 0.288232, 0.300385, 0.315222, 0.416892, 0.961107, 0.963181, 1, 

25,235,0.001, 0.00166475, 0.0155382, 0.0161336, 0.0573833, 0.0785745, 0.117147, 0.187294, 1, 

27,156,0.001, 0.00166475, 0.0155382, 0.0161336, 0.0573833, 0.0785745, 0.136911, 0.187294, 0.208742, 0.304746, 1, 
