------------d=1, t=2, lambda=1, filename=./evaluation/Bugzilla/Bugzilla_2_1.csv------------
Grouping d-sets by partitioned row counts for detecting arrays...
Ready to look at pairs for detecting arrays...
First Stage N=18, Time=23
There are 72303 remaining non-locating pairs
--- Running GA Algorithm (phase2) ---
Running GA with std::execution::par
Generation #0
35,8386,0.001, 0.139605, 0.219523, 0.33745, 0.371203, 0.465486, 0.467519, 0.710549, 0.845754, 0.979017, 1, 

37,7777,0.001, 0.221124, 0.229578, 0.248151, 0.317247, 0.437383, 0.444051, 0.643865, 0.749881, 0.83435, 0.852734, 1, 

40,3632,0.001, 0.0600788, 0.0635621, 0.186926, 0.393744, 0.428939, 0.462547, 0.528912, 0.586828, 0.59682, 0.710195, 0.749947, 0.797568, 0.797852, 0.857405, 1, 

39,4643,0.001, 0.0970704, 0.133815, 0.193307, 0.314824, 0.330009, 0.392028, 0.397921, 0.422169, 0.783244, 0.803073, 0.930679, 1, 

47,1702,0.001, 0.016831, 0.0528152, 0.0980615, 0.106911, 0.119235, 0.150345, 0.17776, 0.247358, 0.299091, 0.400537, 0.470213, 0.492376, 0.576229, 0.613618, 0.67643, 0.75629, 0.776041, 0.831382, 0.839098, 0.844438, 0.957415, 0.970357, 1, 

43,1727,0.001, 0.0141455, 0.0218816, 0.0456565, 0.126535, 0.171676, 0.223503, 0.360442, 0.365705, 0.45636, 0.479251, 0.508095, 0.573131, 0.69156, 0.698453, 0.828251, 0.841254, 0.951562, 1, 

38,7554,0.001, 0.114574, 0.207754, 0.488192, 0.608378, 0.656133, 0.80047, 0.927298, 0.950905, 0.999048, 1, 

51,1652,0.001, 0.0110509, 0.0391854, 0.0928903, 0.129683, 0.148351, 0.15305, 0.161136, 0.234665, 0.262227, 0.262612, 0.288228, 0.29071, 0.387741, 0.387959, 0.439057, 0.598829, 0.623264, 0.646717, 0.734431, 0.75492, 0.778334, 0.828504, 0.918703, 0.937746, 1, 

42,3084,0.001, 0.0485364, 0.0638381, 0.103473, 0.112512, 0.157387, 0.207509, 0.233497, 0.34024, 0.425078, 0.623749, 0.642961, 0.77327, 0.821051, 0.86027, 0.97724, 1, 

Generation #1
35,8386,0.001, 0.139605, 0.219523, 0.33745, 0.371203, 0.465486, 0.467519, 0.710549, 0.845754, 0.979017, 1, 

42,1039,0.001, 0.0110509, 0.0391854, 0.0928903, 0.129683, 0.316409, 0.38425, 0.397094, 0.439128, 0.446672, 0.457051, 0.782234, 0.787231, 0.8087, 0.870795, 0.937226, 1, 

36,1140,0.001, 0.0211516, 0.0392133, 0.0765168, 0.109886, 0.119161, 0.687387, 0.775528, 0.797689, 0.831146, 0.990146, 1, 

Generation #2
36,1140,0.001, 0.0211516, 0.0392133, 0.0765168, 0.109886, 0.119161, 0.687387, 0.775528, 0.797689, 0.831146, 0.990146, 1, 

37,1000,0.001, 0.0219461, 0.0261442, 0.0262016, 0.371203, 0.465486, 0.467519, 0.710549, 0.845754, 0.979017, 1, 

41,822,0.001, 0.0141455, 0.0218816, 0.0456565, 0.126535, 0.171676, 0.223503, 0.360442, 0.365705, 0.479251, 0.508095, 0.573131, 0.69156, 0.698453, 0.97724, 1, 

34,1564,0.001, 0.0266537, 0.037516, 0.040253, 0.075425, 0.14546, 0.467519, 0.710549, 0.845754, 0.979017, 1, 

Generation #3
33,1115,0.001, 0.0211516, 0.0392133, 0.0765168, 0.109886, 0.119161, 0.216399, 0.246362, 0.302584, 0.345675, 1, 

36,794,0.001, 0.0141455, 0.0218816, 0.0456565, 0.171676, 0.223503, 0.360442, 0.81168, 0.95616, 0.981794, 1, 

Generation #4
33,1115,0.001, 0.0211516, 0.0392133, 0.0765168, 0.109886, 0.119161, 0.216399, 0.246362, 0.302584, 0.345675, 1, 

36,794,0.001, 0.0141455, 0.0218816, 0.0456565, 0.171676, 0.223503, 0.360442, 0.81168, 0.95616, 0.981794, 1, 

40,764,0.001, 0.0141455, 0.0218816, 0.0456565, 0.171676, 0.171676, 0.223503, 0.360442, 0.365705, 0.479251, 0.508095, 0.573131, 0.69156, 0.698453, 0.97724, 1, 

34,1016,0.001, 0.0211516, 0.0392133, 0.0765168, 0.109886, 0.119161, 0.467519, 0.710549, 0.845754, 0.979017, 1, 

Generation #5
33,1115,0.001, 0.0211516, 0.0392133, 0.0765168, 0.109886, 0.119161, 0.216399, 0.246362, 0.302584, 0.345675, 1, 

39,669,0.001, 0.0110509, 0.0391854, 0.0928903, 0.218961, 0.267408, 0.153692, 0.211271, 0.22996, 0.248763, 0.923235, 0.304855, 0.31975, 0.698453, 0.97724, 1, 

34,839,0.001, 0.0110509, 0.0391854, 0.0928903, 0.129683, 0.267408, 0.392028, 0.397921, 0.422169, 1, 

35,737,0.001, 0.016831, 0.0218816, 0.0456565, 0.171676, 0.223503, 0.360442, 0.81168, 0.95616, 0.981794, 1, 

Generation #6
33,1115,0.001, 0.0211516, 0.0392133, 0.0765168, 0.109886, 0.119161, 0.216399, 0.246362, 0.302584, 0.345675, 1, 

39,669,0.001, 0.0110509, 0.0391854, 0.0928903, 0.218961, 0.267408, 0.153692, 0.211271, 0.22996, 0.248763, 0.923235, 0.304855, 0.31975, 0.698453, 0.97724, 1, 

35,737,0.001, 0.016831, 0.0218816, 0.0456565, 0.171676, 0.223503, 0.360442, 0.81168, 0.95616, 0.981794, 1, 

34,740,0.001, 0.0141455, 0.0218816, 0.0456565, 0.126535, 0.171676, 0.191137, 0.217953, 0.230267, 0.239707, 1, 

Generation #7
39,669,0.001, 0.0110509, 0.0391854, 0.0928903, 0.218961, 0.267408, 0.153692, 0.211271, 0.22996, 0.248763, 0.923235, 0.304855, 0.31975, 0.698453, 0.97724, 1, 

35,737,0.001, 0.016831, 0.0218816, 0.0456565, 0.171676, 0.223503, 0.360442, 0.81168, 0.95616, 0.981794, 1, 

34,740,0.001, 0.0141455, 0.0218816, 0.0456565, 0.126535, 0.171676, 0.191137, 0.217953, 0.230267, 0.239707, 1, 

33,977,0.001, 0.0219461, 0.0261442, 0.0262016, 0.0663368, 0.100799, 0.164494, 0.217953, 0.939807, 1, 

Generation #8
39,669,0.001, 0.0110509, 0.0391854, 0.0928903, 0.218961, 0.267408, 0.153692, 0.211271, 0.22996, 0.248763, 0.923235, 0.304855, 0.31975, 0.698453, 0.97724, 1, 

35,737,0.001, 0.016831, 0.0218816, 0.0456565, 0.171676, 0.223503, 0.360442, 0.81168, 0.95616, 0.981794, 1, 

34,740,0.001, 0.0141455, 0.0218816, 0.0456565, 0.126535, 0.171676, 0.191137, 0.217953, 0.230267, 0.239707, 1, 

33,977,0.001, 0.0219461, 0.0261442, 0.0262016, 0.0663368, 0.100799, 0.164494, 0.217953, 0.939807, 1, 

Generation #9
34,740,0.001, 0.0141455, 0.0218816, 0.0456565, 0.126535, 0.171676, 0.191137, 0.217953, 0.230267, 0.239707, 1, 

36,618,0.001, 0.0110509, 0.037516, 0.040253, 0.075425, 0.267408, 0.287437, 0.288251, 0.360597, 0.831146, 0.990146, 1, 

33,841,0.001, 0.0141455, 0.0218816, 0.0456565, 0.171676, 0.223503, 0.360442, 0.95616, 0.981794, 1, 

35,712,0.001, 0.016831, 0.0218816, 0.0456565, 0.171676, 0.287437, 0.288251, 0.360597, 0.939807, 1, 

Generation #10
36,618,0.001, 0.0110509, 0.037516, 0.040253, 0.075425, 0.267408, 0.287437, 0.288251, 0.360597, 0.831146, 0.990146, 1, 

33,691,0.001, 0.0141455, 0.0218816, 0.0456565, 0.126535, 0.171676, 0.191137, 0.217953, 0.230267, 0.239707, 1, 

Generation #11
36,618,0.001, 0.0110509, 0.037516, 0.040253, 0.075425, 0.267408, 0.287437, 0.288251, 0.360597, 0.831146, 0.990146, 1, 

33,691,0.001, 0.0141455, 0.0218816, 0.0456565, 0.126535, 0.171676, 0.191137, 0.217953, 0.230267, 0.239707, 1, 

Generation #12
33,691,0.001, 0.0141455, 0.0218816, 0.0456565, 0.126535, 0.171676, 0.191137, 0.217953, 0.230267, 0.239707, 1, 

36,600,0.001, 0.0141455, 0.0218816, 0.0456565, 0.171676, 0.223503, 0.360442, 0.81168, 0.95616, 0.239707, 1, 

Generation #13
33,691,0.001, 0.0141455, 0.0218816, 0.0456565, 0.126535, 0.171676, 0.191137, 0.217953, 0.230267, 0.239707, 1, 

36,600,0.001, 0.0141455, 0.0218816, 0.0456565, 0.171676, 0.223503, 0.360442, 0.81168, 0.95616, 0.239707, 1, 

35,656,0.001, 0.0141455, 0.0218816, 0.0456565, 0.171676, 0.171676, 0.360442, 0.81168, 0.95616, 0.981794, 1, 

Generation #14
33,691,0.001, 0.0141455, 0.0218816, 0.0456565, 0.126535, 0.171676, 0.191137, 0.217953, 0.230267, 0.239707, 1, 

36,600,0.001, 0.0141455, 0.0218816, 0.0456565, 0.171676, 0.223503, 0.360442, 0.81168, 0.95616, 0.239707, 1, 

35,656,0.001, 0.0141455, 0.0218816, 0.0456565, 0.171676, 0.171676, 0.360442, 0.81168, 0.95616, 0.981794, 1, 

32,837,0.001, 0.0141455, 0.0218816, 0.0456565, 0.0484546, 0.171676, 0.191137, 0.217953, 0.230267, 0.239707, 1, 

Generation #15
36,600,0.001, 0.0141455, 0.0218816, 0.0456565, 0.171676, 0.223503, 0.360442, 0.81168, 0.95616, 0.239707, 1, 

32,837,0.001, 0.0141455, 0.0218816, 0.0456565, 0.0484546, 0.171676, 0.191137, 0.217953, 0.230267, 0.239707, 1, 

33,636,0.001, 0.0141455, 0.0218816, 0.0456565, 0.171676, 0.223503, 0.360442, 0.81168, 0.360597, 1, 

Generation #16
36,600,0.001, 0.0141455, 0.0218816, 0.0456565, 0.171676, 0.223503, 0.360442, 0.81168, 0.95616, 0.239707, 1, 

33,636,0.001, 0.0141455, 0.0218816, 0.0456565, 0.171676, 0.223503, 0.360442, 0.81168, 0.360597, 1, 

31,741,0.001, 0.0141455, 0.0218816, 0.0456565, 0.171676, 0.223503, 0.164494, 1, 

Generation #17
36,600,0.001, 0.0141455, 0.0218816, 0.0456565, 0.171676, 0.223503, 0.360442, 0.81168, 0.95616, 0.239707, 1, 

33,636,0.001, 0.0141455, 0.0218816, 0.0456565, 0.171676, 0.223503, 0.360442, 0.81168, 0.360597, 1, 

31,741,0.001, 0.0141455, 0.0218816, 0.0456565, 0.171676, 0.223503, 0.164494, 1, 

Generation #18
36,600,0.001, 0.0141455, 0.0218816, 0.0456565, 0.171676, 0.223503, 0.360442, 0.81168, 0.95616, 0.239707, 1, 

33,636,0.001, 0.0141455, 0.0218816, 0.0456565, 0.171676, 0.223503, 0.360442, 0.81168, 0.360597, 1, 

31,741,0.001, 0.0141455, 0.0218816, 0.0456565, 0.171676, 0.223503, 0.164494, 1, 

Generation #19
36,600,0.001, 0.0141455, 0.0218816, 0.0456565, 0.171676, 0.223503, 0.360442, 0.81168, 0.95616, 0.239707, 1, 

33,636,0.001, 0.0141455, 0.0218816, 0.0456565, 0.171676, 0.223503, 0.360442, 0.81168, 0.360597, 1, 

31,741,0.001, 0.0141455, 0.0218816, 0.0456565, 0.171676, 0.223503, 0.164494, 1, 

Generation #20
36,600,0.001, 0.0141455, 0.0218816, 0.0456565, 0.171676, 0.223503, 0.360442, 0.81168, 0.95616, 0.239707, 1, 

33,636,0.001, 0.0141455, 0.0218816, 0.0456565, 0.171676, 0.223503, 0.360442, 0.81168, 0.360597, 1, 

31,741,0.001, 0.0141455, 0.0218816, 0.0456565, 0.171676, 0.223503, 0.164494, 1, 

Generation #21
36,600,0.001, 0.0141455, 0.0218816, 0.0456565, 0.171676, 0.223503, 0.360442, 0.81168, 0.95616, 0.239707, 1, 

33,636,0.001, 0.0141455, 0.0218816, 0.0456565, 0.171676, 0.223503, 0.360442, 0.81168, 0.360597, 1, 

31,741,0.001, 0.0141455, 0.0218816, 0.0456565, 0.171676, 0.223503, 0.164494, 1, 

Generation #22
36,600,0.001, 0.0141455, 0.0218816, 0.0456565, 0.171676, 0.223503, 0.360442, 0.81168, 0.95616, 0.239707, 1, 

33,636,0.001, 0.0141455, 0.0218816, 0.0456565, 0.171676, 0.223503, 0.360442, 0.81168, 0.360597, 1, 

31,741,0.001, 0.0141455, 0.0218816, 0.0456565, 0.171676, 0.223503, 0.164494, 1, 

Generation #23
36,600,0.001, 0.0141455, 0.0218816, 0.0456565, 0.171676, 0.223503, 0.360442, 0.81168, 0.95616, 0.239707, 1, 

33,636,0.001, 0.0141455, 0.0218816, 0.0456565, 0.171676, 0.223503, 0.360442, 0.81168, 0.360597, 1, 

31,741,0.001, 0.0141455, 0.0218816, 0.0456565, 0.171676, 0.223503, 0.164494, 1, 

32,723,0.001, 0.0141455, 0.0218816, 0.0456565, 0.126535, 0.171676, 0.171676, 1, 

Generation #24
36,600,0.001, 0.0141455, 0.0218816, 0.0456565, 0.171676, 0.223503, 0.360442, 0.81168, 0.95616, 0.239707, 1, 

33,636,0.001, 0.0141455, 0.0218816, 0.0456565, 0.171676, 0.223503, 0.360442, 0.81168, 0.360597, 1, 

31,741,0.001, 0.0141455, 0.0218816, 0.0456565, 0.171676, 0.223503, 0.164494, 1, 

32,723,0.001, 0.0141455, 0.0218816, 0.0456565, 0.126535, 0.171676, 0.171676, 1, 

Generation #25
36,600,0.001, 0.0141455, 0.0218816, 0.0456565, 0.171676, 0.223503, 0.360442, 0.81168, 0.95616, 0.239707, 1, 

31,741,0.001, 0.0141455, 0.0218816, 0.0456565, 0.171676, 0.223503, 0.164494, 1, 

32,723,0.001, 0.0141455, 0.0218816, 0.0456565, 0.126535, 0.171676, 0.171676, 1, 

33,613,0.001, 0.0110509, 0.037516, 0.040253, 0.075425, 0.100799, 0.164494, 0.217953, 1, 

Generation #26
36,600,0.001, 0.0141455, 0.0218816, 0.0456565, 0.171676, 0.223503, 0.360442, 0.81168, 0.95616, 0.239707, 1, 

31,741,0.001, 0.0141455, 0.0218816, 0.0456565, 0.171676, 0.223503, 0.164494, 1, 

32,723,0.001, 0.0141455, 0.0218816, 0.0456565, 0.126535, 0.171676, 0.171676, 1, 

33,613,0.001, 0.0110509, 0.037516, 0.040253, 0.075425, 0.100799, 0.164494, 0.217953, 1, 

Generation #27
36,600,0.001, 0.0141455, 0.0218816, 0.0456565, 0.171676, 0.223503, 0.360442, 0.81168, 0.95616, 0.239707, 1, 

33,613,0.001, 0.0110509, 0.037516, 0.040253, 0.075425, 0.100799, 0.164494, 0.217953, 1, 

31,693,0.001, 0.0110509, 0.0218816, 0.0456565, 0.171676, 0.287437, 0.288251, 0.981794, 1, 

Generation #28
33,613,0.001, 0.0110509, 0.037516, 0.040253, 0.075425, 0.100799, 0.164494, 0.217953, 1, 

31,693,0.001, 0.0110509, 0.0218816, 0.0456565, 0.171676, 0.287437, 0.288251, 0.981794, 1, 

30,755,0.001, 0.0141455, 0.0218816, 0.0456565, 0.171676, 0.267408, 0.191137, 1, 

36,588,0.001, 0.0141455, 0.0218816, 0.0456565, 0.0484546, 0.171676, 0.191137, 0.217953, 0.230267, 0.239707, 1, 

Generation #29
33,613,0.001, 0.0110509, 0.037516, 0.040253, 0.075425, 0.100799, 0.164494, 0.217953, 1, 

30,755,0.001, 0.0141455, 0.0218816, 0.0456565, 0.171676, 0.267408, 0.191137, 1, 

36,588,0.001, 0.0141455, 0.0218816, 0.0456565, 0.0484546, 0.171676, 0.191137, 0.217953, 0.230267, 0.239707, 1, 

31,679,0.001, 0.0141455, 0.0218816, 0.0456565, 0.171676, 0.223503, 0.360442, 1, 

Generation #30
33,613,0.001, 0.0110509, 0.037516, 0.040253, 0.075425, 0.100799, 0.164494, 0.217953, 1, 

30,755,0.001, 0.0141455, 0.0218816, 0.0456565, 0.171676, 0.267408, 0.191137, 1, 

31,679,0.001, 0.0141455, 0.0218816, 0.0456565, 0.171676, 0.223503, 0.360442, 1, 

36,554,0.001, 0.0110509, 0.0218816, 0.0456565, 0.171676, 0.267408, 0.287437, 0.288251, 0.360597, 0.32703, 0.503624, 1, 

Generation #31
33,613,0.001, 0.0110509, 0.037516, 0.040253, 0.075425, 0.100799, 0.164494, 0.217953, 1, 

30,755,0.001, 0.0141455, 0.0218816, 0.0456565, 0.171676, 0.267408, 0.191137, 1, 

31,679,0.001, 0.0141455, 0.0218816, 0.0456565, 0.171676, 0.223503, 0.360442, 1, 

36,554,0.001, 0.0110509, 0.0218816, 0.0456565, 0.171676, 0.267408, 0.287437, 0.288251, 0.360597, 0.32703, 0.503624, 1, 

Generation #32
33,613,0.001, 0.0110509, 0.037516, 0.040253, 0.075425, 0.100799, 0.164494, 0.217953, 1, 

30,755,0.001, 0.0141455, 0.0218816, 0.0456565, 0.171676, 0.267408, 0.191137, 1, 

31,679,0.001, 0.0141455, 0.0218816, 0.0456565, 0.171676, 0.223503, 0.360442, 1, 

36,554,0.001, 0.0110509, 0.0218816, 0.0456565, 0.171676, 0.267408, 0.287437, 0.288251, 0.360597, 0.32703, 0.503624, 1, 

Generation #33
33,613,0.001, 0.0110509, 0.037516, 0.040253, 0.075425, 0.100799, 0.164494, 0.217953, 1, 

30,755,0.001, 0.0141455, 0.0218816, 0.0456565, 0.171676, 0.267408, 0.191137, 1, 

31,679,0.001, 0.0141455, 0.0218816, 0.0456565, 0.171676, 0.223503, 0.360442, 1, 

36,554,0.001, 0.0110509, 0.0218816, 0.0456565, 0.171676, 0.267408, 0.287437, 0.288251, 0.360597, 0.32703, 0.503624, 1, 

34,602,0.001, 0.0141455, 0.0218816, 0.0456565, 0.126535, 0.171676, 0.360442, 0.121432, 0.95616, 0.239707, 1, 

Generation #34
33,613,0.001, 0.0110509, 0.037516, 0.040253, 0.075425, 0.100799, 0.164494, 0.217953, 1, 

30,755,0.001, 0.0141455, 0.0218816, 0.0456565, 0.171676, 0.267408, 0.191137, 1, 

31,679,0.001, 0.0141455, 0.0218816, 0.0456565, 0.171676, 0.223503, 0.360442, 1, 

36,554,0.001, 0.0110509, 0.0218816, 0.0456565, 0.171676, 0.267408, 0.287437, 0.288251, 0.360597, 0.32703, 0.503624, 1, 

34,602,0.001, 0.0141455, 0.0218816, 0.0456565, 0.126535, 0.171676, 0.360442, 0.121432, 0.95616, 0.239707, 1, 

Generation #35
33,613,0.001, 0.0110509, 0.037516, 0.040253, 0.075425, 0.100799, 0.164494, 0.217953, 1, 

30,755,0.001, 0.0141455, 0.0218816, 0.0456565, 0.171676, 0.267408, 0.191137, 1, 

36,554,0.001, 0.0110509, 0.0218816, 0.0456565, 0.171676, 0.267408, 0.287437, 0.288251, 0.360597, 0.32703, 0.503624, 1, 

34,602,0.001, 0.0141455, 0.0218816, 0.0456565, 0.126535, 0.171676, 0.360442, 0.121432, 0.95616, 0.239707, 1, 

31,643,0.001, 0.0141455, 0.0218816, 0.0456565, 0.171676, 0.223503, 0.360442, 1, 

Generation #36
30,755,0.001, 0.0141455, 0.0218816, 0.0456565, 0.171676, 0.267408, 0.191137, 1, 

36,554,0.001, 0.0110509, 0.0218816, 0.0456565, 0.171676, 0.267408, 0.287437, 0.288251, 0.360597, 0.32703, 0.503624, 1, 

31,643,0.001, 0.0141455, 0.0218816, 0.0456565, 0.171676, 0.223503, 0.360442, 1, 

33,590,0.001, 0.0141455, 0.0218816, 0.0456565, 0.075425, 0.164494, 0.191137, 0.217953, 0.230267, 0.239707, 1, 

Generation #37
30,755,0.001, 0.0141455, 0.0218816, 0.0456565, 0.171676, 0.267408, 0.191137, 1, 

36,554,0.001, 0.0110509, 0.0218816, 0.0456565, 0.171676, 0.267408, 0.287437, 0.288251, 0.360597, 0.32703, 0.503624, 1, 

31,643,0.001, 0.0141455, 0.0218816, 0.0456565, 0.171676, 0.223503, 0.360442, 1, 

33,590,0.001, 0.0141455, 0.0218816, 0.0456565, 0.075425, 0.164494, 0.191137, 0.217953, 0.230267, 0.239707, 1, 

34,586,0.001, 0.0110509, 0.0218816, 0.0456565, 0.171676, 0.287437, 0.288251, 0.0678786, 0.981794, 1, 

Generation #38
30,755,0.001, 0.0141455, 0.0218816, 0.0456565, 0.171676, 0.267408, 0.191137, 1, 

36,554,0.001, 0.0110509, 0.0218816, 0.0456565, 0.171676, 0.267408, 0.287437, 0.288251, 0.360597, 0.32703, 0.503624, 1, 

31,643,0.001, 0.0141455, 0.0218816, 0.0456565, 0.171676, 0.223503, 0.360442, 1, 

33,590,0.001, 0.0141455, 0.0218816, 0.0456565, 0.075425, 0.164494, 0.191137, 0.217953, 0.230267, 0.239707, 1, 

34,586,0.001, 0.0110509, 0.0218816, 0.0456565, 0.171676, 0.287437, 0.288251, 0.0678786, 0.981794, 1, 

Generation #39
30,755,0.001, 0.0141455, 0.0218816, 0.0456565, 0.171676, 0.267408, 0.191137, 1, 

36,554,0.001, 0.0110509, 0.0218816, 0.0456565, 0.171676, 0.267408, 0.287437, 0.288251, 0.360597, 0.32703, 0.503624, 1, 

31,643,0.001, 0.0141455, 0.0218816, 0.0456565, 0.171676, 0.223503, 0.360442, 1, 

33,590,0.001, 0.0141455, 0.0218816, 0.0456565, 0.075425, 0.164494, 0.191137, 0.217953, 0.230267, 0.239707, 1, 

34,586,0.001, 0.0110509, 0.0218816, 0.0456565, 0.171676, 0.287437, 0.288251, 0.0678786, 0.981794, 1, 

Generation #40
30,755,0.001, 0.0141455, 0.0218816, 0.0456565, 0.171676, 0.267408, 0.191137, 1, 

36,554,0.001, 0.0110509, 0.0218816, 0.0456565, 0.171676, 0.267408, 0.287437, 0.288251, 0.360597, 0.32703, 0.503624, 1, 

31,643,0.001, 0.0141455, 0.0218816, 0.0456565, 0.171676, 0.223503, 0.360442, 1, 

33,590,0.001, 0.0141455, 0.0218816, 0.0456565, 0.075425, 0.164494, 0.191137, 0.217953, 0.230267, 0.239707, 1, 

34,586,0.001, 0.0110509, 0.0218816, 0.0456565, 0.171676, 0.287437, 0.288251, 0.0678786, 0.981794, 1, 

Generation #41
30,755,0.001, 0.0141455, 0.0218816, 0.0456565, 0.171676, 0.267408, 0.191137, 1, 

36,554,0.001, 0.0110509, 0.0218816, 0.0456565, 0.171676, 0.267408, 0.287437, 0.288251, 0.360597, 0.32703, 0.503624, 1, 

31,643,0.001, 0.0141455, 0.0218816, 0.0456565, 0.171676, 0.223503, 0.360442, 1, 

33,590,0.001, 0.0141455, 0.0218816, 0.0456565, 0.075425, 0.164494, 0.191137, 0.217953, 0.230267, 0.239707, 1, 

34,586,0.001, 0.0110509, 0.0218816, 0.0456565, 0.171676, 0.287437, 0.288251, 0.0678786, 0.981794, 1, 

Generation #42
30,755,0.001, 0.0141455, 0.0218816, 0.0456565, 0.171676, 0.267408, 0.191137, 1, 

36,554,0.001, 0.0110509, 0.0218816, 0.0456565, 0.171676, 0.267408, 0.287437, 0.288251, 0.360597, 0.32703, 0.503624, 1, 

31,643,0.001, 0.0141455, 0.0218816, 0.0456565, 0.171676, 0.223503, 0.360442, 1, 

33,590,0.001, 0.0141455, 0.0218816, 0.0456565, 0.075425, 0.164494, 0.191137, 0.217953, 0.230267, 0.239707, 1, 

34,586,0.001, 0.0110509, 0.0218816, 0.0456565, 0.171676, 0.287437, 0.288251, 0.0678786, 0.981794, 1, 

Generation #43
30,755,0.001, 0.0141455, 0.0218816, 0.0456565, 0.171676, 0.267408, 0.191137, 1, 

36,554,0.001, 0.0110509, 0.0218816, 0.0456565, 0.171676, 0.267408, 0.287437, 0.288251, 0.360597, 0.32703, 0.503624, 1, 

31,643,0.001, 0.0141455, 0.0218816, 0.0456565, 0.171676, 0.223503, 0.360442, 1, 

33,590,0.001, 0.0141455, 0.0218816, 0.0456565, 0.075425, 0.164494, 0.191137, 0.217953, 0.230267, 0.239707, 1, 

34,586,0.001, 0.0110509, 0.0218816, 0.0456565, 0.171676, 0.287437, 0.288251, 0.0678786, 0.981794, 1, 

Generation #44
30,755,0.001, 0.0141455, 0.0218816, 0.0456565, 0.171676, 0.267408, 0.191137, 1, 

36,554,0.001, 0.0110509, 0.0218816, 0.0456565, 0.171676, 0.267408, 0.287437, 0.288251, 0.360597, 0.32703, 0.503624, 1, 

31,643,0.001, 0.0141455, 0.0218816, 0.0456565, 0.171676, 0.223503, 0.360442, 1, 

33,590,0.001, 0.0141455, 0.0218816, 0.0456565, 0.075425, 0.164494, 0.191137, 0.217953, 0.230267, 0.239707, 1, 

34,586,0.001, 0.0110509, 0.0218816, 0.0456565, 0.171676, 0.287437, 0.288251, 0.0678786, 0.981794, 1, 

Generation #45
30,755,0.001, 0.0141455, 0.0218816, 0.0456565, 0.171676, 0.267408, 0.191137, 1, 

36,554,0.001, 0.0110509, 0.0218816, 0.0456565, 0.171676, 0.267408, 0.287437, 0.288251, 0.360597, 0.32703, 0.503624, 1, 

31,643,0.001, 0.0141455, 0.0218816, 0.0456565, 0.171676, 0.223503, 0.360442, 1, 

33,590,0.001, 0.0141455, 0.0218816, 0.0456565, 0.075425, 0.164494, 0.191137, 0.217953, 0.230267, 0.239707, 1, 

34,586,0.001, 0.0110509, 0.0218816, 0.0456565, 0.171676, 0.287437, 0.288251, 0.0678786, 0.981794, 1, 

32,630,0.001, 0.0110509, 0.0218816, 0.0456565, 0.171676, 0.000983724, 0.422169, 1, 

Generation #46
30,755,0.001, 0.0141455, 0.0218816, 0.0456565, 0.171676, 0.267408, 0.191137, 1, 

36,554,0.001, 0.0110509, 0.0218816, 0.0456565, 0.171676, 0.267408, 0.287437, 0.288251, 0.360597, 0.32703, 0.503624, 1, 

31,643,0.001, 0.0141455, 0.0218816, 0.0456565, 0.171676, 0.223503, 0.360442, 1, 

33,590,0.001, 0.0141455, 0.0218816, 0.0456565, 0.075425, 0.164494, 0.191137, 0.217953, 0.230267, 0.239707, 1, 

34,586,0.001, 0.0110509, 0.0218816, 0.0456565, 0.171676, 0.287437, 0.288251, 0.0678786, 0.981794, 1, 

32,630,0.001, 0.0110509, 0.0218816, 0.0456565, 0.171676, 0.000983724, 0.422169, 1, 

Generation #47
30,755,0.001, 0.0141455, 0.0218816, 0.0456565, 0.171676, 0.267408, 0.191137, 1, 

36,554,0.001, 0.0110509, 0.0218816, 0.0456565, 0.171676, 0.267408, 0.287437, 0.288251, 0.360597, 0.32703, 0.503624, 1, 

31,643,0.001, 0.0141455, 0.0218816, 0.0456565, 0.171676, 0.223503, 0.360442, 1, 

33,590,0.001, 0.0141455, 0.0218816, 0.0456565, 0.075425, 0.164494, 0.191137, 0.217953, 0.230267, 0.239707, 1, 

34,586,0.001, 0.0110509, 0.0218816, 0.0456565, 0.171676, 0.287437, 0.288251, 0.0678786, 0.981794, 1, 

32,630,0.001, 0.0110509, 0.0218816, 0.0456565, 0.171676, 0.000983724, 0.422169, 1, 

Generation #48
30,755,0.001, 0.0141455, 0.0218816, 0.0456565, 0.171676, 0.267408, 0.191137, 1, 

36,554,0.001, 0.0110509, 0.0218816, 0.0456565, 0.171676, 0.267408, 0.287437, 0.288251, 0.360597, 0.32703, 0.503624, 1, 

31,643,0.001, 0.0141455, 0.0218816, 0.0456565, 0.171676, 0.223503, 0.360442, 1, 

33,590,0.001, 0.0141455, 0.0218816, 0.0456565, 0.075425, 0.164494, 0.191137, 0.217953, 0.230267, 0.239707, 1, 

34,586,0.001, 0.0110509, 0.0218816, 0.0456565, 0.171676, 0.287437, 0.288251, 0.0678786, 0.981794, 1, 

32,630,0.001, 0.0110509, 0.0218816, 0.0456565, 0.171676, 0.000983724, 0.422169, 1, 

Generation #49
30,755,0.001, 0.0141455, 0.0218816, 0.0456565, 0.171676, 0.267408, 0.191137, 1, 

36,554,0.001, 0.0110509, 0.0218816, 0.0456565, 0.171676, 0.267408, 0.287437, 0.288251, 0.360597, 0.32703, 0.503624, 1, 

31,643,0.001, 0.0141455, 0.0218816, 0.0456565, 0.171676, 0.223503, 0.360442, 1, 

33,590,0.001, 0.0141455, 0.0218816, 0.0456565, 0.075425, 0.164494, 0.191137, 0.217953, 0.230267, 0.239707, 1, 

34,586,0.001, 0.0110509, 0.0218816, 0.0456565, 0.171676, 0.287437, 0.288251, 0.0678786, 0.981794, 1, 

32,630,0.001, 0.0110509, 0.0218816, 0.0456565, 0.171676, 0.000983724, 0.422169, 1, 

--- Pareto Front Solutions ---
Solution 0: N total=48 (N_initial=18, N_added=30), Time total=778 ms, Saved to: ./results/Bugzilla_t2_l1_pareto_0.csv, percents=0.001, 0.0141455, 0.0218816, 0.0456565, 0.171676, 0.267408, 0.191137, 1, 

Solution 1: N total=54 (N_initial=18, N_added=36), Time total=577 ms, Saved to: ./results/Bugzilla_t2_l1_pareto_1.csv, percents=0.001, 0.0110509, 0.0218816, 0.0456565, 0.171676, 0.267408, 0.287437, 0.288251, 0.360597, 0.32703, 0.503624, 1, 

Solution 2: N total=49 (N_initial=18, N_added=31), Time total=666 ms, Saved to: ./results/Bugzilla_t2_l1_pareto_2.csv, percents=0.001, 0.0141455, 0.0218816, 0.0456565, 0.171676, 0.223503, 0.360442, 1, 

Solution 3: N total=51 (N_initial=18, N_added=33), Time total=613 ms, Saved to: ./results/Bugzilla_t2_l1_pareto_3.csv, percents=0.001, 0.0141455, 0.0218816, 0.0456565, 0.075425, 0.164494, 0.191137, 0.217953, 0.230267, 0.239707, 1, 

Solution 4: N total=52 (N_initial=18, N_added=34), Time total=609 ms, Saved to: ./results/Bugzilla_t2_l1_pareto_4.csv, percents=0.001, 0.0110509, 0.0218816, 0.0456565, 0.171676, 0.287437, 0.288251, 0.0678786, 0.981794, 1, 

Solution 5: N total=50 (N_initial=18, N_added=32), Time total=653 ms, Saved to: ./results/Bugzilla_t2_l1_pareto_5.csv, percents=0.001, 0.0110509, 0.0218816, 0.0456565, 0.171676, 0.000983724, 0.422169, 1, 

------------d=1, t=2, lambda=2, filename=./evaluation/Bugzilla/Bugzilla_2_2.csv------------
Grouping d-sets by partitioned row counts for detecting arrays...
Ready to look at pairs for detecting arrays...
First Stage N=32, Time=14
There are 5117 remaining non-locating pairs
--- Running GA Algorithm (phase2) ---
Running GA with std::execution::par
Generation #0
31,946,0.001, 0.0115436, 0.217828, 0.302679, 0.381083, 0.465898, 0.619199, 0.727352, 0.727888, 0.752401, 0.874233, 1, 

30,1835,0.001, 0.160443, 0.214367, 0.357695, 0.421554, 0.465216, 0.537208, 0.682735, 0.721636, 0.829055, 0.869028, 1, 

42,499,0.001, 0.0138979, 0.0872427, 0.133271, 0.217263, 0.219493, 0.233768, 0.26478, 0.312762, 0.409973, 0.609212, 0.628914, 0.632538, 0.643689, 0.645584, 0.680761, 0.701328, 0.724403, 0.802622, 0.852865, 0.914094, 0.915852, 0.94512, 1, 

48,433,0.001, 0.0225293, 0.0348091, 0.0405525, 0.12991, 0.136858, 0.156154, 0.165909, 0.184863, 0.186425, 0.195513, 0.227022, 0.241654, 0.26142, 0.308344, 0.354904, 0.35956, 0.377504, 0.474323, 0.476771, 0.479522, 0.556481, 0.561864, 0.56785, 0.621736, 0.624684, 0.728758, 0.738859, 0.770297, 0.827495, 1, 

34,523,0.001, 0.0398336, 0.069856, 0.143278, 0.176544, 0.347461, 0.547183, 0.694931, 0.768747, 0.823497, 0.851714, 0.933072, 1, 

Generation #1
30,1835,0.001, 0.160443, 0.214367, 0.357695, 0.421554, 0.465216, 0.537208, 0.682735, 0.721636, 0.829055, 0.869028, 1, 

31,275,0.001, 0.0171919, 0.0251438, 0.0838066, 0.124175, 0.165929, 0.180729, 0.205362, 0.579421, 0.61139, 0.781097, 0.913417, 0.981884, 1, 

Generation #2
29,256,0.001, 0.0246001, 0.0297988, 0.0398259, 0.0584172, 0.116094, 0.126992, 0.167313, 0.176067, 0.954054, 1, 

Generation #3
29,256,0.001, 0.0246001, 0.0297988, 0.0398259, 0.0584172, 0.116094, 0.126992, 0.167313, 0.176067, 0.954054, 1, 

44,229,0.001, 0.0225293, 0.0348091, 0.0405525, 0.246252, 0.254744, 0.269215, 0.319292, 0.25556, 0.282943, 0.291175, 0.350304, 0.375873, 0.435933, 0.449979, 0.484474, 0.545944, 0.583229, 0.69619, 0.787509, 0.825231, 0.879869, 0.896034, 0.910019, 0.928483, 0.930074, 1, 

42,245,0.001, 0.0171919, 0.0251438, 0.0838066, 0.130258, 0.124175, 0.165929, 0.505239, 0.239625, 0.371339, 0.378915, 0.387422, 0.42552, 0.429318, 0.479496, 0.487693, 0.507177, 0.679728, 0.708215, 0.852865, 0.914094, 0.915852, 0.94512, 1, 

Generation #4
29,256,0.001, 0.0246001, 0.0297988, 0.0398259, 0.0584172, 0.116094, 0.126992, 0.167313, 0.176067, 0.954054, 1, 

44,229,0.001, 0.0225293, 0.0348091, 0.0405525, 0.246252, 0.254744, 0.269215, 0.319292, 0.25556, 0.282943, 0.291175, 0.350304, 0.375873, 0.435933, 0.449979, 0.484474, 0.545944, 0.583229, 0.69619, 0.787509, 0.825231, 0.879869, 0.896034, 0.910019, 0.928483, 0.930074, 1, 

42,245,0.001, 0.0171919, 0.0251438, 0.0838066, 0.130258, 0.124175, 0.165929, 0.505239, 0.239625, 0.371339, 0.378915, 0.387422, 0.42552, 0.429318, 0.479496, 0.487693, 0.507177, 0.679728, 0.708215, 0.852865, 0.914094, 0.915852, 0.94512, 1, 

Generation #5
29,256,0.001, 0.0246001, 0.0297988, 0.0398259, 0.0584172, 0.116094, 0.126992, 0.167313, 0.176067, 0.954054, 1, 

31,217,0.001, 0.0171919, 0.0251438, 0.0838066, 0.124175, 0.165929, 0.180729, 0.205362, 0.278848, 0.283795, 0.283976, 0.519826, 1, 

Generation #6
29,256,0.001, 0.0246001, 0.0297988, 0.0398259, 0.0584172, 0.116094, 0.126992, 0.167313, 0.176067, 0.954054, 1, 

31,217,0.001, 0.0171919, 0.0251438, 0.0838066, 0.124175, 0.165929, 0.180729, 0.205362, 0.278848, 0.283795, 0.283976, 0.519826, 1, 

Generation #7
29,256,0.001, 0.0246001, 0.0297988, 0.0398259, 0.0584172, 0.116094, 0.126992, 0.167313, 0.176067, 0.954054, 1, 

31,217,0.001, 0.0171919, 0.0251438, 0.0838066, 0.124175, 0.165929, 0.180729, 0.205362, 0.278848, 0.283795, 0.283976, 0.519826, 1, 

28,414,0.001, 0.0246001, 0.0633821, 0.245735, 0.109149, 0.154967, 0.198079, 0.258035, 0.262454, 0.579421, 0.954054, 1, 

30,242,0.001, 0.0225293, 0.0348091, 0.0405525, 0.12991, 0.136858, 0.156154, 0.165909, 0.184863, 0.32396, 0.869028, 1, 

Generation #8
31,217,0.001, 0.0171919, 0.0251438, 0.0838066, 0.124175, 0.165929, 0.180729, 0.205362, 0.278848, 0.283795, 0.283976, 0.519826, 1, 

28,414,0.001, 0.0246001, 0.0633821, 0.245735, 0.109149, 0.154967, 0.198079, 0.258035, 0.262454, 0.579421, 0.954054, 1, 

29,221,0.001, 0.0171919, 0.0348091, 0.0405525, 0.12991, 0.136858, 0.156154, 0.165909, 0.184863, 0.32396, 0.869028, 1, 

Generation #9
31,217,0.001, 0.0171919, 0.0251438, 0.0838066, 0.124175, 0.165929, 0.180729, 0.205362, 0.278848, 0.283795, 0.283976, 0.519826, 1, 

29,221,0.001, 0.0171919, 0.0348091, 0.0405525, 0.12991, 0.136858, 0.156154, 0.165909, 0.184863, 0.32396, 0.869028, 1, 

28,303,0.001, 0.0171919, 0.0251438, 0.0838066, 0.130258, 0.124175, 0.165929, 0.505239, 0.239625, 0.954054, 1, 

Generation #10
31,217,0.001, 0.0171919, 0.0251438, 0.0838066, 0.124175, 0.165929, 0.180729, 0.205362, 0.278848, 0.283795, 0.283976, 0.519826, 1, 

29,221,0.001, 0.0171919, 0.0348091, 0.0405525, 0.12991, 0.136858, 0.156154, 0.165909, 0.184863, 0.32396, 0.869028, 1, 

28,264,0.001, 0.0225293, 0.0348091, 0.0405525, 0.136858, 0.156154, 0.165909, 0.281156, 0.347819, 0.984429, 1, 

Generation #11
31,217,0.001, 0.0171919, 0.0251438, 0.0838066, 0.124175, 0.165929, 0.180729, 0.205362, 0.278848, 0.283795, 0.283976, 0.519826, 1, 

29,221,0.001, 0.0171919, 0.0348091, 0.0405525, 0.12991, 0.136858, 0.156154, 0.165909, 0.184863, 0.32396, 0.869028, 1, 

28,264,0.001, 0.0225293, 0.0348091, 0.0405525, 0.136858, 0.156154, 0.165909, 0.281156, 0.347819, 0.984429, 1, 

Generation #12
31,217,0.001, 0.0171919, 0.0251438, 0.0838066, 0.124175, 0.165929, 0.180729, 0.205362, 0.278848, 0.283795, 0.283976, 0.519826, 1, 

29,221,0.001, 0.0171919, 0.0348091, 0.0405525, 0.12991, 0.136858, 0.156154, 0.165909, 0.184863, 0.32396, 0.869028, 1, 

28,239,0.001, 0.0171919, 0.0348091, 0.0405525, 0.12991, 0.136858, 0.156154, 0.165909, 0.184863, 0.32396, 1, 

Generation #13
29,221,0.001, 0.0171919, 0.0348091, 0.0405525, 0.12991, 0.136858, 0.156154, 0.165909, 0.184863, 0.32396, 0.869028, 1, 

28,239,0.001, 0.0171919, 0.0348091, 0.0405525, 0.12991, 0.136858, 0.156154, 0.165909, 0.184863, 0.32396, 1, 

30,215,0.001, 0.0171919, 0.0251438, 0.0398259, 0.0584172, 0.116094, 0.180729, 0.205362, 0.278848, 0.283795, 0.283976, 0.519826, 1, 

Generation #14
29,221,0.001, 0.0171919, 0.0348091, 0.0405525, 0.12991, 0.136858, 0.156154, 0.165909, 0.184863, 0.32396, 0.869028, 1, 

28,239,0.001, 0.0171919, 0.0348091, 0.0405525, 0.12991, 0.136858, 0.156154, 0.165909, 0.184863, 0.32396, 1, 

30,215,0.001, 0.0171919, 0.0251438, 0.0398259, 0.0584172, 0.116094, 0.180729, 0.205362, 0.278848, 0.283795, 0.283976, 0.519826, 1, 

31,205,0.001, 0.0171919, 0.0251438, 0.0838066, 0.124175, 0.165929, 0.165909, 0.281156, 0.32396, 0.869028, 1, 

Generation #15
29,221,0.001, 0.0171919, 0.0348091, 0.0405525, 0.12991, 0.136858, 0.156154, 0.165909, 0.184863, 0.32396, 0.869028, 1, 

28,239,0.001, 0.0171919, 0.0348091, 0.0405525, 0.12991, 0.136858, 0.156154, 0.165909, 0.184863, 0.32396, 1, 

30,215,0.001, 0.0171919, 0.0251438, 0.0398259, 0.0584172, 0.116094, 0.180729, 0.205362, 0.278848, 0.283795, 0.283976, 0.519826, 1, 

31,205,0.001, 0.0171919, 0.0251438, 0.0838066, 0.124175, 0.165929, 0.165909, 0.281156, 0.32396, 0.869028, 1, 

Generation #16
29,221,0.001, 0.0171919, 0.0348091, 0.0405525, 0.12991, 0.136858, 0.156154, 0.165909, 0.184863, 0.32396, 0.869028, 1, 

28,239,0.001, 0.0171919, 0.0348091, 0.0405525, 0.12991, 0.136858, 0.156154, 0.165909, 0.184863, 0.32396, 1, 

30,215,0.001, 0.0171919, 0.0251438, 0.0398259, 0.0584172, 0.116094, 0.180729, 0.205362, 0.278848, 0.283795, 0.283976, 0.519826, 1, 

31,205,0.001, 0.0171919, 0.0251438, 0.0838066, 0.124175, 0.165929, 0.165909, 0.281156, 0.32396, 0.869028, 1, 

Generation #17
31,205,0.001, 0.0171919, 0.0251438, 0.0838066, 0.124175, 0.165929, 0.165909, 0.281156, 0.32396, 0.869028, 1, 

29,211,0.001, 0.0171919, 0.0251438, 0.0838066, 0.124175, 0.165929, 0.180729, 0.205362, 0.303116, 0.32396, 0.869028, 1, 

28,236,0.001, 0.0171919, 0.0297988, 0.0398259, 0.0584172, 0.116094, 0.126992, 0.167313, 0.176067, 0.954054, 1, 

27,253,0.001, 0.0171919, 0.0251438, 0.0398259, 0.0584172, 0.126992, 0.126992, 0.167313, 0.239625, 0.371339, 0.378915, 1, 

Generation #18
31,205,0.001, 0.0171919, 0.0251438, 0.0838066, 0.124175, 0.165929, 0.165909, 0.281156, 0.32396, 0.869028, 1, 

29,211,0.001, 0.0171919, 0.0251438, 0.0838066, 0.124175, 0.165929, 0.180729, 0.205362, 0.303116, 0.32396, 0.869028, 1, 

28,236,0.001, 0.0171919, 0.0297988, 0.0398259, 0.0584172, 0.116094, 0.126992, 0.167313, 0.176067, 0.954054, 1, 

27,253,0.001, 0.0171919, 0.0251438, 0.0398259, 0.0584172, 0.126992, 0.126992, 0.167313, 0.239625, 0.371339, 0.378915, 1, 

Generation #19
31,205,0.001, 0.0171919, 0.0251438, 0.0838066, 0.124175, 0.165929, 0.165909, 0.281156, 0.32396, 0.869028, 1, 

29,211,0.001, 0.0171919, 0.0251438, 0.0838066, 0.124175, 0.165929, 0.180729, 0.205362, 0.303116, 0.32396, 0.869028, 1, 

28,236,0.001, 0.0171919, 0.0297988, 0.0398259, 0.0584172, 0.116094, 0.126992, 0.167313, 0.176067, 0.954054, 1, 

27,253,0.001, 0.0171919, 0.0251438, 0.0398259, 0.0584172, 0.126992, 0.126992, 0.167313, 0.239625, 0.371339, 0.378915, 1, 

Generation #20
31,205,0.001, 0.0171919, 0.0251438, 0.0838066, 0.124175, 0.165929, 0.165909, 0.281156, 0.32396, 0.869028, 1, 

29,211,0.001, 0.0171919, 0.0251438, 0.0838066, 0.124175, 0.165929, 0.180729, 0.205362, 0.303116, 0.32396, 0.869028, 1, 

28,236,0.001, 0.0171919, 0.0297988, 0.0398259, 0.0584172, 0.116094, 0.126992, 0.167313, 0.176067, 0.954054, 1, 

27,253,0.001, 0.0171919, 0.0251438, 0.0398259, 0.0584172, 0.126992, 0.126992, 0.167313, 0.239625, 0.371339, 0.378915, 1, 

26,281,0.001, 0.0225293, 0.0348091, 0.0405525, 0.136858, 0.156154, 0.165909, 0.281156, 0.347819, 1, 

Generation #21
31,205,0.001, 0.0171919, 0.0251438, 0.0838066, 0.124175, 0.165929, 0.165909, 0.281156, 0.32396, 0.869028, 1, 

29,211,0.001, 0.0171919, 0.0251438, 0.0838066, 0.124175, 0.165929, 0.180729, 0.205362, 0.303116, 0.32396, 0.869028, 1, 

28,236,0.001, 0.0171919, 0.0297988, 0.0398259, 0.0584172, 0.116094, 0.126992, 0.167313, 0.176067, 0.954054, 1, 

27,253,0.001, 0.0171919, 0.0251438, 0.0398259, 0.0584172, 0.126992, 0.126992, 0.167313, 0.239625, 0.371339, 0.378915, 1, 

26,281,0.001, 0.0225293, 0.0348091, 0.0405525, 0.136858, 0.156154, 0.165909, 0.281156, 0.347819, 1, 

Generation #22
31,205,0.001, 0.0171919, 0.0251438, 0.0838066, 0.124175, 0.165929, 0.165909, 0.281156, 0.32396, 0.869028, 1, 

29,211,0.001, 0.0171919, 0.0251438, 0.0838066, 0.124175, 0.165929, 0.180729, 0.205362, 0.303116, 0.32396, 0.869028, 1, 

26,281,0.001, 0.0225293, 0.0348091, 0.0405525, 0.136858, 0.156154, 0.165909, 0.281156, 0.347819, 1, 

27,235,0.001, 0.0171919, 0.0251438, 0.0398259, 0.0584172, 0.156154, 0.165909, 0.281156, 0.347819, 1, 

Generation #23
26,281,0.001, 0.0225293, 0.0348091, 0.0405525, 0.136858, 0.156154, 0.165909, 0.281156, 0.347819, 1, 

27,196,0.001, 0.0171919, 0.0348091, 0.0405525, 0.12991, 0.136858, 0.126992, 0.167313, 0.176067, 0.954054, 1, 

Generation #24
26,281,0.001, 0.0225293, 0.0348091, 0.0405525, 0.136858, 0.156154, 0.165909, 0.281156, 0.347819, 1, 

27,196,0.001, 0.0171919, 0.0348091, 0.0405525, 0.12991, 0.136858, 0.126992, 0.167313, 0.176067, 0.954054, 1, 

Generation #25
26,281,0.001, 0.0225293, 0.0348091, 0.0405525, 0.136858, 0.156154, 0.165909, 0.281156, 0.347819, 1, 

27,196,0.001, 0.0171919, 0.0348091, 0.0405525, 0.12991, 0.136858, 0.126992, 0.167313, 0.176067, 0.954054, 1, 

Generation #26
26,281,0.001, 0.0225293, 0.0348091, 0.0405525, 0.136858, 0.156154, 0.165909, 0.281156, 0.347819, 1, 

27,196,0.001, 0.0171919, 0.0348091, 0.0405525, 0.12991, 0.136858, 0.126992, 0.167313, 0.176067, 0.954054, 1, 

Generation #27
27,196,0.001, 0.0171919, 0.0348091, 0.0405525, 0.12991, 0.136858, 0.126992, 0.167313, 0.176067, 0.954054, 1, 

26,277,0.001, 0.0225293, 0.0348091, 0.0405525, 0.12991, 0.156154, 0.167313, 0.347819, 1, 

Generation #28
27,196,0.001, 0.0171919, 0.0348091, 0.0405525, 0.12991, 0.136858, 0.126992, 0.167313, 0.176067, 0.954054, 1, 

26,277,0.001, 0.0225293, 0.0348091, 0.0405525, 0.12991, 0.156154, 0.167313, 0.347819, 1, 

30,189,0.001, 0.0171919, 0.0251438, 0.0398259, 0.0584172, 0.116094, 0.126992, 0.184863, 0.404743, 0.186425, 0.195513, 1, 

Generation #29
27,196,0.001, 0.0171919, 0.0348091, 0.0405525, 0.12991, 0.136858, 0.126992, 0.167313, 0.176067, 0.954054, 1, 

26,277,0.001, 0.0225293, 0.0348091, 0.0405525, 0.12991, 0.156154, 0.167313, 0.347819, 1, 

30,189,0.001, 0.0171919, 0.0251438, 0.0398259, 0.0584172, 0.116094, 0.126992, 0.184863, 0.404743, 0.186425, 0.195513, 1, 

Generation #30
27,196,0.001, 0.0171919, 0.0348091, 0.0405525, 0.12991, 0.136858, 0.126992, 0.167313, 0.176067, 0.954054, 1, 

26,277,0.001, 0.0225293, 0.0348091, 0.0405525, 0.12991, 0.156154, 0.167313, 0.347819, 1, 

30,189,0.001, 0.0171919, 0.0251438, 0.0398259, 0.0584172, 0.116094, 0.126992, 0.184863, 0.404743, 0.186425, 0.195513, 1, 

Generation #31
27,196,0.001, 0.0171919, 0.0348091, 0.0405525, 0.12991, 0.136858, 0.126992, 0.167313, 0.176067, 0.954054, 1, 

26,277,0.001, 0.0225293, 0.0348091, 0.0405525, 0.12991, 0.156154, 0.167313, 0.347819, 1, 

30,189,0.001, 0.0171919, 0.0251438, 0.0398259, 0.0584172, 0.116094, 0.126992, 0.184863, 0.404743, 0.186425, 0.195513, 1, 

Generation #32
27,196,0.001, 0.0171919, 0.0348091, 0.0405525, 0.12991, 0.136858, 0.126992, 0.167313, 0.176067, 0.954054, 1, 

30,189,0.001, 0.0171919, 0.0251438, 0.0398259, 0.0584172, 0.116094, 0.126992, 0.184863, 0.404743, 0.186425, 0.195513, 1, 

26,256,0.001, 0.0225293, 0.0348091, 0.0405525, 0.12991, 0.156154, 0.167313, 0.347819, 1, 

Generation #33
27,196,0.001, 0.0171919, 0.0348091, 0.0405525, 0.12991, 0.136858, 0.126992, 0.167313, 0.176067, 0.954054, 1, 

30,189,0.001, 0.0171919, 0.0251438, 0.0398259, 0.0584172, 0.116094, 0.126992, 0.184863, 0.404743, 0.186425, 0.195513, 1, 

26,256,0.001, 0.0225293, 0.0348091, 0.0405525, 0.12991, 0.156154, 0.167313, 0.347819, 1, 

Generation #34
27,196,0.001, 0.0171919, 0.0348091, 0.0405525, 0.12991, 0.136858, 0.126992, 0.167313, 0.176067, 0.954054, 1, 

30,189,0.001, 0.0171919, 0.0251438, 0.0398259, 0.0584172, 0.116094, 0.126992, 0.184863, 0.404743, 0.186425, 0.195513, 1, 

26,256,0.001, 0.0225293, 0.0348091, 0.0405525, 0.12991, 0.156154, 0.167313, 0.347819, 1, 

Generation #35
27,196,0.001, 0.0171919, 0.0348091, 0.0405525, 0.12991, 0.136858, 0.126992, 0.167313, 0.176067, 0.954054, 1, 

30,189,0.001, 0.0171919, 0.0251438, 0.0398259, 0.0584172, 0.116094, 0.126992, 0.184863, 0.404743, 0.186425, 0.195513, 1, 

26,256,0.001, 0.0225293, 0.0348091, 0.0405525, 0.12991, 0.156154, 0.167313, 0.347819, 1, 

Generation #36
27,196,0.001, 0.0171919, 0.0348091, 0.0405525, 0.12991, 0.136858, 0.126992, 0.167313, 0.176067, 0.954054, 1, 

30,189,0.001, 0.0171919, 0.0251438, 0.0398259, 0.0584172, 0.116094, 0.126992, 0.184863, 0.404743, 0.186425, 0.195513, 1, 

26,256,0.001, 0.0225293, 0.0348091, 0.0405525, 0.12991, 0.156154, 0.167313, 0.347819, 1, 

28,195,0.001, 0.0171919, 0.0251438, 0.0398259, 0.0584172, 0.126992, 0.126992, 0.167313, 1, 

Generation #37
27,196,0.001, 0.0171919, 0.0348091, 0.0405525, 0.12991, 0.136858, 0.126992, 0.167313, 0.176067, 0.954054, 1, 

30,189,0.001, 0.0171919, 0.0251438, 0.0398259, 0.0584172, 0.116094, 0.126992, 0.184863, 0.404743, 0.186425, 0.195513, 1, 

26,256,0.001, 0.0225293, 0.0348091, 0.0405525, 0.12991, 0.156154, 0.167313, 0.347819, 1, 

28,195,0.001, 0.0171919, 0.0251438, 0.0398259, 0.0584172, 0.126992, 0.126992, 0.167313, 1, 

Generation #38
27,196,0.001, 0.0171919, 0.0348091, 0.0405525, 0.12991, 0.136858, 0.126992, 0.167313, 0.176067, 0.954054, 1, 

30,189,0.001, 0.0171919, 0.0251438, 0.0398259, 0.0584172, 0.116094, 0.126992, 0.184863, 0.404743, 0.186425, 0.195513, 1, 

26,256,0.001, 0.0225293, 0.0348091, 0.0405525, 0.12991, 0.156154, 0.167313, 0.347819, 1, 

28,195,0.001, 0.0171919, 0.0251438, 0.0398259, 0.0584172, 0.126992, 0.126992, 0.167313, 1, 

Generation #39
27,196,0.001, 0.0171919, 0.0348091, 0.0405525, 0.12991, 0.136858, 0.126992, 0.167313, 0.176067, 0.954054, 1, 

30,189,0.001, 0.0171919, 0.0251438, 0.0398259, 0.0584172, 0.116094, 0.126992, 0.184863, 0.404743, 0.186425, 0.195513, 1, 

26,256,0.001, 0.0225293, 0.0348091, 0.0405525, 0.12991, 0.156154, 0.167313, 0.347819, 1, 

28,195,0.001, 0.0171919, 0.0251438, 0.0398259, 0.0584172, 0.126992, 0.126992, 0.167313, 1, 

Generation #40
27,196,0.001, 0.0171919, 0.0348091, 0.0405525, 0.12991, 0.136858, 0.126992, 0.167313, 0.176067, 0.954054, 1, 

30,189,0.001, 0.0171919, 0.0251438, 0.0398259, 0.0584172, 0.116094, 0.126992, 0.184863, 0.404743, 0.186425, 0.195513, 1, 

26,256,0.001, 0.0225293, 0.0348091, 0.0405525, 0.12991, 0.156154, 0.167313, 0.347819, 1, 

28,195,0.001, 0.0171919, 0.0251438, 0.0398259, 0.0584172, 0.126992, 0.126992, 0.167313, 1, 

Generation #41
27,196,0.001, 0.0171919, 0.0348091, 0.0405525, 0.12991, 0.136858, 0.126992, 0.167313, 0.176067, 0.954054, 1, 

30,189,0.001, 0.0171919, 0.0251438, 0.0398259, 0.0584172, 0.116094, 0.126992, 0.184863, 0.404743, 0.186425, 0.195513, 1, 

28,195,0.001, 0.0171919, 0.0251438, 0.0398259, 0.0584172, 0.126992, 0.126992, 0.167313, 1, 

26,252,0.001, 0.0171919, 0.0251438, 0.0398259, 0.0584172, 0.116094, 0.126992, 0.167313, 0.347819, 1, 

Generation #42
27,196,0.001, 0.0171919, 0.0348091, 0.0405525, 0.12991, 0.136858, 0.126992, 0.167313, 0.176067, 0.954054, 1, 

30,189,0.001, 0.0171919, 0.0251438, 0.0398259, 0.0584172, 0.116094, 0.126992, 0.184863, 0.404743, 0.186425, 0.195513, 1, 

28,195,0.001, 0.0171919, 0.0251438, 0.0398259, 0.0584172, 0.126992, 0.126992, 0.167313, 1, 

26,226,0.001, 0.0171919, 0.0297988, 0.0398259, 0.12991, 0.156154, 0.167313, 0.347819, 1, 

Generation #43
27,196,0.001, 0.0171919, 0.0348091, 0.0405525, 0.12991, 0.136858, 0.126992, 0.167313, 0.176067, 0.954054, 1, 

30,189,0.001, 0.0171919, 0.0251438, 0.0398259, 0.0584172, 0.116094, 0.126992, 0.184863, 0.404743, 0.186425, 0.195513, 1, 

28,195,0.001, 0.0171919, 0.0251438, 0.0398259, 0.0584172, 0.126992, 0.126992, 0.167313, 1, 

26,226,0.001, 0.0171919, 0.0297988, 0.0398259, 0.12991, 0.156154, 0.167313, 0.347819, 1, 

Generation #44
27,196,0.001, 0.0171919, 0.0348091, 0.0405525, 0.12991, 0.136858, 0.126992, 0.167313, 0.176067, 0.954054, 1, 

28,195,0.001, 0.0171919, 0.0251438, 0.0398259, 0.0584172, 0.126992, 0.126992, 0.167313, 1, 

26,226,0.001, 0.0171919, 0.0297988, 0.0398259, 0.12991, 0.156154, 0.167313, 0.347819, 1, 

29,188,0.001, 0.0171919, 0.0251438, 0.0398259, 0.0584172, 0.156154, 0.156154, 0.167313, 0.347819, 0.186425, 0.195513, 1, 

Generation #45
27,196,0.001, 0.0171919, 0.0348091, 0.0405525, 0.12991, 0.136858, 0.126992, 0.167313, 0.176067, 0.954054, 1, 

28,195,0.001, 0.0171919, 0.0251438, 0.0398259, 0.0584172, 0.126992, 0.126992, 0.167313, 1, 

26,226,0.001, 0.0171919, 0.0297988, 0.0398259, 0.12991, 0.156154, 0.167313, 0.347819, 1, 

29,188,0.001, 0.0171919, 0.0251438, 0.0398259, 0.0584172, 0.156154, 0.156154, 0.167313, 0.347819, 0.186425, 0.195513, 1, 

Generation #46
27,196,0.001, 0.0171919, 0.0348091, 0.0405525, 0.12991, 0.136858, 0.126992, 0.167313, 0.176067, 0.954054, 1, 

28,195,0.001, 0.0171919, 0.0251438, 0.0398259, 0.0584172, 0.126992, 0.126992, 0.167313, 1, 

26,226,0.001, 0.0171919, 0.0297988, 0.0398259, 0.12991, 0.156154, 0.167313, 0.347819, 1, 

29,188,0.001, 0.0171919, 0.0251438, 0.0398259, 0.0584172, 0.156154, 0.156154, 0.167313, 0.347819, 0.186425, 0.195513, 1, 

25,340,0.001, 0.0225293, 0.0405525, 0.0584172, 0.116094, 0.165909, 0.167313, 1, 

Generation #47
27,196,0.001, 0.0171919, 0.0348091, 0.0405525, 0.12991, 0.136858, 0.126992, 0.167313, 0.176067, 0.954054, 1, 

28,195,0.001, 0.0171919, 0.0251438, 0.0398259, 0.0584172, 0.126992, 0.126992, 0.167313, 1, 

26,226,0.001, 0.0171919, 0.0297988, 0.0398259, 0.12991, 0.156154, 0.167313, 0.347819, 1, 

29,188,0.001, 0.0171919, 0.0251438, 0.0398259, 0.0584172, 0.156154, 0.156154, 0.167313, 0.347819, 0.186425, 0.195513, 1, 

25,340,0.001, 0.0225293, 0.0405525, 0.0584172, 0.116094, 0.165909, 0.167313, 1, 

30,182,0.001, 0.0171919, 0.0251438, 0.0398259, 0.0584172, 0.116094, 0.126992, 0.167313, 0.347819, 0.186425, 0.195513, 1, 

Generation #48
27,196,0.001, 0.0171919, 0.0348091, 0.0405525, 0.12991, 0.136858, 0.126992, 0.167313, 0.176067, 0.954054, 1, 

28,195,0.001, 0.0171919, 0.0251438, 0.0398259, 0.0584172, 0.126992, 0.126992, 0.167313, 1, 

26,226,0.001, 0.0171919, 0.0297988, 0.0398259, 0.12991, 0.156154, 0.167313, 0.347819, 1, 

29,188,0.001, 0.0171919, 0.0251438, 0.0398259, 0.0584172, 0.156154, 0.156154, 0.167313, 0.347819, 0.186425, 0.195513, 1, 

25,340,0.001, 0.0225293, 0.0405525, 0.0584172, 0.116094, 0.165909, 0.167313, 1, 

30,182,0.001, 0.0171919, 0.0251438, 0.0398259, 0.0584172, 0.116094, 0.126992, 0.167313, 0.347819, 0.186425, 0.195513, 1, 

Generation #49
27,196,0.001, 0.0171919, 0.0348091, 0.0405525, 0.12991, 0.136858, 0.126992, 0.167313, 0.176067, 0.954054, 1, 

28,195,0.001, 0.0171919, 0.0251438, 0.0398259, 0.0584172, 0.126992, 0.126992, 0.167313, 1, 

26,226,0.001, 0.0171919, 0.0297988, 0.0398259, 0.12991, 0.156154, 0.167313, 0.347819, 1, 

29,188,0.001, 0.0171919, 0.0251438, 0.0398259, 0.0584172, 0.156154, 0.156154, 0.167313, 0.347819, 0.186425, 0.195513, 1, 

25,340,0.001, 0.0225293, 0.0405525, 0.0584172, 0.116094, 0.165909, 0.167313, 1, 

30,182,0.001, 0.0171919, 0.0251438, 0.0398259, 0.0584172, 0.116094, 0.126992, 0.167313, 0.347819, 0.186425, 0.195513, 1, 

--- Pareto Front Solutions ---
Solution 0: N total=59 (N_initial=32, N_added=27), Time total=210 ms, Saved to: ./results/Bugzilla_t2_l2_pareto_0.csv, percents=0.001, 0.0171919, 0.0348091, 0.0405525, 0.12991, 0.136858, 0.126992, 0.167313, 0.176067, 0.954054, 1, 

Solution 1: N total=60 (N_initial=32, N_added=28), Time total=209 ms, Saved to: ./results/Bugzilla_t2_l2_pareto_1.csv, percents=0.001, 0.0171919, 0.0251438, 0.0398259, 0.0584172, 0.126992, 0.126992, 0.167313, 1, 

Solution 2: N total=58 (N_initial=32, N_added=26), Time total=240 ms, Saved to: ./results/Bugzilla_t2_l2_pareto_2.csv, percents=0.001, 0.0171919, 0.0297988, 0.0398259, 0.12991, 0.156154, 0.167313, 0.347819, 1, 

Solution 3: N total=61 (N_initial=32, N_added=29), Time total=202 ms, Saved to: ./results/Bugzilla_t2_l2_pareto_3.csv, percents=0.001, 0.0171919, 0.0251438, 0.0398259, 0.0584172, 0.156154, 0.156154, 0.167313, 0.347819, 0.186425, 0.195513, 1, 

Solution 4: N total=57 (N_initial=32, N_added=25), Time total=354 ms, Saved to: ./results/Bugzilla_t2_l2_pareto_4.csv, percents=0.001, 0.0225293, 0.0405525, 0.0584172, 0.116094, 0.165909, 0.167313, 1, 

Solution 5: N total=62 (N_initial=32, N_added=30), Time total=196 ms, Saved to: ./results/Bugzilla_t2_l2_pareto_5.csv, percents=0.001, 0.0171919, 0.0251438, 0.0398259, 0.0584172, 0.116094, 0.126992, 0.167313, 0.347819, 0.186425, 0.195513, 1, 

------------d=1, t=2, lambda=3, filename=./evaluation/Bugzilla/Bugzilla_2_3.csv------------
Grouping d-sets by partitioned row counts for detecting arrays...
Ready to look at pairs for detecting arrays...
First Stage N=48, Time=10
There are 3948 remaining non-locating pairs
--- Running GA Algorithm (phase2) ---
Running GA with std::execution::par
Generation #0
38,329,0.001, 0.0362171, 0.0494795, 0.100903, 0.108318, 0.188781, 0.494445, 0.512664, 0.53086, 0.546652, 0.649904, 0.653915, 0.756705, 0.772359, 0.908816, 0.934567, 1, 

32,469,0.001, 0.0511418, 0.0525736, 0.138902, 0.267474, 0.298133, 0.493614, 0.580254, 0.609125, 0.872788, 0.9269, 0.979642, 1, 

Generation #1
32,469,0.001, 0.0511418, 0.0525736, 0.138902, 0.267474, 0.298133, 0.493614, 0.580254, 0.609125, 0.872788, 0.9269, 0.979642, 1, 

34,323,0.001, 0.0511418, 0.0525736, 0.138902, 0.267474, 0.298133, 0.493614, 0.580254, 0.609125, 0.872788, 0.9269, 0.979642, 1, 

30,519,0.001, 0.0983681, 0.0993744, 0.125836, 0.147171, 0.188702, 0.202977, 0.251462, 0.611529, 1, 

33,392,0.001, 0.0451453, 0.0585391, 0.123868, 0.211058, 0.267747, 0.311573, 0.403937, 0.423443, 0.433163, 0.815262, 0.893092, 0.89582, 1, 

Generation #2
34,323,0.001, 0.0511418, 0.0525736, 0.138902, 0.267474, 0.298133, 0.493614, 0.580254, 0.609125, 0.872788, 0.9269, 0.979642, 1, 

30,402,0.001, 0.0362171, 0.0494795, 0.100903, 0.108318, 0.188781, 0.63286, 0.684363, 0.928517, 0.952075, 0.997053, 1, 

29,537,0.001, 0.0983681, 0.0993744, 0.125836, 0.147171, 0.188702, 0.202977, 0.251462, 0.611529, 1, 

50,313,0.001, 0.0389087, 0.0945657, 0.130261, 0.209931, 0.215244, 0.225697, 0.230611, 0.250169, 0.253682, 0.256426, 0.266239, 0.287017, 0.31577, 0.322525, 0.375897, 0.420676, 0.487331, 0.620146, 0.624892, 0.64897, 0.661012, 0.78619, 0.902198, 0.924822, 0.928196, 0.928641, 0.96621, 0.997927, 1, 

31,355,0.001, 0.0521527, 0.0821597, 0.370315, 0.371227, 0.391275, 0.483623, 0.522031, 0.639176, 0.695853, 1, 

Generation #3
30,402,0.001, 0.0362171, 0.0494795, 0.100903, 0.108318, 0.188781, 0.63286, 0.684363, 0.928517, 0.952075, 0.997053, 1, 

29,537,0.001, 0.0983681, 0.0993744, 0.125836, 0.147171, 0.188702, 0.202977, 0.251462, 0.611529, 1, 

31,355,0.001, 0.0521527, 0.0821597, 0.370315, 0.371227, 0.391275, 0.483623, 0.522031, 0.639176, 0.695853, 1, 

41,255,0.001, 0.0215363, 0.0382616, 0.049996, 0.122285, 0.12842, 0.345612, 0.359747, 0.406922, 0.432708, 0.507286, 0.645098, 0.662588, 0.857135, 0.863046, 0.938893, 0.946256, 0.981937, 0.99484, 1, 

33,310,0.001, 0.0507884, 0.0632228, 0.123868, 0.211058, 0.267747, 0.311573, 0.403937, 0.423443, 0.433163, 0.815262, 0.893092, 0.89582, 1, 

Generation #4
29,537,0.001, 0.0983681, 0.0993744, 0.125836, 0.147171, 0.188702, 0.202977, 0.251462, 0.611529, 1, 

31,355,0.001, 0.0521527, 0.0821597, 0.370315, 0.371227, 0.391275, 0.483623, 0.522031, 0.639176, 0.695853, 1, 

41,255,0.001, 0.0215363, 0.0382616, 0.049996, 0.122285, 0.12842, 0.345612, 0.359747, 0.406922, 0.432708, 0.507286, 0.645098, 0.662588, 0.857135, 0.863046, 0.938893, 0.946256, 0.981937, 0.99484, 1, 

33,310,0.001, 0.0507884, 0.0632228, 0.123868, 0.211058, 0.267747, 0.311573, 0.403937, 0.423443, 0.433163, 0.815262, 0.893092, 0.89582, 1, 

30,381,0.001, 0.0494795, 0.100903, 0.108318, 0.188781, 0.202977, 0.251462, 0.611529, 1, 

Generation #5
41,255,0.001, 0.0215363, 0.0382616, 0.049996, 0.122285, 0.12842, 0.345612, 0.359747, 0.406922, 0.432708, 0.507286, 0.645098, 0.662588, 0.857135, 0.863046, 0.938893, 0.946256, 0.981937, 0.99484, 1, 

31,310,0.001, 0.0215363, 0.0382616, 0.049996, 0.122285, 0.12842, 0.345612, 0.580254, 0.609125, 0.872788, 0.9269, 0.979642, 1, 

27,354,0.001, 0.0362171, 0.0494795, 0.125836, 0.147171, 0.188702, 0.202977, 0.251462, 0.611529, 1, 

29,323,0.001, 0.0511418, 0.0310943, 0.0351487, 0.11103, 0.119462, 0.336922, 0.411542, 0.487845, 0.788431, 1, 

Generation #6
41,255,0.001, 0.0215363, 0.0382616, 0.049996, 0.122285, 0.12842, 0.345612, 0.359747, 0.406922, 0.432708, 0.507286, 0.645098, 0.662588, 0.857135, 0.863046, 0.938893, 0.946256, 0.981937, 0.99484, 1, 

31,310,0.001, 0.0215363, 0.0382616, 0.049996, 0.122285, 0.12842, 0.345612, 0.580254, 0.609125, 0.872788, 0.9269, 0.979642, 1, 

27,354,0.001, 0.0362171, 0.0494795, 0.125836, 0.147171, 0.188702, 0.202977, 0.251462, 0.611529, 1, 

29,313,0.001, 0.0215363, 0.0382616, 0.049996, 0.122285, 0.12842, 0.345612, 0.251462, 0.611529, 1, 

Generation #7
41,255,0.001, 0.0215363, 0.0382616, 0.049996, 0.122285, 0.12842, 0.345612, 0.359747, 0.406922, 0.432708, 0.507286, 0.645098, 0.662588, 0.857135, 0.863046, 0.938893, 0.946256, 0.981937, 0.99484, 1, 

27,354,0.001, 0.0362171, 0.0494795, 0.125836, 0.147171, 0.188702, 0.202977, 0.251462, 0.611529, 1, 

29,313,0.001, 0.0215363, 0.0382616, 0.049996, 0.122285, 0.12842, 0.345612, 0.251462, 0.611529, 1, 

30,308,0.001, 0.0215363, 0.0382616, 0.049996, 0.108318, 0.391275, 0.202977, 0.251462, 0.53086, 0.546652, 1, 

Generation #8
41,255,0.001, 0.0215363, 0.0382616, 0.049996, 0.122285, 0.12842, 0.345612, 0.359747, 0.406922, 0.432708, 0.507286, 0.645098, 0.662588, 0.857135, 0.863046, 0.938893, 0.946256, 0.981937, 0.99484, 1, 

29,313,0.001, 0.0215363, 0.0382616, 0.049996, 0.122285, 0.12842, 0.345612, 0.251462, 0.611529, 1, 

30,308,0.001, 0.0215363, 0.0382616, 0.049996, 0.108318, 0.391275, 0.202977, 0.251462, 0.53086, 0.546652, 1, 

32,279,0.001, 0.0362171, 0.100903, 0.0351487, 0.11103, 0.119462, 0.336922, 0.802164, 0.487845, 0.788431, 1, 

26,590,0.001, 0.0511418, 0.0351487, 0.188781, 0.251462, 0.611529, 1, 

27,336,0.001, 0.0307409, 0.0632228, 0.0815272, 0.132435, 0.188702, 0.202977, 0.251462, 0.611529, 1, 

Generation #9
41,255,0.001, 0.0215363, 0.0382616, 0.049996, 0.122285, 0.12842, 0.345612, 0.359747, 0.406922, 0.432708, 0.507286, 0.645098, 0.662588, 0.857135, 0.863046, 0.938893, 0.946256, 0.981937, 0.99484, 1, 

32,279,0.001, 0.0362171, 0.100903, 0.0351487, 0.11103, 0.119462, 0.336922, 0.802164, 0.487845, 0.788431, 1, 

26,426,0.001, 0.0362171, 0.100903, 0.108318, 0.188781, 0.251462, 0.611529, 1, 

27,306,0.001, 0.0307409, 0.0632228, 0.0815272, 0.132435, 0.496214, 0.202977, 0.611529, 1, 

29,296,0.001, 0.0215363, 0.0382616, 0.049996, 0.122285, 0.203598, 0.12842, 0.611529, 1, 

Generation #10
41,255,0.001, 0.0215363, 0.0382616, 0.049996, 0.122285, 0.12842, 0.345612, 0.359747, 0.406922, 0.432708, 0.507286, 0.645098, 0.662588, 0.857135, 0.863046, 0.938893, 0.946256, 0.981937, 0.99484, 1, 

26,426,0.001, 0.0362171, 0.100903, 0.108318, 0.188781, 0.251462, 0.611529, 1, 

27,306,0.001, 0.0307409, 0.0632228, 0.0815272, 0.132435, 0.496214, 0.202977, 0.611529, 1, 

29,293,0.001, 0.0215363, 0.0382616, 0.049996, 0.122285, 0.251462, 0.611529, 1, 

30,275,0.001, 0.0307409, 0.0632228, 0.0815272, 0.132435, 0.188702, 0.202977, 0.251462, 0.611529, 0.611529, 1, 

Generation #11
41,255,0.001, 0.0215363, 0.0382616, 0.049996, 0.122285, 0.12842, 0.345612, 0.359747, 0.406922, 0.432708, 0.507286, 0.645098, 0.662588, 0.857135, 0.863046, 0.938893, 0.946256, 0.981937, 0.99484, 1, 

26,426,0.001, 0.0362171, 0.100903, 0.108318, 0.188781, 0.251462, 0.611529, 1, 

27,306,0.001, 0.0307409, 0.0632228, 0.0815272, 0.132435, 0.496214, 0.202977, 0.611529, 1, 

30,275,0.001, 0.0307409, 0.0632228, 0.0815272, 0.132435, 0.188702, 0.202977, 0.251462, 0.611529, 0.611529, 1, 

48,240,0.001, 0.0215363, 0.0382616, 0.0351487, 0.11103, 0.119462, 0.197342, 0.234757, 0.235375, 0.235885, 0.240647, 0.275277, 0.343296, 0.563785, 0.570998, 0.575092, 0.60667, 0.614422, 0.653208, 0.658492, 0.659087, 0.73429, 0.819439, 0.930262, 0.117761, 0.951328, 0.998234, 1, 

29,288,0.001, 0.0362171, 0.100903, 0.0351487, 0.11103, 0.119462, 0.336922, 0.522031, 0.639176, 0.695853, 1, 

Generation #12
41,255,0.001, 0.0215363, 0.0382616, 0.049996, 0.122285, 0.12842, 0.345612, 0.359747, 0.406922, 0.432708, 0.507286, 0.645098, 0.662588, 0.857135, 0.863046, 0.938893, 0.946256, 0.981937, 0.99484, 1, 

26,426,0.001, 0.0362171, 0.100903, 0.108318, 0.188781, 0.251462, 0.611529, 1, 

30,275,0.001, 0.0307409, 0.0632228, 0.0815272, 0.132435, 0.188702, 0.202977, 0.251462, 0.611529, 0.611529, 1, 

48,240,0.001, 0.0215363, 0.0382616, 0.0351487, 0.11103, 0.119462, 0.197342, 0.234757, 0.235375, 0.235885, 0.240647, 0.275277, 0.343296, 0.563785, 0.570998, 0.575092, 0.60667, 0.614422, 0.653208, 0.658492, 0.659087, 0.73429, 0.819439, 0.930262, 0.117761, 0.951328, 0.998234, 1, 

27,280,0.001, 0.0215363, 0.0382616, 0.049996, 0.108318, 0.188781, 1, 

Generation #13
26,426,0.001, 0.0362171, 0.100903, 0.108318, 0.188781, 0.251462, 0.611529, 1, 

27,280,0.001, 0.0215363, 0.0382616, 0.049996, 0.108318, 0.188781, 1, 

29,270,0.001, 0.0511418, 0.0310943, 0.0351487, 0.119462, 0.336922, 0.411542, 0.611529, 1, 

30,225,0.001, 0.0215363, 0.0920165, 0.0382616, 0.049996, 0.108318, 0.12842, 0.345612, 0.251462, 0.611529, 1, 
