------------d=1, t=2, lambda=1, filename=./evaluation/Bugzilla/Bugzilla_2_1.csv------------
Grouping d-sets by partitioned row counts for detecting arrays...
Ready to look at pairs for detecting arrays...
First Stage N=18, Time=24
There are 72303 remaining non-locating pairs
--- Running GA Algorithm (phase2) ---
Running GA with std::execution::par
Generation #0
47,1631,0.001, 0.00563984, 0.0472926, 0.0698625, 0.0751163, 0.198198, 0.226628, 0.274555, 0.301448, 0.330416, 0.408317, 0.413537, 0.600954, 0.665264, 0.673547, 0.693171, 0.748014, 0.773028, 0.803385, 0.892334, 0.903401, 1, 

37,6974,0.001, 0.14223, 0.153706, 0.489961, 0.49157, 0.49993, 0.518898, 0.58726, 0.607083, 0.793639, 0.806633, 1, 

46,1723,0.001, 0.0219461, 0.0261442, 0.0262016, 0.0663368, 0.100799, 0.164494, 0.217953, 0.230267, 0.239707, 0.475426, 0.477239, 0.511489, 0.606937, 0.610299, 0.685118, 0.749872, 0.761045, 0.79815, 0.843834, 0.85952, 0.956795, 1, 

44,1950,0.001, 0.0141455, 0.0218816, 0.0456565, 0.126535, 0.171676, 0.223503, 0.360442, 0.365705, 0.45636, 0.479251, 0.508095, 0.573131, 0.69156, 0.698453, 0.828251, 0.841254, 0.951562, 1, 

38,4141,0.001, 0.0498482, 0.216652, 0.249468, 0.280081, 0.356849, 0.456092, 0.578588, 0.814896, 0.815772, 0.872318, 0.886671, 0.887786, 1, 

42,3052,0.001, 0.0485364, 0.0638381, 0.103473, 0.112512, 0.157387, 0.207509, 0.233497, 0.34024, 0.425078, 0.623749, 0.642961, 0.77327, 0.821051, 0.86027, 0.97724, 1, 

Generation #1
36,902,0.001, 0.0141455, 0.0218816, 0.0456565, 0.126535, 0.171676, 0.80047, 0.927298, 0.950905, 0.999048, 1, 

Generation #2
36,902,0.001, 0.0141455, 0.0218816, 0.0456565, 0.126535, 0.171676, 0.80047, 0.927298, 0.950905, 0.999048, 1, 

43,781,0.001, 0.017851, 0.0501659, 0.0513067, 0.110065, 0.100799, 0.0114998, 0.217953, 0.475025, 0.556769, 0.629394, 0.724175, 0.7556, 0.828216, 0.865924, 0.931853, 0.992179, 1, 

48,744,0.001, 0.0141455, 0.0218816, 0.0456565, 0.126535, 0.171676, 0.223503, 0.360442, 0.365705, 0.45636, 0.479251, 0.508095, 0.573131, 0.69156, 0.698453, 0.828251, 0.841254, 0.951562, 0.928542, 0.959001, 0.973861, 0.976665, 1, 

Generation #3
36,902,0.001, 0.0141455, 0.0218816, 0.0456565, 0.126535, 0.171676, 0.80047, 0.927298, 0.950905, 0.999048, 1, 

43,781,0.001, 0.017851, 0.0501659, 0.0513067, 0.110065, 0.100799, 0.0114998, 0.217953, 0.475025, 0.556769, 0.629394, 0.724175, 0.7556, 0.828216, 0.865924, 0.931853, 0.992179, 1, 

41,901,0.001, 0.0211516, 0.0392133, 0.0513067, 0.110065, 0.100799, 0.164494, 0.44652, 0.475025, 0.556769, 0.629394, 0.724175, 0.7556, 0.828216, 0.865924, 0.931853, 0.992179, 1, 

45,728,0.001, 0.0141455, 0.0218816, 0.0456565, 0.126535, 0.171676, 0.223503, 0.17776, 0.247358, 0.299091, 0.400537, 0.470213, 0.492376, 0.509478, 0.66143, 0.761129, 0.774602, 0.85691, 0.960916, 1, 

35,1009,0.001, 0.017851, 0.0501659, 0.0513067, 0.110065, 0.100799, 0.0114998, 0.217953, 0.475025, 0.556769, 0.629394, 0.833078, 0.955158, 1, 

Generation #4
43,781,0.001, 0.017851, 0.0501659, 0.0513067, 0.110065, 0.100799, 0.0114998, 0.217953, 0.475025, 0.556769, 0.629394, 0.724175, 0.7556, 0.828216, 0.865924, 0.931853, 0.992179, 1, 

45,728,0.001, 0.0141455, 0.0218816, 0.0456565, 0.126535, 0.171676, 0.223503, 0.17776, 0.247358, 0.299091, 0.400537, 0.470213, 0.492376, 0.509478, 0.66143, 0.761129, 0.774602, 0.85691, 0.960916, 1, 

36,890,0.001, 0.0141455, 0.0218816, 0.0456565, 0.126535, 0.171676, 0.223503, 0.360442, 0.365705, 0.999048, 1, 

34,1443,0.001, 0.0219461, 0.0261442, 0.0262016, 0.199553, 0.0663368, 0.215706, 0.330756, 0.385246, 0.494171, 1, 

38,817,0.001, 0.0141455, 0.0218816, 0.0456565, 0.126535, 0.356849, 0.456092, 0.578588, 0.814896, 0.815772, 0.872318, 0.886671, 0.887786, 1, 

35,974,0.001, 0.0219461, 0.0261442, 0.0262016, 0.199553, 0.465486, 0.467519, 0.710549, 0.845754, 0.913058, 0.939807, 1, 

Generation #5
45,728,0.001, 0.0141455, 0.0218816, 0.0456565, 0.126535, 0.171676, 0.223503, 0.17776, 0.247358, 0.299091, 0.400537, 0.470213, 0.492376, 0.509478, 0.66143, 0.761129, 0.774602, 0.85691, 0.960916, 1, 

40,775,0.001, 0.0141455, 0.0218816, 0.0456565, 0.126535, 0.171676, 0.223503, 0.360442, 0.365705, 0.581852, 0.66415, 0.886671, 0.887786, 1, 

37,793,0.001, 0.0141455, 0.0218816, 0.0456565, 0.126535, 0.223503, 0.360442, 0.365705, 0.650595, 0.662716, 0.478828, 0.483178, 1, 

34,817,0.001, 0.0141455, 0.0218816, 0.0456565, 0.126535, 0.171676, 0.223503, 0.286118, 0.360442, 0.930679, 1, 

Generation #6
45,728,0.001, 0.0141455, 0.0218816, 0.0456565, 0.126535, 0.171676, 0.223503, 0.17776, 0.247358, 0.299091, 0.400537, 0.470213, 0.492376, 0.509478, 0.66143, 0.761129, 0.774602, 0.85691, 0.960916, 1, 

40,775,0.001, 0.0141455, 0.0218816, 0.0456565, 0.126535, 0.171676, 0.223503, 0.360442, 0.365705, 0.581852, 0.66415, 0.886671, 0.887786, 1, 

37,793,0.001, 0.0141455, 0.0218816, 0.0456565, 0.126535, 0.223503, 0.360442, 0.365705, 0.650595, 0.662716, 0.478828, 0.483178, 1, 

34,817,0.001, 0.0141455, 0.0218816, 0.0456565, 0.126535, 0.171676, 0.223503, 0.286118, 0.360442, 0.930679, 1, 

33,1031,0.001, 0.0141455, 0.0218816, 0.0456565, 0.126535, 0.171676, 0.223503, 0.286118, 0.360442, 0.365705, 1, 

Generation #7
45,728,0.001, 0.0141455, 0.0218816, 0.0456565, 0.126535, 0.171676, 0.223503, 0.17776, 0.247358, 0.299091, 0.400537, 0.470213, 0.492376, 0.509478, 0.66143, 0.761129, 0.774602, 0.85691, 0.960916, 1, 

34,817,0.001, 0.0141455, 0.0218816, 0.0456565, 0.126535, 0.171676, 0.223503, 0.286118, 0.360442, 0.930679, 1, 

33,1031,0.001, 0.0141455, 0.0218816, 0.0456565, 0.126535, 0.171676, 0.223503, 0.286118, 0.360442, 0.365705, 1, 

36,743,0.001, 0.0141455, 0.0218816, 0.0456565, 0.126535, 0.171676, 0.223503, 0.17776, 0.607083, 0.793639, 1, 

40,729,0.001, 0.0141455, 0.0218816, 0.0456565, 0.126535, 0.171676, 0.223503, 0.286118, 0.360442, 0.365705, 0.66415, 0.680059, 0.169856, 0.821016, 0.853868, 0.979439, 1, 

35,765,0.001, 0.0141455, 0.0218816, 0.0456565, 0.100799, 0.164494, 0.230267, 0.930679, 1, 

Generation #8
45,728,0.001, 0.0141455, 0.0218816, 0.0456565, 0.126535, 0.171676, 0.223503, 0.17776, 0.247358, 0.299091, 0.400537, 0.470213, 0.492376, 0.509478, 0.66143, 0.761129, 0.774602, 0.85691, 0.960916, 1, 

34,817,0.001, 0.0141455, 0.0218816, 0.0456565, 0.126535, 0.171676, 0.223503, 0.286118, 0.360442, 0.930679, 1, 

33,1031,0.001, 0.0141455, 0.0218816, 0.0456565, 0.126535, 0.171676, 0.223503, 0.286118, 0.360442, 0.365705, 1, 

36,743,0.001, 0.0141455, 0.0218816, 0.0456565, 0.126535, 0.171676, 0.223503, 0.17776, 0.607083, 0.793639, 1, 

40,729,0.001, 0.0141455, 0.0218816, 0.0456565, 0.126535, 0.171676, 0.223503, 0.286118, 0.360442, 0.365705, 0.66415, 0.680059, 0.169856, 0.821016, 0.853868, 0.979439, 1, 

35,750,0.001, 0.0141455, 0.00830946, 0.0392133, 0.0765168, 0.109886, 0.223503, 0.360442, 0.365705, 0.999048, 1, 

Generation #9
45,728,0.001, 0.0141455, 0.0218816, 0.0456565, 0.126535, 0.171676, 0.223503, 0.17776, 0.247358, 0.299091, 0.400537, 0.470213, 0.492376, 0.509478, 0.66143, 0.761129, 0.774602, 0.85691, 0.960916, 1, 

34,817,0.001, 0.0141455, 0.0218816, 0.0456565, 0.126535, 0.171676, 0.223503, 0.286118, 0.360442, 0.930679, 1, 

36,743,0.001, 0.0141455, 0.0218816, 0.0456565, 0.126535, 0.171676, 0.223503, 0.17776, 0.607083, 0.793639, 1, 

40,729,0.001, 0.0141455, 0.0218816, 0.0456565, 0.126535, 0.171676, 0.223503, 0.286118, 0.360442, 0.365705, 0.66415, 0.680059, 0.169856, 0.821016, 0.853868, 0.979439, 1, 

35,750,0.001, 0.0141455, 0.00830946, 0.0392133, 0.0765168, 0.109886, 0.223503, 0.360442, 0.365705, 0.999048, 1, 

33,1009,0.001, 0.0141455, 0.0218816, 0.0456565, 0.126535, 0.223503, 0.223503, 0.360442, 0.360442, 1, 

Generation #10
33,1009,0.001, 0.0141455, 0.0218816, 0.0456565, 0.126535, 0.223503, 0.223503, 0.360442, 0.360442, 1, 

34,622,0.001, 0.0141455, 0.0218816, 0.0456565, 0.126535, 0.144801, 0.223503, 0.360442, 0.247358, 0.999048, 1, 

Generation #11
34,622,0.001, 0.0141455, 0.0218816, 0.0456565, 0.126535, 0.144801, 0.223503, 0.360442, 0.247358, 0.999048, 1, 

38,546,0.001, 0.0141455, 0.00830946, 0.0392133, 0.0765168, 0.109886, 0.223503, 0.360442, 0.365705, 0.494171, 0.66415, 0.886671, 0.887786, 1, 

33,810,0.001, 0.0141455, 0.0218816, 0.0456565, 0.126535, 0.223503, 0.360442, 0.360442, 1, 

Generation #12
34,622,0.001, 0.0141455, 0.0218816, 0.0456565, 0.126535, 0.144801, 0.223503, 0.360442, 0.247358, 0.999048, 1, 

38,546,0.001, 0.0141455, 0.00830946, 0.0392133, 0.0765168, 0.109886, 0.223503, 0.360442, 0.365705, 0.494171, 0.66415, 0.886671, 0.887786, 1, 

32,805,0.001, 0.0141455, 0.0218816, 0.0456565, 0.100799, 0.164494, 0.230267, 0.930679, 1, 

Generation #13
34,622,0.001, 0.0141455, 0.0218816, 0.0456565, 0.126535, 0.144801, 0.223503, 0.360442, 0.247358, 0.999048, 1, 

38,546,0.001, 0.0141455, 0.00830946, 0.0392133, 0.0765168, 0.109886, 0.223503, 0.360442, 0.365705, 0.494171, 0.66415, 0.886671, 0.887786, 1, 

32,805,0.001, 0.0141455, 0.0218816, 0.0456565, 0.100799, 0.164494, 0.230267, 0.930679, 1, 

33,787,0.001, 0.0141455, 0.0218816, 0.0456565, 0.126535, 0.171676, 0.223503, 0.286118, 0.365705, 1, 

Generation #14
34,622,0.001, 0.0141455, 0.0218816, 0.0456565, 0.126535, 0.144801, 0.223503, 0.360442, 0.247358, 0.999048, 1, 

38,546,0.001, 0.0141455, 0.00830946, 0.0392133, 0.0765168, 0.109886, 0.223503, 0.360442, 0.365705, 0.494171, 0.66415, 0.886671, 0.887786, 1, 

32,805,0.001, 0.0141455, 0.0218816, 0.0456565, 0.100799, 0.164494, 0.230267, 0.930679, 1, 

33,787,0.001, 0.0141455, 0.0218816, 0.0456565, 0.126535, 0.171676, 0.223503, 0.286118, 0.365705, 1, 

Generation #15
34,622,0.001, 0.0141455, 0.0218816, 0.0456565, 0.126535, 0.144801, 0.223503, 0.360442, 0.247358, 0.999048, 1, 

38,546,0.001, 0.0141455, 0.00830946, 0.0392133, 0.0765168, 0.109886, 0.223503, 0.360442, 0.365705, 0.494171, 0.66415, 0.886671, 0.887786, 1, 

36,597,0.001, 0.0141455, 0.0218816, 0.0456565, 0.126535, 0.171676, 0.223503, 0.286118, 0.360442, 0.365705, 1, 

32,661,0.001, 0.0141455, 0.0218816, 0.0456565, 0.126535, 0.171676, 0.211271, 0.22996, 0.494171, 1, 

Generation #16
34,622,0.001, 0.0141455, 0.0218816, 0.0456565, 0.126535, 0.144801, 0.223503, 0.360442, 0.247358, 0.999048, 1, 

38,546,0.001, 0.0141455, 0.00830946, 0.0392133, 0.0765168, 0.109886, 0.223503, 0.360442, 0.365705, 0.494171, 0.66415, 0.886671, 0.887786, 1, 

36,597,0.001, 0.0141455, 0.0218816, 0.0456565, 0.126535, 0.171676, 0.223503, 0.286118, 0.360442, 0.365705, 1, 

32,661,0.001, 0.0141455, 0.0218816, 0.0456565, 0.126535, 0.171676, 0.211271, 0.22996, 0.494171, 1, 

33,642,0.001, 0.0141455, 0.0218816, 0.0513067, 0.126535, 0.144801, 0.223503, 0.360442, 0.247358, 0.999048, 1, 

Generation #17
34,622,0.001, 0.0141455, 0.0218816, 0.0456565, 0.126535, 0.144801, 0.223503, 0.360442, 0.247358, 0.999048, 1, 

38,546,0.001, 0.0141455, 0.00830946, 0.0392133, 0.0765168, 0.109886, 0.223503, 0.360442, 0.365705, 0.494171, 0.66415, 0.886671, 0.887786, 1, 

36,597,0.001, 0.0141455, 0.0218816, 0.0456565, 0.126535, 0.171676, 0.223503, 0.286118, 0.360442, 0.365705, 1, 

32,661,0.001, 0.0141455, 0.0218816, 0.0456565, 0.126535, 0.171676, 0.211271, 0.22996, 0.494171, 1, 

33,642,0.001, 0.0141455, 0.0218816, 0.0513067, 0.126535, 0.144801, 0.223503, 0.360442, 0.247358, 0.999048, 1, 

Generation #18
34,622,0.001, 0.0141455, 0.0218816, 0.0456565, 0.126535, 0.144801, 0.223503, 0.360442, 0.247358, 0.999048, 1, 

38,546,0.001, 0.0141455, 0.00830946, 0.0392133, 0.0765168, 0.109886, 0.223503, 0.360442, 0.365705, 0.494171, 0.66415, 0.886671, 0.887786, 1, 

36,597,0.001, 0.0141455, 0.0218816, 0.0456565, 0.126535, 0.171676, 0.223503, 0.286118, 0.360442, 0.365705, 1, 

32,661,0.001, 0.0141455, 0.0218816, 0.0456565, 0.126535, 0.171676, 0.211271, 0.22996, 0.494171, 1, 

33,642,0.001, 0.0141455, 0.0218816, 0.0513067, 0.126535, 0.144801, 0.223503, 0.360442, 0.247358, 0.999048, 1, 

Generation #19
34,622,0.001, 0.0141455, 0.0218816, 0.0456565, 0.126535, 0.144801, 0.223503, 0.360442, 0.247358, 0.999048, 1, 

38,546,0.001, 0.0141455, 0.00830946, 0.0392133, 0.0765168, 0.109886, 0.223503, 0.360442, 0.365705, 0.494171, 0.66415, 0.886671, 0.887786, 1, 

36,597,0.001, 0.0141455, 0.0218816, 0.0456565, 0.126535, 0.171676, 0.223503, 0.286118, 0.360442, 0.365705, 1, 

32,661,0.001, 0.0141455, 0.0218816, 0.0456565, 0.126535, 0.171676, 0.211271, 0.22996, 0.494171, 1, 

33,642,0.001, 0.0141455, 0.0218816, 0.0513067, 0.126535, 0.144801, 0.223503, 0.360442, 0.247358, 0.999048, 1, 

Generation #20
34,622,0.001, 0.0141455, 0.0218816, 0.0456565, 0.126535, 0.144801, 0.223503, 0.360442, 0.247358, 0.999048, 1, 

38,546,0.001, 0.0141455, 0.00830946, 0.0392133, 0.0765168, 0.109886, 0.223503, 0.360442, 0.365705, 0.494171, 0.66415, 0.886671, 0.887786, 1, 

36,597,0.001, 0.0141455, 0.0218816, 0.0456565, 0.126535, 0.171676, 0.223503, 0.286118, 0.360442, 0.365705, 1, 

32,661,0.001, 0.0141455, 0.0218816, 0.0456565, 0.126535, 0.171676, 0.211271, 0.22996, 0.494171, 1, 

33,642,0.001, 0.0141455, 0.0218816, 0.0513067, 0.126535, 0.144801, 0.223503, 0.360442, 0.247358, 0.999048, 1, 

Generation #21
38,546,0.001, 0.0141455, 0.00830946, 0.0392133, 0.0765168, 0.109886, 0.223503, 0.360442, 0.365705, 0.494171, 0.66415, 0.886671, 0.887786, 1, 

32,661,0.001, 0.0141455, 0.0218816, 0.0456565, 0.126535, 0.171676, 0.211271, 0.22996, 0.494171, 1, 

33,591,0.001, 0.0141455, 0.00830946, 0.0392133, 0.0765168, 0.109886, 0.223503, 0.360442, 0.22996, 1, 

Generation #22
38,546,0.001, 0.0141455, 0.00830946, 0.0392133, 0.0765168, 0.109886, 0.223503, 0.360442, 0.365705, 0.494171, 0.66415, 0.886671, 0.887786, 1, 

32,661,0.001, 0.0141455, 0.0218816, 0.0456565, 0.126535, 0.171676, 0.211271, 0.22996, 0.494171, 1, 

33,591,0.001, 0.0141455, 0.00830946, 0.0392133, 0.0765168, 0.109886, 0.223503, 0.360442, 0.22996, 1, 

Generation #23
32,529,0.001, 0.0141455, 0.0127132, 0.0218816, 0.0456565, 0.376348, 0.223503, 0.360442, 0.360442, 1, 

Generation #24
32,529,0.001, 0.0141455, 0.0127132, 0.0218816, 0.0456565, 0.376348, 0.223503, 0.360442, 0.360442, 1, 

Generation #25
32,529,0.001, 0.0141455, 0.0127132, 0.0218816, 0.0456565, 0.376348, 0.223503, 0.360442, 0.360442, 1, 

Generation #26
32,529,0.001, 0.0141455, 0.0127132, 0.0218816, 0.0456565, 0.376348, 0.223503, 0.360442, 0.360442, 1, 

31,827,0.001, 0.0141455, 0.00830946, 0.0392133, 0.0765168, 0.37515, 0.223503, 0.360442, 1, 

Generation #27
32,529,0.001, 0.0141455, 0.0127132, 0.0218816, 0.0456565, 0.376348, 0.223503, 0.360442, 0.360442, 1, 

31,827,0.001, 0.0141455, 0.00830946, 0.0392133, 0.0765168, 0.37515, 0.223503, 0.360442, 1, 

Generation #28
32,529,0.001, 0.0141455, 0.0127132, 0.0218816, 0.0456565, 0.376348, 0.223503, 0.360442, 0.360442, 1, 

31,827,0.001, 0.0141455, 0.00830946, 0.0392133, 0.0765168, 0.37515, 0.223503, 0.360442, 1, 

Generation #29
32,529,0.001, 0.0141455, 0.0127132, 0.0218816, 0.0456565, 0.376348, 0.223503, 0.360442, 0.360442, 1, 

31,827,0.001, 0.0141455, 0.00830946, 0.0392133, 0.0765168, 0.37515, 0.223503, 0.360442, 1, 

Generation #30
32,529,0.001, 0.0141455, 0.0127132, 0.0218816, 0.0456565, 0.376348, 0.223503, 0.360442, 0.360442, 1, 

31,827,0.001, 0.0141455, 0.00830946, 0.0392133, 0.0765168, 0.37515, 0.223503, 0.360442, 1, 

Generation #31
32,529,0.001, 0.0141455, 0.0127132, 0.0218816, 0.0456565, 0.376348, 0.223503, 0.360442, 0.360442, 1, 

31,827,0.001, 0.0141455, 0.00830946, 0.0392133, 0.0765168, 0.37515, 0.223503, 0.360442, 1, 

Generation #32
32,529,0.001, 0.0141455, 0.0127132, 0.0218816, 0.0456565, 0.376348, 0.223503, 0.360442, 0.360442, 1, 

31,827,0.001, 0.0141455, 0.00830946, 0.0392133, 0.0765168, 0.37515, 0.223503, 0.360442, 1, 

Generation #33
32,529,0.001, 0.0141455, 0.0127132, 0.0218816, 0.0456565, 0.376348, 0.223503, 0.360442, 0.360442, 1, 

31,660,0.001, 0.0141455, 0.00830946, 0.0392133, 0.126535, 0.171676, 0.223503, 0.360442, 1, 

Generation #34
32,529,0.001, 0.0141455, 0.0127132, 0.0218816, 0.0456565, 0.376348, 0.223503, 0.360442, 0.360442, 1, 

31,660,0.001, 0.0141455, 0.00830946, 0.0392133, 0.126535, 0.171676, 0.223503, 0.360442, 1, 

Generation #35
32,529,0.001, 0.0141455, 0.0127132, 0.0218816, 0.0456565, 0.376348, 0.223503, 0.360442, 0.360442, 1, 

31,660,0.001, 0.0141455, 0.00830946, 0.0392133, 0.126535, 0.171676, 0.223503, 0.360442, 1, 

Generation #36
32,529,0.001, 0.0141455, 0.0127132, 0.0218816, 0.0456565, 0.376348, 0.223503, 0.360442, 0.360442, 1, 

31,660,0.001, 0.0141455, 0.00830946, 0.0392133, 0.126535, 0.171676, 0.223503, 0.360442, 1, 

Generation #37
32,529,0.001, 0.0141455, 0.0127132, 0.0218816, 0.0456565, 0.376348, 0.223503, 0.360442, 0.360442, 1, 

31,660,0.001, 0.0141455, 0.00830946, 0.0392133, 0.126535, 0.171676, 0.223503, 0.360442, 1, 

Generation #38
32,529,0.001, 0.0141455, 0.0127132, 0.0218816, 0.0456565, 0.376348, 0.223503, 0.360442, 0.360442, 1, 

31,660,0.001, 0.0141455, 0.00830946, 0.0392133, 0.126535, 0.171676, 0.223503, 0.360442, 1, 

Generation #39
32,529,0.001, 0.0141455, 0.0127132, 0.0218816, 0.0456565, 0.376348, 0.223503, 0.360442, 0.360442, 1, 

31,660,0.001, 0.0141455, 0.00830946, 0.0392133, 0.126535, 0.171676, 0.223503, 0.360442, 1, 

Generation #40
32,529,0.001, 0.0141455, 0.0127132, 0.0218816, 0.0456565, 0.376348, 0.223503, 0.360442, 0.360442, 1, 

31,660,0.001, 0.0141455, 0.00830946, 0.0392133, 0.126535, 0.171676, 0.223503, 0.360442, 1, 

Generation #41
32,529,0.001, 0.0141455, 0.0127132, 0.0218816, 0.0456565, 0.376348, 0.223503, 0.360442, 0.360442, 1, 

31,660,0.001, 0.0141455, 0.00830946, 0.0392133, 0.126535, 0.171676, 0.223503, 0.360442, 1, 

Generation #42
32,529,0.001, 0.0141455, 0.0127132, 0.0218816, 0.0456565, 0.376348, 0.223503, 0.360442, 0.360442, 1, 

31,660,0.001, 0.0141455, 0.00830946, 0.0392133, 0.126535, 0.171676, 0.223503, 0.360442, 1, 

30,979,0.001, 0.0141455, 0.0218816, 0.0218816, 0.0456565, 0.223503, 1, 

Generation #43
32,529,0.001, 0.0141455, 0.0127132, 0.0218816, 0.0456565, 0.376348, 0.223503, 0.360442, 0.360442, 1, 

30,979,0.001, 0.0141455, 0.0218816, 0.0218816, 0.0456565, 0.223503, 1, 

31,654,0.001, 0.0141455, 0.00830946, 0.0392133, 0.0765168, 0.223503, 0.22996, 1, 

Generation #44
32,529,0.001, 0.0141455, 0.0127132, 0.0218816, 0.0456565, 0.376348, 0.223503, 0.360442, 0.360442, 1, 

30,979,0.001, 0.0141455, 0.0218816, 0.0218816, 0.0456565, 0.223503, 1, 

31,654,0.001, 0.0141455, 0.00830946, 0.0392133, 0.0765168, 0.223503, 0.22996, 1, 

Generation #45
32,529,0.001, 0.0141455, 0.0127132, 0.0218816, 0.0456565, 0.376348, 0.223503, 0.360442, 0.360442, 1, 

30,979,0.001, 0.0141455, 0.0218816, 0.0218816, 0.0456565, 0.223503, 1, 

31,654,0.001, 0.0141455, 0.00830946, 0.0392133, 0.0765168, 0.223503, 0.22996, 1, 

Generation #46
32,529,0.001, 0.0141455, 0.0127132, 0.0218816, 0.0456565, 0.376348, 0.223503, 0.360442, 0.360442, 1, 

30,979,0.001, 0.0141455, 0.0218816, 0.0218816, 0.0456565, 0.223503, 1, 

31,654,0.001, 0.0141455, 0.00830946, 0.0392133, 0.0765168, 0.223503, 0.22996, 1, 

Generation #47
32,529,0.001, 0.0141455, 0.0127132, 0.0218816, 0.0456565, 0.376348, 0.223503, 0.360442, 0.360442, 1, 

30,979,0.001, 0.0141455, 0.0218816, 0.0218816, 0.0456565, 0.223503, 1, 

31,654,0.001, 0.0141455, 0.00830946, 0.0392133, 0.0765168, 0.223503, 0.22996, 1, 

Generation #48
32,529,0.001, 0.0141455, 0.0127132, 0.0218816, 0.0456565, 0.376348, 0.223503, 0.360442, 0.360442, 1, 

30,979,0.001, 0.0141455, 0.0218816, 0.0218816, 0.0456565, 0.223503, 1, 

31,654,0.001, 0.0141455, 0.00830946, 0.0392133, 0.0765168, 0.223503, 0.22996, 1, 

Generation #49
32,529,0.001, 0.0141455, 0.0127132, 0.0218816, 0.0456565, 0.376348, 0.223503, 0.360442, 0.360442, 1, 

30,979,0.001, 0.0141455, 0.0218816, 0.0218816, 0.0456565, 0.223503, 1, 

31,654,0.001, 0.0141455, 0.00830946, 0.0392133, 0.0765168, 0.223503, 0.22996, 1, 

--- Pareto Front Solutions ---
Solution 0: N total=50 (N_initial=18, N_added=32), Time total=553 ms, Saved to: ./results/Bugzilla_t2_l1_pareto_0.csv, percents=0.001, 0.0141455, 0.0127132, 0.0218816, 0.0456565, 0.376348, 0.223503, 0.360442, 0.360442, 1, 

Solution 1: N total=48 (N_initial=18, N_added=30), Time total=1003 ms, Saved to: ./results/Bugzilla_t2_l1_pareto_1.csv, percents=0.001, 0.0141455, 0.0218816, 0.0218816, 0.0456565, 0.223503, 1, 

Solution 2: N total=49 (N_initial=18, N_added=31), Time total=678 ms, Saved to: ./results/Bugzilla_t2_l1_pareto_2.csv, percents=0.001, 0.0141455, 0.00830946, 0.0392133, 0.0765168, 0.223503, 0.22996, 1, 

------------d=1, t=2, lambda=2, filename=./evaluation/Bugzilla/Bugzilla_2_2.csv------------
Grouping d-sets by partitioned row counts for detecting arrays...
Ready to look at pairs for detecting arrays...
First Stage N=32, Time=15
There are 5117 remaining non-locating pairs
--- Running GA Algorithm (phase2) ---
Running GA with std::execution::par
Generation #0
33,793,0.001, 0.0473953, 0.123883, 0.199798, 0.209506, 0.63368, 0.76862, 0.787707, 0.800032, 0.821889, 0.835002, 1, 

34,681,0.001, 0.0317296, 0.0662202, 0.115187, 0.244653, 0.425268, 0.497427, 0.508045, 0.576125, 0.601801, 0.743739, 0.989289, 1, 

39,402,0.001, 0.00645526, 0.0523927, 0.100058, 0.102467, 0.109948, 0.11955, 0.160417, 0.236643, 0.257887, 0.341889, 0.410701, 0.610029, 0.621249, 0.63529, 0.833469, 0.875591, 0.989384, 0.990141, 0.998467, 1, 

36,479,0.001, 0.00917018, 0.030508, 0.0371447, 0.0414261, 0.308976, 0.457359, 0.487747, 0.536731, 0.556121, 0.587599, 0.700235, 0.84684, 0.978165, 0.989964, 1, 

47,394,0.001, 0.0292407, 0.0503056, 0.144188, 0.145291, 0.15472, 0.181673, 0.241427, 0.279265, 0.357477, 0.365183, 0.391211, 0.412754, 0.420735, 0.513364, 0.551163, 0.555368, 0.639218, 0.649165, 0.653518, 0.739915, 0.777966, 0.874036, 0.894231, 0.941301, 0.997395, 1, 

32,927,0.001, 0.0951048, 0.128967, 0.185471, 0.217598, 0.332903, 0.346237, 0.47065, 0.775305, 0.794594, 0.921032, 1, 

31,2281,0.001, 0.163873, 0.239688, 0.25964, 0.343083, 0.466031, 0.717693, 0.798078, 0.906461, 0.914306, 1, 

Generation #1
30,372,0.001, 0.0292407, 0.0503056, 0.144188, 0.145291, 0.15472, 0.181673, 0.241427, 0.279265, 0.357477, 1, 

38,364,0.001, 0.0107267, 0.0526012, 0.104549, 0.153767, 0.216939, 0.247877, 0.314452, 0.932818, 0.394293, 0.412124, 0.611521, 0.726911, 0.883995, 0.889927, 0.979375, 0.987318, 1, 

48,279,0.001, 0.0243542, 0.0483027, 0.0505292, 0.139774, 0.14624, 0.154432, 0.164074, 0.174846, 0.183795, 0.189917, 0.201291, 0.205559, 0.230379, 0.287513, 0.295652, 0.358262, 0.358649, 0.387329, 0.504155, 0.561826, 0.582134, 0.791975, 0.831543, 0.885354, 0.919873, 0.922991, 0.992755, 1, 

Generation #2
30,260,0.001, 0.00917018, 0.030508, 0.0371447, 0.0414261, 0.308976, 0.457359, 0.787707, 0.800032, 0.821889, 0.835002, 1, 

Generation #3
30,260,0.001, 0.00917018, 0.030508, 0.0371447, 0.0414261, 0.308976, 0.457359, 0.787707, 0.800032, 0.821889, 0.835002, 1, 

31,259,0.001, 0.00917018, 0.030508, 0.0505292, 0.139774, 0.14624, 0.154432, 0.164074, 0.420736, 0.174846, 0.183795, 0.864923, 0.960156, 1, 

Generation #4
30,260,0.001, 0.00917018, 0.030508, 0.0371447, 0.0414261, 0.308976, 0.457359, 0.787707, 0.800032, 0.821889, 0.835002, 1, 

31,259,0.001, 0.00917018, 0.030508, 0.0505292, 0.139774, 0.14624, 0.154432, 0.164074, 0.420736, 0.174846, 0.183795, 0.864923, 0.960156, 1, 

29,315,0.001, 0.00645526, 0.0523927, 0.100058, 0.102467, 0.128903, 0.253099, 0.359232, 0.487747, 0.602376, 1, 

Generation #5
30,219,0.001, 0.00917018, 0.030508, 0.0505292, 0.139774, 0.14624, 0.154432, 0.164074, 0.420736, 0.174846, 0.853997, 1, 

28,267,0.001, 0.00917018, 0.030508, 0.0371447, 0.0414261, 0.308976, 0.457359, 0.487747, 0.921032, 1, 

Generation #6
30,219,0.001, 0.00917018, 0.030508, 0.0505292, 0.139774, 0.14624, 0.154432, 0.164074, 0.420736, 0.174846, 0.853997, 1, 

28,267,0.001, 0.00917018, 0.030508, 0.0371447, 0.0414261, 0.308976, 0.457359, 0.487747, 0.921032, 1, 

29,258,0.001, 0.00917018, 0.030508, 0.0371447, 0.0414261, 0.308976, 0.457359, 0.356526, 0.821889, 0.835002, 1, 

Generation #7
30,219,0.001, 0.00917018, 0.030508, 0.0505292, 0.139774, 0.14624, 0.154432, 0.164074, 0.420736, 0.174846, 0.853997, 1, 

28,267,0.001, 0.00917018, 0.030508, 0.0371447, 0.0414261, 0.308976, 0.457359, 0.487747, 0.921032, 1, 

29,258,0.001, 0.00917018, 0.030508, 0.0371447, 0.0414261, 0.308976, 0.457359, 0.356526, 0.821889, 0.835002, 1, 

Generation #8
28,267,0.001, 0.00917018, 0.030508, 0.0371447, 0.0414261, 0.308976, 0.457359, 0.487747, 0.921032, 1, 

27,441,0.001, 0.0292407, 0.0503056, 0.144188, 0.145291, 0.15472, 0.181673, 0.279265, 0.357477, 1, 

29,202,0.001, 0.00917018, 0.030508, 0.0505292, 0.139774, 0.11955, 0.160417, 0.236643, 0.257887, 0.866248, 1, 

Generation #9
28,267,0.001, 0.00917018, 0.030508, 0.0371447, 0.0414261, 0.308976, 0.457359, 0.487747, 0.921032, 1, 

29,202,0.001, 0.00917018, 0.030508, 0.0505292, 0.139774, 0.11955, 0.160417, 0.236643, 0.257887, 0.866248, 1, 

27,314,0.001, 0.00917018, 0.030508, 0.0371447, 0.0414261, 0.154432, 0.164074, 0.174846, 0.853997, 1, 

30,193,0.001, 0.00917018, 0.030508, 0.0505292, 0.139774, 0.14624, 0.154432, 0.164074, 0.321814, 0.579301, 0.853997, 1, 

Generation #10
28,267,0.001, 0.00917018, 0.030508, 0.0371447, 0.0414261, 0.308976, 0.457359, 0.487747, 0.921032, 1, 

29,202,0.001, 0.00917018, 0.030508, 0.0505292, 0.139774, 0.11955, 0.160417, 0.236643, 0.257887, 0.866248, 1, 

27,314,0.001, 0.00917018, 0.030508, 0.0371447, 0.0414261, 0.154432, 0.164074, 0.174846, 0.853997, 1, 

30,193,0.001, 0.00917018, 0.030508, 0.0505292, 0.139774, 0.14624, 0.154432, 0.164074, 0.321814, 0.579301, 0.853997, 1, 

Generation #11
27,314,0.001, 0.00917018, 0.030508, 0.0371447, 0.0414261, 0.154432, 0.164074, 0.174846, 0.853997, 1, 

28,266,0.001, 0.00917018, 0.030508, 0.0505292, 0.139774, 0.14624, 0.154432, 0.164074, 0.357477, 1, 

29,172,0.00917018, 0.00917018, 0.030508, 0.0505292, 0.139774, 0.14624, 0.154432, 0.279265, 0.357477, 1, 

Generation #12
27,314,0.001, 0.00917018, 0.030508, 0.0371447, 0.0414261, 0.154432, 0.164074, 0.174846, 0.853997, 1, 

28,266,0.001, 0.00917018, 0.030508, 0.0505292, 0.139774, 0.14624, 0.154432, 0.164074, 0.357477, 1, 

29,172,0.00917018, 0.00917018, 0.030508, 0.0505292, 0.139774, 0.14624, 0.154432, 0.279265, 0.357477, 1, 

Generation #13
29,172,0.00917018, 0.00917018, 0.030508, 0.0505292, 0.139774, 0.14624, 0.154432, 0.279265, 0.357477, 1, 

28,230,0.001, 0.00917018, 0.030508, 0.0371447, 0.0414261, 0.14624, 0.154432, 0.164074, 0.174846, 0.853997, 1, 

27,270,0.001, 0.00917018, 0.030508, 0.0505292, 0.139774, 0.308976, 0.241427, 0.279265, 0.873473, 1, 

Generation #14
29,172,0.00917018, 0.00917018, 0.030508, 0.0505292, 0.139774, 0.14624, 0.154432, 0.279265, 0.357477, 1, 

28,205,0.00917018, 0.00917018, 0.030508, 0.0371447, 0.15472, 0.181673, 0.241427, 0.279265, 0.357477, 1, 

27,259,0.001, 0.00917018, 0.030508, 0.0371447, 0.0414261, 0.308976, 0.164074, 0.174846, 0.853997, 1, 

Generation #15
27,205,0.00917018, 0.00917018, 0.030508, 0.0505292, 0.139774, 0.14624, 0.154432, 0.164074, 0.420736, 1, 

29,171,0.00917018, 0.00917018, 0.030508, 0.0505292, 0.139774, 0.14624, 0.241427, 0.317039, 0.279265, 0.357477, 1, 

Generation #16
27,205,0.00917018, 0.00917018, 0.030508, 0.0505292, 0.139774, 0.14624, 0.154432, 0.164074, 0.420736, 1, 

28,183,0.00917018, 0.00917018, 0.030508, 0.0371447, 0.15472, 0.181673, 0.241427, 0.279265, 0.357477, 1, 

29,159,0.00917018, 0.00917018, 0.030508, 0.0371447, 0.0414261, 0.308976, 0.160417, 0.236643, 0.257887, 0.866248, 1, 

Generation #17
27,205,0.00917018, 0.00917018, 0.030508, 0.0505292, 0.139774, 0.14624, 0.154432, 0.164074, 0.420736, 1, 

28,183,0.00917018, 0.00917018, 0.030508, 0.0371447, 0.15472, 0.181673, 0.241427, 0.279265, 0.357477, 1, 

29,159,0.00917018, 0.00917018, 0.030508, 0.0371447, 0.0414261, 0.308976, 0.160417, 0.236643, 0.257887, 0.866248, 1, 

Generation #18
27,205,0.00917018, 0.00917018, 0.030508, 0.0505292, 0.139774, 0.14624, 0.154432, 0.164074, 0.420736, 1, 

28,183,0.00917018, 0.00917018, 0.030508, 0.0371447, 0.15472, 0.181673, 0.241427, 0.279265, 0.357477, 1, 

29,159,0.00917018, 0.00917018, 0.030508, 0.0371447, 0.0414261, 0.308976, 0.160417, 0.236643, 0.257887, 0.866248, 1, 

26,230,0.00917018, 0.00917018, 0.030508, 0.0505292, 0.139774, 0.14624, 0.154432, 0.279265, 1, 

Generation #19
27,205,0.00917018, 0.00917018, 0.030508, 0.0505292, 0.139774, 0.14624, 0.154432, 0.164074, 0.420736, 1, 

29,159,0.00917018, 0.00917018, 0.030508, 0.0371447, 0.0414261, 0.308976, 0.160417, 0.236643, 0.257887, 0.866248, 1, 

26,230,0.00917018, 0.00917018, 0.030508, 0.0505292, 0.139774, 0.14624, 0.154432, 0.279265, 1, 

28,178,0.00917018, 0.00917018, 0.030508, 0.0371447, 0.15472, 0.181673, 0.241427, 0.164074, 0.420736, 0.174846, 1, 

Generation #20
29,159,0.00917018, 0.00917018, 0.030508, 0.0371447, 0.0414261, 0.308976, 0.160417, 0.236643, 0.257887, 0.866248, 1, 

26,193,0.00917018, 0.00917018, 0.030508, 0.0371447, 0.15472, 0.181673, 0.241427, 0.279265, 0.357477, 1, 

28,172,0.00917018, 0.00917018, 0.0371447, 0.0371447, 0.0414261, 0.308976, 0.457359, 0.487747, 0.357477, 1, 

Generation #21
29,159,0.00917018, 0.00917018, 0.030508, 0.0371447, 0.0414261, 0.308976, 0.160417, 0.236643, 0.257887, 0.866248, 1, 

26,193,0.00917018, 0.00917018, 0.030508, 0.0371447, 0.15472, 0.181673, 0.241427, 0.279265, 0.357477, 1, 

28,172,0.00917018, 0.00917018, 0.0371447, 0.0371447, 0.0414261, 0.308976, 0.457359, 0.487747, 0.357477, 1, 

Generation #22
29,159,0.00917018, 0.00917018, 0.030508, 0.0371447, 0.0414261, 0.308976, 0.160417, 0.236643, 0.257887, 0.866248, 1, 

26,193,0.00917018, 0.00917018, 0.030508, 0.0371447, 0.15472, 0.181673, 0.241427, 0.279265, 0.357477, 1, 

28,172,0.00917018, 0.00917018, 0.0371447, 0.0371447, 0.0414261, 0.308976, 0.457359, 0.487747, 0.357477, 1, 

Generation #23
26,193,0.00917018, 0.00917018, 0.030508, 0.0371447, 0.15472, 0.181673, 0.241427, 0.279265, 0.357477, 1, 

28,151,0.00917018, 0.00917018, 0.030508, 0.0505292, 0.139774, 0.14624, 0.154432, 0.164074, 0.853997, 1, 

27,180,0.00917018, 0.00917018, 0.030508, 0.0505292, 0.139774, 0.14624, 0.154432, 0.487747, 0.921032, 1, 

Generation #24
26,193,0.00917018, 0.00917018, 0.030508, 0.0371447, 0.15472, 0.181673, 0.241427, 0.279265, 0.357477, 1, 

28,151,0.00917018, 0.00917018, 0.030508, 0.0505292, 0.139774, 0.14624, 0.154432, 0.164074, 0.853997, 1, 

27,180,0.00917018, 0.00917018, 0.030508, 0.0505292, 0.139774, 0.14624, 0.154432, 0.487747, 0.921032, 1, 

Generation #25
26,193,0.00917018, 0.00917018, 0.030508, 0.0371447, 0.15472, 0.181673, 0.241427, 0.279265, 0.357477, 1, 

28,151,0.00917018, 0.00917018, 0.030508, 0.0505292, 0.139774, 0.14624, 0.154432, 0.164074, 0.853997, 1, 

27,180,0.00917018, 0.00917018, 0.030508, 0.0505292, 0.139774, 0.14624, 0.154432, 0.487747, 0.921032, 1, 

Generation #26
26,193,0.00917018, 0.00917018, 0.030508, 0.0371447, 0.15472, 0.181673, 0.241427, 0.279265, 0.357477, 1, 

28,151,0.00917018, 0.00917018, 0.030508, 0.0505292, 0.139774, 0.14624, 0.154432, 0.164074, 0.853997, 1, 

27,180,0.00917018, 0.00917018, 0.030508, 0.0505292, 0.139774, 0.14624, 0.154432, 0.487747, 0.921032, 1, 

Generation #27
26,193,0.00917018, 0.00917018, 0.030508, 0.0371447, 0.15472, 0.181673, 0.241427, 0.279265, 0.357477, 1, 

28,151,0.00917018, 0.00917018, 0.030508, 0.0505292, 0.139774, 0.14624, 0.154432, 0.164074, 0.853997, 1, 

27,180,0.00917018, 0.00917018, 0.030508, 0.0505292, 0.139774, 0.14624, 0.154432, 0.487747, 0.921032, 1, 

Generation #28
26,193,0.00917018, 0.00917018, 0.030508, 0.0371447, 0.15472, 0.181673, 0.241427, 0.279265, 0.357477, 1, 

28,151,0.00917018, 0.00917018, 0.030508, 0.0505292, 0.139774, 0.14624, 0.154432, 0.164074, 0.853997, 1, 

27,180,0.00917018, 0.00917018, 0.030508, 0.0505292, 0.139774, 0.14624, 0.154432, 0.487747, 0.921032, 1, 

Generation #29
26,193,0.00917018, 0.00917018, 0.030508, 0.0371447, 0.15472, 0.181673, 0.241427, 0.279265, 0.357477, 1, 

28,151,0.00917018, 0.00917018, 0.030508, 0.0505292, 0.139774, 0.14624, 0.154432, 0.164074, 0.853997, 1, 

27,176,0.00917018, 0.00917018, 0.030508, 0.0371447, 0.0414261, 0.14624, 0.154432, 0.164074, 0.420736, 1, 

Generation #30
26,193,0.00917018, 0.00917018, 0.030508, 0.0371447, 0.15472, 0.181673, 0.241427, 0.279265, 0.357477, 1, 

28,151,0.00917018, 0.00917018, 0.030508, 0.0505292, 0.139774, 0.14624, 0.154432, 0.164074, 0.853997, 1, 

27,173,0.00917018, 0.00917018, 0.030508, 0.0371447, 0.0414261, 0.154432, 0.164074, 0.164074, 0.420736, 1, 

Generation #31
26,193,0.00917018, 0.00917018, 0.030508, 0.0371447, 0.15472, 0.181673, 0.241427, 0.279265, 0.357477, 1, 

28,151,0.00917018, 0.00917018, 0.030508, 0.0505292, 0.139774, 0.14624, 0.154432, 0.164074, 0.853997, 1, 

27,173,0.00917018, 0.00917018, 0.030508, 0.0371447, 0.0414261, 0.154432, 0.164074, 0.164074, 0.420736, 1, 

Generation #32
28,151,0.00917018, 0.00917018, 0.030508, 0.0505292, 0.139774, 0.14624, 0.154432, 0.164074, 0.853997, 1, 

26,155,0.00917018, 0.00917018, 0.030508, 0.0505292, 0.139774, 0.14624, 0.154432, 0.164074, 0.420736, 1, 

Generation #33
28,151,0.00917018, 0.00917018, 0.030508, 0.0505292, 0.139774, 0.14624, 0.154432, 0.164074, 0.853997, 1, 

26,155,0.00917018, 0.00917018, 0.030508, 0.0505292, 0.139774, 0.14624, 0.154432, 0.164074, 0.420736, 1, 

Generation #34
28,151,0.00917018, 0.00917018, 0.030508, 0.0505292, 0.139774, 0.14624, 0.154432, 0.164074, 0.853997, 1, 

26,155,0.00917018, 0.00917018, 0.030508, 0.0505292, 0.139774, 0.14624, 0.154432, 0.164074, 0.420736, 1, 

Generation #35
28,151,0.00917018, 0.00917018, 0.030508, 0.0505292, 0.139774, 0.14624, 0.154432, 0.164074, 0.853997, 1, 

26,155,0.00917018, 0.00917018, 0.030508, 0.0505292, 0.139774, 0.14624, 0.154432, 0.164074, 0.420736, 1, 

Generation #36
28,151,0.00917018, 0.00917018, 0.030508, 0.0505292, 0.139774, 0.14624, 0.154432, 0.164074, 0.853997, 1, 

26,155,0.00917018, 0.00917018, 0.030508, 0.0505292, 0.139774, 0.14624, 0.154432, 0.164074, 0.420736, 1, 

Generation #37
28,151,0.00917018, 0.00917018, 0.030508, 0.0505292, 0.139774, 0.14624, 0.154432, 0.164074, 0.853997, 1, 

26,155,0.00917018, 0.00917018, 0.030508, 0.0505292, 0.139774, 0.14624, 0.154432, 0.164074, 0.420736, 1, 

Generation #38
28,151,0.00917018, 0.00917018, 0.030508, 0.0505292, 0.139774, 0.14624, 0.154432, 0.164074, 0.853997, 1, 

26,155,0.00917018, 0.00917018, 0.030508, 0.0505292, 0.139774, 0.14624, 0.154432, 0.164074, 0.420736, 1, 

Generation #39
28,151,0.00917018, 0.00917018, 0.030508, 0.0505292, 0.139774, 0.14624, 0.154432, 0.164074, 0.853997, 1, 

26,155,0.00917018, 0.00917018, 0.030508, 0.0505292, 0.139774, 0.14624, 0.154432, 0.164074, 0.420736, 1, 

Generation #40
28,151,0.00917018, 0.00917018, 0.030508, 0.0505292, 0.139774, 0.14624, 0.154432, 0.164074, 0.853997, 1, 

26,155,0.00917018, 0.00917018, 0.030508, 0.0505292, 0.139774, 0.14624, 0.154432, 0.164074, 0.420736, 1, 

Generation #41
28,151,0.00917018, 0.00917018, 0.030508, 0.0505292, 0.139774, 0.14624, 0.154432, 0.164074, 0.853997, 1, 

26,155,0.00917018, 0.00917018, 0.030508, 0.0505292, 0.139774, 0.14624, 0.154432, 0.164074, 0.420736, 1, 

30,146,0.00917018, 0.00917018, 0.030508, 0.0371447, 0.0414261, 0.0141828, 0.164074, 0.164074, 0.321814, 0.357477, 1, 

Generation #42
28,151,0.00917018, 0.00917018, 0.030508, 0.0505292, 0.139774, 0.14624, 0.154432, 0.164074, 0.853997, 1, 

26,155,0.00917018, 0.00917018, 0.030508, 0.0505292, 0.139774, 0.14624, 0.154432, 0.164074, 0.420736, 1, 

30,146,0.00917018, 0.00917018, 0.030508, 0.0371447, 0.0414261, 0.0141828, 0.164074, 0.164074, 0.321814, 0.357477, 1, 

Generation #43
26,155,0.00917018, 0.00917018, 0.030508, 0.0505292, 0.139774, 0.14624, 0.154432, 0.164074, 0.420736, 1, 

27,143,0.00917018, 0.00917018, 0.030508, 0.0371447, 0.0414261, 0.0141828, 0.164074, 0.164074, 0.420736, 1, 
