------------d=1, t=2, lambda=1, filename=./evaluation/Bugzilla/Bugzilla_2_1.csv------------
Grouping d-sets by partitioned row counts for detecting arrays...
Ready to look at pairs for detecting arrays...
First Stage N=18, Time=25
There are 72303 remaining non-locating pairs
--- Running GA Algorithm (phase2) ---
Running GA with std::execution::par
Generation #0
38,5453,0.001, 0.0571598, 0.344386, 0.423148, 0.423571, 0.542285, 0.597495, 0.631528, 0.655526, 0.842261, 0.906301, 0.930431, 0.992145, 1, 

36,6946,0.001, 0.139605, 0.219523, 0.33745, 0.371203, 0.465486, 0.467519, 0.710549, 0.845754, 0.979017, 1, 

40,3973,0.001, 0.0735423, 0.205442, 0.220777, 0.22262, 0.436605, 0.474762, 0.492357, 0.499475, 0.578835, 0.632639, 0.714346, 0.747626, 0.902875, 0.966634, 1, 

47,1508,0.001, 0.0219461, 0.0261442, 0.0262016, 0.0663368, 0.100799, 0.164494, 0.217953, 0.230267, 0.239707, 0.475426, 0.477239, 0.511489, 0.606937, 0.610299, 0.685118, 0.749872, 0.761045, 0.79815, 0.843834, 0.85952, 0.956795, 1, 

44,1934,0.001, 0.0141455, 0.0218816, 0.0456565, 0.126535, 0.171676, 0.223503, 0.360442, 0.365705, 0.45636, 0.479251, 0.508095, 0.573131, 0.69156, 0.698453, 0.828251, 0.841254, 0.951562, 1, 

42,3485,0.001, 0.0485364, 0.0638381, 0.103473, 0.112512, 0.157387, 0.207509, 0.233497, 0.34024, 0.425078, 0.623749, 0.642961, 0.77327, 0.821051, 0.86027, 0.97724, 1, 

Generation #1
50,1006,0.001, 0.0110509, 0.0391854, 0.0928903, 0.129683, 0.148351, 0.15305, 0.161136, 0.234665, 0.262227, 0.262612, 0.288228, 0.29071, 0.387741, 0.387959, 0.439057, 0.598829, 0.623264, 0.646717, 0.734431, 0.75492, 0.778334, 0.828504, 0.918703, 0.937746, 1, 

35,2019,0.001, 0.0565881, 0.0702306, 0.105083, 0.274594, 0.306062, 0.80047, 0.927298, 0.950905, 0.999048, 1, 

37,1343,0.001, 0.0141455, 0.0218816, 0.0456565, 0.126535, 0.171676, 0.223503, 0.360442, 0.365705, 0.45636, 1, 

Generation #2
35,2019,0.001, 0.0565881, 0.0702306, 0.105083, 0.274594, 0.306062, 0.80047, 0.927298, 0.950905, 0.999048, 1, 

41,933,0.001, 0.017851, 0.0501659, 0.0513067, 0.110065, 0.137015, 0.159559, 0.187127, 0.446672, 0.457051, 0.782234, 0.787231, 0.8087, 0.870795, 0.937226, 1, 

44,856,0.001, 0.016774, 0.0547898, 0.114905, 0.167029, 0.204664, 0.210881, 0.528912, 0.586828, 0.59682, 0.450878, 0.468507, 0.521675, 0.620853, 0.642754, 0.773934, 0.92838, 0.972906, 1, 

37,1061,0.001, 0.016831, 0.0528152, 0.0980615, 0.106911, 0.119235, 0.150345, 0.17776, 0.999048, 1, 

36,1950,0.001, 0.0472392, 0.0794125, 0.141696, 0.194206, 0.22622, 0.254485, 0.372164, 0.393958, 0.397675, 0.398864, 1, 

Generation #3
41,933,0.001, 0.017851, 0.0501659, 0.0513067, 0.110065, 0.137015, 0.159559, 0.187127, 0.446672, 0.457051, 0.782234, 0.787231, 0.8087, 0.870795, 0.937226, 1, 

44,856,0.001, 0.016774, 0.0547898, 0.114905, 0.167029, 0.204664, 0.210881, 0.528912, 0.586828, 0.59682, 0.450878, 0.468507, 0.521675, 0.620853, 0.642754, 0.773934, 0.92838, 0.972906, 1, 

37,1061,0.001, 0.016831, 0.0528152, 0.0980615, 0.106911, 0.119235, 0.150345, 0.17776, 0.999048, 1, 

36,1274,0.001, 0.016831, 0.0528152, 0.0980615, 0.106911, 0.119235, 0.150345, 0.17776, 0.999048, 1, 

35,1485,0.001, 0.0259043, 0.037516, 0.342935, 0.608378, 0.656133, 0.80047, 0.69418, 0.950905, 0.999048, 1, 

Generation #4
44,856,0.001, 0.016774, 0.0547898, 0.114905, 0.167029, 0.204664, 0.210881, 0.528912, 0.586828, 0.59682, 0.450878, 0.468507, 0.521675, 0.620853, 0.642754, 0.773934, 0.92838, 0.972906, 1, 

35,880,0.001, 0.0254464, 0.0366954, 0.0698214, 0.10015, 0.173493, 0.38425, 0.397094, 1, 

34,1488,0.001, 0.0259043, 0.0528152, 0.0980615, 0.106911, 0.119235, 0.150345, 0.17776, 0.999048, 1, 

39,864,0.001, 0.017851, 0.0501659, 0.0513067, 0.110065, 0.137015, 0.159559, 0.187127, 0.446672, 0.457051, 0.782234, 0.787231, 0.8087, 0.870795, 0.937226, 1, 

Generation #5
37,828,0.001, 0.0110509, 0.0391854, 0.0765168, 0.119433, 0.109886, 0.119161, 0.153692, 0.211271, 1, 

33,1254,0.001, 0.0254464, 0.0366954, 0.0698214, 0.10015, 0.173493, 0.38425, 0.397094, 1, 

34,861,0.001, 0.0211516, 0.0392133, 0.0765168, 0.109886, 0.119161, 0.80047, 0.927298, 0.950905, 0.999048, 1, 

Generation #6
37,828,0.001, 0.0110509, 0.0391854, 0.0765168, 0.119433, 0.109886, 0.119161, 0.153692, 0.211271, 1, 

33,1254,0.001, 0.0254464, 0.0366954, 0.0698214, 0.10015, 0.173493, 0.38425, 0.397094, 1, 

34,861,0.001, 0.0211516, 0.0392133, 0.0765168, 0.109886, 0.119161, 0.80047, 0.927298, 0.950905, 0.999048, 1, 

Generation #7
33,1254,0.001, 0.0254464, 0.0366954, 0.0698214, 0.10015, 0.173493, 0.38425, 0.397094, 1, 

32,1282,0.001, 0.0254464, 0.0366954, 0.0698214, 0.10015, 0.173493, 0.119161, 1, 

34,813,0.001, 0.0110509, 0.0391854, 0.0698214, 0.10015, 0.173493, 0.38425, 0.397094, 1, 

40,762,0.001, 0.0110509, 0.0391854, 0.114905, 0.167029, 0.204664, 0.187127, 0.446672, 0.457051, 0.782234, 0.787231, 0.8087, 0.870795, 0.937226, 1, 

Generation #8
33,1254,0.001, 0.0254464, 0.0366954, 0.0698214, 0.10015, 0.173493, 0.38425, 0.397094, 1, 

32,1282,0.001, 0.0254464, 0.0366954, 0.0698214, 0.10015, 0.173493, 0.119161, 1, 

34,813,0.001, 0.0110509, 0.0391854, 0.0698214, 0.10015, 0.173493, 0.38425, 0.397094, 1, 

40,762,0.001, 0.0110509, 0.0391854, 0.114905, 0.167029, 0.204664, 0.187127, 0.446672, 0.457051, 0.782234, 0.787231, 0.8087, 0.870795, 0.937226, 1, 

Generation #9
34,813,0.001, 0.0110509, 0.0391854, 0.0698214, 0.10015, 0.173493, 0.38425, 0.397094, 1, 

40,762,0.001, 0.0110509, 0.0391854, 0.114905, 0.167029, 0.204664, 0.187127, 0.446672, 0.457051, 0.782234, 0.787231, 0.8087, 0.870795, 0.937226, 1, 

33,1160,0.001, 0.0254464, 0.0366954, 0.129683, 0.273465, 0.927298, 1, 

32,1168,0.001, 0.0110509, 0.0391854, 0.0765168, 0.119433, 0.109886, 0.0353816, 0.397094, 1, 

Generation #10
33,868,0.001, 0.0110509, 0.0391854, 0.0765168, 0.148351, 0.15305, 0.161136, 0.153692, 1, 

41,739,0.001, 0.0110509, 0.0391854, 0.0765168, 0.119433, 0.109886, 0.0353816, 0.273585, 0.353292, 0.369654, 0.382673, 0.445377, 0.560908, 0.428294, 0.49932, 0.545261, 1, 

34,747,0.001, 0.0141455, 0.0218816, 0.0456565, 0.119433, 0.109886, 0.119161, 0.153692, 0.211271, 1, 

32,875,0.001, 0.0141455, 0.0218816, 0.0456565, 0.126535, 0.0144535, 0.119161, 1, 

Generation #11
33,868,0.001, 0.0110509, 0.0391854, 0.0765168, 0.148351, 0.15305, 0.161136, 0.153692, 1, 

41,739,0.001, 0.0110509, 0.0391854, 0.0765168, 0.119433, 0.109886, 0.0353816, 0.273585, 0.353292, 0.369654, 0.382673, 0.445377, 0.560908, 0.428294, 0.49932, 0.545261, 1, 

34,747,0.001, 0.0141455, 0.0218816, 0.0456565, 0.119433, 0.109886, 0.119161, 0.153692, 0.211271, 1, 

32,875,0.001, 0.0141455, 0.0218816, 0.0456565, 0.126535, 0.0144535, 0.119161, 1, 

Generation #12
41,739,0.001, 0.0110509, 0.0391854, 0.0765168, 0.119433, 0.109886, 0.0353816, 0.273585, 0.353292, 0.369654, 0.382673, 0.445377, 0.560908, 0.428294, 0.49932, 0.545261, 1, 

34,747,0.001, 0.0141455, 0.0218816, 0.0456565, 0.119433, 0.109886, 0.119161, 0.153692, 0.211271, 1, 

32,789,0.001, 0.0141455, 0.0218816, 0.0456565, 0.148351, 0.173493, 0.38425, 0.397094, 1, 

Generation #13
34,747,0.001, 0.0141455, 0.0218816, 0.0456565, 0.119433, 0.109886, 0.119161, 0.153692, 0.211271, 1, 

32,789,0.001, 0.0141455, 0.0218816, 0.0456565, 0.148351, 0.173493, 0.38425, 0.397094, 1, 

35,734,0.001, 0.0110509, 0.0391854, 0.0765168, 0.119433, 0.109886, 0.0353816, 0.397094, 1, 

30,1163,0.001, 0.0141455, 0.0218816, 0.0765168, 0.34536, 0.397094, 1, 

33,770,0.001, 0.0141455, 0.0218816, 0.0456565, 0.119433, 0.109886, 0.159559, 1, 

Generation #14
32,740,0.001, 0.0141455, 0.0218816, 0.0456565, 0.119433, 0.109886, 0.38425, 0.397094, 1, 

35,680,0.001, 0.0141455, 0.0218816, 0.0456565, 0.126535, 0.137015, 0.159559, 0.187127, 0.330447, 1, 

31,827,0.001, 0.0141455, 0.0218816, 0.0698214, 0.10015, 0.173493, 0.119161, 1, 

30,1100,0.001, 0.0141455, 0.0218816, 0.0698214, 0.34536, 0.397094, 1, 

Generation #15
35,680,0.001, 0.0141455, 0.0218816, 0.0456565, 0.126535, 0.137015, 0.159559, 0.187127, 0.330447, 1, 

30,1100,0.001, 0.0141455, 0.0218816, 0.0698214, 0.34536, 0.397094, 1, 

31,723,0.001, 0.0141455, 0.0218816, 0.0456565, 0.110065, 0.137015, 1, 

Generation #16
35,680,0.001, 0.0141455, 0.0218816, 0.0456565, 0.126535, 0.137015, 0.159559, 0.187127, 0.330447, 1, 

30,1100,0.001, 0.0141455, 0.0218816, 0.0698214, 0.34536, 0.397094, 1, 

31,723,0.001, 0.0141455, 0.0218816, 0.0456565, 0.110065, 0.137015, 1, 

Generation #17
35,680,0.001, 0.0141455, 0.0218816, 0.0456565, 0.126535, 0.137015, 0.159559, 0.187127, 0.330447, 1, 

30,1100,0.001, 0.0141455, 0.0218816, 0.0698214, 0.34536, 0.397094, 1, 

31,723,0.001, 0.0141455, 0.0218816, 0.0456565, 0.110065, 0.137015, 1, 

Generation #18
35,680,0.001, 0.0141455, 0.0218816, 0.0456565, 0.126535, 0.137015, 0.159559, 0.187127, 0.330447, 1, 

30,1100,0.001, 0.0141455, 0.0218816, 0.0698214, 0.34536, 0.397094, 1, 

31,723,0.001, 0.0141455, 0.0218816, 0.0456565, 0.110065, 0.137015, 1, 

Generation #19
35,680,0.001, 0.0141455, 0.0218816, 0.0456565, 0.126535, 0.137015, 0.159559, 0.187127, 0.330447, 1, 

30,1100,0.001, 0.0141455, 0.0218816, 0.0698214, 0.34536, 0.397094, 1, 

31,723,0.001, 0.0141455, 0.0218816, 0.0456565, 0.110065, 0.137015, 1, 

33,686,0.001, 0.0141455, 0.0218816, 0.0456565, 0.126535, 0.119433, 0.109886, 1, 

Generation #20
30,1100,0.001, 0.0141455, 0.0218816, 0.0698214, 0.34536, 0.397094, 1, 

31,723,0.001, 0.0141455, 0.0218816, 0.0456565, 0.110065, 0.137015, 1, 

33,675,0.001, 0.0141455, 0.0218816, 0.0456565, 0.126535, 0.0144535, 0.119161, 1, 

36,620,0.001, 0.0141455, 0.0218816, 0.0456565, 0.119433, 0.109886, 0.119161, 0.153692, 0.211271, 1, 

Generation #21
30,1100,0.001, 0.0141455, 0.0218816, 0.0698214, 0.34536, 0.397094, 1, 

31,723,0.001, 0.0141455, 0.0218816, 0.0456565, 0.110065, 0.137015, 1, 

33,675,0.001, 0.0141455, 0.0218816, 0.0456565, 0.126535, 0.0144535, 0.119161, 1, 

36,620,0.001, 0.0141455, 0.0218816, 0.0456565, 0.119433, 0.109886, 0.119161, 0.153692, 0.211271, 1, 

Generation #22
30,1100,0.001, 0.0141455, 0.0218816, 0.0698214, 0.34536, 0.397094, 1, 

33,675,0.001, 0.0141455, 0.0218816, 0.0456565, 0.126535, 0.0144535, 0.119161, 1, 

36,620,0.001, 0.0141455, 0.0218816, 0.0456565, 0.119433, 0.109886, 0.119161, 0.153692, 0.211271, 1, 

31,716,0.001, 0.0141455, 0.0218816, 0.0456565, 0.126535, 0.273465, 0.153692, 1, 

Generation #23
30,1100,0.001, 0.0141455, 0.0218816, 0.0698214, 0.34536, 0.397094, 1, 

36,620,0.001, 0.0141455, 0.0218816, 0.0456565, 0.119433, 0.109886, 0.119161, 0.153692, 0.211271, 1, 

31,716,0.001, 0.0141455, 0.0218816, 0.0456565, 0.126535, 0.273465, 0.153692, 1, 

34,664,0.001, 0.0141455, 0.0218816, 0.0456565, 0.126535, 0.34536, 0.38425, 1, 

33,673,0.001, 0.0141455, 0.0218816, 0.0456565, 0.126535, 0.119433, 0.109886, 0.397094, 1, 

Generation #24
30,1100,0.001, 0.0141455, 0.0218816, 0.0698214, 0.34536, 0.397094, 1, 

36,620,0.001, 0.0141455, 0.0218816, 0.0456565, 0.119433, 0.109886, 0.119161, 0.153692, 0.211271, 1, 

31,716,0.001, 0.0141455, 0.0218816, 0.0456565, 0.126535, 0.273465, 0.153692, 1, 

34,664,0.001, 0.0141455, 0.0218816, 0.0456565, 0.126535, 0.34536, 0.38425, 1, 

33,673,0.001, 0.0141455, 0.0218816, 0.0456565, 0.126535, 0.119433, 0.109886, 0.397094, 1, 

32,689,0.001, 0.0141455, 0.0218816, 0.0456565, 0.119433, 0.34536, 1, 

Generation #25
30,1100,0.001, 0.0141455, 0.0218816, 0.0698214, 0.34536, 0.397094, 1, 

36,620,0.001, 0.0141455, 0.0218816, 0.0456565, 0.119433, 0.109886, 0.119161, 0.153692, 0.211271, 1, 

31,716,0.001, 0.0141455, 0.0218816, 0.0456565, 0.126535, 0.273465, 0.153692, 1, 

33,673,0.001, 0.0141455, 0.0218816, 0.0456565, 0.126535, 0.119433, 0.109886, 0.397094, 1, 

32,689,0.001, 0.0141455, 0.0218816, 0.0456565, 0.119433, 0.34536, 1, 

34,627,0.001, 0.0141455, 0.0218816, 0.0456565, 0.126535, 0.397094, 1, 

Generation #26
36,620,0.001, 0.0141455, 0.0218816, 0.0456565, 0.119433, 0.109886, 0.119161, 0.153692, 0.211271, 1, 

31,716,0.001, 0.0141455, 0.0218816, 0.0456565, 0.126535, 0.273465, 0.153692, 1, 

33,673,0.001, 0.0141455, 0.0218816, 0.0456565, 0.126535, 0.119433, 0.109886, 0.397094, 1, 

32,689,0.001, 0.0141455, 0.0218816, 0.0456565, 0.119433, 0.34536, 1, 

34,627,0.001, 0.0141455, 0.0218816, 0.0456565, 0.126535, 0.397094, 1, 

30,903,0.001, 0.0141455, 0.0218816, 0.0456565, 0.148351, 0.173493, 1, 

Generation #27
36,620,0.001, 0.0141455, 0.0218816, 0.0456565, 0.119433, 0.109886, 0.119161, 0.153692, 0.211271, 1, 

31,716,0.001, 0.0141455, 0.0218816, 0.0456565, 0.126535, 0.273465, 0.153692, 1, 

33,673,0.001, 0.0141455, 0.0218816, 0.0456565, 0.126535, 0.119433, 0.109886, 0.397094, 1, 

32,689,0.001, 0.0141455, 0.0218816, 0.0456565, 0.119433, 0.34536, 1, 

34,627,0.001, 0.0141455, 0.0218816, 0.0456565, 0.126535, 0.397094, 1, 

30,903,0.001, 0.0141455, 0.0218816, 0.0456565, 0.148351, 0.173493, 1, 

Generation #28
36,620,0.001, 0.0141455, 0.0218816, 0.0456565, 0.119433, 0.109886, 0.119161, 0.153692, 0.211271, 1, 

31,716,0.001, 0.0141455, 0.0218816, 0.0456565, 0.126535, 0.273465, 0.153692, 1, 

32,689,0.001, 0.0141455, 0.0218816, 0.0456565, 0.119433, 0.34536, 1, 

34,627,0.001, 0.0141455, 0.0218816, 0.0456565, 0.126535, 0.397094, 1, 

30,903,0.001, 0.0141455, 0.0218816, 0.0456565, 0.148351, 0.173493, 1, 

33,653,0.001, 0.0141455, 0.0218816, 0.0456565, 0.119433, 0.137015, 0.159559, 0.187127, 0.330447, 1, 

Generation #29
36,620,0.001, 0.0141455, 0.0218816, 0.0456565, 0.119433, 0.109886, 0.119161, 0.153692, 0.211271, 1, 

31,716,0.001, 0.0141455, 0.0218816, 0.0456565, 0.126535, 0.273465, 0.153692, 1, 

32,689,0.001, 0.0141455, 0.0218816, 0.0456565, 0.119433, 0.34536, 1, 

34,627,0.001, 0.0141455, 0.0218816, 0.0456565, 0.126535, 0.397094, 1, 

30,903,0.001, 0.0141455, 0.0218816, 0.0456565, 0.148351, 0.173493, 1, 

33,653,0.001, 0.0141455, 0.0218816, 0.0456565, 0.119433, 0.137015, 0.159559, 0.187127, 0.330447, 1, 

Generation #30
36,620,0.001, 0.0141455, 0.0218816, 0.0456565, 0.119433, 0.109886, 0.119161, 0.153692, 0.211271, 1, 

31,716,0.001, 0.0141455, 0.0218816, 0.0456565, 0.126535, 0.273465, 0.153692, 1, 

32,689,0.001, 0.0141455, 0.0218816, 0.0456565, 0.119433, 0.34536, 1, 

34,627,0.001, 0.0141455, 0.0218816, 0.0456565, 0.126535, 0.397094, 1, 

30,903,0.001, 0.0141455, 0.0218816, 0.0456565, 0.148351, 0.173493, 1, 

33,653,0.001, 0.0141455, 0.0218816, 0.0456565, 0.119433, 0.137015, 0.159559, 0.187127, 0.330447, 1, 

Generation #31
36,620,0.001, 0.0141455, 0.0218816, 0.0456565, 0.119433, 0.109886, 0.119161, 0.153692, 0.211271, 1, 

31,716,0.001, 0.0141455, 0.0218816, 0.0456565, 0.126535, 0.273465, 0.153692, 1, 

32,689,0.001, 0.0141455, 0.0218816, 0.0456565, 0.119433, 0.34536, 1, 

34,627,0.001, 0.0141455, 0.0218816, 0.0456565, 0.126535, 0.397094, 1, 

30,903,0.001, 0.0141455, 0.0218816, 0.0456565, 0.148351, 0.173493, 1, 

33,653,0.001, 0.0141455, 0.0218816, 0.0456565, 0.119433, 0.137015, 0.159559, 0.187127, 0.330447, 1, 

Generation #32
36,620,0.001, 0.0141455, 0.0218816, 0.0456565, 0.119433, 0.109886, 0.119161, 0.153692, 0.211271, 1, 

31,716,0.001, 0.0141455, 0.0218816, 0.0456565, 0.126535, 0.273465, 0.153692, 1, 

34,627,0.001, 0.0141455, 0.0218816, 0.0456565, 0.126535, 0.397094, 1, 

33,653,0.001, 0.0141455, 0.0218816, 0.0456565, 0.119433, 0.137015, 0.159559, 0.187127, 0.330447, 1, 

30,797,0.001, 0.0141455, 0.0218816, 0.0456565, 0.126535, 0.34536, 0.38425, 1, 

32,654,0.001, 0.0141455, 0.0218816, 0.0456565, 0.119433, 0.109886, 0.119161, 0.153692, 0.211271, 1, 

Generation #33
36,620,0.001, 0.0141455, 0.0218816, 0.0456565, 0.119433, 0.109886, 0.119161, 0.153692, 0.211271, 1, 

31,716,0.001, 0.0141455, 0.0218816, 0.0456565, 0.126535, 0.273465, 0.153692, 1, 

34,627,0.001, 0.0141455, 0.0218816, 0.0456565, 0.126535, 0.397094, 1, 

33,653,0.001, 0.0141455, 0.0218816, 0.0456565, 0.119433, 0.137015, 0.159559, 0.187127, 0.330447, 1, 

30,797,0.001, 0.0141455, 0.0218816, 0.0456565, 0.126535, 0.34536, 0.38425, 1, 

32,654,0.001, 0.0141455, 0.0218816, 0.0456565, 0.119433, 0.109886, 0.119161, 0.153692, 0.211271, 1, 

Generation #34
36,620,0.001, 0.0141455, 0.0218816, 0.0456565, 0.119433, 0.109886, 0.119161, 0.153692, 0.211271, 1, 

31,716,0.001, 0.0141455, 0.0218816, 0.0456565, 0.126535, 0.273465, 0.153692, 1, 

34,627,0.001, 0.0141455, 0.0218816, 0.0456565, 0.126535, 0.397094, 1, 

33,653,0.001, 0.0141455, 0.0218816, 0.0456565, 0.119433, 0.137015, 0.159559, 0.187127, 0.330447, 1, 

30,797,0.001, 0.0141455, 0.0218816, 0.0456565, 0.126535, 0.34536, 0.38425, 1, 

32,654,0.001, 0.0141455, 0.0218816, 0.0456565, 0.119433, 0.109886, 0.119161, 0.153692, 0.211271, 1, 

Generation #35
36,620,0.001, 0.0141455, 0.0218816, 0.0456565, 0.119433, 0.109886, 0.119161, 0.153692, 0.211271, 1, 

31,716,0.001, 0.0141455, 0.0218816, 0.0456565, 0.126535, 0.273465, 0.153692, 1, 

34,627,0.001, 0.0141455, 0.0218816, 0.0456565, 0.126535, 0.397094, 1, 

33,653,0.001, 0.0141455, 0.0218816, 0.0456565, 0.119433, 0.137015, 0.159559, 0.187127, 0.330447, 1, 

30,797,0.001, 0.0141455, 0.0218816, 0.0456565, 0.126535, 0.34536, 0.38425, 1, 

32,654,0.001, 0.0141455, 0.0218816, 0.0456565, 0.119433, 0.109886, 0.119161, 0.153692, 0.211271, 1, 

Generation #36
36,620,0.001, 0.0141455, 0.0218816, 0.0456565, 0.119433, 0.109886, 0.119161, 0.153692, 0.211271, 1, 

31,716,0.001, 0.0141455, 0.0218816, 0.0456565, 0.126535, 0.273465, 0.153692, 1, 

34,627,0.001, 0.0141455, 0.0218816, 0.0456565, 0.126535, 0.397094, 1, 

33,653,0.001, 0.0141455, 0.0218816, 0.0456565, 0.119433, 0.137015, 0.159559, 0.187127, 0.330447, 1, 

30,797,0.001, 0.0141455, 0.0218816, 0.0456565, 0.126535, 0.34536, 0.38425, 1, 

32,654,0.001, 0.0141455, 0.0218816, 0.0456565, 0.119433, 0.109886, 0.119161, 0.153692, 0.211271, 1, 

Generation #37
36,620,0.001, 0.0141455, 0.0218816, 0.0456565, 0.119433, 0.109886, 0.119161, 0.153692, 0.211271, 1, 

31,716,0.001, 0.0141455, 0.0218816, 0.0456565, 0.126535, 0.273465, 0.153692, 1, 

34,627,0.001, 0.0141455, 0.0218816, 0.0456565, 0.126535, 0.397094, 1, 

33,653,0.001, 0.0141455, 0.0218816, 0.0456565, 0.119433, 0.137015, 0.159559, 0.187127, 0.330447, 1, 

30,797,0.001, 0.0141455, 0.0218816, 0.0456565, 0.126535, 0.34536, 0.38425, 1, 

32,654,0.001, 0.0141455, 0.0218816, 0.0456565, 0.119433, 0.109886, 0.119161, 0.153692, 0.211271, 1, 

Generation #38
36,620,0.001, 0.0141455, 0.0218816, 0.0456565, 0.119433, 0.109886, 0.119161, 0.153692, 0.211271, 1, 

31,716,0.001, 0.0141455, 0.0218816, 0.0456565, 0.126535, 0.273465, 0.153692, 1, 

34,627,0.001, 0.0141455, 0.0218816, 0.0456565, 0.126535, 0.397094, 1, 

33,653,0.001, 0.0141455, 0.0218816, 0.0456565, 0.119433, 0.137015, 0.159559, 0.187127, 0.330447, 1, 

30,797,0.001, 0.0141455, 0.0218816, 0.0456565, 0.126535, 0.34536, 0.38425, 1, 

32,654,0.001, 0.0141455, 0.0218816, 0.0456565, 0.119433, 0.109886, 0.119161, 0.153692, 0.211271, 1, 

Generation #39
36,620,0.001, 0.0141455, 0.0218816, 0.0456565, 0.119433, 0.109886, 0.119161, 0.153692, 0.211271, 1, 

34,627,0.001, 0.0141455, 0.0218816, 0.0456565, 0.126535, 0.397094, 1, 

33,653,0.001, 0.0141455, 0.0218816, 0.0456565, 0.119433, 0.137015, 0.159559, 0.187127, 0.330447, 1, 

30,797,0.001, 0.0141455, 0.0218816, 0.0456565, 0.126535, 0.34536, 0.38425, 1, 

32,654,0.001, 0.0141455, 0.0218816, 0.0456565, 0.119433, 0.109886, 0.119161, 0.153692, 0.211271, 1, 

31,693,0.001, 0.0141455, 0.0218816, 0.0456565, 0.119433, 0.34536, 1, 

Generation #40
36,620,0.001, 0.0141455, 0.0218816, 0.0456565, 0.119433, 0.109886, 0.119161, 0.153692, 0.211271, 1, 

34,627,0.001, 0.0141455, 0.0218816, 0.0456565, 0.126535, 0.397094, 1, 

30,797,0.001, 0.0141455, 0.0218816, 0.0456565, 0.126535, 0.34536, 0.38425, 1, 

31,693,0.001, 0.0141455, 0.0218816, 0.0456565, 0.119433, 0.34536, 1, 

32,631,0.001, 0.0141455, 0.0218816, 0.0456565, 0.148351, 0.173493, 1, 

Generation #41
36,620,0.001, 0.0141455, 0.0218816, 0.0456565, 0.119433, 0.109886, 0.119161, 0.153692, 0.211271, 1, 

34,627,0.001, 0.0141455, 0.0218816, 0.0456565, 0.126535, 0.397094, 1, 

30,797,0.001, 0.0141455, 0.0218816, 0.0456565, 0.126535, 0.34536, 0.38425, 1, 

31,693,0.001, 0.0141455, 0.0218816, 0.0456565, 0.119433, 0.34536, 1, 

32,631,0.001, 0.0141455, 0.0218816, 0.0456565, 0.148351, 0.173493, 1, 

Generation #42
36,620,0.001, 0.0141455, 0.0218816, 0.0456565, 0.119433, 0.109886, 0.119161, 0.153692, 0.211271, 1, 

34,627,0.001, 0.0141455, 0.0218816, 0.0456565, 0.126535, 0.397094, 1, 

30,797,0.001, 0.0141455, 0.0218816, 0.0456565, 0.126535, 0.34536, 0.38425, 1, 

31,693,0.001, 0.0141455, 0.0218816, 0.0456565, 0.119433, 0.34536, 1, 

32,631,0.001, 0.0141455, 0.0218816, 0.0456565, 0.148351, 0.173493, 1, 

Generation #43
36,620,0.001, 0.0141455, 0.0218816, 0.0456565, 0.119433, 0.109886, 0.119161, 0.153692, 0.211271, 1, 

34,627,0.001, 0.0141455, 0.0218816, 0.0456565, 0.126535, 0.397094, 1, 

30,797,0.001, 0.0141455, 0.0218816, 0.0456565, 0.126535, 0.34536, 0.38425, 1, 

31,693,0.001, 0.0141455, 0.0218816, 0.0456565, 0.119433, 0.34536, 1, 

32,631,0.001, 0.0141455, 0.0218816, 0.0456565, 0.148351, 0.173493, 1, 

29,939,0.001, 0.0141455, 0.0218816, 0.0456565, 0.119433, 0.397094, 1, 
