------------d=1, t=2, lambda=1, filename=./evaluation/Bugzilla/Bugzilla_2_1.csv------------
Grouping d-sets by partitioned row counts for detecting arrays...
Ready to look at pairs for detecting arrays...
First Stage N=18, Time=23
There are 72303 remaining non-locating pairs
--- Running GA Algorithm (phase2) ---
Running GA with std::execution::par
Generation #0
36,6854,0.001, 0.139605, 0.219523, 0.33745, 0.371203, 0.465486, 0.467519, 0.710549, 0.845754, 0.979017, 1, 

39,3614,0.001, 0.0537338, 0.106666, 0.111303, 0.348809, 0.39629, 0.452333, 0.476821, 0.529451, 0.635177, 0.648952, 0.726148, 0.943837, 0.951523, 1, 

50,1589,0.001, 0.016831, 0.0528152, 0.0980615, 0.106911, 0.119235, 0.150345, 0.17776, 0.247358, 0.299091, 0.400537, 0.470213, 0.492376, 0.576229, 0.613618, 0.67643, 0.75629, 0.776041, 0.831382, 0.839098, 0.844438, 0.957415, 0.970357, 1, 

44,1656,0.001, 0.0141455, 0.0218816, 0.0456565, 0.126535, 0.171676, 0.223503, 0.360442, 0.365705, 0.45636, 0.479251, 0.508095, 0.573131, 0.69156, 0.698453, 0.828251, 0.841254, 0.951562, 1, 

38,5866,0.001, 0.114574, 0.207754, 0.488192, 0.608378, 0.656133, 0.80047, 0.927298, 0.950905, 0.999048, 1, 

42,2539,0.001, 0.0485364, 0.0638381, 0.103473, 0.112512, 0.157387, 0.207509, 0.233497, 0.34024, 0.425078, 0.623749, 0.642961, 0.77327, 0.821051, 0.86027, 0.97724, 1, 

Generation #1
37,1469,0.001, 0.0254464, 0.0366954, 0.0698214, 0.10015, 0.173493, 0.182069, 0.201765, 0.607083, 0.793639, 0.806633, 1, 

39,1081,0.001, 0.00563984, 0.0472926, 0.0698625, 0.0751163, 0.198198, 0.226628, 0.274555, 0.301448, 0.330416, 0.872318, 0.886671, 0.887786, 1, 

36,2903,0.001, 0.0266537, 0.265286, 0.290314, 0.336279, 0.487772, 0.620769, 0.816555, 0.932469, 0.993654, 1, 

Generation #2
34,7122,0.001, 0.14223, 0.153706, 0.489961, 0.49157, 0.49993, 0.518898, 0.58726, 0.607083, 1, 

35,2381,0.0213328, 0.0266537, 0.037516, 0.040253, 0.075425, 0.14546, 0.153692, 0.211271, 0.220679, 1, 

36,705,0.001, 0.0141455, 0.0218816, 0.0456565, 0.126535, 0.171676, 0.223503, 0.360442, 0.365705, 0.45636, 0.479251, 0.508095, 1, 

Generation #3
34,7122,0.001, 0.14223, 0.153706, 0.489961, 0.49157, 0.49993, 0.518898, 0.58726, 0.607083, 1, 

36,705,0.001, 0.0141455, 0.0218816, 0.0456565, 0.126535, 0.171676, 0.223503, 0.360442, 0.365705, 0.45636, 0.479251, 0.508095, 1, 

41,694,0.001, 0.0141455, 0.0218816, 0.0262016, 0.0663368, 0.100799, 0.164494, 0.217953, 0.499475, 0.578835, 0.632639, 0.714346, 0.747626, 0.902875, 0.966634, 1, 

35,1255,0.001, 0.0254464, 0.0366954, 0.0698214, 0.10015, 0.173493, 0.182069, 0.201765, 0.607083, 0.793639, 0.806633, 1, 

Generation #4
36,705,0.001, 0.0141455, 0.0218816, 0.0456565, 0.126535, 0.171676, 0.223503, 0.360442, 0.365705, 0.45636, 0.479251, 0.508095, 1, 

41,694,0.001, 0.0141455, 0.0218816, 0.0262016, 0.0663368, 0.100799, 0.164494, 0.217953, 0.499475, 0.578835, 0.632639, 0.714346, 0.747626, 0.902875, 0.966634, 1, 

33,3136,0.001, 0.0141455, 0.0218816, 0.66649, 0.126535, 0.14546, 0.153692, 0.211271, 0.220679, 1, 

34,1051,0.001, 0.017851, 0.0501659, 0.0513067, 0.110065, 0.137015, 0.710549, 0.845754, 0.979017, 1, 

Generation #5
36,705,0.001, 0.0141455, 0.0218816, 0.0456565, 0.126535, 0.171676, 0.223503, 0.360442, 0.365705, 0.45636, 0.479251, 0.508095, 1, 

41,694,0.001, 0.0141455, 0.0218816, 0.0262016, 0.0663368, 0.100799, 0.164494, 0.217953, 0.499475, 0.578835, 0.632639, 0.714346, 0.747626, 0.902875, 0.966634, 1, 

34,1051,0.001, 0.017851, 0.0501659, 0.0513067, 0.110065, 0.137015, 0.710549, 0.845754, 0.979017, 1, 

33,2553,0.0234395, 0.0390873, 0.0460126, 0.10239, 0.111185, 0.134715, 0.274555, 0.793639, 1, 

Generation #6
36,705,0.001, 0.0141455, 0.0218816, 0.0456565, 0.126535, 0.171676, 0.223503, 0.360442, 0.365705, 0.45636, 0.479251, 0.508095, 1, 

41,694,0.001, 0.0141455, 0.0218816, 0.0262016, 0.0663368, 0.100799, 0.164494, 0.217953, 0.499475, 0.578835, 0.632639, 0.714346, 0.747626, 0.902875, 0.966634, 1, 

32,788,0.001, 0.016774, 0.0472926, 0.0698625, 0.0751163, 0.198198, 0.226628, 0.274555, 0.979017, 1, 

33,772,0.001, 0.0141455, 0.0218816, 0.0456565, 0.075425, 0.14546, 0.221938, 0.211271, 0.220679, 1, 

Generation #7
36,705,0.001, 0.0141455, 0.0218816, 0.0456565, 0.126535, 0.171676, 0.223503, 0.360442, 0.365705, 0.45636, 0.479251, 0.508095, 1, 

41,694,0.001, 0.0141455, 0.0218816, 0.0262016, 0.0663368, 0.100799, 0.164494, 0.217953, 0.499475, 0.578835, 0.632639, 0.714346, 0.747626, 0.902875, 0.966634, 1, 

32,788,0.001, 0.016774, 0.0472926, 0.0698625, 0.0751163, 0.198198, 0.226628, 0.274555, 0.979017, 1, 

33,772,0.001, 0.0141455, 0.0218816, 0.0456565, 0.075425, 0.14546, 0.221938, 0.211271, 0.220679, 1, 

35,729,0.001, 0.0141455, 0.0218816, 0.0456565, 0.075425, 0.14546, 0.221938, 0.211271, 0.220679, 1, 

Generation #8
36,705,0.001, 0.0141455, 0.0218816, 0.0456565, 0.126535, 0.171676, 0.223503, 0.360442, 0.365705, 0.45636, 0.479251, 0.508095, 1, 

41,694,0.001, 0.0141455, 0.0218816, 0.0262016, 0.0663368, 0.100799, 0.164494, 0.217953, 0.499475, 0.578835, 0.632639, 0.714346, 0.747626, 0.902875, 0.966634, 1, 

32,788,0.001, 0.016774, 0.0472926, 0.0698625, 0.0751163, 0.198198, 0.226628, 0.274555, 0.979017, 1, 

35,729,0.001, 0.0141455, 0.0218816, 0.0456565, 0.075425, 0.14546, 0.221938, 0.211271, 0.220679, 1, 

33,740,0.001, 0.0141455, 0.0218816, 0.0456565, 0.075425, 0.14546, 0.221938, 0.211271, 0.220679, 1, 

Generation #9
35,605,0.001, 0.0141455, 0.0218816, 0.0262016, 0.10239, 0.111185, 0.274555, 0.793639, 0.202669, 1, 

32,693,0.001, 0.0141455, 0.0218816, 0.0456565, 0.110065, 0.173493, 0.182069, 0.478753, 1, 

Generation #10
35,605,0.001, 0.0141455, 0.0218816, 0.0262016, 0.10239, 0.111185, 0.274555, 0.793639, 0.202669, 1, 

32,693,0.001, 0.0141455, 0.0218816, 0.0456565, 0.110065, 0.173493, 0.182069, 0.478753, 1, 

31,1458,0.001, 0.0141455, 0.0698625, 0.075425, 0.14546, 0.565663, 1, 

34,676,0.001, 0.0141455, 0.0218816, 0.0698625, 0.075425, 0.14546, 0.153692, 0.565663, 1, 

Generation #11
35,605,0.001, 0.0141455, 0.0218816, 0.0262016, 0.10239, 0.111185, 0.274555, 0.793639, 0.202669, 1, 

32,693,0.001, 0.0141455, 0.0218816, 0.0456565, 0.110065, 0.173493, 0.182069, 0.478753, 1, 

34,676,0.001, 0.0141455, 0.0218816, 0.0698625, 0.075425, 0.14546, 0.153692, 0.565663, 1, 

31,1054,0.001, 0.0141455, 0.0218816, 0.0698625, 0.0751163, 0.134715, 0.36864, 0.274555, 0.301448, 1, 

Generation #12
35,605,0.001, 0.0141455, 0.0218816, 0.0262016, 0.10239, 0.111185, 0.274555, 0.793639, 0.202669, 1, 

32,693,0.001, 0.0141455, 0.0218816, 0.0456565, 0.110065, 0.173493, 0.182069, 0.478753, 1, 

31,1027,0.001, 0.0218816, 0.0262016, 0.10239, 0.171676, 0.607083, 1, 

34,627,0.001, 0.0141455, 0.0218816, 0.0698625, 0.075425, 0.14546, 0.153692, 0.565663, 1, 

Generation #13
35,605,0.001, 0.0141455, 0.0218816, 0.0262016, 0.10239, 0.111185, 0.274555, 0.793639, 0.202669, 1, 

32,693,0.001, 0.0141455, 0.0218816, 0.0456565, 0.110065, 0.173493, 0.182069, 0.478753, 1, 

31,799,0.001, 0.0141455, 0.0218816, 0.0262016, 0.10239, 0.565663, 1, 

33,610,0.001, 0.0110509, 0.0218816, 0.0456565, 0.075425, 0.14546, 0.565663, 1, 

Generation #14
32,693,0.001, 0.0141455, 0.0218816, 0.0456565, 0.110065, 0.173493, 0.182069, 0.478753, 1, 

31,799,0.001, 0.0141455, 0.0218816, 0.0262016, 0.10239, 0.565663, 1, 

33,589,0.001, 0.0141455, 0.0218816, 0.0456565, 0.075425, 0.14546, 0.221938, 1, 

Generation #15
32,693,0.001, 0.0141455, 0.0218816, 0.0456565, 0.110065, 0.173493, 0.182069, 0.478753, 1, 

31,799,0.001, 0.0141455, 0.0218816, 0.0262016, 0.10239, 0.565663, 1, 

33,589,0.001, 0.0141455, 0.0218816, 0.0456565, 0.075425, 0.14546, 0.221938, 1, 

Generation #16
31,799,0.001, 0.0141455, 0.0218816, 0.0262016, 0.10239, 0.565663, 1, 

33,589,0.001, 0.0141455, 0.0218816, 0.0456565, 0.075425, 0.14546, 0.221938, 1, 

32,688,0.001, 0.0141455, 0.0218816, 0.0262016, 0.075425, 0.14546, 0.211271, 0.220679, 1, 

Generation #17
31,799,0.001, 0.0141455, 0.0218816, 0.0262016, 0.10239, 0.565663, 1, 

33,589,0.001, 0.0141455, 0.0218816, 0.0456565, 0.075425, 0.14546, 0.221938, 1, 

32,688,0.001, 0.0141455, 0.0218816, 0.0262016, 0.075425, 0.14546, 0.211271, 0.220679, 1, 

30,1537,0.001, 0.0218816, 0.0262016, 0.10239, 0.171676, 0.607083, 1, 

Generation #18
33,589,0.001, 0.0141455, 0.0218816, 0.0456565, 0.075425, 0.14546, 0.221938, 1, 

30,625,0.001, 0.0141455, 0.0218816, 0.0262016, 0.10239, 0.111185, 0.565663, 1, 

Generation #19
33,589,0.001, 0.0141455, 0.0218816, 0.0456565, 0.075425, 0.14546, 0.221938, 1, 

30,625,0.001, 0.0141455, 0.0218816, 0.0262016, 0.10239, 0.111185, 0.565663, 1, 

Generation #20
33,589,0.001, 0.0141455, 0.0218816, 0.0456565, 0.075425, 0.14546, 0.221938, 1, 

30,625,0.001, 0.0141455, 0.0218816, 0.0262016, 0.10239, 0.111185, 0.565663, 1, 

Generation #21
33,589,0.001, 0.0141455, 0.0218816, 0.0456565, 0.075425, 0.14546, 0.221938, 1, 

30,625,0.001, 0.0141455, 0.0218816, 0.0262016, 0.10239, 0.111185, 0.565663, 1, 

Generation #22
33,589,0.001, 0.0141455, 0.0218816, 0.0456565, 0.075425, 0.14546, 0.221938, 1, 

30,625,0.001, 0.0141455, 0.0218816, 0.0262016, 0.10239, 0.111185, 0.565663, 1, 

29,930,0.001, 0.0141455, 0.0218816, 0.0262016, 0.10239, 0.607083, 1, 

Generation #23
33,589,0.001, 0.0141455, 0.0218816, 0.0456565, 0.075425, 0.14546, 0.221938, 1, 

30,625,0.001, 0.0141455, 0.0218816, 0.0262016, 0.10239, 0.111185, 0.565663, 1, 

29,930,0.001, 0.0141455, 0.0218816, 0.0262016, 0.10239, 0.607083, 1, 

34,587,0.001, 0.00563984, 0.0218816, 0.0262016, 0.10239, 0.14546, 0.153692, 0.297849, 0.220679, 1, 

Generation #24
33,589,0.001, 0.0141455, 0.0218816, 0.0456565, 0.075425, 0.14546, 0.221938, 1, 

30,625,0.001, 0.0141455, 0.0218816, 0.0262016, 0.10239, 0.111185, 0.565663, 1, 

29,930,0.001, 0.0141455, 0.0218816, 0.0262016, 0.10239, 0.607083, 1, 

34,587,0.001, 0.00563984, 0.0218816, 0.0262016, 0.10239, 0.14546, 0.153692, 0.297849, 0.220679, 1, 

Generation #25
33,589,0.001, 0.0141455, 0.0218816, 0.0456565, 0.075425, 0.14546, 0.221938, 1, 

30,625,0.001, 0.0141455, 0.0218816, 0.0262016, 0.10239, 0.111185, 0.565663, 1, 

29,930,0.001, 0.0141455, 0.0218816, 0.0262016, 0.10239, 0.607083, 1, 

34,587,0.001, 0.00563984, 0.0218816, 0.0262016, 0.10239, 0.14546, 0.153692, 0.297849, 0.220679, 1, 

Generation #26
33,589,0.001, 0.0141455, 0.0218816, 0.0456565, 0.075425, 0.14546, 0.221938, 1, 

30,625,0.001, 0.0141455, 0.0218816, 0.0262016, 0.10239, 0.111185, 0.565663, 1, 

29,930,0.001, 0.0141455, 0.0218816, 0.0262016, 0.10239, 0.607083, 1, 

34,587,0.001, 0.00563984, 0.0218816, 0.0262016, 0.10239, 0.14546, 0.153692, 0.297849, 0.220679, 1, 

Generation #27
30,625,0.001, 0.0141455, 0.0218816, 0.0262016, 0.10239, 0.111185, 0.565663, 1, 

29,930,0.001, 0.0141455, 0.0218816, 0.0262016, 0.10239, 0.607083, 1, 

33,572,0.001, 0.0141455, 0.0218816, 0.0262016, 0.10239, 0.111185, 0.565663, 1, 

Generation #28
30,625,0.001, 0.0141455, 0.0218816, 0.0262016, 0.10239, 0.111185, 0.565663, 1, 

29,930,0.001, 0.0141455, 0.0218816, 0.0262016, 0.10239, 0.607083, 1, 

33,572,0.001, 0.0141455, 0.0218816, 0.0262016, 0.10239, 0.111185, 0.565663, 1, 

Generation #29
30,625,0.001, 0.0141455, 0.0218816, 0.0262016, 0.10239, 0.111185, 0.565663, 1, 

29,930,0.001, 0.0141455, 0.0218816, 0.0262016, 0.10239, 0.607083, 1, 

33,572,0.001, 0.0141455, 0.0218816, 0.0262016, 0.10239, 0.111185, 0.565663, 1, 

Generation #30
30,625,0.001, 0.0141455, 0.0218816, 0.0262016, 0.10239, 0.111185, 0.565663, 1, 

29,930,0.001, 0.0141455, 0.0218816, 0.0262016, 0.10239, 0.607083, 1, 

33,572,0.001, 0.0141455, 0.0218816, 0.0262016, 0.10239, 0.111185, 0.565663, 1, 

Generation #31
30,625,0.001, 0.0141455, 0.0218816, 0.0262016, 0.10239, 0.111185, 0.565663, 1, 

29,930,0.001, 0.0141455, 0.0218816, 0.0262016, 0.10239, 0.607083, 1, 

33,572,0.001, 0.0141455, 0.0218816, 0.0262016, 0.10239, 0.111185, 0.565663, 1, 

Generation #32
30,625,0.001, 0.0141455, 0.0218816, 0.0262016, 0.10239, 0.111185, 0.565663, 1, 

29,930,0.001, 0.0141455, 0.0218816, 0.0262016, 0.10239, 0.607083, 1, 

33,557,0.001, 0.0141455, 0.0218816, 0.0456565, 0.110065, 0.173493, 0.182069, 0.478753, 1, 

32,615,0.001, 0.00563984, 0.0218816, 0.0262016, 0.10239, 0.111185, 0.565663, 1, 

Generation #33
30,625,0.001, 0.0141455, 0.0218816, 0.0262016, 0.10239, 0.111185, 0.565663, 1, 

29,930,0.001, 0.0141455, 0.0218816, 0.0262016, 0.10239, 0.607083, 1, 

33,557,0.001, 0.0141455, 0.0218816, 0.0456565, 0.110065, 0.173493, 0.182069, 0.478753, 1, 

32,615,0.001, 0.00563984, 0.0218816, 0.0262016, 0.10239, 0.111185, 0.565663, 1, 

Generation #34
30,625,0.001, 0.0141455, 0.0218816, 0.0262016, 0.10239, 0.111185, 0.565663, 1, 

29,930,0.001, 0.0141455, 0.0218816, 0.0262016, 0.10239, 0.607083, 1, 

33,557,0.001, 0.0141455, 0.0218816, 0.0456565, 0.110065, 0.173493, 0.182069, 0.478753, 1, 

32,615,0.001, 0.00563984, 0.0218816, 0.0262016, 0.10239, 0.111185, 0.565663, 1, 

Generation #35
30,625,0.001, 0.0141455, 0.0218816, 0.0262016, 0.10239, 0.111185, 0.565663, 1, 

29,930,0.001, 0.0141455, 0.0218816, 0.0262016, 0.10239, 0.607083, 1, 

33,557,0.001, 0.0141455, 0.0218816, 0.0456565, 0.110065, 0.173493, 0.182069, 0.478753, 1, 

32,615,0.001, 0.00563984, 0.0218816, 0.0262016, 0.10239, 0.111185, 0.565663, 1, 

Generation #36
30,625,0.001, 0.0141455, 0.0218816, 0.0262016, 0.10239, 0.111185, 0.565663, 1, 

29,930,0.001, 0.0141455, 0.0218816, 0.0262016, 0.10239, 0.607083, 1, 

33,557,0.001, 0.0141455, 0.0218816, 0.0456565, 0.110065, 0.173493, 0.182069, 0.478753, 1, 

32,615,0.001, 0.00563984, 0.0218816, 0.0262016, 0.10239, 0.111185, 0.565663, 1, 

Generation #37
30,625,0.001, 0.0141455, 0.0218816, 0.0262016, 0.10239, 0.111185, 0.565663, 1, 

29,930,0.001, 0.0141455, 0.0218816, 0.0262016, 0.10239, 0.607083, 1, 

33,557,0.001, 0.0141455, 0.0218816, 0.0456565, 0.110065, 0.173493, 0.182069, 0.478753, 1, 

32,615,0.001, 0.00563984, 0.0218816, 0.0262016, 0.10239, 0.111185, 0.565663, 1, 

Generation #38
30,625,0.001, 0.0141455, 0.0218816, 0.0262016, 0.10239, 0.111185, 0.565663, 1, 

29,930,0.001, 0.0141455, 0.0218816, 0.0262016, 0.10239, 0.607083, 1, 

32,479,0.001, 0.00563984, 0.0218816, 0.0262016, 0.10239, 0.0471554, 0.111185, 0.565663, 1, 

Generation #39
30,625,0.001, 0.0141455, 0.0218816, 0.0262016, 0.10239, 0.111185, 0.565663, 1, 

29,930,0.001, 0.0141455, 0.0218816, 0.0262016, 0.10239, 0.607083, 1, 

32,479,0.001, 0.00563984, 0.0218816, 0.0262016, 0.10239, 0.0471554, 0.111185, 0.565663, 1, 

Generation #40
30,625,0.001, 0.0141455, 0.0218816, 0.0262016, 0.10239, 0.111185, 0.565663, 1, 

29,930,0.001, 0.0141455, 0.0218816, 0.0262016, 0.10239, 0.607083, 1, 

32,479,0.001, 0.00563984, 0.0218816, 0.0262016, 0.10239, 0.0471554, 0.111185, 0.565663, 1, 

Generation #41
30,625,0.001, 0.0141455, 0.0218816, 0.0262016, 0.10239, 0.111185, 0.565663, 1, 

29,930,0.001, 0.0141455, 0.0218816, 0.0262016, 0.10239, 0.607083, 1, 

32,479,0.001, 0.00563984, 0.0218816, 0.0262016, 0.10239, 0.0471554, 0.111185, 0.565663, 1, 

Generation #42
30,625,0.001, 0.0141455, 0.0218816, 0.0262016, 0.10239, 0.111185, 0.565663, 1, 

29,930,0.001, 0.0141455, 0.0218816, 0.0262016, 0.10239, 0.607083, 1, 

32,479,0.001, 0.00563984, 0.0218816, 0.0262016, 0.10239, 0.0471554, 0.111185, 0.565663, 1, 

Generation #43
30,625,0.001, 0.0141455, 0.0218816, 0.0262016, 0.10239, 0.111185, 0.565663, 1, 

29,930,0.001, 0.0141455, 0.0218816, 0.0262016, 0.10239, 0.607083, 1, 

32,479,0.001, 0.00563984, 0.0218816, 0.0262016, 0.10239, 0.0471554, 0.111185, 0.565663, 1, 

28,1075,0.001, 0.0141455, 0.0218816, 0.0262016, 0.565663, 1, 

Generation #44
30,625,0.001, 0.0141455, 0.0218816, 0.0262016, 0.10239, 0.111185, 0.565663, 1, 

29,930,0.001, 0.0141455, 0.0218816, 0.0262016, 0.10239, 0.607083, 1, 

32,479,0.001, 0.00563984, 0.0218816, 0.0262016, 0.10239, 0.0471554, 0.111185, 0.565663, 1, 

28,1075,0.001, 0.0141455, 0.0218816, 0.0262016, 0.565663, 1, 
