------------d=1, t=2, lambda=1, filename=./evaluation/Flex/Flex_2_1.csv------------
Computing partitioned counts of d-sets...
Ready to look at pairs based on partitioned counts...
First Stage N=26, Time=5
There are 1278 remaining non-locating pairs
--- Running Conditional Expectation Algorithm (phase2_ce) for Locating ---
  (CE) Initial N_target calculated as: 93 (M=26)
  (CE) Row 27 built. 1052 pairs remaining to distinguish.
  (CE) Row 28 built. 858 pairs remaining to distinguish.
  (CE) Row 29 built. 675 pairs remaining to distinguish.
  (CE) Row 30 built. 541 pairs remaining to distinguish.
  (CE) Row 31 built. 427 pairs remaining to distinguish.
  (CE) Row 32 built. 334 pairs remaining to distinguish.
  (CE) Row 33 built. 262 pairs remaining to distinguish.
  (CE) Row 34 built. 200 pairs remaining to distinguish.
  (CE) Row 35 built. 145 pairs remaining to distinguish.
  (CE) Row 36 built. 101 pairs remaining to distinguish.
  (CE) Row 37 built. 71 pairs remaining to distinguish.
  (CE) Row 38 built. 54 pairs remaining to distinguish.
  (CE) Row 39 built. 37 pairs remaining to distinguish.
  (CE) Row 40 built. 18 pairs remaining to distinguish.
  (CE) Row 41 built. 5 pairs remaining to distinguish.
  (CE) Row 42 built. 1 pairs remaining to distinguish.
  (CE) Row 43 built. 0 pairs remaining to distinguish.
--- Pareto Front Solutions ---
Solution 0: N total=43 (N_initial=26, N_added=17), Time total=251 ms, Saved to: ./results/Flex_t2_l1_pareto_0.csv, percents=1, 

------------d=1, t=2, lambda=2, filename=./evaluation/Flex/Flex_2_2.csv------------
Computing partitioned counts of d-sets...
Ready to look at pairs based on partitioned counts...
First Stage N=50, Time=3
There are 50 remaining non-locating pairs
--- Running Conditional Expectation Algorithm (phase2_ce) for Locating ---
  (CE) Initial N_target calculated as: 108 (M=50)
  (CE) Row 51 built. 50 pairs remaining to distinguish.
  (CE) Row 52 built. 50 pairs remaining to distinguish.
  (CE) Row 53 built. 50 pairs remaining to distinguish.
  (CE) Row 54 built. 50 pairs remaining to distinguish.
  (CE) Row 55 built. 42 pairs remaining to distinguish.
  (CE) Row 56 built. 35 pairs remaining to distinguish.
  (CE) Row 57 built. 25 pairs remaining to distinguish.
  (CE) Row 58 built. 17 pairs remaining to distinguish.
  (CE) Row 59 built. 8 pairs remaining to distinguish.
  (CE) Row 60 built. 2 pairs remaining to distinguish.
  (CE) Row 61 built. 0 pairs remaining to distinguish.
--- Pareto Front Solutions ---
Solution 0: N total=61 (N_initial=50, N_added=11), Time total=17 ms, Saved to: ./results/Flex_t2_l2_pareto_0.csv, percents=1, 

------------d=1, t=2, lambda=3, filename=./evaluation/Flex/Flex_2_3.csv------------
Computing partitioned counts of d-sets...
Ready to look at pairs based on partitioned counts...
First Stage N=75, Time=2
There are 10 remaining non-locating pairs
--- Running Conditional Expectation Algorithm (phase2_ce) for Locating ---
  (CE) Initial N_target calculated as: 104 (M=75)
  (CE) Row 76 built. 6 pairs remaining to distinguish.
  (CE) Row 77 built. 5 pairs remaining to distinguish.
  (CE) Row 78 built. 1 pairs remaining to distinguish.
  (CE) Row 79 built. 0 pairs remaining to distinguish.
--- Pareto Front Solutions ---
Solution 0: N total=79 (N_initial=75, N_added=4), Time total=2 ms, Saved to: ./results/Flex_t2_l3_pareto_0.csv, percents=1, 

------------d=1, t=2, lambda=4, filename=./evaluation/Flex/Flex_2_4.csv------------
Computing partitioned counts of d-sets...
Ready to look at pairs based on partitioned counts...
First Stage N=100, Time=3
There are 2 remaining non-locating pairs
--- Running Conditional Expectation Algorithm (phase2_ce) for Locating ---
  (CE) Initial N_target calculated as: 117 (M=100)
  (CE) Row 101 built. 2 pairs remaining to distinguish.
  (CE) Row 102 built. 0 pairs remaining to distinguish.
--- Pareto Front Solutions ---
Solution 0: N total=102 (N_initial=100, N_added=2), Time total=3 ms, Saved to: ./results/Flex_t2_l4_pareto_0.csv, percents=1, 

