------------d=1, t=2, lambda=1, filename=./evaluation/Flex/Flex_2_1.csv------------
Computing partitioned counts of d-sets...
Ready to look at pairs based on partitioned counts...
First Stage N=26, Time=6
There are 1278 remaining non-locating pairs
--- Running GA Algorithm (phase2) ---
Running GA with std::execution::par
Generation #0
33,412,0.001, 0.159543, 0.172558, 0.189908, 0.25709, 0.31673, 0.476169, 0.670065, 0.767771, 0.838183, 0.882861, 0.980407, 0.985471, 1, 

29,442,0.001, 0.139605, 0.219523, 0.33745, 0.371203, 0.465486, 0.467519, 0.710549, 0.845754, 0.979017, 1, 

35,276,0.001, 0.0947605, 0.142012, 0.179778, 0.189462, 0.191137, 0.191838, 0.388656, 0.457753, 0.581852, 0.66415, 0.680059, 0.821016, 0.853868, 0.979439, 1, 

49,149,0.001, 0.0266537, 0.037516, 0.040253, 0.075425, 0.14546, 0.153692, 0.211271, 0.22996, 0.248763, 0.304855, 0.31975, 0.359774, 0.379474, 0.432226, 0.493915, 0.513683, 0.525324, 0.565476, 0.629407, 0.723999, 0.748353, 0.765408, 0.783513, 0.786685, 0.826215, 0.826464, 0.845842, 0.972216, 0.993531, 1, 

37,175,0.001, 0.0141455, 0.0218816, 0.0456565, 0.126535, 0.171676, 0.223503, 0.360442, 0.365705, 0.45636, 0.479251, 0.508095, 0.573131, 0.69156, 0.698453, 0.828251, 0.841254, 0.951562, 1, 

Generation #1
29,442,0.001, 0.139605, 0.219523, 0.33745, 0.371203, 0.465486, 0.467519, 0.710549, 0.845754, 0.979017, 1, 

30,193,0.001, 0.0565881, 0.0702306, 0.105083, 0.274594, 0.306062, 0.341232, 0.378361, 0.797689, 0.831146, 0.990146, 1, 

31,113,0.001, 0.0254464, 0.0366954, 0.0698214, 0.10015, 0.173493, 0.182069, 0.515216, 0.607083, 0.793639, 0.806633, 1, 

Generation #2
29,442,0.001, 0.139605, 0.219523, 0.33745, 0.371203, 0.465486, 0.467519, 0.710549, 0.845754, 0.979017, 1, 

31,113,0.001, 0.0254464, 0.0366954, 0.0698214, 0.10015, 0.173493, 0.182069, 0.515216, 0.607083, 0.793639, 0.806633, 1, 

43,103,0.001, 0.0266537, 0.037516, 0.040253, 0.075425, 0.198198, 0.226628, 0.18951, 0.195469, 0.201938, 0.255494, 0.255884, 0.317208, 0.458089, 0.523444, 0.535588, 0.674089, 0.696266, 0.712066, 0.725538, 0.834367, 0.864019, 0.902732, 0.91932, 0.968049, 0.998982, 1, 

30,162,0.001, 0.0254464, 0.0366954, 0.0698214, 0.10015, 0.173493, 0.182069, 0.515216, 0.607083, 0.793639, 0.806633, 1, 

Generation #3
31,113,0.001, 0.0254464, 0.0366954, 0.0698214, 0.10015, 0.173493, 0.182069, 0.515216, 0.607083, 0.793639, 0.806633, 1, 

38,103,0.001, 0.0141455, 0.0218816, 0.0456565, 0.110065, 0.137015, 0.159559, 0.187127, 0.248876, 0.279032, 0.623749, 0.642961, 0.77327, 0.821051, 0.86027, 0.97724, 1, 

29,174,0.001, 0.0266537, 0.037516, 0.040253, 0.075425, 0.198198, 0.226628, 0.18951, 0.195469, 0.201938, 1, 

48,97,0.001, 0.0266537, 0.037516, 0.040253, 0.075425, 0.14546, 0.153692, 0.211271, 0.22996, 0.248763, 0.304855, 0.413039, 0.418693, 0.466229, 0.520547, 0.531108, 0.535225, 0.607002, 0.66901, 0.687382, 0.732609, 0.736278, 0.751343, 0.77478, 0.801021, 0.804286, 0.873096, 0.898873, 0.915177, 0.951407, 1, 

30,132,0.001, 0.0266537, 0.037516, 0.040253, 0.075425, 0.14546, 0.153692, 0.211271, 0.891554, 0.993654, 1, 

Generation #4
29,174,0.001, 0.0266537, 0.037516, 0.040253, 0.075425, 0.198198, 0.226628, 0.18951, 0.195469, 0.201938, 1, 

30,119,0.001, 0.016831, 0.0528152, 0.0980615, 0.106911, 0.119235, 0.150345, 0.17776, 0.247358, 0.299091, 0.806633, 1, 

31,95,0.001, 0.017851, 0.0501659, 0.0513067, 0.110065, 0.137015, 0.159559, 0.187127, 0.814896, 0.872318, 0.895205, 0.887786, 1, 

44,90,0.001, 0.016831, 0.0528152, 0.0980615, 0.106911, 0.119235, 0.0172299, 0.17776, 0.247358, 0.299091, 0.400537, 0.470213, 0.492376, 0.576229, 0.613618, 0.67643, 0.75629, 0.776041, 0.831382, 0.839098, 0.844438, 0.864019, 0.902732, 0.91932, 0.968049, 0.998982, 1, 

Generation #5
31,95,0.001, 0.017851, 0.0501659, 0.0513067, 0.110065, 0.137015, 0.159559, 0.187127, 0.814896, 0.872318, 0.895205, 0.887786, 1, 

44,90,0.001, 0.016831, 0.0528152, 0.0980615, 0.106911, 0.119235, 0.0172299, 0.17776, 0.247358, 0.299091, 0.400537, 0.470213, 0.492376, 0.576229, 0.613618, 0.67643, 0.75629, 0.776041, 0.831382, 0.839098, 0.844438, 0.864019, 0.902732, 0.91932, 0.968049, 0.998982, 1, 

28,117,0.001, 0.0266537, 0.037516, 0.040253, 0.075425, 0.198198, 0.226628, 0.18951, 0.979017, 1, 

Generation #6
44,90,0.001, 0.016831, 0.0528152, 0.0980615, 0.106911, 0.119235, 0.0172299, 0.17776, 0.247358, 0.299091, 0.400537, 0.470213, 0.492376, 0.576229, 0.613618, 0.67643, 0.75629, 0.776041, 0.831382, 0.839098, 0.844438, 0.864019, 0.902732, 0.91932, 0.968049, 0.998982, 1, 

28,117,0.001, 0.0266537, 0.037516, 0.040253, 0.075425, 0.198198, 0.226628, 0.18951, 0.979017, 1, 

29,104,0.001, 0.017851, 0.0218816, 0.0456565, 0.110065, 0.137015, 0.159559, 0.187127, 0.279032, 0.872318, 0.806633, 1, 

30,93,0.001, 0.0141455, 0.0218816, 0.040253, 0.075425, 0.198198, 0.153692, 0.211271, 0.845754, 0.979017, 1, 

Generation #7
44,90,0.001, 0.016831, 0.0528152, 0.0980615, 0.106911, 0.119235, 0.0172299, 0.17776, 0.247358, 0.299091, 0.400537, 0.470213, 0.492376, 0.576229, 0.613618, 0.67643, 0.75629, 0.776041, 0.831382, 0.839098, 0.844438, 0.864019, 0.902732, 0.91932, 0.968049, 0.998982, 1, 

29,104,0.001, 0.017851, 0.0218816, 0.0456565, 0.110065, 0.137015, 0.159559, 0.187127, 0.279032, 0.872318, 0.806633, 1, 

30,93,0.001, 0.0141455, 0.0218816, 0.040253, 0.075425, 0.198198, 0.153692, 0.211271, 0.845754, 0.979017, 1, 

28,111,0.001, 0.0254464, 0.0366954, 0.0698214, 0.10015, 0.173493, 0.182069, 0.515216, 0.806633, 1, 

Generation #8
44,90,0.001, 0.016831, 0.0528152, 0.0980615, 0.106911, 0.119235, 0.0172299, 0.17776, 0.247358, 0.299091, 0.400537, 0.470213, 0.492376, 0.576229, 0.613618, 0.67643, 0.75629, 0.776041, 0.831382, 0.839098, 0.844438, 0.864019, 0.902732, 0.91932, 0.968049, 0.998982, 1, 

29,104,0.001, 0.017851, 0.0218816, 0.0456565, 0.110065, 0.137015, 0.159559, 0.187127, 0.279032, 0.872318, 0.806633, 1, 

30,93,0.001, 0.0141455, 0.0218816, 0.040253, 0.075425, 0.198198, 0.153692, 0.211271, 0.845754, 0.979017, 1, 

28,111,0.001, 0.0254464, 0.0366954, 0.0698214, 0.10015, 0.173493, 0.182069, 0.515216, 0.806633, 1, 

Generation #9
44,90,0.001, 0.016831, 0.0528152, 0.0980615, 0.106911, 0.119235, 0.0172299, 0.17776, 0.247358, 0.299091, 0.400537, 0.470213, 0.492376, 0.576229, 0.613618, 0.67643, 0.75629, 0.776041, 0.831382, 0.839098, 0.844438, 0.864019, 0.902732, 0.91932, 0.968049, 0.998982, 1, 

29,104,0.001, 0.017851, 0.0218816, 0.0456565, 0.110065, 0.137015, 0.159559, 0.187127, 0.279032, 0.872318, 0.806633, 1, 

30,93,0.001, 0.0141455, 0.0218816, 0.040253, 0.075425, 0.198198, 0.153692, 0.211271, 0.845754, 0.979017, 1, 

27,105,0.001, 0.0266537, 0.037516, 0.040253, 0.075425, 0.198198, 0.226628, 0.18951, 0.195469, 0.201938, 1, 

Generation #10
29,104,0.001, 0.017851, 0.0218816, 0.0456565, 0.110065, 0.137015, 0.159559, 0.187127, 0.279032, 0.872318, 0.806633, 1, 

30,93,0.001, 0.0141455, 0.0218816, 0.040253, 0.075425, 0.198198, 0.153692, 0.211271, 0.845754, 0.979017, 1, 

27,105,0.001, 0.0266537, 0.037516, 0.040253, 0.075425, 0.198198, 0.226628, 0.18951, 0.195469, 0.201938, 1, 

32,87,0.001, 0.0141455, 0.0218816, 0.040253, 0.075425, 0.198198, 0.226628, 0.246779, 0.286152, 0.288977, 0.290694, 1, 

Generation #11
29,104,0.001, 0.017851, 0.0218816, 0.0456565, 0.110065, 0.137015, 0.159559, 0.187127, 0.279032, 0.872318, 0.806633, 1, 

30,93,0.001, 0.0141455, 0.0218816, 0.040253, 0.075425, 0.198198, 0.153692, 0.211271, 0.845754, 0.979017, 1, 

27,105,0.001, 0.0266537, 0.037516, 0.040253, 0.075425, 0.198198, 0.226628, 0.18951, 0.195469, 0.201938, 1, 

32,87,0.001, 0.0141455, 0.0218816, 0.040253, 0.075425, 0.198198, 0.226628, 0.246779, 0.286152, 0.288977, 0.290694, 1, 

Generation #12
29,104,0.001, 0.017851, 0.0218816, 0.0456565, 0.110065, 0.137015, 0.159559, 0.187127, 0.279032, 0.872318, 0.806633, 1, 

30,93,0.001, 0.0141455, 0.0218816, 0.040253, 0.075425, 0.198198, 0.153692, 0.211271, 0.845754, 0.979017, 1, 

27,105,0.001, 0.0266537, 0.037516, 0.040253, 0.075425, 0.198198, 0.226628, 0.18951, 0.195469, 0.201938, 1, 

32,87,0.001, 0.0141455, 0.0218816, 0.040253, 0.075425, 0.198198, 0.226628, 0.246779, 0.286152, 0.288977, 0.290694, 1, 

Generation #13
30,93,0.001, 0.0141455, 0.0218816, 0.040253, 0.075425, 0.198198, 0.153692, 0.211271, 0.845754, 0.979017, 1, 

27,105,0.001, 0.0266537, 0.037516, 0.040253, 0.075425, 0.198198, 0.226628, 0.18951, 0.195469, 0.201938, 1, 

32,87,0.001, 0.0141455, 0.0218816, 0.040253, 0.075425, 0.198198, 0.226628, 0.246779, 0.286152, 0.288977, 0.290694, 1, 

28,104,0.001, 0.0266537, 0.037516, 0.040253, 0.075425, 0.198198, 0.226628, 0.18951, 0.195469, 0.299091, 0.806633, 1, 

29,100,0.001, 0.0141455, 0.0218816, 0.040253, 0.075425, 0.198198, 0.226628, 0.18951, 0.195469, 0.201938, 1, 

Generation #14
27,105,0.001, 0.0266537, 0.037516, 0.040253, 0.075425, 0.198198, 0.226628, 0.18951, 0.195469, 0.201938, 1, 

32,87,0.001, 0.0141455, 0.0218816, 0.040253, 0.075425, 0.198198, 0.226628, 0.246779, 0.286152, 0.288977, 0.290694, 1, 

28,104,0.001, 0.0266537, 0.037516, 0.040253, 0.075425, 0.198198, 0.226628, 0.18951, 0.195469, 0.299091, 0.806633, 1, 

29,88,0.001, 0.017851, 0.037516, 0.040253, 0.075425, 0.198198, 0.290179, 0.18951, 0.195469, 0.299091, 0.806633, 1, 

Generation #15
27,105,0.001, 0.0266537, 0.037516, 0.040253, 0.075425, 0.198198, 0.226628, 0.18951, 0.195469, 0.201938, 1, 

32,87,0.001, 0.0141455, 0.0218816, 0.040253, 0.075425, 0.198198, 0.226628, 0.246779, 0.286152, 0.288977, 0.290694, 1, 

28,104,0.001, 0.0266537, 0.037516, 0.040253, 0.075425, 0.198198, 0.226628, 0.18951, 0.195469, 0.299091, 0.806633, 1, 

29,88,0.001, 0.017851, 0.037516, 0.040253, 0.075425, 0.198198, 0.290179, 0.18951, 0.195469, 0.299091, 0.806633, 1, 

Generation #16
27,105,0.001, 0.0266537, 0.037516, 0.040253, 0.075425, 0.198198, 0.226628, 0.18951, 0.195469, 0.201938, 1, 

32,87,0.001, 0.0141455, 0.0218816, 0.040253, 0.075425, 0.198198, 0.226628, 0.246779, 0.286152, 0.288977, 0.290694, 1, 

28,104,0.001, 0.0266537, 0.037516, 0.040253, 0.075425, 0.198198, 0.226628, 0.18951, 0.195469, 0.299091, 0.806633, 1, 

29,88,0.001, 0.017851, 0.037516, 0.040253, 0.075425, 0.198198, 0.290179, 0.18951, 0.195469, 0.299091, 0.806633, 1, 

44,85,0.001, 0.017851, 0.0501659, 0.0980615, 0.106911, 0.119235, 0.0172299, 0.17776, 0.247358, 0.299091, 0.400537, 0.935297, 0.492376, 0.576229, 0.613618, 0.67643, 0.75629, 0.776041, 0.831382, 0.839098, 0.844438, 0.864019, 0.902732, 0.91932, 0.968049, 0.998982, 1, 

Generation #17
27,105,0.001, 0.0266537, 0.037516, 0.040253, 0.075425, 0.198198, 0.226628, 0.18951, 0.195469, 0.201938, 1, 

32,87,0.001, 0.0141455, 0.0218816, 0.040253, 0.075425, 0.198198, 0.226628, 0.246779, 0.286152, 0.288977, 0.290694, 1, 

29,88,0.001, 0.017851, 0.037516, 0.040253, 0.075425, 0.198198, 0.290179, 0.18951, 0.195469, 0.299091, 0.806633, 1, 

44,85,0.001, 0.017851, 0.0501659, 0.0980615, 0.106911, 0.119235, 0.0172299, 0.17776, 0.247358, 0.299091, 0.400537, 0.935297, 0.492376, 0.576229, 0.613618, 0.67643, 0.75629, 0.776041, 0.831382, 0.839098, 0.844438, 0.864019, 0.902732, 0.91932, 0.968049, 0.998982, 1, 

28,95,0.001, 0.017851, 0.0218816, 0.040253, 0.075425, 0.198198, 0.226628, 0.18951, 0.806633, 1, 

Generation #18
27,105,0.001, 0.0266537, 0.037516, 0.040253, 0.075425, 0.198198, 0.226628, 0.18951, 0.195469, 0.201938, 1, 

32,87,0.001, 0.0141455, 0.0218816, 0.040253, 0.075425, 0.198198, 0.226628, 0.246779, 0.286152, 0.288977, 0.290694, 1, 

29,88,0.001, 0.017851, 0.037516, 0.040253, 0.075425, 0.198198, 0.290179, 0.18951, 0.195469, 0.299091, 0.806633, 1, 

44,85,0.001, 0.017851, 0.0501659, 0.0980615, 0.106911, 0.119235, 0.0172299, 0.17776, 0.247358, 0.299091, 0.400537, 0.935297, 0.492376, 0.576229, 0.613618, 0.67643, 0.75629, 0.776041, 0.831382, 0.839098, 0.844438, 0.864019, 0.902732, 0.91932, 0.968049, 0.998982, 1, 

28,95,0.001, 0.017851, 0.0218816, 0.040253, 0.075425, 0.198198, 0.226628, 0.18951, 0.806633, 1, 

26,119,0.001, 0.0141455, 0.0218816, 0.0456565, 0.126535, 0.171676, 0.153692, 0.806633, 1, 

Generation #19
27,105,0.001, 0.0266537, 0.037516, 0.040253, 0.075425, 0.198198, 0.226628, 0.18951, 0.195469, 0.201938, 1, 

32,87,0.001, 0.0141455, 0.0218816, 0.040253, 0.075425, 0.198198, 0.226628, 0.246779, 0.286152, 0.288977, 0.290694, 1, 

29,88,0.001, 0.017851, 0.037516, 0.040253, 0.075425, 0.198198, 0.290179, 0.18951, 0.195469, 0.299091, 0.806633, 1, 

44,85,0.001, 0.017851, 0.0501659, 0.0980615, 0.106911, 0.119235, 0.0172299, 0.17776, 0.247358, 0.299091, 0.400537, 0.935297, 0.492376, 0.576229, 0.613618, 0.67643, 0.75629, 0.776041, 0.831382, 0.839098, 0.844438, 0.864019, 0.902732, 0.91932, 0.968049, 0.998982, 1, 

28,95,0.001, 0.017851, 0.0218816, 0.040253, 0.075425, 0.198198, 0.226628, 0.18951, 0.806633, 1, 

26,119,0.001, 0.0141455, 0.0218816, 0.0456565, 0.126535, 0.171676, 0.153692, 0.806633, 1, 

Generation #20
27,105,0.001, 0.0266537, 0.037516, 0.040253, 0.075425, 0.198198, 0.226628, 0.18951, 0.195469, 0.201938, 1, 

32,87,0.001, 0.0141455, 0.0218816, 0.040253, 0.075425, 0.198198, 0.226628, 0.246779, 0.286152, 0.288977, 0.290694, 1, 

29,88,0.001, 0.017851, 0.037516, 0.040253, 0.075425, 0.198198, 0.290179, 0.18951, 0.195469, 0.299091, 0.806633, 1, 

44,85,0.001, 0.017851, 0.0501659, 0.0980615, 0.106911, 0.119235, 0.0172299, 0.17776, 0.247358, 0.299091, 0.400537, 0.935297, 0.492376, 0.576229, 0.613618, 0.67643, 0.75629, 0.776041, 0.831382, 0.839098, 0.844438, 0.864019, 0.902732, 0.91932, 0.968049, 0.998982, 1, 

28,95,0.001, 0.017851, 0.0218816, 0.040253, 0.075425, 0.198198, 0.226628, 0.18951, 0.806633, 1, 

26,119,0.001, 0.0141455, 0.0218816, 0.0456565, 0.126535, 0.171676, 0.153692, 0.806633, 1, 

Generation #21
27,105,0.001, 0.0266537, 0.037516, 0.040253, 0.075425, 0.198198, 0.226628, 0.18951, 0.195469, 0.201938, 1, 

32,87,0.001, 0.0141455, 0.0218816, 0.040253, 0.075425, 0.198198, 0.226628, 0.246779, 0.286152, 0.288977, 0.290694, 1, 

29,88,0.001, 0.017851, 0.037516, 0.040253, 0.075425, 0.198198, 0.290179, 0.18951, 0.195469, 0.299091, 0.806633, 1, 

44,85,0.001, 0.017851, 0.0501659, 0.0980615, 0.106911, 0.119235, 0.0172299, 0.17776, 0.247358, 0.299091, 0.400537, 0.935297, 0.492376, 0.576229, 0.613618, 0.67643, 0.75629, 0.776041, 0.831382, 0.839098, 0.844438, 0.864019, 0.902732, 0.91932, 0.968049, 0.998982, 1, 

28,95,0.001, 0.017851, 0.0218816, 0.040253, 0.075425, 0.198198, 0.226628, 0.18951, 0.806633, 1, 

26,119,0.001, 0.0141455, 0.0218816, 0.0456565, 0.126535, 0.171676, 0.153692, 0.806633, 1, 

Generation #22
27,105,0.001, 0.0266537, 0.037516, 0.040253, 0.075425, 0.198198, 0.226628, 0.18951, 0.195469, 0.201938, 1, 

32,87,0.001, 0.0141455, 0.0218816, 0.040253, 0.075425, 0.198198, 0.226628, 0.246779, 0.286152, 0.288977, 0.290694, 1, 

29,88,0.001, 0.017851, 0.037516, 0.040253, 0.075425, 0.198198, 0.290179, 0.18951, 0.195469, 0.299091, 0.806633, 1, 

44,85,0.001, 0.017851, 0.0501659, 0.0980615, 0.106911, 0.119235, 0.0172299, 0.17776, 0.247358, 0.299091, 0.400537, 0.935297, 0.492376, 0.576229, 0.613618, 0.67643, 0.75629, 0.776041, 0.831382, 0.839098, 0.844438, 0.864019, 0.902732, 0.91932, 0.968049, 0.998982, 1, 

28,95,0.001, 0.017851, 0.0218816, 0.040253, 0.075425, 0.198198, 0.226628, 0.18951, 0.806633, 1, 

26,119,0.001, 0.0141455, 0.0218816, 0.0456565, 0.126535, 0.171676, 0.153692, 0.806633, 1, 

Generation #23
27,105,0.001, 0.0266537, 0.037516, 0.040253, 0.075425, 0.198198, 0.226628, 0.18951, 0.195469, 0.201938, 1, 

32,87,0.001, 0.0141455, 0.0218816, 0.040253, 0.075425, 0.198198, 0.226628, 0.246779, 0.286152, 0.288977, 0.290694, 1, 

29,88,0.001, 0.017851, 0.037516, 0.040253, 0.075425, 0.198198, 0.290179, 0.18951, 0.195469, 0.299091, 0.806633, 1, 

44,85,0.001, 0.017851, 0.0501659, 0.0980615, 0.106911, 0.119235, 0.0172299, 0.17776, 0.247358, 0.299091, 0.400537, 0.935297, 0.492376, 0.576229, 0.613618, 0.67643, 0.75629, 0.776041, 0.831382, 0.839098, 0.844438, 0.864019, 0.902732, 0.91932, 0.968049, 0.998982, 1, 

28,95,0.001, 0.017851, 0.0218816, 0.040253, 0.075425, 0.198198, 0.226628, 0.18951, 0.806633, 1, 

26,119,0.001, 0.0141455, 0.0218816, 0.0456565, 0.126535, 0.171676, 0.153692, 0.806633, 1, 

Generation #24
32,87,0.001, 0.0141455, 0.0218816, 0.040253, 0.075425, 0.198198, 0.226628, 0.246779, 0.286152, 0.288977, 0.290694, 1, 

29,88,0.001, 0.017851, 0.037516, 0.040253, 0.075425, 0.198198, 0.290179, 0.18951, 0.195469, 0.299091, 0.806633, 1, 

44,85,0.001, 0.017851, 0.0501659, 0.0980615, 0.106911, 0.119235, 0.0172299, 0.17776, 0.247358, 0.299091, 0.400537, 0.935297, 0.492376, 0.576229, 0.613618, 0.67643, 0.75629, 0.776041, 0.831382, 0.839098, 0.844438, 0.864019, 0.902732, 0.91932, 0.968049, 0.998982, 1, 

28,95,0.001, 0.017851, 0.0218816, 0.040253, 0.075425, 0.198198, 0.226628, 0.18951, 0.806633, 1, 

26,119,0.001, 0.0141455, 0.0218816, 0.0456565, 0.126535, 0.171676, 0.153692, 0.806633, 1, 

27,104,0.001, 0.017851, 0.0218816, 0.0456565, 0.075425, 0.198198, 0.226628, 0.18951, 0.806633, 1, 

Generation #25
32,87,0.001, 0.0141455, 0.0218816, 0.040253, 0.075425, 0.198198, 0.226628, 0.246779, 0.286152, 0.288977, 0.290694, 1, 

29,88,0.001, 0.017851, 0.037516, 0.040253, 0.075425, 0.198198, 0.290179, 0.18951, 0.195469, 0.299091, 0.806633, 1, 

44,85,0.001, 0.017851, 0.0501659, 0.0980615, 0.106911, 0.119235, 0.0172299, 0.17776, 0.247358, 0.299091, 0.400537, 0.935297, 0.492376, 0.576229, 0.613618, 0.67643, 0.75629, 0.776041, 0.831382, 0.839098, 0.844438, 0.864019, 0.902732, 0.91932, 0.968049, 0.998982, 1, 

28,95,0.001, 0.017851, 0.0218816, 0.040253, 0.075425, 0.198198, 0.226628, 0.18951, 0.806633, 1, 

26,119,0.001, 0.0141455, 0.0218816, 0.0456565, 0.126535, 0.171676, 0.153692, 0.806633, 1, 

27,104,0.001, 0.017851, 0.0218816, 0.0456565, 0.075425, 0.198198, 0.226628, 0.18951, 0.806633, 1, 

Generation #26
32,87,0.001, 0.0141455, 0.0218816, 0.040253, 0.075425, 0.198198, 0.226628, 0.246779, 0.286152, 0.288977, 0.290694, 1, 

29,88,0.001, 0.017851, 0.037516, 0.040253, 0.075425, 0.198198, 0.290179, 0.18951, 0.195469, 0.299091, 0.806633, 1, 

44,85,0.001, 0.017851, 0.0501659, 0.0980615, 0.106911, 0.119235, 0.0172299, 0.17776, 0.247358, 0.299091, 0.400537, 0.935297, 0.492376, 0.576229, 0.613618, 0.67643, 0.75629, 0.776041, 0.831382, 0.839098, 0.844438, 0.864019, 0.902732, 0.91932, 0.968049, 0.998982, 1, 

28,95,0.001, 0.017851, 0.0218816, 0.040253, 0.075425, 0.198198, 0.226628, 0.18951, 0.806633, 1, 

26,119,0.001, 0.0141455, 0.0218816, 0.0456565, 0.126535, 0.171676, 0.153692, 0.806633, 1, 

27,104,0.001, 0.017851, 0.0218816, 0.0456565, 0.075425, 0.198198, 0.226628, 0.18951, 0.806633, 1, 

Generation #27
32,87,0.001, 0.0141455, 0.0218816, 0.040253, 0.075425, 0.198198, 0.226628, 0.246779, 0.286152, 0.288977, 0.290694, 1, 

29,88,0.001, 0.017851, 0.037516, 0.040253, 0.075425, 0.198198, 0.290179, 0.18951, 0.195469, 0.299091, 0.806633, 1, 

44,85,0.001, 0.017851, 0.0501659, 0.0980615, 0.106911, 0.119235, 0.0172299, 0.17776, 0.247358, 0.299091, 0.400537, 0.935297, 0.492376, 0.576229, 0.613618, 0.67643, 0.75629, 0.776041, 0.831382, 0.839098, 0.844438, 0.864019, 0.902732, 0.91932, 0.968049, 0.998982, 1, 

28,95,0.001, 0.017851, 0.0218816, 0.040253, 0.075425, 0.198198, 0.226628, 0.18951, 0.806633, 1, 

26,119,0.001, 0.0141455, 0.0218816, 0.0456565, 0.126535, 0.171676, 0.153692, 0.806633, 1, 

27,104,0.001, 0.017851, 0.0218816, 0.0456565, 0.075425, 0.198198, 0.226628, 0.18951, 0.806633, 1, 

Generation #28
32,87,0.001, 0.0141455, 0.0218816, 0.040253, 0.075425, 0.198198, 0.226628, 0.246779, 0.286152, 0.288977, 0.290694, 1, 

29,88,0.001, 0.017851, 0.037516, 0.040253, 0.075425, 0.198198, 0.290179, 0.18951, 0.195469, 0.299091, 0.806633, 1, 

44,85,0.001, 0.017851, 0.0501659, 0.0980615, 0.106911, 0.119235, 0.0172299, 0.17776, 0.247358, 0.299091, 0.400537, 0.935297, 0.492376, 0.576229, 0.613618, 0.67643, 0.75629, 0.776041, 0.831382, 0.839098, 0.844438, 0.864019, 0.902732, 0.91932, 0.968049, 0.998982, 1, 

26,119,0.001, 0.0141455, 0.0218816, 0.0456565, 0.126535, 0.171676, 0.153692, 0.806633, 1, 

27,104,0.001, 0.017851, 0.0218816, 0.0456565, 0.075425, 0.198198, 0.226628, 0.18951, 0.806633, 1, 

28,93,0.001, 0.017851, 0.0501659, 0.048313, 0.0513067, 0.106911, 0.198198, 0.18951, 0.195469, 0.201938, 1, 

Generation #29
32,87,0.001, 0.0141455, 0.0218816, 0.040253, 0.075425, 0.198198, 0.226628, 0.246779, 0.286152, 0.288977, 0.290694, 1, 

29,88,0.001, 0.017851, 0.037516, 0.040253, 0.075425, 0.198198, 0.290179, 0.18951, 0.195469, 0.299091, 0.806633, 1, 

44,85,0.001, 0.017851, 0.0501659, 0.0980615, 0.106911, 0.119235, 0.0172299, 0.17776, 0.247358, 0.299091, 0.400537, 0.935297, 0.492376, 0.576229, 0.613618, 0.67643, 0.75629, 0.776041, 0.831382, 0.839098, 0.844438, 0.864019, 0.902732, 0.91932, 0.968049, 0.998982, 1, 

26,119,0.001, 0.0141455, 0.0218816, 0.0456565, 0.126535, 0.171676, 0.153692, 0.806633, 1, 

27,104,0.001, 0.017851, 0.0218816, 0.0456565, 0.075425, 0.198198, 0.226628, 0.18951, 0.806633, 1, 

28,93,0.001, 0.017851, 0.0501659, 0.048313, 0.0513067, 0.106911, 0.198198, 0.18951, 0.195469, 0.201938, 1, 

Generation #30
26,119,0.001, 0.0141455, 0.0218816, 0.0456565, 0.126535, 0.171676, 0.153692, 0.806633, 1, 

27,104,0.001, 0.017851, 0.0218816, 0.0456565, 0.075425, 0.198198, 0.226628, 0.18951, 0.806633, 1, 

28,82,0.001, 0.017851, 0.037516, 0.040253, 0.075425, 0.198198, 0.290179, 0.18951, 0.195469, 0.979017, 1, 

Generation #31
26,119,0.001, 0.0141455, 0.0218816, 0.0456565, 0.126535, 0.171676, 0.153692, 0.806633, 1, 

27,104,0.001, 0.017851, 0.0218816, 0.0456565, 0.075425, 0.198198, 0.226628, 0.18951, 0.806633, 1, 

28,82,0.001, 0.017851, 0.037516, 0.040253, 0.075425, 0.198198, 0.290179, 0.18951, 0.195469, 0.979017, 1, 

Generation #32
26,119,0.001, 0.0141455, 0.0218816, 0.0456565, 0.126535, 0.171676, 0.153692, 0.806633, 1, 

27,104,0.001, 0.017851, 0.0218816, 0.0456565, 0.075425, 0.198198, 0.226628, 0.18951, 0.806633, 1, 

28,82,0.001, 0.017851, 0.037516, 0.040253, 0.075425, 0.198198, 0.290179, 0.18951, 0.195469, 0.979017, 1, 

Generation #33
26,119,0.001, 0.0141455, 0.0218816, 0.0456565, 0.126535, 0.171676, 0.153692, 0.806633, 1, 

27,104,0.001, 0.017851, 0.0218816, 0.0456565, 0.075425, 0.198198, 0.226628, 0.18951, 0.806633, 1, 

28,82,0.001, 0.017851, 0.037516, 0.040253, 0.075425, 0.198198, 0.290179, 0.18951, 0.195469, 0.979017, 1, 

Generation #34
26,119,0.001, 0.0141455, 0.0218816, 0.0456565, 0.126535, 0.171676, 0.153692, 0.806633, 1, 

27,104,0.001, 0.017851, 0.0218816, 0.0456565, 0.075425, 0.198198, 0.226628, 0.18951, 0.806633, 1, 

28,82,0.001, 0.017851, 0.037516, 0.040253, 0.075425, 0.198198, 0.290179, 0.18951, 0.195469, 0.979017, 1, 

Generation #35
26,119,0.001, 0.0141455, 0.0218816, 0.0456565, 0.126535, 0.171676, 0.153692, 0.806633, 1, 

27,104,0.001, 0.017851, 0.0218816, 0.0456565, 0.075425, 0.198198, 0.226628, 0.18951, 0.806633, 1, 

28,82,0.001, 0.017851, 0.037516, 0.040253, 0.075425, 0.198198, 0.290179, 0.18951, 0.195469, 0.979017, 1, 

Generation #36
26,119,0.001, 0.0141455, 0.0218816, 0.0456565, 0.126535, 0.171676, 0.153692, 0.806633, 1, 

27,104,0.001, 0.017851, 0.0218816, 0.0456565, 0.075425, 0.198198, 0.226628, 0.18951, 0.806633, 1, 

28,82,0.001, 0.017851, 0.037516, 0.040253, 0.075425, 0.198198, 0.290179, 0.18951, 0.195469, 0.979017, 1, 

46,81,0.001, 0.0266537, 0.037516, 0.040253, 0.075425, 0.14546, 0.15305, 0.161136, 0.234665, 0.262227, 0.262612, 0.470213, 0.492376, 0.576229, 0.613618, 0.67643, 0.75629, 0.776041, 0.831382, 0.839098, 0.844438, 0.864019, 0.902732, 0.91932, 0.968049, 0.998982, 1, 

Generation #37
26,119,0.001, 0.0141455, 0.0218816, 0.0456565, 0.126535, 0.171676, 0.153692, 0.806633, 1, 

27,104,0.001, 0.017851, 0.0218816, 0.0456565, 0.075425, 0.198198, 0.226628, 0.18951, 0.806633, 1, 

28,82,0.001, 0.017851, 0.037516, 0.040253, 0.075425, 0.198198, 0.290179, 0.18951, 0.195469, 0.979017, 1, 

46,81,0.001, 0.0266537, 0.037516, 0.040253, 0.075425, 0.14546, 0.15305, 0.161136, 0.234665, 0.262227, 0.262612, 0.470213, 0.492376, 0.576229, 0.613618, 0.67643, 0.75629, 0.776041, 0.831382, 0.839098, 0.844438, 0.864019, 0.902732, 0.91932, 0.968049, 0.998982, 1, 

Generation #38
26,119,0.001, 0.0141455, 0.0218816, 0.0456565, 0.126535, 0.171676, 0.153692, 0.806633, 1, 

27,104,0.001, 0.017851, 0.0218816, 0.0456565, 0.075425, 0.198198, 0.226628, 0.18951, 0.806633, 1, 

28,82,0.001, 0.017851, 0.037516, 0.040253, 0.075425, 0.198198, 0.290179, 0.18951, 0.195469, 0.979017, 1, 

46,81,0.001, 0.0266537, 0.037516, 0.040253, 0.075425, 0.14546, 0.15305, 0.161136, 0.234665, 0.262227, 0.262612, 0.470213, 0.492376, 0.576229, 0.613618, 0.67643, 0.75629, 0.776041, 0.831382, 0.839098, 0.844438, 0.864019, 0.902732, 0.91932, 0.968049, 0.998982, 1, 

Generation #39
26,119,0.001, 0.0141455, 0.0218816, 0.0456565, 0.126535, 0.171676, 0.153692, 0.806633, 1, 

27,104,0.001, 0.017851, 0.0218816, 0.0456565, 0.075425, 0.198198, 0.226628, 0.18951, 0.806633, 1, 

28,82,0.001, 0.017851, 0.037516, 0.040253, 0.075425, 0.198198, 0.290179, 0.18951, 0.195469, 0.979017, 1, 

46,81,0.001, 0.0266537, 0.037516, 0.040253, 0.075425, 0.14546, 0.15305, 0.161136, 0.234665, 0.262227, 0.262612, 0.470213, 0.492376, 0.576229, 0.613618, 0.67643, 0.75629, 0.776041, 0.831382, 0.839098, 0.844438, 0.864019, 0.902732, 0.91932, 0.968049, 0.998982, 1, 

Generation #40
26,119,0.001, 0.0141455, 0.0218816, 0.0456565, 0.126535, 0.171676, 0.153692, 0.806633, 1, 

27,104,0.001, 0.017851, 0.0218816, 0.0456565, 0.075425, 0.198198, 0.226628, 0.18951, 0.806633, 1, 

28,82,0.001, 0.017851, 0.037516, 0.040253, 0.075425, 0.198198, 0.290179, 0.18951, 0.195469, 0.979017, 1, 

46,81,0.001, 0.0266537, 0.037516, 0.040253, 0.075425, 0.14546, 0.15305, 0.161136, 0.234665, 0.262227, 0.262612, 0.470213, 0.492376, 0.576229, 0.613618, 0.67643, 0.75629, 0.776041, 0.831382, 0.839098, 0.844438, 0.864019, 0.902732, 0.91932, 0.968049, 0.998982, 1, 

Generation #41
26,119,0.001, 0.0141455, 0.0218816, 0.0456565, 0.126535, 0.171676, 0.153692, 0.806633, 1, 

28,82,0.001, 0.017851, 0.037516, 0.040253, 0.075425, 0.198198, 0.290179, 0.18951, 0.195469, 0.979017, 1, 

46,81,0.001, 0.0266537, 0.037516, 0.040253, 0.075425, 0.14546, 0.15305, 0.161136, 0.234665, 0.262227, 0.262612, 0.470213, 0.492376, 0.576229, 0.613618, 0.67643, 0.75629, 0.776041, 0.831382, 0.839098, 0.844438, 0.864019, 0.902732, 0.91932, 0.968049, 0.998982, 1, 

27,91,0.001, 0.017851, 0.037516, 0.040253, 0.075425, 0.198198, 0.226628, 0.18951, 0.806633, 1, 

Generation #42
26,119,0.001, 0.0141455, 0.0218816, 0.0456565, 0.126535, 0.171676, 0.153692, 0.806633, 1, 

28,82,0.001, 0.017851, 0.037516, 0.040253, 0.075425, 0.198198, 0.290179, 0.18951, 0.195469, 0.979017, 1, 

46,81,0.001, 0.0266537, 0.037516, 0.040253, 0.075425, 0.14546, 0.15305, 0.161136, 0.234665, 0.262227, 0.262612, 0.470213, 0.492376, 0.576229, 0.613618, 0.67643, 0.75629, 0.776041, 0.831382, 0.839098, 0.844438, 0.864019, 0.902732, 0.91932, 0.968049, 0.998982, 1, 

27,91,0.001, 0.017851, 0.037516, 0.040253, 0.075425, 0.198198, 0.226628, 0.18951, 0.806633, 1, 

Generation #43
26,119,0.001, 0.0141455, 0.0218816, 0.0456565, 0.126535, 0.171676, 0.153692, 0.806633, 1, 

28,82,0.001, 0.017851, 0.037516, 0.040253, 0.075425, 0.198198, 0.290179, 0.18951, 0.195469, 0.979017, 1, 

46,81,0.001, 0.0266537, 0.037516, 0.040253, 0.075425, 0.14546, 0.15305, 0.161136, 0.234665, 0.262227, 0.262612, 0.470213, 0.492376, 0.576229, 0.613618, 0.67643, 0.75629, 0.776041, 0.831382, 0.839098, 0.844438, 0.864019, 0.902732, 0.91932, 0.968049, 0.998982, 1, 

27,91,0.001, 0.017851, 0.037516, 0.040253, 0.075425, 0.198198, 0.226628, 0.18951, 0.806633, 1, 

Generation #44
26,119,0.001, 0.0141455, 0.0218816, 0.0456565, 0.126535, 0.171676, 0.153692, 0.806633, 1, 

28,82,0.001, 0.017851, 0.037516, 0.040253, 0.075425, 0.198198, 0.290179, 0.18951, 0.195469, 0.979017, 1, 

46,81,0.001, 0.0266537, 0.037516, 0.040253, 0.075425, 0.14546, 0.15305, 0.161136, 0.234665, 0.262227, 0.262612, 0.470213, 0.492376, 0.576229, 0.613618, 0.67643, 0.75629, 0.776041, 0.831382, 0.839098, 0.844438, 0.864019, 0.902732, 0.91932, 0.968049, 0.998982, 1, 

27,91,0.001, 0.017851, 0.037516, 0.040253, 0.075425, 0.198198, 0.226628, 0.18951, 0.806633, 1, 

Generation #45
26,119,0.001, 0.0141455, 0.0218816, 0.0456565, 0.126535, 0.171676, 0.153692, 0.806633, 1, 

28,82,0.001, 0.017851, 0.037516, 0.040253, 0.075425, 0.198198, 0.290179, 0.18951, 0.195469, 0.979017, 1, 

46,81,0.001, 0.0266537, 0.037516, 0.040253, 0.075425, 0.14546, 0.15305, 0.161136, 0.234665, 0.262227, 0.262612, 0.470213, 0.492376, 0.576229, 0.613618, 0.67643, 0.75629, 0.776041, 0.831382, 0.839098, 0.844438, 0.864019, 0.902732, 0.91932, 0.968049, 0.998982, 1, 

27,91,0.001, 0.017851, 0.037516, 0.040253, 0.075425, 0.198198, 0.226628, 0.18951, 0.806633, 1, 

Generation #46
26,119,0.001, 0.0141455, 0.0218816, 0.0456565, 0.126535, 0.171676, 0.153692, 0.806633, 1, 

28,82,0.001, 0.017851, 0.037516, 0.040253, 0.075425, 0.198198, 0.290179, 0.18951, 0.195469, 0.979017, 1, 

46,81,0.001, 0.0266537, 0.037516, 0.040253, 0.075425, 0.14546, 0.15305, 0.161136, 0.234665, 0.262227, 0.262612, 0.470213, 0.492376, 0.576229, 0.613618, 0.67643, 0.75629, 0.776041, 0.831382, 0.839098, 0.844438, 0.864019, 0.902732, 0.91932, 0.968049, 0.998982, 1, 

27,91,0.001, 0.017851, 0.037516, 0.040253, 0.075425, 0.198198, 0.226628, 0.18951, 0.806633, 1, 

Generation #47
26,119,0.001, 0.0141455, 0.0218816, 0.0456565, 0.126535, 0.171676, 0.153692, 0.806633, 1, 

28,82,0.001, 0.017851, 0.037516, 0.040253, 0.075425, 0.198198, 0.290179, 0.18951, 0.195469, 0.979017, 1, 

46,81,0.001, 0.0266537, 0.037516, 0.040253, 0.075425, 0.14546, 0.15305, 0.161136, 0.234665, 0.262227, 0.262612, 0.470213, 0.492376, 0.576229, 0.613618, 0.67643, 0.75629, 0.776041, 0.831382, 0.839098, 0.844438, 0.864019, 0.902732, 0.91932, 0.968049, 0.998982, 1, 

27,91,0.001, 0.017851, 0.037516, 0.040253, 0.075425, 0.198198, 0.226628, 0.18951, 0.806633, 1, 

Generation #48
26,119,0.001, 0.0141455, 0.0218816, 0.0456565, 0.126535, 0.171676, 0.153692, 0.806633, 1, 

28,82,0.001, 0.017851, 0.037516, 0.040253, 0.075425, 0.198198, 0.290179, 0.18951, 0.195469, 0.979017, 1, 

46,81,0.001, 0.0266537, 0.037516, 0.040253, 0.075425, 0.14546, 0.15305, 0.161136, 0.234665, 0.262227, 0.262612, 0.470213, 0.492376, 0.576229, 0.613618, 0.67643, 0.75629, 0.776041, 0.831382, 0.839098, 0.844438, 0.864019, 0.902732, 0.91932, 0.968049, 0.998982, 1, 

27,91,0.001, 0.017851, 0.037516, 0.040253, 0.075425, 0.198198, 0.226628, 0.18951, 0.806633, 1, 

Generation #49
26,119,0.001, 0.0141455, 0.0218816, 0.0456565, 0.126535, 0.171676, 0.153692, 0.806633, 1, 

28,82,0.001, 0.017851, 0.037516, 0.040253, 0.075425, 0.198198, 0.290179, 0.18951, 0.195469, 0.979017, 1, 

46,81,0.001, 0.0266537, 0.037516, 0.040253, 0.075425, 0.14546, 0.15305, 0.161136, 0.234665, 0.262227, 0.262612, 0.470213, 0.492376, 0.576229, 0.613618, 0.67643, 0.75629, 0.776041, 0.831382, 0.839098, 0.844438, 0.864019, 0.902732, 0.91932, 0.968049, 0.998982, 1, 

27,91,0.001, 0.017851, 0.037516, 0.040253, 0.075425, 0.198198, 0.226628, 0.18951, 0.806633, 1, 

--- Pareto Front Solutions ---
Solution 0: N total=52 (N_initial=26, N_added=26), Time total=125 ms, Saved to: ./results/Flex_t2_l1_pareto_0.csv, percents=0.001, 0.0141455, 0.0218816, 0.0456565, 0.126535, 0.171676, 0.153692, 0.806633, 1, 

Solution 1: N total=54 (N_initial=26, N_added=28), Time total=88 ms, Saved to: ./results/Flex_t2_l1_pareto_1.csv, percents=0.001, 0.017851, 0.037516, 0.040253, 0.075425, 0.198198, 0.290179, 0.18951, 0.195469, 0.979017, 1, 

Solution 2: N total=72 (N_initial=26, N_added=46), Time total=87 ms, Saved to: ./results/Flex_t2_l1_pareto_2.csv, percents=0.001, 0.0266537, 0.037516, 0.040253, 0.075425, 0.14546, 0.15305, 0.161136, 0.234665, 0.262227, 0.262612, 0.470213, 0.492376, 0.576229, 0.613618, 0.67643, 0.75629, 0.776041, 0.831382, 0.839098, 0.844438, 0.864019, 0.902732, 0.91932, 0.968049, 0.998982, 1, 

Solution 3: N total=53 (N_initial=26, N_added=27), Time total=97 ms, Saved to: ./results/Flex_t2_l1_pareto_3.csv, percents=0.001, 0.017851, 0.037516, 0.040253, 0.075425, 0.198198, 0.226628, 0.18951, 0.806633, 1, 

------------d=1, t=2, lambda=2, filename=./evaluation/Flex/Flex_2_2.csv------------
Computing partitioned counts of d-sets...
Ready to look at pairs based on partitioned counts...
First Stage N=50, Time=4
There are 50 remaining non-locating pairs
--- Running GA Algorithm (phase2) ---
Running GA with std::execution::par
Generation #0
36,12,0.001, 0.0150979, 0.0525987, 0.059902, 0.0628989, 0.127255, 0.143808, 0.157376, 0.196102, 0.251571, 0.278507, 0.319795, 0.337897, 0.415897, 0.431698, 0.461518, 0.483118, 0.536915, 0.791888, 0.805335, 0.833265, 0.841589, 0.843704, 0.8717, 1, 

40,10,0.001, 0.026636, 0.0338463, 0.0605091, 0.08643, 0.136313, 0.202758, 0.259245, 0.280358, 0.285322, 0.311896, 0.326843, 0.337729, 0.380554, 0.417524, 0.446094, 0.527668, 0.556604, 0.623704, 0.652523, 0.717742, 0.762183, 0.879981, 0.89411, 0.907362, 0.919653, 0.976206, 0.981961, 0.982632, 1, 

22,20,0.001, 0.0654598, 0.129744, 0.137644, 0.154595, 0.16994, 0.321498, 0.448385, 0.476418, 0.509638, 0.714306, 1, 

29,16,0.001, 0.065818, 0.0784055, 0.116755, 0.122188, 0.130625, 0.181633, 0.276384, 0.366647, 0.428237, 0.480298, 0.586474, 0.659728, 0.74582, 0.890142, 0.948354, 0.978059, 1, 

Generation #1
22,20,0.001, 0.0654598, 0.129744, 0.137644, 0.154595, 0.16994, 0.321498, 0.448385, 0.476418, 0.509638, 0.714306, 1, 

35,11,0.001, 0.137312, 0.0525987, 0.059902, 0.0628989, 0.127255, 0.143808, 0.157376, 0.196102, 0.251571, 0.278507, 0.319795, 0.337897, 0.415897, 0.431698, 0.461518, 0.483118, 0.536915, 0.791888, 0.805335, 0.833265, 0.841589, 0.843704, 0.8717, 1, 

40,9,0.001, 0.0725793, 0.0899758, 0.0968226, 0.14692, 0.103164, 0.117278, 0.168275, 0.1874, 0.222034, 0.22752, 0.258367, 0.275385, 0.342431, 0.407938, 0.498831, 0.553455, 0.57115, 0.646414, 0.664974, 0.713924, 0.716012, 0.772466, 0.775751, 0.778246, 0.786787, 0.893223, 0.924857, 0.936661, 0.972745, 1, 

25,12,0.001, 0.0273549, 0.0839869, 0.0871071, 0.103164, 0.117278, 0.168275, 0.537823, 0.746357, 0.78668, 0.850151, 0.87833, 0.987528, 1, 

Generation #2
22,20,0.001, 0.0654598, 0.129744, 0.137644, 0.154595, 0.16994, 0.321498, 0.448385, 0.476418, 0.509638, 0.714306, 1, 

25,12,0.001, 0.0273549, 0.0839869, 0.0871071, 0.103164, 0.117278, 0.168275, 0.537823, 0.746357, 0.78668, 0.850151, 0.87833, 0.987528, 1, 

23,15,0.001, 0.052318, 0.130231, 0.13193, 0.154595, 0.16994, 0.321498, 0.448385, 0.476418, 0.509638, 0.714306, 1, 

34,8,0.001, 0.052318, 0.0570011, 0.0773548, 0.0849955, 0.100368, 0.138808, 0.170927, 0.172889, 0.201417, 0.31419, 0.386079, 0.431557, 0.480969, 0.481981, 0.573372, 0.590271, 0.67142, 0.718125, 0.799458, 0.91945, 0.989707, 1, 

Generation #3
22,20,0.001, 0.0654598, 0.129744, 0.137644, 0.154595, 0.16994, 0.321498, 0.448385, 0.476418, 0.509638, 0.714306, 1, 

23,6,0.001, 0.026636, 0.0338463, 0.0605091, 0.08643, 0.136313, 0.202758, 0.259245, 0.446562, 0.66776, 0.713718, 0.800576, 0.889344, 1, 

Generation #4
22,20,0.001, 0.0654598, 0.129744, 0.137644, 0.154595, 0.16994, 0.321498, 0.448385, 0.476418, 0.509638, 0.714306, 1, 

23,6,0.001, 0.026636, 0.0338463, 0.0605091, 0.08643, 0.136313, 0.202758, 0.259245, 0.446562, 0.66776, 0.713718, 0.800576, 0.889344, 1, 

Generation #5
23,6,0.001, 0.026636, 0.0338463, 0.0605091, 0.08643, 0.136313, 0.202758, 0.259245, 0.446562, 0.66776, 0.713718, 0.800576, 0.889344, 1, 

21,13,0.001, 0.0725793, 0.0570011, 0.0773548, 0.0849955, 0.100368, 0.336599, 0.482989, 0.683491, 0.942066, 1, 

22,7,0.001, 0.052318, 0.0570011, 0.0773548, 0.0849955, 0.100368, 0.138808, 0.170927, 0.172889, 0.801835, 0.31419, 0.386079, 1, 

Generation #6
23,6,0.001, 0.026636, 0.0338463, 0.0605091, 0.08643, 0.136313, 0.202758, 0.259245, 0.446562, 0.66776, 0.713718, 0.800576, 0.889344, 1, 

21,13,0.001, 0.0725793, 0.0570011, 0.0773548, 0.0849955, 0.100368, 0.336599, 0.482989, 0.683491, 0.942066, 1, 

22,7,0.001, 0.052318, 0.0570011, 0.0773548, 0.0849955, 0.100368, 0.138808, 0.170927, 0.172889, 0.801835, 0.31419, 0.386079, 1, 

Generation #7
23,6,0.001, 0.026636, 0.0338463, 0.0605091, 0.08643, 0.136313, 0.202758, 0.259245, 0.446562, 0.66776, 0.713718, 0.800576, 0.889344, 1, 

21,13,0.001, 0.0725793, 0.0570011, 0.0773548, 0.0849955, 0.100368, 0.336599, 0.482989, 0.683491, 0.942066, 1, 

22,7,0.001, 0.052318, 0.0570011, 0.0773548, 0.0849955, 0.100368, 0.138808, 0.170927, 0.172889, 0.801835, 0.31419, 0.386079, 1, 

20,20,0.001, 0.158654, 0.0570011, 0.0773548, 0.0849955, 0.100368, 0.336599, 0.482989, 0.683491, 0.942066, 1, 

Generation #8
23,6,0.001, 0.026636, 0.0338463, 0.0605091, 0.08643, 0.136313, 0.202758, 0.259245, 0.446562, 0.66776, 0.713718, 0.800576, 0.889344, 1, 

21,13,0.001, 0.0725793, 0.0570011, 0.0773548, 0.0849955, 0.100368, 0.336599, 0.482989, 0.683491, 0.942066, 1, 

22,7,0.001, 0.052318, 0.0570011, 0.0773548, 0.0849955, 0.100368, 0.138808, 0.170927, 0.172889, 0.801835, 0.31419, 0.386079, 1, 

20,20,0.001, 0.158654, 0.0570011, 0.0773548, 0.0849955, 0.100368, 0.336599, 0.482989, 0.683491, 0.942066, 1, 

30,5,0.001, 0.052318, 0.0570011, 0.0773548, 0.0849955, 0.100368, 0.138808, 0.170927, 0.172889, 0.201417, 0.31419, 0.386079, 0.431557, 0.480969, 0.481981, 0.573372, 0.590271, 0.67142, 0.718125, 0.799458, 0.91945, 0.989707, 1, 

Generation #9
23,6,0.001, 0.026636, 0.0338463, 0.0605091, 0.08643, 0.136313, 0.202758, 0.259245, 0.446562, 0.66776, 0.713718, 0.800576, 0.889344, 1, 

22,7,0.001, 0.052318, 0.0570011, 0.0773548, 0.0849955, 0.100368, 0.138808, 0.170927, 0.172889, 0.801835, 0.31419, 0.386079, 1, 

30,5,0.001, 0.052318, 0.0570011, 0.0773548, 0.0849955, 0.100368, 0.138808, 0.170927, 0.172889, 0.201417, 0.31419, 0.386079, 0.431557, 0.480969, 0.481981, 0.573372, 0.590271, 0.67142, 0.718125, 0.799458, 0.91945, 0.989707, 1, 

20,14,0.001, 0.0150979, 0.0525987, 0.059902, 0.0628989, 0.127255, 0.138808, 0.170927, 0.172889, 0.801835, 1, 

21,11,0.001, 0.0725793, 0.0899758, 0.0968226, 0.125609, 0.14692, 0.154587, 0.448385, 0.476418, 0.509638, 0.714306, 1, 

Generation #10
23,6,0.001, 0.026636, 0.0338463, 0.0605091, 0.08643, 0.136313, 0.202758, 0.259245, 0.446562, 0.66776, 0.713718, 0.800576, 0.889344, 1, 

22,7,0.001, 0.052318, 0.0570011, 0.0773548, 0.0849955, 0.100368, 0.138808, 0.170927, 0.172889, 0.801835, 0.31419, 0.386079, 1, 

30,5,0.001, 0.052318, 0.0570011, 0.0773548, 0.0849955, 0.100368, 0.138808, 0.170927, 0.172889, 0.201417, 0.31419, 0.386079, 0.431557, 0.480969, 0.481981, 0.573372, 0.590271, 0.67142, 0.718125, 0.799458, 0.91945, 0.989707, 1, 

21,11,0.001, 0.0725793, 0.0899758, 0.0968226, 0.125609, 0.14692, 0.154587, 0.448385, 0.476418, 0.509638, 0.714306, 1, 

20,12,0.001, 0.052318, 0.0570011, 0.0773548, 0.0849955, 0.100368, 0.138808, 0.170927, 0.172889, 0.509638, 0.714306, 1, 

Generation #11
23,6,0.001, 0.026636, 0.0338463, 0.0605091, 0.08643, 0.136313, 0.202758, 0.259245, 0.446562, 0.66776, 0.713718, 0.800576, 0.889344, 1, 

22,7,0.001, 0.052318, 0.0570011, 0.0773548, 0.0849955, 0.100368, 0.138808, 0.170927, 0.172889, 0.801835, 0.31419, 0.386079, 1, 

30,5,0.001, 0.052318, 0.0570011, 0.0773548, 0.0849955, 0.100368, 0.138808, 0.170927, 0.172889, 0.201417, 0.31419, 0.386079, 0.431557, 0.480969, 0.481981, 0.573372, 0.590271, 0.67142, 0.718125, 0.799458, 0.91945, 0.989707, 1, 

21,11,0.001, 0.0725793, 0.0899758, 0.0968226, 0.125609, 0.14692, 0.154587, 0.448385, 0.476418, 0.509638, 0.714306, 1, 

20,12,0.001, 0.052318, 0.0570011, 0.0773548, 0.0849955, 0.100368, 0.138808, 0.170927, 0.172889, 0.509638, 0.714306, 1, 

Generation #12
23,6,0.001, 0.026636, 0.0338463, 0.0605091, 0.08643, 0.136313, 0.202758, 0.259245, 0.446562, 0.66776, 0.713718, 0.800576, 0.889344, 1, 

22,7,0.001, 0.052318, 0.0570011, 0.0773548, 0.0849955, 0.100368, 0.138808, 0.170927, 0.172889, 0.801835, 0.31419, 0.386079, 1, 

30,5,0.001, 0.052318, 0.0570011, 0.0773548, 0.0849955, 0.100368, 0.138808, 0.170927, 0.172889, 0.201417, 0.31419, 0.386079, 0.431557, 0.480969, 0.481981, 0.573372, 0.590271, 0.67142, 0.718125, 0.799458, 0.91945, 0.989707, 1, 

21,11,0.001, 0.0725793, 0.0899758, 0.0968226, 0.125609, 0.14692, 0.154587, 0.448385, 0.476418, 0.509638, 0.714306, 1, 

20,12,0.001, 0.052318, 0.0570011, 0.0773548, 0.0849955, 0.100368, 0.138808, 0.170927, 0.172889, 0.509638, 0.714306, 1, 

Generation #13
23,6,0.001, 0.026636, 0.0338463, 0.0605091, 0.08643, 0.136313, 0.202758, 0.259245, 0.446562, 0.66776, 0.713718, 0.800576, 0.889344, 1, 

22,7,0.001, 0.052318, 0.0570011, 0.0773548, 0.0849955, 0.100368, 0.138808, 0.170927, 0.172889, 0.801835, 0.31419, 0.386079, 1, 

30,5,0.001, 0.052318, 0.0570011, 0.0773548, 0.0849955, 0.100368, 0.138808, 0.170927, 0.172889, 0.201417, 0.31419, 0.386079, 0.431557, 0.480969, 0.481981, 0.573372, 0.590271, 0.67142, 0.718125, 0.799458, 0.91945, 0.989707, 1, 

20,12,0.001, 0.052318, 0.0570011, 0.0773548, 0.0849955, 0.100368, 0.138808, 0.170927, 0.172889, 0.509638, 0.714306, 1, 

21,10,0.001, 0.026636, 0.0338463, 0.0605091, 0.08643, 0.136313, 0.202758, 0.259245, 0.366647, 0.428237, 1, 

Generation #14
23,6,0.001, 0.026636, 0.0338463, 0.0605091, 0.08643, 0.136313, 0.202758, 0.259245, 0.446562, 0.66776, 0.713718, 0.800576, 0.889344, 1, 

22,7,0.001, 0.052318, 0.0570011, 0.0773548, 0.0849955, 0.100368, 0.138808, 0.170927, 0.172889, 0.801835, 0.31419, 0.386079, 1, 

30,5,0.001, 0.052318, 0.0570011, 0.0773548, 0.0849955, 0.100368, 0.138808, 0.170927, 0.172889, 0.201417, 0.31419, 0.386079, 0.431557, 0.480969, 0.481981, 0.573372, 0.590271, 0.67142, 0.718125, 0.799458, 0.91945, 0.989707, 1, 

20,12,0.001, 0.052318, 0.0570011, 0.0773548, 0.0849955, 0.100368, 0.138808, 0.170927, 0.172889, 0.509638, 0.714306, 1, 

21,10,0.001, 0.026636, 0.0338463, 0.0605091, 0.08643, 0.136313, 0.202758, 0.259245, 0.366647, 0.428237, 1, 

Generation #15
22,4,0.001, 0.0252069, 0.0525987, 0.059902, 0.0628989, 0.127255, 0.117278, 0.168275, 0.1874, 0.222034, 0.22752, 0.258367, 0.275385, 0.987528, 1, 

20,6,0.001, 0.0252069, 0.0273549, 0.0839869, 0.0871071, 0.103164, 0.117278, 0.170927, 0.172889, 0.201417, 0.31419, 1, 

Generation #16
22,4,0.001, 0.0252069, 0.0525987, 0.059902, 0.0628989, 0.127255, 0.117278, 0.168275, 0.1874, 0.222034, 0.22752, 0.258367, 0.275385, 0.987528, 1, 

20,6,0.001, 0.0252069, 0.0273549, 0.0839869, 0.0871071, 0.103164, 0.117278, 0.170927, 0.172889, 0.201417, 0.31419, 1, 

Generation #17
22,4,0.001, 0.0252069, 0.0525987, 0.059902, 0.0628989, 0.127255, 0.117278, 0.168275, 0.1874, 0.222034, 0.22752, 0.258367, 0.275385, 0.987528, 1, 

20,6,0.001, 0.0252069, 0.0273549, 0.0839869, 0.0871071, 0.103164, 0.117278, 0.170927, 0.172889, 0.201417, 0.31419, 1, 

18,18,0.001, 0.0150979, 0.0570011, 0.0773548, 0.0849955, 0.100368, 0.117278, 0.168275, 0.1874, 0.201417, 0.31419, 1, 

Generation #18
22,4,0.001, 0.0252069, 0.0525987, 0.059902, 0.0628989, 0.127255, 0.117278, 0.168275, 0.1874, 0.222034, 0.22752, 0.258367, 0.275385, 0.987528, 1, 

20,6,0.001, 0.0252069, 0.0273549, 0.0839869, 0.0871071, 0.103164, 0.117278, 0.170927, 0.172889, 0.201417, 0.31419, 1, 

18,18,0.001, 0.0150979, 0.0570011, 0.0773548, 0.0849955, 0.100368, 0.117278, 0.168275, 0.1874, 0.201417, 0.31419, 1, 

Generation #19
18,18,0.001, 0.0150979, 0.0570011, 0.0773548, 0.0849955, 0.100368, 0.117278, 0.168275, 0.1874, 0.201417, 0.31419, 1, 

22,3,0.001, 0.0150979, 0.0525987, 0.059902, 0.0849955, 0.100368, 0.117278, 0.168275, 0.1874, 0.222034, 0.22752, 0.258367, 0.275385, 0.987528, 1, 

20,4,0.001, 0.0252069, 0.0525987, 0.059902, 0.0628989, 0.127255, 0.117278, 0.168275, 0.1874, 0.222034, 0.22752, 1, 

Generation #20
18,18,0.001, 0.0150979, 0.0570011, 0.0773548, 0.0849955, 0.100368, 0.117278, 0.168275, 0.1874, 0.201417, 0.31419, 1, 

22,3,0.001, 0.0150979, 0.0525987, 0.059902, 0.0849955, 0.100368, 0.117278, 0.168275, 0.1874, 0.222034, 0.22752, 0.258367, 0.275385, 0.987528, 1, 

20,4,0.001, 0.0252069, 0.0525987, 0.059902, 0.0628989, 0.127255, 0.117278, 0.168275, 0.1874, 0.222034, 0.22752, 1, 

Generation #21
22,3,0.001, 0.0150979, 0.0525987, 0.059902, 0.0849955, 0.100368, 0.117278, 0.168275, 0.1874, 0.222034, 0.22752, 0.258367, 0.275385, 0.987528, 1, 

20,4,0.001, 0.0252069, 0.0525987, 0.059902, 0.0628989, 0.127255, 0.117278, 0.168275, 0.1874, 0.222034, 0.22752, 1, 

18,14,0.001, 0.026636, 0.0338463, 0.0605091, 0.08643, 0.136313, 0.202758, 0.259245, 0.428237, 1, 

Generation #22
22,3,0.001, 0.0150979, 0.0525987, 0.059902, 0.0849955, 0.100368, 0.117278, 0.168275, 0.1874, 0.222034, 0.22752, 0.258367, 0.275385, 0.987528, 1, 

20,4,0.001, 0.0252069, 0.0525987, 0.059902, 0.0628989, 0.127255, 0.117278, 0.168275, 0.1874, 0.222034, 0.22752, 1, 

18,14,0.001, 0.026636, 0.0338463, 0.0605091, 0.08643, 0.136313, 0.202758, 0.259245, 0.428237, 1, 

Generation #23
22,3,0.001, 0.0150979, 0.0525987, 0.059902, 0.0849955, 0.100368, 0.117278, 0.168275, 0.1874, 0.222034, 0.22752, 0.258367, 0.275385, 0.987528, 1, 

20,4,0.001, 0.0252069, 0.0525987, 0.059902, 0.0628989, 0.127255, 0.117278, 0.168275, 0.1874, 0.222034, 0.22752, 1, 

18,14,0.001, 0.026636, 0.0338463, 0.0605091, 0.08643, 0.136313, 0.202758, 0.259245, 0.428237, 1, 

Generation #24
22,3,0.001, 0.0150979, 0.0525987, 0.059902, 0.0849955, 0.100368, 0.117278, 0.168275, 0.1874, 0.222034, 0.22752, 0.258367, 0.275385, 0.987528, 1, 

20,4,0.001, 0.0252069, 0.0525987, 0.059902, 0.0628989, 0.127255, 0.117278, 0.168275, 0.1874, 0.222034, 0.22752, 1, 

18,14,0.001, 0.026636, 0.0338463, 0.0605091, 0.08643, 0.136313, 0.202758, 0.259245, 0.428237, 1, 

Generation #25
22,3,0.001, 0.0150979, 0.0525987, 0.059902, 0.0849955, 0.100368, 0.117278, 0.168275, 0.1874, 0.222034, 0.22752, 0.258367, 0.275385, 0.987528, 1, 

20,4,0.001, 0.0252069, 0.0525987, 0.059902, 0.0628989, 0.127255, 0.117278, 0.168275, 0.1874, 0.222034, 0.22752, 1, 

18,14,0.001, 0.026636, 0.0338463, 0.0605091, 0.08643, 0.136313, 0.202758, 0.259245, 0.428237, 1, 

Generation #26
22,3,0.001, 0.0150979, 0.0525987, 0.059902, 0.0849955, 0.100368, 0.117278, 0.168275, 0.1874, 0.222034, 0.22752, 0.258367, 0.275385, 0.987528, 1, 

20,4,0.001, 0.0252069, 0.0525987, 0.059902, 0.0628989, 0.127255, 0.117278, 0.168275, 0.1874, 0.222034, 0.22752, 1, 

18,14,0.001, 0.026636, 0.0338463, 0.0605091, 0.08643, 0.136313, 0.202758, 0.259245, 0.428237, 1, 

Generation #27
22,3,0.001, 0.0150979, 0.0525987, 0.059902, 0.0849955, 0.100368, 0.117278, 0.168275, 0.1874, 0.222034, 0.22752, 0.258367, 0.275385, 0.987528, 1, 

20,4,0.001, 0.0252069, 0.0525987, 0.059902, 0.0628989, 0.127255, 0.117278, 0.168275, 0.1874, 0.222034, 0.22752, 1, 

18,14,0.001, 0.026636, 0.0338463, 0.0605091, 0.08643, 0.136313, 0.202758, 0.259245, 0.428237, 1, 

Generation #28
22,3,0.001, 0.0150979, 0.0525987, 0.059902, 0.0849955, 0.100368, 0.117278, 0.168275, 0.1874, 0.222034, 0.22752, 0.258367, 0.275385, 0.987528, 1, 

20,4,0.001, 0.0252069, 0.0525987, 0.059902, 0.0628989, 0.127255, 0.117278, 0.168275, 0.1874, 0.222034, 0.22752, 1, 

18,14,0.001, 0.026636, 0.0338463, 0.0605091, 0.08643, 0.136313, 0.202758, 0.259245, 0.428237, 1, 

19,5,0.001, 0.052318, 0.0570011, 0.0773548, 0.0628989, 0.127255, 0.202758, 0.259245, 0.217121, 0.428237, 1, 

Generation #29
22,3,0.001, 0.0150979, 0.0525987, 0.059902, 0.0849955, 0.100368, 0.117278, 0.168275, 0.1874, 0.222034, 0.22752, 0.258367, 0.275385, 0.987528, 1, 

20,4,0.001, 0.0252069, 0.0525987, 0.059902, 0.0628989, 0.127255, 0.117278, 0.168275, 0.1874, 0.222034, 0.22752, 1, 

18,14,0.001, 0.026636, 0.0338463, 0.0605091, 0.08643, 0.136313, 0.202758, 0.259245, 0.428237, 1, 

19,5,0.001, 0.052318, 0.0570011, 0.0773548, 0.0628989, 0.127255, 0.202758, 0.259245, 0.217121, 0.428237, 1, 

Generation #30
22,3,0.001, 0.0150979, 0.0525987, 0.059902, 0.0849955, 0.100368, 0.117278, 0.168275, 0.1874, 0.222034, 0.22752, 0.258367, 0.275385, 0.987528, 1, 

20,4,0.001, 0.0252069, 0.0525987, 0.059902, 0.0628989, 0.127255, 0.117278, 0.168275, 0.1874, 0.222034, 0.22752, 1, 

18,14,0.001, 0.026636, 0.0338463, 0.0605091, 0.08643, 0.136313, 0.202758, 0.259245, 0.428237, 1, 

19,5,0.001, 0.052318, 0.0570011, 0.0773548, 0.0628989, 0.127255, 0.202758, 0.259245, 0.217121, 0.428237, 1, 

Generation #31
22,3,0.001, 0.0150979, 0.0525987, 0.059902, 0.0849955, 0.100368, 0.117278, 0.168275, 0.1874, 0.222034, 0.22752, 0.258367, 0.275385, 0.987528, 1, 

20,4,0.001, 0.0252069, 0.0525987, 0.059902, 0.0628989, 0.127255, 0.117278, 0.168275, 0.1874, 0.222034, 0.22752, 1, 

18,14,0.001, 0.026636, 0.0338463, 0.0605091, 0.08643, 0.136313, 0.202758, 0.259245, 0.428237, 1, 

19,5,0.001, 0.052318, 0.0570011, 0.0773548, 0.0628989, 0.127255, 0.202758, 0.259245, 0.217121, 0.428237, 1, 

23,2,0.001, 0.0252069, 0.0525987, 0.059902, 0.0628989, 0.127255, 0.117278, 0.168275, 0.1874, 0.222034, 0.22752, 0.258367, 0.275385, 0.0458939, 0.987528, 1, 

Generation #32
22,3,0.001, 0.0150979, 0.0525987, 0.059902, 0.0849955, 0.100368, 0.117278, 0.168275, 0.1874, 0.222034, 0.22752, 0.258367, 0.275385, 0.987528, 1, 

20,4,0.001, 0.0252069, 0.0525987, 0.059902, 0.0628989, 0.127255, 0.117278, 0.168275, 0.1874, 0.222034, 0.22752, 1, 

18,14,0.001, 0.026636, 0.0338463, 0.0605091, 0.08643, 0.136313, 0.202758, 0.259245, 0.428237, 1, 

19,5,0.001, 0.052318, 0.0570011, 0.0773548, 0.0628989, 0.127255, 0.202758, 0.259245, 0.217121, 0.428237, 1, 

23,2,0.001, 0.0252069, 0.0525987, 0.059902, 0.0628989, 0.127255, 0.117278, 0.168275, 0.1874, 0.222034, 0.22752, 0.258367, 0.275385, 0.0458939, 0.987528, 1, 

Generation #33
22,3,0.001, 0.0150979, 0.0525987, 0.059902, 0.0849955, 0.100368, 0.117278, 0.168275, 0.1874, 0.222034, 0.22752, 0.258367, 0.275385, 0.987528, 1, 

20,4,0.001, 0.0252069, 0.0525987, 0.059902, 0.0628989, 0.127255, 0.117278, 0.168275, 0.1874, 0.222034, 0.22752, 1, 

19,5,0.001, 0.052318, 0.0570011, 0.0773548, 0.0628989, 0.127255, 0.202758, 0.259245, 0.217121, 0.428237, 1, 

23,2,0.001, 0.0252069, 0.0525987, 0.059902, 0.0628989, 0.127255, 0.117278, 0.168275, 0.1874, 0.222034, 0.22752, 0.258367, 0.275385, 0.0458939, 0.987528, 1, 

18,6,0.001, 0.0474387, 0.0611313, 0.0657212, 0.0795076, 0.137286, 0.144862, 0.259245, 0.428237, 0.428237, 1, 

Generation #34
22,3,0.001, 0.0150979, 0.0525987, 0.059902, 0.0849955, 0.100368, 0.117278, 0.168275, 0.1874, 0.222034, 0.22752, 0.258367, 0.275385, 0.987528, 1, 

20,4,0.001, 0.0252069, 0.0525987, 0.059902, 0.0628989, 0.127255, 0.117278, 0.168275, 0.1874, 0.222034, 0.22752, 1, 

19,5,0.001, 0.052318, 0.0570011, 0.0773548, 0.0628989, 0.127255, 0.202758, 0.259245, 0.217121, 0.428237, 1, 

23,2,0.001, 0.0252069, 0.0525987, 0.059902, 0.0628989, 0.127255, 0.117278, 0.168275, 0.1874, 0.222034, 0.22752, 0.258367, 0.275385, 0.0458939, 0.987528, 1, 

18,6,0.001, 0.0474387, 0.0611313, 0.0657212, 0.0795076, 0.137286, 0.144862, 0.259245, 0.428237, 0.428237, 1, 

Generation #35
22,3,0.001, 0.0150979, 0.0525987, 0.059902, 0.0849955, 0.100368, 0.117278, 0.168275, 0.1874, 0.222034, 0.22752, 0.258367, 0.275385, 0.987528, 1, 

20,4,0.001, 0.0252069, 0.0525987, 0.059902, 0.0628989, 0.127255, 0.117278, 0.168275, 0.1874, 0.222034, 0.22752, 1, 

19,5,0.001, 0.052318, 0.0570011, 0.0773548, 0.0628989, 0.127255, 0.202758, 0.259245, 0.217121, 0.428237, 1, 

23,2,0.001, 0.0252069, 0.0525987, 0.059902, 0.0628989, 0.127255, 0.117278, 0.168275, 0.1874, 0.222034, 0.22752, 0.258367, 0.275385, 0.0458939, 0.987528, 1, 

18,6,0.001, 0.0474387, 0.0611313, 0.0657212, 0.0795076, 0.137286, 0.144862, 0.259245, 0.428237, 0.428237, 1, 

Generation #36
22,3,0.001, 0.0150979, 0.0525987, 0.059902, 0.0849955, 0.100368, 0.117278, 0.168275, 0.1874, 0.222034, 0.22752, 0.258367, 0.275385, 0.987528, 1, 

20,4,0.001, 0.0252069, 0.0525987, 0.059902, 0.0628989, 0.127255, 0.117278, 0.168275, 0.1874, 0.222034, 0.22752, 1, 

19,5,0.001, 0.052318, 0.0570011, 0.0773548, 0.0628989, 0.127255, 0.202758, 0.259245, 0.217121, 0.428237, 1, 

23,2,0.001, 0.0252069, 0.0525987, 0.059902, 0.0628989, 0.127255, 0.117278, 0.168275, 0.1874, 0.222034, 0.22752, 0.258367, 0.275385, 0.0458939, 0.987528, 1, 

18,6,0.001, 0.0474387, 0.0611313, 0.0657212, 0.0795076, 0.137286, 0.144862, 0.259245, 0.428237, 0.428237, 1, 

Generation #37
22,3,0.001, 0.0150979, 0.0525987, 0.059902, 0.0849955, 0.100368, 0.117278, 0.168275, 0.1874, 0.222034, 0.22752, 0.258367, 0.275385, 0.987528, 1, 

20,4,0.001, 0.0252069, 0.0525987, 0.059902, 0.0628989, 0.127255, 0.117278, 0.168275, 0.1874, 0.222034, 0.22752, 1, 

19,5,0.001, 0.052318, 0.0570011, 0.0773548, 0.0628989, 0.127255, 0.202758, 0.259245, 0.217121, 0.428237, 1, 

23,2,0.001, 0.0252069, 0.0525987, 0.059902, 0.0628989, 0.127255, 0.117278, 0.168275, 0.1874, 0.222034, 0.22752, 0.258367, 0.275385, 0.0458939, 0.987528, 1, 

18,6,0.001, 0.0474387, 0.0611313, 0.0657212, 0.0795076, 0.137286, 0.144862, 0.259245, 0.428237, 0.428237, 1, 

Generation #38
22,3,0.001, 0.0150979, 0.0525987, 0.059902, 0.0849955, 0.100368, 0.117278, 0.168275, 0.1874, 0.222034, 0.22752, 0.258367, 0.275385, 0.987528, 1, 

20,4,0.001, 0.0252069, 0.0525987, 0.059902, 0.0628989, 0.127255, 0.117278, 0.168275, 0.1874, 0.222034, 0.22752, 1, 

19,5,0.001, 0.052318, 0.0570011, 0.0773548, 0.0628989, 0.127255, 0.202758, 0.259245, 0.217121, 0.428237, 1, 

23,2,0.001, 0.0252069, 0.0525987, 0.059902, 0.0628989, 0.127255, 0.117278, 0.168275, 0.1874, 0.222034, 0.22752, 0.258367, 0.275385, 0.0458939, 0.987528, 1, 

18,6,0.001, 0.0474387, 0.0611313, 0.0657212, 0.0795076, 0.137286, 0.144862, 0.259245, 0.428237, 0.428237, 1, 

Generation #39
22,3,0.001, 0.0150979, 0.0525987, 0.059902, 0.0849955, 0.100368, 0.117278, 0.168275, 0.1874, 0.222034, 0.22752, 0.258367, 0.275385, 0.987528, 1, 

20,4,0.001, 0.0252069, 0.0525987, 0.059902, 0.0628989, 0.127255, 0.117278, 0.168275, 0.1874, 0.222034, 0.22752, 1, 

19,5,0.001, 0.052318, 0.0570011, 0.0773548, 0.0628989, 0.127255, 0.202758, 0.259245, 0.217121, 0.428237, 1, 

23,2,0.001, 0.0252069, 0.0525987, 0.059902, 0.0628989, 0.127255, 0.117278, 0.168275, 0.1874, 0.222034, 0.22752, 0.258367, 0.275385, 0.0458939, 0.987528, 1, 

18,6,0.001, 0.0474387, 0.0611313, 0.0657212, 0.0795076, 0.137286, 0.144862, 0.259245, 0.428237, 0.428237, 1, 

Generation #40
22,3,0.001, 0.0150979, 0.0525987, 0.059902, 0.0849955, 0.100368, 0.117278, 0.168275, 0.1874, 0.222034, 0.22752, 0.258367, 0.275385, 0.987528, 1, 

20,4,0.001, 0.0252069, 0.0525987, 0.059902, 0.0628989, 0.127255, 0.117278, 0.168275, 0.1874, 0.222034, 0.22752, 1, 

19,5,0.001, 0.052318, 0.0570011, 0.0773548, 0.0628989, 0.127255, 0.202758, 0.259245, 0.217121, 0.428237, 1, 

23,2,0.001, 0.0252069, 0.0525987, 0.059902, 0.0628989, 0.127255, 0.117278, 0.168275, 0.1874, 0.222034, 0.22752, 0.258367, 0.275385, 0.0458939, 0.987528, 1, 

18,6,0.001, 0.0474387, 0.0611313, 0.0657212, 0.0795076, 0.137286, 0.144862, 0.259245, 0.428237, 0.428237, 1, 

Generation #41
22,3,0.001, 0.0150979, 0.0525987, 0.059902, 0.0849955, 0.100368, 0.117278, 0.168275, 0.1874, 0.222034, 0.22752, 0.258367, 0.275385, 0.987528, 1, 

20,4,0.001, 0.0252069, 0.0525987, 0.059902, 0.0628989, 0.127255, 0.117278, 0.168275, 0.1874, 0.222034, 0.22752, 1, 

19,5,0.001, 0.052318, 0.0570011, 0.0773548, 0.0628989, 0.127255, 0.202758, 0.259245, 0.217121, 0.428237, 1, 

23,2,0.001, 0.0252069, 0.0525987, 0.059902, 0.0628989, 0.127255, 0.117278, 0.168275, 0.1874, 0.222034, 0.22752, 0.258367, 0.275385, 0.0458939, 0.987528, 1, 

18,6,0.001, 0.0474387, 0.0611313, 0.0657212, 0.0795076, 0.137286, 0.144862, 0.259245, 0.428237, 0.428237, 1, 

17,67,0.001, 0.0150979, 0.0525987, 0.059902, 0.100368, 1, 

Generation #42
22,3,0.001, 0.0150979, 0.0525987, 0.059902, 0.0849955, 0.100368, 0.117278, 0.168275, 0.1874, 0.222034, 0.22752, 0.258367, 0.275385, 0.987528, 1, 

20,4,0.001, 0.0252069, 0.0525987, 0.059902, 0.0628989, 0.127255, 0.117278, 0.168275, 0.1874, 0.222034, 0.22752, 1, 

19,5,0.001, 0.052318, 0.0570011, 0.0773548, 0.0628989, 0.127255, 0.202758, 0.259245, 0.217121, 0.428237, 1, 

23,2,0.001, 0.0252069, 0.0525987, 0.059902, 0.0628989, 0.127255, 0.117278, 0.168275, 0.1874, 0.222034, 0.22752, 0.258367, 0.275385, 0.0458939, 0.987528, 1, 

18,6,0.001, 0.0474387, 0.0611313, 0.0657212, 0.0795076, 0.137286, 0.144862, 0.259245, 0.428237, 0.428237, 1, 

17,67,0.001, 0.0150979, 0.0525987, 0.059902, 0.100368, 1, 

Generation #43
22,3,0.001, 0.0150979, 0.0525987, 0.059902, 0.0849955, 0.100368, 0.117278, 0.168275, 0.1874, 0.222034, 0.22752, 0.258367, 0.275385, 0.987528, 1, 

20,4,0.001, 0.0252069, 0.0525987, 0.059902, 0.0628989, 0.127255, 0.117278, 0.168275, 0.1874, 0.222034, 0.22752, 1, 

19,5,0.001, 0.052318, 0.0570011, 0.0773548, 0.0628989, 0.127255, 0.202758, 0.259245, 0.217121, 0.428237, 1, 

23,2,0.001, 0.0252069, 0.0525987, 0.059902, 0.0628989, 0.127255, 0.117278, 0.168275, 0.1874, 0.222034, 0.22752, 0.258367, 0.275385, 0.0458939, 0.987528, 1, 

18,6,0.001, 0.0474387, 0.0611313, 0.0657212, 0.0795076, 0.137286, 0.144862, 0.259245, 0.428237, 0.428237, 1, 

17,67,0.001, 0.0150979, 0.0525987, 0.059902, 0.100368, 1, 

Generation #44
22,3,0.001, 0.0150979, 0.0525987, 0.059902, 0.0849955, 0.100368, 0.117278, 0.168275, 0.1874, 0.222034, 0.22752, 0.258367, 0.275385, 0.987528, 1, 

20,4,0.001, 0.0252069, 0.0525987, 0.059902, 0.0628989, 0.127255, 0.117278, 0.168275, 0.1874, 0.222034, 0.22752, 1, 

19,5,0.001, 0.052318, 0.0570011, 0.0773548, 0.0628989, 0.127255, 0.202758, 0.259245, 0.217121, 0.428237, 1, 

23,2,0.001, 0.0252069, 0.0525987, 0.059902, 0.0628989, 0.127255, 0.117278, 0.168275, 0.1874, 0.222034, 0.22752, 0.258367, 0.275385, 0.0458939, 0.987528, 1, 

18,6,0.001, 0.0474387, 0.0611313, 0.0657212, 0.0795076, 0.137286, 0.144862, 0.259245, 0.428237, 0.428237, 1, 

17,67,0.001, 0.0150979, 0.0525987, 0.059902, 0.100368, 1, 

Generation #45
22,3,0.001, 0.0150979, 0.0525987, 0.059902, 0.0849955, 0.100368, 0.117278, 0.168275, 0.1874, 0.222034, 0.22752, 0.258367, 0.275385, 0.987528, 1, 

20,4,0.001, 0.0252069, 0.0525987, 0.059902, 0.0628989, 0.127255, 0.117278, 0.168275, 0.1874, 0.222034, 0.22752, 1, 

19,5,0.001, 0.052318, 0.0570011, 0.0773548, 0.0628989, 0.127255, 0.202758, 0.259245, 0.217121, 0.428237, 1, 

23,2,0.001, 0.0252069, 0.0525987, 0.059902, 0.0628989, 0.127255, 0.117278, 0.168275, 0.1874, 0.222034, 0.22752, 0.258367, 0.275385, 0.0458939, 0.987528, 1, 

18,6,0.001, 0.0474387, 0.0611313, 0.0657212, 0.0795076, 0.137286, 0.144862, 0.259245, 0.428237, 0.428237, 1, 

17,67,0.001, 0.0150979, 0.0525987, 0.059902, 0.100368, 1, 

Generation #46
22,3,0.001, 0.0150979, 0.0525987, 0.059902, 0.0849955, 0.100368, 0.117278, 0.168275, 0.1874, 0.222034, 0.22752, 0.258367, 0.275385, 0.987528, 1, 

20,4,0.001, 0.0252069, 0.0525987, 0.059902, 0.0628989, 0.127255, 0.117278, 0.168275, 0.1874, 0.222034, 0.22752, 1, 

19,5,0.001, 0.052318, 0.0570011, 0.0773548, 0.0628989, 0.127255, 0.202758, 0.259245, 0.217121, 0.428237, 1, 

23,2,0.001, 0.0252069, 0.0525987, 0.059902, 0.0628989, 0.127255, 0.117278, 0.168275, 0.1874, 0.222034, 0.22752, 0.258367, 0.275385, 0.0458939, 0.987528, 1, 

18,6,0.001, 0.0474387, 0.0611313, 0.0657212, 0.0795076, 0.137286, 0.144862, 0.259245, 0.428237, 0.428237, 1, 

17,67,0.001, 0.0150979, 0.0525987, 0.059902, 0.100368, 1, 

16,73,0.001, 0.0150979, 0.0570011, 0.059902, 0.100368, 1, 

Generation #47
18,6,0.001, 0.0474387, 0.0611313, 0.0657212, 0.0795076, 0.137286, 0.144862, 0.259245, 0.428237, 0.428237, 1, 

17,67,0.001, 0.0150979, 0.0525987, 0.059902, 0.100368, 1, 

16,73,0.001, 0.0150979, 0.0570011, 0.059902, 0.100368, 1, 

19,2,0.001, 0.052318, 0.0570011, 0.0773548, 0.0628989, 0.127255, 0.202758, 0.117278, 0.168275, 0.201417, 0.31419, 1, 

Generation #48
18,6,0.001, 0.0474387, 0.0611313, 0.0657212, 0.0795076, 0.137286, 0.144862, 0.259245, 0.428237, 0.428237, 1, 

16,73,0.001, 0.0150979, 0.0570011, 0.059902, 0.100368, 1, 

19,2,0.001, 0.052318, 0.0570011, 0.0773548, 0.0628989, 0.127255, 0.202758, 0.117278, 0.168275, 0.201417, 0.31419, 1, 

17,14,0.001, 0.0150979, 0.0525987, 0.059902, 0.0849955, 0.100368, 0.117278, 0.259245, 0.428237, 1, 

Generation #49
18,6,0.001, 0.0474387, 0.0611313, 0.0657212, 0.0795076, 0.137286, 0.144862, 0.259245, 0.428237, 0.428237, 1, 

16,73,0.001, 0.0150979, 0.0570011, 0.059902, 0.100368, 1, 

19,2,0.001, 0.052318, 0.0570011, 0.0773548, 0.0628989, 0.127255, 0.202758, 0.117278, 0.168275, 0.201417, 0.31419, 1, 

17,14,0.001, 0.0150979, 0.0525987, 0.059902, 0.0849955, 0.100368, 0.117278, 0.259245, 0.428237, 1, 

--- Pareto Front Solutions ---
Solution 0: N total=68 (N_initial=50, N_added=18), Time total=10 ms, Saved to: ./results/Flex_t2_l2_pareto_0.csv, percents=0.001, 0.0474387, 0.0611313, 0.0657212, 0.0795076, 0.137286, 0.144862, 0.259245, 0.428237, 0.428237, 1, 

Solution 1: N total=66 (N_initial=50, N_added=16), Time total=77 ms, Saved to: ./results/Flex_t2_l2_pareto_1.csv, percents=0.001, 0.0150979, 0.0570011, 0.059902, 0.100368, 1, 

Solution 2: N total=69 (N_initial=50, N_added=19), Time total=6 ms, Saved to: ./results/Flex_t2_l2_pareto_2.csv, percents=0.001, 0.052318, 0.0570011, 0.0773548, 0.0628989, 0.127255, 0.202758, 0.117278, 0.168275, 0.201417, 0.31419, 1, 

Solution 3: N total=67 (N_initial=50, N_added=17), Time total=18 ms, Saved to: ./results/Flex_t2_l2_pareto_3.csv, percents=0.001, 0.0150979, 0.0525987, 0.059902, 0.0849955, 0.100368, 0.117278, 0.259245, 0.428237, 1, 

------------d=1, t=2, lambda=3, filename=./evaluation/Flex/Flex_2_3.csv------------
Computing partitioned counts of d-sets...
Ready to look at pairs based on partitioned counts...
First Stage N=75, Time=7
There are 10 remaining non-locating pairs
--- Running GA Algorithm (phase2) ---
Running GA with std::execution::par
Generation #0
12,3,0.001, 0.152284, 0.346532, 0.399513, 0.402539, 0.497777, 0.604905, 0.807535, 0.8237, 0.893792, 1, 

13,1,0.001, 0.0869337, 0.144008, 0.163203, 0.366835, 0.494939, 0.574302, 0.607227, 0.711758, 0.779011, 0.949582, 0.97798, 1, 

14,0,0.001, 0.259686, 0.353372, 0.438294, 0.446261, 0.548874, 0.589114, 0.750384, 0.751148, 0.756401, 0.899825, 0.927145, 0.948239, 1, 

Generation #1
11,0,0.001, 0.165716, 0.171859, 0.245358, 0.277052, 0.349508, 0.461082, 0.807535, 0.8237, 0.893792, 1, 

Generation #2
10,0,0.001, 0.0599161, 0.316643, 0.341339, 0.560992, 0.477613, 0.978947, 0.981554, 0.99482, 1, 

Generation #3
10,0,0.001, 0.0599161, 0.316643, 0.341339, 0.560992, 0.477613, 0.978947, 0.981554, 0.99482, 1, 

Generation #4
10,0,0.001, 0.0599161, 0.316643, 0.341339, 0.560992, 0.477613, 0.978947, 0.981554, 0.99482, 1, 

Generation #5
10,0,0.001, 0.0599161, 0.316643, 0.341339, 0.560992, 0.477613, 0.978947, 0.981554, 0.99482, 1, 

Generation #6
10,0,0.001, 0.0599161, 0.316643, 0.341339, 0.560992, 0.477613, 0.978947, 0.981554, 0.99482, 1, 

Generation #7
9,0,0.001, 0.0805855, 0.177605, 0.206281, 0.395593, 0.430179, 0.981554, 0.99482, 1, 

Generation #8
9,0,0.001, 0.0805855, 0.177605, 0.206281, 0.395593, 0.430179, 0.981554, 0.99482, 1, 

Generation #9
9,0,0.001, 0.0805855, 0.177605, 0.206281, 0.395593, 0.430179, 0.981554, 0.99482, 1, 

Generation #10
9,0,0.001, 0.0805855, 0.177605, 0.206281, 0.395593, 0.430179, 0.981554, 0.99482, 1, 

Generation #11
9,0,0.001, 0.0805855, 0.177605, 0.206281, 0.395593, 0.430179, 0.981554, 0.99482, 1, 

Generation #12
8,0,0.001, 0.0805855, 0.177605, 0.206281, 0.395593, 0.430179, 0.981554, 1, 

Generation #13
7,0,0.001, 0.165716, 0.187758, 0.18407, 0.349508, 0.807535, 1, 

Generation #14
7,0,0.001, 0.165716, 0.187758, 0.18407, 0.349508, 0.807535, 1, 

Generation #15
7,0,0.001, 0.165716, 0.187758, 0.18407, 0.349508, 0.807535, 1, 

Generation #16
7,0,0.001, 0.165716, 0.187758, 0.18407, 0.349508, 0.807535, 1, 

Generation #17
7,0,0.001, 0.165716, 0.187758, 0.18407, 0.349508, 0.807535, 1, 

Generation #18
7,0,0.001, 0.165716, 0.187758, 0.18407, 0.349508, 0.807535, 1, 

Generation #19
7,0,0.001, 0.165716, 0.187758, 0.18407, 0.349508, 0.807535, 1, 

Generation #20
6,0,0.001, 0.116235, 0.244817, 0.497777, 0.433091, 1, 

Generation #21
6,0,0.001, 0.116235, 0.244817, 0.497777, 0.433091, 1, 

Generation #22
6,0,0.001, 0.116235, 0.244817, 0.497777, 0.433091, 1, 

Generation #23
6,0,0.001, 0.116235, 0.244817, 0.497777, 0.433091, 1, 

Generation #24
5,0,0.116235, 0.152284, 0.310636, 0.349508, 1, 

Generation #25
5,0,0.116235, 0.152284, 0.310636, 0.349508, 1, 

Generation #26
5,0,0.116235, 0.152284, 0.310636, 0.349508, 1, 

Generation #27
5,0,0.116235, 0.152284, 0.310636, 0.349508, 1, 

Generation #28
5,0,0.116235, 0.152284, 0.310636, 0.349508, 1, 

Generation #29
5,0,0.116235, 0.152284, 0.310636, 0.349508, 1, 

Generation #30
5,0,0.116235, 0.152284, 0.310636, 0.349508, 1, 

Generation #31
5,0,0.116235, 0.152284, 0.310636, 0.349508, 1, 

Generation #32
5,0,0.116235, 0.152284, 0.310636, 0.349508, 1, 

Generation #33
5,0,0.116235, 0.152284, 0.310636, 0.349508, 1, 

Generation #34
5,0,0.116235, 0.152284, 0.310636, 0.349508, 1, 

4,3,0.349508, 1, 

Generation #35
5,0,0.116235, 0.152284, 0.310636, 0.349508, 1, 

4,3,0.349508, 1, 

Generation #36
5,0,0.116235, 0.152284, 0.310636, 0.349508, 1, 

4,3,0.349508, 1, 

Generation #37
5,0,0.116235, 0.152284, 0.310636, 0.349508, 1, 

4,3,0.349508, 1, 

Generation #38
4,0,0.001, 0.171859, 1, 

Generation #39
4,0,0.001, 0.171859, 1, 

Generation #40
4,0,0.001, 0.171859, 1, 

Generation #41
4,0,0.001, 0.171859, 1, 
