------------d=1, t=2, lambda=1, filename=./evaluation/Flex/Flex_2_1.csv------------
Computing partitioned counts of d-sets...
Ready to look at pairs based on partitioned counts...
First Stage N=26, Time=6
There are 1278 remaining non-locating pairs
--- Running GA Algorithm (phase2) ---
Running GA with std::execution::par
Generation #0
34,343,0.001, 0.145816, 0.146418, 0.150165, 0.28743, 0.388153, 0.444671, 0.554408, 0.557681, 0.56455, 0.579264, 0.687332, 0.69542, 0.790189, 0.928789, 1, 

32,464,0.001, 0.139605, 0.219523, 0.33745, 0.371203, 0.465486, 0.467519, 0.710549, 0.845754, 0.979017, 1, 

35,214,0.001, 0.0600788, 0.0635621, 0.186926, 0.393744, 0.428939, 0.462547, 0.528912, 0.586828, 0.59682, 0.710195, 0.749947, 0.797568, 0.797852, 0.857405, 1, 

49,140,0.001, 0.0266537, 0.037516, 0.040253, 0.075425, 0.14546, 0.153692, 0.211271, 0.22996, 0.248763, 0.304855, 0.31975, 0.359774, 0.379474, 0.432226, 0.493915, 0.513683, 0.525324, 0.565476, 0.629407, 0.723999, 0.748353, 0.765408, 0.783513, 0.786685, 0.826215, 0.826464, 0.845842, 0.972216, 0.993531, 1, 

41,144,0.001, 0.0219461, 0.0261442, 0.0262016, 0.0663368, 0.100799, 0.164494, 0.217953, 0.230267, 0.239707, 0.475426, 0.477239, 0.511489, 0.606937, 0.610299, 0.685118, 0.749872, 0.761045, 0.79815, 0.843834, 0.85952, 0.956795, 1, 

39,177,0.001, 0.0141455, 0.0218816, 0.0456565, 0.126535, 0.171676, 0.223503, 0.360442, 0.365705, 0.45636, 0.479251, 0.508095, 0.573131, 0.69156, 0.698453, 0.828251, 0.841254, 0.951562, 1, 

Generation #1
32,464,0.001, 0.139605, 0.219523, 0.33745, 0.371203, 0.465486, 0.467519, 0.710549, 0.845754, 0.979017, 1, 

42,112,0.001, 0.0266537, 0.037516, 0.040253, 0.075425, 0.14546, 0.153692, 0.211271, 0.434517, 0.441918, 0.457509, 0.478828, 0.483178, 0.488401, 0.498398, 0.711005, 0.735319, 0.744631, 0.82902, 0.829059, 0.946545, 0.95004, 1, 

38,138,0.001, 0.0141455, 0.0218816, 0.0456565, 0.126535, 0.171676, 0.223503, 0.360442, 0.365705, 0.45636, 0.479251, 0.508095, 0.622639, 0.667532, 0.718683, 0.735605, 0.75248, 0.863046, 0.870344, 0.885862, 1, 

34,208,0.001, 0.0691965, 0.0903244, 0.091733, 0.181093, 0.268594, 0.459387, 0.461979, 0.480012, 0.650595, 0.662716, 0.705202, 0.789084, 1, 

47,108,0.001, 0.0254464, 0.0366954, 0.0698214, 0.10015, 0.173493, 0.182069, 0.201765, 0.215415, 0.215567, 0.254165, 0.298254, 0.324787, 0.363879, 0.391268, 0.504137, 0.516423, 0.523615, 0.547289, 0.599489, 0.601581, 0.63591, 0.637151, 0.930843, 0.984248, 0.991008, 0.997154, 1, 

36,175,0.001, 0.0627039, 0.091034, 0.121068, 0.12165, 0.147776, 0.150989, 0.317855, 0.351432, 0.357338, 0.358627, 0.415294, 0.69542, 0.790189, 0.928789, 1, 

40,122,0.001, 0.00563984, 0.0472926, 0.0698625, 0.0751163, 0.198198, 0.226628, 0.217388, 0.274555, 0.301448, 0.330416, 0.408317, 0.413537, 0.600954, 0.665264, 0.673547, 0.693171, 0.748014, 0.773028, 0.803385, 0.892334, 0.903401, 1, 

43,110,0.001, 0.0110509, 0.0391854, 0.0928903, 0.129683, 0.148351, 0.15305, 0.161136, 0.234665, 0.262227, 0.262612, 0.288228, 0.29071, 0.387741, 0.387959, 0.439057, 0.598829, 0.623264, 0.646717, 0.734431, 0.75492, 0.778334, 0.828504, 0.918703, 0.937746, 1, 

Generation #2
42,112,0.001, 0.0266537, 0.037516, 0.040253, 0.075425, 0.14546, 0.153692, 0.211271, 0.434517, 0.441918, 0.457509, 0.478828, 0.483178, 0.488401, 0.498398, 0.711005, 0.735319, 0.744631, 0.82902, 0.829059, 0.946545, 0.95004, 1, 

47,108,0.001, 0.0254464, 0.0366954, 0.0698214, 0.10015, 0.173493, 0.182069, 0.201765, 0.215415, 0.215567, 0.254165, 0.298254, 0.324787, 0.363879, 0.391268, 0.504137, 0.516423, 0.523615, 0.547289, 0.599489, 0.601581, 0.63591, 0.637151, 0.930843, 0.984248, 0.991008, 0.997154, 1, 

40,122,0.001, 0.00563984, 0.0472926, 0.0698625, 0.0751163, 0.198198, 0.226628, 0.217388, 0.274555, 0.301448, 0.330416, 0.408317, 0.413537, 0.600954, 0.665264, 0.673547, 0.693171, 0.748014, 0.773028, 0.803385, 0.892334, 0.903401, 1, 

43,110,0.001, 0.0110509, 0.0391854, 0.0928903, 0.129683, 0.148351, 0.15305, 0.161136, 0.234665, 0.262227, 0.262612, 0.288228, 0.29071, 0.387741, 0.387959, 0.439057, 0.598829, 0.623264, 0.646717, 0.734431, 0.75492, 0.778334, 0.828504, 0.918703, 0.937746, 1, 

31,140,0.001, 0.0414656, 0.0521207, 0.0686577, 0.117633, 0.126995, 0.163411, 0.214394, 0.220679, 0.95616, 0.981794, 1, 

36,134,0.001, 0.0141455, 0.0218816, 0.0456565, 0.126535, 0.171676, 0.223503, 0.360442, 0.365705, 0.45636, 0.479251, 0.508095, 0.573131, 0.902875, 0.966634, 1, 

34,137,0.001, 0.0110509, 0.0391854, 0.0928903, 0.129683, 0.148351, 0.15305, 0.161136, 0.234665, 0.262227, 0.815772, 0.872318, 0.886671, 0.887786, 1, 

Generation #3
43,91,0.001, 0.0266537, 0.037516, 0.040253, 0.075425, 0.14546, 0.153692, 0.161136, 0.234665, 0.262227, 0.262612, 0.288228, 0.29071, 0.387741, 0.790062, 0.439057, 0.598829, 0.623264, 0.646717, 0.734431, 0.75492, 0.778334, 0.828504, 0.918703, 0.937746, 1, 

29,141,0.001, 0.0254464, 0.0366954, 0.0698214, 0.10015, 0.173493, 0.182069, 0.201765, 0.264917, 0.215567, 1, 

42,111,0.001, 0.0110509, 0.0391854, 0.0928903, 0.129683, 0.148351, 0.226628, 0.217388, 0.274555, 0.301448, 0.330416, 0.408317, 0.413537, 0.600954, 0.665264, 0.673547, 0.693171, 0.748014, 0.773028, 0.803385, 0.892334, 0.903401, 1, 

36,113,0.001, 0.0266537, 0.037516, 0.040253, 0.075425, 0.14546, 0.153692, 0.211271, 0.22996, 0.275149, 0.356605, 0.380371, 0.473197, 0.478227, 0.52842, 0.543818, 0.701407, 0.949534, 1, 

32,131,0.001, 0.0266537, 0.037516, 0.040253, 0.075425, 0.14546, 0.153692, 0.927298, 0.950905, 0.999048, 1, 

31,136,0.001, 0.0266537, 0.037516, 0.040253, 0.075425, 0.14546, 0.153692, 0.710549, 0.845754, 0.979017, 1, 

Generation #4
29,141,0.001, 0.0254464, 0.0366954, 0.0698214, 0.10015, 0.173493, 0.182069, 0.201765, 0.264917, 0.215567, 1, 

30,118,0.001, 0.0254464, 0.0366954, 0.0698214, 0.10015, 0.173493, 0.182069, 0.360248, 0.53307, 0.95616, 0.981794, 1, 

34,90,0.001, 0.0219461, 0.0261442, 0.0262016, 0.0663368, 0.100799, 0.164494, 0.217953, 0.230267, 0.333724, 0.579264, 0.687332, 0.69542, 0.790189, 0.928789, 1, 

Generation #5
34,90,0.001, 0.0219461, 0.0261442, 0.0262016, 0.0663368, 0.100799, 0.164494, 0.217953, 0.230267, 0.333724, 0.579264, 0.687332, 0.69542, 0.790189, 0.928789, 1, 

33,108,0.001, 0.0254464, 0.0366954, 0.0698214, 0.10015, 0.173493, 0.182069, 0.201765, 0.234665, 0.262227, 0.815772, 0.872318, 0.886671, 0.887786, 1, 

29,116,0.001, 0.00563984, 0.0472926, 0.0262016, 0.0663368, 0.100799, 0.164494, 0.217953, 0.230267, 0.981794, 1, 

Generation #6
34,90,0.001, 0.0219461, 0.0261442, 0.0262016, 0.0663368, 0.100799, 0.164494, 0.217953, 0.230267, 0.333724, 0.579264, 0.687332, 0.69542, 0.790189, 0.928789, 1, 

33,108,0.001, 0.0254464, 0.0366954, 0.0698214, 0.10015, 0.173493, 0.182069, 0.201765, 0.234665, 0.262227, 0.815772, 0.872318, 0.886671, 0.887786, 1, 

29,116,0.001, 0.00563984, 0.0472926, 0.0262016, 0.0663368, 0.100799, 0.164494, 0.217953, 0.230267, 0.981794, 1, 

32,114,0.001, 0.0254464, 0.0366954, 0.0698625, 0.0751163, 0.198198, 0.226628, 0.217388, 0.274555, 0.301448, 0.330416, 0.508095, 0.573131, 0.902875, 0.966634, 1, 

Generation #7
34,90,0.001, 0.0219461, 0.0261442, 0.0262016, 0.0663368, 0.100799, 0.164494, 0.217953, 0.230267, 0.333724, 0.579264, 0.687332, 0.69542, 0.790189, 0.928789, 1, 

29,116,0.001, 0.00563984, 0.0472926, 0.0262016, 0.0663368, 0.100799, 0.164494, 0.217953, 0.230267, 0.981794, 1, 

30,104,0.001, 0.0266537, 0.037516, 0.0686577, 0.117633, 0.126995, 0.163411, 0.214394, 0.151447, 0.0388137, 1, 

28,175,0.001, 0.0254464, 0.0366954, 0.0698214, 0.10015, 0.173493, 0.182069, 0.201765, 0.264917, 0.215567, 1, 

Generation #8
34,90,0.001, 0.0219461, 0.0261442, 0.0262016, 0.0663368, 0.100799, 0.164494, 0.217953, 0.230267, 0.333724, 0.579264, 0.687332, 0.69542, 0.790189, 0.928789, 1, 

30,104,0.001, 0.0266537, 0.037516, 0.0686577, 0.117633, 0.126995, 0.163411, 0.214394, 0.151447, 0.0388137, 1, 

28,106,0.001, 0.0266537, 0.040253, 0.075425, 0.14546, 0.153692, 0.211271, 0.264917, 0.215567, 1, 

33,91,0.001, 0.0254464, 0.0366954, 0.0262016, 0.0663368, 0.100799, 0.164494, 0.217953, 0.230267, 0.333724, 0.579264, 0.687332, 0.69542, 0.790189, 0.928789, 1, 

Generation #9
34,90,0.001, 0.0219461, 0.0261442, 0.0262016, 0.0663368, 0.100799, 0.164494, 0.217953, 0.230267, 0.333724, 0.579264, 0.687332, 0.69542, 0.790189, 0.928789, 1, 

28,106,0.001, 0.0266537, 0.040253, 0.075425, 0.14546, 0.153692, 0.211271, 0.264917, 0.215567, 1, 

30,91,0.001, 0.017851, 0.0501659, 0.0513067, 0.075425, 0.14546, 0.153692, 0.211271, 0.434517, 0.999048, 1, 

Generation #10
34,90,0.001, 0.0219461, 0.0261442, 0.0262016, 0.0663368, 0.100799, 0.164494, 0.217953, 0.230267, 0.333724, 0.579264, 0.687332, 0.69542, 0.790189, 0.928789, 1, 

28,106,0.001, 0.0266537, 0.040253, 0.075425, 0.14546, 0.153692, 0.211271, 0.264917, 0.215567, 1, 

30,91,0.001, 0.017851, 0.0501659, 0.0513067, 0.075425, 0.14546, 0.153692, 0.211271, 0.434517, 0.999048, 1, 

29,99,0.001, 0.0254464, 0.0366954, 0.0698214, 0.10015, 0.173493, 0.182069, 0.201765, 0.264917, 0.215567, 1, 

Generation #11
34,90,0.001, 0.0219461, 0.0261442, 0.0262016, 0.0663368, 0.100799, 0.164494, 0.217953, 0.230267, 0.333724, 0.579264, 0.687332, 0.69542, 0.790189, 0.928789, 1, 

28,106,0.001, 0.0266537, 0.040253, 0.075425, 0.14546, 0.153692, 0.211271, 0.264917, 0.215567, 1, 

30,91,0.001, 0.017851, 0.0501659, 0.0513067, 0.075425, 0.14546, 0.153692, 0.211271, 0.434517, 0.999048, 1, 

29,99,0.001, 0.0254464, 0.0366954, 0.0698214, 0.10015, 0.173493, 0.182069, 0.201765, 0.264917, 0.215567, 1, 

Generation #12
34,90,0.001, 0.0219461, 0.0261442, 0.0262016, 0.0663368, 0.100799, 0.164494, 0.217953, 0.230267, 0.333724, 0.579264, 0.687332, 0.69542, 0.790189, 0.928789, 1, 

28,106,0.001, 0.0266537, 0.040253, 0.075425, 0.14546, 0.153692, 0.211271, 0.264917, 0.215567, 1, 

30,91,0.001, 0.017851, 0.0501659, 0.0513067, 0.075425, 0.14546, 0.153692, 0.211271, 0.434517, 0.999048, 1, 

29,99,0.001, 0.0254464, 0.0366954, 0.0698214, 0.10015, 0.173493, 0.182069, 0.201765, 0.264917, 0.215567, 1, 

27,119,0.001, 0.0219461, 0.0261442, 0.0262016, 0.0663368, 0.100799, 0.164494, 0.201765, 0.798168, 0.215567, 1, 

Generation #13
28,106,0.001, 0.0266537, 0.040253, 0.075425, 0.14546, 0.153692, 0.211271, 0.264917, 0.215567, 1, 

29,99,0.001, 0.0254464, 0.0366954, 0.0698214, 0.10015, 0.173493, 0.182069, 0.201765, 0.264917, 0.215567, 1, 

27,119,0.001, 0.0219461, 0.0261442, 0.0262016, 0.0663368, 0.100799, 0.164494, 0.201765, 0.798168, 0.215567, 1, 

30,90,0.001, 0.017851, 0.0501659, 0.040253, 0.0751163, 0.198198, 0.182069, 0.201765, 0.215415, 0.215567, 0.262612, 0.288228, 0.29071, 1, 

Generation #14
28,106,0.001, 0.0266537, 0.040253, 0.075425, 0.14546, 0.153692, 0.211271, 0.264917, 0.215567, 1, 

29,99,0.001, 0.0254464, 0.0366954, 0.0698214, 0.10015, 0.173493, 0.182069, 0.201765, 0.264917, 0.215567, 1, 

27,119,0.001, 0.0219461, 0.0261442, 0.0262016, 0.0663368, 0.100799, 0.164494, 0.201765, 0.798168, 0.215567, 1, 

30,90,0.001, 0.017851, 0.0501659, 0.040253, 0.0751163, 0.198198, 0.182069, 0.201765, 0.215415, 0.215567, 0.262612, 0.288228, 0.29071, 1, 

Generation #15
28,106,0.001, 0.0266537, 0.040253, 0.075425, 0.14546, 0.153692, 0.211271, 0.264917, 0.215567, 1, 

27,119,0.001, 0.0219461, 0.0261442, 0.0262016, 0.0663368, 0.100799, 0.164494, 0.201765, 0.798168, 0.215567, 1, 

29,92,0.001, 0.017851, 0.0501659, 0.0513067, 0.075425, 0.14546, 0.182069, 0.201765, 0.264917, 0.215567, 1, 

30,87,0.001, 0.0254464, 0.0366954, 0.0698625, 0.0751163, 0.14546, 0.163411, 0.214394, 0.979017, 1, 

35,81,0.001, 0.0219461, 0.0261442, 0.0262016, 0.0663368, 0.100799, 0.164494, 0.217953, 0.230267, 0.0382076, 0.333724, 0.579264, 0.687332, 0.69542, 0.790189, 0.928789, 1, 

Generation #16
28,106,0.001, 0.0266537, 0.040253, 0.075425, 0.14546, 0.153692, 0.211271, 0.264917, 0.215567, 1, 

27,119,0.001, 0.0219461, 0.0261442, 0.0262016, 0.0663368, 0.100799, 0.164494, 0.201765, 0.798168, 0.215567, 1, 

29,92,0.001, 0.017851, 0.0501659, 0.0513067, 0.075425, 0.14546, 0.182069, 0.201765, 0.264917, 0.215567, 1, 

30,87,0.001, 0.0254464, 0.0366954, 0.0698625, 0.0751163, 0.14546, 0.163411, 0.214394, 0.979017, 1, 

35,81,0.001, 0.0219461, 0.0261442, 0.0262016, 0.0663368, 0.100799, 0.164494, 0.217953, 0.230267, 0.0382076, 0.333724, 0.579264, 0.687332, 0.69542, 0.790189, 0.928789, 1, 

Generation #17
28,106,0.001, 0.0266537, 0.040253, 0.075425, 0.14546, 0.153692, 0.211271, 0.264917, 0.215567, 1, 

27,119,0.001, 0.0219461, 0.0261442, 0.0262016, 0.0663368, 0.100799, 0.164494, 0.201765, 0.798168, 0.215567, 1, 

29,92,0.001, 0.017851, 0.0501659, 0.0513067, 0.075425, 0.14546, 0.182069, 0.201765, 0.264917, 0.215567, 1, 

30,87,0.001, 0.0254464, 0.0366954, 0.0698625, 0.0751163, 0.14546, 0.163411, 0.214394, 0.979017, 1, 

35,81,0.001, 0.0219461, 0.0261442, 0.0262016, 0.0663368, 0.100799, 0.164494, 0.217953, 0.230267, 0.0382076, 0.333724, 0.579264, 0.687332, 0.69542, 0.790189, 0.928789, 1, 

Generation #18
28,106,0.001, 0.0266537, 0.040253, 0.075425, 0.14546, 0.153692, 0.211271, 0.264917, 0.215567, 1, 

27,119,0.001, 0.0219461, 0.0261442, 0.0262016, 0.0663368, 0.100799, 0.164494, 0.201765, 0.798168, 0.215567, 1, 

29,92,0.001, 0.017851, 0.0501659, 0.0513067, 0.075425, 0.14546, 0.182069, 0.201765, 0.264917, 0.215567, 1, 

30,87,0.001, 0.0254464, 0.0366954, 0.0698625, 0.0751163, 0.14546, 0.163411, 0.214394, 0.979017, 1, 

35,81,0.001, 0.0219461, 0.0261442, 0.0262016, 0.0663368, 0.100799, 0.164494, 0.217953, 0.230267, 0.0382076, 0.333724, 0.579264, 0.687332, 0.69542, 0.790189, 0.928789, 1, 

Generation #19
28,106,0.001, 0.0266537, 0.040253, 0.075425, 0.14546, 0.153692, 0.211271, 0.264917, 0.215567, 1, 

27,119,0.001, 0.0219461, 0.0261442, 0.0262016, 0.0663368, 0.100799, 0.164494, 0.201765, 0.798168, 0.215567, 1, 

29,92,0.001, 0.017851, 0.0501659, 0.0513067, 0.075425, 0.14546, 0.182069, 0.201765, 0.264917, 0.215567, 1, 

30,87,0.001, 0.0254464, 0.0366954, 0.0698625, 0.0751163, 0.14546, 0.163411, 0.214394, 0.979017, 1, 

35,81,0.001, 0.0219461, 0.0261442, 0.0262016, 0.0663368, 0.100799, 0.164494, 0.217953, 0.230267, 0.0382076, 0.333724, 0.579264, 0.687332, 0.69542, 0.790189, 0.928789, 1, 

Generation #20
28,106,0.001, 0.0266537, 0.040253, 0.075425, 0.14546, 0.153692, 0.211271, 0.264917, 0.215567, 1, 

27,119,0.001, 0.0219461, 0.0261442, 0.0262016, 0.0663368, 0.100799, 0.164494, 0.201765, 0.798168, 0.215567, 1, 

29,92,0.001, 0.017851, 0.0501659, 0.0513067, 0.075425, 0.14546, 0.182069, 0.201765, 0.264917, 0.215567, 1, 

30,87,0.001, 0.0254464, 0.0366954, 0.0698625, 0.0751163, 0.14546, 0.163411, 0.214394, 0.979017, 1, 

35,81,0.001, 0.0219461, 0.0261442, 0.0262016, 0.0663368, 0.100799, 0.164494, 0.217953, 0.230267, 0.0382076, 0.333724, 0.579264, 0.687332, 0.69542, 0.790189, 0.928789, 1, 

Generation #21
28,106,0.001, 0.0266537, 0.040253, 0.075425, 0.14546, 0.153692, 0.211271, 0.264917, 0.215567, 1, 

27,119,0.001, 0.0219461, 0.0261442, 0.0262016, 0.0663368, 0.100799, 0.164494, 0.201765, 0.798168, 0.215567, 1, 

29,92,0.001, 0.017851, 0.0501659, 0.0513067, 0.075425, 0.14546, 0.182069, 0.201765, 0.264917, 0.215567, 1, 

30,87,0.001, 0.0254464, 0.0366954, 0.0698625, 0.0751163, 0.14546, 0.163411, 0.214394, 0.979017, 1, 

35,81,0.001, 0.0219461, 0.0261442, 0.0262016, 0.0663368, 0.100799, 0.164494, 0.217953, 0.230267, 0.0382076, 0.333724, 0.579264, 0.687332, 0.69542, 0.790189, 0.928789, 1, 

34,85,0.001, 0.017851, 0.037516, 0.0262016, 0.0663368, 0.100799, 0.164494, 0.217953, 0.230267, 0.333724, 0.579264, 0.687332, 0.69542, 0.790189, 0.928789, 1, 

Generation #22
29,92,0.001, 0.017851, 0.0501659, 0.0513067, 0.075425, 0.14546, 0.182069, 0.201765, 0.264917, 0.215567, 1, 

26,102,0.001, 0.0254464, 0.0366954, 0.0698214, 0.10015, 0.173493, 0.211271, 1, 

30,80,0.001, 0.017851, 0.037516, 0.040253, 0.075425, 0.14546, 0.153692, 0.161136, 0.798168, 0.215567, 1, 

Generation #23
29,92,0.001, 0.017851, 0.0501659, 0.0513067, 0.075425, 0.14546, 0.182069, 0.201765, 0.264917, 0.215567, 1, 

26,102,0.001, 0.0254464, 0.0366954, 0.0698214, 0.10015, 0.173493, 0.211271, 1, 

30,80,0.001, 0.017851, 0.037516, 0.040253, 0.075425, 0.14546, 0.153692, 0.161136, 0.798168, 0.215567, 1, 

Generation #24
29,92,0.001, 0.017851, 0.0501659, 0.0513067, 0.075425, 0.14546, 0.182069, 0.201765, 0.264917, 0.215567, 1, 

26,102,0.001, 0.0254464, 0.0366954, 0.0698214, 0.10015, 0.173493, 0.211271, 1, 

30,80,0.001, 0.017851, 0.037516, 0.040253, 0.075425, 0.14546, 0.153692, 0.161136, 0.798168, 0.215567, 1, 

Generation #25
29,92,0.001, 0.017851, 0.0501659, 0.0513067, 0.075425, 0.14546, 0.182069, 0.201765, 0.264917, 0.215567, 1, 

26,102,0.001, 0.0254464, 0.0366954, 0.0698214, 0.10015, 0.173493, 0.211271, 1, 

30,80,0.001, 0.017851, 0.037516, 0.040253, 0.075425, 0.14546, 0.153692, 0.161136, 0.798168, 0.215567, 1, 

Generation #26
29,92,0.001, 0.017851, 0.0501659, 0.0513067, 0.075425, 0.14546, 0.182069, 0.201765, 0.264917, 0.215567, 1, 

26,102,0.001, 0.0254464, 0.0366954, 0.0698214, 0.10015, 0.173493, 0.211271, 1, 

30,80,0.001, 0.017851, 0.037516, 0.040253, 0.075425, 0.14546, 0.153692, 0.161136, 0.798168, 0.215567, 1, 

Generation #27
29,92,0.001, 0.017851, 0.0501659, 0.0513067, 0.075425, 0.14546, 0.182069, 0.201765, 0.264917, 0.215567, 1, 

26,102,0.001, 0.0254464, 0.0366954, 0.0698214, 0.10015, 0.173493, 0.211271, 1, 

30,80,0.001, 0.017851, 0.037516, 0.040253, 0.075425, 0.14546, 0.153692, 0.161136, 0.798168, 0.215567, 1, 

25,180,0.001, 0.017851, 0.0366954, 0.040253, 0.075425, 0.153692, 0.161136, 1, 

Generation #28
29,92,0.001, 0.017851, 0.0501659, 0.0513067, 0.075425, 0.14546, 0.182069, 0.201765, 0.264917, 0.215567, 1, 

26,102,0.001, 0.0254464, 0.0366954, 0.0698214, 0.10015, 0.173493, 0.211271, 1, 

30,80,0.001, 0.017851, 0.037516, 0.040253, 0.075425, 0.14546, 0.153692, 0.161136, 0.798168, 0.215567, 1, 

25,180,0.001, 0.017851, 0.0366954, 0.040253, 0.075425, 0.153692, 0.161136, 1, 

Generation #29
29,92,0.001, 0.017851, 0.0501659, 0.0513067, 0.075425, 0.14546, 0.182069, 0.201765, 0.264917, 0.215567, 1, 

26,102,0.001, 0.0254464, 0.0366954, 0.0698214, 0.10015, 0.173493, 0.211271, 1, 

30,80,0.001, 0.017851, 0.037516, 0.040253, 0.075425, 0.14546, 0.153692, 0.161136, 0.798168, 0.215567, 1, 

25,180,0.001, 0.017851, 0.0366954, 0.040253, 0.075425, 0.153692, 0.161136, 1, 

Generation #30
29,92,0.001, 0.017851, 0.0501659, 0.0513067, 0.075425, 0.14546, 0.182069, 0.201765, 0.264917, 0.215567, 1, 

26,102,0.001, 0.0254464, 0.0366954, 0.0698214, 0.10015, 0.173493, 0.211271, 1, 

30,80,0.001, 0.017851, 0.037516, 0.040253, 0.075425, 0.14546, 0.153692, 0.161136, 0.798168, 0.215567, 1, 

25,180,0.001, 0.017851, 0.0366954, 0.040253, 0.075425, 0.153692, 0.161136, 1, 

Generation #31
29,92,0.001, 0.017851, 0.0501659, 0.0513067, 0.075425, 0.14546, 0.182069, 0.201765, 0.264917, 0.215567, 1, 

26,102,0.001, 0.0254464, 0.0366954, 0.0698214, 0.10015, 0.173493, 0.211271, 1, 

30,80,0.001, 0.017851, 0.037516, 0.040253, 0.075425, 0.14546, 0.153692, 0.161136, 0.798168, 0.215567, 1, 

25,180,0.001, 0.017851, 0.0366954, 0.040253, 0.075425, 0.153692, 0.161136, 1, 

Generation #32
29,92,0.001, 0.017851, 0.0501659, 0.0513067, 0.075425, 0.14546, 0.182069, 0.201765, 0.264917, 0.215567, 1, 

26,102,0.001, 0.0254464, 0.0366954, 0.0698214, 0.10015, 0.173493, 0.211271, 1, 

30,80,0.001, 0.017851, 0.037516, 0.040253, 0.075425, 0.14546, 0.153692, 0.161136, 0.798168, 0.215567, 1, 

25,180,0.001, 0.017851, 0.0366954, 0.040253, 0.075425, 0.153692, 0.161136, 1, 

Generation #33
29,92,0.001, 0.017851, 0.0501659, 0.0513067, 0.075425, 0.14546, 0.182069, 0.201765, 0.264917, 0.215567, 1, 

26,102,0.001, 0.0254464, 0.0366954, 0.0698214, 0.10015, 0.173493, 0.211271, 1, 

30,80,0.001, 0.017851, 0.037516, 0.040253, 0.075425, 0.14546, 0.153692, 0.161136, 0.798168, 0.215567, 1, 

25,180,0.001, 0.017851, 0.0366954, 0.040253, 0.075425, 0.153692, 0.161136, 1, 

28,101,0.001, 0.0254464, 0.0366954, 0.0513067, 0.075425, 0.14546, 0.153692, 0.211271, 0.434517, 1, 

Generation #34
29,92,0.001, 0.017851, 0.0501659, 0.0513067, 0.075425, 0.14546, 0.182069, 0.201765, 0.264917, 0.215567, 1, 

26,102,0.001, 0.0254464, 0.0366954, 0.0698214, 0.10015, 0.173493, 0.211271, 1, 

30,80,0.001, 0.017851, 0.037516, 0.040253, 0.075425, 0.14546, 0.153692, 0.161136, 0.798168, 0.215567, 1, 

25,180,0.001, 0.017851, 0.0366954, 0.040253, 0.075425, 0.153692, 0.161136, 1, 

28,101,0.001, 0.0254464, 0.0366954, 0.0513067, 0.075425, 0.14546, 0.153692, 0.211271, 0.434517, 1, 

Generation #35
29,92,0.001, 0.017851, 0.0501659, 0.0513067, 0.075425, 0.14546, 0.182069, 0.201765, 0.264917, 0.215567, 1, 

26,102,0.001, 0.0254464, 0.0366954, 0.0698214, 0.10015, 0.173493, 0.211271, 1, 

30,80,0.001, 0.017851, 0.037516, 0.040253, 0.075425, 0.14546, 0.153692, 0.161136, 0.798168, 0.215567, 1, 

25,180,0.001, 0.017851, 0.0366954, 0.040253, 0.075425, 0.153692, 0.161136, 1, 

28,101,0.001, 0.0254464, 0.0366954, 0.0513067, 0.075425, 0.14546, 0.153692, 0.211271, 0.434517, 1, 

Generation #36
29,92,0.001, 0.017851, 0.0501659, 0.0513067, 0.075425, 0.14546, 0.182069, 0.201765, 0.264917, 0.215567, 1, 

26,102,0.001, 0.0254464, 0.0366954, 0.0698214, 0.10015, 0.173493, 0.211271, 1, 

30,80,0.001, 0.017851, 0.037516, 0.040253, 0.075425, 0.14546, 0.153692, 0.161136, 0.798168, 0.215567, 1, 

25,180,0.001, 0.017851, 0.0366954, 0.040253, 0.075425, 0.153692, 0.161136, 1, 

28,101,0.001, 0.0254464, 0.0366954, 0.0513067, 0.075425, 0.14546, 0.153692, 0.211271, 0.434517, 1, 

Generation #37
29,92,0.001, 0.017851, 0.0501659, 0.0513067, 0.075425, 0.14546, 0.182069, 0.201765, 0.264917, 0.215567, 1, 

26,102,0.001, 0.0254464, 0.0366954, 0.0698214, 0.10015, 0.173493, 0.211271, 1, 

30,80,0.001, 0.017851, 0.037516, 0.040253, 0.075425, 0.14546, 0.153692, 0.161136, 0.798168, 0.215567, 1, 

25,180,0.001, 0.017851, 0.0366954, 0.040253, 0.075425, 0.153692, 0.161136, 1, 

28,101,0.001, 0.0254464, 0.0366954, 0.0513067, 0.075425, 0.14546, 0.153692, 0.211271, 0.434517, 1, 

33,77,0.001, 0.0219461, 0.0366954, 0.0698625, 0.0663368, 0.100799, 0.164494, 0.217953, 0.230267, 0.0382076, 0.333724, 0.579264, 0.687332, 0.69542, 0.790189, 0.928789, 1, 

Generation #38
29,92,0.001, 0.017851, 0.0501659, 0.0513067, 0.075425, 0.14546, 0.182069, 0.201765, 0.264917, 0.215567, 1, 

26,102,0.001, 0.0254464, 0.0366954, 0.0698214, 0.10015, 0.173493, 0.211271, 1, 

30,80,0.001, 0.017851, 0.037516, 0.040253, 0.075425, 0.14546, 0.153692, 0.161136, 0.798168, 0.215567, 1, 

25,180,0.001, 0.017851, 0.0366954, 0.040253, 0.075425, 0.153692, 0.161136, 1, 

28,101,0.001, 0.0254464, 0.0366954, 0.0513067, 0.075425, 0.14546, 0.153692, 0.211271, 0.434517, 1, 

33,77,0.001, 0.0219461, 0.0366954, 0.0698625, 0.0663368, 0.100799, 0.164494, 0.217953, 0.230267, 0.0382076, 0.333724, 0.579264, 0.687332, 0.69542, 0.790189, 0.928789, 1, 

Generation #39
29,92,0.001, 0.017851, 0.0501659, 0.0513067, 0.075425, 0.14546, 0.182069, 0.201765, 0.264917, 0.215567, 1, 

26,102,0.001, 0.0254464, 0.0366954, 0.0698214, 0.10015, 0.173493, 0.211271, 1, 

30,80,0.001, 0.017851, 0.037516, 0.040253, 0.075425, 0.14546, 0.153692, 0.161136, 0.798168, 0.215567, 1, 

25,180,0.001, 0.017851, 0.0366954, 0.040253, 0.075425, 0.153692, 0.161136, 1, 

33,77,0.001, 0.0219461, 0.0366954, 0.0698625, 0.0663368, 0.100799, 0.164494, 0.217953, 0.230267, 0.0382076, 0.333724, 0.579264, 0.687332, 0.69542, 0.790189, 0.928789, 1, 

28,96,0.001, 0.0219461, 0.0261442, 0.0513067, 0.075425, 0.100799, 0.164494, 0.217953, 0.230267, 1, 

Generation #40
26,102,0.001, 0.0254464, 0.0366954, 0.0698214, 0.10015, 0.173493, 0.211271, 1, 

30,80,0.001, 0.017851, 0.037516, 0.040253, 0.075425, 0.14546, 0.153692, 0.161136, 0.798168, 0.215567, 1, 

25,180,0.001, 0.017851, 0.0366954, 0.040253, 0.075425, 0.153692, 0.161136, 1, 

33,77,0.001, 0.0219461, 0.0366954, 0.0698625, 0.0663368, 0.100799, 0.164494, 0.217953, 0.230267, 0.0382076, 0.333724, 0.579264, 0.687332, 0.69542, 0.790189, 0.928789, 1, 

28,90,0.001, 0.017851, 0.0261442, 0.0513067, 0.075425, 0.100799, 0.164494, 0.217953, 0.230267, 1, 

Generation #41
26,102,0.001, 0.0254464, 0.0366954, 0.0698214, 0.10015, 0.173493, 0.211271, 1, 

30,80,0.001, 0.017851, 0.037516, 0.040253, 0.075425, 0.14546, 0.153692, 0.161136, 0.798168, 0.215567, 1, 

25,180,0.001, 0.017851, 0.0366954, 0.040253, 0.075425, 0.153692, 0.161136, 1, 

33,77,0.001, 0.0219461, 0.0366954, 0.0698625, 0.0663368, 0.100799, 0.164494, 0.217953, 0.230267, 0.0382076, 0.333724, 0.579264, 0.687332, 0.69542, 0.790189, 0.928789, 1, 

28,90,0.001, 0.017851, 0.0261442, 0.0513067, 0.075425, 0.100799, 0.164494, 0.217953, 0.230267, 1, 

Generation #42
26,102,0.001, 0.0254464, 0.0366954, 0.0698214, 0.10015, 0.173493, 0.211271, 1, 

30,80,0.001, 0.017851, 0.037516, 0.040253, 0.075425, 0.14546, 0.153692, 0.161136, 0.798168, 0.215567, 1, 

25,180,0.001, 0.017851, 0.0366954, 0.040253, 0.075425, 0.153692, 0.161136, 1, 

33,77,0.001, 0.0219461, 0.0366954, 0.0698625, 0.0663368, 0.100799, 0.164494, 0.217953, 0.230267, 0.0382076, 0.333724, 0.579264, 0.687332, 0.69542, 0.790189, 0.928789, 1, 

28,90,0.001, 0.017851, 0.0261442, 0.0513067, 0.075425, 0.100799, 0.164494, 0.217953, 0.230267, 1, 

Generation #43
26,102,0.001, 0.0254464, 0.0366954, 0.0698214, 0.10015, 0.173493, 0.211271, 1, 

30,80,0.001, 0.017851, 0.037516, 0.040253, 0.075425, 0.14546, 0.153692, 0.161136, 0.798168, 0.215567, 1, 

25,180,0.001, 0.017851, 0.0366954, 0.040253, 0.075425, 0.153692, 0.161136, 1, 

33,77,0.001, 0.0219461, 0.0366954, 0.0698625, 0.0663368, 0.100799, 0.164494, 0.217953, 0.230267, 0.0382076, 0.333724, 0.579264, 0.687332, 0.69542, 0.790189, 0.928789, 1, 

28,90,0.001, 0.017851, 0.0261442, 0.0513067, 0.075425, 0.100799, 0.164494, 0.217953, 0.230267, 1, 

Generation #44
26,102,0.001, 0.0254464, 0.0366954, 0.0698214, 0.10015, 0.173493, 0.211271, 1, 

30,80,0.001, 0.017851, 0.037516, 0.040253, 0.075425, 0.14546, 0.153692, 0.161136, 0.798168, 0.215567, 1, 

28,90,0.001, 0.017851, 0.0261442, 0.0513067, 0.075425, 0.100799, 0.164494, 0.217953, 0.230267, 1, 

33,75,0.001, 0.0254464, 0.0261442, 0.0262016, 0.0663368, 0.0782302, 0.100799, 0.164494, 0.217953, 0.230267, 0.333724, 0.579264, 0.687332, 0.69542, 0.790189, 0.928789, 1, 

25,179,0.001, 0.0254464, 0.0366954, 0.0262016, 0.100799, 0.164494, 1, 

Generation #45
26,102,0.001, 0.0254464, 0.0366954, 0.0698214, 0.10015, 0.173493, 0.211271, 1, 

30,80,0.001, 0.017851, 0.037516, 0.040253, 0.075425, 0.14546, 0.153692, 0.161136, 0.798168, 0.215567, 1, 

28,90,0.001, 0.017851, 0.0261442, 0.0513067, 0.075425, 0.100799, 0.164494, 0.217953, 0.230267, 1, 

33,75,0.001, 0.0254464, 0.0261442, 0.0262016, 0.0663368, 0.0782302, 0.100799, 0.164494, 0.217953, 0.230267, 0.333724, 0.579264, 0.687332, 0.69542, 0.790189, 0.928789, 1, 

25,179,0.001, 0.0254464, 0.0366954, 0.0262016, 0.100799, 0.164494, 1, 

Generation #46
26,102,0.001, 0.0254464, 0.0366954, 0.0698214, 0.10015, 0.173493, 0.211271, 1, 

30,80,0.001, 0.017851, 0.037516, 0.040253, 0.075425, 0.14546, 0.153692, 0.161136, 0.798168, 0.215567, 1, 

28,90,0.001, 0.017851, 0.0261442, 0.0513067, 0.075425, 0.100799, 0.164494, 0.217953, 0.230267, 1, 

33,75,0.001, 0.0254464, 0.0261442, 0.0262016, 0.0663368, 0.0782302, 0.100799, 0.164494, 0.217953, 0.230267, 0.333724, 0.579264, 0.687332, 0.69542, 0.790189, 0.928789, 1, 

25,139,0.001, 0.0254464, 0.0261442, 0.0262016, 0.0663368, 0.341047, 0.161136, 1, 

Generation #47
26,102,0.001, 0.0254464, 0.0366954, 0.0698214, 0.10015, 0.173493, 0.211271, 1, 

30,80,0.001, 0.017851, 0.037516, 0.040253, 0.075425, 0.14546, 0.153692, 0.161136, 0.798168, 0.215567, 1, 

28,90,0.001, 0.017851, 0.0261442, 0.0513067, 0.075425, 0.100799, 0.164494, 0.217953, 0.230267, 1, 

33,75,0.001, 0.0254464, 0.0261442, 0.0262016, 0.0663368, 0.0782302, 0.100799, 0.164494, 0.217953, 0.230267, 0.333724, 0.579264, 0.687332, 0.69542, 0.790189, 0.928789, 1, 

25,139,0.001, 0.0254464, 0.0261442, 0.0262016, 0.0663368, 0.341047, 0.161136, 1, 

Generation #48
26,102,0.001, 0.0254464, 0.0366954, 0.0698214, 0.10015, 0.173493, 0.211271, 1, 

30,80,0.001, 0.017851, 0.037516, 0.040253, 0.075425, 0.14546, 0.153692, 0.161136, 0.798168, 0.215567, 1, 

33,75,0.001, 0.0254464, 0.0261442, 0.0262016, 0.0663368, 0.0782302, 0.100799, 0.164494, 0.217953, 0.230267, 0.333724, 0.579264, 0.687332, 0.69542, 0.790189, 0.928789, 1, 

25,139,0.001, 0.0254464, 0.0261442, 0.0262016, 0.0663368, 0.341047, 0.161136, 1, 

27,82,0.001, 0.0219461, 0.0262016, 0.0663368, 0.100799, 0.164494, 0.211271, 0.230267, 1, 

Generation #49
26,102,0.001, 0.0254464, 0.0366954, 0.0698214, 0.10015, 0.173493, 0.211271, 1, 

30,80,0.001, 0.017851, 0.037516, 0.040253, 0.075425, 0.14546, 0.153692, 0.161136, 0.798168, 0.215567, 1, 

33,75,0.001, 0.0254464, 0.0261442, 0.0262016, 0.0663368, 0.0782302, 0.100799, 0.164494, 0.217953, 0.230267, 0.333724, 0.579264, 0.687332, 0.69542, 0.790189, 0.928789, 1, 

25,139,0.001, 0.0254464, 0.0261442, 0.0262016, 0.0663368, 0.341047, 0.161136, 1, 

27,82,0.001, 0.0219461, 0.0262016, 0.0663368, 0.100799, 0.164494, 0.211271, 0.230267, 1, 

--- Pareto Front Solutions ---
Solution 0: N total=52 (N_initial=26, N_added=26), Time total=108 ms, Saved to: ./results/Flex_t2_l1_pareto_0.csv, percents=0.001, 0.0254464, 0.0366954, 0.0698214, 0.10015, 0.173493, 0.211271, 1, 

Solution 1: N total=56 (N_initial=26, N_added=30), Time total=86 ms, Saved to: ./results/Flex_t2_l1_pareto_1.csv, percents=0.001, 0.017851, 0.037516, 0.040253, 0.075425, 0.14546, 0.153692, 0.161136, 0.798168, 0.215567, 1, 

Solution 2: N total=59 (N_initial=26, N_added=33), Time total=81 ms, Saved to: ./results/Flex_t2_l1_pareto_2.csv, percents=0.001, 0.0254464, 0.0261442, 0.0262016, 0.0663368, 0.0782302, 0.100799, 0.164494, 0.217953, 0.230267, 0.333724, 0.579264, 0.687332, 0.69542, 0.790189, 0.928789, 1, 

Solution 3: N total=51 (N_initial=26, N_added=25), Time total=145 ms, Saved to: ./results/Flex_t2_l1_pareto_3.csv, percents=0.001, 0.0254464, 0.0261442, 0.0262016, 0.0663368, 0.341047, 0.161136, 1, 

Solution 4: N total=53 (N_initial=26, N_added=27), Time total=88 ms, Saved to: ./results/Flex_t2_l1_pareto_4.csv, percents=0.001, 0.0219461, 0.0262016, 0.0663368, 0.100799, 0.164494, 0.211271, 0.230267, 1, 

------------d=1, t=2, lambda=2, filename=./evaluation/Flex/Flex_2_2.csv------------
Computing partitioned counts of d-sets...
Ready to look at pairs based on partitioned counts...
First Stage N=50, Time=4
There are 50 remaining non-locating pairs
--- Running GA Algorithm (phase2) ---
Running GA with std::execution::par
Generation #0
38,11,0.001, 0.0241499, 0.0467644, 0.0665128, 0.073549, 0.13697, 0.151918, 0.156933, 0.180608, 0.241179, 0.280892, 0.415786, 0.528273, 0.539356, 0.638639, 0.669914, 0.689878, 0.721521, 0.743387, 0.757212, 0.78066, 0.808895, 0.824379, 0.824833, 0.825626, 0.833394, 0.872086, 0.935705, 1, 

22,39,0.001, 0.241796, 0.255415, 0.267223, 0.523808, 0.676594, 0.742772, 0.750652, 0.894658, 0.93798, 1, 

39,9,0.001, 0.0031846, 0.0597501, 0.0631897, 0.0767036, 0.0934026, 0.106032, 0.154203, 0.176848, 0.20859, 0.233378, 0.24101, 0.257744, 0.309585, 0.315951, 0.319194, 0.331655, 0.334856, 0.359767, 0.393518, 0.417249, 0.48648, 0.578678, 0.637686, 0.647124, 0.664306, 0.669327, 0.869219, 0.902734, 1, 

28,18,0.001, 0.0747202, 0.0891315, 0.106405, 0.136406, 0.253029, 0.329264, 0.338987, 0.493058, 0.519518, 0.527226, 0.547908, 0.576138, 0.58704, 0.795795, 0.852566, 0.979314, 1, 

35,13,0.001, 0.0672733, 0.0718688, 0.073783, 0.0778439, 0.0920544, 0.127678, 0.139226, 0.223025, 0.243104, 0.244418, 0.28455, 0.313371, 0.58646, 0.618225, 0.656266, 0.766522, 0.771245, 0.834159, 0.886439, 0.89893, 0.902752, 0.935257, 0.994096, 0.998042, 1, 

31,17,0.001, 0.0855616, 0.100453, 0.137765, 0.211053, 0.234313, 0.239921, 0.254621, 0.270971, 0.424174, 0.526236, 0.544305, 0.628637, 0.743554, 0.764551, 0.774282, 0.881682, 0.944003, 0.951829, 1, 

25,20,0.001, 0.0400782, 0.0924726, 0.14389, 0.201935, 0.218852, 0.379161, 0.401934, 0.445049, 0.553897, 0.631128, 0.80099, 0.953004, 1, 

Generation #1
38,11,0.001, 0.0241499, 0.0467644, 0.0665128, 0.073549, 0.13697, 0.151918, 0.156933, 0.180608, 0.241179, 0.280892, 0.415786, 0.528273, 0.539356, 0.638639, 0.669914, 0.689878, 0.721521, 0.743387, 0.757212, 0.78066, 0.808895, 0.824379, 0.824833, 0.825626, 0.833394, 0.872086, 0.935705, 1, 

22,39,0.001, 0.241796, 0.255415, 0.267223, 0.523808, 0.676594, 0.742772, 0.750652, 0.894658, 0.93798, 1, 

39,9,0.001, 0.0031846, 0.0597501, 0.0631897, 0.0767036, 0.0934026, 0.106032, 0.154203, 0.176848, 0.20859, 0.233378, 0.24101, 0.257744, 0.309585, 0.315951, 0.319194, 0.331655, 0.334856, 0.359767, 0.393518, 0.417249, 0.48648, 0.578678, 0.637686, 0.647124, 0.664306, 0.669327, 0.869219, 0.902734, 1, 

35,13,0.001, 0.0672733, 0.0718688, 0.073783, 0.0778439, 0.0920544, 0.127678, 0.139226, 0.223025, 0.243104, 0.244418, 0.28455, 0.313371, 0.58646, 0.618225, 0.656266, 0.766522, 0.771245, 0.834159, 0.886439, 0.89893, 0.902752, 0.935257, 0.994096, 0.998042, 1, 

25,18,0.001, 0.065651, 0.109864, 0.138908, 0.203141, 0.218852, 0.379161, 0.401934, 0.445049, 0.553897, 0.631128, 0.80099, 0.953004, 1, 

26,15,0.001, 0.0731619, 0.0789572, 0.12456, 0.172335, 0.203633, 0.27967, 0.416722, 0.560812, 0.614607, 0.619566, 0.665627, 0.700502, 0.742983, 0.80892, 0.903542, 1, 

Generation #2
38,11,0.001, 0.0241499, 0.0467644, 0.0665128, 0.073549, 0.13697, 0.151918, 0.156933, 0.180608, 0.241179, 0.280892, 0.415786, 0.528273, 0.539356, 0.638639, 0.669914, 0.689878, 0.721521, 0.743387, 0.757212, 0.78066, 0.808895, 0.824379, 0.824833, 0.825626, 0.833394, 0.872086, 0.935705, 1, 

39,9,0.001, 0.0031846, 0.0597501, 0.0631897, 0.0767036, 0.0934026, 0.106032, 0.154203, 0.176848, 0.20859, 0.233378, 0.24101, 0.257744, 0.309585, 0.315951, 0.319194, 0.331655, 0.334856, 0.359767, 0.393518, 0.417249, 0.48648, 0.578678, 0.637686, 0.647124, 0.664306, 0.669327, 0.869219, 0.902734, 1, 

21,12,0.001, 0.0031846, 0.0597501, 0.0486666, 0.0767036, 0.0934026, 0.106032, 0.154203, 0.176848, 0.20859, 0.631128, 0.80099, 0.953004, 1, 

Generation #3
21,12,0.001, 0.0031846, 0.0597501, 0.0486666, 0.0767036, 0.0934026, 0.106032, 0.154203, 0.176848, 0.20859, 0.631128, 0.80099, 0.953004, 1, 

25,6,0.001, 0.0490098, 0.0650557, 0.0730224, 0.0926398, 0.0959805, 0.118798, 0.209791, 0.221596, 0.242896, 0.243051, 0.255376, 0.629491, 0.678742, 0.711266, 0.904582, 0.953798, 1, 

Generation #4
21,12,0.001, 0.0031846, 0.0597501, 0.0486666, 0.0767036, 0.0934026, 0.106032, 0.154203, 0.176848, 0.20859, 0.631128, 0.80099, 0.953004, 1, 

25,6,0.001, 0.0490098, 0.0650557, 0.0730224, 0.0926398, 0.0959805, 0.118798, 0.209791, 0.221596, 0.242896, 0.243051, 0.255376, 0.629491, 0.678742, 0.711266, 0.904582, 0.953798, 1, 

Generation #5
21,12,0.001, 0.0031846, 0.0597501, 0.0486666, 0.0767036, 0.0934026, 0.106032, 0.154203, 0.176848, 0.20859, 0.631128, 0.80099, 0.953004, 1, 

24,6,0.001, 0.0241499, 0.0467644, 0.0665128, 0.073549, 0.13697, 0.151918, 0.156933, 0.180608, 0.241179, 0.631128, 0.511093, 0.80099, 0.953004, 1, 

Generation #6
21,12,0.001, 0.0031846, 0.0597501, 0.0486666, 0.0767036, 0.0934026, 0.106032, 0.154203, 0.176848, 0.20859, 0.631128, 0.80099, 0.953004, 1, 

24,6,0.001, 0.0241499, 0.0467644, 0.0665128, 0.073549, 0.13697, 0.151918, 0.156933, 0.180608, 0.241179, 0.631128, 0.511093, 0.80099, 0.953004, 1, 

Generation #7
21,12,0.001, 0.0031846, 0.0597501, 0.0486666, 0.0767036, 0.0934026, 0.106032, 0.154203, 0.176848, 0.20859, 0.631128, 0.80099, 0.953004, 1, 

24,6,0.001, 0.0241499, 0.0467644, 0.0665128, 0.073549, 0.13697, 0.151918, 0.156933, 0.180608, 0.241179, 0.631128, 0.511093, 0.80099, 0.953004, 1, 

23,10,0.001, 0.0490098, 0.0650557, 0.0730224, 0.0926398, 0.0959805, 0.118798, 0.181573, 0.232574, 0.233922, 0.26732, 1, 

Generation #8
21,12,0.001, 0.0031846, 0.0597501, 0.0486666, 0.0767036, 0.0934026, 0.106032, 0.154203, 0.176848, 0.20859, 0.631128, 0.80099, 0.953004, 1, 

24,6,0.001, 0.0241499, 0.0467644, 0.0665128, 0.073549, 0.13697, 0.151918, 0.156933, 0.180608, 0.241179, 0.631128, 0.511093, 0.80099, 0.953004, 1, 

23,8,0.001, 0.0031846, 0.0597501, 0.0486666, 0.0767036, 0.0959805, 0.118798, 0.209791, 0.221596, 0.242896, 0.888902, 1, 

Generation #9
21,12,0.001, 0.0031846, 0.0597501, 0.0486666, 0.0767036, 0.0934026, 0.106032, 0.154203, 0.176848, 0.20859, 0.631128, 0.80099, 0.953004, 1, 

24,6,0.001, 0.0241499, 0.0467644, 0.0665128, 0.073549, 0.13697, 0.151918, 0.156933, 0.180608, 0.241179, 0.631128, 0.511093, 0.80099, 0.953004, 1, 

22,8,0.001, 0.0490098, 0.0650557, 0.0730224, 0.0926398, 0.0959805, 0.118798, 0.209791, 0.221596, 0.242896, 0.888902, 1, 

Generation #10
21,12,0.001, 0.0031846, 0.0597501, 0.0486666, 0.0767036, 0.0934026, 0.106032, 0.154203, 0.176848, 0.20859, 0.631128, 0.80099, 0.953004, 1, 

24,6,0.001, 0.0241499, 0.0467644, 0.0665128, 0.073549, 0.13697, 0.151918, 0.156933, 0.180608, 0.241179, 0.631128, 0.511093, 0.80099, 0.953004, 1, 

22,8,0.001, 0.0490098, 0.0650557, 0.0730224, 0.0926398, 0.0959805, 0.118798, 0.209791, 0.221596, 0.242896, 0.888902, 1, 

20,23,0.001, 0.0747202, 0.0891315, 0.106405, 0.136406, 0.253029, 0.118798, 0.209791, 0.221596, 0.242896, 0.26732, 1, 

Generation #11
24,6,0.001, 0.0241499, 0.0467644, 0.0665128, 0.073549, 0.13697, 0.151918, 0.156933, 0.180608, 0.241179, 0.631128, 0.511093, 0.80099, 0.953004, 1, 

19,21,0.001, 0.0480708, 0.111382, 0.0730224, 0.0926398, 0.0959805, 0.118798, 0.209791, 0.221596, 0.93798, 1, 

21,7,0.001, 0.0490098, 0.0650557, 0.0730224, 0.0926398, 0.0959805, 0.118798, 0.209791, 0.221596, 0.242896, 0.255376, 0.985177, 1, 

20,13,0.001, 0.0336375, 0.0679644, 0.12456, 0.0767036, 0.0934026, 0.106032, 0.209791, 0.221596, 0.242896, 0.84665, 1, 

Generation #12
19,21,0.001, 0.0480708, 0.111382, 0.0730224, 0.0926398, 0.0959805, 0.118798, 0.209791, 0.221596, 0.93798, 1, 

21,7,0.001, 0.0490098, 0.0650557, 0.0730224, 0.0926398, 0.0959805, 0.118798, 0.209791, 0.221596, 0.242896, 0.255376, 0.985177, 1, 

20,13,0.001, 0.0336375, 0.0679644, 0.12456, 0.0767036, 0.0934026, 0.106032, 0.209791, 0.221596, 0.242896, 0.84665, 1, 

23,5,0.001, 0.0031846, 0.0597501, 0.0665128, 0.073549, 0.0959805, 0.151918, 0.156933, 0.180608, 0.241179, 0.631128, 0.765784, 0.80099, 0.532212, 0.548072, 0.563175, 1, 

Generation #13
19,21,0.001, 0.0480708, 0.111382, 0.0730224, 0.0926398, 0.0959805, 0.118798, 0.209791, 0.221596, 0.93798, 1, 

21,7,0.001, 0.0490098, 0.0650557, 0.0730224, 0.0926398, 0.0959805, 0.118798, 0.209791, 0.221596, 0.242896, 0.255376, 0.985177, 1, 

20,13,0.001, 0.0336375, 0.0679644, 0.12456, 0.0767036, 0.0934026, 0.106032, 0.209791, 0.221596, 0.242896, 0.84665, 1, 

23,5,0.001, 0.0031846, 0.0597501, 0.0665128, 0.073549, 0.0959805, 0.151918, 0.156933, 0.180608, 0.241179, 0.631128, 0.765784, 0.80099, 0.532212, 0.548072, 0.563175, 1, 

Generation #14
19,21,0.001, 0.0480708, 0.111382, 0.0730224, 0.0926398, 0.0959805, 0.118798, 0.209791, 0.221596, 0.93798, 1, 

21,7,0.001, 0.0490098, 0.0650557, 0.0730224, 0.0926398, 0.0959805, 0.118798, 0.209791, 0.221596, 0.242896, 0.255376, 0.985177, 1, 

23,5,0.001, 0.0031846, 0.0597501, 0.0665128, 0.073549, 0.0959805, 0.151918, 0.156933, 0.180608, 0.241179, 0.631128, 0.765784, 0.80099, 0.532212, 0.548072, 0.563175, 1, 

20,9,0.001, 0.0336375, 0.0679644, 0.12456, 0.0767036, 0.0934026, 0.106032, 0.209791, 0.221596, 0.242896, 0.153482, 0.84665, 1, 

Generation #15
19,21,0.001, 0.0480708, 0.111382, 0.0730224, 0.0926398, 0.0959805, 0.118798, 0.209791, 0.221596, 0.93798, 1, 

21,7,0.001, 0.0490098, 0.0650557, 0.0730224, 0.0926398, 0.0959805, 0.118798, 0.209791, 0.221596, 0.242896, 0.255376, 0.985177, 1, 

23,5,0.001, 0.0031846, 0.0597501, 0.0665128, 0.073549, 0.0959805, 0.151918, 0.156933, 0.180608, 0.241179, 0.631128, 0.765784, 0.80099, 0.532212, 0.548072, 0.563175, 1, 

20,9,0.001, 0.0336375, 0.0679644, 0.12456, 0.0767036, 0.0934026, 0.106032, 0.209791, 0.221596, 0.242896, 0.153482, 0.84665, 1, 

Generation #16
23,5,0.001, 0.0031846, 0.0597501, 0.0665128, 0.073549, 0.0959805, 0.151918, 0.156933, 0.180608, 0.241179, 0.631128, 0.765784, 0.80099, 0.532212, 0.548072, 0.563175, 1, 

17,7,0.001, 0.0490098, 0.0650557, 0.0730224, 0.0926398, 0.0959805, 0.239921, 0.254621, 0.270971, 1, 

Generation #17
23,5,0.001, 0.0031846, 0.0597501, 0.0665128, 0.073549, 0.0959805, 0.151918, 0.156933, 0.180608, 0.241179, 0.631128, 0.765784, 0.80099, 0.532212, 0.548072, 0.563175, 1, 

17,7,0.001, 0.0490098, 0.0650557, 0.0730224, 0.0926398, 0.0959805, 0.239921, 0.254621, 0.270971, 1, 

20,6,0.001, 0.0336375, 0.0679644, 0.12456, 0.0767036, 0.0934026, 0.118798, 0.181573, 0.232574, 0.233922, 0.26732, 1, 

Generation #18
23,5,0.001, 0.0031846, 0.0597501, 0.0665128, 0.073549, 0.0959805, 0.151918, 0.156933, 0.180608, 0.241179, 0.631128, 0.765784, 0.80099, 0.532212, 0.548072, 0.563175, 1, 

17,7,0.001, 0.0490098, 0.0650557, 0.0730224, 0.0926398, 0.0959805, 0.239921, 0.254621, 0.270971, 1, 

20,6,0.001, 0.0336375, 0.0679644, 0.12456, 0.0767036, 0.0934026, 0.118798, 0.181573, 0.232574, 0.233922, 0.26732, 1, 

Generation #19
17,7,0.001, 0.0490098, 0.0650557, 0.0730224, 0.0926398, 0.0959805, 0.239921, 0.254621, 0.270971, 1, 

20,5,0.001, 0.0031846, 0.0597501, 0.0730224, 0.0926398, 0.0959805, 0.118798, 0.209791, 0.221596, 0.242896, 0.255376, 0.985177, 1, 

Generation #20
17,7,0.001, 0.0490098, 0.0650557, 0.0730224, 0.0926398, 0.0959805, 0.239921, 0.254621, 0.270971, 1, 

20,5,0.001, 0.0031846, 0.0597501, 0.0730224, 0.0926398, 0.0959805, 0.118798, 0.209791, 0.221596, 0.242896, 0.255376, 0.985177, 1, 

Generation #21
17,7,0.001, 0.0490098, 0.0650557, 0.0730224, 0.0926398, 0.0959805, 0.239921, 0.254621, 0.270971, 1, 

20,5,0.001, 0.0031846, 0.0597501, 0.0730224, 0.0926398, 0.0959805, 0.118798, 0.209791, 0.221596, 0.242896, 0.255376, 0.985177, 1, 

Generation #22
17,7,0.001, 0.0490098, 0.0650557, 0.0730224, 0.0926398, 0.0959805, 0.239921, 0.254621, 0.270971, 1, 

20,5,0.001, 0.0031846, 0.0597501, 0.0730224, 0.0926398, 0.0959805, 0.118798, 0.209791, 0.221596, 0.242896, 0.255376, 0.985177, 1, 

Generation #23
17,7,0.001, 0.0490098, 0.0650557, 0.0730224, 0.0926398, 0.0959805, 0.239921, 0.254621, 0.270971, 1, 

20,5,0.001, 0.0031846, 0.0597501, 0.0730224, 0.0926398, 0.0959805, 0.118798, 0.209791, 0.221596, 0.242896, 0.255376, 0.985177, 1, 

Generation #24
17,7,0.001, 0.0490098, 0.0650557, 0.0730224, 0.0926398, 0.0959805, 0.239921, 0.254621, 0.270971, 1, 

20,5,0.001, 0.0031846, 0.0597501, 0.0730224, 0.0926398, 0.0959805, 0.118798, 0.209791, 0.221596, 0.242896, 0.255376, 0.985177, 1, 

33,1,0.001, 0.0490098, 0.0650557, 0.0730224, 0.0926398, 0.0959805, 0.186268, 0.198098, 0.221596, 0.242896, 0.255376, 0.258406, 0.313371, 0.58646, 0.618225, 0.656266, 0.766522, 0.771245, 0.834159, 0.886439, 0.89893, 0.902752, 0.935257, 0.994096, 0.998042, 1, 

Generation #25
17,7,0.001, 0.0490098, 0.0650557, 0.0730224, 0.0926398, 0.0959805, 0.239921, 0.254621, 0.270971, 1, 

20,5,0.001, 0.0031846, 0.0597501, 0.0730224, 0.0926398, 0.0959805, 0.118798, 0.209791, 0.221596, 0.242896, 0.255376, 0.985177, 1, 

33,1,0.001, 0.0490098, 0.0650557, 0.0730224, 0.0926398, 0.0959805, 0.186268, 0.198098, 0.221596, 0.242896, 0.255376, 0.258406, 0.313371, 0.58646, 0.618225, 0.656266, 0.766522, 0.771245, 0.834159, 0.886439, 0.89893, 0.902752, 0.935257, 0.994096, 0.998042, 1, 

Generation #26
17,7,0.001, 0.0490098, 0.0650557, 0.0730224, 0.0926398, 0.0959805, 0.239921, 0.254621, 0.270971, 1, 

20,5,0.001, 0.0031846, 0.0597501, 0.0730224, 0.0926398, 0.0959805, 0.118798, 0.209791, 0.221596, 0.242896, 0.255376, 0.985177, 1, 

33,1,0.001, 0.0490098, 0.0650557, 0.0730224, 0.0926398, 0.0959805, 0.186268, 0.198098, 0.221596, 0.242896, 0.255376, 0.258406, 0.313371, 0.58646, 0.618225, 0.656266, 0.766522, 0.771245, 0.834159, 0.886439, 0.89893, 0.902752, 0.935257, 0.994096, 0.998042, 1, 

22,2,0.001, 0.0490098, 0.0650557, 0.0730224, 0.0926398, 0.0959805, 0.118798, 0.209791, 0.221596, 0.241179, 0.631128, 0.511093, 0.80099, 0.953004, 1, 

Generation #27
17,7,0.001, 0.0490098, 0.0650557, 0.0730224, 0.0926398, 0.0959805, 0.239921, 0.254621, 0.270971, 1, 

20,5,0.001, 0.0031846, 0.0597501, 0.0730224, 0.0926398, 0.0959805, 0.118798, 0.209791, 0.221596, 0.242896, 0.255376, 0.985177, 1, 

33,1,0.001, 0.0490098, 0.0650557, 0.0730224, 0.0926398, 0.0959805, 0.186268, 0.198098, 0.221596, 0.242896, 0.255376, 0.258406, 0.313371, 0.58646, 0.618225, 0.656266, 0.766522, 0.771245, 0.834159, 0.886439, 0.89893, 0.902752, 0.935257, 0.994096, 0.998042, 1, 

22,2,0.001, 0.0490098, 0.0650557, 0.0730224, 0.0926398, 0.0959805, 0.118798, 0.209791, 0.221596, 0.241179, 0.631128, 0.511093, 0.80099, 0.953004, 1, 

Generation #28
17,7,0.001, 0.0490098, 0.0650557, 0.0730224, 0.0926398, 0.0959805, 0.239921, 0.254621, 0.270971, 1, 

20,5,0.001, 0.0031846, 0.0597501, 0.0730224, 0.0926398, 0.0959805, 0.118798, 0.209791, 0.221596, 0.242896, 0.255376, 0.985177, 1, 

33,1,0.001, 0.0490098, 0.0650557, 0.0730224, 0.0926398, 0.0959805, 0.186268, 0.198098, 0.221596, 0.242896, 0.255376, 0.258406, 0.313371, 0.58646, 0.618225, 0.656266, 0.766522, 0.771245, 0.834159, 0.886439, 0.89893, 0.902752, 0.935257, 0.994096, 0.998042, 1, 

22,2,0.001, 0.0490098, 0.0650557, 0.0730224, 0.0926398, 0.0959805, 0.118798, 0.209791, 0.221596, 0.241179, 0.631128, 0.511093, 0.80099, 0.953004, 1, 

Generation #29
17,7,0.001, 0.0490098, 0.0650557, 0.0730224, 0.0926398, 0.0959805, 0.239921, 0.254621, 0.270971, 1, 

20,5,0.001, 0.0031846, 0.0597501, 0.0730224, 0.0926398, 0.0959805, 0.118798, 0.209791, 0.221596, 0.242896, 0.255376, 0.985177, 1, 

33,1,0.001, 0.0490098, 0.0650557, 0.0730224, 0.0926398, 0.0959805, 0.186268, 0.198098, 0.221596, 0.242896, 0.255376, 0.258406, 0.313371, 0.58646, 0.618225, 0.656266, 0.766522, 0.771245, 0.834159, 0.886439, 0.89893, 0.902752, 0.935257, 0.994096, 0.998042, 1, 

22,2,0.001, 0.0490098, 0.0650557, 0.0730224, 0.0926398, 0.0959805, 0.118798, 0.209791, 0.221596, 0.241179, 0.631128, 0.511093, 0.80099, 0.953004, 1, 

Generation #30
17,7,0.001, 0.0490098, 0.0650557, 0.0730224, 0.0926398, 0.0959805, 0.239921, 0.254621, 0.270971, 1, 

20,5,0.001, 0.0031846, 0.0597501, 0.0730224, 0.0926398, 0.0959805, 0.118798, 0.209791, 0.221596, 0.242896, 0.255376, 0.985177, 1, 

33,1,0.001, 0.0490098, 0.0650557, 0.0730224, 0.0926398, 0.0959805, 0.186268, 0.198098, 0.221596, 0.242896, 0.255376, 0.258406, 0.313371, 0.58646, 0.618225, 0.656266, 0.766522, 0.771245, 0.834159, 0.886439, 0.89893, 0.902752, 0.935257, 0.994096, 0.998042, 1, 

22,2,0.001, 0.0490098, 0.0650557, 0.0730224, 0.0926398, 0.0959805, 0.118798, 0.209791, 0.221596, 0.241179, 0.631128, 0.511093, 0.80099, 0.953004, 1, 

Generation #31
17,7,0.001, 0.0490098, 0.0650557, 0.0730224, 0.0926398, 0.0959805, 0.239921, 0.254621, 0.270971, 1, 

20,5,0.001, 0.0031846, 0.0597501, 0.0730224, 0.0926398, 0.0959805, 0.118798, 0.209791, 0.221596, 0.242896, 0.255376, 0.985177, 1, 

33,1,0.001, 0.0490098, 0.0650557, 0.0730224, 0.0926398, 0.0959805, 0.186268, 0.198098, 0.221596, 0.242896, 0.255376, 0.258406, 0.313371, 0.58646, 0.618225, 0.656266, 0.766522, 0.771245, 0.834159, 0.886439, 0.89893, 0.902752, 0.935257, 0.994096, 0.998042, 1, 

22,2,0.001, 0.0490098, 0.0650557, 0.0730224, 0.0926398, 0.0959805, 0.118798, 0.209791, 0.221596, 0.241179, 0.631128, 0.511093, 0.80099, 0.953004, 1, 

Generation #32
17,7,0.001, 0.0490098, 0.0650557, 0.0730224, 0.0926398, 0.0959805, 0.239921, 0.254621, 0.270971, 1, 

20,5,0.001, 0.0031846, 0.0597501, 0.0730224, 0.0926398, 0.0959805, 0.118798, 0.209791, 0.221596, 0.242896, 0.255376, 0.985177, 1, 

33,1,0.001, 0.0490098, 0.0650557, 0.0730224, 0.0926398, 0.0959805, 0.186268, 0.198098, 0.221596, 0.242896, 0.255376, 0.258406, 0.313371, 0.58646, 0.618225, 0.656266, 0.766522, 0.771245, 0.834159, 0.886439, 0.89893, 0.902752, 0.935257, 0.994096, 0.998042, 1, 

22,2,0.001, 0.0490098, 0.0650557, 0.0730224, 0.0926398, 0.0959805, 0.118798, 0.209791, 0.221596, 0.241179, 0.631128, 0.511093, 0.80099, 0.953004, 1, 

Generation #33
17,7,0.001, 0.0490098, 0.0650557, 0.0730224, 0.0926398, 0.0959805, 0.239921, 0.254621, 0.270971, 1, 

20,5,0.001, 0.0031846, 0.0597501, 0.0730224, 0.0926398, 0.0959805, 0.118798, 0.209791, 0.221596, 0.242896, 0.255376, 0.985177, 1, 

33,1,0.001, 0.0490098, 0.0650557, 0.0730224, 0.0926398, 0.0959805, 0.186268, 0.198098, 0.221596, 0.242896, 0.255376, 0.258406, 0.313371, 0.58646, 0.618225, 0.656266, 0.766522, 0.771245, 0.834159, 0.886439, 0.89893, 0.902752, 0.935257, 0.994096, 0.998042, 1, 

22,2,0.001, 0.0490098, 0.0650557, 0.0730224, 0.0926398, 0.0959805, 0.118798, 0.209791, 0.221596, 0.241179, 0.631128, 0.511093, 0.80099, 0.953004, 1, 

Generation #34
17,7,0.001, 0.0490098, 0.0650557, 0.0730224, 0.0926398, 0.0959805, 0.239921, 0.254621, 0.270971, 1, 

20,5,0.001, 0.0031846, 0.0597501, 0.0730224, 0.0926398, 0.0959805, 0.118798, 0.209791, 0.221596, 0.242896, 0.255376, 0.985177, 1, 

33,1,0.001, 0.0490098, 0.0650557, 0.0730224, 0.0926398, 0.0959805, 0.186268, 0.198098, 0.221596, 0.242896, 0.255376, 0.258406, 0.313371, 0.58646, 0.618225, 0.656266, 0.766522, 0.771245, 0.834159, 0.886439, 0.89893, 0.902752, 0.935257, 0.994096, 0.998042, 1, 

22,2,0.001, 0.0490098, 0.0650557, 0.0730224, 0.0926398, 0.0959805, 0.118798, 0.209791, 0.221596, 0.241179, 0.631128, 0.511093, 0.80099, 0.953004, 1, 

Generation #35
17,7,0.001, 0.0490098, 0.0650557, 0.0730224, 0.0926398, 0.0959805, 0.239921, 0.254621, 0.270971, 1, 

20,5,0.001, 0.0031846, 0.0597501, 0.0730224, 0.0926398, 0.0959805, 0.118798, 0.209791, 0.221596, 0.242896, 0.255376, 0.985177, 1, 

33,1,0.001, 0.0490098, 0.0650557, 0.0730224, 0.0926398, 0.0959805, 0.186268, 0.198098, 0.221596, 0.242896, 0.255376, 0.258406, 0.313371, 0.58646, 0.618225, 0.656266, 0.766522, 0.771245, 0.834159, 0.886439, 0.89893, 0.902752, 0.935257, 0.994096, 0.998042, 1, 

22,2,0.001, 0.0490098, 0.0650557, 0.0730224, 0.0926398, 0.0959805, 0.118798, 0.209791, 0.221596, 0.241179, 0.631128, 0.511093, 0.80099, 0.953004, 1, 

Generation #36
17,7,0.001, 0.0490098, 0.0650557, 0.0730224, 0.0926398, 0.0959805, 0.239921, 0.254621, 0.270971, 1, 

20,5,0.001, 0.0031846, 0.0597501, 0.0730224, 0.0926398, 0.0959805, 0.118798, 0.209791, 0.221596, 0.242896, 0.255376, 0.985177, 1, 

33,1,0.001, 0.0490098, 0.0650557, 0.0730224, 0.0926398, 0.0959805, 0.186268, 0.198098, 0.221596, 0.242896, 0.255376, 0.258406, 0.313371, 0.58646, 0.618225, 0.656266, 0.766522, 0.771245, 0.834159, 0.886439, 0.89893, 0.902752, 0.935257, 0.994096, 0.998042, 1, 

22,2,0.001, 0.0490098, 0.0650557, 0.0730224, 0.0926398, 0.0959805, 0.118798, 0.209791, 0.221596, 0.241179, 0.631128, 0.511093, 0.80099, 0.953004, 1, 

Generation #37
17,7,0.001, 0.0490098, 0.0650557, 0.0730224, 0.0926398, 0.0959805, 0.239921, 0.254621, 0.270971, 1, 

20,5,0.001, 0.0031846, 0.0597501, 0.0730224, 0.0926398, 0.0959805, 0.118798, 0.209791, 0.221596, 0.242896, 0.255376, 0.985177, 1, 

33,1,0.001, 0.0490098, 0.0650557, 0.0730224, 0.0926398, 0.0959805, 0.186268, 0.198098, 0.221596, 0.242896, 0.255376, 0.258406, 0.313371, 0.58646, 0.618225, 0.656266, 0.766522, 0.771245, 0.834159, 0.886439, 0.89893, 0.902752, 0.935257, 0.994096, 0.998042, 1, 

22,2,0.001, 0.0490098, 0.0650557, 0.0730224, 0.0926398, 0.0959805, 0.118798, 0.209791, 0.221596, 0.241179, 0.631128, 0.511093, 0.80099, 0.953004, 1, 

Generation #38
17,7,0.001, 0.0490098, 0.0650557, 0.0730224, 0.0926398, 0.0959805, 0.239921, 0.254621, 0.270971, 1, 

20,5,0.001, 0.0031846, 0.0597501, 0.0730224, 0.0926398, 0.0959805, 0.118798, 0.209791, 0.221596, 0.242896, 0.255376, 0.985177, 1, 

33,1,0.001, 0.0490098, 0.0650557, 0.0730224, 0.0926398, 0.0959805, 0.186268, 0.198098, 0.221596, 0.242896, 0.255376, 0.258406, 0.313371, 0.58646, 0.618225, 0.656266, 0.766522, 0.771245, 0.834159, 0.886439, 0.89893, 0.902752, 0.935257, 0.994096, 0.998042, 1, 

22,2,0.001, 0.0490098, 0.0650557, 0.0730224, 0.0926398, 0.0959805, 0.118798, 0.209791, 0.221596, 0.241179, 0.631128, 0.511093, 0.80099, 0.953004, 1, 

Generation #39
17,7,0.001, 0.0490098, 0.0650557, 0.0730224, 0.0926398, 0.0959805, 0.239921, 0.254621, 0.270971, 1, 

20,5,0.001, 0.0031846, 0.0597501, 0.0730224, 0.0926398, 0.0959805, 0.118798, 0.209791, 0.221596, 0.242896, 0.255376, 0.985177, 1, 

33,1,0.001, 0.0490098, 0.0650557, 0.0730224, 0.0926398, 0.0959805, 0.186268, 0.198098, 0.221596, 0.242896, 0.255376, 0.258406, 0.313371, 0.58646, 0.618225, 0.656266, 0.766522, 0.771245, 0.834159, 0.886439, 0.89893, 0.902752, 0.935257, 0.994096, 0.998042, 1, 

22,2,0.001, 0.0490098, 0.0650557, 0.0730224, 0.0926398, 0.0959805, 0.118798, 0.209791, 0.221596, 0.241179, 0.631128, 0.511093, 0.80099, 0.953004, 1, 

Generation #40
17,7,0.001, 0.0490098, 0.0650557, 0.0730224, 0.0926398, 0.0959805, 0.239921, 0.254621, 0.270971, 1, 

20,5,0.001, 0.0031846, 0.0597501, 0.0730224, 0.0926398, 0.0959805, 0.118798, 0.209791, 0.221596, 0.242896, 0.255376, 0.985177, 1, 

33,1,0.001, 0.0490098, 0.0650557, 0.0730224, 0.0926398, 0.0959805, 0.186268, 0.198098, 0.221596, 0.242896, 0.255376, 0.258406, 0.313371, 0.58646, 0.618225, 0.656266, 0.766522, 0.771245, 0.834159, 0.886439, 0.89893, 0.902752, 0.935257, 0.994096, 0.998042, 1, 

22,2,0.001, 0.0490098, 0.0650557, 0.0730224, 0.0926398, 0.0959805, 0.118798, 0.209791, 0.221596, 0.241179, 0.631128, 0.511093, 0.80099, 0.953004, 1, 

Generation #41
17,7,0.001, 0.0490098, 0.0650557, 0.0730224, 0.0926398, 0.0959805, 0.239921, 0.254621, 0.270971, 1, 

20,5,0.001, 0.0031846, 0.0597501, 0.0730224, 0.0926398, 0.0959805, 0.118798, 0.209791, 0.221596, 0.242896, 0.255376, 0.985177, 1, 

33,1,0.001, 0.0490098, 0.0650557, 0.0730224, 0.0926398, 0.0959805, 0.186268, 0.198098, 0.221596, 0.242896, 0.255376, 0.258406, 0.313371, 0.58646, 0.618225, 0.656266, 0.766522, 0.771245, 0.834159, 0.886439, 0.89893, 0.902752, 0.935257, 0.994096, 0.998042, 1, 

22,2,0.001, 0.0490098, 0.0650557, 0.0730224, 0.0926398, 0.0959805, 0.118798, 0.209791, 0.221596, 0.241179, 0.631128, 0.511093, 0.80099, 0.953004, 1, 

18,6,0.001, 0.0490098, 0.0650557, 0.0730224, 0.0926398, 0.0959805, 0.151918, 0.156933, 0.232574, 0.11372, 0.26732, 1, 

Generation #42
17,7,0.001, 0.0490098, 0.0650557, 0.0730224, 0.0926398, 0.0959805, 0.239921, 0.254621, 0.270971, 1, 

20,5,0.001, 0.0031846, 0.0597501, 0.0730224, 0.0926398, 0.0959805, 0.118798, 0.209791, 0.221596, 0.242896, 0.255376, 0.985177, 1, 

33,1,0.001, 0.0490098, 0.0650557, 0.0730224, 0.0926398, 0.0959805, 0.186268, 0.198098, 0.221596, 0.242896, 0.255376, 0.258406, 0.313371, 0.58646, 0.618225, 0.656266, 0.766522, 0.771245, 0.834159, 0.886439, 0.89893, 0.902752, 0.935257, 0.994096, 0.998042, 1, 

22,2,0.001, 0.0490098, 0.0650557, 0.0730224, 0.0926398, 0.0959805, 0.118798, 0.209791, 0.221596, 0.241179, 0.631128, 0.511093, 0.80099, 0.953004, 1, 

18,6,0.001, 0.0490098, 0.0650557, 0.0730224, 0.0926398, 0.0959805, 0.151918, 0.156933, 0.232574, 0.11372, 0.26732, 1, 

Generation #43
17,7,0.001, 0.0490098, 0.0650557, 0.0730224, 0.0926398, 0.0959805, 0.239921, 0.254621, 0.270971, 1, 

20,5,0.001, 0.0031846, 0.0597501, 0.0730224, 0.0926398, 0.0959805, 0.118798, 0.209791, 0.221596, 0.242896, 0.255376, 0.985177, 1, 

33,1,0.001, 0.0490098, 0.0650557, 0.0730224, 0.0926398, 0.0959805, 0.186268, 0.198098, 0.221596, 0.242896, 0.255376, 0.258406, 0.313371, 0.58646, 0.618225, 0.656266, 0.766522, 0.771245, 0.834159, 0.886439, 0.89893, 0.902752, 0.935257, 0.994096, 0.998042, 1, 

22,2,0.001, 0.0490098, 0.0650557, 0.0730224, 0.0926398, 0.0959805, 0.118798, 0.209791, 0.221596, 0.241179, 0.631128, 0.511093, 0.80099, 0.953004, 1, 

18,6,0.001, 0.0490098, 0.0650557, 0.0730224, 0.0926398, 0.0959805, 0.151918, 0.156933, 0.232574, 0.11372, 0.26732, 1, 

Generation #44
17,7,0.001, 0.0490098, 0.0650557, 0.0730224, 0.0926398, 0.0959805, 0.239921, 0.254621, 0.270971, 1, 

20,5,0.001, 0.0031846, 0.0597501, 0.0730224, 0.0926398, 0.0959805, 0.118798, 0.209791, 0.221596, 0.242896, 0.255376, 0.985177, 1, 

33,1,0.001, 0.0490098, 0.0650557, 0.0730224, 0.0926398, 0.0959805, 0.186268, 0.198098, 0.221596, 0.242896, 0.255376, 0.258406, 0.313371, 0.58646, 0.618225, 0.656266, 0.766522, 0.771245, 0.834159, 0.886439, 0.89893, 0.902752, 0.935257, 0.994096, 0.998042, 1, 

22,2,0.001, 0.0490098, 0.0650557, 0.0730224, 0.0926398, 0.0959805, 0.118798, 0.209791, 0.221596, 0.241179, 0.631128, 0.511093, 0.80099, 0.953004, 1, 

18,6,0.001, 0.0490098, 0.0650557, 0.0730224, 0.0926398, 0.0959805, 0.151918, 0.156933, 0.232574, 0.11372, 0.26732, 1, 

Generation #45
17,7,0.001, 0.0490098, 0.0650557, 0.0730224, 0.0926398, 0.0959805, 0.239921, 0.254621, 0.270971, 1, 

20,5,0.001, 0.0031846, 0.0597501, 0.0730224, 0.0926398, 0.0959805, 0.118798, 0.209791, 0.221596, 0.242896, 0.255376, 0.985177, 1, 

33,1,0.001, 0.0490098, 0.0650557, 0.0730224, 0.0926398, 0.0959805, 0.186268, 0.198098, 0.221596, 0.242896, 0.255376, 0.258406, 0.313371, 0.58646, 0.618225, 0.656266, 0.766522, 0.771245, 0.834159, 0.886439, 0.89893, 0.902752, 0.935257, 0.994096, 0.998042, 1, 

22,2,0.001, 0.0490098, 0.0650557, 0.0730224, 0.0926398, 0.0959805, 0.118798, 0.209791, 0.221596, 0.241179, 0.631128, 0.511093, 0.80099, 0.953004, 1, 

18,6,0.001, 0.0490098, 0.0650557, 0.0730224, 0.0926398, 0.0959805, 0.151918, 0.156933, 0.232574, 0.11372, 0.26732, 1, 

Generation #46
17,7,0.001, 0.0490098, 0.0650557, 0.0730224, 0.0926398, 0.0959805, 0.239921, 0.254621, 0.270971, 1, 

20,5,0.001, 0.0031846, 0.0597501, 0.0730224, 0.0926398, 0.0959805, 0.118798, 0.209791, 0.221596, 0.242896, 0.255376, 0.985177, 1, 

33,1,0.001, 0.0490098, 0.0650557, 0.0730224, 0.0926398, 0.0959805, 0.186268, 0.198098, 0.221596, 0.242896, 0.255376, 0.258406, 0.313371, 0.58646, 0.618225, 0.656266, 0.766522, 0.771245, 0.834159, 0.886439, 0.89893, 0.902752, 0.935257, 0.994096, 0.998042, 1, 

22,2,0.001, 0.0490098, 0.0650557, 0.0730224, 0.0926398, 0.0959805, 0.118798, 0.209791, 0.221596, 0.241179, 0.631128, 0.511093, 0.80099, 0.953004, 1, 

18,6,0.001, 0.0490098, 0.0650557, 0.0730224, 0.0926398, 0.0959805, 0.151918, 0.156933, 0.232574, 0.11372, 0.26732, 1, 

Generation #47
17,7,0.001, 0.0490098, 0.0650557, 0.0730224, 0.0926398, 0.0959805, 0.239921, 0.254621, 0.270971, 1, 

20,5,0.001, 0.0031846, 0.0597501, 0.0730224, 0.0926398, 0.0959805, 0.118798, 0.209791, 0.221596, 0.242896, 0.255376, 0.985177, 1, 

33,1,0.001, 0.0490098, 0.0650557, 0.0730224, 0.0926398, 0.0959805, 0.186268, 0.198098, 0.221596, 0.242896, 0.255376, 0.258406, 0.313371, 0.58646, 0.618225, 0.656266, 0.766522, 0.771245, 0.834159, 0.886439, 0.89893, 0.902752, 0.935257, 0.994096, 0.998042, 1, 

22,2,0.001, 0.0490098, 0.0650557, 0.0730224, 0.0926398, 0.0959805, 0.118798, 0.209791, 0.221596, 0.241179, 0.631128, 0.511093, 0.80099, 0.953004, 1, 

18,6,0.001, 0.0490098, 0.0650557, 0.0730224, 0.0926398, 0.0959805, 0.151918, 0.156933, 0.232574, 0.11372, 0.26732, 1, 

Generation #48
17,7,0.001, 0.0490098, 0.0650557, 0.0730224, 0.0926398, 0.0959805, 0.239921, 0.254621, 0.270971, 1, 

20,5,0.001, 0.0031846, 0.0597501, 0.0730224, 0.0926398, 0.0959805, 0.118798, 0.209791, 0.221596, 0.242896, 0.255376, 0.985177, 1, 

33,1,0.001, 0.0490098, 0.0650557, 0.0730224, 0.0926398, 0.0959805, 0.186268, 0.198098, 0.221596, 0.242896, 0.255376, 0.258406, 0.313371, 0.58646, 0.618225, 0.656266, 0.766522, 0.771245, 0.834159, 0.886439, 0.89893, 0.902752, 0.935257, 0.994096, 0.998042, 1, 

22,2,0.001, 0.0490098, 0.0650557, 0.0730224, 0.0926398, 0.0959805, 0.118798, 0.209791, 0.221596, 0.241179, 0.631128, 0.511093, 0.80099, 0.953004, 1, 

18,6,0.001, 0.0490098, 0.0650557, 0.0730224, 0.0926398, 0.0959805, 0.151918, 0.156933, 0.232574, 0.11372, 0.26732, 1, 

Generation #49
17,7,0.001, 0.0490098, 0.0650557, 0.0730224, 0.0926398, 0.0959805, 0.239921, 0.254621, 0.270971, 1, 

20,5,0.001, 0.0031846, 0.0597501, 0.0730224, 0.0926398, 0.0959805, 0.118798, 0.209791, 0.221596, 0.242896, 0.255376, 0.985177, 1, 

33,1,0.001, 0.0490098, 0.0650557, 0.0730224, 0.0926398, 0.0959805, 0.186268, 0.198098, 0.221596, 0.242896, 0.255376, 0.258406, 0.313371, 0.58646, 0.618225, 0.656266, 0.766522, 0.771245, 0.834159, 0.886439, 0.89893, 0.902752, 0.935257, 0.994096, 0.998042, 1, 

22,2,0.001, 0.0490098, 0.0650557, 0.0730224, 0.0926398, 0.0959805, 0.118798, 0.209791, 0.221596, 0.241179, 0.631128, 0.511093, 0.80099, 0.953004, 1, 

18,6,0.001, 0.0490098, 0.0650557, 0.0730224, 0.0926398, 0.0959805, 0.151918, 0.156933, 0.232574, 0.11372, 0.26732, 1, 

--- Pareto Front Solutions ---
Solution 0: N total=67 (N_initial=50, N_added=17), Time total=11 ms, Saved to: ./results/Flex_t2_l2_pareto_0.csv, percents=0.001, 0.0490098, 0.0650557, 0.0730224, 0.0926398, 0.0959805, 0.239921, 0.254621, 0.270971, 1, 

Solution 1: N total=70 (N_initial=50, N_added=20), Time total=9 ms, Saved to: ./results/Flex_t2_l2_pareto_1.csv, percents=0.001, 0.0031846, 0.0597501, 0.0730224, 0.0926398, 0.0959805, 0.118798, 0.209791, 0.221596, 0.242896, 0.255376, 0.985177, 1, 

Solution 2: N total=83 (N_initial=50, N_added=33), Time total=5 ms, Saved to: ./results/Flex_t2_l2_pareto_2.csv, percents=0.001, 0.0490098, 0.0650557, 0.0730224, 0.0926398, 0.0959805, 0.186268, 0.198098, 0.221596, 0.242896, 0.255376, 0.258406, 0.313371, 0.58646, 0.618225, 0.656266, 0.766522, 0.771245, 0.834159, 0.886439, 0.89893, 0.902752, 0.935257, 0.994096, 0.998042, 1, 

Solution 3: N total=72 (N_initial=50, N_added=22), Time total=6 ms, Saved to: ./results/Flex_t2_l2_pareto_3.csv, percents=0.001, 0.0490098, 0.0650557, 0.0730224, 0.0926398, 0.0959805, 0.118798, 0.209791, 0.221596, 0.241179, 0.631128, 0.511093, 0.80099, 0.953004, 1, 

Solution 4: N total=68 (N_initial=50, N_added=18), Time total=10 ms, Saved to: ./results/Flex_t2_l2_pareto_4.csv, percents=0.001, 0.0490098, 0.0650557, 0.0730224, 0.0926398, 0.0959805, 0.151918, 0.156933, 0.232574, 0.11372, 0.26732, 1, 

------------d=1, t=2, lambda=3, filename=./evaluation/Flex/Flex_2_3.csv------------
Computing partitioned counts of d-sets...
Ready to look at pairs based on partitioned counts...
First Stage N=75, Time=5
There are 10 remaining non-locating pairs
--- Running GA Algorithm (phase2) ---
Running GA with std::execution::par
Generation #0
13,0,0.001, 0.261978, 0.364608, 0.393701, 0.597928, 0.609908, 0.621157, 0.714534, 0.720882, 0.779439, 0.986704, 0.994254, 1, 

12,1,0.001, 0.0713263, 0.144584, 0.198882, 0.217243, 0.664046, 0.764905, 0.828235, 0.844752, 0.953245, 1, 

Generation #1
11,0,0.001, 0.281056, 0.329652, 0.336017, 0.441002, 0.487814, 0.714509, 0.734962, 0.762305, 0.282291, 1, 

Generation #2
11,0,0.001, 0.281056, 0.329652, 0.336017, 0.441002, 0.487814, 0.714509, 0.734962, 0.762305, 0.282291, 1, 

Generation #3
10,0,0.001, 0.136211, 0.168422, 0.19772, 0.255621, 0.540546, 0.93655, 0.965431, 0.98451, 1, 

Generation #4
10,0,0.001, 0.136211, 0.168422, 0.19772, 0.255621, 0.540546, 0.93655, 0.965431, 0.98451, 1, 

Generation #5
10,0,0.001, 0.136211, 0.168422, 0.19772, 0.255621, 0.540546, 0.93655, 0.965431, 0.98451, 1, 

Generation #6
10,0,0.001, 0.136211, 0.168422, 0.19772, 0.255621, 0.540546, 0.93655, 0.965431, 0.98451, 1, 

Generation #7
10,0,0.001, 0.136211, 0.168422, 0.19772, 0.255621, 0.540546, 0.93655, 0.965431, 0.98451, 1, 

Generation #8
9,0,0.001, 0.0592383, 0.144818, 0.256668, 0.276298, 0.93655, 0.965431, 0.98451, 1, 

Generation #9
9,0,0.001, 0.0592383, 0.144818, 0.256668, 0.276298, 0.93655, 0.965431, 0.98451, 1, 

Generation #10
9,0,0.001, 0.0592383, 0.144818, 0.256668, 0.276298, 0.93655, 0.965431, 0.98451, 1, 

Generation #11
9,0,0.001, 0.0592383, 0.144818, 0.256668, 0.276298, 0.93655, 0.965431, 0.98451, 1, 

Generation #12
9,0,0.001, 0.0592383, 0.144818, 0.256668, 0.276298, 0.93655, 0.965431, 0.98451, 1, 

Generation #13
9,0,0.001, 0.0592383, 0.144818, 0.256668, 0.276298, 0.93655, 0.965431, 0.98451, 1, 

Generation #14
9,0,0.001, 0.0592383, 0.144818, 0.256668, 0.276298, 0.93655, 0.965431, 0.98451, 1, 

Generation #15
9,0,0.001, 0.0592383, 0.144818, 0.256668, 0.276298, 0.93655, 0.965431, 0.98451, 1, 

Generation #16
9,0,0.001, 0.0592383, 0.144818, 0.256668, 0.276298, 0.93655, 0.965431, 0.98451, 1, 

Generation #17
8,0,0.001, 0.136211, 0.196277, 0.256668, 0.38192, 0.420918, 0.413781, 1, 

Generation #18
8,0,0.001, 0.136211, 0.196277, 0.256668, 0.38192, 0.420918, 0.413781, 1, 

Generation #19
8,0,0.001, 0.136211, 0.196277, 0.256668, 0.38192, 0.420918, 0.413781, 1, 

Generation #20
7,0,0.001, 0.0592383, 0.196277, 0.283334, 0.276298, 0.420918, 1, 

Generation #21
7,0,0.001, 0.0592383, 0.196277, 0.283334, 0.276298, 0.420918, 1, 

Generation #22
7,0,0.001, 0.0592383, 0.196277, 0.283334, 0.276298, 0.420918, 1, 

Generation #23
7,0,0.001, 0.0592383, 0.196277, 0.283334, 0.276298, 0.420918, 1, 

Generation #24
7,0,0.001, 0.0592383, 0.196277, 0.283334, 0.276298, 0.420918, 1, 

Generation #25
7,0,0.001, 0.0592383, 0.196277, 0.283334, 0.276298, 0.420918, 1, 

Generation #26
7,0,0.001, 0.0592383, 0.196277, 0.283334, 0.276298, 0.420918, 1, 

Generation #27
7,0,0.001, 0.0592383, 0.196277, 0.283334, 0.276298, 0.420918, 1, 

Generation #28
7,0,0.001, 0.0592383, 0.196277, 0.283334, 0.276298, 0.420918, 1, 

Generation #29
7,0,0.001, 0.0592383, 0.196277, 0.283334, 0.276298, 0.420918, 1, 

Generation #30
6,0,0.182373, 0.198882, 0.256668, 0.283334, 0.93655, 1, 

Generation #31
6,0,0.182373, 0.198882, 0.256668, 0.283334, 0.93655, 1, 

Generation #32
6,0,0.182373, 0.198882, 0.256668, 0.283334, 0.93655, 1, 

Generation #33
6,0,0.182373, 0.198882, 0.256668, 0.283334, 0.93655, 1, 

Generation #34
6,0,0.182373, 0.198882, 0.256668, 0.283334, 0.93655, 1, 

Generation #35
4,0,0.001, 0.196277, 0.283334, 1, 

Generation #36
4,0,0.001, 0.196277, 0.283334, 1, 

Generation #37
4,0,0.001, 0.196277, 0.283334, 1, 

Generation #38
4,0,0.001, 0.196277, 0.283334, 1, 

Generation #39
4,0,0.001, 0.196277, 0.283334, 1, 

Generation #40
4,0,0.001, 0.196277, 0.283334, 1, 

Generation #41
4,0,0.001, 0.196277, 0.283334, 1, 

Generation #42
4,0,0.001, 0.196277, 0.283334, 1, 

Generation #43
4,0,0.001, 0.196277, 0.283334, 1, 

Generation #44
4,0,0.001, 0.196277, 0.283334, 1, 

Generation #45
4,0,0.001, 0.196277, 0.283334, 1, 

Generation #46
4,0,0.001, 0.196277, 0.283334, 1, 

Generation #47
4,0,0.001, 0.196277, 0.283334, 1, 

Generation #48
4,0,0.001, 0.196277, 0.283334, 1, 

Generation #49
4,0,0.001, 0.196277, 0.283334, 1, 

--- Pareto Front Solutions ---
Solution 0: N total=79 (N_initial=75, N_added=4), Time total=5 ms, Saved to: ./results/Flex_t2_l3_pareto_0.csv, percents=0.001, 0.196277, 0.283334, 1, 

------------d=1, t=2, lambda=4, filename=./evaluation/Flex/Flex_2_4.csv------------
Computing partitioned counts of d-sets...
Ready to look at pairs based on partitioned counts...
First Stage N=100, Time=4
There are 2 remaining non-locating pairs
--- Running GA Algorithm (phase2) ---
Running GA with std::execution::par
Generation #0
11,1,0.001, 0.202748, 0.22239, 0.328321, 0.336317, 0.389312, 0.614031, 0.630418, 0.792442, 0.984298, 1, 

12,0,0.001, 0.0810422, 0.220917, 0.311498, 0.424193, 0.454393, 0.485808, 0.493718, 0.82342, 0.953402, 0.968749, 1, 

Generation #1
11,1,0.001, 0.202748, 0.22239, 0.328321, 0.336317, 0.389312, 0.614031, 0.630418, 0.792442, 0.984298, 1, 

12,0,0.001, 0.0810422, 0.220917, 0.311498, 0.424193, 0.454393, 0.485808, 0.493718, 0.82342, 0.953402, 0.968749, 1, 

Generation #2
10,0,0.001, 0.2255, 0.257898, 0.594372, 0.589895, 0.621499, 0.622338, 0.628212, 0.653184, 1, 

Generation #3
10,0,0.001, 0.2255, 0.257898, 0.594372, 0.589895, 0.621499, 0.622338, 0.628212, 0.653184, 1, 

Generation #4
10,0,0.001, 0.2255, 0.257898, 0.594372, 0.589895, 0.621499, 0.622338, 0.628212, 0.653184, 1, 

Generation #5
10,0,0.001, 0.2255, 0.257898, 0.594372, 0.589895, 0.621499, 0.622338, 0.628212, 0.653184, 1, 

Generation #6
10,0,0.001, 0.2255, 0.257898, 0.594372, 0.589895, 0.621499, 0.622338, 0.628212, 0.653184, 1, 

Generation #7
9,0,0.001, 0.0761912, 0.143464, 0.322675, 0.289998, 0.396313, 0.628212, 0.653184, 1, 

Generation #8
9,0,0.001, 0.0761912, 0.143464, 0.322675, 0.289998, 0.396313, 0.628212, 0.653184, 1, 

Generation #9
8,0,0.001, 0.149259, 0.222873, 0.305607, 0.622338, 0.628212, 0.653184, 1, 

Generation #10
8,0,0.001, 0.149259, 0.222873, 0.305607, 0.622338, 0.628212, 0.653184, 1, 

Generation #11
8,0,0.001, 0.149259, 0.222873, 0.305607, 0.622338, 0.628212, 0.653184, 1, 

Generation #12
7,0,0.001, 0.2255, 0.257898, 0.295227, 0.594372, 0.647906, 1, 

Generation #13
7,0,0.001, 0.2255, 0.257898, 0.295227, 0.594372, 0.647906, 1, 

Generation #14
7,0,0.001, 0.2255, 0.257898, 0.295227, 0.594372, 0.647906, 1, 

Generation #15
7,0,0.001, 0.2255, 0.257898, 0.295227, 0.594372, 0.647906, 1, 

Generation #16
6,0,0.001, 0.225645, 0.272139, 0.653184, 0.653184, 1, 

Generation #17
6,0,0.001, 0.225645, 0.272139, 0.653184, 0.653184, 1, 

Generation #18
6,0,0.001, 0.225645, 0.272139, 0.653184, 0.653184, 1, 

Generation #19
5,0,0.001, 0.285602, 0.143464, 0.289897, 1, 

Generation #20
5,0,0.001, 0.285602, 0.143464, 0.289897, 1, 

Generation #21
4,0,0.001, 0.0761912, 0.143464, 1, 

Generation #22
4,0,0.001, 0.0761912, 0.143464, 1, 

Generation #23
4,0,0.001, 0.0761912, 0.143464, 1, 

Generation #24
4,0,0.001, 0.0761912, 0.143464, 1, 

Generation #25
3,0,0.225645, 0.305607, 1, 

Generation #26
3,0,0.225645, 0.305607, 1, 

Generation #27
2,0,1, 
