------------d=1, t=2, lambda=1, filename=./evaluation/Flex/Flex_2_1.csv------------
Computing partitioned counts of d-sets...
Ready to look at pairs based on partitioned counts...
First Stage N=26, Time=6
There are 1278 remaining non-locating pairs
--- Running GA Algorithm (phase2) ---
Running GA with std::execution::par
Generation #0
38,204,0.001, 0.00563984, 0.0472926, 0.0698625, 0.0751163, 0.198198, 0.226628, 0.274555, 0.301448, 0.330416, 0.408317, 0.413537, 0.600954, 0.665264, 0.673547, 0.693171, 0.748014, 0.773028, 0.803385, 0.892334, 0.903401, 1, 

32,370,0.001, 0.139605, 0.219523, 0.33745, 0.371203, 0.465486, 0.467519, 0.710549, 0.845754, 0.979017, 1, 

30,492,0.001, 0.171845, 0.571286, 0.600591, 0.714621, 0.730876, 0.740987, 0.905804, 0.913058, 0.939807, 1, 

34,303,0.001, 0.0970704, 0.133815, 0.193307, 0.314824, 0.330009, 0.392028, 0.397921, 0.422169, 0.783244, 0.803073, 0.930679, 1, 

39,152,0.001, 0.0219461, 0.0261442, 0.0262016, 0.0663368, 0.100799, 0.164494, 0.217953, 0.230267, 0.239707, 0.475426, 0.477239, 0.511489, 0.606937, 0.610299, 0.685118, 0.749872, 0.761045, 0.79815, 0.843834, 0.85952, 0.956795, 1, 

Generation #1
32,134,0.001, 0.00563984, 0.0472926, 0.0698625, 0.0751163, 0.198198, 0.226628, 0.274555, 0.767771, 0.838183, 0.882861, 0.980407, 0.985471, 1, 

33,119,0.001, 0.0141455, 0.0218816, 0.0456565, 0.126535, 0.171676, 0.223503, 0.360442, 0.365705, 0.45636, 0.662716, 0.705202, 0.789084, 1, 

41,107,0.001, 0.0266537, 0.040253, 0.075425, 0.14546, 0.153692, 0.211271, 0.22996, 0.248763, 0.304855, 0.31975, 0.359774, 0.379474, 0.432226, 0.711005, 0.735319, 0.744631, 0.82902, 0.829059, 0.891394, 0.946545, 0.95004, 1, 

48,98,0.001, 0.0266537, 0.037516, 0.040253, 0.075425, 0.14546, 0.153692, 0.211271, 0.22996, 0.248763, 0.304855, 0.31975, 0.359774, 0.379474, 0.432226, 0.493915, 0.513683, 0.525324, 0.565476, 0.629407, 0.723999, 0.748353, 0.765408, 0.665919, 0.696968, 0.703648, 0.826224, 0.867416, 0.996671, 1, 

29,180,0.001, 0.0414656, 0.0521207, 0.0686577, 0.117633, 0.126995, 0.163411, 0.214394, 0.932469, 0.993654, 1, 

Generation #2
33,119,0.001, 0.0141455, 0.0218816, 0.0456565, 0.126535, 0.171676, 0.223503, 0.360442, 0.365705, 0.45636, 0.662716, 0.705202, 0.789084, 1, 

29,180,0.001, 0.0414656, 0.0521207, 0.0686577, 0.117633, 0.126995, 0.163411, 0.214394, 0.932469, 0.993654, 1, 

40,89,0.001, 0.0234395, 0.0390873, 0.0460126, 0.10239, 0.111185, 0.134715, 0.142228, 0.147769, 0.164878, 0.182603, 0.226503, 0.233886, 0.288066, 0.436146, 0.459913, 0.494666, 0.552769, 0.560013, 0.560173, 0.589613, 0.909584, 1, 

31,122,0.001, 0.0234395, 0.0390873, 0.0460126, 0.10239, 0.111185, 0.134715, 0.142228, 0.147769, 0.445117, 0.164878, 0.981794, 1, 

Generation #3
40,89,0.001, 0.0234395, 0.0390873, 0.0460126, 0.10239, 0.111185, 0.134715, 0.142228, 0.147769, 0.164878, 0.182603, 0.226503, 0.233886, 0.288066, 0.436146, 0.459913, 0.494666, 0.552769, 0.560013, 0.560173, 0.589613, 0.909584, 1, 

31,100,0.001, 0.0234395, 0.0390873, 0.0460126, 0.10239, 0.111185, 0.134715, 0.142228, 0.147769, 0.445117, 0.990146, 1, 

32,95,0.001, 0.0234395, 0.0390873, 0.0460126, 0.10239, 0.111185, 0.134715, 0.142228, 0.147769, 0.304855, 1, 

39,93,0.001, 0.0181677, 0.0141455, 0.0218816, 0.0456565, 0.126535, 0.159559, 0.187127, 0.248876, 0.279032, 0.421249, 0.482314, 0.608711, 0.629831, 0.648283, 0.693314, 0.753794, 0.76718, 0.888482, 0.910419, 0.911522, 1, 

27,132,0.001, 0.0414656, 0.0521207, 0.0686577, 0.117633, 0.126995, 0.163411, 0.214394, 0.913058, 0.939807, 1, 

Generation #4
40,89,0.001, 0.0234395, 0.0390873, 0.0460126, 0.10239, 0.111185, 0.134715, 0.142228, 0.147769, 0.164878, 0.182603, 0.226503, 0.233886, 0.288066, 0.436146, 0.459913, 0.494666, 0.552769, 0.560013, 0.560173, 0.589613, 0.909584, 1, 

31,100,0.001, 0.0234395, 0.0390873, 0.0460126, 0.10239, 0.111185, 0.134715, 0.142228, 0.147769, 0.445117, 0.990146, 1, 

32,95,0.001, 0.0234395, 0.0390873, 0.0460126, 0.10239, 0.111185, 0.134715, 0.142228, 0.147769, 0.304855, 1, 

39,93,0.001, 0.0181677, 0.0141455, 0.0218816, 0.0456565, 0.126535, 0.159559, 0.187127, 0.248876, 0.279032, 0.421249, 0.482314, 0.608711, 0.629831, 0.648283, 0.693314, 0.753794, 0.76718, 0.888482, 0.910419, 0.911522, 1, 

27,132,0.001, 0.0414656, 0.0521207, 0.0686577, 0.117633, 0.126995, 0.163411, 0.214394, 0.913058, 0.939807, 1, 

30,126,0.001, 0.0141455, 0.0218816, 0.117336, 0.141682, 0.173924, 0.363872, 0.411498, 0.913058, 0.939807, 1, 

Generation #5
40,89,0.001, 0.0234395, 0.0390873, 0.0460126, 0.10239, 0.111185, 0.134715, 0.142228, 0.147769, 0.164878, 0.182603, 0.226503, 0.233886, 0.288066, 0.436146, 0.459913, 0.494666, 0.552769, 0.560013, 0.560173, 0.589613, 0.909584, 1, 

31,100,0.001, 0.0234395, 0.0390873, 0.0460126, 0.10239, 0.111185, 0.134715, 0.142228, 0.147769, 0.445117, 0.990146, 1, 

32,95,0.001, 0.0234395, 0.0390873, 0.0460126, 0.10239, 0.111185, 0.134715, 0.142228, 0.147769, 0.304855, 1, 

39,93,0.001, 0.0181677, 0.0141455, 0.0218816, 0.0456565, 0.126535, 0.159559, 0.187127, 0.248876, 0.279032, 0.421249, 0.482314, 0.608711, 0.629831, 0.648283, 0.693314, 0.753794, 0.76718, 0.888482, 0.910419, 0.911522, 1, 

27,132,0.001, 0.0414656, 0.0521207, 0.0686577, 0.117633, 0.126995, 0.163411, 0.214394, 0.913058, 0.939807, 1, 

29,127,0.001, 0.00563984, 0.0472926, 0.0698625, 0.0751163, 0.198198, 0.226628, 0.142228, 0.147769, 1, 

30,108,0.001, 0.0181677, 0.0141455, 0.0218816, 0.0456565, 0.126535, 0.159559, 0.187127, 0.248876, 0.279032, 1, 

Generation #6
40,89,0.001, 0.0234395, 0.0390873, 0.0460126, 0.10239, 0.111185, 0.134715, 0.142228, 0.147769, 0.164878, 0.182603, 0.226503, 0.233886, 0.288066, 0.436146, 0.459913, 0.494666, 0.552769, 0.560013, 0.560173, 0.589613, 0.909584, 1, 

31,100,0.001, 0.0234395, 0.0390873, 0.0460126, 0.10239, 0.111185, 0.134715, 0.142228, 0.147769, 0.445117, 0.990146, 1, 

32,95,0.001, 0.0234395, 0.0390873, 0.0460126, 0.10239, 0.111185, 0.134715, 0.142228, 0.147769, 0.304855, 1, 

39,93,0.001, 0.0181677, 0.0141455, 0.0218816, 0.0456565, 0.126535, 0.159559, 0.187127, 0.248876, 0.279032, 0.421249, 0.482314, 0.608711, 0.629831, 0.648283, 0.693314, 0.753794, 0.76718, 0.888482, 0.910419, 0.911522, 1, 

27,132,0.001, 0.0414656, 0.0521207, 0.0686577, 0.117633, 0.126995, 0.163411, 0.214394, 0.913058, 0.939807, 1, 

29,127,0.001, 0.00563984, 0.0472926, 0.0698625, 0.0751163, 0.198198, 0.226628, 0.142228, 0.147769, 1, 

30,108,0.001, 0.0181677, 0.0141455, 0.0218816, 0.0456565, 0.126535, 0.159559, 0.187127, 0.248876, 0.279032, 1, 

Generation #7
31,100,0.001, 0.0234395, 0.0390873, 0.0460126, 0.10239, 0.111185, 0.134715, 0.142228, 0.147769, 0.445117, 0.990146, 1, 

27,132,0.001, 0.0414656, 0.0521207, 0.0686577, 0.117633, 0.126995, 0.163411, 0.214394, 0.913058, 0.939807, 1, 

29,127,0.001, 0.00563984, 0.0472926, 0.0698625, 0.0751163, 0.198198, 0.226628, 0.142228, 0.147769, 1, 

30,108,0.001, 0.0181677, 0.0141455, 0.0218816, 0.0456565, 0.126535, 0.159559, 0.187127, 0.248876, 0.279032, 1, 

38,86,0.001, 0.0234395, 0.0390873, 0.0460126, 0.10239, 0.111185, 0.134715, 0.142228, 0.147769, 0.304855, 0.31975, 0.359774, 0.379474, 0.432226, 0.698453, 0.828251, 0.841254, 0.951562, 1, 

32,89,0.001, 0.0234395, 0.0390873, 0.0460126, 0.10239, 0.111185, 0.134715, 0.142228, 0.164878, 0.182603, 0.226503, 0.233886, 0.288066, 0.436146, 0.459913, 1, 

Generation #8
38,86,0.001, 0.0234395, 0.0390873, 0.0460126, 0.10239, 0.111185, 0.134715, 0.142228, 0.147769, 0.304855, 0.31975, 0.359774, 0.379474, 0.432226, 0.698453, 0.828251, 0.841254, 0.951562, 1, 

32,89,0.001, 0.0234395, 0.0390873, 0.0460126, 0.10239, 0.111185, 0.134715, 0.142228, 0.164878, 0.182603, 0.226503, 0.233886, 0.288066, 0.436146, 0.459913, 1, 

29,94,0.001, 0.0234395, 0.0390873, 0.0460126, 0.10239, 0.111185, 0.134715, 0.142228, 0.147769, 1, 

34,87,0.001, 0.0234395, 0.0390873, 0.0460126, 0.10239, 0.111185, 0.134715, 0.142228, 0.164878, 0.182603, 0.226503, 0.233886, 0.288066, 0.436146, 0.459913, 1, 

27,127,0.001, 0.0234395, 0.0390873, 0.0460126, 0.0615572, 0.10239, 0.111185, 0.142228, 0.147769, 1, 

Generation #9
38,86,0.001, 0.0234395, 0.0390873, 0.0460126, 0.10239, 0.111185, 0.134715, 0.142228, 0.147769, 0.304855, 0.31975, 0.359774, 0.379474, 0.432226, 0.698453, 0.828251, 0.841254, 0.951562, 1, 

32,89,0.001, 0.0234395, 0.0390873, 0.0460126, 0.10239, 0.111185, 0.134715, 0.142228, 0.164878, 0.182603, 0.226503, 0.233886, 0.288066, 0.436146, 0.459913, 1, 

29,94,0.001, 0.0234395, 0.0390873, 0.0460126, 0.10239, 0.111185, 0.134715, 0.142228, 0.147769, 1, 

34,87,0.001, 0.0234395, 0.0390873, 0.0460126, 0.10239, 0.111185, 0.134715, 0.142228, 0.164878, 0.182603, 0.226503, 0.233886, 0.288066, 0.436146, 0.459913, 1, 

27,127,0.001, 0.0234395, 0.0390873, 0.0460126, 0.0615572, 0.10239, 0.111185, 0.142228, 0.147769, 1, 

28,115,0.001, 0.0234395, 0.0390873, 0.134715, 0.142228, 0.134715, 0.142228, 0.147769, 0.445117, 0.164878, 1, 

Generation #10
38,86,0.001, 0.0234395, 0.0390873, 0.0460126, 0.10239, 0.111185, 0.134715, 0.142228, 0.147769, 0.304855, 0.31975, 0.359774, 0.379474, 0.432226, 0.698453, 0.828251, 0.841254, 0.951562, 1, 

32,89,0.001, 0.0234395, 0.0390873, 0.0460126, 0.10239, 0.111185, 0.134715, 0.142228, 0.164878, 0.182603, 0.226503, 0.233886, 0.288066, 0.436146, 0.459913, 1, 

29,94,0.001, 0.0234395, 0.0390873, 0.0460126, 0.10239, 0.111185, 0.134715, 0.142228, 0.147769, 1, 

34,87,0.001, 0.0234395, 0.0390873, 0.0460126, 0.10239, 0.111185, 0.134715, 0.142228, 0.164878, 0.182603, 0.226503, 0.233886, 0.288066, 0.436146, 0.459913, 1, 

28,115,0.001, 0.0234395, 0.0390873, 0.134715, 0.142228, 0.134715, 0.142228, 0.147769, 0.445117, 0.164878, 1, 

27,118,0.001, 0.0234395, 0.0390873, 0.0460126, 0.10239, 0.111185, 0.142228, 0.445117, 0.164878, 1, 

Generation #11
38,86,0.001, 0.0234395, 0.0390873, 0.0460126, 0.10239, 0.111185, 0.134715, 0.142228, 0.147769, 0.304855, 0.31975, 0.359774, 0.379474, 0.432226, 0.698453, 0.828251, 0.841254, 0.951562, 1, 

27,114,0.001, 0.0234395, 0.0390873, 0.0460126, 0.10239, 0.111185, 0.134715, 0.142228, 0.147769, 1, 

28,87,0.001, 0.0234395, 0.0390873, 0.0460126, 0.10239, 0.111185, 0.134715, 0.142228, 0.147769, 0.164878, 1, 

Generation #12
27,114,0.001, 0.0234395, 0.0390873, 0.0460126, 0.10239, 0.111185, 0.134715, 0.142228, 0.147769, 1, 

28,87,0.001, 0.0234395, 0.0390873, 0.0460126, 0.10239, 0.111185, 0.134715, 0.142228, 0.147769, 0.164878, 1, 

34,83,0.001, 0.0234395, 0.0390873, 0.0460126, 0.10239, 0.111185, 0.134715, 0.142228, 0.147769, 0.312119, 0.31975, 0.226503, 0.233886, 0.288066, 0.436146, 0.459913, 1, 

Generation #13
27,114,0.001, 0.0234395, 0.0390873, 0.0460126, 0.10239, 0.111185, 0.134715, 0.142228, 0.147769, 1, 

28,87,0.001, 0.0234395, 0.0390873, 0.0460126, 0.10239, 0.111185, 0.134715, 0.142228, 0.147769, 0.164878, 1, 

34,83,0.001, 0.0234395, 0.0390873, 0.0460126, 0.10239, 0.111185, 0.134715, 0.142228, 0.147769, 0.312119, 0.31975, 0.226503, 0.233886, 0.288066, 0.436146, 0.459913, 1, 

Generation #14
27,114,0.001, 0.0234395, 0.0390873, 0.0460126, 0.10239, 0.111185, 0.134715, 0.142228, 0.147769, 1, 

28,87,0.001, 0.0234395, 0.0390873, 0.0460126, 0.10239, 0.111185, 0.134715, 0.142228, 0.147769, 0.164878, 1, 

34,83,0.001, 0.0234395, 0.0390873, 0.0460126, 0.10239, 0.111185, 0.134715, 0.142228, 0.147769, 0.312119, 0.31975, 0.226503, 0.233886, 0.288066, 0.436146, 0.459913, 1, 

26,141,0.001, 0.0234395, 0.0390873, 0.0460126, 0.10239, 0.111185, 0.142228, 1, 

Generation #15
27,114,0.001, 0.0234395, 0.0390873, 0.0460126, 0.10239, 0.111185, 0.134715, 0.142228, 0.147769, 1, 

28,87,0.001, 0.0234395, 0.0390873, 0.0460126, 0.10239, 0.111185, 0.134715, 0.142228, 0.147769, 0.164878, 1, 

34,83,0.001, 0.0234395, 0.0390873, 0.0460126, 0.10239, 0.111185, 0.134715, 0.142228, 0.147769, 0.312119, 0.31975, 0.226503, 0.233886, 0.288066, 0.436146, 0.459913, 1, 

26,141,0.001, 0.0234395, 0.0390873, 0.0460126, 0.10239, 0.111185, 0.142228, 1, 

32,86,0.001, 0.0234395, 0.0390873, 0.0218816, 0.0456565, 0.126535, 0.159559, 0.187127, 0.182603, 0.226503, 0.233886, 0.288066, 0.436146, 0.459913, 1, 

Generation #16
27,114,0.001, 0.0234395, 0.0390873, 0.0460126, 0.10239, 0.111185, 0.134715, 0.142228, 0.147769, 1, 

28,87,0.001, 0.0234395, 0.0390873, 0.0460126, 0.10239, 0.111185, 0.134715, 0.142228, 0.147769, 0.164878, 1, 

26,141,0.001, 0.0234395, 0.0390873, 0.0460126, 0.10239, 0.111185, 0.142228, 1, 

32,86,0.001, 0.0234395, 0.0390873, 0.0218816, 0.0456565, 0.126535, 0.159559, 0.187127, 0.182603, 0.226503, 0.233886, 0.288066, 0.436146, 0.459913, 1, 

33,78,0.001, 0.0234395, 0.0390873, 0.0460126, 0.10239, 0.111185, 0.134715, 0.142228, 0.147769, 0.304855, 0.31975, 0.359774, 0.379474, 0.936645, 0.698453, 0.828251, 0.841254, 0.951562, 1, 

34,77,0.001, 0.0234395, 0.0390873, 0.0460126, 0.10239, 0.111185, 0.134715, 0.142228, 0.147769, 0.164878, 0.182603, 0.226503, 0.233886, 0.288066, 0.436146, 0.459913, 1, 

Generation #17
33,78,0.001, 0.0234395, 0.0390873, 0.0460126, 0.10239, 0.111185, 0.134715, 0.142228, 0.147769, 0.304855, 0.31975, 0.359774, 0.379474, 0.936645, 0.698453, 0.828251, 0.841254, 0.951562, 1, 

34,77,0.001, 0.0234395, 0.0390873, 0.0460126, 0.10239, 0.111185, 0.134715, 0.142228, 0.147769, 0.164878, 0.182603, 0.226503, 0.233886, 0.288066, 0.436146, 0.459913, 1, 

26,132,0.001, 0.0234395, 0.0390873, 0.0460126, 0.10239, 0.111185, 0.134715, 0.142228, 0.147769, 1, 

27,113,0.001, 0.0141455, 0.0390873, 0.0460126, 0.10239, 0.111185, 0.134715, 0.142228, 0.147769, 1, 

28,86,0.001, 0.0234395, 0.0390873, 0.0218816, 0.0456565, 0.126535, 0.159559, 0.187127, 0.248876, 0.279032, 1, 

Generation #18
33,78,0.001, 0.0234395, 0.0390873, 0.0460126, 0.10239, 0.111185, 0.134715, 0.142228, 0.147769, 0.304855, 0.31975, 0.359774, 0.379474, 0.936645, 0.698453, 0.828251, 0.841254, 0.951562, 1, 

34,77,0.001, 0.0234395, 0.0390873, 0.0460126, 0.10239, 0.111185, 0.134715, 0.142228, 0.147769, 0.164878, 0.182603, 0.226503, 0.233886, 0.288066, 0.436146, 0.459913, 1, 

26,132,0.001, 0.0234395, 0.0390873, 0.0460126, 0.10239, 0.111185, 0.134715, 0.142228, 0.147769, 1, 

28,86,0.001, 0.0234395, 0.0390873, 0.0218816, 0.0456565, 0.126535, 0.159559, 0.187127, 0.248876, 0.279032, 1, 

27,100,0.001, 0.0234395, 0.0390873, 0.0460126, 0.10239, 0.111185, 0.134715, 0.142228, 0.147769, 0.164878, 1, 

Generation #19
33,78,0.001, 0.0234395, 0.0390873, 0.0460126, 0.10239, 0.111185, 0.134715, 0.142228, 0.147769, 0.304855, 0.31975, 0.359774, 0.379474, 0.936645, 0.698453, 0.828251, 0.841254, 0.951562, 1, 

34,77,0.001, 0.0234395, 0.0390873, 0.0460126, 0.10239, 0.111185, 0.134715, 0.142228, 0.147769, 0.164878, 0.182603, 0.226503, 0.233886, 0.288066, 0.436146, 0.459913, 1, 

26,132,0.001, 0.0234395, 0.0390873, 0.0460126, 0.10239, 0.111185, 0.134715, 0.142228, 0.147769, 1, 

28,86,0.001, 0.0234395, 0.0390873, 0.0218816, 0.0456565, 0.126535, 0.159559, 0.187127, 0.248876, 0.279032, 1, 

27,100,0.001, 0.0234395, 0.0390873, 0.0460126, 0.10239, 0.111185, 0.134715, 0.142228, 0.147769, 0.164878, 1, 

Generation #20
26,132,0.001, 0.0234395, 0.0390873, 0.0460126, 0.10239, 0.111185, 0.134715, 0.142228, 0.147769, 1, 

28,86,0.001, 0.0234395, 0.0390873, 0.0218816, 0.0456565, 0.126535, 0.159559, 0.187127, 0.248876, 0.279032, 1, 

27,100,0.001, 0.0234395, 0.0390873, 0.0460126, 0.10239, 0.111185, 0.134715, 0.142228, 0.147769, 0.164878, 1, 

32,84,0.001, 0.0234395, 0.0390873, 0.0460126, 0.10239, 0.111185, 0.134715, 0.142228, 0.147769, 0.164878, 0.182603, 0.226503, 0.233886, 0.288066, 0.436146, 1, 

33,77,0.001, 0.0234395, 0.0390873, 0.0460126, 0.10239, 0.111185, 0.142228, 0.142228, 0.164878, 0.164878, 0.182603, 0.226503, 0.233886, 0.288066, 0.436146, 0.459913, 1, 

Generation #21
26,132,0.001, 0.0234395, 0.0390873, 0.0460126, 0.10239, 0.111185, 0.134715, 0.142228, 0.147769, 1, 

27,100,0.001, 0.0234395, 0.0390873, 0.0460126, 0.10239, 0.111185, 0.134715, 0.142228, 0.147769, 0.164878, 1, 

33,77,0.001, 0.0234395, 0.0390873, 0.0460126, 0.10239, 0.111185, 0.142228, 0.142228, 0.164878, 0.164878, 0.182603, 0.226503, 0.233886, 0.288066, 0.436146, 0.459913, 1, 

30,79,0.001, 0.0234395, 0.0390873, 0.0460126, 0.0615572, 0.10239, 0.111185, 0.142228, 0.147769, 0.182603, 0.226503, 0.233886, 0.288066, 0.436146, 0.459913, 1, 

28,85,0.001, 0.0234395, 0.0390873, 0.0460126, 0.102498, 0.111185, 0.142228, 0.164878, 0.248876, 0.279032, 1, 

Generation #22
26,132,0.001, 0.0234395, 0.0390873, 0.0460126, 0.10239, 0.111185, 0.134715, 0.142228, 0.147769, 1, 

27,100,0.001, 0.0234395, 0.0390873, 0.0460126, 0.10239, 0.111185, 0.134715, 0.142228, 0.147769, 0.164878, 1, 

33,77,0.001, 0.0234395, 0.0390873, 0.0460126, 0.10239, 0.111185, 0.142228, 0.142228, 0.164878, 0.164878, 0.182603, 0.226503, 0.233886, 0.288066, 0.436146, 0.459913, 1, 

30,79,0.001, 0.0234395, 0.0390873, 0.0460126, 0.0615572, 0.10239, 0.111185, 0.142228, 0.147769, 0.182603, 0.226503, 0.233886, 0.288066, 0.436146, 0.459913, 1, 

28,85,0.001, 0.0234395, 0.0390873, 0.0460126, 0.102498, 0.111185, 0.142228, 0.164878, 0.248876, 0.279032, 1, 

Generation #23
26,132,0.001, 0.0234395, 0.0390873, 0.0460126, 0.10239, 0.111185, 0.134715, 0.142228, 0.147769, 1, 

27,100,0.001, 0.0234395, 0.0390873, 0.0460126, 0.10239, 0.111185, 0.134715, 0.142228, 0.147769, 0.164878, 1, 

33,77,0.001, 0.0234395, 0.0390873, 0.0460126, 0.10239, 0.111185, 0.142228, 0.142228, 0.164878, 0.164878, 0.182603, 0.226503, 0.233886, 0.288066, 0.436146, 0.459913, 1, 

30,79,0.001, 0.0234395, 0.0390873, 0.0460126, 0.0615572, 0.10239, 0.111185, 0.142228, 0.147769, 0.182603, 0.226503, 0.233886, 0.288066, 0.436146, 0.459913, 1, 

28,85,0.001, 0.0234395, 0.0390873, 0.0460126, 0.102498, 0.111185, 0.142228, 0.164878, 0.248876, 0.279032, 1, 

Generation #24
33,77,0.001, 0.0234395, 0.0390873, 0.0460126, 0.10239, 0.111185, 0.142228, 0.142228, 0.164878, 0.164878, 0.182603, 0.226503, 0.233886, 0.288066, 0.436146, 0.459913, 1, 

30,79,0.001, 0.0234395, 0.0390873, 0.0460126, 0.0615572, 0.10239, 0.111185, 0.142228, 0.147769, 0.182603, 0.226503, 0.233886, 0.288066, 0.436146, 0.459913, 1, 

28,85,0.001, 0.0234395, 0.0390873, 0.0460126, 0.102498, 0.111185, 0.142228, 0.164878, 0.248876, 0.279032, 1, 

26,117,0.001, 0.0234395, 0.0390873, 0.0460126, 0.111185, 0.134715, 0.142228, 0.147769, 1, 

27,91,0.001, 0.0234395, 0.0390873, 0.0460126, 0.10239, 0.111185, 0.134715, 0.142228, 0.248876, 0.279032, 1, 

Generation #25
33,77,0.001, 0.0234395, 0.0390873, 0.0460126, 0.10239, 0.111185, 0.142228, 0.142228, 0.164878, 0.164878, 0.182603, 0.226503, 0.233886, 0.288066, 0.436146, 0.459913, 1, 

30,79,0.001, 0.0234395, 0.0390873, 0.0460126, 0.0615572, 0.10239, 0.111185, 0.142228, 0.147769, 0.182603, 0.226503, 0.233886, 0.288066, 0.436146, 0.459913, 1, 

28,85,0.001, 0.0234395, 0.0390873, 0.0460126, 0.102498, 0.111185, 0.142228, 0.164878, 0.248876, 0.279032, 1, 

26,117,0.001, 0.0234395, 0.0390873, 0.0460126, 0.111185, 0.134715, 0.142228, 0.147769, 1, 

27,91,0.001, 0.0234395, 0.0390873, 0.0460126, 0.10239, 0.111185, 0.134715, 0.142228, 0.248876, 0.279032, 1, 

Generation #26
33,77,0.001, 0.0234395, 0.0390873, 0.0460126, 0.10239, 0.111185, 0.142228, 0.142228, 0.164878, 0.164878, 0.182603, 0.226503, 0.233886, 0.288066, 0.436146, 0.459913, 1, 

30,79,0.001, 0.0234395, 0.0390873, 0.0460126, 0.0615572, 0.10239, 0.111185, 0.142228, 0.147769, 0.182603, 0.226503, 0.233886, 0.288066, 0.436146, 0.459913, 1, 

28,85,0.001, 0.0234395, 0.0390873, 0.0460126, 0.102498, 0.111185, 0.142228, 0.164878, 0.248876, 0.279032, 1, 

26,117,0.001, 0.0234395, 0.0390873, 0.0460126, 0.111185, 0.134715, 0.142228, 0.147769, 1, 

27,91,0.001, 0.0234395, 0.0390873, 0.0460126, 0.10239, 0.111185, 0.134715, 0.142228, 0.248876, 0.279032, 1, 

29,81,0.001, 0.0234395, 0.0390873, 0.0460126, 0.10239, 0.111185, 0.134715, 0.142228, 0.147769, 1, 

Generation #27
30,79,0.001, 0.0234395, 0.0390873, 0.0460126, 0.0615572, 0.10239, 0.111185, 0.142228, 0.147769, 0.182603, 0.226503, 0.233886, 0.288066, 0.436146, 0.459913, 1, 

26,117,0.001, 0.0234395, 0.0390873, 0.0460126, 0.111185, 0.134715, 0.142228, 0.147769, 1, 

29,81,0.001, 0.0234395, 0.0390873, 0.0460126, 0.10239, 0.111185, 0.134715, 0.142228, 0.147769, 1, 

27,84,0.001, 0.0234395, 0.0390873, 0.0460126, 0.10239, 0.111185, 0.134715, 0.142228, 0.147769, 1, 

32,77,0.001, 0.0234395, 0.0390873, 0.0460126, 0.102498, 0.111185, 0.142228, 0.164878, 0.182603, 0.226503, 0.233886, 0.226503, 0.233886, 0.288066, 0.436146, 0.459913, 1, 

Generation #28
30,79,0.001, 0.0234395, 0.0390873, 0.0460126, 0.0615572, 0.10239, 0.111185, 0.142228, 0.147769, 0.182603, 0.226503, 0.233886, 0.288066, 0.436146, 0.459913, 1, 

26,117,0.001, 0.0234395, 0.0390873, 0.0460126, 0.111185, 0.134715, 0.142228, 0.147769, 1, 

29,81,0.001, 0.0234395, 0.0390873, 0.0460126, 0.10239, 0.111185, 0.134715, 0.142228, 0.147769, 1, 

27,84,0.001, 0.0234395, 0.0390873, 0.0460126, 0.10239, 0.111185, 0.134715, 0.142228, 0.147769, 1, 

32,77,0.001, 0.0234395, 0.0390873, 0.0460126, 0.102498, 0.111185, 0.142228, 0.164878, 0.182603, 0.226503, 0.233886, 0.226503, 0.233886, 0.288066, 0.436146, 0.459913, 1, 

Generation #29
30,79,0.001, 0.0234395, 0.0390873, 0.0460126, 0.0615572, 0.10239, 0.111185, 0.142228, 0.147769, 0.182603, 0.226503, 0.233886, 0.288066, 0.436146, 0.459913, 1, 

26,117,0.001, 0.0234395, 0.0390873, 0.0460126, 0.111185, 0.134715, 0.142228, 0.147769, 1, 

29,81,0.001, 0.0234395, 0.0390873, 0.0460126, 0.10239, 0.111185, 0.134715, 0.142228, 0.147769, 1, 

27,84,0.001, 0.0234395, 0.0390873, 0.0460126, 0.10239, 0.111185, 0.134715, 0.142228, 0.147769, 1, 

32,77,0.001, 0.0234395, 0.0390873, 0.0460126, 0.102498, 0.111185, 0.142228, 0.164878, 0.182603, 0.226503, 0.233886, 0.226503, 0.233886, 0.288066, 0.436146, 0.459913, 1, 

Generation #30
30,79,0.001, 0.0234395, 0.0390873, 0.0460126, 0.0615572, 0.10239, 0.111185, 0.142228, 0.147769, 0.182603, 0.226503, 0.233886, 0.288066, 0.436146, 0.459913, 1, 

26,117,0.001, 0.0234395, 0.0390873, 0.0460126, 0.111185, 0.134715, 0.142228, 0.147769, 1, 

29,81,0.001, 0.0234395, 0.0390873, 0.0460126, 0.10239, 0.111185, 0.134715, 0.142228, 0.147769, 1, 

27,84,0.001, 0.0234395, 0.0390873, 0.0460126, 0.10239, 0.111185, 0.134715, 0.142228, 0.147769, 1, 

32,77,0.001, 0.0234395, 0.0390873, 0.0460126, 0.102498, 0.111185, 0.142228, 0.164878, 0.182603, 0.226503, 0.233886, 0.226503, 0.233886, 0.288066, 0.436146, 0.459913, 1, 

Generation #31
30,79,0.001, 0.0234395, 0.0390873, 0.0460126, 0.0615572, 0.10239, 0.111185, 0.142228, 0.147769, 0.182603, 0.226503, 0.233886, 0.288066, 0.436146, 0.459913, 1, 

26,117,0.001, 0.0234395, 0.0390873, 0.0460126, 0.111185, 0.134715, 0.142228, 0.147769, 1, 

29,81,0.001, 0.0234395, 0.0390873, 0.0460126, 0.10239, 0.111185, 0.134715, 0.142228, 0.147769, 1, 

27,84,0.001, 0.0234395, 0.0390873, 0.0460126, 0.10239, 0.111185, 0.134715, 0.142228, 0.147769, 1, 

32,77,0.001, 0.0234395, 0.0390873, 0.0460126, 0.102498, 0.111185, 0.142228, 0.164878, 0.182603, 0.226503, 0.233886, 0.226503, 0.233886, 0.288066, 0.436146, 0.459913, 1, 

Generation #32
30,79,0.001, 0.0234395, 0.0390873, 0.0460126, 0.0615572, 0.10239, 0.111185, 0.142228, 0.147769, 0.182603, 0.226503, 0.233886, 0.288066, 0.436146, 0.459913, 1, 

26,117,0.001, 0.0234395, 0.0390873, 0.0460126, 0.111185, 0.134715, 0.142228, 0.147769, 1, 

29,81,0.001, 0.0234395, 0.0390873, 0.0460126, 0.10239, 0.111185, 0.134715, 0.142228, 0.147769, 1, 

27,84,0.001, 0.0234395, 0.0390873, 0.0460126, 0.10239, 0.111185, 0.134715, 0.142228, 0.147769, 1, 

32,77,0.001, 0.0234395, 0.0390873, 0.0460126, 0.102498, 0.111185, 0.142228, 0.164878, 0.182603, 0.226503, 0.233886, 0.226503, 0.233886, 0.288066, 0.436146, 0.459913, 1, 

Generation #33
30,79,0.001, 0.0234395, 0.0390873, 0.0460126, 0.0615572, 0.10239, 0.111185, 0.142228, 0.147769, 0.182603, 0.226503, 0.233886, 0.288066, 0.436146, 0.459913, 1, 

26,117,0.001, 0.0234395, 0.0390873, 0.0460126, 0.111185, 0.134715, 0.142228, 0.147769, 1, 

29,81,0.001, 0.0234395, 0.0390873, 0.0460126, 0.10239, 0.111185, 0.134715, 0.142228, 0.147769, 1, 

27,84,0.001, 0.0234395, 0.0390873, 0.0460126, 0.10239, 0.111185, 0.134715, 0.142228, 0.147769, 1, 

32,77,0.001, 0.0234395, 0.0390873, 0.0460126, 0.102498, 0.111185, 0.142228, 0.164878, 0.182603, 0.226503, 0.233886, 0.226503, 0.233886, 0.288066, 0.436146, 0.459913, 1, 

Generation #34
30,79,0.001, 0.0234395, 0.0390873, 0.0460126, 0.0615572, 0.10239, 0.111185, 0.142228, 0.147769, 0.182603, 0.226503, 0.233886, 0.288066, 0.436146, 0.459913, 1, 

26,117,0.001, 0.0234395, 0.0390873, 0.0460126, 0.111185, 0.134715, 0.142228, 0.147769, 1, 

29,81,0.001, 0.0234395, 0.0390873, 0.0460126, 0.10239, 0.111185, 0.134715, 0.142228, 0.147769, 1, 

27,84,0.001, 0.0234395, 0.0390873, 0.0460126, 0.10239, 0.111185, 0.134715, 0.142228, 0.147769, 1, 

32,77,0.001, 0.0234395, 0.0390873, 0.0460126, 0.102498, 0.111185, 0.142228, 0.164878, 0.182603, 0.226503, 0.233886, 0.226503, 0.233886, 0.288066, 0.436146, 0.459913, 1, 

Generation #35
30,79,0.001, 0.0234395, 0.0390873, 0.0460126, 0.0615572, 0.10239, 0.111185, 0.142228, 0.147769, 0.182603, 0.226503, 0.233886, 0.288066, 0.436146, 0.459913, 1, 

26,117,0.001, 0.0234395, 0.0390873, 0.0460126, 0.111185, 0.134715, 0.142228, 0.147769, 1, 

29,81,0.001, 0.0234395, 0.0390873, 0.0460126, 0.10239, 0.111185, 0.134715, 0.142228, 0.147769, 1, 

27,84,0.001, 0.0234395, 0.0390873, 0.0460126, 0.10239, 0.111185, 0.134715, 0.142228, 0.147769, 1, 

32,77,0.001, 0.0234395, 0.0390873, 0.0460126, 0.102498, 0.111185, 0.142228, 0.164878, 0.182603, 0.226503, 0.233886, 0.226503, 0.233886, 0.288066, 0.436146, 0.459913, 1, 

Generation #36
30,79,0.001, 0.0234395, 0.0390873, 0.0460126, 0.0615572, 0.10239, 0.111185, 0.142228, 0.147769, 0.182603, 0.226503, 0.233886, 0.288066, 0.436146, 0.459913, 1, 

26,117,0.001, 0.0234395, 0.0390873, 0.0460126, 0.111185, 0.134715, 0.142228, 0.147769, 1, 

29,81,0.001, 0.0234395, 0.0390873, 0.0460126, 0.10239, 0.111185, 0.134715, 0.142228, 0.147769, 1, 

27,84,0.001, 0.0234395, 0.0390873, 0.0460126, 0.10239, 0.111185, 0.134715, 0.142228, 0.147769, 1, 

32,77,0.001, 0.0234395, 0.0390873, 0.0460126, 0.102498, 0.111185, 0.142228, 0.164878, 0.182603, 0.226503, 0.233886, 0.226503, 0.233886, 0.288066, 0.436146, 0.459913, 1, 

Generation #37
30,79,0.001, 0.0234395, 0.0390873, 0.0460126, 0.0615572, 0.10239, 0.111185, 0.142228, 0.147769, 0.182603, 0.226503, 0.233886, 0.288066, 0.436146, 0.459913, 1, 

26,117,0.001, 0.0234395, 0.0390873, 0.0460126, 0.111185, 0.134715, 0.142228, 0.147769, 1, 

29,81,0.001, 0.0234395, 0.0390873, 0.0460126, 0.10239, 0.111185, 0.134715, 0.142228, 0.147769, 1, 

27,84,0.001, 0.0234395, 0.0390873, 0.0460126, 0.10239, 0.111185, 0.134715, 0.142228, 0.147769, 1, 

32,77,0.001, 0.0234395, 0.0390873, 0.0460126, 0.102498, 0.111185, 0.142228, 0.164878, 0.182603, 0.226503, 0.233886, 0.226503, 0.233886, 0.288066, 0.436146, 0.459913, 1, 

Generation #38
30,79,0.001, 0.0234395, 0.0390873, 0.0460126, 0.0615572, 0.10239, 0.111185, 0.142228, 0.147769, 0.182603, 0.226503, 0.233886, 0.288066, 0.436146, 0.459913, 1, 

26,117,0.001, 0.0234395, 0.0390873, 0.0460126, 0.111185, 0.134715, 0.142228, 0.147769, 1, 

29,81,0.001, 0.0234395, 0.0390873, 0.0460126, 0.10239, 0.111185, 0.134715, 0.142228, 0.147769, 1, 

27,84,0.001, 0.0234395, 0.0390873, 0.0460126, 0.10239, 0.111185, 0.134715, 0.142228, 0.147769, 1, 

32,77,0.001, 0.0234395, 0.0390873, 0.0460126, 0.102498, 0.111185, 0.142228, 0.164878, 0.182603, 0.226503, 0.233886, 0.226503, 0.233886, 0.288066, 0.436146, 0.459913, 1, 

Generation #39
30,79,0.001, 0.0234395, 0.0390873, 0.0460126, 0.0615572, 0.10239, 0.111185, 0.142228, 0.147769, 0.182603, 0.226503, 0.233886, 0.288066, 0.436146, 0.459913, 1, 

26,117,0.001, 0.0234395, 0.0390873, 0.0460126, 0.111185, 0.134715, 0.142228, 0.147769, 1, 

29,81,0.001, 0.0234395, 0.0390873, 0.0460126, 0.10239, 0.111185, 0.134715, 0.142228, 0.147769, 1, 

27,84,0.001, 0.0234395, 0.0390873, 0.0460126, 0.10239, 0.111185, 0.134715, 0.142228, 0.147769, 1, 

32,77,0.001, 0.0234395, 0.0390873, 0.0460126, 0.102498, 0.111185, 0.142228, 0.164878, 0.182603, 0.226503, 0.233886, 0.226503, 0.233886, 0.288066, 0.436146, 0.459913, 1, 

Generation #40
30,79,0.001, 0.0234395, 0.0390873, 0.0460126, 0.0615572, 0.10239, 0.111185, 0.142228, 0.147769, 0.182603, 0.226503, 0.233886, 0.288066, 0.436146, 0.459913, 1, 

26,117,0.001, 0.0234395, 0.0390873, 0.0460126, 0.111185, 0.134715, 0.142228, 0.147769, 1, 

29,81,0.001, 0.0234395, 0.0390873, 0.0460126, 0.10239, 0.111185, 0.134715, 0.142228, 0.147769, 1, 

27,84,0.001, 0.0234395, 0.0390873, 0.0460126, 0.10239, 0.111185, 0.134715, 0.142228, 0.147769, 1, 

31,75,0.001, 0.0234395, 0.0390873, 0.0355179, 0.0218816, 0.0456565, 0.126535, 0.142228, 0.147769, 0.164878, 0.182603, 0.226503, 0.233886, 0.288066, 0.436146, 1, 

Generation #41
30,79,0.001, 0.0234395, 0.0390873, 0.0460126, 0.0615572, 0.10239, 0.111185, 0.142228, 0.147769, 0.182603, 0.226503, 0.233886, 0.288066, 0.436146, 0.459913, 1, 

26,117,0.001, 0.0234395, 0.0390873, 0.0460126, 0.111185, 0.134715, 0.142228, 0.147769, 1, 

29,81,0.001, 0.0234395, 0.0390873, 0.0460126, 0.10239, 0.111185, 0.134715, 0.142228, 0.147769, 1, 

27,84,0.001, 0.0234395, 0.0390873, 0.0460126, 0.10239, 0.111185, 0.134715, 0.142228, 0.147769, 1, 

31,75,0.001, 0.0234395, 0.0390873, 0.0355179, 0.0218816, 0.0456565, 0.126535, 0.142228, 0.147769, 0.164878, 0.182603, 0.226503, 0.233886, 0.288066, 0.436146, 1, 

Generation #42
26,117,0.001, 0.0234395, 0.0390873, 0.0460126, 0.111185, 0.134715, 0.142228, 0.147769, 1, 

27,84,0.001, 0.0234395, 0.0390873, 0.0460126, 0.10239, 0.111185, 0.134715, 0.142228, 0.147769, 1, 

29,75,0.001, 0.0234395, 0.0390873, 0.0355179, 0.0218816, 0.0456565, 0.134715, 0.142228, 0.248876, 0.279032, 1, 

Generation #43
26,117,0.001, 0.0234395, 0.0390873, 0.0460126, 0.111185, 0.134715, 0.142228, 0.147769, 1, 

27,84,0.001, 0.0234395, 0.0390873, 0.0460126, 0.10239, 0.111185, 0.134715, 0.142228, 0.147769, 1, 

29,75,0.001, 0.0234395, 0.0390873, 0.0355179, 0.0218816, 0.0456565, 0.134715, 0.142228, 0.248876, 0.279032, 1, 

Generation #44
26,117,0.001, 0.0234395, 0.0390873, 0.0460126, 0.111185, 0.134715, 0.142228, 0.147769, 1, 

27,84,0.001, 0.0234395, 0.0390873, 0.0460126, 0.10239, 0.111185, 0.134715, 0.142228, 0.147769, 1, 

29,75,0.001, 0.0234395, 0.0390873, 0.0355179, 0.0218816, 0.0456565, 0.134715, 0.142228, 0.248876, 0.279032, 1, 

Generation #45
26,117,0.001, 0.0234395, 0.0390873, 0.0460126, 0.111185, 0.134715, 0.142228, 0.147769, 1, 

27,84,0.001, 0.0234395, 0.0390873, 0.0460126, 0.10239, 0.111185, 0.134715, 0.142228, 0.147769, 1, 

29,75,0.001, 0.0234395, 0.0390873, 0.0355179, 0.0218816, 0.0456565, 0.134715, 0.142228, 0.248876, 0.279032, 1, 

Generation #46
26,117,0.001, 0.0234395, 0.0390873, 0.0460126, 0.111185, 0.134715, 0.142228, 0.147769, 1, 

27,84,0.001, 0.0234395, 0.0390873, 0.0460126, 0.10239, 0.111185, 0.134715, 0.142228, 0.147769, 1, 

29,75,0.001, 0.0234395, 0.0390873, 0.0355179, 0.0218816, 0.0456565, 0.134715, 0.142228, 0.248876, 0.279032, 1, 

Generation #47
26,117,0.001, 0.0234395, 0.0390873, 0.0460126, 0.111185, 0.134715, 0.142228, 0.147769, 1, 

27,84,0.001, 0.0234395, 0.0390873, 0.0460126, 0.10239, 0.111185, 0.134715, 0.142228, 0.147769, 1, 

29,75,0.001, 0.0234395, 0.0390873, 0.0355179, 0.0218816, 0.0456565, 0.134715, 0.142228, 0.248876, 0.279032, 1, 

Generation #48
27,84,0.001, 0.0234395, 0.0390873, 0.0460126, 0.10239, 0.111185, 0.134715, 0.142228, 0.147769, 1, 

26,113,0.001, 0.0234395, 0.0460126, 0.10239, 0.111185, 0.134715, 0.142228, 0.147769, 1, 

28,68,0.001, 0.0234395, 0.0390873, 0.0355179, 0.0218816, 0.0456565, 0.126535, 0.142228, 0.147769, 0.164878, 0.182603, 0.226503, 0.288066, 0.436146, 1, 

Generation #49
27,84,0.001, 0.0234395, 0.0390873, 0.0460126, 0.10239, 0.111185, 0.134715, 0.142228, 0.147769, 1, 

26,113,0.001, 0.0234395, 0.0460126, 0.10239, 0.111185, 0.134715, 0.142228, 0.147769, 1, 

28,68,0.001, 0.0234395, 0.0390873, 0.0355179, 0.0218816, 0.0456565, 0.126535, 0.142228, 0.147769, 0.164878, 0.182603, 0.226503, 0.288066, 0.436146, 1, 

--- Pareto Front Solutions ---
Solution 0: N total=53 (N_initial=26, N_added=27), Time total=90 ms, Saved to: ./results/Flex_t2_l1_pareto_0.csv, percents=0.001, 0.0234395, 0.0390873, 0.0460126, 0.10239, 0.111185, 0.134715, 0.142228, 0.147769, 1, 

Solution 1: N total=52 (N_initial=26, N_added=26), Time total=119 ms, Saved to: ./results/Flex_t2_l1_pareto_1.csv, percents=0.001, 0.0234395, 0.0460126, 0.10239, 0.111185, 0.134715, 0.142228, 0.147769, 1, 

Solution 2: N total=54 (N_initial=26, N_added=28), Time total=74 ms, Saved to: ./results/Flex_t2_l1_pareto_2.csv, percents=0.001, 0.0234395, 0.0390873, 0.0355179, 0.0218816, 0.0456565, 0.126535, 0.142228, 0.147769, 0.164878, 0.182603, 0.226503, 0.288066, 0.436146, 1, 

------------d=1, t=2, lambda=2, filename=./evaluation/Flex/Flex_2_2.csv------------
Computing partitioned counts of d-sets...
Ready to look at pairs based on partitioned counts...
First Stage N=50, Time=5
There are 50 remaining non-locating pairs
--- Running GA Algorithm (phase2) ---
Running GA with std::execution::par
Generation #0
32,18,0.001, 0.0261575, 0.0749409, 0.167253, 0.196922, 0.24695, 0.271701, 0.278708, 0.325131, 0.451692, 0.452421, 0.496907, 0.657073, 0.699966, 0.71604, 0.720807, 0.730351, 0.73668, 0.843937, 0.866188, 1, 

27,24,0.001, 0.0455056, 0.113481, 0.187297, 0.210251, 0.294732, 0.3487, 0.409832, 0.424708, 0.526123, 0.646539, 0.719703, 0.962896, 1, 

23,29,0.001, 0.2362, 0.246827, 0.324247, 0.478822, 0.541137, 0.571319, 0.717472, 0.738189, 0.908143, 1, 

22,54,0.001, 0.128815, 0.143507, 0.174033, 0.418487, 0.472623, 0.739774, 0.751716, 0.905627, 0.948566, 1, 

35,6,0.001, 0.0109466, 0.0224035, 0.0247863, 0.0574069, 0.0685293, 0.0720704, 0.104215, 0.123657, 0.194335, 0.232841, 0.254797, 0.277456, 0.281589, 0.287013, 0.303188, 0.3255, 0.356134, 0.374446, 0.450178, 0.473664, 0.494686, 0.64173, 0.647007, 0.710605, 0.778558, 0.846565, 1, 

26,25,0.001, 0.132114, 0.207789, 0.229384, 0.243929, 0.247281, 0.36834, 0.370587, 0.374087, 0.398731, 0.421826, 0.499212, 0.731068, 0.733241, 0.847436, 0.96722, 1, 

Generation #1
23,29,0.001, 0.2362, 0.246827, 0.324247, 0.478822, 0.541137, 0.571319, 0.717472, 0.738189, 0.908143, 1, 

22,54,0.001, 0.128815, 0.143507, 0.174033, 0.418487, 0.472623, 0.739774, 0.751716, 0.905627, 0.948566, 1, 

35,6,0.001, 0.0109466, 0.0224035, 0.0247863, 0.0574069, 0.0685293, 0.0720704, 0.104215, 0.123657, 0.194335, 0.232841, 0.254797, 0.277456, 0.281589, 0.287013, 0.303188, 0.3255, 0.356134, 0.374446, 0.450178, 0.473664, 0.494686, 0.64173, 0.647007, 0.710605, 0.778558, 0.846565, 1, 

25,15,0.001, 0.0596878, 0.067159, 0.0977064, 0.202531, 0.210038, 0.22439, 0.257717, 0.282706, 0.970603, 0.996029, 1, 

Generation #2
35,6,0.001, 0.0109466, 0.0224035, 0.0247863, 0.0574069, 0.0685293, 0.0720704, 0.104215, 0.123657, 0.194335, 0.232841, 0.254797, 0.277456, 0.281589, 0.287013, 0.303188, 0.3255, 0.356134, 0.374446, 0.450178, 0.473664, 0.494686, 0.64173, 0.647007, 0.710605, 0.778558, 0.846565, 1, 

25,15,0.001, 0.0596878, 0.067159, 0.0977064, 0.202531, 0.210038, 0.22439, 0.257717, 0.282706, 0.970603, 0.996029, 1, 

31,10,0.001, 0.0392774, 0.0658611, 0.104563, 0.127137, 0.184073, 0.239015, 0.240601, 0.318576, 0.462932, 0.499183, 0.523214, 0.562817, 0.580067, 0.609972, 0.627004, 0.781013, 0.883502, 0.934246, 0.9846, 0.990311, 1, 

23,16,0.001, 0.0942928, 0.067159, 0.0977064, 0.202531, 0.210038, 0.22439, 0.257717, 0.282706, 0.970603, 0.996029, 1, 

20,17,0.001, 0.0596878, 0.067159, 0.0977064, 0.202531, 0.210038, 0.22439, 0.257717, 0.282706, 0.970603, 0.996029, 1, 

Generation #3
35,6,0.001, 0.0109466, 0.0224035, 0.0247863, 0.0574069, 0.0685293, 0.0720704, 0.104215, 0.123657, 0.194335, 0.232841, 0.254797, 0.277456, 0.281589, 0.287013, 0.303188, 0.3255, 0.356134, 0.374446, 0.450178, 0.473664, 0.494686, 0.64173, 0.647007, 0.710605, 0.778558, 0.846565, 1, 

25,15,0.001, 0.0596878, 0.067159, 0.0977064, 0.202531, 0.210038, 0.22439, 0.257717, 0.282706, 0.970603, 0.996029, 1, 

31,10,0.001, 0.0392774, 0.0658611, 0.104563, 0.127137, 0.184073, 0.239015, 0.240601, 0.318576, 0.462932, 0.499183, 0.523214, 0.562817, 0.580067, 0.609972, 0.627004, 0.781013, 0.883502, 0.934246, 0.9846, 0.990311, 1, 

23,16,0.001, 0.0942928, 0.067159, 0.0977064, 0.202531, 0.210038, 0.22439, 0.257717, 0.282706, 0.970603, 0.996029, 1, 

20,17,0.001, 0.0596878, 0.067159, 0.0977064, 0.202531, 0.210038, 0.22439, 0.257717, 0.282706, 0.970603, 0.996029, 1, 

30,12,0.001, 0.034059, 0.0511085, 0.0838304, 0.0857724, 0.0933563, 0.118851, 0.151926, 0.164917, 0.213285, 0.273989, 0.285629, 0.288883, 0.353433, 0.365372, 0.627004, 0.781013, 0.883502, 0.934246, 0.9846, 0.990311, 1, 

Generation #4
35,6,0.001, 0.0109466, 0.0224035, 0.0247863, 0.0574069, 0.0685293, 0.0720704, 0.104215, 0.123657, 0.194335, 0.232841, 0.254797, 0.277456, 0.281589, 0.287013, 0.303188, 0.3255, 0.356134, 0.374446, 0.450178, 0.473664, 0.494686, 0.64173, 0.647007, 0.710605, 0.778558, 0.846565, 1, 

20,17,0.001, 0.0596878, 0.067159, 0.0977064, 0.202531, 0.210038, 0.22439, 0.257717, 0.282706, 0.970603, 0.996029, 1, 

23,14,0.001, 0.0496752, 0.069558, 0.138518, 0.147485, 0.148496, 0.182179, 0.226248, 0.245701, 0.282111, 1, 

25,13,0.001, 0.0496752, 0.069558, 0.13697, 0.0574069, 0.0685293, 0.0720704, 0.104215, 0.123657, 0.194335, 0.232841, 0.254797, 0.277456, 0.948497, 1, 

27,10,0.001, 0.034059, 0.0511085, 0.0838304, 0.0857724, 0.0933563, 0.118851, 0.151926, 0.164917, 0.213285, 0.273989, 0.844492, 0.886245, 0.890511, 0.948497, 1, 

Generation #5
35,6,0.001, 0.0109466, 0.0224035, 0.0247863, 0.0574069, 0.0685293, 0.0720704, 0.104215, 0.123657, 0.194335, 0.232841, 0.254797, 0.277456, 0.281589, 0.287013, 0.303188, 0.3255, 0.356134, 0.374446, 0.450178, 0.473664, 0.494686, 0.64173, 0.647007, 0.710605, 0.778558, 0.846565, 1, 

20,17,0.001, 0.0596878, 0.067159, 0.0977064, 0.202531, 0.210038, 0.22439, 0.257717, 0.282706, 0.970603, 0.996029, 1, 

27,10,0.001, 0.034059, 0.0511085, 0.0838304, 0.0857724, 0.0933563, 0.118851, 0.151926, 0.164917, 0.213285, 0.273989, 0.844492, 0.886245, 0.890511, 0.948497, 1, 

21,13,0.001, 0.0222949, 0.068399, 0.0783888, 0.101175, 0.179813, 0.216157, 0.278708, 0.325131, 0.948566, 1, 

31,7,0.001, 0.0496752, 0.069558, 0.13697, 0.0574069, 0.0685293, 0.0720704, 0.104215, 0.123657, 0.194335, 0.232841, 0.254797, 0.277456, 0.508044, 0.552304, 0.600656, 0.616052, 0.804544, 0.886562, 0.913704, 0.924734, 0.97264, 1, 

Generation #6
35,6,0.001, 0.0109466, 0.0224035, 0.0247863, 0.0574069, 0.0685293, 0.0720704, 0.104215, 0.123657, 0.194335, 0.232841, 0.254797, 0.277456, 0.281589, 0.287013, 0.303188, 0.3255, 0.356134, 0.374446, 0.450178, 0.473664, 0.494686, 0.64173, 0.647007, 0.710605, 0.778558, 0.846565, 1, 

31,7,0.001, 0.0496752, 0.069558, 0.13697, 0.0574069, 0.0685293, 0.0720704, 0.104215, 0.123657, 0.194335, 0.232841, 0.254797, 0.277456, 0.508044, 0.552304, 0.600656, 0.616052, 0.804544, 0.886562, 0.913704, 0.924734, 0.97264, 1, 

20,11,0.001, 0.034059, 0.0511085, 0.0838304, 0.0857724, 0.247281, 0.22439, 0.257717, 0.282706, 0.970603, 0.996029, 1, 

27,9,0.001, 0.0596878, 0.067159, 0.153548, 0.159044, 0.161509, 0.209101, 0.211975, 0.212646, 0.220753, 0.315587, 0.329983, 0.334723, 0.79197, 0.81021, 0.819242, 1, 

Generation #7
20,11,0.001, 0.034059, 0.0511085, 0.0838304, 0.0857724, 0.247281, 0.22439, 0.257717, 0.282706, 0.970603, 0.996029, 1, 

29,2,0.001, 0.0596878, 0.067159, 0.13697, 0.0574069, 0.0685293, 0.0720704, 0.104215, 0.123657, 0.194335, 0.232841, 0.254797, 0.277456, 0.508044, 0.552304, 0.600656, 0.616052, 0.804544, 0.886562, 0.913704, 0.924734, 0.97264, 1, 

26,9,0.001, 0.0496752, 0.069558, 0.13697, 0.0574069, 0.0685293, 0.0720704, 0.104215, 0.123657, 0.194335, 0.273989, 0.285629, 0.288883, 0.948497, 1, 

Generation #8
20,11,0.001, 0.034059, 0.0511085, 0.0838304, 0.0857724, 0.247281, 0.22439, 0.257717, 0.282706, 0.970603, 0.996029, 1, 

29,2,0.001, 0.0596878, 0.067159, 0.13697, 0.0574069, 0.0685293, 0.0720704, 0.104215, 0.123657, 0.194335, 0.232841, 0.254797, 0.277456, 0.508044, 0.552304, 0.600656, 0.616052, 0.804544, 0.886562, 0.913704, 0.924734, 0.97264, 1, 

23,7,0.001, 0.0596878, 0.067159, 0.0838304, 0.0857724, 0.0933563, 0.118851, 0.151926, 0.100535, 0.245701, 0.282111, 1, 

21,9,0.001, 0.0411258, 0.0224035, 0.0247863, 0.0574069, 0.0685293, 0.0720704, 0.104215, 0.123657, 0.194335, 0.232841, 0.254797, 0.277456, 1, 

Generation #9
20,11,0.001, 0.034059, 0.0511085, 0.0838304, 0.0857724, 0.247281, 0.22439, 0.257717, 0.282706, 0.970603, 0.996029, 1, 

29,2,0.001, 0.0596878, 0.067159, 0.13697, 0.0574069, 0.0685293, 0.0720704, 0.104215, 0.123657, 0.194335, 0.232841, 0.254797, 0.277456, 0.508044, 0.552304, 0.600656, 0.616052, 0.804544, 0.886562, 0.913704, 0.924734, 0.97264, 1, 

23,7,0.001, 0.0596878, 0.067159, 0.0838304, 0.0857724, 0.0933563, 0.118851, 0.151926, 0.100535, 0.245701, 0.282111, 1, 

21,9,0.001, 0.0411258, 0.0224035, 0.0247863, 0.0574069, 0.0685293, 0.0720704, 0.104215, 0.123657, 0.194335, 0.232841, 0.254797, 0.277456, 1, 

Generation #10
20,11,0.001, 0.034059, 0.0511085, 0.0838304, 0.0857724, 0.247281, 0.22439, 0.257717, 0.282706, 0.970603, 0.996029, 1, 

29,2,0.001, 0.0596878, 0.067159, 0.13697, 0.0574069, 0.0685293, 0.0720704, 0.104215, 0.123657, 0.194335, 0.232841, 0.254797, 0.277456, 0.508044, 0.552304, 0.600656, 0.616052, 0.804544, 0.886562, 0.913704, 0.924734, 0.97264, 1, 

23,7,0.001, 0.0596878, 0.067159, 0.0838304, 0.0857724, 0.0933563, 0.118851, 0.151926, 0.100535, 0.245701, 0.282111, 1, 

21,9,0.001, 0.0411258, 0.0224035, 0.0247863, 0.0574069, 0.0685293, 0.0720704, 0.104215, 0.123657, 0.194335, 0.232841, 0.254797, 0.277456, 1, 

Generation #11
20,11,0.001, 0.034059, 0.0511085, 0.0838304, 0.0857724, 0.247281, 0.22439, 0.257717, 0.282706, 0.970603, 0.996029, 1, 

29,2,0.001, 0.0596878, 0.067159, 0.13697, 0.0574069, 0.0685293, 0.0720704, 0.104215, 0.123657, 0.194335, 0.232841, 0.254797, 0.277456, 0.508044, 0.552304, 0.600656, 0.616052, 0.804544, 0.886562, 0.913704, 0.924734, 0.97264, 1, 

23,7,0.001, 0.0596878, 0.067159, 0.0838304, 0.0857724, 0.0933563, 0.118851, 0.151926, 0.100535, 0.245701, 0.282111, 1, 

21,9,0.001, 0.0411258, 0.0224035, 0.0247863, 0.0574069, 0.0685293, 0.0720704, 0.104215, 0.123657, 0.194335, 0.232841, 0.254797, 0.277456, 1, 

24,6,0.001, 0.0109466, 0.0224035, 0.0247863, 0.0574069, 0.0685293, 0.0720704, 0.123657, 0.194335, 0.232841, 0.254797, 0.277456, 0.890511, 0.948497, 1, 

Generation #12
20,11,0.001, 0.034059, 0.0511085, 0.0838304, 0.0857724, 0.247281, 0.22439, 0.257717, 0.282706, 0.970603, 0.996029, 1, 

29,2,0.001, 0.0596878, 0.067159, 0.13697, 0.0574069, 0.0685293, 0.0720704, 0.104215, 0.123657, 0.194335, 0.232841, 0.254797, 0.277456, 0.508044, 0.552304, 0.600656, 0.616052, 0.804544, 0.886562, 0.913704, 0.924734, 0.97264, 1, 

21,9,0.001, 0.0411258, 0.0224035, 0.0247863, 0.0574069, 0.0685293, 0.0720704, 0.104215, 0.123657, 0.194335, 0.232841, 0.254797, 0.277456, 1, 

23,4,0.001, 0.0496752, 0.069558, 0.13697, 0.0574069, 0.0685293, 0.0720704, 0.104215, 0.123657, 0.194335, 0.273989, 0.285629, 0.288883, 0.948497, 1, 

Generation #13
20,11,0.001, 0.034059, 0.0511085, 0.0838304, 0.0857724, 0.247281, 0.22439, 0.257717, 0.282706, 0.970603, 0.996029, 1, 

29,2,0.001, 0.0596878, 0.067159, 0.13697, 0.0574069, 0.0685293, 0.0720704, 0.104215, 0.123657, 0.194335, 0.232841, 0.254797, 0.277456, 0.508044, 0.552304, 0.600656, 0.616052, 0.804544, 0.886562, 0.913704, 0.924734, 0.97264, 1, 

23,4,0.001, 0.0496752, 0.069558, 0.13697, 0.0574069, 0.0685293, 0.0720704, 0.104215, 0.123657, 0.194335, 0.273989, 0.285629, 0.288883, 0.948497, 1, 

21,8,0.001, 0.0496752, 0.069558, 0.13697, 0.0574069, 0.159044, 0.161509, 0.209101, 0.211975, 0.212646, 0.646539, 0.719703, 0.962896, 1, 

Generation #14
29,2,0.001, 0.0596878, 0.067159, 0.13697, 0.0574069, 0.0685293, 0.0720704, 0.104215, 0.123657, 0.194335, 0.232841, 0.254797, 0.277456, 0.508044, 0.552304, 0.600656, 0.616052, 0.804544, 0.886562, 0.913704, 0.924734, 0.97264, 1, 

19,4,0.001, 0.0596878, 0.067159, 0.0838304, 0.0857724, 0.0933563, 0.118851, 0.151926, 0.164917, 0.232841, 0.254797, 0.948497, 1, 

Generation #15
29,2,0.001, 0.0596878, 0.067159, 0.13697, 0.0574069, 0.0685293, 0.0720704, 0.104215, 0.123657, 0.194335, 0.232841, 0.254797, 0.277456, 0.508044, 0.552304, 0.600656, 0.616052, 0.804544, 0.886562, 0.913704, 0.924734, 0.97264, 1, 

19,4,0.001, 0.0596878, 0.067159, 0.0838304, 0.0857724, 0.0933563, 0.118851, 0.151926, 0.164917, 0.232841, 0.254797, 0.948497, 1, 

Generation #16
29,2,0.001, 0.0596878, 0.067159, 0.13697, 0.0574069, 0.0685293, 0.0720704, 0.104215, 0.123657, 0.194335, 0.232841, 0.254797, 0.277456, 0.508044, 0.552304, 0.600656, 0.616052, 0.804544, 0.886562, 0.913704, 0.924734, 0.97264, 1, 

19,4,0.001, 0.0596878, 0.067159, 0.0838304, 0.0857724, 0.0933563, 0.118851, 0.151926, 0.164917, 0.232841, 0.254797, 0.948497, 1, 

Generation #17
29,2,0.001, 0.0596878, 0.067159, 0.13697, 0.0574069, 0.0685293, 0.0720704, 0.104215, 0.123657, 0.194335, 0.232841, 0.254797, 0.277456, 0.508044, 0.552304, 0.600656, 0.616052, 0.804544, 0.886562, 0.913704, 0.924734, 0.97264, 1, 

19,4,0.001, 0.0596878, 0.067159, 0.0838304, 0.0857724, 0.0933563, 0.118851, 0.151926, 0.164917, 0.232841, 0.254797, 0.948497, 1, 

Generation #18
29,2,0.001, 0.0596878, 0.067159, 0.13697, 0.0574069, 0.0685293, 0.0720704, 0.104215, 0.123657, 0.194335, 0.232841, 0.254797, 0.277456, 0.508044, 0.552304, 0.600656, 0.616052, 0.804544, 0.886562, 0.913704, 0.924734, 0.97264, 1, 

19,4,0.001, 0.0596878, 0.067159, 0.0838304, 0.0857724, 0.0933563, 0.118851, 0.151926, 0.164917, 0.232841, 0.254797, 0.948497, 1, 

Generation #19
29,2,0.001, 0.0596878, 0.067159, 0.13697, 0.0574069, 0.0685293, 0.0720704, 0.104215, 0.123657, 0.194335, 0.232841, 0.254797, 0.277456, 0.508044, 0.552304, 0.600656, 0.616052, 0.804544, 0.886562, 0.913704, 0.924734, 0.97264, 1, 

19,4,0.001, 0.0596878, 0.067159, 0.0838304, 0.0857724, 0.0933563, 0.118851, 0.151926, 0.164917, 0.232841, 0.254797, 0.948497, 1, 

Generation #20
29,2,0.001, 0.0596878, 0.067159, 0.13697, 0.0574069, 0.0685293, 0.0720704, 0.104215, 0.123657, 0.194335, 0.232841, 0.254797, 0.277456, 0.508044, 0.552304, 0.600656, 0.616052, 0.804544, 0.886562, 0.913704, 0.924734, 0.97264, 1, 

19,4,0.001, 0.0596878, 0.067159, 0.0838304, 0.0857724, 0.0933563, 0.118851, 0.151926, 0.164917, 0.232841, 0.254797, 0.948497, 1, 

18,15,0.001, 0.0411258, 0.067159, 0.0838304, 0.0857724, 0.247281, 0.22439, 0.257717, 0.282706, 0.970603, 1, 

Generation #21
29,2,0.001, 0.0596878, 0.067159, 0.13697, 0.0574069, 0.0685293, 0.0720704, 0.104215, 0.123657, 0.194335, 0.232841, 0.254797, 0.277456, 0.508044, 0.552304, 0.600656, 0.616052, 0.804544, 0.886562, 0.913704, 0.924734, 0.97264, 1, 

19,4,0.001, 0.0596878, 0.067159, 0.0838304, 0.0857724, 0.0933563, 0.118851, 0.151926, 0.164917, 0.232841, 0.254797, 0.948497, 1, 

18,15,0.001, 0.0411258, 0.067159, 0.0838304, 0.0857724, 0.247281, 0.22439, 0.257717, 0.282706, 0.970603, 1, 

Generation #22
29,2,0.001, 0.0596878, 0.067159, 0.13697, 0.0574069, 0.0685293, 0.0720704, 0.104215, 0.123657, 0.194335, 0.232841, 0.254797, 0.277456, 0.508044, 0.552304, 0.600656, 0.616052, 0.804544, 0.886562, 0.913704, 0.924734, 0.97264, 1, 

19,4,0.001, 0.0596878, 0.067159, 0.0838304, 0.0857724, 0.0933563, 0.118851, 0.151926, 0.164917, 0.232841, 0.254797, 0.948497, 1, 

18,15,0.001, 0.0411258, 0.067159, 0.0838304, 0.0857724, 0.247281, 0.22439, 0.257717, 0.282706, 0.970603, 1, 

Generation #23
29,2,0.001, 0.0596878, 0.067159, 0.13697, 0.0574069, 0.0685293, 0.0720704, 0.104215, 0.123657, 0.194335, 0.232841, 0.254797, 0.277456, 0.508044, 0.552304, 0.600656, 0.616052, 0.804544, 0.886562, 0.913704, 0.924734, 0.97264, 1, 

19,4,0.001, 0.0596878, 0.067159, 0.0838304, 0.0857724, 0.0933563, 0.118851, 0.151926, 0.164917, 0.232841, 0.254797, 0.948497, 1, 

18,15,0.001, 0.0411258, 0.067159, 0.0838304, 0.0857724, 0.247281, 0.22439, 0.257717, 0.282706, 0.970603, 1, 

Generation #24
29,2,0.001, 0.0596878, 0.067159, 0.13697, 0.0574069, 0.0685293, 0.0720704, 0.104215, 0.123657, 0.194335, 0.232841, 0.254797, 0.277456, 0.508044, 0.552304, 0.600656, 0.616052, 0.804544, 0.886562, 0.913704, 0.924734, 0.97264, 1, 

19,4,0.001, 0.0596878, 0.067159, 0.0838304, 0.0857724, 0.0933563, 0.118851, 0.151926, 0.164917, 0.232841, 0.254797, 0.948497, 1, 

18,15,0.001, 0.0411258, 0.067159, 0.0838304, 0.0857724, 0.247281, 0.22439, 0.257717, 0.282706, 0.970603, 1, 

Generation #25
29,2,0.001, 0.0596878, 0.067159, 0.13697, 0.0574069, 0.0685293, 0.0720704, 0.104215, 0.123657, 0.194335, 0.232841, 0.254797, 0.277456, 0.508044, 0.552304, 0.600656, 0.616052, 0.804544, 0.886562, 0.913704, 0.924734, 0.97264, 1, 

19,4,0.001, 0.0596878, 0.067159, 0.0838304, 0.0857724, 0.0933563, 0.118851, 0.151926, 0.164917, 0.232841, 0.254797, 0.948497, 1, 

18,15,0.001, 0.0411258, 0.067159, 0.0838304, 0.0857724, 0.247281, 0.22439, 0.257717, 0.282706, 0.970603, 1, 

Generation #26
19,4,0.001, 0.0596878, 0.067159, 0.0838304, 0.0857724, 0.0933563, 0.118851, 0.151926, 0.164917, 0.232841, 0.254797, 0.948497, 1, 

18,15,0.001, 0.0411258, 0.067159, 0.0838304, 0.0857724, 0.247281, 0.22439, 0.257717, 0.282706, 0.970603, 1, 

21,2,0.001, 0.0596878, 0.067159, 0.0838304, 0.0574069, 0.0720704, 0.104215, 0.123657, 0.194335, 0.232841, 0.254797, 0.277456, 0.948497, 1, 

Generation #27
19,4,0.001, 0.0596878, 0.067159, 0.0838304, 0.0857724, 0.0933563, 0.118851, 0.151926, 0.164917, 0.232841, 0.254797, 0.948497, 1, 

18,15,0.001, 0.0411258, 0.067159, 0.0838304, 0.0857724, 0.247281, 0.22439, 0.257717, 0.282706, 0.970603, 1, 

21,2,0.001, 0.0596878, 0.067159, 0.0838304, 0.0574069, 0.0720704, 0.104215, 0.123657, 0.194335, 0.232841, 0.254797, 0.277456, 0.948497, 1, 

Generation #28
19,4,0.001, 0.0596878, 0.067159, 0.0838304, 0.0857724, 0.0933563, 0.118851, 0.151926, 0.164917, 0.232841, 0.254797, 0.948497, 1, 

18,15,0.001, 0.0411258, 0.067159, 0.0838304, 0.0857724, 0.247281, 0.22439, 0.257717, 0.282706, 0.970603, 1, 

21,2,0.001, 0.0596878, 0.067159, 0.0838304, 0.0574069, 0.0720704, 0.104215, 0.123657, 0.194335, 0.232841, 0.254797, 0.277456, 0.948497, 1, 

Generation #29
19,4,0.001, 0.0596878, 0.067159, 0.0838304, 0.0857724, 0.0933563, 0.118851, 0.151926, 0.164917, 0.232841, 0.254797, 0.948497, 1, 

21,2,0.001, 0.0596878, 0.067159, 0.0838304, 0.0574069, 0.0720704, 0.104215, 0.123657, 0.194335, 0.232841, 0.254797, 0.277456, 0.948497, 1, 

18,8,0.001, 0.0763858, 0.0411258, 0.0224035, 0.0247863, 0.0574069, 0.0685293, 0.0720704, 0.104215, 0.123657, 0.282111, 1, 

Generation #30
19,4,0.001, 0.0596878, 0.067159, 0.0838304, 0.0857724, 0.0933563, 0.118851, 0.151926, 0.164917, 0.232841, 0.254797, 0.948497, 1, 

21,2,0.001, 0.0596878, 0.067159, 0.0838304, 0.0574069, 0.0720704, 0.104215, 0.123657, 0.194335, 0.232841, 0.254797, 0.277456, 0.948497, 1, 

18,8,0.001, 0.0763858, 0.0411258, 0.0224035, 0.0247863, 0.0574069, 0.0685293, 0.0720704, 0.104215, 0.123657, 0.282111, 1, 

Generation #31
19,4,0.001, 0.0596878, 0.067159, 0.0838304, 0.0857724, 0.0933563, 0.118851, 0.151926, 0.164917, 0.232841, 0.254797, 0.948497, 1, 

21,2,0.001, 0.0596878, 0.067159, 0.0838304, 0.0574069, 0.0720704, 0.104215, 0.123657, 0.194335, 0.232841, 0.254797, 0.277456, 0.948497, 1, 

18,8,0.001, 0.0763858, 0.0411258, 0.0224035, 0.0247863, 0.0574069, 0.0685293, 0.0720704, 0.104215, 0.123657, 0.282111, 1, 

Generation #32
19,4,0.001, 0.0596878, 0.067159, 0.0838304, 0.0857724, 0.0933563, 0.118851, 0.151926, 0.164917, 0.232841, 0.254797, 0.948497, 1, 

21,2,0.001, 0.0596878, 0.067159, 0.0838304, 0.0574069, 0.0720704, 0.104215, 0.123657, 0.194335, 0.232841, 0.254797, 0.277456, 0.948497, 1, 

18,8,0.001, 0.0763858, 0.0411258, 0.0224035, 0.0247863, 0.0574069, 0.0685293, 0.0720704, 0.104215, 0.123657, 0.282111, 1, 

Generation #33
19,4,0.001, 0.0596878, 0.067159, 0.0838304, 0.0857724, 0.0933563, 0.118851, 0.151926, 0.164917, 0.232841, 0.254797, 0.948497, 1, 

21,2,0.001, 0.0596878, 0.067159, 0.0838304, 0.0574069, 0.0720704, 0.104215, 0.123657, 0.194335, 0.232841, 0.254797, 0.277456, 0.948497, 1, 

18,8,0.001, 0.0763858, 0.0411258, 0.0224035, 0.0247863, 0.0574069, 0.0685293, 0.0720704, 0.104215, 0.123657, 0.282111, 1, 

Generation #34
19,4,0.001, 0.0596878, 0.067159, 0.0838304, 0.0857724, 0.0933563, 0.118851, 0.151926, 0.164917, 0.232841, 0.254797, 0.948497, 1, 

21,2,0.001, 0.0596878, 0.067159, 0.0838304, 0.0574069, 0.0720704, 0.104215, 0.123657, 0.194335, 0.232841, 0.254797, 0.277456, 0.948497, 1, 

18,8,0.001, 0.0763858, 0.0411258, 0.0224035, 0.0247863, 0.0574069, 0.0685293, 0.0720704, 0.104215, 0.123657, 0.282111, 1, 

Generation #35
19,4,0.001, 0.0596878, 0.067159, 0.0838304, 0.0857724, 0.0933563, 0.118851, 0.151926, 0.164917, 0.232841, 0.254797, 0.948497, 1, 

21,2,0.001, 0.0596878, 0.067159, 0.0838304, 0.0574069, 0.0720704, 0.104215, 0.123657, 0.194335, 0.232841, 0.254797, 0.277456, 0.948497, 1, 

18,8,0.001, 0.0763858, 0.0411258, 0.0224035, 0.0247863, 0.0574069, 0.0685293, 0.0720704, 0.104215, 0.123657, 0.282111, 1, 

Generation #36
19,4,0.001, 0.0596878, 0.067159, 0.0838304, 0.0857724, 0.0933563, 0.118851, 0.151926, 0.164917, 0.232841, 0.254797, 0.948497, 1, 

21,2,0.001, 0.0596878, 0.067159, 0.0838304, 0.0574069, 0.0720704, 0.104215, 0.123657, 0.194335, 0.232841, 0.254797, 0.277456, 0.948497, 1, 

18,8,0.001, 0.0763858, 0.0411258, 0.0224035, 0.0247863, 0.0574069, 0.0685293, 0.0720704, 0.104215, 0.123657, 0.282111, 1, 

Generation #37
19,4,0.001, 0.0596878, 0.067159, 0.0838304, 0.0857724, 0.0933563, 0.118851, 0.151926, 0.164917, 0.232841, 0.254797, 0.948497, 1, 

21,2,0.001, 0.0596878, 0.067159, 0.0838304, 0.0574069, 0.0720704, 0.104215, 0.123657, 0.194335, 0.232841, 0.254797, 0.277456, 0.948497, 1, 

18,8,0.001, 0.0763858, 0.0411258, 0.0224035, 0.0247863, 0.0574069, 0.0685293, 0.0720704, 0.104215, 0.123657, 0.282111, 1, 

Generation #38
19,4,0.001, 0.0596878, 0.067159, 0.0838304, 0.0857724, 0.0933563, 0.118851, 0.151926, 0.164917, 0.232841, 0.254797, 0.948497, 1, 

21,2,0.001, 0.0596878, 0.067159, 0.0838304, 0.0574069, 0.0720704, 0.104215, 0.123657, 0.194335, 0.232841, 0.254797, 0.277456, 0.948497, 1, 

18,8,0.001, 0.0763858, 0.0411258, 0.0224035, 0.0247863, 0.0574069, 0.0685293, 0.0720704, 0.104215, 0.123657, 0.282111, 1, 

Generation #39
19,4,0.001, 0.0596878, 0.067159, 0.0838304, 0.0857724, 0.0933563, 0.118851, 0.151926, 0.164917, 0.232841, 0.254797, 0.948497, 1, 

21,2,0.001, 0.0596878, 0.067159, 0.0838304, 0.0574069, 0.0720704, 0.104215, 0.123657, 0.194335, 0.232841, 0.254797, 0.277456, 0.948497, 1, 

18,8,0.001, 0.0763858, 0.0411258, 0.0224035, 0.0247863, 0.0574069, 0.0685293, 0.0720704, 0.104215, 0.123657, 0.282111, 1, 

Generation #40
19,4,0.001, 0.0596878, 0.067159, 0.0838304, 0.0857724, 0.0933563, 0.118851, 0.151926, 0.164917, 0.232841, 0.254797, 0.948497, 1, 

21,2,0.001, 0.0596878, 0.067159, 0.0838304, 0.0574069, 0.0720704, 0.104215, 0.123657, 0.194335, 0.232841, 0.254797, 0.277456, 0.948497, 1, 

18,8,0.001, 0.0763858, 0.0411258, 0.0224035, 0.0247863, 0.0574069, 0.0685293, 0.0720704, 0.104215, 0.123657, 0.282111, 1, 

Generation #41
19,4,0.001, 0.0596878, 0.067159, 0.0838304, 0.0857724, 0.0933563, 0.118851, 0.151926, 0.164917, 0.232841, 0.254797, 0.948497, 1, 

21,2,0.001, 0.0596878, 0.067159, 0.0838304, 0.0574069, 0.0720704, 0.104215, 0.123657, 0.194335, 0.232841, 0.254797, 0.277456, 0.948497, 1, 

18,8,0.001, 0.0763858, 0.0411258, 0.0224035, 0.0247863, 0.0574069, 0.0685293, 0.0720704, 0.104215, 0.123657, 0.282111, 1, 

Generation #42
19,4,0.001, 0.0596878, 0.067159, 0.0838304, 0.0857724, 0.0933563, 0.118851, 0.151926, 0.164917, 0.232841, 0.254797, 0.948497, 1, 

21,2,0.001, 0.0596878, 0.067159, 0.0838304, 0.0574069, 0.0720704, 0.104215, 0.123657, 0.194335, 0.232841, 0.254797, 0.277456, 0.948497, 1, 

18,8,0.001, 0.0763858, 0.0411258, 0.0224035, 0.0247863, 0.0574069, 0.0685293, 0.0720704, 0.104215, 0.123657, 0.282111, 1, 

Generation #43
19,4,0.001, 0.0596878, 0.067159, 0.0838304, 0.0857724, 0.0933563, 0.118851, 0.151926, 0.164917, 0.232841, 0.254797, 0.948497, 1, 

21,2,0.001, 0.0596878, 0.067159, 0.0838304, 0.0574069, 0.0720704, 0.104215, 0.123657, 0.194335, 0.232841, 0.254797, 0.277456, 0.948497, 1, 

18,8,0.001, 0.0763858, 0.0411258, 0.0224035, 0.0247863, 0.0574069, 0.0685293, 0.0720704, 0.104215, 0.123657, 0.282111, 1, 

Generation #44
19,4,0.001, 0.0596878, 0.067159, 0.0838304, 0.0857724, 0.0933563, 0.118851, 0.151926, 0.164917, 0.232841, 0.254797, 0.948497, 1, 

18,8,0.001, 0.0763858, 0.0411258, 0.0224035, 0.0247863, 0.0574069, 0.0685293, 0.0720704, 0.104215, 0.123657, 0.282111, 1, 

20,2,0.001, 0.0411258, 0.0224035, 0.0247863, 0.0574069, 0.0685293, 0.0720704, 0.104215, 0.164917, 0.213285, 0.254797, 0.277456, 0.948497, 1, 

Generation #45
19,4,0.001, 0.0596878, 0.067159, 0.0838304, 0.0857724, 0.0933563, 0.118851, 0.151926, 0.164917, 0.232841, 0.254797, 0.948497, 1, 

18,8,0.001, 0.0763858, 0.0411258, 0.0224035, 0.0247863, 0.0574069, 0.0685293, 0.0720704, 0.104215, 0.123657, 0.282111, 1, 

20,2,0.001, 0.0411258, 0.0224035, 0.0247863, 0.0574069, 0.0685293, 0.0720704, 0.104215, 0.164917, 0.213285, 0.254797, 0.277456, 0.948497, 1, 

Generation #46
19,4,0.001, 0.0596878, 0.067159, 0.0838304, 0.0857724, 0.0933563, 0.118851, 0.151926, 0.164917, 0.232841, 0.254797, 0.948497, 1, 

18,8,0.001, 0.0763858, 0.0411258, 0.0224035, 0.0247863, 0.0574069, 0.0685293, 0.0720704, 0.104215, 0.123657, 0.282111, 1, 

20,2,0.001, 0.0411258, 0.0224035, 0.0247863, 0.0574069, 0.0685293, 0.0720704, 0.104215, 0.164917, 0.213285, 0.254797, 0.277456, 0.948497, 1, 

Generation #47
19,4,0.001, 0.0596878, 0.067159, 0.0838304, 0.0857724, 0.0933563, 0.118851, 0.151926, 0.164917, 0.232841, 0.254797, 0.948497, 1, 

18,8,0.001, 0.0763858, 0.0411258, 0.0224035, 0.0247863, 0.0574069, 0.0685293, 0.0720704, 0.104215, 0.123657, 0.282111, 1, 

20,2,0.001, 0.0411258, 0.0224035, 0.0247863, 0.0574069, 0.0685293, 0.0720704, 0.104215, 0.164917, 0.213285, 0.254797, 0.277456, 0.948497, 1, 

Generation #48
19,4,0.001, 0.0596878, 0.067159, 0.0838304, 0.0857724, 0.0933563, 0.118851, 0.151926, 0.164917, 0.232841, 0.254797, 0.948497, 1, 

18,8,0.001, 0.0763858, 0.0411258, 0.0224035, 0.0247863, 0.0574069, 0.0685293, 0.0720704, 0.104215, 0.123657, 0.282111, 1, 

20,2,0.001, 0.0411258, 0.0224035, 0.0247863, 0.0574069, 0.0685293, 0.0720704, 0.104215, 0.164917, 0.213285, 0.254797, 0.277456, 0.948497, 1, 

Generation #49
19,4,0.001, 0.0596878, 0.067159, 0.0838304, 0.0857724, 0.0933563, 0.118851, 0.151926, 0.164917, 0.232841, 0.254797, 0.948497, 1, 

18,8,0.001, 0.0763858, 0.0411258, 0.0224035, 0.0247863, 0.0574069, 0.0685293, 0.0720704, 0.104215, 0.123657, 0.282111, 1, 

20,2,0.001, 0.0411258, 0.0224035, 0.0247863, 0.0574069, 0.0685293, 0.0720704, 0.104215, 0.164917, 0.213285, 0.254797, 0.277456, 0.948497, 1, 

--- Pareto Front Solutions ---
Solution 0: N total=69 (N_initial=50, N_added=19), Time total=9 ms, Saved to: ./results/Flex_t2_l2_pareto_0.csv, percents=0.001, 0.0596878, 0.067159, 0.0838304, 0.0857724, 0.0933563, 0.118851, 0.151926, 0.164917, 0.232841, 0.254797, 0.948497, 1, 

Solution 1: N total=68 (N_initial=50, N_added=18), Time total=13 ms, Saved to: ./results/Flex_t2_l2_pareto_1.csv, percents=0.001, 0.0763858, 0.0411258, 0.0224035, 0.0247863, 0.0574069, 0.0685293, 0.0720704, 0.104215, 0.123657, 0.282111, 1, 

Solution 2: N total=70 (N_initial=50, N_added=20), Time total=7 ms, Saved to: ./results/Flex_t2_l2_pareto_2.csv, percents=0.001, 0.0411258, 0.0224035, 0.0247863, 0.0574069, 0.0685293, 0.0720704, 0.104215, 0.164917, 0.213285, 0.254797, 0.277456, 0.948497, 1, 

------------d=1, t=2, lambda=3, filename=./evaluation/Flex/Flex_2_3.csv------------
Computing partitioned counts of d-sets...
Ready to look at pairs based on partitioned counts...
First Stage N=75, Time=6
There are 10 remaining non-locating pairs
--- Running GA Algorithm (phase2) ---
Running GA with std::execution::par
Generation #0
12,0,0.001, 0.175507, 0.305956, 0.404495, 0.480669, 0.50039, 0.733221, 0.830465, 0.916751, 0.916823, 0.961434, 1, 

Generation #1
12,0,0.001, 0.175507, 0.305956, 0.404495, 0.480669, 0.50039, 0.733221, 0.830465, 0.916751, 0.916823, 0.961434, 1, 

Generation #2
11,0,0.001, 0.0954901, 0.107623, 0.230282, 0.29259, 0.312177, 0.447649, 0.720172, 0.746601, 0.76643, 1, 

Generation #3
11,0,0.001, 0.0954901, 0.107623, 0.230282, 0.29259, 0.312177, 0.447649, 0.720172, 0.746601, 0.76643, 1, 

Generation #4
11,0,0.001, 0.0954901, 0.107623, 0.230282, 0.29259, 0.312177, 0.447649, 0.720172, 0.746601, 0.76643, 1, 

Generation #5
10,0,0.001, 0.267181, 0.254598, 0.26016, 0.475437, 0.529787, 0.578311, 0.746601, 1, 

Generation #6
10,0,0.001, 0.267181, 0.254598, 0.26016, 0.475437, 0.529787, 0.578311, 0.746601, 1, 

Generation #7
8,0,0.001, 0.113663, 0.179967, 0.207533, 0.475437, 0.578311, 0.746601, 1, 

Generation #8
8,0,0.001, 0.113663, 0.179967, 0.207533, 0.475437, 0.578311, 0.746601, 1, 

Generation #9
8,0,0.001, 0.113663, 0.179967, 0.207533, 0.475437, 0.578311, 0.746601, 1, 

Generation #10
8,0,0.001, 0.113663, 0.179967, 0.207533, 0.475437, 0.578311, 0.746601, 1, 

Generation #11
8,0,0.001, 0.113663, 0.179967, 0.207533, 0.475437, 0.578311, 0.746601, 1, 

7,1,0.001, 0.0817319, 0.116172, 0.182561, 0.283429, 0.288556, 1, 

Generation #12
8,0,0.001, 0.113663, 0.179967, 0.207533, 0.475437, 0.578311, 0.746601, 1, 

7,1,0.001, 0.0817319, 0.116172, 0.182561, 0.283429, 0.288556, 1, 

Generation #13
8,0,0.001, 0.113663, 0.179967, 0.207533, 0.475437, 0.578311, 0.746601, 1, 

7,1,0.001, 0.0817319, 0.116172, 0.182561, 0.283429, 0.288556, 1, 

Generation #14
7,0,0.001, 0.111967, 0.179967, 0.207533, 0.21527, 0.50039, 1, 

Generation #15
7,0,0.001, 0.111967, 0.179967, 0.207533, 0.21527, 0.50039, 1, 

Generation #16
7,0,0.001, 0.111967, 0.179967, 0.207533, 0.21527, 0.50039, 1, 

Generation #17
6,0,0.001, 0.0871691, 0.116172, 0.283429, 0.288556, 1, 

Generation #18
6,0,0.001, 0.0871691, 0.116172, 0.283429, 0.288556, 1, 

Generation #19
6,0,0.001, 0.0871691, 0.116172, 0.283429, 0.288556, 1, 

Generation #20
6,0,0.001, 0.0871691, 0.116172, 0.283429, 0.288556, 1, 

Generation #21
6,0,0.001, 0.0871691, 0.116172, 0.283429, 0.288556, 1, 

Generation #22
5,0,0.113663, 0.179967, 0.182561, 0.283429, 1, 

Generation #23
5,0,0.113663, 0.179967, 0.182561, 0.283429, 1, 

Generation #24
5,0,0.113663, 0.179967, 0.182561, 0.283429, 1, 

Generation #25
5,0,0.113663, 0.179967, 0.182561, 0.283429, 1, 

Generation #26
5,0,0.113663, 0.179967, 0.182561, 0.283429, 1, 

Generation #27
5,0,0.113663, 0.179967, 0.182561, 0.283429, 1, 

Generation #28
5,0,0.113663, 0.179967, 0.182561, 0.283429, 1, 

Generation #29
5,0,0.113663, 0.179967, 0.182561, 0.283429, 1, 

Generation #30
5,0,0.113663, 0.179967, 0.182561, 0.283429, 1, 

Generation #31
4,0,0.113663, 0.358242, 0.26016, 1, 

Generation #32
4,0,0.113663, 0.358242, 0.26016, 1, 

Generation #33
4,0,0.113663, 0.358242, 0.26016, 1, 

Generation #34
4,0,0.113663, 0.358242, 0.26016, 1, 

Generation #35
4,0,0.113663, 0.358242, 0.26016, 1, 

Generation #36
4,0,0.113663, 0.358242, 0.26016, 1, 

Generation #37
4,0,0.113663, 0.358242, 0.26016, 1, 

Generation #38
4,0,0.113663, 0.358242, 0.26016, 1, 

Generation #39
4,0,0.113663, 0.358242, 0.26016, 1, 

Generation #40
4,0,0.113663, 0.358242, 0.26016, 1, 

Generation #41
4,0,0.113663, 0.358242, 0.26016, 1, 

Generation #42
4,0,0.113663, 0.358242, 0.26016, 1, 

Generation #43
4,0,0.113663, 0.358242, 0.26016, 1, 

Generation #44
4,0,0.113663, 0.358242, 0.26016, 1, 

Generation #45
4,0,0.113663, 0.358242, 0.26016, 1, 

Generation #46
4,0,0.113663, 0.358242, 0.26016, 1, 

Generation #47
4,0,0.113663, 0.358242, 0.26016, 1, 

Generation #48
4,0,0.113663, 0.358242, 0.26016, 1, 

Generation #49
4,0,0.113663, 0.358242, 0.26016, 1, 

--- Pareto Front Solutions ---
Solution 0: N total=79 (N_initial=75, N_added=4), Time total=6 ms, Saved to: ./results/Flex_t2_l3_pareto_0.csv, percents=0.113663, 0.358242, 0.26016, 1, 

------------d=1, t=2, lambda=4, filename=./evaluation/Flex/Flex_2_4.csv------------
Computing partitioned counts of d-sets...
Ready to look at pairs based on partitioned counts...
First Stage N=100, Time=5
There are 2 remaining non-locating pairs
--- Running GA Algorithm (phase2) ---
Running GA with std::execution::par
Generation #0
11,0,0.001, 0.0919969, 0.214229, 0.302446, 0.347646, 0.526514, 0.554951, 0.689915, 0.784404, 0.869135, 1, 

Generation #1
11,0,0.001, 0.0919969, 0.214229, 0.302446, 0.347646, 0.526514, 0.554951, 0.689915, 0.784404, 0.869135, 1, 

Generation #2
11,0,0.001, 0.0919969, 0.214229, 0.302446, 0.347646, 0.526514, 0.554951, 0.689915, 0.784404, 0.869135, 1, 

Generation #3
11,0,0.001, 0.0919969, 0.214229, 0.302446, 0.347646, 0.526514, 0.554951, 0.689915, 0.784404, 0.869135, 1, 

Generation #4
10,0,0.001, 0.290005, 0.361778, 0.373724, 0.392441, 0.408818, 0.457747, 0.57644, 0.652102, 1, 

Generation #5
9,0,0.0534197, 0.0950184, 0.252369, 0.409185, 0.459264, 0.623557, 0.676099, 0.768613, 1, 

Generation #6
9,0,0.0534197, 0.0950184, 0.252369, 0.409185, 0.459264, 0.623557, 0.676099, 0.768613, 1, 

Generation #7
9,0,0.0534197, 0.0950184, 0.252369, 0.409185, 0.459264, 0.623557, 0.676099, 0.768613, 1, 

Generation #8
9,0,0.0534197, 0.0950184, 0.252369, 0.409185, 0.459264, 0.623557, 0.676099, 0.768613, 1, 

Generation #9
8,0,0.0919969, 0.214229, 0.347646, 0.392441, 0.665437, 0.678983, 0.982383, 1, 

Generation #10
7,0,0.452568, 0.113439, 0.342641, 0.347646, 0.526514, 0.936917, 1, 

Generation #11
7,0,0.452568, 0.113439, 0.342641, 0.347646, 0.526514, 0.936917, 1, 

Generation #12
7,0,0.452568, 0.113439, 0.342641, 0.347646, 0.526514, 0.936917, 1, 

Generation #13
7,0,0.452568, 0.113439, 0.342641, 0.347646, 0.526514, 0.936917, 1, 

Generation #14
7,0,0.452568, 0.113439, 0.342641, 0.347646, 0.526514, 0.936917, 1, 

Generation #15
6,0,0.137313, 0.164764, 0.392441, 0.772261, 0.652102, 1, 

Generation #16
6,0,0.137313, 0.164764, 0.392441, 0.772261, 0.652102, 1, 

Generation #17
6,0,0.137313, 0.164764, 0.392441, 0.772261, 0.652102, 1, 

Generation #18
5,0,0.0782618, 0.392441, 0.772261, 0.652102, 1, 

Generation #19
5,0,0.0782618, 0.392441, 0.772261, 0.652102, 1, 

Generation #20
4,0,0.0919969, 0.392441, 0.665437, 1, 

Generation #21
4,0,0.0919969, 0.392441, 0.665437, 1, 

Generation #22
4,0,0.0919969, 0.392441, 0.665437, 1, 

Generation #23
3,0,0.001, 0.18927, 1, 

Generation #24
3,0,0.001, 0.18927, 1, 

Generation #25
3,0,0.001, 0.18927, 1, 

Generation #26
3,0,0.001, 0.18927, 1, 

Generation #27
3,0,0.001, 0.18927, 1, 

Generation #28
2,0,0.239189, 1, 
