------------d=1, t=2, lambda=1, filename=./evaluation/Flex/Flex_2_1.csv------------
Computing partitioned counts of d-sets...
Ready to look at pairs based on partitioned counts...
First Stage N=26, Time=6
There are 1278 remaining non-locating pairs
--- Running GA Algorithm (phase2) ---
Running GA with std::execution::par
Generation #0
32,424,0.001, 0.142675, 0.144645, 0.243401, 0.419488, 0.422539, 0.551303, 0.673079, 0.81168, 0.95616, 0.981794, 1, 

34,275,0.001, 0.0947605, 0.142012, 0.179778, 0.189462, 0.191137, 0.191838, 0.388656, 0.457753, 0.581852, 0.66415, 0.680059, 0.821016, 0.853868, 0.979439, 1, 

33,370,0.001, 0.0970704, 0.133815, 0.193307, 0.314824, 0.330009, 0.392028, 0.397921, 0.422169, 0.783244, 0.803073, 0.930679, 1, 

39,127,0.001, 0.017851, 0.0501659, 0.0513067, 0.110065, 0.137015, 0.159559, 0.187127, 0.248876, 0.279032, 0.421249, 0.482314, 0.608711, 0.629831, 0.648283, 0.693314, 0.753794, 0.76718, 0.888482, 0.910419, 0.911522, 1, 

35,185,0.001, 0.0485364, 0.0638381, 0.103473, 0.112512, 0.157387, 0.207509, 0.233497, 0.34024, 0.425078, 0.623749, 0.642961, 0.77327, 0.821051, 0.86027, 0.97724, 1, 

Generation #1
31,977,0.001, 0.358419, 0.376703, 0.488192, 0.608378, 0.656133, 0.80047, 0.927298, 0.950905, 0.999048, 1, 

33,113,0.001, 0.0219461, 0.0261442, 0.0262016, 0.0663368, 0.100799, 0.164494, 0.217953, 0.230267, 0.239707, 0.792408, 0.827195, 1, 

32,263,0.001, 0.107226, 0.125553, 0.184198, 0.198101, 0.254979, 0.328984, 0.331041, 0.331121, 0.452495, 0.705202, 0.789084, 1, 

Generation #2
31,183,0.001, 0.0219461, 0.0261442, 0.0262016, 0.0663368, 0.100799, 0.164494, 0.217953, 0.230267, 0.239707, 1, 

35,101,0.001, 0.017851, 0.0501659, 0.0513067, 0.110065, 0.137015, 0.159559, 0.187127, 0.301448, 0.330416, 0.408317, 0.413537, 0.600954, 0.797852, 0.857405, 1, 

32,123,0.001, 0.00563984, 0.0472926, 0.0698625, 0.0751163, 0.198198, 0.226628, 0.274555, 0.147769, 0.164878, 0.182603, 0.226503, 0.233886, 1, 

28,219,0.001, 0.0735423, 0.205442, 0.220777, 0.22262, 0.474762, 0.492357, 0.499475, 0.578835, 1, 

41,88,0.001, 0.017851, 0.0501659, 0.0513067, 0.110065, 0.137015, 0.159559, 0.187127, 0.248876, 0.279032, 0.421249, 0.482314, 0.608711, 0.629831, 0.648283, 0.693314, 0.753794, 0.744631, 0.82902, 0.829059, 0.891394, 0.946545, 0.95004, 1, 

33,110,0.001, 0.0254464, 0.0366954, 0.0698214, 0.10015, 0.173493, 0.0477724, 0.201765, 0.215415, 0.215567, 0.254165, 0.930431, 0.992145, 1, 

Generation #3
35,101,0.001, 0.017851, 0.0501659, 0.0513067, 0.110065, 0.137015, 0.159559, 0.187127, 0.301448, 0.330416, 0.408317, 0.413537, 0.600954, 0.797852, 0.857405, 1, 

28,219,0.001, 0.0735423, 0.205442, 0.220777, 0.22262, 0.474762, 0.492357, 0.499475, 0.578835, 1, 

41,88,0.001, 0.017851, 0.0501659, 0.0513067, 0.110065, 0.137015, 0.159559, 0.187127, 0.248876, 0.279032, 0.421249, 0.482314, 0.608711, 0.629831, 0.648283, 0.693314, 0.753794, 0.744631, 0.82902, 0.829059, 0.891394, 0.946545, 0.95004, 1, 

33,110,0.001, 0.0254464, 0.0366954, 0.0698214, 0.10015, 0.173493, 0.0477724, 0.201765, 0.215415, 0.215567, 0.254165, 0.930431, 0.992145, 1, 

29,175,0.001, 0.0752839, 0.0777061, 0.0863873, 0.182181, 0.199982, 0.212079, 0.243302, 0.452495, 0.705202, 1, 

30,121,0.001, 0.00563984, 0.0472926, 0.0698625, 0.0751163, 0.198198, 0.226628, 0.274555, 0.147769, 0.164878, 0.182603, 1, 

Generation #4
28,219,0.001, 0.0735423, 0.205442, 0.220777, 0.22262, 0.474762, 0.492357, 0.499475, 0.578835, 1, 

41,88,0.001, 0.017851, 0.0501659, 0.0513067, 0.110065, 0.137015, 0.159559, 0.187127, 0.248876, 0.279032, 0.421249, 0.482314, 0.608711, 0.629831, 0.648283, 0.693314, 0.753794, 0.744631, 0.82902, 0.829059, 0.891394, 0.946545, 0.95004, 1, 

29,114,0.001, 0.00563984, 0.0472926, 0.0698625, 0.0751163, 0.198198, 0.226628, 0.274555, 0.147769, 0.164878, 0.182603, 0.930679, 1, 

30,99,0.001, 0.0254464, 0.0366954, 0.0698214, 0.10015, 0.173493, 0.0477724, 0.233497, 0.34024, 0.288977, 0.290694, 0.361273, 0.361274, 1, 

Generation #5
41,88,0.001, 0.017851, 0.0501659, 0.0513067, 0.110065, 0.137015, 0.159559, 0.187127, 0.248876, 0.279032, 0.421249, 0.482314, 0.608711, 0.629831, 0.648283, 0.693314, 0.753794, 0.744631, 0.82902, 0.829059, 0.891394, 0.946545, 0.95004, 1, 

29,114,0.001, 0.00563984, 0.0472926, 0.0698625, 0.0751163, 0.198198, 0.226628, 0.274555, 0.147769, 0.164878, 0.182603, 0.930679, 1, 

30,99,0.001, 0.0254464, 0.0366954, 0.0698214, 0.10015, 0.173493, 0.0477724, 0.233497, 0.34024, 0.288977, 0.290694, 0.361273, 0.361274, 1, 

26,132,0.001, 0.0340047, 0.0472926, 0.0698625, 0.0751163, 0.198198, 0.274555, 0.147769, 1, 

32,97,0.001, 0.017851, 0.0472926, 0.0698625, 0.0751163, 0.198198, 0.226628, 0.274555, 0.147769, 0.164878, 0.182603, 0.226503, 0.233886, 1, 

Generation #6
30,99,0.001, 0.0254464, 0.0366954, 0.0698214, 0.10015, 0.173493, 0.0477724, 0.233497, 0.34024, 0.288977, 0.290694, 0.361273, 0.361274, 1, 

26,132,0.001, 0.0340047, 0.0472926, 0.0698625, 0.0751163, 0.198198, 0.274555, 0.147769, 1, 

31,95,0.001, 0.0219461, 0.0261442, 0.0262016, 0.0663368, 0.100799, 0.217953, 0.230267, 0.239707, 1, 

32,84,0.001, 0.0219461, 0.0261442, 0.0262016, 0.110065, 0.137015, 0.159559, 0.187127, 0.215415, 0.215567, 0.254165, 0.226503, 0.233886, 1, 

29,111,0.001, 0.017851, 0.0501659, 0.0513067, 0.110065, 0.198198, 0.226628, 0.274555, 0.330416, 0.508834, 1, 

28,117,0.001, 0.00563984, 0.0472926, 0.0698625, 0.0751163, 0.198198, 0.226628, 0.330416, 0.508834, 1, 

Generation #7
30,99,0.001, 0.0254464, 0.0366954, 0.0698214, 0.10015, 0.173493, 0.0477724, 0.233497, 0.34024, 0.288977, 0.290694, 0.361273, 0.361274, 1, 

26,132,0.001, 0.0340047, 0.0472926, 0.0698625, 0.0751163, 0.198198, 0.274555, 0.147769, 1, 

31,95,0.001, 0.0219461, 0.0261442, 0.0262016, 0.0663368, 0.100799, 0.217953, 0.230267, 0.239707, 1, 

32,84,0.001, 0.0219461, 0.0261442, 0.0262016, 0.110065, 0.137015, 0.159559, 0.187127, 0.215415, 0.215567, 0.254165, 0.226503, 0.233886, 1, 

29,111,0.001, 0.017851, 0.0501659, 0.0513067, 0.110065, 0.198198, 0.226628, 0.274555, 0.330416, 0.508834, 1, 

28,117,0.001, 0.00563984, 0.0472926, 0.0698625, 0.0751163, 0.198198, 0.226628, 0.330416, 0.508834, 1, 

Generation #8
30,99,0.001, 0.0254464, 0.0366954, 0.0698214, 0.10015, 0.173493, 0.0477724, 0.233497, 0.34024, 0.288977, 0.290694, 0.361273, 0.361274, 1, 

26,132,0.001, 0.0340047, 0.0472926, 0.0698625, 0.0751163, 0.198198, 0.274555, 0.147769, 1, 

31,95,0.001, 0.0219461, 0.0261442, 0.0262016, 0.0663368, 0.100799, 0.217953, 0.230267, 0.239707, 1, 

32,84,0.001, 0.0219461, 0.0261442, 0.0262016, 0.110065, 0.137015, 0.159559, 0.187127, 0.215415, 0.215567, 0.254165, 0.226503, 0.233886, 1, 

29,111,0.001, 0.017851, 0.0501659, 0.0513067, 0.110065, 0.198198, 0.226628, 0.274555, 0.330416, 0.508834, 1, 

28,117,0.001, 0.00563984, 0.0472926, 0.0698625, 0.0751163, 0.198198, 0.226628, 0.330416, 0.508834, 1, 

41,79,0.001, 0.0219461, 0.0261442, 0.0262016, 0.0663368, 0.100799, 0.164494, 0.217953, 0.230267, 0.239707, 0.475426, 0.477239, 0.511489, 0.387741, 0.387959, 0.439057, 0.598829, 0.649432, 0.741345, 0.820452, 0.829236, 0.846398, 0.914191, 0.918131, 1, 

Generation #9
26,132,0.001, 0.0340047, 0.0472926, 0.0698625, 0.0751163, 0.198198, 0.274555, 0.147769, 1, 

28,117,0.001, 0.00563984, 0.0472926, 0.0698625, 0.0751163, 0.198198, 0.226628, 0.330416, 0.508834, 1, 

27,119,0.001, 0.017851, 0.0501659, 0.0513067, 0.110065, 0.137015, 0.274555, 0.147769, 1, 

29,60,0.001, 0.0219461, 0.0261442, 0.0262016, 0.0663368, 0.100799, 0.164494, 0.217953, 0.230267, 0.239707, 0.475426, 0.361273, 0.361274, 1, 

Generation #10
26,132,0.001, 0.0340047, 0.0472926, 0.0698625, 0.0751163, 0.198198, 0.274555, 0.147769, 1, 

28,117,0.001, 0.00563984, 0.0472926, 0.0698625, 0.0751163, 0.198198, 0.226628, 0.330416, 0.508834, 1, 

27,119,0.001, 0.017851, 0.0501659, 0.0513067, 0.110065, 0.137015, 0.274555, 0.147769, 1, 

29,60,0.001, 0.0219461, 0.0261442, 0.0262016, 0.0663368, 0.100799, 0.164494, 0.217953, 0.230267, 0.239707, 0.475426, 0.361273, 0.361274, 1, 

Generation #11
26,132,0.001, 0.0340047, 0.0472926, 0.0698625, 0.0751163, 0.198198, 0.274555, 0.147769, 1, 

28,117,0.001, 0.00563984, 0.0472926, 0.0698625, 0.0751163, 0.198198, 0.226628, 0.330416, 0.508834, 1, 

27,119,0.001, 0.017851, 0.0501659, 0.0513067, 0.110065, 0.137015, 0.274555, 0.147769, 1, 

29,60,0.001, 0.0219461, 0.0261442, 0.0262016, 0.0663368, 0.100799, 0.164494, 0.217953, 0.230267, 0.239707, 0.475426, 0.361273, 0.361274, 1, 

25,156,0.001, 0.0340047, 0.0472926, 0.0698625, 0.10015, 0.173493, 0.0477724, 0.147769, 1, 

Generation #12
27,119,0.001, 0.017851, 0.0501659, 0.0513067, 0.110065, 0.137015, 0.274555, 0.147769, 1, 

29,60,0.001, 0.0219461, 0.0261442, 0.0262016, 0.0663368, 0.100799, 0.164494, 0.217953, 0.230267, 0.239707, 0.475426, 0.361273, 0.361274, 1, 

25,156,0.001, 0.0340047, 0.0472926, 0.0698625, 0.10015, 0.173493, 0.0477724, 0.147769, 1, 

28,114,0.001, 0.0219461, 0.0261442, 0.0262016, 0.0663368, 0.100799, 0.164494, 0.508834, 0.239707, 1, 

26,130,0.001, 0.017851, 0.0501659, 0.0262016, 0.0663368, 0.100799, 0.546208, 0.164494, 0.147769, 1, 

Generation #13
29,60,0.001, 0.0219461, 0.0261442, 0.0262016, 0.0663368, 0.100799, 0.164494, 0.217953, 0.230267, 0.239707, 0.475426, 0.361273, 0.361274, 1, 

25,156,0.001, 0.0340047, 0.0472926, 0.0698625, 0.10015, 0.173493, 0.0477724, 0.147769, 1, 

26,130,0.001, 0.017851, 0.0501659, 0.0262016, 0.0663368, 0.100799, 0.546208, 0.164494, 0.147769, 1, 

27,100,0.001, 0.017851, 0.0472926, 0.0698625, 0.0751163, 0.137015, 0.330416, 0.508834, 0.239707, 1, 

Generation #14
29,60,0.001, 0.0219461, 0.0261442, 0.0262016, 0.0663368, 0.100799, 0.164494, 0.217953, 0.230267, 0.239707, 0.475426, 0.361273, 0.361274, 1, 

25,156,0.001, 0.0340047, 0.0472926, 0.0698625, 0.10015, 0.173493, 0.0477724, 0.147769, 1, 

26,130,0.001, 0.017851, 0.0501659, 0.0262016, 0.0663368, 0.100799, 0.546208, 0.164494, 0.147769, 1, 

27,100,0.001, 0.017851, 0.0472926, 0.0698625, 0.0751163, 0.137015, 0.330416, 0.508834, 0.239707, 1, 

Generation #15
29,60,0.001, 0.0219461, 0.0261442, 0.0262016, 0.0663368, 0.100799, 0.164494, 0.217953, 0.230267, 0.239707, 0.475426, 0.361273, 0.361274, 1, 

25,156,0.001, 0.0340047, 0.0472926, 0.0698625, 0.10015, 0.173493, 0.0477724, 0.147769, 1, 

26,130,0.001, 0.017851, 0.0501659, 0.0262016, 0.0663368, 0.100799, 0.546208, 0.164494, 0.147769, 1, 

27,100,0.001, 0.017851, 0.0472926, 0.0698625, 0.0751163, 0.137015, 0.330416, 0.508834, 0.239707, 1, 

28,93,0.001, 0.0219461, 0.0261442, 0.0698625, 0.0751163, 0.198198, 0.226628, 0.330416, 0.508834, 0.508834, 1, 

Generation #16
29,60,0.001, 0.0219461, 0.0261442, 0.0262016, 0.0663368, 0.100799, 0.164494, 0.217953, 0.230267, 0.239707, 0.475426, 0.361273, 0.361274, 1, 

25,156,0.001, 0.0340047, 0.0472926, 0.0698625, 0.10015, 0.173493, 0.0477724, 0.147769, 1, 

26,130,0.001, 0.017851, 0.0501659, 0.0262016, 0.0663368, 0.100799, 0.546208, 0.164494, 0.147769, 1, 

27,100,0.001, 0.017851, 0.0472926, 0.0698625, 0.0751163, 0.137015, 0.330416, 0.508834, 0.239707, 1, 

28,93,0.001, 0.0219461, 0.0261442, 0.0698625, 0.0751163, 0.198198, 0.226628, 0.330416, 0.508834, 0.508834, 1, 

Generation #17
29,60,0.001, 0.0219461, 0.0261442, 0.0262016, 0.0663368, 0.100799, 0.164494, 0.217953, 0.230267, 0.239707, 0.475426, 0.361273, 0.361274, 1, 

25,156,0.001, 0.0340047, 0.0472926, 0.0698625, 0.10015, 0.173493, 0.0477724, 0.147769, 1, 

26,130,0.001, 0.017851, 0.0501659, 0.0262016, 0.0663368, 0.100799, 0.546208, 0.164494, 0.147769, 1, 

27,100,0.001, 0.017851, 0.0472926, 0.0698625, 0.0751163, 0.137015, 0.330416, 0.508834, 0.239707, 1, 

28,93,0.001, 0.0219461, 0.0261442, 0.0698625, 0.0751163, 0.198198, 0.226628, 0.330416, 0.508834, 0.508834, 1, 

Generation #18
29,60,0.001, 0.0219461, 0.0261442, 0.0262016, 0.0663368, 0.100799, 0.164494, 0.217953, 0.230267, 0.239707, 0.475426, 0.361273, 0.361274, 1, 

25,156,0.001, 0.0340047, 0.0472926, 0.0698625, 0.10015, 0.173493, 0.0477724, 0.147769, 1, 

26,130,0.001, 0.017851, 0.0501659, 0.0262016, 0.0663368, 0.100799, 0.546208, 0.164494, 0.147769, 1, 

27,100,0.001, 0.017851, 0.0472926, 0.0698625, 0.0751163, 0.137015, 0.330416, 0.508834, 0.239707, 1, 

28,93,0.001, 0.0219461, 0.0261442, 0.0698625, 0.0751163, 0.198198, 0.226628, 0.330416, 0.508834, 0.508834, 1, 

Generation #19
29,60,0.001, 0.0219461, 0.0261442, 0.0262016, 0.0663368, 0.100799, 0.164494, 0.217953, 0.230267, 0.239707, 0.475426, 0.361273, 0.361274, 1, 

25,156,0.001, 0.0340047, 0.0472926, 0.0698625, 0.10015, 0.173493, 0.0477724, 0.147769, 1, 

27,100,0.001, 0.017851, 0.0472926, 0.0698625, 0.0751163, 0.137015, 0.330416, 0.508834, 0.239707, 1, 

28,93,0.001, 0.0219461, 0.0261442, 0.0698625, 0.0751163, 0.198198, 0.226628, 0.330416, 0.508834, 0.508834, 1, 

26,109,0.001, 0.0219461, 0.0261442, 0.0262016, 0.0663368, 0.100799, 0.226628, 0.147769, 1, 

Generation #20
29,60,0.001, 0.0219461, 0.0261442, 0.0262016, 0.0663368, 0.100799, 0.164494, 0.217953, 0.230267, 0.239707, 0.475426, 0.361273, 0.361274, 1, 

25,156,0.001, 0.0340047, 0.0472926, 0.0698625, 0.10015, 0.173493, 0.0477724, 0.147769, 1, 

27,100,0.001, 0.017851, 0.0472926, 0.0698625, 0.0751163, 0.137015, 0.330416, 0.508834, 0.239707, 1, 

28,93,0.001, 0.0219461, 0.0261442, 0.0698625, 0.0751163, 0.198198, 0.226628, 0.330416, 0.508834, 0.508834, 1, 

26,109,0.001, 0.0219461, 0.0261442, 0.0262016, 0.0663368, 0.100799, 0.226628, 0.147769, 1, 

Generation #21
29,60,0.001, 0.0219461, 0.0261442, 0.0262016, 0.0663368, 0.100799, 0.164494, 0.217953, 0.230267, 0.239707, 0.475426, 0.361273, 0.361274, 1, 

27,100,0.001, 0.017851, 0.0472926, 0.0698625, 0.0751163, 0.137015, 0.330416, 0.508834, 0.239707, 1, 

28,93,0.001, 0.0219461, 0.0261442, 0.0698625, 0.0751163, 0.198198, 0.226628, 0.330416, 0.508834, 0.508834, 1, 

26,109,0.001, 0.0219461, 0.0261442, 0.0262016, 0.0663368, 0.100799, 0.226628, 0.147769, 1, 

25,148,0.001, 0.0219461, 0.0261442, 0.0262016, 0.0663368, 0.100799, 0.274555, 0.147769, 1, 

Generation #22
29,60,0.001, 0.0219461, 0.0261442, 0.0262016, 0.0663368, 0.100799, 0.164494, 0.217953, 0.230267, 0.239707, 0.475426, 0.361273, 0.361274, 1, 

27,100,0.001, 0.017851, 0.0472926, 0.0698625, 0.0751163, 0.137015, 0.330416, 0.508834, 0.239707, 1, 

28,93,0.001, 0.0219461, 0.0261442, 0.0698625, 0.0751163, 0.198198, 0.226628, 0.330416, 0.508834, 0.508834, 1, 

26,109,0.001, 0.0219461, 0.0261442, 0.0262016, 0.0663368, 0.100799, 0.226628, 0.147769, 1, 

25,148,0.001, 0.0219461, 0.0261442, 0.0262016, 0.0663368, 0.100799, 0.274555, 0.147769, 1, 

Generation #23
29,60,0.001, 0.0219461, 0.0261442, 0.0262016, 0.0663368, 0.100799, 0.164494, 0.217953, 0.230267, 0.239707, 0.475426, 0.361273, 0.361274, 1, 

27,100,0.001, 0.017851, 0.0472926, 0.0698625, 0.0751163, 0.137015, 0.330416, 0.508834, 0.239707, 1, 

28,93,0.001, 0.0219461, 0.0261442, 0.0698625, 0.0751163, 0.198198, 0.226628, 0.330416, 0.508834, 0.508834, 1, 

26,109,0.001, 0.0219461, 0.0261442, 0.0262016, 0.0663368, 0.100799, 0.226628, 0.147769, 1, 

25,148,0.001, 0.0219461, 0.0261442, 0.0262016, 0.0663368, 0.100799, 0.274555, 0.147769, 1, 

Generation #24
29,60,0.001, 0.0219461, 0.0261442, 0.0262016, 0.0663368, 0.100799, 0.164494, 0.217953, 0.230267, 0.239707, 0.475426, 0.361273, 0.361274, 1, 

27,100,0.001, 0.017851, 0.0472926, 0.0698625, 0.0751163, 0.137015, 0.330416, 0.508834, 0.239707, 1, 

28,93,0.001, 0.0219461, 0.0261442, 0.0698625, 0.0751163, 0.198198, 0.226628, 0.330416, 0.508834, 0.508834, 1, 

26,109,0.001, 0.0219461, 0.0261442, 0.0262016, 0.0663368, 0.100799, 0.226628, 0.147769, 1, 

25,148,0.001, 0.0219461, 0.0261442, 0.0262016, 0.0663368, 0.100799, 0.274555, 0.147769, 1, 

Generation #25
29,60,0.001, 0.0219461, 0.0261442, 0.0262016, 0.0663368, 0.100799, 0.164494, 0.217953, 0.230267, 0.239707, 0.475426, 0.361273, 0.361274, 1, 

27,100,0.001, 0.017851, 0.0472926, 0.0698625, 0.0751163, 0.137015, 0.330416, 0.508834, 0.239707, 1, 

28,93,0.001, 0.0219461, 0.0261442, 0.0698625, 0.0751163, 0.198198, 0.226628, 0.330416, 0.508834, 0.508834, 1, 

26,109,0.001, 0.0219461, 0.0261442, 0.0262016, 0.0663368, 0.100799, 0.226628, 0.147769, 1, 

25,148,0.001, 0.0219461, 0.0261442, 0.0262016, 0.0663368, 0.100799, 0.274555, 0.147769, 1, 

Generation #26
29,60,0.001, 0.0219461, 0.0261442, 0.0262016, 0.0663368, 0.100799, 0.164494, 0.217953, 0.230267, 0.239707, 0.475426, 0.361273, 0.361274, 1, 

27,100,0.001, 0.017851, 0.0472926, 0.0698625, 0.0751163, 0.137015, 0.330416, 0.508834, 0.239707, 1, 

28,93,0.001, 0.0219461, 0.0261442, 0.0698625, 0.0751163, 0.198198, 0.226628, 0.330416, 0.508834, 0.508834, 1, 

26,109,0.001, 0.0219461, 0.0261442, 0.0262016, 0.0663368, 0.100799, 0.226628, 0.147769, 1, 

25,148,0.001, 0.0219461, 0.0261442, 0.0262016, 0.0663368, 0.100799, 0.274555, 0.147769, 1, 

Generation #27
29,60,0.001, 0.0219461, 0.0261442, 0.0262016, 0.0663368, 0.100799, 0.164494, 0.217953, 0.230267, 0.239707, 0.475426, 0.361273, 0.361274, 1, 

27,100,0.001, 0.017851, 0.0472926, 0.0698625, 0.0751163, 0.137015, 0.330416, 0.508834, 0.239707, 1, 

28,93,0.001, 0.0219461, 0.0261442, 0.0698625, 0.0751163, 0.198198, 0.226628, 0.330416, 0.508834, 0.508834, 1, 

26,109,0.001, 0.0219461, 0.0261442, 0.0262016, 0.0663368, 0.100799, 0.226628, 0.147769, 1, 

25,148,0.001, 0.0219461, 0.0261442, 0.0262016, 0.0663368, 0.100799, 0.274555, 0.147769, 1, 

Generation #28
29,60,0.001, 0.0219461, 0.0261442, 0.0262016, 0.0663368, 0.100799, 0.164494, 0.217953, 0.230267, 0.239707, 0.475426, 0.361273, 0.361274, 1, 

27,100,0.001, 0.017851, 0.0472926, 0.0698625, 0.0751163, 0.137015, 0.330416, 0.508834, 0.239707, 1, 

28,93,0.001, 0.0219461, 0.0261442, 0.0698625, 0.0751163, 0.198198, 0.226628, 0.330416, 0.508834, 0.508834, 1, 

26,109,0.001, 0.0219461, 0.0261442, 0.0262016, 0.0663368, 0.100799, 0.226628, 0.147769, 1, 

25,148,0.001, 0.0219461, 0.0261442, 0.0262016, 0.0663368, 0.100799, 0.274555, 0.147769, 1, 

Generation #29
29,60,0.001, 0.0219461, 0.0261442, 0.0262016, 0.0663368, 0.100799, 0.164494, 0.217953, 0.230267, 0.239707, 0.475426, 0.361273, 0.361274, 1, 

28,93,0.001, 0.0219461, 0.0261442, 0.0698625, 0.0751163, 0.198198, 0.226628, 0.330416, 0.508834, 0.508834, 1, 

25,148,0.001, 0.0219461, 0.0261442, 0.0262016, 0.0663368, 0.100799, 0.274555, 0.147769, 1, 

26,97,0.001, 0.0219461, 0.0261442, 0.0262016, 0.0663368, 0.100799, 0.164494, 0.274555, 0.330416, 0.508834, 1, 

Generation #30
29,60,0.001, 0.0219461, 0.0261442, 0.0262016, 0.0663368, 0.100799, 0.164494, 0.217953, 0.230267, 0.239707, 0.475426, 0.361273, 0.361274, 1, 

28,93,0.001, 0.0219461, 0.0261442, 0.0698625, 0.0751163, 0.198198, 0.226628, 0.330416, 0.508834, 0.508834, 1, 

25,148,0.001, 0.0219461, 0.0261442, 0.0262016, 0.0663368, 0.100799, 0.274555, 0.147769, 1, 

26,97,0.001, 0.0219461, 0.0261442, 0.0262016, 0.0663368, 0.100799, 0.164494, 0.274555, 0.330416, 0.508834, 1, 

Generation #31
29,60,0.001, 0.0219461, 0.0261442, 0.0262016, 0.0663368, 0.100799, 0.164494, 0.217953, 0.230267, 0.239707, 0.475426, 0.361273, 0.361274, 1, 

25,148,0.001, 0.0219461, 0.0261442, 0.0262016, 0.0663368, 0.100799, 0.274555, 0.147769, 1, 

28,80,0.001, 0.0219461, 0.0261442, 0.0262016, 0.0663368, 0.137015, 0.159559, 0.187127, 0.215415, 0.215567, 0.254165, 0.226503, 0.233886, 1, 

26,93,0.001, 0.0219461, 0.0261442, 0.0262016, 0.0663368, 0.182181, 0.199982, 0.212079, 1, 

Generation #32
29,60,0.001, 0.0219461, 0.0261442, 0.0262016, 0.0663368, 0.100799, 0.164494, 0.217953, 0.230267, 0.239707, 0.475426, 0.361273, 0.361274, 1, 

25,148,0.001, 0.0219461, 0.0261442, 0.0262016, 0.0663368, 0.100799, 0.274555, 0.147769, 1, 

28,80,0.001, 0.0219461, 0.0261442, 0.0262016, 0.0663368, 0.137015, 0.159559, 0.187127, 0.215415, 0.215567, 0.254165, 0.226503, 0.233886, 1, 

26,93,0.001, 0.0219461, 0.0261442, 0.0262016, 0.0663368, 0.182181, 0.199982, 0.212079, 1, 

Generation #33
29,60,0.001, 0.0219461, 0.0261442, 0.0262016, 0.0663368, 0.100799, 0.164494, 0.217953, 0.230267, 0.239707, 0.475426, 0.361273, 0.361274, 1, 

25,148,0.001, 0.0219461, 0.0261442, 0.0262016, 0.0663368, 0.100799, 0.274555, 0.147769, 1, 

28,80,0.001, 0.0219461, 0.0261442, 0.0262016, 0.0663368, 0.137015, 0.159559, 0.187127, 0.215415, 0.215567, 0.254165, 0.226503, 0.233886, 1, 

26,93,0.001, 0.0219461, 0.0261442, 0.0262016, 0.0663368, 0.182181, 0.199982, 0.212079, 1, 

Generation #34
29,60,0.001, 0.0219461, 0.0261442, 0.0262016, 0.0663368, 0.100799, 0.164494, 0.217953, 0.230267, 0.239707, 0.475426, 0.361273, 0.361274, 1, 

25,148,0.001, 0.0219461, 0.0261442, 0.0262016, 0.0663368, 0.100799, 0.274555, 0.147769, 1, 

28,80,0.001, 0.0219461, 0.0261442, 0.0262016, 0.0663368, 0.137015, 0.159559, 0.187127, 0.215415, 0.215567, 0.254165, 0.226503, 0.233886, 1, 

26,93,0.001, 0.0219461, 0.0261442, 0.0262016, 0.0663368, 0.182181, 0.199982, 0.212079, 1, 

Generation #35
29,60,0.001, 0.0219461, 0.0261442, 0.0262016, 0.0663368, 0.100799, 0.164494, 0.217953, 0.230267, 0.239707, 0.475426, 0.361273, 0.361274, 1, 

25,148,0.001, 0.0219461, 0.0261442, 0.0262016, 0.0663368, 0.100799, 0.274555, 0.147769, 1, 

28,80,0.001, 0.0219461, 0.0261442, 0.0262016, 0.0663368, 0.137015, 0.159559, 0.187127, 0.215415, 0.215567, 0.254165, 0.226503, 0.233886, 1, 

26,93,0.001, 0.0219461, 0.0261442, 0.0262016, 0.0663368, 0.182181, 0.199982, 0.212079, 1, 

Generation #36
29,60,0.001, 0.0219461, 0.0261442, 0.0262016, 0.0663368, 0.100799, 0.164494, 0.217953, 0.230267, 0.239707, 0.475426, 0.361273, 0.361274, 1, 

25,148,0.001, 0.0219461, 0.0261442, 0.0262016, 0.0663368, 0.100799, 0.274555, 0.147769, 1, 

28,80,0.001, 0.0219461, 0.0261442, 0.0262016, 0.0663368, 0.137015, 0.159559, 0.187127, 0.215415, 0.215567, 0.254165, 0.226503, 0.233886, 1, 

26,93,0.001, 0.0219461, 0.0261442, 0.0262016, 0.0663368, 0.182181, 0.199982, 0.212079, 1, 

27,87,0.001, 0.0219461, 0.0261442, 0.0262016, 0.0663368, 0.100799, 0.217953, 0.230267, 0.239707, 1, 

Generation #37
29,60,0.001, 0.0219461, 0.0261442, 0.0262016, 0.0663368, 0.100799, 0.164494, 0.217953, 0.230267, 0.239707, 0.475426, 0.361273, 0.361274, 1, 

25,148,0.001, 0.0219461, 0.0261442, 0.0262016, 0.0663368, 0.100799, 0.274555, 0.147769, 1, 

28,80,0.001, 0.0219461, 0.0261442, 0.0262016, 0.0663368, 0.137015, 0.159559, 0.187127, 0.215415, 0.215567, 0.254165, 0.226503, 0.233886, 1, 

26,93,0.001, 0.0219461, 0.0261442, 0.0262016, 0.0663368, 0.182181, 0.199982, 0.212079, 1, 

27,87,0.001, 0.0219461, 0.0261442, 0.0262016, 0.0663368, 0.100799, 0.217953, 0.230267, 0.239707, 1, 

Generation #38
29,60,0.001, 0.0219461, 0.0261442, 0.0262016, 0.0663368, 0.100799, 0.164494, 0.217953, 0.230267, 0.239707, 0.475426, 0.361273, 0.361274, 1, 

25,148,0.001, 0.0219461, 0.0261442, 0.0262016, 0.0663368, 0.100799, 0.274555, 0.147769, 1, 

28,80,0.001, 0.0219461, 0.0261442, 0.0262016, 0.0663368, 0.137015, 0.159559, 0.187127, 0.215415, 0.215567, 0.254165, 0.226503, 0.233886, 1, 

26,93,0.001, 0.0219461, 0.0261442, 0.0262016, 0.0663368, 0.182181, 0.199982, 0.212079, 1, 

27,87,0.001, 0.0219461, 0.0261442, 0.0262016, 0.0663368, 0.100799, 0.217953, 0.230267, 0.239707, 1, 

Generation #39
29,60,0.001, 0.0219461, 0.0261442, 0.0262016, 0.0663368, 0.100799, 0.164494, 0.217953, 0.230267, 0.239707, 0.475426, 0.361273, 0.361274, 1, 

25,148,0.001, 0.0219461, 0.0261442, 0.0262016, 0.0663368, 0.100799, 0.274555, 0.147769, 1, 

28,80,0.001, 0.0219461, 0.0261442, 0.0262016, 0.0663368, 0.137015, 0.159559, 0.187127, 0.215415, 0.215567, 0.254165, 0.226503, 0.233886, 1, 

26,93,0.001, 0.0219461, 0.0261442, 0.0262016, 0.0663368, 0.182181, 0.199982, 0.212079, 1, 

27,87,0.001, 0.0219461, 0.0261442, 0.0262016, 0.0663368, 0.100799, 0.217953, 0.230267, 0.239707, 1, 

Generation #40
29,60,0.001, 0.0219461, 0.0261442, 0.0262016, 0.0663368, 0.100799, 0.164494, 0.217953, 0.230267, 0.239707, 0.475426, 0.361273, 0.361274, 1, 

25,148,0.001, 0.0219461, 0.0261442, 0.0262016, 0.0663368, 0.100799, 0.274555, 0.147769, 1, 

28,80,0.001, 0.0219461, 0.0261442, 0.0262016, 0.0663368, 0.137015, 0.159559, 0.187127, 0.215415, 0.215567, 0.254165, 0.226503, 0.233886, 1, 

26,93,0.001, 0.0219461, 0.0261442, 0.0262016, 0.0663368, 0.182181, 0.199982, 0.212079, 1, 

27,87,0.001, 0.0219461, 0.0261442, 0.0262016, 0.0663368, 0.100799, 0.217953, 0.230267, 0.239707, 1, 

Generation #41
29,60,0.001, 0.0219461, 0.0261442, 0.0262016, 0.0663368, 0.100799, 0.164494, 0.217953, 0.230267, 0.239707, 0.475426, 0.361273, 0.361274, 1, 

25,148,0.001, 0.0219461, 0.0261442, 0.0262016, 0.0663368, 0.100799, 0.274555, 0.147769, 1, 

28,80,0.001, 0.0219461, 0.0261442, 0.0262016, 0.0663368, 0.137015, 0.159559, 0.187127, 0.215415, 0.215567, 0.254165, 0.226503, 0.233886, 1, 

26,93,0.001, 0.0219461, 0.0261442, 0.0262016, 0.0663368, 0.182181, 0.199982, 0.212079, 1, 

27,87,0.001, 0.0219461, 0.0261442, 0.0262016, 0.0663368, 0.100799, 0.217953, 0.230267, 0.239707, 1, 

Generation #42
29,60,0.001, 0.0219461, 0.0261442, 0.0262016, 0.0663368, 0.100799, 0.164494, 0.217953, 0.230267, 0.239707, 0.475426, 0.361273, 0.361274, 1, 

25,148,0.001, 0.0219461, 0.0261442, 0.0262016, 0.0663368, 0.100799, 0.274555, 0.147769, 1, 

28,80,0.001, 0.0219461, 0.0261442, 0.0262016, 0.0663368, 0.137015, 0.159559, 0.187127, 0.215415, 0.215567, 0.254165, 0.226503, 0.233886, 1, 

26,93,0.001, 0.0219461, 0.0261442, 0.0262016, 0.0663368, 0.182181, 0.199982, 0.212079, 1, 

27,87,0.001, 0.0219461, 0.0261442, 0.0262016, 0.0663368, 0.100799, 0.217953, 0.230267, 0.239707, 1, 

Generation #43
29,60,0.001, 0.0219461, 0.0261442, 0.0262016, 0.0663368, 0.100799, 0.164494, 0.217953, 0.230267, 0.239707, 0.475426, 0.361273, 0.361274, 1, 

25,148,0.001, 0.0219461, 0.0261442, 0.0262016, 0.0663368, 0.100799, 0.274555, 0.147769, 1, 

28,80,0.001, 0.0219461, 0.0261442, 0.0262016, 0.0663368, 0.137015, 0.159559, 0.187127, 0.215415, 0.215567, 0.254165, 0.226503, 0.233886, 1, 

26,93,0.001, 0.0219461, 0.0261442, 0.0262016, 0.0663368, 0.182181, 0.199982, 0.212079, 1, 

27,87,0.001, 0.0219461, 0.0261442, 0.0262016, 0.0663368, 0.100799, 0.217953, 0.230267, 0.239707, 1, 

Generation #44
29,60,0.001, 0.0219461, 0.0261442, 0.0262016, 0.0663368, 0.100799, 0.164494, 0.217953, 0.230267, 0.239707, 0.475426, 0.361273, 0.361274, 1, 

25,148,0.001, 0.0219461, 0.0261442, 0.0262016, 0.0663368, 0.100799, 0.274555, 0.147769, 1, 

28,80,0.001, 0.0219461, 0.0261442, 0.0262016, 0.0663368, 0.137015, 0.159559, 0.187127, 0.215415, 0.215567, 0.254165, 0.226503, 0.233886, 1, 

26,93,0.001, 0.0219461, 0.0261442, 0.0262016, 0.0663368, 0.182181, 0.199982, 0.212079, 1, 

27,87,0.001, 0.0219461, 0.0261442, 0.0262016, 0.0663368, 0.100799, 0.217953, 0.230267, 0.239707, 1, 

Generation #45
29,60,0.001, 0.0219461, 0.0261442, 0.0262016, 0.0663368, 0.100799, 0.164494, 0.217953, 0.230267, 0.239707, 0.475426, 0.361273, 0.361274, 1, 

25,148,0.001, 0.0219461, 0.0261442, 0.0262016, 0.0663368, 0.100799, 0.274555, 0.147769, 1, 

28,80,0.001, 0.0219461, 0.0261442, 0.0262016, 0.0663368, 0.137015, 0.159559, 0.187127, 0.215415, 0.215567, 0.254165, 0.226503, 0.233886, 1, 

26,93,0.001, 0.0219461, 0.0261442, 0.0262016, 0.0663368, 0.182181, 0.199982, 0.212079, 1, 

27,87,0.001, 0.0219461, 0.0261442, 0.0262016, 0.0663368, 0.100799, 0.217953, 0.230267, 0.239707, 1, 

Generation #46
29,60,0.001, 0.0219461, 0.0261442, 0.0262016, 0.0663368, 0.100799, 0.164494, 0.217953, 0.230267, 0.239707, 0.475426, 0.361273, 0.361274, 1, 

25,148,0.001, 0.0219461, 0.0261442, 0.0262016, 0.0663368, 0.100799, 0.274555, 0.147769, 1, 

28,80,0.001, 0.0219461, 0.0261442, 0.0262016, 0.0663368, 0.137015, 0.159559, 0.187127, 0.215415, 0.215567, 0.254165, 0.226503, 0.233886, 1, 

26,93,0.001, 0.0219461, 0.0261442, 0.0262016, 0.0663368, 0.182181, 0.199982, 0.212079, 1, 

27,87,0.001, 0.0219461, 0.0261442, 0.0262016, 0.0663368, 0.100799, 0.217953, 0.230267, 0.239707, 1, 

Generation #47
29,60,0.001, 0.0219461, 0.0261442, 0.0262016, 0.0663368, 0.100799, 0.164494, 0.217953, 0.230267, 0.239707, 0.475426, 0.361273, 0.361274, 1, 

25,148,0.001, 0.0219461, 0.0261442, 0.0262016, 0.0663368, 0.100799, 0.274555, 0.147769, 1, 

28,80,0.001, 0.0219461, 0.0261442, 0.0262016, 0.0663368, 0.137015, 0.159559, 0.187127, 0.215415, 0.215567, 0.254165, 0.226503, 0.233886, 1, 

26,93,0.001, 0.0219461, 0.0261442, 0.0262016, 0.0663368, 0.182181, 0.199982, 0.212079, 1, 

27,87,0.001, 0.0219461, 0.0261442, 0.0262016, 0.0663368, 0.100799, 0.217953, 0.230267, 0.239707, 1, 

Generation #48
29,60,0.001, 0.0219461, 0.0261442, 0.0262016, 0.0663368, 0.100799, 0.164494, 0.217953, 0.230267, 0.239707, 0.475426, 0.361273, 0.361274, 1, 

25,148,0.001, 0.0219461, 0.0261442, 0.0262016, 0.0663368, 0.100799, 0.274555, 0.147769, 1, 

28,80,0.001, 0.0219461, 0.0261442, 0.0262016, 0.0663368, 0.137015, 0.159559, 0.187127, 0.215415, 0.215567, 0.254165, 0.226503, 0.233886, 1, 

26,93,0.001, 0.0219461, 0.0261442, 0.0262016, 0.0663368, 0.182181, 0.199982, 0.212079, 1, 

27,87,0.001, 0.0219461, 0.0261442, 0.0262016, 0.0663368, 0.100799, 0.217953, 0.230267, 0.239707, 1, 

Generation #49
29,60,0.001, 0.0219461, 0.0261442, 0.0262016, 0.0663368, 0.100799, 0.164494, 0.217953, 0.230267, 0.239707, 0.475426, 0.361273, 0.361274, 1, 

25,148,0.001, 0.0219461, 0.0261442, 0.0262016, 0.0663368, 0.100799, 0.274555, 0.147769, 1, 

28,80,0.001, 0.0219461, 0.0261442, 0.0262016, 0.0663368, 0.137015, 0.159559, 0.187127, 0.215415, 0.215567, 0.254165, 0.226503, 0.233886, 1, 

26,93,0.001, 0.0219461, 0.0261442, 0.0262016, 0.0663368, 0.182181, 0.199982, 0.212079, 1, 

27,87,0.001, 0.0219461, 0.0261442, 0.0262016, 0.0663368, 0.100799, 0.217953, 0.230267, 0.239707, 1, 

--- Pareto Front Solutions ---
Solution 0: N total=55 (N_initial=26, N_added=29), Time total=66 ms, Saved to: ./results/Flex_t2_l1_pareto_0.csv, percents=0.001, 0.0219461, 0.0261442, 0.0262016, 0.0663368, 0.100799, 0.164494, 0.217953, 0.230267, 0.239707, 0.475426, 0.361273, 0.361274, 1, 

Solution 1: N total=51 (N_initial=26, N_added=25), Time total=154 ms, Saved to: ./results/Flex_t2_l1_pareto_1.csv, percents=0.001, 0.0219461, 0.0261442, 0.0262016, 0.0663368, 0.100799, 0.274555, 0.147769, 1, 

Solution 2: N total=54 (N_initial=26, N_added=28), Time total=86 ms, Saved to: ./results/Flex_t2_l1_pareto_2.csv, percents=0.001, 0.0219461, 0.0261442, 0.0262016, 0.0663368, 0.137015, 0.159559, 0.187127, 0.215415, 0.215567, 0.254165, 0.226503, 0.233886, 1, 

Solution 3: N total=52 (N_initial=26, N_added=26), Time total=99 ms, Saved to: ./results/Flex_t2_l1_pareto_3.csv, percents=0.001, 0.0219461, 0.0261442, 0.0262016, 0.0663368, 0.182181, 0.199982, 0.212079, 1, 

Solution 4: N total=53 (N_initial=26, N_added=27), Time total=93 ms, Saved to: ./results/Flex_t2_l1_pareto_4.csv, percents=0.001, 0.0219461, 0.0261442, 0.0262016, 0.0663368, 0.100799, 0.217953, 0.230267, 0.239707, 1, 

------------d=1, t=2, lambda=2, filename=./evaluation/Flex/Flex_2_2.csv------------
Computing partitioned counts of d-sets...
Ready to look at pairs based on partitioned counts...
First Stage N=50, Time=4
There are 50 remaining non-locating pairs
--- Running GA Algorithm (phase2) ---
Running GA with std::execution::par
Generation #0
33,15,0.001, 0.0267066, 0.0733389, 0.108324, 0.128582, 0.14089, 0.188008, 0.194583, 0.563702, 0.592535, 0.645553, 0.65508, 0.747211, 0.899572, 0.917324, 0.933778, 0.940967, 1, 

29,16,0.001, 0.0160064, 0.0231468, 0.0386705, 0.0500456, 0.0894286, 0.156671, 0.193154, 0.208312, 0.269651, 0.312643, 0.620791, 0.655857, 0.705972, 0.722998, 0.837653, 0.860393, 1, 

36,5,0.001, 0.0158232, 0.0259854, 0.0353487, 0.0629456, 0.0816543, 0.0996721, 0.112721, 0.130769, 0.143454, 0.172689, 0.257644, 0.261891, 0.292507, 0.332619, 0.373466, 0.403482, 0.434156, 0.477537, 0.536543, 0.560848, 0.565127, 0.60184, 0.669162, 0.695687, 0.696271, 0.760243, 0.853949, 1, 

26,20,0.001, 0.0315549, 0.102939, 0.175512, 0.20829, 0.267074, 0.274092, 0.287127, 0.304145, 0.413958, 0.646637, 0.731874, 0.947, 0.95505, 1, 

35,10,0.001, 0.0567835, 0.0576037, 0.0578801, 0.0879244, 0.105962, 0.139319, 0.15912, 0.268815, 0.294014, 0.298947, 0.317221, 0.544155, 0.629943, 0.685716, 0.705528, 0.752934, 0.775973, 0.78189, 0.791389, 0.857523, 0.926694, 0.92903, 1, 

28,17,0.001, 0.030423, 0.0483627, 0.0819822, 0.21733, 0.356231, 0.366038, 0.448285, 0.469677, 0.562677, 0.632875, 0.686059, 0.783512, 0.817443, 0.989868, 1, 

25,28,0.001, 0.146259, 0.174138, 0.272089, 0.538303, 0.685421, 0.711193, 0.732714, 0.73426, 0.761383, 0.869244, 0.910491, 1, 

Generation #1
36,5,0.001, 0.0158232, 0.0259854, 0.0353487, 0.0629456, 0.0816543, 0.0996721, 0.112721, 0.130769, 0.143454, 0.172689, 0.257644, 0.261891, 0.292507, 0.332619, 0.373466, 0.403482, 0.434156, 0.477537, 0.536543, 0.560848, 0.565127, 0.60184, 0.669162, 0.695687, 0.696271, 0.760243, 0.853949, 1, 

24,15,0.001, 0.0665754, 0.120296, 0.14643, 0.224843, 0.33206, 0.337703, 0.567297, 0.602595, 0.657743, 0.739948, 0.802371, 1, 

27,7,0.001, 0.0175471, 0.0489497, 0.0804215, 0.107762, 0.108731, 0.12793, 0.157456, 0.248728, 0.294033, 0.377238, 0.403073, 0.427156, 0.431158, 0.507287, 0.580768, 0.60711, 1, 

32,6,0.0325599, 0.0350155, 0.0565542, 0.0911795, 0.118758, 0.160123, 0.16052, 0.164383, 0.177675, 0.19884, 0.275891, 0.287484, 0.336838, 0.40793, 0.702001, 0.820154, 0.833119, 0.885339, 0.896819, 0.99131, 1, 

Generation #2
23,6,0.001, 0.0158232, 0.0259854, 0.0353487, 0.0629456, 0.0816543, 0.0996721, 0.112721, 0.130769, 0.143454, 0.172689, 0.257644, 0.261891, 0.292507, 0.332619, 1, 

33,4,0.001, 0.029824, 0.0362039, 0.0612075, 0.0652757, 0.0711154, 0.105402, 0.123668, 0.147852, 0.15171, 0.162504, 0.17322, 0.183759, 0.214452, 0.214629, 0.701497, 0.757336, 0.761559, 0.764879, 0.791054, 0.803318, 0.840241, 0.849278, 1, 

Generation #3
23,6,0.001, 0.0158232, 0.0259854, 0.0353487, 0.0629456, 0.0816543, 0.0996721, 0.112721, 0.130769, 0.143454, 0.172689, 0.257644, 0.261891, 0.292507, 0.332619, 1, 

28,4,0.001, 0.029824, 0.0362039, 0.0612075, 0.0652757, 0.0711154, 0.105402, 0.123668, 0.147852, 0.337986, 0.341594, 0.37423, 0.477132, 0.544288, 0.570992, 0.702001, 0.820154, 0.833119, 0.885339, 0.896819, 0.99131, 1, 

Generation #4
23,6,0.001, 0.0158232, 0.0259854, 0.0353487, 0.0629456, 0.0816543, 0.0996721, 0.112721, 0.130769, 0.143454, 0.172689, 0.257644, 0.261891, 0.292507, 0.332619, 1, 

28,4,0.001, 0.029824, 0.0362039, 0.0612075, 0.0652757, 0.0711154, 0.105402, 0.123668, 0.147852, 0.337986, 0.341594, 0.37423, 0.477132, 0.544288, 0.570992, 0.702001, 0.820154, 0.833119, 0.885339, 0.896819, 0.99131, 1, 

22,7,0.001, 0.0407442, 0.0512551, 0.0722827, 0.0879244, 0.105962, 0.139319, 0.15912, 0.268815, 0.294014, 0.579807, 0.95474, 1, 

Generation #5
28,4,0.001, 0.029824, 0.0362039, 0.0612075, 0.0652757, 0.0711154, 0.105402, 0.123668, 0.147852, 0.337986, 0.341594, 0.37423, 0.477132, 0.544288, 0.570992, 0.702001, 0.820154, 0.833119, 0.885339, 0.896819, 0.99131, 1, 

22,7,0.001, 0.0407442, 0.0512551, 0.0722827, 0.0879244, 0.105962, 0.139319, 0.15912, 0.268815, 0.294014, 0.579807, 0.95474, 1, 

23,5,0.001, 0.0279137, 0.0464752, 0.0487254, 0.0579212, 0.0695418, 0.132104, 0.13361, 0.157951, 0.280084, 0.458378, 0.351834, 0.411142, 1, 

Generation #6
28,4,0.001, 0.029824, 0.0362039, 0.0612075, 0.0652757, 0.0711154, 0.105402, 0.123668, 0.147852, 0.337986, 0.341594, 0.37423, 0.477132, 0.544288, 0.570992, 0.702001, 0.820154, 0.833119, 0.885339, 0.896819, 0.99131, 1, 

22,7,0.001, 0.0407442, 0.0512551, 0.0722827, 0.0879244, 0.105962, 0.139319, 0.15912, 0.268815, 0.294014, 0.579807, 0.95474, 1, 

23,5,0.001, 0.0279137, 0.0464752, 0.0487254, 0.0579212, 0.0695418, 0.132104, 0.13361, 0.157951, 0.280084, 0.458378, 0.351834, 0.411142, 1, 

Generation #7
28,4,0.001, 0.029824, 0.0362039, 0.0612075, 0.0652757, 0.0711154, 0.105402, 0.123668, 0.147852, 0.337986, 0.341594, 0.37423, 0.477132, 0.544288, 0.570992, 0.702001, 0.820154, 0.833119, 0.885339, 0.896819, 0.99131, 1, 

23,5,0.001, 0.0279137, 0.0464752, 0.0487254, 0.0579212, 0.0695418, 0.132104, 0.13361, 0.157951, 0.280084, 0.458378, 0.351834, 0.411142, 1, 

21,7,0.001, 0.0567835, 0.0576037, 0.0487254, 0.0579212, 0.0695418, 0.132104, 0.13361, 0.157951, 0.280084, 0.458378, 0.351834, 0.411142, 1, 

Generation #8
23,5,0.001, 0.0279137, 0.0464752, 0.0487254, 0.0579212, 0.0695418, 0.132104, 0.13361, 0.157951, 0.280084, 0.458378, 0.351834, 0.411142, 1, 

21,7,0.001, 0.0567835, 0.0576037, 0.0487254, 0.0579212, 0.0695418, 0.132104, 0.13361, 0.157951, 0.280084, 0.458378, 0.351834, 0.411142, 1, 

25,2,0.001, 0.0567835, 0.0464752, 0.0487254, 0.0652757, 0.0711154, 0.105402, 0.123668, 0.130769, 0.143454, 0.172689, 0.257644, 0.261891, 0.292507, 0.847977, 0.332619, 1, 

20,11,0.001, 0.0567835, 0.0464752, 0.0487254, 0.0652757, 0.0711154, 0.105402, 0.123668, 0.157951, 0.280084, 0.977021, 0.982688, 1, 

Generation #9
23,5,0.001, 0.0279137, 0.0464752, 0.0487254, 0.0579212, 0.0695418, 0.132104, 0.13361, 0.157951, 0.280084, 0.458378, 0.351834, 0.411142, 1, 

21,7,0.001, 0.0567835, 0.0576037, 0.0487254, 0.0579212, 0.0695418, 0.132104, 0.13361, 0.157951, 0.280084, 0.458378, 0.351834, 0.411142, 1, 

25,2,0.001, 0.0567835, 0.0464752, 0.0487254, 0.0652757, 0.0711154, 0.105402, 0.123668, 0.130769, 0.143454, 0.172689, 0.257644, 0.261891, 0.292507, 0.847977, 0.332619, 1, 

20,11,0.001, 0.0567835, 0.0464752, 0.0487254, 0.0652757, 0.0711154, 0.105402, 0.123668, 0.157951, 0.280084, 0.977021, 0.982688, 1, 

Generation #10
23,5,0.001, 0.0279137, 0.0464752, 0.0487254, 0.0579212, 0.0695418, 0.132104, 0.13361, 0.157951, 0.280084, 0.458378, 0.351834, 0.411142, 1, 

21,7,0.001, 0.0567835, 0.0576037, 0.0487254, 0.0579212, 0.0695418, 0.132104, 0.13361, 0.157951, 0.280084, 0.458378, 0.351834, 0.411142, 1, 

25,2,0.001, 0.0567835, 0.0464752, 0.0487254, 0.0652757, 0.0711154, 0.105402, 0.123668, 0.130769, 0.143454, 0.172689, 0.257644, 0.261891, 0.292507, 0.847977, 0.332619, 1, 

20,11,0.001, 0.0567835, 0.0464752, 0.0487254, 0.0652757, 0.0711154, 0.105402, 0.123668, 0.157951, 0.280084, 0.977021, 0.982688, 1, 

Generation #11
23,5,0.001, 0.0279137, 0.0464752, 0.0487254, 0.0579212, 0.0695418, 0.132104, 0.13361, 0.157951, 0.280084, 0.458378, 0.351834, 0.411142, 1, 

21,7,0.001, 0.0567835, 0.0576037, 0.0487254, 0.0579212, 0.0695418, 0.132104, 0.13361, 0.157951, 0.280084, 0.458378, 0.351834, 0.411142, 1, 

25,2,0.001, 0.0567835, 0.0464752, 0.0487254, 0.0652757, 0.0711154, 0.105402, 0.123668, 0.130769, 0.143454, 0.172689, 0.257644, 0.261891, 0.292507, 0.847977, 0.332619, 1, 

20,11,0.001, 0.0567835, 0.0464752, 0.0487254, 0.0652757, 0.0711154, 0.105402, 0.123668, 0.157951, 0.280084, 0.977021, 0.982688, 1, 

Generation #12
23,5,0.001, 0.0279137, 0.0464752, 0.0487254, 0.0579212, 0.0695418, 0.132104, 0.13361, 0.157951, 0.280084, 0.458378, 0.351834, 0.411142, 1, 

21,7,0.001, 0.0567835, 0.0576037, 0.0487254, 0.0579212, 0.0695418, 0.132104, 0.13361, 0.157951, 0.280084, 0.458378, 0.351834, 0.411142, 1, 

25,2,0.001, 0.0567835, 0.0464752, 0.0487254, 0.0652757, 0.0711154, 0.105402, 0.123668, 0.130769, 0.143454, 0.172689, 0.257644, 0.261891, 0.292507, 0.847977, 0.332619, 1, 

20,11,0.001, 0.0567835, 0.0464752, 0.0487254, 0.0652757, 0.0711154, 0.105402, 0.123668, 0.157951, 0.280084, 0.977021, 0.982688, 1, 

Generation #13
25,2,0.001, 0.0567835, 0.0464752, 0.0487254, 0.0652757, 0.0711154, 0.105402, 0.123668, 0.130769, 0.143454, 0.172689, 0.257644, 0.261891, 0.292507, 0.847977, 0.332619, 1, 

19,4,0.001, 0.0567835, 0.0464752, 0.0487254, 0.0652757, 0.0711154, 0.105402, 0.123668, 0.157951, 0.280084, 0.297822, 0.351834, 1, 

Generation #14
19,4,0.001, 0.0567835, 0.0464752, 0.0487254, 0.0652757, 0.0711154, 0.105402, 0.123668, 0.157951, 0.280084, 0.297822, 0.351834, 1, 

24,2,0.001, 0.0567835, 0.0464752, 0.0487254, 0.0652757, 0.0711154, 0.105402, 0.123668, 0.157951, 0.15171, 0.17322, 0.17322, 0.183759, 0.214452, 0.994851, 1, 

Generation #15
19,4,0.001, 0.0567835, 0.0464752, 0.0487254, 0.0652757, 0.0711154, 0.105402, 0.123668, 0.157951, 0.280084, 0.297822, 0.351834, 1, 

24,2,0.001, 0.0567835, 0.0464752, 0.0487254, 0.0652757, 0.0711154, 0.105402, 0.123668, 0.157951, 0.15171, 0.17322, 0.17322, 0.183759, 0.214452, 0.994851, 1, 

Generation #16
19,4,0.001, 0.0567835, 0.0464752, 0.0487254, 0.0652757, 0.0711154, 0.105402, 0.123668, 0.157951, 0.280084, 0.297822, 0.351834, 1, 

24,2,0.001, 0.0567835, 0.0464752, 0.0487254, 0.0652757, 0.0711154, 0.105402, 0.123668, 0.157951, 0.15171, 0.17322, 0.17322, 0.183759, 0.214452, 0.994851, 1, 

Generation #17
19,4,0.001, 0.0567835, 0.0464752, 0.0487254, 0.0652757, 0.0711154, 0.105402, 0.123668, 0.157951, 0.280084, 0.297822, 0.351834, 1, 

24,2,0.001, 0.0567835, 0.0464752, 0.0487254, 0.0652757, 0.0711154, 0.105402, 0.123668, 0.157951, 0.15171, 0.17322, 0.17322, 0.183759, 0.214452, 0.994851, 1, 

Generation #18
19,4,0.001, 0.0567835, 0.0464752, 0.0487254, 0.0652757, 0.0711154, 0.105402, 0.123668, 0.157951, 0.280084, 0.297822, 0.351834, 1, 

24,2,0.001, 0.0567835, 0.0464752, 0.0487254, 0.0652757, 0.0711154, 0.105402, 0.123668, 0.157951, 0.15171, 0.17322, 0.17322, 0.183759, 0.214452, 0.994851, 1, 

Generation #19
19,4,0.001, 0.0567835, 0.0464752, 0.0487254, 0.0652757, 0.0711154, 0.105402, 0.123668, 0.157951, 0.280084, 0.297822, 0.351834, 1, 

24,2,0.001, 0.0567835, 0.0464752, 0.0487254, 0.0652757, 0.0711154, 0.105402, 0.123668, 0.157951, 0.15171, 0.17322, 0.17322, 0.183759, 0.214452, 0.994851, 1, 

22,3,0.001, 0.0464752, 0.0487254, 0.0353487, 0.0629456, 0.0816543, 0.0996721, 0.112721, 0.130769, 0.143454, 0.172689, 0.257644, 0.261891, 0.292507, 0.332619, 1, 

Generation #20
19,4,0.001, 0.0567835, 0.0464752, 0.0487254, 0.0652757, 0.0711154, 0.105402, 0.123668, 0.157951, 0.280084, 0.297822, 0.351834, 1, 

24,2,0.001, 0.0567835, 0.0464752, 0.0487254, 0.0652757, 0.0711154, 0.105402, 0.123668, 0.157951, 0.15171, 0.17322, 0.17322, 0.183759, 0.214452, 0.994851, 1, 

22,3,0.001, 0.0464752, 0.0487254, 0.0353487, 0.0629456, 0.0816543, 0.0996721, 0.112721, 0.130769, 0.143454, 0.172689, 0.257644, 0.261891, 0.292507, 0.332619, 1, 

Generation #21
19,4,0.001, 0.0567835, 0.0464752, 0.0487254, 0.0652757, 0.0711154, 0.105402, 0.123668, 0.157951, 0.280084, 0.297822, 0.351834, 1, 

24,2,0.001, 0.0567835, 0.0464752, 0.0487254, 0.0652757, 0.0711154, 0.105402, 0.123668, 0.157951, 0.15171, 0.17322, 0.17322, 0.183759, 0.214452, 0.994851, 1, 

22,3,0.001, 0.0464752, 0.0487254, 0.0353487, 0.0629456, 0.0816543, 0.0996721, 0.112721, 0.130769, 0.143454, 0.172689, 0.257644, 0.261891, 0.292507, 0.332619, 1, 

Generation #22
19,4,0.001, 0.0567835, 0.0464752, 0.0487254, 0.0652757, 0.0711154, 0.105402, 0.123668, 0.157951, 0.280084, 0.297822, 0.351834, 1, 

24,2,0.001, 0.0567835, 0.0464752, 0.0487254, 0.0652757, 0.0711154, 0.105402, 0.123668, 0.157951, 0.15171, 0.17322, 0.17322, 0.183759, 0.214452, 0.994851, 1, 

22,3,0.001, 0.0464752, 0.0487254, 0.0353487, 0.0629456, 0.0816543, 0.0996721, 0.112721, 0.130769, 0.143454, 0.172689, 0.257644, 0.261891, 0.292507, 0.332619, 1, 

Generation #23
19,4,0.001, 0.0567835, 0.0464752, 0.0487254, 0.0652757, 0.0711154, 0.105402, 0.123668, 0.157951, 0.280084, 0.297822, 0.351834, 1, 

24,2,0.001, 0.0567835, 0.0464752, 0.0487254, 0.0652757, 0.0711154, 0.105402, 0.123668, 0.157951, 0.15171, 0.17322, 0.17322, 0.183759, 0.214452, 0.994851, 1, 

22,3,0.001, 0.0464752, 0.0487254, 0.0353487, 0.0629456, 0.0816543, 0.0996721, 0.112721, 0.130769, 0.143454, 0.172689, 0.257644, 0.261891, 0.292507, 0.332619, 1, 

Generation #24
19,4,0.001, 0.0567835, 0.0464752, 0.0487254, 0.0652757, 0.0711154, 0.105402, 0.123668, 0.157951, 0.280084, 0.297822, 0.351834, 1, 

24,2,0.001, 0.0567835, 0.0464752, 0.0487254, 0.0652757, 0.0711154, 0.105402, 0.123668, 0.157951, 0.15171, 0.17322, 0.17322, 0.183759, 0.214452, 0.994851, 1, 

22,3,0.001, 0.0464752, 0.0487254, 0.0353487, 0.0629456, 0.0816543, 0.0996721, 0.112721, 0.130769, 0.143454, 0.172689, 0.257644, 0.261891, 0.292507, 0.332619, 1, 

Generation #25
19,4,0.001, 0.0567835, 0.0464752, 0.0487254, 0.0652757, 0.0711154, 0.105402, 0.123668, 0.157951, 0.280084, 0.297822, 0.351834, 1, 

24,2,0.001, 0.0567835, 0.0464752, 0.0487254, 0.0652757, 0.0711154, 0.105402, 0.123668, 0.157951, 0.15171, 0.17322, 0.17322, 0.183759, 0.214452, 0.994851, 1, 

22,3,0.001, 0.0464752, 0.0487254, 0.0353487, 0.0629456, 0.0816543, 0.0996721, 0.112721, 0.130769, 0.143454, 0.172689, 0.257644, 0.261891, 0.292507, 0.332619, 1, 

Generation #26
19,4,0.001, 0.0567835, 0.0464752, 0.0487254, 0.0652757, 0.0711154, 0.105402, 0.123668, 0.157951, 0.280084, 0.297822, 0.351834, 1, 

24,2,0.001, 0.0567835, 0.0464752, 0.0487254, 0.0652757, 0.0711154, 0.105402, 0.123668, 0.157951, 0.15171, 0.17322, 0.17322, 0.183759, 0.214452, 0.994851, 1, 

22,3,0.001, 0.0464752, 0.0487254, 0.0353487, 0.0629456, 0.0816543, 0.0996721, 0.112721, 0.130769, 0.143454, 0.172689, 0.257644, 0.261891, 0.292507, 0.332619, 1, 

Generation #27
19,4,0.001, 0.0567835, 0.0464752, 0.0487254, 0.0652757, 0.0711154, 0.105402, 0.123668, 0.157951, 0.280084, 0.297822, 0.351834, 1, 

24,2,0.001, 0.0567835, 0.0464752, 0.0487254, 0.0652757, 0.0711154, 0.105402, 0.123668, 0.157951, 0.15171, 0.17322, 0.17322, 0.183759, 0.214452, 0.994851, 1, 

22,3,0.001, 0.0464752, 0.0487254, 0.0353487, 0.0629456, 0.0816543, 0.0996721, 0.112721, 0.130769, 0.143454, 0.172689, 0.257644, 0.261891, 0.292507, 0.332619, 1, 

Generation #28
19,4,0.001, 0.0567835, 0.0464752, 0.0487254, 0.0652757, 0.0711154, 0.105402, 0.123668, 0.157951, 0.280084, 0.297822, 0.351834, 1, 

24,2,0.001, 0.0567835, 0.0464752, 0.0487254, 0.0652757, 0.0711154, 0.105402, 0.123668, 0.157951, 0.15171, 0.17322, 0.17322, 0.183759, 0.214452, 0.994851, 1, 

22,3,0.001, 0.0464752, 0.0487254, 0.0353487, 0.0629456, 0.0816543, 0.0996721, 0.112721, 0.130769, 0.143454, 0.172689, 0.257644, 0.261891, 0.292507, 0.332619, 1, 

Generation #29
19,4,0.001, 0.0567835, 0.0464752, 0.0487254, 0.0652757, 0.0711154, 0.105402, 0.123668, 0.157951, 0.280084, 0.297822, 0.351834, 1, 

24,2,0.001, 0.0567835, 0.0464752, 0.0487254, 0.0652757, 0.0711154, 0.105402, 0.123668, 0.157951, 0.15171, 0.17322, 0.17322, 0.183759, 0.214452, 0.994851, 1, 

22,3,0.001, 0.0464752, 0.0487254, 0.0353487, 0.0629456, 0.0816543, 0.0996721, 0.112721, 0.130769, 0.143454, 0.172689, 0.257644, 0.261891, 0.292507, 0.332619, 1, 

Generation #30
18,2,0.001, 0.029824, 0.0362039, 0.0612075, 0.0652757, 0.0711154, 0.105402, 0.123668, 0.147852, 0.15171, 0.162504, 0.17322, 1, 

Generation #31
18,2,0.001, 0.029824, 0.0362039, 0.0612075, 0.0652757, 0.0711154, 0.105402, 0.123668, 0.147852, 0.15171, 0.162504, 0.17322, 1, 

Generation #32
18,2,0.001, 0.029824, 0.0362039, 0.0612075, 0.0652757, 0.0711154, 0.105402, 0.123668, 0.147852, 0.15171, 0.162504, 0.17322, 1, 

Generation #33
18,2,0.001, 0.029824, 0.0362039, 0.0612075, 0.0652757, 0.0711154, 0.105402, 0.123668, 0.147852, 0.15171, 0.162504, 0.17322, 1, 

Generation #34
18,2,0.001, 0.029824, 0.0362039, 0.0612075, 0.0652757, 0.0711154, 0.105402, 0.123668, 0.147852, 0.15171, 0.162504, 0.17322, 1, 

Generation #35
18,2,0.001, 0.029824, 0.0362039, 0.0612075, 0.0652757, 0.0711154, 0.105402, 0.123668, 0.147852, 0.15171, 0.162504, 0.17322, 1, 

Generation #36
18,2,0.001, 0.029824, 0.0362039, 0.0612075, 0.0652757, 0.0711154, 0.105402, 0.123668, 0.147852, 0.15171, 0.162504, 0.17322, 1, 

Generation #37
18,2,0.001, 0.029824, 0.0362039, 0.0612075, 0.0652757, 0.0711154, 0.105402, 0.123668, 0.147852, 0.15171, 0.162504, 0.17322, 1, 

Generation #38
18,2,0.001, 0.029824, 0.0362039, 0.0612075, 0.0652757, 0.0711154, 0.105402, 0.123668, 0.147852, 0.15171, 0.162504, 0.17322, 1, 

Generation #39
18,2,0.001, 0.029824, 0.0362039, 0.0612075, 0.0652757, 0.0711154, 0.105402, 0.123668, 0.147852, 0.15171, 0.162504, 0.17322, 1, 

Generation #40
18,2,0.001, 0.029824, 0.0362039, 0.0612075, 0.0652757, 0.0711154, 0.105402, 0.123668, 0.147852, 0.15171, 0.162504, 0.17322, 1, 

Generation #41
18,2,0.001, 0.029824, 0.0362039, 0.0612075, 0.0652757, 0.0711154, 0.105402, 0.123668, 0.147852, 0.15171, 0.162504, 0.17322, 1, 

Generation #42
18,2,0.001, 0.029824, 0.0362039, 0.0612075, 0.0652757, 0.0711154, 0.105402, 0.123668, 0.147852, 0.15171, 0.162504, 0.17322, 1, 

Generation #43
18,2,0.001, 0.029824, 0.0362039, 0.0612075, 0.0652757, 0.0711154, 0.105402, 0.123668, 0.147852, 0.15171, 0.162504, 0.17322, 1, 

Generation #44
18,2,0.001, 0.029824, 0.0362039, 0.0612075, 0.0652757, 0.0711154, 0.105402, 0.123668, 0.147852, 0.15171, 0.162504, 0.17322, 1, 

Generation #45
18,2,0.001, 0.029824, 0.0362039, 0.0612075, 0.0652757, 0.0711154, 0.105402, 0.123668, 0.147852, 0.15171, 0.162504, 0.17322, 1, 

Generation #46
18,2,0.001, 0.029824, 0.0362039, 0.0612075, 0.0652757, 0.0711154, 0.105402, 0.123668, 0.147852, 0.15171, 0.162504, 0.17322, 1, 

Generation #47
18,2,0.001, 0.029824, 0.0362039, 0.0612075, 0.0652757, 0.0711154, 0.105402, 0.123668, 0.147852, 0.15171, 0.162504, 0.17322, 1, 

Generation #48
18,2,0.001, 0.029824, 0.0362039, 0.0612075, 0.0652757, 0.0711154, 0.105402, 0.123668, 0.147852, 0.15171, 0.162504, 0.17322, 1, 

Generation #49
18,2,0.001, 0.029824, 0.0362039, 0.0612075, 0.0652757, 0.0711154, 0.105402, 0.123668, 0.147852, 0.15171, 0.162504, 0.17322, 1, 

--- Pareto Front Solutions ---
Solution 0: N total=68 (N_initial=50, N_added=18), Time total=6 ms, Saved to: ./results/Flex_t2_l2_pareto_0.csv, percents=0.001, 0.029824, 0.0362039, 0.0612075, 0.0652757, 0.0711154, 0.105402, 0.123668, 0.147852, 0.15171, 0.162504, 0.17322, 1, 

------------d=1, t=2, lambda=3, filename=./evaluation/Flex/Flex_2_3.csv------------
Computing partitioned counts of d-sets...
Ready to look at pairs based on partitioned counts...
First Stage N=75, Time=5
There are 10 remaining non-locating pairs
--- Running GA Algorithm (phase2) ---
Running GA with std::execution::par
Generation #0
12,0,0.001, 0.173647, 0.30284, 0.511176, 0.512082, 0.52836, 0.622886, 0.816893, 0.855258, 0.87473, 1, 

Generation #1
11,0,0.001, 0.0318387, 0.142199, 0.20199, 0.216849, 0.46683, 0.58496, 0.630837, 0.714498, 0.75205, 1, 

Generation #2
11,0,0.001, 0.0318387, 0.142199, 0.20199, 0.216849, 0.46683, 0.58496, 0.630837, 0.714498, 0.75205, 1, 

Generation #3
10,0,0.001, 0.148817, 0.168255, 0.209259, 0.144495, 0.215933, 0.367747, 0.855258, 0.87473, 1, 

Generation #4
10,0,0.001, 0.148817, 0.168255, 0.209259, 0.144495, 0.215933, 0.367747, 0.855258, 0.87473, 1, 

Generation #5
9,0,0.001, 0.019812, 0.0408218, 0.140829, 0.215933, 0.367747, 0.855258, 0.87473, 1, 

Generation #6
9,0,0.001, 0.019812, 0.0408218, 0.140829, 0.215933, 0.367747, 0.855258, 0.87473, 1, 

Generation #7
9,0,0.001, 0.019812, 0.0408218, 0.140829, 0.215933, 0.367747, 0.855258, 0.87473, 1, 

Generation #8
9,0,0.001, 0.019812, 0.0408218, 0.140829, 0.215933, 0.367747, 0.855258, 0.87473, 1, 

Generation #9
9,0,0.001, 0.019812, 0.0408218, 0.140829, 0.215933, 0.367747, 0.855258, 0.87473, 1, 

Generation #10
8,0,0.001, 0.148817, 0.140829, 0.215933, 0.367747, 0.855258, 0.87473, 1, 

Generation #11
7,0,0.001, 0.169123, 0.168672, 0.144495, 0.305666, 0.871353, 1, 

Generation #12
7,0,0.001, 0.169123, 0.168672, 0.144495, 0.305666, 0.871353, 1, 

Generation #13
7,0,0.001, 0.169123, 0.168672, 0.144495, 0.305666, 0.871353, 1, 

Generation #14
7,0,0.001, 0.169123, 0.168672, 0.144495, 0.305666, 0.871353, 1, 

Generation #15
7,0,0.001, 0.169123, 0.168672, 0.144495, 0.305666, 0.871353, 1, 

Generation #16
7,0,0.001, 0.169123, 0.168672, 0.144495, 0.305666, 0.871353, 1, 

Generation #17
6,0,0.192713, 0.168672, 0.144495, 0.305666, 0.871353, 1, 

Generation #18
6,0,0.192713, 0.168672, 0.144495, 0.305666, 0.871353, 1, 

Generation #19
6,0,0.192713, 0.168672, 0.144495, 0.305666, 0.871353, 1, 

Generation #20
6,0,0.192713, 0.168672, 0.144495, 0.305666, 0.871353, 1, 

Generation #21
6,0,0.192713, 0.168672, 0.144495, 0.305666, 0.871353, 1, 

Generation #22
6,0,0.192713, 0.168672, 0.144495, 0.305666, 0.871353, 1, 

Generation #23
6,0,0.192713, 0.168672, 0.144495, 0.305666, 0.871353, 1, 

Generation #24
6,0,0.192713, 0.168672, 0.144495, 0.305666, 0.871353, 1, 

Generation #25
6,0,0.192713, 0.168672, 0.144495, 0.305666, 0.871353, 1, 

Generation #26
6,0,0.192713, 0.168672, 0.144495, 0.305666, 0.871353, 1, 

Generation #27
5,0,0.142199, 0.21139, 0.215933, 1, 

Generation #28
5,0,0.142199, 0.21139, 0.215933, 1, 

Generation #29
5,0,0.142199, 0.21139, 0.215933, 1, 

Generation #30
5,0,0.142199, 0.21139, 0.215933, 1, 

Generation #31
5,0,0.142199, 0.21139, 0.215933, 1, 

Generation #32
5,0,0.142199, 0.21139, 0.215933, 1, 

Generation #33
5,0,0.142199, 0.21139, 0.215933, 1, 

Generation #34
5,0,0.142199, 0.21139, 0.215933, 1, 

Generation #35
5,0,0.142199, 0.21139, 0.215933, 1, 

Generation #36
5,0,0.142199, 0.21139, 0.215933, 1, 

Generation #37
5,0,0.142199, 0.21139, 0.215933, 1, 

4,9,0.001, 0.142199, 1, 

Generation #38
4,0,0.001, 0.142199, 0.215933, 1, 

Generation #39
4,0,0.001, 0.142199, 0.215933, 1, 

Generation #40
4,0,0.001, 0.142199, 0.215933, 1, 

Generation #41
4,0,0.001, 0.142199, 0.215933, 1, 

Generation #42
4,0,0.001, 0.142199, 0.215933, 1, 

Generation #43
4,0,0.001, 0.142199, 0.215933, 1, 

Generation #44
4,0,0.001, 0.142199, 0.215933, 1, 

Generation #45
4,0,0.001, 0.142199, 0.215933, 1, 

Generation #46
4,0,0.001, 0.142199, 0.215933, 1, 

Generation #47
4,0,0.001, 0.142199, 0.215933, 1, 

Generation #48
4,0,0.001, 0.142199, 0.215933, 1, 

Generation #49
4,0,0.001, 0.142199, 0.215933, 1, 

--- Pareto Front Solutions ---
Solution 0: N total=79 (N_initial=75, N_added=4), Time total=5 ms, Saved to: ./results/Flex_t2_l3_pareto_0.csv, percents=0.001, 0.142199, 0.215933, 1, 

------------d=1, t=2, lambda=4, filename=./evaluation/Flex/Flex_2_4.csv------------
Computing partitioned counts of d-sets...
Ready to look at pairs based on partitioned counts...
First Stage N=100, Time=7
There are 2 remaining non-locating pairs
--- Running GA Algorithm (phase2) ---
Running GA with std::execution::par
Generation #0
12,0,0.001, 0.0679686, 0.298544, 0.422291, 0.601961, 0.724451, 0.765241, 0.871984, 0.912271, 0.939589, 0.995626, 1, 

Generation #1
12,0,0.001, 0.0679686, 0.298544, 0.422291, 0.601961, 0.724451, 0.765241, 0.871984, 0.912271, 0.939589, 0.995626, 1, 

Generation #2
11,0,0.001, 0.0806136, 0.0861919, 0.138125, 0.342927, 0.371204, 0.396844, 0.708798, 0.732202, 0.780432, 1, 

Generation #3
11,0,0.001, 0.0806136, 0.0861919, 0.138125, 0.342927, 0.371204, 0.396844, 0.708798, 0.732202, 0.780432, 1, 

Generation #4
11,0,0.001, 0.0806136, 0.0861919, 0.138125, 0.342927, 0.371204, 0.396844, 0.708798, 0.732202, 0.780432, 1, 

Generation #5
10,0,0.001, 0.145355, 0.161888, 0.166782, 0.284926, 0.623276, 0.625144, 0.943125, 0.96543, 1, 

Generation #6
9,0,0.001, 0.0608411, 0.0926142, 0.136231, 0.160441, 0.40376, 0.625144, 0.96543, 1, 

Generation #7
9,0,0.001, 0.0608411, 0.0926142, 0.136231, 0.160441, 0.40376, 0.625144, 0.96543, 1, 

Generation #8
9,0,0.001, 0.0608411, 0.0926142, 0.136231, 0.160441, 0.40376, 0.625144, 0.96543, 1, 

Generation #9
9,0,0.001, 0.0608411, 0.0926142, 0.136231, 0.160441, 0.40376, 0.625144, 0.96543, 1, 

Generation #10
9,0,0.001, 0.0608411, 0.0926142, 0.136231, 0.160441, 0.40376, 0.625144, 0.96543, 1, 

Generation #11
8,0,0.001, 0.104054, 0.154642, 0.174394, 0.24569, 0.359216, 0.96543, 1, 

Generation #12
7,0,0.001, 0.0608411, 0.136231, 0.160441, 0.40376, 0.618526, 1, 

Generation #13
7,0,0.001, 0.0608411, 0.136231, 0.160441, 0.40376, 0.618526, 1, 

Generation #14
7,0,0.001, 0.0608411, 0.136231, 0.160441, 0.40376, 0.618526, 1, 

Generation #15
7,0,0.001, 0.0608411, 0.136231, 0.160441, 0.40376, 0.618526, 1, 

Generation #16
6,0,0.001, 0.145355, 0.284926, 0.623276, 0.618526, 1, 

Generation #17
6,0,0.001, 0.145355, 0.284926, 0.623276, 0.618526, 1, 

Generation #18
6,0,0.001, 0.145355, 0.284926, 0.623276, 0.618526, 1, 

Generation #19
6,0,0.001, 0.145355, 0.284926, 0.623276, 0.618526, 1, 

Generation #20
5,0,0.001, 0.104054, 0.225567, 0.618526, 1, 

Generation #21
5,0,0.001, 0.104054, 0.225567, 0.618526, 1, 

Generation #22
5,0,0.001, 0.104054, 0.225567, 0.618526, 1, 

Generation #23
4,0,0.001, 0.484179, 0.342927, 1, 

Generation #24
4,0,0.001, 0.484179, 0.342927, 1, 

Generation #25
4,0,0.001, 0.484179, 0.342927, 1, 

Generation #26
4,0,0.001, 0.484179, 0.342927, 1, 

Generation #27
3,0,0.001, 0.0608411, 1, 

Generation #28
3,0,0.001, 0.0608411, 1, 

Generation #29
3,0,0.001, 0.0608411, 1, 

Generation #30
2,0,0.001, 1, 
