------------d=1, t=2, lambda=1, filename=./evaluation/GCC/GCC_2_1.csv------------
Computing partitioned counts of d-sets...
Ready to look at pairs based on partitioned counts...
First Stage N=21, Time=942
There are 212048 remaining non-locating pairs
--- Running GA Algorithm (phase2) ---
Running GA with std::execution::par
Generation #0
38,4321,0.001, 0.0537338, 0.106666, 0.111303, 0.348809, 0.39629, 0.452333, 0.476821, 0.529451, 0.635177, 0.648952, 0.726148, 0.943837, 0.951523, 1, 

36,7327,0.001, 0.0970704, 0.133815, 0.193307, 0.314824, 0.330009, 0.392028, 0.397921, 0.422169, 0.783244, 0.803073, 0.930679, 1, 

47,2969,0.001, 0.016831, 0.0528152, 0.0980615, 0.106911, 0.119235, 0.150345, 0.17776, 0.247358, 0.299091, 0.400537, 0.470213, 0.492376, 0.576229, 0.613618, 0.67643, 0.75629, 0.776041, 0.831382, 0.839098, 0.844438, 0.957415, 0.970357, 1, 

44,3004,0.001, 0.0141455, 0.0218816, 0.0456565, 0.126535, 0.171676, 0.223503, 0.360442, 0.365705, 0.45636, 0.479251, 0.508095, 0.573131, 0.69156, 0.698453, 0.828251, 0.841254, 0.951562, 1, 

50,2702,0.001, 0.0110509, 0.0391854, 0.0928903, 0.129683, 0.148351, 0.15305, 0.161136, 0.234665, 0.262227, 0.262612, 0.288228, 0.29071, 0.387741, 0.387959, 0.439057, 0.598829, 0.623264, 0.646717, 0.734431, 0.75492, 0.778334, 0.828504, 0.918703, 0.937746, 1, 

Generation #1
34,1365,0.001, 0.0110509, 0.0391854, 0.0928903, 0.129683, 0.148351, 0.15305, 0.161136, 0.234665, 0.262227, 1, 

56,1151,0.001, 0.0110509, 0.0391854, 0.0928903, 0.129683, 0.148351, 0.210881, 0.23582, 0.244813, 0.262717, 0.352138, 0.413039, 0.418693, 0.466229, 0.520547, 0.531108, 0.535225, 0.607002, 0.66901, 0.687382, 0.732609, 0.736278, 0.751343, 0.77478, 0.801021, 0.804286, 0.873096, 0.898873, 0.915177, 0.951407, 1, 

Generation #2
34,1365,0.001, 0.0110509, 0.0391854, 0.0928903, 0.129683, 0.148351, 0.15305, 0.161136, 0.234665, 0.262227, 1, 

56,1151,0.001, 0.0110509, 0.0391854, 0.0928903, 0.129683, 0.148351, 0.210881, 0.23582, 0.244813, 0.262717, 0.352138, 0.413039, 0.418693, 0.466229, 0.520547, 0.531108, 0.535225, 0.607002, 0.66901, 0.687382, 0.732609, 0.736278, 0.751343, 0.77478, 0.801021, 0.804286, 0.873096, 0.898873, 0.915177, 0.951407, 1, 

40,1364,0.001, 0.0110509, 0.0391854, 0.0928903, 0.148351, 0.15305, 0.161136, 0.480012, 0.650595, 0.662716, 0.705202, 0.789084, 1, 

Generation #3
34,1365,0.001, 0.0110509, 0.0391854, 0.0928903, 0.129683, 0.148351, 0.15305, 0.161136, 0.234665, 0.262227, 1, 

35,1061,0.001, 0.0141455, 0.0218816, 0.0456565, 0.126535, 0.171676, 0.223503, 0.360442, 0.365705, 0.45636, 0.287583, 0.508095, 0.887786, 1, 

Generation #4
35,1061,0.001, 0.0141455, 0.0218816, 0.0456565, 0.126535, 0.171676, 0.223503, 0.360442, 0.365705, 0.45636, 0.287583, 0.508095, 0.887786, 1, 

34,1274,0.001, 0.0141455, 0.0513067, 0.110065, 0.137015, 0.159559, 0.927298, 0.950905, 0.999048, 1, 

38,908,0.001, 0.0110509, 0.0391854, 0.0928903, 0.129683, 0.148351, 0.15305, 0.161136, 0.234665, 0.262227, 0.662716, 0.705202, 0.789084, 1, 

32,1448,0.001, 0.0219461, 0.0261442, 0.0262016, 0.0663368, 0.100799, 0.164494, 0.217953, 0.845754, 0.979017, 1, 

Generation #5
35,1061,0.001, 0.0141455, 0.0218816, 0.0456565, 0.126535, 0.171676, 0.223503, 0.360442, 0.365705, 0.45636, 0.287583, 0.508095, 0.887786, 1, 

34,1274,0.001, 0.0141455, 0.0513067, 0.110065, 0.137015, 0.159559, 0.927298, 0.950905, 0.999048, 1, 

38,908,0.001, 0.0110509, 0.0391854, 0.0928903, 0.129683, 0.148351, 0.15305, 0.161136, 0.234665, 0.262227, 0.662716, 0.705202, 0.789084, 1, 

32,1448,0.001, 0.0219461, 0.0261442, 0.0262016, 0.0663368, 0.100799, 0.164494, 0.217953, 0.845754, 0.979017, 1, 

Generation #6
34,1274,0.001, 0.0141455, 0.0513067, 0.110065, 0.137015, 0.159559, 0.927298, 0.950905, 0.999048, 1, 

38,908,0.001, 0.0110509, 0.0391854, 0.0928903, 0.129683, 0.148351, 0.15305, 0.161136, 0.234665, 0.262227, 0.662716, 0.705202, 0.789084, 1, 

32,1448,0.001, 0.0219461, 0.0261442, 0.0262016, 0.0663368, 0.100799, 0.164494, 0.217953, 0.845754, 0.979017, 1, 

35,1029,0.001, 0.0110509, 0.0391854, 0.0928903, 0.129683, 0.171676, 0.223503, 0.927298, 0.950905, 0.999048, 1, 

Generation #7
38,908,0.001, 0.0110509, 0.0391854, 0.0928903, 0.129683, 0.148351, 0.15305, 0.161136, 0.234665, 0.262227, 0.662716, 0.705202, 0.789084, 1, 

32,1448,0.001, 0.0219461, 0.0261442, 0.0262016, 0.0663368, 0.100799, 0.164494, 0.217953, 0.845754, 0.979017, 1, 

35,1029,0.001, 0.0110509, 0.0391854, 0.0928903, 0.129683, 0.171676, 0.223503, 0.927298, 0.950905, 0.999048, 1, 

34,1181,0.001, 0.0141455, 0.0218816, 0.0456565, 0.126535, 0.171676, 0.223503, 0.927298, 0.950905, 0.999048, 1, 

Generation #8
38,908,0.001, 0.0110509, 0.0391854, 0.0928903, 0.129683, 0.148351, 0.15305, 0.161136, 0.234665, 0.262227, 0.662716, 0.705202, 0.789084, 1, 

35,1029,0.001, 0.0110509, 0.0391854, 0.0928903, 0.129683, 0.171676, 0.223503, 0.927298, 0.950905, 0.999048, 1, 

33,1068,0.001, 0.0110509, 0.0391854, 0.0928903, 0.129683, 0.148351, 0.15305, 0.161136, 0.234665, 0.262227, 1, 

32,1387,0.001, 0.0141455, 0.0218816, 0.0262016, 0.0663368, 0.100799, 0.164494, 0.217953, 0.845754, 0.979017, 1, 

Generation #9
33,1068,0.001, 0.0110509, 0.0391854, 0.0928903, 0.129683, 0.148351, 0.15305, 0.161136, 0.234665, 0.262227, 1, 

32,1387,0.001, 0.0141455, 0.0218816, 0.0262016, 0.0663368, 0.100799, 0.164494, 0.217953, 0.845754, 0.979017, 1, 

35,881,0.001, 0.0110509, 0.0391854, 0.0262016, 0.0663368, 0.100799, 0.164494, 0.360442, 0.845754, 0.979017, 1, 

Generation #10
35,881,0.001, 0.0110509, 0.0391854, 0.0262016, 0.0663368, 0.100799, 0.164494, 0.360442, 0.845754, 0.979017, 1, 

34,955,0.001, 0.0141455, 0.0218816, 0.0456565, 0.129683, 0.171676, 0.223503, 0.927298, 0.00101971, 0.999048, 1, 

32,1036,0.001, 0.0141455, 0.0218816, 0.0456565, 0.100799, 0.164494, 0.217953, 0.230267, 0.999048, 1, 

Generation #11
35,881,0.001, 0.0110509, 0.0391854, 0.0262016, 0.0663368, 0.100799, 0.164494, 0.360442, 0.845754, 0.979017, 1, 

34,955,0.001, 0.0141455, 0.0218816, 0.0456565, 0.129683, 0.171676, 0.223503, 0.927298, 0.00101971, 0.999048, 1, 

32,1036,0.001, 0.0141455, 0.0218816, 0.0456565, 0.100799, 0.164494, 0.217953, 0.230267, 0.999048, 1, 

Generation #12
35,881,0.001, 0.0110509, 0.0391854, 0.0262016, 0.0663368, 0.100799, 0.164494, 0.360442, 0.845754, 0.979017, 1, 

32,1036,0.001, 0.0141455, 0.0218816, 0.0456565, 0.100799, 0.164494, 0.217953, 0.230267, 0.999048, 1, 

31,1118,0.001, 0.0141455, 0.0218816, 0.0456565, 0.171676, 0.100799, 0.164494, 0.845754, 0.979017, 1, 

33,988,0.001, 0.0110509, 0.0218816, 0.0456565, 0.126535, 0.171676, 0.223503, 0.950905, 0.999048, 1, 

34,930,0.001, 0.0110509, 0.0261442, 0.0262016, 0.0663368, 0.100799, 0.164494, 0.217953, 0.845754, 0.979017, 1, 

Generation #13
35,881,0.001, 0.0110509, 0.0391854, 0.0262016, 0.0663368, 0.100799, 0.164494, 0.360442, 0.845754, 0.979017, 1, 

32,1036,0.001, 0.0141455, 0.0218816, 0.0456565, 0.100799, 0.164494, 0.217953, 0.230267, 0.999048, 1, 

31,1118,0.001, 0.0141455, 0.0218816, 0.0456565, 0.171676, 0.100799, 0.164494, 0.845754, 0.979017, 1, 

33,988,0.001, 0.0110509, 0.0218816, 0.0456565, 0.126535, 0.171676, 0.223503, 0.950905, 0.999048, 1, 

34,930,0.001, 0.0110509, 0.0261442, 0.0262016, 0.0663368, 0.100799, 0.164494, 0.217953, 0.845754, 0.979017, 1, 

Generation #14
35,881,0.001, 0.0110509, 0.0391854, 0.0262016, 0.0663368, 0.100799, 0.164494, 0.360442, 0.845754, 0.979017, 1, 

32,1036,0.001, 0.0141455, 0.0218816, 0.0456565, 0.100799, 0.164494, 0.217953, 0.230267, 0.999048, 1, 

31,1118,0.001, 0.0141455, 0.0218816, 0.0456565, 0.171676, 0.100799, 0.164494, 0.845754, 0.979017, 1, 

34,930,0.001, 0.0110509, 0.0261442, 0.0262016, 0.0663368, 0.100799, 0.164494, 0.217953, 0.845754, 0.979017, 1, 

33,958,0.001, 0.0110509, 0.0261442, 0.0262016, 0.0663368, 0.100799, 0.164494, 0.161136, 0.234665, 0.262227, 1, 

Generation #15
35,881,0.001, 0.0110509, 0.0391854, 0.0262016, 0.0663368, 0.100799, 0.164494, 0.360442, 0.845754, 0.979017, 1, 

32,1036,0.001, 0.0141455, 0.0218816, 0.0456565, 0.100799, 0.164494, 0.217953, 0.230267, 0.999048, 1, 

31,1118,0.001, 0.0141455, 0.0218816, 0.0456565, 0.171676, 0.100799, 0.164494, 0.845754, 0.979017, 1, 

34,930,0.001, 0.0110509, 0.0261442, 0.0262016, 0.0663368, 0.100799, 0.164494, 0.217953, 0.845754, 0.979017, 1, 

33,958,0.001, 0.0110509, 0.0261442, 0.0262016, 0.0663368, 0.100799, 0.164494, 0.161136, 0.234665, 0.262227, 1, 

Generation #16
33,958,0.001, 0.0110509, 0.0261442, 0.0262016, 0.0663368, 0.100799, 0.164494, 0.161136, 0.234665, 0.262227, 1, 

31,1042,0.001, 0.0110509, 0.0391854, 0.0928903, 0.129683, 0.148351, 0.15305, 0.365705, 0.999048, 1, 

32,967,0.001, 0.0110509, 0.0261442, 0.0262016, 0.0663368, 0.171676, 0.223503, 0.365705, 0.999048, 1, 

34,831,0.001, 0.0110509, 0.0261442, 0.0456565, 0.0663368, 0.100799, 0.164494, 0.217953, 0.124675, 0.475025, 1, 

Generation #17
33,958,0.001, 0.0110509, 0.0261442, 0.0262016, 0.0663368, 0.100799, 0.164494, 0.161136, 0.234665, 0.262227, 1, 

31,1042,0.001, 0.0110509, 0.0391854, 0.0928903, 0.129683, 0.148351, 0.15305, 0.365705, 0.999048, 1, 

32,967,0.001, 0.0110509, 0.0261442, 0.0262016, 0.0663368, 0.171676, 0.223503, 0.365705, 0.999048, 1, 

34,831,0.001, 0.0110509, 0.0261442, 0.0456565, 0.0663368, 0.100799, 0.164494, 0.217953, 0.124675, 0.475025, 1, 
