------------d=1, t=2, lambda=1, filename=./evaluation/GCC/GCC_2_1.csv------------
Grouping d-sets by partitioned row counts for detecting arrays...
Ready to look at pairs for detecting arrays...
First Stage N=21, Time=611
There are 2258852 remaining non-locating pairs
--- Running GA Algorithm (phase2) ---
Running GA with std::execution::par
Generation #0
42,10975,0.001, 0.0571598, 0.344386, 0.423148, 0.423571, 0.542285, 0.597495, 0.631528, 0.655526, 0.842261, 0.906301, 0.930431, 0.992145, 1, 

38,23925,0.001, 0.139605, 0.219523, 0.33745, 0.371203, 0.465486, 0.467519, 0.710549, 0.845754, 0.979017, 1, 

55,4600,0.001, 0.00749773, 0.0835864, 0.148514, 0.148878, 0.159123, 0.176135, 0.202599, 0.273822, 0.279, 0.303305, 0.354224, 0.379144, 0.45517, 0.463487, 0.532428, 0.559007, 0.582776, 0.626218, 0.704687, 0.713675, 0.738961, 0.761479, 0.761965, 0.804252, 0.900865, 0.94796, 1, 

47,5231,0.001, 0.0141455, 0.0218816, 0.0456565, 0.126535, 0.171676, 0.223503, 0.360442, 0.365705, 0.45636, 0.479251, 0.508095, 0.573131, 0.69156, 0.698453, 0.828251, 0.841254, 0.951562, 1, 

45,10133,0.001, 0.0485364, 0.0638381, 0.103473, 0.112512, 0.157387, 0.207509, 0.233497, 0.34024, 0.425078, 0.623749, 0.642961, 0.77327, 0.821051, 0.86027, 0.97724, 1, 

57,4406,0.001, 0.016774, 0.0547898, 0.114905, 0.167029, 0.204664, 0.210881, 0.23582, 0.244813, 0.262717, 0.352138, 0.413039, 0.418693, 0.466229, 0.520547, 0.531108, 0.535225, 0.607002, 0.66901, 0.687382, 0.732609, 0.736278, 0.751343, 0.77478, 0.801021, 0.804286, 0.873096, 0.898873, 0.915177, 0.951407, 1, 

Generation #1
46,4259,0.001, 0.0110509, 0.0391854, 0.0928903, 0.129683, 0.148351, 0.161136, 0.234665, 0.262227, 0.484486, 0.49426, 0.494827, 0.552829, 0.584441, 0.674566, 0.701407, 0.949534, 1, 

37,5346,0.001, 0.0234395, 0.0390873, 0.0460126, 0.10239, 0.111185, 0.134715, 0.142228, 0.147769, 0.164878, 0.990146, 1, 

36,5438,0.001, 0.016831, 0.0528152, 0.0980615, 0.106911, 0.119235, 0.150345, 0.17776, 0.247358, 0.979017, 1, 

Generation #2
46,4259,0.001, 0.0110509, 0.0391854, 0.0928903, 0.129683, 0.148351, 0.161136, 0.234665, 0.262227, 0.484486, 0.49426, 0.494827, 0.552829, 0.584441, 0.674566, 0.701407, 0.949534, 1, 

37,5346,0.001, 0.0234395, 0.0390873, 0.0460126, 0.10239, 0.111185, 0.134715, 0.142228, 0.147769, 0.164878, 0.990146, 1, 

36,5438,0.001, 0.016831, 0.0528152, 0.0980615, 0.106911, 0.119235, 0.150345, 0.17776, 0.247358, 0.979017, 1, 

41,5237,0.001, 0.016831, 0.0528152, 0.0980615, 0.106911, 0.150345, 0.17776, 0.247358, 0.299091, 0.400537, 0.886671, 0.887786, 1, 

45,4394,0.001, 0.0110509, 0.0391854, 0.0456565, 0.126535, 0.223503, 0.360442, 0.365705, 0.45636, 0.479251, 0.508095, 0.573131, 0.69156, 0.698453, 0.828251, 0.841254, 0.951562, 1, 
