------------d=1, t=2, lambda=1, filename=./evaluation/GCC/GCC_2_1.csv------------
Grouping d-sets by partitioned row counts for detecting arrays...
Ready to look at pairs for detecting arrays...
First Stage N=21, Time=696
There are 2258852 remaining non-locating pairs
--- Running GA Algorithm (phase2) ---
Running GA with std::execution::par
Generation #0
43,17213,0.001, 0.0571598, 0.344386, 0.423148, 0.423571, 0.542285, 0.597495, 0.631528, 0.655526, 0.842261, 0.906301, 0.930431, 0.992145, 1, 

49,5784,0.001, 0.00563984, 0.0472926, 0.0698625, 0.0751163, 0.198198, 0.226628, 0.274555, 0.301448, 0.330416, 0.408317, 0.413537, 0.600954, 0.665264, 0.673547, 0.693171, 0.748014, 0.773028, 0.803385, 0.892334, 0.903401, 1, 

41,20121,0.001, 0.142675, 0.144645, 0.243401, 0.419488, 0.422539, 0.551303, 0.673079, 0.81168, 0.95616, 0.981794, 1, 

46,6441,0.001, 0.0141455, 0.0218816, 0.0456565, 0.126535, 0.171676, 0.223503, 0.360442, 0.365705, 0.45636, 0.479251, 0.508095, 0.573131, 0.69156, 0.698453, 0.828251, 0.841254, 0.951562, 1, 

39,27025,0.001, 0.114574, 0.207754, 0.488192, 0.608378, 0.656133, 0.80047, 0.927298, 0.950905, 0.999048, 1, 

53,5194,0.001, 0.0110509, 0.0391854, 0.0928903, 0.129683, 0.148351, 0.15305, 0.161136, 0.234665, 0.262227, 0.262612, 0.288228, 0.29071, 0.387741, 0.387959, 0.439057, 0.598829, 0.623264, 0.646717, 0.734431, 0.75492, 0.778334, 0.828504, 0.918703, 0.937746, 1, 

44,8793,0.001, 0.0485364, 0.0638381, 0.103473, 0.112512, 0.157387, 0.207509, 0.233497, 0.34024, 0.425078, 0.623749, 0.642961, 0.77327, 0.821051, 0.86027, 0.97724, 1, 

Generation #1
45,5734,0.001, 0.0254464, 0.0366954, 0.0698214, 0.10015, 0.436605, 0.474762, 0.492357, 0.499475, 0.578835, 0.632639, 0.714346, 0.747626, 0.902875, 0.966634, 1, 

52,4323,0.001, 0.0110509, 0.0391854, 0.0928903, 0.129683, 0.148351, 0.15305, 0.161136, 0.234665, 0.262227, 0.262612, 0.288228, 0.29071, 0.387741, 0.387959, 0.439057, 0.598829, 0.623264, 0.646717, 0.734431, 0.75492, 0.778334, 0.828504, 0.918703, 0.937746, 1, 

41,5999,0.001, 0.00749773, 0.0835864, 0.148514, 0.148878, 0.159123, 0.176135, 0.775528, 0.797689, 0.831146, 0.990146, 1, 

39,7028,0.001, 0.016831, 0.0528152, 0.0980615, 0.106911, 0.119235, 0.150345, 0.17776, 0.247358, 0.299091, 0.400537, 0.470213, 0.789084, 1, 

44,5866,0.001, 0.0370946, 0.0407183, 0.081086, 0.140626, 0.209852, 0.273465, 0.273585, 0.681147, 0.856048, 0.901988, 0.943416, 0.99408, 1, 

Generation #2
52,4323,0.001, 0.0110509, 0.0391854, 0.0928903, 0.129683, 0.148351, 0.15305, 0.161136, 0.234665, 0.262227, 0.262612, 0.288228, 0.29071, 0.387741, 0.387959, 0.439057, 0.598829, 0.623264, 0.646717, 0.734431, 0.75492, 0.778334, 0.828504, 0.918703, 0.937746, 1, 

39,4758,0.001, 0.0110509, 0.0391854, 0.0928903, 0.129683, 0.148351, 0.15305, 0.161136, 0.797689, 0.831146, 0.990146, 1, 

40,4721,0.001, 0.016774, 0.0547898, 0.081086, 0.140626, 0.209852, 0.273465, 0.273585, 0.681147, 0.856048, 0.901988, 0.943416, 0.99408, 1, 

Generation #3
52,4323,0.001, 0.0110509, 0.0391854, 0.0928903, 0.129683, 0.148351, 0.15305, 0.161136, 0.234665, 0.262227, 0.262612, 0.288228, 0.29071, 0.387741, 0.387959, 0.439057, 0.598829, 0.623264, 0.646717, 0.734431, 0.75492, 0.778334, 0.828504, 0.918703, 0.937746, 1, 

39,4758,0.001, 0.0110509, 0.0391854, 0.0928903, 0.129683, 0.148351, 0.15305, 0.161136, 0.797689, 0.831146, 0.990146, 1, 

40,4533,0.001, 0.0141455, 0.0218816, 0.0456565, 0.126535, 0.171676, 0.360442, 0.365705, 0.45636, 0.479251, 0.632639, 0.714346, 0.747626, 1, 

38,5950,0.001, 0.0110509, 0.0391854, 0.0928903, 0.129683, 0.148351, 0.15305, 0.161136, 0.234665, 0.83435, 0.852734, 1, 

Generation #4
39,4758,0.001, 0.0110509, 0.0391854, 0.0928903, 0.129683, 0.148351, 0.15305, 0.161136, 0.797689, 0.831146, 0.990146, 1, 

40,4533,0.001, 0.0141455, 0.0218816, 0.0456565, 0.126535, 0.171676, 0.360442, 0.365705, 0.45636, 0.479251, 0.632639, 0.714346, 0.747626, 1, 

36,4826,0.001, 0.0141455, 0.0218816, 0.0456565, 0.126535, 0.171676, 0.360442, 0.927298, 0.950905, 0.999048, 1, 

45,4025,0.001, 0.0110509, 0.0391854, 0.0928903, 0.148351, 0.148351, 0.15305, 0.161136, 0.401264, 0.44847, 0.484486, 0.49426, 0.494827, 0.552829, 0.584441, 0.674566, 0.701407, 0.949534, 1, 
