------------d=1, t=2, lambda=1, filename=./evaluation/GCC/GCC_2_1.csv------------
Grouping d-sets by partitioned row counts for detecting arrays...
Ready to look at pairs for detecting arrays...
First Stage N=21, Time=600
There are 2258852 remaining non-locating pairs
--- Running GA Algorithm (phase2) ---
Running GA with std::execution::par
Generation #0
47,4172,0.001, 0.00563984, 0.0472926, 0.0698625, 0.0751163, 0.198198, 0.226628, 0.274555, 0.301448, 0.330416, 0.408317, 0.413537, 0.600954, 0.665264, 0.673547, 0.693171, 0.748014, 0.773028, 0.803385, 0.892334, 0.903401, 1, 

39,22705,0.001, 0.139605, 0.219523, 0.33745, 0.371203, 0.465486, 0.467519, 0.710549, 0.845754, 0.979017, 1, 

42,10475,0.001, 0.0537338, 0.106666, 0.111303, 0.348809, 0.39629, 0.452333, 0.476821, 0.529451, 0.635177, 0.648952, 0.726148, 0.943837, 0.951523, 1, 

40,19067,0.001, 0.114574, 0.207754, 0.488192, 0.608378, 0.656133, 0.80047, 0.927298, 0.950905, 0.999048, 1, 

43,9002,0.001, 0.0498482, 0.216652, 0.249468, 0.280081, 0.356849, 0.456092, 0.578588, 0.814896, 0.815772, 0.872318, 0.886671, 0.887786, 1, 

Generation #1
47,4172,0.001, 0.00563984, 0.0472926, 0.0698625, 0.0751163, 0.198198, 0.226628, 0.274555, 0.301448, 0.330416, 0.408317, 0.413537, 0.600954, 0.665264, 0.673547, 0.693171, 0.748014, 0.773028, 0.803385, 0.892334, 0.903401, 1, 

39,6074,0.001, 0.00749773, 0.0835864, 0.148514, 0.148878, 0.159123, 0.176135, 0.202599, 0.273822, 0.279, 1, 

40,5912,0.001, 0.0110509, 0.0391854, 0.0928903, 0.129683, 0.148351, 0.15305, 0.161136, 0.234665, 0.262227, 0.262612, 0.726148, 0.943837, 0.951523, 1, 

44,4499,0.001, 0.016774, 0.0547898, 0.114905, 0.393744, 0.431926, 0.462547, 0.528912, 0.586828, 0.59682, 0.710195, 0.749947, 0.797568, 0.797852, 0.857405, 1, 

Generation #2
47,4172,0.001, 0.00563984, 0.0472926, 0.0698625, 0.0751163, 0.198198, 0.226628, 0.274555, 0.301448, 0.330416, 0.408317, 0.413537, 0.600954, 0.665264, 0.673547, 0.693171, 0.748014, 0.773028, 0.803385, 0.892334, 0.903401, 1, 

39,6074,0.001, 0.00749773, 0.0835864, 0.148514, 0.148878, 0.159123, 0.176135, 0.202599, 0.273822, 0.279, 1, 

43,4380,0.001, 0.0110509, 0.0391854, 0.0928903, 0.129683, 0.148351, 0.15305, 0.161136, 0.234665, 0.262227, 0.262612, 0.726148, 0.943837, 0.951523, 1, 

42,4911,0.001, 0.016774, 0.0547898, 0.114905, 0.167029, 0.516866, 0.204664, 0.658021, 0.210881, 0.23582, 0.244813, 0.872318, 0.886671, 0.887786, 1, 

38,6687,0.001, 0.00563984, 0.0786646, 0.272227, 0.319193, 0.340588, 0.687387, 0.775528, 0.831146, 0.990146, 1, 

40,5905,0.001, 0.0211516, 0.0392133, 0.243401, 0.419488, 0.422539, 0.551303, 0.673079, 0.950905, 0.999048, 1, 

Generation #3
47,4172,0.001, 0.00563984, 0.0472926, 0.0698625, 0.0751163, 0.198198, 0.226628, 0.274555, 0.301448, 0.330416, 0.408317, 0.413537, 0.600954, 0.665264, 0.673547, 0.693171, 0.748014, 0.773028, 0.803385, 0.892334, 0.903401, 1, 

43,4380,0.001, 0.0110509, 0.0391854, 0.0928903, 0.129683, 0.148351, 0.15305, 0.161136, 0.234665, 0.262227, 0.262612, 0.726148, 0.943837, 0.951523, 1, 

37,4811,0.001, 0.0141455, 0.0835864, 0.148514, 0.148878, 0.159123, 0.176135, 0.202599, 0.273822, 0.279, 1, 

41,4683,0.001, 0.00749773, 0.0835864, 0.0928903, 0.348809, 0.39629, 0.452333, 0.476821, 0.529451, 0.635177, 0.648952, 1, 
