------------d=1, t=2, lambda=1, filename=./evaluation/GCC/GCC_2_1.csv------------
Computing partitioned counts of d-sets...
Ready to look at pairs based on partitioned counts...
First Stage N=21, Time=934
There are 212048 remaining non-locating pairs
--- Running GA Algorithm (phase2) ---
Running GA with std::execution::par
Generation #0
38,6858,0.001, 0.0537338, 0.106666, 0.111303, 0.348809, 0.39629, 0.452333, 0.476821, 0.529451, 0.635177, 0.648952, 0.726148, 0.943837, 0.951523, 1, 

42,2878,0.001, 0.0141455, 0.0218816, 0.0456565, 0.126535, 0.171676, 0.223503, 0.360442, 0.365705, 0.45636, 0.479251, 0.508095, 0.573131, 0.69156, 0.698453, 0.828251, 0.841254, 0.951562, 1, 

37,11286,0.001, 0.114574, 0.207754, 0.488192, 0.608378, 0.656133, 0.80047, 0.927298, 0.950905, 0.999048, 1, 

39,6464,0.001, 0.0498482, 0.216652, 0.249468, 0.280081, 0.356849, 0.456092, 0.578588, 0.814896, 0.815772, 0.872318, 0.886671, 0.887786, 1, 

40,6310,0.001, 0.0913149, 0.0944587, 0.224379, 0.371329, 0.372239, 0.376172, 0.471627, 0.496676, 0.646755, 0.764687, 0.803333, 0.833078, 0.955158, 1, 

Generation #1
42,2878,0.001, 0.0141455, 0.0218816, 0.0456565, 0.126535, 0.171676, 0.223503, 0.360442, 0.365705, 0.45636, 0.479251, 0.508095, 0.573131, 0.69156, 0.698453, 0.828251, 0.841254, 0.951562, 1, 

34,12317,0.001, 0.10251, 0.153941, 0.221192, 0.371203, 0.465486, 0.467519, 0.845754, 0.979017, 1, 

36,7279,0.001, 0.0735423, 0.205442, 0.220777, 0.22262, 0.436605, 0.474762, 0.492357, 0.607083, 0.793639, 0.806633, 1, 

37,3911,0.001, 0.0465451, 0.0638471, 0.488192, 0.608378, 0.656133, 0.80047, 0.927298, 0.950905, 0.999048, 1, 

49,1850,0.001, 0.0110509, 0.0391854, 0.0928903, 0.129683, 0.148351, 0.15305, 0.161136, 0.234665, 0.262227, 0.417959, 0.422481, 0.437751, 0.531079, 0.56771, 0.665585, 0.753818, 0.779536, 0.779854, 0.839998, 0.860712, 0.920273, 0.923837, 0.948958, 0.981036, 0.999757, 1, 

45,2059,0.001, 0.017851, 0.0501659, 0.0513067, 0.110065, 0.137015, 0.159559, 0.187127, 0.248876, 0.279032, 0.421249, 0.550361, 0.557304, 0.672902, 0.750565, 0.754468, 0.776257, 0.809355, 0.852882, 0.937812, 0.992883, 1, 

41,3188,0.001, 0.0372068, 0.177359, 0.178224, 0.230609, 0.242764, 0.255838, 0.292014, 0.348837, 0.58322, 0.649774, 0.670719, 0.694369, 0.8087, 0.870795, 0.937226, 1, 

Generation #2
34,12317,0.001, 0.10251, 0.153941, 0.221192, 0.371203, 0.465486, 0.467519, 0.845754, 0.979017, 1, 

44,1897,0.001, 0.0259043, 0.0418319, 0.0980574, 0.126465, 0.100799, 0.164494, 0.217953, 0.230267, 0.239707, 0.475426, 0.477239, 0.511489, 0.606937, 0.610299, 0.685118, 0.749872, 0.761045, 0.79815, 0.843834, 0.85952, 0.956795, 1, 

36,2177,0.001, 0.0340047, 0.0418319, 0.0980574, 0.579247, 0.20244, 0.211292, 0.264579, 0.999048, 1, 

46,1702,0.001, 0.00563984, 0.0472926, 0.0698625, 0.0751163, 0.198198, 0.226628, 0.274555, 0.301448, 0.330416, 0.408317, 0.413537, 0.600954, 0.665264, 0.778549, 0.673547, 0.693171, 0.748014, 0.863046, 0.870344, 0.885862, 1, 

49,1198,0.001, 0.0219461, 0.0261442, 0.0262016, 0.0663368, 0.100799, 0.164494, 0.217953, 0.230267, 0.239707, 0.475426, 0.477239, 0.511489, 0.387741, 0.387959, 0.439057, 0.598829, 0.623264, 0.646717, 0.734431, 0.75492, 0.778334, 0.828504, 0.918703, 0.937746, 1, 

Generation #3
34,12317,0.001, 0.10251, 0.153941, 0.221192, 0.371203, 0.465486, 0.467519, 0.845754, 0.979017, 1, 

40,1192,0.001, 0.017851, 0.0501659, 0.224379, 0.968243, 0.372239, 0.376172, 0.471627, 0.496676, 0.646755, 0.764687, 0.803333, 0.833078, 0.955158, 1, 

50,1125,0.001, 0.0110509, 0.0390873, 0.0460126, 0.10239, 0.111185, 0.134715, 0.142228, 0.147769, 0.182603, 0.226503, 0.233886, 0.288066, 0.436146, 0.459913, 0.494666, 0.552769, 0.560013, 0.560173, 0.589613, 0.739437, 0.740977, 0.79267, 0.822098, 0.937526, 0.967304, 1, 

36,1339,0.001, 0.017851, 0.0501659, 0.0513067, 0.110065, 0.137015, 0.159559, 0.388656, 0.607083, 0.793639, 0.806633, 1, 

Generation #4
36,1339,0.001, 0.017851, 0.0501659, 0.0513067, 0.110065, 0.137015, 0.159559, 0.388656, 0.607083, 0.793639, 0.806633, 1, 

35,1713,0.001, 0.00563984, 0.0472926, 0.0698625, 0.0751163, 0.191137, 0.191838, 0.388656, 0.607083, 0.793639, 0.806633, 1, 

39,1090,0.001, 0.0110509, 0.0390873, 0.0460126, 0.10239, 0.111185, 0.134715, 0.142228, 0.147769, 0.58322, 0.649774, 0.670719, 0.694369, 0.979439, 1, 

34,3810,0.001, 0.0340047, 0.227855, 0.26026, 0.269122, 0.356514, 0.211292, 0.264579, 0.999048, 1, 

Generation #5
33,1724,0.001, 0.0110509, 0.0547898, 0.26026, 0.269122, 0.356514, 0.404599, 0.211292, 0.264579, 0.999048, 1, 

34,1009,0.001, 0.0110509, 0.0547898, 0.0928903, 0.129683, 0.148351, 0.764423, 0.15305, 0.234665, 0.262227, 0.806633, 1, 

32,1868,0.001, 0.00563984, 0.0472926, 0.0698625, 0.0751163, 0.198198, 0.274555, 0.301448, 0.330416, 1, 

Generation #6
34,1009,0.001, 0.0110509, 0.0547898, 0.0928903, 0.129683, 0.148351, 0.764423, 0.15305, 0.234665, 0.262227, 0.806633, 1, 

32,1153,0.001, 0.00563984, 0.0472926, 0.0698625, 0.0751163, 0.465486, 0.467519, 0.845754, 1, 

43,1007,0.001, 0.0110509, 0.0391854, 0.129683, 0.148351, 0.15305, 0.161136, 0.365705, 0.45636, 0.408317, 0.413537, 0.600954, 0.665264, 0.778549, 0.673547, 0.693171, 0.748014, 0.863046, 0.870344, 0.885862, 1, 

Generation #7
34,1009,0.001, 0.0110509, 0.0547898, 0.0928903, 0.129683, 0.148351, 0.764423, 0.15305, 0.234665, 0.262227, 0.806633, 1, 

32,1153,0.001, 0.00563984, 0.0472926, 0.0698625, 0.0751163, 0.465486, 0.467519, 0.845754, 1, 

43,1007,0.001, 0.0110509, 0.0391854, 0.129683, 0.148351, 0.15305, 0.161136, 0.365705, 0.45636, 0.408317, 0.413537, 0.600954, 0.665264, 0.778549, 0.673547, 0.693171, 0.748014, 0.863046, 0.870344, 0.885862, 1, 

31,1473,0.001, 0.0110509, 0.0547898, 0.114905, 0.167029, 0.465486, 0.467519, 0.845754, 1, 

Generation #8
34,1009,0.001, 0.0110509, 0.0547898, 0.0928903, 0.129683, 0.148351, 0.764423, 0.15305, 0.234665, 0.262227, 0.806633, 1, 

30,1097,0.001, 0.0110509, 0.0390873, 0.0460126, 0.10239, 0.111185, 0.134715, 0.142228, 0.147769, 1, 

43,926,0.001, 0.0110509, 0.0218816, 0.0513067, 0.110065, 0.137015, 0.159559, 0.187127, 0.248876, 0.279032, 0.421249, 0.550361, 0.557304, 0.672902, 0.750565, 0.754468, 0.776257, 0.809355, 0.852882, 0.937812, 0.992883, 1, 

Generation #9
34,1009,0.001, 0.0110509, 0.0547898, 0.0928903, 0.129683, 0.148351, 0.764423, 0.15305, 0.234665, 0.262227, 0.806633, 1, 

30,1097,0.001, 0.0110509, 0.0390873, 0.0460126, 0.10239, 0.111185, 0.134715, 0.142228, 0.147769, 1, 

43,926,0.001, 0.0110509, 0.0218816, 0.0513067, 0.110065, 0.137015, 0.159559, 0.187127, 0.248876, 0.279032, 0.421249, 0.550361, 0.557304, 0.672902, 0.750565, 0.754468, 0.776257, 0.809355, 0.852882, 0.937812, 0.992883, 1, 

33,1064,0.001, 0.0110509, 0.0547898, 0.114905, 0.167029, 0.204664, 0.159559, 0.292014, 0.348837, 1, 

Generation #10
34,1009,0.001, 0.0110509, 0.0547898, 0.0928903, 0.129683, 0.148351, 0.764423, 0.15305, 0.234665, 0.262227, 0.806633, 1, 

30,1097,0.001, 0.0110509, 0.0390873, 0.0460126, 0.10239, 0.111185, 0.134715, 0.142228, 0.147769, 1, 

43,926,0.001, 0.0110509, 0.0218816, 0.0513067, 0.110065, 0.137015, 0.159559, 0.187127, 0.248876, 0.279032, 0.421249, 0.550361, 0.557304, 0.672902, 0.750565, 0.754468, 0.776257, 0.809355, 0.852882, 0.937812, 0.992883, 1, 

33,1064,0.001, 0.0110509, 0.0547898, 0.114905, 0.167029, 0.204664, 0.159559, 0.292014, 0.348837, 1, 
