------------d=1, t=2, lambda=1, filename=./evaluation/GCC/GCC_2_1.csv------------
Computing partitioned counts of d-sets...
Ready to look at pairs based on partitioned counts...
First Stage N=21, Time=938
There are 212048 remaining non-locating pairs
--- Running GA Algorithm (phase2) ---
Running GA with std::execution::par
Generation #0
46,2840,0.001, 0.00563984, 0.0472926, 0.0698625, 0.0751163, 0.198198, 0.226628, 0.274555, 0.301448, 0.330416, 0.408317, 0.413537, 0.600954, 0.665264, 0.673547, 0.693171, 0.748014, 0.773028, 0.803385, 0.892334, 0.903401, 1, 

39,6116,0.001, 0.0537338, 0.106666, 0.111303, 0.348809, 0.39629, 0.452333, 0.476821, 0.529451, 0.635177, 0.648952, 0.726148, 0.943837, 0.951523, 1, 

41,5961,0.001, 0.0735423, 0.205442, 0.220777, 0.22262, 0.436605, 0.474762, 0.492357, 0.499475, 0.578835, 0.632639, 0.714346, 0.747626, 0.902875, 0.966634, 1, 

45,3063,0.001, 0.0219461, 0.0261442, 0.0262016, 0.0663368, 0.100799, 0.164494, 0.217953, 0.230267, 0.239707, 0.475426, 0.477239, 0.511489, 0.606937, 0.610299, 0.685118, 0.749872, 0.761045, 0.79815, 0.843834, 0.85952, 0.956795, 1, 

49,2581,0.001, 0.0211516, 0.0392133, 0.0765168, 0.109886, 0.119161, 0.216399, 0.246362, 0.302584, 0.345675, 0.346068, 0.390185, 0.443204, 0.455689, 0.522106, 0.532403, 0.55521, 0.604216, 0.702404, 0.757145, 0.774314, 0.824831, 0.850221, 0.930843, 0.984248, 0.991008, 0.997154, 1, 

44,3731,0.001, 0.0141455, 0.0218816, 0.0456565, 0.126535, 0.171676, 0.223503, 0.360442, 0.365705, 0.45636, 0.479251, 0.508095, 0.573131, 0.69156, 0.698453, 0.828251, 0.841254, 0.951562, 1, 

36,9542,0.001, 0.114574, 0.207754, 0.488192, 0.608378, 0.656133, 0.80047, 0.927298, 0.950905, 0.999048, 1, 

40,6110,0.001, 0.0498482, 0.216652, 0.249468, 0.280081, 0.356849, 0.456092, 0.578588, 0.814896, 0.815772, 0.872318, 0.886671, 0.887786, 1, 

42,5798,0.001, 0.0485364, 0.0638381, 0.103473, 0.112512, 0.157387, 0.207509, 0.233497, 0.34024, 0.425078, 0.623749, 0.642961, 0.77327, 0.821051, 0.86027, 0.97724, 1, 

Generation #1
36,9542,0.001, 0.114574, 0.207754, 0.488192, 0.608378, 0.656133, 0.80047, 0.927298, 0.950905, 0.999048, 1, 

41,1850,0.001, 0.016774, 0.0547898, 0.114905, 0.167029, 0.204664, 0.210881, 0.23582, 0.586828, 0.59682, 0.710195, 0.749947, 0.797568, 0.797852, 0.857405, 1, 

50,1608,0.001, 0.00563984, 0.0472926, 0.0698625, 0.0751163, 0.198198, 0.226628, 0.274555, 0.301448, 0.330416, 0.408317, 0.413537, 0.443204, 0.455689, 0.522106, 0.532403, 0.55521, 0.604216, 0.702404, 0.757145, 0.774314, 0.824831, 0.850221, 0.930843, 0.984248, 0.991008, 0.997154, 1, 

37,5800,0.001, 0.0600788, 0.0635621, 0.186926, 0.393744, 0.428939, 0.462547, 0.528912, 0.586828, 0.59682, 1, 

40,2057,0.001, 0.017851, 0.0501659, 0.0513067, 0.110065, 0.137015, 0.159559, 0.528912, 0.586828, 0.59682, 0.710195, 0.749947, 0.797568, 0.797852, 0.857405, 1, 

48,1806,0.001, 0.0110509, 0.0391854, 0.0928903, 0.129683, 0.148351, 0.15305, 0.161136, 0.234665, 0.262227, 0.262612, 0.288228, 0.29071, 0.387741, 0.387959, 0.439057, 0.598829, 0.623264, 0.646717, 0.734431, 0.75492, 0.778334, 0.828504, 0.918703, 0.937746, 1, 

Generation #2
38,1272,0.001, 0.0110509, 0.0391854, 0.0928903, 0.129683, 0.148351, 0.15305, 0.161136, 0.234665, 0.288977, 0.290694, 0.361273, 0.361274, 0.884137, 1, 

33,1479,0.001, 0.017851, 0.0501659, 0.0513067, 0.110065, 0.137015, 0.159559, 0.528912, 0.586828, 0.59682, 1, 

Generation #3
38,1272,0.001, 0.0110509, 0.0391854, 0.0928903, 0.129683, 0.148351, 0.15305, 0.161136, 0.234665, 0.288977, 0.290694, 0.361273, 0.361274, 0.884137, 1, 

33,1318,0.001, 0.0219461, 0.0261442, 0.0262016, 0.0663368, 0.100799, 0.164494, 0.217953, 0.480012, 0.650595, 1, 

44,1236,0.001, 0.017851, 0.0501659, 0.0513067, 0.110065, 0.000362312, 0.159559, 0.528912, 0.586828, 0.59682, 0.419575, 0.58257, 0.681956, 0.730174, 0.790543, 0.830789, 0.837945, 0.848143, 0.885335, 1, 

Generation #4
33,1318,0.001, 0.0219461, 0.0261442, 0.0262016, 0.0663368, 0.100799, 0.164494, 0.217953, 0.480012, 0.650595, 1, 

34,990,0.001, 0.0110509, 0.0391854, 0.0928903, 0.114905, 0.167029, 0.204664, 0.210881, 0.23582, 0.586828, 1, 

Generation #5
33,1318,0.001, 0.0219461, 0.0261442, 0.0262016, 0.0663368, 0.100799, 0.164494, 0.217953, 0.480012, 0.650595, 1, 

34,990,0.001, 0.0110509, 0.0391854, 0.0928903, 0.114905, 0.167029, 0.204664, 0.210881, 0.23582, 0.586828, 1, 

Generation #6
33,1318,0.001, 0.0219461, 0.0261442, 0.0262016, 0.0663368, 0.100799, 0.164494, 0.217953, 0.480012, 0.650595, 1, 

34,990,0.001, 0.0110509, 0.0391854, 0.0928903, 0.114905, 0.167029, 0.204664, 0.210881, 0.23582, 0.586828, 1, 

36,969,0.001, 0.0141455, 0.0218816, 0.0456565, 0.126535, 0.171676, 0.223503, 0.816555, 0.932469, 0.993654, 1, 

Generation #7
33,937,0.001, 0.0110509, 0.0391854, 0.0928903, 0.0663368, 0.100799, 0.164494, 0.360442, 0.365705, 1, 

32,1186,0.001, 0.0141455, 0.0501659, 0.0513067, 0.110065, 0.171676, 0.223503, 0.275105, 0.365705, 1, 

Generation #8
33,937,0.001, 0.0110509, 0.0391854, 0.0928903, 0.0663368, 0.100799, 0.164494, 0.360442, 0.365705, 1, 

32,1186,0.001, 0.0141455, 0.0501659, 0.0513067, 0.110065, 0.171676, 0.223503, 0.275105, 0.365705, 1, 

36,879,0.001, 0.0110509, 0.0391854, 0.0456565, 0.126535, 0.171676, 0.223503, 0.816555, 0.932469, 0.993654, 1, 

Generation #9
36,879,0.001, 0.0110509, 0.0391854, 0.0456565, 0.126535, 0.171676, 0.223503, 0.816555, 0.932469, 0.993654, 1, 

33,915,0.001, 0.0110509, 0.0261442, 0.0262016, 0.0663368, 0.100799, 0.164494, 0.217953, 0.480012, 0.650595, 1, 

32,1134,0.001, 0.0110509, 0.0391854, 0.0928903, 0.129683, 0.148351, 0.392028, 0.397921, 0.59682, 1, 
