------------d=1, t=2, lambda=1, filename=./evaluation/GCC/GCC_2_1.csv------------
Computing partitioned counts of d-sets...
Ready to look at pairs based on partitioned counts...
First Stage N=21, Time=926
There are 212048 remaining non-locating pairs
--- Running GA Algorithm (phase2) ---
Running GA with std::execution::par
Generation #0
43,3038,0.001, 0.00563984, 0.0472926, 0.0698625, 0.0751163, 0.198198, 0.226628, 0.274555, 0.301448, 0.330416, 0.408317, 0.413537, 0.600954, 0.665264, 0.673547, 0.693171, 0.748014, 0.773028, 0.803385, 0.892334, 0.903401, 1, 

37,9264,0.001, 0.139605, 0.219523, 0.33745, 0.371203, 0.465486, 0.467519, 0.710549, 0.845754, 0.979017, 1, 

38,5574,0.001, 0.0537338, 0.106666, 0.111303, 0.348809, 0.39629, 0.452333, 0.476821, 0.529451, 0.635177, 0.648952, 0.726148, 0.943837, 0.951523, 1, 

45,3009,0.001, 0.0219461, 0.0261442, 0.0262016, 0.0663368, 0.100799, 0.164494, 0.217953, 0.230267, 0.239707, 0.475426, 0.477239, 0.511489, 0.606937, 0.610299, 0.685118, 0.749872, 0.761045, 0.79815, 0.843834, 0.85952, 0.956795, 1, 

36,14394,0.001, 0.114574, 0.207754, 0.488192, 0.608378, 0.656133, 0.80047, 0.927298, 0.950905, 0.999048, 1, 

40,4582,0.001, 0.0498482, 0.216652, 0.249468, 0.280081, 0.356849, 0.456092, 0.578588, 0.814896, 0.815772, 0.872318, 0.886671, 0.887786, 1, 

51,2618,0.001, 0.0234395, 0.0390873, 0.0460126, 0.10239, 0.111185, 0.134715, 0.142228, 0.147769, 0.164878, 0.182603, 0.226503, 0.233886, 0.288066, 0.436146, 0.459913, 0.494666, 0.552769, 0.560013, 0.560173, 0.589613, 0.739437, 0.740977, 0.79267, 0.822098, 0.937526, 0.967304, 1, 

Generation #1
33,6514,0.001, 0.0691965, 0.0903244, 0.091733, 0.656133, 0.80047, 0.927298, 0.950905, 0.999048, 1, 

54,2149,0.001, 0.0266537, 0.037516, 0.040253, 0.075425, 0.14546, 0.153692, 0.211271, 0.22996, 0.248763, 0.304855, 0.31975, 0.359774, 0.379474, 0.432226, 0.493915, 0.513683, 0.525324, 0.565476, 0.629407, 0.723999, 0.748353, 0.765408, 0.783513, 0.786685, 0.826215, 0.826464, 0.845842, 0.972216, 0.993531, 1, 

34,2245,0.001, 0.0141455, 0.0218816, 0.0456565, 0.608378, 0.656133, 0.80047, 0.927298, 0.950905, 0.999048, 1, 

Generation #2
33,6514,0.001, 0.0691965, 0.0903244, 0.091733, 0.656133, 0.80047, 0.927298, 0.950905, 0.999048, 1, 

34,1705,0.001, 0.0141455, 0.106666, 0.111303, 0.348809, 0.656133, 0.80047, 0.927298, 0.950905, 1, 

43,1458,0.001, 0.0141455, 0.0218816, 0.0456565, 0.126535, 0.171676, 0.223503, 0.360442, 0.365705, 0.45636, 0.479251, 0.508095, 0.573131, 0.69156, 0.698453, 0.391268, 0.504137, 0.516423, 1, 

52,1315,0.001, 0.0211516, 0.0392133, 0.0765168, 0.119161, 0.216399, 0.246362, 0.201765, 0.215415, 0.215567, 0.254165, 0.298254, 0.324787, 0.363879, 0.391268, 0.504137, 0.516423, 0.523615, 0.547289, 0.599489, 0.601581, 0.63591, 0.637151, 0.649966, 0.652885, 0.667381, 0.687122, 0.797561, 0.838927, 0.978985, 1, 

Generation #3
52,1315,0.001, 0.0211516, 0.0392133, 0.0765168, 0.119161, 0.216399, 0.246362, 0.201765, 0.215415, 0.215567, 0.254165, 0.298254, 0.324787, 0.363879, 0.391268, 0.504137, 0.516423, 0.523615, 0.547289, 0.599489, 0.601581, 0.63591, 0.637151, 0.649966, 0.652885, 0.667381, 0.687122, 0.797561, 0.838927, 0.978985, 1, 

35,1330,0.001, 0.0141455, 0.0218816, 0.0456565, 0.126535, 0.656133, 0.80047, 0.927298, 0.950905, 0.999048, 1, 

33,1821,0.001, 0.016831, 0.0261442, 0.0262016, 0.0663368, 0.100799, 0.816555, 0.932469, 0.993654, 1, 

34,1689,0.001, 0.0219461, 0.0261442, 0.0262016, 0.0663368, 0.100799, 0.164494, 0.58726, 0.950905, 0.999048, 1, 

Generation #4
31,1330,0.001, 0.017851, 0.0513067, 0.110065, 0.137015, 0.159559, 0.187127, 0.248876, 1, 

35,1083,0.001, 0.0141455, 0.0218816, 0.0456565, 0.126535, 0.656133, 0.80047, 0.927298, 0.950905, 0.979017, 1, 

34,1277,0.001, 0.017851, 0.0501659, 0.0513067, 0.110065, 0.137015, 0.159559, 0.187127, 0.248876, 0.279032, 0.421249, 1, 

Generation #5
31,1330,0.001, 0.017851, 0.0513067, 0.110065, 0.137015, 0.159559, 0.187127, 0.248876, 1, 

35,960,0.001, 0.0141455, 0.0218816, 0.0456565, 0.126535, 0.171676, 0.223503, 0.360442, 0.786076, 0.45636, 1, 

34,1188,0.001, 0.0141455, 0.0218816, 0.0456565, 0.126535, 0.171676, 0.223503, 0.360442, 0.365705, 1, 

Generation #6
31,1330,0.001, 0.017851, 0.0513067, 0.110065, 0.137015, 0.159559, 0.187127, 0.248876, 1, 

35,960,0.001, 0.0141455, 0.0218816, 0.0456565, 0.126535, 0.171676, 0.223503, 0.360442, 0.786076, 0.45636, 1, 

34,1185,0.001, 0.0141455, 0.0218816, 0.0456565, 0.10239, 0.111185, 0.134715, 0.147769, 0.164878, 0.964051, 0.993654, 1, 

Generation #7
31,1330,0.001, 0.017851, 0.0513067, 0.110065, 0.137015, 0.159559, 0.187127, 0.248876, 1, 

35,960,0.001, 0.0141455, 0.0218816, 0.0456565, 0.126535, 0.171676, 0.223503, 0.360442, 0.786076, 0.45636, 1, 

34,1185,0.001, 0.0141455, 0.0218816, 0.0456565, 0.10239, 0.111185, 0.134715, 0.147769, 0.164878, 0.964051, 0.993654, 1, 

33,1309,0.001, 0.0141455, 0.0218816, 0.126535, 0.171676, 0.223503, 0.360442, 0.248876, 1, 

Generation #8
31,1330,0.001, 0.017851, 0.0513067, 0.110065, 0.137015, 0.159559, 0.187127, 0.248876, 1, 

35,960,0.001, 0.0141455, 0.0218816, 0.0456565, 0.126535, 0.171676, 0.223503, 0.360442, 0.786076, 0.45636, 1, 

33,1054,0.001, 0.0141455, 0.0218816, 0.0456565, 0.126535, 0.171676, 0.223503, 0.360442, 0.365705, 1, 

32,1305,0.001, 0.0141455, 0.0218816, 0.0262016, 0.0663368, 0.133112, 0.187127, 0.248876, 1, 

Generation #9
31,1330,0.001, 0.017851, 0.0513067, 0.110065, 0.137015, 0.159559, 0.187127, 0.248876, 1, 

35,960,0.001, 0.0141455, 0.0218816, 0.0456565, 0.126535, 0.171676, 0.223503, 0.360442, 0.786076, 0.45636, 1, 

33,1054,0.001, 0.0141455, 0.0218816, 0.0456565, 0.126535, 0.171676, 0.223503, 0.360442, 0.365705, 1, 

32,1305,0.001, 0.0141455, 0.0218816, 0.0262016, 0.0663368, 0.133112, 0.187127, 0.248876, 1, 

Generation #10
31,1330,0.001, 0.017851, 0.0513067, 0.110065, 0.137015, 0.159559, 0.187127, 0.248876, 1, 

33,1024,0.001, 0.0141455, 0.0218816, 0.0456565, 0.126535, 0.171676, 0.360442, 0.248876, 1, 

34,959,0.001, 0.0141455, 0.0218816, 0.0456565, 0.126535, 0.14546, 0.223503, 0.360442, 0.786076, 0.45636, 1, 

32,1153,0.001, 0.0141455, 0.0218816, 0.0456565, 0.126535, 0.171676, 0.154563, 0.248876, 1, 
