------------d=1, t=2, lambda=1, filename=./evaluation/Make/Make_2_1.csv------------
Computing partitioned counts of d-sets...
Ready to look at pairs based on partitioned counts...
First Stage N=30, Time=4
There are 1464 remaining non-locating pairs
--- Running GA Algorithm (phase2) ---
Running GA with std::execution::par
Generation #0
42,349,0.001, 0.107226, 0.125553, 0.184198, 0.198101, 0.254979, 0.328984, 0.331041, 0.331121, 0.393606, 0.452495, 0.454099, 0.491477, 0.596034, 0.623833, 0.648591, 0.701796, 0.83062, 0.980213, 1, 

40,376,0.001, 0.0947605, 0.142012, 0.179778, 0.189462, 0.191137, 0.191838, 0.388656, 0.457753, 0.581852, 0.66415, 0.680059, 0.821016, 0.853868, 0.979439, 1, 

37,765,0.001, 0.221124, 0.229578, 0.248151, 0.317247, 0.437383, 0.444051, 0.643865, 0.749881, 0.83435, 0.852734, 1, 

41,375,0.001, 0.0537338, 0.106666, 0.111303, 0.348809, 0.39629, 0.452333, 0.476821, 0.529451, 0.635177, 0.648952, 0.726148, 0.943837, 0.951523, 1, 

38,439,0.001, 0.14223, 0.153706, 0.489961, 0.49157, 0.49993, 0.518898, 0.58726, 0.607083, 0.793639, 0.806633, 1, 

45,211,0.001, 0.017851, 0.0501659, 0.0513067, 0.110065, 0.137015, 0.159559, 0.187127, 0.248876, 0.279032, 0.421249, 0.482314, 0.608711, 0.629831, 0.648283, 0.693314, 0.753794, 0.76718, 0.888482, 0.910419, 0.911522, 1, 

44,295,0.001, 0.0485364, 0.0638381, 0.103473, 0.112512, 0.157387, 0.207509, 0.233497, 0.34024, 0.425078, 0.623749, 0.642961, 0.77327, 0.821051, 0.86027, 0.97724, 1, 

Generation #1
37,287,0.001, 0.06713, 0.0674232, 0.117336, 0.141682, 0.173924, 0.363872, 0.411498, 0.434517, 0.441918, 1, 

41,200,0.001, 0.0485364, 0.0638381, 0.103473, 0.112512, 0.157387, 0.207509, 0.233497, 0.34024, 0.425078, 0.623749, 0.737906, 0.884534, 0.917956, 0.993539, 1, 

40,208,0.001, 0.0485364, 0.0638381, 0.103473, 0.112512, 0.157387, 0.207509, 0.233497, 0.586828, 0.59682, 0.710195, 0.749947, 0.797568, 0.797852, 0.771266, 0.857405, 1, 

48,174,0.001, 0.00563984, 0.0472926, 0.0698625, 0.0751163, 0.198198, 0.226628, 0.274555, 0.301448, 0.330416, 0.408317, 0.413537, 0.600954, 0.665264, 0.673547, 0.693171, 0.637202, 0.649053, 0.741608, 0.807409, 0.810516, 0.922613, 0.940965, 0.95317, 0.986705, 1, 

38,236,0.001, 0.016774, 0.0547898, 0.114905, 0.167029, 0.204664, 0.210881, 0.284273, 0.23582, 0.845754, 0.979017, 1, 

Generation #2
48,174,0.001, 0.00563984, 0.0472926, 0.0698625, 0.0751163, 0.198198, 0.226628, 0.274555, 0.301448, 0.330416, 0.408317, 0.413537, 0.600954, 0.665264, 0.673547, 0.693171, 0.637202, 0.649053, 0.741608, 0.807409, 0.810516, 0.922613, 0.940965, 0.95317, 0.986705, 1, 

33,408,0.001, 0.016774, 0.0674232, 0.117336, 0.141682, 0.173924, 0.363872, 0.411498, 0.434517, 0.441918, 1, 

35,244,0.001, 0.0720436, 0.0528152, 0.0980615, 0.106911, 0.119235, 0.150345, 0.17776, 0.247358, 0.83435, 0.852734, 1, 

37,195,0.001, 0.017851, 0.0501659, 0.0513067, 0.110065, 0.137015, 0.159559, 0.187127, 0.248876, 0.83435, 0.852734, 1, 

Generation #3
33,408,0.001, 0.016774, 0.0674232, 0.117336, 0.141682, 0.173924, 0.363872, 0.411498, 0.434517, 0.441918, 1, 

39,150,0.001, 0.00563984, 0.0472926, 0.0698625, 0.0751163, 0.137015, 0.159559, 0.397094, 0.439128, 0.446672, 0.457051, 0.782234, 0.787231, 0.8087, 0.870795, 0.937226, 1, 

38,168,0.001, 0.0110509, 0.0391854, 0.0928903, 0.110065, 0.137015, 0.0655549, 0.187127, 0.248876, 0.279032, 0.421249, 0.482314, 0.608711, 0.951523, 1, 

35,172,0.001, 0.0110509, 0.0391854, 0.0928903, 0.129683, 0.148351, 0.15305, 0.284273, 0.23582, 0.845754, 0.979017, 1, 

Generation #4
33,408,0.001, 0.016774, 0.0674232, 0.117336, 0.141682, 0.173924, 0.363872, 0.411498, 0.434517, 0.441918, 1, 

39,150,0.001, 0.00563984, 0.0472926, 0.0698625, 0.0751163, 0.137015, 0.159559, 0.397094, 0.439128, 0.446672, 0.457051, 0.782234, 0.787231, 0.8087, 0.870795, 0.937226, 1, 

35,164,0.001, 0.00563984, 0.0261442, 0.0262016, 0.106911, 0.119235, 0.150345, 0.0777136, 0.247358, 0.845754, 0.271858, 1, 

48,147,0.001, 0.00563984, 0.0472926, 0.0698625, 0.0751163, 0.137015, 0.159559, 0.397094, 0.439128, 0.446672, 0.457051, 0.782234, 0.787231, 0.8087, 0.870795, 0.439057, 0.598829, 0.623264, 0.646717, 0.734431, 0.75492, 0.778334, 0.828504, 0.918703, 0.937746, 1, 

Generation #5
33,408,0.001, 0.016774, 0.0674232, 0.117336, 0.141682, 0.173924, 0.363872, 0.411498, 0.434517, 0.441918, 1, 

35,164,0.001, 0.00563984, 0.0261442, 0.0262016, 0.106911, 0.119235, 0.150345, 0.0777136, 0.247358, 0.845754, 0.271858, 1, 

36,147,0.001, 0.00563984, 0.0472926, 0.0698625, 0.0751163, 0.173924, 0.363872, 0.411498, 0.434517, 0.441918, 1, 

Generation #6
35,164,0.001, 0.00563984, 0.0261442, 0.0262016, 0.106911, 0.119235, 0.150345, 0.0777136, 0.247358, 0.845754, 0.271858, 1, 

36,147,0.001, 0.00563984, 0.0472926, 0.0698625, 0.0751163, 0.173924, 0.363872, 0.411498, 0.434517, 0.441918, 1, 

34,195,0.001, 0.017851, 0.0390873, 0.0460126, 0.141682, 0.173924, 0.363872, 0.577126, 0.441918, 1, 

33,233,0.001, 0.017851, 0.01463, 0.0513067, 0.110065, 0.15996, 0.159559, 0.187127, 0.248876, 0.783244, 0.803073, 0.930679, 1, 

38,143,0.001, 0.00563984, 0.0472926, 0.0698625, 0.0751163, 0.137015, 0.159559, 0.397094, 0.439128, 0.446672, 0.421249, 0.482314, 0.608711, 0.951523, 1, 

Generation #7
33,233,0.001, 0.017851, 0.01463, 0.0513067, 0.110065, 0.15996, 0.159559, 0.187127, 0.248876, 0.783244, 0.803073, 0.930679, 1, 

37,134,0.001, 0.00563984, 0.0261442, 0.0262016, 0.106911, 0.119235, 0.150345, 0.0777136, 0.247358, 0.560323, 0.737906, 0.884534, 0.917956, 0.993539, 1, 

34,139,0.001, 0.00563984, 0.0472926, 0.0698625, 0.0751163, 0.173924, 0.134715, 0.147769, 0.164878, 0.806633, 1, 

Generation #8
32,127,0.001, 0.00563984, 0.0472926, 0.0460126, 0.10239, 0.111185, 0.134715, 0.142228, 0.147769, 0.164878, 0.710601, 0.979017, 1, 

Generation #9
32,127,0.001, 0.00563984, 0.0472926, 0.0460126, 0.10239, 0.111185, 0.134715, 0.142228, 0.147769, 0.164878, 0.710601, 0.979017, 1, 

Generation #10
32,127,0.001, 0.00563984, 0.0472926, 0.0460126, 0.10239, 0.111185, 0.134715, 0.142228, 0.147769, 0.164878, 0.710601, 0.979017, 1, 

Generation #11
32,127,0.001, 0.00563984, 0.0472926, 0.0460126, 0.10239, 0.111185, 0.134715, 0.142228, 0.147769, 0.164878, 0.710601, 0.979017, 1, 

31,224,0.001, 0.0261442, 0.0262016, 0.0663368, 0.100799, 0.164494, 0.161136, 0.234665, 0.441918, 1, 

Generation #12
32,127,0.001, 0.00563984, 0.0472926, 0.0460126, 0.10239, 0.111185, 0.134715, 0.142228, 0.147769, 0.164878, 0.710601, 0.979017, 1, 

31,224,0.001, 0.0261442, 0.0262016, 0.0663368, 0.100799, 0.164494, 0.161136, 0.234665, 0.441918, 1, 

Generation #13
32,127,0.001, 0.00563984, 0.0472926, 0.0460126, 0.10239, 0.111185, 0.134715, 0.142228, 0.147769, 0.164878, 0.710601, 0.979017, 1, 

31,224,0.001, 0.0261442, 0.0262016, 0.0663368, 0.100799, 0.164494, 0.161136, 0.234665, 0.441918, 1, 

Generation #14
32,127,0.001, 0.00563984, 0.0472926, 0.0460126, 0.10239, 0.111185, 0.134715, 0.142228, 0.147769, 0.164878, 0.710601, 0.979017, 1, 

31,224,0.001, 0.0261442, 0.0262016, 0.0663368, 0.100799, 0.164494, 0.161136, 0.234665, 0.441918, 1, 

Generation #15
32,127,0.001, 0.00563984, 0.0472926, 0.0460126, 0.10239, 0.111185, 0.134715, 0.142228, 0.147769, 0.164878, 0.710601, 0.979017, 1, 

31,224,0.001, 0.0261442, 0.0262016, 0.0663368, 0.100799, 0.164494, 0.161136, 0.234665, 0.441918, 1, 

Generation #16
32,127,0.001, 0.00563984, 0.0472926, 0.0460126, 0.10239, 0.111185, 0.134715, 0.142228, 0.147769, 0.164878, 0.710601, 0.979017, 1, 

31,224,0.001, 0.0261442, 0.0262016, 0.0663368, 0.100799, 0.164494, 0.161136, 0.234665, 0.441918, 1, 

Generation #17
32,127,0.001, 0.00563984, 0.0472926, 0.0460126, 0.10239, 0.111185, 0.134715, 0.142228, 0.147769, 0.164878, 0.710601, 0.979017, 1, 

31,224,0.001, 0.0261442, 0.0262016, 0.0663368, 0.100799, 0.164494, 0.161136, 0.234665, 0.441918, 1, 

Generation #18
32,127,0.001, 0.00563984, 0.0472926, 0.0460126, 0.10239, 0.111185, 0.134715, 0.142228, 0.147769, 0.164878, 0.710601, 0.979017, 1, 

31,224,0.001, 0.0261442, 0.0262016, 0.0663368, 0.100799, 0.164494, 0.161136, 0.234665, 0.441918, 1, 

40,117,0.001, 0.00563984, 0.0261442, 0.0262016, 0.0663368, 0.100799, 0.164494, 0.161136, 0.234665, 0.262227, 0.262612, 0.24949, 0.931659, 0.951523, 1, 

Generation #19
32,127,0.001, 0.00563984, 0.0472926, 0.0460126, 0.10239, 0.111185, 0.134715, 0.142228, 0.147769, 0.164878, 0.710601, 0.979017, 1, 

31,224,0.001, 0.0261442, 0.0262016, 0.0663368, 0.100799, 0.164494, 0.161136, 0.234665, 0.441918, 1, 

40,117,0.001, 0.00563984, 0.0261442, 0.0262016, 0.0663368, 0.100799, 0.164494, 0.161136, 0.234665, 0.262227, 0.262612, 0.24949, 0.931659, 0.951523, 1, 

Generation #20
32,127,0.001, 0.00563984, 0.0472926, 0.0460126, 0.10239, 0.111185, 0.134715, 0.142228, 0.147769, 0.164878, 0.710601, 0.979017, 1, 

31,224,0.001, 0.0261442, 0.0262016, 0.0663368, 0.100799, 0.164494, 0.161136, 0.234665, 0.441918, 1, 

40,117,0.001, 0.00563984, 0.0261442, 0.0262016, 0.0663368, 0.100799, 0.164494, 0.161136, 0.234665, 0.262227, 0.262612, 0.24949, 0.931659, 0.951523, 1, 

Generation #21
32,127,0.001, 0.00563984, 0.0472926, 0.0460126, 0.10239, 0.111185, 0.134715, 0.142228, 0.147769, 0.164878, 0.710601, 0.979017, 1, 

31,224,0.001, 0.0261442, 0.0262016, 0.0663368, 0.100799, 0.164494, 0.161136, 0.234665, 0.441918, 1, 

40,117,0.001, 0.00563984, 0.0261442, 0.0262016, 0.0663368, 0.100799, 0.164494, 0.161136, 0.234665, 0.262227, 0.262612, 0.24949, 0.931659, 0.951523, 1, 

Generation #22
32,127,0.001, 0.00563984, 0.0472926, 0.0460126, 0.10239, 0.111185, 0.134715, 0.142228, 0.147769, 0.164878, 0.710601, 0.979017, 1, 

31,224,0.001, 0.0261442, 0.0262016, 0.0663368, 0.100799, 0.164494, 0.161136, 0.234665, 0.441918, 1, 

40,117,0.001, 0.00563984, 0.0261442, 0.0262016, 0.0663368, 0.100799, 0.164494, 0.161136, 0.234665, 0.262227, 0.262612, 0.24949, 0.931659, 0.951523, 1, 

Generation #23
32,127,0.001, 0.00563984, 0.0472926, 0.0460126, 0.10239, 0.111185, 0.134715, 0.142228, 0.147769, 0.164878, 0.710601, 0.979017, 1, 

31,224,0.001, 0.0261442, 0.0262016, 0.0663368, 0.100799, 0.164494, 0.161136, 0.234665, 0.441918, 1, 

40,117,0.001, 0.00563984, 0.0261442, 0.0262016, 0.0663368, 0.100799, 0.164494, 0.161136, 0.234665, 0.262227, 0.262612, 0.24949, 0.931659, 0.951523, 1, 

Generation #24
32,127,0.001, 0.00563984, 0.0472926, 0.0460126, 0.10239, 0.111185, 0.134715, 0.142228, 0.147769, 0.164878, 0.710601, 0.979017, 1, 

31,224,0.001, 0.0261442, 0.0262016, 0.0663368, 0.100799, 0.164494, 0.161136, 0.234665, 0.441918, 1, 

38,115,0.001, 0.00563984, 0.0261442, 0.0262016, 0.0663368, 0.100799, 0.164494, 0.161136, 0.234665, 0.262227, 0.262612, 0.288228, 0.29071, 1, 

Generation #25
32,127,0.001, 0.00563984, 0.0472926, 0.0460126, 0.10239, 0.111185, 0.134715, 0.142228, 0.147769, 0.164878, 0.710601, 0.979017, 1, 

31,224,0.001, 0.0261442, 0.0262016, 0.0663368, 0.100799, 0.164494, 0.161136, 0.234665, 0.441918, 1, 

38,115,0.001, 0.00563984, 0.0261442, 0.0262016, 0.0663368, 0.100799, 0.164494, 0.161136, 0.234665, 0.262227, 0.262612, 0.288228, 0.29071, 1, 

Generation #26
32,127,0.001, 0.00563984, 0.0472926, 0.0460126, 0.10239, 0.111185, 0.134715, 0.142228, 0.147769, 0.164878, 0.710601, 0.979017, 1, 

31,224,0.001, 0.0261442, 0.0262016, 0.0663368, 0.100799, 0.164494, 0.161136, 0.234665, 0.441918, 1, 

38,115,0.001, 0.00563984, 0.0261442, 0.0262016, 0.0663368, 0.100799, 0.164494, 0.161136, 0.234665, 0.262227, 0.262612, 0.288228, 0.29071, 1, 

Generation #27
32,127,0.001, 0.00563984, 0.0472926, 0.0460126, 0.10239, 0.111185, 0.134715, 0.142228, 0.147769, 0.164878, 0.710601, 0.979017, 1, 

31,224,0.001, 0.0261442, 0.0262016, 0.0663368, 0.100799, 0.164494, 0.161136, 0.234665, 0.441918, 1, 

38,115,0.001, 0.00563984, 0.0261442, 0.0262016, 0.0663368, 0.100799, 0.164494, 0.161136, 0.234665, 0.262227, 0.262612, 0.288228, 0.29071, 1, 

Generation #28
32,127,0.001, 0.00563984, 0.0472926, 0.0460126, 0.10239, 0.111185, 0.134715, 0.142228, 0.147769, 0.164878, 0.710601, 0.979017, 1, 

31,224,0.001, 0.0261442, 0.0262016, 0.0663368, 0.100799, 0.164494, 0.161136, 0.234665, 0.441918, 1, 

38,115,0.001, 0.00563984, 0.0261442, 0.0262016, 0.0663368, 0.100799, 0.164494, 0.161136, 0.234665, 0.262227, 0.262612, 0.288228, 0.29071, 1, 

Generation #29
32,127,0.001, 0.00563984, 0.0472926, 0.0460126, 0.10239, 0.111185, 0.134715, 0.142228, 0.147769, 0.164878, 0.710601, 0.979017, 1, 

31,224,0.001, 0.0261442, 0.0262016, 0.0663368, 0.100799, 0.164494, 0.161136, 0.234665, 0.441918, 1, 

38,115,0.001, 0.00563984, 0.0261442, 0.0262016, 0.0663368, 0.100799, 0.164494, 0.161136, 0.234665, 0.262227, 0.262612, 0.288228, 0.29071, 1, 

Generation #30
32,127,0.001, 0.00563984, 0.0472926, 0.0460126, 0.10239, 0.111185, 0.134715, 0.142228, 0.147769, 0.164878, 0.710601, 0.979017, 1, 

31,224,0.001, 0.0261442, 0.0262016, 0.0663368, 0.100799, 0.164494, 0.161136, 0.234665, 0.441918, 1, 

38,115,0.001, 0.00563984, 0.0261442, 0.0262016, 0.0663368, 0.100799, 0.164494, 0.161136, 0.234665, 0.262227, 0.262612, 0.288228, 0.29071, 1, 

Generation #31
32,127,0.001, 0.00563984, 0.0472926, 0.0460126, 0.10239, 0.111185, 0.134715, 0.142228, 0.147769, 0.164878, 0.710601, 0.979017, 1, 

31,224,0.001, 0.0261442, 0.0262016, 0.0663368, 0.100799, 0.164494, 0.161136, 0.234665, 0.441918, 1, 

38,115,0.001, 0.00563984, 0.0261442, 0.0262016, 0.0663368, 0.100799, 0.164494, 0.161136, 0.234665, 0.262227, 0.262612, 0.288228, 0.29071, 1, 

Generation #32
32,127,0.001, 0.00563984, 0.0472926, 0.0460126, 0.10239, 0.111185, 0.134715, 0.142228, 0.147769, 0.164878, 0.710601, 0.979017, 1, 

31,224,0.001, 0.0261442, 0.0262016, 0.0663368, 0.100799, 0.164494, 0.161136, 0.234665, 0.441918, 1, 

38,115,0.001, 0.00563984, 0.0261442, 0.0262016, 0.0663368, 0.100799, 0.164494, 0.161136, 0.234665, 0.262227, 0.262612, 0.288228, 0.29071, 1, 

Generation #33
32,127,0.001, 0.00563984, 0.0472926, 0.0460126, 0.10239, 0.111185, 0.134715, 0.142228, 0.147769, 0.164878, 0.710601, 0.979017, 1, 

31,224,0.001, 0.0261442, 0.0262016, 0.0663368, 0.100799, 0.164494, 0.161136, 0.234665, 0.441918, 1, 

38,115,0.001, 0.00563984, 0.0261442, 0.0262016, 0.0663368, 0.100799, 0.164494, 0.161136, 0.234665, 0.262227, 0.262612, 0.288228, 0.29071, 1, 

Generation #34
32,127,0.001, 0.00563984, 0.0472926, 0.0460126, 0.10239, 0.111185, 0.134715, 0.142228, 0.147769, 0.164878, 0.710601, 0.979017, 1, 

31,224,0.001, 0.0261442, 0.0262016, 0.0663368, 0.100799, 0.164494, 0.161136, 0.234665, 0.441918, 1, 

38,115,0.001, 0.00563984, 0.0261442, 0.0262016, 0.0663368, 0.100799, 0.164494, 0.161136, 0.234665, 0.262227, 0.262612, 0.288228, 0.29071, 1, 

Generation #35
32,127,0.001, 0.00563984, 0.0472926, 0.0460126, 0.10239, 0.111185, 0.134715, 0.142228, 0.147769, 0.164878, 0.710601, 0.979017, 1, 

31,224,0.001, 0.0261442, 0.0262016, 0.0663368, 0.100799, 0.164494, 0.161136, 0.234665, 0.441918, 1, 

38,115,0.001, 0.00563984, 0.0261442, 0.0262016, 0.0663368, 0.100799, 0.164494, 0.161136, 0.234665, 0.262227, 0.262612, 0.288228, 0.29071, 1, 

Generation #36
32,127,0.001, 0.00563984, 0.0472926, 0.0460126, 0.10239, 0.111185, 0.134715, 0.142228, 0.147769, 0.164878, 0.710601, 0.979017, 1, 

31,224,0.001, 0.0261442, 0.0262016, 0.0663368, 0.100799, 0.164494, 0.161136, 0.234665, 0.441918, 1, 

38,115,0.001, 0.00563984, 0.0261442, 0.0262016, 0.0663368, 0.100799, 0.164494, 0.161136, 0.234665, 0.262227, 0.262612, 0.288228, 0.29071, 1, 

Generation #37
32,127,0.001, 0.00563984, 0.0472926, 0.0460126, 0.10239, 0.111185, 0.134715, 0.142228, 0.147769, 0.164878, 0.710601, 0.979017, 1, 

31,224,0.001, 0.0261442, 0.0262016, 0.0663368, 0.100799, 0.164494, 0.161136, 0.234665, 0.441918, 1, 

38,115,0.001, 0.00563984, 0.0261442, 0.0262016, 0.0663368, 0.100799, 0.164494, 0.161136, 0.234665, 0.262227, 0.262612, 0.288228, 0.29071, 1, 

Generation #38
32,127,0.001, 0.00563984, 0.0472926, 0.0460126, 0.10239, 0.111185, 0.134715, 0.142228, 0.147769, 0.164878, 0.710601, 0.979017, 1, 

31,224,0.001, 0.0261442, 0.0262016, 0.0663368, 0.100799, 0.164494, 0.161136, 0.234665, 0.441918, 1, 

38,115,0.001, 0.00563984, 0.0261442, 0.0262016, 0.0663368, 0.100799, 0.164494, 0.161136, 0.234665, 0.262227, 0.262612, 0.288228, 0.29071, 1, 

Generation #39
32,127,0.001, 0.00563984, 0.0472926, 0.0460126, 0.10239, 0.111185, 0.134715, 0.142228, 0.147769, 0.164878, 0.710601, 0.979017, 1, 

31,224,0.001, 0.0261442, 0.0262016, 0.0663368, 0.100799, 0.164494, 0.161136, 0.234665, 0.441918, 1, 

38,115,0.001, 0.00563984, 0.0261442, 0.0262016, 0.0663368, 0.100799, 0.164494, 0.161136, 0.234665, 0.262227, 0.262612, 0.288228, 0.29071, 1, 

Generation #40
32,127,0.001, 0.00563984, 0.0472926, 0.0460126, 0.10239, 0.111185, 0.134715, 0.142228, 0.147769, 0.164878, 0.710601, 0.979017, 1, 

31,224,0.001, 0.0261442, 0.0262016, 0.0663368, 0.100799, 0.164494, 0.161136, 0.234665, 0.441918, 1, 

38,115,0.001, 0.00563984, 0.0261442, 0.0262016, 0.0663368, 0.100799, 0.164494, 0.161136, 0.234665, 0.262227, 0.262612, 0.288228, 0.29071, 1, 

Generation #41
32,127,0.001, 0.00563984, 0.0472926, 0.0460126, 0.10239, 0.111185, 0.134715, 0.142228, 0.147769, 0.164878, 0.710601, 0.979017, 1, 

31,224,0.001, 0.0261442, 0.0262016, 0.0663368, 0.100799, 0.164494, 0.161136, 0.234665, 0.441918, 1, 

38,115,0.001, 0.00563984, 0.0261442, 0.0262016, 0.0663368, 0.100799, 0.164494, 0.161136, 0.234665, 0.262227, 0.262612, 0.288228, 0.29071, 1, 

Generation #42
32,127,0.001, 0.00563984, 0.0472926, 0.0460126, 0.10239, 0.111185, 0.134715, 0.142228, 0.147769, 0.164878, 0.710601, 0.979017, 1, 

31,224,0.001, 0.0261442, 0.0262016, 0.0663368, 0.100799, 0.164494, 0.161136, 0.234665, 0.441918, 1, 

38,115,0.001, 0.00563984, 0.0261442, 0.0262016, 0.0663368, 0.100799, 0.164494, 0.161136, 0.234665, 0.262227, 0.262612, 0.288228, 0.29071, 1, 

Generation #43
32,127,0.001, 0.00563984, 0.0472926, 0.0460126, 0.10239, 0.111185, 0.134715, 0.142228, 0.147769, 0.164878, 0.710601, 0.979017, 1, 

31,224,0.001, 0.0261442, 0.0262016, 0.0663368, 0.100799, 0.164494, 0.161136, 0.234665, 0.441918, 1, 

38,115,0.001, 0.00563984, 0.0261442, 0.0262016, 0.0663368, 0.100799, 0.164494, 0.161136, 0.234665, 0.262227, 0.262612, 0.288228, 0.29071, 1, 

Generation #44
32,127,0.001, 0.00563984, 0.0472926, 0.0460126, 0.10239, 0.111185, 0.134715, 0.142228, 0.147769, 0.164878, 0.710601, 0.979017, 1, 

31,224,0.001, 0.0261442, 0.0262016, 0.0663368, 0.100799, 0.164494, 0.161136, 0.234665, 0.441918, 1, 

38,115,0.001, 0.00563984, 0.0261442, 0.0262016, 0.0663368, 0.100799, 0.164494, 0.161136, 0.234665, 0.262227, 0.262612, 0.288228, 0.29071, 1, 

Generation #45
32,127,0.001, 0.00563984, 0.0472926, 0.0460126, 0.10239, 0.111185, 0.134715, 0.142228, 0.147769, 0.164878, 0.710601, 0.979017, 1, 

31,224,0.001, 0.0261442, 0.0262016, 0.0663368, 0.100799, 0.164494, 0.161136, 0.234665, 0.441918, 1, 

38,115,0.001, 0.00563984, 0.0261442, 0.0262016, 0.0663368, 0.100799, 0.164494, 0.161136, 0.234665, 0.262227, 0.262612, 0.288228, 0.29071, 1, 

37,125,0.001, 0.00563984, 0.0261442, 0.0262016, 0.0663368, 0.100799, 0.150345, 0.142228, 0.147769, 0.262612, 0.24949, 0.288228, 0.29071, 1, 

Generation #46
32,127,0.001, 0.00563984, 0.0472926, 0.0460126, 0.10239, 0.111185, 0.134715, 0.142228, 0.147769, 0.164878, 0.710601, 0.979017, 1, 

31,224,0.001, 0.0261442, 0.0262016, 0.0663368, 0.100799, 0.164494, 0.161136, 0.234665, 0.441918, 1, 

38,115,0.001, 0.00563984, 0.0261442, 0.0262016, 0.0663368, 0.100799, 0.164494, 0.161136, 0.234665, 0.262227, 0.262612, 0.288228, 0.29071, 1, 

37,125,0.001, 0.00563984, 0.0261442, 0.0262016, 0.0663368, 0.100799, 0.150345, 0.142228, 0.147769, 0.262612, 0.24949, 0.288228, 0.29071, 1, 

Generation #47
32,127,0.001, 0.00563984, 0.0472926, 0.0460126, 0.10239, 0.111185, 0.134715, 0.142228, 0.147769, 0.164878, 0.710601, 0.979017, 1, 

31,224,0.001, 0.0261442, 0.0262016, 0.0663368, 0.100799, 0.164494, 0.161136, 0.234665, 0.441918, 1, 

38,115,0.001, 0.00563984, 0.0261442, 0.0262016, 0.0663368, 0.100799, 0.164494, 0.161136, 0.234665, 0.262227, 0.262612, 0.288228, 0.29071, 1, 

37,125,0.001, 0.00563984, 0.0261442, 0.0262016, 0.0663368, 0.100799, 0.150345, 0.142228, 0.147769, 0.262612, 0.24949, 0.288228, 0.29071, 1, 

Generation #48
32,127,0.001, 0.00563984, 0.0472926, 0.0460126, 0.10239, 0.111185, 0.134715, 0.142228, 0.147769, 0.164878, 0.710601, 0.979017, 1, 

31,224,0.001, 0.0261442, 0.0262016, 0.0663368, 0.100799, 0.164494, 0.161136, 0.234665, 0.441918, 1, 

38,115,0.001, 0.00563984, 0.0261442, 0.0262016, 0.0663368, 0.100799, 0.164494, 0.161136, 0.234665, 0.262227, 0.262612, 0.288228, 0.29071, 1, 

34,122,0.001, 0.00563984, 0.00566345, 0.0262016, 0.0663368, 0.100799, 0.150345, 0.142228, 0.147769, 0.164878, 0.710601, 0.979017, 1, 

Generation #49
32,127,0.001, 0.00563984, 0.0472926, 0.0460126, 0.10239, 0.111185, 0.134715, 0.142228, 0.147769, 0.164878, 0.710601, 0.979017, 1, 

31,224,0.001, 0.0261442, 0.0262016, 0.0663368, 0.100799, 0.164494, 0.161136, 0.234665, 0.441918, 1, 

38,115,0.001, 0.00563984, 0.0261442, 0.0262016, 0.0663368, 0.100799, 0.164494, 0.161136, 0.234665, 0.262227, 0.262612, 0.288228, 0.29071, 1, 

34,122,0.001, 0.00563984, 0.00566345, 0.0262016, 0.0663368, 0.100799, 0.150345, 0.142228, 0.147769, 0.164878, 0.710601, 0.979017, 1, 

--- Pareto Front Solutions ---
Solution 0: N total=62 (N_initial=30, N_added=32), Time total=131 ms, Saved to: ./results/Make_t2_l1_pareto_0.csv, percents=0.001, 0.00563984, 0.0472926, 0.0460126, 0.10239, 0.111185, 0.134715, 0.142228, 0.147769, 0.164878, 0.710601, 0.979017, 1, 

Solution 1: N total=61 (N_initial=30, N_added=31), Time total=228 ms, Saved to: ./results/Make_t2_l1_pareto_1.csv, percents=0.001, 0.0261442, 0.0262016, 0.0663368, 0.100799, 0.164494, 0.161136, 0.234665, 0.441918, 1, 

Solution 2: N total=68 (N_initial=30, N_added=38), Time total=119 ms, Saved to: ./results/Make_t2_l1_pareto_2.csv, percents=0.001, 0.00563984, 0.0261442, 0.0262016, 0.0663368, 0.100799, 0.164494, 0.161136, 0.234665, 0.262227, 0.262612, 0.288228, 0.29071, 1, 

Solution 3: N total=64 (N_initial=30, N_added=34), Time total=126 ms, Saved to: ./results/Make_t2_l1_pareto_3.csv, percents=0.001, 0.00563984, 0.00566345, 0.0262016, 0.0663368, 0.100799, 0.150345, 0.142228, 0.147769, 0.164878, 0.710601, 0.979017, 1, 

------------d=1, t=2, lambda=2, filename=./evaluation/Make/Make_2_2.csv------------
Computing partitioned counts of d-sets...
Ready to look at pairs based on partitioned counts...
First Stage N=60, Time=3
There are 30 remaining non-locating pairs
--- Running GA Algorithm (phase2) ---
Running GA with std::execution::par
Generation #0
26,23,0.001, 0.068677, 0.12928, 0.151189, 0.21265, 0.315101, 0.554605, 0.662325, 0.693656, 0.875459, 0.905602, 0.958639, 1, 

29,16,0.001, 0.0424728, 0.0574048, 0.0703741, 0.198439, 0.221163, 0.235564, 0.238449, 0.266286, 0.299004, 0.516082, 0.556179, 0.658127, 0.87205, 0.917495, 1, 

32,9,0.001, 0.0484337, 0.0744331, 0.0870623, 0.0904477, 0.0921581, 0.100588, 0.118429, 0.221599, 0.248401, 0.321294, 0.343599, 0.35861, 0.362204, 0.392321, 0.446593, 0.467711, 0.492696, 0.596614, 0.930446, 0.990302, 1, 

34,8,0.001, 0.0954543, 0.129797, 0.134568, 0.14578, 0.150514, 0.209402, 0.21918, 0.234906, 0.289835, 0.34917, 0.382435, 0.387705, 0.460546, 0.480468, 0.482281, 0.523495, 0.549321, 0.578745, 0.598869, 0.720184, 0.749251, 0.751368, 0.781365, 1, 

Generation #1
26,22,0.001, 0.0138136, 0.0248317, 0.106576, 0.131438, 0.177542, 0.218269, 0.235977, 0.274608, 0.291744, 1, 

28,4,0.001, 0.0484337, 0.0744331, 0.0870623, 0.0904477, 0.122931, 0.100588, 0.118429, 0.221599, 0.248401, 0.321294, 0.343599, 0.632341, 0.659642, 0.687205, 0.715978, 0.741353, 1, 

23,26,0.001, 0.073764, 0.127208, 0.158229, 0.173822, 0.179154, 0.632353, 0.700075, 0.717229, 0.730002, 1, 

Generation #2
28,4,0.001, 0.0484337, 0.0744331, 0.0870623, 0.0904477, 0.122931, 0.100588, 0.118429, 0.221599, 0.248401, 0.321294, 0.343599, 0.632341, 0.659642, 0.687205, 0.715978, 0.741353, 1, 

22,5,0.001, 0.0484337, 0.0744331, 0.0870623, 0.0904477, 0.142824, 0.0921581, 0.100588, 0.118429, 0.221599, 0.248401, 0.572124, 0.824868, 0.869755, 1, 

Generation #3
28,4,0.001, 0.0484337, 0.0744331, 0.0870623, 0.0904477, 0.122931, 0.100588, 0.118429, 0.221599, 0.248401, 0.321294, 0.343599, 0.632341, 0.659642, 0.687205, 0.715978, 0.741353, 1, 

22,5,0.001, 0.0484337, 0.0744331, 0.0870623, 0.0904477, 0.142824, 0.0921581, 0.100588, 0.118429, 0.221599, 0.248401, 0.572124, 0.824868, 0.869755, 1, 

Generation #4
28,4,0.001, 0.0484337, 0.0744331, 0.0870623, 0.0904477, 0.122931, 0.100588, 0.118429, 0.221599, 0.248401, 0.321294, 0.343599, 0.632341, 0.659642, 0.687205, 0.715978, 0.741353, 1, 

22,5,0.001, 0.0484337, 0.0744331, 0.0870623, 0.0904477, 0.142824, 0.0921581, 0.100588, 0.118429, 0.221599, 0.248401, 0.572124, 0.824868, 0.869755, 1, 

Generation #5
28,4,0.001, 0.0484337, 0.0744331, 0.0870623, 0.0904477, 0.122931, 0.100588, 0.118429, 0.221599, 0.248401, 0.321294, 0.343599, 0.632341, 0.659642, 0.687205, 0.715978, 0.741353, 1, 

22,5,0.001, 0.0484337, 0.0744331, 0.0870623, 0.0904477, 0.142824, 0.0921581, 0.100588, 0.118429, 0.221599, 0.248401, 0.572124, 0.824868, 0.869755, 1, 

Generation #6
28,4,0.001, 0.0484337, 0.0744331, 0.0870623, 0.0904477, 0.122931, 0.100588, 0.118429, 0.221599, 0.248401, 0.321294, 0.343599, 0.632341, 0.659642, 0.687205, 0.715978, 0.741353, 1, 

22,5,0.001, 0.0484337, 0.0744331, 0.0870623, 0.0904477, 0.142824, 0.0921581, 0.100588, 0.118429, 0.221599, 0.248401, 0.572124, 0.824868, 0.869755, 1, 

Generation #7
28,4,0.001, 0.0484337, 0.0744331, 0.0870623, 0.0904477, 0.122931, 0.100588, 0.118429, 0.221599, 0.248401, 0.321294, 0.343599, 0.632341, 0.659642, 0.687205, 0.715978, 0.741353, 1, 

22,5,0.001, 0.0484337, 0.0744331, 0.0870623, 0.0904477, 0.142824, 0.0921581, 0.100588, 0.118429, 0.221599, 0.248401, 0.572124, 0.824868, 0.869755, 1, 

Generation #8
28,4,0.001, 0.0484337, 0.0744331, 0.0870623, 0.0904477, 0.122931, 0.100588, 0.118429, 0.221599, 0.248401, 0.321294, 0.343599, 0.632341, 0.659642, 0.687205, 0.715978, 0.741353, 1, 

22,5,0.001, 0.0484337, 0.0744331, 0.0870623, 0.0904477, 0.142824, 0.0921581, 0.100588, 0.118429, 0.221599, 0.248401, 0.572124, 0.824868, 0.869755, 1, 

Generation #9
28,4,0.001, 0.0484337, 0.0744331, 0.0870623, 0.0904477, 0.122931, 0.100588, 0.118429, 0.221599, 0.248401, 0.321294, 0.343599, 0.632341, 0.659642, 0.687205, 0.715978, 0.741353, 1, 

22,5,0.001, 0.0484337, 0.0744331, 0.0870623, 0.0904477, 0.142824, 0.0921581, 0.100588, 0.118429, 0.221599, 0.248401, 0.572124, 0.824868, 0.869755, 1, 

Generation #10
22,5,0.001, 0.0484337, 0.0744331, 0.0870623, 0.0904477, 0.142824, 0.0921581, 0.100588, 0.118429, 0.221599, 0.248401, 0.572124, 0.824868, 0.869755, 1, 

25,3,0.001, 0.0484337, 0.0744331, 0.0870623, 0.0904477, 0.122931, 0.100588, 0.118429, 0.221599, 0.316565, 0.601765, 0.608683, 0.87205, 0.917495, 1, 

Generation #11
22,5,0.001, 0.0484337, 0.0744331, 0.0870623, 0.0904477, 0.142824, 0.0921581, 0.100588, 0.118429, 0.221599, 0.248401, 0.572124, 0.824868, 0.869755, 1, 

25,3,0.001, 0.0484337, 0.0744331, 0.0870623, 0.0904477, 0.122931, 0.100588, 0.118429, 0.221599, 0.316565, 0.601765, 0.608683, 0.87205, 0.917495, 1, 

Generation #12
22,5,0.001, 0.0484337, 0.0744331, 0.0870623, 0.0904477, 0.142824, 0.0921581, 0.100588, 0.118429, 0.221599, 0.248401, 0.572124, 0.824868, 0.869755, 1, 

21,7,0.001, 0.0484337, 0.0744331, 0.0870623, 0.0904477, 0.122931, 0.15294, 0.170516, 0.209869, 0.279357, 0.287906, 0.643473, 0.73706, 1, 

25,1,0.001, 0.0484337, 0.0744331, 0.0870623, 0.0904477, 0.0790882, 0.0840434, 0.145478, 0.148979, 0.171035, 0.196612, 0.221992, 0.253705, 0.356477, 0.423276, 0.445354, 0.51537, 1, 

Generation #13
22,5,0.001, 0.0484337, 0.0744331, 0.0870623, 0.0904477, 0.142824, 0.0921581, 0.100588, 0.118429, 0.221599, 0.248401, 0.572124, 0.824868, 0.869755, 1, 

21,7,0.001, 0.0484337, 0.0744331, 0.0870623, 0.0904477, 0.122931, 0.15294, 0.170516, 0.209869, 0.279357, 0.287906, 0.643473, 0.73706, 1, 

25,1,0.001, 0.0484337, 0.0744331, 0.0870623, 0.0904477, 0.0790882, 0.0840434, 0.145478, 0.148979, 0.171035, 0.196612, 0.221992, 0.253705, 0.356477, 0.423276, 0.445354, 0.51537, 1, 

Generation #14
22,5,0.001, 0.0484337, 0.0744331, 0.0870623, 0.0904477, 0.142824, 0.0921581, 0.100588, 0.118429, 0.221599, 0.248401, 0.572124, 0.824868, 0.869755, 1, 

21,7,0.001, 0.0484337, 0.0744331, 0.0870623, 0.0904477, 0.122931, 0.15294, 0.170516, 0.209869, 0.279357, 0.287906, 0.643473, 0.73706, 1, 

25,1,0.001, 0.0484337, 0.0744331, 0.0870623, 0.0904477, 0.0790882, 0.0840434, 0.145478, 0.148979, 0.171035, 0.196612, 0.221992, 0.253705, 0.356477, 0.423276, 0.445354, 0.51537, 1, 

Generation #15
22,5,0.001, 0.0484337, 0.0744331, 0.0870623, 0.0904477, 0.142824, 0.0921581, 0.100588, 0.118429, 0.221599, 0.248401, 0.572124, 0.824868, 0.869755, 1, 

21,7,0.001, 0.0484337, 0.0744331, 0.0870623, 0.0904477, 0.122931, 0.15294, 0.170516, 0.209869, 0.279357, 0.287906, 0.643473, 0.73706, 1, 

25,1,0.001, 0.0484337, 0.0744331, 0.0870623, 0.0904477, 0.0790882, 0.0840434, 0.145478, 0.148979, 0.171035, 0.196612, 0.221992, 0.253705, 0.356477, 0.423276, 0.445354, 0.51537, 1, 

Generation #16
22,5,0.001, 0.0484337, 0.0744331, 0.0870623, 0.0904477, 0.142824, 0.0921581, 0.100588, 0.118429, 0.221599, 0.248401, 0.572124, 0.824868, 0.869755, 1, 

21,7,0.001, 0.0484337, 0.0744331, 0.0870623, 0.0904477, 0.122931, 0.15294, 0.170516, 0.209869, 0.279357, 0.287906, 0.643473, 0.73706, 1, 

25,1,0.001, 0.0484337, 0.0744331, 0.0870623, 0.0904477, 0.0790882, 0.0840434, 0.145478, 0.148979, 0.171035, 0.196612, 0.221992, 0.253705, 0.356477, 0.423276, 0.445354, 0.51537, 1, 

Generation #17
22,5,0.001, 0.0484337, 0.0744331, 0.0870623, 0.0904477, 0.142824, 0.0921581, 0.100588, 0.118429, 0.221599, 0.248401, 0.572124, 0.824868, 0.869755, 1, 

21,7,0.001, 0.0484337, 0.0744331, 0.0870623, 0.0904477, 0.122931, 0.15294, 0.170516, 0.209869, 0.279357, 0.287906, 0.643473, 0.73706, 1, 

25,1,0.001, 0.0484337, 0.0744331, 0.0870623, 0.0904477, 0.0790882, 0.0840434, 0.145478, 0.148979, 0.171035, 0.196612, 0.221992, 0.253705, 0.356477, 0.423276, 0.445354, 0.51537, 1, 

Generation #18
22,5,0.001, 0.0484337, 0.0744331, 0.0870623, 0.0904477, 0.142824, 0.0921581, 0.100588, 0.118429, 0.221599, 0.248401, 0.572124, 0.824868, 0.869755, 1, 

21,7,0.001, 0.0484337, 0.0744331, 0.0870623, 0.0904477, 0.122931, 0.15294, 0.170516, 0.209869, 0.279357, 0.287906, 0.643473, 0.73706, 1, 

25,1,0.001, 0.0484337, 0.0744331, 0.0870623, 0.0904477, 0.0790882, 0.0840434, 0.145478, 0.148979, 0.171035, 0.196612, 0.221992, 0.253705, 0.356477, 0.423276, 0.445354, 0.51537, 1, 

Generation #19
22,5,0.001, 0.0484337, 0.0744331, 0.0870623, 0.0904477, 0.142824, 0.0921581, 0.100588, 0.118429, 0.221599, 0.248401, 0.572124, 0.824868, 0.869755, 1, 

21,7,0.001, 0.0484337, 0.0744331, 0.0870623, 0.0904477, 0.122931, 0.15294, 0.170516, 0.209869, 0.279357, 0.287906, 0.643473, 0.73706, 1, 

25,1,0.001, 0.0484337, 0.0744331, 0.0870623, 0.0904477, 0.0790882, 0.0840434, 0.145478, 0.148979, 0.171035, 0.196612, 0.221992, 0.253705, 0.356477, 0.423276, 0.445354, 0.51537, 1, 

Generation #20
22,5,0.001, 0.0484337, 0.0744331, 0.0870623, 0.0904477, 0.142824, 0.0921581, 0.100588, 0.118429, 0.221599, 0.248401, 0.572124, 0.824868, 0.869755, 1, 

21,7,0.001, 0.0484337, 0.0744331, 0.0870623, 0.0904477, 0.122931, 0.15294, 0.170516, 0.209869, 0.279357, 0.287906, 0.643473, 0.73706, 1, 

25,1,0.001, 0.0484337, 0.0744331, 0.0870623, 0.0904477, 0.0790882, 0.0840434, 0.145478, 0.148979, 0.171035, 0.196612, 0.221992, 0.253705, 0.356477, 0.423276, 0.445354, 0.51537, 1, 

Generation #21
22,5,0.001, 0.0484337, 0.0744331, 0.0870623, 0.0904477, 0.142824, 0.0921581, 0.100588, 0.118429, 0.221599, 0.248401, 0.572124, 0.824868, 0.869755, 1, 

21,7,0.001, 0.0484337, 0.0744331, 0.0870623, 0.0904477, 0.122931, 0.15294, 0.170516, 0.209869, 0.279357, 0.287906, 0.643473, 0.73706, 1, 

25,1,0.001, 0.0484337, 0.0744331, 0.0870623, 0.0904477, 0.0790882, 0.0840434, 0.145478, 0.148979, 0.171035, 0.196612, 0.221992, 0.253705, 0.356477, 0.423276, 0.445354, 0.51537, 1, 

Generation #22
22,5,0.001, 0.0484337, 0.0744331, 0.0870623, 0.0904477, 0.142824, 0.0921581, 0.100588, 0.118429, 0.221599, 0.248401, 0.572124, 0.824868, 0.869755, 1, 

21,7,0.001, 0.0484337, 0.0744331, 0.0870623, 0.0904477, 0.122931, 0.15294, 0.170516, 0.209869, 0.279357, 0.287906, 0.643473, 0.73706, 1, 

25,1,0.001, 0.0484337, 0.0744331, 0.0870623, 0.0904477, 0.0790882, 0.0840434, 0.145478, 0.148979, 0.171035, 0.196612, 0.221992, 0.253705, 0.356477, 0.423276, 0.445354, 0.51537, 1, 

23,4,0.001, 0.0484337, 0.0870623, 0.0870623, 0.0639449, 0.0790882, 0.0840434, 0.145478, 0.167323, 0.168667, 0.235387, 0.304118, 0.410611, 0.454491, 1, 

Generation #23
22,5,0.001, 0.0484337, 0.0744331, 0.0870623, 0.0904477, 0.142824, 0.0921581, 0.100588, 0.118429, 0.221599, 0.248401, 0.572124, 0.824868, 0.869755, 1, 

21,7,0.001, 0.0484337, 0.0744331, 0.0870623, 0.0904477, 0.122931, 0.15294, 0.170516, 0.209869, 0.279357, 0.287906, 0.643473, 0.73706, 1, 

25,1,0.001, 0.0484337, 0.0744331, 0.0870623, 0.0904477, 0.0790882, 0.0840434, 0.145478, 0.148979, 0.171035, 0.196612, 0.221992, 0.253705, 0.356477, 0.423276, 0.445354, 0.51537, 1, 

23,4,0.001, 0.0484337, 0.0870623, 0.0870623, 0.0639449, 0.0790882, 0.0840434, 0.145478, 0.167323, 0.168667, 0.235387, 0.304118, 0.410611, 0.454491, 1, 

Generation #24
22,5,0.001, 0.0484337, 0.0744331, 0.0870623, 0.0904477, 0.142824, 0.0921581, 0.100588, 0.118429, 0.221599, 0.248401, 0.572124, 0.824868, 0.869755, 1, 

21,7,0.001, 0.0484337, 0.0744331, 0.0870623, 0.0904477, 0.122931, 0.15294, 0.170516, 0.209869, 0.279357, 0.287906, 0.643473, 0.73706, 1, 

25,1,0.001, 0.0484337, 0.0744331, 0.0870623, 0.0904477, 0.0790882, 0.0840434, 0.145478, 0.148979, 0.171035, 0.196612, 0.221992, 0.253705, 0.356477, 0.423276, 0.445354, 0.51537, 1, 

23,4,0.001, 0.0484337, 0.0870623, 0.0870623, 0.0639449, 0.0790882, 0.0840434, 0.145478, 0.167323, 0.168667, 0.235387, 0.304118, 0.410611, 0.454491, 1, 

Generation #25
22,5,0.001, 0.0484337, 0.0744331, 0.0870623, 0.0904477, 0.142824, 0.0921581, 0.100588, 0.118429, 0.221599, 0.248401, 0.572124, 0.824868, 0.869755, 1, 

21,7,0.001, 0.0484337, 0.0744331, 0.0870623, 0.0904477, 0.122931, 0.15294, 0.170516, 0.209869, 0.279357, 0.287906, 0.643473, 0.73706, 1, 

25,1,0.001, 0.0484337, 0.0744331, 0.0870623, 0.0904477, 0.0790882, 0.0840434, 0.145478, 0.148979, 0.171035, 0.196612, 0.221992, 0.253705, 0.356477, 0.423276, 0.445354, 0.51537, 1, 

23,4,0.001, 0.0484337, 0.0870623, 0.0870623, 0.0639449, 0.0790882, 0.0840434, 0.145478, 0.167323, 0.168667, 0.235387, 0.304118, 0.410611, 0.454491, 1, 

Generation #26
22,5,0.001, 0.0484337, 0.0744331, 0.0870623, 0.0904477, 0.142824, 0.0921581, 0.100588, 0.118429, 0.221599, 0.248401, 0.572124, 0.824868, 0.869755, 1, 

21,7,0.001, 0.0484337, 0.0744331, 0.0870623, 0.0904477, 0.122931, 0.15294, 0.170516, 0.209869, 0.279357, 0.287906, 0.643473, 0.73706, 1, 

25,1,0.001, 0.0484337, 0.0744331, 0.0870623, 0.0904477, 0.0790882, 0.0840434, 0.145478, 0.148979, 0.171035, 0.196612, 0.221992, 0.253705, 0.356477, 0.423276, 0.445354, 0.51537, 1, 

23,4,0.001, 0.0484337, 0.0870623, 0.0870623, 0.0639449, 0.0790882, 0.0840434, 0.145478, 0.167323, 0.168667, 0.235387, 0.304118, 0.410611, 0.454491, 1, 

Generation #27
22,5,0.001, 0.0484337, 0.0744331, 0.0870623, 0.0904477, 0.142824, 0.0921581, 0.100588, 0.118429, 0.221599, 0.248401, 0.572124, 0.824868, 0.869755, 1, 

21,7,0.001, 0.0484337, 0.0744331, 0.0870623, 0.0904477, 0.122931, 0.15294, 0.170516, 0.209869, 0.279357, 0.287906, 0.643473, 0.73706, 1, 

25,1,0.001, 0.0484337, 0.0744331, 0.0870623, 0.0904477, 0.0790882, 0.0840434, 0.145478, 0.148979, 0.171035, 0.196612, 0.221992, 0.253705, 0.356477, 0.423276, 0.445354, 0.51537, 1, 

23,4,0.001, 0.0484337, 0.0870623, 0.0870623, 0.0639449, 0.0790882, 0.0840434, 0.145478, 0.167323, 0.168667, 0.235387, 0.304118, 0.410611, 0.454491, 1, 

Generation #28
22,5,0.001, 0.0484337, 0.0744331, 0.0870623, 0.0904477, 0.142824, 0.0921581, 0.100588, 0.118429, 0.221599, 0.248401, 0.572124, 0.824868, 0.869755, 1, 

21,7,0.001, 0.0484337, 0.0744331, 0.0870623, 0.0904477, 0.122931, 0.15294, 0.170516, 0.209869, 0.279357, 0.287906, 0.643473, 0.73706, 1, 

25,1,0.001, 0.0484337, 0.0744331, 0.0870623, 0.0904477, 0.0790882, 0.0840434, 0.145478, 0.148979, 0.171035, 0.196612, 0.221992, 0.253705, 0.356477, 0.423276, 0.445354, 0.51537, 1, 

23,4,0.001, 0.0484337, 0.0870623, 0.0870623, 0.0639449, 0.0790882, 0.0840434, 0.145478, 0.167323, 0.168667, 0.235387, 0.304118, 0.410611, 0.454491, 1, 

Generation #29
22,5,0.001, 0.0484337, 0.0744331, 0.0870623, 0.0904477, 0.142824, 0.0921581, 0.100588, 0.118429, 0.221599, 0.248401, 0.572124, 0.824868, 0.869755, 1, 

21,7,0.001, 0.0484337, 0.0744331, 0.0870623, 0.0904477, 0.122931, 0.15294, 0.170516, 0.209869, 0.279357, 0.287906, 0.643473, 0.73706, 1, 

25,1,0.001, 0.0484337, 0.0744331, 0.0870623, 0.0904477, 0.0790882, 0.0840434, 0.145478, 0.148979, 0.171035, 0.196612, 0.221992, 0.253705, 0.356477, 0.423276, 0.445354, 0.51537, 1, 

23,4,0.001, 0.0484337, 0.0870623, 0.0870623, 0.0639449, 0.0790882, 0.0840434, 0.145478, 0.167323, 0.168667, 0.235387, 0.304118, 0.410611, 0.454491, 1, 

Generation #30
22,5,0.001, 0.0484337, 0.0744331, 0.0870623, 0.0904477, 0.142824, 0.0921581, 0.100588, 0.118429, 0.221599, 0.248401, 0.572124, 0.824868, 0.869755, 1, 

21,7,0.001, 0.0484337, 0.0744331, 0.0870623, 0.0904477, 0.122931, 0.15294, 0.170516, 0.209869, 0.279357, 0.287906, 0.643473, 0.73706, 1, 

25,1,0.001, 0.0484337, 0.0744331, 0.0870623, 0.0904477, 0.0790882, 0.0840434, 0.145478, 0.148979, 0.171035, 0.196612, 0.221992, 0.253705, 0.356477, 0.423276, 0.445354, 0.51537, 1, 

23,4,0.001, 0.0484337, 0.0870623, 0.0870623, 0.0639449, 0.0790882, 0.0840434, 0.145478, 0.167323, 0.168667, 0.235387, 0.304118, 0.410611, 0.454491, 1, 

Generation #31
22,5,0.001, 0.0484337, 0.0744331, 0.0870623, 0.0904477, 0.142824, 0.0921581, 0.100588, 0.118429, 0.221599, 0.248401, 0.572124, 0.824868, 0.869755, 1, 

21,7,0.001, 0.0484337, 0.0744331, 0.0870623, 0.0904477, 0.122931, 0.15294, 0.170516, 0.209869, 0.279357, 0.287906, 0.643473, 0.73706, 1, 

25,1,0.001, 0.0484337, 0.0744331, 0.0870623, 0.0904477, 0.0790882, 0.0840434, 0.145478, 0.148979, 0.171035, 0.196612, 0.221992, 0.253705, 0.356477, 0.423276, 0.445354, 0.51537, 1, 

23,4,0.001, 0.0484337, 0.0870623, 0.0870623, 0.0639449, 0.0790882, 0.0840434, 0.145478, 0.167323, 0.168667, 0.235387, 0.304118, 0.410611, 0.454491, 1, 

Generation #32
22,5,0.001, 0.0484337, 0.0744331, 0.0870623, 0.0904477, 0.142824, 0.0921581, 0.100588, 0.118429, 0.221599, 0.248401, 0.572124, 0.824868, 0.869755, 1, 

21,7,0.001, 0.0484337, 0.0744331, 0.0870623, 0.0904477, 0.122931, 0.15294, 0.170516, 0.209869, 0.279357, 0.287906, 0.643473, 0.73706, 1, 

25,1,0.001, 0.0484337, 0.0744331, 0.0870623, 0.0904477, 0.0790882, 0.0840434, 0.145478, 0.148979, 0.171035, 0.196612, 0.221992, 0.253705, 0.356477, 0.423276, 0.445354, 0.51537, 1, 

23,4,0.001, 0.0484337, 0.0870623, 0.0870623, 0.0639449, 0.0790882, 0.0840434, 0.145478, 0.167323, 0.168667, 0.235387, 0.304118, 0.410611, 0.454491, 1, 

Generation #33
22,5,0.001, 0.0484337, 0.0744331, 0.0870623, 0.0904477, 0.142824, 0.0921581, 0.100588, 0.118429, 0.221599, 0.248401, 0.572124, 0.824868, 0.869755, 1, 

21,7,0.001, 0.0484337, 0.0744331, 0.0870623, 0.0904477, 0.122931, 0.15294, 0.170516, 0.209869, 0.279357, 0.287906, 0.643473, 0.73706, 1, 

25,1,0.001, 0.0484337, 0.0744331, 0.0870623, 0.0904477, 0.0790882, 0.0840434, 0.145478, 0.148979, 0.171035, 0.196612, 0.221992, 0.253705, 0.356477, 0.423276, 0.445354, 0.51537, 1, 

23,4,0.001, 0.0484337, 0.0870623, 0.0870623, 0.0639449, 0.0790882, 0.0840434, 0.145478, 0.167323, 0.168667, 0.235387, 0.304118, 0.410611, 0.454491, 1, 

Generation #34
22,5,0.001, 0.0484337, 0.0744331, 0.0870623, 0.0904477, 0.142824, 0.0921581, 0.100588, 0.118429, 0.221599, 0.248401, 0.572124, 0.824868, 0.869755, 1, 

21,7,0.001, 0.0484337, 0.0744331, 0.0870623, 0.0904477, 0.122931, 0.15294, 0.170516, 0.209869, 0.279357, 0.287906, 0.643473, 0.73706, 1, 

25,1,0.001, 0.0484337, 0.0744331, 0.0870623, 0.0904477, 0.0790882, 0.0840434, 0.145478, 0.148979, 0.171035, 0.196612, 0.221992, 0.253705, 0.356477, 0.423276, 0.445354, 0.51537, 1, 

23,4,0.001, 0.0484337, 0.0870623, 0.0870623, 0.0639449, 0.0790882, 0.0840434, 0.145478, 0.167323, 0.168667, 0.235387, 0.304118, 0.410611, 0.454491, 1, 

Generation #35
22,5,0.001, 0.0484337, 0.0744331, 0.0870623, 0.0904477, 0.142824, 0.0921581, 0.100588, 0.118429, 0.221599, 0.248401, 0.572124, 0.824868, 0.869755, 1, 

21,7,0.001, 0.0484337, 0.0744331, 0.0870623, 0.0904477, 0.122931, 0.15294, 0.170516, 0.209869, 0.279357, 0.287906, 0.643473, 0.73706, 1, 

25,1,0.001, 0.0484337, 0.0744331, 0.0870623, 0.0904477, 0.0790882, 0.0840434, 0.145478, 0.148979, 0.171035, 0.196612, 0.221992, 0.253705, 0.356477, 0.423276, 0.445354, 0.51537, 1, 

23,4,0.001, 0.0484337, 0.0870623, 0.0870623, 0.0639449, 0.0790882, 0.0840434, 0.145478, 0.167323, 0.168667, 0.235387, 0.304118, 0.410611, 0.454491, 1, 

Generation #36
22,5,0.001, 0.0484337, 0.0744331, 0.0870623, 0.0904477, 0.142824, 0.0921581, 0.100588, 0.118429, 0.221599, 0.248401, 0.572124, 0.824868, 0.869755, 1, 

25,1,0.001, 0.0484337, 0.0744331, 0.0870623, 0.0904477, 0.0790882, 0.0840434, 0.145478, 0.148979, 0.171035, 0.196612, 0.221992, 0.253705, 0.356477, 0.423276, 0.445354, 0.51537, 1, 

23,4,0.001, 0.0484337, 0.0870623, 0.0870623, 0.0639449, 0.0790882, 0.0840434, 0.145478, 0.167323, 0.168667, 0.235387, 0.304118, 0.410611, 0.454491, 1, 

21,6,0.001, 0.0484337, 0.0744331, 0.0904477, 0.0904477, 0.0921581, 0.100588, 0.136645, 0.166604, 0.168667, 0.235387, 0.73706, 1, 

Generation #37
22,5,0.001, 0.0484337, 0.0744331, 0.0870623, 0.0904477, 0.142824, 0.0921581, 0.100588, 0.118429, 0.221599, 0.248401, 0.572124, 0.824868, 0.869755, 1, 

25,1,0.001, 0.0484337, 0.0744331, 0.0870623, 0.0904477, 0.0790882, 0.0840434, 0.145478, 0.148979, 0.171035, 0.196612, 0.221992, 0.253705, 0.356477, 0.423276, 0.445354, 0.51537, 1, 

23,4,0.001, 0.0484337, 0.0870623, 0.0870623, 0.0639449, 0.0790882, 0.0840434, 0.145478, 0.167323, 0.168667, 0.235387, 0.304118, 0.410611, 0.454491, 1, 

21,6,0.001, 0.0484337, 0.0744331, 0.0904477, 0.0904477, 0.0921581, 0.100588, 0.136645, 0.166604, 0.168667, 0.235387, 0.73706, 1, 

Generation #38
25,1,0.001, 0.0484337, 0.0744331, 0.0870623, 0.0904477, 0.0790882, 0.0840434, 0.145478, 0.148979, 0.171035, 0.196612, 0.221992, 0.253705, 0.356477, 0.423276, 0.445354, 0.51537, 1, 

23,4,0.001, 0.0484337, 0.0870623, 0.0870623, 0.0639449, 0.0790882, 0.0840434, 0.145478, 0.167323, 0.168667, 0.235387, 0.304118, 0.410611, 0.454491, 1, 

21,5,0.001, 0.0484337, 0.0744331, 0.0870623, 0.0904477, 0.0921581, 0.100588, 0.170516, 0.209869, 0.167323, 0.168667, 0.235387, 0.615284, 1, 

Generation #39
25,1,0.001, 0.0484337, 0.0744331, 0.0870623, 0.0904477, 0.0790882, 0.0840434, 0.145478, 0.148979, 0.171035, 0.196612, 0.221992, 0.253705, 0.356477, 0.423276, 0.445354, 0.51537, 1, 

21,5,0.001, 0.0484337, 0.0744331, 0.0870623, 0.0904477, 0.0921581, 0.100588, 0.170516, 0.209869, 0.167323, 0.168667, 0.235387, 0.615284, 1, 

23,3,0.001, 0.0484337, 0.0744331, 0.0870623, 0.0904477, 0.0921581, 0.100588, 0.118429, 0.209869, 0.279357, 0.287906, 0.73706, 1, 

Generation #40
25,1,0.001, 0.0484337, 0.0744331, 0.0870623, 0.0904477, 0.0790882, 0.0840434, 0.145478, 0.148979, 0.171035, 0.196612, 0.221992, 0.253705, 0.356477, 0.423276, 0.445354, 0.51537, 1, 

21,5,0.001, 0.0484337, 0.0744331, 0.0870623, 0.0904477, 0.0921581, 0.100588, 0.170516, 0.209869, 0.167323, 0.168667, 0.235387, 0.615284, 1, 

23,3,0.001, 0.0484337, 0.0744331, 0.0870623, 0.0904477, 0.0921581, 0.100588, 0.118429, 0.209869, 0.279357, 0.287906, 0.73706, 1, 

Generation #41
25,1,0.001, 0.0484337, 0.0744331, 0.0870623, 0.0904477, 0.0790882, 0.0840434, 0.145478, 0.148979, 0.171035, 0.196612, 0.221992, 0.253705, 0.356477, 0.423276, 0.445354, 0.51537, 1, 

21,5,0.001, 0.0484337, 0.0744331, 0.0870623, 0.0904477, 0.0921581, 0.100588, 0.170516, 0.209869, 0.167323, 0.168667, 0.235387, 0.615284, 1, 

23,3,0.001, 0.0484337, 0.0744331, 0.0870623, 0.0904477, 0.0921581, 0.100588, 0.118429, 0.209869, 0.279357, 0.287906, 0.73706, 1, 

Generation #42
25,1,0.001, 0.0484337, 0.0744331, 0.0870623, 0.0904477, 0.0790882, 0.0840434, 0.145478, 0.148979, 0.171035, 0.196612, 0.221992, 0.253705, 0.356477, 0.423276, 0.445354, 0.51537, 1, 

21,5,0.001, 0.0484337, 0.0744331, 0.0870623, 0.0904477, 0.0921581, 0.100588, 0.170516, 0.209869, 0.167323, 0.168667, 0.235387, 0.615284, 1, 

23,3,0.001, 0.0484337, 0.0744331, 0.0870623, 0.0904477, 0.0921581, 0.100588, 0.118429, 0.209869, 0.279357, 0.287906, 0.73706, 1, 

Generation #43
25,1,0.001, 0.0484337, 0.0744331, 0.0870623, 0.0904477, 0.0790882, 0.0840434, 0.145478, 0.148979, 0.171035, 0.196612, 0.221992, 0.253705, 0.356477, 0.423276, 0.445354, 0.51537, 1, 

21,3,0.001, 0.0484337, 0.0744331, 0.0870623, 0.0904477, 0.0921581, 0.100588, 0.136645, 0.166604, 0.167323, 0.168667, 0.235387, 0.73706, 1, 

Generation #44
25,1,0.001, 0.0484337, 0.0744331, 0.0870623, 0.0904477, 0.0790882, 0.0840434, 0.145478, 0.148979, 0.171035, 0.196612, 0.221992, 0.253705, 0.356477, 0.423276, 0.445354, 0.51537, 1, 

21,3,0.001, 0.0484337, 0.0744331, 0.0870623, 0.0904477, 0.0921581, 0.100588, 0.136645, 0.166604, 0.167323, 0.168667, 0.235387, 0.73706, 1, 

Generation #45
25,1,0.001, 0.0484337, 0.0744331, 0.0870623, 0.0904477, 0.0790882, 0.0840434, 0.145478, 0.148979, 0.171035, 0.196612, 0.221992, 0.253705, 0.356477, 0.423276, 0.445354, 0.51537, 1, 

21,3,0.001, 0.0484337, 0.0744331, 0.0870623, 0.0904477, 0.0921581, 0.100588, 0.136645, 0.166604, 0.167323, 0.168667, 0.235387, 0.73706, 1, 

Generation #46
25,1,0.001, 0.0484337, 0.0744331, 0.0870623, 0.0904477, 0.0790882, 0.0840434, 0.145478, 0.148979, 0.171035, 0.196612, 0.221992, 0.253705, 0.356477, 0.423276, 0.445354, 0.51537, 1, 

21,3,0.001, 0.0484337, 0.0744331, 0.0870623, 0.0904477, 0.0921581, 0.100588, 0.136645, 0.166604, 0.167323, 0.168667, 0.235387, 0.73706, 1, 

Generation #47
25,1,0.001, 0.0484337, 0.0744331, 0.0870623, 0.0904477, 0.0790882, 0.0840434, 0.145478, 0.148979, 0.171035, 0.196612, 0.221992, 0.253705, 0.356477, 0.423276, 0.445354, 0.51537, 1, 

21,3,0.001, 0.0484337, 0.0744331, 0.0870623, 0.0904477, 0.0921581, 0.100588, 0.136645, 0.166604, 0.167323, 0.168667, 0.235387, 0.73706, 1, 

Generation #48
25,1,0.001, 0.0484337, 0.0744331, 0.0870623, 0.0904477, 0.0790882, 0.0840434, 0.145478, 0.148979, 0.171035, 0.196612, 0.221992, 0.253705, 0.356477, 0.423276, 0.445354, 0.51537, 1, 

21,3,0.001, 0.0484337, 0.0744331, 0.0870623, 0.0904477, 0.0921581, 0.100588, 0.136645, 0.166604, 0.167323, 0.168667, 0.235387, 0.73706, 1, 

Generation #49
25,1,0.001, 0.0484337, 0.0744331, 0.0870623, 0.0904477, 0.0790882, 0.0840434, 0.145478, 0.148979, 0.171035, 0.196612, 0.221992, 0.253705, 0.356477, 0.423276, 0.445354, 0.51537, 1, 

21,3,0.001, 0.0484337, 0.0744331, 0.0870623, 0.0904477, 0.0921581, 0.100588, 0.136645, 0.166604, 0.167323, 0.168667, 0.235387, 0.73706, 1, 

--- Pareto Front Solutions ---
Solution 0: N total=85 (N_initial=60, N_added=25), Time total=4 ms, Saved to: ./results/Make_t2_l2_pareto_0.csv, percents=0.001, 0.0484337, 0.0744331, 0.0870623, 0.0904477, 0.0790882, 0.0840434, 0.145478, 0.148979, 0.171035, 0.196612, 0.221992, 0.253705, 0.356477, 0.423276, 0.445354, 0.51537, 1, 

Solution 1: N total=81 (N_initial=60, N_added=21), Time total=6 ms, Saved to: ./results/Make_t2_l2_pareto_1.csv, percents=0.001, 0.0484337, 0.0744331, 0.0870623, 0.0904477, 0.0921581, 0.100588, 0.136645, 0.166604, 0.167323, 0.168667, 0.235387, 0.73706, 1, 

------------d=1, t=2, lambda=3, filename=./evaluation/Make/Make_2_3.csv------------
Computing partitioned counts of d-sets...
Ready to look at pairs based on partitioned counts...
First Stage N=90, Time=5
There are 14 remaining non-locating pairs
--- Running GA Algorithm (phase2) ---
Running GA with std::execution::par
Generation #0
15,2,0.001, 0.167156, 0.281907, 0.311958, 0.403635, 0.450383, 0.450709, 0.457562, 0.528964, 0.797859, 0.932486, 1, 

21,1,0.001, 0.0419415, 0.111335, 0.121268, 0.166932, 0.182541, 0.228862, 0.238729, 0.291234, 0.376947, 0.47717, 0.503271, 0.537546, 0.545459, 0.606392, 0.686907, 0.69188, 0.707731, 0.871942, 1, 

24,0,0.001, 0.0473383, 0.115303, 0.158606, 0.1736, 0.19066, 0.192687, 0.204448, 0.234679, 0.266592, 0.282024, 0.329192, 0.36363, 0.398494, 0.440799, 0.472703, 0.491804, 0.582905, 0.58523, 0.891051, 0.932624, 0.969588, 0.973204, 1, 

Generation #1
15,2,0.001, 0.167156, 0.281907, 0.311958, 0.403635, 0.450383, 0.450709, 0.457562, 0.528964, 0.797859, 0.932486, 1, 

21,1,0.001, 0.0419415, 0.111335, 0.121268, 0.166932, 0.182541, 0.228862, 0.238729, 0.291234, 0.376947, 0.47717, 0.503271, 0.537546, 0.545459, 0.606392, 0.686907, 0.69188, 0.707731, 0.871942, 1, 

22,0,0.001, 0.0267417, 0.060827, 0.102564, 0.153817, 0.168693, 0.195902, 0.284114, 0.354078, 0.363039, 0.387372, 0.379238, 0.736621, 0.767378, 0.815618, 0.843995, 0.84855, 0.910253, 0.933087, 0.98407, 1, 

14,3,0.001, 0.148541, 0.224117, 0.10674, 0.153617, 0.288574, 0.394976, 0.403721, 0.626996, 0.672159, 0.835149, 0.935516, 1, 

Generation #2
14,3,0.001, 0.148541, 0.224117, 0.10674, 0.153617, 0.288574, 0.394976, 0.403721, 0.626996, 0.672159, 0.835149, 0.935516, 1, 

15,0,0.001, 0.038384, 0.0889372, 0.111427, 0.127912, 0.165013, 0.166592, 0.232216, 0.265698, 0.333265, 0.36937, 0.408523, 0.979053, 1, 

Generation #3
14,0,0.001, 0.038384, 0.0889372, 0.0849794, 0.140712, 0.167003, 0.148604, 0.450709, 0.457562, 0.917696, 0.797859, 0.932486, 1, 

Generation #4
12,7,0.001, 0.0152038, 0.308711, 0.325841, 0.365995, 0.366554, 0.853017, 0.597016, 0.939763, 1, 

13,0,0.001, 0.0152038, 0.0784319, 0.0839483, 0.115336, 0.13749, 0.250207, 0.257555, 0.2793, 0.313186, 0.797859, 0.932486, 1, 

Generation #5
12,7,0.001, 0.0152038, 0.308711, 0.325841, 0.365995, 0.366554, 0.853017, 0.597016, 0.939763, 1, 

13,0,0.001, 0.0152038, 0.0784319, 0.0839483, 0.115336, 0.13749, 0.250207, 0.257555, 0.2793, 0.313186, 0.797859, 0.932486, 1, 

Generation #6
12,7,0.001, 0.0152038, 0.308711, 0.325841, 0.365995, 0.366554, 0.853017, 0.597016, 0.939763, 1, 

13,0,0.001, 0.0152038, 0.0784319, 0.0839483, 0.115336, 0.13749, 0.250207, 0.257555, 0.2793, 0.313186, 0.797859, 0.932486, 1, 

Generation #7
12,7,0.001, 0.0152038, 0.308711, 0.325841, 0.365995, 0.366554, 0.853017, 0.597016, 0.939763, 1, 

13,0,0.001, 0.0152038, 0.0784319, 0.0839483, 0.115336, 0.13749, 0.250207, 0.257555, 0.2793, 0.313186, 0.797859, 0.932486, 1, 

Generation #8
12,0,0.001, 0.148541, 0.224117, 0.10674, 0.403635, 0.346891, 0.450709, 0.457562, 0.528964, 0.797859, 0.932486, 1, 

Generation #9
12,0,0.001, 0.148541, 0.224117, 0.10674, 0.403635, 0.346891, 0.450709, 0.457562, 0.528964, 0.797859, 0.932486, 1, 

Generation #10
12,0,0.001, 0.148541, 0.224117, 0.10674, 0.403635, 0.346891, 0.450709, 0.457562, 0.528964, 0.797859, 0.932486, 1, 

Generation #11
12,0,0.001, 0.148541, 0.224117, 0.10674, 0.403635, 0.346891, 0.450709, 0.457562, 0.528964, 0.797859, 0.932486, 1, 

Generation #12
12,0,0.001, 0.148541, 0.224117, 0.10674, 0.403635, 0.346891, 0.450709, 0.457562, 0.528964, 0.797859, 0.932486, 1, 

Generation #13
12,0,0.001, 0.148541, 0.224117, 0.10674, 0.403635, 0.346891, 0.450709, 0.457562, 0.528964, 0.797859, 0.932486, 1, 

Generation #14
10,0,0.001, 0.0889372, 0.111427, 0.127912, 0.165013, 0.166592, 0.284114, 0.291234, 0.987274, 1, 

Generation #15
10,0,0.001, 0.0889372, 0.111427, 0.127912, 0.165013, 0.166592, 0.284114, 0.291234, 0.987274, 1, 

Generation #16
10,0,0.001, 0.0889372, 0.111427, 0.127912, 0.165013, 0.166592, 0.284114, 0.291234, 0.987274, 1, 

Generation #17
10,0,0.001, 0.0889372, 0.111427, 0.127912, 0.165013, 0.166592, 0.284114, 0.291234, 0.987274, 1, 

Generation #18
10,0,0.001, 0.0889372, 0.111427, 0.127912, 0.165013, 0.166592, 0.284114, 0.291234, 0.987274, 1, 

Generation #19
10,0,0.001, 0.0889372, 0.111427, 0.127912, 0.165013, 0.166592, 0.284114, 0.291234, 0.987274, 1, 

Generation #20
10,0,0.001, 0.0889372, 0.111427, 0.127912, 0.165013, 0.166592, 0.284114, 0.291234, 0.987274, 1, 

Generation #21
10,0,0.001, 0.0889372, 0.111427, 0.127912, 0.165013, 0.166592, 0.284114, 0.291234, 0.987274, 1, 

Generation #22
10,0,0.001, 0.0889372, 0.111427, 0.127912, 0.165013, 0.166592, 0.284114, 0.291234, 0.987274, 1, 

Generation #23
10,0,0.001, 0.0889372, 0.111427, 0.127912, 0.165013, 0.166592, 0.284114, 0.291234, 0.987274, 1, 

Generation #24
10,0,0.001, 0.0889372, 0.111427, 0.127912, 0.165013, 0.166592, 0.284114, 0.291234, 0.987274, 1, 

Generation #25
10,0,0.001, 0.0889372, 0.111427, 0.127912, 0.165013, 0.166592, 0.284114, 0.291234, 0.987274, 1, 

Generation #26
10,0,0.001, 0.0889372, 0.111427, 0.127912, 0.165013, 0.166592, 0.284114, 0.291234, 0.987274, 1, 

Generation #27
10,0,0.001, 0.0889372, 0.111427, 0.127912, 0.165013, 0.166592, 0.284114, 0.291234, 0.987274, 1, 

Generation #28
10,0,0.001, 0.0889372, 0.111427, 0.127912, 0.165013, 0.166592, 0.284114, 0.291234, 0.987274, 1, 

Generation #29
10,0,0.001, 0.0889372, 0.111427, 0.127912, 0.165013, 0.166592, 0.284114, 0.291234, 0.987274, 1, 

Generation #30
10,0,0.001, 0.0889372, 0.111427, 0.127912, 0.165013, 0.166592, 0.284114, 0.291234, 0.987274, 1, 

Generation #31
10,0,0.001, 0.0889372, 0.111427, 0.127912, 0.165013, 0.166592, 0.284114, 0.291234, 0.987274, 1, 

Generation #32
10,0,0.001, 0.0889372, 0.111427, 0.127912, 0.165013, 0.166592, 0.284114, 0.291234, 0.987274, 1, 

Generation #33
10,0,0.001, 0.0889372, 0.111427, 0.127912, 0.165013, 0.166592, 0.284114, 0.291234, 0.987274, 1, 

Generation #34
10,0,0.001, 0.0889372, 0.111427, 0.127912, 0.165013, 0.166592, 0.284114, 0.291234, 0.987274, 1, 

Generation #35
10,0,0.001, 0.0889372, 0.111427, 0.127912, 0.165013, 0.166592, 0.284114, 0.291234, 0.987274, 1, 

Generation #36
10,0,0.001, 0.0889372, 0.111427, 0.127912, 0.165013, 0.166592, 0.284114, 0.291234, 0.987274, 1, 

Generation #37
10,0,0.001, 0.0889372, 0.111427, 0.127912, 0.165013, 0.166592, 0.284114, 0.291234, 0.987274, 1, 

Generation #38
10,0,0.001, 0.0889372, 0.111427, 0.127912, 0.165013, 0.166592, 0.284114, 0.291234, 0.987274, 1, 

Generation #39
10,0,0.001, 0.0889372, 0.111427, 0.127912, 0.165013, 0.166592, 0.284114, 0.291234, 0.987274, 1, 

Generation #40
10,0,0.001, 0.0889372, 0.111427, 0.127912, 0.165013, 0.166592, 0.284114, 0.291234, 0.987274, 1, 

Generation #41
10,0,0.001, 0.0889372, 0.111427, 0.127912, 0.165013, 0.166592, 0.284114, 0.291234, 0.987274, 1, 

Generation #42
10,0,0.001, 0.0889372, 0.111427, 0.127912, 0.165013, 0.166592, 0.284114, 0.291234, 0.987274, 1, 

Generation #43
10,0,0.001, 0.0889372, 0.111427, 0.127912, 0.165013, 0.166592, 0.284114, 0.291234, 0.987274, 1, 

Generation #44
10,0,0.001, 0.0889372, 0.111427, 0.127912, 0.165013, 0.166592, 0.284114, 0.291234, 0.987274, 1, 

Generation #45
10,0,0.001, 0.0889372, 0.111427, 0.127912, 0.165013, 0.166592, 0.284114, 0.291234, 0.987274, 1, 

Generation #46
10,0,0.001, 0.0889372, 0.111427, 0.127912, 0.165013, 0.166592, 0.284114, 0.291234, 0.987274, 1, 

Generation #47
10,0,0.001, 0.0889372, 0.111427, 0.127912, 0.165013, 0.166592, 0.284114, 0.291234, 0.987274, 1, 

Generation #48
10,0,0.001, 0.0889372, 0.111427, 0.127912, 0.165013, 0.166592, 0.284114, 0.291234, 0.987274, 1, 

Generation #49
10,0,0.001, 0.0889372, 0.111427, 0.127912, 0.165013, 0.166592, 0.284114, 0.291234, 0.987274, 1, 

--- Pareto Front Solutions ---
Solution 0: N total=100 (N_initial=90, N_added=10), Time total=5 ms, Saved to: ./results/Make_t2_l3_pareto_0.csv, percents=0.001, 0.0889372, 0.111427, 0.127912, 0.165013, 0.166592, 0.284114, 0.291234, 0.987274, 1, 

------------d=1, t=2, lambda=4, filename=./evaluation/Make/Make_2_4.csv------------
Computing partitioned counts of d-sets...
Ready to look at pairs based on partitioned counts...
First Stage N=120, Time=5
There are 0 remaining non-locating pairs
Array is already valid. Saved initial array to ./Make_t2_l4_final.csv
