------------d=1, t=2, lambda=1, filename=./evaluation/Make/Make_2_1.csv------------
Computing partitioned counts of d-sets...
Ready to look at pairs based on partitioned counts...
First Stage N=30, Time=4
There are 1464 remaining non-locating pairs
--- Running GA Algorithm (phase2) ---
Running GA with std::execution::par
Generation #0
47,269,0.001, 0.00563984, 0.0472926, 0.0698625, 0.0751163, 0.198198, 0.226628, 0.274555, 0.301448, 0.330416, 0.408317, 0.413537, 0.600954, 0.665264, 0.673547, 0.693171, 0.748014, 0.773028, 0.803385, 0.892334, 0.903401, 1, 

41,340,0.001, 0.0537338, 0.106666, 0.111303, 0.348809, 0.39629, 0.452333, 0.476821, 0.529451, 0.635177, 0.648952, 0.726148, 0.943837, 0.951523, 1, 

35,847,0.001, 0.241673, 0.265286, 0.290314, 0.336279, 0.487772, 0.620769, 0.816555, 0.932469, 0.993654, 1, 

51,240,0.001, 0.00749773, 0.0835864, 0.148514, 0.148878, 0.159123, 0.176135, 0.202599, 0.273822, 0.279, 0.303305, 0.354224, 0.379144, 0.45517, 0.463487, 0.532428, 0.559007, 0.582776, 0.626218, 0.704687, 0.713675, 0.738961, 0.761479, 0.761965, 0.804252, 0.900865, 0.94796, 1, 

36,352,0.001, 0.0970704, 0.133815, 0.193307, 0.314824, 0.330009, 0.392028, 0.397921, 0.422169, 0.783244, 0.803073, 0.930679, 1, 

43,297,0.001, 0.0682348, 0.0795467, 0.176195, 0.218961, 0.267408, 0.287437, 0.288251, 0.360597, 0.391861, 0.464593, 0.473718, 0.50605, 0.509478, 0.66143, 0.761129, 0.774602, 0.85691, 0.960916, 1, 

Generation #1
35,847,0.001, 0.241673, 0.265286, 0.290314, 0.336279, 0.487772, 0.620769, 0.816555, 0.932469, 0.993654, 1, 

36,352,0.001, 0.0970704, 0.133815, 0.193307, 0.314824, 0.330009, 0.392028, 0.397921, 0.422169, 0.783244, 0.803073, 0.930679, 1, 

39,171,0.001, 0.00563984, 0.0472926, 0.0698625, 0.0751163, 0.198198, 0.226628, 0.274555, 0.529451, 0.231161, 0.648952, 0.726148, 0.943837, 0.951523, 1, 

43,152,0.001, 0.0219461, 0.0261442, 0.0262016, 0.0663368, 0.100799, 0.164494, 0.217953, 0.230267, 0.239707, 0.629394, 0.724175, 0.7556, 0.828216, 0.865924, 0.931853, 0.992179, 1, 

37,188,0.001, 0.0219461, 0.0261442, 0.0262016, 0.0663368, 0.100799, 0.164494, 0.217953, 0.230267, 0.239707, 0.475426, 0.477239, 0.511489, 1, 

46,149,0.001, 0.0219461, 0.0261442, 0.0262016, 0.0663368, 0.100799, 0.164494, 0.217953, 0.230267, 0.239707, 0.475426, 0.477239, 0.511489, 0.606937, 0.610299, 0.685118, 0.749872, 0.761045, 0.852882, 0.937812, 0.992883, 1, 

Generation #2
43,152,0.001, 0.0219461, 0.0261442, 0.0262016, 0.0663368, 0.100799, 0.164494, 0.217953, 0.230267, 0.239707, 0.629394, 0.724175, 0.7556, 0.828216, 0.865924, 0.931853, 0.992179, 1, 

46,149,0.001, 0.0219461, 0.0261442, 0.0262016, 0.0663368, 0.100799, 0.164494, 0.217953, 0.230267, 0.239707, 0.475426, 0.477239, 0.511489, 0.606937, 0.610299, 0.685118, 0.749872, 0.761045, 0.852882, 0.937812, 0.992883, 1, 

34,421,0.001, 0.0219461, 0.0261442, 0.0262016, 0.0663368, 0.465486, 0.467519, 0.710549, 0.845754, 0.979017, 1, 

35,169,0.001, 0.0219461, 0.0261442, 0.0262016, 0.0663368, 0.100799, 0.164494, 0.217953, 0.230267, 0.95616, 0.981794, 1, 

Generation #3
43,152,0.001, 0.0219461, 0.0261442, 0.0262016, 0.0663368, 0.100799, 0.164494, 0.217953, 0.230267, 0.239707, 0.629394, 0.724175, 0.7556, 0.828216, 0.865924, 0.931853, 0.992179, 1, 

46,149,0.001, 0.0219461, 0.0261442, 0.0262016, 0.0663368, 0.100799, 0.164494, 0.217953, 0.230267, 0.239707, 0.475426, 0.477239, 0.511489, 0.606937, 0.610299, 0.685118, 0.749872, 0.761045, 0.852882, 0.937812, 0.992883, 1, 

34,161,0.001, 0.0219461, 0.0261442, 0.0262016, 0.0663368, 0.100799, 0.164494, 0.217953, 0.230267, 0.239707, 0.475426, 0.789084, 1, 

Generation #4
43,152,0.001, 0.0219461, 0.0261442, 0.0262016, 0.0663368, 0.100799, 0.164494, 0.217953, 0.230267, 0.239707, 0.629394, 0.724175, 0.7556, 0.828216, 0.865924, 0.931853, 0.992179, 1, 

46,149,0.001, 0.0219461, 0.0261442, 0.0262016, 0.0663368, 0.100799, 0.164494, 0.217953, 0.230267, 0.239707, 0.475426, 0.477239, 0.511489, 0.606937, 0.610299, 0.685118, 0.749872, 0.761045, 0.852882, 0.937812, 0.992883, 1, 

34,161,0.001, 0.0219461, 0.0261442, 0.0262016, 0.0663368, 0.100799, 0.164494, 0.217953, 0.230267, 0.239707, 0.475426, 0.789084, 1, 

Generation #5
43,152,0.001, 0.0219461, 0.0261442, 0.0262016, 0.0663368, 0.100799, 0.164494, 0.217953, 0.230267, 0.239707, 0.629394, 0.724175, 0.7556, 0.828216, 0.865924, 0.931853, 0.992179, 1, 

34,161,0.001, 0.0219461, 0.0261442, 0.0262016, 0.0663368, 0.100799, 0.164494, 0.217953, 0.230267, 0.239707, 0.475426, 0.789084, 1, 

45,141,0.001, 0.0219461, 0.0261442, 0.0262016, 0.0663368, 0.100799, 0.164494, 0.227118, 0.230267, 0.239707, 0.475426, 0.477239, 0.511489, 0.606937, 0.610299, 0.685118, 0.749872, 0.761045, 0.79815, 0.843834, 0.85952, 0.956795, 1, 

Generation #6
43,152,0.001, 0.0219461, 0.0261442, 0.0262016, 0.0663368, 0.100799, 0.164494, 0.217953, 0.230267, 0.239707, 0.629394, 0.724175, 0.7556, 0.828216, 0.865924, 0.931853, 0.992179, 1, 

34,161,0.001, 0.0219461, 0.0261442, 0.0262016, 0.0663368, 0.100799, 0.164494, 0.217953, 0.230267, 0.239707, 0.475426, 0.789084, 1, 

45,141,0.001, 0.0219461, 0.0261442, 0.0262016, 0.0663368, 0.100799, 0.164494, 0.227118, 0.230267, 0.239707, 0.475426, 0.477239, 0.511489, 0.606937, 0.610299, 0.685118, 0.749872, 0.761045, 0.79815, 0.843834, 0.85952, 0.956795, 1, 

Generation #7
34,161,0.001, 0.0219461, 0.0261442, 0.0262016, 0.0663368, 0.100799, 0.164494, 0.217953, 0.230267, 0.239707, 0.475426, 0.789084, 1, 

45,141,0.001, 0.0219461, 0.0261442, 0.0262016, 0.0663368, 0.100799, 0.164494, 0.227118, 0.230267, 0.239707, 0.475426, 0.477239, 0.511489, 0.606937, 0.610299, 0.685118, 0.749872, 0.761045, 0.79815, 0.843834, 0.85952, 0.956795, 1, 

36,157,0.001, 0.0219461, 0.0261442, 0.0262016, 0.0663368, 0.100799, 0.164494, 0.217953, 0.239707, 0.475426, 0.789084, 1, 

43,149,0.001, 0.0219461, 0.0261442, 0.0698625, 0.0663368, 0.100799, 0.164494, 0.217953, 0.230267, 0.239707, 0.475426, 0.477239, 0.511489, 0.606937, 0.610299, 0.685118, 0.749872, 0.761045, 0.852882, 0.937812, 0.992883, 1, 

Generation #8
34,161,0.001, 0.0219461, 0.0261442, 0.0262016, 0.0663368, 0.100799, 0.164494, 0.217953, 0.230267, 0.239707, 0.475426, 0.789084, 1, 

36,133,0.001, 0.00563984, 0.0472926, 0.0698625, 0.0663368, 0.100799, 0.164494, 0.217953, 0.230267, 0.239707, 0.475426, 0.789084, 1, 

33,187,0.001, 0.0219461, 0.0261442, 0.075425, 0.14546, 0.223503, 0.365705, 0.45636, 0.579264, 0.687332, 1, 

Generation #9
36,133,0.001, 0.00563984, 0.0472926, 0.0698625, 0.0663368, 0.100799, 0.164494, 0.217953, 0.230267, 0.239707, 0.475426, 0.789084, 1, 

32,158,0.001, 0.0141455, 0.0218816, 0.0262016, 0.0663368, 0.100799, 0.164494, 0.217953, 0.230267, 0.239707, 0.724175, 1, 

Generation #10
36,133,0.001, 0.00563984, 0.0472926, 0.0698625, 0.0663368, 0.100799, 0.164494, 0.217953, 0.230267, 0.239707, 0.475426, 0.789084, 1, 

32,158,0.001, 0.0141455, 0.0218816, 0.0262016, 0.0663368, 0.100799, 0.164494, 0.217953, 0.230267, 0.239707, 0.724175, 1, 

Generation #11
36,133,0.001, 0.00563984, 0.0472926, 0.0698625, 0.0663368, 0.100799, 0.164494, 0.217953, 0.230267, 0.239707, 0.475426, 0.789084, 1, 

32,158,0.001, 0.0141455, 0.0218816, 0.0262016, 0.0663368, 0.100799, 0.164494, 0.217953, 0.230267, 0.239707, 0.724175, 1, 

Generation #12
36,133,0.001, 0.00563984, 0.0472926, 0.0698625, 0.0663368, 0.100799, 0.164494, 0.217953, 0.230267, 0.239707, 0.475426, 0.789084, 1, 

32,158,0.001, 0.0141455, 0.0218816, 0.0262016, 0.0663368, 0.100799, 0.164494, 0.217953, 0.230267, 0.239707, 0.724175, 1, 

35,156,0.001, 0.00563984, 0.037516, 0.040253, 0.075425, 0.14546, 0.153692, 0.360442, 0.998657, 1, 

Generation #13
36,133,0.001, 0.00563984, 0.0472926, 0.0698625, 0.0663368, 0.100799, 0.164494, 0.217953, 0.230267, 0.239707, 0.475426, 0.789084, 1, 

32,158,0.001, 0.0141455, 0.0218816, 0.0262016, 0.0663368, 0.100799, 0.164494, 0.217953, 0.230267, 0.239707, 0.724175, 1, 

35,156,0.001, 0.00563984, 0.037516, 0.040253, 0.075425, 0.14546, 0.153692, 0.360442, 0.998657, 1, 

Generation #14
32,158,0.001, 0.0141455, 0.0218816, 0.0262016, 0.0663368, 0.100799, 0.164494, 0.217953, 0.230267, 0.239707, 0.724175, 1, 

36,120,0.001, 0.00563984, 0.0261442, 0.0262016, 0.0663368, 0.100799, 0.164494, 0.217953, 0.230267, 0.239707, 0.475426, 0.789084, 1, 

34,121,0.001, 0.00563984, 0.0472926, 0.0698625, 0.0663368, 0.100799, 0.164494, 0.217953, 0.230267, 0.239707, 0.724175, 1, 

Generation #15
32,158,0.001, 0.0141455, 0.0218816, 0.0262016, 0.0663368, 0.100799, 0.164494, 0.217953, 0.230267, 0.239707, 0.724175, 1, 

36,120,0.001, 0.00563984, 0.0261442, 0.0262016, 0.0663368, 0.100799, 0.164494, 0.217953, 0.230267, 0.239707, 0.475426, 0.789084, 1, 

34,121,0.001, 0.00563984, 0.0472926, 0.0698625, 0.0663368, 0.100799, 0.164494, 0.217953, 0.230267, 0.239707, 0.724175, 1, 

Generation #16
32,158,0.001, 0.0141455, 0.0218816, 0.0262016, 0.0663368, 0.100799, 0.164494, 0.217953, 0.230267, 0.239707, 0.724175, 1, 

36,120,0.001, 0.00563984, 0.0261442, 0.0262016, 0.0663368, 0.100799, 0.164494, 0.217953, 0.230267, 0.239707, 0.475426, 0.789084, 1, 

34,121,0.001, 0.00563984, 0.0472926, 0.0698625, 0.0663368, 0.100799, 0.164494, 0.217953, 0.230267, 0.239707, 0.724175, 1, 

Generation #17
32,158,0.001, 0.0141455, 0.0218816, 0.0262016, 0.0663368, 0.100799, 0.164494, 0.217953, 0.230267, 0.239707, 0.724175, 1, 

36,120,0.001, 0.00563984, 0.0261442, 0.0262016, 0.0663368, 0.100799, 0.164494, 0.217953, 0.230267, 0.239707, 0.475426, 0.789084, 1, 

34,121,0.001, 0.00563984, 0.0472926, 0.0698625, 0.0663368, 0.100799, 0.164494, 0.217953, 0.230267, 0.239707, 0.724175, 1, 

Generation #18
32,158,0.001, 0.0141455, 0.0218816, 0.0262016, 0.0663368, 0.100799, 0.164494, 0.217953, 0.230267, 0.239707, 0.724175, 1, 

36,120,0.001, 0.00563984, 0.0261442, 0.0262016, 0.0663368, 0.100799, 0.164494, 0.217953, 0.230267, 0.239707, 0.475426, 0.789084, 1, 

34,121,0.001, 0.00563984, 0.0472926, 0.0698625, 0.0663368, 0.100799, 0.164494, 0.217953, 0.230267, 0.239707, 0.724175, 1, 

Generation #19
32,158,0.001, 0.0141455, 0.0218816, 0.0262016, 0.0663368, 0.100799, 0.164494, 0.217953, 0.230267, 0.239707, 0.724175, 1, 

34,121,0.001, 0.00563984, 0.0472926, 0.0698625, 0.0663368, 0.100799, 0.164494, 0.217953, 0.230267, 0.239707, 0.724175, 1, 

35,120,0.001, 0.00563984, 0.0261442, 0.0262016, 0.0663368, 0.100799, 0.164494, 0.217953, 0.239707, 0.239707, 0.475426, 0.789084, 1, 

Generation #20
32,158,0.001, 0.0141455, 0.0218816, 0.0262016, 0.0663368, 0.100799, 0.164494, 0.217953, 0.230267, 0.239707, 0.724175, 1, 

34,121,0.001, 0.00563984, 0.0472926, 0.0698625, 0.0663368, 0.100799, 0.164494, 0.217953, 0.230267, 0.239707, 0.724175, 1, 

35,120,0.001, 0.00563984, 0.0261442, 0.0262016, 0.0663368, 0.100799, 0.164494, 0.217953, 0.239707, 0.239707, 0.475426, 0.789084, 1, 

Generation #21
32,158,0.001, 0.0141455, 0.0218816, 0.0262016, 0.0663368, 0.100799, 0.164494, 0.217953, 0.230267, 0.239707, 0.724175, 1, 

34,121,0.001, 0.00563984, 0.0472926, 0.0698625, 0.0663368, 0.100799, 0.164494, 0.217953, 0.230267, 0.239707, 0.724175, 1, 

35,120,0.001, 0.00563984, 0.0261442, 0.0262016, 0.0663368, 0.100799, 0.164494, 0.217953, 0.239707, 0.239707, 0.475426, 0.789084, 1, 

Generation #22
32,158,0.001, 0.0141455, 0.0218816, 0.0262016, 0.0663368, 0.100799, 0.164494, 0.217953, 0.230267, 0.239707, 0.724175, 1, 

34,121,0.001, 0.00563984, 0.0472926, 0.0698625, 0.0663368, 0.100799, 0.164494, 0.217953, 0.230267, 0.239707, 0.724175, 1, 

35,120,0.001, 0.00563984, 0.0261442, 0.0262016, 0.0663368, 0.100799, 0.164494, 0.217953, 0.239707, 0.239707, 0.475426, 0.789084, 1, 

Generation #23
32,158,0.001, 0.0141455, 0.0218816, 0.0262016, 0.0663368, 0.100799, 0.164494, 0.217953, 0.230267, 0.239707, 0.724175, 1, 

34,121,0.001, 0.00563984, 0.0472926, 0.0698625, 0.0663368, 0.100799, 0.164494, 0.217953, 0.230267, 0.239707, 0.724175, 1, 

35,120,0.001, 0.00563984, 0.0261442, 0.0262016, 0.0663368, 0.100799, 0.164494, 0.217953, 0.239707, 0.239707, 0.475426, 0.789084, 1, 

Generation #24
32,158,0.001, 0.0141455, 0.0218816, 0.0262016, 0.0663368, 0.100799, 0.164494, 0.217953, 0.230267, 0.239707, 0.724175, 1, 

34,121,0.001, 0.00563984, 0.0472926, 0.0698625, 0.0663368, 0.100799, 0.164494, 0.217953, 0.230267, 0.239707, 0.724175, 1, 

35,120,0.001, 0.00563984, 0.0261442, 0.0262016, 0.0663368, 0.100799, 0.164494, 0.217953, 0.239707, 0.239707, 0.475426, 0.789084, 1, 

Generation #25
32,158,0.001, 0.0141455, 0.0218816, 0.0262016, 0.0663368, 0.100799, 0.164494, 0.217953, 0.230267, 0.239707, 0.724175, 1, 

34,121,0.001, 0.00563984, 0.0472926, 0.0698625, 0.0663368, 0.100799, 0.164494, 0.217953, 0.230267, 0.239707, 0.724175, 1, 

35,120,0.001, 0.00563984, 0.0261442, 0.0262016, 0.0663368, 0.100799, 0.164494, 0.217953, 0.239707, 0.239707, 0.475426, 0.789084, 1, 

47,115,0.001, 0.00563984, 0.0261442, 0.0262016, 0.0663368, 0.100799, 0.164494, 0.247358, 0.230267, 0.239707, 0.475426, 0.789084, 0.511489, 0.606937, 0.610299, 0.685118, 0.749872, 0.761045, 0.79815, 0.843834, 0.85952, 0.956795, 1, 

Generation #26
32,158,0.001, 0.0141455, 0.0218816, 0.0262016, 0.0663368, 0.100799, 0.164494, 0.217953, 0.230267, 0.239707, 0.724175, 1, 

34,121,0.001, 0.00563984, 0.0472926, 0.0698625, 0.0663368, 0.100799, 0.164494, 0.217953, 0.230267, 0.239707, 0.724175, 1, 

35,120,0.001, 0.00563984, 0.0261442, 0.0262016, 0.0663368, 0.100799, 0.164494, 0.217953, 0.239707, 0.239707, 0.475426, 0.789084, 1, 

47,115,0.001, 0.00563984, 0.0261442, 0.0262016, 0.0663368, 0.100799, 0.164494, 0.247358, 0.230267, 0.239707, 0.475426, 0.789084, 0.511489, 0.606937, 0.610299, 0.685118, 0.749872, 0.761045, 0.79815, 0.843834, 0.85952, 0.956795, 1, 

Generation #27
32,158,0.001, 0.0141455, 0.0218816, 0.0262016, 0.0663368, 0.100799, 0.164494, 0.217953, 0.230267, 0.239707, 0.724175, 1, 

34,121,0.001, 0.00563984, 0.0472926, 0.0698625, 0.0663368, 0.100799, 0.164494, 0.217953, 0.230267, 0.239707, 0.724175, 1, 

35,120,0.001, 0.00563984, 0.0261442, 0.0262016, 0.0663368, 0.100799, 0.164494, 0.217953, 0.239707, 0.239707, 0.475426, 0.789084, 1, 

47,115,0.001, 0.00563984, 0.0261442, 0.0262016, 0.0663368, 0.100799, 0.164494, 0.247358, 0.230267, 0.239707, 0.475426, 0.789084, 0.511489, 0.606937, 0.610299, 0.685118, 0.749872, 0.761045, 0.79815, 0.843834, 0.85952, 0.956795, 1, 

Generation #28
32,158,0.001, 0.0141455, 0.0218816, 0.0262016, 0.0663368, 0.100799, 0.164494, 0.217953, 0.230267, 0.239707, 0.724175, 1, 

34,121,0.001, 0.00563984, 0.0472926, 0.0698625, 0.0663368, 0.100799, 0.164494, 0.217953, 0.230267, 0.239707, 0.724175, 1, 

35,106,0.001, 0.00563984, 0.0261442, 0.0262016, 0.0663368, 0.100799, 0.164494, 0.217953, 0.230267, 0.239707, 0.724175, 1, 

Generation #29
32,158,0.001, 0.0141455, 0.0218816, 0.0262016, 0.0663368, 0.100799, 0.164494, 0.217953, 0.230267, 0.239707, 0.724175, 1, 

34,121,0.001, 0.00563984, 0.0472926, 0.0698625, 0.0663368, 0.100799, 0.164494, 0.217953, 0.230267, 0.239707, 0.724175, 1, 

35,106,0.001, 0.00563984, 0.0261442, 0.0262016, 0.0663368, 0.100799, 0.164494, 0.217953, 0.230267, 0.239707, 0.724175, 1, 

33,129,0.001, 0.00563984, 0.0261442, 0.0262016, 0.0663368, 0.100799, 0.164494, 0.217953, 0.239707, 0.239707, 0.475426, 0.789084, 1, 

31,208,0.001, 0.00563984, 0.037516, 0.040253, 0.075425, 0.14546, 0.153692, 0.360442, 0.998657, 1, 

Generation #30
32,158,0.001, 0.0141455, 0.0218816, 0.0262016, 0.0663368, 0.100799, 0.164494, 0.217953, 0.230267, 0.239707, 0.724175, 1, 

34,121,0.001, 0.00563984, 0.0472926, 0.0698625, 0.0663368, 0.100799, 0.164494, 0.217953, 0.230267, 0.239707, 0.724175, 1, 

35,106,0.001, 0.00563984, 0.0261442, 0.0262016, 0.0663368, 0.100799, 0.164494, 0.217953, 0.230267, 0.239707, 0.724175, 1, 

33,129,0.001, 0.00563984, 0.0261442, 0.0262016, 0.0663368, 0.100799, 0.164494, 0.217953, 0.239707, 0.239707, 0.475426, 0.789084, 1, 

31,208,0.001, 0.00563984, 0.037516, 0.040253, 0.075425, 0.14546, 0.153692, 0.360442, 0.998657, 1, 

Generation #31
32,158,0.001, 0.0141455, 0.0218816, 0.0262016, 0.0663368, 0.100799, 0.164494, 0.217953, 0.230267, 0.239707, 0.724175, 1, 

34,121,0.001, 0.00563984, 0.0472926, 0.0698625, 0.0663368, 0.100799, 0.164494, 0.217953, 0.230267, 0.239707, 0.724175, 1, 

35,106,0.001, 0.00563984, 0.0261442, 0.0262016, 0.0663368, 0.100799, 0.164494, 0.217953, 0.230267, 0.239707, 0.724175, 1, 

33,129,0.001, 0.00563984, 0.0261442, 0.0262016, 0.0663368, 0.100799, 0.164494, 0.217953, 0.239707, 0.239707, 0.475426, 0.789084, 1, 

31,208,0.001, 0.00563984, 0.037516, 0.040253, 0.075425, 0.14546, 0.153692, 0.360442, 0.998657, 1, 

Generation #32
34,121,0.001, 0.00563984, 0.0472926, 0.0698625, 0.0663368, 0.100799, 0.164494, 0.217953, 0.230267, 0.239707, 0.724175, 1, 

35,106,0.001, 0.00563984, 0.0261442, 0.0262016, 0.0663368, 0.100799, 0.164494, 0.217953, 0.230267, 0.239707, 0.724175, 1, 

33,129,0.001, 0.00563984, 0.0261442, 0.0262016, 0.0663368, 0.100799, 0.164494, 0.217953, 0.239707, 0.239707, 0.475426, 0.789084, 1, 

31,155,0.001, 0.00563984, 0.0261442, 0.0262016, 0.0663368, 0.100799, 0.164494, 0.217953, 0.299091, 1, 

Generation #33
34,121,0.001, 0.00563984, 0.0472926, 0.0698625, 0.0663368, 0.100799, 0.164494, 0.217953, 0.230267, 0.239707, 0.724175, 1, 

35,106,0.001, 0.00563984, 0.0261442, 0.0262016, 0.0663368, 0.100799, 0.164494, 0.217953, 0.230267, 0.239707, 0.724175, 1, 

33,129,0.001, 0.00563984, 0.0261442, 0.0262016, 0.0663368, 0.100799, 0.164494, 0.217953, 0.239707, 0.239707, 0.475426, 0.789084, 1, 

31,155,0.001, 0.00563984, 0.0261442, 0.0262016, 0.0663368, 0.100799, 0.164494, 0.217953, 0.299091, 1, 

Generation #34
34,121,0.001, 0.00563984, 0.0472926, 0.0698625, 0.0663368, 0.100799, 0.164494, 0.217953, 0.230267, 0.239707, 0.724175, 1, 

35,106,0.001, 0.00563984, 0.0261442, 0.0262016, 0.0663368, 0.100799, 0.164494, 0.217953, 0.230267, 0.239707, 0.724175, 1, 

33,129,0.001, 0.00563984, 0.0261442, 0.0262016, 0.0663368, 0.100799, 0.164494, 0.217953, 0.239707, 0.239707, 0.475426, 0.789084, 1, 

31,155,0.001, 0.00563984, 0.0261442, 0.0262016, 0.0663368, 0.100799, 0.164494, 0.217953, 0.299091, 1, 

32,147,0.001, 0.00563984, 0.0261442, 0.0262016, 0.0334242, 0.0663368, 0.100799, 0.164494, 0.247358, 0.299091, 1, 

Generation #35
34,121,0.001, 0.00563984, 0.0472926, 0.0698625, 0.0663368, 0.100799, 0.164494, 0.217953, 0.230267, 0.239707, 0.724175, 1, 

35,106,0.001, 0.00563984, 0.0261442, 0.0262016, 0.0663368, 0.100799, 0.164494, 0.217953, 0.230267, 0.239707, 0.724175, 1, 

33,129,0.001, 0.00563984, 0.0261442, 0.0262016, 0.0663368, 0.100799, 0.164494, 0.217953, 0.239707, 0.239707, 0.475426, 0.789084, 1, 

31,155,0.001, 0.00563984, 0.0261442, 0.0262016, 0.0663368, 0.100799, 0.164494, 0.217953, 0.299091, 1, 

32,147,0.001, 0.00563984, 0.0261442, 0.0262016, 0.0334242, 0.0663368, 0.100799, 0.164494, 0.247358, 0.299091, 1, 

Generation #36
34,121,0.001, 0.00563984, 0.0472926, 0.0698625, 0.0663368, 0.100799, 0.164494, 0.217953, 0.230267, 0.239707, 0.724175, 1, 

35,106,0.001, 0.00563984, 0.0261442, 0.0262016, 0.0663368, 0.100799, 0.164494, 0.217953, 0.230267, 0.239707, 0.724175, 1, 

33,129,0.001, 0.00563984, 0.0261442, 0.0262016, 0.0663368, 0.100799, 0.164494, 0.217953, 0.239707, 0.239707, 0.475426, 0.789084, 1, 

31,155,0.001, 0.00563984, 0.0261442, 0.0262016, 0.0663368, 0.100799, 0.164494, 0.217953, 0.299091, 1, 

32,147,0.001, 0.00563984, 0.0261442, 0.0262016, 0.0334242, 0.0663368, 0.100799, 0.164494, 0.247358, 0.299091, 1, 

Generation #37
34,121,0.001, 0.00563984, 0.0472926, 0.0698625, 0.0663368, 0.100799, 0.164494, 0.217953, 0.230267, 0.239707, 0.724175, 1, 

35,106,0.001, 0.00563984, 0.0261442, 0.0262016, 0.0663368, 0.100799, 0.164494, 0.217953, 0.230267, 0.239707, 0.724175, 1, 

33,129,0.001, 0.00563984, 0.0261442, 0.0262016, 0.0663368, 0.100799, 0.164494, 0.217953, 0.239707, 0.239707, 0.475426, 0.789084, 1, 

31,155,0.001, 0.00563984, 0.0261442, 0.0262016, 0.0663368, 0.100799, 0.164494, 0.217953, 0.299091, 1, 

32,147,0.001, 0.00563984, 0.0261442, 0.0262016, 0.0334242, 0.0663368, 0.100799, 0.164494, 0.247358, 0.299091, 1, 

Generation #38
34,121,0.001, 0.00563984, 0.0472926, 0.0698625, 0.0663368, 0.100799, 0.164494, 0.217953, 0.230267, 0.239707, 0.724175, 1, 

35,106,0.001, 0.00563984, 0.0261442, 0.0262016, 0.0663368, 0.100799, 0.164494, 0.217953, 0.230267, 0.239707, 0.724175, 1, 

33,129,0.001, 0.00563984, 0.0261442, 0.0262016, 0.0663368, 0.100799, 0.164494, 0.217953, 0.239707, 0.239707, 0.475426, 0.789084, 1, 

31,155,0.001, 0.00563984, 0.0261442, 0.0262016, 0.0663368, 0.100799, 0.164494, 0.217953, 0.299091, 1, 

32,146,0.001, 0.00563984, 0.0261442, 0.0262016, 0.0663368, 0.100799, 0.164494, 0.217953, 0.230267, 1, 

Generation #39
34,121,0.001, 0.00563984, 0.0472926, 0.0698625, 0.0663368, 0.100799, 0.164494, 0.217953, 0.230267, 0.239707, 0.724175, 1, 

35,106,0.001, 0.00563984, 0.0261442, 0.0262016, 0.0663368, 0.100799, 0.164494, 0.217953, 0.230267, 0.239707, 0.724175, 1, 

33,129,0.001, 0.00563984, 0.0261442, 0.0262016, 0.0663368, 0.100799, 0.164494, 0.217953, 0.239707, 0.239707, 0.475426, 0.789084, 1, 

32,146,0.001, 0.00563984, 0.0261442, 0.0262016, 0.0663368, 0.100799, 0.164494, 0.217953, 0.230267, 1, 

31,152,0.001, 0.00563984, 0.0261442, 0.0262016, 0.0663368, 0.100799, 0.164494, 0.247358, 0.230267, 1, 

Generation #40
34,121,0.001, 0.00563984, 0.0472926, 0.0698625, 0.0663368, 0.100799, 0.164494, 0.217953, 0.230267, 0.239707, 0.724175, 1, 

35,106,0.001, 0.00563984, 0.0261442, 0.0262016, 0.0663368, 0.100799, 0.164494, 0.217953, 0.230267, 0.239707, 0.724175, 1, 

33,129,0.001, 0.00563984, 0.0261442, 0.0262016, 0.0663368, 0.100799, 0.164494, 0.217953, 0.239707, 0.239707, 0.475426, 0.789084, 1, 

32,146,0.001, 0.00563984, 0.0261442, 0.0262016, 0.0663368, 0.100799, 0.164494, 0.217953, 0.230267, 1, 

31,152,0.001, 0.00563984, 0.0261442, 0.0262016, 0.0663368, 0.100799, 0.164494, 0.247358, 0.230267, 1, 

Generation #41
34,121,0.001, 0.00563984, 0.0472926, 0.0698625, 0.0663368, 0.100799, 0.164494, 0.217953, 0.230267, 0.239707, 0.724175, 1, 

35,106,0.001, 0.00563984, 0.0261442, 0.0262016, 0.0663368, 0.100799, 0.164494, 0.217953, 0.230267, 0.239707, 0.724175, 1, 

33,129,0.001, 0.00563984, 0.0261442, 0.0262016, 0.0663368, 0.100799, 0.164494, 0.217953, 0.239707, 0.239707, 0.475426, 0.789084, 1, 

32,146,0.001, 0.00563984, 0.0261442, 0.0262016, 0.0663368, 0.100799, 0.164494, 0.217953, 0.230267, 1, 

31,152,0.001, 0.00563984, 0.0261442, 0.0262016, 0.0663368, 0.100799, 0.164494, 0.247358, 0.230267, 1, 

Generation #42
34,121,0.001, 0.00563984, 0.0472926, 0.0698625, 0.0663368, 0.100799, 0.164494, 0.217953, 0.230267, 0.239707, 0.724175, 1, 

35,106,0.001, 0.00563984, 0.0261442, 0.0262016, 0.0663368, 0.100799, 0.164494, 0.217953, 0.230267, 0.239707, 0.724175, 1, 

33,129,0.001, 0.00563984, 0.0261442, 0.0262016, 0.0663368, 0.100799, 0.164494, 0.217953, 0.239707, 0.239707, 0.475426, 0.789084, 1, 

32,146,0.001, 0.00563984, 0.0261442, 0.0262016, 0.0663368, 0.100799, 0.164494, 0.217953, 0.230267, 1, 

31,152,0.001, 0.00563984, 0.0261442, 0.0262016, 0.0663368, 0.100799, 0.164494, 0.247358, 0.230267, 1, 

Generation #43
35,106,0.001, 0.00563984, 0.0261442, 0.0262016, 0.0663368, 0.100799, 0.164494, 0.217953, 0.230267, 0.239707, 0.724175, 1, 

33,129,0.001, 0.00563984, 0.0261442, 0.0262016, 0.0663368, 0.100799, 0.164494, 0.217953, 0.239707, 0.239707, 0.475426, 0.789084, 1, 

32,146,0.001, 0.00563984, 0.0261442, 0.0262016, 0.0663368, 0.100799, 0.164494, 0.217953, 0.230267, 1, 

31,152,0.001, 0.00563984, 0.0261442, 0.0262016, 0.0663368, 0.100799, 0.164494, 0.247358, 0.230267, 1, 

34,113,0.001, 0.00563984, 0.0218816, 0.0262016, 0.0663368, 0.100799, 0.164494, 0.217953, 0.239707, 0.239707, 0.475426, 0.789084, 1, 

Generation #44
35,106,0.001, 0.00563984, 0.0261442, 0.0262016, 0.0663368, 0.100799, 0.164494, 0.217953, 0.230267, 0.239707, 0.724175, 1, 

33,129,0.001, 0.00563984, 0.0261442, 0.0262016, 0.0663368, 0.100799, 0.164494, 0.217953, 0.239707, 0.239707, 0.475426, 0.789084, 1, 

32,146,0.001, 0.00563984, 0.0261442, 0.0262016, 0.0663368, 0.100799, 0.164494, 0.217953, 0.230267, 1, 

31,152,0.001, 0.00563984, 0.0261442, 0.0262016, 0.0663368, 0.100799, 0.164494, 0.247358, 0.230267, 1, 

34,113,0.001, 0.00563984, 0.0218816, 0.0262016, 0.0663368, 0.100799, 0.164494, 0.217953, 0.239707, 0.239707, 0.475426, 0.789084, 1, 

Generation #45
35,106,0.001, 0.00563984, 0.0261442, 0.0262016, 0.0663368, 0.100799, 0.164494, 0.217953, 0.230267, 0.239707, 0.724175, 1, 

33,129,0.001, 0.00563984, 0.0261442, 0.0262016, 0.0663368, 0.100799, 0.164494, 0.217953, 0.239707, 0.239707, 0.475426, 0.789084, 1, 

32,146,0.001, 0.00563984, 0.0261442, 0.0262016, 0.0663368, 0.100799, 0.164494, 0.217953, 0.230267, 1, 

31,152,0.001, 0.00563984, 0.0261442, 0.0262016, 0.0663368, 0.100799, 0.164494, 0.247358, 0.230267, 1, 

34,113,0.001, 0.00563984, 0.0218816, 0.0262016, 0.0663368, 0.100799, 0.164494, 0.217953, 0.239707, 0.239707, 0.475426, 0.789084, 1, 

Generation #46
35,106,0.001, 0.00563984, 0.0261442, 0.0262016, 0.0663368, 0.100799, 0.164494, 0.217953, 0.230267, 0.239707, 0.724175, 1, 

33,129,0.001, 0.00563984, 0.0261442, 0.0262016, 0.0663368, 0.100799, 0.164494, 0.217953, 0.239707, 0.239707, 0.475426, 0.789084, 1, 

32,146,0.001, 0.00563984, 0.0261442, 0.0262016, 0.0663368, 0.100799, 0.164494, 0.217953, 0.230267, 1, 

34,113,0.001, 0.00563984, 0.0218816, 0.0262016, 0.0663368, 0.100799, 0.164494, 0.217953, 0.239707, 0.239707, 0.475426, 0.789084, 1, 

31,148,0.001, 0.00563984, 0.0262016, 0.0663368, 0.100799, 0.100799, 0.164494, 0.217953, 0.239707, 1, 

Generation #47
35,106,0.001, 0.00563984, 0.0261442, 0.0262016, 0.0663368, 0.100799, 0.164494, 0.217953, 0.230267, 0.239707, 0.724175, 1, 

33,129,0.001, 0.00563984, 0.0261442, 0.0262016, 0.0663368, 0.100799, 0.164494, 0.217953, 0.239707, 0.239707, 0.475426, 0.789084, 1, 

34,113,0.001, 0.00563984, 0.0218816, 0.0262016, 0.0663368, 0.100799, 0.164494, 0.217953, 0.239707, 0.239707, 0.475426, 0.789084, 1, 

31,133,0.001, 0.00563984, 0.0261442, 0.0262016, 0.0663368, 0.100799, 0.164494, 0.217953, 0.299091, 1, 

Generation #48
35,106,0.001, 0.00563984, 0.0261442, 0.0262016, 0.0663368, 0.100799, 0.164494, 0.217953, 0.230267, 0.239707, 0.724175, 1, 

33,129,0.001, 0.00563984, 0.0261442, 0.0262016, 0.0663368, 0.100799, 0.164494, 0.217953, 0.239707, 0.239707, 0.475426, 0.789084, 1, 

34,113,0.001, 0.00563984, 0.0218816, 0.0262016, 0.0663368, 0.100799, 0.164494, 0.217953, 0.239707, 0.239707, 0.475426, 0.789084, 1, 

31,133,0.001, 0.00563984, 0.0261442, 0.0262016, 0.0663368, 0.100799, 0.164494, 0.217953, 0.299091, 1, 

Generation #49
35,106,0.001, 0.00563984, 0.0261442, 0.0262016, 0.0663368, 0.100799, 0.164494, 0.217953, 0.230267, 0.239707, 0.724175, 1, 

33,129,0.001, 0.00563984, 0.0261442, 0.0262016, 0.0663368, 0.100799, 0.164494, 0.217953, 0.239707, 0.239707, 0.475426, 0.789084, 1, 

34,113,0.001, 0.00563984, 0.0218816, 0.0262016, 0.0663368, 0.100799, 0.164494, 0.217953, 0.239707, 0.239707, 0.475426, 0.789084, 1, 

31,133,0.001, 0.00563984, 0.0261442, 0.0262016, 0.0663368, 0.100799, 0.164494, 0.217953, 0.299091, 1, 

--- Pareto Front Solutions ---
Solution 0: N total=65 (N_initial=30, N_added=35), Time total=110 ms, Saved to: ./results/Make_t2_l1_pareto_0.csv, percents=0.001, 0.00563984, 0.0261442, 0.0262016, 0.0663368, 0.100799, 0.164494, 0.217953, 0.230267, 0.239707, 0.724175, 1, 

Solution 1: N total=63 (N_initial=30, N_added=33), Time total=133 ms, Saved to: ./results/Make_t2_l1_pareto_1.csv, percents=0.001, 0.00563984, 0.0261442, 0.0262016, 0.0663368, 0.100799, 0.164494, 0.217953, 0.239707, 0.239707, 0.475426, 0.789084, 1, 

Solution 2: N total=64 (N_initial=30, N_added=34), Time total=117 ms, Saved to: ./results/Make_t2_l1_pareto_2.csv, percents=0.001, 0.00563984, 0.0218816, 0.0262016, 0.0663368, 0.100799, 0.164494, 0.217953, 0.239707, 0.239707, 0.475426, 0.789084, 1, 

Solution 3: N total=61 (N_initial=30, N_added=31), Time total=137 ms, Saved to: ./results/Make_t2_l1_pareto_3.csv, percents=0.001, 0.00563984, 0.0261442, 0.0262016, 0.0663368, 0.100799, 0.164494, 0.217953, 0.299091, 1, 

------------d=1, t=2, lambda=2, filename=./evaluation/Make/Make_2_2.csv------------
Computing partitioned counts of d-sets...
Ready to look at pairs based on partitioned counts...
First Stage N=60, Time=3
There are 30 remaining non-locating pairs
--- Running GA Algorithm (phase2) ---
Running GA with std::execution::par
Generation #0
26,26,0.001, 0.161703, 0.196103, 0.404905, 0.426282, 0.464989, 0.611394, 0.664371, 0.729791, 0.995327, 1, 

25,39,0.001, 0.128942, 0.280362, 0.283696, 0.334208, 0.348499, 0.416093, 0.44843, 0.53563, 0.539787, 0.978204, 1, 

27,18,0.001, 0.0612995, 0.183029, 0.212729, 0.27988, 0.316349, 0.319589, 0.482372, 0.562771, 0.586294, 0.624935, 0.691799, 0.732048, 0.944732, 0.983932, 0.992522, 1, 

28,8,0.001, 0.0417939, 0.0611113, 0.0624881, 0.0837065, 0.0864545, 0.180498, 0.308451, 0.335102, 0.474566, 0.479349, 0.502866, 0.578295, 0.610812, 0.785317, 0.80605, 0.833528, 0.942247, 1, 

Generation #1
27,18,0.001, 0.0612995, 0.183029, 0.212729, 0.27988, 0.316349, 0.319589, 0.482372, 0.562771, 0.586294, 0.624935, 0.691799, 0.732048, 0.944732, 0.983932, 0.992522, 1, 

28,8,0.001, 0.0417939, 0.0611113, 0.0624881, 0.0837065, 0.0864545, 0.180498, 0.308451, 0.335102, 0.474566, 0.479349, 0.502866, 0.578295, 0.610812, 0.785317, 0.80605, 0.833528, 0.942247, 1, 

24,19,0.001, 0.0781322, 0.109796, 0.154621, 0.209546, 0.296928, 0.504484, 0.598514, 0.646451, 0.741632, 0.816404, 1, 

Generation #2
27,18,0.001, 0.0612995, 0.183029, 0.212729, 0.27988, 0.316349, 0.319589, 0.482372, 0.562771, 0.586294, 0.624935, 0.691799, 0.732048, 0.944732, 0.983932, 0.992522, 1, 

28,8,0.001, 0.0417939, 0.0611113, 0.0624881, 0.0837065, 0.0864545, 0.180498, 0.308451, 0.335102, 0.474566, 0.479349, 0.502866, 0.578295, 0.610812, 0.785317, 0.80605, 0.833528, 0.942247, 1, 

24,19,0.001, 0.0781322, 0.109796, 0.154621, 0.209546, 0.296928, 0.504484, 0.598514, 0.646451, 0.741632, 0.816404, 1, 

23,33,0.001, 0.0867996, 0.0257961, 0.0342173, 0.058394, 0.522727, 0.74734, 0.863041, 0.893388, 0.975892, 1, 

Generation #3
28,8,0.001, 0.0417939, 0.0611113, 0.0624881, 0.0837065, 0.0864545, 0.180498, 0.308451, 0.335102, 0.474566, 0.479349, 0.502866, 0.578295, 0.610812, 0.785317, 0.80605, 0.833528, 0.942247, 1, 

24,19,0.001, 0.0781322, 0.109796, 0.154621, 0.209546, 0.296928, 0.504484, 0.598514, 0.646451, 0.741632, 0.816404, 1, 

25,15,0.001, 0.0700637, 0.080262, 0.190123, 0.202502, 0.230711, 0.240182, 0.317483, 0.323762, 0.422261, 1, 

23,30,0.001, 0.0351071, 0.124344, 0.19271, 0.222054, 0.246007, 0.292087, 0.66577, 0.718912, 0.833481, 0.956981, 1, 

Generation #4
28,8,0.001, 0.0417939, 0.0611113, 0.0624881, 0.0837065, 0.0864545, 0.180498, 0.308451, 0.335102, 0.474566, 0.479349, 0.502866, 0.578295, 0.610812, 0.785317, 0.80605, 0.833528, 0.942247, 1, 

22,12,0.001, 0.0351071, 0.0540152, 0.0982399, 0.114168, 0.122487, 0.236078, 0.439337, 0.523057, 0.971611, 1, 

Generation #5
28,8,0.001, 0.0417939, 0.0611113, 0.0624881, 0.0837065, 0.0864545, 0.180498, 0.308451, 0.335102, 0.474566, 0.479349, 0.502866, 0.578295, 0.610812, 0.785317, 0.80605, 0.833528, 0.942247, 1, 

22,12,0.001, 0.0351071, 0.0540152, 0.0982399, 0.114168, 0.122487, 0.236078, 0.439337, 0.523057, 0.971611, 1, 

Generation #6
22,12,0.001, 0.0351071, 0.0540152, 0.0982399, 0.114168, 0.122487, 0.236078, 0.439337, 0.523057, 0.971611, 1, 

23,6,0.001, 0.0899733, 0.102304, 0.102304, 0.108951, 0.14662, 0.257957, 0.279526, 0.284015, 0.23117, 0.288385, 0.909002, 1, 

Generation #7
22,12,0.001, 0.0351071, 0.0540152, 0.0982399, 0.114168, 0.122487, 0.236078, 0.439337, 0.523057, 0.971611, 1, 

23,6,0.001, 0.0899733, 0.102304, 0.102304, 0.108951, 0.14662, 0.257957, 0.279526, 0.284015, 0.23117, 0.288385, 0.909002, 1, 

21,13,0.001, 0.0443281, 0.0606413, 0.145171, 0.241061, 0.252081, 0.265106, 0.268793, 0.331431, 1, 

Generation #8
22,12,0.001, 0.0351071, 0.0540152, 0.0982399, 0.114168, 0.122487, 0.236078, 0.439337, 0.523057, 0.971611, 1, 

23,6,0.001, 0.0899733, 0.102304, 0.102304, 0.108951, 0.14662, 0.257957, 0.279526, 0.284015, 0.23117, 0.288385, 0.909002, 1, 

21,13,0.001, 0.0443281, 0.0606413, 0.145171, 0.241061, 0.252081, 0.265106, 0.268793, 0.331431, 1, 

Generation #9
22,12,0.001, 0.0351071, 0.0540152, 0.0982399, 0.114168, 0.122487, 0.236078, 0.439337, 0.523057, 0.971611, 1, 

23,6,0.001, 0.0899733, 0.102304, 0.102304, 0.108951, 0.14662, 0.257957, 0.279526, 0.284015, 0.23117, 0.288385, 0.909002, 1, 

21,13,0.001, 0.0443281, 0.0606413, 0.145171, 0.241061, 0.252081, 0.265106, 0.268793, 0.331431, 1, 

Generation #10
22,12,0.001, 0.0351071, 0.0540152, 0.0982399, 0.114168, 0.122487, 0.236078, 0.439337, 0.523057, 0.971611, 1, 

23,6,0.001, 0.0899733, 0.102304, 0.102304, 0.108951, 0.14662, 0.257957, 0.279526, 0.284015, 0.23117, 0.288385, 0.909002, 1, 

21,13,0.001, 0.0443281, 0.0606413, 0.145171, 0.241061, 0.252081, 0.265106, 0.268793, 0.331431, 1, 

37,5,0.001, 0.0443281, 0.0494143, 0.0544579, 0.14662, 0.205826, 0.206635, 0.212543, 0.214905, 0.222406, 0.22502, 0.384797, 0.389538, 0.397763, 0.407031, 0.432481, 0.491835, 0.600804, 0.610143, 0.625588, 0.765835, 0.816558, 0.818931, 0.863502, 0.876983, 0.94409, 0.973149, 1, 

Generation #11
22,12,0.001, 0.0351071, 0.0540152, 0.0982399, 0.114168, 0.122487, 0.236078, 0.439337, 0.523057, 0.971611, 1, 

23,6,0.001, 0.0899733, 0.102304, 0.102304, 0.108951, 0.14662, 0.257957, 0.279526, 0.284015, 0.23117, 0.288385, 0.909002, 1, 

21,13,0.001, 0.0443281, 0.0606413, 0.145171, 0.241061, 0.252081, 0.265106, 0.268793, 0.331431, 1, 

37,5,0.001, 0.0443281, 0.0494143, 0.0544579, 0.14662, 0.205826, 0.206635, 0.212543, 0.214905, 0.222406, 0.22502, 0.384797, 0.389538, 0.397763, 0.407031, 0.432481, 0.491835, 0.600804, 0.610143, 0.625588, 0.765835, 0.816558, 0.818931, 0.863502, 0.876983, 0.94409, 0.973149, 1, 

Generation #12
22,12,0.001, 0.0351071, 0.0540152, 0.0982399, 0.114168, 0.122487, 0.236078, 0.439337, 0.523057, 0.971611, 1, 

23,6,0.001, 0.0899733, 0.102304, 0.102304, 0.108951, 0.14662, 0.257957, 0.279526, 0.284015, 0.23117, 0.288385, 0.909002, 1, 

21,13,0.001, 0.0443281, 0.0606413, 0.145171, 0.241061, 0.252081, 0.265106, 0.268793, 0.331431, 1, 

37,5,0.001, 0.0443281, 0.0494143, 0.0544579, 0.14662, 0.205826, 0.206635, 0.212543, 0.214905, 0.222406, 0.22502, 0.384797, 0.389538, 0.397763, 0.407031, 0.432481, 0.491835, 0.600804, 0.610143, 0.625588, 0.765835, 0.816558, 0.818931, 0.863502, 0.876983, 0.94409, 0.973149, 1, 

Generation #13
22,12,0.001, 0.0351071, 0.0540152, 0.0982399, 0.114168, 0.122487, 0.236078, 0.439337, 0.523057, 0.971611, 1, 

23,6,0.001, 0.0899733, 0.102304, 0.102304, 0.108951, 0.14662, 0.257957, 0.279526, 0.284015, 0.23117, 0.288385, 0.909002, 1, 

21,13,0.001, 0.0443281, 0.0606413, 0.145171, 0.241061, 0.252081, 0.265106, 0.268793, 0.331431, 1, 

37,5,0.001, 0.0443281, 0.0494143, 0.0544579, 0.14662, 0.205826, 0.206635, 0.212543, 0.214905, 0.222406, 0.22502, 0.384797, 0.389538, 0.397763, 0.407031, 0.432481, 0.491835, 0.600804, 0.610143, 0.625588, 0.765835, 0.816558, 0.818931, 0.863502, 0.876983, 0.94409, 0.973149, 1, 

Generation #14
22,12,0.001, 0.0351071, 0.0540152, 0.0982399, 0.114168, 0.122487, 0.236078, 0.439337, 0.523057, 0.971611, 1, 

23,6,0.001, 0.0899733, 0.102304, 0.102304, 0.108951, 0.14662, 0.257957, 0.279526, 0.284015, 0.23117, 0.288385, 0.909002, 1, 

21,13,0.001, 0.0443281, 0.0606413, 0.145171, 0.241061, 0.252081, 0.265106, 0.268793, 0.331431, 1, 

37,5,0.001, 0.0443281, 0.0494143, 0.0544579, 0.14662, 0.205826, 0.206635, 0.212543, 0.214905, 0.222406, 0.22502, 0.384797, 0.389538, 0.397763, 0.407031, 0.432481, 0.491835, 0.600804, 0.610143, 0.625588, 0.765835, 0.816558, 0.818931, 0.863502, 0.876983, 0.94409, 0.973149, 1, 

Generation #15
22,12,0.001, 0.0351071, 0.0540152, 0.0982399, 0.114168, 0.122487, 0.236078, 0.439337, 0.523057, 0.971611, 1, 

23,6,0.001, 0.0899733, 0.102304, 0.102304, 0.108951, 0.14662, 0.257957, 0.279526, 0.284015, 0.23117, 0.288385, 0.909002, 1, 

21,13,0.001, 0.0443281, 0.0606413, 0.145171, 0.241061, 0.252081, 0.265106, 0.268793, 0.331431, 1, 

20,20,0.001, 0.0443281, 0.0606413, 0.145171, 0.241061, 0.252081, 0.265106, 0.268793, 1, 

24,5,0.001, 0.0899733, 0.0431014, 0.102304, 0.0837065, 0.0864545, 0.180498, 0.188056, 0.215423, 0.247474, 0.28062, 0.333344, 0.339128, 0.935937, 0.969172, 1, 

Generation #16
22,12,0.001, 0.0351071, 0.0540152, 0.0982399, 0.114168, 0.122487, 0.236078, 0.439337, 0.523057, 0.971611, 1, 

23,6,0.001, 0.0899733, 0.102304, 0.102304, 0.108951, 0.14662, 0.257957, 0.279526, 0.284015, 0.23117, 0.288385, 0.909002, 1, 

21,13,0.001, 0.0443281, 0.0606413, 0.145171, 0.241061, 0.252081, 0.265106, 0.268793, 0.331431, 1, 

20,20,0.001, 0.0443281, 0.0606413, 0.145171, 0.241061, 0.252081, 0.265106, 0.268793, 1, 

24,5,0.001, 0.0899733, 0.0431014, 0.102304, 0.0837065, 0.0864545, 0.180498, 0.188056, 0.215423, 0.247474, 0.28062, 0.333344, 0.339128, 0.935937, 0.969172, 1, 

Generation #17
22,12,0.001, 0.0351071, 0.0540152, 0.0982399, 0.114168, 0.122487, 0.236078, 0.439337, 0.523057, 0.971611, 1, 

23,6,0.001, 0.0899733, 0.102304, 0.102304, 0.108951, 0.14662, 0.257957, 0.279526, 0.284015, 0.23117, 0.288385, 0.909002, 1, 

21,13,0.001, 0.0443281, 0.0606413, 0.145171, 0.241061, 0.252081, 0.265106, 0.268793, 0.331431, 1, 

20,20,0.001, 0.0443281, 0.0606413, 0.145171, 0.241061, 0.252081, 0.265106, 0.268793, 1, 

24,5,0.001, 0.0899733, 0.0431014, 0.102304, 0.0837065, 0.0864545, 0.180498, 0.188056, 0.215423, 0.247474, 0.28062, 0.333344, 0.339128, 0.935937, 0.969172, 1, 

Generation #18
22,12,0.001, 0.0351071, 0.0540152, 0.0982399, 0.114168, 0.122487, 0.236078, 0.439337, 0.523057, 0.971611, 1, 

23,6,0.001, 0.0899733, 0.102304, 0.102304, 0.108951, 0.14662, 0.257957, 0.279526, 0.284015, 0.23117, 0.288385, 0.909002, 1, 

24,5,0.001, 0.0899733, 0.0431014, 0.102304, 0.0837065, 0.0864545, 0.180498, 0.188056, 0.215423, 0.247474, 0.28062, 0.333344, 0.339128, 0.935937, 0.969172, 1, 

20,13,0.001, 0.0439325, 0.0946736, 0.108951, 0.270974, 0.310097, 0.317275, 0.450026, 0.505649, 1, 

Generation #19
22,12,0.001, 0.0351071, 0.0540152, 0.0982399, 0.114168, 0.122487, 0.236078, 0.439337, 0.523057, 0.971611, 1, 

23,6,0.001, 0.0899733, 0.102304, 0.102304, 0.108951, 0.14662, 0.257957, 0.279526, 0.284015, 0.23117, 0.288385, 0.909002, 1, 

24,5,0.001, 0.0899733, 0.0431014, 0.102304, 0.0837065, 0.0864545, 0.180498, 0.188056, 0.215423, 0.247474, 0.28062, 0.333344, 0.339128, 0.935937, 0.969172, 1, 

20,13,0.001, 0.0439325, 0.0946736, 0.108951, 0.270974, 0.310097, 0.317275, 0.450026, 0.505649, 1, 

Generation #20
23,6,0.001, 0.0899733, 0.102304, 0.102304, 0.108951, 0.14662, 0.257957, 0.279526, 0.284015, 0.23117, 0.288385, 0.909002, 1, 

24,5,0.001, 0.0899733, 0.0431014, 0.102304, 0.0837065, 0.0864545, 0.180498, 0.188056, 0.215423, 0.247474, 0.28062, 0.333344, 0.339128, 0.935937, 0.969172, 1, 

20,13,0.001, 0.0439325, 0.0946736, 0.108951, 0.270974, 0.310097, 0.317275, 0.450026, 0.505649, 1, 

21,9,0.001, 0.127355, 0.0611113, 0.0515307, 0.202502, 0.230711, 0.240182, 0.317483, 0.323762, 0.422261, 1, 

Generation #21
23,6,0.001, 0.0899733, 0.102304, 0.102304, 0.108951, 0.14662, 0.257957, 0.279526, 0.284015, 0.23117, 0.288385, 0.909002, 1, 

24,5,0.001, 0.0899733, 0.0431014, 0.102304, 0.0837065, 0.0864545, 0.180498, 0.188056, 0.215423, 0.247474, 0.28062, 0.333344, 0.339128, 0.935937, 0.969172, 1, 

20,13,0.001, 0.0439325, 0.0946736, 0.108951, 0.270974, 0.310097, 0.317275, 0.450026, 0.505649, 1, 

21,9,0.001, 0.127355, 0.0611113, 0.0515307, 0.202502, 0.230711, 0.240182, 0.317483, 0.323762, 0.422261, 1, 

Generation #22
23,6,0.001, 0.0899733, 0.102304, 0.102304, 0.108951, 0.14662, 0.257957, 0.279526, 0.284015, 0.23117, 0.288385, 0.909002, 1, 

24,5,0.001, 0.0899733, 0.0431014, 0.102304, 0.0837065, 0.0864545, 0.180498, 0.188056, 0.215423, 0.247474, 0.28062, 0.333344, 0.339128, 0.935937, 0.969172, 1, 

20,13,0.001, 0.0439325, 0.0946736, 0.108951, 0.270974, 0.310097, 0.317275, 0.450026, 0.505649, 1, 

21,9,0.001, 0.127355, 0.0611113, 0.0515307, 0.202502, 0.230711, 0.240182, 0.317483, 0.323762, 0.422261, 1, 

Generation #23
23,6,0.001, 0.0899733, 0.102304, 0.102304, 0.108951, 0.14662, 0.257957, 0.279526, 0.284015, 0.23117, 0.288385, 0.909002, 1, 

24,5,0.001, 0.0899733, 0.0431014, 0.102304, 0.0837065, 0.0864545, 0.180498, 0.188056, 0.215423, 0.247474, 0.28062, 0.333344, 0.339128, 0.935937, 0.969172, 1, 

20,13,0.001, 0.0439325, 0.0946736, 0.108951, 0.270974, 0.310097, 0.317275, 0.450026, 0.505649, 1, 

21,9,0.001, 0.127355, 0.0611113, 0.0515307, 0.202502, 0.230711, 0.240182, 0.317483, 0.323762, 0.422261, 1, 

Generation #24
23,6,0.001, 0.0899733, 0.102304, 0.102304, 0.108951, 0.14662, 0.257957, 0.279526, 0.284015, 0.23117, 0.288385, 0.909002, 1, 

24,5,0.001, 0.0899733, 0.0431014, 0.102304, 0.0837065, 0.0864545, 0.180498, 0.188056, 0.215423, 0.247474, 0.28062, 0.333344, 0.339128, 0.935937, 0.969172, 1, 

20,13,0.001, 0.0439325, 0.0946736, 0.108951, 0.270974, 0.310097, 0.317275, 0.450026, 0.505649, 1, 

21,9,0.001, 0.127355, 0.0611113, 0.0515307, 0.202502, 0.230711, 0.240182, 0.317483, 0.323762, 0.422261, 1, 

Generation #25
23,6,0.001, 0.0899733, 0.102304, 0.102304, 0.108951, 0.14662, 0.257957, 0.279526, 0.284015, 0.23117, 0.288385, 0.909002, 1, 

24,5,0.001, 0.0899733, 0.0431014, 0.102304, 0.0837065, 0.0864545, 0.180498, 0.188056, 0.215423, 0.247474, 0.28062, 0.333344, 0.339128, 0.935937, 0.969172, 1, 

20,13,0.001, 0.0439325, 0.0946736, 0.108951, 0.270974, 0.310097, 0.317275, 0.450026, 0.505649, 1, 

21,9,0.001, 0.127355, 0.0611113, 0.0515307, 0.202502, 0.230711, 0.240182, 0.317483, 0.323762, 0.422261, 1, 

Generation #26
23,6,0.001, 0.0899733, 0.102304, 0.102304, 0.108951, 0.14662, 0.257957, 0.279526, 0.284015, 0.23117, 0.288385, 0.909002, 1, 

24,5,0.001, 0.0899733, 0.0431014, 0.102304, 0.0837065, 0.0864545, 0.180498, 0.188056, 0.215423, 0.247474, 0.28062, 0.333344, 0.339128, 0.935937, 0.969172, 1, 

20,13,0.001, 0.0439325, 0.0946736, 0.108951, 0.270974, 0.310097, 0.317275, 0.450026, 0.505649, 1, 

21,9,0.001, 0.127355, 0.0611113, 0.0515307, 0.202502, 0.230711, 0.240182, 0.317483, 0.323762, 0.422261, 1, 

Generation #27
23,6,0.001, 0.0899733, 0.102304, 0.102304, 0.108951, 0.14662, 0.257957, 0.279526, 0.284015, 0.23117, 0.288385, 0.909002, 1, 

24,5,0.001, 0.0899733, 0.0431014, 0.102304, 0.0837065, 0.0864545, 0.180498, 0.188056, 0.215423, 0.247474, 0.28062, 0.333344, 0.339128, 0.935937, 0.969172, 1, 

20,13,0.001, 0.0439325, 0.0946736, 0.108951, 0.270974, 0.310097, 0.317275, 0.450026, 0.505649, 1, 

21,9,0.001, 0.127355, 0.0611113, 0.0515307, 0.202502, 0.230711, 0.240182, 0.317483, 0.323762, 0.422261, 1, 

Generation #28
23,6,0.001, 0.0899733, 0.102304, 0.102304, 0.108951, 0.14662, 0.257957, 0.279526, 0.284015, 0.23117, 0.288385, 0.909002, 1, 

24,5,0.001, 0.0899733, 0.0431014, 0.102304, 0.0837065, 0.0864545, 0.180498, 0.188056, 0.215423, 0.247474, 0.28062, 0.333344, 0.339128, 0.935937, 0.969172, 1, 

20,13,0.001, 0.0439325, 0.0946736, 0.108951, 0.270974, 0.310097, 0.317275, 0.450026, 0.505649, 1, 

21,9,0.001, 0.127355, 0.0611113, 0.0515307, 0.202502, 0.230711, 0.240182, 0.317483, 0.323762, 0.422261, 1, 

Generation #29
23,6,0.001, 0.0899733, 0.102304, 0.102304, 0.108951, 0.14662, 0.257957, 0.279526, 0.284015, 0.23117, 0.288385, 0.909002, 1, 

24,5,0.001, 0.0899733, 0.0431014, 0.102304, 0.0837065, 0.0864545, 0.180498, 0.188056, 0.215423, 0.247474, 0.28062, 0.333344, 0.339128, 0.935937, 0.969172, 1, 

20,13,0.001, 0.0439325, 0.0946736, 0.108951, 0.270974, 0.310097, 0.317275, 0.450026, 0.505649, 1, 

21,9,0.001, 0.127355, 0.0611113, 0.0515307, 0.202502, 0.230711, 0.240182, 0.317483, 0.323762, 0.422261, 1, 

Generation #30
23,6,0.001, 0.0899733, 0.102304, 0.102304, 0.108951, 0.14662, 0.257957, 0.279526, 0.284015, 0.23117, 0.288385, 0.909002, 1, 

24,5,0.001, 0.0899733, 0.0431014, 0.102304, 0.0837065, 0.0864545, 0.180498, 0.188056, 0.215423, 0.247474, 0.28062, 0.333344, 0.339128, 0.935937, 0.969172, 1, 

20,13,0.001, 0.0439325, 0.0946736, 0.108951, 0.270974, 0.310097, 0.317275, 0.450026, 0.505649, 1, 

21,9,0.001, 0.127355, 0.0611113, 0.0515307, 0.202502, 0.230711, 0.240182, 0.317483, 0.323762, 0.422261, 1, 

19,20,0.001, 0.0443281, 0.0606413, 0.140699, 0.139529, 0.317275, 0.450026, 0.735441, 0.505649, 1, 

Generation #31
23,6,0.001, 0.0899733, 0.102304, 0.102304, 0.108951, 0.14662, 0.257957, 0.279526, 0.284015, 0.23117, 0.288385, 0.909002, 1, 

24,5,0.001, 0.0899733, 0.0431014, 0.102304, 0.0837065, 0.0864545, 0.180498, 0.188056, 0.215423, 0.247474, 0.28062, 0.333344, 0.339128, 0.935937, 0.969172, 1, 

20,13,0.001, 0.0439325, 0.0946736, 0.108951, 0.270974, 0.310097, 0.317275, 0.450026, 0.505649, 1, 

21,9,0.001, 0.127355, 0.0611113, 0.0515307, 0.202502, 0.230711, 0.240182, 0.317483, 0.323762, 0.422261, 1, 

19,20,0.001, 0.0443281, 0.0606413, 0.140699, 0.139529, 0.317275, 0.450026, 0.735441, 0.505649, 1, 

Generation #32
23,6,0.001, 0.0899733, 0.102304, 0.102304, 0.108951, 0.14662, 0.257957, 0.279526, 0.284015, 0.23117, 0.288385, 0.909002, 1, 

24,5,0.001, 0.0899733, 0.0431014, 0.102304, 0.0837065, 0.0864545, 0.180498, 0.188056, 0.215423, 0.247474, 0.28062, 0.333344, 0.339128, 0.935937, 0.969172, 1, 

20,13,0.001, 0.0439325, 0.0946736, 0.108951, 0.270974, 0.310097, 0.317275, 0.450026, 0.505649, 1, 

21,9,0.001, 0.127355, 0.0611113, 0.0515307, 0.202502, 0.230711, 0.240182, 0.317483, 0.323762, 0.422261, 1, 

19,20,0.001, 0.0443281, 0.0606413, 0.140699, 0.139529, 0.317275, 0.450026, 0.735441, 0.505649, 1, 

Generation #33
23,6,0.001, 0.0899733, 0.102304, 0.102304, 0.108951, 0.14662, 0.257957, 0.279526, 0.284015, 0.23117, 0.288385, 0.909002, 1, 

24,5,0.001, 0.0899733, 0.0431014, 0.102304, 0.0837065, 0.0864545, 0.180498, 0.188056, 0.215423, 0.247474, 0.28062, 0.333344, 0.339128, 0.935937, 0.969172, 1, 

20,13,0.001, 0.0439325, 0.0946736, 0.108951, 0.270974, 0.310097, 0.317275, 0.450026, 0.505649, 1, 

21,9,0.001, 0.127355, 0.0611113, 0.0515307, 0.202502, 0.230711, 0.240182, 0.317483, 0.323762, 0.422261, 1, 

19,20,0.001, 0.0443281, 0.0606413, 0.140699, 0.139529, 0.317275, 0.450026, 0.735441, 0.505649, 1, 

Generation #34
23,6,0.001, 0.0899733, 0.102304, 0.102304, 0.108951, 0.14662, 0.257957, 0.279526, 0.284015, 0.23117, 0.288385, 0.909002, 1, 

24,5,0.001, 0.0899733, 0.0431014, 0.102304, 0.0837065, 0.0864545, 0.180498, 0.188056, 0.215423, 0.247474, 0.28062, 0.333344, 0.339128, 0.935937, 0.969172, 1, 

20,13,0.001, 0.0439325, 0.0946736, 0.108951, 0.270974, 0.310097, 0.317275, 0.450026, 0.505649, 1, 

21,9,0.001, 0.127355, 0.0611113, 0.0515307, 0.202502, 0.230711, 0.240182, 0.317483, 0.323762, 0.422261, 1, 

19,20,0.001, 0.0443281, 0.0606413, 0.140699, 0.139529, 0.317275, 0.450026, 0.735441, 0.505649, 1, 

Generation #35
23,6,0.001, 0.0899733, 0.102304, 0.102304, 0.108951, 0.14662, 0.257957, 0.279526, 0.284015, 0.23117, 0.288385, 0.909002, 1, 

24,5,0.001, 0.0899733, 0.0431014, 0.102304, 0.0837065, 0.0864545, 0.180498, 0.188056, 0.215423, 0.247474, 0.28062, 0.333344, 0.339128, 0.935937, 0.969172, 1, 

20,13,0.001, 0.0439325, 0.0946736, 0.108951, 0.270974, 0.310097, 0.317275, 0.450026, 0.505649, 1, 

21,9,0.001, 0.127355, 0.0611113, 0.0515307, 0.202502, 0.230711, 0.240182, 0.317483, 0.323762, 0.422261, 1, 

19,20,0.001, 0.0443281, 0.0606413, 0.140699, 0.139529, 0.317275, 0.450026, 0.735441, 0.505649, 1, 

Generation #36
23,6,0.001, 0.0899733, 0.102304, 0.102304, 0.108951, 0.14662, 0.257957, 0.279526, 0.284015, 0.23117, 0.288385, 0.909002, 1, 

24,5,0.001, 0.0899733, 0.0431014, 0.102304, 0.0837065, 0.0864545, 0.180498, 0.188056, 0.215423, 0.247474, 0.28062, 0.333344, 0.339128, 0.935937, 0.969172, 1, 

20,13,0.001, 0.0439325, 0.0946736, 0.108951, 0.270974, 0.310097, 0.317275, 0.450026, 0.505649, 1, 

21,9,0.001, 0.127355, 0.0611113, 0.0515307, 0.202502, 0.230711, 0.240182, 0.317483, 0.323762, 0.422261, 1, 

19,20,0.001, 0.0443281, 0.0606413, 0.140699, 0.139529, 0.317275, 0.450026, 0.735441, 0.505649, 1, 

Generation #37
23,6,0.001, 0.0899733, 0.102304, 0.102304, 0.108951, 0.14662, 0.257957, 0.279526, 0.284015, 0.23117, 0.288385, 0.909002, 1, 

24,5,0.001, 0.0899733, 0.0431014, 0.102304, 0.0837065, 0.0864545, 0.180498, 0.188056, 0.215423, 0.247474, 0.28062, 0.333344, 0.339128, 0.935937, 0.969172, 1, 

20,13,0.001, 0.0439325, 0.0946736, 0.108951, 0.270974, 0.310097, 0.317275, 0.450026, 0.505649, 1, 

21,9,0.001, 0.127355, 0.0611113, 0.0515307, 0.202502, 0.230711, 0.240182, 0.317483, 0.323762, 0.422261, 1, 

19,20,0.001, 0.0443281, 0.0606413, 0.140699, 0.139529, 0.317275, 0.450026, 0.735441, 0.505649, 1, 

Generation #38
23,6,0.001, 0.0899733, 0.102304, 0.102304, 0.108951, 0.14662, 0.257957, 0.279526, 0.284015, 0.23117, 0.288385, 0.909002, 1, 

24,5,0.001, 0.0899733, 0.0431014, 0.102304, 0.0837065, 0.0864545, 0.180498, 0.188056, 0.215423, 0.247474, 0.28062, 0.333344, 0.339128, 0.935937, 0.969172, 1, 

20,13,0.001, 0.0439325, 0.0946736, 0.108951, 0.270974, 0.310097, 0.317275, 0.450026, 0.505649, 1, 

19,20,0.001, 0.0443281, 0.0606413, 0.140699, 0.139529, 0.317275, 0.450026, 0.735441, 0.505649, 1, 

21,8,0.001, 0.0443281, 0.145171, 0.241061, 0.122487, 0.236078, 0.212543, 0.331431, 0.39325, 0.464043, 0.467429, 0.537768, 1, 

Generation #39
23,6,0.001, 0.0899733, 0.102304, 0.102304, 0.108951, 0.14662, 0.257957, 0.279526, 0.284015, 0.23117, 0.288385, 0.909002, 1, 

24,5,0.001, 0.0899733, 0.0431014, 0.102304, 0.0837065, 0.0864545, 0.180498, 0.188056, 0.215423, 0.247474, 0.28062, 0.333344, 0.339128, 0.935937, 0.969172, 1, 

20,13,0.001, 0.0439325, 0.0946736, 0.108951, 0.270974, 0.310097, 0.317275, 0.450026, 0.505649, 1, 

19,20,0.001, 0.0443281, 0.0606413, 0.140699, 0.139529, 0.317275, 0.450026, 0.735441, 0.505649, 1, 

21,8,0.001, 0.0443281, 0.145171, 0.241061, 0.122487, 0.236078, 0.212543, 0.331431, 0.39325, 0.464043, 0.467429, 0.537768, 1, 

Generation #40
23,6,0.001, 0.0899733, 0.102304, 0.102304, 0.108951, 0.14662, 0.257957, 0.279526, 0.284015, 0.23117, 0.288385, 0.909002, 1, 

24,5,0.001, 0.0899733, 0.0431014, 0.102304, 0.0837065, 0.0864545, 0.180498, 0.188056, 0.215423, 0.247474, 0.28062, 0.333344, 0.339128, 0.935937, 0.969172, 1, 

20,13,0.001, 0.0439325, 0.0946736, 0.108951, 0.270974, 0.310097, 0.317275, 0.450026, 0.505649, 1, 

19,20,0.001, 0.0443281, 0.0606413, 0.140699, 0.139529, 0.317275, 0.450026, 0.735441, 0.505649, 1, 

21,8,0.001, 0.0443281, 0.145171, 0.241061, 0.122487, 0.236078, 0.212543, 0.331431, 0.39325, 0.464043, 0.467429, 0.537768, 1, 

Generation #41
23,6,0.001, 0.0899733, 0.102304, 0.102304, 0.108951, 0.14662, 0.257957, 0.279526, 0.284015, 0.23117, 0.288385, 0.909002, 1, 

24,5,0.001, 0.0899733, 0.0431014, 0.102304, 0.0837065, 0.0864545, 0.180498, 0.188056, 0.215423, 0.247474, 0.28062, 0.333344, 0.339128, 0.935937, 0.969172, 1, 

20,13,0.001, 0.0439325, 0.0946736, 0.108951, 0.270974, 0.310097, 0.317275, 0.450026, 0.505649, 1, 

19,20,0.001, 0.0443281, 0.0606413, 0.140699, 0.139529, 0.317275, 0.450026, 0.735441, 0.505649, 1, 

21,8,0.001, 0.0443281, 0.145171, 0.241061, 0.122487, 0.236078, 0.212543, 0.331431, 0.39325, 0.464043, 0.467429, 0.537768, 1, 

Generation #42
23,6,0.001, 0.0899733, 0.102304, 0.102304, 0.108951, 0.14662, 0.257957, 0.279526, 0.284015, 0.23117, 0.288385, 0.909002, 1, 

24,5,0.001, 0.0899733, 0.0431014, 0.102304, 0.0837065, 0.0864545, 0.180498, 0.188056, 0.215423, 0.247474, 0.28062, 0.333344, 0.339128, 0.935937, 0.969172, 1, 

20,13,0.001, 0.0439325, 0.0946736, 0.108951, 0.270974, 0.310097, 0.317275, 0.450026, 0.505649, 1, 

19,20,0.001, 0.0443281, 0.0606413, 0.140699, 0.139529, 0.317275, 0.450026, 0.735441, 0.505649, 1, 

21,8,0.001, 0.0443281, 0.145171, 0.241061, 0.122487, 0.236078, 0.212543, 0.331431, 0.39325, 0.464043, 0.467429, 0.537768, 1, 

Generation #43
23,6,0.001, 0.0899733, 0.102304, 0.102304, 0.108951, 0.14662, 0.257957, 0.279526, 0.284015, 0.23117, 0.288385, 0.909002, 1, 

24,5,0.001, 0.0899733, 0.0431014, 0.102304, 0.0837065, 0.0864545, 0.180498, 0.188056, 0.215423, 0.247474, 0.28062, 0.333344, 0.339128, 0.935937, 0.969172, 1, 

20,13,0.001, 0.0439325, 0.0946736, 0.108951, 0.270974, 0.310097, 0.317275, 0.450026, 0.505649, 1, 

19,20,0.001, 0.0443281, 0.0606413, 0.140699, 0.139529, 0.317275, 0.450026, 0.735441, 0.505649, 1, 

21,8,0.001, 0.0443281, 0.145171, 0.241061, 0.122487, 0.236078, 0.212543, 0.331431, 0.39325, 0.464043, 0.467429, 0.537768, 1, 

Generation #44
23,6,0.001, 0.0899733, 0.102304, 0.102304, 0.108951, 0.14662, 0.257957, 0.279526, 0.284015, 0.23117, 0.288385, 0.909002, 1, 

24,5,0.001, 0.0899733, 0.0431014, 0.102304, 0.0837065, 0.0864545, 0.180498, 0.188056, 0.215423, 0.247474, 0.28062, 0.333344, 0.339128, 0.935937, 0.969172, 1, 

20,13,0.001, 0.0439325, 0.0946736, 0.108951, 0.270974, 0.310097, 0.317275, 0.450026, 0.505649, 1, 

19,20,0.001, 0.0443281, 0.0606413, 0.140699, 0.139529, 0.317275, 0.450026, 0.735441, 0.505649, 1, 

21,8,0.001, 0.0443281, 0.145171, 0.241061, 0.122487, 0.236078, 0.212543, 0.331431, 0.39325, 0.464043, 0.467429, 0.537768, 1, 

Generation #45
23,6,0.001, 0.0899733, 0.102304, 0.102304, 0.108951, 0.14662, 0.257957, 0.279526, 0.284015, 0.23117, 0.288385, 0.909002, 1, 

24,5,0.001, 0.0899733, 0.0431014, 0.102304, 0.0837065, 0.0864545, 0.180498, 0.188056, 0.215423, 0.247474, 0.28062, 0.333344, 0.339128, 0.935937, 0.969172, 1, 

21,8,0.001, 0.0443281, 0.145171, 0.241061, 0.122487, 0.236078, 0.212543, 0.331431, 0.39325, 0.464043, 0.467429, 0.537768, 1, 

26,4,0.001, 0.0351071, 0.0540152, 0.0982399, 0.114168, 0.122487, 0.194192, 0.212543, 0.214905, 0.222406, 0.22502, 0.384797, 0.389538, 0.971484, 0.969172, 1, 

19,11,0.001, 0.0439325, 0.0946736, 0.108951, 0.134376, 0.139529, 0.174622, 0.188056, 0.247474, 1, 

Generation #46
23,6,0.001, 0.0899733, 0.102304, 0.102304, 0.108951, 0.14662, 0.257957, 0.279526, 0.284015, 0.23117, 0.288385, 0.909002, 1, 

24,5,0.001, 0.0899733, 0.0431014, 0.102304, 0.0837065, 0.0864545, 0.180498, 0.188056, 0.215423, 0.247474, 0.28062, 0.333344, 0.339128, 0.935937, 0.969172, 1, 

21,8,0.001, 0.0443281, 0.145171, 0.241061, 0.122487, 0.236078, 0.212543, 0.331431, 0.39325, 0.464043, 0.467429, 0.537768, 1, 

26,4,0.001, 0.0351071, 0.0540152, 0.0982399, 0.114168, 0.122487, 0.194192, 0.212543, 0.214905, 0.222406, 0.22502, 0.384797, 0.389538, 0.971484, 0.969172, 1, 

19,11,0.001, 0.0439325, 0.0946736, 0.108951, 0.134376, 0.139529, 0.174622, 0.188056, 0.247474, 1, 

Generation #47
23,6,0.001, 0.0899733, 0.102304, 0.102304, 0.108951, 0.14662, 0.257957, 0.279526, 0.284015, 0.23117, 0.288385, 0.909002, 1, 

24,5,0.001, 0.0899733, 0.0431014, 0.102304, 0.0837065, 0.0864545, 0.180498, 0.188056, 0.215423, 0.247474, 0.28062, 0.333344, 0.339128, 0.935937, 0.969172, 1, 

21,8,0.001, 0.0443281, 0.145171, 0.241061, 0.122487, 0.236078, 0.212543, 0.331431, 0.39325, 0.464043, 0.467429, 0.537768, 1, 

26,4,0.001, 0.0351071, 0.0540152, 0.0982399, 0.114168, 0.122487, 0.194192, 0.212543, 0.214905, 0.222406, 0.22502, 0.384797, 0.389538, 0.971484, 0.969172, 1, 

19,11,0.001, 0.0439325, 0.0946736, 0.108951, 0.134376, 0.139529, 0.174622, 0.188056, 0.247474, 1, 

Generation #48
23,6,0.001, 0.0899733, 0.102304, 0.102304, 0.108951, 0.14662, 0.257957, 0.279526, 0.284015, 0.23117, 0.288385, 0.909002, 1, 

24,5,0.001, 0.0899733, 0.0431014, 0.102304, 0.0837065, 0.0864545, 0.180498, 0.188056, 0.215423, 0.247474, 0.28062, 0.333344, 0.339128, 0.935937, 0.969172, 1, 

21,8,0.001, 0.0443281, 0.145171, 0.241061, 0.122487, 0.236078, 0.212543, 0.331431, 0.39325, 0.464043, 0.467429, 0.537768, 1, 

26,4,0.001, 0.0351071, 0.0540152, 0.0982399, 0.114168, 0.122487, 0.194192, 0.212543, 0.214905, 0.222406, 0.22502, 0.384797, 0.389538, 0.971484, 0.969172, 1, 

19,11,0.001, 0.0439325, 0.0946736, 0.108951, 0.134376, 0.139529, 0.174622, 0.188056, 0.247474, 1, 

Generation #49
23,6,0.001, 0.0899733, 0.102304, 0.102304, 0.108951, 0.14662, 0.257957, 0.279526, 0.284015, 0.23117, 0.288385, 0.909002, 1, 

24,5,0.001, 0.0899733, 0.0431014, 0.102304, 0.0837065, 0.0864545, 0.180498, 0.188056, 0.215423, 0.247474, 0.28062, 0.333344, 0.339128, 0.935937, 0.969172, 1, 

21,8,0.001, 0.0443281, 0.145171, 0.241061, 0.122487, 0.236078, 0.212543, 0.331431, 0.39325, 0.464043, 0.467429, 0.537768, 1, 

26,4,0.001, 0.0351071, 0.0540152, 0.0982399, 0.114168, 0.122487, 0.194192, 0.212543, 0.214905, 0.222406, 0.22502, 0.384797, 0.389538, 0.971484, 0.969172, 1, 

19,11,0.001, 0.0439325, 0.0946736, 0.108951, 0.134376, 0.139529, 0.174622, 0.188056, 0.247474, 1, 

--- Pareto Front Solutions ---
Solution 0: N total=83 (N_initial=60, N_added=23), Time total=9 ms, Saved to: ./results/Make_t2_l2_pareto_0.csv, percents=0.001, 0.0899733, 0.102304, 0.102304, 0.108951, 0.14662, 0.257957, 0.279526, 0.284015, 0.23117, 0.288385, 0.909002, 1, 

Solution 1: N total=84 (N_initial=60, N_added=24), Time total=8 ms, Saved to: ./results/Make_t2_l2_pareto_1.csv, percents=0.001, 0.0899733, 0.0431014, 0.102304, 0.0837065, 0.0864545, 0.180498, 0.188056, 0.215423, 0.247474, 0.28062, 0.333344, 0.339128, 0.935937, 0.969172, 1, 

Solution 2: N total=81 (N_initial=60, N_added=21), Time total=11 ms, Saved to: ./results/Make_t2_l2_pareto_2.csv, percents=0.001, 0.0443281, 0.145171, 0.241061, 0.122487, 0.236078, 0.212543, 0.331431, 0.39325, 0.464043, 0.467429, 0.537768, 1, 

Solution 3: N total=86 (N_initial=60, N_added=26), Time total=7 ms, Saved to: ./results/Make_t2_l2_pareto_3.csv, percents=0.001, 0.0351071, 0.0540152, 0.0982399, 0.114168, 0.122487, 0.194192, 0.212543, 0.214905, 0.222406, 0.22502, 0.384797, 0.389538, 0.971484, 0.969172, 1, 

Solution 4: N total=79 (N_initial=60, N_added=19), Time total=14 ms, Saved to: ./results/Make_t2_l2_pareto_4.csv, percents=0.001, 0.0439325, 0.0946736, 0.108951, 0.134376, 0.139529, 0.174622, 0.188056, 0.247474, 1, 

------------d=1, t=2, lambda=3, filename=./evaluation/Make/Make_2_3.csv------------
Computing partitioned counts of d-sets...
Ready to look at pairs based on partitioned counts...
First Stage N=90, Time=4
There are 14 remaining non-locating pairs
--- Running GA Algorithm (phase2) ---
Running GA with std::execution::par
Generation #0
14,0,0.001, 0.109954, 0.179765, 0.181148, 0.246773, 0.25028, 0.321004, 0.505985, 0.740133, 0.824211, 0.872664, 0.939117, 1, 

Generation #1
14,0,0.001, 0.109954, 0.179765, 0.181148, 0.246773, 0.25028, 0.321004, 0.505985, 0.740133, 0.824211, 0.872664, 0.939117, 1, 

13,4,0.001, 0.105281, 0.182857, 0.304627, 0.318188, 0.364627, 0.394472, 0.423939, 0.920637, 1, 

Generation #2
14,0,0.001, 0.109954, 0.179765, 0.181148, 0.246773, 0.25028, 0.321004, 0.505985, 0.740133, 0.824211, 0.872664, 0.939117, 1, 

13,4,0.001, 0.105281, 0.182857, 0.304627, 0.318188, 0.364627, 0.394472, 0.423939, 0.920637, 1, 

Generation #3
12,0,0.001, 0.109954, 0.179765, 0.181148, 0.318188, 0.364627, 0.394472, 0.423939, 0.920637, 1, 

Generation #4
12,0,0.001, 0.109954, 0.179765, 0.181148, 0.318188, 0.364627, 0.394472, 0.423939, 0.920637, 1, 

Generation #5
12,0,0.001, 0.109954, 0.179765, 0.181148, 0.318188, 0.364627, 0.394472, 0.423939, 0.920637, 1, 

Generation #6
12,0,0.001, 0.109954, 0.179765, 0.181148, 0.318188, 0.364627, 0.394472, 0.423939, 0.920637, 1, 

10,1,0.001, 0.105281, 0.182857, 0.215846, 0.304627, 0.318188, 0.364627, 0.315127, 1, 

Generation #7
12,0,0.001, 0.109954, 0.179765, 0.181148, 0.318188, 0.364627, 0.394472, 0.423939, 0.920637, 1, 

10,1,0.001, 0.105281, 0.182857, 0.215846, 0.304627, 0.318188, 0.364627, 0.315127, 1, 

Generation #8
12,0,0.001, 0.109954, 0.179765, 0.181148, 0.318188, 0.364627, 0.394472, 0.423939, 0.920637, 1, 

10,1,0.001, 0.105281, 0.182857, 0.215846, 0.304627, 0.318188, 0.364627, 0.315127, 1, 

Generation #9
12,0,0.001, 0.109954, 0.179765, 0.181148, 0.318188, 0.364627, 0.394472, 0.423939, 0.920637, 1, 

10,1,0.001, 0.105281, 0.182857, 0.215846, 0.304627, 0.318188, 0.364627, 0.315127, 1, 

Generation #10
10,0,0.001, 0.0290856, 0.0358793, 0.102008, 0.128978, 0.25028, 0.342059, 0.384426, 0.920637, 1, 

Generation #11
10,0,0.001, 0.0290856, 0.0358793, 0.102008, 0.128978, 0.25028, 0.342059, 0.384426, 0.920637, 1, 

Generation #12
10,0,0.001, 0.0290856, 0.0358793, 0.102008, 0.128978, 0.25028, 0.342059, 0.384426, 0.920637, 1, 

Generation #13
10,0,0.001, 0.0290856, 0.0358793, 0.102008, 0.128978, 0.25028, 0.342059, 0.384426, 0.920637, 1, 

Generation #14
10,0,0.001, 0.0290856, 0.0358793, 0.102008, 0.128978, 0.25028, 0.342059, 0.384426, 0.920637, 1, 

Generation #15
10,0,0.001, 0.0290856, 0.0358793, 0.102008, 0.128978, 0.25028, 0.342059, 0.384426, 0.920637, 1, 

Generation #16
10,0,0.001, 0.0290856, 0.0358793, 0.102008, 0.128978, 0.25028, 0.342059, 0.384426, 0.920637, 1, 

Generation #17
10,0,0.001, 0.0290856, 0.0358793, 0.102008, 0.128978, 0.25028, 0.342059, 0.384426, 0.920637, 1, 

Generation #18
10,0,0.001, 0.0290856, 0.0358793, 0.102008, 0.128978, 0.25028, 0.342059, 0.384426, 0.920637, 1, 

Generation #19
10,0,0.001, 0.0290856, 0.0358793, 0.102008, 0.128978, 0.25028, 0.342059, 0.384426, 0.920637, 1, 

Generation #20
10,0,0.001, 0.0290856, 0.0358793, 0.102008, 0.128978, 0.25028, 0.342059, 0.384426, 0.920637, 1, 

Generation #21
10,0,0.001, 0.0290856, 0.0358793, 0.102008, 0.128978, 0.25028, 0.342059, 0.384426, 0.920637, 1, 

Generation #22
10,0,0.001, 0.0290856, 0.0358793, 0.102008, 0.128978, 0.25028, 0.342059, 0.384426, 0.920637, 1, 

9,1,0.001, 0.0196005, 0.0982074, 0.163809, 0.187704, 0.788565, 0.527033, 1, 

Generation #23
10,0,0.001, 0.0290856, 0.0358793, 0.102008, 0.128978, 0.25028, 0.342059, 0.384426, 0.920637, 1, 

9,1,0.001, 0.0196005, 0.0982074, 0.163809, 0.187704, 0.788565, 0.527033, 1, 

Generation #24
10,0,0.001, 0.0290856, 0.0358793, 0.102008, 0.128978, 0.25028, 0.342059, 0.384426, 0.920637, 1, 

9,1,0.001, 0.0196005, 0.0982074, 0.163809, 0.187704, 0.788565, 0.527033, 1, 

Generation #25
10,0,0.001, 0.0290856, 0.0358793, 0.102008, 0.128978, 0.25028, 0.342059, 0.384426, 0.920637, 1, 

9,1,0.001, 0.0196005, 0.0982074, 0.163809, 0.187704, 0.788565, 0.527033, 1, 

Generation #26
10,0,0.001, 0.0290856, 0.0358793, 0.102008, 0.128978, 0.25028, 0.342059, 0.384426, 0.920637, 1, 

9,1,0.001, 0.0196005, 0.0982074, 0.163809, 0.187704, 0.788565, 0.527033, 1, 

Generation #27
10,0,0.001, 0.0290856, 0.0358793, 0.102008, 0.128978, 0.25028, 0.342059, 0.384426, 0.920637, 1, 

9,1,0.001, 0.0196005, 0.0982074, 0.163809, 0.187704, 0.788565, 0.527033, 1, 

Generation #28
10,0,0.001, 0.0290856, 0.0358793, 0.102008, 0.128978, 0.25028, 0.342059, 0.384426, 0.920637, 1, 

9,1,0.001, 0.0196005, 0.0982074, 0.163809, 0.187704, 0.788565, 0.527033, 1, 

Generation #29
10,0,0.001, 0.0290856, 0.0358793, 0.102008, 0.128978, 0.25028, 0.342059, 0.384426, 0.920637, 1, 

9,1,0.001, 0.0196005, 0.0982074, 0.163809, 0.187704, 0.788565, 0.527033, 1, 

Generation #30
10,0,0.001, 0.0290856, 0.0358793, 0.102008, 0.128978, 0.25028, 0.342059, 0.384426, 0.920637, 1, 

9,1,0.001, 0.0196005, 0.0982074, 0.163809, 0.187704, 0.788565, 0.527033, 1, 

Generation #31
10,0,0.001, 0.0290856, 0.0358793, 0.102008, 0.128978, 0.25028, 0.342059, 0.384426, 0.920637, 1, 

9,1,0.001, 0.0196005, 0.0982074, 0.163809, 0.187704, 0.788565, 0.527033, 1, 

Generation #32
10,0,0.001, 0.0290856, 0.0358793, 0.102008, 0.128978, 0.25028, 0.342059, 0.384426, 0.920637, 1, 

9,1,0.001, 0.0196005, 0.0982074, 0.163809, 0.187704, 0.788565, 0.527033, 1, 

Generation #33
10,0,0.001, 0.0290856, 0.0358793, 0.102008, 0.128978, 0.25028, 0.342059, 0.384426, 0.920637, 1, 

9,1,0.001, 0.0196005, 0.0982074, 0.163809, 0.187704, 0.788565, 0.527033, 1, 

Generation #34
10,0,0.001, 0.0290856, 0.0358793, 0.102008, 0.128978, 0.25028, 0.342059, 0.384426, 0.920637, 1, 

9,1,0.001, 0.0196005, 0.0982074, 0.163809, 0.187704, 0.788565, 0.527033, 1, 

Generation #35
10,0,0.001, 0.0290856, 0.0358793, 0.102008, 0.128978, 0.25028, 0.342059, 0.384426, 0.920637, 1, 

9,1,0.001, 0.0196005, 0.0982074, 0.163809, 0.187704, 0.788565, 0.527033, 1, 

Generation #36
10,0,0.001, 0.0290856, 0.0358793, 0.102008, 0.128978, 0.25028, 0.342059, 0.384426, 0.920637, 1, 

9,1,0.001, 0.0196005, 0.0982074, 0.163809, 0.187704, 0.788565, 0.527033, 1, 

Generation #37
10,0,0.001, 0.0290856, 0.0358793, 0.102008, 0.128978, 0.25028, 0.342059, 0.384426, 0.920637, 1, 

9,1,0.001, 0.0196005, 0.0982074, 0.163809, 0.187704, 0.788565, 0.527033, 1, 

Generation #38
10,0,0.001, 0.0290856, 0.0358793, 0.102008, 0.128978, 0.25028, 0.342059, 0.384426, 0.920637, 1, 

9,1,0.001, 0.0196005, 0.0982074, 0.163809, 0.187704, 0.788565, 0.527033, 1, 

Generation #39
9,0,0.001, 0.0290856, 0.0358793, 0.102008, 0.128978, 0.318188, 0.394472, 0.527033, 1, 

Generation #40
9,0,0.001, 0.0290856, 0.0358793, 0.102008, 0.128978, 0.318188, 0.394472, 0.527033, 1, 

Generation #41
9,0,0.001, 0.0290856, 0.0358793, 0.102008, 0.128978, 0.318188, 0.394472, 0.527033, 1, 

Generation #42
9,0,0.001, 0.0290856, 0.0358793, 0.102008, 0.128978, 0.318188, 0.394472, 0.527033, 1, 

Generation #43
9,0,0.001, 0.0290856, 0.0358793, 0.102008, 0.128978, 0.318188, 0.394472, 0.527033, 1, 

Generation #44
9,0,0.001, 0.0290856, 0.0358793, 0.102008, 0.128978, 0.318188, 0.394472, 0.527033, 1, 

Generation #45
9,0,0.001, 0.0290856, 0.0358793, 0.102008, 0.128978, 0.318188, 0.394472, 0.527033, 1, 

Generation #46
9,0,0.001, 0.0290856, 0.0358793, 0.102008, 0.128978, 0.318188, 0.394472, 0.527033, 1, 

Generation #47
9,0,0.001, 0.0290856, 0.0358793, 0.102008, 0.128978, 0.318188, 0.394472, 0.527033, 1, 

Generation #48
9,0,0.001, 0.0290856, 0.0358793, 0.102008, 0.128978, 0.318188, 0.394472, 0.527033, 1, 

Generation #49
9,0,0.001, 0.0290856, 0.0358793, 0.102008, 0.128978, 0.318188, 0.394472, 0.527033, 1, 

--- Pareto Front Solutions ---
Solution 0: N total=99 (N_initial=90, N_added=9), Time total=4 ms, Saved to: ./results/Make_t2_l3_pareto_0.csv, percents=0.001, 0.0290856, 0.0358793, 0.102008, 0.128978, 0.318188, 0.394472, 0.527033, 1, 

------------d=1, t=2, lambda=4, filename=./evaluation/Make/Make_2_4.csv------------
Computing partitioned counts of d-sets...
Ready to look at pairs based on partitioned counts...
First Stage N=120, Time=5
There are 0 remaining non-locating pairs
Array is already valid. Saved initial array to ./Make_t2_l4_final.csv
