------------d=1, t=2, lambda=1, filename=./evaluation/Make/Make_2_1.csv------------
Computing partitioned counts of d-sets...
Ready to look at pairs based on partitioned counts...
First Stage N=30, Time=4
There are 1464 remaining non-locating pairs
--- Running Density Algorithm (phase2_ce) for Locating ---
  (CE) DEBUG: Trying to distinguish 1464 pairs. Example:
       Pair 0: (1,9,),(1,1,)  vs (1,11,),(1,1,)  (already separated 0 times)
  (CE) Using greedy column-by-column strategy.
  (CE) Row 40 built (best score: 42). 202 pairs remaining to distinguish.
  (CE) Row 50 built (best score: 4). 7 pairs remaining to distinguish.
  (CE) Row 54 built (best score: 1). 0 pairs remaining to distinguish.
--- Pareto Front Solutions ---
Solution 0: N total=54 (N_initial=30, N_added=24), Time total=57 ms, Saved to: ./results/Make_t2_l1_pareto_0.csv, percents=1, 

------------d=1, t=2, lambda=2, filename=./evaluation/Make/Make_2_2.csv------------
Computing partitioned counts of d-sets...
Ready to look at pairs based on partitioned counts...
First Stage N=60, Time=2
There are 30 remaining non-locating pairs
--- Running Density Algorithm (phase2_ce) for Locating ---
  (CE) DEBUG: Trying to distinguish 30 pairs. Example:
       Pair 0: (0,2,),(1,3,)  vs (0,3,),(1,0,)  (already separated 0 times)
  (CE) Using greedy column-by-column strategy.
  (CE) Row 70 built (best score: 2). 5 pairs remaining to distinguish.
  (CE) Row 74 built (best score: 1). 0 pairs remaining to distinguish.
--- Pareto Front Solutions ---
Solution 0: N total=74 (N_initial=60, N_added=14), Time total=3 ms, Saved to: ./results/Make_t2_l2_pareto_0.csv, percents=1, 

------------d=1, t=2, lambda=3, filename=./evaluation/Make/Make_2_3.csv------------
Computing partitioned counts of d-sets...
Ready to look at pairs based on partitioned counts...
First Stage N=90, Time=2
There are 14 remaining non-locating pairs
--- Running Density Algorithm (phase2_ce) for Locating ---
  (CE) DEBUG: Trying to distinguish 14 pairs. Example:
       Pair 0: (0,12,),(4,1,)  vs (0,14,),(4,1,)  (already separated 2 times)
  (CE) Using greedy column-by-column strategy.
  (CE) Row 97 built (best score: 1). 0 pairs remaining to distinguish.
--- Pareto Front Solutions ---
Solution 0: N total=97 (N_initial=90, N_added=7), Time total=2 ms, Saved to: ./results/Make_t2_l3_pareto_0.csv, percents=1, 

------------d=1, t=2, lambda=4, filename=./evaluation/Make/Make_2_4.csv------------
Computing partitioned counts of d-sets...
Ready to look at pairs based on partitioned counts...
First Stage N=120, Time=2
There are 0 remaining non-locating pairs
Array is already valid. Saved initial array to ./Make_t2_l4_final.csv
