------------d=1, t=2, lambda=1, filename=./evaluation/Make/Make_2_1.csv------------
Computing partitioned counts of d-sets...
Ready to look at pairs based on partitioned counts...
First Stage N=30, Time=5
There are 1464 remaining non-locating pairs
--- Running GA Algorithm (phase2) ---
Running GA with std::execution::par
Generation #0
36,703,0.001, 0.139605, 0.219523, 0.33745, 0.371203, 0.465486, 0.467519, 0.710549, 0.845754, 0.979017, 1, 

41,331,0.001, 0.0537338, 0.106666, 0.111303, 0.348809, 0.39629, 0.452333, 0.476821, 0.529451, 0.635177, 0.648952, 0.726148, 0.943837, 0.951523, 1, 

38,460,0.001, 0.14223, 0.153706, 0.489961, 0.49157, 0.49993, 0.518898, 0.58726, 0.607083, 0.793639, 0.806633, 1, 

54,228,0.001, 0.0566752, 0.0752839, 0.0777061, 0.0863873, 0.182181, 0.199982, 0.212079, 0.243302, 0.251531, 0.26423, 0.327027, 0.376729, 0.38517, 0.450829, 0.477398, 0.482188, 0.500265, 0.606337, 0.609739, 0.635615, 0.677949, 0.680288, 0.683138, 0.739085, 0.751494, 0.883742, 0.897283, 0.972106, 1, 

45,283,0.001, 0.0141455, 0.0218816, 0.0456565, 0.126535, 0.171676, 0.223503, 0.360442, 0.365705, 0.45636, 0.479251, 0.508095, 0.573131, 0.69156, 0.698453, 0.828251, 0.841254, 0.951562, 1, 

47,241,0.001, 0.0110509, 0.0391854, 0.0928903, 0.129683, 0.148351, 0.15305, 0.161136, 0.234665, 0.262227, 0.262612, 0.288228, 0.29071, 0.387741, 0.387959, 0.439057, 0.598829, 0.623264, 0.646717, 0.734431, 0.75492, 0.778334, 0.828504, 0.918703, 0.937746, 1, 

Generation #1
36,703,0.001, 0.139605, 0.219523, 0.33745, 0.371203, 0.465486, 0.467519, 0.710549, 0.845754, 0.979017, 1, 

46,173,0.001, 0.016831, 0.0528152, 0.0980615, 0.106911, 0.119235, 0.150345, 0.17776, 0.247358, 0.299091, 0.400537, 0.470213, 0.511489, 0.606937, 0.610299, 0.685118, 0.749872, 0.761045, 0.79815, 0.843834, 0.85952, 0.956795, 1, 

38,214,0.001, 0.016831, 0.0528152, 0.0980615, 0.106911, 0.119235, 0.150345, 0.17776, 0.247358, 0.299091, 0.400537, 0.470213, 0.492376, 0.576229, 0.993539, 1, 

43,202,0.001, 0.0234395, 0.0390873, 0.0460126, 0.10239, 0.111185, 0.134715, 0.142228, 0.147769, 0.164878, 0.182603, 0.226503, 0.600954, 0.673547, 0.693171, 0.748014, 0.773028, 0.803385, 0.892334, 0.903401, 1, 

37,231,0.001, 0.0211516, 0.0392133, 0.0765168, 0.109886, 0.119161, 0.216399, 0.246362, 0.749881, 0.83435, 0.852734, 1, 

Generation #2
46,173,0.001, 0.016831, 0.0528152, 0.0980615, 0.106911, 0.119235, 0.150345, 0.17776, 0.247358, 0.299091, 0.400537, 0.470213, 0.511489, 0.606937, 0.610299, 0.685118, 0.749872, 0.761045, 0.79815, 0.843834, 0.85952, 0.956795, 1, 

38,214,0.001, 0.016831, 0.0528152, 0.0980615, 0.106911, 0.119235, 0.150345, 0.17776, 0.247358, 0.299091, 0.400537, 0.470213, 0.492376, 0.576229, 0.993539, 1, 

37,231,0.001, 0.0211516, 0.0392133, 0.0765168, 0.109886, 0.119161, 0.216399, 0.246362, 0.749881, 0.83435, 0.852734, 1, 

43,189,0.001, 0.00563984, 0.0472926, 0.0698625, 0.0751163, 0.198198, 0.226628, 0.274555, 0.393606, 0.452495, 0.454099, 0.491477, 0.596034, 0.623833, 0.648591, 0.701796, 0.83062, 0.980213, 1, 

34,250,0.001, 0.0566752, 0.0752839, 0.0777061, 0.0863873, 0.182181, 0.199982, 0.212079, 0.243302, 0.979017, 1, 

40,205,0.001, 0.0141455, 0.0218816, 0.0456565, 0.126535, 0.171676, 0.360442, 0.365705, 0.45636, 0.454099, 0.491477, 0.596034, 0.623833, 0.648591, 0.701796, 0.83062, 0.980213, 1, 

Generation #3
46,173,0.001, 0.016831, 0.0528152, 0.0980615, 0.106911, 0.119235, 0.150345, 0.17776, 0.247358, 0.299091, 0.400537, 0.470213, 0.511489, 0.606937, 0.610299, 0.685118, 0.749872, 0.761045, 0.79815, 0.843834, 0.85952, 0.956795, 1, 

34,250,0.001, 0.0566752, 0.0752839, 0.0777061, 0.0863873, 0.182181, 0.199982, 0.212079, 0.243302, 0.979017, 1, 

35,205,0.001, 0.00563984, 0.0472926, 0.0698625, 0.0751163, 0.198198, 0.226628, 0.274555, 0.81168, 0.95616, 0.654658, 1, 

38,189,0.001, 0.016831, 0.0528152, 0.0980615, 0.106911, 0.119235, 0.437743, 0.510133, 0.559066, 0.603135, 0.659718, 0.694635, 0.729171, 1, 

37,198,0.001, 0.00563984, 0.0472926, 0.0698625, 0.0751163, 0.198198, 0.226628, 0.274555, 0.393606, 0.452495, 0.981794, 1, 

51,146,0.001, 0.00563984, 0.0472926, 0.0698625, 0.0751163, 0.198198, 0.226628, 0.274555, 0.393606, 0.452495, 0.454099, 0.491477, 0.596034, 0.623833, 0.648591, 0.701796, 0.482188, 0.500265, 0.606337, 0.609739, 0.635615, 0.677949, 0.680288, 0.683138, 0.739085, 0.751494, 0.883742, 0.897283, 0.972106, 1, 

Generation #4
46,173,0.001, 0.016831, 0.0528152, 0.0980615, 0.106911, 0.119235, 0.150345, 0.17776, 0.247358, 0.299091, 0.400537, 0.470213, 0.511489, 0.606937, 0.610299, 0.685118, 0.749872, 0.761045, 0.79815, 0.843834, 0.85952, 0.956795, 1, 

38,189,0.001, 0.016831, 0.0528152, 0.0980615, 0.106911, 0.119235, 0.437743, 0.510133, 0.559066, 0.603135, 0.659718, 0.694635, 0.729171, 1, 

37,198,0.001, 0.00563984, 0.0472926, 0.0698625, 0.0751163, 0.198198, 0.226628, 0.274555, 0.393606, 0.452495, 0.981794, 1, 

51,146,0.001, 0.00563984, 0.0472926, 0.0698625, 0.0751163, 0.198198, 0.226628, 0.274555, 0.393606, 0.452495, 0.454099, 0.491477, 0.596034, 0.623833, 0.648591, 0.701796, 0.482188, 0.500265, 0.606337, 0.609739, 0.635615, 0.677949, 0.680288, 0.683138, 0.739085, 0.751494, 0.883742, 0.897283, 0.972106, 1, 

42,184,0.001, 0.00563984, 0.0472926, 0.0698625, 0.0751163, 0.171676, 0.360442, 0.365705, 0.45636, 0.454099, 0.491477, 0.596034, 0.623833, 0.648591, 0.701796, 0.83062, 0.980213, 1, 

39,185,0.0211516, 0.0392133, 0.0765168, 0.109886, 0.119161, 0.191838, 0.388656, 0.457753, 0.827884, 0.981794, 1, 

34,199,0.001, 0.016831, 0.0528152, 0.106911, 0.0663368, 0.100799, 0.164494, 0.0661105, 0.81168, 0.95616, 0.981794, 1, 

44,182,0.001, 0.0219461, 0.0261442, 0.0262016, 0.0663368, 0.119161, 0.216399, 0.246362, 0.302584, 0.345675, 0.346068, 0.390185, 0.443204, 0.455689, 0.522106, 0.532403, 0.55521, 0.85691, 0.960916, 1, 

Generation #5
46,173,0.001, 0.016831, 0.0528152, 0.0980615, 0.106911, 0.119235, 0.150345, 0.17776, 0.247358, 0.299091, 0.400537, 0.470213, 0.511489, 0.606937, 0.610299, 0.685118, 0.749872, 0.761045, 0.79815, 0.843834, 0.85952, 0.956795, 1, 

51,146,0.001, 0.00563984, 0.0472926, 0.0698625, 0.0751163, 0.198198, 0.226628, 0.274555, 0.393606, 0.452495, 0.454099, 0.491477, 0.596034, 0.623833, 0.648591, 0.701796, 0.482188, 0.500265, 0.606337, 0.609739, 0.635615, 0.677949, 0.680288, 0.683138, 0.739085, 0.751494, 0.883742, 0.897283, 0.972106, 1, 

38,174,0.001, 0.0219461, 0.0528152, 0.106911, 0.119235, 0.150345, 0.17776, 0.247358, 0.299091, 0.400537, 1, 

49,166,0.001, 0.0234395, 0.0390873, 0.0460126, 0.10239, 0.111185, 0.199982, 0.212079, 0.251531, 0.299091, 0.400537, 0.470213, 0.511489, 0.606937, 0.610299, 0.685118, 0.749872, 0.761045, 0.79815, 0.843834, 0.85952, 0.956795, 1, 

33,196,0.001, 0.0110509, 0.0521207, 0.117633, 0.126995, 0.134715, 0.142228, 0.147769, 0.990146, 1, 

Generation #6
51,146,0.001, 0.00563984, 0.0472926, 0.0698625, 0.0751163, 0.198198, 0.226628, 0.274555, 0.393606, 0.452495, 0.454099, 0.491477, 0.596034, 0.623833, 0.648591, 0.701796, 0.482188, 0.500265, 0.606337, 0.609739, 0.635615, 0.677949, 0.680288, 0.683138, 0.739085, 0.751494, 0.883742, 0.897283, 0.972106, 1, 

49,166,0.001, 0.0234395, 0.0390873, 0.0460126, 0.10239, 0.111185, 0.199982, 0.212079, 0.251531, 0.299091, 0.400537, 0.470213, 0.511489, 0.606937, 0.610299, 0.685118, 0.749872, 0.761045, 0.79815, 0.843834, 0.85952, 0.956795, 1, 

33,196,0.001, 0.0110509, 0.0521207, 0.117633, 0.126995, 0.134715, 0.142228, 0.147769, 0.990146, 1, 

35,184,0.001, 0.0234395, 0.0390873, 0.0460126, 0.10239, 0.111185, 0.199982, 0.212079, 0.749881, 0.83435, 0.852734, 1, 

43,168,0.001, 0.00563984, 0.0472926, 0.0698625, 0.0751163, 0.198198, 0.226628, 0.246362, 0.302584, 0.345675, 0.346068, 0.390185, 0.443204, 0.455689, 0.522106, 0.532403, 0.55521, 0.85691, 0.960916, 1, 

37,174,0.001, 0.00563984, 0.0472926, 0.0698625, 0.0751163, 0.100799, 0.164494, 0.0661105, 0.81168, 0.95616, 0.981794, 1, 

Generation #7
51,146,0.001, 0.00563984, 0.0472926, 0.0698625, 0.0751163, 0.198198, 0.226628, 0.274555, 0.393606, 0.452495, 0.454099, 0.491477, 0.596034, 0.623833, 0.648591, 0.701796, 0.482188, 0.500265, 0.606337, 0.609739, 0.635615, 0.677949, 0.680288, 0.683138, 0.739085, 0.751494, 0.883742, 0.897283, 0.972106, 1, 

33,159,0.001, 0.00563984, 0.0472926, 0.0698625, 0.0751163, 0.198198, 0.164494, 0.0661105, 0.81168, 0.95616, 0.981794, 1, 

37,155,0.001, 0.00563984, 0.0472926, 0.0698625, 0.0751163, 0.198198, 0.226628, 0.274555, 0.393606, 0.452495, 0.940171, 1, 

Generation #8
51,146,0.001, 0.00563984, 0.0472926, 0.0698625, 0.0751163, 0.198198, 0.226628, 0.274555, 0.393606, 0.452495, 0.454099, 0.491477, 0.596034, 0.623833, 0.648591, 0.701796, 0.482188, 0.500265, 0.606337, 0.609739, 0.635615, 0.677949, 0.680288, 0.683138, 0.739085, 0.751494, 0.883742, 0.897283, 0.972106, 1, 

33,159,0.001, 0.00563984, 0.0472926, 0.0698625, 0.0751163, 0.198198, 0.164494, 0.0661105, 0.81168, 0.95616, 0.981794, 1, 

37,155,0.001, 0.00563984, 0.0472926, 0.0698625, 0.0751163, 0.198198, 0.226628, 0.274555, 0.393606, 0.452495, 0.940171, 1, 

Generation #9
51,146,0.001, 0.00563984, 0.0472926, 0.0698625, 0.0751163, 0.198198, 0.226628, 0.274555, 0.393606, 0.452495, 0.454099, 0.491477, 0.596034, 0.623833, 0.648591, 0.701796, 0.482188, 0.500265, 0.606337, 0.609739, 0.635615, 0.677949, 0.680288, 0.683138, 0.739085, 0.751494, 0.883742, 0.897283, 0.972106, 1, 

33,159,0.001, 0.00563984, 0.0472926, 0.0698625, 0.0751163, 0.198198, 0.164494, 0.0661105, 0.81168, 0.95616, 0.981794, 1, 

37,155,0.001, 0.00563984, 0.0472926, 0.0698625, 0.0751163, 0.198198, 0.226628, 0.274555, 0.393606, 0.452495, 0.940171, 1, 

Generation #10
51,146,0.001, 0.00563984, 0.0472926, 0.0698625, 0.0751163, 0.198198, 0.226628, 0.274555, 0.393606, 0.452495, 0.454099, 0.491477, 0.596034, 0.623833, 0.648591, 0.701796, 0.482188, 0.500265, 0.606337, 0.609739, 0.635615, 0.677949, 0.680288, 0.683138, 0.739085, 0.751494, 0.883742, 0.897283, 0.972106, 1, 

33,159,0.001, 0.00563984, 0.0472926, 0.0698625, 0.0751163, 0.198198, 0.164494, 0.0661105, 0.81168, 0.95616, 0.981794, 1, 

37,155,0.001, 0.00563984, 0.0472926, 0.0698625, 0.0751163, 0.198198, 0.226628, 0.274555, 0.393606, 0.452495, 0.940171, 1, 

Generation #11
51,146,0.001, 0.00563984, 0.0472926, 0.0698625, 0.0751163, 0.198198, 0.226628, 0.274555, 0.393606, 0.452495, 0.454099, 0.491477, 0.596034, 0.623833, 0.648591, 0.701796, 0.482188, 0.500265, 0.606337, 0.609739, 0.635615, 0.677949, 0.680288, 0.683138, 0.739085, 0.751494, 0.883742, 0.897283, 0.972106, 1, 

33,159,0.001, 0.00563984, 0.0472926, 0.0698625, 0.0751163, 0.198198, 0.164494, 0.0661105, 0.81168, 0.95616, 0.981794, 1, 

37,155,0.001, 0.00563984, 0.0472926, 0.0698625, 0.0751163, 0.198198, 0.226628, 0.274555, 0.393606, 0.452495, 0.940171, 1, 

Generation #12
51,146,0.001, 0.00563984, 0.0472926, 0.0698625, 0.0751163, 0.198198, 0.226628, 0.274555, 0.393606, 0.452495, 0.454099, 0.491477, 0.596034, 0.623833, 0.648591, 0.701796, 0.482188, 0.500265, 0.606337, 0.609739, 0.635615, 0.677949, 0.680288, 0.683138, 0.739085, 0.751494, 0.883742, 0.897283, 0.972106, 1, 

33,159,0.001, 0.00563984, 0.0472926, 0.0698625, 0.0751163, 0.198198, 0.164494, 0.0661105, 0.81168, 0.95616, 0.981794, 1, 

34,149,0.001, 0.00563984, 0.0472926, 0.0698625, 0.0751163, 0.100799, 0.164494, 0.247358, 0.299091, 0.400537, 1, 

Generation #13
51,146,0.001, 0.00563984, 0.0472926, 0.0698625, 0.0751163, 0.198198, 0.226628, 0.274555, 0.393606, 0.452495, 0.454099, 0.491477, 0.596034, 0.623833, 0.648591, 0.701796, 0.482188, 0.500265, 0.606337, 0.609739, 0.635615, 0.677949, 0.680288, 0.683138, 0.739085, 0.751494, 0.883742, 0.897283, 0.972106, 1, 

33,159,0.001, 0.00563984, 0.0472926, 0.0698625, 0.0751163, 0.198198, 0.164494, 0.0661105, 0.81168, 0.95616, 0.981794, 1, 

34,149,0.001, 0.00563984, 0.0472926, 0.0698625, 0.0751163, 0.100799, 0.164494, 0.247358, 0.299091, 0.400537, 1, 

Generation #14
51,146,0.001, 0.00563984, 0.0472926, 0.0698625, 0.0751163, 0.198198, 0.226628, 0.274555, 0.393606, 0.452495, 0.454099, 0.491477, 0.596034, 0.623833, 0.648591, 0.701796, 0.482188, 0.500265, 0.606337, 0.609739, 0.635615, 0.677949, 0.680288, 0.683138, 0.739085, 0.751494, 0.883742, 0.897283, 0.972106, 1, 

33,159,0.001, 0.00563984, 0.0472926, 0.0698625, 0.0751163, 0.198198, 0.164494, 0.0661105, 0.81168, 0.95616, 0.981794, 1, 

34,149,0.001, 0.00563984, 0.0472926, 0.0698625, 0.0751163, 0.100799, 0.164494, 0.247358, 0.299091, 0.400537, 1, 

37,148,0.001, 0.00563984, 0.0472926, 0.0698625, 0.10239, 0.111185, 0.199982, 0.212079, 0.243302, 0.452495, 0.940171, 1, 

Generation #15
51,146,0.001, 0.00563984, 0.0472926, 0.0698625, 0.0751163, 0.198198, 0.226628, 0.274555, 0.393606, 0.452495, 0.454099, 0.491477, 0.596034, 0.623833, 0.648591, 0.701796, 0.482188, 0.500265, 0.606337, 0.609739, 0.635615, 0.677949, 0.680288, 0.683138, 0.739085, 0.751494, 0.883742, 0.897283, 0.972106, 1, 

33,159,0.001, 0.00563984, 0.0472926, 0.0698625, 0.0751163, 0.198198, 0.164494, 0.0661105, 0.81168, 0.95616, 0.981794, 1, 

34,149,0.001, 0.00563984, 0.0472926, 0.0698625, 0.0751163, 0.100799, 0.164494, 0.247358, 0.299091, 0.400537, 1, 

37,148,0.001, 0.00563984, 0.0472926, 0.0698625, 0.10239, 0.111185, 0.199982, 0.212079, 0.243302, 0.452495, 0.940171, 1, 

Generation #16
51,146,0.001, 0.00563984, 0.0472926, 0.0698625, 0.0751163, 0.198198, 0.226628, 0.274555, 0.393606, 0.452495, 0.454099, 0.491477, 0.596034, 0.623833, 0.648591, 0.701796, 0.482188, 0.500265, 0.606337, 0.609739, 0.635615, 0.677949, 0.680288, 0.683138, 0.739085, 0.751494, 0.883742, 0.897283, 0.972106, 1, 

33,159,0.001, 0.00563984, 0.0472926, 0.0698625, 0.0751163, 0.198198, 0.164494, 0.0661105, 0.81168, 0.95616, 0.981794, 1, 

34,149,0.001, 0.00563984, 0.0472926, 0.0698625, 0.0751163, 0.100799, 0.164494, 0.247358, 0.299091, 0.400537, 1, 

37,148,0.001, 0.00563984, 0.0472926, 0.0698625, 0.10239, 0.111185, 0.199982, 0.212079, 0.243302, 0.452495, 0.940171, 1, 

Generation #17
51,146,0.001, 0.00563984, 0.0472926, 0.0698625, 0.0751163, 0.198198, 0.226628, 0.274555, 0.393606, 0.452495, 0.454099, 0.491477, 0.596034, 0.623833, 0.648591, 0.701796, 0.482188, 0.500265, 0.606337, 0.609739, 0.635615, 0.677949, 0.680288, 0.683138, 0.739085, 0.751494, 0.883742, 0.897283, 0.972106, 1, 

33,159,0.001, 0.00563984, 0.0472926, 0.0698625, 0.0751163, 0.198198, 0.164494, 0.0661105, 0.81168, 0.95616, 0.981794, 1, 

34,149,0.001, 0.00563984, 0.0472926, 0.0698625, 0.0751163, 0.100799, 0.164494, 0.247358, 0.299091, 0.400537, 1, 

37,148,0.001, 0.00563984, 0.0472926, 0.0698625, 0.10239, 0.111185, 0.199982, 0.212079, 0.243302, 0.452495, 0.940171, 1, 

Generation #18
51,146,0.001, 0.00563984, 0.0472926, 0.0698625, 0.0751163, 0.198198, 0.226628, 0.274555, 0.393606, 0.452495, 0.454099, 0.491477, 0.596034, 0.623833, 0.648591, 0.701796, 0.482188, 0.500265, 0.606337, 0.609739, 0.635615, 0.677949, 0.680288, 0.683138, 0.739085, 0.751494, 0.883742, 0.897283, 0.972106, 1, 

33,159,0.001, 0.00563984, 0.0472926, 0.0698625, 0.0751163, 0.198198, 0.164494, 0.0661105, 0.81168, 0.95616, 0.981794, 1, 

34,149,0.001, 0.00563984, 0.0472926, 0.0698625, 0.0751163, 0.100799, 0.164494, 0.247358, 0.299091, 0.400537, 1, 

37,148,0.001, 0.00563984, 0.0472926, 0.0698625, 0.10239, 0.111185, 0.199982, 0.212079, 0.243302, 0.452495, 0.940171, 1, 

Generation #19
51,146,0.001, 0.00563984, 0.0472926, 0.0698625, 0.0751163, 0.198198, 0.226628, 0.274555, 0.393606, 0.452495, 0.454099, 0.491477, 0.596034, 0.623833, 0.648591, 0.701796, 0.482188, 0.500265, 0.606337, 0.609739, 0.635615, 0.677949, 0.680288, 0.683138, 0.739085, 0.751494, 0.883742, 0.897283, 0.972106, 1, 

34,149,0.001, 0.00563984, 0.0472926, 0.0698625, 0.0751163, 0.100799, 0.164494, 0.247358, 0.299091, 0.400537, 1, 

37,148,0.001, 0.00563984, 0.0472926, 0.0698625, 0.10239, 0.111185, 0.199982, 0.212079, 0.243302, 0.452495, 0.940171, 1, 

33,153,0.001, 0.00563984, 0.0472926, 0.0698625, 0.0751163, 0.198198, 0.226628, 0.274555, 0.393606, 0.452495, 0.940171, 1, 

32,194,0.001, 0.0211516, 0.0392133, 0.0980615, 0.129683, 0.148351, 0.15305, 0.161136, 0.234665, 0.262227, 0.852734, 1, 

Generation #20
51,146,0.001, 0.00563984, 0.0472926, 0.0698625, 0.0751163, 0.198198, 0.226628, 0.274555, 0.393606, 0.452495, 0.454099, 0.491477, 0.596034, 0.623833, 0.648591, 0.701796, 0.482188, 0.500265, 0.606337, 0.609739, 0.635615, 0.677949, 0.680288, 0.683138, 0.739085, 0.751494, 0.883742, 0.897283, 0.972106, 1, 

34,149,0.001, 0.00563984, 0.0472926, 0.0698625, 0.0751163, 0.100799, 0.164494, 0.247358, 0.299091, 0.400537, 1, 

37,148,0.001, 0.00563984, 0.0472926, 0.0698625, 0.10239, 0.111185, 0.199982, 0.212079, 0.243302, 0.452495, 0.940171, 1, 

33,153,0.001, 0.00563984, 0.0472926, 0.0698625, 0.0751163, 0.198198, 0.226628, 0.274555, 0.393606, 0.452495, 0.940171, 1, 

32,194,0.001, 0.0211516, 0.0392133, 0.0980615, 0.129683, 0.148351, 0.15305, 0.161136, 0.234665, 0.262227, 0.852734, 1, 

Generation #21
51,146,0.001, 0.00563984, 0.0472926, 0.0698625, 0.0751163, 0.198198, 0.226628, 0.274555, 0.393606, 0.452495, 0.454099, 0.491477, 0.596034, 0.623833, 0.648591, 0.701796, 0.482188, 0.500265, 0.606337, 0.609739, 0.635615, 0.677949, 0.680288, 0.683138, 0.739085, 0.751494, 0.883742, 0.897283, 0.972106, 1, 

34,149,0.001, 0.00563984, 0.0472926, 0.0698625, 0.0751163, 0.100799, 0.164494, 0.247358, 0.299091, 0.400537, 1, 

37,148,0.001, 0.00563984, 0.0472926, 0.0698625, 0.10239, 0.111185, 0.199982, 0.212079, 0.243302, 0.452495, 0.940171, 1, 

33,153,0.001, 0.00563984, 0.0472926, 0.0698625, 0.0751163, 0.198198, 0.226628, 0.274555, 0.393606, 0.452495, 0.940171, 1, 

32,194,0.001, 0.0211516, 0.0392133, 0.0980615, 0.129683, 0.148351, 0.15305, 0.161136, 0.234665, 0.262227, 0.852734, 1, 

52,128,0.001, 0.00563984, 0.0472926, 0.0698625, 0.0751163, 0.198198, 0.226628, 0.246362, 0.302584, 0.345675, 0.346068, 0.390185, 0.443204, 0.455689, 0.648591, 0.701796, 0.482188, 0.500265, 0.606337, 0.609739, 0.635615, 0.677949, 0.680288, 0.683138, 0.739085, 0.751494, 0.883742, 0.897283, 0.972106, 1, 

Generation #22
51,146,0.001, 0.00563984, 0.0472926, 0.0698625, 0.0751163, 0.198198, 0.226628, 0.274555, 0.393606, 0.452495, 0.454099, 0.491477, 0.596034, 0.623833, 0.648591, 0.701796, 0.482188, 0.500265, 0.606337, 0.609739, 0.635615, 0.677949, 0.680288, 0.683138, 0.739085, 0.751494, 0.883742, 0.897283, 0.972106, 1, 

34,149,0.001, 0.00563984, 0.0472926, 0.0698625, 0.0751163, 0.100799, 0.164494, 0.247358, 0.299091, 0.400537, 1, 

37,148,0.001, 0.00563984, 0.0472926, 0.0698625, 0.10239, 0.111185, 0.199982, 0.212079, 0.243302, 0.452495, 0.940171, 1, 

33,153,0.001, 0.00563984, 0.0472926, 0.0698625, 0.0751163, 0.198198, 0.226628, 0.274555, 0.393606, 0.452495, 0.940171, 1, 

32,194,0.001, 0.0211516, 0.0392133, 0.0980615, 0.129683, 0.148351, 0.15305, 0.161136, 0.234665, 0.262227, 0.852734, 1, 

52,128,0.001, 0.00563984, 0.0472926, 0.0698625, 0.0751163, 0.198198, 0.226628, 0.246362, 0.302584, 0.345675, 0.346068, 0.390185, 0.443204, 0.455689, 0.648591, 0.701796, 0.482188, 0.500265, 0.606337, 0.609739, 0.635615, 0.677949, 0.680288, 0.683138, 0.739085, 0.751494, 0.883742, 0.897283, 0.972106, 1, 

Generation #23
34,149,0.001, 0.00563984, 0.0472926, 0.0698625, 0.0751163, 0.100799, 0.164494, 0.247358, 0.299091, 0.400537, 1, 

37,148,0.001, 0.00563984, 0.0472926, 0.0698625, 0.10239, 0.111185, 0.199982, 0.212079, 0.243302, 0.452495, 0.940171, 1, 

33,153,0.001, 0.00563984, 0.0472926, 0.0698625, 0.0751163, 0.198198, 0.226628, 0.274555, 0.393606, 0.452495, 0.940171, 1, 

32,194,0.001, 0.0211516, 0.0392133, 0.0980615, 0.129683, 0.148351, 0.15305, 0.161136, 0.234665, 0.262227, 0.852734, 1, 

52,128,0.001, 0.00563984, 0.0472926, 0.0698625, 0.0751163, 0.198198, 0.226628, 0.246362, 0.302584, 0.345675, 0.346068, 0.390185, 0.443204, 0.455689, 0.648591, 0.701796, 0.482188, 0.500265, 0.606337, 0.609739, 0.635615, 0.677949, 0.680288, 0.683138, 0.739085, 0.751494, 0.883742, 0.897283, 0.972106, 1, 

41,146,0.001, 0.00563984, 0.0472926, 0.0698625, 0.0751163, 0.100799, 0.164494, 0.247358, 0.299091, 0.345675, 0.346068, 0.390185, 0.443204, 0.455689, 0.522106, 0.532403, 0.55521, 0.85691, 0.960916, 1, 

Generation #24
34,149,0.001, 0.00563984, 0.0472926, 0.0698625, 0.0751163, 0.100799, 0.164494, 0.247358, 0.299091, 0.400537, 1, 

37,148,0.001, 0.00563984, 0.0472926, 0.0698625, 0.10239, 0.111185, 0.199982, 0.212079, 0.243302, 0.452495, 0.940171, 1, 

33,153,0.001, 0.00563984, 0.0472926, 0.0698625, 0.0751163, 0.198198, 0.226628, 0.274555, 0.393606, 0.452495, 0.940171, 1, 

32,194,0.001, 0.0211516, 0.0392133, 0.0980615, 0.129683, 0.148351, 0.15305, 0.161136, 0.234665, 0.262227, 0.852734, 1, 

52,128,0.001, 0.00563984, 0.0472926, 0.0698625, 0.0751163, 0.198198, 0.226628, 0.246362, 0.302584, 0.345675, 0.346068, 0.390185, 0.443204, 0.455689, 0.648591, 0.701796, 0.482188, 0.500265, 0.606337, 0.609739, 0.635615, 0.677949, 0.680288, 0.683138, 0.739085, 0.751494, 0.883742, 0.897283, 0.972106, 1, 

41,146,0.001, 0.00563984, 0.0472926, 0.0698625, 0.0751163, 0.100799, 0.164494, 0.247358, 0.299091, 0.345675, 0.346068, 0.390185, 0.443204, 0.455689, 0.522106, 0.532403, 0.55521, 0.85691, 0.960916, 1, 

51,142,0.001, 0.00563984, 0.0472926, 0.0698625, 0.10239, 0.111185, 0.199982, 0.212079, 0.393606, 0.452495, 0.454099, 0.491477, 0.596034, 0.623833, 0.648591, 0.701796, 0.482188, 0.500265, 0.606337, 0.609739, 0.635615, 0.677949, 0.680288, 0.683138, 0.739085, 0.751494, 0.883742, 0.897283, 0.972106, 1, 

Generation #25
34,149,0.001, 0.00563984, 0.0472926, 0.0698625, 0.0751163, 0.100799, 0.164494, 0.247358, 0.299091, 0.400537, 1, 

37,148,0.001, 0.00563984, 0.0472926, 0.0698625, 0.10239, 0.111185, 0.199982, 0.212079, 0.243302, 0.452495, 0.940171, 1, 

33,153,0.001, 0.00563984, 0.0472926, 0.0698625, 0.0751163, 0.198198, 0.226628, 0.274555, 0.393606, 0.452495, 0.940171, 1, 

32,194,0.001, 0.0211516, 0.0392133, 0.0980615, 0.129683, 0.148351, 0.15305, 0.161136, 0.234665, 0.262227, 0.852734, 1, 

52,128,0.001, 0.00563984, 0.0472926, 0.0698625, 0.0751163, 0.198198, 0.226628, 0.246362, 0.302584, 0.345675, 0.346068, 0.390185, 0.443204, 0.455689, 0.648591, 0.701796, 0.482188, 0.500265, 0.606337, 0.609739, 0.635615, 0.677949, 0.680288, 0.683138, 0.739085, 0.751494, 0.883742, 0.897283, 0.972106, 1, 

41,146,0.001, 0.00563984, 0.0472926, 0.0698625, 0.0751163, 0.100799, 0.164494, 0.247358, 0.299091, 0.345675, 0.346068, 0.390185, 0.443204, 0.455689, 0.522106, 0.532403, 0.55521, 0.85691, 0.960916, 1, 

51,142,0.001, 0.00563984, 0.0472926, 0.0698625, 0.10239, 0.111185, 0.199982, 0.212079, 0.393606, 0.452495, 0.454099, 0.491477, 0.596034, 0.623833, 0.648591, 0.701796, 0.482188, 0.500265, 0.606337, 0.609739, 0.635615, 0.677949, 0.680288, 0.683138, 0.739085, 0.751494, 0.883742, 0.897283, 0.972106, 1, 

Generation #26
34,149,0.001, 0.00563984, 0.0472926, 0.0698625, 0.0751163, 0.100799, 0.164494, 0.247358, 0.299091, 0.400537, 1, 

33,153,0.001, 0.00563984, 0.0472926, 0.0698625, 0.0751163, 0.198198, 0.226628, 0.274555, 0.393606, 0.452495, 0.940171, 1, 

32,194,0.001, 0.0211516, 0.0392133, 0.0980615, 0.129683, 0.148351, 0.15305, 0.161136, 0.234665, 0.262227, 0.852734, 1, 

52,128,0.001, 0.00563984, 0.0472926, 0.0698625, 0.0751163, 0.198198, 0.226628, 0.246362, 0.302584, 0.345675, 0.346068, 0.390185, 0.443204, 0.455689, 0.648591, 0.701796, 0.482188, 0.500265, 0.606337, 0.609739, 0.635615, 0.677949, 0.680288, 0.683138, 0.739085, 0.751494, 0.883742, 0.897283, 0.972106, 1, 

35,141,0.001, 0.00563984, 0.0472926, 0.0698625, 0.109886, 0.119161, 0.199982, 0.247358, 0.299091, 0.400537, 1, 

Generation #27
34,149,0.001, 0.00563984, 0.0472926, 0.0698625, 0.0751163, 0.100799, 0.164494, 0.247358, 0.299091, 0.400537, 1, 

33,153,0.001, 0.00563984, 0.0472926, 0.0698625, 0.0751163, 0.198198, 0.226628, 0.274555, 0.393606, 0.452495, 0.940171, 1, 

32,194,0.001, 0.0211516, 0.0392133, 0.0980615, 0.129683, 0.148351, 0.15305, 0.161136, 0.234665, 0.262227, 0.852734, 1, 

52,128,0.001, 0.00563984, 0.0472926, 0.0698625, 0.0751163, 0.198198, 0.226628, 0.246362, 0.302584, 0.345675, 0.346068, 0.390185, 0.443204, 0.455689, 0.648591, 0.701796, 0.482188, 0.500265, 0.606337, 0.609739, 0.635615, 0.677949, 0.680288, 0.683138, 0.739085, 0.751494, 0.883742, 0.897283, 0.972106, 1, 

35,141,0.001, 0.00563984, 0.0472926, 0.0698625, 0.109886, 0.119161, 0.199982, 0.247358, 0.299091, 0.400537, 1, 

Generation #28
34,149,0.001, 0.00563984, 0.0472926, 0.0698625, 0.0751163, 0.100799, 0.164494, 0.247358, 0.299091, 0.400537, 1, 

33,153,0.001, 0.00563984, 0.0472926, 0.0698625, 0.0751163, 0.198198, 0.226628, 0.274555, 0.393606, 0.452495, 0.940171, 1, 

32,194,0.001, 0.0211516, 0.0392133, 0.0980615, 0.129683, 0.148351, 0.15305, 0.161136, 0.234665, 0.262227, 0.852734, 1, 

52,128,0.001, 0.00563984, 0.0472926, 0.0698625, 0.0751163, 0.198198, 0.226628, 0.246362, 0.302584, 0.345675, 0.346068, 0.390185, 0.443204, 0.455689, 0.648591, 0.701796, 0.482188, 0.500265, 0.606337, 0.609739, 0.635615, 0.677949, 0.680288, 0.683138, 0.739085, 0.751494, 0.883742, 0.897283, 0.972106, 1, 

35,141,0.001, 0.00563984, 0.0472926, 0.0698625, 0.109886, 0.119161, 0.199982, 0.247358, 0.299091, 0.400537, 1, 

Generation #29
33,153,0.001, 0.00563984, 0.0472926, 0.0698625, 0.0751163, 0.198198, 0.226628, 0.274555, 0.393606, 0.452495, 0.940171, 1, 

32,194,0.001, 0.0211516, 0.0392133, 0.0980615, 0.129683, 0.148351, 0.15305, 0.161136, 0.234665, 0.262227, 0.852734, 1, 

52,128,0.001, 0.00563984, 0.0472926, 0.0698625, 0.0751163, 0.198198, 0.226628, 0.246362, 0.302584, 0.345675, 0.346068, 0.390185, 0.443204, 0.455689, 0.648591, 0.701796, 0.482188, 0.500265, 0.606337, 0.609739, 0.635615, 0.677949, 0.680288, 0.683138, 0.739085, 0.751494, 0.883742, 0.897283, 0.972106, 1, 

34,138,0.001, 0.00563984, 0.0472926, 0.0698625, 0.0751163, 0.142228, 0.247358, 0.299091, 0.400537, 1, 

Generation #30
33,153,0.001, 0.00563984, 0.0472926, 0.0698625, 0.0751163, 0.198198, 0.226628, 0.274555, 0.393606, 0.452495, 0.940171, 1, 

32,194,0.001, 0.0211516, 0.0392133, 0.0980615, 0.129683, 0.148351, 0.15305, 0.161136, 0.234665, 0.262227, 0.852734, 1, 

52,128,0.001, 0.00563984, 0.0472926, 0.0698625, 0.0751163, 0.198198, 0.226628, 0.246362, 0.302584, 0.345675, 0.346068, 0.390185, 0.443204, 0.455689, 0.648591, 0.701796, 0.482188, 0.500265, 0.606337, 0.609739, 0.635615, 0.677949, 0.680288, 0.683138, 0.739085, 0.751494, 0.883742, 0.897283, 0.972106, 1, 

34,138,0.001, 0.00563984, 0.0472926, 0.0698625, 0.0751163, 0.142228, 0.247358, 0.299091, 0.400537, 1, 

Generation #31
33,153,0.001, 0.00563984, 0.0472926, 0.0698625, 0.0751163, 0.198198, 0.226628, 0.274555, 0.393606, 0.452495, 0.940171, 1, 

32,194,0.001, 0.0211516, 0.0392133, 0.0980615, 0.129683, 0.148351, 0.15305, 0.161136, 0.234665, 0.262227, 0.852734, 1, 

52,128,0.001, 0.00563984, 0.0472926, 0.0698625, 0.0751163, 0.198198, 0.226628, 0.246362, 0.302584, 0.345675, 0.346068, 0.390185, 0.443204, 0.455689, 0.648591, 0.701796, 0.482188, 0.500265, 0.606337, 0.609739, 0.635615, 0.677949, 0.680288, 0.683138, 0.739085, 0.751494, 0.883742, 0.897283, 0.972106, 1, 

34,138,0.001, 0.00563984, 0.0472926, 0.0698625, 0.0751163, 0.142228, 0.247358, 0.299091, 0.400537, 1, 

Generation #32
33,153,0.001, 0.00563984, 0.0472926, 0.0698625, 0.0751163, 0.198198, 0.226628, 0.274555, 0.393606, 0.452495, 0.940171, 1, 

32,194,0.001, 0.0211516, 0.0392133, 0.0980615, 0.129683, 0.148351, 0.15305, 0.161136, 0.234665, 0.262227, 0.852734, 1, 

52,128,0.001, 0.00563984, 0.0472926, 0.0698625, 0.0751163, 0.198198, 0.226628, 0.246362, 0.302584, 0.345675, 0.346068, 0.390185, 0.443204, 0.455689, 0.648591, 0.701796, 0.482188, 0.500265, 0.606337, 0.609739, 0.635615, 0.677949, 0.680288, 0.683138, 0.739085, 0.751494, 0.883742, 0.897283, 0.972106, 1, 

34,138,0.001, 0.00563984, 0.0472926, 0.0698625, 0.0751163, 0.142228, 0.247358, 0.299091, 0.400537, 1, 

31,211,0.001, 0.00563984, 0.0472926, 0.0698625, 0.0751163, 0.142228, 0.247358, 0.299091, 0.299091, 0.400537, 1, 

Generation #33
33,153,0.001, 0.00563984, 0.0472926, 0.0698625, 0.0751163, 0.198198, 0.226628, 0.274555, 0.393606, 0.452495, 0.940171, 1, 

32,194,0.001, 0.0211516, 0.0392133, 0.0980615, 0.129683, 0.148351, 0.15305, 0.161136, 0.234665, 0.262227, 0.852734, 1, 

52,128,0.001, 0.00563984, 0.0472926, 0.0698625, 0.0751163, 0.198198, 0.226628, 0.246362, 0.302584, 0.345675, 0.346068, 0.390185, 0.443204, 0.455689, 0.648591, 0.701796, 0.482188, 0.500265, 0.606337, 0.609739, 0.635615, 0.677949, 0.680288, 0.683138, 0.739085, 0.751494, 0.883742, 0.897283, 0.972106, 1, 

34,138,0.001, 0.00563984, 0.0472926, 0.0698625, 0.0751163, 0.142228, 0.247358, 0.299091, 0.400537, 1, 

31,211,0.001, 0.00563984, 0.0472926, 0.0698625, 0.0751163, 0.142228, 0.247358, 0.299091, 0.299091, 0.400537, 1, 

Generation #34
33,153,0.001, 0.00563984, 0.0472926, 0.0698625, 0.0751163, 0.198198, 0.226628, 0.274555, 0.393606, 0.452495, 0.940171, 1, 

32,194,0.001, 0.0211516, 0.0392133, 0.0980615, 0.129683, 0.148351, 0.15305, 0.161136, 0.234665, 0.262227, 0.852734, 1, 

52,128,0.001, 0.00563984, 0.0472926, 0.0698625, 0.0751163, 0.198198, 0.226628, 0.246362, 0.302584, 0.345675, 0.346068, 0.390185, 0.443204, 0.455689, 0.648591, 0.701796, 0.482188, 0.500265, 0.606337, 0.609739, 0.635615, 0.677949, 0.680288, 0.683138, 0.739085, 0.751494, 0.883742, 0.897283, 0.972106, 1, 

34,138,0.001, 0.00563984, 0.0472926, 0.0698625, 0.0751163, 0.142228, 0.247358, 0.299091, 0.400537, 1, 

31,211,0.001, 0.00563984, 0.0472926, 0.0698625, 0.0751163, 0.142228, 0.247358, 0.299091, 0.299091, 0.400537, 1, 

Generation #35
33,153,0.001, 0.00563984, 0.0472926, 0.0698625, 0.0751163, 0.198198, 0.226628, 0.274555, 0.393606, 0.452495, 0.940171, 1, 

32,194,0.001, 0.0211516, 0.0392133, 0.0980615, 0.129683, 0.148351, 0.15305, 0.161136, 0.234665, 0.262227, 0.852734, 1, 

52,128,0.001, 0.00563984, 0.0472926, 0.0698625, 0.0751163, 0.198198, 0.226628, 0.246362, 0.302584, 0.345675, 0.346068, 0.390185, 0.443204, 0.455689, 0.648591, 0.701796, 0.482188, 0.500265, 0.606337, 0.609739, 0.635615, 0.677949, 0.680288, 0.683138, 0.739085, 0.751494, 0.883742, 0.897283, 0.972106, 1, 

34,138,0.001, 0.00563984, 0.0472926, 0.0698625, 0.0751163, 0.142228, 0.247358, 0.299091, 0.400537, 1, 

31,211,0.001, 0.00563984, 0.0472926, 0.0698625, 0.0751163, 0.142228, 0.247358, 0.299091, 0.299091, 0.400537, 1, 

Generation #36
33,153,0.001, 0.00563984, 0.0472926, 0.0698625, 0.0751163, 0.198198, 0.226628, 0.274555, 0.393606, 0.452495, 0.940171, 1, 

32,194,0.001, 0.0211516, 0.0392133, 0.0980615, 0.129683, 0.148351, 0.15305, 0.161136, 0.234665, 0.262227, 0.852734, 1, 

52,128,0.001, 0.00563984, 0.0472926, 0.0698625, 0.0751163, 0.198198, 0.226628, 0.246362, 0.302584, 0.345675, 0.346068, 0.390185, 0.443204, 0.455689, 0.648591, 0.701796, 0.482188, 0.500265, 0.606337, 0.609739, 0.635615, 0.677949, 0.680288, 0.683138, 0.739085, 0.751494, 0.883742, 0.897283, 0.972106, 1, 

34,138,0.001, 0.00563984, 0.0472926, 0.0698625, 0.0751163, 0.142228, 0.247358, 0.299091, 0.400537, 1, 

31,211,0.001, 0.00563984, 0.0472926, 0.0698625, 0.0751163, 0.142228, 0.247358, 0.299091, 0.299091, 0.400537, 1, 

Generation #37
33,153,0.001, 0.00563984, 0.0472926, 0.0698625, 0.0751163, 0.198198, 0.226628, 0.274555, 0.393606, 0.452495, 0.940171, 1, 

32,194,0.001, 0.0211516, 0.0392133, 0.0980615, 0.129683, 0.148351, 0.15305, 0.161136, 0.234665, 0.262227, 0.852734, 1, 

52,128,0.001, 0.00563984, 0.0472926, 0.0698625, 0.0751163, 0.198198, 0.226628, 0.246362, 0.302584, 0.345675, 0.346068, 0.390185, 0.443204, 0.455689, 0.648591, 0.701796, 0.482188, 0.500265, 0.606337, 0.609739, 0.635615, 0.677949, 0.680288, 0.683138, 0.739085, 0.751494, 0.883742, 0.897283, 0.972106, 1, 

34,138,0.001, 0.00563984, 0.0472926, 0.0698625, 0.0751163, 0.142228, 0.247358, 0.299091, 0.400537, 1, 

31,211,0.001, 0.00563984, 0.0472926, 0.0698625, 0.0751163, 0.142228, 0.247358, 0.299091, 0.299091, 0.400537, 1, 

Generation #38
33,153,0.001, 0.00563984, 0.0472926, 0.0698625, 0.0751163, 0.198198, 0.226628, 0.274555, 0.393606, 0.452495, 0.940171, 1, 

32,194,0.001, 0.0211516, 0.0392133, 0.0980615, 0.129683, 0.148351, 0.15305, 0.161136, 0.234665, 0.262227, 0.852734, 1, 

52,128,0.001, 0.00563984, 0.0472926, 0.0698625, 0.0751163, 0.198198, 0.226628, 0.246362, 0.302584, 0.345675, 0.346068, 0.390185, 0.443204, 0.455689, 0.648591, 0.701796, 0.482188, 0.500265, 0.606337, 0.609739, 0.635615, 0.677949, 0.680288, 0.683138, 0.739085, 0.751494, 0.883742, 0.897283, 0.972106, 1, 

34,138,0.001, 0.00563984, 0.0472926, 0.0698625, 0.0751163, 0.142228, 0.247358, 0.299091, 0.400537, 1, 

31,211,0.001, 0.00563984, 0.0472926, 0.0698625, 0.0751163, 0.142228, 0.247358, 0.299091, 0.299091, 0.400537, 1, 

Generation #39
32,194,0.001, 0.0211516, 0.0392133, 0.0980615, 0.129683, 0.148351, 0.15305, 0.161136, 0.234665, 0.262227, 0.852734, 1, 

52,128,0.001, 0.00563984, 0.0472926, 0.0698625, 0.0751163, 0.198198, 0.226628, 0.246362, 0.302584, 0.345675, 0.346068, 0.390185, 0.443204, 0.455689, 0.648591, 0.701796, 0.482188, 0.500265, 0.606337, 0.609739, 0.635615, 0.677949, 0.680288, 0.683138, 0.739085, 0.751494, 0.883742, 0.897283, 0.972106, 1, 

34,138,0.001, 0.00563984, 0.0472926, 0.0698625, 0.0751163, 0.142228, 0.247358, 0.299091, 0.400537, 1, 

31,211,0.001, 0.00563984, 0.0472926, 0.0698625, 0.0751163, 0.142228, 0.247358, 0.299091, 0.299091, 0.400537, 1, 

33,147,0.001, 0.00563984, 0.0472926, 0.0698625, 0.10239, 0.111185, 0.199982, 0.247358, 0.299091, 0.400537, 1, 

Generation #40
32,194,0.001, 0.0211516, 0.0392133, 0.0980615, 0.129683, 0.148351, 0.15305, 0.161136, 0.234665, 0.262227, 0.852734, 1, 

52,128,0.001, 0.00563984, 0.0472926, 0.0698625, 0.0751163, 0.198198, 0.226628, 0.246362, 0.302584, 0.345675, 0.346068, 0.390185, 0.443204, 0.455689, 0.648591, 0.701796, 0.482188, 0.500265, 0.606337, 0.609739, 0.635615, 0.677949, 0.680288, 0.683138, 0.739085, 0.751494, 0.883742, 0.897283, 0.972106, 1, 

34,138,0.001, 0.00563984, 0.0472926, 0.0698625, 0.0751163, 0.142228, 0.247358, 0.299091, 0.400537, 1, 

31,211,0.001, 0.00563984, 0.0472926, 0.0698625, 0.0751163, 0.142228, 0.247358, 0.299091, 0.299091, 0.400537, 1, 

33,147,0.001, 0.00563984, 0.0472926, 0.0698625, 0.10239, 0.111185, 0.199982, 0.247358, 0.299091, 0.400537, 1, 

Generation #41
32,194,0.001, 0.0211516, 0.0392133, 0.0980615, 0.129683, 0.148351, 0.15305, 0.161136, 0.234665, 0.262227, 0.852734, 1, 

52,128,0.001, 0.00563984, 0.0472926, 0.0698625, 0.0751163, 0.198198, 0.226628, 0.246362, 0.302584, 0.345675, 0.346068, 0.390185, 0.443204, 0.455689, 0.648591, 0.701796, 0.482188, 0.500265, 0.606337, 0.609739, 0.635615, 0.677949, 0.680288, 0.683138, 0.739085, 0.751494, 0.883742, 0.897283, 0.972106, 1, 

34,138,0.001, 0.00563984, 0.0472926, 0.0698625, 0.0751163, 0.142228, 0.247358, 0.299091, 0.400537, 1, 

31,211,0.001, 0.00563984, 0.0472926, 0.0698625, 0.0751163, 0.142228, 0.247358, 0.299091, 0.299091, 0.400537, 1, 

33,147,0.001, 0.00563984, 0.0472926, 0.0698625, 0.10239, 0.111185, 0.199982, 0.247358, 0.299091, 0.400537, 1, 

51,136,0.001, 0.00563984, 0.0472926, 0.0698625, 0.0663368, 0.100799, 0.226628, 0.246362, 0.302584, 0.345675, 0.346068, 0.390185, 0.443204, 0.455689, 0.648591, 0.482188, 0.500265, 0.606337, 0.609739, 0.635615, 0.677949, 0.680288, 0.683138, 0.739085, 0.751494, 0.883742, 0.897283, 0.972106, 1, 

Generation #42
32,194,0.001, 0.0211516, 0.0392133, 0.0980615, 0.129683, 0.148351, 0.15305, 0.161136, 0.234665, 0.262227, 0.852734, 1, 

52,128,0.001, 0.00563984, 0.0472926, 0.0698625, 0.0751163, 0.198198, 0.226628, 0.246362, 0.302584, 0.345675, 0.346068, 0.390185, 0.443204, 0.455689, 0.648591, 0.701796, 0.482188, 0.500265, 0.606337, 0.609739, 0.635615, 0.677949, 0.680288, 0.683138, 0.739085, 0.751494, 0.883742, 0.897283, 0.972106, 1, 

34,138,0.001, 0.00563984, 0.0472926, 0.0698625, 0.0751163, 0.142228, 0.247358, 0.299091, 0.400537, 1, 

31,211,0.001, 0.00563984, 0.0472926, 0.0698625, 0.0751163, 0.142228, 0.247358, 0.299091, 0.299091, 0.400537, 1, 

33,147,0.001, 0.00563984, 0.0472926, 0.0698625, 0.10239, 0.111185, 0.199982, 0.247358, 0.299091, 0.400537, 1, 

51,136,0.001, 0.00563984, 0.0472926, 0.0698625, 0.0663368, 0.100799, 0.226628, 0.246362, 0.302584, 0.345675, 0.346068, 0.390185, 0.443204, 0.455689, 0.648591, 0.482188, 0.500265, 0.606337, 0.609739, 0.635615, 0.677949, 0.680288, 0.683138, 0.739085, 0.751494, 0.883742, 0.897283, 0.972106, 1, 

Generation #43
32,194,0.001, 0.0211516, 0.0392133, 0.0980615, 0.129683, 0.148351, 0.15305, 0.161136, 0.234665, 0.262227, 0.852734, 1, 

52,128,0.001, 0.00563984, 0.0472926, 0.0698625, 0.0751163, 0.198198, 0.226628, 0.246362, 0.302584, 0.345675, 0.346068, 0.390185, 0.443204, 0.455689, 0.648591, 0.701796, 0.482188, 0.500265, 0.606337, 0.609739, 0.635615, 0.677949, 0.680288, 0.683138, 0.739085, 0.751494, 0.883742, 0.897283, 0.972106, 1, 

34,138,0.001, 0.00563984, 0.0472926, 0.0698625, 0.0751163, 0.142228, 0.247358, 0.299091, 0.400537, 1, 

31,211,0.001, 0.00563984, 0.0472926, 0.0698625, 0.0751163, 0.142228, 0.247358, 0.299091, 0.299091, 0.400537, 1, 

33,147,0.001, 0.00563984, 0.0472926, 0.0698625, 0.10239, 0.111185, 0.199982, 0.247358, 0.299091, 0.400537, 1, 

51,136,0.001, 0.00563984, 0.0472926, 0.0698625, 0.0663368, 0.100799, 0.226628, 0.246362, 0.302584, 0.345675, 0.346068, 0.390185, 0.443204, 0.455689, 0.648591, 0.482188, 0.500265, 0.606337, 0.609739, 0.635615, 0.677949, 0.680288, 0.683138, 0.739085, 0.751494, 0.883742, 0.897283, 0.972106, 1, 

Generation #44
32,194,0.001, 0.0211516, 0.0392133, 0.0980615, 0.129683, 0.148351, 0.15305, 0.161136, 0.234665, 0.262227, 0.852734, 1, 

52,128,0.001, 0.00563984, 0.0472926, 0.0698625, 0.0751163, 0.198198, 0.226628, 0.246362, 0.302584, 0.345675, 0.346068, 0.390185, 0.443204, 0.455689, 0.648591, 0.701796, 0.482188, 0.500265, 0.606337, 0.609739, 0.635615, 0.677949, 0.680288, 0.683138, 0.739085, 0.751494, 0.883742, 0.897283, 0.972106, 1, 

34,138,0.001, 0.00563984, 0.0472926, 0.0698625, 0.0751163, 0.142228, 0.247358, 0.299091, 0.400537, 1, 

31,211,0.001, 0.00563984, 0.0472926, 0.0698625, 0.0751163, 0.142228, 0.247358, 0.299091, 0.299091, 0.400537, 1, 

33,147,0.001, 0.00563984, 0.0472926, 0.0698625, 0.10239, 0.111185, 0.199982, 0.247358, 0.299091, 0.400537, 1, 

51,136,0.001, 0.00563984, 0.0472926, 0.0698625, 0.0663368, 0.100799, 0.226628, 0.246362, 0.302584, 0.345675, 0.346068, 0.390185, 0.443204, 0.455689, 0.648591, 0.482188, 0.500265, 0.606337, 0.609739, 0.635615, 0.677949, 0.680288, 0.683138, 0.739085, 0.751494, 0.883742, 0.897283, 0.972106, 1, 

Generation #45
32,194,0.001, 0.0211516, 0.0392133, 0.0980615, 0.129683, 0.148351, 0.15305, 0.161136, 0.234665, 0.262227, 0.852734, 1, 

52,128,0.001, 0.00563984, 0.0472926, 0.0698625, 0.0751163, 0.198198, 0.226628, 0.246362, 0.302584, 0.345675, 0.346068, 0.390185, 0.443204, 0.455689, 0.648591, 0.701796, 0.482188, 0.500265, 0.606337, 0.609739, 0.635615, 0.677949, 0.680288, 0.683138, 0.739085, 0.751494, 0.883742, 0.897283, 0.972106, 1, 

34,138,0.001, 0.00563984, 0.0472926, 0.0698625, 0.0751163, 0.142228, 0.247358, 0.299091, 0.400537, 1, 

31,211,0.001, 0.00563984, 0.0472926, 0.0698625, 0.0751163, 0.142228, 0.247358, 0.299091, 0.299091, 0.400537, 1, 

33,147,0.001, 0.00563984, 0.0472926, 0.0698625, 0.10239, 0.111185, 0.199982, 0.247358, 0.299091, 0.400537, 1, 

51,136,0.001, 0.00563984, 0.0472926, 0.0698625, 0.0663368, 0.100799, 0.226628, 0.246362, 0.302584, 0.345675, 0.346068, 0.390185, 0.443204, 0.455689, 0.648591, 0.482188, 0.500265, 0.606337, 0.609739, 0.635615, 0.677949, 0.680288, 0.683138, 0.739085, 0.751494, 0.883742, 0.897283, 0.972106, 1, 

Generation #46
32,194,0.001, 0.0211516, 0.0392133, 0.0980615, 0.129683, 0.148351, 0.15305, 0.161136, 0.234665, 0.262227, 0.852734, 1, 

52,128,0.001, 0.00563984, 0.0472926, 0.0698625, 0.0751163, 0.198198, 0.226628, 0.246362, 0.302584, 0.345675, 0.346068, 0.390185, 0.443204, 0.455689, 0.648591, 0.701796, 0.482188, 0.500265, 0.606337, 0.609739, 0.635615, 0.677949, 0.680288, 0.683138, 0.739085, 0.751494, 0.883742, 0.897283, 0.972106, 1, 

34,138,0.001, 0.00563984, 0.0472926, 0.0698625, 0.0751163, 0.142228, 0.247358, 0.299091, 0.400537, 1, 

31,211,0.001, 0.00563984, 0.0472926, 0.0698625, 0.0751163, 0.142228, 0.247358, 0.299091, 0.299091, 0.400537, 1, 

33,147,0.001, 0.00563984, 0.0472926, 0.0698625, 0.10239, 0.111185, 0.199982, 0.247358, 0.299091, 0.400537, 1, 

51,136,0.001, 0.00563984, 0.0472926, 0.0698625, 0.0663368, 0.100799, 0.226628, 0.246362, 0.302584, 0.345675, 0.346068, 0.390185, 0.443204, 0.455689, 0.648591, 0.482188, 0.500265, 0.606337, 0.609739, 0.635615, 0.677949, 0.680288, 0.683138, 0.739085, 0.751494, 0.883742, 0.897283, 0.972106, 1, 

Generation #47
52,128,0.001, 0.00563984, 0.0472926, 0.0698625, 0.0751163, 0.198198, 0.226628, 0.246362, 0.302584, 0.345675, 0.346068, 0.390185, 0.443204, 0.455689, 0.648591, 0.701796, 0.482188, 0.500265, 0.606337, 0.609739, 0.635615, 0.677949, 0.680288, 0.683138, 0.739085, 0.751494, 0.883742, 0.897283, 0.972106, 1, 

34,138,0.001, 0.00563984, 0.0472926, 0.0698625, 0.0751163, 0.142228, 0.247358, 0.299091, 0.400537, 1, 

31,211,0.001, 0.00563984, 0.0472926, 0.0698625, 0.0751163, 0.142228, 0.247358, 0.299091, 0.299091, 0.400537, 1, 

51,136,0.001, 0.00563984, 0.0472926, 0.0698625, 0.0663368, 0.100799, 0.226628, 0.246362, 0.302584, 0.345675, 0.346068, 0.390185, 0.443204, 0.455689, 0.648591, 0.482188, 0.500265, 0.606337, 0.609739, 0.635615, 0.677949, 0.680288, 0.683138, 0.739085, 0.751494, 0.883742, 0.897283, 0.972106, 1, 

32,181,0.001, 0.00563984, 0.0472926, 0.0698625, 0.198198, 0.142228, 0.247358, 0.246362, 0.299091, 0.400537, 1, 

33,145,0.001, 0.00563984, 0.0472926, 0.0698625, 0.109886, 0.119161, 0.274555, 0.299091, 0.400537, 1, 

Generation #48
52,128,0.001, 0.00563984, 0.0472926, 0.0698625, 0.0751163, 0.198198, 0.226628, 0.246362, 0.302584, 0.345675, 0.346068, 0.390185, 0.443204, 0.455689, 0.648591, 0.701796, 0.482188, 0.500265, 0.606337, 0.609739, 0.635615, 0.677949, 0.680288, 0.683138, 0.739085, 0.751494, 0.883742, 0.897283, 0.972106, 1, 

34,138,0.001, 0.00563984, 0.0472926, 0.0698625, 0.0751163, 0.142228, 0.247358, 0.299091, 0.400537, 1, 

31,211,0.001, 0.00563984, 0.0472926, 0.0698625, 0.0751163, 0.142228, 0.247358, 0.299091, 0.299091, 0.400537, 1, 

51,136,0.001, 0.00563984, 0.0472926, 0.0698625, 0.0663368, 0.100799, 0.226628, 0.246362, 0.302584, 0.345675, 0.346068, 0.390185, 0.443204, 0.455689, 0.648591, 0.482188, 0.500265, 0.606337, 0.609739, 0.635615, 0.677949, 0.680288, 0.683138, 0.739085, 0.751494, 0.883742, 0.897283, 0.972106, 1, 

32,181,0.001, 0.00563984, 0.0472926, 0.0698625, 0.198198, 0.142228, 0.247358, 0.246362, 0.299091, 0.400537, 1, 

33,145,0.001, 0.00563984, 0.0472926, 0.0698625, 0.109886, 0.119161, 0.274555, 0.299091, 0.400537, 1, 

Generation #49
52,128,0.001, 0.00563984, 0.0472926, 0.0698625, 0.0751163, 0.198198, 0.226628, 0.246362, 0.302584, 0.345675, 0.346068, 0.390185, 0.443204, 0.455689, 0.648591, 0.701796, 0.482188, 0.500265, 0.606337, 0.609739, 0.635615, 0.677949, 0.680288, 0.683138, 0.739085, 0.751494, 0.883742, 0.897283, 0.972106, 1, 

34,138,0.001, 0.00563984, 0.0472926, 0.0698625, 0.0751163, 0.142228, 0.247358, 0.299091, 0.400537, 1, 

31,211,0.001, 0.00563984, 0.0472926, 0.0698625, 0.0751163, 0.142228, 0.247358, 0.299091, 0.299091, 0.400537, 1, 

51,136,0.001, 0.00563984, 0.0472926, 0.0698625, 0.0663368, 0.100799, 0.226628, 0.246362, 0.302584, 0.345675, 0.346068, 0.390185, 0.443204, 0.455689, 0.648591, 0.482188, 0.500265, 0.606337, 0.609739, 0.635615, 0.677949, 0.680288, 0.683138, 0.739085, 0.751494, 0.883742, 0.897283, 0.972106, 1, 

32,181,0.001, 0.00563984, 0.0472926, 0.0698625, 0.198198, 0.142228, 0.247358, 0.246362, 0.299091, 0.400537, 1, 

33,145,0.001, 0.00563984, 0.0472926, 0.0698625, 0.109886, 0.119161, 0.274555, 0.299091, 0.400537, 1, 

--- Pareto Front Solutions ---
Solution 0: N total=82 (N_initial=30, N_added=52), Time total=133 ms, Saved to: ./results/Make_t2_l1_pareto_0.csv, percents=0.001, 0.00563984, 0.0472926, 0.0698625, 0.0751163, 0.198198, 0.226628, 0.246362, 0.302584, 0.345675, 0.346068, 0.390185, 0.443204, 0.455689, 0.648591, 0.701796, 0.482188, 0.500265, 0.606337, 0.609739, 0.635615, 0.677949, 0.680288, 0.683138, 0.739085, 0.751494, 0.883742, 0.897283, 0.972106, 1, 

Solution 1: N total=64 (N_initial=30, N_added=34), Time total=143 ms, Saved to: ./results/Make_t2_l1_pareto_1.csv, percents=0.001, 0.00563984, 0.0472926, 0.0698625, 0.0751163, 0.142228, 0.247358, 0.299091, 0.400537, 1, 

Solution 2: N total=61 (N_initial=30, N_added=31), Time total=216 ms, Saved to: ./results/Make_t2_l1_pareto_2.csv, percents=0.001, 0.00563984, 0.0472926, 0.0698625, 0.0751163, 0.142228, 0.247358, 0.299091, 0.299091, 0.400537, 1, 

Solution 3: N total=81 (N_initial=30, N_added=51), Time total=141 ms, Saved to: ./results/Make_t2_l1_pareto_3.csv, percents=0.001, 0.00563984, 0.0472926, 0.0698625, 0.0663368, 0.100799, 0.226628, 0.246362, 0.302584, 0.345675, 0.346068, 0.390185, 0.443204, 0.455689, 0.648591, 0.482188, 0.500265, 0.606337, 0.609739, 0.635615, 0.677949, 0.680288, 0.683138, 0.739085, 0.751494, 0.883742, 0.897283, 0.972106, 1, 

Solution 4: N total=62 (N_initial=30, N_added=32), Time total=186 ms, Saved to: ./results/Make_t2_l1_pareto_4.csv, percents=0.001, 0.00563984, 0.0472926, 0.0698625, 0.198198, 0.142228, 0.247358, 0.246362, 0.299091, 0.400537, 1, 

Solution 5: N total=63 (N_initial=30, N_added=33), Time total=150 ms, Saved to: ./results/Make_t2_l1_pareto_5.csv, percents=0.001, 0.00563984, 0.0472926, 0.0698625, 0.109886, 0.119161, 0.274555, 0.299091, 0.400537, 1, 

------------d=1, t=2, lambda=2, filename=./evaluation/Make/Make_2_2.csv------------
Computing partitioned counts of d-sets...
Ready to look at pairs based on partitioned counts...
First Stage N=60, Time=4
There are 30 remaining non-locating pairs
--- Running GA Algorithm (phase2) ---
Running GA with std::execution::par
Generation #0
32,9,0.001, 0.0375919, 0.0655454, 0.0893533, 0.143537, 0.147304, 0.185676, 0.215384, 0.218801, 0.222316, 0.251781, 0.297676, 0.459269, 0.494339, 0.500587, 0.513917, 0.586393, 0.729744, 0.789622, 0.830637, 0.938576, 0.939974, 0.991867, 1, 

24,25,0.001, 0.0494283, 0.122095, 0.163117, 0.286852, 0.522909, 0.596953, 0.735633, 0.910141, 0.951717, 1, 

31,16,0.001, 0.0688397, 0.132296, 0.141493, 0.145866, 0.189327, 0.232414, 0.283842, 0.298958, 0.362801, 0.433297, 0.43785, 0.479588, 0.605213, 0.613754, 0.667288, 0.704279, 0.84876, 1, 

28,18,0.001, 0.0328328, 0.0611617, 0.0732509, 0.176985, 0.241131, 0.376462, 0.44363, 0.532437, 0.555567, 0.565938, 0.605701, 0.85033, 0.908153, 1, 

38,8,0.001, 0.0277911, 0.0789573, 0.0808742, 0.108775, 0.198235, 0.199129, 0.223814, 0.268681, 0.275699, 0.304255, 0.315414, 0.333992, 0.351625, 0.418709, 0.465899, 0.566656, 0.567266, 0.585459, 0.640566, 0.698658, 0.723063, 0.795382, 0.795964, 0.839155, 0.868827, 0.881604, 0.968322, 1, 

Generation #1
32,9,0.001, 0.0375919, 0.0655454, 0.0893533, 0.143537, 0.147304, 0.185676, 0.215384, 0.218801, 0.222316, 0.251781, 0.297676, 0.459269, 0.494339, 0.500587, 0.513917, 0.586393, 0.729744, 0.789622, 0.830637, 0.938576, 0.939974, 0.991867, 1, 

38,8,0.001, 0.0277911, 0.0789573, 0.0808742, 0.108775, 0.198235, 0.199129, 0.223814, 0.268681, 0.275699, 0.304255, 0.315414, 0.333992, 0.351625, 0.418709, 0.465899, 0.566656, 0.567266, 0.585459, 0.640566, 0.698658, 0.723063, 0.795382, 0.795964, 0.839155, 0.868827, 0.881604, 0.968322, 1, 

24,17,0.001, 0.0380515, 0.0483473, 0.124753, 0.309599, 0.324047, 0.362024, 0.378247, 0.401896, 0.453759, 0.454712, 0.594618, 1, 

27,16,0.001, 0.0987056, 0.20114, 0.280301, 0.339936, 0.367566, 0.597622, 0.655754, 0.675975, 0.7461, 1, 

30,15,0.001, 0.0494283, 0.122095, 0.163117, 0.286852, 0.522909, 0.596953, 0.735633, 0.910141, 0.951717, 0.519312, 0.654721, 0.672304, 0.729038, 0.891797, 1, 

Generation #2
32,9,0.001, 0.0375919, 0.0655454, 0.0893533, 0.143537, 0.147304, 0.185676, 0.215384, 0.218801, 0.222316, 0.251781, 0.297676, 0.459269, 0.494339, 0.500587, 0.513917, 0.586393, 0.729744, 0.789622, 0.830637, 0.938576, 0.939974, 0.991867, 1, 

38,8,0.001, 0.0277911, 0.0789573, 0.0808742, 0.108775, 0.198235, 0.199129, 0.223814, 0.268681, 0.275699, 0.304255, 0.315414, 0.333992, 0.351625, 0.418709, 0.465899, 0.566656, 0.567266, 0.585459, 0.640566, 0.698658, 0.723063, 0.795382, 0.795964, 0.839155, 0.868827, 0.881604, 0.968322, 1, 

24,10,0.001, 0.0688397, 0.132296, 0.141493, 0.145866, 0.189327, 0.161772, 0.283842, 0.298958, 0.362801, 0.433297, 0.43785, 1, 

23,17,0.001, 0.0328328, 0.0611617, 0.0732509, 0.176985, 0.241131, 0.376462, 0.44363, 0.910141, 0.951717, 1, 

Generation #3
32,9,0.001, 0.0375919, 0.0655454, 0.0893533, 0.143537, 0.147304, 0.185676, 0.215384, 0.218801, 0.222316, 0.251781, 0.297676, 0.459269, 0.494339, 0.500587, 0.513917, 0.586393, 0.729744, 0.789622, 0.830637, 0.938576, 0.939974, 0.991867, 1, 

24,10,0.001, 0.0688397, 0.132296, 0.141493, 0.145866, 0.189327, 0.161772, 0.283842, 0.298958, 0.362801, 0.433297, 0.43785, 1, 

23,17,0.001, 0.0328328, 0.0611617, 0.0732509, 0.176985, 0.241131, 0.376462, 0.44363, 0.910141, 0.951717, 1, 

33,8,0.001, 0.0494283, 0.122095, 0.0626225, 0.0831818, 0.136078, 0.154743, 0.174168, 0.193172, 0.254066, 0.34225, 0.419391, 0.594351, 0.616354, 0.695391, 0.800815, 0.837197, 0.903386, 0.913907, 0.920401, 0.932569, 0.987228, 1, 

Generation #4
32,9,0.001, 0.0375919, 0.0655454, 0.0893533, 0.143537, 0.147304, 0.185676, 0.215384, 0.218801, 0.222316, 0.251781, 0.297676, 0.459269, 0.494339, 0.500587, 0.513917, 0.586393, 0.729744, 0.789622, 0.830637, 0.938576, 0.939974, 0.991867, 1, 

24,10,0.001, 0.0688397, 0.132296, 0.141493, 0.145866, 0.189327, 0.161772, 0.283842, 0.298958, 0.362801, 0.433297, 0.43785, 1, 

33,8,0.001, 0.0494283, 0.122095, 0.0626225, 0.0831818, 0.136078, 0.154743, 0.174168, 0.193172, 0.254066, 0.34225, 0.419391, 0.594351, 0.616354, 0.695391, 0.800815, 0.837197, 0.903386, 0.913907, 0.920401, 0.932569, 0.987228, 1, 

22,11,0.001, 0.0364364, 0.111003, 0.114498, 0.159952, 0.257113, 0.283843, 0.655754, 0.675975, 0.7461, 1, 

Generation #5
24,10,0.001, 0.0688397, 0.132296, 0.141493, 0.145866, 0.189327, 0.161772, 0.283842, 0.298958, 0.362801, 0.433297, 0.43785, 1, 

22,11,0.001, 0.0364364, 0.111003, 0.114498, 0.159952, 0.257113, 0.283843, 0.655754, 0.675975, 0.7461, 1, 

31,8,0.001, 0.0570842, 0.095001, 0.113781, 0.133238, 0.134148, 0.261353, 0.303893, 0.337002, 0.46472, 0.470659, 0.513439, 0.528364, 0.530595, 0.588547, 0.668709, 0.721088, 0.82648, 0.98172, 1, 

Generation #6
24,10,0.001, 0.0688397, 0.132296, 0.141493, 0.145866, 0.189327, 0.161772, 0.283842, 0.298958, 0.362801, 0.433297, 0.43785, 1, 

22,11,0.001, 0.0364364, 0.111003, 0.114498, 0.159952, 0.257113, 0.283843, 0.655754, 0.675975, 0.7461, 1, 

31,8,0.001, 0.0570842, 0.095001, 0.113781, 0.133238, 0.134148, 0.261353, 0.303893, 0.337002, 0.46472, 0.470659, 0.513439, 0.528364, 0.530595, 0.588547, 0.668709, 0.721088, 0.82648, 0.98172, 1, 

35,7,0.001, 0.0370296, 0.0505732, 0.0626225, 0.0831818, 0.136078, 0.154743, 0.174168, 0.193172, 0.254066, 0.34225, 0.419391, 0.594351, 0.616354, 0.695391, 0.705743, 0.800815, 0.837197, 0.903386, 0.913907, 0.920401, 0.932569, 0.987228, 1, 

Generation #7
24,10,0.001, 0.0688397, 0.132296, 0.141493, 0.145866, 0.189327, 0.161772, 0.283842, 0.298958, 0.362801, 0.433297, 0.43785, 1, 

22,11,0.001, 0.0364364, 0.111003, 0.114498, 0.159952, 0.257113, 0.283843, 0.655754, 0.675975, 0.7461, 1, 

35,7,0.001, 0.0370296, 0.0505732, 0.0626225, 0.0831818, 0.136078, 0.154743, 0.174168, 0.193172, 0.254066, 0.34225, 0.419391, 0.594351, 0.616354, 0.695391, 0.705743, 0.800815, 0.837197, 0.903386, 0.913907, 0.920401, 0.932569, 0.987228, 1, 

30,8,0.001, 0.0494283, 0.122095, 0.0626225, 0.0831818, 0.136078, 0.154743, 0.174168, 0.193172, 0.254066, 0.34225, 0.419391, 0.594351, 0.616354, 0.613754, 0.667288, 0.704279, 0.84876, 1, 

Generation #8
22,11,0.001, 0.0364364, 0.111003, 0.114498, 0.159952, 0.257113, 0.283843, 0.655754, 0.675975, 0.7461, 1, 

24,6,0.001, 0.0375919, 0.0655454, 0.0893533, 0.143537, 0.147304, 0.185676, 0.215384, 0.218801, 0.222316, 0.251781, 0.297676, 0.594618, 1, 

Generation #9
22,11,0.001, 0.0364364, 0.111003, 0.114498, 0.159952, 0.257113, 0.283843, 0.655754, 0.675975, 0.7461, 1, 

24,6,0.001, 0.0375919, 0.0655454, 0.0893533, 0.143537, 0.147304, 0.185676, 0.215384, 0.218801, 0.222316, 0.251781, 0.297676, 0.594618, 1, 

Generation #10
22,11,0.001, 0.0364364, 0.111003, 0.114498, 0.159952, 0.257113, 0.283843, 0.655754, 0.675975, 0.7461, 1, 

24,6,0.001, 0.0375919, 0.0655454, 0.0893533, 0.143537, 0.147304, 0.185676, 0.215384, 0.218801, 0.222316, 0.251781, 0.297676, 0.594618, 1, 

Generation #11
24,6,0.001, 0.0375919, 0.0655454, 0.0893533, 0.143537, 0.147304, 0.185676, 0.215384, 0.218801, 0.222316, 0.251781, 0.297676, 0.594618, 1, 

22,9,0.001, 0.0688397, 0.132296, 0.141493, 0.145866, 0.189327, 0.304123, 0.30924, 0.254074, 0.910141, 0.951717, 1, 

Generation #12
24,6,0.001, 0.0375919, 0.0655454, 0.0893533, 0.143537, 0.147304, 0.185676, 0.215384, 0.218801, 0.222316, 0.251781, 0.297676, 0.594618, 1, 

22,9,0.001, 0.0688397, 0.132296, 0.141493, 0.145866, 0.189327, 0.304123, 0.30924, 0.254074, 0.910141, 0.951717, 1, 

Generation #13
24,6,0.001, 0.0375919, 0.0655454, 0.0893533, 0.143537, 0.147304, 0.185676, 0.215384, 0.218801, 0.222316, 0.251781, 0.297676, 0.594618, 1, 

22,9,0.001, 0.0688397, 0.132296, 0.141493, 0.145866, 0.189327, 0.304123, 0.30924, 0.254074, 0.910141, 0.951717, 1, 

Generation #14
24,6,0.001, 0.0375919, 0.0655454, 0.0893533, 0.143537, 0.147304, 0.185676, 0.215384, 0.218801, 0.222316, 0.251781, 0.297676, 0.594618, 1, 

22,9,0.001, 0.0688397, 0.132296, 0.141493, 0.145866, 0.189327, 0.304123, 0.30924, 0.254074, 0.910141, 0.951717, 1, 

Generation #15
24,6,0.001, 0.0375919, 0.0655454, 0.0893533, 0.143537, 0.147304, 0.185676, 0.215384, 0.218801, 0.222316, 0.251781, 0.297676, 0.594618, 1, 

22,9,0.001, 0.0688397, 0.132296, 0.141493, 0.145866, 0.189327, 0.304123, 0.30924, 0.254074, 0.910141, 0.951717, 1, 

21,21,0.001, 0.0494283, 0.0655459, 0.0953461, 0.176985, 0.241131, 0.376462, 0.44363, 0.910141, 0.453759, 1, 

Generation #16
24,6,0.001, 0.0375919, 0.0655454, 0.0893533, 0.143537, 0.147304, 0.185676, 0.215384, 0.218801, 0.222316, 0.251781, 0.297676, 0.594618, 1, 

22,9,0.001, 0.0688397, 0.132296, 0.141493, 0.145866, 0.189327, 0.304123, 0.30924, 0.254074, 0.910141, 0.951717, 1, 

21,11,0.001, 0.0435947, 0.0655459, 0.0953461, 0.0831818, 0.136078, 0.154743, 0.174168, 0.193172, 0.46472, 0.470659, 1, 

Generation #17
24,6,0.001, 0.0375919, 0.0655454, 0.0893533, 0.143537, 0.147304, 0.185676, 0.215384, 0.218801, 0.222316, 0.251781, 0.297676, 0.594618, 1, 

21,9,0.001, 0.0435947, 0.0655459, 0.0953461, 0.11124, 0.198235, 0.161772, 0.298958, 0.362801, 0.433297, 0.43785, 1, 

Generation #18
24,6,0.001, 0.0375919, 0.0655454, 0.0893533, 0.143537, 0.147304, 0.185676, 0.215384, 0.218801, 0.222316, 0.251781, 0.297676, 0.594618, 1, 

21,9,0.001, 0.0435947, 0.0655459, 0.0953461, 0.11124, 0.198235, 0.161772, 0.298958, 0.362801, 0.433297, 0.43785, 1, 

Generation #19
24,6,0.001, 0.0375919, 0.0655454, 0.0893533, 0.143537, 0.147304, 0.185676, 0.215384, 0.218801, 0.222316, 0.251781, 0.297676, 0.594618, 1, 

21,9,0.001, 0.0435947, 0.0655459, 0.0953461, 0.11124, 0.198235, 0.161772, 0.298958, 0.362801, 0.433297, 0.43785, 1, 

23,7,0.001, 0.0494283, 0.122095, 0.0626225, 0.0831818, 0.174993, 0.186846, 0.201743, 0.243611, 0.284251, 0.300016, 0.594618, 1, 

Generation #20
24,6,0.001, 0.0375919, 0.0655454, 0.0893533, 0.143537, 0.147304, 0.185676, 0.215384, 0.218801, 0.222316, 0.251781, 0.297676, 0.594618, 1, 

21,9,0.001, 0.0435947, 0.0655459, 0.0953461, 0.11124, 0.198235, 0.161772, 0.298958, 0.362801, 0.433297, 0.43785, 1, 

23,7,0.001, 0.0494283, 0.122095, 0.0626225, 0.0831818, 0.174993, 0.186846, 0.201743, 0.243611, 0.284251, 0.300016, 0.594618, 1, 

Generation #21
24,6,0.001, 0.0375919, 0.0655454, 0.0893533, 0.143537, 0.147304, 0.185676, 0.215384, 0.218801, 0.222316, 0.251781, 0.297676, 0.594618, 1, 

21,9,0.001, 0.0435947, 0.0655459, 0.0953461, 0.11124, 0.198235, 0.161772, 0.298958, 0.362801, 0.433297, 0.43785, 1, 

23,7,0.001, 0.0494283, 0.122095, 0.0626225, 0.0831818, 0.174993, 0.186846, 0.201743, 0.243611, 0.284251, 0.300016, 0.594618, 1, 

Generation #22
24,6,0.001, 0.0375919, 0.0655454, 0.0893533, 0.143537, 0.147304, 0.185676, 0.215384, 0.218801, 0.222316, 0.251781, 0.297676, 0.594618, 1, 

21,9,0.001, 0.0435947, 0.0655459, 0.0953461, 0.11124, 0.198235, 0.161772, 0.298958, 0.362801, 0.433297, 0.43785, 1, 

23,7,0.001, 0.0494283, 0.122095, 0.0626225, 0.0831818, 0.174993, 0.186846, 0.201743, 0.243611, 0.284251, 0.300016, 0.594618, 1, 

Generation #23
21,9,0.001, 0.0435947, 0.0655459, 0.0953461, 0.11124, 0.198235, 0.161772, 0.298958, 0.362801, 0.433297, 0.43785, 1, 

23,7,0.001, 0.0494283, 0.122095, 0.0626225, 0.0831818, 0.174993, 0.186846, 0.201743, 0.243611, 0.284251, 0.300016, 0.594618, 1, 

24,4,0.001, 0.0494283, 0.0655459, 0.0626225, 0.0831818, 0.136078, 0.154743, 0.174168, 0.193172, 0.362801, 0.433297, 0.43785, 1, 

Generation #24
21,9,0.001, 0.0435947, 0.0655459, 0.0953461, 0.11124, 0.198235, 0.161772, 0.298958, 0.362801, 0.433297, 0.43785, 1, 

23,7,0.001, 0.0494283, 0.122095, 0.0626225, 0.0831818, 0.174993, 0.186846, 0.201743, 0.243611, 0.284251, 0.300016, 0.594618, 1, 

24,4,0.001, 0.0494283, 0.0655459, 0.0626225, 0.0831818, 0.136078, 0.154743, 0.174168, 0.193172, 0.362801, 0.433297, 0.43785, 1, 

Generation #25
21,9,0.001, 0.0435947, 0.0655459, 0.0953461, 0.11124, 0.198235, 0.161772, 0.298958, 0.362801, 0.433297, 0.43785, 1, 

23,7,0.001, 0.0494283, 0.122095, 0.0626225, 0.0831818, 0.174993, 0.186846, 0.201743, 0.243611, 0.284251, 0.300016, 0.594618, 1, 

24,4,0.001, 0.0494283, 0.0655459, 0.0626225, 0.0831818, 0.136078, 0.154743, 0.174168, 0.193172, 0.362801, 0.433297, 0.43785, 1, 

Generation #26
21,9,0.001, 0.0435947, 0.0655459, 0.0953461, 0.11124, 0.198235, 0.161772, 0.298958, 0.362801, 0.433297, 0.43785, 1, 

23,7,0.001, 0.0494283, 0.122095, 0.0626225, 0.0831818, 0.174993, 0.186846, 0.201743, 0.243611, 0.284251, 0.300016, 0.594618, 1, 

24,4,0.001, 0.0494283, 0.0655459, 0.0626225, 0.0831818, 0.136078, 0.154743, 0.174168, 0.193172, 0.362801, 0.433297, 0.43785, 1, 

Generation #27
21,9,0.001, 0.0435947, 0.0655459, 0.0953461, 0.11124, 0.198235, 0.161772, 0.298958, 0.362801, 0.433297, 0.43785, 1, 

23,7,0.001, 0.0494283, 0.122095, 0.0626225, 0.0831818, 0.174993, 0.186846, 0.201743, 0.243611, 0.284251, 0.300016, 0.594618, 1, 

24,4,0.001, 0.0494283, 0.0655459, 0.0626225, 0.0831818, 0.136078, 0.154743, 0.174168, 0.193172, 0.362801, 0.433297, 0.43785, 1, 

Generation #28
21,9,0.001, 0.0435947, 0.0655459, 0.0953461, 0.11124, 0.198235, 0.161772, 0.298958, 0.362801, 0.433297, 0.43785, 1, 

23,7,0.001, 0.0494283, 0.122095, 0.0626225, 0.0831818, 0.174993, 0.186846, 0.201743, 0.243611, 0.284251, 0.300016, 0.594618, 1, 

24,4,0.001, 0.0494283, 0.0655459, 0.0626225, 0.0831818, 0.136078, 0.154743, 0.174168, 0.193172, 0.362801, 0.433297, 0.43785, 1, 

22,8,0.001, 0.0494283, 0.122095, 0.0626225, 0.0831818, 0.136078, 0.186846, 0.201743, 0.243611, 0.284251, 0.498185, 0.300016, 0.594618, 1, 

Generation #29
21,9,0.001, 0.0435947, 0.0655459, 0.0953461, 0.11124, 0.198235, 0.161772, 0.298958, 0.362801, 0.433297, 0.43785, 1, 

23,7,0.001, 0.0494283, 0.122095, 0.0626225, 0.0831818, 0.174993, 0.186846, 0.201743, 0.243611, 0.284251, 0.300016, 0.594618, 1, 

24,4,0.001, 0.0494283, 0.0655459, 0.0626225, 0.0831818, 0.136078, 0.154743, 0.174168, 0.193172, 0.362801, 0.433297, 0.43785, 1, 

22,8,0.001, 0.0494283, 0.122095, 0.0626225, 0.0831818, 0.136078, 0.186846, 0.201743, 0.243611, 0.284251, 0.498185, 0.300016, 0.594618, 1, 

Generation #30
21,9,0.001, 0.0435947, 0.0655459, 0.0953461, 0.11124, 0.198235, 0.161772, 0.298958, 0.362801, 0.433297, 0.43785, 1, 

23,7,0.001, 0.0494283, 0.122095, 0.0626225, 0.0831818, 0.174993, 0.186846, 0.201743, 0.243611, 0.284251, 0.300016, 0.594618, 1, 

24,4,0.001, 0.0494283, 0.0655459, 0.0626225, 0.0831818, 0.136078, 0.154743, 0.174168, 0.193172, 0.362801, 0.433297, 0.43785, 1, 

22,8,0.001, 0.0494283, 0.122095, 0.0626225, 0.0831818, 0.136078, 0.186846, 0.201743, 0.243611, 0.284251, 0.498185, 0.300016, 0.594618, 1, 

Generation #31
21,9,0.001, 0.0435947, 0.0655459, 0.0953461, 0.11124, 0.198235, 0.161772, 0.298958, 0.362801, 0.433297, 0.43785, 1, 

23,7,0.001, 0.0494283, 0.122095, 0.0626225, 0.0831818, 0.174993, 0.186846, 0.201743, 0.243611, 0.284251, 0.300016, 0.594618, 1, 

24,4,0.001, 0.0494283, 0.0655459, 0.0626225, 0.0831818, 0.136078, 0.154743, 0.174168, 0.193172, 0.362801, 0.433297, 0.43785, 1, 

22,8,0.001, 0.0494283, 0.122095, 0.0626225, 0.0831818, 0.136078, 0.186846, 0.201743, 0.243611, 0.284251, 0.498185, 0.300016, 0.594618, 1, 

Generation #32
21,9,0.001, 0.0435947, 0.0655459, 0.0953461, 0.11124, 0.198235, 0.161772, 0.298958, 0.362801, 0.433297, 0.43785, 1, 

23,7,0.001, 0.0494283, 0.122095, 0.0626225, 0.0831818, 0.174993, 0.186846, 0.201743, 0.243611, 0.284251, 0.300016, 0.594618, 1, 

24,4,0.001, 0.0494283, 0.0655459, 0.0626225, 0.0831818, 0.136078, 0.154743, 0.174168, 0.193172, 0.362801, 0.433297, 0.43785, 1, 

22,8,0.001, 0.0494283, 0.122095, 0.0626225, 0.0831818, 0.136078, 0.186846, 0.201743, 0.243611, 0.284251, 0.498185, 0.300016, 0.594618, 1, 

Generation #33
21,9,0.001, 0.0435947, 0.0655459, 0.0953461, 0.11124, 0.198235, 0.161772, 0.298958, 0.362801, 0.433297, 0.43785, 1, 

23,7,0.001, 0.0494283, 0.122095, 0.0626225, 0.0831818, 0.174993, 0.186846, 0.201743, 0.243611, 0.284251, 0.300016, 0.594618, 1, 

24,4,0.001, 0.0494283, 0.0655459, 0.0626225, 0.0831818, 0.136078, 0.154743, 0.174168, 0.193172, 0.362801, 0.433297, 0.43785, 1, 

22,8,0.001, 0.0494283, 0.122095, 0.0626225, 0.0831818, 0.136078, 0.186846, 0.201743, 0.243611, 0.284251, 0.498185, 0.300016, 0.594618, 1, 

Generation #34
21,9,0.001, 0.0435947, 0.0655459, 0.0953461, 0.11124, 0.198235, 0.161772, 0.298958, 0.362801, 0.433297, 0.43785, 1, 

23,7,0.001, 0.0494283, 0.122095, 0.0626225, 0.0831818, 0.174993, 0.186846, 0.201743, 0.243611, 0.284251, 0.300016, 0.594618, 1, 

24,4,0.001, 0.0494283, 0.0655459, 0.0626225, 0.0831818, 0.136078, 0.154743, 0.174168, 0.193172, 0.362801, 0.433297, 0.43785, 1, 

22,8,0.001, 0.0494283, 0.122095, 0.0626225, 0.0831818, 0.136078, 0.186846, 0.201743, 0.243611, 0.284251, 0.498185, 0.300016, 0.594618, 1, 

Generation #35
21,9,0.001, 0.0435947, 0.0655459, 0.0953461, 0.11124, 0.198235, 0.161772, 0.298958, 0.362801, 0.433297, 0.43785, 1, 

23,7,0.001, 0.0494283, 0.122095, 0.0626225, 0.0831818, 0.174993, 0.186846, 0.201743, 0.243611, 0.284251, 0.300016, 0.594618, 1, 

24,4,0.001, 0.0494283, 0.0655459, 0.0626225, 0.0831818, 0.136078, 0.154743, 0.174168, 0.193172, 0.362801, 0.433297, 0.43785, 1, 

22,8,0.001, 0.0494283, 0.122095, 0.0626225, 0.0831818, 0.136078, 0.186846, 0.201743, 0.243611, 0.284251, 0.498185, 0.300016, 0.594618, 1, 

Generation #36
21,9,0.001, 0.0435947, 0.0655459, 0.0953461, 0.11124, 0.198235, 0.161772, 0.298958, 0.362801, 0.433297, 0.43785, 1, 

23,7,0.001, 0.0494283, 0.122095, 0.0626225, 0.0831818, 0.174993, 0.186846, 0.201743, 0.243611, 0.284251, 0.300016, 0.594618, 1, 

24,4,0.001, 0.0494283, 0.0655459, 0.0626225, 0.0831818, 0.136078, 0.154743, 0.174168, 0.193172, 0.362801, 0.433297, 0.43785, 1, 

22,8,0.001, 0.0494283, 0.122095, 0.0626225, 0.0831818, 0.136078, 0.186846, 0.201743, 0.243611, 0.284251, 0.498185, 0.300016, 0.594618, 1, 

Generation #37
21,9,0.001, 0.0435947, 0.0655459, 0.0953461, 0.11124, 0.198235, 0.161772, 0.298958, 0.362801, 0.433297, 0.43785, 1, 

23,7,0.001, 0.0494283, 0.122095, 0.0626225, 0.0831818, 0.174993, 0.186846, 0.201743, 0.243611, 0.284251, 0.300016, 0.594618, 1, 

24,4,0.001, 0.0494283, 0.0655459, 0.0626225, 0.0831818, 0.136078, 0.154743, 0.174168, 0.193172, 0.362801, 0.433297, 0.43785, 1, 

22,8,0.001, 0.0494283, 0.122095, 0.0626225, 0.0831818, 0.136078, 0.186846, 0.201743, 0.243611, 0.284251, 0.498185, 0.300016, 0.594618, 1, 

Generation #38
21,9,0.001, 0.0435947, 0.0655459, 0.0953461, 0.11124, 0.198235, 0.161772, 0.298958, 0.362801, 0.433297, 0.43785, 1, 

23,7,0.001, 0.0494283, 0.122095, 0.0626225, 0.0831818, 0.174993, 0.186846, 0.201743, 0.243611, 0.284251, 0.300016, 0.594618, 1, 

24,4,0.001, 0.0494283, 0.0655459, 0.0626225, 0.0831818, 0.136078, 0.154743, 0.174168, 0.193172, 0.362801, 0.433297, 0.43785, 1, 

22,8,0.001, 0.0494283, 0.122095, 0.0626225, 0.0831818, 0.136078, 0.186846, 0.201743, 0.243611, 0.284251, 0.498185, 0.300016, 0.594618, 1, 

Generation #39
24,4,0.001, 0.0494283, 0.0655459, 0.0626225, 0.0831818, 0.136078, 0.154743, 0.174168, 0.193172, 0.362801, 0.433297, 0.43785, 1, 

21,7,0.001, 0.0494283, 0.122095, 0.0626225, 0.0831818, 0.136078, 0.186846, 0.201743, 0.243611, 0.284251, 0.300016, 0.594618, 1, 

19,21,0.001, 0.0494283, 0.122095, 0.0626225, 0.11124, 0.198235, 0.283843, 0.655754, 0.675975, 0.7461, 1, 

Generation #40
24,4,0.001, 0.0494283, 0.0655459, 0.0626225, 0.0831818, 0.136078, 0.154743, 0.174168, 0.193172, 0.362801, 0.433297, 0.43785, 1, 

21,7,0.001, 0.0494283, 0.122095, 0.0626225, 0.0831818, 0.136078, 0.186846, 0.201743, 0.243611, 0.284251, 0.300016, 0.594618, 1, 

19,21,0.001, 0.0494283, 0.122095, 0.0626225, 0.11124, 0.198235, 0.283843, 0.655754, 0.675975, 0.7461, 1, 

Generation #41
24,4,0.001, 0.0494283, 0.0655459, 0.0626225, 0.0831818, 0.136078, 0.154743, 0.174168, 0.193172, 0.362801, 0.433297, 0.43785, 1, 

21,7,0.001, 0.0494283, 0.122095, 0.0626225, 0.0831818, 0.136078, 0.186846, 0.201743, 0.243611, 0.284251, 0.300016, 0.594618, 1, 

19,21,0.001, 0.0494283, 0.122095, 0.0626225, 0.11124, 0.198235, 0.283843, 0.655754, 0.675975, 0.7461, 1, 

Generation #42
24,4,0.001, 0.0494283, 0.0655459, 0.0626225, 0.0831818, 0.136078, 0.154743, 0.174168, 0.193172, 0.362801, 0.433297, 0.43785, 1, 

21,7,0.001, 0.0494283, 0.122095, 0.0626225, 0.0831818, 0.136078, 0.186846, 0.201743, 0.243611, 0.284251, 0.300016, 0.594618, 1, 

19,21,0.001, 0.0494283, 0.122095, 0.0626225, 0.11124, 0.198235, 0.283843, 0.655754, 0.675975, 0.7461, 1, 

Generation #43
24,4,0.001, 0.0494283, 0.0655459, 0.0626225, 0.0831818, 0.136078, 0.154743, 0.174168, 0.193172, 0.362801, 0.433297, 0.43785, 1, 

21,7,0.001, 0.0494283, 0.122095, 0.0626225, 0.0831818, 0.136078, 0.186846, 0.201743, 0.243611, 0.284251, 0.300016, 0.594618, 1, 

19,21,0.001, 0.0494283, 0.122095, 0.0626225, 0.11124, 0.198235, 0.283843, 0.655754, 0.675975, 0.7461, 1, 

Generation #44
24,4,0.001, 0.0494283, 0.0655459, 0.0626225, 0.0831818, 0.136078, 0.154743, 0.174168, 0.193172, 0.362801, 0.433297, 0.43785, 1, 

21,7,0.001, 0.0494283, 0.122095, 0.0626225, 0.0831818, 0.136078, 0.186846, 0.201743, 0.243611, 0.284251, 0.300016, 0.594618, 1, 

19,21,0.001, 0.0494283, 0.122095, 0.0626225, 0.11124, 0.198235, 0.283843, 0.655754, 0.675975, 0.7461, 1, 

Generation #45
24,4,0.001, 0.0494283, 0.0655459, 0.0626225, 0.0831818, 0.136078, 0.154743, 0.174168, 0.193172, 0.362801, 0.433297, 0.43785, 1, 

21,7,0.001, 0.0494283, 0.122095, 0.0626225, 0.0831818, 0.136078, 0.186846, 0.201743, 0.243611, 0.284251, 0.300016, 0.594618, 1, 

19,21,0.001, 0.0494283, 0.122095, 0.0626225, 0.11124, 0.198235, 0.283843, 0.655754, 0.675975, 0.7461, 1, 

Generation #46
24,4,0.001, 0.0494283, 0.0655459, 0.0626225, 0.0831818, 0.136078, 0.154743, 0.174168, 0.193172, 0.362801, 0.433297, 0.43785, 1, 

21,7,0.001, 0.0494283, 0.122095, 0.0626225, 0.0831818, 0.136078, 0.186846, 0.201743, 0.243611, 0.284251, 0.300016, 0.594618, 1, 

19,21,0.001, 0.0494283, 0.122095, 0.0626225, 0.11124, 0.198235, 0.283843, 0.655754, 0.675975, 0.7461, 1, 

Generation #47
24,4,0.001, 0.0494283, 0.0655459, 0.0626225, 0.0831818, 0.136078, 0.154743, 0.174168, 0.193172, 0.362801, 0.433297, 0.43785, 1, 

19,21,0.001, 0.0494283, 0.122095, 0.0626225, 0.11124, 0.198235, 0.283843, 0.655754, 0.675975, 0.7461, 1, 

20,5,0.0494283, 0.122095, 0.0626225, 0.0831818, 0.174993, 0.186846, 0.186846, 0.201743, 0.243611, 0.284251, 0.300016, 0.594618, 1, 

Generation #48
24,4,0.001, 0.0494283, 0.0655459, 0.0626225, 0.0831818, 0.136078, 0.154743, 0.174168, 0.193172, 0.362801, 0.433297, 0.43785, 1, 

19,21,0.001, 0.0494283, 0.122095, 0.0626225, 0.11124, 0.198235, 0.283843, 0.655754, 0.675975, 0.7461, 1, 

20,5,0.0494283, 0.122095, 0.0626225, 0.0831818, 0.174993, 0.186846, 0.186846, 0.201743, 0.243611, 0.284251, 0.300016, 0.594618, 1, 

Generation #49
24,4,0.001, 0.0494283, 0.0655459, 0.0626225, 0.0831818, 0.136078, 0.154743, 0.174168, 0.193172, 0.362801, 0.433297, 0.43785, 1, 

19,21,0.001, 0.0494283, 0.122095, 0.0626225, 0.11124, 0.198235, 0.283843, 0.655754, 0.675975, 0.7461, 1, 

20,5,0.0494283, 0.122095, 0.0626225, 0.0831818, 0.174993, 0.186846, 0.186846, 0.201743, 0.243611, 0.284251, 0.300016, 0.594618, 1, 

--- Pareto Front Solutions ---
Solution 0: N total=84 (N_initial=60, N_added=24), Time total=8 ms, Saved to: ./results/Make_t2_l2_pareto_0.csv, percents=0.001, 0.0494283, 0.0655459, 0.0626225, 0.0831818, 0.136078, 0.154743, 0.174168, 0.193172, 0.362801, 0.433297, 0.43785, 1, 

Solution 1: N total=79 (N_initial=60, N_added=19), Time total=25 ms, Saved to: ./results/Make_t2_l2_pareto_1.csv, percents=0.001, 0.0494283, 0.122095, 0.0626225, 0.11124, 0.198235, 0.283843, 0.655754, 0.675975, 0.7461, 1, 

Solution 2: N total=80 (N_initial=60, N_added=20), Time total=9 ms, Saved to: ./results/Make_t2_l2_pareto_2.csv, percents=0.0494283, 0.122095, 0.0626225, 0.0831818, 0.174993, 0.186846, 0.186846, 0.201743, 0.243611, 0.284251, 0.300016, 0.594618, 1, 

------------d=1, t=2, lambda=3, filename=./evaluation/Make/Make_2_3.csv------------
Computing partitioned counts of d-sets...
Ready to look at pairs based on partitioned counts...
First Stage N=90, Time=4
There are 8 remaining non-locating pairs
--- Running GA Algorithm (phase2) ---
Running GA with std::execution::par
Generation #0
13,1,0.001, 0.153677, 0.17334, 0.313584, 0.368793, 0.569499, 0.633413, 0.67309, 0.88427, 0.89046, 1, 

25,0,0.001, 0.00412727, 0.0260522, 0.0750784, 0.0989384, 0.199533, 0.205703, 0.247588, 0.34245, 0.359456, 0.365294, 0.430458, 0.535102, 0.577299, 0.618095, 0.724142, 0.7636, 0.769772, 0.818375, 0.851864, 0.869436, 0.890511, 0.938852, 1, 

Generation #1
13,0,0.001, 0.00313243, 0.0220401, 0.0997338, 0.126689, 0.254903, 0.314385, 0.513731, 0.602703, 0.605242, 0.613827, 1, 

Generation #2
13,0,0.001, 0.00313243, 0.0220401, 0.0997338, 0.126689, 0.254903, 0.314385, 0.513731, 0.602703, 0.605242, 0.613827, 1, 

Generation #3
12,0,0.001, 0.117533, 0.119481, 0.168619, 0.210408, 0.154084, 0.266502, 0.286292, 0.292812, 0.397195, 0.884267, 1, 

Generation #4
12,0,0.001, 0.117533, 0.119481, 0.168619, 0.210408, 0.154084, 0.266502, 0.286292, 0.292812, 0.397195, 0.884267, 1, 

Generation #5
12,0,0.001, 0.117533, 0.119481, 0.168619, 0.210408, 0.154084, 0.266502, 0.286292, 0.292812, 0.397195, 0.884267, 1, 

Generation #6
11,0,0.001, 0.0808361, 0.104484, 0.0847991, 0.16115, 0.212036, 0.234759, 0.267237, 0.364333, 0.571673, 1, 

Generation #7
11,0,0.001, 0.0808361, 0.104484, 0.0847991, 0.16115, 0.212036, 0.234759, 0.267237, 0.364333, 0.571673, 1, 

Generation #8
11,0,0.001, 0.0808361, 0.104484, 0.0847991, 0.16115, 0.212036, 0.234759, 0.267237, 0.364333, 0.571673, 1, 

Generation #9
11,0,0.001, 0.0808361, 0.104484, 0.0847991, 0.16115, 0.212036, 0.234759, 0.267237, 0.364333, 0.571673, 1, 

Generation #10
11,0,0.001, 0.0808361, 0.104484, 0.0847991, 0.16115, 0.212036, 0.234759, 0.267237, 0.364333, 0.571673, 1, 

Generation #11
11,0,0.001, 0.0808361, 0.104484, 0.0847991, 0.16115, 0.212036, 0.234759, 0.267237, 0.364333, 0.571673, 1, 

Generation #12
11,0,0.001, 0.0808361, 0.104484, 0.0847991, 0.16115, 0.212036, 0.234759, 0.267237, 0.364333, 0.571673, 1, 

Generation #13
11,0,0.001, 0.0808361, 0.104484, 0.0847991, 0.16115, 0.212036, 0.234759, 0.267237, 0.364333, 0.571673, 1, 

Generation #14
11,0,0.001, 0.0808361, 0.104484, 0.0847991, 0.16115, 0.212036, 0.234759, 0.267237, 0.364333, 0.571673, 1, 

Generation #15
10,0,0.001, 0.153677, 0.17334, 0.313584, 0.210408, 0.238385, 0.266502, 0.206803, 0.253858, 1, 

Generation #16
10,0,0.001, 0.153677, 0.17334, 0.313584, 0.210408, 0.238385, 0.266502, 0.206803, 0.253858, 1, 

Generation #17
10,0,0.001, 0.153677, 0.17334, 0.313584, 0.210408, 0.238385, 0.266502, 0.206803, 0.253858, 1, 

Generation #18
10,0,0.001, 0.153677, 0.17334, 0.313584, 0.210408, 0.238385, 0.266502, 0.206803, 0.253858, 1, 

Generation #19
10,0,0.001, 0.153677, 0.17334, 0.313584, 0.210408, 0.238385, 0.266502, 0.206803, 0.253858, 1, 

Generation #20
10,0,0.001, 0.153677, 0.17334, 0.313584, 0.210408, 0.238385, 0.266502, 0.206803, 0.253858, 1, 

Generation #21
10,0,0.001, 0.153677, 0.17334, 0.313584, 0.210408, 0.238385, 0.266502, 0.206803, 0.253858, 1, 

Generation #22
10,0,0.001, 0.153677, 0.17334, 0.313584, 0.210408, 0.238385, 0.266502, 0.206803, 0.253858, 1, 

Generation #23
10,0,0.001, 0.153677, 0.17334, 0.313584, 0.210408, 0.238385, 0.266502, 0.206803, 0.253858, 1, 

Generation #24
10,0,0.001, 0.153677, 0.17334, 0.313584, 0.210408, 0.238385, 0.266502, 0.206803, 0.253858, 1, 

Generation #25
10,0,0.001, 0.153677, 0.17334, 0.313584, 0.210408, 0.238385, 0.266502, 0.206803, 0.253858, 1, 

Generation #26
10,0,0.001, 0.153677, 0.17334, 0.313584, 0.210408, 0.238385, 0.266502, 0.206803, 0.253858, 1, 

Generation #27
10,0,0.001, 0.153677, 0.17334, 0.313584, 0.210408, 0.238385, 0.266502, 0.206803, 0.253858, 1, 

Generation #28
10,0,0.001, 0.153677, 0.17334, 0.313584, 0.210408, 0.238385, 0.266502, 0.206803, 0.253858, 1, 

Generation #29
10,0,0.001, 0.153677, 0.17334, 0.313584, 0.210408, 0.238385, 0.266502, 0.206803, 0.253858, 1, 

Generation #30
10,0,0.001, 0.153677, 0.17334, 0.313584, 0.210408, 0.238385, 0.266502, 0.206803, 0.253858, 1, 

Generation #31
10,0,0.001, 0.153677, 0.17334, 0.313584, 0.210408, 0.238385, 0.266502, 0.206803, 0.253858, 1, 

Generation #32
10,0,0.001, 0.153677, 0.17334, 0.313584, 0.210408, 0.238385, 0.266502, 0.206803, 0.253858, 1, 

Generation #33
10,0,0.001, 0.153677, 0.17334, 0.313584, 0.210408, 0.238385, 0.266502, 0.206803, 0.253858, 1, 

Generation #34
10,0,0.001, 0.153677, 0.17334, 0.313584, 0.210408, 0.238385, 0.266502, 0.206803, 0.253858, 1, 

Generation #35
9,0,0.001, 0.117533, 0.119481, 0.154608, 0.294137, 0.191989, 0.206803, 0.253858, 1, 

Generation #36
9,0,0.001, 0.117533, 0.119481, 0.154608, 0.294137, 0.191989, 0.206803, 0.253858, 1, 

Generation #37
8,0,0.001, 0.153677, 0.0435297, 0.154608, 0.210408, 0.238385, 0.253858, 1, 

Generation #38
8,0,0.001, 0.153677, 0.0435297, 0.154608, 0.210408, 0.238385, 0.253858, 1, 

Generation #39
8,0,0.001, 0.153677, 0.0435297, 0.154608, 0.210408, 0.238385, 0.253858, 1, 

Generation #40
8,0,0.001, 0.153677, 0.0435297, 0.154608, 0.210408, 0.238385, 0.253858, 1, 

Generation #41
8,0,0.001, 0.153677, 0.0435297, 0.154608, 0.210408, 0.238385, 0.253858, 1, 

Generation #42
8,0,0.001, 0.153677, 0.0435297, 0.154608, 0.210408, 0.238385, 0.253858, 1, 

Generation #43
8,0,0.001, 0.153677, 0.0435297, 0.154608, 0.210408, 0.238385, 0.253858, 1, 

7,4,0.001, 0.00412727, 0.313584, 0.253858, 1, 

Generation #44
8,0,0.001, 0.153677, 0.0435297, 0.154608, 0.210408, 0.238385, 0.253858, 1, 

7,4,0.001, 0.00412727, 0.313584, 0.253858, 1, 

Generation #45
8,0,0.001, 0.153677, 0.0435297, 0.154608, 0.210408, 0.238385, 0.253858, 1, 

7,4,0.001, 0.00412727, 0.313584, 0.253858, 1, 

Generation #46
8,0,0.001, 0.153677, 0.0435297, 0.154608, 0.210408, 0.238385, 0.253858, 1, 

7,4,0.001, 0.00412727, 0.313584, 0.253858, 1, 

Generation #47
7,0,0.001, 0.153677, 0.17334, 0.313584, 1, 

Generation #48
7,0,0.001, 0.153677, 0.17334, 0.313584, 1, 

Generation #49
7,0,0.001, 0.153677, 0.17334, 0.313584, 1, 

--- Pareto Front Solutions ---
Solution 0: N total=97 (N_initial=90, N_added=7), Time total=4 ms, Saved to: ./results/Make_t2_l3_pareto_0.csv, percents=0.001, 0.153677, 0.17334, 0.313584, 1, 

------------d=1, t=2, lambda=4, filename=./evaluation/Make/Make_2_4.csv------------
Computing partitioned counts of d-sets...
Ready to look at pairs based on partitioned counts...
First Stage N=120, Time=4
There are 0 remaining non-locating pairs
Array is already valid. Saved initial array to ./Make_t2_l4_final.csv
