------------d=1, t=2, lambda=1, filename=./evaluation/Make/Make_2_1.csv------------
Computing partitioned counts of d-sets...
Ready to look at pairs based on partitioned counts...
First Stage N=30, Time=4
There are 1464 remaining non-locating pairs
--- Running GA Algorithm (phase2) ---
Running GA with std::execution::par
Generation #0
38,581,0.001, 0.0571598, 0.344386, 0.423148, 0.423571, 0.542285, 0.597495, 0.631528, 0.655526, 0.842261, 0.906301, 0.930431, 0.992145, 1, 

40,406,0.001, 0.0970704, 0.133815, 0.193307, 0.314824, 0.330009, 0.392028, 0.397921, 0.422169, 0.783244, 0.803073, 0.930679, 1, 

45,227,0.001, 0.017851, 0.0501659, 0.0513067, 0.110065, 0.137015, 0.159559, 0.187127, 0.248876, 0.279032, 0.421249, 0.482314, 0.608711, 0.629831, 0.648283, 0.693314, 0.753794, 0.76718, 0.888482, 0.910419, 0.911522, 1, 

44,352,0.001, 0.0485364, 0.0638381, 0.103473, 0.112512, 0.157387, 0.207509, 0.233497, 0.34024, 0.425078, 0.623749, 0.642961, 0.77327, 0.821051, 0.86027, 0.97724, 1, 

39,426,0.001, 0.105896, 0.122689, 0.199856, 0.371646, 0.434784, 0.519215, 0.553258, 0.557035, 0.560323, 0.597118, 0.737906, 0.884534, 0.917956, 0.993539, 1, 

Generation #1
42,163,0.001, 0.00563984, 0.0472926, 0.0698625, 0.0751163, 0.198198, 0.226628, 0.274555, 0.301448, 0.330416, 0.408317, 0.413537, 0.600954, 0.665264, 0.584441, 0.674566, 0.701407, 0.949534, 1, 

52,132,0.001, 0.0110509, 0.0391854, 0.0928903, 0.129683, 0.148351, 0.15305, 0.161136, 0.234665, 0.262227, 0.262612, 0.288228, 0.29071, 0.387741, 0.436146, 0.459913, 0.494666, 0.552769, 0.560013, 0.560173, 0.589613, 0.739437, 0.740977, 0.79267, 0.822098, 0.937526, 0.967304, 1, 

39,296,0.001, 0.00749773, 0.0835864, 0.148514, 0.148878, 0.159123, 0.687387, 0.775528, 0.797689, 0.831146, 0.990146, 1, 

41,288,0.001, 0.0565881, 0.0702306, 0.105083, 0.274594, 0.306062, 0.341232, 0.378361, 0.499475, 0.578835, 0.632639, 0.714346, 0.747626, 0.902875, 0.966634, 1, 

36,324,0.001, 0.0741975, 0.107301, 0.218371, 0.263225, 0.49993, 0.518898, 0.58726, 0.607083, 0.806633, 1, 

Generation #2
42,163,0.001, 0.00563984, 0.0472926, 0.0698625, 0.0751163, 0.198198, 0.226628, 0.274555, 0.301448, 0.330416, 0.408317, 0.413537, 0.600954, 0.665264, 0.584441, 0.674566, 0.701407, 0.949534, 1, 

52,132,0.001, 0.0110509, 0.0391854, 0.0928903, 0.129683, 0.148351, 0.15305, 0.161136, 0.234665, 0.262227, 0.262612, 0.288228, 0.29071, 0.387741, 0.436146, 0.459913, 0.494666, 0.552769, 0.560013, 0.560173, 0.589613, 0.739437, 0.740977, 0.79267, 0.822098, 0.937526, 0.967304, 1, 

39,201,0.001, 0.0219461, 0.0261442, 0.0262016, 0.0663368, 0.100799, 0.164494, 0.554408, 0.557681, 0.56455, 0.579264, 0.687332, 0.69542, 0.790189, 0.928789, 1, 

35,503,0.001, 0.139605, 0.219523, 0.33745, 0.371203, 0.465486, 0.80047, 0.927298, 0.950905, 0.999048, 1, 

36,294,0.001, 0.0741975, 0.107301, 0.218371, 0.263225, 0.49993, 0.518898, 0.58726, 0.607083, 0.806633, 0.990146, 1, 

Generation #3
52,132,0.001, 0.0110509, 0.0391854, 0.0928903, 0.129683, 0.148351, 0.15305, 0.161136, 0.234665, 0.262227, 0.262612, 0.288228, 0.29071, 0.387741, 0.436146, 0.459913, 0.494666, 0.552769, 0.560013, 0.560173, 0.589613, 0.739437, 0.740977, 0.79267, 0.822098, 0.937526, 0.967304, 1, 

34,205,0.001, 0.0370946, 0.0407183, 0.081086, 0.140626, 0.209852, 0.273465, 0.217953, 0.230267, 0.239707, 1, 

38,144,0.001, 0.0110509, 0.0391854, 0.0928903, 0.129683, 0.148351, 0.15305, 0.135727, 0.234665, 0.262227, 0.262612, 0.642961, 0.77327, 0.821051, 0.86027, 0.97724, 1, 

Generation #4
52,132,0.001, 0.0110509, 0.0391854, 0.0928903, 0.129683, 0.148351, 0.15305, 0.161136, 0.234665, 0.262227, 0.262612, 0.288228, 0.29071, 0.387741, 0.436146, 0.459913, 0.494666, 0.552769, 0.560013, 0.560173, 0.589613, 0.739437, 0.740977, 0.79267, 0.822098, 0.937526, 0.967304, 1, 

34,205,0.001, 0.0370946, 0.0407183, 0.081086, 0.140626, 0.209852, 0.273465, 0.217953, 0.230267, 0.239707, 1, 

38,144,0.001, 0.0110509, 0.0391854, 0.0928903, 0.129683, 0.148351, 0.15305, 0.135727, 0.234665, 0.262227, 0.262612, 0.642961, 0.77327, 0.821051, 0.86027, 0.97724, 1, 

37,171,0.001, 0.0110509, 0.0391854, 0.0928903, 0.129683, 0.148351, 0.15305, 0.161136, 0.234665, 0.262227, 0.262612, 1, 

Generation #5
52,132,0.001, 0.0110509, 0.0391854, 0.0928903, 0.129683, 0.148351, 0.15305, 0.161136, 0.234665, 0.262227, 0.262612, 0.288228, 0.29071, 0.387741, 0.436146, 0.459913, 0.494666, 0.552769, 0.560013, 0.560173, 0.589613, 0.739437, 0.740977, 0.79267, 0.822098, 0.937526, 0.967304, 1, 

34,205,0.001, 0.0370946, 0.0407183, 0.081086, 0.140626, 0.209852, 0.273465, 0.217953, 0.230267, 0.239707, 1, 

38,144,0.001, 0.0110509, 0.0391854, 0.0928903, 0.129683, 0.148351, 0.15305, 0.135727, 0.234665, 0.262227, 0.262612, 0.642961, 0.77327, 0.821051, 0.86027, 0.97724, 1, 

37,171,0.001, 0.0110509, 0.0391854, 0.0928903, 0.129683, 0.148351, 0.15305, 0.161136, 0.234665, 0.262227, 0.262612, 1, 

32,545,0.001, 0.0498482, 0.216652, 0.224379, 0.371329, 0.376172, 0.950905, 0.999048, 1, 

35,203,0.001, 0.0110509, 0.0391854, 0.0928903, 0.274594, 0.306062, 0.341232, 0.378361, 0.845754, 0.979017, 1, 

Generation #6
52,132,0.001, 0.0110509, 0.0391854, 0.0928903, 0.129683, 0.148351, 0.15305, 0.161136, 0.234665, 0.262227, 0.262612, 0.288228, 0.29071, 0.387741, 0.436146, 0.459913, 0.494666, 0.552769, 0.560013, 0.560173, 0.589613, 0.739437, 0.740977, 0.79267, 0.822098, 0.937526, 0.967304, 1, 

38,144,0.001, 0.0110509, 0.0391854, 0.0928903, 0.129683, 0.148351, 0.15305, 0.135727, 0.234665, 0.262227, 0.262612, 0.642961, 0.77327, 0.821051, 0.86027, 0.97724, 1, 

37,171,0.001, 0.0110509, 0.0391854, 0.0928903, 0.129683, 0.148351, 0.15305, 0.161136, 0.234665, 0.262227, 0.262612, 1, 

32,545,0.001, 0.0498482, 0.216652, 0.224379, 0.371329, 0.376172, 0.950905, 0.999048, 1, 

33,176,0.001, 0.0110509, 0.0391854, 0.0928903, 0.129683, 0.15305, 0.135727, 0.234665, 0.262227, 0.262612, 1, 

35,173,0.0110509, 0.0391854, 0.0928903, 0.129683, 0.209852, 0.273465, 0.217953, 0.230267, 0.239707, 1, 

Generation #7
52,132,0.001, 0.0110509, 0.0391854, 0.0928903, 0.129683, 0.148351, 0.15305, 0.161136, 0.234665, 0.262227, 0.262612, 0.288228, 0.29071, 0.387741, 0.436146, 0.459913, 0.494666, 0.552769, 0.560013, 0.560173, 0.589613, 0.739437, 0.740977, 0.79267, 0.822098, 0.937526, 0.967304, 1, 

38,144,0.001, 0.0110509, 0.0391854, 0.0928903, 0.129683, 0.148351, 0.15305, 0.135727, 0.234665, 0.262227, 0.262612, 0.642961, 0.77327, 0.821051, 0.86027, 0.97724, 1, 

43,141,0.001, 0.0110509, 0.0391854, 0.0262016, 0.0663368, 0.100799, 0.164494, 0.217953, 0.496676, 0.646755, 0.764687, 0.803333, 0.833078, 0.665264, 0.584441, 0.674566, 0.701407, 0.949534, 1, 

32,146,0.001, 0.00563984, 0.0472926, 0.0698625, 0.0751163, 0.198198, 0.226628, 0.234665, 0.262227, 0.262612, 1, 

Generation #8
52,132,0.001, 0.0110509, 0.0391854, 0.0928903, 0.129683, 0.148351, 0.15305, 0.161136, 0.234665, 0.262227, 0.262612, 0.288228, 0.29071, 0.387741, 0.436146, 0.459913, 0.494666, 0.552769, 0.560013, 0.560173, 0.589613, 0.739437, 0.740977, 0.79267, 0.822098, 0.937526, 0.967304, 1, 

38,144,0.001, 0.0110509, 0.0391854, 0.0928903, 0.129683, 0.148351, 0.15305, 0.135727, 0.234665, 0.262227, 0.262612, 0.642961, 0.77327, 0.821051, 0.86027, 0.97724, 1, 

43,141,0.001, 0.0110509, 0.0391854, 0.0262016, 0.0663368, 0.100799, 0.164494, 0.217953, 0.496676, 0.646755, 0.764687, 0.803333, 0.833078, 0.665264, 0.584441, 0.674566, 0.701407, 0.949534, 1, 

32,146,0.001, 0.00563984, 0.0472926, 0.0698625, 0.0751163, 0.198198, 0.226628, 0.234665, 0.262227, 0.262612, 1, 

Generation #9
52,132,0.001, 0.0110509, 0.0391854, 0.0928903, 0.129683, 0.148351, 0.15305, 0.161136, 0.234665, 0.262227, 0.262612, 0.288228, 0.29071, 0.387741, 0.436146, 0.459913, 0.494666, 0.552769, 0.560013, 0.560173, 0.589613, 0.739437, 0.740977, 0.79267, 0.822098, 0.937526, 0.967304, 1, 

38,144,0.001, 0.0110509, 0.0391854, 0.0928903, 0.129683, 0.148351, 0.15305, 0.135727, 0.234665, 0.262227, 0.262612, 0.642961, 0.77327, 0.821051, 0.86027, 0.97724, 1, 

43,141,0.001, 0.0110509, 0.0391854, 0.0262016, 0.0663368, 0.100799, 0.164494, 0.217953, 0.496676, 0.646755, 0.764687, 0.803333, 0.833078, 0.665264, 0.584441, 0.674566, 0.701407, 0.949534, 1, 

32,146,0.001, 0.00563984, 0.0472926, 0.0698625, 0.0751163, 0.198198, 0.226628, 0.234665, 0.262227, 0.262612, 1, 

Generation #10
52,132,0.001, 0.0110509, 0.0391854, 0.0928903, 0.129683, 0.148351, 0.15305, 0.161136, 0.234665, 0.262227, 0.262612, 0.288228, 0.29071, 0.387741, 0.436146, 0.459913, 0.494666, 0.552769, 0.560013, 0.560173, 0.589613, 0.739437, 0.740977, 0.79267, 0.822098, 0.937526, 0.967304, 1, 

38,144,0.001, 0.0110509, 0.0391854, 0.0928903, 0.129683, 0.148351, 0.15305, 0.135727, 0.234665, 0.262227, 0.262612, 0.642961, 0.77327, 0.821051, 0.86027, 0.97724, 1, 

43,141,0.001, 0.0110509, 0.0391854, 0.0262016, 0.0663368, 0.100799, 0.164494, 0.217953, 0.496676, 0.646755, 0.764687, 0.803333, 0.833078, 0.665264, 0.584441, 0.674566, 0.701407, 0.949534, 1, 

32,146,0.001, 0.00563984, 0.0472926, 0.0698625, 0.0751163, 0.198198, 0.226628, 0.234665, 0.262227, 0.262612, 1, 

Generation #11
52,132,0.001, 0.0110509, 0.0391854, 0.0928903, 0.129683, 0.148351, 0.15305, 0.161136, 0.234665, 0.262227, 0.262612, 0.288228, 0.29071, 0.387741, 0.436146, 0.459913, 0.494666, 0.552769, 0.560013, 0.560173, 0.589613, 0.739437, 0.740977, 0.79267, 0.822098, 0.937526, 0.967304, 1, 

38,144,0.001, 0.0110509, 0.0391854, 0.0928903, 0.129683, 0.148351, 0.15305, 0.135727, 0.234665, 0.262227, 0.262612, 0.642961, 0.77327, 0.821051, 0.86027, 0.97724, 1, 

43,141,0.001, 0.0110509, 0.0391854, 0.0262016, 0.0663368, 0.100799, 0.164494, 0.217953, 0.496676, 0.646755, 0.764687, 0.803333, 0.833078, 0.665264, 0.584441, 0.674566, 0.701407, 0.949534, 1, 

32,146,0.001, 0.00563984, 0.0472926, 0.0698625, 0.0751163, 0.198198, 0.226628, 0.234665, 0.262227, 0.262612, 1, 

Generation #12
52,132,0.001, 0.0110509, 0.0391854, 0.0928903, 0.129683, 0.148351, 0.15305, 0.161136, 0.234665, 0.262227, 0.262612, 0.288228, 0.29071, 0.387741, 0.436146, 0.459913, 0.494666, 0.552769, 0.560013, 0.560173, 0.589613, 0.739437, 0.740977, 0.79267, 0.822098, 0.937526, 0.967304, 1, 

38,144,0.001, 0.0110509, 0.0391854, 0.0928903, 0.129683, 0.148351, 0.15305, 0.135727, 0.234665, 0.262227, 0.262612, 0.642961, 0.77327, 0.821051, 0.86027, 0.97724, 1, 

43,141,0.001, 0.0110509, 0.0391854, 0.0262016, 0.0663368, 0.100799, 0.164494, 0.217953, 0.496676, 0.646755, 0.764687, 0.803333, 0.833078, 0.665264, 0.584441, 0.674566, 0.701407, 0.949534, 1, 

32,146,0.001, 0.00563984, 0.0472926, 0.0698625, 0.0751163, 0.198198, 0.226628, 0.234665, 0.262227, 0.262612, 1, 

48,139,0.024593, 0.001, 0.00563984, 0.0472926, 0.0262016, 0.0663368, 0.100799, 0.217953, 0.230267, 0.239707, 0.475426, 0.477239, 0.511489, 0.606937, 0.610299, 0.685118, 0.749872, 0.761045, 0.79815, 0.843834, 0.85952, 0.956795, 1, 

Generation #13
52,132,0.001, 0.0110509, 0.0391854, 0.0928903, 0.129683, 0.148351, 0.15305, 0.161136, 0.234665, 0.262227, 0.262612, 0.288228, 0.29071, 0.387741, 0.436146, 0.459913, 0.494666, 0.552769, 0.560013, 0.560173, 0.589613, 0.739437, 0.740977, 0.79267, 0.822098, 0.937526, 0.967304, 1, 

38,144,0.001, 0.0110509, 0.0391854, 0.0928903, 0.129683, 0.148351, 0.15305, 0.135727, 0.234665, 0.262227, 0.262612, 0.642961, 0.77327, 0.821051, 0.86027, 0.97724, 1, 

43,141,0.001, 0.0110509, 0.0391854, 0.0262016, 0.0663368, 0.100799, 0.164494, 0.217953, 0.496676, 0.646755, 0.764687, 0.803333, 0.833078, 0.665264, 0.584441, 0.674566, 0.701407, 0.949534, 1, 

32,146,0.001, 0.00563984, 0.0472926, 0.0698625, 0.0751163, 0.198198, 0.226628, 0.234665, 0.262227, 0.262612, 1, 

48,139,0.024593, 0.001, 0.00563984, 0.0472926, 0.0262016, 0.0663368, 0.100799, 0.217953, 0.230267, 0.239707, 0.475426, 0.477239, 0.511489, 0.606937, 0.610299, 0.685118, 0.749872, 0.761045, 0.79815, 0.843834, 0.85952, 0.956795, 1, 

Generation #14
52,132,0.001, 0.0110509, 0.0391854, 0.0928903, 0.129683, 0.148351, 0.15305, 0.161136, 0.234665, 0.262227, 0.262612, 0.288228, 0.29071, 0.387741, 0.436146, 0.459913, 0.494666, 0.552769, 0.560013, 0.560173, 0.589613, 0.739437, 0.740977, 0.79267, 0.822098, 0.937526, 0.967304, 1, 

38,144,0.001, 0.0110509, 0.0391854, 0.0928903, 0.129683, 0.148351, 0.15305, 0.135727, 0.234665, 0.262227, 0.262612, 0.642961, 0.77327, 0.821051, 0.86027, 0.97724, 1, 

43,141,0.001, 0.0110509, 0.0391854, 0.0262016, 0.0663368, 0.100799, 0.164494, 0.217953, 0.496676, 0.646755, 0.764687, 0.803333, 0.833078, 0.665264, 0.584441, 0.674566, 0.701407, 0.949534, 1, 

32,146,0.001, 0.00563984, 0.0472926, 0.0698625, 0.0751163, 0.198198, 0.226628, 0.234665, 0.262227, 0.262612, 1, 

48,139,0.024593, 0.001, 0.00563984, 0.0472926, 0.0262016, 0.0663368, 0.100799, 0.217953, 0.230267, 0.239707, 0.475426, 0.477239, 0.511489, 0.606937, 0.610299, 0.685118, 0.749872, 0.761045, 0.79815, 0.843834, 0.85952, 0.956795, 1, 

Generation #15
52,132,0.001, 0.0110509, 0.0391854, 0.0928903, 0.129683, 0.148351, 0.15305, 0.161136, 0.234665, 0.262227, 0.262612, 0.288228, 0.29071, 0.387741, 0.436146, 0.459913, 0.494666, 0.552769, 0.560013, 0.560173, 0.589613, 0.739437, 0.740977, 0.79267, 0.822098, 0.937526, 0.967304, 1, 

38,144,0.001, 0.0110509, 0.0391854, 0.0928903, 0.129683, 0.148351, 0.15305, 0.135727, 0.234665, 0.262227, 0.262612, 0.642961, 0.77327, 0.821051, 0.86027, 0.97724, 1, 

43,141,0.001, 0.0110509, 0.0391854, 0.0262016, 0.0663368, 0.100799, 0.164494, 0.217953, 0.496676, 0.646755, 0.764687, 0.803333, 0.833078, 0.665264, 0.584441, 0.674566, 0.701407, 0.949534, 1, 

32,146,0.001, 0.00563984, 0.0472926, 0.0698625, 0.0751163, 0.198198, 0.226628, 0.234665, 0.262227, 0.262612, 1, 

48,139,0.024593, 0.001, 0.00563984, 0.0472926, 0.0262016, 0.0663368, 0.100799, 0.217953, 0.230267, 0.239707, 0.475426, 0.477239, 0.511489, 0.606937, 0.610299, 0.685118, 0.749872, 0.761045, 0.79815, 0.843834, 0.85952, 0.956795, 1, 

Generation #16
52,132,0.001, 0.0110509, 0.0391854, 0.0928903, 0.129683, 0.148351, 0.15305, 0.161136, 0.234665, 0.262227, 0.262612, 0.288228, 0.29071, 0.387741, 0.436146, 0.459913, 0.494666, 0.552769, 0.560013, 0.560173, 0.589613, 0.739437, 0.740977, 0.79267, 0.822098, 0.937526, 0.967304, 1, 

38,144,0.001, 0.0110509, 0.0391854, 0.0928903, 0.129683, 0.148351, 0.15305, 0.135727, 0.234665, 0.262227, 0.262612, 0.642961, 0.77327, 0.821051, 0.86027, 0.97724, 1, 

43,141,0.001, 0.0110509, 0.0391854, 0.0262016, 0.0663368, 0.100799, 0.164494, 0.217953, 0.496676, 0.646755, 0.764687, 0.803333, 0.833078, 0.665264, 0.584441, 0.674566, 0.701407, 0.949534, 1, 

32,146,0.001, 0.00563984, 0.0472926, 0.0698625, 0.0751163, 0.198198, 0.226628, 0.234665, 0.262227, 0.262612, 1, 

48,139,0.024593, 0.001, 0.00563984, 0.0472926, 0.0262016, 0.0663368, 0.100799, 0.217953, 0.230267, 0.239707, 0.475426, 0.477239, 0.511489, 0.606937, 0.610299, 0.685118, 0.749872, 0.761045, 0.79815, 0.843834, 0.85952, 0.956795, 1, 

Generation #17
52,132,0.001, 0.0110509, 0.0391854, 0.0928903, 0.129683, 0.148351, 0.15305, 0.161136, 0.234665, 0.262227, 0.262612, 0.288228, 0.29071, 0.387741, 0.436146, 0.459913, 0.494666, 0.552769, 0.560013, 0.560173, 0.589613, 0.739437, 0.740977, 0.79267, 0.822098, 0.937526, 0.967304, 1, 

38,144,0.001, 0.0110509, 0.0391854, 0.0928903, 0.129683, 0.148351, 0.15305, 0.135727, 0.234665, 0.262227, 0.262612, 0.642961, 0.77327, 0.821051, 0.86027, 0.97724, 1, 

43,141,0.001, 0.0110509, 0.0391854, 0.0262016, 0.0663368, 0.100799, 0.164494, 0.217953, 0.496676, 0.646755, 0.764687, 0.803333, 0.833078, 0.665264, 0.584441, 0.674566, 0.701407, 0.949534, 1, 

32,146,0.001, 0.00563984, 0.0472926, 0.0698625, 0.0751163, 0.198198, 0.226628, 0.234665, 0.262227, 0.262612, 1, 

48,139,0.024593, 0.001, 0.00563984, 0.0472926, 0.0262016, 0.0663368, 0.100799, 0.217953, 0.230267, 0.239707, 0.475426, 0.477239, 0.511489, 0.606937, 0.610299, 0.685118, 0.749872, 0.761045, 0.79815, 0.843834, 0.85952, 0.956795, 1, 

Generation #18
52,132,0.001, 0.0110509, 0.0391854, 0.0928903, 0.129683, 0.148351, 0.15305, 0.161136, 0.234665, 0.262227, 0.262612, 0.288228, 0.29071, 0.387741, 0.436146, 0.459913, 0.494666, 0.552769, 0.560013, 0.560173, 0.589613, 0.739437, 0.740977, 0.79267, 0.822098, 0.937526, 0.967304, 1, 

38,144,0.001, 0.0110509, 0.0391854, 0.0928903, 0.129683, 0.148351, 0.15305, 0.135727, 0.234665, 0.262227, 0.262612, 0.642961, 0.77327, 0.821051, 0.86027, 0.97724, 1, 

43,141,0.001, 0.0110509, 0.0391854, 0.0262016, 0.0663368, 0.100799, 0.164494, 0.217953, 0.496676, 0.646755, 0.764687, 0.803333, 0.833078, 0.665264, 0.584441, 0.674566, 0.701407, 0.949534, 1, 

32,146,0.001, 0.00563984, 0.0472926, 0.0698625, 0.0751163, 0.198198, 0.226628, 0.234665, 0.262227, 0.262612, 1, 

48,139,0.024593, 0.001, 0.00563984, 0.0472926, 0.0262016, 0.0663368, 0.100799, 0.217953, 0.230267, 0.239707, 0.475426, 0.477239, 0.511489, 0.606937, 0.610299, 0.685118, 0.749872, 0.761045, 0.79815, 0.843834, 0.85952, 0.956795, 1, 

Generation #19
52,132,0.001, 0.0110509, 0.0391854, 0.0928903, 0.129683, 0.148351, 0.15305, 0.161136, 0.234665, 0.262227, 0.262612, 0.288228, 0.29071, 0.387741, 0.436146, 0.459913, 0.494666, 0.552769, 0.560013, 0.560173, 0.589613, 0.739437, 0.740977, 0.79267, 0.822098, 0.937526, 0.967304, 1, 

32,146,0.001, 0.00563984, 0.0472926, 0.0698625, 0.0751163, 0.198198, 0.226628, 0.234665, 0.262227, 0.262612, 1, 

36,136,0.001, 0.00563984, 0.0472926, 0.0698625, 0.0751163, 0.148351, 0.15305, 0.161136, 0.234665, 0.262227, 0.262227, 1, 

Generation #20
52,132,0.001, 0.0110509, 0.0391854, 0.0928903, 0.129683, 0.148351, 0.15305, 0.161136, 0.234665, 0.262227, 0.262612, 0.288228, 0.29071, 0.387741, 0.436146, 0.459913, 0.494666, 0.552769, 0.560013, 0.560173, 0.589613, 0.739437, 0.740977, 0.79267, 0.822098, 0.937526, 0.967304, 1, 

32,146,0.001, 0.00563984, 0.0472926, 0.0698625, 0.0751163, 0.198198, 0.226628, 0.234665, 0.262227, 0.262612, 1, 

36,136,0.001, 0.00563984, 0.0472926, 0.0698625, 0.0751163, 0.148351, 0.15305, 0.161136, 0.234665, 0.262227, 0.262227, 1, 

Generation #21
52,132,0.001, 0.0110509, 0.0391854, 0.0928903, 0.129683, 0.148351, 0.15305, 0.161136, 0.234665, 0.262227, 0.262612, 0.288228, 0.29071, 0.387741, 0.436146, 0.459913, 0.494666, 0.552769, 0.560013, 0.560173, 0.589613, 0.739437, 0.740977, 0.79267, 0.822098, 0.937526, 0.967304, 1, 

32,146,0.001, 0.00563984, 0.0472926, 0.0698625, 0.0751163, 0.198198, 0.226628, 0.234665, 0.262227, 0.262612, 1, 

36,136,0.001, 0.00563984, 0.0472926, 0.0698625, 0.0751163, 0.148351, 0.15305, 0.161136, 0.234665, 0.262227, 0.262227, 1, 

Generation #22
52,132,0.001, 0.0110509, 0.0391854, 0.0928903, 0.129683, 0.148351, 0.15305, 0.161136, 0.234665, 0.262227, 0.262612, 0.288228, 0.29071, 0.387741, 0.436146, 0.459913, 0.494666, 0.552769, 0.560013, 0.560173, 0.589613, 0.739437, 0.740977, 0.79267, 0.822098, 0.937526, 0.967304, 1, 

32,146,0.001, 0.00563984, 0.0472926, 0.0698625, 0.0751163, 0.198198, 0.226628, 0.234665, 0.262227, 0.262612, 1, 

36,136,0.001, 0.00563984, 0.0472926, 0.0698625, 0.0751163, 0.148351, 0.15305, 0.161136, 0.234665, 0.262227, 0.262227, 1, 

Generation #23
52,132,0.001, 0.0110509, 0.0391854, 0.0928903, 0.129683, 0.148351, 0.15305, 0.161136, 0.234665, 0.262227, 0.262612, 0.288228, 0.29071, 0.387741, 0.436146, 0.459913, 0.494666, 0.552769, 0.560013, 0.560173, 0.589613, 0.739437, 0.740977, 0.79267, 0.822098, 0.937526, 0.967304, 1, 

32,146,0.001, 0.00563984, 0.0472926, 0.0698625, 0.0751163, 0.198198, 0.226628, 0.234665, 0.262227, 0.262612, 1, 

36,136,0.001, 0.00563984, 0.0472926, 0.0698625, 0.0751163, 0.148351, 0.15305, 0.161136, 0.234665, 0.262227, 0.262227, 1, 

34,142,0.001, 0.00563984, 0.0261442, 0.0262016, 0.0663368, 0.100799, 0.164494, 0.217953, 0.262227, 0.262612, 1, 

Generation #24
52,132,0.001, 0.0110509, 0.0391854, 0.0928903, 0.129683, 0.148351, 0.15305, 0.161136, 0.234665, 0.262227, 0.262612, 0.288228, 0.29071, 0.387741, 0.436146, 0.459913, 0.494666, 0.552769, 0.560013, 0.560173, 0.589613, 0.739437, 0.740977, 0.79267, 0.822098, 0.937526, 0.967304, 1, 

32,146,0.001, 0.00563984, 0.0472926, 0.0698625, 0.0751163, 0.198198, 0.226628, 0.234665, 0.262227, 0.262612, 1, 

36,136,0.001, 0.00563984, 0.0472926, 0.0698625, 0.0751163, 0.148351, 0.15305, 0.161136, 0.234665, 0.262227, 0.262227, 1, 

34,142,0.001, 0.00563984, 0.0261442, 0.0262016, 0.0663368, 0.100799, 0.164494, 0.217953, 0.262227, 0.262612, 1, 

Generation #25
52,132,0.001, 0.0110509, 0.0391854, 0.0928903, 0.129683, 0.148351, 0.15305, 0.161136, 0.234665, 0.262227, 0.262612, 0.288228, 0.29071, 0.387741, 0.436146, 0.459913, 0.494666, 0.552769, 0.560013, 0.560173, 0.589613, 0.739437, 0.740977, 0.79267, 0.822098, 0.937526, 0.967304, 1, 

32,146,0.001, 0.00563984, 0.0472926, 0.0698625, 0.0751163, 0.198198, 0.226628, 0.234665, 0.262227, 0.262612, 1, 

36,136,0.001, 0.00563984, 0.0472926, 0.0698625, 0.0751163, 0.148351, 0.15305, 0.161136, 0.234665, 0.262227, 0.262227, 1, 

34,142,0.001, 0.00563984, 0.0261442, 0.0262016, 0.0663368, 0.100799, 0.164494, 0.217953, 0.262227, 0.262612, 1, 

Generation #26
52,132,0.001, 0.0110509, 0.0391854, 0.0928903, 0.129683, 0.148351, 0.15305, 0.161136, 0.234665, 0.262227, 0.262612, 0.288228, 0.29071, 0.387741, 0.436146, 0.459913, 0.494666, 0.552769, 0.560013, 0.560173, 0.589613, 0.739437, 0.740977, 0.79267, 0.822098, 0.937526, 0.967304, 1, 

32,146,0.001, 0.00563984, 0.0472926, 0.0698625, 0.0751163, 0.198198, 0.226628, 0.234665, 0.262227, 0.262612, 1, 

36,136,0.001, 0.00563984, 0.0472926, 0.0698625, 0.0751163, 0.148351, 0.15305, 0.161136, 0.234665, 0.262227, 0.262227, 1, 

34,142,0.001, 0.00563984, 0.0261442, 0.0262016, 0.0663368, 0.100799, 0.164494, 0.217953, 0.262227, 0.262612, 1, 

Generation #27
32,146,0.001, 0.00563984, 0.0472926, 0.0698625, 0.0751163, 0.198198, 0.226628, 0.234665, 0.262227, 0.262612, 1, 

36,136,0.001, 0.00563984, 0.0472926, 0.0698625, 0.0751163, 0.148351, 0.15305, 0.161136, 0.234665, 0.262227, 0.262227, 1, 

34,142,0.001, 0.00563984, 0.0261442, 0.0262016, 0.0663368, 0.100799, 0.164494, 0.217953, 0.262227, 0.262612, 1, 

40,115,0.001, 0.00563984, 0.0261442, 0.0262016, 0.0663368, 0.100799, 0.148351, 0.15305, 0.161136, 0.234665, 0.262227, 0.262612, 0.288228, 0.29071, 0.387741, 0.436146, 1, 

39,130,0.001, 0.00563984, 0.0261442, 0.0262016, 0.0663368, 0.100799, 0.15305, 0.161136, 0.230267, 0.234665, 0.262227, 0.262612, 0.288228, 0.29071, 0.387741, 0.436146, 1, 

Generation #28
32,146,0.001, 0.00563984, 0.0472926, 0.0698625, 0.0751163, 0.198198, 0.226628, 0.234665, 0.262227, 0.262612, 1, 

34,142,0.001, 0.00563984, 0.0261442, 0.0262016, 0.0663368, 0.100799, 0.164494, 0.217953, 0.262227, 0.262612, 1, 

40,115,0.001, 0.00563984, 0.0261442, 0.0262016, 0.0663368, 0.100799, 0.148351, 0.15305, 0.161136, 0.234665, 0.262227, 0.262612, 0.288228, 0.29071, 0.387741, 0.436146, 1, 

35,126,0.001, 0.00563984, 0.0261442, 0.0262016, 0.0663368, 0.100799, 0.164494, 0.217953, 0.230267, 0.239707, 0.475426, 1, 

Generation #29
32,146,0.001, 0.00563984, 0.0472926, 0.0698625, 0.0751163, 0.198198, 0.226628, 0.234665, 0.262227, 0.262612, 1, 

34,142,0.001, 0.00563984, 0.0261442, 0.0262016, 0.0663368, 0.100799, 0.164494, 0.217953, 0.262227, 0.262612, 1, 

40,115,0.001, 0.00563984, 0.0261442, 0.0262016, 0.0663368, 0.100799, 0.148351, 0.15305, 0.161136, 0.234665, 0.262227, 0.262612, 0.288228, 0.29071, 0.387741, 0.436146, 1, 

35,126,0.001, 0.00563984, 0.0261442, 0.0262016, 0.0663368, 0.100799, 0.164494, 0.217953, 0.230267, 0.239707, 0.475426, 1, 

Generation #30
40,115,0.001, 0.00563984, 0.0261442, 0.0262016, 0.0663368, 0.100799, 0.148351, 0.15305, 0.161136, 0.234665, 0.262227, 0.262612, 0.288228, 0.29071, 0.387741, 0.436146, 1, 

35,126,0.001, 0.00563984, 0.0261442, 0.0262016, 0.0663368, 0.100799, 0.164494, 0.217953, 0.230267, 0.239707, 0.475426, 1, 

31,141,0.001, 0.00563984, 0.0261442, 0.0262016, 0.0663368, 0.100799, 0.164494, 0.262227, 0.262612, 1, 

Generation #31
40,115,0.001, 0.00563984, 0.0261442, 0.0262016, 0.0663368, 0.100799, 0.148351, 0.15305, 0.161136, 0.234665, 0.262227, 0.262612, 0.288228, 0.29071, 0.387741, 0.436146, 1, 

35,126,0.001, 0.00563984, 0.0261442, 0.0262016, 0.0663368, 0.100799, 0.164494, 0.217953, 0.230267, 0.239707, 0.475426, 1, 

31,141,0.001, 0.00563984, 0.0261442, 0.0262016, 0.0663368, 0.100799, 0.164494, 0.262227, 0.262612, 1, 

Generation #32
40,115,0.001, 0.00563984, 0.0261442, 0.0262016, 0.0663368, 0.100799, 0.148351, 0.15305, 0.161136, 0.234665, 0.262227, 0.262612, 0.288228, 0.29071, 0.387741, 0.436146, 1, 

35,126,0.001, 0.00563984, 0.0261442, 0.0262016, 0.0663368, 0.100799, 0.164494, 0.217953, 0.230267, 0.239707, 0.475426, 1, 

31,141,0.001, 0.00563984, 0.0261442, 0.0262016, 0.0663368, 0.100799, 0.164494, 0.262227, 0.262612, 1, 

34,130,0.001, 0.00563984, 0.0261442, 0.0262016, 0.0663368, 0.100799, 0.164494, 0.217953, 0.262227, 0.262612, 0.262227, 1, 

Generation #33
40,115,0.001, 0.00563984, 0.0261442, 0.0262016, 0.0663368, 0.100799, 0.148351, 0.15305, 0.161136, 0.234665, 0.262227, 0.262612, 0.288228, 0.29071, 0.387741, 0.436146, 1, 

35,126,0.001, 0.00563984, 0.0261442, 0.0262016, 0.0663368, 0.100799, 0.164494, 0.217953, 0.230267, 0.239707, 0.475426, 1, 

31,141,0.001, 0.00563984, 0.0261442, 0.0262016, 0.0663368, 0.100799, 0.164494, 0.262227, 0.262612, 1, 

34,130,0.001, 0.00563984, 0.0261442, 0.0262016, 0.0663368, 0.100799, 0.164494, 0.217953, 0.262227, 0.262612, 0.262227, 1, 

36,123,0.001, 0.00563984, 0.0261442, 0.0262016, 0.0663368, 0.0663368, 0.135727, 0.234665, 0.262227, 0.262612, 1, 

Generation #34
40,115,0.001, 0.00563984, 0.0261442, 0.0262016, 0.0663368, 0.100799, 0.148351, 0.15305, 0.161136, 0.234665, 0.262227, 0.262612, 0.288228, 0.29071, 0.387741, 0.436146, 1, 

31,141,0.001, 0.00563984, 0.0261442, 0.0262016, 0.0663368, 0.100799, 0.164494, 0.262227, 0.262612, 1, 

34,120,0.001, 0.00563984, 0.0261442, 0.0262016, 0.0663368, 0.100799, 0.148351, 0.15305, 0.161136, 0.234665, 1, 

Generation #35
31,141,0.001, 0.00563984, 0.0261442, 0.0262016, 0.0663368, 0.100799, 0.164494, 0.262227, 0.262612, 1, 

34,120,0.001, 0.00563984, 0.0261442, 0.0262016, 0.0663368, 0.100799, 0.148351, 0.15305, 0.161136, 0.234665, 1, 

38,111,0.001, 0.00563984, 0.0261442, 0.0262016, 0.0663368, 0.0798161, 0.148351, 0.15305, 0.161136, 0.234665, 0.262227, 0.262612, 0.288228, 0.29071, 0.387741, 0.436146, 1, 

Generation #36
31,141,0.001, 0.00563984, 0.0261442, 0.0262016, 0.0663368, 0.100799, 0.164494, 0.262227, 0.262612, 1, 

34,120,0.001, 0.00563984, 0.0261442, 0.0262016, 0.0663368, 0.100799, 0.148351, 0.15305, 0.161136, 0.234665, 1, 

38,111,0.001, 0.00563984, 0.0261442, 0.0262016, 0.0663368, 0.0798161, 0.148351, 0.15305, 0.161136, 0.234665, 0.262227, 0.262612, 0.288228, 0.29071, 0.387741, 0.436146, 1, 

35,114,0.001, 0.00563984, 0.0261442, 0.0262016, 0.0663368, 0.100799, 0.15305, 0.161136, 0.230267, 0.435249, 0.234665, 0.262227, 0.806633, 1, 

Generation #37
31,141,0.001, 0.00563984, 0.0261442, 0.0262016, 0.0663368, 0.100799, 0.164494, 0.262227, 0.262612, 1, 

34,120,0.001, 0.00563984, 0.0261442, 0.0262016, 0.0663368, 0.100799, 0.148351, 0.15305, 0.161136, 0.234665, 1, 

38,111,0.001, 0.00563984, 0.0261442, 0.0262016, 0.0663368, 0.0798161, 0.148351, 0.15305, 0.161136, 0.234665, 0.262227, 0.262612, 0.288228, 0.29071, 0.387741, 0.436146, 1, 

35,114,0.001, 0.00563984, 0.0261442, 0.0262016, 0.0663368, 0.100799, 0.15305, 0.161136, 0.230267, 0.435249, 0.234665, 0.262227, 0.806633, 1, 

Generation #38
31,141,0.001, 0.00563984, 0.0261442, 0.0262016, 0.0663368, 0.100799, 0.164494, 0.262227, 0.262612, 1, 

34,120,0.001, 0.00563984, 0.0261442, 0.0262016, 0.0663368, 0.100799, 0.148351, 0.15305, 0.161136, 0.234665, 1, 

38,111,0.001, 0.00563984, 0.0261442, 0.0262016, 0.0663368, 0.0798161, 0.148351, 0.15305, 0.161136, 0.234665, 0.262227, 0.262612, 0.288228, 0.29071, 0.387741, 0.436146, 1, 

35,114,0.001, 0.00563984, 0.0261442, 0.0262016, 0.0663368, 0.100799, 0.15305, 0.161136, 0.230267, 0.435249, 0.234665, 0.262227, 0.806633, 1, 

Generation #39
31,141,0.001, 0.00563984, 0.0261442, 0.0262016, 0.0663368, 0.100799, 0.164494, 0.262227, 0.262612, 1, 

34,120,0.001, 0.00563984, 0.0261442, 0.0262016, 0.0663368, 0.100799, 0.148351, 0.15305, 0.161136, 0.234665, 1, 

38,111,0.001, 0.00563984, 0.0261442, 0.0262016, 0.0663368, 0.0798161, 0.148351, 0.15305, 0.161136, 0.234665, 0.262227, 0.262612, 0.288228, 0.29071, 0.387741, 0.436146, 1, 

35,114,0.001, 0.00563984, 0.0261442, 0.0262016, 0.0663368, 0.100799, 0.15305, 0.161136, 0.230267, 0.435249, 0.234665, 0.262227, 0.806633, 1, 

Generation #40
31,141,0.001, 0.00563984, 0.0261442, 0.0262016, 0.0663368, 0.100799, 0.164494, 0.262227, 0.262612, 1, 

34,120,0.001, 0.00563984, 0.0261442, 0.0262016, 0.0663368, 0.100799, 0.148351, 0.15305, 0.161136, 0.234665, 1, 

38,111,0.001, 0.00563984, 0.0261442, 0.0262016, 0.0663368, 0.0798161, 0.148351, 0.15305, 0.161136, 0.234665, 0.262227, 0.262612, 0.288228, 0.29071, 0.387741, 0.436146, 1, 

35,114,0.001, 0.00563984, 0.0261442, 0.0262016, 0.0663368, 0.100799, 0.15305, 0.161136, 0.230267, 0.435249, 0.234665, 0.262227, 0.806633, 1, 

Generation #41
31,141,0.001, 0.00563984, 0.0261442, 0.0262016, 0.0663368, 0.100799, 0.164494, 0.262227, 0.262612, 1, 

34,120,0.001, 0.00563984, 0.0261442, 0.0262016, 0.0663368, 0.100799, 0.148351, 0.15305, 0.161136, 0.234665, 1, 

38,111,0.001, 0.00563984, 0.0261442, 0.0262016, 0.0663368, 0.0798161, 0.148351, 0.15305, 0.161136, 0.234665, 0.262227, 0.262612, 0.288228, 0.29071, 0.387741, 0.436146, 1, 

35,114,0.001, 0.00563984, 0.0261442, 0.0262016, 0.0663368, 0.100799, 0.15305, 0.161136, 0.230267, 0.435249, 0.234665, 0.262227, 0.806633, 1, 

Generation #42
31,141,0.001, 0.00563984, 0.0261442, 0.0262016, 0.0663368, 0.100799, 0.164494, 0.262227, 0.262612, 1, 

34,120,0.001, 0.00563984, 0.0261442, 0.0262016, 0.0663368, 0.100799, 0.148351, 0.15305, 0.161136, 0.234665, 1, 

38,111,0.001, 0.00563984, 0.0261442, 0.0262016, 0.0663368, 0.0798161, 0.148351, 0.15305, 0.161136, 0.234665, 0.262227, 0.262612, 0.288228, 0.29071, 0.387741, 0.436146, 1, 

35,114,0.001, 0.00563984, 0.0261442, 0.0262016, 0.0663368, 0.100799, 0.15305, 0.161136, 0.230267, 0.435249, 0.234665, 0.262227, 0.806633, 1, 

Generation #43
31,141,0.001, 0.00563984, 0.0261442, 0.0262016, 0.0663368, 0.100799, 0.164494, 0.262227, 0.262612, 1, 

34,120,0.001, 0.00563984, 0.0261442, 0.0262016, 0.0663368, 0.100799, 0.148351, 0.15305, 0.161136, 0.234665, 1, 

38,111,0.001, 0.00563984, 0.0261442, 0.0262016, 0.0663368, 0.0798161, 0.148351, 0.15305, 0.161136, 0.234665, 0.262227, 0.262612, 0.288228, 0.29071, 0.387741, 0.436146, 1, 

35,114,0.001, 0.00563984, 0.0261442, 0.0262016, 0.0663368, 0.100799, 0.15305, 0.161136, 0.230267, 0.435249, 0.234665, 0.262227, 0.806633, 1, 

Generation #44
31,141,0.001, 0.00563984, 0.0261442, 0.0262016, 0.0663368, 0.100799, 0.164494, 0.262227, 0.262612, 1, 

34,120,0.001, 0.00563984, 0.0261442, 0.0262016, 0.0663368, 0.100799, 0.148351, 0.15305, 0.161136, 0.234665, 1, 

38,111,0.001, 0.00563984, 0.0261442, 0.0262016, 0.0663368, 0.0798161, 0.148351, 0.15305, 0.161136, 0.234665, 0.262227, 0.262612, 0.288228, 0.29071, 0.387741, 0.436146, 1, 

35,114,0.001, 0.00563984, 0.0261442, 0.0262016, 0.0663368, 0.100799, 0.15305, 0.161136, 0.230267, 0.435249, 0.234665, 0.262227, 0.806633, 1, 

Generation #45
31,141,0.001, 0.00563984, 0.0261442, 0.0262016, 0.0663368, 0.100799, 0.164494, 0.262227, 0.262612, 1, 

34,120,0.001, 0.00563984, 0.0261442, 0.0262016, 0.0663368, 0.100799, 0.148351, 0.15305, 0.161136, 0.234665, 1, 

38,111,0.001, 0.00563984, 0.0261442, 0.0262016, 0.0663368, 0.0798161, 0.148351, 0.15305, 0.161136, 0.234665, 0.262227, 0.262612, 0.288228, 0.29071, 0.387741, 0.436146, 1, 

35,114,0.001, 0.00563984, 0.0261442, 0.0262016, 0.0663368, 0.100799, 0.15305, 0.161136, 0.230267, 0.435249, 0.234665, 0.262227, 0.806633, 1, 

Generation #46
31,141,0.001, 0.00563984, 0.0261442, 0.0262016, 0.0663368, 0.100799, 0.164494, 0.262227, 0.262612, 1, 

34,120,0.001, 0.00563984, 0.0261442, 0.0262016, 0.0663368, 0.100799, 0.148351, 0.15305, 0.161136, 0.234665, 1, 

38,111,0.001, 0.00563984, 0.0261442, 0.0262016, 0.0663368, 0.0798161, 0.148351, 0.15305, 0.161136, 0.234665, 0.262227, 0.262612, 0.288228, 0.29071, 0.387741, 0.436146, 1, 

35,114,0.001, 0.00563984, 0.0261442, 0.0262016, 0.0663368, 0.100799, 0.15305, 0.161136, 0.230267, 0.435249, 0.234665, 0.262227, 0.806633, 1, 

Generation #47
31,141,0.001, 0.00563984, 0.0261442, 0.0262016, 0.0663368, 0.100799, 0.164494, 0.262227, 0.262612, 1, 

34,120,0.001, 0.00563984, 0.0261442, 0.0262016, 0.0663368, 0.100799, 0.148351, 0.15305, 0.161136, 0.234665, 1, 

38,111,0.001, 0.00563984, 0.0261442, 0.0262016, 0.0663368, 0.0798161, 0.148351, 0.15305, 0.161136, 0.234665, 0.262227, 0.262612, 0.288228, 0.29071, 0.387741, 0.436146, 1, 

35,114,0.001, 0.00563984, 0.0261442, 0.0262016, 0.0663368, 0.100799, 0.15305, 0.161136, 0.230267, 0.435249, 0.234665, 0.262227, 0.806633, 1, 

Generation #48
31,141,0.001, 0.00563984, 0.0261442, 0.0262016, 0.0663368, 0.100799, 0.164494, 0.262227, 0.262612, 1, 

34,120,0.001, 0.00563984, 0.0261442, 0.0262016, 0.0663368, 0.100799, 0.148351, 0.15305, 0.161136, 0.234665, 1, 

38,111,0.001, 0.00563984, 0.0261442, 0.0262016, 0.0663368, 0.0798161, 0.148351, 0.15305, 0.161136, 0.234665, 0.262227, 0.262612, 0.288228, 0.29071, 0.387741, 0.436146, 1, 

35,114,0.001, 0.00563984, 0.0261442, 0.0262016, 0.0663368, 0.100799, 0.15305, 0.161136, 0.230267, 0.435249, 0.234665, 0.262227, 0.806633, 1, 

Generation #49
31,141,0.001, 0.00563984, 0.0261442, 0.0262016, 0.0663368, 0.100799, 0.164494, 0.262227, 0.262612, 1, 

34,120,0.001, 0.00563984, 0.0261442, 0.0262016, 0.0663368, 0.100799, 0.148351, 0.15305, 0.161136, 0.234665, 1, 

38,111,0.001, 0.00563984, 0.0261442, 0.0262016, 0.0663368, 0.0798161, 0.148351, 0.15305, 0.161136, 0.234665, 0.262227, 0.262612, 0.288228, 0.29071, 0.387741, 0.436146, 1, 

35,114,0.001, 0.00563984, 0.0261442, 0.0262016, 0.0663368, 0.100799, 0.15305, 0.161136, 0.230267, 0.435249, 0.234665, 0.262227, 0.806633, 1, 

33,140,0.001, 0.00563984, 0.0261442, 0.0262016, 0.0663368, 0.100799, 0.164494, 0.279032, 0.330919, 0.806633, 1, 

--- Pareto Front Solutions ---
Solution 0: N total=61 (N_initial=30, N_added=31), Time total=145 ms, Saved to: ./results/Make_t2_l1_pareto_0.csv, percents=0.001, 0.00563984, 0.0261442, 0.0262016, 0.0663368, 0.100799, 0.164494, 0.262227, 0.262612, 1, 

Solution 1: N total=64 (N_initial=30, N_added=34), Time total=124 ms, Saved to: ./results/Make_t2_l1_pareto_1.csv, percents=0.001, 0.00563984, 0.0261442, 0.0262016, 0.0663368, 0.100799, 0.148351, 0.15305, 0.161136, 0.234665, 1, 

Solution 2: N total=68 (N_initial=30, N_added=38), Time total=115 ms, Saved to: ./results/Make_t2_l1_pareto_2.csv, percents=0.001, 0.00563984, 0.0261442, 0.0262016, 0.0663368, 0.0798161, 0.148351, 0.15305, 0.161136, 0.234665, 0.262227, 0.262612, 0.288228, 0.29071, 0.387741, 0.436146, 1, 

Solution 3: N total=65 (N_initial=30, N_added=35), Time total=118 ms, Saved to: ./results/Make_t2_l1_pareto_3.csv, percents=0.001, 0.00563984, 0.0261442, 0.0262016, 0.0663368, 0.100799, 0.15305, 0.161136, 0.230267, 0.435249, 0.234665, 0.262227, 0.806633, 1, 

Solution 4: N total=63 (N_initial=30, N_added=33), Time total=144 ms, Saved to: ./results/Make_t2_l1_pareto_4.csv, percents=0.001, 0.00563984, 0.0261442, 0.0262016, 0.0663368, 0.100799, 0.164494, 0.279032, 0.330919, 0.806633, 1, 

------------d=1, t=2, lambda=2, filename=./evaluation/Make/Make_2_2.csv------------
Computing partitioned counts of d-sets...
Ready to look at pairs based on partitioned counts...
First Stage N=60, Time=3
There are 30 remaining non-locating pairs
--- Running GA Algorithm (phase2) ---
Running GA with std::execution::par
Generation #0
35,14,0.001, 0.0404112, 0.0475208, 0.0776397, 0.0905828, 0.117713, 0.183572, 0.244348, 0.269917, 0.298319, 0.338933, 0.395288, 0.4694, 0.506614, 0.516227, 0.541601, 0.635951, 0.639492, 0.662348, 0.705565, 0.829879, 0.930847, 0.958931, 1, 

39,9,0.001, 0.0170387, 0.0409631, 0.0629517, 0.067288, 0.110456, 0.14205, 0.143244, 0.150571, 0.278198, 0.280937, 0.305983, 0.312631, 0.314856, 0.319073, 0.332072, 0.37154, 0.505876, 0.580003, 0.581411, 0.710245, 0.738623, 0.758082, 0.81331, 0.82965, 0.908619, 0.936107, 0.968053, 1, 

28,18,0.001, 0.0767688, 0.17798, 0.189318, 0.214598, 0.251929, 0.372666, 0.673378, 0.689663, 0.70745, 0.732613, 0.800938, 0.830509, 0.868278, 1, 

38,11,0.001, 0.031412, 0.0483935, 0.0542187, 0.111626, 0.187298, 0.199211, 0.202737, 0.224682, 0.240112, 0.353943, 0.383685, 0.424916, 0.436741, 0.438229, 0.449225, 0.54016, 0.648367, 0.655455, 0.71272, 0.719136, 0.821949, 0.822894, 0.849062, 0.872626, 0.942595, 0.984304, 1, 

30,15,0.001, 0.13958, 0.145211, 0.216695, 0.220438, 0.249628, 0.296382, 0.348283, 0.366896, 0.528588, 0.622526, 0.652242, 0.770086, 0.892786, 0.895739, 0.9256, 0.949791, 0.952318, 0.993498, 1, 

27,27,0.001, 0.048555, 0.156732, 0.162861, 0.216608, 0.434908, 0.462213, 0.480544, 0.560732, 0.587218, 0.617122, 0.625669, 0.859298, 1, 

25,39,0.001, 0.0253921, 0.0751403, 0.104885, 0.309943, 0.334246, 0.368903, 0.459145, 0.489132, 0.596449, 0.615074, 0.811284, 1, 

Generation #1
39,9,0.001, 0.0170387, 0.0409631, 0.0629517, 0.067288, 0.110456, 0.14205, 0.143244, 0.150571, 0.278198, 0.280937, 0.305983, 0.312631, 0.314856, 0.319073, 0.332072, 0.37154, 0.505876, 0.580003, 0.581411, 0.710245, 0.738623, 0.758082, 0.81331, 0.82965, 0.908619, 0.936107, 0.968053, 1, 

38,11,0.001, 0.031412, 0.0483935, 0.0542187, 0.111626, 0.187298, 0.199211, 0.202737, 0.224682, 0.240112, 0.353943, 0.383685, 0.424916, 0.436741, 0.438229, 0.449225, 0.54016, 0.648367, 0.655455, 0.71272, 0.719136, 0.821949, 0.822894, 0.849062, 0.872626, 0.942595, 0.984304, 1, 

30,15,0.001, 0.13958, 0.145211, 0.216695, 0.220438, 0.249628, 0.296382, 0.348283, 0.366896, 0.528588, 0.622526, 0.652242, 0.770086, 0.892786, 0.895739, 0.9256, 0.949791, 0.952318, 0.993498, 1, 

25,16,0.001, 0.0818393, 0.0916979, 0.175081, 0.189639, 0.263364, 0.266307, 0.30259, 0.874668, 1, 

24,23,0.001, 0.0592293, 0.0706463, 0.104885, 0.309943, 0.334246, 0.368903, 0.459145, 0.489132, 0.596449, 0.615074, 0.811284, 1, 

43,8,0.001, 0.0170387, 0.0409631, 0.0629517, 0.067288, 0.110456, 0.14205, 0.143244, 0.150571, 0.278198, 0.280937, 0.305983, 0.312631, 0.314856, 0.319073, 0.332072, 0.37154, 0.505876, 0.580003, 0.581411, 0.701259, 0.734861, 0.790812, 0.800569, 0.826496, 0.916529, 0.944289, 0.948896, 0.960089, 1, 

34,13,0.001, 0.112984, 0.116398, 0.134655, 0.136861, 0.166127, 0.196788, 0.204394, 0.208286, 0.267844, 0.375361, 0.416654, 0.458651, 0.513072, 0.566897, 0.699196, 0.74445, 0.873822, 0.948664, 0.982427, 1, 

Generation #2
25,16,0.001, 0.0818393, 0.0916979, 0.175081, 0.189639, 0.263364, 0.266307, 0.30259, 0.874668, 1, 

24,23,0.001, 0.0592293, 0.0706463, 0.104885, 0.309943, 0.334246, 0.368903, 0.459145, 0.489132, 0.596449, 0.615074, 0.811284, 1, 

27,12,0.001, 0.062602, 0.105019, 0.122508, 0.186955, 0.23281, 0.246962, 0.35581, 0.432759, 0.48152, 0.533687, 0.56764, 0.5745, 0.590388, 0.847747, 0.92702, 0.976833, 0.978561, 1, 

31,8,0.001, 0.0170387, 0.0409631, 0.0629517, 0.067288, 0.110456, 0.14205, 0.143244, 0.150571, 0.278198, 0.280937, 0.305983, 0.312631, 0.314856, 0.319073, 0.332072, 0.37154, 0.505876, 0.580003, 1, 

Generation #3
31,8,0.001, 0.0170387, 0.0409631, 0.0629517, 0.067288, 0.110456, 0.14205, 0.143244, 0.150571, 0.278198, 0.280937, 0.305983, 0.312631, 0.314856, 0.319073, 0.332072, 0.37154, 0.505876, 0.580003, 1, 

23,46,0.001, 0.0533053, 0.069722, 0.137996, 0.16046, 0.746917, 0.789254, 0.983624, 0.986729, 1, 

24,10,0.001, 0.0592293, 0.0706463, 0.121844, 0.122632, 0.172456, 0.231465, 0.236657, 0.245568, 0.307948, 0.332031, 0.434936, 1, 

Generation #4
31,8,0.001, 0.0170387, 0.0409631, 0.0629517, 0.067288, 0.110456, 0.14205, 0.143244, 0.150571, 0.278198, 0.280937, 0.305983, 0.312631, 0.314856, 0.319073, 0.332072, 0.37154, 0.505876, 0.580003, 1, 

24,10,0.001, 0.0592293, 0.0706463, 0.121844, 0.122632, 0.172456, 0.231465, 0.236657, 0.245568, 0.307948, 0.332031, 0.434936, 1, 

22,32,0.001, 0.0592293, 0.0706463, 0.104885, 0.309943, 0.334246, 0.789254, 0.983624, 0.986729, 1, 

Generation #5
31,8,0.001, 0.0170387, 0.0409631, 0.0629517, 0.067288, 0.110456, 0.14205, 0.143244, 0.150571, 0.278198, 0.280937, 0.305983, 0.312631, 0.314856, 0.319073, 0.332072, 0.37154, 0.505876, 0.580003, 1, 

30,9,0.001, 0.0698887, 0.0751165, 0.0802545, 0.090397, 0.0951747, 0.107441, 0.151631, 0.150571, 0.278198, 0.316644, 0.37687, 0.392956, 0.419301, 1, 

22,10,0.001, 0.0170387, 0.0409631, 0.0629517, 0.067288, 0.110456, 0.14205, 0.143244, 0.150571, 0.307948, 0.332031, 0.434936, 1, 

32,6,0.001, 0.0170387, 0.0409631, 0.0629517, 0.067288, 0.110456, 0.14205, 0.143244, 0.150571, 0.278198, 0.280937, 0.305983, 0.312631, 0.314856, 0.319073, 0.332072, 0.37154, 0.952318, 0.993498, 1, 

Generation #6
22,10,0.001, 0.0170387, 0.0409631, 0.0629517, 0.067288, 0.110456, 0.14205, 0.143244, 0.150571, 0.307948, 0.332031, 0.434936, 1, 

29,4,0.001, 0.031412, 0.0409631, 0.0629517, 0.067288, 0.110456, 0.14205, 0.143244, 0.150571, 0.278198, 0.280937, 0.305983, 0.312631, 0.314856, 0.319073, 0.332072, 0.37154, 0.952318, 0.993498, 1, 

27,7,0.001, 0.0170387, 0.028096, 0.0409631, 0.0629517, 0.067288, 0.110456, 0.14205, 0.150571, 0.278198, 0.280937, 0.305983, 0.312631, 0.314856, 0.319073, 0.332072, 0.37154, 0.952318, 0.993498, 1, 

26,8,0.001, 0.0170387, 0.028096, 0.0409631, 0.0629517, 0.067288, 0.110456, 0.14205, 0.143244, 0.278198, 0.316644, 0.37687, 0.392956, 0.419301, 1, 

Generation #7
22,10,0.001, 0.0170387, 0.0409631, 0.0629517, 0.067288, 0.110456, 0.14205, 0.143244, 0.150571, 0.307948, 0.332031, 0.434936, 1, 

29,4,0.001, 0.031412, 0.0409631, 0.0629517, 0.067288, 0.110456, 0.14205, 0.143244, 0.150571, 0.278198, 0.280937, 0.305983, 0.312631, 0.314856, 0.319073, 0.332072, 0.37154, 0.952318, 0.993498, 1, 

27,7,0.001, 0.0170387, 0.028096, 0.0409631, 0.0629517, 0.067288, 0.110456, 0.14205, 0.150571, 0.278198, 0.280937, 0.305983, 0.312631, 0.314856, 0.319073, 0.332072, 0.37154, 0.952318, 0.993498, 1, 

26,8,0.001, 0.0170387, 0.028096, 0.0409631, 0.0629517, 0.067288, 0.110456, 0.14205, 0.143244, 0.278198, 0.316644, 0.37687, 0.392956, 0.419301, 1, 

Generation #8
22,10,0.001, 0.0170387, 0.0409631, 0.0629517, 0.067288, 0.110456, 0.14205, 0.143244, 0.150571, 0.307948, 0.332031, 0.434936, 1, 

29,4,0.001, 0.031412, 0.0409631, 0.0629517, 0.067288, 0.110456, 0.14205, 0.143244, 0.150571, 0.278198, 0.280937, 0.305983, 0.312631, 0.314856, 0.319073, 0.332072, 0.37154, 0.952318, 0.993498, 1, 

26,7,0.001, 0.0533053, 0.028096, 0.0802545, 0.090397, 0.0951747, 0.107441, 0.151631, 0.150571, 0.278198, 0.316644, 0.37687, 0.392956, 0.419301, 1, 

Generation #9
22,10,0.001, 0.0170387, 0.0409631, 0.0629517, 0.067288, 0.110456, 0.14205, 0.143244, 0.150571, 0.307948, 0.332031, 0.434936, 1, 

29,4,0.001, 0.031412, 0.0409631, 0.0629517, 0.067288, 0.110456, 0.14205, 0.143244, 0.150571, 0.278198, 0.280937, 0.305983, 0.312631, 0.314856, 0.319073, 0.332072, 0.37154, 0.952318, 0.993498, 1, 

26,7,0.001, 0.0533053, 0.028096, 0.0802545, 0.090397, 0.0951747, 0.107441, 0.151631, 0.150571, 0.278198, 0.316644, 0.37687, 0.392956, 0.419301, 1, 

24,9,0.001, 0.0170387, 0.0409631, 0.0629517, 0.067288, 0.110456, 0.14205, 0.143244, 0.150571, 0.278198, 0.332031, 0.434936, 1, 

Generation #10
22,10,0.001, 0.0170387, 0.0409631, 0.0629517, 0.067288, 0.110456, 0.14205, 0.143244, 0.150571, 0.307948, 0.332031, 0.434936, 1, 

29,4,0.001, 0.031412, 0.0409631, 0.0629517, 0.067288, 0.110456, 0.14205, 0.143244, 0.150571, 0.278198, 0.280937, 0.305983, 0.312631, 0.314856, 0.319073, 0.332072, 0.37154, 0.952318, 0.993498, 1, 

26,7,0.001, 0.0533053, 0.028096, 0.0802545, 0.090397, 0.0951747, 0.107441, 0.151631, 0.150571, 0.278198, 0.316644, 0.37687, 0.392956, 0.419301, 1, 

24,9,0.001, 0.0170387, 0.0409631, 0.0629517, 0.067288, 0.110456, 0.14205, 0.143244, 0.150571, 0.278198, 0.332031, 0.434936, 1, 

Generation #11
22,10,0.001, 0.0170387, 0.0409631, 0.0629517, 0.067288, 0.110456, 0.14205, 0.143244, 0.150571, 0.307948, 0.332031, 0.434936, 1, 

29,4,0.001, 0.031412, 0.0409631, 0.0629517, 0.067288, 0.110456, 0.14205, 0.143244, 0.150571, 0.278198, 0.280937, 0.305983, 0.312631, 0.314856, 0.319073, 0.332072, 0.37154, 0.952318, 0.993498, 1, 

26,7,0.001, 0.0533053, 0.028096, 0.0802545, 0.090397, 0.0951747, 0.107441, 0.151631, 0.150571, 0.278198, 0.316644, 0.37687, 0.392956, 0.419301, 1, 

24,8,0.001, 0.0632601, 0.086059, 0.124846, 0.0629517, 0.067288, 0.110456, 0.14205, 0.143244, 0.150571, 0.316644, 0.37687, 0.392956, 0.419301, 1, 

Generation #12
26,7,0.001, 0.0533053, 0.028096, 0.0802545, 0.090397, 0.0951747, 0.107441, 0.151631, 0.150571, 0.278198, 0.316644, 0.37687, 0.392956, 0.419301, 1, 

27,4,0.001, 0.0533053, 0.0409631, 0.0629517, 0.067288, 0.067288, 0.110456, 0.14205, 0.143244, 0.150571, 0.278198, 0.280937, 0.305983, 0.312631, 0.314856, 0.319073, 0.332072, 0.37154, 0.505876, 0.580003, 1, 

20,8,0.001, 0.0170387, 0.0409631, 0.0629517, 0.067288, 0.110456, 0.14205, 0.0544136, 0.143244, 0.150571, 0.332031, 0.434936, 1, 

Generation #13
26,7,0.001, 0.0533053, 0.028096, 0.0802545, 0.090397, 0.0951747, 0.107441, 0.151631, 0.150571, 0.278198, 0.316644, 0.37687, 0.392956, 0.419301, 1, 

27,4,0.001, 0.0533053, 0.0409631, 0.0629517, 0.067288, 0.067288, 0.110456, 0.14205, 0.143244, 0.150571, 0.278198, 0.280937, 0.305983, 0.312631, 0.314856, 0.319073, 0.332072, 0.37154, 0.505876, 0.580003, 1, 

20,8,0.001, 0.0170387, 0.0409631, 0.0629517, 0.067288, 0.110456, 0.14205, 0.0544136, 0.143244, 0.150571, 0.332031, 0.434936, 1, 

Generation #14
26,7,0.001, 0.0533053, 0.028096, 0.0802545, 0.090397, 0.0951747, 0.107441, 0.151631, 0.150571, 0.278198, 0.316644, 0.37687, 0.392956, 0.419301, 1, 

27,4,0.001, 0.0533053, 0.0409631, 0.0629517, 0.067288, 0.067288, 0.110456, 0.14205, 0.143244, 0.150571, 0.278198, 0.280937, 0.305983, 0.312631, 0.314856, 0.319073, 0.332072, 0.37154, 0.505876, 0.580003, 1, 

20,8,0.001, 0.0170387, 0.0409631, 0.0629517, 0.067288, 0.110456, 0.14205, 0.0544136, 0.143244, 0.150571, 0.332031, 0.434936, 1, 

Generation #15
26,7,0.001, 0.0533053, 0.028096, 0.0802545, 0.090397, 0.0951747, 0.107441, 0.151631, 0.150571, 0.278198, 0.316644, 0.37687, 0.392956, 0.419301, 1, 

27,4,0.001, 0.0533053, 0.0409631, 0.0629517, 0.067288, 0.067288, 0.110456, 0.14205, 0.143244, 0.150571, 0.278198, 0.280937, 0.305983, 0.312631, 0.314856, 0.319073, 0.332072, 0.37154, 0.505876, 0.580003, 1, 

20,8,0.001, 0.0170387, 0.0409631, 0.0629517, 0.067288, 0.110456, 0.14205, 0.0544136, 0.143244, 0.150571, 0.332031, 0.434936, 1, 

Generation #16
20,8,0.001, 0.0170387, 0.0409631, 0.0629517, 0.067288, 0.110456, 0.14205, 0.0544136, 0.143244, 0.150571, 0.332031, 0.434936, 1, 

23,7,0.001, 0.0533053, 0.028096, 0.0409631, 0.0629517, 0.067288, 0.110456, 0.14205, 0.150571, 0.278198, 0.280937, 0.305983, 0.788252, 0.914366, 0.961288, 1, 

26,4,0.001, 0.0170387, 0.028096, 0.0409631, 0.0629517, 0.067288, 0.110456, 0.14205, 0.150571, 0.278198, 0.280937, 0.312631, 0.314856, 0.319073, 0.332072, 0.37154, 0.952318, 0.993498, 1, 

Generation #17
20,8,0.001, 0.0170387, 0.0409631, 0.0629517, 0.067288, 0.110456, 0.14205, 0.0544136, 0.143244, 0.150571, 0.332031, 0.434936, 1, 

23,7,0.001, 0.0533053, 0.028096, 0.0409631, 0.0629517, 0.067288, 0.110456, 0.14205, 0.150571, 0.278198, 0.280937, 0.305983, 0.788252, 0.914366, 0.961288, 1, 

26,4,0.001, 0.0170387, 0.028096, 0.0409631, 0.0629517, 0.067288, 0.110456, 0.14205, 0.150571, 0.278198, 0.280937, 0.312631, 0.314856, 0.319073, 0.332072, 0.37154, 0.952318, 0.993498, 1, 

27,3,0.001, 0.0533053, 0.0409631, 0.0629517, 0.067288, 0.067288, 0.110456, 0.14205, 0.143244, 0.150571, 0.278198, 0.280937, 0.305983, 0.312631, 0.314856, 0.319073, 0.332072, 0.37154, 0.993498, 1, 

Generation #18
20,8,0.001, 0.0170387, 0.0409631, 0.0629517, 0.067288, 0.110456, 0.14205, 0.0544136, 0.143244, 0.150571, 0.332031, 0.434936, 1, 

26,4,0.001, 0.0170387, 0.028096, 0.0409631, 0.0629517, 0.067288, 0.110456, 0.14205, 0.150571, 0.278198, 0.280937, 0.312631, 0.314856, 0.319073, 0.332072, 0.37154, 0.952318, 0.993498, 1, 

27,3,0.001, 0.0533053, 0.0409631, 0.0629517, 0.067288, 0.067288, 0.110456, 0.14205, 0.143244, 0.150571, 0.278198, 0.280937, 0.305983, 0.312631, 0.314856, 0.319073, 0.332072, 0.37154, 0.993498, 1, 

21,7,0.001, 0.0170387, 0.028096, 0.0409631, 0.0629517, 0.067288, 0.110456, 0.14205, 0.143244, 0.316644, 0.37687, 0.392956, 0.419301, 1, 

Generation #19
20,8,0.001, 0.0170387, 0.0409631, 0.0629517, 0.067288, 0.110456, 0.14205, 0.0544136, 0.143244, 0.150571, 0.332031, 0.434936, 1, 

26,4,0.001, 0.0170387, 0.028096, 0.0409631, 0.0629517, 0.067288, 0.110456, 0.14205, 0.150571, 0.278198, 0.280937, 0.312631, 0.314856, 0.319073, 0.332072, 0.37154, 0.952318, 0.993498, 1, 

27,3,0.001, 0.0533053, 0.0409631, 0.0629517, 0.067288, 0.067288, 0.110456, 0.14205, 0.143244, 0.150571, 0.278198, 0.280937, 0.305983, 0.312631, 0.314856, 0.319073, 0.332072, 0.37154, 0.993498, 1, 

21,7,0.001, 0.0170387, 0.028096, 0.0409631, 0.0629517, 0.067288, 0.110456, 0.14205, 0.143244, 0.316644, 0.37687, 0.392956, 0.419301, 1, 

Generation #20
20,8,0.001, 0.0170387, 0.0409631, 0.0629517, 0.067288, 0.110456, 0.14205, 0.0544136, 0.143244, 0.150571, 0.332031, 0.434936, 1, 

26,4,0.001, 0.0170387, 0.028096, 0.0409631, 0.0629517, 0.067288, 0.110456, 0.14205, 0.150571, 0.278198, 0.280937, 0.312631, 0.314856, 0.319073, 0.332072, 0.37154, 0.952318, 0.993498, 1, 

27,3,0.001, 0.0533053, 0.0409631, 0.0629517, 0.067288, 0.067288, 0.110456, 0.14205, 0.143244, 0.150571, 0.278198, 0.280937, 0.305983, 0.312631, 0.314856, 0.319073, 0.332072, 0.37154, 0.993498, 1, 

21,7,0.001, 0.0170387, 0.028096, 0.0409631, 0.0629517, 0.067288, 0.110456, 0.14205, 0.143244, 0.316644, 0.37687, 0.392956, 0.419301, 1, 

Generation #21
20,8,0.001, 0.0170387, 0.0409631, 0.0629517, 0.067288, 0.110456, 0.14205, 0.0544136, 0.143244, 0.150571, 0.332031, 0.434936, 1, 

26,4,0.001, 0.0170387, 0.028096, 0.0409631, 0.0629517, 0.067288, 0.110456, 0.14205, 0.150571, 0.278198, 0.280937, 0.312631, 0.314856, 0.319073, 0.332072, 0.37154, 0.952318, 0.993498, 1, 

27,3,0.001, 0.0533053, 0.0409631, 0.0629517, 0.067288, 0.067288, 0.110456, 0.14205, 0.143244, 0.150571, 0.278198, 0.280937, 0.305983, 0.312631, 0.314856, 0.319073, 0.332072, 0.37154, 0.993498, 1, 

21,7,0.001, 0.0170387, 0.028096, 0.0409631, 0.0629517, 0.067288, 0.110456, 0.14205, 0.143244, 0.316644, 0.37687, 0.392956, 0.419301, 1, 

22,6,0.001, 0.0592293, 0.086059, 0.0802545, 0.090397, 0.0951747, 0.107441, 0.151631, 0.150571, 0.278198, 0.280937, 0.312631, 0.314856, 1, 

Generation #22
20,8,0.001, 0.0170387, 0.0409631, 0.0629517, 0.067288, 0.110456, 0.14205, 0.0544136, 0.143244, 0.150571, 0.332031, 0.434936, 1, 

26,4,0.001, 0.0170387, 0.028096, 0.0409631, 0.0629517, 0.067288, 0.110456, 0.14205, 0.150571, 0.278198, 0.280937, 0.312631, 0.314856, 0.319073, 0.332072, 0.37154, 0.952318, 0.993498, 1, 

27,3,0.001, 0.0533053, 0.0409631, 0.0629517, 0.067288, 0.067288, 0.110456, 0.14205, 0.143244, 0.150571, 0.278198, 0.280937, 0.305983, 0.312631, 0.314856, 0.319073, 0.332072, 0.37154, 0.993498, 1, 

21,7,0.001, 0.0170387, 0.028096, 0.0409631, 0.0629517, 0.067288, 0.110456, 0.14205, 0.143244, 0.316644, 0.37687, 0.392956, 0.419301, 1, 

22,6,0.001, 0.0592293, 0.086059, 0.0802545, 0.090397, 0.0951747, 0.107441, 0.151631, 0.150571, 0.278198, 0.280937, 0.312631, 0.314856, 1, 

Generation #23
20,8,0.001, 0.0170387, 0.0409631, 0.0629517, 0.067288, 0.110456, 0.14205, 0.0544136, 0.143244, 0.150571, 0.332031, 0.434936, 1, 

26,4,0.001, 0.0170387, 0.028096, 0.0409631, 0.0629517, 0.067288, 0.110456, 0.14205, 0.150571, 0.278198, 0.280937, 0.312631, 0.314856, 0.319073, 0.332072, 0.37154, 0.952318, 0.993498, 1, 

27,3,0.001, 0.0533053, 0.0409631, 0.0629517, 0.067288, 0.067288, 0.110456, 0.14205, 0.143244, 0.150571, 0.278198, 0.280937, 0.305983, 0.312631, 0.314856, 0.319073, 0.332072, 0.37154, 0.993498, 1, 

21,7,0.001, 0.0170387, 0.028096, 0.0409631, 0.0629517, 0.067288, 0.110456, 0.14205, 0.143244, 0.316644, 0.37687, 0.392956, 0.419301, 1, 

22,6,0.001, 0.0592293, 0.086059, 0.0802545, 0.090397, 0.0951747, 0.107441, 0.151631, 0.150571, 0.278198, 0.280937, 0.312631, 0.314856, 1, 

Generation #24
20,8,0.001, 0.0170387, 0.0409631, 0.0629517, 0.067288, 0.110456, 0.14205, 0.0544136, 0.143244, 0.150571, 0.332031, 0.434936, 1, 

26,4,0.001, 0.0170387, 0.028096, 0.0409631, 0.0629517, 0.067288, 0.110456, 0.14205, 0.150571, 0.278198, 0.280937, 0.312631, 0.314856, 0.319073, 0.332072, 0.37154, 0.952318, 0.993498, 1, 

27,3,0.001, 0.0533053, 0.0409631, 0.0629517, 0.067288, 0.067288, 0.110456, 0.14205, 0.143244, 0.150571, 0.278198, 0.280937, 0.305983, 0.312631, 0.314856, 0.319073, 0.332072, 0.37154, 0.993498, 1, 

21,7,0.001, 0.0170387, 0.028096, 0.0409631, 0.0629517, 0.067288, 0.110456, 0.14205, 0.143244, 0.316644, 0.37687, 0.392956, 0.419301, 1, 

22,6,0.001, 0.0592293, 0.086059, 0.0802545, 0.090397, 0.0951747, 0.107441, 0.151631, 0.150571, 0.278198, 0.280937, 0.312631, 0.314856, 1, 

Generation #25
20,8,0.001, 0.0170387, 0.0409631, 0.0629517, 0.067288, 0.110456, 0.14205, 0.0544136, 0.143244, 0.150571, 0.332031, 0.434936, 1, 

26,4,0.001, 0.0170387, 0.028096, 0.0409631, 0.0629517, 0.067288, 0.110456, 0.14205, 0.150571, 0.278198, 0.280937, 0.312631, 0.314856, 0.319073, 0.332072, 0.37154, 0.952318, 0.993498, 1, 

27,3,0.001, 0.0533053, 0.0409631, 0.0629517, 0.067288, 0.067288, 0.110456, 0.14205, 0.143244, 0.150571, 0.278198, 0.280937, 0.305983, 0.312631, 0.314856, 0.319073, 0.332072, 0.37154, 0.993498, 1, 

21,7,0.001, 0.0170387, 0.028096, 0.0409631, 0.0629517, 0.067288, 0.110456, 0.14205, 0.143244, 0.316644, 0.37687, 0.392956, 0.419301, 1, 

22,6,0.001, 0.0592293, 0.086059, 0.0802545, 0.090397, 0.0951747, 0.107441, 0.151631, 0.150571, 0.278198, 0.280937, 0.312631, 0.314856, 1, 

Generation #26
20,8,0.001, 0.0170387, 0.0409631, 0.0629517, 0.067288, 0.110456, 0.14205, 0.0544136, 0.143244, 0.150571, 0.332031, 0.434936, 1, 

21,7,0.001, 0.0170387, 0.028096, 0.0409631, 0.0629517, 0.067288, 0.110456, 0.14205, 0.143244, 0.316644, 0.37687, 0.392956, 0.419301, 1, 

22,6,0.001, 0.0592293, 0.086059, 0.0802545, 0.090397, 0.0951747, 0.107441, 0.151631, 0.150571, 0.278198, 0.280937, 0.312631, 0.314856, 1, 

26,2,0.001, 0.0533053, 0.0409631, 0.0629517, 0.067288, 0.067288, 0.110456, 0.14205, 0.143244, 0.278198, 0.316644, 0.37687, 0.788252, 0.914366, 0.961288, 1, 

Generation #27
20,8,0.001, 0.0170387, 0.0409631, 0.0629517, 0.067288, 0.110456, 0.14205, 0.0544136, 0.143244, 0.150571, 0.332031, 0.434936, 1, 

21,7,0.001, 0.0170387, 0.028096, 0.0409631, 0.0629517, 0.067288, 0.110456, 0.14205, 0.143244, 0.316644, 0.37687, 0.392956, 0.419301, 1, 

22,6,0.001, 0.0592293, 0.086059, 0.0802545, 0.090397, 0.0951747, 0.107441, 0.151631, 0.150571, 0.278198, 0.280937, 0.312631, 0.314856, 1, 

26,2,0.001, 0.0533053, 0.0409631, 0.0629517, 0.067288, 0.067288, 0.110456, 0.14205, 0.143244, 0.278198, 0.316644, 0.37687, 0.788252, 0.914366, 0.961288, 1, 

Generation #28
20,8,0.001, 0.0170387, 0.0409631, 0.0629517, 0.067288, 0.110456, 0.14205, 0.0544136, 0.143244, 0.150571, 0.332031, 0.434936, 1, 

21,7,0.001, 0.0170387, 0.028096, 0.0409631, 0.0629517, 0.067288, 0.110456, 0.14205, 0.143244, 0.316644, 0.37687, 0.392956, 0.419301, 1, 

22,6,0.001, 0.0592293, 0.086059, 0.0802545, 0.090397, 0.0951747, 0.107441, 0.151631, 0.150571, 0.278198, 0.280937, 0.312631, 0.314856, 1, 

26,2,0.001, 0.0533053, 0.0409631, 0.0629517, 0.067288, 0.067288, 0.110456, 0.14205, 0.143244, 0.278198, 0.316644, 0.37687, 0.788252, 0.914366, 0.961288, 1, 

Generation #29
20,8,0.001, 0.0170387, 0.0409631, 0.0629517, 0.067288, 0.110456, 0.14205, 0.0544136, 0.143244, 0.150571, 0.332031, 0.434936, 1, 

21,7,0.001, 0.0170387, 0.028096, 0.0409631, 0.0629517, 0.067288, 0.110456, 0.14205, 0.143244, 0.316644, 0.37687, 0.392956, 0.419301, 1, 

22,6,0.001, 0.0592293, 0.086059, 0.0802545, 0.090397, 0.0951747, 0.107441, 0.151631, 0.150571, 0.278198, 0.280937, 0.312631, 0.314856, 1, 

26,2,0.001, 0.0533053, 0.0409631, 0.0629517, 0.067288, 0.067288, 0.110456, 0.14205, 0.143244, 0.278198, 0.316644, 0.37687, 0.788252, 0.914366, 0.961288, 1, 

Generation #30
20,8,0.001, 0.0170387, 0.0409631, 0.0629517, 0.067288, 0.110456, 0.14205, 0.0544136, 0.143244, 0.150571, 0.332031, 0.434936, 1, 

21,7,0.001, 0.0170387, 0.028096, 0.0409631, 0.0629517, 0.067288, 0.110456, 0.14205, 0.143244, 0.316644, 0.37687, 0.392956, 0.419301, 1, 

22,6,0.001, 0.0592293, 0.086059, 0.0802545, 0.090397, 0.0951747, 0.107441, 0.151631, 0.150571, 0.278198, 0.280937, 0.312631, 0.314856, 1, 

26,2,0.001, 0.0533053, 0.0409631, 0.0629517, 0.067288, 0.067288, 0.110456, 0.14205, 0.143244, 0.278198, 0.316644, 0.37687, 0.788252, 0.914366, 0.961288, 1, 

Generation #31
20,8,0.001, 0.0170387, 0.0409631, 0.0629517, 0.067288, 0.110456, 0.14205, 0.0544136, 0.143244, 0.150571, 0.332031, 0.434936, 1, 

21,7,0.001, 0.0170387, 0.028096, 0.0409631, 0.0629517, 0.067288, 0.110456, 0.14205, 0.143244, 0.316644, 0.37687, 0.392956, 0.419301, 1, 

22,6,0.001, 0.0592293, 0.086059, 0.0802545, 0.090397, 0.0951747, 0.107441, 0.151631, 0.150571, 0.278198, 0.280937, 0.312631, 0.314856, 1, 

26,2,0.001, 0.0533053, 0.0409631, 0.0629517, 0.067288, 0.067288, 0.110456, 0.14205, 0.143244, 0.278198, 0.316644, 0.37687, 0.788252, 0.914366, 0.961288, 1, 

Generation #32
20,8,0.001, 0.0170387, 0.0409631, 0.0629517, 0.067288, 0.110456, 0.14205, 0.0544136, 0.143244, 0.150571, 0.332031, 0.434936, 1, 

21,7,0.001, 0.0170387, 0.028096, 0.0409631, 0.0629517, 0.067288, 0.110456, 0.14205, 0.143244, 0.316644, 0.37687, 0.392956, 0.419301, 1, 

26,2,0.001, 0.0533053, 0.0409631, 0.0629517, 0.067288, 0.067288, 0.110456, 0.14205, 0.143244, 0.278198, 0.316644, 0.37687, 0.788252, 0.914366, 0.961288, 1, 

22,4,0.001, 0.0170387, 0.0409631, 0.0802545, 0.090397, 0.0951747, 0.107441, 0.151631, 0.150571, 0.278198, 0.316644, 0.37687, 0.392956, 1, 

Generation #33
20,8,0.001, 0.0170387, 0.0409631, 0.0629517, 0.067288, 0.110456, 0.14205, 0.0544136, 0.143244, 0.150571, 0.332031, 0.434936, 1, 

21,7,0.001, 0.0170387, 0.028096, 0.0409631, 0.0629517, 0.067288, 0.110456, 0.14205, 0.143244, 0.316644, 0.37687, 0.392956, 0.419301, 1, 

26,2,0.001, 0.0533053, 0.0409631, 0.0629517, 0.067288, 0.067288, 0.110456, 0.14205, 0.143244, 0.278198, 0.316644, 0.37687, 0.788252, 0.914366, 0.961288, 1, 

22,4,0.001, 0.0170387, 0.0409631, 0.0802545, 0.090397, 0.0951747, 0.107441, 0.151631, 0.150571, 0.278198, 0.316644, 0.37687, 0.392956, 1, 

Generation #34
20,8,0.001, 0.0170387, 0.0409631, 0.0629517, 0.067288, 0.110456, 0.14205, 0.0544136, 0.143244, 0.150571, 0.332031, 0.434936, 1, 

21,7,0.001, 0.0170387, 0.028096, 0.0409631, 0.0629517, 0.067288, 0.110456, 0.14205, 0.143244, 0.316644, 0.37687, 0.392956, 0.419301, 1, 

26,2,0.001, 0.0533053, 0.0409631, 0.0629517, 0.067288, 0.067288, 0.110456, 0.14205, 0.143244, 0.278198, 0.316644, 0.37687, 0.788252, 0.914366, 0.961288, 1, 

22,4,0.001, 0.0170387, 0.0409631, 0.0802545, 0.090397, 0.0951747, 0.107441, 0.151631, 0.150571, 0.278198, 0.316644, 0.37687, 0.392956, 1, 

Generation #35
20,8,0.001, 0.0170387, 0.0409631, 0.0629517, 0.067288, 0.110456, 0.14205, 0.0544136, 0.143244, 0.150571, 0.332031, 0.434936, 1, 

21,7,0.001, 0.0170387, 0.028096, 0.0409631, 0.0629517, 0.067288, 0.110456, 0.14205, 0.143244, 0.316644, 0.37687, 0.392956, 0.419301, 1, 

26,2,0.001, 0.0533053, 0.0409631, 0.0629517, 0.067288, 0.067288, 0.110456, 0.14205, 0.143244, 0.278198, 0.316644, 0.37687, 0.788252, 0.914366, 0.961288, 1, 

22,4,0.001, 0.0170387, 0.0409631, 0.0802545, 0.090397, 0.0951747, 0.107441, 0.151631, 0.150571, 0.278198, 0.316644, 0.37687, 0.392956, 1, 

Generation #36
20,8,0.001, 0.0170387, 0.0409631, 0.0629517, 0.067288, 0.110456, 0.14205, 0.0544136, 0.143244, 0.150571, 0.332031, 0.434936, 1, 

21,7,0.001, 0.0170387, 0.028096, 0.0409631, 0.0629517, 0.067288, 0.110456, 0.14205, 0.143244, 0.316644, 0.37687, 0.392956, 0.419301, 1, 

26,2,0.001, 0.0533053, 0.0409631, 0.0629517, 0.067288, 0.067288, 0.110456, 0.14205, 0.143244, 0.278198, 0.316644, 0.37687, 0.788252, 0.914366, 0.961288, 1, 

22,4,0.001, 0.0170387, 0.0409631, 0.0802545, 0.090397, 0.0951747, 0.107441, 0.151631, 0.150571, 0.278198, 0.316644, 0.37687, 0.392956, 1, 

Generation #37
20,8,0.001, 0.0170387, 0.0409631, 0.0629517, 0.067288, 0.110456, 0.14205, 0.0544136, 0.143244, 0.150571, 0.332031, 0.434936, 1, 

21,7,0.001, 0.0170387, 0.028096, 0.0409631, 0.0629517, 0.067288, 0.110456, 0.14205, 0.143244, 0.316644, 0.37687, 0.392956, 0.419301, 1, 

26,2,0.001, 0.0533053, 0.0409631, 0.0629517, 0.067288, 0.067288, 0.110456, 0.14205, 0.143244, 0.278198, 0.316644, 0.37687, 0.788252, 0.914366, 0.961288, 1, 

22,4,0.001, 0.0170387, 0.0409631, 0.0802545, 0.090397, 0.0951747, 0.107441, 0.151631, 0.150571, 0.278198, 0.316644, 0.37687, 0.392956, 1, 

Generation #38
20,8,0.001, 0.0170387, 0.0409631, 0.0629517, 0.067288, 0.110456, 0.14205, 0.0544136, 0.143244, 0.150571, 0.332031, 0.434936, 1, 

21,7,0.001, 0.0170387, 0.028096, 0.0409631, 0.0629517, 0.067288, 0.110456, 0.14205, 0.143244, 0.316644, 0.37687, 0.392956, 0.419301, 1, 

26,2,0.001, 0.0533053, 0.0409631, 0.0629517, 0.067288, 0.067288, 0.110456, 0.14205, 0.143244, 0.278198, 0.316644, 0.37687, 0.788252, 0.914366, 0.961288, 1, 

22,4,0.001, 0.0170387, 0.0409631, 0.0802545, 0.090397, 0.0951747, 0.107441, 0.151631, 0.150571, 0.278198, 0.316644, 0.37687, 0.392956, 1, 

Generation #39
20,8,0.001, 0.0170387, 0.0409631, 0.0629517, 0.067288, 0.110456, 0.14205, 0.0544136, 0.143244, 0.150571, 0.332031, 0.434936, 1, 

21,7,0.001, 0.0170387, 0.028096, 0.0409631, 0.0629517, 0.067288, 0.110456, 0.14205, 0.143244, 0.316644, 0.37687, 0.392956, 0.419301, 1, 

26,2,0.001, 0.0533053, 0.0409631, 0.0629517, 0.067288, 0.067288, 0.110456, 0.14205, 0.143244, 0.278198, 0.316644, 0.37687, 0.788252, 0.914366, 0.961288, 1, 

22,4,0.001, 0.0170387, 0.0409631, 0.0802545, 0.090397, 0.0951747, 0.107441, 0.151631, 0.150571, 0.278198, 0.316644, 0.37687, 0.392956, 1, 

Generation #40
20,8,0.001, 0.0170387, 0.0409631, 0.0629517, 0.067288, 0.110456, 0.14205, 0.0544136, 0.143244, 0.150571, 0.332031, 0.434936, 1, 

21,7,0.001, 0.0170387, 0.028096, 0.0409631, 0.0629517, 0.067288, 0.110456, 0.14205, 0.143244, 0.316644, 0.37687, 0.392956, 0.419301, 1, 

26,2,0.001, 0.0533053, 0.0409631, 0.0629517, 0.067288, 0.067288, 0.110456, 0.14205, 0.143244, 0.278198, 0.316644, 0.37687, 0.788252, 0.914366, 0.961288, 1, 

22,3,0.001, 0.0592293, 0.086059, 0.0802545, 0.090397, 0.0951747, 0.107441, 0.14205, 0.143244, 0.307948, 0.332031, 0.434936, 1, 

Generation #41
20,8,0.001, 0.0170387, 0.0409631, 0.0629517, 0.067288, 0.110456, 0.14205, 0.0544136, 0.143244, 0.150571, 0.332031, 0.434936, 1, 

21,7,0.001, 0.0170387, 0.028096, 0.0409631, 0.0629517, 0.067288, 0.110456, 0.14205, 0.143244, 0.316644, 0.37687, 0.392956, 0.419301, 1, 

26,2,0.001, 0.0533053, 0.0409631, 0.0629517, 0.067288, 0.067288, 0.110456, 0.14205, 0.143244, 0.278198, 0.316644, 0.37687, 0.788252, 0.914366, 0.961288, 1, 

22,3,0.001, 0.0592293, 0.086059, 0.0802545, 0.090397, 0.0951747, 0.107441, 0.14205, 0.143244, 0.307948, 0.332031, 0.434936, 1, 

Generation #42
20,8,0.001, 0.0170387, 0.0409631, 0.0629517, 0.067288, 0.110456, 0.14205, 0.0544136, 0.143244, 0.150571, 0.332031, 0.434936, 1, 

21,7,0.001, 0.0170387, 0.028096, 0.0409631, 0.0629517, 0.067288, 0.110456, 0.14205, 0.143244, 0.316644, 0.37687, 0.392956, 0.419301, 1, 

26,2,0.001, 0.0533053, 0.0409631, 0.0629517, 0.067288, 0.067288, 0.110456, 0.14205, 0.143244, 0.278198, 0.316644, 0.37687, 0.788252, 0.914366, 0.961288, 1, 

22,3,0.001, 0.0592293, 0.086059, 0.0802545, 0.090397, 0.0951747, 0.107441, 0.14205, 0.143244, 0.307948, 0.332031, 0.434936, 1, 

Generation #43
20,8,0.001, 0.0170387, 0.0409631, 0.0629517, 0.067288, 0.110456, 0.14205, 0.0544136, 0.143244, 0.150571, 0.332031, 0.434936, 1, 

21,7,0.001, 0.0170387, 0.028096, 0.0409631, 0.0629517, 0.067288, 0.110456, 0.14205, 0.143244, 0.316644, 0.37687, 0.392956, 0.419301, 1, 

26,2,0.001, 0.0533053, 0.0409631, 0.0629517, 0.067288, 0.067288, 0.110456, 0.14205, 0.143244, 0.278198, 0.316644, 0.37687, 0.788252, 0.914366, 0.961288, 1, 

22,3,0.001, 0.0592293, 0.086059, 0.0802545, 0.090397, 0.0951747, 0.107441, 0.14205, 0.143244, 0.307948, 0.332031, 0.434936, 1, 

Generation #44
20,8,0.001, 0.0170387, 0.0409631, 0.0629517, 0.067288, 0.110456, 0.14205, 0.0544136, 0.143244, 0.150571, 0.332031, 0.434936, 1, 

21,7,0.001, 0.0170387, 0.028096, 0.0409631, 0.0629517, 0.067288, 0.110456, 0.14205, 0.143244, 0.316644, 0.37687, 0.392956, 0.419301, 1, 

26,2,0.001, 0.0533053, 0.0409631, 0.0629517, 0.067288, 0.067288, 0.110456, 0.14205, 0.143244, 0.278198, 0.316644, 0.37687, 0.788252, 0.914366, 0.961288, 1, 

22,3,0.001, 0.0592293, 0.086059, 0.0802545, 0.090397, 0.0951747, 0.107441, 0.14205, 0.143244, 0.307948, 0.332031, 0.434936, 1, 

Generation #45
20,8,0.001, 0.0170387, 0.0409631, 0.0629517, 0.067288, 0.110456, 0.14205, 0.0544136, 0.143244, 0.150571, 0.332031, 0.434936, 1, 

21,7,0.001, 0.0170387, 0.028096, 0.0409631, 0.0629517, 0.067288, 0.110456, 0.14205, 0.143244, 0.316644, 0.37687, 0.392956, 0.419301, 1, 

26,2,0.001, 0.0533053, 0.0409631, 0.0629517, 0.067288, 0.067288, 0.110456, 0.14205, 0.143244, 0.278198, 0.316644, 0.37687, 0.788252, 0.914366, 0.961288, 1, 

22,3,0.001, 0.0592293, 0.086059, 0.0802545, 0.090397, 0.0951747, 0.107441, 0.14205, 0.143244, 0.307948, 0.332031, 0.434936, 1, 

Generation #46
20,8,0.001, 0.0170387, 0.0409631, 0.0629517, 0.067288, 0.110456, 0.14205, 0.0544136, 0.143244, 0.150571, 0.332031, 0.434936, 1, 

21,7,0.001, 0.0170387, 0.028096, 0.0409631, 0.0629517, 0.067288, 0.110456, 0.14205, 0.143244, 0.316644, 0.37687, 0.392956, 0.419301, 1, 

26,2,0.001, 0.0533053, 0.0409631, 0.0629517, 0.067288, 0.067288, 0.110456, 0.14205, 0.143244, 0.278198, 0.316644, 0.37687, 0.788252, 0.914366, 0.961288, 1, 

22,3,0.001, 0.0592293, 0.086059, 0.0802545, 0.090397, 0.0951747, 0.107441, 0.14205, 0.143244, 0.307948, 0.332031, 0.434936, 1, 

Generation #47
20,8,0.001, 0.0170387, 0.0409631, 0.0629517, 0.067288, 0.110456, 0.14205, 0.0544136, 0.143244, 0.150571, 0.332031, 0.434936, 1, 

21,7,0.001, 0.0170387, 0.028096, 0.0409631, 0.0629517, 0.067288, 0.110456, 0.14205, 0.143244, 0.316644, 0.37687, 0.392956, 0.419301, 1, 

26,2,0.001, 0.0533053, 0.0409631, 0.0629517, 0.067288, 0.067288, 0.110456, 0.14205, 0.143244, 0.278198, 0.316644, 0.37687, 0.788252, 0.914366, 0.961288, 1, 

22,3,0.001, 0.0592293, 0.086059, 0.0802545, 0.090397, 0.0951747, 0.107441, 0.14205, 0.143244, 0.307948, 0.332031, 0.434936, 1, 

Generation #48
20,8,0.001, 0.0170387, 0.0409631, 0.0629517, 0.067288, 0.110456, 0.14205, 0.0544136, 0.143244, 0.150571, 0.332031, 0.434936, 1, 

21,7,0.001, 0.0170387, 0.028096, 0.0409631, 0.0629517, 0.067288, 0.110456, 0.14205, 0.143244, 0.316644, 0.37687, 0.392956, 0.419301, 1, 

26,2,0.001, 0.0533053, 0.0409631, 0.0629517, 0.067288, 0.067288, 0.110456, 0.14205, 0.143244, 0.278198, 0.316644, 0.37687, 0.788252, 0.914366, 0.961288, 1, 

22,3,0.001, 0.0592293, 0.086059, 0.0802545, 0.090397, 0.0951747, 0.107441, 0.14205, 0.143244, 0.307948, 0.332031, 0.434936, 1, 

Generation #49
20,8,0.001, 0.0170387, 0.0409631, 0.0629517, 0.067288, 0.110456, 0.14205, 0.0544136, 0.143244, 0.150571, 0.332031, 0.434936, 1, 

21,7,0.001, 0.0170387, 0.028096, 0.0409631, 0.0629517, 0.067288, 0.110456, 0.14205, 0.143244, 0.316644, 0.37687, 0.392956, 0.419301, 1, 

26,2,0.001, 0.0533053, 0.0409631, 0.0629517, 0.067288, 0.067288, 0.110456, 0.14205, 0.143244, 0.278198, 0.316644, 0.37687, 0.788252, 0.914366, 0.961288, 1, 

22,3,0.001, 0.0592293, 0.086059, 0.0802545, 0.090397, 0.0951747, 0.107441, 0.14205, 0.143244, 0.307948, 0.332031, 0.434936, 1, 

--- Pareto Front Solutions ---
Solution 0: N total=80 (N_initial=60, N_added=20), Time total=11 ms, Saved to: ./results/Make_t2_l2_pareto_0.csv, percents=0.001, 0.0170387, 0.0409631, 0.0629517, 0.067288, 0.110456, 0.14205, 0.0544136, 0.143244, 0.150571, 0.332031, 0.434936, 1, 

Solution 1: N total=81 (N_initial=60, N_added=21), Time total=10 ms, Saved to: ./results/Make_t2_l2_pareto_1.csv, percents=0.001, 0.0170387, 0.028096, 0.0409631, 0.0629517, 0.067288, 0.110456, 0.14205, 0.143244, 0.316644, 0.37687, 0.392956, 0.419301, 1, 

Solution 2: N total=86 (N_initial=60, N_added=26), Time total=5 ms, Saved to: ./results/Make_t2_l2_pareto_2.csv, percents=0.001, 0.0533053, 0.0409631, 0.0629517, 0.067288, 0.067288, 0.110456, 0.14205, 0.143244, 0.278198, 0.316644, 0.37687, 0.788252, 0.914366, 0.961288, 1, 

Solution 3: N total=82 (N_initial=60, N_added=22), Time total=6 ms, Saved to: ./results/Make_t2_l2_pareto_3.csv, percents=0.001, 0.0592293, 0.086059, 0.0802545, 0.090397, 0.0951747, 0.107441, 0.14205, 0.143244, 0.307948, 0.332031, 0.434936, 1, 

------------d=1, t=2, lambda=3, filename=./evaluation/Make/Make_2_3.csv------------
Computing partitioned counts of d-sets...
Ready to look at pairs based on partitioned counts...
First Stage N=90, Time=3
There are 8 remaining non-locating pairs
--- Running GA Algorithm (phase2) ---
Running GA with std::execution::par
Generation #0
15,3,0.001, 0.181815, 0.18199, 0.192715, 0.219767, 0.27383, 0.457798, 0.473752, 0.600129, 0.780413, 1, 

16,0,0.001, 0.0614156, 0.064047, 0.105507, 0.158425, 0.208719, 0.253369, 0.296952, 0.408497, 0.602287, 0.723138, 0.811175, 0.924348, 0.97304, 1, 

Generation #1
13,1,0.001, 0.0623848, 0.0730811, 0.0992353, 0.102779, 0.106236, 0.114323, 0.256758, 0.309535, 0.363262, 0.388055, 1, 

15,0,0.001, 0.035267, 0.0435217, 0.0819074, 0.26916, 0.392919, 0.393198, 0.44423, 0.513402, 0.515904, 0.758189, 0.935297, 0.992899, 1, 

Generation #2
13,0,0.001, 0.035267, 0.0435217, 0.0819074, 0.26916, 0.392919, 0.393198, 0.44423, 0.797457, 0.898742, 0.9772, 1, 

Generation #3
12,0,0.001, 0.0235328, 0.0645712, 0.118106, 0.20598, 0.314079, 0.413192, 0.420628, 0.600129, 0.780413, 1, 

Generation #4
12,0,0.001, 0.0235328, 0.0645712, 0.118106, 0.20598, 0.314079, 0.413192, 0.420628, 0.600129, 0.780413, 1, 

Generation #5
12,0,0.001, 0.0235328, 0.0645712, 0.118106, 0.20598, 0.314079, 0.413192, 0.420628, 0.600129, 0.780413, 1, 

Generation #6
11,0,0.001, 0.035267, 0.0435217, 0.204915, 0.210386, 0.322627, 0.393198, 0.797457, 0.898742, 0.9772, 1, 

Generation #7
11,0,0.001, 0.035267, 0.0435217, 0.204915, 0.210386, 0.322627, 0.393198, 0.797457, 0.898742, 0.9772, 1, 

Generation #8
11,0,0.001, 0.035267, 0.0435217, 0.204915, 0.210386, 0.322627, 0.393198, 0.797457, 0.898742, 0.9772, 1, 

Generation #9
11,0,0.001, 0.035267, 0.0435217, 0.204915, 0.210386, 0.322627, 0.393198, 0.797457, 0.898742, 0.9772, 1, 

Generation #10
11,0,0.001, 0.035267, 0.0435217, 0.204915, 0.210386, 0.322627, 0.393198, 0.797457, 0.898742, 0.9772, 1, 

Generation #11
11,0,0.001, 0.035267, 0.0435217, 0.204915, 0.210386, 0.322627, 0.393198, 0.797457, 0.898742, 0.9772, 1, 

Generation #12
11,0,0.001, 0.035267, 0.0435217, 0.204915, 0.210386, 0.322627, 0.393198, 0.797457, 0.898742, 0.9772, 1, 

Generation #13
11,0,0.001, 0.035267, 0.0435217, 0.204915, 0.210386, 0.322627, 0.393198, 0.797457, 0.898742, 0.9772, 1, 

Generation #14
11,0,0.001, 0.035267, 0.0435217, 0.204915, 0.210386, 0.322627, 0.393198, 0.797457, 0.898742, 0.9772, 1, 

Generation #15
11,0,0.001, 0.035267, 0.0435217, 0.204915, 0.210386, 0.322627, 0.393198, 0.797457, 0.898742, 0.9772, 1, 

Generation #16
11,0,0.001, 0.035267, 0.0435217, 0.204915, 0.210386, 0.322627, 0.393198, 0.797457, 0.898742, 0.9772, 1, 

Generation #17
11,0,0.001, 0.035267, 0.0435217, 0.204915, 0.210386, 0.322627, 0.393198, 0.797457, 0.898742, 0.9772, 1, 

Generation #18
11,0,0.001, 0.035267, 0.0435217, 0.204915, 0.210386, 0.322627, 0.393198, 0.797457, 0.898742, 0.9772, 1, 

Generation #19
11,0,0.001, 0.035267, 0.0435217, 0.204915, 0.210386, 0.322627, 0.393198, 0.797457, 0.898742, 0.9772, 1, 

Generation #20
11,0,0.001, 0.035267, 0.0435217, 0.204915, 0.210386, 0.322627, 0.393198, 0.797457, 0.898742, 0.9772, 1, 

Generation #21
11,0,0.001, 0.035267, 0.0435217, 0.204915, 0.210386, 0.322627, 0.393198, 0.797457, 0.898742, 0.9772, 1, 

10,4,0.100776, 0.035267, 0.0435217, 0.0819074, 0.26214, 0.348491, 0.797457, 0.9772, 1, 

Generation #22
11,0,0.001, 0.035267, 0.0435217, 0.204915, 0.210386, 0.322627, 0.393198, 0.797457, 0.898742, 0.9772, 1, 

10,4,0.100776, 0.035267, 0.0435217, 0.0819074, 0.26214, 0.348491, 0.797457, 0.9772, 1, 

Generation #23
10,0,0.001, 0.100502, 0.102695, 0.220293, 0.252682, 0.348491, 0.44423, 0.513402, 0.780413, 1, 

Generation #24
10,0,0.001, 0.100502, 0.102695, 0.220293, 0.252682, 0.348491, 0.44423, 0.513402, 0.780413, 1, 

Generation #25
10,0,0.001, 0.100502, 0.102695, 0.220293, 0.252682, 0.348491, 0.44423, 0.513402, 0.780413, 1, 

Generation #26
10,0,0.001, 0.100502, 0.102695, 0.220293, 0.252682, 0.348491, 0.44423, 0.513402, 0.780413, 1, 

Generation #27
10,0,0.001, 0.100502, 0.102695, 0.220293, 0.252682, 0.348491, 0.44423, 0.513402, 0.780413, 1, 

Generation #28
10,0,0.001, 0.100502, 0.102695, 0.220293, 0.252682, 0.348491, 0.44423, 0.513402, 0.780413, 1, 

Generation #29
10,0,0.001, 0.100502, 0.102695, 0.220293, 0.252682, 0.348491, 0.44423, 0.513402, 0.780413, 1, 

Generation #30
10,0,0.001, 0.100502, 0.102695, 0.220293, 0.252682, 0.348491, 0.44423, 0.513402, 0.780413, 1, 

Generation #31
9,0,0.001, 0.0499799, 0.0504439, 0.204915, 0.210386, 0.322627, 0.393198, 0.9772, 1, 

Generation #32
9,0,0.001, 0.0499799, 0.0504439, 0.204915, 0.210386, 0.322627, 0.393198, 0.9772, 1, 

Generation #33
9,0,0.001, 0.0499799, 0.0504439, 0.204915, 0.210386, 0.322627, 0.393198, 0.9772, 1, 

Generation #34
9,0,0.001, 0.0499799, 0.0504439, 0.204915, 0.210386, 0.322627, 0.393198, 0.9772, 1, 

Generation #35
9,0,0.001, 0.0499799, 0.0504439, 0.204915, 0.210386, 0.322627, 0.393198, 0.9772, 1, 

Generation #36
9,0,0.001, 0.0499799, 0.0504439, 0.204915, 0.210386, 0.322627, 0.393198, 0.9772, 1, 

Generation #37
9,0,0.001, 0.0499799, 0.0504439, 0.204915, 0.210386, 0.322627, 0.393198, 0.9772, 1, 

Generation #38
9,0,0.001, 0.0499799, 0.0504439, 0.204915, 0.210386, 0.322627, 0.393198, 0.9772, 1, 

Generation #39
9,0,0.001, 0.0499799, 0.0504439, 0.204915, 0.210386, 0.322627, 0.393198, 0.9772, 1, 

Generation #40
9,0,0.001, 0.0499799, 0.0504439, 0.204915, 0.210386, 0.322627, 0.393198, 0.9772, 1, 

Generation #41
9,0,0.001, 0.0499799, 0.0504439, 0.204915, 0.210386, 0.322627, 0.393198, 0.9772, 1, 

Generation #42
9,0,0.001, 0.0499799, 0.0504439, 0.204915, 0.210386, 0.322627, 0.393198, 0.9772, 1, 

Generation #43
9,0,0.001, 0.0499799, 0.0504439, 0.204915, 0.210386, 0.322627, 0.393198, 0.9772, 1, 

Generation #44
9,0,0.001, 0.0499799, 0.0504439, 0.204915, 0.210386, 0.322627, 0.393198, 0.9772, 1, 

8,2,0.001, 0.100502, 0.220293, 0.252682, 0.348491, 0.44423, 1, 

Generation #45
9,0,0.001, 0.0499799, 0.0504439, 0.204915, 0.210386, 0.322627, 0.393198, 0.9772, 1, 

8,2,0.001, 0.100502, 0.220293, 0.252682, 0.348491, 0.44423, 1, 

Generation #46
9,0,0.001, 0.0499799, 0.0504439, 0.204915, 0.210386, 0.322627, 0.393198, 0.9772, 1, 

8,2,0.001, 0.100502, 0.220293, 0.252682, 0.348491, 0.44423, 1, 

Generation #47
9,0,0.001, 0.0499799, 0.0504439, 0.204915, 0.210386, 0.322627, 0.393198, 0.9772, 1, 

8,2,0.001, 0.100502, 0.220293, 0.252682, 0.348491, 0.44423, 1, 

Generation #48
9,0,0.001, 0.0499799, 0.0504439, 0.204915, 0.210386, 0.322627, 0.393198, 0.9772, 1, 

8,2,0.001, 0.100502, 0.220293, 0.252682, 0.348491, 0.44423, 1, 

Generation #49
9,0,0.001, 0.0499799, 0.0504439, 0.204915, 0.210386, 0.322627, 0.393198, 0.9772, 1, 

8,2,0.001, 0.100502, 0.220293, 0.252682, 0.348491, 0.44423, 1, 

--- Pareto Front Solutions ---
Solution 0: N total=99 (N_initial=90, N_added=9), Time total=3 ms, Saved to: ./results/Make_t2_l3_pareto_0.csv, percents=0.001, 0.0499799, 0.0504439, 0.204915, 0.210386, 0.322627, 0.393198, 0.9772, 1, 

Solution 1: N total=98 (N_initial=90, N_added=8), Time total=5 ms, Saved to: ./results/Make_t2_l3_pareto_1.csv, percents=0.001, 0.100502, 0.220293, 0.252682, 0.348491, 0.44423, 1, 

------------d=1, t=2, lambda=4, filename=./evaluation/Make/Make_2_4.csv------------
Computing partitioned counts of d-sets...
Ready to look at pairs based on partitioned counts...
First Stage N=120, Time=3
There are 0 remaining non-locating pairs
Array is already valid. Saved initial array to ./Make_t2_l4_final.csv
