------------d=1, t=2, lambda=1, filename=./evaluation/Mobile/Mobile_2_1.csv------------
Computing partitioned counts of d-sets...
Ready to look at pairs based on partitioned counts...
First Stage N=157, Time=1885
There are 143227 remaining non-locating pairs
--- Running GA Algorithm (phase2) ---
Running GA with std::execution::par
Generation #0
294,17207,0.001, 0.107463, 0.110574, 0.127449, 0.146597, 0.203759, 0.209855, 0.377769, 0.456856, 0.530966, 0.534663, 0.536127, 0.55673, 0.586904, 0.609502, 0.677201, 0.679273, 0.704442, 0.80209, 0.881136, 0.950083, 1, 

295,5007,0.001, 0.0220061, 0.0403541, 0.147682, 0.216712, 0.259018, 0.442634, 0.460517, 0.502375, 0.620516, 0.640219, 0.894347, 0.919133, 0.955022, 1, 

Generation #1
294,17207,0.001, 0.107463, 0.110574, 0.127449, 0.146597, 0.203759, 0.209855, 0.377769, 0.456856, 0.530966, 0.534663, 0.536127, 0.55673, 0.586904, 0.609502, 0.677201, 0.679273, 0.704442, 0.80209, 0.881136, 0.950083, 1, 

295,5007,0.001, 0.0220061, 0.0403541, 0.147682, 0.216712, 0.259018, 0.442634, 0.460517, 0.502375, 0.620516, 0.640219, 0.894347, 0.919133, 0.955022, 1, 

314,4718,0.001, 0.0604514, 0.0709605, 0.100248, 0.159014, 0.203437, 0.232009, 0.306834, 0.356499, 0.422862, 0.536346, 0.668251, 0.705078, 0.804318, 0.890195, 0.942683, 0.843093, 0.936645, 1, 

Generation #2
294,17207,0.001, 0.107463, 0.110574, 0.127449, 0.146597, 0.203759, 0.209855, 0.377769, 0.456856, 0.530966, 0.534663, 0.536127, 0.55673, 0.586904, 0.609502, 0.677201, 0.679273, 0.704442, 0.80209, 0.881136, 0.950083, 1, 

295,5007,0.001, 0.0220061, 0.0403541, 0.147682, 0.216712, 0.259018, 0.442634, 0.460517, 0.502375, 0.620516, 0.640219, 0.894347, 0.919133, 0.955022, 1, 

314,4718,0.001, 0.0604514, 0.0709605, 0.100248, 0.159014, 0.203437, 0.232009, 0.306834, 0.356499, 0.422862, 0.536346, 0.668251, 0.705078, 0.804318, 0.890195, 0.942683, 0.843093, 0.936645, 1, 

311,4827,0.001, 0.00884098, 0.0455655, 0.073143, 0.103517, 0.154117, 0.213493, 0.235176, 0.287924, 0.29615, 0.3056, 0.307592, 0.373905, 0.469255, 0.641315, 0.689143, 0.720659, 0.802766, 0.810145, 0.900286, 0.942871, 0.962562, 1, 

Generation #3
294,17207,0.001, 0.107463, 0.110574, 0.127449, 0.146597, 0.203759, 0.209855, 0.377769, 0.456856, 0.530966, 0.534663, 0.536127, 0.55673, 0.586904, 0.609502, 0.677201, 0.679273, 0.704442, 0.80209, 0.881136, 0.950083, 1, 

295,5007,0.001, 0.0220061, 0.0403541, 0.147682, 0.216712, 0.259018, 0.442634, 0.460517, 0.502375, 0.620516, 0.640219, 0.894347, 0.919133, 0.955022, 1, 

330,4305,0.001, 0.026976, 0.0820275, 0.158728, 0.34775, 0.80932, 0.896683, 0.90713, 0.907453, 0.926017, 0.975228, 1, 

297,4419,0.001, 0.0196905, 0.0353342, 0.0478842, 0.061475, 0.178203, 0.190539, 0.255738, 0.256696, 0.296372, 0.319679, 0.464555, 0.508211, 0.531955, 0.57118, 0.573936, 0.593658, 0.659565, 0.72473, 0.728113, 0.73703, 0.788185, 0.869616, 0.942274, 1, 

Generation #4
294,17207,0.001, 0.107463, 0.110574, 0.127449, 0.146597, 0.203759, 0.209855, 0.377769, 0.456856, 0.530966, 0.534663, 0.536127, 0.55673, 0.586904, 0.609502, 0.677201, 0.679273, 0.704442, 0.80209, 0.881136, 0.950083, 1, 

295,5007,0.001, 0.0220061, 0.0403541, 0.147682, 0.216712, 0.259018, 0.442634, 0.460517, 0.502375, 0.620516, 0.640219, 0.894347, 0.919133, 0.955022, 1, 

330,4305,0.001, 0.026976, 0.0820275, 0.158728, 0.34775, 0.80932, 0.896683, 0.90713, 0.907453, 0.926017, 0.975228, 1, 

297,4419,0.001, 0.0196905, 0.0353342, 0.0478842, 0.061475, 0.178203, 0.190539, 0.255738, 0.256696, 0.296372, 0.319679, 0.464555, 0.508211, 0.531955, 0.57118, 0.573936, 0.593658, 0.659565, 0.72473, 0.728113, 0.73703, 0.788185, 0.869616, 0.942274, 1, 

Generation #5
294,17207,0.001, 0.107463, 0.110574, 0.127449, 0.146597, 0.203759, 0.209855, 0.377769, 0.456856, 0.530966, 0.534663, 0.536127, 0.55673, 0.586904, 0.609502, 0.677201, 0.679273, 0.704442, 0.80209, 0.881136, 0.950083, 1, 

295,5007,0.001, 0.0220061, 0.0403541, 0.147682, 0.216712, 0.259018, 0.442634, 0.460517, 0.502375, 0.620516, 0.640219, 0.894347, 0.919133, 0.955022, 1, 

330,4305,0.001, 0.026976, 0.0820275, 0.158728, 0.34775, 0.80932, 0.896683, 0.90713, 0.907453, 0.926017, 0.975228, 1, 

297,4419,0.001, 0.0196905, 0.0353342, 0.0478842, 0.061475, 0.178203, 0.190539, 0.255738, 0.256696, 0.296372, 0.319679, 0.464555, 0.508211, 0.531955, 0.57118, 0.573936, 0.593658, 0.659565, 0.72473, 0.728113, 0.73703, 0.788185, 0.869616, 0.942274, 1, 

Generation #6
294,17207,0.001, 0.107463, 0.110574, 0.127449, 0.146597, 0.203759, 0.209855, 0.377769, 0.456856, 0.530966, 0.534663, 0.536127, 0.55673, 0.586904, 0.609502, 0.677201, 0.679273, 0.704442, 0.80209, 0.881136, 0.950083, 1, 

295,5007,0.001, 0.0220061, 0.0403541, 0.147682, 0.216712, 0.259018, 0.442634, 0.460517, 0.502375, 0.620516, 0.640219, 0.894347, 0.919133, 0.955022, 1, 

312,4251,0.001, 0.0196905, 0.0353342, 0.0478842, 0.061475, 0.178203, 0.190539, 0.255738, 0.256696, 0.296372, 0.319679, 0.567047, 0.639176, 0.707136, 0.745006, 0.754432, 0.757096, 0.840533, 0.864194, 0.87212, 0.895633, 0.914213, 0.917046, 0.975539, 1, 

327,4034,0.001, 0.0235501, 0.0278572, 0.0673173, 0.0864389, 0.158656, 0.176569, 0.183534, 0.480891, 0.481043, 0.528482, 0.637881, 0.693116, 0.366749, 0.380758, 0.392854, 0.430751, 0.445746, 0.475269, 0.594992, 0.604231, 0.714497, 0.721693, 0.764621, 0.771687, 0.778855, 0.84565, 0.859595, 0.934614, 0.93816, 1, 

297,4273,0.001, 0.0192819, 0.038055, 0.0820275, 0.158728, 0.213287, 0.228891, 0.249238, 0.267404, 0.270401, 0.356811, 0.390622, 0.421565, 0.478526, 0.520061, 0.522452, 1, 

Generation #7
312,4251,0.001, 0.0196905, 0.0353342, 0.0478842, 0.061475, 0.178203, 0.190539, 0.255738, 0.256696, 0.296372, 0.319679, 0.567047, 0.639176, 0.707136, 0.745006, 0.754432, 0.757096, 0.840533, 0.864194, 0.87212, 0.895633, 0.914213, 0.917046, 0.975539, 1, 

327,4034,0.001, 0.0235501, 0.0278572, 0.0673173, 0.0864389, 0.158656, 0.176569, 0.183534, 0.480891, 0.481043, 0.528482, 0.637881, 0.693116, 0.366749, 0.380758, 0.392854, 0.430751, 0.445746, 0.475269, 0.594992, 0.604231, 0.714497, 0.721693, 0.764621, 0.771687, 0.778855, 0.84565, 0.859595, 0.934614, 0.93816, 1, 

297,4273,0.001, 0.0192819, 0.038055, 0.0820275, 0.158728, 0.213287, 0.228891, 0.249238, 0.267404, 0.270401, 0.356811, 0.390622, 0.421565, 0.478526, 0.520061, 0.522452, 1, 

316,4145,0.001, 0.0196905, 0.0353342, 0.0478842, 0.061475, 0.200952, 0.245044, 0.248861, 0.288042, 0.300978, 0.30798, 0.451346, 0.476833, 0.47985, 0.74897, 0.829951, 0.837201, 0.900776, 1, 

292,4677,0.001, 0.0324431, 0.0455655, 0.073143, 0.103517, 0.19462, 0.213493, 0.235176, 0.351349, 0.29615, 0.3056, 0.30162, 0.90699, 0.951451, 0.966803, 0.978414, 0.999108, 1, 

Generation #8
297,4273,0.001, 0.0192819, 0.038055, 0.0820275, 0.158728, 0.213287, 0.228891, 0.249238, 0.267404, 0.270401, 0.356811, 0.390622, 0.421565, 0.478526, 0.520061, 0.522452, 1, 

292,4677,0.001, 0.0324431, 0.0455655, 0.073143, 0.103517, 0.19462, 0.213493, 0.235176, 0.351349, 0.29615, 0.3056, 0.30162, 0.90699, 0.951451, 0.966803, 0.978414, 0.999108, 1, 

313,3785,0.001, 0.0235501, 0.0278572, 0.0673173, 0.0864389, 0.158656, 0.176569, 0.183534, 0.480891, 0.481043, 0.528482, 0.637881, 0.693116, 0.784115, 0.84835, 0.864176, 1, 

304,4170,0.001, 0.0235501, 0.0278572, 0.0673173, 0.0864389, 0.158656, 0.176569, 0.183534, 0.480891, 0.846266, 0.481043, 0.528482, 0.637881, 0.693116, 0.732249, 0.74897, 0.729504, 0.803184, 1, 

Generation #9
297,4273,0.001, 0.0192819, 0.038055, 0.0820275, 0.158728, 0.213287, 0.228891, 0.249238, 0.267404, 0.270401, 0.356811, 0.390622, 0.421565, 0.478526, 0.520061, 0.522452, 1, 

292,4677,0.001, 0.0324431, 0.0455655, 0.073143, 0.103517, 0.19462, 0.213493, 0.235176, 0.351349, 0.29615, 0.3056, 0.30162, 0.90699, 0.951451, 0.966803, 0.978414, 0.999108, 1, 

304,3362,0.001, 0.0196905, 0.0353342, 0.0478842, 0.061475, 0.178203, 0.190539, 0.255738, 0.256696, 0.296372, 0.319679, 0.464555, 0.415795, 0.289167, 0.64311, 0.649497, 0.729504, 0.803184, 0.80209, 0.900286, 0.942871, 0.962562, 1, 

299,3878,0.001, 0.0192819, 0.0378253, 0.0436689, 0.0488421, 0.126569, 0.176682, 0.209859, 0.221429, 0.300978, 0.30798, 0.451346, 0.469255, 0.649497, 0.729504, 1, 

291,5286,0.001, 0.0192819, 0.0278572, 0.0673173, 0.0864389, 0.158656, 0.186747, 0.203107, 0.213435, 0.221705, 0.233919, 0.256996, 0.309131, 0.804318, 0.790306, 0.890195, 0.942683, 0.843093, 0.936645, 1, 

Generation #10
304,3362,0.001, 0.0196905, 0.0353342, 0.0478842, 0.061475, 0.178203, 0.190539, 0.255738, 0.256696, 0.296372, 0.319679, 0.464555, 0.415795, 0.289167, 0.64311, 0.649497, 0.729504, 0.803184, 0.80209, 0.900286, 0.942871, 0.962562, 1, 

299,3878,0.001, 0.0192819, 0.0378253, 0.0436689, 0.0488421, 0.126569, 0.176682, 0.209859, 0.221429, 0.300978, 0.30798, 0.451346, 0.469255, 0.649497, 0.729504, 1, 

290,4196,0.001, 0.0196905, 0.0346475, 0.160651, 0.171957, 0.213287, 0.0754637, 0.228891, 0.249238, 0.301744, 0.324282, 0.256996, 0.309131, 0.804318, 0.890195, 0.942683, 0.936645, 1, 

Generation #11
304,3362,0.001, 0.0196905, 0.0353342, 0.0478842, 0.061475, 0.178203, 0.190539, 0.255738, 0.256696, 0.296372, 0.319679, 0.464555, 0.415795, 0.289167, 0.64311, 0.649497, 0.729504, 0.803184, 0.80209, 0.900286, 0.942871, 0.962562, 1, 

299,3878,0.001, 0.0192819, 0.0378253, 0.0436689, 0.0488421, 0.126569, 0.176682, 0.209859, 0.221429, 0.300978, 0.30798, 0.451346, 0.469255, 0.649497, 0.729504, 1, 

290,4196,0.001, 0.0196905, 0.0346475, 0.160651, 0.171957, 0.213287, 0.0754637, 0.228891, 0.249238, 0.301744, 0.324282, 0.256996, 0.309131, 0.804318, 0.890195, 0.942683, 0.936645, 1, 

Generation #12
304,3362,0.001, 0.0196905, 0.0353342, 0.0478842, 0.061475, 0.178203, 0.190539, 0.255738, 0.256696, 0.296372, 0.319679, 0.464555, 0.415795, 0.289167, 0.64311, 0.649497, 0.729504, 0.803184, 0.80209, 0.900286, 0.942871, 0.962562, 1, 

299,3878,0.001, 0.0192819, 0.0378253, 0.0436689, 0.0488421, 0.126569, 0.176682, 0.209859, 0.221429, 0.300978, 0.30798, 0.451346, 0.469255, 0.649497, 0.729504, 1, 

290,4196,0.001, 0.0196905, 0.0346475, 0.160651, 0.171957, 0.213287, 0.0754637, 0.228891, 0.249238, 0.301744, 0.324282, 0.256996, 0.309131, 0.804318, 0.890195, 0.942683, 0.936645, 1, 

Generation #13
304,3362,0.001, 0.0196905, 0.0353342, 0.0478842, 0.061475, 0.178203, 0.190539, 0.255738, 0.256696, 0.296372, 0.319679, 0.464555, 0.415795, 0.289167, 0.64311, 0.649497, 0.729504, 0.803184, 0.80209, 0.900286, 0.942871, 0.962562, 1, 

299,3878,0.001, 0.0192819, 0.0378253, 0.0436689, 0.0488421, 0.126569, 0.176682, 0.209859, 0.221429, 0.300978, 0.30798, 0.451346, 0.469255, 0.649497, 0.729504, 1, 

290,4196,0.001, 0.0196905, 0.0346475, 0.160651, 0.171957, 0.213287, 0.0754637, 0.228891, 0.249238, 0.301744, 0.324282, 0.256996, 0.309131, 0.804318, 0.890195, 0.942683, 0.936645, 1, 

Generation #14
304,3362,0.001, 0.0196905, 0.0353342, 0.0478842, 0.061475, 0.178203, 0.190539, 0.255738, 0.256696, 0.296372, 0.319679, 0.464555, 0.415795, 0.289167, 0.64311, 0.649497, 0.729504, 0.803184, 0.80209, 0.900286, 0.942871, 0.962562, 1, 

299,3878,0.001, 0.0192819, 0.0378253, 0.0436689, 0.0488421, 0.126569, 0.176682, 0.209859, 0.221429, 0.300978, 0.30798, 0.451346, 0.469255, 0.649497, 0.729504, 1, 

290,4196,0.001, 0.0196905, 0.0346475, 0.160651, 0.171957, 0.213287, 0.0754637, 0.228891, 0.249238, 0.301744, 0.324282, 0.256996, 0.309131, 0.804318, 0.890195, 0.942683, 0.936645, 1, 

302,3745,0.001, 0.0235501, 0.0278572, 0.0673173, 0.0864389, 0.158656, 0.176569, 0.183534, 0.480891, 0.481043, 0.528482, 0.637881, 0.919133, 0.955022, 1, 

Generation #15
304,3362,0.001, 0.0196905, 0.0353342, 0.0478842, 0.061475, 0.178203, 0.190539, 0.255738, 0.256696, 0.296372, 0.319679, 0.464555, 0.415795, 0.289167, 0.64311, 0.649497, 0.729504, 0.803184, 0.80209, 0.900286, 0.942871, 0.962562, 1, 

299,3878,0.001, 0.0192819, 0.0378253, 0.0436689, 0.0488421, 0.126569, 0.176682, 0.209859, 0.221429, 0.300978, 0.30798, 0.451346, 0.469255, 0.649497, 0.729504, 1, 

290,4196,0.001, 0.0196905, 0.0346475, 0.160651, 0.171957, 0.213287, 0.0754637, 0.228891, 0.249238, 0.301744, 0.324282, 0.256996, 0.309131, 0.804318, 0.890195, 0.942683, 0.936645, 1, 

302,3745,0.001, 0.0235501, 0.0278572, 0.0673173, 0.0864389, 0.158656, 0.176569, 0.183534, 0.480891, 0.481043, 0.528482, 0.637881, 0.919133, 0.955022, 1, 

289,4397,0.001, 0.0192819, 0.0378253, 0.0478842, 0.061475, 0.149306, 0.156084, 0.166057, 0.287924, 0.29615, 0.3056, 0.307592, 0.373905, 0.469255, 0.649497, 0.729504, 0.803184, 1, 

Generation #16
304,3362,0.001, 0.0196905, 0.0353342, 0.0478842, 0.061475, 0.178203, 0.190539, 0.255738, 0.256696, 0.296372, 0.319679, 0.464555, 0.415795, 0.289167, 0.64311, 0.649497, 0.729504, 0.803184, 0.80209, 0.900286, 0.942871, 0.962562, 1, 

299,3878,0.001, 0.0192819, 0.0378253, 0.0436689, 0.0488421, 0.126569, 0.176682, 0.209859, 0.221429, 0.300978, 0.30798, 0.451346, 0.469255, 0.649497, 0.729504, 1, 

290,4196,0.001, 0.0196905, 0.0346475, 0.160651, 0.171957, 0.213287, 0.0754637, 0.228891, 0.249238, 0.301744, 0.324282, 0.256996, 0.309131, 0.804318, 0.890195, 0.942683, 0.936645, 1, 

302,3745,0.001, 0.0235501, 0.0278572, 0.0673173, 0.0864389, 0.158656, 0.176569, 0.183534, 0.480891, 0.481043, 0.528482, 0.637881, 0.919133, 0.955022, 1, 

289,4397,0.001, 0.0192819, 0.0378253, 0.0478842, 0.061475, 0.149306, 0.156084, 0.166057, 0.287924, 0.29615, 0.3056, 0.307592, 0.373905, 0.469255, 0.649497, 0.729504, 0.803184, 1, 

Generation #17
304,3362,0.001, 0.0196905, 0.0353342, 0.0478842, 0.061475, 0.178203, 0.190539, 0.255738, 0.256696, 0.296372, 0.319679, 0.464555, 0.415795, 0.289167, 0.64311, 0.649497, 0.729504, 0.803184, 0.80209, 0.900286, 0.942871, 0.962562, 1, 

299,3878,0.001, 0.0192819, 0.0378253, 0.0436689, 0.0488421, 0.126569, 0.176682, 0.209859, 0.221429, 0.300978, 0.30798, 0.451346, 0.469255, 0.649497, 0.729504, 1, 

290,4196,0.001, 0.0196905, 0.0346475, 0.160651, 0.171957, 0.213287, 0.0754637, 0.228891, 0.249238, 0.301744, 0.324282, 0.256996, 0.309131, 0.804318, 0.890195, 0.942683, 0.936645, 1, 

302,3745,0.001, 0.0235501, 0.0278572, 0.0673173, 0.0864389, 0.158656, 0.176569, 0.183534, 0.480891, 0.481043, 0.528482, 0.637881, 0.919133, 0.955022, 1, 

289,4397,0.001, 0.0192819, 0.0378253, 0.0478842, 0.061475, 0.149306, 0.156084, 0.166057, 0.287924, 0.29615, 0.3056, 0.307592, 0.373905, 0.469255, 0.649497, 0.729504, 0.803184, 1, 

Generation #18
304,3362,0.001, 0.0196905, 0.0353342, 0.0478842, 0.061475, 0.178203, 0.190539, 0.255738, 0.256696, 0.296372, 0.319679, 0.464555, 0.415795, 0.289167, 0.64311, 0.649497, 0.729504, 0.803184, 0.80209, 0.900286, 0.942871, 0.962562, 1, 

299,3878,0.001, 0.0192819, 0.0378253, 0.0436689, 0.0488421, 0.126569, 0.176682, 0.209859, 0.221429, 0.300978, 0.30798, 0.451346, 0.469255, 0.649497, 0.729504, 1, 

290,4196,0.001, 0.0196905, 0.0346475, 0.160651, 0.171957, 0.213287, 0.0754637, 0.228891, 0.249238, 0.301744, 0.324282, 0.256996, 0.309131, 0.804318, 0.890195, 0.942683, 0.936645, 1, 

302,3745,0.001, 0.0235501, 0.0278572, 0.0673173, 0.0864389, 0.158656, 0.176569, 0.183534, 0.480891, 0.481043, 0.528482, 0.637881, 0.919133, 0.955022, 1, 

289,4397,0.001, 0.0192819, 0.0378253, 0.0478842, 0.061475, 0.149306, 0.156084, 0.166057, 0.287924, 0.29615, 0.3056, 0.307592, 0.373905, 0.469255, 0.649497, 0.729504, 0.803184, 1, 

Generation #19
304,3362,0.001, 0.0196905, 0.0353342, 0.0478842, 0.061475, 0.178203, 0.190539, 0.255738, 0.256696, 0.296372, 0.319679, 0.464555, 0.415795, 0.289167, 0.64311, 0.649497, 0.729504, 0.803184, 0.80209, 0.900286, 0.942871, 0.962562, 1, 

299,3878,0.001, 0.0192819, 0.0378253, 0.0436689, 0.0488421, 0.126569, 0.176682, 0.209859, 0.221429, 0.300978, 0.30798, 0.451346, 0.469255, 0.649497, 0.729504, 1, 

290,4196,0.001, 0.0196905, 0.0346475, 0.160651, 0.171957, 0.213287, 0.0754637, 0.228891, 0.249238, 0.301744, 0.324282, 0.256996, 0.309131, 0.804318, 0.890195, 0.942683, 0.936645, 1, 

302,3745,0.001, 0.0235501, 0.0278572, 0.0673173, 0.0864389, 0.158656, 0.176569, 0.183534, 0.480891, 0.481043, 0.528482, 0.637881, 0.919133, 0.955022, 1, 

289,4397,0.001, 0.0192819, 0.0378253, 0.0478842, 0.061475, 0.149306, 0.156084, 0.166057, 0.287924, 0.29615, 0.3056, 0.307592, 0.373905, 0.469255, 0.649497, 0.729504, 0.803184, 1, 

Generation #20
290,4196,0.001, 0.0196905, 0.0346475, 0.160651, 0.171957, 0.213287, 0.0754637, 0.228891, 0.249238, 0.301744, 0.324282, 0.256996, 0.309131, 0.804318, 0.890195, 0.942683, 0.936645, 1, 

289,4397,0.001, 0.0192819, 0.0378253, 0.0478842, 0.061475, 0.149306, 0.156084, 0.166057, 0.287924, 0.29615, 0.3056, 0.307592, 0.373905, 0.469255, 0.649497, 0.729504, 0.803184, 1, 

294,3273,0.001, 0.0196905, 0.0353342, 0.0478842, 0.061475, 0.178203, 0.190539, 0.255738, 0.256696, 0.29615, 0.3056, 0.307592, 0.373905, 0.469255, 0.649497, 0.729504, 0.803184, 1, 

Generation #21
290,4196,0.001, 0.0196905, 0.0346475, 0.160651, 0.171957, 0.213287, 0.0754637, 0.228891, 0.249238, 0.301744, 0.324282, 0.256996, 0.309131, 0.804318, 0.890195, 0.942683, 0.936645, 1, 

289,4397,0.001, 0.0192819, 0.0378253, 0.0478842, 0.061475, 0.149306, 0.156084, 0.166057, 0.287924, 0.29615, 0.3056, 0.307592, 0.373905, 0.469255, 0.649497, 0.729504, 0.803184, 1, 

294,3273,0.001, 0.0196905, 0.0353342, 0.0478842, 0.061475, 0.178203, 0.190539, 0.255738, 0.256696, 0.29615, 0.3056, 0.307592, 0.373905, 0.469255, 0.649497, 0.729504, 0.803184, 1, 
