------------d=1, t=2, lambda=1, filename=./evaluation/Mobile/Mobile_2_1.csv------------
Computing partitioned counts of d-sets...
Ready to look at pairs based on partitioned counts...
First Stage N=157, Time=1757
There are 143227 remaining non-locating pairs
--- Running GA Algorithm (phase2) ---
Running GA with std::execution::par
Generation #0
309,5641,0.001, 0.0192819, 0.0378253, 0.0436689, 0.0488421, 0.126569, 0.176682, 0.209859, 0.221429, 0.300978, 0.30798, 0.31238, 0.403985, 0.428618, 0.466309, 0.477084, 0.480443, 0.516741, 0.598261, 0.60291, 0.664985, 0.665158, 0.675267, 0.722877, 0.734149, 0.744981, 0.775216, 0.791826, 0.832947, 0.942984, 1, 

306,9602,0.001, 0.0559579, 0.122001, 0.142081, 0.178506, 0.24723, 0.311856, 0.335374, 0.387032, 0.478691, 0.555619, 0.628171, 0.66984, 0.708944, 0.830003, 0.846306, 1, 

299,12002,0.001, 0.0220061, 0.0403541, 0.147682, 0.216712, 0.259018, 0.442634, 0.460517, 0.502375, 0.620516, 0.640219, 0.894347, 0.919133, 0.955022, 1, 

305,11136,0.001, 0.023756, 0.0685886, 0.0863197, 0.0999441, 0.104579, 0.146107, 0.162459, 0.177797, 0.290789, 0.30162, 0.303438, 0.324566, 0.337896, 0.427717, 0.540978, 0.573822, 0.663614, 0.709919, 0.826592, 0.852468, 0.862056, 0.866477, 0.918952, 0.95169, 0.969154, 0.970766, 1, 

Generation #1
299,12002,0.001, 0.0220061, 0.0403541, 0.147682, 0.216712, 0.259018, 0.442634, 0.460517, 0.502375, 0.620516, 0.640219, 0.894347, 0.919133, 0.955022, 1, 

300,8993,0.001, 0.0578977, 0.0852272, 0.0923077, 0.0998435, 0.13108, 0.2251, 0.232996, 0.330417, 0.347859, 0.587609, 0.608596, 0.653662, 0.784115, 0.84835, 0.864176, 1, 

303,2840,0.001, 0.0196905, 0.0353342, 0.0478842, 0.061475, 0.178203, 0.190539, 0.456095, 0.483578, 0.590807, 0.723909, 0.777246, 0.854417, 0.875574, 0.970578, 1, 

Generation #2
303,2840,0.001, 0.0196905, 0.0353342, 0.0478842, 0.061475, 0.178203, 0.190539, 0.456095, 0.483578, 0.590807, 0.723909, 0.777246, 0.854417, 0.875574, 0.970578, 1, 

297,5903,0.001, 0.0394461, 0.0442842, 0.114715, 0.12221, 0.123391, 0.130126, 0.14251, 0.190577, 0.205981, 0.777246, 0.854417, 0.875574, 0.970578, 1, 

294,7170,0.001, 0.0476908, 0.059184, 0.0656606, 0.0679078, 0.0703904, 0.0779164, 0.14323, 0.207711, 0.239302, 0.241312, 0.290979, 0.337079, 0.898317, 0.956428, 1, 

Generation #3
303,2840,0.001, 0.0196905, 0.0353342, 0.0478842, 0.061475, 0.178203, 0.190539, 0.456095, 0.483578, 0.590807, 0.723909, 0.777246, 0.854417, 0.875574, 0.970578, 1, 

297,5903,0.001, 0.0394461, 0.0442842, 0.114715, 0.12221, 0.123391, 0.130126, 0.14251, 0.190577, 0.205981, 0.777246, 0.854417, 0.875574, 0.970578, 1, 

287,6008,0.001, 0.0324431, 0.0455655, 0.314659, 0.114715, 0.12221, 0.123391, 0.130126, 0.14251, 0.190577, 0.205981, 0.777246, 0.854417, 0.875574, 0.970578, 1, 

300,5183,0.001, 0.0192819, 0.0378253, 0.0436689, 0.159014, 0.203437, 0.232009, 0.306834, 0.356499, 0.422862, 0.265542, 0.668251, 0.705078, 0.804318, 0.890195, 0.942683, 0.970922, 1, 

298,5795,0.001, 0.024165, 0.0623982, 0.163275, 0.168537, 0.193728, 0.205286, 0.249238, 0.267404, 0.270401, 0.356811, 0.390622, 0.919133, 0.955022, 1, 

Generation #4
303,2840,0.001, 0.0196905, 0.0353342, 0.0478842, 0.061475, 0.178203, 0.190539, 0.456095, 0.483578, 0.590807, 0.723909, 0.777246, 0.854417, 0.875574, 0.970578, 1, 

297,5903,0.001, 0.0394461, 0.0442842, 0.114715, 0.12221, 0.123391, 0.130126, 0.14251, 0.190577, 0.205981, 0.777246, 0.854417, 0.875574, 0.970578, 1, 

287,6008,0.001, 0.0324431, 0.0455655, 0.314659, 0.114715, 0.12221, 0.123391, 0.130126, 0.14251, 0.190577, 0.205981, 0.777246, 0.854417, 0.875574, 0.970578, 1, 

300,5183,0.001, 0.0192819, 0.0378253, 0.0436689, 0.159014, 0.203437, 0.232009, 0.306834, 0.356499, 0.422862, 0.265542, 0.668251, 0.705078, 0.804318, 0.890195, 0.942683, 0.970922, 1, 

298,5795,0.001, 0.024165, 0.0623982, 0.163275, 0.168537, 0.193728, 0.205286, 0.249238, 0.267404, 0.270401, 0.356811, 0.390622, 0.919133, 0.955022, 1, 

302,3786,0.001, 0.0196905, 0.0353342, 0.073143, 0.103517, 0.154117, 0.213493, 0.235176, 0.287924, 0.29615, 0.3056, 0.307592, 0.362031, 1, 

Generation #5
303,2840,0.001, 0.0196905, 0.0353342, 0.0478842, 0.061475, 0.178203, 0.190539, 0.456095, 0.483578, 0.590807, 0.723909, 0.777246, 0.854417, 0.875574, 0.970578, 1, 

287,6008,0.001, 0.0324431, 0.0455655, 0.314659, 0.114715, 0.12221, 0.123391, 0.130126, 0.14251, 0.190577, 0.205981, 0.777246, 0.854417, 0.875574, 0.970578, 1, 

300,5183,0.001, 0.0192819, 0.0378253, 0.0436689, 0.159014, 0.203437, 0.232009, 0.306834, 0.356499, 0.422862, 0.265542, 0.668251, 0.705078, 0.804318, 0.890195, 0.942683, 0.970922, 1, 

302,3786,0.001, 0.0196905, 0.0353342, 0.073143, 0.103517, 0.154117, 0.213493, 0.235176, 0.287924, 0.29615, 0.3056, 0.307592, 0.362031, 1, 

293,5310,0.001, 0.0235501, 0.0278572, 0.0673173, 0.0998435, 0.13108, 0.2251, 0.232996, 0.330417, 0.158311, 0.798912, 1, 

Generation #6
303,2840,0.001, 0.0196905, 0.0353342, 0.0478842, 0.061475, 0.178203, 0.190539, 0.456095, 0.483578, 0.590807, 0.723909, 0.777246, 0.854417, 0.875574, 0.970578, 1, 

287,6008,0.001, 0.0324431, 0.0455655, 0.314659, 0.114715, 0.12221, 0.123391, 0.130126, 0.14251, 0.190577, 0.205981, 0.777246, 0.854417, 0.875574, 0.970578, 1, 

302,3786,0.001, 0.0196905, 0.0353342, 0.073143, 0.103517, 0.154117, 0.213493, 0.235176, 0.287924, 0.29615, 0.3056, 0.307592, 0.362031, 1, 

291,5305,0.001, 0.0235501, 0.0278572, 0.0673173, 0.0998435, 0.13108, 0.2251, 0.232996, 0.11313, 0.158311, 0.370016, 1, 

296,4805,0.001, 0.0235501, 0.0278572, 0.073143, 0.103517, 0.213493, 0.235176, 0.287924, 0.29615, 0.3056, 1, 

299,4715,0.001, 0.0220061, 0.0403541, 0.147682, 0.216712, 0.259018, 0.311856, 0.57892, 0.387032, 0.478691, 0.370016, 0.705078, 0.804318, 0.890195, 0.942683, 0.970922, 1, 

Generation #7
303,2840,0.001, 0.0196905, 0.0353342, 0.0478842, 0.061475, 0.178203, 0.190539, 0.456095, 0.483578, 0.590807, 0.723909, 0.777246, 0.854417, 0.875574, 0.970578, 1, 

287,6008,0.001, 0.0324431, 0.0455655, 0.314659, 0.114715, 0.12221, 0.123391, 0.130126, 0.14251, 0.190577, 0.205981, 0.777246, 0.854417, 0.875574, 0.970578, 1, 

302,3786,0.001, 0.0196905, 0.0353342, 0.073143, 0.103517, 0.154117, 0.213493, 0.235176, 0.287924, 0.29615, 0.3056, 0.307592, 0.362031, 1, 

291,5305,0.001, 0.0235501, 0.0278572, 0.0673173, 0.0998435, 0.13108, 0.2251, 0.232996, 0.11313, 0.158311, 0.370016, 1, 

296,4805,0.001, 0.0235501, 0.0278572, 0.073143, 0.103517, 0.213493, 0.235176, 0.287924, 0.29615, 0.3056, 1, 

299,4715,0.001, 0.0220061, 0.0403541, 0.147682, 0.216712, 0.259018, 0.311856, 0.57892, 0.387032, 0.478691, 0.370016, 0.705078, 0.804318, 0.890195, 0.942683, 0.970922, 1, 

Generation #8
303,2840,0.001, 0.0196905, 0.0353342, 0.0478842, 0.061475, 0.178203, 0.190539, 0.456095, 0.483578, 0.590807, 0.723909, 0.777246, 0.854417, 0.875574, 0.970578, 1, 

287,6008,0.001, 0.0324431, 0.0455655, 0.314659, 0.114715, 0.12221, 0.123391, 0.130126, 0.14251, 0.190577, 0.205981, 0.777246, 0.854417, 0.875574, 0.970578, 1, 

302,3786,0.001, 0.0196905, 0.0353342, 0.073143, 0.103517, 0.154117, 0.213493, 0.235176, 0.287924, 0.29615, 0.3056, 0.307592, 0.362031, 1, 

291,5305,0.001, 0.0235501, 0.0278572, 0.0673173, 0.0998435, 0.13108, 0.2251, 0.232996, 0.11313, 0.158311, 0.370016, 1, 

296,4805,0.001, 0.0235501, 0.0278572, 0.073143, 0.103517, 0.213493, 0.235176, 0.287924, 0.29615, 0.3056, 1, 

299,4715,0.001, 0.0220061, 0.0403541, 0.147682, 0.216712, 0.259018, 0.311856, 0.57892, 0.387032, 0.478691, 0.370016, 0.705078, 0.804318, 0.890195, 0.942683, 0.970922, 1, 

Generation #9
303,2840,0.001, 0.0196905, 0.0353342, 0.0478842, 0.061475, 0.178203, 0.190539, 0.456095, 0.483578, 0.590807, 0.723909, 0.777246, 0.854417, 0.875574, 0.970578, 1, 

287,6008,0.001, 0.0324431, 0.0455655, 0.314659, 0.114715, 0.12221, 0.123391, 0.130126, 0.14251, 0.190577, 0.205981, 0.777246, 0.854417, 0.875574, 0.970578, 1, 

302,3786,0.001, 0.0196905, 0.0353342, 0.073143, 0.103517, 0.154117, 0.213493, 0.235176, 0.287924, 0.29615, 0.3056, 0.307592, 0.362031, 1, 

291,5305,0.001, 0.0235501, 0.0278572, 0.0673173, 0.0998435, 0.13108, 0.2251, 0.232996, 0.11313, 0.158311, 0.370016, 1, 

296,4805,0.001, 0.0235501, 0.0278572, 0.073143, 0.103517, 0.213493, 0.235176, 0.287924, 0.29615, 0.3056, 1, 

299,4715,0.001, 0.0220061, 0.0403541, 0.147682, 0.216712, 0.259018, 0.311856, 0.57892, 0.387032, 0.478691, 0.370016, 0.705078, 0.804318, 0.890195, 0.942683, 0.970922, 1, 

294,5178,0.001, 0.0235501, 0.0278572, 0.0673173, 0.12221, 0.123391, 0.130126, 0.14251, 0.256696, 0.784036, 0.798912, 1, 

Generation #10
303,2840,0.001, 0.0196905, 0.0353342, 0.0478842, 0.061475, 0.178203, 0.190539, 0.456095, 0.483578, 0.590807, 0.723909, 0.777246, 0.854417, 0.875574, 0.970578, 1, 

287,6008,0.001, 0.0324431, 0.0455655, 0.314659, 0.114715, 0.12221, 0.123391, 0.130126, 0.14251, 0.190577, 0.205981, 0.777246, 0.854417, 0.875574, 0.970578, 1, 

302,3786,0.001, 0.0196905, 0.0353342, 0.073143, 0.103517, 0.154117, 0.213493, 0.235176, 0.287924, 0.29615, 0.3056, 0.307592, 0.362031, 1, 

291,5305,0.001, 0.0235501, 0.0278572, 0.0673173, 0.0998435, 0.13108, 0.2251, 0.232996, 0.11313, 0.158311, 0.370016, 1, 

296,4805,0.001, 0.0235501, 0.0278572, 0.073143, 0.103517, 0.213493, 0.235176, 0.287924, 0.29615, 0.3056, 1, 

299,4715,0.001, 0.0220061, 0.0403541, 0.147682, 0.216712, 0.259018, 0.311856, 0.57892, 0.387032, 0.478691, 0.370016, 0.705078, 0.804318, 0.890195, 0.942683, 0.970922, 1, 

294,5178,0.001, 0.0235501, 0.0278572, 0.0673173, 0.12221, 0.123391, 0.130126, 0.14251, 0.256696, 0.784036, 0.798912, 1, 

301,4259,0.001, 0.0192819, 0.0378253, 0.0436689, 0.0488421, 0.126569, 0.176682, 0.209859, 0.221429, 0.300978, 0.30798, 0.31238, 0.278894, 0.328678, 0.382116, 1, 

300,4369,0.001, 0.0235501, 0.0378253, 0.0436689, 0.0488421, 0.126569, 0.176682, 0.209859, 0.221429, 0.300978, 0.30798, 0.31238, 0.337079, 0.898317, 0.956428, 1, 

Generation #11
303,2840,0.001, 0.0196905, 0.0353342, 0.0478842, 0.061475, 0.178203, 0.190539, 0.456095, 0.483578, 0.590807, 0.723909, 0.777246, 0.854417, 0.875574, 0.970578, 1, 

287,6008,0.001, 0.0324431, 0.0455655, 0.314659, 0.114715, 0.12221, 0.123391, 0.130126, 0.14251, 0.190577, 0.205981, 0.777246, 0.854417, 0.875574, 0.970578, 1, 

302,3786,0.001, 0.0196905, 0.0353342, 0.073143, 0.103517, 0.154117, 0.213493, 0.235176, 0.287924, 0.29615, 0.3056, 0.307592, 0.362031, 1, 

291,5305,0.001, 0.0235501, 0.0278572, 0.0673173, 0.0998435, 0.13108, 0.2251, 0.232996, 0.11313, 0.158311, 0.370016, 1, 

296,4805,0.001, 0.0235501, 0.0278572, 0.073143, 0.103517, 0.213493, 0.235176, 0.287924, 0.29615, 0.3056, 1, 

299,4715,0.001, 0.0220061, 0.0403541, 0.147682, 0.216712, 0.259018, 0.311856, 0.57892, 0.387032, 0.478691, 0.370016, 0.705078, 0.804318, 0.890195, 0.942683, 0.970922, 1, 

294,5178,0.001, 0.0235501, 0.0278572, 0.0673173, 0.12221, 0.123391, 0.130126, 0.14251, 0.256696, 0.784036, 0.798912, 1, 

301,4259,0.001, 0.0192819, 0.0378253, 0.0436689, 0.0488421, 0.126569, 0.176682, 0.209859, 0.221429, 0.300978, 0.30798, 0.31238, 0.278894, 0.328678, 0.382116, 1, 

300,4369,0.001, 0.0235501, 0.0378253, 0.0436689, 0.0488421, 0.126569, 0.176682, 0.209859, 0.221429, 0.300978, 0.30798, 0.31238, 0.337079, 0.898317, 0.956428, 1, 

Generation #12
303,2840,0.001, 0.0196905, 0.0353342, 0.0478842, 0.061475, 0.178203, 0.190539, 0.456095, 0.483578, 0.590807, 0.723909, 0.777246, 0.854417, 0.875574, 0.970578, 1, 

287,6008,0.001, 0.0324431, 0.0455655, 0.314659, 0.114715, 0.12221, 0.123391, 0.130126, 0.14251, 0.190577, 0.205981, 0.777246, 0.854417, 0.875574, 0.970578, 1, 

302,3786,0.001, 0.0196905, 0.0353342, 0.073143, 0.103517, 0.154117, 0.213493, 0.235176, 0.287924, 0.29615, 0.3056, 0.307592, 0.362031, 1, 

291,5305,0.001, 0.0235501, 0.0278572, 0.0673173, 0.0998435, 0.13108, 0.2251, 0.232996, 0.11313, 0.158311, 0.370016, 1, 

296,4805,0.001, 0.0235501, 0.0278572, 0.073143, 0.103517, 0.213493, 0.235176, 0.287924, 0.29615, 0.3056, 1, 

299,4715,0.001, 0.0220061, 0.0403541, 0.147682, 0.216712, 0.259018, 0.311856, 0.57892, 0.387032, 0.478691, 0.370016, 0.705078, 0.804318, 0.890195, 0.942683, 0.970922, 1, 

294,5178,0.001, 0.0235501, 0.0278572, 0.0673173, 0.12221, 0.123391, 0.130126, 0.14251, 0.256696, 0.784036, 0.798912, 1, 

301,4259,0.001, 0.0192819, 0.0378253, 0.0436689, 0.0488421, 0.126569, 0.176682, 0.209859, 0.221429, 0.300978, 0.30798, 0.31238, 0.278894, 0.328678, 0.382116, 1, 

300,4369,0.001, 0.0235501, 0.0378253, 0.0436689, 0.0488421, 0.126569, 0.176682, 0.209859, 0.221429, 0.300978, 0.30798, 0.31238, 0.337079, 0.898317, 0.956428, 1, 

Generation #13
303,2840,0.001, 0.0196905, 0.0353342, 0.0478842, 0.061475, 0.178203, 0.190539, 0.456095, 0.483578, 0.590807, 0.723909, 0.777246, 0.854417, 0.875574, 0.970578, 1, 

287,6008,0.001, 0.0324431, 0.0455655, 0.314659, 0.114715, 0.12221, 0.123391, 0.130126, 0.14251, 0.190577, 0.205981, 0.777246, 0.854417, 0.875574, 0.970578, 1, 

291,5305,0.001, 0.0235501, 0.0278572, 0.0673173, 0.0998435, 0.13108, 0.2251, 0.232996, 0.11313, 0.158311, 0.370016, 1, 

292,4470,0.001, 0.0192819, 0.0378253, 0.0436689, 0.0488421, 0.126569, 0.213493, 0.235176, 0.287924, 0.29615, 0.3056, 0.307592, 0.362031, 1, 

300,3719,0.001, 0.0196905, 0.0353342, 0.0478842, 0.0820275, 0.158728, 0.442634, 0.456095, 0.483578, 0.590807, 0.723909, 0.854417, 0.875574, 0.970578, 1, 

Generation #14
303,2840,0.001, 0.0196905, 0.0353342, 0.0478842, 0.061475, 0.178203, 0.190539, 0.456095, 0.483578, 0.590807, 0.723909, 0.777246, 0.854417, 0.875574, 0.970578, 1, 

287,6008,0.001, 0.0324431, 0.0455655, 0.314659, 0.114715, 0.12221, 0.123391, 0.130126, 0.14251, 0.190577, 0.205981, 0.777246, 0.854417, 0.875574, 0.970578, 1, 

291,5305,0.001, 0.0235501, 0.0278572, 0.0673173, 0.0998435, 0.13108, 0.2251, 0.232996, 0.11313, 0.158311, 0.370016, 1, 

292,4470,0.001, 0.0192819, 0.0378253, 0.0436689, 0.0488421, 0.126569, 0.213493, 0.235176, 0.287924, 0.29615, 0.3056, 0.307592, 0.362031, 1, 

300,3719,0.001, 0.0196905, 0.0353342, 0.0478842, 0.0820275, 0.158728, 0.442634, 0.456095, 0.483578, 0.590807, 0.723909, 0.854417, 0.875574, 0.970578, 1, 

299,4409,0.001, 0.0192819, 0.0378253, 0.0436689, 0.159014, 0.203437, 0.232009, 0.306834, 0.356499, 0.422862, 0.265542, 0.668251, 0.328678, 0.382116, 1, 

Generation #15
303,2840,0.001, 0.0196905, 0.0353342, 0.0478842, 0.061475, 0.178203, 0.190539, 0.456095, 0.483578, 0.590807, 0.723909, 0.777246, 0.854417, 0.875574, 0.970578, 1, 

287,6008,0.001, 0.0324431, 0.0455655, 0.314659, 0.114715, 0.12221, 0.123391, 0.130126, 0.14251, 0.190577, 0.205981, 0.777246, 0.854417, 0.875574, 0.970578, 1, 

291,5305,0.001, 0.0235501, 0.0278572, 0.0673173, 0.0998435, 0.13108, 0.2251, 0.232996, 0.11313, 0.158311, 0.370016, 1, 

292,4470,0.001, 0.0192819, 0.0378253, 0.0436689, 0.0488421, 0.126569, 0.213493, 0.235176, 0.287924, 0.29615, 0.3056, 0.307592, 0.362031, 1, 

300,3719,0.001, 0.0196905, 0.0353342, 0.0478842, 0.0820275, 0.158728, 0.442634, 0.456095, 0.483578, 0.590807, 0.723909, 0.854417, 0.875574, 0.970578, 1, 

299,4409,0.001, 0.0192819, 0.0378253, 0.0436689, 0.159014, 0.203437, 0.232009, 0.306834, 0.356499, 0.422862, 0.265542, 0.668251, 0.328678, 0.382116, 1, 

Generation #16
303,2840,0.001, 0.0196905, 0.0353342, 0.0478842, 0.061475, 0.178203, 0.190539, 0.456095, 0.483578, 0.590807, 0.723909, 0.777246, 0.854417, 0.875574, 0.970578, 1, 

287,6008,0.001, 0.0324431, 0.0455655, 0.314659, 0.114715, 0.12221, 0.123391, 0.130126, 0.14251, 0.190577, 0.205981, 0.777246, 0.854417, 0.875574, 0.970578, 1, 

291,5305,0.001, 0.0235501, 0.0278572, 0.0673173, 0.0998435, 0.13108, 0.2251, 0.232996, 0.11313, 0.158311, 0.370016, 1, 

292,4470,0.001, 0.0192819, 0.0378253, 0.0436689, 0.0488421, 0.126569, 0.213493, 0.235176, 0.287924, 0.29615, 0.3056, 0.307592, 0.362031, 1, 

300,3719,0.001, 0.0196905, 0.0353342, 0.0478842, 0.0820275, 0.158728, 0.442634, 0.456095, 0.483578, 0.590807, 0.723909, 0.854417, 0.875574, 0.970578, 1, 

299,4409,0.001, 0.0192819, 0.0378253, 0.0436689, 0.159014, 0.203437, 0.232009, 0.306834, 0.356499, 0.422862, 0.265542, 0.668251, 0.328678, 0.382116, 1, 

Generation #17
303,2840,0.001, 0.0196905, 0.0353342, 0.0478842, 0.061475, 0.178203, 0.190539, 0.456095, 0.483578, 0.590807, 0.723909, 0.777246, 0.854417, 0.875574, 0.970578, 1, 

287,6008,0.001, 0.0324431, 0.0455655, 0.314659, 0.114715, 0.12221, 0.123391, 0.130126, 0.14251, 0.190577, 0.205981, 0.777246, 0.854417, 0.875574, 0.970578, 1, 

291,5305,0.001, 0.0235501, 0.0278572, 0.0673173, 0.0998435, 0.13108, 0.2251, 0.232996, 0.11313, 0.158311, 0.370016, 1, 

292,4470,0.001, 0.0192819, 0.0378253, 0.0436689, 0.0488421, 0.126569, 0.213493, 0.235176, 0.287924, 0.29615, 0.3056, 0.307592, 0.362031, 1, 

300,3719,0.001, 0.0196905, 0.0353342, 0.0478842, 0.0820275, 0.158728, 0.442634, 0.456095, 0.483578, 0.590807, 0.723909, 0.854417, 0.875574, 0.970578, 1, 

299,4409,0.001, 0.0192819, 0.0378253, 0.0436689, 0.159014, 0.203437, 0.232009, 0.306834, 0.356499, 0.422862, 0.265542, 0.668251, 0.328678, 0.382116, 1, 

Generation #18
303,2840,0.001, 0.0196905, 0.0353342, 0.0478842, 0.061475, 0.178203, 0.190539, 0.456095, 0.483578, 0.590807, 0.723909, 0.777246, 0.854417, 0.875574, 0.970578, 1, 

287,6008,0.001, 0.0324431, 0.0455655, 0.314659, 0.114715, 0.12221, 0.123391, 0.130126, 0.14251, 0.190577, 0.205981, 0.777246, 0.854417, 0.875574, 0.970578, 1, 

291,5305,0.001, 0.0235501, 0.0278572, 0.0673173, 0.0998435, 0.13108, 0.2251, 0.232996, 0.11313, 0.158311, 0.370016, 1, 

292,4470,0.001, 0.0192819, 0.0378253, 0.0436689, 0.0488421, 0.126569, 0.213493, 0.235176, 0.287924, 0.29615, 0.3056, 0.307592, 0.362031, 1, 

300,3719,0.001, 0.0196905, 0.0353342, 0.0478842, 0.0820275, 0.158728, 0.442634, 0.456095, 0.483578, 0.590807, 0.723909, 0.854417, 0.875574, 0.970578, 1, 

299,4409,0.001, 0.0192819, 0.0378253, 0.0436689, 0.159014, 0.203437, 0.232009, 0.306834, 0.356499, 0.422862, 0.265542, 0.668251, 0.328678, 0.382116, 1, 

Generation #19
303,2840,0.001, 0.0196905, 0.0353342, 0.0478842, 0.061475, 0.178203, 0.190539, 0.456095, 0.483578, 0.590807, 0.723909, 0.777246, 0.854417, 0.875574, 0.970578, 1, 

287,6008,0.001, 0.0324431, 0.0455655, 0.314659, 0.114715, 0.12221, 0.123391, 0.130126, 0.14251, 0.190577, 0.205981, 0.777246, 0.854417, 0.875574, 0.970578, 1, 

291,5305,0.001, 0.0235501, 0.0278572, 0.0673173, 0.0998435, 0.13108, 0.2251, 0.232996, 0.11313, 0.158311, 0.370016, 1, 

300,3719,0.001, 0.0196905, 0.0353342, 0.0478842, 0.0820275, 0.158728, 0.442634, 0.456095, 0.483578, 0.590807, 0.723909, 0.854417, 0.875574, 0.970578, 1, 

292,4433,0.001, 0.0235501, 0.0278572, 0.073143, 0.103517, 0.154117, 0.213493, 0.235176, 0.287924, 0.29615, 0.798912, 1, 

294,4347,0.001, 0.0196905, 0.0353342, 0.073143, 0.103517, 0.154117, 0.213493, 0.235176, 0.235176, 0.287924, 0.29615, 0.3056, 0.307592, 0.362031, 1, 

Generation #20
303,2840,0.001, 0.0196905, 0.0353342, 0.0478842, 0.061475, 0.178203, 0.190539, 0.456095, 0.483578, 0.590807, 0.723909, 0.777246, 0.854417, 0.875574, 0.970578, 1, 

287,6008,0.001, 0.0324431, 0.0455655, 0.314659, 0.114715, 0.12221, 0.123391, 0.130126, 0.14251, 0.190577, 0.205981, 0.777246, 0.854417, 0.875574, 0.970578, 1, 

291,5305,0.001, 0.0235501, 0.0278572, 0.0673173, 0.0998435, 0.13108, 0.2251, 0.232996, 0.11313, 0.158311, 0.370016, 1, 

300,3719,0.001, 0.0196905, 0.0353342, 0.0478842, 0.0820275, 0.158728, 0.442634, 0.456095, 0.483578, 0.590807, 0.723909, 0.854417, 0.875574, 0.970578, 1, 

292,4433,0.001, 0.0235501, 0.0278572, 0.073143, 0.103517, 0.154117, 0.213493, 0.235176, 0.287924, 0.29615, 0.798912, 1, 

294,4347,0.001, 0.0196905, 0.0353342, 0.073143, 0.103517, 0.154117, 0.213493, 0.235176, 0.235176, 0.287924, 0.29615, 0.3056, 0.307592, 0.362031, 1, 

Generation #21
303,2840,0.001, 0.0196905, 0.0353342, 0.0478842, 0.061475, 0.178203, 0.190539, 0.456095, 0.483578, 0.590807, 0.723909, 0.777246, 0.854417, 0.875574, 0.970578, 1, 

287,6008,0.001, 0.0324431, 0.0455655, 0.314659, 0.114715, 0.12221, 0.123391, 0.130126, 0.14251, 0.190577, 0.205981, 0.777246, 0.854417, 0.875574, 0.970578, 1, 

291,5305,0.001, 0.0235501, 0.0278572, 0.0673173, 0.0998435, 0.13108, 0.2251, 0.232996, 0.11313, 0.158311, 0.370016, 1, 

300,3719,0.001, 0.0196905, 0.0353342, 0.0478842, 0.0820275, 0.158728, 0.442634, 0.456095, 0.483578, 0.590807, 0.723909, 0.854417, 0.875574, 0.970578, 1, 

292,4433,0.001, 0.0235501, 0.0278572, 0.073143, 0.103517, 0.154117, 0.213493, 0.235176, 0.287924, 0.29615, 0.798912, 1, 

294,4347,0.001, 0.0196905, 0.0353342, 0.073143, 0.103517, 0.154117, 0.213493, 0.235176, 0.235176, 0.287924, 0.29615, 0.3056, 0.307592, 0.362031, 1, 

Generation #22
303,2840,0.001, 0.0196905, 0.0353342, 0.0478842, 0.061475, 0.178203, 0.190539, 0.456095, 0.483578, 0.590807, 0.723909, 0.777246, 0.854417, 0.875574, 0.970578, 1, 

287,6008,0.001, 0.0324431, 0.0455655, 0.314659, 0.114715, 0.12221, 0.123391, 0.130126, 0.14251, 0.190577, 0.205981, 0.777246, 0.854417, 0.875574, 0.970578, 1, 

291,5305,0.001, 0.0235501, 0.0278572, 0.0673173, 0.0998435, 0.13108, 0.2251, 0.232996, 0.11313, 0.158311, 0.370016, 1, 

300,3719,0.001, 0.0196905, 0.0353342, 0.0478842, 0.0820275, 0.158728, 0.442634, 0.456095, 0.483578, 0.590807, 0.723909, 0.854417, 0.875574, 0.970578, 1, 

292,4433,0.001, 0.0235501, 0.0278572, 0.073143, 0.103517, 0.154117, 0.213493, 0.235176, 0.287924, 0.29615, 0.798912, 1, 

294,4347,0.001, 0.0196905, 0.0353342, 0.073143, 0.103517, 0.154117, 0.213493, 0.235176, 0.235176, 0.287924, 0.29615, 0.3056, 0.307592, 0.362031, 1, 

296,4101,0.001, 0.0192819, 0.0378253, 0.0436689, 0.0488421, 0.126569, 0.176682, 0.209859, 0.300978, 0.30798, 0.31238, 0.278894, 0.328678, 0.382116, 1, 

Generation #23
303,2840,0.001, 0.0196905, 0.0353342, 0.0478842, 0.061475, 0.178203, 0.190539, 0.456095, 0.483578, 0.590807, 0.723909, 0.777246, 0.854417, 0.875574, 0.970578, 1, 

287,6008,0.001, 0.0324431, 0.0455655, 0.314659, 0.114715, 0.12221, 0.123391, 0.130126, 0.14251, 0.190577, 0.205981, 0.777246, 0.854417, 0.875574, 0.970578, 1, 

291,5305,0.001, 0.0235501, 0.0278572, 0.0673173, 0.0998435, 0.13108, 0.2251, 0.232996, 0.11313, 0.158311, 0.370016, 1, 

300,3719,0.001, 0.0196905, 0.0353342, 0.0478842, 0.0820275, 0.158728, 0.442634, 0.456095, 0.483578, 0.590807, 0.723909, 0.854417, 0.875574, 0.970578, 1, 

292,4433,0.001, 0.0235501, 0.0278572, 0.073143, 0.103517, 0.154117, 0.213493, 0.235176, 0.287924, 0.29615, 0.798912, 1, 

294,4347,0.001, 0.0196905, 0.0353342, 0.073143, 0.103517, 0.154117, 0.213493, 0.235176, 0.235176, 0.287924, 0.29615, 0.3056, 0.307592, 0.362031, 1, 

296,4101,0.001, 0.0192819, 0.0378253, 0.0436689, 0.0488421, 0.126569, 0.176682, 0.209859, 0.300978, 0.30798, 0.31238, 0.278894, 0.328678, 0.382116, 1, 

290,5558,0.001, 0.0235501, 0.0278572, 0.0673173, 0.0998435, 0.13108, 0.13108, 0.2251, 0.232996, 0.11313, 0.30798, 0.31238, 0.278894, 0.328678, 0.382116, 1, 

Generation #24
303,2840,0.001, 0.0196905, 0.0353342, 0.0478842, 0.061475, 0.178203, 0.190539, 0.456095, 0.483578, 0.590807, 0.723909, 0.777246, 0.854417, 0.875574, 0.970578, 1, 

287,6008,0.001, 0.0324431, 0.0455655, 0.314659, 0.114715, 0.12221, 0.123391, 0.130126, 0.14251, 0.190577, 0.205981, 0.777246, 0.854417, 0.875574, 0.970578, 1, 

291,5305,0.001, 0.0235501, 0.0278572, 0.0673173, 0.0998435, 0.13108, 0.2251, 0.232996, 0.11313, 0.158311, 0.370016, 1, 

300,3719,0.001, 0.0196905, 0.0353342, 0.0478842, 0.0820275, 0.158728, 0.442634, 0.456095, 0.483578, 0.590807, 0.723909, 0.854417, 0.875574, 0.970578, 1, 

292,4433,0.001, 0.0235501, 0.0278572, 0.073143, 0.103517, 0.154117, 0.213493, 0.235176, 0.287924, 0.29615, 0.798912, 1, 

294,4347,0.001, 0.0196905, 0.0353342, 0.073143, 0.103517, 0.154117, 0.213493, 0.235176, 0.235176, 0.287924, 0.29615, 0.3056, 0.307592, 0.362031, 1, 

296,4101,0.001, 0.0192819, 0.0378253, 0.0436689, 0.0488421, 0.126569, 0.176682, 0.209859, 0.300978, 0.30798, 0.31238, 0.278894, 0.328678, 0.382116, 1, 

290,5558,0.001, 0.0235501, 0.0278572, 0.0673173, 0.0998435, 0.13108, 0.13108, 0.2251, 0.232996, 0.11313, 0.30798, 0.31238, 0.278894, 0.328678, 0.382116, 1, 

298,4032,0.001, 0.0196905, 0.0353342, 0.073143, 0.103517, 0.154117, 0.213493, 0.209859, 0.221429, 0.300978, 0.30798, 0.31238, 0.337079, 0.898317, 0.956428, 1, 

Generation #25
303,2840,0.001, 0.0196905, 0.0353342, 0.0478842, 0.061475, 0.178203, 0.190539, 0.456095, 0.483578, 0.590807, 0.723909, 0.777246, 0.854417, 0.875574, 0.970578, 1, 

287,6008,0.001, 0.0324431, 0.0455655, 0.314659, 0.114715, 0.12221, 0.123391, 0.130126, 0.14251, 0.190577, 0.205981, 0.777246, 0.854417, 0.875574, 0.970578, 1, 

300,3719,0.001, 0.0196905, 0.0353342, 0.0478842, 0.0820275, 0.158728, 0.442634, 0.456095, 0.483578, 0.590807, 0.723909, 0.854417, 0.875574, 0.970578, 1, 

292,4433,0.001, 0.0235501, 0.0278572, 0.073143, 0.103517, 0.154117, 0.213493, 0.235176, 0.287924, 0.29615, 0.798912, 1, 

294,4347,0.001, 0.0196905, 0.0353342, 0.073143, 0.103517, 0.154117, 0.213493, 0.235176, 0.235176, 0.287924, 0.29615, 0.3056, 0.307592, 0.362031, 1, 

296,4101,0.001, 0.0192819, 0.0378253, 0.0436689, 0.0488421, 0.126569, 0.176682, 0.209859, 0.300978, 0.30798, 0.31238, 0.278894, 0.328678, 0.382116, 1, 

290,5558,0.001, 0.0235501, 0.0278572, 0.0673173, 0.0998435, 0.13108, 0.13108, 0.2251, 0.232996, 0.11313, 0.30798, 0.31238, 0.278894, 0.328678, 0.382116, 1, 

298,4032,0.001, 0.0196905, 0.0353342, 0.073143, 0.103517, 0.154117, 0.213493, 0.209859, 0.221429, 0.300978, 0.30798, 0.31238, 0.337079, 0.898317, 0.956428, 1, 

291,4979,0.001, 0.0235501, 0.0278572, 0.0673173, 0.0998435, 0.13108, 0.13108, 0.2251, 0.232996, 0.287924, 0.29615, 0.3056, 0.307592, 0.362031, 1, 
