------------d=1, t=2, lambda=1, filename=./evaluation/Mobile/Mobile_2_1.csv------------
Computing partitioned counts of d-sets...
Ready to look at pairs based on partitioned counts...
First Stage N=157, Time=1752
There are 143227 remaining non-locating pairs
--- Running GA Algorithm (phase2) ---
Running GA with std::execution::par
Generation #0
300,7288,0.001, 0.0250393, 0.095602, 0.114515, 0.11487, 0.135256, 0.272299, 0.280864, 0.301744, 0.324282, 0.367552, 0.434028, 0.450926, 0.480426, 0.611246, 0.614674, 0.68012, 0.870101, 0.884867, 0.884887, 0.890728, 0.934432, 1, 

321,5647,0.001, 0.0196905, 0.0353342, 0.0478842, 0.061475, 0.178203, 0.190539, 0.255738, 0.256696, 0.296372, 0.319679, 0.482123, 0.490425, 0.498136, 0.584051, 0.601316, 0.674883, 0.696279, 0.700045, 0.748599, 0.76431, 0.794748, 0.899311, 0.924478, 0.951384, 0.952576, 0.956597, 1, 

295,7618,0.001, 0.0356376, 0.042638, 0.0631329, 0.150155, 0.159365, 0.192541, 0.421231, 0.50787, 0.507873, 0.547463, 0.687964, 0.707853, 0.817689, 0.834871, 0.838442, 0.901683, 0.913295, 1, 

310,5670,0.001, 0.0235501, 0.0278572, 0.0673173, 0.0836384, 0.0864389, 0.158656, 0.176569, 0.183534, 0.212071, 0.212473, 0.229874, 0.278894, 0.328678, 0.382116, 0.388795, 0.390942, 0.394486, 0.4106, 0.478931, 0.490735, 0.577507, 0.58295, 0.656479, 0.790041, 0.971768, 1, 

Generation #1
295,7618,0.001, 0.0356376, 0.042638, 0.0631329, 0.150155, 0.159365, 0.192541, 0.421231, 0.50787, 0.507873, 0.547463, 0.687964, 0.707853, 0.817689, 0.834871, 0.838442, 0.901683, 0.913295, 1, 

305,4347,0.001, 0.0235501, 0.0278572, 0.0673173, 0.0836384, 0.0864389, 0.158656, 0.176569, 0.183534, 0.212071, 0.212473, 0.229874, 0.278894, 0.328678, 0.382116, 0.388795, 0.390942, 0.394486, 0.4106, 0.726772, 0.734254, 0.78653, 0.793038, 0.960297, 1, 

297,6392,0.001, 0.0250035, 0.0346475, 0.160651, 0.171957, 0.213287, 0.228891, 0.249238, 0.267404, 0.270401, 0.356811, 0.390622, 0.421565, 0.478526, 0.520061, 0.522452, 0.593141, 0.617118, 0.620662, 1, 

Generation #2
295,7618,0.001, 0.0356376, 0.042638, 0.0631329, 0.150155, 0.159365, 0.192541, 0.421231, 0.50787, 0.507873, 0.547463, 0.687964, 0.707853, 0.817689, 0.834871, 0.838442, 0.901683, 0.913295, 1, 

305,4347,0.001, 0.0235501, 0.0278572, 0.0673173, 0.0836384, 0.0864389, 0.158656, 0.176569, 0.183534, 0.212071, 0.212473, 0.229874, 0.278894, 0.328678, 0.382116, 0.388795, 0.390942, 0.394486, 0.4106, 0.726772, 0.734254, 0.78653, 0.793038, 0.960297, 1, 

297,6392,0.001, 0.0250035, 0.0346475, 0.160651, 0.171957, 0.213287, 0.228891, 0.249238, 0.267404, 0.270401, 0.356811, 0.390622, 0.421565, 0.478526, 0.520061, 0.522452, 0.593141, 0.617118, 0.620662, 1, 

299,5523,0.001, 0.0192819, 0.0378253, 0.0436689, 0.0488421, 0.126569, 0.176682, 0.209859, 0.221429, 0.300978, 0.30798, 0.31238, 0.362031, 0.373905, 0.469255, 0.641315, 0.689143, 0.721249, 0.720659, 0.802766, 0.810145, 0.900286, 0.942871, 0.962562, 1, 

Generation #3
295,7618,0.001, 0.0356376, 0.042638, 0.0631329, 0.150155, 0.159365, 0.192541, 0.421231, 0.50787, 0.507873, 0.547463, 0.687964, 0.707853, 0.817689, 0.834871, 0.838442, 0.901683, 0.913295, 1, 

305,4347,0.001, 0.0235501, 0.0278572, 0.0673173, 0.0836384, 0.0864389, 0.158656, 0.176569, 0.183534, 0.212071, 0.212473, 0.229874, 0.278894, 0.328678, 0.382116, 0.388795, 0.390942, 0.394486, 0.4106, 0.726772, 0.734254, 0.78653, 0.793038, 0.960297, 1, 

299,5523,0.001, 0.0192819, 0.0378253, 0.0436689, 0.0488421, 0.126569, 0.176682, 0.209859, 0.221429, 0.300978, 0.30798, 0.31238, 0.362031, 0.373905, 0.469255, 0.641315, 0.689143, 0.721249, 0.720659, 0.802766, 0.810145, 0.900286, 0.942871, 0.962562, 1, 

313,4212,0.001, 0.0192819, 0.0378253, 0.0436689, 0.0488421, 0.159365, 0.192541, 0.421231, 0.50787, 0.507873, 0.547463, 0.687964, 0.707853, 0.817689, 0.763079, 0.848104, 0.891459, 0.897342, 0.957805, 0.976399, 1, 

303,5031,0.001, 0.0250035, 0.0346475, 0.114515, 0.11487, 0.135256, 0.272299, 0.280864, 0.301744, 0.324282, 0.212473, 0.229874, 0.278894, 0.328678, 0.382116, 0.388795, 0.390942, 0.394486, 0.4106, 0.478931, 0.98956, 1, 

296,6138,0.001, 0.0356376, 0.042638, 0.0631329, 0.150155, 0.149306, 0.156084, 0.166057, 0.219701, 0.271892, 0.332197, 0.340528, 0.391268, 1, 

301,5242,0.001, 0.0356376, 0.042638, 0.0631329, 0.150155, 0.0996727, 0.149306, 0.156084, 0.166057, 0.219701, 0.271892, 0.332197, 0.340528, 0.391268, 1, 

320,4159,0.001, 0.0132409, 0.0403541, 0.147682, 0.216712, 0.198682, 0.2241, 0.41457, 0.428284, 0.470824, 0.47962, 0.702877, 0.714248, 0.771233, 0.7956, 0.83244, 0.908702, 1, 

Generation #4
305,4347,0.001, 0.0235501, 0.0278572, 0.0673173, 0.0836384, 0.0864389, 0.158656, 0.176569, 0.183534, 0.212071, 0.212473, 0.229874, 0.278894, 0.328678, 0.382116, 0.388795, 0.390942, 0.394486, 0.4106, 0.726772, 0.734254, 0.78653, 0.793038, 0.960297, 1, 

320,4159,0.001, 0.0132409, 0.0403541, 0.147682, 0.216712, 0.198682, 0.2241, 0.41457, 0.428284, 0.470824, 0.47962, 0.702877, 0.714248, 0.771233, 0.7956, 0.83244, 0.908702, 1, 

289,4982,0.001, 0.0235501, 0.042638, 0.0631329, 0.150155, 0.149306, 0.156084, 0.166057, 0.219701, 0.271892, 0.332197, 0.340528, 0.391268, 1, 

313,4210,0.001, 0.0235501, 0.0278572, 0.0673173, 0.0836384, 0.0864389, 0.158656, 0.176569, 0.183534, 0.294759, 0.212473, 0.229874, 0.278894, 0.328678, 0.382116, 0.388795, 0.390942, 0.394486, 0.4106, 0.478931, 0.98956, 1, 

Generation #5
289,4982,0.001, 0.0235501, 0.042638, 0.0631329, 0.150155, 0.149306, 0.156084, 0.166057, 0.219701, 0.271892, 0.332197, 0.340528, 0.391268, 1, 

313,4108,0.001, 0.0192819, 0.0353342, 0.0478842, 0.0488421, 0.126569, 0.176682, 0.209859, 0.97724, 0.300978, 0.30798, 0.31238, 0.403985, 0.428618, 0.466309, 0.477084, 0.480443, 0.516741, 0.598261, 0.60291, 0.664985, 0.665158, 0.675267, 0.722877, 0.734149, 1, 

296,4496,0.001, 0.0192819, 0.0378253, 0.0436689, 0.0488421, 0.149306, 0.156084, 0.166057, 0.219701, 0.271892, 0.332197, 0.340528, 0.391268, 1, 

302,4276,0.001, 0.0235501, 0.0278572, 0.0673173, 0.0836384, 0.0864389, 0.158656, 0.176569, 0.183534, 0.212071, 0.212473, 0.229874, 0.278894, 0.328678, 0.382116, 0.388795, 0.390942, 0.394486, 0.4106, 0.726772, 0.734254, 0.78653, 0.793038, 0.960297, 1, 

Generation #6
289,4982,0.001, 0.0235501, 0.042638, 0.0631329, 0.150155, 0.149306, 0.156084, 0.166057, 0.219701, 0.271892, 0.332197, 0.340528, 0.391268, 1, 

296,4496,0.001, 0.0192819, 0.0378253, 0.0436689, 0.0488421, 0.149306, 0.156084, 0.166057, 0.219701, 0.271892, 0.332197, 0.340528, 0.391268, 1, 

302,4045,0.001, 0.0235501, 0.0278572, 0.0673173, 0.0836384, 0.0864389, 0.158656, 0.176569, 0.183534, 0.212071, 0.212473, 0.229874, 0.278894, 0.395331, 0.436727, 0.511864, 0.530893, 0.533042, 0.663908, 0.673833, 0.696111, 0.745631, 0.760403, 0.771567, 0.784373, 0.879381, 0.907467, 1, 

Generation #7
289,4982,0.001, 0.0235501, 0.042638, 0.0631329, 0.150155, 0.149306, 0.156084, 0.166057, 0.219701, 0.271892, 0.332197, 0.340528, 0.391268, 1, 

296,4496,0.001, 0.0192819, 0.0378253, 0.0436689, 0.0488421, 0.149306, 0.156084, 0.166057, 0.219701, 0.271892, 0.332197, 0.340528, 0.391268, 1, 

301,4467,0.001, 0.0192819, 0.0378253, 0.0436689, 0.0488421, 0.126569, 0.176682, 0.235176, 0.287924, 0.29615, 0.3056, 0.152844, 0.307592, 0.362031, 0.533338, 0.561575, 0.589227, 0.697418, 0.253558, 0.759259, 0.763902, 0.512551, 1, 

303,3579,0.001, 0.0235501, 0.0278572, 0.0673173, 0.0836384, 0.0864389, 0.158656, 0.176569, 0.183534, 0.294759, 0.212473, 0.229874, 0.278894, 0.328678, 0.382116, 0.388795, 0.390942, 0.394486, 0.4106, 0.478931, 0.98956, 1, 

302,3787,0.001, 0.0235501, 0.0278572, 0.0673173, 0.0836384, 0.0996727, 0.149306, 0.156084, 0.166057, 0.219701, 0.271892, 0.332197, 0.340528, 0.391268, 1, 

Generation #8
289,4982,0.001, 0.0235501, 0.042638, 0.0631329, 0.150155, 0.149306, 0.156084, 0.166057, 0.219701, 0.271892, 0.332197, 0.340528, 0.391268, 1, 

296,4496,0.001, 0.0192819, 0.0378253, 0.0436689, 0.0488421, 0.149306, 0.156084, 0.166057, 0.219701, 0.271892, 0.332197, 0.340528, 0.391268, 1, 

301,4467,0.001, 0.0192819, 0.0378253, 0.0436689, 0.0488421, 0.126569, 0.176682, 0.235176, 0.287924, 0.29615, 0.3056, 0.152844, 0.307592, 0.362031, 0.533338, 0.561575, 0.589227, 0.697418, 0.253558, 0.759259, 0.763902, 0.512551, 1, 

303,3579,0.001, 0.0235501, 0.0278572, 0.0673173, 0.0836384, 0.0864389, 0.158656, 0.176569, 0.183534, 0.294759, 0.212473, 0.229874, 0.278894, 0.328678, 0.382116, 0.388795, 0.390942, 0.394486, 0.4106, 0.478931, 0.98956, 1, 

302,3787,0.001, 0.0235501, 0.0278572, 0.0673173, 0.0836384, 0.0996727, 0.149306, 0.156084, 0.166057, 0.219701, 0.271892, 0.332197, 0.340528, 0.391268, 1, 

287,7087,0.001, 0.0356376, 0.042638, 0.0631329, 0.150155, 0.149306, 0.156084, 0.166057, 0.219701, 0.271892, 0.332197, 0.340528, 0.391268, 0.397079, 0.417259, 0.609669, 0.901683, 0.913295, 1, 

295,4679,0.001, 0.0235501, 0.0278572, 0.0673173, 0.0836384, 0.0864389, 0.158656, 0.176569, 0.183534, 0.212071, 0.212473, 0.229874, 0.278894, 0.478526, 0.520061, 0.929627, 0.949475, 1, 

Generation #9
289,4982,0.001, 0.0235501, 0.042638, 0.0631329, 0.150155, 0.149306, 0.156084, 0.166057, 0.219701, 0.271892, 0.332197, 0.340528, 0.391268, 1, 

296,4496,0.001, 0.0192819, 0.0378253, 0.0436689, 0.0488421, 0.149306, 0.156084, 0.166057, 0.219701, 0.271892, 0.332197, 0.340528, 0.391268, 1, 

303,3579,0.001, 0.0235501, 0.0278572, 0.0673173, 0.0836384, 0.0864389, 0.158656, 0.176569, 0.183534, 0.294759, 0.212473, 0.229874, 0.278894, 0.328678, 0.382116, 0.388795, 0.390942, 0.394486, 0.4106, 0.478931, 0.98956, 1, 

302,3787,0.001, 0.0235501, 0.0278572, 0.0673173, 0.0836384, 0.0996727, 0.149306, 0.156084, 0.166057, 0.219701, 0.271892, 0.332197, 0.340528, 0.391268, 1, 

287,7087,0.001, 0.0356376, 0.042638, 0.0631329, 0.150155, 0.149306, 0.156084, 0.166057, 0.219701, 0.271892, 0.332197, 0.340528, 0.391268, 0.397079, 0.417259, 0.609669, 0.901683, 0.913295, 1, 

298,4398,0.001, 0.0196905, 0.0353342, 0.0478842, 0.0488421, 0.126569, 0.176682, 0.235176, 0.287924, 0.3056, 0.307592, 0.307592, 0.362031, 1, 

295,4642,0.001, 0.0235501, 0.0278572, 0.0673173, 0.0836384, 0.0864389, 0.158656, 0.156084, 0.166057, 0.219701, 0.332197, 0.340528, 0.391268, 0.397079, 0.417259, 0.609669, 0.901683, 0.913295, 1, 

291,4927,0.001, 0.0196905, 0.0353342, 0.0673173, 0.0836384, 0.0864389, 0.158656, 0.155727, 0.176771, 0.202522, 0.32021, 0.393839, 0.397079, 0.391268, 1, 

Generation #10
296,4496,0.001, 0.0192819, 0.0378253, 0.0436689, 0.0488421, 0.149306, 0.156084, 0.166057, 0.219701, 0.271892, 0.332197, 0.340528, 0.391268, 1, 

303,3579,0.001, 0.0235501, 0.0278572, 0.0673173, 0.0836384, 0.0864389, 0.158656, 0.176569, 0.183534, 0.294759, 0.212473, 0.229874, 0.278894, 0.328678, 0.382116, 0.388795, 0.390942, 0.394486, 0.4106, 0.478931, 0.98956, 1, 

302,3787,0.001, 0.0235501, 0.0278572, 0.0673173, 0.0836384, 0.0996727, 0.149306, 0.156084, 0.166057, 0.219701, 0.271892, 0.332197, 0.340528, 0.391268, 1, 

287,7087,0.001, 0.0356376, 0.042638, 0.0631329, 0.150155, 0.149306, 0.156084, 0.166057, 0.219701, 0.271892, 0.332197, 0.340528, 0.391268, 0.397079, 0.417259, 0.609669, 0.901683, 0.913295, 1, 

298,4398,0.001, 0.0196905, 0.0353342, 0.0478842, 0.0488421, 0.126569, 0.176682, 0.235176, 0.287924, 0.3056, 0.307592, 0.307592, 0.362031, 1, 

295,4642,0.001, 0.0235501, 0.0278572, 0.0673173, 0.0836384, 0.0864389, 0.158656, 0.156084, 0.166057, 0.219701, 0.332197, 0.340528, 0.391268, 0.397079, 0.417259, 0.609669, 0.901683, 0.913295, 1, 

299,4339,0.001, 0.0235501, 0.0378253, 0.0436689, 0.0488421, 0.149306, 0.156084, 0.166057, 0.219701, 0.271892, 0.332197, 0.340528, 0.391268, 1, 

289,4707,0.001, 0.0196905, 0.0353342, 0.0478842, 0.0488421, 0.126569, 0.176682, 0.235176, 0.287924, 0.219701, 0.271892, 0.332197, 0.340528, 0.391268, 1, 

Generation #11
296,4496,0.001, 0.0192819, 0.0378253, 0.0436689, 0.0488421, 0.149306, 0.156084, 0.166057, 0.219701, 0.271892, 0.332197, 0.340528, 0.391268, 1, 

303,3579,0.001, 0.0235501, 0.0278572, 0.0673173, 0.0836384, 0.0864389, 0.158656, 0.176569, 0.183534, 0.294759, 0.212473, 0.229874, 0.278894, 0.328678, 0.382116, 0.388795, 0.390942, 0.394486, 0.4106, 0.478931, 0.98956, 1, 

302,3787,0.001, 0.0235501, 0.0278572, 0.0673173, 0.0836384, 0.0996727, 0.149306, 0.156084, 0.166057, 0.219701, 0.271892, 0.332197, 0.340528, 0.391268, 1, 

287,7087,0.001, 0.0356376, 0.042638, 0.0631329, 0.150155, 0.149306, 0.156084, 0.166057, 0.219701, 0.271892, 0.332197, 0.340528, 0.391268, 0.397079, 0.417259, 0.609669, 0.901683, 0.913295, 1, 

298,4398,0.001, 0.0196905, 0.0353342, 0.0478842, 0.0488421, 0.126569, 0.176682, 0.235176, 0.287924, 0.3056, 0.307592, 0.307592, 0.362031, 1, 

295,4642,0.001, 0.0235501, 0.0278572, 0.0673173, 0.0836384, 0.0864389, 0.158656, 0.156084, 0.166057, 0.219701, 0.332197, 0.340528, 0.391268, 0.397079, 0.417259, 0.609669, 0.901683, 0.913295, 1, 

299,4339,0.001, 0.0235501, 0.0378253, 0.0436689, 0.0488421, 0.149306, 0.156084, 0.166057, 0.219701, 0.271892, 0.332197, 0.340528, 0.391268, 1, 

289,4707,0.001, 0.0196905, 0.0353342, 0.0478842, 0.0488421, 0.126569, 0.176682, 0.235176, 0.287924, 0.219701, 0.271892, 0.332197, 0.340528, 0.391268, 1, 

300,4291,0.001, 0.0132409, 0.0403541, 0.147682, 0.150155, 0.149306, 0.156084, 0.166057, 0.219701, 0.271892, 0.332197, 0.340528, 0.391268, 1, 

Generation #12
296,4496,0.001, 0.0192819, 0.0378253, 0.0436689, 0.0488421, 0.149306, 0.156084, 0.166057, 0.219701, 0.271892, 0.332197, 0.340528, 0.391268, 1, 

303,3579,0.001, 0.0235501, 0.0278572, 0.0673173, 0.0836384, 0.0864389, 0.158656, 0.176569, 0.183534, 0.294759, 0.212473, 0.229874, 0.278894, 0.328678, 0.382116, 0.388795, 0.390942, 0.394486, 0.4106, 0.478931, 0.98956, 1, 

302,3787,0.001, 0.0235501, 0.0278572, 0.0673173, 0.0836384, 0.0996727, 0.149306, 0.156084, 0.166057, 0.219701, 0.271892, 0.332197, 0.340528, 0.391268, 1, 

287,7087,0.001, 0.0356376, 0.042638, 0.0631329, 0.150155, 0.149306, 0.156084, 0.166057, 0.219701, 0.271892, 0.332197, 0.340528, 0.391268, 0.397079, 0.417259, 0.609669, 0.901683, 0.913295, 1, 

298,4398,0.001, 0.0196905, 0.0353342, 0.0478842, 0.0488421, 0.126569, 0.176682, 0.235176, 0.287924, 0.3056, 0.307592, 0.307592, 0.362031, 1, 

299,4339,0.001, 0.0235501, 0.0378253, 0.0436689, 0.0488421, 0.149306, 0.156084, 0.166057, 0.219701, 0.271892, 0.332197, 0.340528, 0.391268, 1, 

289,4707,0.001, 0.0196905, 0.0353342, 0.0478842, 0.0488421, 0.126569, 0.176682, 0.235176, 0.287924, 0.219701, 0.271892, 0.332197, 0.340528, 0.391268, 1, 

300,4291,0.001, 0.0132409, 0.0403541, 0.147682, 0.150155, 0.149306, 0.156084, 0.166057, 0.219701, 0.271892, 0.332197, 0.340528, 0.391268, 1, 

295,4572,0.001, 0.0192819, 0.0394461, 0.0442842, 0.0921894, 0.149306, 0.156084, 0.235176, 0.287924, 0.219701, 0.271892, 0.332197, 0.340528, 0.391268, 1, 

Generation #13
296,4496,0.001, 0.0192819, 0.0378253, 0.0436689, 0.0488421, 0.149306, 0.156084, 0.166057, 0.219701, 0.271892, 0.332197, 0.340528, 0.391268, 1, 

303,3579,0.001, 0.0235501, 0.0278572, 0.0673173, 0.0836384, 0.0864389, 0.158656, 0.176569, 0.183534, 0.294759, 0.212473, 0.229874, 0.278894, 0.328678, 0.382116, 0.388795, 0.390942, 0.394486, 0.4106, 0.478931, 0.98956, 1, 

302,3787,0.001, 0.0235501, 0.0278572, 0.0673173, 0.0836384, 0.0996727, 0.149306, 0.156084, 0.166057, 0.219701, 0.271892, 0.332197, 0.340528, 0.391268, 1, 

287,7087,0.001, 0.0356376, 0.042638, 0.0631329, 0.150155, 0.149306, 0.156084, 0.166057, 0.219701, 0.271892, 0.332197, 0.340528, 0.391268, 0.397079, 0.417259, 0.609669, 0.901683, 0.913295, 1, 

298,4398,0.001, 0.0196905, 0.0353342, 0.0478842, 0.0488421, 0.126569, 0.176682, 0.235176, 0.287924, 0.3056, 0.307592, 0.307592, 0.362031, 1, 

289,4707,0.001, 0.0196905, 0.0353342, 0.0478842, 0.0488421, 0.126569, 0.176682, 0.235176, 0.287924, 0.219701, 0.271892, 0.332197, 0.340528, 0.391268, 1, 

295,4572,0.001, 0.0192819, 0.0394461, 0.0442842, 0.0921894, 0.149306, 0.156084, 0.235176, 0.287924, 0.219701, 0.271892, 0.332197, 0.340528, 0.391268, 1, 

288,5077,0.001, 0.0235501, 0.0278572, 0.0673173, 0.0836384, 0.0864389, 0.158656, 0.156084, 0.166057, 0.219701, 0.0989177, 0.332197, 0.340528, 0.895366, 1, 

299,3878,0.001, 0.0192819, 0.0394461, 0.0673173, 0.0836384, 0.0864389, 0.158656, 0.155727, 0.176771, 0.202522, 0.32021, 0.393839, 0.397079, 0.391268, 1, 

Generation #14
296,4496,0.001, 0.0192819, 0.0378253, 0.0436689, 0.0488421, 0.149306, 0.156084, 0.166057, 0.219701, 0.271892, 0.332197, 0.340528, 0.391268, 1, 

303,3579,0.001, 0.0235501, 0.0278572, 0.0673173, 0.0836384, 0.0864389, 0.158656, 0.176569, 0.183534, 0.294759, 0.212473, 0.229874, 0.278894, 0.328678, 0.382116, 0.388795, 0.390942, 0.394486, 0.4106, 0.478931, 0.98956, 1, 

302,3787,0.001, 0.0235501, 0.0278572, 0.0673173, 0.0836384, 0.0996727, 0.149306, 0.156084, 0.166057, 0.219701, 0.271892, 0.332197, 0.340528, 0.391268, 1, 

287,7087,0.001, 0.0356376, 0.042638, 0.0631329, 0.150155, 0.149306, 0.156084, 0.166057, 0.219701, 0.271892, 0.332197, 0.340528, 0.391268, 0.397079, 0.417259, 0.609669, 0.901683, 0.913295, 1, 

298,4398,0.001, 0.0196905, 0.0353342, 0.0478842, 0.0488421, 0.126569, 0.176682, 0.235176, 0.287924, 0.3056, 0.307592, 0.307592, 0.362031, 1, 

289,4707,0.001, 0.0196905, 0.0353342, 0.0478842, 0.0488421, 0.126569, 0.176682, 0.235176, 0.287924, 0.219701, 0.271892, 0.332197, 0.340528, 0.391268, 1, 

295,4572,0.001, 0.0192819, 0.0394461, 0.0442842, 0.0921894, 0.149306, 0.156084, 0.235176, 0.287924, 0.219701, 0.271892, 0.332197, 0.340528, 0.391268, 1, 

288,5077,0.001, 0.0235501, 0.0278572, 0.0673173, 0.0836384, 0.0864389, 0.158656, 0.156084, 0.166057, 0.219701, 0.0989177, 0.332197, 0.340528, 0.895366, 1, 

299,3878,0.001, 0.0192819, 0.0394461, 0.0673173, 0.0836384, 0.0864389, 0.158656, 0.155727, 0.176771, 0.202522, 0.32021, 0.393839, 0.397079, 0.391268, 1, 

Generation #15
303,3579,0.001, 0.0235501, 0.0278572, 0.0673173, 0.0836384, 0.0864389, 0.158656, 0.176569, 0.183534, 0.294759, 0.212473, 0.229874, 0.278894, 0.328678, 0.382116, 0.388795, 0.390942, 0.394486, 0.4106, 0.478931, 0.98956, 1, 

302,3787,0.001, 0.0235501, 0.0278572, 0.0673173, 0.0836384, 0.0996727, 0.149306, 0.156084, 0.166057, 0.219701, 0.271892, 0.332197, 0.340528, 0.391268, 1, 

287,7087,0.001, 0.0356376, 0.042638, 0.0631329, 0.150155, 0.149306, 0.156084, 0.166057, 0.219701, 0.271892, 0.332197, 0.340528, 0.391268, 0.397079, 0.417259, 0.609669, 0.901683, 0.913295, 1, 

289,4707,0.001, 0.0196905, 0.0353342, 0.0478842, 0.0488421, 0.126569, 0.176682, 0.235176, 0.287924, 0.219701, 0.271892, 0.332197, 0.340528, 0.391268, 1, 

288,5077,0.001, 0.0235501, 0.0278572, 0.0673173, 0.0836384, 0.0864389, 0.158656, 0.156084, 0.166057, 0.219701, 0.0989177, 0.332197, 0.340528, 0.895366, 1, 

299,3878,0.001, 0.0192819, 0.0394461, 0.0673173, 0.0836384, 0.0864389, 0.158656, 0.155727, 0.176771, 0.202522, 0.32021, 0.393839, 0.397079, 0.391268, 1, 

295,4196,0.001, 0.0196905, 0.0353342, 0.0673173, 0.0836384, 0.0864389, 0.158656, 0.166057, 0.219701, 0.271892, 0.332197, 0.340528, 0.391268, 1, 

Generation #16
303,3579,0.001, 0.0235501, 0.0278572, 0.0673173, 0.0836384, 0.0864389, 0.158656, 0.176569, 0.183534, 0.294759, 0.212473, 0.229874, 0.278894, 0.328678, 0.382116, 0.388795, 0.390942, 0.394486, 0.4106, 0.478931, 0.98956, 1, 

302,3787,0.001, 0.0235501, 0.0278572, 0.0673173, 0.0836384, 0.0996727, 0.149306, 0.156084, 0.166057, 0.219701, 0.271892, 0.332197, 0.340528, 0.391268, 1, 

287,7087,0.001, 0.0356376, 0.042638, 0.0631329, 0.150155, 0.149306, 0.156084, 0.166057, 0.219701, 0.271892, 0.332197, 0.340528, 0.391268, 0.397079, 0.417259, 0.609669, 0.901683, 0.913295, 1, 

289,4707,0.001, 0.0196905, 0.0353342, 0.0478842, 0.0488421, 0.126569, 0.176682, 0.235176, 0.287924, 0.219701, 0.271892, 0.332197, 0.340528, 0.391268, 1, 

288,5077,0.001, 0.0235501, 0.0278572, 0.0673173, 0.0836384, 0.0864389, 0.158656, 0.156084, 0.166057, 0.219701, 0.0989177, 0.332197, 0.340528, 0.895366, 1, 

299,3878,0.001, 0.0192819, 0.0394461, 0.0673173, 0.0836384, 0.0864389, 0.158656, 0.155727, 0.176771, 0.202522, 0.32021, 0.393839, 0.397079, 0.391268, 1, 

295,4196,0.001, 0.0196905, 0.0353342, 0.0673173, 0.0836384, 0.0864389, 0.158656, 0.166057, 0.219701, 0.271892, 0.332197, 0.340528, 0.391268, 1, 

293,4603,0.001, 0.0196905, 0.0353342, 0.0673173, 0.0836384, 0.0864389, 0.158656, 0.176569, 0.183534, 0.212071, 0.212473, 0.229874, 0.278894, 0.328678, 0.382116, 0.388795, 0.689143, 0.721249, 0.720659, 0.802766, 0.810145, 0.900286, 0.942871, 0.962562, 1, 

Generation #17
303,3579,0.001, 0.0235501, 0.0278572, 0.0673173, 0.0836384, 0.0864389, 0.158656, 0.176569, 0.183534, 0.294759, 0.212473, 0.229874, 0.278894, 0.328678, 0.382116, 0.388795, 0.390942, 0.394486, 0.4106, 0.478931, 0.98956, 1, 

302,3787,0.001, 0.0235501, 0.0278572, 0.0673173, 0.0836384, 0.0996727, 0.149306, 0.156084, 0.166057, 0.219701, 0.271892, 0.332197, 0.340528, 0.391268, 1, 

287,7087,0.001, 0.0356376, 0.042638, 0.0631329, 0.150155, 0.149306, 0.156084, 0.166057, 0.219701, 0.271892, 0.332197, 0.340528, 0.391268, 0.397079, 0.417259, 0.609669, 0.901683, 0.913295, 1, 

289,4707,0.001, 0.0196905, 0.0353342, 0.0478842, 0.0488421, 0.126569, 0.176682, 0.235176, 0.287924, 0.219701, 0.271892, 0.332197, 0.340528, 0.391268, 1, 

288,5077,0.001, 0.0235501, 0.0278572, 0.0673173, 0.0836384, 0.0864389, 0.158656, 0.156084, 0.166057, 0.219701, 0.0989177, 0.332197, 0.340528, 0.895366, 1, 

299,3878,0.001, 0.0192819, 0.0394461, 0.0673173, 0.0836384, 0.0864389, 0.158656, 0.155727, 0.176771, 0.202522, 0.32021, 0.393839, 0.397079, 0.391268, 1, 

295,4196,0.001, 0.0196905, 0.0353342, 0.0673173, 0.0836384, 0.0864389, 0.158656, 0.166057, 0.219701, 0.271892, 0.332197, 0.340528, 0.391268, 1, 

293,4603,0.001, 0.0196905, 0.0353342, 0.0673173, 0.0836384, 0.0864389, 0.158656, 0.176569, 0.183534, 0.212071, 0.212473, 0.229874, 0.278894, 0.328678, 0.382116, 0.388795, 0.689143, 0.721249, 0.720659, 0.802766, 0.810145, 0.900286, 0.942871, 0.962562, 1, 

Generation #18
303,3579,0.001, 0.0235501, 0.0278572, 0.0673173, 0.0836384, 0.0864389, 0.158656, 0.176569, 0.183534, 0.294759, 0.212473, 0.229874, 0.278894, 0.328678, 0.382116, 0.388795, 0.390942, 0.394486, 0.4106, 0.478931, 0.98956, 1, 

302,3787,0.001, 0.0235501, 0.0278572, 0.0673173, 0.0836384, 0.0996727, 0.149306, 0.156084, 0.166057, 0.219701, 0.271892, 0.332197, 0.340528, 0.391268, 1, 

287,7087,0.001, 0.0356376, 0.042638, 0.0631329, 0.150155, 0.149306, 0.156084, 0.166057, 0.219701, 0.271892, 0.332197, 0.340528, 0.391268, 0.397079, 0.417259, 0.609669, 0.901683, 0.913295, 1, 

289,4707,0.001, 0.0196905, 0.0353342, 0.0478842, 0.0488421, 0.126569, 0.176682, 0.235176, 0.287924, 0.219701, 0.271892, 0.332197, 0.340528, 0.391268, 1, 

288,5077,0.001, 0.0235501, 0.0278572, 0.0673173, 0.0836384, 0.0864389, 0.158656, 0.156084, 0.166057, 0.219701, 0.0989177, 0.332197, 0.340528, 0.895366, 1, 

299,3878,0.001, 0.0192819, 0.0394461, 0.0673173, 0.0836384, 0.0864389, 0.158656, 0.155727, 0.176771, 0.202522, 0.32021, 0.393839, 0.397079, 0.391268, 1, 

295,4196,0.001, 0.0196905, 0.0353342, 0.0673173, 0.0836384, 0.0864389, 0.158656, 0.166057, 0.219701, 0.271892, 0.332197, 0.340528, 0.391268, 1, 

293,4603,0.001, 0.0196905, 0.0353342, 0.0673173, 0.0836384, 0.0864389, 0.158656, 0.176569, 0.183534, 0.212071, 0.212473, 0.229874, 0.278894, 0.328678, 0.382116, 0.388795, 0.689143, 0.721249, 0.720659, 0.802766, 0.810145, 0.900286, 0.942871, 0.962562, 1, 

Generation #19
303,3579,0.001, 0.0235501, 0.0278572, 0.0673173, 0.0836384, 0.0864389, 0.158656, 0.176569, 0.183534, 0.294759, 0.212473, 0.229874, 0.278894, 0.328678, 0.382116, 0.388795, 0.390942, 0.394486, 0.4106, 0.478931, 0.98956, 1, 

302,3787,0.001, 0.0235501, 0.0278572, 0.0673173, 0.0836384, 0.0996727, 0.149306, 0.156084, 0.166057, 0.219701, 0.271892, 0.332197, 0.340528, 0.391268, 1, 

287,7087,0.001, 0.0356376, 0.042638, 0.0631329, 0.150155, 0.149306, 0.156084, 0.166057, 0.219701, 0.271892, 0.332197, 0.340528, 0.391268, 0.397079, 0.417259, 0.609669, 0.901683, 0.913295, 1, 

289,4707,0.001, 0.0196905, 0.0353342, 0.0478842, 0.0488421, 0.126569, 0.176682, 0.235176, 0.287924, 0.219701, 0.271892, 0.332197, 0.340528, 0.391268, 1, 

299,3878,0.001, 0.0192819, 0.0394461, 0.0673173, 0.0836384, 0.0864389, 0.158656, 0.155727, 0.176771, 0.202522, 0.32021, 0.393839, 0.397079, 0.391268, 1, 

295,4196,0.001, 0.0196905, 0.0353342, 0.0673173, 0.0836384, 0.0864389, 0.158656, 0.166057, 0.219701, 0.271892, 0.332197, 0.340528, 0.391268, 1, 

293,4603,0.001, 0.0196905, 0.0353342, 0.0673173, 0.0836384, 0.0864389, 0.158656, 0.176569, 0.183534, 0.212071, 0.212473, 0.229874, 0.278894, 0.328678, 0.382116, 0.388795, 0.689143, 0.721249, 0.720659, 0.802766, 0.810145, 0.900286, 0.942871, 0.962562, 1, 

288,4737,0.001, 0.0192819, 0.0378253, 0.0436689, 0.0488421, 0.149306, 0.156084, 0.166057, 0.219701, 0.271892, 0.332197, 0.391268, 1, 

294,4405,0.001, 0.0192819, 0.0394461, 0.0442842, 0.0921894, 0.149306, 0.156084, 0.235176, 0.287924, 0.219701, 0.271892, 0.332197, 0.828608, 0.340528, 0.391268, 1, 

Generation #20
303,3579,0.001, 0.0235501, 0.0278572, 0.0673173, 0.0836384, 0.0864389, 0.158656, 0.176569, 0.183534, 0.294759, 0.212473, 0.229874, 0.278894, 0.328678, 0.382116, 0.388795, 0.390942, 0.394486, 0.4106, 0.478931, 0.98956, 1, 

287,7087,0.001, 0.0356376, 0.042638, 0.0631329, 0.150155, 0.149306, 0.156084, 0.166057, 0.219701, 0.271892, 0.332197, 0.340528, 0.391268, 0.397079, 0.417259, 0.609669, 0.901683, 0.913295, 1, 

289,4707,0.001, 0.0196905, 0.0353342, 0.0478842, 0.0488421, 0.126569, 0.176682, 0.235176, 0.287924, 0.219701, 0.271892, 0.332197, 0.340528, 0.391268, 1, 

288,4737,0.001, 0.0192819, 0.0378253, 0.0436689, 0.0488421, 0.149306, 0.156084, 0.166057, 0.219701, 0.271892, 0.332197, 0.391268, 1, 

290,3753,0.001, 0.0192819, 0.0394461, 0.0442842, 0.0921894, 0.149306, 0.158656, 0.156084, 0.166057, 0.219701, 0.271892, 0.332197, 0.340528, 0.391268, 1, 

Generation #21
303,3579,0.001, 0.0235501, 0.0278572, 0.0673173, 0.0836384, 0.0864389, 0.158656, 0.176569, 0.183534, 0.294759, 0.212473, 0.229874, 0.278894, 0.328678, 0.382116, 0.388795, 0.390942, 0.394486, 0.4106, 0.478931, 0.98956, 1, 

287,7087,0.001, 0.0356376, 0.042638, 0.0631329, 0.150155, 0.149306, 0.156084, 0.166057, 0.219701, 0.271892, 0.332197, 0.340528, 0.391268, 0.397079, 0.417259, 0.609669, 0.901683, 0.913295, 1, 

289,4707,0.001, 0.0196905, 0.0353342, 0.0478842, 0.0488421, 0.126569, 0.176682, 0.235176, 0.287924, 0.219701, 0.271892, 0.332197, 0.340528, 0.391268, 1, 

288,4737,0.001, 0.0192819, 0.0378253, 0.0436689, 0.0488421, 0.149306, 0.156084, 0.166057, 0.219701, 0.271892, 0.332197, 0.391268, 1, 

290,3753,0.001, 0.0192819, 0.0394461, 0.0442842, 0.0921894, 0.149306, 0.158656, 0.156084, 0.166057, 0.219701, 0.271892, 0.332197, 0.340528, 0.391268, 1, 

Generation #22
303,3579,0.001, 0.0235501, 0.0278572, 0.0673173, 0.0836384, 0.0864389, 0.158656, 0.176569, 0.183534, 0.294759, 0.212473, 0.229874, 0.278894, 0.328678, 0.382116, 0.388795, 0.390942, 0.394486, 0.4106, 0.478931, 0.98956, 1, 

287,7087,0.001, 0.0356376, 0.042638, 0.0631329, 0.150155, 0.149306, 0.156084, 0.166057, 0.219701, 0.271892, 0.332197, 0.340528, 0.391268, 0.397079, 0.417259, 0.609669, 0.901683, 0.913295, 1, 

289,4707,0.001, 0.0196905, 0.0353342, 0.0478842, 0.0488421, 0.126569, 0.176682, 0.235176, 0.287924, 0.219701, 0.271892, 0.332197, 0.340528, 0.391268, 1, 

288,4737,0.001, 0.0192819, 0.0378253, 0.0436689, 0.0488421, 0.149306, 0.156084, 0.166057, 0.219701, 0.271892, 0.332197, 0.391268, 1, 

290,3753,0.001, 0.0192819, 0.0394461, 0.0442842, 0.0921894, 0.149306, 0.158656, 0.156084, 0.166057, 0.219701, 0.271892, 0.332197, 0.340528, 0.391268, 1, 

Generation #23
303,3579,0.001, 0.0235501, 0.0278572, 0.0673173, 0.0836384, 0.0864389, 0.158656, 0.176569, 0.183534, 0.294759, 0.212473, 0.229874, 0.278894, 0.328678, 0.382116, 0.388795, 0.390942, 0.394486, 0.4106, 0.478931, 0.98956, 1, 

287,7087,0.001, 0.0356376, 0.042638, 0.0631329, 0.150155, 0.149306, 0.156084, 0.166057, 0.219701, 0.271892, 0.332197, 0.340528, 0.391268, 0.397079, 0.417259, 0.609669, 0.901683, 0.913295, 1, 

289,4707,0.001, 0.0196905, 0.0353342, 0.0478842, 0.0488421, 0.126569, 0.176682, 0.235176, 0.287924, 0.219701, 0.271892, 0.332197, 0.340528, 0.391268, 1, 

288,4737,0.001, 0.0192819, 0.0378253, 0.0436689, 0.0488421, 0.149306, 0.156084, 0.166057, 0.219701, 0.271892, 0.332197, 0.391268, 1, 

290,3753,0.001, 0.0192819, 0.0394461, 0.0442842, 0.0921894, 0.149306, 0.158656, 0.156084, 0.166057, 0.219701, 0.271892, 0.332197, 0.340528, 0.391268, 1, 

Generation #24
287,7087,0.001, 0.0356376, 0.042638, 0.0631329, 0.150155, 0.149306, 0.156084, 0.166057, 0.219701, 0.271892, 0.332197, 0.340528, 0.391268, 0.397079, 0.417259, 0.609669, 0.901683, 0.913295, 1, 

289,4707,0.001, 0.0196905, 0.0353342, 0.0478842, 0.0488421, 0.126569, 0.176682, 0.235176, 0.287924, 0.219701, 0.271892, 0.332197, 0.340528, 0.391268, 1, 

288,4737,0.001, 0.0192819, 0.0378253, 0.0436689, 0.0488421, 0.149306, 0.156084, 0.166057, 0.219701, 0.271892, 0.332197, 0.391268, 1, 

290,3753,0.001, 0.0192819, 0.0394461, 0.0442842, 0.0921894, 0.149306, 0.158656, 0.156084, 0.166057, 0.219701, 0.271892, 0.332197, 0.340528, 0.391268, 1, 

301,3304,0.001, 0.0196905, 0.0353342, 0.0673173, 0.0836384, 0.0864389, 0.156084, 0.166057, 0.166057, 0.219701, 0.271892, 0.332197, 0.340528, 0.391268, 1, 

Generation #25
287,7087,0.001, 0.0356376, 0.042638, 0.0631329, 0.150155, 0.149306, 0.156084, 0.166057, 0.219701, 0.271892, 0.332197, 0.340528, 0.391268, 0.397079, 0.417259, 0.609669, 0.901683, 0.913295, 1, 

289,4707,0.001, 0.0196905, 0.0353342, 0.0478842, 0.0488421, 0.126569, 0.176682, 0.235176, 0.287924, 0.219701, 0.271892, 0.332197, 0.340528, 0.391268, 1, 

288,4737,0.001, 0.0192819, 0.0378253, 0.0436689, 0.0488421, 0.149306, 0.156084, 0.166057, 0.219701, 0.271892, 0.332197, 0.391268, 1, 

290,3753,0.001, 0.0192819, 0.0394461, 0.0442842, 0.0921894, 0.149306, 0.158656, 0.156084, 0.166057, 0.219701, 0.271892, 0.332197, 0.340528, 0.391268, 1, 

301,3304,0.001, 0.0196905, 0.0353342, 0.0673173, 0.0836384, 0.0864389, 0.156084, 0.166057, 0.166057, 0.219701, 0.271892, 0.332197, 0.340528, 0.391268, 1, 

Generation #26
287,7087,0.001, 0.0356376, 0.042638, 0.0631329, 0.150155, 0.149306, 0.156084, 0.166057, 0.219701, 0.271892, 0.332197, 0.340528, 0.391268, 0.397079, 0.417259, 0.609669, 0.901683, 0.913295, 1, 

289,4707,0.001, 0.0196905, 0.0353342, 0.0478842, 0.0488421, 0.126569, 0.176682, 0.235176, 0.287924, 0.219701, 0.271892, 0.332197, 0.340528, 0.391268, 1, 

288,4737,0.001, 0.0192819, 0.0378253, 0.0436689, 0.0488421, 0.149306, 0.156084, 0.166057, 0.219701, 0.271892, 0.332197, 0.391268, 1, 

290,3753,0.001, 0.0192819, 0.0394461, 0.0442842, 0.0921894, 0.149306, 0.158656, 0.156084, 0.166057, 0.219701, 0.271892, 0.332197, 0.340528, 0.391268, 1, 

301,3304,0.001, 0.0196905, 0.0353342, 0.0673173, 0.0836384, 0.0864389, 0.156084, 0.166057, 0.166057, 0.219701, 0.271892, 0.332197, 0.340528, 0.391268, 1, 

293,3548,0.001, 0.0192819, 0.0278572, 0.0673173, 0.0836384, 0.0864389, 0.158656, 0.155727, 0.176771, 0.202522, 0.32021, 0.393839, 0.397079, 0.391268, 1, 

Generation #27
287,7087,0.001, 0.0356376, 0.042638, 0.0631329, 0.150155, 0.149306, 0.156084, 0.166057, 0.219701, 0.271892, 0.332197, 0.340528, 0.391268, 0.397079, 0.417259, 0.609669, 0.901683, 0.913295, 1, 

289,4707,0.001, 0.0196905, 0.0353342, 0.0478842, 0.0488421, 0.126569, 0.176682, 0.235176, 0.287924, 0.219701, 0.271892, 0.332197, 0.340528, 0.391268, 1, 

288,4737,0.001, 0.0192819, 0.0378253, 0.0436689, 0.0488421, 0.149306, 0.156084, 0.166057, 0.219701, 0.271892, 0.332197, 0.391268, 1, 

290,3753,0.001, 0.0192819, 0.0394461, 0.0442842, 0.0921894, 0.149306, 0.158656, 0.156084, 0.166057, 0.219701, 0.271892, 0.332197, 0.340528, 0.391268, 1, 

301,3304,0.001, 0.0196905, 0.0353342, 0.0673173, 0.0836384, 0.0864389, 0.156084, 0.166057, 0.166057, 0.219701, 0.271892, 0.332197, 0.340528, 0.391268, 1, 

293,3548,0.001, 0.0192819, 0.0278572, 0.0673173, 0.0836384, 0.0864389, 0.158656, 0.155727, 0.176771, 0.202522, 0.32021, 0.393839, 0.397079, 0.391268, 1, 

Generation #28
287,7087,0.001, 0.0356376, 0.042638, 0.0631329, 0.150155, 0.149306, 0.156084, 0.166057, 0.219701, 0.271892, 0.332197, 0.340528, 0.391268, 0.397079, 0.417259, 0.609669, 0.901683, 0.913295, 1, 

289,4707,0.001, 0.0196905, 0.0353342, 0.0478842, 0.0488421, 0.126569, 0.176682, 0.235176, 0.287924, 0.219701, 0.271892, 0.332197, 0.340528, 0.391268, 1, 

288,4737,0.001, 0.0192819, 0.0378253, 0.0436689, 0.0488421, 0.149306, 0.156084, 0.166057, 0.219701, 0.271892, 0.332197, 0.391268, 1, 

290,3753,0.001, 0.0192819, 0.0394461, 0.0442842, 0.0921894, 0.149306, 0.158656, 0.156084, 0.166057, 0.219701, 0.271892, 0.332197, 0.340528, 0.391268, 1, 

301,3304,0.001, 0.0196905, 0.0353342, 0.0673173, 0.0836384, 0.0864389, 0.156084, 0.166057, 0.166057, 0.219701, 0.271892, 0.332197, 0.340528, 0.391268, 1, 

293,3548,0.001, 0.0192819, 0.0278572, 0.0673173, 0.0836384, 0.0864389, 0.158656, 0.155727, 0.176771, 0.202522, 0.32021, 0.393839, 0.397079, 0.391268, 1, 

Generation #29
289,4707,0.001, 0.0196905, 0.0353342, 0.0478842, 0.0488421, 0.126569, 0.176682, 0.235176, 0.287924, 0.219701, 0.271892, 0.332197, 0.340528, 0.391268, 1, 

288,4737,0.001, 0.0192819, 0.0378253, 0.0436689, 0.0488421, 0.149306, 0.156084, 0.166057, 0.219701, 0.271892, 0.332197, 0.391268, 1, 

290,3753,0.001, 0.0192819, 0.0394461, 0.0442842, 0.0921894, 0.149306, 0.158656, 0.156084, 0.166057, 0.219701, 0.271892, 0.332197, 0.340528, 0.391268, 1, 

301,3304,0.001, 0.0196905, 0.0353342, 0.0673173, 0.0836384, 0.0864389, 0.156084, 0.166057, 0.166057, 0.219701, 0.271892, 0.332197, 0.340528, 0.391268, 1, 

293,3548,0.001, 0.0192819, 0.0278572, 0.0673173, 0.0836384, 0.0864389, 0.158656, 0.155727, 0.176771, 0.202522, 0.32021, 0.393839, 0.397079, 0.391268, 1, 

281,6020,0.001, 0.0192819, 0.0378253, 0.048458, 0.0836384, 0.0864389, 0.0864389, 0.158656, 0.176569, 0.219701, 0.271892, 0.332197, 0.340528, 0.391268, 1, 
