------------d=1, t=2, lambda=1, filename=./evaluation/Mobile/Mobile_2_1.csv------------
Grouping d-sets by partitioned row counts for detecting arrays...
Ready to look at pairs for detecting arrays...
First Stage N=157, Time=791
There are 2956241 remaining non-locating pairs
--- Running GA Algorithm (phase2) ---
Running GA with std::execution::par
Generation #0
392,79013,0.001, 0.0578977, 0.0852272, 0.0923077, 0.0998435, 0.13108, 0.2251, 0.232996, 0.330417, 0.347859, 0.370016, 0.394848, 0.472178, 0.541607, 0.545887, 0.553508, 0.56036, 0.593281, 0.596447, 0.615894, 0.639121, 0.654091, 0.747668, 0.753976, 0.76874, 0.824077, 0.82514, 0.840007, 0.963233, 0.97776, 1, 

394,58867,0.001, 0.0354781, 0.068483, 0.10635, 0.124822, 0.222459, 0.271276, 0.311536, 0.32438, 0.39446, 0.561246, 0.574092, 0.628808, 0.64229, 0.64332, 0.790743, 0.906927, 0.985873, 1, 

384,92205,0.001, 0.0550105, 0.0772584, 0.0879731, 0.1099, 0.183091, 0.283757, 0.461881, 0.472686, 0.480891, 0.481043, 0.528482, 0.637881, 0.693116, 0.732249, 0.74897, 0.829951, 0.837201, 0.900776, 0.906896, 1, 

383,130744,0.001, 0.0828639, 0.103292, 0.137592, 0.155524, 0.164326, 0.265978, 0.286669, 0.336367, 0.3774, 0.422087, 0.451346, 0.476833, 0.47985, 0.490767, 0.491887, 0.497048, 0.508307, 0.512624, 0.569154, 0.609815, 0.653418, 0.65472, 0.784592, 0.805267, 0.817884, 1, 

411,28279,0.001, 0.0196905, 0.0353342, 0.0478842, 0.061475, 0.178203, 0.190539, 0.255738, 0.256696, 0.296372, 0.319679, 0.482123, 0.490425, 0.498136, 0.584051, 0.601316, 0.674883, 0.696279, 0.700045, 0.748599, 0.76431, 0.794748, 0.899311, 0.924478, 0.951384, 0.952576, 0.956597, 1, 

408,30285,0.001, 0.00678773, 0.100622, 0.104796, 0.20227, 0.253433, 0.262472, 0.26818, 0.317525, 0.328629, 0.380194, 0.409397, 0.41404, 0.458934, 0.523723, 0.647671, 0.651003, 0.683758, 0.725943, 0.731576, 0.769023, 0.779115, 0.816714, 0.841415, 0.864093, 0.959526, 1, 

379,218811,0.001, 0.193746, 0.283545, 0.377043, 0.458878, 0.517637, 0.523279, 0.627256, 0.722543, 0.736698, 0.971978, 1, 

398,31568,0.001, 0.0132409, 0.10743, 0.116454, 0.147917, 0.171059, 0.224309, 0.273342, 0.352849, 0.358231, 0.399618, 0.453289, 0.569653, 0.571095, 0.635839, 0.655891, 0.688787, 0.807226, 0.84979, 0.890548, 0.89197, 1, 

Generation #1
384,92205,0.001, 0.0550105, 0.0772584, 0.0879731, 0.1099, 0.183091, 0.283757, 0.461881, 0.472686, 0.480891, 0.481043, 0.528482, 0.637881, 0.693116, 0.732249, 0.74897, 0.829951, 0.837201, 0.900776, 0.906896, 1, 

383,130744,0.001, 0.0828639, 0.103292, 0.137592, 0.155524, 0.164326, 0.265978, 0.286669, 0.336367, 0.3774, 0.422087, 0.451346, 0.476833, 0.47985, 0.490767, 0.491887, 0.497048, 0.508307, 0.512624, 0.569154, 0.609815, 0.653418, 0.65472, 0.784592, 0.805267, 0.817884, 1, 

411,28279,0.001, 0.0196905, 0.0353342, 0.0478842, 0.061475, 0.178203, 0.190539, 0.255738, 0.256696, 0.296372, 0.319679, 0.482123, 0.490425, 0.498136, 0.584051, 0.601316, 0.674883, 0.696279, 0.700045, 0.748599, 0.76431, 0.794748, 0.899311, 0.924478, 0.951384, 0.952576, 0.956597, 1, 

408,30285,0.001, 0.00678773, 0.100622, 0.104796, 0.20227, 0.253433, 0.262472, 0.26818, 0.317525, 0.328629, 0.380194, 0.409397, 0.41404, 0.458934, 0.523723, 0.647671, 0.651003, 0.683758, 0.725943, 0.731576, 0.769023, 0.779115, 0.816714, 0.841415, 0.864093, 0.959526, 1, 

379,218811,0.001, 0.193746, 0.283545, 0.377043, 0.458878, 0.517637, 0.523279, 0.627256, 0.722543, 0.736698, 0.971978, 1, 

398,31568,0.001, 0.0132409, 0.10743, 0.116454, 0.147917, 0.171059, 0.224309, 0.273342, 0.352849, 0.358231, 0.399618, 0.453289, 0.569653, 0.571095, 0.635839, 0.655891, 0.688787, 0.807226, 0.84979, 0.890548, 0.89197, 1, 

389,78848,0.001, 0.0588066, 0.0893308, 0.115271, 0.126515, 0.153482, 0.16883, 0.423628, 0.516915, 0.529901, 0.632678, 0.695571, 0.718417, 0.742476, 0.801642, 0.859274, 0.932008, 0.862269, 1, 

392,47664,0.001, 0.0274887, 0.0985871, 0.225716, 0.255042, 0.220893, 0.271789, 0.298412, 0.315943, 0.337146, 0.384241, 0.4158, 0.447103, 0.459486, 0.54563, 0.568291, 0.615313, 0.593141, 0.617118, 0.620662, 0.663249, 0.725134, 0.80163, 0.80548, 0.860025, 0.872087, 0.922062, 0.950187, 1, 

382,158466,0.001, 0.0864575, 0.100786, 0.104017, 0.142713, 0.183868, 0.186747, 0.203107, 0.221705, 0.233919, 0.256996, 0.304177, 0.309131, 0.344415, 0.457781, 0.56881, 0.580756, 0.581033, 0.586198, 0.63622, 0.942871, 0.962562, 1, 

390,51093,0.001, 0.0354781, 0.068483, 0.10635, 0.547572, 0.569945, 0.607439, 0.669889, 0.71723, 0.755751, 0.911009, 1, 

Generation #2
377,30348,0.001, 0.00678773, 0.0353342, 0.0478842, 0.061475, 0.178203, 0.190539, 0.0288381, 0.255738, 0.256696, 0.296372, 0.319679, 0.894347, 0.919133, 0.955022, 1, 

405,19357,0.001, 0.00678773, 0.100622, 0.104796, 0.20227, 0.253433, 0.262472, 0.26818, 0.317525, 0.328629, 0.380194, 0.409397, 0.41404, 0.458934, 0.523723, 0.647671, 0.651003, 0.683758, 0.725943, 0.731576, 0.639121, 0.654091, 0.747668, 0.753976, 0.76874, 0.824077, 0.82514, 0.840007, 0.963233, 0.97776, 1, 

Generation #3
377,30348,0.001, 0.00678773, 0.0353342, 0.0478842, 0.061475, 0.178203, 0.190539, 0.0288381, 0.255738, 0.256696, 0.296372, 0.319679, 0.894347, 0.919133, 0.955022, 1, 

405,19357,0.001, 0.00678773, 0.100622, 0.104796, 0.20227, 0.253433, 0.262472, 0.26818, 0.317525, 0.328629, 0.380194, 0.409397, 0.41404, 0.458934, 0.523723, 0.647671, 0.651003, 0.683758, 0.725943, 0.731576, 0.639121, 0.654091, 0.747668, 0.753976, 0.76874, 0.824077, 0.82514, 0.840007, 0.963233, 0.97776, 1, 

385,26797,0.001, 0.024165, 0.0623982, 0.163275, 0.168537, 0.193728, 0.205286, 0.20709, 0.29463, 0.317925, 0.325862, 0.362507, 0.411275, 0.42616, 0.469499, 0.542081, 0.542895, 0.746562, 1, 

Generation #4
377,30348,0.001, 0.00678773, 0.0353342, 0.0478842, 0.061475, 0.178203, 0.190539, 0.0288381, 0.255738, 0.256696, 0.296372, 0.319679, 0.894347, 0.919133, 0.955022, 1, 

405,19357,0.001, 0.00678773, 0.100622, 0.104796, 0.20227, 0.253433, 0.262472, 0.26818, 0.317525, 0.328629, 0.380194, 0.409397, 0.41404, 0.458934, 0.523723, 0.647671, 0.651003, 0.683758, 0.725943, 0.731576, 0.639121, 0.654091, 0.747668, 0.753976, 0.76874, 0.824077, 0.82514, 0.840007, 0.963233, 0.97776, 1, 

385,26797,0.001, 0.024165, 0.0623982, 0.163275, 0.168537, 0.193728, 0.205286, 0.20709, 0.29463, 0.317925, 0.325862, 0.362507, 0.411275, 0.42616, 0.469499, 0.542081, 0.542895, 0.746562, 1, 
