------------d=1, t=2, lambda=1, filename=./evaluation/Mobile/Mobile_2_1.csv------------
Grouping d-sets by partitioned row counts for detecting arrays...
Ready to look at pairs for detecting arrays...
First Stage N=157, Time=763
There are 2956241 remaining non-locating pairs
--- Running GA Algorithm (phase2) ---
Running GA with std::execution::par
Generation #0
386,45635,0.001, 0.0354781, 0.068483, 0.10635, 0.124822, 0.222459, 0.271276, 0.311536, 0.32438, 0.39446, 0.561246, 0.574092, 0.628808, 0.64229, 0.64332, 0.790743, 0.906927, 0.985873, 1, 

398,40214,0.001, 0.024165, 0.0623982, 0.163275, 0.168537, 0.193728, 0.205286, 0.20709, 0.29463, 0.317925, 0.325862, 0.362507, 0.411275, 0.42616, 0.469499, 0.542081, 0.542895, 0.746562, 0.761837, 0.813497, 0.881228, 0.945053, 0.964465, 1, 

388,40898,0.001, 0.0132409, 0.10743, 0.116454, 0.147917, 0.171059, 0.224309, 0.273342, 0.352849, 0.358231, 0.399618, 0.453289, 0.569653, 0.571095, 0.635839, 0.655891, 0.688787, 0.807226, 0.84979, 0.890548, 0.89197, 1, 

374,87376,0.001, 0.0544203, 0.220666, 0.244724, 0.261422, 0.273629, 0.311925, 0.456095, 0.483578, 0.590807, 0.723909, 0.777246, 0.854417, 0.875574, 0.970578, 1, 

399,26552,0.001, 0.00884098, 0.106841, 0.108225, 0.133988, 0.197412, 0.226942, 0.243068, 0.269401, 0.3485, 0.453081, 0.514156, 0.565754, 0.577324, 0.605069, 0.665142, 0.676658, 0.707408, 0.728441, 0.740713, 0.826851, 0.843009, 0.906373, 0.934854, 1, 

Generation #1
388,40898,0.001, 0.0132409, 0.10743, 0.116454, 0.147917, 0.171059, 0.224309, 0.273342, 0.352849, 0.358231, 0.399618, 0.453289, 0.569653, 0.571095, 0.635839, 0.655891, 0.688787, 0.807226, 0.84979, 0.890548, 0.89197, 1, 

374,87376,0.001, 0.0544203, 0.220666, 0.244724, 0.261422, 0.273629, 0.311925, 0.456095, 0.483578, 0.590807, 0.723909, 0.777246, 0.854417, 0.875574, 0.970578, 1, 

399,26552,0.001, 0.00884098, 0.106841, 0.108225, 0.133988, 0.197412, 0.226942, 0.243068, 0.269401, 0.3485, 0.453081, 0.514156, 0.565754, 0.577324, 0.605069, 0.665142, 0.676658, 0.707408, 0.728441, 0.740713, 0.826851, 0.843009, 0.906373, 0.934854, 1, 

396,38429,0.001, 0.026976, 0.038055, 0.0615289, 0.0820275, 0.158728, 0.200952, 0.245044, 0.248861, 0.288042, 0.394181, 0.403664, 0.464555, 0.508211, 0.531955, 0.57118, 0.573936, 0.593658, 0.659565, 0.72473, 0.726782, 0.748975, 0.796207, 0.749178, 0.772536, 0.790693, 0.867346, 0.869527, 0.99562, 1, 

379,44851,0.001, 0.023756, 0.0685886, 0.0863197, 0.0999441, 0.104579, 0.146107, 0.162459, 0.177797, 0.290789, 0.30162, 0.303438, 0.324566, 0.337896, 0.427717, 0.540978, 0.573822, 0.663614, 0.709919, 0.826592, 0.852468, 0.862056, 1, 

Generation #2
374,87376,0.001, 0.0544203, 0.220666, 0.244724, 0.261422, 0.273629, 0.311925, 0.456095, 0.483578, 0.590807, 0.723909, 0.777246, 0.854417, 0.875574, 0.970578, 1, 

399,26552,0.001, 0.00884098, 0.106841, 0.108225, 0.133988, 0.197412, 0.226942, 0.243068, 0.269401, 0.3485, 0.453081, 0.514156, 0.565754, 0.577324, 0.605069, 0.665142, 0.676658, 0.707408, 0.728441, 0.740713, 0.826851, 0.843009, 0.906373, 0.934854, 1, 

379,44851,0.001, 0.023756, 0.0685886, 0.0863197, 0.0999441, 0.104579, 0.146107, 0.162459, 0.177797, 0.290789, 0.30162, 0.303438, 0.324566, 0.337896, 0.427717, 0.540978, 0.573822, 0.663614, 0.709919, 0.826592, 0.852468, 0.862056, 1, 

386,35814,0.001, 0.00884098, 0.106841, 0.108225, 0.133988, 0.197412, 0.226942, 0.291723, 0.312202, 0.341559, 0.382135, 0.402868, 0.707853, 0.817689, 0.834871, 0.838442, 0.901683, 0.913295, 1, 

394,31347,0.001, 0.0132409, 0.10743, 0.116454, 0.147917, 0.171059, 0.224309, 0.273342, 0.352849, 0.23203, 0.263308, 0.282801, 0.292686, 0.955022, 1, 

398,28564,0.001, 0.00884098, 0.106841, 0.108225, 0.133988, 0.197412, 0.226942, 0.243068, 0.269401, 0.480891, 0.481043, 0.528482, 0.637881, 0.693116, 0.732249, 0.74897, 0.829951, 0.837201, 0.900776, 0.906896, 1, 

Generation #3
374,87376,0.001, 0.0544203, 0.220666, 0.244724, 0.261422, 0.273629, 0.311925, 0.456095, 0.483578, 0.590807, 0.723909, 0.777246, 0.854417, 0.875574, 0.970578, 1, 

379,44851,0.001, 0.023756, 0.0685886, 0.0863197, 0.0999441, 0.104579, 0.146107, 0.162459, 0.177797, 0.290789, 0.30162, 0.303438, 0.324566, 0.337896, 0.427717, 0.540978, 0.573822, 0.663614, 0.709919, 0.826592, 0.852468, 0.862056, 1, 

386,32590,0.001, 0.00884098, 0.106841, 0.248595, 0.553951, 0.565195, 0.638078, 0.649769, 0.683494, 0.750056, 0.783272, 1, 

390,30674,0.001, 0.00884098, 0.106841, 0.108225, 0.116243, 0.133988, 0.197412, 0.226942, 0.243068, 0.269401, 0.328629, 0.380194, 0.409397, 0.919133, 0.955022, 1, 

395,23145,0.001, 0.0192819, 0.0378253, 0.0436689, 0.0488421, 0.126569, 0.176682, 0.209859, 0.221429, 0.300978, 0.30798, 0.31238, 0.403985, 0.428618, 0.466309, 0.477084, 0.480443, 0.516741, 0.598261, 0.60291, 0.566476, 0.594651, 0.655503, 1, 
