------------d=1, t=2, lambda=1, filename=./evaluation/Mobile/Mobile_2_1.csv------------
Computing partitioned counts of d-sets...
Ready to look at pairs based on partitioned counts...
First Stage N=157, Time=1889
There are 143227 remaining non-locating pairs
--- Running GA Algorithm (phase2) ---
Running GA with std::execution::par
Generation #0
322,4656,0.001, 0.0192819, 0.0378253, 0.0436689, 0.0488421, 0.126569, 0.176682, 0.209859, 0.221429, 0.300978, 0.30798, 0.31238, 0.403985, 0.428618, 0.466309, 0.477084, 0.480443, 0.516741, 0.598261, 0.60291, 0.664985, 0.665158, 0.675267, 0.722877, 0.734149, 0.744981, 0.775216, 0.791826, 0.832947, 0.942984, 1, 

299,11322,0.001, 0.0895574, 0.145277, 0.253296, 0.283175, 0.288821, 0.373903, 0.463656, 0.471602, 0.784036, 0.798912, 1, 

310,5606,0.001, 0.024165, 0.0623982, 0.163275, 0.168537, 0.193728, 0.205286, 0.20709, 0.29463, 0.317925, 0.325862, 0.362507, 0.411275, 0.42616, 0.469499, 0.542081, 0.542895, 0.746562, 0.761837, 0.813497, 0.881228, 0.945053, 0.964465, 1, 

301,6740,0.001, 0.0388501, 0.0520528, 0.0623115, 0.123668, 0.164737, 0.18173, 0.184358, 0.197238, 0.200135, 0.204213, 0.231522, 0.257678, 0.3248, 0.327175, 0.329985, 0.347111, 0.355801, 0.383132, 0.388232, 0.549338, 0.582952, 0.702024, 0.730993, 0.755727, 0.872248, 0.944719, 0.976613, 1, 

Generation #1
322,4656,0.001, 0.0192819, 0.0378253, 0.0436689, 0.0488421, 0.126569, 0.176682, 0.209859, 0.221429, 0.300978, 0.30798, 0.31238, 0.403985, 0.428618, 0.466309, 0.477084, 0.480443, 0.516741, 0.598261, 0.60291, 0.664985, 0.665158, 0.675267, 0.722877, 0.734149, 0.744981, 0.775216, 0.791826, 0.832947, 0.942984, 1, 

299,11322,0.001, 0.0895574, 0.145277, 0.253296, 0.283175, 0.288821, 0.373903, 0.463656, 0.471602, 0.784036, 0.798912, 1, 

302,5206,0.001, 0.0220061, 0.0403541, 0.147682, 0.216712, 0.259018, 0.442634, 0.460517, 0.502375, 0.620516, 0.911009, 1, 

301,5326,0.001, 0.0196905, 0.0353342, 0.0478842, 0.061475, 0.178203, 0.190539, 0.255738, 0.256696, 0.296372, 0.319679, 0.482123, 0.490425, 0.498136, 0.584051, 0.846306, 1, 

316,4964,0.001, 0.0250035, 0.0346475, 0.160651, 0.171957, 0.397647, 0.404185, 0.407029, 0.426709, 0.517606, 0.553496, 0.57101, 0.617815, 0.759068, 0.799711, 0.869529, 0.876798, 0.909163, 0.980203, 0.980479, 1, 

Generation #2
303,4058,0.001, 0.026976, 0.038055, 0.0615289, 0.0820275, 0.158728, 0.200952, 0.245044, 0.248861, 0.288042, 0.394181, 0.403664, 0.464555, 0.508211, 0.531955, 0.57118, 0.573936, 0.593658, 0.659565, 0.72473, 0.726782, 0.748975, 0.796207, 0.848545, 0.921405, 0.929978, 0.930152, 0.934932, 1, 

295,4707,0.001, 0.0220061, 0.0403541, 0.147682, 0.0802481, 0.216712, 0.259018, 0.442634, 0.323835, 0.331679, 0.400008, 0.467478, 0.52103, 0.962267, 1, 

Generation #3
303,4058,0.001, 0.026976, 0.038055, 0.0615289, 0.0820275, 0.158728, 0.200952, 0.245044, 0.248861, 0.288042, 0.394181, 0.403664, 0.464555, 0.508211, 0.531955, 0.57118, 0.573936, 0.593658, 0.659565, 0.72473, 0.726782, 0.748975, 0.796207, 0.848545, 0.921405, 0.929978, 0.930152, 0.934932, 1, 

295,4707,0.001, 0.0220061, 0.0403541, 0.147682, 0.0802481, 0.216712, 0.259018, 0.442634, 0.323835, 0.331679, 0.400008, 0.467478, 0.52103, 0.962267, 1, 

Generation #4
303,4058,0.001, 0.026976, 0.038055, 0.0615289, 0.0820275, 0.158728, 0.200952, 0.245044, 0.248861, 0.288042, 0.394181, 0.403664, 0.464555, 0.508211, 0.531955, 0.57118, 0.573936, 0.593658, 0.659565, 0.72473, 0.726782, 0.748975, 0.796207, 0.848545, 0.921405, 0.929978, 0.930152, 0.934932, 1, 

295,4707,0.001, 0.0220061, 0.0403541, 0.147682, 0.0802481, 0.216712, 0.259018, 0.442634, 0.323835, 0.331679, 0.400008, 0.467478, 0.52103, 0.962267, 1, 

Generation #5
290,3867,0.001, 0.0196905, 0.0353342, 0.0478842, 0.061475, 0.178203, 0.190539, 0.255738, 0.256696, 0.296372, 0.319679, 0.482123, 0.490425, 1, 

Generation #6
290,3867,0.001, 0.0196905, 0.0353342, 0.0478842, 0.061475, 0.178203, 0.190539, 0.255738, 0.256696, 0.296372, 0.319679, 0.482123, 0.490425, 1, 

Generation #7
290,3867,0.001, 0.0196905, 0.0353342, 0.0478842, 0.061475, 0.178203, 0.190539, 0.255738, 0.256696, 0.296372, 0.319679, 0.482123, 0.490425, 1, 

305,3735,0.001, 0.0220061, 0.0403541, 0.0478842, 0.061475, 0.178203, 0.190539, 0.255738, 0.256696, 0.296372, 0.319679, 0.482123, 0.490425, 1, 

Generation #8
290,3867,0.001, 0.0196905, 0.0353342, 0.0478842, 0.061475, 0.178203, 0.190539, 0.255738, 0.256696, 0.296372, 0.319679, 0.482123, 0.490425, 1, 

305,3735,0.001, 0.0220061, 0.0403541, 0.0478842, 0.061475, 0.178203, 0.190539, 0.255738, 0.256696, 0.296372, 0.319679, 0.482123, 0.490425, 1, 

Generation #9
290,3867,0.001, 0.0196905, 0.0353342, 0.0478842, 0.061475, 0.178203, 0.190539, 0.255738, 0.256696, 0.296372, 0.319679, 0.482123, 0.490425, 1, 

305,3735,0.001, 0.0220061, 0.0403541, 0.0478842, 0.061475, 0.178203, 0.190539, 0.255738, 0.256696, 0.296372, 0.319679, 0.482123, 0.490425, 1, 

Generation #10
290,3867,0.001, 0.0196905, 0.0353342, 0.0478842, 0.061475, 0.178203, 0.190539, 0.255738, 0.256696, 0.296372, 0.319679, 0.482123, 0.490425, 1, 

305,3735,0.001, 0.0220061, 0.0403541, 0.0478842, 0.061475, 0.178203, 0.190539, 0.255738, 0.256696, 0.296372, 0.319679, 0.482123, 0.490425, 1, 

Generation #11
290,3867,0.001, 0.0196905, 0.0353342, 0.0478842, 0.061475, 0.178203, 0.190539, 0.255738, 0.256696, 0.296372, 0.319679, 0.482123, 0.490425, 1, 

305,3735,0.001, 0.0220061, 0.0403541, 0.0478842, 0.061475, 0.178203, 0.190539, 0.255738, 0.256696, 0.296372, 0.319679, 0.482123, 0.490425, 1, 

Generation #12
290,3867,0.001, 0.0196905, 0.0353342, 0.0478842, 0.061475, 0.178203, 0.190539, 0.255738, 0.256696, 0.296372, 0.319679, 0.482123, 0.490425, 1, 

305,3735,0.001, 0.0220061, 0.0403541, 0.0478842, 0.061475, 0.178203, 0.190539, 0.255738, 0.256696, 0.296372, 0.319679, 0.482123, 0.490425, 1, 

Generation #13
290,3867,0.001, 0.0196905, 0.0353342, 0.0478842, 0.061475, 0.178203, 0.190539, 0.255738, 0.256696, 0.296372, 0.319679, 0.482123, 0.490425, 1, 

305,3735,0.001, 0.0220061, 0.0403541, 0.0478842, 0.061475, 0.178203, 0.190539, 0.255738, 0.256696, 0.296372, 0.319679, 0.482123, 0.490425, 1, 

Generation #14
290,3867,0.001, 0.0196905, 0.0353342, 0.0478842, 0.061475, 0.178203, 0.190539, 0.255738, 0.256696, 0.296372, 0.319679, 0.482123, 0.490425, 1, 

305,3735,0.001, 0.0220061, 0.0403541, 0.0478842, 0.061475, 0.178203, 0.190539, 0.255738, 0.256696, 0.296372, 0.319679, 0.482123, 0.490425, 1, 

288,4319,0.001, 0.0220061, 0.0403541, 0.147682, 0.0802481, 0.216712, 0.259018, 0.442634, 0.323835, 0.331679, 1, 

Generation #15
290,3867,0.001, 0.0196905, 0.0353342, 0.0478842, 0.061475, 0.178203, 0.190539, 0.255738, 0.256696, 0.296372, 0.319679, 0.482123, 0.490425, 1, 

305,3735,0.001, 0.0220061, 0.0403541, 0.0478842, 0.061475, 0.178203, 0.190539, 0.255738, 0.256696, 0.296372, 0.319679, 0.482123, 0.490425, 1, 

288,4319,0.001, 0.0220061, 0.0403541, 0.147682, 0.0802481, 0.216712, 0.259018, 0.442634, 0.323835, 0.331679, 1, 

Generation #16
290,3867,0.001, 0.0196905, 0.0353342, 0.0478842, 0.061475, 0.178203, 0.190539, 0.255738, 0.256696, 0.296372, 0.319679, 0.482123, 0.490425, 1, 

305,3735,0.001, 0.0220061, 0.0403541, 0.0478842, 0.061475, 0.178203, 0.190539, 0.255738, 0.256696, 0.296372, 0.319679, 0.482123, 0.490425, 1, 

288,4319,0.001, 0.0220061, 0.0403541, 0.147682, 0.0802481, 0.216712, 0.259018, 0.442634, 0.323835, 0.331679, 1, 

Generation #17
290,3867,0.001, 0.0196905, 0.0353342, 0.0478842, 0.061475, 0.178203, 0.190539, 0.255738, 0.256696, 0.296372, 0.319679, 0.482123, 0.490425, 1, 

305,3735,0.001, 0.0220061, 0.0403541, 0.0478842, 0.061475, 0.178203, 0.190539, 0.255738, 0.256696, 0.296372, 0.319679, 0.482123, 0.490425, 1, 

288,4319,0.001, 0.0220061, 0.0403541, 0.147682, 0.0802481, 0.216712, 0.259018, 0.442634, 0.323835, 0.331679, 1, 

Generation #18
290,3867,0.001, 0.0196905, 0.0353342, 0.0478842, 0.061475, 0.178203, 0.190539, 0.255738, 0.256696, 0.296372, 0.319679, 0.482123, 0.490425, 1, 

305,3735,0.001, 0.0220061, 0.0403541, 0.0478842, 0.061475, 0.178203, 0.190539, 0.255738, 0.256696, 0.296372, 0.319679, 0.482123, 0.490425, 1, 

288,4319,0.001, 0.0220061, 0.0403541, 0.147682, 0.0802481, 0.216712, 0.259018, 0.442634, 0.323835, 0.331679, 1, 

316,3268,0.001, 0.0196905, 0.0353342, 0.0478842, 0.061475, 0.178203, 0.190539, 0.442634, 0.323835, 0.296372, 0.319679, 0.482123, 1, 

299,3837,0.001, 0.0196905, 0.0353342, 0.0478842, 0.061475, 0.178203, 0.190539, 0.255738, 0.502375, 0.620516, 0.911009, 1, 

Generation #19
290,3867,0.001, 0.0196905, 0.0353342, 0.0478842, 0.061475, 0.178203, 0.190539, 0.255738, 0.256696, 0.296372, 0.319679, 0.482123, 0.490425, 1, 

305,3735,0.001, 0.0220061, 0.0403541, 0.0478842, 0.061475, 0.178203, 0.190539, 0.255738, 0.256696, 0.296372, 0.319679, 0.482123, 0.490425, 1, 

288,4319,0.001, 0.0220061, 0.0403541, 0.147682, 0.0802481, 0.216712, 0.259018, 0.442634, 0.323835, 0.331679, 1, 

316,3268,0.001, 0.0196905, 0.0353342, 0.0478842, 0.061475, 0.178203, 0.190539, 0.442634, 0.323835, 0.296372, 0.319679, 0.482123, 1, 

299,3837,0.001, 0.0196905, 0.0353342, 0.0478842, 0.061475, 0.178203, 0.190539, 0.255738, 0.502375, 0.620516, 0.911009, 1, 

Generation #20
290,3867,0.001, 0.0196905, 0.0353342, 0.0478842, 0.061475, 0.178203, 0.190539, 0.255738, 0.256696, 0.296372, 0.319679, 0.482123, 0.490425, 1, 

305,3735,0.001, 0.0220061, 0.0403541, 0.0478842, 0.061475, 0.178203, 0.190539, 0.255738, 0.256696, 0.296372, 0.319679, 0.482123, 0.490425, 1, 

288,4319,0.001, 0.0220061, 0.0403541, 0.147682, 0.0802481, 0.216712, 0.259018, 0.442634, 0.323835, 0.331679, 1, 

316,3268,0.001, 0.0196905, 0.0353342, 0.0478842, 0.061475, 0.178203, 0.190539, 0.442634, 0.323835, 0.296372, 0.319679, 0.482123, 1, 

299,3837,0.001, 0.0196905, 0.0353342, 0.0478842, 0.061475, 0.178203, 0.190539, 0.255738, 0.502375, 0.620516, 0.911009, 1, 

Generation #21
290,3867,0.001, 0.0196905, 0.0353342, 0.0478842, 0.061475, 0.178203, 0.190539, 0.255738, 0.256696, 0.296372, 0.319679, 0.482123, 0.490425, 1, 

305,3735,0.001, 0.0220061, 0.0403541, 0.0478842, 0.061475, 0.178203, 0.190539, 0.255738, 0.256696, 0.296372, 0.319679, 0.482123, 0.490425, 1, 

288,4319,0.001, 0.0220061, 0.0403541, 0.147682, 0.0802481, 0.216712, 0.259018, 0.442634, 0.323835, 0.331679, 1, 

316,3268,0.001, 0.0196905, 0.0353342, 0.0478842, 0.061475, 0.178203, 0.190539, 0.442634, 0.323835, 0.296372, 0.319679, 0.482123, 1, 

299,3837,0.001, 0.0196905, 0.0353342, 0.0478842, 0.061475, 0.178203, 0.190539, 0.255738, 0.502375, 0.620516, 0.911009, 1, 

Generation #22
290,3867,0.001, 0.0196905, 0.0353342, 0.0478842, 0.061475, 0.178203, 0.190539, 0.255738, 0.256696, 0.296372, 0.319679, 0.482123, 0.490425, 1, 

305,3735,0.001, 0.0220061, 0.0403541, 0.0478842, 0.061475, 0.178203, 0.190539, 0.255738, 0.256696, 0.296372, 0.319679, 0.482123, 0.490425, 1, 

316,3268,0.001, 0.0196905, 0.0353342, 0.0478842, 0.061475, 0.178203, 0.190539, 0.442634, 0.323835, 0.296372, 0.319679, 0.482123, 1, 

299,3837,0.001, 0.0196905, 0.0353342, 0.0478842, 0.061475, 0.178203, 0.190539, 0.255738, 0.502375, 0.620516, 0.911009, 1, 

284,4410,0.001, 0.0196905, 0.0353342, 0.0478842, 0.061475, 0.178203, 0.190539, 0.460517, 0.502375, 0.620516, 0.640219, 0.894347, 0.962267, 1, 

288,4303,0.001, 0.0220061, 0.0403541, 0.147682, 0.0802481, 0.216712, 0.259018, 0.442634, 0.323835, 0.331679, 0.319679, 0.482123, 0.490425, 1, 

Generation #23
290,3867,0.001, 0.0196905, 0.0353342, 0.0478842, 0.061475, 0.178203, 0.190539, 0.255738, 0.256696, 0.296372, 0.319679, 0.482123, 0.490425, 1, 

305,3735,0.001, 0.0220061, 0.0403541, 0.0478842, 0.061475, 0.178203, 0.190539, 0.255738, 0.256696, 0.296372, 0.319679, 0.482123, 0.490425, 1, 

316,3268,0.001, 0.0196905, 0.0353342, 0.0478842, 0.061475, 0.178203, 0.190539, 0.442634, 0.323835, 0.296372, 0.319679, 0.482123, 1, 

299,3837,0.001, 0.0196905, 0.0353342, 0.0478842, 0.061475, 0.178203, 0.190539, 0.255738, 0.502375, 0.620516, 0.911009, 1, 

284,4410,0.001, 0.0196905, 0.0353342, 0.0478842, 0.061475, 0.178203, 0.190539, 0.460517, 0.502375, 0.620516, 0.640219, 0.894347, 0.962267, 1, 

288,4303,0.001, 0.0220061, 0.0403541, 0.147682, 0.0802481, 0.216712, 0.259018, 0.442634, 0.323835, 0.331679, 0.319679, 0.482123, 0.490425, 1, 

Generation #24
290,3867,0.001, 0.0196905, 0.0353342, 0.0478842, 0.061475, 0.178203, 0.190539, 0.255738, 0.256696, 0.296372, 0.319679, 0.482123, 0.490425, 1, 

305,3735,0.001, 0.0220061, 0.0403541, 0.0478842, 0.061475, 0.178203, 0.190539, 0.255738, 0.256696, 0.296372, 0.319679, 0.482123, 0.490425, 1, 

316,3268,0.001, 0.0196905, 0.0353342, 0.0478842, 0.061475, 0.178203, 0.190539, 0.442634, 0.323835, 0.296372, 0.319679, 0.482123, 1, 

299,3837,0.001, 0.0196905, 0.0353342, 0.0478842, 0.061475, 0.178203, 0.190539, 0.255738, 0.502375, 0.620516, 0.911009, 1, 

284,4410,0.001, 0.0196905, 0.0353342, 0.0478842, 0.061475, 0.178203, 0.190539, 0.460517, 0.502375, 0.620516, 0.640219, 0.894347, 0.962267, 1, 

288,4303,0.001, 0.0220061, 0.0403541, 0.147682, 0.0802481, 0.216712, 0.259018, 0.442634, 0.323835, 0.331679, 0.319679, 0.482123, 0.490425, 1, 

Generation #25
290,3867,0.001, 0.0196905, 0.0353342, 0.0478842, 0.061475, 0.178203, 0.190539, 0.255738, 0.256696, 0.296372, 0.319679, 0.482123, 0.490425, 1, 

305,3735,0.001, 0.0220061, 0.0403541, 0.0478842, 0.061475, 0.178203, 0.190539, 0.255738, 0.256696, 0.296372, 0.319679, 0.482123, 0.490425, 1, 

316,3268,0.001, 0.0196905, 0.0353342, 0.0478842, 0.061475, 0.178203, 0.190539, 0.442634, 0.323835, 0.296372, 0.319679, 0.482123, 1, 

299,3837,0.001, 0.0196905, 0.0353342, 0.0478842, 0.061475, 0.178203, 0.190539, 0.255738, 0.502375, 0.620516, 0.911009, 1, 

284,4410,0.001, 0.0196905, 0.0353342, 0.0478842, 0.061475, 0.178203, 0.190539, 0.460517, 0.502375, 0.620516, 0.640219, 0.894347, 0.962267, 1, 

288,4303,0.001, 0.0220061, 0.0403541, 0.147682, 0.0802481, 0.216712, 0.259018, 0.442634, 0.323835, 0.331679, 0.319679, 0.482123, 0.490425, 1, 
