------------d=1, t=2, lambda=1, filename=./evaluation/Mobile/Mobile_2_1.csv------------
Grouping d-sets by partitioned row counts for detecting arrays...
Ready to look at pairs for detecting arrays...
First Stage N=157, Time=750
There are 2956241 remaining non-locating pairs
--- Running GA Algorithm (phase2) ---
Running GA with std::execution::par
Generation #0
390,58233,0.001, 0.0250393, 0.095602, 0.114515, 0.11487, 0.135256, 0.272299, 0.280864, 0.301744, 0.324282, 0.367552, 0.434028, 0.450926, 0.480426, 0.611246, 0.614674, 0.68012, 0.870101, 0.884867, 0.884887, 0.890728, 0.934432, 1, 

389,65139,0.001, 0.0354781, 0.068483, 0.10635, 0.124822, 0.222459, 0.271276, 0.311536, 0.32438, 0.39446, 0.561246, 0.574092, 0.628808, 0.64229, 0.64332, 0.790743, 0.906927, 0.985873, 1, 

387,75273,0.001, 0.0723409, 0.180615, 0.22446, 0.224752, 0.245964, 0.275398, 0.275729, 0.294928, 0.309666, 0.327123, 0.536348, 0.592582, 0.64311, 0.649497, 0.729504, 0.803184, 1, 

383,100807,0.001, 0.0941253, 0.0969121, 0.130343, 0.14086, 0.196102, 0.233232, 0.258034, 0.296175, 0.42127, 0.467587, 0.502669, 0.525847, 0.530003, 0.530872, 0.646016, 0.815578, 0.855758, 0.893666, 0.956819, 0.98956, 1, 

393,43429,0.001, 0.0235501, 0.0278572, 0.0673173, 0.0836384, 0.0864389, 0.158656, 0.176569, 0.183534, 0.212071, 0.212473, 0.229874, 0.278894, 0.328678, 0.382116, 0.388795, 0.390942, 0.394486, 0.4106, 0.478931, 0.490735, 0.577507, 0.58295, 0.656479, 0.790041, 0.971768, 1, 

400,34553,0.001, 0.0220061, 0.0403541, 0.147682, 0.216712, 0.259018, 0.442634, 0.460517, 0.502375, 0.620516, 0.640219, 0.894347, 0.919133, 0.955022, 1, 

396,39008,0.001, 0.0132409, 0.10743, 0.116454, 0.147917, 0.171059, 0.224309, 0.273342, 0.352849, 0.358231, 0.399618, 0.453289, 0.569653, 0.571095, 0.635839, 0.655891, 0.688787, 0.807226, 0.84979, 0.890548, 0.89197, 1, 

Generation #1
400,34553,0.001, 0.0220061, 0.0403541, 0.147682, 0.216712, 0.259018, 0.442634, 0.460517, 0.502375, 0.620516, 0.640219, 0.894347, 0.919133, 0.955022, 1, 

389,35298,0.001, 0.0132409, 0.10743, 0.116454, 0.147917, 0.171059, 0.224309, 0.273342, 0.352849, 0.358231, 0.400494, 0.418015, 0.469576, 0.525982, 0.529594, 0.575313, 0.585177, 0.647936, 0.668665, 0.678038, 0.728113, 0.73703, 0.788185, 0.869616, 0.942274, 1, 

382,60061,0.001, 0.0250035, 0.0346475, 0.160651, 0.171957, 0.197412, 0.226942, 0.243068, 0.269401, 0.3485, 0.453081, 0.514156, 0.565754, 0.577324, 0.605069, 0.665142, 0.676658, 0.707408, 0.728441, 0.740713, 0.826851, 0.843009, 0.906373, 0.934854, 1, 

411,31575,0.001, 0.0192819, 0.0378253, 0.0436689, 0.0488421, 0.126569, 0.176682, 0.209859, 0.221429, 0.300978, 0.30798, 0.31238, 0.403985, 0.428618, 0.466309, 0.477084, 0.480443, 0.593658, 0.659565, 0.72473, 0.726782, 0.748975, 0.796207, 0.848545, 0.921405, 0.929978, 0.930152, 0.934932, 0.97862, 0.992431, 1, 
