------------d=1, t=2, lambda=1, filename=./evaluation/SPINS/SPINS_2_1.csv------------
Computing partitioned counts of d-sets...
Ready to look at pairs based on partitioned counts...
First Stage N=24, Time=2
There are 792 remaining non-locating pairs
--- Running Density Algorithm (phase2_ce) for Locating ---
  (CE) DEBUG: Trying to distinguish 792 pairs. Example:
       Pair 0: (2,15,),(1,2,)  vs (3,16,),(0,1,)  (already separated 0 times)
  (CE) Using greedy column-by-column strategy.
  (CE) Row 30 built (best score: 45). 147 pairs remaining to distinguish.
  (CE) Row 40 built (best score: 2). 0 pairs remaining to distinguish.
--- Pareto Front Solutions ---
Solution 0: N total=40 (N_initial=24, N_added=16), Time total=23 ms, Saved to: ./results/SPINS_t2_l1_pareto_0.csv, percents=1, 

------------d=1, t=2, lambda=2, filename=./evaluation/SPINS/SPINS_2_2.csv------------
Computing partitioned counts of d-sets...
Ready to look at pairs based on partitioned counts...
First Stage N=32, Time=1
There are 154 remaining non-locating pairs
--- Running Density Algorithm (phase2_ce) for Locating ---
  (CE) DEBUG: Trying to distinguish 154 pairs. Example:
       Pair 0: (9,17,),(0,3,)  vs (13,17,),(0,3,)  (already separated 0 times)
  (CE) Using greedy column-by-column strategy.
  (CE) Row 40 built (best score: 16). 73 pairs remaining to distinguish.
  (CE) Row 50 built (best score: 5). 10 pairs remaining to distinguish.
  (CE) Row 55 built (best score: 1). 0 pairs remaining to distinguish.
--- Pareto Front Solutions ---
Solution 0: N total=55 (N_initial=32, N_added=23), Time total=10 ms, Saved to: ./results/SPINS_t2_l2_pareto_0.csv, percents=1, 

------------d=1, t=2, lambda=3, filename=./evaluation/SPINS/SPINS_2_3.csv------------
Computing partitioned counts of d-sets...
Ready to look at pairs based on partitioned counts...
First Stage N=56, Time=1
There are 37 remaining non-locating pairs
--- Running Density Algorithm (phase2_ce) for Locating ---
  (CE) DEBUG: Trying to distinguish 37 pairs. Example:
       Pair 0: (13,15,),(3,2,)  vs (13,16,),(3,0,)  (already separated 2 times)
  (CE) Using greedy column-by-column strategy.
  (CE) Row 60 built (best score: 4). 20 pairs remaining to distinguish.
  (CE) Row 70 built (best score: 1). 3 pairs remaining to distinguish.
  (CE) Row 73 built (best score: 1). 0 pairs remaining to distinguish.
--- Pareto Front Solutions ---
Solution 0: N total=73 (N_initial=56, N_added=17), Time total=2 ms, Saved to: ./results/SPINS_t2_l3_pareto_0.csv, percents=1, 

------------d=1, t=2, lambda=4, filename=./evaluation/SPINS/SPINS_2_4.csv------------
Computing partitioned counts of d-sets...
Ready to look at pairs based on partitioned counts...
First Stage N=64, Time=1
There are 14 remaining non-locating pairs
--- Running Density Algorithm (phase2_ce) for Locating ---
  (CE) DEBUG: Trying to distinguish 14 pairs. Example:
       Pair 0: (14,16,),(0,0,)  vs (14,17,),(0,0,)  (already separated 0 times)
  (CE) Using greedy column-by-column strategy.
  (CE) Row 70 built (best score: 2). 12 pairs remaining to distinguish.
  (CE) Row 80 built (best score: 2). 8 pairs remaining to distinguish.
  (CE) Row 90 built (best score: 0). 1 pairs remaining to distinguish.
  (CE) Row 91 built (best score: 1). 0 pairs remaining to distinguish.
--- Pareto Front Solutions ---
Solution 0: N total=91 (N_initial=64, N_added=27), Time total=2 ms, Saved to: ./results/SPINS_t2_l4_pareto_0.csv, percents=1, 

