------------d=1, t=2, lambda=1, filename=./evaluation/TCAS/TCAS_2_1.csv------------
Computing partitioned counts of d-sets...
Ready to look at pairs based on partitioned counts...
First Stage N=110, Time=12
There are 1390 remaining non-locating pairs
--- Running Density Algorithm (phase2_ce) for Locating ---
  (CE) DEBUG: Trying to distinguish 1390 pairs. Example:
       Pair 0: (4,13,),(0,6,)  vs (9,13,),(3,6,)  (already separated 0 times)
  (CE) Using greedy column-by-column strategy.
  (CE) Row 120 built (best score: 31). 963 pairs remaining to distinguish.
  (CE) Row 130 built (best score: 23). 686 pairs remaining to distinguish.
  (CE) Row 140 built (best score: 18). 484 pairs remaining to distinguish.
  (CE) Row 150 built (best score: 15). 323 pairs remaining to distinguish.
  (CE) Row 160 built (best score: 9). 202 pairs remaining to distinguish.
  (CE) Row 170 built (best score: 8). 115 pairs remaining to distinguish.
  (CE) Row 180 built (best score: 5). 61 pairs remaining to distinguish.
  (CE) Row 190 built (best score: 2). 22 pairs remaining to distinguish.
  (CE) Row 200 built (best score: 2). 1 pairs remaining to distinguish.
  (CE) Row 201 built (best score: 1). 0 pairs remaining to distinguish.
--- Pareto Front Solutions ---
Solution 0: N total=201 (N_initial=110, N_added=91), Time total=266 ms, Saved to: ./results/TCAS_t2_l1_pareto_0.csv, percents=1, 

------------d=1, t=2, lambda=2, filename=./evaluation/TCAS/TCAS_2_2.csv------------
Computing partitioned counts of d-sets...
Ready to look at pairs based on partitioned counts...
First Stage N=200, Time=14
There are 1 remaining non-locating pairs
--- Running Density Algorithm (phase2_ce) for Locating ---
  (CE) DEBUG: Trying to distinguish 1 pairs. Example:
       Pair 0: (9,11,),(2,6,)  vs (10,11,),(0,6,)  (already separated 0 times)
  (CE) Using greedy column-by-column strategy.
  (CE) Row 202 built (best score: 1). 0 pairs remaining to distinguish.
--- Pareto Front Solutions ---
Solution 0: N total=202 (N_initial=200, N_added=2), Time total=14 ms, Saved to: ./results/TCAS_t2_l2_pareto_0.csv, percents=1, 

------------d=1, t=2, lambda=3, filename=./evaluation/TCAS/TCAS_2_3.csv------------
Computing partitioned counts of d-sets...
Ready to look at pairs based on partitioned counts...
First Stage N=310, Time=14
There are 77 remaining non-locating pairs
--- Running Density Algorithm (phase2_ce) for Locating ---
  (CE) DEBUG: Trying to distinguish 77 pairs. Example:
       Pair 0: (10,12,),(3,0,)  vs (10,13,),(3,7,)  (already separated 2 times)
  (CE) Using greedy column-by-column strategy.
  (CE) Row 320 built (best score: 2). 45 pairs remaining to distinguish.
  (CE) Row 330 built (best score: 2). 23 pairs remaining to distinguish.
  (CE) Row 340 built (best score: 2). 3 pairs remaining to distinguish.
  (CE) Row 343 built (best score: 1). 0 pairs remaining to distinguish.
--- Pareto Front Solutions ---
Solution 0: N total=343 (N_initial=310, N_added=33), Time total=19 ms, Saved to: ./results/TCAS_t2_l3_pareto_0.csv, percents=1, 

------------d=1, t=2, lambda=4, filename=./evaluation/TCAS/TCAS_2_4.csv------------
Computing partitioned counts of d-sets...
Ready to look at pairs based on partitioned counts...
First Stage N=400, Time=25
There are 0 remaining non-locating pairs
Array is already valid. Saved initial array to ./TCAS_t2_l4_final.csv
