------------d=1, t=2, lambda=1, filename=./evaluation/TCAS/TCAS_2_1.csv------------
Computing partitioned counts of d-sets...
Ready to look at pairs based on partitioned counts...
First Stage N=110, Time=14
There are 1390 remaining non-locating pairs
--- Running GA Algorithm (phase2) ---
Running GA with std::execution::par
Generation #0
159,1128,0.001, 0.0800371, 0.0897505, 0.0901148, 0.142215, 0.15825, 0.161182, 0.18951, 0.195469, 0.201938, 0.255494, 0.255884, 0.317208, 0.458089, 0.523444, 0.535588, 0.674089, 0.696266, 0.712066, 0.725538, 0.834367, 0.864019, 0.902732, 0.91932, 0.968049, 0.998982, 1, 

163,768,0.001, 0.0234395, 0.0390873, 0.0460126, 0.10239, 0.111185, 0.134715, 0.142228, 0.147769, 0.164878, 0.182603, 0.226503, 0.233886, 0.288066, 0.436146, 0.459913, 0.494666, 0.552769, 0.560013, 0.560173, 0.589613, 0.739437, 0.740977, 0.79267, 0.822098, 0.937526, 0.967304, 1, 

177,748,0.001, 0.0440817, 0.056377, 0.0625786, 0.0855144, 0.0872234, 0.101477, 0.148168, 0.207635, 0.222686, 0.225414, 0.290866, 0.338349, 0.360812, 0.486805, 0.618919, 0.693188, 0.739591, 0.74851, 0.811803, 0.81528, 0.835122, 0.852807, 0.861494, 0.865938, 0.889552, 0.890887, 0.914985, 0.931487, 0.993118, 1, 

Generation #1
152,685,0.001, 0.0482424, 0.060196, 0.0767149, 0.0967753, 0.101176, 0.129326, 0.133373, 0.170891, 0.276805, 0.617312, 0.62692, 0.643165, 0.65342, 0.754907, 0.858348, 0.930854, 1, 

167,647,0.001, 0.017851, 0.0501659, 0.0513067, 0.110065, 0.137015, 0.159559, 0.187127, 0.248876, 0.279032, 0.356605, 0.380371, 0.473197, 0.478227, 0.52842, 0.543818, 0.609295, 0.612681, 0.667676, 0.687441, 0.704605, 0.729899, 0.731185, 0.782147, 0.786423, 0.804511, 0.839748, 0.85549, 0.975359, 1, 

Generation #2
152,685,0.001, 0.0482424, 0.060196, 0.0767149, 0.0967753, 0.101176, 0.129326, 0.133373, 0.170891, 0.276805, 0.617312, 0.62692, 0.643165, 0.65342, 0.754907, 0.858348, 0.930854, 1, 

167,647,0.001, 0.017851, 0.0501659, 0.0513067, 0.110065, 0.137015, 0.159559, 0.187127, 0.248876, 0.279032, 0.356605, 0.380371, 0.473197, 0.478227, 0.52842, 0.543818, 0.609295, 0.612681, 0.667676, 0.687441, 0.704605, 0.729899, 0.731185, 0.782147, 0.786423, 0.804511, 0.839748, 0.85549, 0.975359, 1, 

159,659,0.001, 0.0254464, 0.0366954, 0.0698214, 0.10015, 0.173493, 0.182069, 0.201765, 0.273822, 0.279, 0.303305, 0.354224, 0.379144, 0.45517, 0.463487, 0.532428, 0.735319, 0.744631, 0.82902, 0.829059, 0.953958, 0.946545, 0.95004, 1, 

Generation #3
152,685,0.001, 0.0482424, 0.060196, 0.0767149, 0.0967753, 0.101176, 0.129326, 0.133373, 0.170891, 0.276805, 0.617312, 0.62692, 0.643165, 0.65342, 0.754907, 0.858348, 0.930854, 1, 

157,581,0.001, 0.0234395, 0.0390873, 0.0460126, 0.10239, 0.111185, 0.134715, 0.142228, 0.264591, 0.277373, 0.304575, 0.32197, 0.32239, 0.372109, 0.505397, 0.548641, 0.557147, 0.558451, 0.592888, 0.667037, 0.758319, 0.782025, 0.94897, 0.958812, 1, 

Generation #4
152,685,0.001, 0.0482424, 0.060196, 0.0767149, 0.0967753, 0.101176, 0.129326, 0.133373, 0.170891, 0.276805, 0.617312, 0.62692, 0.643165, 0.65342, 0.754907, 0.858348, 0.930854, 1, 

157,581,0.001, 0.0234395, 0.0390873, 0.0460126, 0.10239, 0.111185, 0.134715, 0.142228, 0.264591, 0.277373, 0.304575, 0.32197, 0.32239, 0.372109, 0.505397, 0.548641, 0.557147, 0.558451, 0.592888, 0.667037, 0.758319, 0.782025, 0.94897, 0.958812, 1, 

156,681,0.001, 0.0266537, 0.037516, 0.0767149, 0.0967753, 0.101176, 0.129326, 0.133373, 0.170891, 0.276805, 0.282516, 0.285994, 0.293809, 0.332833, 0.426424, 0.550273, 0.557147, 1, 

146,3021,0.001, 0.0363871, 0.0261442, 0.656422, 0.0663368, 0.100799, 0.164494, 0.217953, 0.230267, 0.239707, 0.475426, 0.884001, 0.90597, 1, 

150,724,0.001, 0.0110509, 0.0391854, 0.0928903, 0.129683, 0.148351, 0.15305, 0.161136, 0.234665, 0.477239, 0.901945, 1, 

Generation #5
152,685,0.001, 0.0482424, 0.060196, 0.0767149, 0.0967753, 0.101176, 0.129326, 0.133373, 0.170891, 0.276805, 0.617312, 0.62692, 0.643165, 0.65342, 0.754907, 0.858348, 0.930854, 1, 

157,581,0.001, 0.0234395, 0.0390873, 0.0460126, 0.10239, 0.111185, 0.134715, 0.142228, 0.264591, 0.277373, 0.304575, 0.32197, 0.32239, 0.372109, 0.505397, 0.548641, 0.557147, 0.558451, 0.592888, 0.667037, 0.758319, 0.782025, 0.94897, 0.958812, 1, 

156,681,0.001, 0.0266537, 0.037516, 0.0767149, 0.0967753, 0.101176, 0.129326, 0.133373, 0.170891, 0.276805, 0.282516, 0.285994, 0.293809, 0.332833, 0.426424, 0.550273, 0.557147, 1, 

146,3021,0.001, 0.0363871, 0.0261442, 0.656422, 0.0663368, 0.100799, 0.164494, 0.217953, 0.230267, 0.239707, 0.475426, 0.884001, 0.90597, 1, 

150,724,0.001, 0.0110509, 0.0391854, 0.0928903, 0.129683, 0.148351, 0.15305, 0.161136, 0.234665, 0.477239, 0.901945, 1, 

Generation #6
157,581,0.001, 0.0234395, 0.0390873, 0.0460126, 0.10239, 0.111185, 0.134715, 0.142228, 0.264591, 0.277373, 0.304575, 0.32197, 0.32239, 0.372109, 0.505397, 0.548641, 0.557147, 0.558451, 0.592888, 0.667037, 0.758319, 0.782025, 0.94897, 0.958812, 1, 

156,681,0.001, 0.0266537, 0.037516, 0.0767149, 0.0967753, 0.101176, 0.129326, 0.133373, 0.170891, 0.276805, 0.282516, 0.285994, 0.293809, 0.332833, 0.426424, 0.550273, 0.557147, 1, 

146,3021,0.001, 0.0363871, 0.0261442, 0.656422, 0.0663368, 0.100799, 0.164494, 0.217953, 0.230267, 0.239707, 0.475426, 0.884001, 0.90597, 1, 

150,694,0.001, 0.0800371, 0.0897505, 0.0901148, 0.142215, 0.15825, 0.161182, 0.18951, 0.372565, 0.803073, 0.930679, 1, 

151,685,0.001, 0.0266537, 0.037516, 0.0767149, 0.0967753, 0.101176, 0.129326, 0.133373, 0.170891, 0.282516, 0.285994, 0.293809, 0.332833, 0.426424, 0.550273, 0.657652, 0.683177, 0.743308, 0.744501, 0.774863, 0.778668, 0.819613, 0.902076, 1, 

Generation #7
157,581,0.001, 0.0234395, 0.0390873, 0.0460126, 0.10239, 0.111185, 0.134715, 0.142228, 0.264591, 0.277373, 0.304575, 0.32197, 0.32239, 0.372109, 0.505397, 0.548641, 0.557147, 0.558451, 0.592888, 0.667037, 0.758319, 0.782025, 0.94897, 0.958812, 1, 

146,3021,0.001, 0.0363871, 0.0261442, 0.656422, 0.0663368, 0.100799, 0.164494, 0.217953, 0.230267, 0.239707, 0.475426, 0.884001, 0.90597, 1, 

150,694,0.001, 0.0800371, 0.0897505, 0.0901148, 0.142215, 0.15825, 0.161182, 0.18951, 0.372565, 0.803073, 0.930679, 1, 

151,685,0.001, 0.0266537, 0.037516, 0.0767149, 0.0967753, 0.101176, 0.129326, 0.133373, 0.170891, 0.282516, 0.285994, 0.293809, 0.332833, 0.426424, 0.550273, 0.657652, 0.683177, 0.743308, 0.744501, 0.774863, 0.778668, 0.819613, 0.902076, 1, 

174,575,0.001, 0.0234395, 0.0390873, 0.0513067, 0.110065, 0.137015, 0.159559, 0.187127, 0.248876, 0.279032, 0.356605, 0.380371, 0.473197, 0.478227, 0.52842, 0.543818, 0.609295, 0.612681, 0.667676, 0.687441, 0.704605, 0.729899, 0.731185, 0.782147, 0.786423, 0.804511, 0.839748, 0.85549, 0.975359, 1, 

154,640,0.001, 0.0234395, 0.0390873, 0.0460126, 0.10239, 0.119235, 0.150345, 0.17776, 0.247358, 0.299091, 0.279032, 0.356605, 0.380371, 1, 

Generation #8
157,581,0.001, 0.0234395, 0.0390873, 0.0460126, 0.10239, 0.111185, 0.134715, 0.142228, 0.264591, 0.277373, 0.304575, 0.32197, 0.32239, 0.372109, 0.505397, 0.548641, 0.557147, 0.558451, 0.592888, 0.667037, 0.758319, 0.782025, 0.94897, 0.958812, 1, 

150,694,0.001, 0.0800371, 0.0897505, 0.0901148, 0.142215, 0.15825, 0.161182, 0.18951, 0.372565, 0.803073, 0.930679, 1, 

151,685,0.001, 0.0266537, 0.037516, 0.0767149, 0.0967753, 0.101176, 0.129326, 0.133373, 0.170891, 0.282516, 0.285994, 0.293809, 0.332833, 0.426424, 0.550273, 0.657652, 0.683177, 0.743308, 0.744501, 0.774863, 0.778668, 0.819613, 0.902076, 1, 

174,575,0.001, 0.0234395, 0.0390873, 0.0513067, 0.110065, 0.137015, 0.159559, 0.187127, 0.248876, 0.279032, 0.356605, 0.380371, 0.473197, 0.478227, 0.52842, 0.543818, 0.609295, 0.612681, 0.667676, 0.687441, 0.704605, 0.729899, 0.731185, 0.782147, 0.786423, 0.804511, 0.839748, 0.85549, 0.975359, 1, 

154,640,0.001, 0.0234395, 0.0390873, 0.0460126, 0.10239, 0.119235, 0.150345, 0.17776, 0.247358, 0.299091, 0.279032, 0.356605, 0.380371, 1, 

146,766,0.001, 0.0482424, 0.060196, 0.0767149, 0.132901, 0.155358, 0.160636, 0.190181, 0.193972, 0.27102, 0.27166, 0.311651, 0.327125, 0.533409, 1, 

Generation #9
157,581,0.001, 0.0234395, 0.0390873, 0.0460126, 0.10239, 0.111185, 0.134715, 0.142228, 0.264591, 0.277373, 0.304575, 0.32197, 0.32239, 0.372109, 0.505397, 0.548641, 0.557147, 0.558451, 0.592888, 0.667037, 0.758319, 0.782025, 0.94897, 0.958812, 1, 

150,694,0.001, 0.0800371, 0.0897505, 0.0901148, 0.142215, 0.15825, 0.161182, 0.18951, 0.372565, 0.803073, 0.930679, 1, 

151,685,0.001, 0.0266537, 0.037516, 0.0767149, 0.0967753, 0.101176, 0.129326, 0.133373, 0.170891, 0.282516, 0.285994, 0.293809, 0.332833, 0.426424, 0.550273, 0.657652, 0.683177, 0.743308, 0.744501, 0.774863, 0.778668, 0.819613, 0.902076, 1, 

174,575,0.001, 0.0234395, 0.0390873, 0.0513067, 0.110065, 0.137015, 0.159559, 0.187127, 0.248876, 0.279032, 0.356605, 0.380371, 0.473197, 0.478227, 0.52842, 0.543818, 0.609295, 0.612681, 0.667676, 0.687441, 0.704605, 0.729899, 0.731185, 0.782147, 0.786423, 0.804511, 0.839748, 0.85549, 0.975359, 1, 

154,640,0.001, 0.0234395, 0.0390873, 0.0460126, 0.10239, 0.119235, 0.150345, 0.17776, 0.247358, 0.299091, 0.279032, 0.356605, 0.380371, 1, 

146,766,0.001, 0.0482424, 0.060196, 0.0767149, 0.132901, 0.155358, 0.160636, 0.190181, 0.193972, 0.27102, 0.27166, 0.311651, 0.327125, 0.533409, 1, 

Generation #10
146,551,0.001, 0.0211516, 0.0390873, 0.0460126, 0.10239, 0.119235, 0.150345, 0.17776, 0.247358, 0.299091, 0.279032, 0.356605, 0.380371, 1, 

155,531,0.001, 0.0482424, 0.060196, 0.0767149, 0.0967753, 0.155358, 0.160636, 0.190181, 0.193972, 0.27102, 0.27166, 0.311651, 0.327125, 0.229094, 1, 

Generation #11
146,551,0.001, 0.0211516, 0.0390873, 0.0460126, 0.10239, 0.119235, 0.150345, 0.17776, 0.247358, 0.299091, 0.279032, 0.356605, 0.380371, 1, 

155,531,0.001, 0.0482424, 0.060196, 0.0767149, 0.0967753, 0.155358, 0.160636, 0.190181, 0.193972, 0.27102, 0.27166, 0.311651, 0.327125, 0.229094, 1, 

144,616,0.001, 0.0234395, 0.0390873, 0.0460126, 0.10239, 0.111185, 0.134715, 0.142228, 0.264591, 0.277373, 0.304575, 0.311651, 0.327125, 0.533409, 1, 

Generation #12
146,551,0.001, 0.0211516, 0.0390873, 0.0460126, 0.10239, 0.119235, 0.150345, 0.17776, 0.247358, 0.299091, 0.279032, 0.356605, 0.380371, 1, 

155,531,0.001, 0.0482424, 0.060196, 0.0767149, 0.0967753, 0.155358, 0.160636, 0.190181, 0.193972, 0.27102, 0.27166, 0.311651, 0.327125, 0.229094, 1, 

144,616,0.001, 0.0234395, 0.0390873, 0.0460126, 0.10239, 0.111185, 0.134715, 0.142228, 0.264591, 0.277373, 0.304575, 0.311651, 0.327125, 0.533409, 1, 

Generation #13
146,551,0.001, 0.0211516, 0.0390873, 0.0460126, 0.10239, 0.119235, 0.150345, 0.17776, 0.247358, 0.299091, 0.279032, 0.356605, 0.380371, 1, 

155,531,0.001, 0.0482424, 0.060196, 0.0767149, 0.0967753, 0.155358, 0.160636, 0.190181, 0.193972, 0.27102, 0.27166, 0.311651, 0.327125, 0.229094, 1, 

144,616,0.001, 0.0234395, 0.0390873, 0.0460126, 0.10239, 0.111185, 0.134715, 0.142228, 0.264591, 0.277373, 0.304575, 0.311651, 0.327125, 0.533409, 1, 

Generation #14
146,551,0.001, 0.0211516, 0.0390873, 0.0460126, 0.10239, 0.119235, 0.150345, 0.17776, 0.247358, 0.299091, 0.279032, 0.356605, 0.380371, 1, 

155,531,0.001, 0.0482424, 0.060196, 0.0767149, 0.0967753, 0.155358, 0.160636, 0.190181, 0.193972, 0.27102, 0.27166, 0.311651, 0.327125, 0.229094, 1, 

144,616,0.001, 0.0234395, 0.0390873, 0.0460126, 0.10239, 0.111185, 0.134715, 0.142228, 0.264591, 0.277373, 0.304575, 0.311651, 0.327125, 0.533409, 1, 

Generation #15
146,551,0.001, 0.0211516, 0.0390873, 0.0460126, 0.10239, 0.119235, 0.150345, 0.17776, 0.247358, 0.299091, 0.279032, 0.356605, 0.380371, 1, 

155,531,0.001, 0.0482424, 0.060196, 0.0767149, 0.0967753, 0.155358, 0.160636, 0.190181, 0.193972, 0.27102, 0.27166, 0.311651, 0.327125, 0.229094, 1, 

144,616,0.001, 0.0234395, 0.0390873, 0.0460126, 0.10239, 0.111185, 0.134715, 0.142228, 0.264591, 0.277373, 0.304575, 0.311651, 0.327125, 0.533409, 1, 

Generation #16
146,551,0.001, 0.0211516, 0.0390873, 0.0460126, 0.10239, 0.119235, 0.150345, 0.17776, 0.247358, 0.299091, 0.279032, 0.356605, 0.380371, 1, 

155,531,0.001, 0.0482424, 0.060196, 0.0767149, 0.0967753, 0.155358, 0.160636, 0.190181, 0.193972, 0.27102, 0.27166, 0.311651, 0.327125, 0.229094, 1, 

144,616,0.001, 0.0234395, 0.0390873, 0.0460126, 0.10239, 0.111185, 0.134715, 0.142228, 0.264591, 0.277373, 0.304575, 0.311651, 0.327125, 0.533409, 1, 

Generation #17
146,551,0.001, 0.0211516, 0.0390873, 0.0460126, 0.10239, 0.119235, 0.150345, 0.17776, 0.247358, 0.299091, 0.279032, 0.356605, 0.380371, 1, 

155,531,0.001, 0.0482424, 0.060196, 0.0767149, 0.0967753, 0.155358, 0.160636, 0.190181, 0.193972, 0.27102, 0.27166, 0.311651, 0.327125, 0.229094, 1, 

144,616,0.001, 0.0234395, 0.0390873, 0.0460126, 0.10239, 0.111185, 0.134715, 0.142228, 0.264591, 0.277373, 0.304575, 0.311651, 0.327125, 0.533409, 1, 

Generation #18
146,551,0.001, 0.0211516, 0.0390873, 0.0460126, 0.10239, 0.119235, 0.150345, 0.17776, 0.247358, 0.299091, 0.279032, 0.356605, 0.380371, 1, 

155,531,0.001, 0.0482424, 0.060196, 0.0767149, 0.0967753, 0.155358, 0.160636, 0.190181, 0.193972, 0.27102, 0.27166, 0.311651, 0.327125, 0.229094, 1, 

144,616,0.001, 0.0234395, 0.0390873, 0.0460126, 0.10239, 0.111185, 0.134715, 0.142228, 0.264591, 0.277373, 0.304575, 0.311651, 0.327125, 0.533409, 1, 

Generation #19
146,551,0.001, 0.0211516, 0.0390873, 0.0460126, 0.10239, 0.119235, 0.150345, 0.17776, 0.247358, 0.299091, 0.279032, 0.356605, 0.380371, 1, 

155,531,0.001, 0.0482424, 0.060196, 0.0767149, 0.0967753, 0.155358, 0.160636, 0.190181, 0.193972, 0.27102, 0.27166, 0.311651, 0.327125, 0.229094, 1, 

144,616,0.001, 0.0234395, 0.0390873, 0.0460126, 0.10239, 0.111185, 0.134715, 0.142228, 0.264591, 0.277373, 0.304575, 0.311651, 0.327125, 0.533409, 1, 

Generation #20
146,551,0.001, 0.0211516, 0.0390873, 0.0460126, 0.10239, 0.119235, 0.150345, 0.17776, 0.247358, 0.299091, 0.279032, 0.356605, 0.380371, 1, 

155,531,0.001, 0.0482424, 0.060196, 0.0767149, 0.0967753, 0.155358, 0.160636, 0.190181, 0.193972, 0.27102, 0.27166, 0.311651, 0.327125, 0.229094, 1, 

144,616,0.001, 0.0234395, 0.0390873, 0.0460126, 0.10239, 0.111185, 0.134715, 0.142228, 0.264591, 0.277373, 0.304575, 0.311651, 0.327125, 0.533409, 1, 

Generation #21
146,551,0.001, 0.0211516, 0.0390873, 0.0460126, 0.10239, 0.119235, 0.150345, 0.17776, 0.247358, 0.299091, 0.279032, 0.356605, 0.380371, 1, 

155,531,0.001, 0.0482424, 0.060196, 0.0767149, 0.0967753, 0.155358, 0.160636, 0.190181, 0.193972, 0.27102, 0.27166, 0.311651, 0.327125, 0.229094, 1, 

144,616,0.001, 0.0234395, 0.0390873, 0.0460126, 0.10239, 0.111185, 0.134715, 0.142228, 0.264591, 0.277373, 0.304575, 0.311651, 0.327125, 0.533409, 1, 

Generation #22
146,551,0.001, 0.0211516, 0.0390873, 0.0460126, 0.10239, 0.119235, 0.150345, 0.17776, 0.247358, 0.299091, 0.279032, 0.356605, 0.380371, 1, 

155,531,0.001, 0.0482424, 0.060196, 0.0767149, 0.0967753, 0.155358, 0.160636, 0.190181, 0.193972, 0.27102, 0.27166, 0.311651, 0.327125, 0.229094, 1, 

144,616,0.001, 0.0234395, 0.0390873, 0.0460126, 0.10239, 0.111185, 0.134715, 0.142228, 0.264591, 0.277373, 0.304575, 0.311651, 0.327125, 0.533409, 1, 

140,690,0.001, 0.0482424, 0.060196, 0.0767149, 0.0967753, 0.155358, 0.160636, 0.190181, 0.193972, 0.27102, 0.27166, 0.30176, 0.327125, 0.229094, 1, 

Generation #23
146,551,0.001, 0.0211516, 0.0390873, 0.0460126, 0.10239, 0.119235, 0.150345, 0.17776, 0.247358, 0.299091, 0.279032, 0.356605, 0.380371, 1, 

155,531,0.001, 0.0482424, 0.060196, 0.0767149, 0.0967753, 0.155358, 0.160636, 0.190181, 0.193972, 0.27102, 0.27166, 0.311651, 0.327125, 0.229094, 1, 

144,616,0.001, 0.0234395, 0.0390873, 0.0460126, 0.10239, 0.111185, 0.134715, 0.142228, 0.264591, 0.277373, 0.304575, 0.311651, 0.327125, 0.533409, 1, 

140,690,0.001, 0.0482424, 0.060196, 0.0767149, 0.0967753, 0.155358, 0.160636, 0.190181, 0.193972, 0.27102, 0.27166, 0.30176, 0.327125, 0.229094, 1, 

Generation #24
146,551,0.001, 0.0211516, 0.0390873, 0.0460126, 0.10239, 0.119235, 0.150345, 0.17776, 0.247358, 0.299091, 0.279032, 0.356605, 0.380371, 1, 

155,531,0.001, 0.0482424, 0.060196, 0.0767149, 0.0967753, 0.155358, 0.160636, 0.190181, 0.193972, 0.27102, 0.27166, 0.311651, 0.327125, 0.229094, 1, 

144,616,0.001, 0.0234395, 0.0390873, 0.0460126, 0.10239, 0.111185, 0.134715, 0.142228, 0.264591, 0.277373, 0.304575, 0.311651, 0.327125, 0.533409, 1, 

140,690,0.001, 0.0482424, 0.060196, 0.0767149, 0.0967753, 0.155358, 0.160636, 0.190181, 0.193972, 0.27102, 0.27166, 0.30176, 0.327125, 0.229094, 1, 

Generation #25
146,551,0.001, 0.0211516, 0.0390873, 0.0460126, 0.10239, 0.119235, 0.150345, 0.17776, 0.247358, 0.299091, 0.279032, 0.356605, 0.380371, 1, 

155,531,0.001, 0.0482424, 0.060196, 0.0767149, 0.0967753, 0.155358, 0.160636, 0.190181, 0.193972, 0.27102, 0.27166, 0.311651, 0.327125, 0.229094, 1, 

144,616,0.001, 0.0234395, 0.0390873, 0.0460126, 0.10239, 0.111185, 0.134715, 0.142228, 0.264591, 0.277373, 0.304575, 0.311651, 0.327125, 0.533409, 1, 

140,690,0.001, 0.0482424, 0.060196, 0.0767149, 0.0967753, 0.155358, 0.160636, 0.190181, 0.193972, 0.27102, 0.27166, 0.30176, 0.327125, 0.229094, 1, 

Generation #26
146,551,0.001, 0.0211516, 0.0390873, 0.0460126, 0.10239, 0.119235, 0.150345, 0.17776, 0.247358, 0.299091, 0.279032, 0.356605, 0.380371, 1, 

155,531,0.001, 0.0482424, 0.060196, 0.0767149, 0.0967753, 0.155358, 0.160636, 0.190181, 0.193972, 0.27102, 0.27166, 0.311651, 0.327125, 0.229094, 1, 

144,616,0.001, 0.0234395, 0.0390873, 0.0460126, 0.10239, 0.111185, 0.134715, 0.142228, 0.264591, 0.277373, 0.304575, 0.311651, 0.327125, 0.533409, 1, 

140,690,0.001, 0.0482424, 0.060196, 0.0767149, 0.0967753, 0.155358, 0.160636, 0.190181, 0.193972, 0.27102, 0.27166, 0.30176, 0.327125, 0.229094, 1, 

Generation #27
146,551,0.001, 0.0211516, 0.0390873, 0.0460126, 0.10239, 0.119235, 0.150345, 0.17776, 0.247358, 0.299091, 0.279032, 0.356605, 0.380371, 1, 

155,531,0.001, 0.0482424, 0.060196, 0.0767149, 0.0967753, 0.155358, 0.160636, 0.190181, 0.193972, 0.27102, 0.27166, 0.311651, 0.327125, 0.229094, 1, 

144,616,0.001, 0.0234395, 0.0390873, 0.0460126, 0.10239, 0.111185, 0.134715, 0.142228, 0.264591, 0.277373, 0.304575, 0.311651, 0.327125, 0.533409, 1, 

140,690,0.001, 0.0482424, 0.060196, 0.0767149, 0.0967753, 0.155358, 0.160636, 0.190181, 0.193972, 0.27102, 0.27166, 0.30176, 0.327125, 0.229094, 1, 

141,623,0.001, 0.0482424, 0.060196, 0.0767149, 0.0967753, 0.101176, 0.129326, 0.133373, 0.0973048, 0.279032, 0.356605, 0.380371, 0.473197, 0.478227, 0.533409, 1, 

Generation #28
146,551,0.001, 0.0211516, 0.0390873, 0.0460126, 0.10239, 0.119235, 0.150345, 0.17776, 0.247358, 0.299091, 0.279032, 0.356605, 0.380371, 1, 

155,531,0.001, 0.0482424, 0.060196, 0.0767149, 0.0967753, 0.155358, 0.160636, 0.190181, 0.193972, 0.27102, 0.27166, 0.311651, 0.327125, 0.229094, 1, 

144,616,0.001, 0.0234395, 0.0390873, 0.0460126, 0.10239, 0.111185, 0.134715, 0.142228, 0.264591, 0.277373, 0.304575, 0.311651, 0.327125, 0.533409, 1, 

140,690,0.001, 0.0482424, 0.060196, 0.0767149, 0.0967753, 0.155358, 0.160636, 0.190181, 0.193972, 0.27102, 0.27166, 0.30176, 0.327125, 0.229094, 1, 

141,623,0.001, 0.0482424, 0.060196, 0.0767149, 0.0967753, 0.101176, 0.129326, 0.133373, 0.0973048, 0.279032, 0.356605, 0.380371, 0.473197, 0.478227, 0.533409, 1, 

Generation #29
146,551,0.001, 0.0211516, 0.0390873, 0.0460126, 0.10239, 0.119235, 0.150345, 0.17776, 0.247358, 0.299091, 0.279032, 0.356605, 0.380371, 1, 

155,531,0.001, 0.0482424, 0.060196, 0.0767149, 0.0967753, 0.155358, 0.160636, 0.190181, 0.193972, 0.27102, 0.27166, 0.311651, 0.327125, 0.229094, 1, 

144,616,0.001, 0.0234395, 0.0390873, 0.0460126, 0.10239, 0.111185, 0.134715, 0.142228, 0.264591, 0.277373, 0.304575, 0.311651, 0.327125, 0.533409, 1, 

140,690,0.001, 0.0482424, 0.060196, 0.0767149, 0.0967753, 0.155358, 0.160636, 0.190181, 0.193972, 0.27102, 0.27166, 0.30176, 0.327125, 0.229094, 1, 

141,623,0.001, 0.0482424, 0.060196, 0.0767149, 0.0967753, 0.101176, 0.129326, 0.133373, 0.0973048, 0.279032, 0.356605, 0.380371, 0.473197, 0.478227, 0.533409, 1, 

Generation #30
146,551,0.001, 0.0211516, 0.0390873, 0.0460126, 0.10239, 0.119235, 0.150345, 0.17776, 0.247358, 0.299091, 0.279032, 0.356605, 0.380371, 1, 

155,531,0.001, 0.0482424, 0.060196, 0.0767149, 0.0967753, 0.155358, 0.160636, 0.190181, 0.193972, 0.27102, 0.27166, 0.311651, 0.327125, 0.229094, 1, 

144,616,0.001, 0.0234395, 0.0390873, 0.0460126, 0.10239, 0.111185, 0.134715, 0.142228, 0.264591, 0.277373, 0.304575, 0.311651, 0.327125, 0.533409, 1, 

140,690,0.001, 0.0482424, 0.060196, 0.0767149, 0.0967753, 0.155358, 0.160636, 0.190181, 0.193972, 0.27102, 0.27166, 0.30176, 0.327125, 0.229094, 1, 

141,623,0.001, 0.0482424, 0.060196, 0.0767149, 0.0967753, 0.101176, 0.129326, 0.133373, 0.0973048, 0.279032, 0.356605, 0.380371, 0.473197, 0.478227, 0.533409, 1, 

Generation #31
146,551,0.001, 0.0211516, 0.0390873, 0.0460126, 0.10239, 0.119235, 0.150345, 0.17776, 0.247358, 0.299091, 0.279032, 0.356605, 0.380371, 1, 

155,531,0.001, 0.0482424, 0.060196, 0.0767149, 0.0967753, 0.155358, 0.160636, 0.190181, 0.193972, 0.27102, 0.27166, 0.311651, 0.327125, 0.229094, 1, 

144,616,0.001, 0.0234395, 0.0390873, 0.0460126, 0.10239, 0.111185, 0.134715, 0.142228, 0.264591, 0.277373, 0.304575, 0.311651, 0.327125, 0.533409, 1, 

140,690,0.001, 0.0482424, 0.060196, 0.0767149, 0.0967753, 0.155358, 0.160636, 0.190181, 0.193972, 0.27102, 0.27166, 0.30176, 0.327125, 0.229094, 1, 

141,623,0.001, 0.0482424, 0.060196, 0.0767149, 0.0967753, 0.101176, 0.129326, 0.133373, 0.0973048, 0.279032, 0.356605, 0.380371, 0.473197, 0.478227, 0.533409, 1, 

Generation #32
146,551,0.001, 0.0211516, 0.0390873, 0.0460126, 0.10239, 0.119235, 0.150345, 0.17776, 0.247358, 0.299091, 0.279032, 0.356605, 0.380371, 1, 

155,531,0.001, 0.0482424, 0.060196, 0.0767149, 0.0967753, 0.155358, 0.160636, 0.190181, 0.193972, 0.27102, 0.27166, 0.311651, 0.327125, 0.229094, 1, 

144,616,0.001, 0.0234395, 0.0390873, 0.0460126, 0.10239, 0.111185, 0.134715, 0.142228, 0.264591, 0.277373, 0.304575, 0.311651, 0.327125, 0.533409, 1, 

140,690,0.001, 0.0482424, 0.060196, 0.0767149, 0.0967753, 0.155358, 0.160636, 0.190181, 0.193972, 0.27102, 0.27166, 0.30176, 0.327125, 0.229094, 1, 

141,623,0.001, 0.0482424, 0.060196, 0.0767149, 0.0967753, 0.101176, 0.129326, 0.133373, 0.0973048, 0.279032, 0.356605, 0.380371, 0.473197, 0.478227, 0.533409, 1, 

Generation #33
146,551,0.001, 0.0211516, 0.0390873, 0.0460126, 0.10239, 0.119235, 0.150345, 0.17776, 0.247358, 0.299091, 0.279032, 0.356605, 0.380371, 1, 

155,531,0.001, 0.0482424, 0.060196, 0.0767149, 0.0967753, 0.155358, 0.160636, 0.190181, 0.193972, 0.27102, 0.27166, 0.311651, 0.327125, 0.229094, 1, 

144,616,0.001, 0.0234395, 0.0390873, 0.0460126, 0.10239, 0.111185, 0.134715, 0.142228, 0.264591, 0.277373, 0.304575, 0.311651, 0.327125, 0.533409, 1, 

140,690,0.001, 0.0482424, 0.060196, 0.0767149, 0.0967753, 0.155358, 0.160636, 0.190181, 0.193972, 0.27102, 0.27166, 0.30176, 0.327125, 0.229094, 1, 

141,623,0.001, 0.0482424, 0.060196, 0.0767149, 0.0967753, 0.101176, 0.129326, 0.133373, 0.0973048, 0.279032, 0.356605, 0.380371, 0.473197, 0.478227, 0.533409, 1, 

Generation #34
146,551,0.001, 0.0211516, 0.0390873, 0.0460126, 0.10239, 0.119235, 0.150345, 0.17776, 0.247358, 0.299091, 0.279032, 0.356605, 0.380371, 1, 

155,531,0.001, 0.0482424, 0.060196, 0.0767149, 0.0967753, 0.155358, 0.160636, 0.190181, 0.193972, 0.27102, 0.27166, 0.311651, 0.327125, 0.229094, 1, 

144,616,0.001, 0.0234395, 0.0390873, 0.0460126, 0.10239, 0.111185, 0.134715, 0.142228, 0.264591, 0.277373, 0.304575, 0.311651, 0.327125, 0.533409, 1, 

140,690,0.001, 0.0482424, 0.060196, 0.0767149, 0.0967753, 0.155358, 0.160636, 0.190181, 0.193972, 0.27102, 0.27166, 0.30176, 0.327125, 0.229094, 1, 

141,623,0.001, 0.0482424, 0.060196, 0.0767149, 0.0967753, 0.101176, 0.129326, 0.133373, 0.0973048, 0.279032, 0.356605, 0.380371, 0.473197, 0.478227, 0.533409, 1, 

Generation #35
146,551,0.001, 0.0211516, 0.0390873, 0.0460126, 0.10239, 0.119235, 0.150345, 0.17776, 0.247358, 0.299091, 0.279032, 0.356605, 0.380371, 1, 

155,531,0.001, 0.0482424, 0.060196, 0.0767149, 0.0967753, 0.155358, 0.160636, 0.190181, 0.193972, 0.27102, 0.27166, 0.311651, 0.327125, 0.229094, 1, 

144,616,0.001, 0.0234395, 0.0390873, 0.0460126, 0.10239, 0.111185, 0.134715, 0.142228, 0.264591, 0.277373, 0.304575, 0.311651, 0.327125, 0.533409, 1, 

140,690,0.001, 0.0482424, 0.060196, 0.0767149, 0.0967753, 0.155358, 0.160636, 0.190181, 0.193972, 0.27102, 0.27166, 0.30176, 0.327125, 0.229094, 1, 

141,623,0.001, 0.0482424, 0.060196, 0.0767149, 0.0967753, 0.101176, 0.129326, 0.133373, 0.0973048, 0.279032, 0.356605, 0.380371, 0.473197, 0.478227, 0.533409, 1, 

Generation #36
146,551,0.001, 0.0211516, 0.0390873, 0.0460126, 0.10239, 0.119235, 0.150345, 0.17776, 0.247358, 0.299091, 0.279032, 0.356605, 0.380371, 1, 

155,531,0.001, 0.0482424, 0.060196, 0.0767149, 0.0967753, 0.155358, 0.160636, 0.190181, 0.193972, 0.27102, 0.27166, 0.311651, 0.327125, 0.229094, 1, 

144,616,0.001, 0.0234395, 0.0390873, 0.0460126, 0.10239, 0.111185, 0.134715, 0.142228, 0.264591, 0.277373, 0.304575, 0.311651, 0.327125, 0.533409, 1, 

140,690,0.001, 0.0482424, 0.060196, 0.0767149, 0.0967753, 0.155358, 0.160636, 0.190181, 0.193972, 0.27102, 0.27166, 0.30176, 0.327125, 0.229094, 1, 

141,623,0.001, 0.0482424, 0.060196, 0.0767149, 0.0967753, 0.101176, 0.129326, 0.133373, 0.0973048, 0.279032, 0.356605, 0.380371, 0.473197, 0.478227, 0.533409, 1, 

Generation #37
146,551,0.001, 0.0211516, 0.0390873, 0.0460126, 0.10239, 0.119235, 0.150345, 0.17776, 0.247358, 0.299091, 0.279032, 0.356605, 0.380371, 1, 

155,531,0.001, 0.0482424, 0.060196, 0.0767149, 0.0967753, 0.155358, 0.160636, 0.190181, 0.193972, 0.27102, 0.27166, 0.311651, 0.327125, 0.229094, 1, 

144,616,0.001, 0.0234395, 0.0390873, 0.0460126, 0.10239, 0.111185, 0.134715, 0.142228, 0.264591, 0.277373, 0.304575, 0.311651, 0.327125, 0.533409, 1, 

140,690,0.001, 0.0482424, 0.060196, 0.0767149, 0.0967753, 0.155358, 0.160636, 0.190181, 0.193972, 0.27102, 0.27166, 0.30176, 0.327125, 0.229094, 1, 

141,623,0.001, 0.0482424, 0.060196, 0.0767149, 0.0967753, 0.101176, 0.129326, 0.133373, 0.0973048, 0.279032, 0.356605, 0.380371, 0.473197, 0.478227, 0.533409, 1, 

Generation #38
146,551,0.001, 0.0211516, 0.0390873, 0.0460126, 0.10239, 0.119235, 0.150345, 0.17776, 0.247358, 0.299091, 0.279032, 0.356605, 0.380371, 1, 

155,531,0.001, 0.0482424, 0.060196, 0.0767149, 0.0967753, 0.155358, 0.160636, 0.190181, 0.193972, 0.27102, 0.27166, 0.311651, 0.327125, 0.229094, 1, 

144,616,0.001, 0.0234395, 0.0390873, 0.0460126, 0.10239, 0.111185, 0.134715, 0.142228, 0.264591, 0.277373, 0.304575, 0.311651, 0.327125, 0.533409, 1, 

140,690,0.001, 0.0482424, 0.060196, 0.0767149, 0.0967753, 0.155358, 0.160636, 0.190181, 0.193972, 0.27102, 0.27166, 0.30176, 0.327125, 0.229094, 1, 

141,623,0.001, 0.0482424, 0.060196, 0.0767149, 0.0967753, 0.101176, 0.129326, 0.133373, 0.0973048, 0.279032, 0.356605, 0.380371, 0.473197, 0.478227, 0.533409, 1, 

Generation #39
146,551,0.001, 0.0211516, 0.0390873, 0.0460126, 0.10239, 0.119235, 0.150345, 0.17776, 0.247358, 0.299091, 0.279032, 0.356605, 0.380371, 1, 

155,531,0.001, 0.0482424, 0.060196, 0.0767149, 0.0967753, 0.155358, 0.160636, 0.190181, 0.193972, 0.27102, 0.27166, 0.311651, 0.327125, 0.229094, 1, 

144,616,0.001, 0.0234395, 0.0390873, 0.0460126, 0.10239, 0.111185, 0.134715, 0.142228, 0.264591, 0.277373, 0.304575, 0.311651, 0.327125, 0.533409, 1, 

140,690,0.001, 0.0482424, 0.060196, 0.0767149, 0.0967753, 0.155358, 0.160636, 0.190181, 0.193972, 0.27102, 0.27166, 0.30176, 0.327125, 0.229094, 1, 

141,623,0.001, 0.0482424, 0.060196, 0.0767149, 0.0967753, 0.101176, 0.129326, 0.133373, 0.0973048, 0.279032, 0.356605, 0.380371, 0.473197, 0.478227, 0.533409, 1, 

Generation #40
146,551,0.001, 0.0211516, 0.0390873, 0.0460126, 0.10239, 0.119235, 0.150345, 0.17776, 0.247358, 0.299091, 0.279032, 0.356605, 0.380371, 1, 

155,531,0.001, 0.0482424, 0.060196, 0.0767149, 0.0967753, 0.155358, 0.160636, 0.190181, 0.193972, 0.27102, 0.27166, 0.311651, 0.327125, 0.229094, 1, 

144,616,0.001, 0.0234395, 0.0390873, 0.0460126, 0.10239, 0.111185, 0.134715, 0.142228, 0.264591, 0.277373, 0.304575, 0.311651, 0.327125, 0.533409, 1, 

140,690,0.001, 0.0482424, 0.060196, 0.0767149, 0.0967753, 0.155358, 0.160636, 0.190181, 0.193972, 0.27102, 0.27166, 0.30176, 0.327125, 0.229094, 1, 

141,623,0.001, 0.0482424, 0.060196, 0.0767149, 0.0967753, 0.101176, 0.129326, 0.133373, 0.0973048, 0.279032, 0.356605, 0.380371, 0.473197, 0.478227, 0.533409, 1, 

Generation #41
146,551,0.001, 0.0211516, 0.0390873, 0.0460126, 0.10239, 0.119235, 0.150345, 0.17776, 0.247358, 0.299091, 0.279032, 0.356605, 0.380371, 1, 

155,531,0.001, 0.0482424, 0.060196, 0.0767149, 0.0967753, 0.155358, 0.160636, 0.190181, 0.193972, 0.27102, 0.27166, 0.311651, 0.327125, 0.229094, 1, 

144,616,0.001, 0.0234395, 0.0390873, 0.0460126, 0.10239, 0.111185, 0.134715, 0.142228, 0.264591, 0.277373, 0.304575, 0.311651, 0.327125, 0.533409, 1, 

140,690,0.001, 0.0482424, 0.060196, 0.0767149, 0.0967753, 0.155358, 0.160636, 0.190181, 0.193972, 0.27102, 0.27166, 0.30176, 0.327125, 0.229094, 1, 

141,623,0.001, 0.0482424, 0.060196, 0.0767149, 0.0967753, 0.101176, 0.129326, 0.133373, 0.0973048, 0.279032, 0.356605, 0.380371, 0.473197, 0.478227, 0.533409, 1, 

Generation #42
146,551,0.001, 0.0211516, 0.0390873, 0.0460126, 0.10239, 0.119235, 0.150345, 0.17776, 0.247358, 0.299091, 0.279032, 0.356605, 0.380371, 1, 

155,531,0.001, 0.0482424, 0.060196, 0.0767149, 0.0967753, 0.155358, 0.160636, 0.190181, 0.193972, 0.27102, 0.27166, 0.311651, 0.327125, 0.229094, 1, 

144,616,0.001, 0.0234395, 0.0390873, 0.0460126, 0.10239, 0.111185, 0.134715, 0.142228, 0.264591, 0.277373, 0.304575, 0.311651, 0.327125, 0.533409, 1, 

140,690,0.001, 0.0482424, 0.060196, 0.0767149, 0.0967753, 0.155358, 0.160636, 0.190181, 0.193972, 0.27102, 0.27166, 0.30176, 0.327125, 0.229094, 1, 

141,623,0.001, 0.0482424, 0.060196, 0.0767149, 0.0967753, 0.101176, 0.129326, 0.133373, 0.0973048, 0.279032, 0.356605, 0.380371, 0.473197, 0.478227, 0.533409, 1, 

Generation #43
146,551,0.001, 0.0211516, 0.0390873, 0.0460126, 0.10239, 0.119235, 0.150345, 0.17776, 0.247358, 0.299091, 0.279032, 0.356605, 0.380371, 1, 

155,531,0.001, 0.0482424, 0.060196, 0.0767149, 0.0967753, 0.155358, 0.160636, 0.190181, 0.193972, 0.27102, 0.27166, 0.311651, 0.327125, 0.229094, 1, 

144,616,0.001, 0.0234395, 0.0390873, 0.0460126, 0.10239, 0.111185, 0.134715, 0.142228, 0.264591, 0.277373, 0.304575, 0.311651, 0.327125, 0.533409, 1, 

140,690,0.001, 0.0482424, 0.060196, 0.0767149, 0.0967753, 0.155358, 0.160636, 0.190181, 0.193972, 0.27102, 0.27166, 0.30176, 0.327125, 0.229094, 1, 

141,623,0.001, 0.0482424, 0.060196, 0.0767149, 0.0967753, 0.101176, 0.129326, 0.133373, 0.0973048, 0.279032, 0.356605, 0.380371, 0.473197, 0.478227, 0.533409, 1, 

Generation #44
146,551,0.001, 0.0211516, 0.0390873, 0.0460126, 0.10239, 0.119235, 0.150345, 0.17776, 0.247358, 0.299091, 0.279032, 0.356605, 0.380371, 1, 

155,531,0.001, 0.0482424, 0.060196, 0.0767149, 0.0967753, 0.155358, 0.160636, 0.190181, 0.193972, 0.27102, 0.27166, 0.311651, 0.327125, 0.229094, 1, 

144,616,0.001, 0.0234395, 0.0390873, 0.0460126, 0.10239, 0.111185, 0.134715, 0.142228, 0.264591, 0.277373, 0.304575, 0.311651, 0.327125, 0.533409, 1, 

140,690,0.001, 0.0482424, 0.060196, 0.0767149, 0.0967753, 0.155358, 0.160636, 0.190181, 0.193972, 0.27102, 0.27166, 0.30176, 0.327125, 0.229094, 1, 

141,623,0.001, 0.0482424, 0.060196, 0.0767149, 0.0967753, 0.101176, 0.129326, 0.133373, 0.0973048, 0.279032, 0.356605, 0.380371, 0.473197, 0.478227, 0.533409, 1, 

Generation #45
146,551,0.001, 0.0211516, 0.0390873, 0.0460126, 0.10239, 0.119235, 0.150345, 0.17776, 0.247358, 0.299091, 0.279032, 0.356605, 0.380371, 1, 

155,531,0.001, 0.0482424, 0.060196, 0.0767149, 0.0967753, 0.155358, 0.160636, 0.190181, 0.193972, 0.27102, 0.27166, 0.311651, 0.327125, 0.229094, 1, 

144,616,0.001, 0.0234395, 0.0390873, 0.0460126, 0.10239, 0.111185, 0.134715, 0.142228, 0.264591, 0.277373, 0.304575, 0.311651, 0.327125, 0.533409, 1, 

140,690,0.001, 0.0482424, 0.060196, 0.0767149, 0.0967753, 0.155358, 0.160636, 0.190181, 0.193972, 0.27102, 0.27166, 0.30176, 0.327125, 0.229094, 1, 

141,623,0.001, 0.0482424, 0.060196, 0.0767149, 0.0967753, 0.101176, 0.129326, 0.133373, 0.0973048, 0.279032, 0.356605, 0.380371, 0.473197, 0.478227, 0.533409, 1, 

Generation #46
146,551,0.001, 0.0211516, 0.0390873, 0.0460126, 0.10239, 0.119235, 0.150345, 0.17776, 0.247358, 0.299091, 0.279032, 0.356605, 0.380371, 1, 

155,531,0.001, 0.0482424, 0.060196, 0.0767149, 0.0967753, 0.155358, 0.160636, 0.190181, 0.193972, 0.27102, 0.27166, 0.311651, 0.327125, 0.229094, 1, 

144,616,0.001, 0.0234395, 0.0390873, 0.0460126, 0.10239, 0.111185, 0.134715, 0.142228, 0.264591, 0.277373, 0.304575, 0.311651, 0.327125, 0.533409, 1, 

140,690,0.001, 0.0482424, 0.060196, 0.0767149, 0.0967753, 0.155358, 0.160636, 0.190181, 0.193972, 0.27102, 0.27166, 0.30176, 0.327125, 0.229094, 1, 

141,623,0.001, 0.0482424, 0.060196, 0.0767149, 0.0967753, 0.101176, 0.129326, 0.133373, 0.0973048, 0.279032, 0.356605, 0.380371, 0.473197, 0.478227, 0.533409, 1, 

Generation #47
146,551,0.001, 0.0211516, 0.0390873, 0.0460126, 0.10239, 0.119235, 0.150345, 0.17776, 0.247358, 0.299091, 0.279032, 0.356605, 0.380371, 1, 

155,531,0.001, 0.0482424, 0.060196, 0.0767149, 0.0967753, 0.155358, 0.160636, 0.190181, 0.193972, 0.27102, 0.27166, 0.311651, 0.327125, 0.229094, 1, 

144,616,0.001, 0.0234395, 0.0390873, 0.0460126, 0.10239, 0.111185, 0.134715, 0.142228, 0.264591, 0.277373, 0.304575, 0.311651, 0.327125, 0.533409, 1, 

140,690,0.001, 0.0482424, 0.060196, 0.0767149, 0.0967753, 0.155358, 0.160636, 0.190181, 0.193972, 0.27102, 0.27166, 0.30176, 0.327125, 0.229094, 1, 

141,623,0.001, 0.0482424, 0.060196, 0.0767149, 0.0967753, 0.101176, 0.129326, 0.133373, 0.0973048, 0.279032, 0.356605, 0.380371, 0.473197, 0.478227, 0.533409, 1, 

Generation #48
146,551,0.001, 0.0211516, 0.0390873, 0.0460126, 0.10239, 0.119235, 0.150345, 0.17776, 0.247358, 0.299091, 0.279032, 0.356605, 0.380371, 1, 

155,531,0.001, 0.0482424, 0.060196, 0.0767149, 0.0967753, 0.155358, 0.160636, 0.190181, 0.193972, 0.27102, 0.27166, 0.311651, 0.327125, 0.229094, 1, 

144,616,0.001, 0.0234395, 0.0390873, 0.0460126, 0.10239, 0.111185, 0.134715, 0.142228, 0.264591, 0.277373, 0.304575, 0.311651, 0.327125, 0.533409, 1, 

140,690,0.001, 0.0482424, 0.060196, 0.0767149, 0.0967753, 0.155358, 0.160636, 0.190181, 0.193972, 0.27102, 0.27166, 0.30176, 0.327125, 0.229094, 1, 

141,623,0.001, 0.0482424, 0.060196, 0.0767149, 0.0967753, 0.101176, 0.129326, 0.133373, 0.0973048, 0.279032, 0.356605, 0.380371, 0.473197, 0.478227, 0.533409, 1, 

Generation #49
146,551,0.001, 0.0211516, 0.0390873, 0.0460126, 0.10239, 0.119235, 0.150345, 0.17776, 0.247358, 0.299091, 0.279032, 0.356605, 0.380371, 1, 

155,531,0.001, 0.0482424, 0.060196, 0.0767149, 0.0967753, 0.155358, 0.160636, 0.190181, 0.193972, 0.27102, 0.27166, 0.311651, 0.327125, 0.229094, 1, 

144,616,0.001, 0.0234395, 0.0390873, 0.0460126, 0.10239, 0.111185, 0.134715, 0.142228, 0.264591, 0.277373, 0.304575, 0.311651, 0.327125, 0.533409, 1, 

140,690,0.001, 0.0482424, 0.060196, 0.0767149, 0.0967753, 0.155358, 0.160636, 0.190181, 0.193972, 0.27102, 0.27166, 0.30176, 0.327125, 0.229094, 1, 

141,623,0.001, 0.0482424, 0.060196, 0.0767149, 0.0967753, 0.101176, 0.129326, 0.133373, 0.0973048, 0.279032, 0.356605, 0.380371, 0.473197, 0.478227, 0.533409, 1, 

--- Pareto Front Solutions ---
Solution 0: N total=256 (N_initial=110, N_added=146), Time total=565 ms, Saved to: ./results/TCAS_t2_l1_pareto_0.csv, percents=0.001, 0.0211516, 0.0390873, 0.0460126, 0.10239, 0.119235, 0.150345, 0.17776, 0.247358, 0.299091, 0.279032, 0.356605, 0.380371, 1, 

Solution 1: N total=265 (N_initial=110, N_added=155), Time total=545 ms, Saved to: ./results/TCAS_t2_l1_pareto_1.csv, percents=0.001, 0.0482424, 0.060196, 0.0767149, 0.0967753, 0.155358, 0.160636, 0.190181, 0.193972, 0.27102, 0.27166, 0.311651, 0.327125, 0.229094, 1, 

Solution 2: N total=254 (N_initial=110, N_added=144), Time total=630 ms, Saved to: ./results/TCAS_t2_l1_pareto_2.csv, percents=0.001, 0.0234395, 0.0390873, 0.0460126, 0.10239, 0.111185, 0.134715, 0.142228, 0.264591, 0.277373, 0.304575, 0.311651, 0.327125, 0.533409, 1, 

Solution 3: N total=250 (N_initial=110, N_added=140), Time total=704 ms, Saved to: ./results/TCAS_t2_l1_pareto_3.csv, percents=0.001, 0.0482424, 0.060196, 0.0767149, 0.0967753, 0.155358, 0.160636, 0.190181, 0.193972, 0.27102, 0.27166, 0.30176, 0.327125, 0.229094, 1, 

Solution 4: N total=251 (N_initial=110, N_added=141), Time total=637 ms, Saved to: ./results/TCAS_t2_l1_pareto_4.csv, percents=0.001, 0.0482424, 0.060196, 0.0767149, 0.0967753, 0.101176, 0.129326, 0.133373, 0.0973048, 0.279032, 0.356605, 0.380371, 0.473197, 0.478227, 0.533409, 1, 

------------d=1, t=2, lambda=2, filename=./evaluation/TCAS/TCAS_2_2.csv------------
Computing partitioned counts of d-sets...
Ready to look at pairs based on partitioned counts...
First Stage N=200, Time=17
There are 1 remaining non-locating pairs
--- Running GA Algorithm (phase2) ---
Running GA with std::execution::par
Generation #0
11,0,0.001, 0.079706, 0.216908, 0.504308, 0.532051, 0.535433, 0.748141, 0.787957, 0.846522, 0.916226, 1, 

Generation #1
10,0,0.001, 0.216908, 0.504308, 0.532051, 0.535433, 0.748141, 0.787957, 0.846522, 0.916226, 1, 

Generation #2
10,0,0.001, 0.216908, 0.504308, 0.532051, 0.535433, 0.748141, 0.787957, 0.846522, 0.916226, 1, 

Generation #3
10,0,0.001, 0.216908, 0.504308, 0.532051, 0.535433, 0.748141, 0.787957, 0.846522, 0.916226, 1, 

Generation #4
10,0,0.001, 0.216908, 0.504308, 0.532051, 0.535433, 0.748141, 0.787957, 0.846522, 0.916226, 1, 

Generation #5
9,0,0.001, 0.058401, 0.100989, 0.176852, 0.346507, 0.156807, 0.424674, 1, 

Generation #6
8,0,0.001, 0.216908, 0.157441, 0.161399, 0.395661, 0.218993, 0.934387, 1, 

Generation #7
8,0,0.001, 0.216908, 0.157441, 0.161399, 0.395661, 0.218993, 0.934387, 1, 

Generation #8
8,0,0.001, 0.216908, 0.157441, 0.161399, 0.395661, 0.218993, 0.934387, 1, 

Generation #9
8,0,0.001, 0.216908, 0.157441, 0.161399, 0.395661, 0.218993, 0.934387, 1, 

Generation #10
8,0,0.001, 0.216908, 0.157441, 0.161399, 0.395661, 0.218993, 0.934387, 1, 

Generation #11
7,0,0.115653, 0.210768, 0.21892, 0.176852, 0.218577, 0.395661, 1, 

Generation #12
7,0,0.115653, 0.210768, 0.21892, 0.176852, 0.218577, 0.395661, 1, 

Generation #13
7,0,0.115653, 0.210768, 0.21892, 0.176852, 0.218577, 0.395661, 1, 

Generation #14
7,0,0.115653, 0.210768, 0.21892, 0.176852, 0.218577, 0.395661, 1, 

Generation #15
7,0,0.115653, 0.210768, 0.21892, 0.176852, 0.218577, 0.395661, 1, 

Generation #16
6,0,0.926535, 0.0626861, 0.12516, 0.532051, 0.424674, 1, 

Generation #17
6,0,0.926535, 0.0626861, 0.12516, 0.532051, 0.424674, 1, 

Generation #18
6,0,0.926535, 0.0626861, 0.12516, 0.532051, 0.424674, 1, 

Generation #19
5,0,0.02695, 0.207305, 0.532051, 0.748141, 1, 

Generation #20
5,0,0.02695, 0.207305, 0.532051, 0.748141, 1, 

Generation #21
5,0,0.02695, 0.207305, 0.532051, 0.748141, 1, 

Generation #22
5,0,0.02695, 0.207305, 0.532051, 0.748141, 1, 

Generation #23
5,0,0.02695, 0.207305, 0.532051, 0.748141, 1, 

Generation #24
4,0,0.24657, 0.384912, 0.429419, 1, 

Generation #25
4,0,0.24657, 0.384912, 0.429419, 1, 

Generation #26
4,0,0.24657, 0.384912, 0.429419, 1, 

Generation #27
4,0,0.24657, 0.384912, 0.429419, 1, 

Generation #28
3,0,0.24657, 0.633118, 1, 

Generation #29
2,0,1, 
