------------d=1, t=2, lambda=1, filename=./evaluation/TCAS/TCAS_2_1.csv------------
Computing partitioned counts of d-sets...
Ready to look at pairs based on partitioned counts...
First Stage N=110, Time=11
There are 1390 remaining non-locating pairs
--- Running GA Algorithm (phase2) ---
Running GA with std::execution::par
Generation #0
162,771,0.001, 0.017851, 0.0501659, 0.0513067, 0.110065, 0.137015, 0.159559, 0.187127, 0.248876, 0.279032, 0.421249, 0.482314, 0.608711, 0.629831, 0.648283, 0.693314, 0.753794, 0.76718, 0.888482, 0.910419, 0.911522, 1, 

157,1643,0.001, 0.0485364, 0.0638381, 0.103473, 0.112512, 0.157387, 0.207509, 0.233497, 0.34024, 0.425078, 0.623749, 0.642961, 0.77327, 0.821051, 0.86027, 0.97724, 1, 

158,912,0.001, 0.0497091, 0.0827891, 0.108354, 0.288172, 0.394254, 0.406807, 0.441389, 0.55663, 0.652303, 0.7728, 0.78984, 0.809512, 0.821009, 0.856762, 0.858627, 0.936587, 1, 

159,871,0.001, 0.111339, 0.16634, 0.218179, 0.237932, 0.243909, 0.310566, 0.348349, 0.429216, 0.494273, 0.528657, 0.68325, 0.768668, 0.809193, 0.945806, 0.950799, 1, 

Generation #1
164,709,0.001, 0.017851, 0.0501659, 0.0513067, 0.110065, 0.137015, 0.159559, 0.187127, 0.248876, 0.279032, 0.421249, 0.482314, 0.608711, 0.629831, 0.648283, 0.654082, 0.718887, 0.733884, 0.740361, 0.829236, 0.888265, 0.960799, 0.962151, 0.978999, 1, 

152,768,0.001, 0.017851, 0.0501659, 0.0513067, 0.110065, 0.137015, 0.159559, 0.187127, 0.248876, 0.279032, 0.421249, 0.482314, 0.608711, 0.629831, 0.648283, 0.693314, 0.753794, 0.76718, 0.888482, 0.910419, 0.911522, 1, 

Generation #2
152,768,0.001, 0.017851, 0.0501659, 0.0513067, 0.110065, 0.137015, 0.159559, 0.187127, 0.248876, 0.279032, 0.421249, 0.482314, 0.608711, 0.629831, 0.648283, 0.693314, 0.753794, 0.76718, 0.888482, 0.910419, 0.911522, 1, 

157,676,0.001, 0.0234395, 0.0390873, 0.0460126, 0.10239, 0.111185, 0.134715, 0.142228, 0.147769, 0.164878, 0.182603, 0.226503, 0.233886, 0.288066, 0.436146, 0.459913, 0.494666, 0.552769, 1, 

Generation #3
152,768,0.001, 0.017851, 0.0501659, 0.0513067, 0.110065, 0.137015, 0.159559, 0.187127, 0.248876, 0.279032, 0.421249, 0.482314, 0.608711, 0.629831, 0.648283, 0.693314, 0.753794, 0.76718, 0.888482, 0.910419, 0.911522, 1, 

157,676,0.001, 0.0234395, 0.0390873, 0.0460126, 0.10239, 0.111185, 0.134715, 0.142228, 0.147769, 0.164878, 0.182603, 0.226503, 0.233886, 0.288066, 0.436146, 0.459913, 0.494666, 0.552769, 1, 

162,644,0.001, 0.0485364, 0.0638381, 0.103473, 0.110065, 0.137015, 0.159559, 0.187127, 0.248876, 0.279032, 0.421249, 0.482314, 0.608711, 0.629831, 0.648283, 0.693314, 0.753794, 0.76718, 0.888482, 0.910419, 0.911522, 1, 

159,663,0.001, 0.0234395, 0.0390873, 0.0460126, 0.10239, 0.119161, 0.310566, 0.348349, 0.429216, 0.494273, 0.457051, 0.782234, 0.787231, 0.8087, 0.870795, 0.937226, 1, 

Generation #4
152,768,0.001, 0.017851, 0.0501659, 0.0513067, 0.110065, 0.137015, 0.159559, 0.187127, 0.248876, 0.279032, 0.421249, 0.482314, 0.608711, 0.629831, 0.648283, 0.693314, 0.753794, 0.76718, 0.888482, 0.910419, 0.911522, 1, 

157,676,0.001, 0.0234395, 0.0390873, 0.0460126, 0.10239, 0.111185, 0.134715, 0.142228, 0.147769, 0.164878, 0.182603, 0.226503, 0.233886, 0.288066, 0.436146, 0.459913, 0.494666, 0.552769, 1, 

158,635,0.001, 0.0210959, 0.0390873, 0.0460126, 0.10239, 0.111185, 0.134715, 0.142228, 0.147769, 0.164878, 0.485224, 0.226503, 0.233886, 0.288066, 0.436146, 0.459913, 0.494666, 0.552769, 1, 

Generation #5
152,768,0.001, 0.017851, 0.0501659, 0.0513067, 0.110065, 0.137015, 0.159559, 0.187127, 0.248876, 0.279032, 0.421249, 0.482314, 0.608711, 0.629831, 0.648283, 0.693314, 0.753794, 0.76718, 0.888482, 0.910419, 0.911522, 1, 

157,676,0.001, 0.0234395, 0.0390873, 0.0460126, 0.10239, 0.111185, 0.134715, 0.142228, 0.147769, 0.164878, 0.182603, 0.226503, 0.233886, 0.288066, 0.436146, 0.459913, 0.494666, 0.552769, 1, 

158,635,0.001, 0.0210959, 0.0390873, 0.0460126, 0.10239, 0.111185, 0.134715, 0.142228, 0.147769, 0.164878, 0.485224, 0.226503, 0.233886, 0.288066, 0.436146, 0.459913, 0.494666, 0.552769, 1, 

151,774,0.001, 0.111339, 0.110189, 0.112748, 0.15319, 0.137015, 0.159559, 0.187127, 0.147769, 0.164878, 0.182603, 0.226503, 0.233886, 0.288066, 0.436146, 0.459913, 0.494666, 0.552769, 1, 

Generation #6
152,768,0.001, 0.017851, 0.0501659, 0.0513067, 0.110065, 0.137015, 0.159559, 0.187127, 0.248876, 0.279032, 0.421249, 0.482314, 0.608711, 0.629831, 0.648283, 0.693314, 0.753794, 0.76718, 0.888482, 0.910419, 0.911522, 1, 

157,676,0.001, 0.0234395, 0.0390873, 0.0460126, 0.10239, 0.111185, 0.134715, 0.142228, 0.147769, 0.164878, 0.182603, 0.226503, 0.233886, 0.288066, 0.436146, 0.459913, 0.494666, 0.552769, 1, 

158,635,0.001, 0.0210959, 0.0390873, 0.0460126, 0.10239, 0.111185, 0.134715, 0.142228, 0.147769, 0.164878, 0.485224, 0.226503, 0.233886, 0.288066, 0.436146, 0.459913, 0.494666, 0.552769, 1, 

151,774,0.001, 0.111339, 0.110189, 0.112748, 0.15319, 0.137015, 0.159559, 0.187127, 0.147769, 0.164878, 0.182603, 0.226503, 0.233886, 0.288066, 0.436146, 0.459913, 0.494666, 0.552769, 1, 

168,624,0.001, 0.0210959, 0.0374706, 0.0736174, 0.102566, 0.179495, 0.207509, 0.233497, 0.34024, 0.425078, 0.623749, 0.642961, 0.77327, 0.821051, 0.86027, 0.97724, 1, 

Generation #7
147,680,0.001, 0.017851, 0.0501659, 0.0460126, 0.10239, 0.111185, 0.134715, 0.142228, 0.22996, 0.248763, 0.304855, 0.31975, 0.359774, 0.379474, 0.966634, 1, 

160,619,0.001, 0.017851, 0.0501659, 0.0513067, 0.110065, 0.137015, 0.159559, 0.187127, 0.248876, 0.279032, 0.421249, 0.482314, 0.608711, 0.629831, 0.648283, 0.97724, 0.753794, 0.76718, 0.888482, 0.910419, 0.911522, 1, 

155,621,0.001, 0.0485364, 0.0638381, 0.103473, 0.110065, 0.137015, 0.159559, 0.187127, 0.248876, 0.279032, 0.421249, 0.482314, 0.511489, 0.606937, 0.693314, 0.753794, 0.76718, 0.888482, 0.910419, 0.911522, 1, 

Generation #8
147,680,0.001, 0.017851, 0.0501659, 0.0460126, 0.10239, 0.111185, 0.134715, 0.142228, 0.22996, 0.248763, 0.304855, 0.31975, 0.359774, 0.379474, 0.966634, 1, 

160,619,0.001, 0.017851, 0.0501659, 0.0513067, 0.110065, 0.137015, 0.159559, 0.187127, 0.248876, 0.279032, 0.421249, 0.482314, 0.608711, 0.629831, 0.648283, 0.97724, 0.753794, 0.76718, 0.888482, 0.910419, 0.911522, 1, 

155,621,0.001, 0.0485364, 0.0638381, 0.103473, 0.110065, 0.137015, 0.159559, 0.187127, 0.248876, 0.279032, 0.421249, 0.482314, 0.511489, 0.606937, 0.693314, 0.753794, 0.76718, 0.888482, 0.910419, 0.911522, 1, 

150,642,0.001, 0.017851, 0.0390873, 0.0460126, 0.10239, 0.111185, 0.161136, 0.142228, 0.147769, 0.164878, 0.485224, 0.226503, 0.233886, 0.288066, 0.436146, 0.459913, 0.494666, 0.552769, 1, 

Generation #9
147,680,0.001, 0.017851, 0.0501659, 0.0460126, 0.10239, 0.111185, 0.134715, 0.142228, 0.22996, 0.248763, 0.304855, 0.31975, 0.359774, 0.379474, 0.966634, 1, 

160,619,0.001, 0.017851, 0.0501659, 0.0513067, 0.110065, 0.137015, 0.159559, 0.187127, 0.248876, 0.279032, 0.421249, 0.482314, 0.608711, 0.629831, 0.648283, 0.97724, 0.753794, 0.76718, 0.888482, 0.910419, 0.911522, 1, 

155,621,0.001, 0.0485364, 0.0638381, 0.103473, 0.110065, 0.137015, 0.159559, 0.187127, 0.248876, 0.279032, 0.421249, 0.482314, 0.511489, 0.606937, 0.693314, 0.753794, 0.76718, 0.888482, 0.910419, 0.911522, 1, 

150,642,0.001, 0.017851, 0.0390873, 0.0460126, 0.10239, 0.111185, 0.161136, 0.142228, 0.147769, 0.164878, 0.485224, 0.226503, 0.233886, 0.288066, 0.436146, 0.459913, 0.494666, 0.552769, 1, 

Generation #10
147,680,0.001, 0.017851, 0.0501659, 0.0460126, 0.10239, 0.111185, 0.134715, 0.142228, 0.22996, 0.248763, 0.304855, 0.31975, 0.359774, 0.379474, 0.966634, 1, 

160,619,0.001, 0.017851, 0.0501659, 0.0513067, 0.110065, 0.137015, 0.159559, 0.187127, 0.248876, 0.279032, 0.421249, 0.482314, 0.608711, 0.629831, 0.648283, 0.97724, 0.753794, 0.76718, 0.888482, 0.910419, 0.911522, 1, 

155,621,0.001, 0.0485364, 0.0638381, 0.103473, 0.110065, 0.137015, 0.159559, 0.187127, 0.248876, 0.279032, 0.421249, 0.482314, 0.511489, 0.606937, 0.693314, 0.753794, 0.76718, 0.888482, 0.910419, 0.911522, 1, 

150,642,0.001, 0.017851, 0.0390873, 0.0460126, 0.10239, 0.111185, 0.161136, 0.142228, 0.147769, 0.164878, 0.485224, 0.226503, 0.233886, 0.288066, 0.436146, 0.459913, 0.494666, 0.552769, 1, 

Generation #11
147,680,0.001, 0.017851, 0.0501659, 0.0460126, 0.10239, 0.111185, 0.134715, 0.142228, 0.22996, 0.248763, 0.304855, 0.31975, 0.359774, 0.379474, 0.966634, 1, 

155,621,0.001, 0.0485364, 0.0638381, 0.103473, 0.110065, 0.137015, 0.159559, 0.187127, 0.248876, 0.279032, 0.421249, 0.482314, 0.511489, 0.606937, 0.693314, 0.753794, 0.76718, 0.888482, 0.910419, 0.911522, 1, 

150,642,0.001, 0.017851, 0.0390873, 0.0460126, 0.10239, 0.111185, 0.161136, 0.142228, 0.147769, 0.164878, 0.485224, 0.226503, 0.233886, 0.288066, 0.436146, 0.459913, 0.494666, 0.552769, 1, 

154,630,0.001, 0.017851, 0.0390873, 0.0460126, 0.10239, 0.111185, 0.134715, 0.142228, 0.147769, 0.164878, 0.182603, 0.226503, 0.233886, 0.288066, 0.436146, 0.459913, 0.494666, 0.552769, 1, 

157,580,0.001, 0.0234395, 0.0501659, 0.0513067, 0.110065, 0.137015, 0.159559, 0.187127, 0.147769, 0.164878, 0.182603, 0.226503, 0.233886, 0.606937, 0.693314, 0.753794, 0.76718, 0.888482, 0.910419, 0.911522, 1, 

Generation #12
147,680,0.001, 0.017851, 0.0501659, 0.0460126, 0.10239, 0.111185, 0.134715, 0.142228, 0.22996, 0.248763, 0.304855, 0.31975, 0.359774, 0.379474, 0.966634, 1, 

155,621,0.001, 0.0485364, 0.0638381, 0.103473, 0.110065, 0.137015, 0.159559, 0.187127, 0.248876, 0.279032, 0.421249, 0.482314, 0.511489, 0.606937, 0.693314, 0.753794, 0.76718, 0.888482, 0.910419, 0.911522, 1, 

150,642,0.001, 0.017851, 0.0390873, 0.0460126, 0.10239, 0.111185, 0.161136, 0.142228, 0.147769, 0.164878, 0.485224, 0.226503, 0.233886, 0.288066, 0.436146, 0.459913, 0.494666, 0.552769, 1, 

154,630,0.001, 0.017851, 0.0390873, 0.0460126, 0.10239, 0.111185, 0.134715, 0.142228, 0.147769, 0.164878, 0.182603, 0.226503, 0.233886, 0.288066, 0.436146, 0.459913, 0.494666, 0.552769, 1, 

157,580,0.001, 0.0234395, 0.0501659, 0.0513067, 0.110065, 0.137015, 0.159559, 0.187127, 0.147769, 0.164878, 0.182603, 0.226503, 0.233886, 0.606937, 0.693314, 0.753794, 0.76718, 0.888482, 0.910419, 0.911522, 1, 

Generation #13
155,621,0.001, 0.0485364, 0.0638381, 0.103473, 0.110065, 0.137015, 0.159559, 0.187127, 0.248876, 0.279032, 0.421249, 0.482314, 0.511489, 0.606937, 0.693314, 0.753794, 0.76718, 0.888482, 0.910419, 0.911522, 1, 

154,630,0.001, 0.017851, 0.0390873, 0.0460126, 0.10239, 0.111185, 0.134715, 0.142228, 0.147769, 0.164878, 0.182603, 0.226503, 0.233886, 0.288066, 0.436146, 0.459913, 0.494666, 0.552769, 1, 

157,580,0.001, 0.0234395, 0.0501659, 0.0513067, 0.110065, 0.137015, 0.159559, 0.187127, 0.147769, 0.164878, 0.182603, 0.226503, 0.233886, 0.606937, 0.693314, 0.753794, 0.76718, 0.888482, 0.910419, 0.911522, 1, 

138,682,0.001, 0.017851, 0.0390873, 0.0460126, 0.10239, 0.111185, 0.134715, 0.142228, 0.147769, 0.164878, 0.182603, 0.226503, 0.233886, 0.288066, 0.436146, 0.459913, 0.494666, 0.552769, 1, 

150,638,0.001, 0.0234395, 0.0390873, 0.0460126, 0.10239, 0.111185, 0.134715, 0.142228, 0.147769, 0.164878, 0.182603, 0.226503, 0.233886, 0.288066, 0.436146, 0.459913, 0.494666, 0.552769, 1, 

144,670,0.001, 0.017851, 0.0501659, 0.0513067, 0.110065, 0.137015, 0.159559, 0.187127, 0.164878, 0.182603, 0.226503, 0.233886, 0.648283, 0.654082, 0.459913, 0.494666, 0.552769, 1, 

Generation #14
155,621,0.001, 0.0485364, 0.0638381, 0.103473, 0.110065, 0.137015, 0.159559, 0.187127, 0.248876, 0.279032, 0.421249, 0.482314, 0.511489, 0.606937, 0.693314, 0.753794, 0.76718, 0.888482, 0.910419, 0.911522, 1, 

154,630,0.001, 0.017851, 0.0390873, 0.0460126, 0.10239, 0.111185, 0.134715, 0.142228, 0.147769, 0.164878, 0.182603, 0.226503, 0.233886, 0.288066, 0.436146, 0.459913, 0.494666, 0.552769, 1, 

157,580,0.001, 0.0234395, 0.0501659, 0.0513067, 0.110065, 0.137015, 0.159559, 0.187127, 0.147769, 0.164878, 0.182603, 0.226503, 0.233886, 0.606937, 0.693314, 0.753794, 0.76718, 0.888482, 0.910419, 0.911522, 1, 

138,682,0.001, 0.017851, 0.0390873, 0.0460126, 0.10239, 0.111185, 0.134715, 0.142228, 0.147769, 0.164878, 0.182603, 0.226503, 0.233886, 0.288066, 0.436146, 0.459913, 0.494666, 0.552769, 1, 

150,638,0.001, 0.0234395, 0.0390873, 0.0460126, 0.10239, 0.111185, 0.134715, 0.142228, 0.147769, 0.164878, 0.182603, 0.226503, 0.233886, 0.288066, 0.436146, 0.459913, 0.494666, 0.552769, 1, 

144,670,0.001, 0.017851, 0.0501659, 0.0513067, 0.110065, 0.137015, 0.159559, 0.187127, 0.164878, 0.182603, 0.226503, 0.233886, 0.648283, 0.654082, 0.459913, 0.494666, 0.552769, 1, 

Generation #15
155,621,0.001, 0.0485364, 0.0638381, 0.103473, 0.110065, 0.137015, 0.159559, 0.187127, 0.248876, 0.279032, 0.421249, 0.482314, 0.511489, 0.606937, 0.693314, 0.753794, 0.76718, 0.888482, 0.910419, 0.911522, 1, 

154,630,0.001, 0.017851, 0.0390873, 0.0460126, 0.10239, 0.111185, 0.134715, 0.142228, 0.147769, 0.164878, 0.182603, 0.226503, 0.233886, 0.288066, 0.436146, 0.459913, 0.494666, 0.552769, 1, 

157,580,0.001, 0.0234395, 0.0501659, 0.0513067, 0.110065, 0.137015, 0.159559, 0.187127, 0.147769, 0.164878, 0.182603, 0.226503, 0.233886, 0.606937, 0.693314, 0.753794, 0.76718, 0.888482, 0.910419, 0.911522, 1, 

138,682,0.001, 0.017851, 0.0390873, 0.0460126, 0.10239, 0.111185, 0.134715, 0.142228, 0.147769, 0.164878, 0.182603, 0.226503, 0.233886, 0.288066, 0.436146, 0.459913, 0.494666, 0.552769, 1, 

150,638,0.001, 0.0234395, 0.0390873, 0.0460126, 0.10239, 0.111185, 0.134715, 0.142228, 0.147769, 0.164878, 0.182603, 0.226503, 0.233886, 0.288066, 0.436146, 0.459913, 0.494666, 0.552769, 1, 

144,670,0.001, 0.017851, 0.0501659, 0.0513067, 0.110065, 0.137015, 0.159559, 0.187127, 0.164878, 0.182603, 0.226503, 0.233886, 0.648283, 0.654082, 0.459913, 0.494666, 0.552769, 1, 

Generation #16
155,621,0.001, 0.0485364, 0.0638381, 0.103473, 0.110065, 0.137015, 0.159559, 0.187127, 0.248876, 0.279032, 0.421249, 0.482314, 0.511489, 0.606937, 0.693314, 0.753794, 0.76718, 0.888482, 0.910419, 0.911522, 1, 

154,630,0.001, 0.017851, 0.0390873, 0.0460126, 0.10239, 0.111185, 0.134715, 0.142228, 0.147769, 0.164878, 0.182603, 0.226503, 0.233886, 0.288066, 0.436146, 0.459913, 0.494666, 0.552769, 1, 

138,682,0.001, 0.017851, 0.0390873, 0.0460126, 0.10239, 0.111185, 0.134715, 0.142228, 0.147769, 0.164878, 0.182603, 0.226503, 0.233886, 0.288066, 0.436146, 0.459913, 0.494666, 0.552769, 1, 

150,638,0.001, 0.0234395, 0.0390873, 0.0460126, 0.10239, 0.111185, 0.134715, 0.142228, 0.147769, 0.164878, 0.182603, 0.226503, 0.233886, 0.288066, 0.436146, 0.459913, 0.494666, 0.552769, 1, 

144,670,0.001, 0.017851, 0.0501659, 0.0513067, 0.110065, 0.137015, 0.159559, 0.187127, 0.164878, 0.182603, 0.226503, 0.233886, 0.648283, 0.654082, 0.459913, 0.494666, 0.552769, 1, 

157,578,0.001, 0.0234395, 0.0390873, 0.0460126, 0.10239, 0.111185, 0.134715, 0.142228, 0.147769, 0.164878, 0.182603, 0.226503, 0.233886, 0.966634, 1, 

Generation #17
154,630,0.001, 0.017851, 0.0390873, 0.0460126, 0.10239, 0.111185, 0.134715, 0.142228, 0.147769, 0.164878, 0.182603, 0.226503, 0.233886, 0.288066, 0.436146, 0.459913, 0.494666, 0.552769, 1, 

138,682,0.001, 0.017851, 0.0390873, 0.0460126, 0.10239, 0.111185, 0.134715, 0.142228, 0.147769, 0.164878, 0.182603, 0.226503, 0.233886, 0.288066, 0.436146, 0.459913, 0.494666, 0.552769, 1, 

150,638,0.001, 0.0234395, 0.0390873, 0.0460126, 0.10239, 0.111185, 0.134715, 0.142228, 0.147769, 0.164878, 0.182603, 0.226503, 0.233886, 0.288066, 0.436146, 0.459913, 0.494666, 0.552769, 1, 

144,670,0.001, 0.017851, 0.0501659, 0.0513067, 0.110065, 0.137015, 0.159559, 0.187127, 0.164878, 0.182603, 0.226503, 0.233886, 0.648283, 0.654082, 0.459913, 0.494666, 0.552769, 1, 

155,555,0.001, 0.0234395, 0.0390873, 0.0460126, 0.10239, 0.111185, 0.134715, 0.142228, 0.147769, 0.164878, 0.182603, 0.226503, 0.233886, 0.288066, 0.436146, 0.459913, 0.370415, 0.733884, 0.740361, 0.843834, 0.85952, 0.956795, 1, 

Generation #18
154,630,0.001, 0.017851, 0.0390873, 0.0460126, 0.10239, 0.111185, 0.134715, 0.142228, 0.147769, 0.164878, 0.182603, 0.226503, 0.233886, 0.288066, 0.436146, 0.459913, 0.494666, 0.552769, 1, 

138,682,0.001, 0.017851, 0.0390873, 0.0460126, 0.10239, 0.111185, 0.134715, 0.142228, 0.147769, 0.164878, 0.182603, 0.226503, 0.233886, 0.288066, 0.436146, 0.459913, 0.494666, 0.552769, 1, 

150,638,0.001, 0.0234395, 0.0390873, 0.0460126, 0.10239, 0.111185, 0.134715, 0.142228, 0.147769, 0.164878, 0.182603, 0.226503, 0.233886, 0.288066, 0.436146, 0.459913, 0.494666, 0.552769, 1, 

144,670,0.001, 0.017851, 0.0501659, 0.0513067, 0.110065, 0.137015, 0.159559, 0.187127, 0.164878, 0.182603, 0.226503, 0.233886, 0.648283, 0.654082, 0.459913, 0.494666, 0.552769, 1, 

155,555,0.001, 0.0234395, 0.0390873, 0.0460126, 0.10239, 0.111185, 0.134715, 0.142228, 0.147769, 0.164878, 0.182603, 0.226503, 0.233886, 0.288066, 0.436146, 0.459913, 0.370415, 0.733884, 0.740361, 0.843834, 0.85952, 0.956795, 1, 

Generation #19
154,630,0.001, 0.017851, 0.0390873, 0.0460126, 0.10239, 0.111185, 0.134715, 0.142228, 0.147769, 0.164878, 0.182603, 0.226503, 0.233886, 0.288066, 0.436146, 0.459913, 0.494666, 0.552769, 1, 

138,682,0.001, 0.017851, 0.0390873, 0.0460126, 0.10239, 0.111185, 0.134715, 0.142228, 0.147769, 0.164878, 0.182603, 0.226503, 0.233886, 0.288066, 0.436146, 0.459913, 0.494666, 0.552769, 1, 

150,638,0.001, 0.0234395, 0.0390873, 0.0460126, 0.10239, 0.111185, 0.134715, 0.142228, 0.147769, 0.164878, 0.182603, 0.226503, 0.233886, 0.288066, 0.436146, 0.459913, 0.494666, 0.552769, 1, 

144,670,0.001, 0.017851, 0.0501659, 0.0513067, 0.110065, 0.137015, 0.159559, 0.187127, 0.164878, 0.182603, 0.226503, 0.233886, 0.648283, 0.654082, 0.459913, 0.494666, 0.552769, 1, 

155,555,0.001, 0.0234395, 0.0390873, 0.0460126, 0.10239, 0.111185, 0.134715, 0.142228, 0.147769, 0.164878, 0.182603, 0.226503, 0.233886, 0.288066, 0.436146, 0.459913, 0.370415, 0.733884, 0.740361, 0.843834, 0.85952, 0.956795, 1, 

148,668,0.001, 0.017851, 0.0501659, 0.0460126, 0.10239, 0.111185, 0.134715, 0.142228, 0.22996, 0.164878, 0.182603, 0.226503, 0.233886, 0.288066, 0.436146, 0.459913, 0.494666, 0.552769, 1, 

Generation #20
154,630,0.001, 0.017851, 0.0390873, 0.0460126, 0.10239, 0.111185, 0.134715, 0.142228, 0.147769, 0.164878, 0.182603, 0.226503, 0.233886, 0.288066, 0.436146, 0.459913, 0.494666, 0.552769, 1, 

138,682,0.001, 0.017851, 0.0390873, 0.0460126, 0.10239, 0.111185, 0.134715, 0.142228, 0.147769, 0.164878, 0.182603, 0.226503, 0.233886, 0.288066, 0.436146, 0.459913, 0.494666, 0.552769, 1, 

150,638,0.001, 0.0234395, 0.0390873, 0.0460126, 0.10239, 0.111185, 0.134715, 0.142228, 0.147769, 0.164878, 0.182603, 0.226503, 0.233886, 0.288066, 0.436146, 0.459913, 0.494666, 0.552769, 1, 

144,670,0.001, 0.017851, 0.0501659, 0.0513067, 0.110065, 0.137015, 0.159559, 0.187127, 0.164878, 0.182603, 0.226503, 0.233886, 0.648283, 0.654082, 0.459913, 0.494666, 0.552769, 1, 

155,555,0.001, 0.0234395, 0.0390873, 0.0460126, 0.10239, 0.111185, 0.134715, 0.142228, 0.147769, 0.164878, 0.182603, 0.226503, 0.233886, 0.288066, 0.436146, 0.459913, 0.370415, 0.733884, 0.740361, 0.843834, 0.85952, 0.956795, 1, 

148,668,0.001, 0.017851, 0.0501659, 0.0460126, 0.10239, 0.111185, 0.134715, 0.142228, 0.22996, 0.164878, 0.182603, 0.226503, 0.233886, 0.288066, 0.436146, 0.459913, 0.494666, 0.552769, 1, 

Generation #21
154,630,0.001, 0.017851, 0.0390873, 0.0460126, 0.10239, 0.111185, 0.134715, 0.142228, 0.147769, 0.164878, 0.182603, 0.226503, 0.233886, 0.288066, 0.436146, 0.459913, 0.494666, 0.552769, 1, 

138,682,0.001, 0.017851, 0.0390873, 0.0460126, 0.10239, 0.111185, 0.134715, 0.142228, 0.147769, 0.164878, 0.182603, 0.226503, 0.233886, 0.288066, 0.436146, 0.459913, 0.494666, 0.552769, 1, 

150,638,0.001, 0.0234395, 0.0390873, 0.0460126, 0.10239, 0.111185, 0.134715, 0.142228, 0.147769, 0.164878, 0.182603, 0.226503, 0.233886, 0.288066, 0.436146, 0.459913, 0.494666, 0.552769, 1, 

144,670,0.001, 0.017851, 0.0501659, 0.0513067, 0.110065, 0.137015, 0.159559, 0.187127, 0.164878, 0.182603, 0.226503, 0.233886, 0.648283, 0.654082, 0.459913, 0.494666, 0.552769, 1, 

155,555,0.001, 0.0234395, 0.0390873, 0.0460126, 0.10239, 0.111185, 0.134715, 0.142228, 0.147769, 0.164878, 0.182603, 0.226503, 0.233886, 0.288066, 0.436146, 0.459913, 0.370415, 0.733884, 0.740361, 0.843834, 0.85952, 0.956795, 1, 

148,668,0.001, 0.017851, 0.0501659, 0.0460126, 0.10239, 0.111185, 0.134715, 0.142228, 0.22996, 0.164878, 0.182603, 0.226503, 0.233886, 0.288066, 0.436146, 0.459913, 0.494666, 0.552769, 1, 

Generation #22
154,630,0.001, 0.017851, 0.0390873, 0.0460126, 0.10239, 0.111185, 0.134715, 0.142228, 0.147769, 0.164878, 0.182603, 0.226503, 0.233886, 0.288066, 0.436146, 0.459913, 0.494666, 0.552769, 1, 

138,682,0.001, 0.017851, 0.0390873, 0.0460126, 0.10239, 0.111185, 0.134715, 0.142228, 0.147769, 0.164878, 0.182603, 0.226503, 0.233886, 0.288066, 0.436146, 0.459913, 0.494666, 0.552769, 1, 

150,638,0.001, 0.0234395, 0.0390873, 0.0460126, 0.10239, 0.111185, 0.134715, 0.142228, 0.147769, 0.164878, 0.182603, 0.226503, 0.233886, 0.288066, 0.436146, 0.459913, 0.494666, 0.552769, 1, 

144,670,0.001, 0.017851, 0.0501659, 0.0513067, 0.110065, 0.137015, 0.159559, 0.187127, 0.164878, 0.182603, 0.226503, 0.233886, 0.648283, 0.654082, 0.459913, 0.494666, 0.552769, 1, 

155,555,0.001, 0.0234395, 0.0390873, 0.0460126, 0.10239, 0.111185, 0.134715, 0.142228, 0.147769, 0.164878, 0.182603, 0.226503, 0.233886, 0.288066, 0.436146, 0.459913, 0.370415, 0.733884, 0.740361, 0.843834, 0.85952, 0.956795, 1, 

148,668,0.001, 0.017851, 0.0501659, 0.0460126, 0.10239, 0.111185, 0.134715, 0.142228, 0.22996, 0.164878, 0.182603, 0.226503, 0.233886, 0.288066, 0.436146, 0.459913, 0.494666, 0.552769, 1, 

Generation #23
154,630,0.001, 0.017851, 0.0390873, 0.0460126, 0.10239, 0.111185, 0.134715, 0.142228, 0.147769, 0.164878, 0.182603, 0.226503, 0.233886, 0.288066, 0.436146, 0.459913, 0.494666, 0.552769, 1, 

138,682,0.001, 0.017851, 0.0390873, 0.0460126, 0.10239, 0.111185, 0.134715, 0.142228, 0.147769, 0.164878, 0.182603, 0.226503, 0.233886, 0.288066, 0.436146, 0.459913, 0.494666, 0.552769, 1, 

150,638,0.001, 0.0234395, 0.0390873, 0.0460126, 0.10239, 0.111185, 0.134715, 0.142228, 0.147769, 0.164878, 0.182603, 0.226503, 0.233886, 0.288066, 0.436146, 0.459913, 0.494666, 0.552769, 1, 

144,670,0.001, 0.017851, 0.0501659, 0.0513067, 0.110065, 0.137015, 0.159559, 0.187127, 0.164878, 0.182603, 0.226503, 0.233886, 0.648283, 0.654082, 0.459913, 0.494666, 0.552769, 1, 

155,555,0.001, 0.0234395, 0.0390873, 0.0460126, 0.10239, 0.111185, 0.134715, 0.142228, 0.147769, 0.164878, 0.182603, 0.226503, 0.233886, 0.288066, 0.436146, 0.459913, 0.370415, 0.733884, 0.740361, 0.843834, 0.85952, 0.956795, 1, 

148,668,0.001, 0.017851, 0.0501659, 0.0460126, 0.10239, 0.111185, 0.134715, 0.142228, 0.22996, 0.164878, 0.182603, 0.226503, 0.233886, 0.288066, 0.436146, 0.459913, 0.494666, 0.552769, 1, 

Generation #24
138,682,0.001, 0.017851, 0.0390873, 0.0460126, 0.10239, 0.111185, 0.134715, 0.142228, 0.147769, 0.164878, 0.182603, 0.226503, 0.233886, 0.288066, 0.436146, 0.459913, 0.494666, 0.552769, 1, 

150,638,0.001, 0.0234395, 0.0390873, 0.0460126, 0.10239, 0.111185, 0.134715, 0.142228, 0.147769, 0.164878, 0.182603, 0.226503, 0.233886, 0.288066, 0.436146, 0.459913, 0.494666, 0.552769, 1, 

144,670,0.001, 0.017851, 0.0501659, 0.0513067, 0.110065, 0.137015, 0.159559, 0.187127, 0.164878, 0.182603, 0.226503, 0.233886, 0.648283, 0.654082, 0.459913, 0.494666, 0.552769, 1, 

155,555,0.001, 0.0234395, 0.0390873, 0.0460126, 0.10239, 0.111185, 0.134715, 0.142228, 0.147769, 0.164878, 0.182603, 0.226503, 0.233886, 0.288066, 0.436146, 0.459913, 0.370415, 0.733884, 0.740361, 0.843834, 0.85952, 0.956795, 1, 

148,668,0.001, 0.017851, 0.0501659, 0.0460126, 0.10239, 0.111185, 0.134715, 0.142228, 0.22996, 0.164878, 0.182603, 0.226503, 0.233886, 0.288066, 0.436146, 0.459913, 0.494666, 0.552769, 1, 

154,616,0.001, 0.017851, 0.0390873, 0.0460126, 0.10239, 0.111185, 0.243099, 0.134715, 0.142228, 0.147769, 0.164878, 0.485224, 0.233886, 0.288066, 0.436146, 0.97724, 1, 

Generation #25
138,682,0.001, 0.017851, 0.0390873, 0.0460126, 0.10239, 0.111185, 0.134715, 0.142228, 0.147769, 0.164878, 0.182603, 0.226503, 0.233886, 0.288066, 0.436146, 0.459913, 0.494666, 0.552769, 1, 

150,638,0.001, 0.0234395, 0.0390873, 0.0460126, 0.10239, 0.111185, 0.134715, 0.142228, 0.147769, 0.164878, 0.182603, 0.226503, 0.233886, 0.288066, 0.436146, 0.459913, 0.494666, 0.552769, 1, 

144,670,0.001, 0.017851, 0.0501659, 0.0513067, 0.110065, 0.137015, 0.159559, 0.187127, 0.164878, 0.182603, 0.226503, 0.233886, 0.648283, 0.654082, 0.459913, 0.494666, 0.552769, 1, 

155,555,0.001, 0.0234395, 0.0390873, 0.0460126, 0.10239, 0.111185, 0.134715, 0.142228, 0.147769, 0.164878, 0.182603, 0.226503, 0.233886, 0.288066, 0.436146, 0.459913, 0.370415, 0.733884, 0.740361, 0.843834, 0.85952, 0.956795, 1, 

148,668,0.001, 0.017851, 0.0501659, 0.0460126, 0.10239, 0.111185, 0.134715, 0.142228, 0.22996, 0.164878, 0.182603, 0.226503, 0.233886, 0.288066, 0.436146, 0.459913, 0.494666, 0.552769, 1, 

154,616,0.001, 0.017851, 0.0390873, 0.0460126, 0.10239, 0.111185, 0.243099, 0.134715, 0.142228, 0.147769, 0.164878, 0.485224, 0.233886, 0.288066, 0.436146, 0.97724, 1, 

Generation #26
138,682,0.001, 0.017851, 0.0390873, 0.0460126, 0.10239, 0.111185, 0.134715, 0.142228, 0.147769, 0.164878, 0.182603, 0.226503, 0.233886, 0.288066, 0.436146, 0.459913, 0.494666, 0.552769, 1, 

150,638,0.001, 0.0234395, 0.0390873, 0.0460126, 0.10239, 0.111185, 0.134715, 0.142228, 0.147769, 0.164878, 0.182603, 0.226503, 0.233886, 0.288066, 0.436146, 0.459913, 0.494666, 0.552769, 1, 

144,670,0.001, 0.017851, 0.0501659, 0.0513067, 0.110065, 0.137015, 0.159559, 0.187127, 0.164878, 0.182603, 0.226503, 0.233886, 0.648283, 0.654082, 0.459913, 0.494666, 0.552769, 1, 

155,555,0.001, 0.0234395, 0.0390873, 0.0460126, 0.10239, 0.111185, 0.134715, 0.142228, 0.147769, 0.164878, 0.182603, 0.226503, 0.233886, 0.288066, 0.436146, 0.459913, 0.370415, 0.733884, 0.740361, 0.843834, 0.85952, 0.956795, 1, 

148,668,0.001, 0.017851, 0.0501659, 0.0460126, 0.10239, 0.111185, 0.134715, 0.142228, 0.22996, 0.164878, 0.182603, 0.226503, 0.233886, 0.288066, 0.436146, 0.459913, 0.494666, 0.552769, 1, 

154,616,0.001, 0.017851, 0.0390873, 0.0460126, 0.10239, 0.111185, 0.243099, 0.134715, 0.142228, 0.147769, 0.164878, 0.485224, 0.233886, 0.288066, 0.436146, 0.97724, 1, 

Generation #27
138,682,0.001, 0.017851, 0.0390873, 0.0460126, 0.10239, 0.111185, 0.134715, 0.142228, 0.147769, 0.164878, 0.182603, 0.226503, 0.233886, 0.288066, 0.436146, 0.459913, 0.494666, 0.552769, 1, 

150,638,0.001, 0.0234395, 0.0390873, 0.0460126, 0.10239, 0.111185, 0.134715, 0.142228, 0.147769, 0.164878, 0.182603, 0.226503, 0.233886, 0.288066, 0.436146, 0.459913, 0.494666, 0.552769, 1, 

144,670,0.001, 0.017851, 0.0501659, 0.0513067, 0.110065, 0.137015, 0.159559, 0.187127, 0.164878, 0.182603, 0.226503, 0.233886, 0.648283, 0.654082, 0.459913, 0.494666, 0.552769, 1, 

155,555,0.001, 0.0234395, 0.0390873, 0.0460126, 0.10239, 0.111185, 0.134715, 0.142228, 0.147769, 0.164878, 0.182603, 0.226503, 0.233886, 0.288066, 0.436146, 0.459913, 0.370415, 0.733884, 0.740361, 0.843834, 0.85952, 0.956795, 1, 

148,668,0.001, 0.017851, 0.0501659, 0.0460126, 0.10239, 0.111185, 0.134715, 0.142228, 0.22996, 0.164878, 0.182603, 0.226503, 0.233886, 0.288066, 0.436146, 0.459913, 0.494666, 0.552769, 1, 

152,563,0.001, 0.0234395, 0.0390873, 0.0460126, 0.10239, 0.111185, 0.161136, 0.142228, 0.147769, 0.164878, 0.182603, 0.226503, 0.233886, 0.288066, 0.436146, 0.97724, 1, 

Generation #28
138,682,0.001, 0.017851, 0.0390873, 0.0460126, 0.10239, 0.111185, 0.134715, 0.142228, 0.147769, 0.164878, 0.182603, 0.226503, 0.233886, 0.288066, 0.436146, 0.459913, 0.494666, 0.552769, 1, 

150,638,0.001, 0.0234395, 0.0390873, 0.0460126, 0.10239, 0.111185, 0.134715, 0.142228, 0.147769, 0.164878, 0.182603, 0.226503, 0.233886, 0.288066, 0.436146, 0.459913, 0.494666, 0.552769, 1, 

144,670,0.001, 0.017851, 0.0501659, 0.0513067, 0.110065, 0.137015, 0.159559, 0.187127, 0.164878, 0.182603, 0.226503, 0.233886, 0.648283, 0.654082, 0.459913, 0.494666, 0.552769, 1, 

155,555,0.001, 0.0234395, 0.0390873, 0.0460126, 0.10239, 0.111185, 0.134715, 0.142228, 0.147769, 0.164878, 0.182603, 0.226503, 0.233886, 0.288066, 0.436146, 0.459913, 0.370415, 0.733884, 0.740361, 0.843834, 0.85952, 0.956795, 1, 

148,668,0.001, 0.017851, 0.0501659, 0.0460126, 0.10239, 0.111185, 0.134715, 0.142228, 0.22996, 0.164878, 0.182603, 0.226503, 0.233886, 0.288066, 0.436146, 0.459913, 0.494666, 0.552769, 1, 

152,563,0.001, 0.0234395, 0.0390873, 0.0460126, 0.10239, 0.111185, 0.161136, 0.142228, 0.147769, 0.164878, 0.182603, 0.226503, 0.233886, 0.288066, 0.436146, 0.97724, 1, 

Generation #29
138,682,0.001, 0.017851, 0.0390873, 0.0460126, 0.10239, 0.111185, 0.134715, 0.142228, 0.147769, 0.164878, 0.182603, 0.226503, 0.233886, 0.288066, 0.436146, 0.459913, 0.494666, 0.552769, 1, 

144,670,0.001, 0.017851, 0.0501659, 0.0513067, 0.110065, 0.137015, 0.159559, 0.187127, 0.164878, 0.182603, 0.226503, 0.233886, 0.648283, 0.654082, 0.459913, 0.494666, 0.552769, 1, 

155,555,0.001, 0.0234395, 0.0390873, 0.0460126, 0.10239, 0.111185, 0.134715, 0.142228, 0.147769, 0.164878, 0.182603, 0.226503, 0.233886, 0.288066, 0.436146, 0.459913, 0.370415, 0.733884, 0.740361, 0.843834, 0.85952, 0.956795, 1, 

152,563,0.001, 0.0234395, 0.0390873, 0.0460126, 0.10239, 0.111185, 0.161136, 0.142228, 0.147769, 0.164878, 0.182603, 0.226503, 0.233886, 0.288066, 0.436146, 0.97724, 1, 

148,627,0.001, 0.017851, 0.0390873, 0.0460126, 0.10239, 0.111185, 0.161136, 0.142228, 0.147769, 0.164878, 0.182603, 0.226503, 0.233886, 0.288066, 0.436146, 0.459913, 0.494666, 0.552769, 1, 

Generation #30
138,682,0.001, 0.017851, 0.0390873, 0.0460126, 0.10239, 0.111185, 0.134715, 0.142228, 0.147769, 0.164878, 0.182603, 0.226503, 0.233886, 0.288066, 0.436146, 0.459913, 0.494666, 0.552769, 1, 

144,670,0.001, 0.017851, 0.0501659, 0.0513067, 0.110065, 0.137015, 0.159559, 0.187127, 0.164878, 0.182603, 0.226503, 0.233886, 0.648283, 0.654082, 0.459913, 0.494666, 0.552769, 1, 

155,555,0.001, 0.0234395, 0.0390873, 0.0460126, 0.10239, 0.111185, 0.134715, 0.142228, 0.147769, 0.164878, 0.182603, 0.226503, 0.233886, 0.288066, 0.436146, 0.459913, 0.370415, 0.733884, 0.740361, 0.843834, 0.85952, 0.956795, 1, 

152,563,0.001, 0.0234395, 0.0390873, 0.0460126, 0.10239, 0.111185, 0.161136, 0.142228, 0.147769, 0.164878, 0.182603, 0.226503, 0.233886, 0.288066, 0.436146, 0.97724, 1, 

148,627,0.001, 0.017851, 0.0390873, 0.0460126, 0.10239, 0.111185, 0.161136, 0.142228, 0.147769, 0.164878, 0.182603, 0.226503, 0.233886, 0.288066, 0.436146, 0.459913, 0.494666, 0.552769, 1, 

147,646,0.001, 0.017851, 0.0390873, 0.0460126, 0.10239, 0.111185, 0.134715, 0.142228, 0.147769, 0.164878, 0.345759, 0.182603, 0.226503, 0.233886, 0.288066, 0.459913, 0.494666, 1, 

Generation #31
138,682,0.001, 0.017851, 0.0390873, 0.0460126, 0.10239, 0.111185, 0.134715, 0.142228, 0.147769, 0.164878, 0.182603, 0.226503, 0.233886, 0.288066, 0.436146, 0.459913, 0.494666, 0.552769, 1, 

144,670,0.001, 0.017851, 0.0501659, 0.0513067, 0.110065, 0.137015, 0.159559, 0.187127, 0.164878, 0.182603, 0.226503, 0.233886, 0.648283, 0.654082, 0.459913, 0.494666, 0.552769, 1, 

155,555,0.001, 0.0234395, 0.0390873, 0.0460126, 0.10239, 0.111185, 0.134715, 0.142228, 0.147769, 0.164878, 0.182603, 0.226503, 0.233886, 0.288066, 0.436146, 0.459913, 0.370415, 0.733884, 0.740361, 0.843834, 0.85952, 0.956795, 1, 

152,563,0.001, 0.0234395, 0.0390873, 0.0460126, 0.10239, 0.111185, 0.161136, 0.142228, 0.147769, 0.164878, 0.182603, 0.226503, 0.233886, 0.288066, 0.436146, 0.97724, 1, 

148,627,0.001, 0.017851, 0.0390873, 0.0460126, 0.10239, 0.111185, 0.161136, 0.142228, 0.147769, 0.164878, 0.182603, 0.226503, 0.233886, 0.288066, 0.436146, 0.459913, 0.494666, 0.552769, 1, 

147,646,0.001, 0.017851, 0.0390873, 0.0460126, 0.10239, 0.111185, 0.134715, 0.142228, 0.147769, 0.164878, 0.345759, 0.182603, 0.226503, 0.233886, 0.288066, 0.459913, 0.494666, 1, 

Generation #32
138,682,0.001, 0.017851, 0.0390873, 0.0460126, 0.10239, 0.111185, 0.134715, 0.142228, 0.147769, 0.164878, 0.182603, 0.226503, 0.233886, 0.288066, 0.436146, 0.459913, 0.494666, 0.552769, 1, 

144,670,0.001, 0.017851, 0.0501659, 0.0513067, 0.110065, 0.137015, 0.159559, 0.187127, 0.164878, 0.182603, 0.226503, 0.233886, 0.648283, 0.654082, 0.459913, 0.494666, 0.552769, 1, 

155,555,0.001, 0.0234395, 0.0390873, 0.0460126, 0.10239, 0.111185, 0.134715, 0.142228, 0.147769, 0.164878, 0.182603, 0.226503, 0.233886, 0.288066, 0.436146, 0.459913, 0.370415, 0.733884, 0.740361, 0.843834, 0.85952, 0.956795, 1, 

152,563,0.001, 0.0234395, 0.0390873, 0.0460126, 0.10239, 0.111185, 0.161136, 0.142228, 0.147769, 0.164878, 0.182603, 0.226503, 0.233886, 0.288066, 0.436146, 0.97724, 1, 

148,627,0.001, 0.017851, 0.0390873, 0.0460126, 0.10239, 0.111185, 0.161136, 0.142228, 0.147769, 0.164878, 0.182603, 0.226503, 0.233886, 0.288066, 0.436146, 0.459913, 0.494666, 0.552769, 1, 

147,646,0.001, 0.017851, 0.0390873, 0.0460126, 0.10239, 0.111185, 0.134715, 0.142228, 0.147769, 0.164878, 0.345759, 0.182603, 0.226503, 0.233886, 0.288066, 0.459913, 0.494666, 1, 

Generation #33
138,682,0.001, 0.017851, 0.0390873, 0.0460126, 0.10239, 0.111185, 0.134715, 0.142228, 0.147769, 0.164878, 0.182603, 0.226503, 0.233886, 0.288066, 0.436146, 0.459913, 0.494666, 0.552769, 1, 

144,670,0.001, 0.017851, 0.0501659, 0.0513067, 0.110065, 0.137015, 0.159559, 0.187127, 0.164878, 0.182603, 0.226503, 0.233886, 0.648283, 0.654082, 0.459913, 0.494666, 0.552769, 1, 

155,555,0.001, 0.0234395, 0.0390873, 0.0460126, 0.10239, 0.111185, 0.134715, 0.142228, 0.147769, 0.164878, 0.182603, 0.226503, 0.233886, 0.288066, 0.436146, 0.459913, 0.370415, 0.733884, 0.740361, 0.843834, 0.85952, 0.956795, 1, 

152,563,0.001, 0.0234395, 0.0390873, 0.0460126, 0.10239, 0.111185, 0.161136, 0.142228, 0.147769, 0.164878, 0.182603, 0.226503, 0.233886, 0.288066, 0.436146, 0.97724, 1, 

148,627,0.001, 0.017851, 0.0390873, 0.0460126, 0.10239, 0.111185, 0.161136, 0.142228, 0.147769, 0.164878, 0.182603, 0.226503, 0.233886, 0.288066, 0.436146, 0.459913, 0.494666, 0.552769, 1, 

147,646,0.001, 0.017851, 0.0390873, 0.0460126, 0.10239, 0.111185, 0.134715, 0.142228, 0.147769, 0.164878, 0.345759, 0.182603, 0.226503, 0.233886, 0.288066, 0.459913, 0.494666, 1, 

Generation #34
138,682,0.001, 0.017851, 0.0390873, 0.0460126, 0.10239, 0.111185, 0.134715, 0.142228, 0.147769, 0.164878, 0.182603, 0.226503, 0.233886, 0.288066, 0.436146, 0.459913, 0.494666, 0.552769, 1, 

144,670,0.001, 0.017851, 0.0501659, 0.0513067, 0.110065, 0.137015, 0.159559, 0.187127, 0.164878, 0.182603, 0.226503, 0.233886, 0.648283, 0.654082, 0.459913, 0.494666, 0.552769, 1, 

155,555,0.001, 0.0234395, 0.0390873, 0.0460126, 0.10239, 0.111185, 0.134715, 0.142228, 0.147769, 0.164878, 0.182603, 0.226503, 0.233886, 0.288066, 0.436146, 0.459913, 0.370415, 0.733884, 0.740361, 0.843834, 0.85952, 0.956795, 1, 

152,563,0.001, 0.0234395, 0.0390873, 0.0460126, 0.10239, 0.111185, 0.161136, 0.142228, 0.147769, 0.164878, 0.182603, 0.226503, 0.233886, 0.288066, 0.436146, 0.97724, 1, 

148,627,0.001, 0.017851, 0.0390873, 0.0460126, 0.10239, 0.111185, 0.161136, 0.142228, 0.147769, 0.164878, 0.182603, 0.226503, 0.233886, 0.288066, 0.436146, 0.459913, 0.494666, 0.552769, 1, 

147,646,0.001, 0.017851, 0.0390873, 0.0460126, 0.10239, 0.111185, 0.134715, 0.142228, 0.147769, 0.164878, 0.345759, 0.182603, 0.226503, 0.233886, 0.288066, 0.459913, 0.494666, 1, 

Generation #35
138,682,0.001, 0.017851, 0.0390873, 0.0460126, 0.10239, 0.111185, 0.134715, 0.142228, 0.147769, 0.164878, 0.182603, 0.226503, 0.233886, 0.288066, 0.436146, 0.459913, 0.494666, 0.552769, 1, 

144,670,0.001, 0.017851, 0.0501659, 0.0513067, 0.110065, 0.137015, 0.159559, 0.187127, 0.164878, 0.182603, 0.226503, 0.233886, 0.648283, 0.654082, 0.459913, 0.494666, 0.552769, 1, 

155,555,0.001, 0.0234395, 0.0390873, 0.0460126, 0.10239, 0.111185, 0.134715, 0.142228, 0.147769, 0.164878, 0.182603, 0.226503, 0.233886, 0.288066, 0.436146, 0.459913, 0.370415, 0.733884, 0.740361, 0.843834, 0.85952, 0.956795, 1, 

152,563,0.001, 0.0234395, 0.0390873, 0.0460126, 0.10239, 0.111185, 0.161136, 0.142228, 0.147769, 0.164878, 0.182603, 0.226503, 0.233886, 0.288066, 0.436146, 0.97724, 1, 

148,627,0.001, 0.017851, 0.0390873, 0.0460126, 0.10239, 0.111185, 0.161136, 0.142228, 0.147769, 0.164878, 0.182603, 0.226503, 0.233886, 0.288066, 0.436146, 0.459913, 0.494666, 0.552769, 1, 

147,646,0.001, 0.017851, 0.0390873, 0.0460126, 0.10239, 0.111185, 0.134715, 0.142228, 0.147769, 0.164878, 0.345759, 0.182603, 0.226503, 0.233886, 0.288066, 0.459913, 0.494666, 1, 

149,574,0.001, 0.017851, 0.0390873, 0.0460126, 0.10239, 0.111185, 0.243099, 0.134715, 0.142228, 0.147769, 0.164878, 0.485224, 0.233886, 0.436146, 0.97724, 1, 

Generation #36
138,682,0.001, 0.017851, 0.0390873, 0.0460126, 0.10239, 0.111185, 0.134715, 0.142228, 0.147769, 0.164878, 0.182603, 0.226503, 0.233886, 0.288066, 0.436146, 0.459913, 0.494666, 0.552769, 1, 

144,670,0.001, 0.017851, 0.0501659, 0.0513067, 0.110065, 0.137015, 0.159559, 0.187127, 0.164878, 0.182603, 0.226503, 0.233886, 0.648283, 0.654082, 0.459913, 0.494666, 0.552769, 1, 

155,555,0.001, 0.0234395, 0.0390873, 0.0460126, 0.10239, 0.111185, 0.134715, 0.142228, 0.147769, 0.164878, 0.182603, 0.226503, 0.233886, 0.288066, 0.436146, 0.459913, 0.370415, 0.733884, 0.740361, 0.843834, 0.85952, 0.956795, 1, 

152,563,0.001, 0.0234395, 0.0390873, 0.0460126, 0.10239, 0.111185, 0.161136, 0.142228, 0.147769, 0.164878, 0.182603, 0.226503, 0.233886, 0.288066, 0.436146, 0.97724, 1, 

148,627,0.001, 0.017851, 0.0390873, 0.0460126, 0.10239, 0.111185, 0.161136, 0.142228, 0.147769, 0.164878, 0.182603, 0.226503, 0.233886, 0.288066, 0.436146, 0.459913, 0.494666, 0.552769, 1, 

147,646,0.001, 0.017851, 0.0390873, 0.0460126, 0.10239, 0.111185, 0.134715, 0.142228, 0.147769, 0.164878, 0.345759, 0.182603, 0.226503, 0.233886, 0.288066, 0.459913, 0.494666, 1, 

149,574,0.001, 0.017851, 0.0390873, 0.0460126, 0.10239, 0.111185, 0.243099, 0.134715, 0.142228, 0.147769, 0.164878, 0.485224, 0.233886, 0.436146, 0.97724, 1, 

Generation #37
138,682,0.001, 0.017851, 0.0390873, 0.0460126, 0.10239, 0.111185, 0.134715, 0.142228, 0.147769, 0.164878, 0.182603, 0.226503, 0.233886, 0.288066, 0.436146, 0.459913, 0.494666, 0.552769, 1, 

144,670,0.001, 0.017851, 0.0501659, 0.0513067, 0.110065, 0.137015, 0.159559, 0.187127, 0.164878, 0.182603, 0.226503, 0.233886, 0.648283, 0.654082, 0.459913, 0.494666, 0.552769, 1, 

155,555,0.001, 0.0234395, 0.0390873, 0.0460126, 0.10239, 0.111185, 0.134715, 0.142228, 0.147769, 0.164878, 0.182603, 0.226503, 0.233886, 0.288066, 0.436146, 0.459913, 0.370415, 0.733884, 0.740361, 0.843834, 0.85952, 0.956795, 1, 

152,563,0.001, 0.0234395, 0.0390873, 0.0460126, 0.10239, 0.111185, 0.161136, 0.142228, 0.147769, 0.164878, 0.182603, 0.226503, 0.233886, 0.288066, 0.436146, 0.97724, 1, 

148,627,0.001, 0.017851, 0.0390873, 0.0460126, 0.10239, 0.111185, 0.161136, 0.142228, 0.147769, 0.164878, 0.182603, 0.226503, 0.233886, 0.288066, 0.436146, 0.459913, 0.494666, 0.552769, 1, 

147,646,0.001, 0.017851, 0.0390873, 0.0460126, 0.10239, 0.111185, 0.134715, 0.142228, 0.147769, 0.164878, 0.345759, 0.182603, 0.226503, 0.233886, 0.288066, 0.459913, 0.494666, 1, 

149,574,0.001, 0.017851, 0.0390873, 0.0460126, 0.10239, 0.111185, 0.243099, 0.134715, 0.142228, 0.147769, 0.164878, 0.485224, 0.233886, 0.436146, 0.97724, 1, 

Generation #38
138,682,0.001, 0.017851, 0.0390873, 0.0460126, 0.10239, 0.111185, 0.134715, 0.142228, 0.147769, 0.164878, 0.182603, 0.226503, 0.233886, 0.288066, 0.436146, 0.459913, 0.494666, 0.552769, 1, 

144,670,0.001, 0.017851, 0.0501659, 0.0513067, 0.110065, 0.137015, 0.159559, 0.187127, 0.164878, 0.182603, 0.226503, 0.233886, 0.648283, 0.654082, 0.459913, 0.494666, 0.552769, 1, 

155,555,0.001, 0.0234395, 0.0390873, 0.0460126, 0.10239, 0.111185, 0.134715, 0.142228, 0.147769, 0.164878, 0.182603, 0.226503, 0.233886, 0.288066, 0.436146, 0.459913, 0.370415, 0.733884, 0.740361, 0.843834, 0.85952, 0.956795, 1, 

152,563,0.001, 0.0234395, 0.0390873, 0.0460126, 0.10239, 0.111185, 0.161136, 0.142228, 0.147769, 0.164878, 0.182603, 0.226503, 0.233886, 0.288066, 0.436146, 0.97724, 1, 

148,627,0.001, 0.017851, 0.0390873, 0.0460126, 0.10239, 0.111185, 0.161136, 0.142228, 0.147769, 0.164878, 0.182603, 0.226503, 0.233886, 0.288066, 0.436146, 0.459913, 0.494666, 0.552769, 1, 

147,646,0.001, 0.017851, 0.0390873, 0.0460126, 0.10239, 0.111185, 0.134715, 0.142228, 0.147769, 0.164878, 0.345759, 0.182603, 0.226503, 0.233886, 0.288066, 0.459913, 0.494666, 1, 

149,574,0.001, 0.017851, 0.0390873, 0.0460126, 0.10239, 0.111185, 0.243099, 0.134715, 0.142228, 0.147769, 0.164878, 0.485224, 0.233886, 0.436146, 0.97724, 1, 

Generation #39
138,682,0.001, 0.017851, 0.0390873, 0.0460126, 0.10239, 0.111185, 0.134715, 0.142228, 0.147769, 0.164878, 0.182603, 0.226503, 0.233886, 0.288066, 0.436146, 0.459913, 0.494666, 0.552769, 1, 

144,670,0.001, 0.017851, 0.0501659, 0.0513067, 0.110065, 0.137015, 0.159559, 0.187127, 0.164878, 0.182603, 0.226503, 0.233886, 0.648283, 0.654082, 0.459913, 0.494666, 0.552769, 1, 

155,555,0.001, 0.0234395, 0.0390873, 0.0460126, 0.10239, 0.111185, 0.134715, 0.142228, 0.147769, 0.164878, 0.182603, 0.226503, 0.233886, 0.288066, 0.436146, 0.459913, 0.370415, 0.733884, 0.740361, 0.843834, 0.85952, 0.956795, 1, 

152,563,0.001, 0.0234395, 0.0390873, 0.0460126, 0.10239, 0.111185, 0.161136, 0.142228, 0.147769, 0.164878, 0.182603, 0.226503, 0.233886, 0.288066, 0.436146, 0.97724, 1, 

148,627,0.001, 0.017851, 0.0390873, 0.0460126, 0.10239, 0.111185, 0.161136, 0.142228, 0.147769, 0.164878, 0.182603, 0.226503, 0.233886, 0.288066, 0.436146, 0.459913, 0.494666, 0.552769, 1, 

147,646,0.001, 0.017851, 0.0390873, 0.0460126, 0.10239, 0.111185, 0.134715, 0.142228, 0.147769, 0.164878, 0.345759, 0.182603, 0.226503, 0.233886, 0.288066, 0.459913, 0.494666, 1, 

149,574,0.001, 0.017851, 0.0390873, 0.0460126, 0.10239, 0.111185, 0.243099, 0.134715, 0.142228, 0.147769, 0.164878, 0.485224, 0.233886, 0.436146, 0.97724, 1, 

Generation #40
138,682,0.001, 0.017851, 0.0390873, 0.0460126, 0.10239, 0.111185, 0.134715, 0.142228, 0.147769, 0.164878, 0.182603, 0.226503, 0.233886, 0.288066, 0.436146, 0.459913, 0.494666, 0.552769, 1, 

144,670,0.001, 0.017851, 0.0501659, 0.0513067, 0.110065, 0.137015, 0.159559, 0.187127, 0.164878, 0.182603, 0.226503, 0.233886, 0.648283, 0.654082, 0.459913, 0.494666, 0.552769, 1, 

155,555,0.001, 0.0234395, 0.0390873, 0.0460126, 0.10239, 0.111185, 0.134715, 0.142228, 0.147769, 0.164878, 0.182603, 0.226503, 0.233886, 0.288066, 0.436146, 0.459913, 0.370415, 0.733884, 0.740361, 0.843834, 0.85952, 0.956795, 1, 

152,563,0.001, 0.0234395, 0.0390873, 0.0460126, 0.10239, 0.111185, 0.161136, 0.142228, 0.147769, 0.164878, 0.182603, 0.226503, 0.233886, 0.288066, 0.436146, 0.97724, 1, 

148,627,0.001, 0.017851, 0.0390873, 0.0460126, 0.10239, 0.111185, 0.161136, 0.142228, 0.147769, 0.164878, 0.182603, 0.226503, 0.233886, 0.288066, 0.436146, 0.459913, 0.494666, 0.552769, 1, 

147,646,0.001, 0.017851, 0.0390873, 0.0460126, 0.10239, 0.111185, 0.134715, 0.142228, 0.147769, 0.164878, 0.345759, 0.182603, 0.226503, 0.233886, 0.288066, 0.459913, 0.494666, 1, 

149,574,0.001, 0.017851, 0.0390873, 0.0460126, 0.10239, 0.111185, 0.243099, 0.134715, 0.142228, 0.147769, 0.164878, 0.485224, 0.233886, 0.436146, 0.97724, 1, 

Generation #41
138,682,0.001, 0.017851, 0.0390873, 0.0460126, 0.10239, 0.111185, 0.134715, 0.142228, 0.147769, 0.164878, 0.182603, 0.226503, 0.233886, 0.288066, 0.436146, 0.459913, 0.494666, 0.552769, 1, 

144,670,0.001, 0.017851, 0.0501659, 0.0513067, 0.110065, 0.137015, 0.159559, 0.187127, 0.164878, 0.182603, 0.226503, 0.233886, 0.648283, 0.654082, 0.459913, 0.494666, 0.552769, 1, 

155,555,0.001, 0.0234395, 0.0390873, 0.0460126, 0.10239, 0.111185, 0.134715, 0.142228, 0.147769, 0.164878, 0.182603, 0.226503, 0.233886, 0.288066, 0.436146, 0.459913, 0.370415, 0.733884, 0.740361, 0.843834, 0.85952, 0.956795, 1, 

152,563,0.001, 0.0234395, 0.0390873, 0.0460126, 0.10239, 0.111185, 0.161136, 0.142228, 0.147769, 0.164878, 0.182603, 0.226503, 0.233886, 0.288066, 0.436146, 0.97724, 1, 

148,627,0.001, 0.017851, 0.0390873, 0.0460126, 0.10239, 0.111185, 0.161136, 0.142228, 0.147769, 0.164878, 0.182603, 0.226503, 0.233886, 0.288066, 0.436146, 0.459913, 0.494666, 0.552769, 1, 

147,646,0.001, 0.017851, 0.0390873, 0.0460126, 0.10239, 0.111185, 0.134715, 0.142228, 0.147769, 0.164878, 0.345759, 0.182603, 0.226503, 0.233886, 0.288066, 0.459913, 0.494666, 1, 

149,574,0.001, 0.017851, 0.0390873, 0.0460126, 0.10239, 0.111185, 0.243099, 0.134715, 0.142228, 0.147769, 0.164878, 0.485224, 0.233886, 0.436146, 0.97724, 1, 

Generation #42
138,682,0.001, 0.017851, 0.0390873, 0.0460126, 0.10239, 0.111185, 0.134715, 0.142228, 0.147769, 0.164878, 0.182603, 0.226503, 0.233886, 0.288066, 0.436146, 0.459913, 0.494666, 0.552769, 1, 

155,555,0.001, 0.0234395, 0.0390873, 0.0460126, 0.10239, 0.111185, 0.134715, 0.142228, 0.147769, 0.164878, 0.182603, 0.226503, 0.233886, 0.288066, 0.436146, 0.459913, 0.370415, 0.733884, 0.740361, 0.843834, 0.85952, 0.956795, 1, 

152,563,0.001, 0.0234395, 0.0390873, 0.0460126, 0.10239, 0.111185, 0.161136, 0.142228, 0.147769, 0.164878, 0.182603, 0.226503, 0.233886, 0.288066, 0.436146, 0.97724, 1, 

149,574,0.001, 0.017851, 0.0390873, 0.0460126, 0.10239, 0.111185, 0.243099, 0.134715, 0.142228, 0.147769, 0.164878, 0.485224, 0.233886, 0.436146, 0.97724, 1, 

142,586,0.001, 0.017851, 0.0501659, 0.0513067, 0.110065, 0.137015, 0.159559, 0.187127, 0.147769, 0.164878, 0.182603, 0.31975, 0.359774, 0.379474, 0.966634, 0.97724, 1, 

Generation #43
138,682,0.001, 0.017851, 0.0390873, 0.0460126, 0.10239, 0.111185, 0.134715, 0.142228, 0.147769, 0.164878, 0.182603, 0.226503, 0.233886, 0.288066, 0.436146, 0.459913, 0.494666, 0.552769, 1, 

149,574,0.001, 0.017851, 0.0390873, 0.0460126, 0.10239, 0.111185, 0.243099, 0.134715, 0.142228, 0.147769, 0.164878, 0.485224, 0.233886, 0.436146, 0.97724, 1, 

142,586,0.001, 0.017851, 0.0501659, 0.0513067, 0.110065, 0.137015, 0.159559, 0.187127, 0.147769, 0.164878, 0.182603, 0.31975, 0.359774, 0.379474, 0.966634, 0.97724, 1, 

150,538,0.0144319, 0.0234395, 0.0501659, 0.0460126, 0.10239, 0.111185, 0.134715, 0.142228, 0.22996, 0.164878, 0.182603, 0.226503, 0.233886, 0.288066, 0.436146, 0.459913, 0.494666, 0.552769, 1, 

Generation #44
138,682,0.001, 0.017851, 0.0390873, 0.0460126, 0.10239, 0.111185, 0.134715, 0.142228, 0.147769, 0.164878, 0.182603, 0.226503, 0.233886, 0.288066, 0.436146, 0.459913, 0.494666, 0.552769, 1, 

149,574,0.001, 0.017851, 0.0390873, 0.0460126, 0.10239, 0.111185, 0.243099, 0.134715, 0.142228, 0.147769, 0.164878, 0.485224, 0.233886, 0.436146, 0.97724, 1, 

142,586,0.001, 0.017851, 0.0501659, 0.0513067, 0.110065, 0.137015, 0.159559, 0.187127, 0.147769, 0.164878, 0.182603, 0.31975, 0.359774, 0.379474, 0.966634, 0.97724, 1, 

150,538,0.0144319, 0.0234395, 0.0501659, 0.0460126, 0.10239, 0.111185, 0.134715, 0.142228, 0.22996, 0.164878, 0.182603, 0.226503, 0.233886, 0.288066, 0.436146, 0.459913, 0.494666, 0.552769, 1, 

Generation #45
138,682,0.001, 0.017851, 0.0390873, 0.0460126, 0.10239, 0.111185, 0.134715, 0.142228, 0.147769, 0.164878, 0.182603, 0.226503, 0.233886, 0.288066, 0.436146, 0.459913, 0.494666, 0.552769, 1, 

149,574,0.001, 0.017851, 0.0390873, 0.0460126, 0.10239, 0.111185, 0.243099, 0.134715, 0.142228, 0.147769, 0.164878, 0.485224, 0.233886, 0.436146, 0.97724, 1, 

142,586,0.001, 0.017851, 0.0501659, 0.0513067, 0.110065, 0.137015, 0.159559, 0.187127, 0.147769, 0.164878, 0.182603, 0.31975, 0.359774, 0.379474, 0.966634, 0.97724, 1, 

150,538,0.0144319, 0.0234395, 0.0501659, 0.0460126, 0.10239, 0.111185, 0.134715, 0.142228, 0.22996, 0.164878, 0.182603, 0.226503, 0.233886, 0.288066, 0.436146, 0.459913, 0.494666, 0.552769, 1, 

Generation #46
138,682,0.001, 0.017851, 0.0390873, 0.0460126, 0.10239, 0.111185, 0.134715, 0.142228, 0.147769, 0.164878, 0.182603, 0.226503, 0.233886, 0.288066, 0.436146, 0.459913, 0.494666, 0.552769, 1, 

149,574,0.001, 0.017851, 0.0390873, 0.0460126, 0.10239, 0.111185, 0.243099, 0.134715, 0.142228, 0.147769, 0.164878, 0.485224, 0.233886, 0.436146, 0.97724, 1, 

142,586,0.001, 0.017851, 0.0501659, 0.0513067, 0.110065, 0.137015, 0.159559, 0.187127, 0.147769, 0.164878, 0.182603, 0.31975, 0.359774, 0.379474, 0.966634, 0.97724, 1, 

150,538,0.0144319, 0.0234395, 0.0501659, 0.0460126, 0.10239, 0.111185, 0.134715, 0.142228, 0.22996, 0.164878, 0.182603, 0.226503, 0.233886, 0.288066, 0.436146, 0.459913, 0.494666, 0.552769, 1, 

Generation #47
138,682,0.001, 0.017851, 0.0390873, 0.0460126, 0.10239, 0.111185, 0.134715, 0.142228, 0.147769, 0.164878, 0.182603, 0.226503, 0.233886, 0.288066, 0.436146, 0.459913, 0.494666, 0.552769, 1, 

149,574,0.001, 0.017851, 0.0390873, 0.0460126, 0.10239, 0.111185, 0.243099, 0.134715, 0.142228, 0.147769, 0.164878, 0.485224, 0.233886, 0.436146, 0.97724, 1, 

142,586,0.001, 0.017851, 0.0501659, 0.0513067, 0.110065, 0.137015, 0.159559, 0.187127, 0.147769, 0.164878, 0.182603, 0.31975, 0.359774, 0.379474, 0.966634, 0.97724, 1, 

150,538,0.0144319, 0.0234395, 0.0501659, 0.0460126, 0.10239, 0.111185, 0.134715, 0.142228, 0.22996, 0.164878, 0.182603, 0.226503, 0.233886, 0.288066, 0.436146, 0.459913, 0.494666, 0.552769, 1, 

154,504,0.001, 0.0234395, 0.0501659, 0.0513067, 0.10239, 0.111185, 0.134715, 0.142228, 0.147769, 0.164878, 0.182603, 0.226503, 0.233886, 0.379474, 0.966634, 0.459913, 0.494666, 1, 

Generation #48
138,682,0.001, 0.017851, 0.0390873, 0.0460126, 0.10239, 0.111185, 0.134715, 0.142228, 0.147769, 0.164878, 0.182603, 0.226503, 0.233886, 0.288066, 0.436146, 0.459913, 0.494666, 0.552769, 1, 

149,574,0.001, 0.017851, 0.0390873, 0.0460126, 0.10239, 0.111185, 0.243099, 0.134715, 0.142228, 0.147769, 0.164878, 0.485224, 0.233886, 0.436146, 0.97724, 1, 

142,586,0.001, 0.017851, 0.0501659, 0.0513067, 0.110065, 0.137015, 0.159559, 0.187127, 0.147769, 0.164878, 0.182603, 0.31975, 0.359774, 0.379474, 0.966634, 0.97724, 1, 

150,538,0.0144319, 0.0234395, 0.0501659, 0.0460126, 0.10239, 0.111185, 0.134715, 0.142228, 0.22996, 0.164878, 0.182603, 0.226503, 0.233886, 0.288066, 0.436146, 0.459913, 0.494666, 0.552769, 1, 

154,504,0.001, 0.0234395, 0.0501659, 0.0513067, 0.10239, 0.111185, 0.134715, 0.142228, 0.147769, 0.164878, 0.182603, 0.226503, 0.233886, 0.379474, 0.966634, 0.459913, 0.494666, 1, 

Generation #49
138,682,0.001, 0.017851, 0.0390873, 0.0460126, 0.10239, 0.111185, 0.134715, 0.142228, 0.147769, 0.164878, 0.182603, 0.226503, 0.233886, 0.288066, 0.436146, 0.459913, 0.494666, 0.552769, 1, 

149,574,0.001, 0.017851, 0.0390873, 0.0460126, 0.10239, 0.111185, 0.243099, 0.134715, 0.142228, 0.147769, 0.164878, 0.485224, 0.233886, 0.436146, 0.97724, 1, 

142,586,0.001, 0.017851, 0.0501659, 0.0513067, 0.110065, 0.137015, 0.159559, 0.187127, 0.147769, 0.164878, 0.182603, 0.31975, 0.359774, 0.379474, 0.966634, 0.97724, 1, 

150,538,0.0144319, 0.0234395, 0.0501659, 0.0460126, 0.10239, 0.111185, 0.134715, 0.142228, 0.22996, 0.164878, 0.182603, 0.226503, 0.233886, 0.288066, 0.436146, 0.459913, 0.494666, 0.552769, 1, 

154,504,0.001, 0.0234395, 0.0501659, 0.0513067, 0.10239, 0.111185, 0.134715, 0.142228, 0.147769, 0.164878, 0.182603, 0.226503, 0.233886, 0.379474, 0.966634, 0.459913, 0.494666, 1, 

--- Pareto Front Solutions ---
Solution 0: N total=248 (N_initial=110, N_added=138), Time total=693 ms, Saved to: ./results/TCAS_t2_l1_pareto_0.csv, percents=0.001, 0.017851, 0.0390873, 0.0460126, 0.10239, 0.111185, 0.134715, 0.142228, 0.147769, 0.164878, 0.182603, 0.226503, 0.233886, 0.288066, 0.436146, 0.459913, 0.494666, 0.552769, 1, 

Solution 1: N total=259 (N_initial=110, N_added=149), Time total=585 ms, Saved to: ./results/TCAS_t2_l1_pareto_1.csv, percents=0.001, 0.017851, 0.0390873, 0.0460126, 0.10239, 0.111185, 0.243099, 0.134715, 0.142228, 0.147769, 0.164878, 0.485224, 0.233886, 0.436146, 0.97724, 1, 

Solution 2: N total=252 (N_initial=110, N_added=142), Time total=597 ms, Saved to: ./results/TCAS_t2_l1_pareto_2.csv, percents=0.001, 0.017851, 0.0501659, 0.0513067, 0.110065, 0.137015, 0.159559, 0.187127, 0.147769, 0.164878, 0.182603, 0.31975, 0.359774, 0.379474, 0.966634, 0.97724, 1, 

Solution 3: N total=260 (N_initial=110, N_added=150), Time total=549 ms, Saved to: ./results/TCAS_t2_l1_pareto_3.csv, percents=0.0144319, 0.0234395, 0.0501659, 0.0460126, 0.10239, 0.111185, 0.134715, 0.142228, 0.22996, 0.164878, 0.182603, 0.226503, 0.233886, 0.288066, 0.436146, 0.459913, 0.494666, 0.552769, 1, 

Solution 4: N total=264 (N_initial=110, N_added=154), Time total=515 ms, Saved to: ./results/TCAS_t2_l1_pareto_4.csv, percents=0.001, 0.0234395, 0.0501659, 0.0513067, 0.10239, 0.111185, 0.134715, 0.142228, 0.147769, 0.164878, 0.182603, 0.226503, 0.233886, 0.379474, 0.966634, 0.459913, 0.494666, 1, 

------------d=1, t=2, lambda=2, filename=./evaluation/TCAS/TCAS_2_2.csv------------
Computing partitioned counts of d-sets...
Ready to look at pairs based on partitioned counts...
First Stage N=200, Time=14
There are 0 remaining non-locating pairs
Array is already valid. Saved initial array to ./TCAS_t2_l2_final.csv
