------------d=1, t=2, lambda=1, filename=./evaluation/TCAS/TCAS_2_1.csv------------
Computing partitioned counts of d-sets...
Ready to look at pairs based on partitioned counts...
First Stage N=110, Time=13
There are 1390 remaining non-locating pairs
--- Running GA Algorithm (phase2) ---
Running GA with std::execution::par
Generation #0
160,884,0.001, 0.0970704, 0.133815, 0.193307, 0.314824, 0.330009, 0.392028, 0.397921, 0.422169, 0.783244, 0.803073, 0.930679, 1, 

178,681,0.001, 0.0855743, 0.102474, 0.106884, 0.122879, 0.140489, 0.215016, 0.248977, 0.292859, 0.322475, 0.33071, 0.383738, 0.44437, 0.537958, 0.568608, 0.586388, 0.672046, 0.694611, 0.790018, 0.797249, 0.80785, 0.82484, 0.85428, 0.895432, 0.920324, 0.922448, 0.956867, 1, 

161,778,0.001, 0.0482424, 0.060196, 0.0767149, 0.0967753, 0.101176, 0.129326, 0.133373, 0.170891, 0.276805, 0.282516, 0.285994, 0.293809, 0.332833, 0.426424, 0.550273, 0.566655, 0.671913, 0.712555, 0.725674, 0.742237, 0.787944, 0.798182, 0.850357, 0.964962, 0.991353, 1, 

158,955,0.001, 0.081384, 0.126348, 0.129469, 0.171602, 0.202657, 0.258684, 0.265578, 0.348494, 0.374961, 0.377477, 0.384976, 0.450894, 0.592223, 0.610788, 0.613057, 0.667334, 0.712505, 0.719314, 0.784966, 0.793682, 0.845407, 0.88469, 0.96008, 0.963363, 0.980393, 0.983763, 1, 

Generation #1
154,745,0.001, 0.0266537, 0.037516, 0.040253, 0.075425, 0.14546, 0.153692, 0.211271, 0.355781, 0.414556, 0.554904, 0.577706, 0.75276, 0.85917, 0.972072, 0.757249, 1, 

163,675,0.001, 0.0482424, 0.060196, 0.0767149, 0.0967753, 0.101176, 0.129326, 0.133373, 0.170891, 0.276805, 0.282516, 0.285994, 0.293809, 0.332833, 0.426424, 0.550273, 0.566655, 0.671913, 0.712555, 0.725674, 0.742237, 0.787944, 0.798182, 0.850357, 0.964962, 0.991353, 1, 

161,719,0.001, 0.0266537, 0.037516, 0.040253, 0.075425, 0.14546, 0.153692, 0.211271, 0.248763, 0.304855, 0.31975, 0.359774, 0.379474, 0.432226, 0.493915, 0.513683, 0.525324, 0.565476, 0.629407, 0.723999, 0.748353, 0.765408, 0.783513, 0.786685, 0.826215, 0.826464, 1, 

Generation #2
163,675,0.001, 0.0482424, 0.060196, 0.0767149, 0.0967753, 0.101176, 0.129326, 0.133373, 0.170891, 0.276805, 0.282516, 0.285994, 0.293809, 0.332833, 0.426424, 0.550273, 0.566655, 0.671913, 0.712555, 0.725674, 0.742237, 0.787944, 0.798182, 0.850357, 0.964962, 0.991353, 1, 

161,719,0.001, 0.0266537, 0.037516, 0.040253, 0.075425, 0.14546, 0.153692, 0.211271, 0.248763, 0.304855, 0.31975, 0.359774, 0.379474, 0.432226, 0.493915, 0.513683, 0.525324, 0.565476, 0.629407, 0.723999, 0.748353, 0.765408, 0.783513, 0.786685, 0.826215, 0.826464, 1, 

152,740,0.001, 0.0344967, 0.0799311, 0.0980615, 0.106911, 0.119235, 0.150345, 0.17776, 0.247358, 0.299091, 0.400537, 0.786255, 0.90597, 1, 

155,734,0.001, 0.017851, 0.0501659, 0.0513067, 0.110065, 0.137015, 0.159559, 0.187127, 0.248876, 0.279032, 0.421249, 0.948958, 0.308388, 0.999757, 1, 

168,651,0.001, 0.0482424, 0.060196, 0.0767149, 0.0967753, 0.101176, 0.129326, 0.133373, 0.365705, 0.45636, 0.479251, 0.508095, 0.573131, 0.69156, 0.698453, 0.828251, 0.841254, 0.951562, 1, 

Generation #3
163,675,0.001, 0.0482424, 0.060196, 0.0767149, 0.0967753, 0.101176, 0.129326, 0.133373, 0.170891, 0.276805, 0.282516, 0.285994, 0.293809, 0.332833, 0.426424, 0.550273, 0.566655, 0.671913, 0.712555, 0.725674, 0.742237, 0.787944, 0.798182, 0.850357, 0.964962, 0.991353, 1, 

152,740,0.001, 0.0344967, 0.0799311, 0.0980615, 0.106911, 0.119235, 0.150345, 0.17776, 0.247358, 0.299091, 0.400537, 0.786255, 0.90597, 1, 

155,734,0.001, 0.017851, 0.0501659, 0.0513067, 0.110065, 0.137015, 0.159559, 0.187127, 0.248876, 0.279032, 0.421249, 0.948958, 0.308388, 0.999757, 1, 

166,620,0.001, 0.0482424, 0.060196, 0.0767149, 0.0967753, 0.101176, 0.129326, 0.133373, 0.170891, 0.276805, 0.282516, 0.285994, 0.293809, 0.332833, 0.426424, 0.550273, 0.566655, 0.671913, 0.712555, 0.811803, 0.81528, 0.835122, 0.852807, 0.861494, 0.865938, 0.889552, 0.890887, 0.914985, 0.931487, 0.993118, 1, 

156,706,0.001, 0.0266537, 0.037516, 0.040253, 0.075425, 0.14546, 0.153692, 0.211271, 0.355781, 0.414556, 0.554904, 0.577706, 0.75276, 0.85917, 0.972072, 0.757249, 1, 

Generation #4
166,620,0.001, 0.0482424, 0.060196, 0.0767149, 0.0967753, 0.101176, 0.129326, 0.133373, 0.170891, 0.276805, 0.282516, 0.285994, 0.293809, 0.332833, 0.426424, 0.550273, 0.566655, 0.671913, 0.712555, 0.811803, 0.81528, 0.835122, 0.852807, 0.861494, 0.865938, 0.889552, 0.890887, 0.914985, 0.931487, 0.993118, 1, 

147,789,0.001, 0.0482424, 0.060196, 0.0767149, 0.0967753, 0.101176, 0.129326, 0.133373, 0.170891, 0.276805, 0.282516, 0.285994, 0.293809, 0.332833, 0.426424, 0.550273, 1, 

156,648,0.001, 0.0482424, 0.060196, 0.0767149, 0.0967753, 0.101176, 0.129326, 0.133373, 0.170891, 0.276805, 0.282516, 0.285994, 0.293809, 0.379474, 0.992228, 1, 

152,652,0.001, 0.0482424, 0.060196, 0.0767149, 0.0967753, 0.101176, 0.129326, 0.133373, 0.170891, 0.276805, 0.282516, 0.285994, 0.293809, 0.332833, 0.426424, 0.550273, 0.477473, 0.671913, 0.712555, 0.885862, 1, 

Generation #5
147,789,0.001, 0.0482424, 0.060196, 0.0767149, 0.0967753, 0.101176, 0.129326, 0.133373, 0.170891, 0.276805, 0.282516, 0.285994, 0.293809, 0.332833, 0.426424, 0.550273, 1, 

152,652,0.001, 0.0482424, 0.060196, 0.0767149, 0.0967753, 0.101176, 0.129326, 0.133373, 0.170891, 0.276805, 0.282516, 0.285994, 0.293809, 0.332833, 0.426424, 0.550273, 0.477473, 0.671913, 0.712555, 0.885862, 1, 

155,596,0.001, 0.0482424, 0.060196, 0.0767149, 0.0967753, 0.101176, 0.129326, 0.133373, 0.170891, 0.276805, 0.282516, 0.285994, 0.293809, 0.332833, 0.426424, 0.550273, 0.841254, 0.951562, 1, 

Generation #6
155,596,0.001, 0.0482424, 0.060196, 0.0767149, 0.0967753, 0.101176, 0.129326, 0.133373, 0.170891, 0.276805, 0.282516, 0.285994, 0.293809, 0.332833, 0.426424, 0.550273, 0.841254, 0.951562, 1, 

149,617,0.001, 0.0482424, 0.060196, 0.0767149, 0.0967753, 0.101176, 0.129326, 0.133373, 0.170891, 0.276805, 0.282516, 0.285994, 0.293809, 0.332833, 0.426424, 1, 

145,622,0.001, 0.0482424, 0.060196, 0.0767149, 0.0967753, 0.101176, 0.129326, 0.133373, 0.170891, 0.276805, 0.282516, 0.285994, 0.332833, 0.426424, 0.550273, 1, 

Generation #7
149,617,0.001, 0.0482424, 0.060196, 0.0767149, 0.0967753, 0.101176, 0.129326, 0.133373, 0.170891, 0.276805, 0.282516, 0.285994, 0.293809, 0.332833, 0.426424, 1, 

145,622,0.001, 0.0482424, 0.060196, 0.0767149, 0.0967753, 0.101176, 0.129326, 0.133373, 0.170891, 0.276805, 0.282516, 0.285994, 0.332833, 0.426424, 0.550273, 1, 

142,957,0.001, 0.0938423, 0.152423, 0.169156, 0.170584, 0.0563891, 0.129326, 0.133373, 0.170891, 0.276805, 0.282516, 0.285994, 0.293809, 0.332833, 0.426424, 0.550273, 1, 

152,540,0.001, 0.0482424, 0.060196, 0.0767149, 0.0967753, 0.101176, 0.129326, 0.133373, 0.170891, 0.276805, 0.282516, 0.285994, 0.293809, 0.379474, 0.992228, 1, 

Generation #8
152,540,0.001, 0.0482424, 0.060196, 0.0767149, 0.0967753, 0.101176, 0.129326, 0.133373, 0.170891, 0.276805, 0.282516, 0.285994, 0.293809, 0.379474, 0.992228, 1, 

141,615,0.001, 0.0482424, 0.060196, 0.0767149, 0.0967753, 0.101176, 0.129326, 0.133373, 0.170891, 0.276805, 0.282516, 0.285994, 0.293809, 0.332833, 0.426424, 1, 

Generation #9
152,540,0.001, 0.0482424, 0.060196, 0.0767149, 0.0967753, 0.101176, 0.129326, 0.133373, 0.170891, 0.276805, 0.282516, 0.285994, 0.293809, 0.379474, 0.992228, 1, 

141,615,0.001, 0.0482424, 0.060196, 0.0767149, 0.0967753, 0.101176, 0.129326, 0.133373, 0.170891, 0.276805, 0.282516, 0.285994, 0.293809, 0.332833, 0.426424, 1, 

144,591,0.001, 0.0344967, 0.0799311, 0.0767149, 0.0967753, 0.101176, 0.129326, 0.133373, 0.170891, 0.276805, 0.282516, 0.285994, 0.293809, 0.379474, 0.992228, 1, 

Generation #10
152,540,0.001, 0.0482424, 0.060196, 0.0767149, 0.0967753, 0.101176, 0.129326, 0.133373, 0.170891, 0.276805, 0.282516, 0.285994, 0.293809, 0.379474, 0.992228, 1, 

141,615,0.001, 0.0482424, 0.060196, 0.0767149, 0.0967753, 0.101176, 0.129326, 0.133373, 0.170891, 0.276805, 0.282516, 0.285994, 0.293809, 0.332833, 0.426424, 1, 

144,591,0.001, 0.0344967, 0.0799311, 0.0767149, 0.0967753, 0.101176, 0.129326, 0.133373, 0.170891, 0.276805, 0.282516, 0.285994, 0.293809, 0.379474, 0.992228, 1, 

Generation #11
152,540,0.001, 0.0482424, 0.060196, 0.0767149, 0.0967753, 0.101176, 0.129326, 0.133373, 0.170891, 0.276805, 0.282516, 0.285994, 0.293809, 0.379474, 0.992228, 1, 

141,615,0.001, 0.0482424, 0.060196, 0.0767149, 0.0967753, 0.101176, 0.129326, 0.133373, 0.170891, 0.276805, 0.282516, 0.285994, 0.293809, 0.332833, 0.426424, 1, 

144,591,0.001, 0.0344967, 0.0799311, 0.0767149, 0.0967753, 0.101176, 0.129326, 0.133373, 0.170891, 0.276805, 0.282516, 0.285994, 0.293809, 0.379474, 0.992228, 1, 

Generation #12
152,540,0.001, 0.0482424, 0.060196, 0.0767149, 0.0967753, 0.101176, 0.129326, 0.133373, 0.170891, 0.276805, 0.282516, 0.285994, 0.293809, 0.379474, 0.992228, 1, 

141,615,0.001, 0.0482424, 0.060196, 0.0767149, 0.0967753, 0.101176, 0.129326, 0.133373, 0.170891, 0.276805, 0.282516, 0.285994, 0.293809, 0.332833, 0.426424, 1, 

144,591,0.001, 0.0344967, 0.0799311, 0.0767149, 0.0967753, 0.101176, 0.129326, 0.133373, 0.170891, 0.276805, 0.282516, 0.285994, 0.293809, 0.379474, 0.992228, 1, 

Generation #13
152,540,0.001, 0.0482424, 0.060196, 0.0767149, 0.0967753, 0.101176, 0.129326, 0.133373, 0.170891, 0.276805, 0.282516, 0.285994, 0.293809, 0.379474, 0.992228, 1, 

141,615,0.001, 0.0482424, 0.060196, 0.0767149, 0.0967753, 0.101176, 0.129326, 0.133373, 0.170891, 0.276805, 0.282516, 0.285994, 0.293809, 0.332833, 0.426424, 1, 

144,591,0.001, 0.0344967, 0.0799311, 0.0767149, 0.0967753, 0.101176, 0.129326, 0.133373, 0.170891, 0.276805, 0.282516, 0.285994, 0.293809, 0.379474, 0.992228, 1, 

Generation #14
152,540,0.001, 0.0482424, 0.060196, 0.0767149, 0.0967753, 0.101176, 0.129326, 0.133373, 0.170891, 0.276805, 0.282516, 0.285994, 0.293809, 0.379474, 0.992228, 1, 

141,615,0.001, 0.0482424, 0.060196, 0.0767149, 0.0967753, 0.101176, 0.129326, 0.133373, 0.170891, 0.276805, 0.282516, 0.285994, 0.293809, 0.332833, 0.426424, 1, 

144,591,0.001, 0.0344967, 0.0799311, 0.0767149, 0.0967753, 0.101176, 0.129326, 0.133373, 0.170891, 0.276805, 0.282516, 0.285994, 0.293809, 0.379474, 0.992228, 1, 

Generation #15
152,540,0.001, 0.0482424, 0.060196, 0.0767149, 0.0967753, 0.101176, 0.129326, 0.133373, 0.170891, 0.276805, 0.282516, 0.285994, 0.293809, 0.379474, 0.992228, 1, 

141,615,0.001, 0.0482424, 0.060196, 0.0767149, 0.0967753, 0.101176, 0.129326, 0.133373, 0.170891, 0.276805, 0.282516, 0.285994, 0.293809, 0.332833, 0.426424, 1, 

144,591,0.001, 0.0344967, 0.0799311, 0.0767149, 0.0967753, 0.101176, 0.129326, 0.133373, 0.170891, 0.276805, 0.282516, 0.285994, 0.293809, 0.379474, 0.992228, 1, 

Generation #16
152,540,0.001, 0.0482424, 0.060196, 0.0767149, 0.0967753, 0.101176, 0.129326, 0.133373, 0.170891, 0.276805, 0.282516, 0.285994, 0.293809, 0.379474, 0.992228, 1, 

141,615,0.001, 0.0482424, 0.060196, 0.0767149, 0.0967753, 0.101176, 0.129326, 0.133373, 0.170891, 0.276805, 0.282516, 0.285994, 0.293809, 0.332833, 0.426424, 1, 

144,591,0.001, 0.0344967, 0.0799311, 0.0767149, 0.0967753, 0.101176, 0.129326, 0.133373, 0.170891, 0.276805, 0.282516, 0.285994, 0.293809, 0.379474, 0.992228, 1, 

Generation #17
152,540,0.001, 0.0482424, 0.060196, 0.0767149, 0.0967753, 0.101176, 0.129326, 0.133373, 0.170891, 0.276805, 0.282516, 0.285994, 0.293809, 0.379474, 0.992228, 1, 

141,615,0.001, 0.0482424, 0.060196, 0.0767149, 0.0967753, 0.101176, 0.129326, 0.133373, 0.170891, 0.276805, 0.282516, 0.285994, 0.293809, 0.332833, 0.426424, 1, 

144,591,0.001, 0.0344967, 0.0799311, 0.0767149, 0.0967753, 0.101176, 0.129326, 0.133373, 0.170891, 0.276805, 0.282516, 0.285994, 0.293809, 0.379474, 0.992228, 1, 

Generation #18
152,540,0.001, 0.0482424, 0.060196, 0.0767149, 0.0967753, 0.101176, 0.129326, 0.133373, 0.170891, 0.276805, 0.282516, 0.285994, 0.293809, 0.379474, 0.992228, 1, 

141,615,0.001, 0.0482424, 0.060196, 0.0767149, 0.0967753, 0.101176, 0.129326, 0.133373, 0.170891, 0.276805, 0.282516, 0.285994, 0.293809, 0.332833, 0.426424, 1, 

144,591,0.001, 0.0344967, 0.0799311, 0.0767149, 0.0967753, 0.101176, 0.129326, 0.133373, 0.170891, 0.276805, 0.282516, 0.285994, 0.293809, 0.379474, 0.992228, 1, 

Generation #19
152,540,0.001, 0.0482424, 0.060196, 0.0767149, 0.0967753, 0.101176, 0.129326, 0.133373, 0.170891, 0.276805, 0.282516, 0.285994, 0.293809, 0.379474, 0.992228, 1, 

141,615,0.001, 0.0482424, 0.060196, 0.0767149, 0.0967753, 0.101176, 0.129326, 0.133373, 0.170891, 0.276805, 0.282516, 0.285994, 0.293809, 0.332833, 0.426424, 1, 

144,591,0.001, 0.0344967, 0.0799311, 0.0767149, 0.0967753, 0.101176, 0.129326, 0.133373, 0.170891, 0.276805, 0.282516, 0.285994, 0.293809, 0.379474, 0.992228, 1, 

Generation #20
152,540,0.001, 0.0482424, 0.060196, 0.0767149, 0.0967753, 0.101176, 0.129326, 0.133373, 0.170891, 0.276805, 0.282516, 0.285994, 0.293809, 0.379474, 0.992228, 1, 

141,615,0.001, 0.0482424, 0.060196, 0.0767149, 0.0967753, 0.101176, 0.129326, 0.133373, 0.170891, 0.276805, 0.282516, 0.285994, 0.293809, 0.332833, 0.426424, 1, 

144,591,0.001, 0.0344967, 0.0799311, 0.0767149, 0.0967753, 0.101176, 0.129326, 0.133373, 0.170891, 0.276805, 0.282516, 0.285994, 0.293809, 0.379474, 0.992228, 1, 

139,663,0.001, 0.0482424, 0.060196, 0.0767149, 0.00698189, 0.0967753, 0.14546, 0.153692, 0.211271, 0.170891, 0.304855, 0.322293, 0.228605, 0.31975, 0.359774, 0.379474, 0.992228, 1, 

150,588,0.001, 0.0482424, 0.060196, 0.0767149, 0.0967753, 0.101176, 0.129326, 0.133373, 0.170891, 0.276805, 0.282516, 0.285994, 0.293809, 0.379474, 0.835554, 1, 

Generation #21
152,540,0.001, 0.0482424, 0.060196, 0.0767149, 0.0967753, 0.101176, 0.129326, 0.133373, 0.170891, 0.276805, 0.282516, 0.285994, 0.293809, 0.379474, 0.992228, 1, 

141,615,0.001, 0.0482424, 0.060196, 0.0767149, 0.0967753, 0.101176, 0.129326, 0.133373, 0.170891, 0.276805, 0.282516, 0.285994, 0.293809, 0.332833, 0.426424, 1, 

144,591,0.001, 0.0344967, 0.0799311, 0.0767149, 0.0967753, 0.101176, 0.129326, 0.133373, 0.170891, 0.276805, 0.282516, 0.285994, 0.293809, 0.379474, 0.992228, 1, 

139,663,0.001, 0.0482424, 0.060196, 0.0767149, 0.00698189, 0.0967753, 0.14546, 0.153692, 0.211271, 0.170891, 0.304855, 0.322293, 0.228605, 0.31975, 0.359774, 0.379474, 0.992228, 1, 

150,588,0.001, 0.0482424, 0.060196, 0.0767149, 0.0967753, 0.101176, 0.129326, 0.133373, 0.170891, 0.276805, 0.282516, 0.285994, 0.293809, 0.379474, 0.835554, 1, 

Generation #22
152,540,0.001, 0.0482424, 0.060196, 0.0767149, 0.0967753, 0.101176, 0.129326, 0.133373, 0.170891, 0.276805, 0.282516, 0.285994, 0.293809, 0.379474, 0.992228, 1, 

141,615,0.001, 0.0482424, 0.060196, 0.0767149, 0.0967753, 0.101176, 0.129326, 0.133373, 0.170891, 0.276805, 0.282516, 0.285994, 0.293809, 0.332833, 0.426424, 1, 

144,591,0.001, 0.0344967, 0.0799311, 0.0767149, 0.0967753, 0.101176, 0.129326, 0.133373, 0.170891, 0.276805, 0.282516, 0.285994, 0.293809, 0.379474, 0.992228, 1, 

139,663,0.001, 0.0482424, 0.060196, 0.0767149, 0.00698189, 0.0967753, 0.14546, 0.153692, 0.211271, 0.170891, 0.304855, 0.322293, 0.228605, 0.31975, 0.359774, 0.379474, 0.992228, 1, 

150,588,0.001, 0.0482424, 0.060196, 0.0767149, 0.0967753, 0.101176, 0.129326, 0.133373, 0.170891, 0.276805, 0.282516, 0.285994, 0.293809, 0.379474, 0.835554, 1, 

Generation #23
152,540,0.001, 0.0482424, 0.060196, 0.0767149, 0.0967753, 0.101176, 0.129326, 0.133373, 0.170891, 0.276805, 0.282516, 0.285994, 0.293809, 0.379474, 0.992228, 1, 

141,615,0.001, 0.0482424, 0.060196, 0.0767149, 0.0967753, 0.101176, 0.129326, 0.133373, 0.170891, 0.276805, 0.282516, 0.285994, 0.293809, 0.332833, 0.426424, 1, 

144,591,0.001, 0.0344967, 0.0799311, 0.0767149, 0.0967753, 0.101176, 0.129326, 0.133373, 0.170891, 0.276805, 0.282516, 0.285994, 0.293809, 0.379474, 0.992228, 1, 

139,663,0.001, 0.0482424, 0.060196, 0.0767149, 0.00698189, 0.0967753, 0.14546, 0.153692, 0.211271, 0.170891, 0.304855, 0.322293, 0.228605, 0.31975, 0.359774, 0.379474, 0.992228, 1, 

150,588,0.001, 0.0482424, 0.060196, 0.0767149, 0.0967753, 0.101176, 0.129326, 0.133373, 0.170891, 0.276805, 0.282516, 0.285994, 0.293809, 0.379474, 0.835554, 1, 

Generation #24
152,540,0.001, 0.0482424, 0.060196, 0.0767149, 0.0967753, 0.101176, 0.129326, 0.133373, 0.170891, 0.276805, 0.282516, 0.285994, 0.293809, 0.379474, 0.992228, 1, 

141,615,0.001, 0.0482424, 0.060196, 0.0767149, 0.0967753, 0.101176, 0.129326, 0.133373, 0.170891, 0.276805, 0.282516, 0.285994, 0.293809, 0.332833, 0.426424, 1, 

144,591,0.001, 0.0344967, 0.0799311, 0.0767149, 0.0967753, 0.101176, 0.129326, 0.133373, 0.170891, 0.276805, 0.282516, 0.285994, 0.293809, 0.379474, 0.992228, 1, 

139,663,0.001, 0.0482424, 0.060196, 0.0767149, 0.00698189, 0.0967753, 0.14546, 0.153692, 0.211271, 0.170891, 0.304855, 0.322293, 0.228605, 0.31975, 0.359774, 0.379474, 0.992228, 1, 

150,588,0.001, 0.0482424, 0.060196, 0.0767149, 0.0967753, 0.101176, 0.129326, 0.133373, 0.170891, 0.276805, 0.282516, 0.285994, 0.293809, 0.379474, 0.835554, 1, 

Generation #25
152,540,0.001, 0.0482424, 0.060196, 0.0767149, 0.0967753, 0.101176, 0.129326, 0.133373, 0.170891, 0.276805, 0.282516, 0.285994, 0.293809, 0.379474, 0.992228, 1, 

141,615,0.001, 0.0482424, 0.060196, 0.0767149, 0.0967753, 0.101176, 0.129326, 0.133373, 0.170891, 0.276805, 0.282516, 0.285994, 0.293809, 0.332833, 0.426424, 1, 

144,591,0.001, 0.0344967, 0.0799311, 0.0767149, 0.0967753, 0.101176, 0.129326, 0.133373, 0.170891, 0.276805, 0.282516, 0.285994, 0.293809, 0.379474, 0.992228, 1, 

139,663,0.001, 0.0482424, 0.060196, 0.0767149, 0.00698189, 0.0967753, 0.14546, 0.153692, 0.211271, 0.170891, 0.304855, 0.322293, 0.228605, 0.31975, 0.359774, 0.379474, 0.992228, 1, 

150,588,0.001, 0.0482424, 0.060196, 0.0767149, 0.0967753, 0.101176, 0.129326, 0.133373, 0.170891, 0.276805, 0.282516, 0.285994, 0.293809, 0.379474, 0.835554, 1, 

Generation #26
152,540,0.001, 0.0482424, 0.060196, 0.0767149, 0.0967753, 0.101176, 0.129326, 0.133373, 0.170891, 0.276805, 0.282516, 0.285994, 0.293809, 0.379474, 0.992228, 1, 

141,615,0.001, 0.0482424, 0.060196, 0.0767149, 0.0967753, 0.101176, 0.129326, 0.133373, 0.170891, 0.276805, 0.282516, 0.285994, 0.293809, 0.332833, 0.426424, 1, 

144,591,0.001, 0.0344967, 0.0799311, 0.0767149, 0.0967753, 0.101176, 0.129326, 0.133373, 0.170891, 0.276805, 0.282516, 0.285994, 0.293809, 0.379474, 0.992228, 1, 

139,663,0.001, 0.0482424, 0.060196, 0.0767149, 0.00698189, 0.0967753, 0.14546, 0.153692, 0.211271, 0.170891, 0.304855, 0.322293, 0.228605, 0.31975, 0.359774, 0.379474, 0.992228, 1, 

150,588,0.001, 0.0482424, 0.060196, 0.0767149, 0.0967753, 0.101176, 0.129326, 0.133373, 0.170891, 0.276805, 0.282516, 0.285994, 0.293809, 0.379474, 0.835554, 1, 

Generation #27
152,540,0.001, 0.0482424, 0.060196, 0.0767149, 0.0967753, 0.101176, 0.129326, 0.133373, 0.170891, 0.276805, 0.282516, 0.285994, 0.293809, 0.379474, 0.992228, 1, 

141,615,0.001, 0.0482424, 0.060196, 0.0767149, 0.0967753, 0.101176, 0.129326, 0.133373, 0.170891, 0.276805, 0.282516, 0.285994, 0.293809, 0.332833, 0.426424, 1, 

144,591,0.001, 0.0344967, 0.0799311, 0.0767149, 0.0967753, 0.101176, 0.129326, 0.133373, 0.170891, 0.276805, 0.282516, 0.285994, 0.293809, 0.379474, 0.992228, 1, 

139,663,0.001, 0.0482424, 0.060196, 0.0767149, 0.00698189, 0.0967753, 0.14546, 0.153692, 0.211271, 0.170891, 0.304855, 0.322293, 0.228605, 0.31975, 0.359774, 0.379474, 0.992228, 1, 

150,588,0.001, 0.0482424, 0.060196, 0.0767149, 0.0967753, 0.101176, 0.129326, 0.133373, 0.170891, 0.276805, 0.282516, 0.285994, 0.293809, 0.379474, 0.835554, 1, 

Generation #28
152,540,0.001, 0.0482424, 0.060196, 0.0767149, 0.0967753, 0.101176, 0.129326, 0.133373, 0.170891, 0.276805, 0.282516, 0.285994, 0.293809, 0.379474, 0.992228, 1, 

141,615,0.001, 0.0482424, 0.060196, 0.0767149, 0.0967753, 0.101176, 0.129326, 0.133373, 0.170891, 0.276805, 0.282516, 0.285994, 0.293809, 0.332833, 0.426424, 1, 

144,591,0.001, 0.0344967, 0.0799311, 0.0767149, 0.0967753, 0.101176, 0.129326, 0.133373, 0.170891, 0.276805, 0.282516, 0.285994, 0.293809, 0.379474, 0.992228, 1, 

139,663,0.001, 0.0482424, 0.060196, 0.0767149, 0.00698189, 0.0967753, 0.14546, 0.153692, 0.211271, 0.170891, 0.304855, 0.322293, 0.228605, 0.31975, 0.359774, 0.379474, 0.992228, 1, 

150,588,0.001, 0.0482424, 0.060196, 0.0767149, 0.0967753, 0.101176, 0.129326, 0.133373, 0.170891, 0.276805, 0.282516, 0.285994, 0.293809, 0.379474, 0.835554, 1, 

Generation #29
152,540,0.001, 0.0482424, 0.060196, 0.0767149, 0.0967753, 0.101176, 0.129326, 0.133373, 0.170891, 0.276805, 0.282516, 0.285994, 0.293809, 0.379474, 0.992228, 1, 

141,615,0.001, 0.0482424, 0.060196, 0.0767149, 0.0967753, 0.101176, 0.129326, 0.133373, 0.170891, 0.276805, 0.282516, 0.285994, 0.293809, 0.332833, 0.426424, 1, 

144,591,0.001, 0.0344967, 0.0799311, 0.0767149, 0.0967753, 0.101176, 0.129326, 0.133373, 0.170891, 0.276805, 0.282516, 0.285994, 0.293809, 0.379474, 0.992228, 1, 

139,663,0.001, 0.0482424, 0.060196, 0.0767149, 0.00698189, 0.0967753, 0.14546, 0.153692, 0.211271, 0.170891, 0.304855, 0.322293, 0.228605, 0.31975, 0.359774, 0.379474, 0.992228, 1, 

150,557,0.001, 0.0482424, 0.060196, 0.0767149, 0.0967753, 0.101176, 0.133373, 0.22996, 0.248763, 0.304855, 0.31975, 0.359774, 0.379474, 0.379474, 0.426424, 1, 

Generation #30
152,540,0.001, 0.0482424, 0.060196, 0.0767149, 0.0967753, 0.101176, 0.129326, 0.133373, 0.170891, 0.276805, 0.282516, 0.285994, 0.293809, 0.379474, 0.992228, 1, 

141,615,0.001, 0.0482424, 0.060196, 0.0767149, 0.0967753, 0.101176, 0.129326, 0.133373, 0.170891, 0.276805, 0.282516, 0.285994, 0.293809, 0.332833, 0.426424, 1, 

144,591,0.001, 0.0344967, 0.0799311, 0.0767149, 0.0967753, 0.101176, 0.129326, 0.133373, 0.170891, 0.276805, 0.282516, 0.285994, 0.293809, 0.379474, 0.992228, 1, 

139,663,0.001, 0.0482424, 0.060196, 0.0767149, 0.00698189, 0.0967753, 0.14546, 0.153692, 0.211271, 0.170891, 0.304855, 0.322293, 0.228605, 0.31975, 0.359774, 0.379474, 0.992228, 1, 

150,557,0.001, 0.0482424, 0.060196, 0.0767149, 0.0967753, 0.101176, 0.133373, 0.22996, 0.248763, 0.304855, 0.31975, 0.359774, 0.379474, 0.379474, 0.426424, 1, 

Generation #31
152,540,0.001, 0.0482424, 0.060196, 0.0767149, 0.0967753, 0.101176, 0.129326, 0.133373, 0.170891, 0.276805, 0.282516, 0.285994, 0.293809, 0.379474, 0.992228, 1, 

141,615,0.001, 0.0482424, 0.060196, 0.0767149, 0.0967753, 0.101176, 0.129326, 0.133373, 0.170891, 0.276805, 0.282516, 0.285994, 0.293809, 0.332833, 0.426424, 1, 

144,591,0.001, 0.0344967, 0.0799311, 0.0767149, 0.0967753, 0.101176, 0.129326, 0.133373, 0.170891, 0.276805, 0.282516, 0.285994, 0.293809, 0.379474, 0.992228, 1, 

139,663,0.001, 0.0482424, 0.060196, 0.0767149, 0.00698189, 0.0967753, 0.14546, 0.153692, 0.211271, 0.170891, 0.304855, 0.322293, 0.228605, 0.31975, 0.359774, 0.379474, 0.992228, 1, 

150,557,0.001, 0.0482424, 0.060196, 0.0767149, 0.0967753, 0.101176, 0.133373, 0.22996, 0.248763, 0.304855, 0.31975, 0.359774, 0.379474, 0.379474, 0.426424, 1, 

Generation #32
152,540,0.001, 0.0482424, 0.060196, 0.0767149, 0.0967753, 0.101176, 0.129326, 0.133373, 0.170891, 0.276805, 0.282516, 0.285994, 0.293809, 0.379474, 0.992228, 1, 

141,615,0.001, 0.0482424, 0.060196, 0.0767149, 0.0967753, 0.101176, 0.129326, 0.133373, 0.170891, 0.276805, 0.282516, 0.285994, 0.293809, 0.332833, 0.426424, 1, 

144,591,0.001, 0.0344967, 0.0799311, 0.0767149, 0.0967753, 0.101176, 0.129326, 0.133373, 0.170891, 0.276805, 0.282516, 0.285994, 0.293809, 0.379474, 0.992228, 1, 

139,663,0.001, 0.0482424, 0.060196, 0.0767149, 0.00698189, 0.0967753, 0.14546, 0.153692, 0.211271, 0.170891, 0.304855, 0.322293, 0.228605, 0.31975, 0.359774, 0.379474, 0.992228, 1, 

150,557,0.001, 0.0482424, 0.060196, 0.0767149, 0.0967753, 0.101176, 0.133373, 0.22996, 0.248763, 0.304855, 0.31975, 0.359774, 0.379474, 0.379474, 0.426424, 1, 

Generation #33
152,540,0.001, 0.0482424, 0.060196, 0.0767149, 0.0967753, 0.101176, 0.129326, 0.133373, 0.170891, 0.276805, 0.282516, 0.285994, 0.293809, 0.379474, 0.992228, 1, 

141,615,0.001, 0.0482424, 0.060196, 0.0767149, 0.0967753, 0.101176, 0.129326, 0.133373, 0.170891, 0.276805, 0.282516, 0.285994, 0.293809, 0.332833, 0.426424, 1, 

144,591,0.001, 0.0344967, 0.0799311, 0.0767149, 0.0967753, 0.101176, 0.129326, 0.133373, 0.170891, 0.276805, 0.282516, 0.285994, 0.293809, 0.379474, 0.992228, 1, 

139,663,0.001, 0.0482424, 0.060196, 0.0767149, 0.00698189, 0.0967753, 0.14546, 0.153692, 0.211271, 0.170891, 0.304855, 0.322293, 0.228605, 0.31975, 0.359774, 0.379474, 0.992228, 1, 

150,557,0.001, 0.0482424, 0.060196, 0.0767149, 0.0967753, 0.101176, 0.133373, 0.22996, 0.248763, 0.304855, 0.31975, 0.359774, 0.379474, 0.379474, 0.426424, 1, 

Generation #34
152,540,0.001, 0.0482424, 0.060196, 0.0767149, 0.0967753, 0.101176, 0.129326, 0.133373, 0.170891, 0.276805, 0.282516, 0.285994, 0.293809, 0.379474, 0.992228, 1, 

141,615,0.001, 0.0482424, 0.060196, 0.0767149, 0.0967753, 0.101176, 0.129326, 0.133373, 0.170891, 0.276805, 0.282516, 0.285994, 0.293809, 0.332833, 0.426424, 1, 

144,591,0.001, 0.0344967, 0.0799311, 0.0767149, 0.0967753, 0.101176, 0.129326, 0.133373, 0.170891, 0.276805, 0.282516, 0.285994, 0.293809, 0.379474, 0.992228, 1, 

139,663,0.001, 0.0482424, 0.060196, 0.0767149, 0.00698189, 0.0967753, 0.14546, 0.153692, 0.211271, 0.170891, 0.304855, 0.322293, 0.228605, 0.31975, 0.359774, 0.379474, 0.992228, 1, 

150,557,0.001, 0.0482424, 0.060196, 0.0767149, 0.0967753, 0.101176, 0.133373, 0.22996, 0.248763, 0.304855, 0.31975, 0.359774, 0.379474, 0.379474, 0.426424, 1, 

Generation #35
152,540,0.001, 0.0482424, 0.060196, 0.0767149, 0.0967753, 0.101176, 0.129326, 0.133373, 0.170891, 0.276805, 0.282516, 0.285994, 0.293809, 0.379474, 0.992228, 1, 

141,615,0.001, 0.0482424, 0.060196, 0.0767149, 0.0967753, 0.101176, 0.129326, 0.133373, 0.170891, 0.276805, 0.282516, 0.285994, 0.293809, 0.332833, 0.426424, 1, 

144,591,0.001, 0.0344967, 0.0799311, 0.0767149, 0.0967753, 0.101176, 0.129326, 0.133373, 0.170891, 0.276805, 0.282516, 0.285994, 0.293809, 0.379474, 0.992228, 1, 

139,663,0.001, 0.0482424, 0.060196, 0.0767149, 0.00698189, 0.0967753, 0.14546, 0.153692, 0.211271, 0.170891, 0.304855, 0.322293, 0.228605, 0.31975, 0.359774, 0.379474, 0.992228, 1, 

150,557,0.001, 0.0482424, 0.060196, 0.0767149, 0.0967753, 0.101176, 0.133373, 0.22996, 0.248763, 0.304855, 0.31975, 0.359774, 0.379474, 0.379474, 0.426424, 1, 

Generation #36
152,540,0.001, 0.0482424, 0.060196, 0.0767149, 0.0967753, 0.101176, 0.129326, 0.133373, 0.170891, 0.276805, 0.282516, 0.285994, 0.293809, 0.379474, 0.992228, 1, 

141,615,0.001, 0.0482424, 0.060196, 0.0767149, 0.0967753, 0.101176, 0.129326, 0.133373, 0.170891, 0.276805, 0.282516, 0.285994, 0.293809, 0.332833, 0.426424, 1, 

144,591,0.001, 0.0344967, 0.0799311, 0.0767149, 0.0967753, 0.101176, 0.129326, 0.133373, 0.170891, 0.276805, 0.282516, 0.285994, 0.293809, 0.379474, 0.992228, 1, 

139,663,0.001, 0.0482424, 0.060196, 0.0767149, 0.00698189, 0.0967753, 0.14546, 0.153692, 0.211271, 0.170891, 0.304855, 0.322293, 0.228605, 0.31975, 0.359774, 0.379474, 0.992228, 1, 

150,557,0.001, 0.0482424, 0.060196, 0.0767149, 0.0967753, 0.101176, 0.133373, 0.22996, 0.248763, 0.304855, 0.31975, 0.359774, 0.379474, 0.379474, 0.426424, 1, 

Generation #37
152,540,0.001, 0.0482424, 0.060196, 0.0767149, 0.0967753, 0.101176, 0.129326, 0.133373, 0.170891, 0.276805, 0.282516, 0.285994, 0.293809, 0.379474, 0.992228, 1, 

141,615,0.001, 0.0482424, 0.060196, 0.0767149, 0.0967753, 0.101176, 0.129326, 0.133373, 0.170891, 0.276805, 0.282516, 0.285994, 0.293809, 0.332833, 0.426424, 1, 

144,591,0.001, 0.0344967, 0.0799311, 0.0767149, 0.0967753, 0.101176, 0.129326, 0.133373, 0.170891, 0.276805, 0.282516, 0.285994, 0.293809, 0.379474, 0.992228, 1, 

139,663,0.001, 0.0482424, 0.060196, 0.0767149, 0.00698189, 0.0967753, 0.14546, 0.153692, 0.211271, 0.170891, 0.304855, 0.322293, 0.228605, 0.31975, 0.359774, 0.379474, 0.992228, 1, 

150,557,0.001, 0.0482424, 0.060196, 0.0767149, 0.0967753, 0.101176, 0.133373, 0.22996, 0.248763, 0.304855, 0.31975, 0.359774, 0.379474, 0.379474, 0.426424, 1, 

Generation #38
152,540,0.001, 0.0482424, 0.060196, 0.0767149, 0.0967753, 0.101176, 0.129326, 0.133373, 0.170891, 0.276805, 0.282516, 0.285994, 0.293809, 0.379474, 0.992228, 1, 

141,615,0.001, 0.0482424, 0.060196, 0.0767149, 0.0967753, 0.101176, 0.129326, 0.133373, 0.170891, 0.276805, 0.282516, 0.285994, 0.293809, 0.332833, 0.426424, 1, 

144,591,0.001, 0.0344967, 0.0799311, 0.0767149, 0.0967753, 0.101176, 0.129326, 0.133373, 0.170891, 0.276805, 0.282516, 0.285994, 0.293809, 0.379474, 0.992228, 1, 

139,663,0.001, 0.0482424, 0.060196, 0.0767149, 0.00698189, 0.0967753, 0.14546, 0.153692, 0.211271, 0.170891, 0.304855, 0.322293, 0.228605, 0.31975, 0.359774, 0.379474, 0.992228, 1, 

150,557,0.001, 0.0482424, 0.060196, 0.0767149, 0.0967753, 0.101176, 0.133373, 0.22996, 0.248763, 0.304855, 0.31975, 0.359774, 0.379474, 0.379474, 0.426424, 1, 

Generation #39
152,540,0.001, 0.0482424, 0.060196, 0.0767149, 0.0967753, 0.101176, 0.129326, 0.133373, 0.170891, 0.276805, 0.282516, 0.285994, 0.293809, 0.379474, 0.992228, 1, 

141,615,0.001, 0.0482424, 0.060196, 0.0767149, 0.0967753, 0.101176, 0.129326, 0.133373, 0.170891, 0.276805, 0.282516, 0.285994, 0.293809, 0.332833, 0.426424, 1, 

144,591,0.001, 0.0344967, 0.0799311, 0.0767149, 0.0967753, 0.101176, 0.129326, 0.133373, 0.170891, 0.276805, 0.282516, 0.285994, 0.293809, 0.379474, 0.992228, 1, 

139,663,0.001, 0.0482424, 0.060196, 0.0767149, 0.00698189, 0.0967753, 0.14546, 0.153692, 0.211271, 0.170891, 0.304855, 0.322293, 0.228605, 0.31975, 0.359774, 0.379474, 0.992228, 1, 

150,557,0.001, 0.0482424, 0.060196, 0.0767149, 0.0967753, 0.101176, 0.133373, 0.22996, 0.248763, 0.304855, 0.31975, 0.359774, 0.379474, 0.379474, 0.426424, 1, 

Generation #40
152,540,0.001, 0.0482424, 0.060196, 0.0767149, 0.0967753, 0.101176, 0.129326, 0.133373, 0.170891, 0.276805, 0.282516, 0.285994, 0.293809, 0.379474, 0.992228, 1, 

141,615,0.001, 0.0482424, 0.060196, 0.0767149, 0.0967753, 0.101176, 0.129326, 0.133373, 0.170891, 0.276805, 0.282516, 0.285994, 0.293809, 0.332833, 0.426424, 1, 

144,591,0.001, 0.0344967, 0.0799311, 0.0767149, 0.0967753, 0.101176, 0.129326, 0.133373, 0.170891, 0.276805, 0.282516, 0.285994, 0.293809, 0.379474, 0.992228, 1, 

139,663,0.001, 0.0482424, 0.060196, 0.0767149, 0.00698189, 0.0967753, 0.14546, 0.153692, 0.211271, 0.170891, 0.304855, 0.322293, 0.228605, 0.31975, 0.359774, 0.379474, 0.992228, 1, 

150,557,0.001, 0.0482424, 0.060196, 0.0767149, 0.0967753, 0.101176, 0.133373, 0.22996, 0.248763, 0.304855, 0.31975, 0.359774, 0.379474, 0.379474, 0.426424, 1, 

Generation #41
152,540,0.001, 0.0482424, 0.060196, 0.0767149, 0.0967753, 0.101176, 0.129326, 0.133373, 0.170891, 0.276805, 0.282516, 0.285994, 0.293809, 0.379474, 0.992228, 1, 

141,615,0.001, 0.0482424, 0.060196, 0.0767149, 0.0967753, 0.101176, 0.129326, 0.133373, 0.170891, 0.276805, 0.282516, 0.285994, 0.293809, 0.332833, 0.426424, 1, 

144,591,0.001, 0.0344967, 0.0799311, 0.0767149, 0.0967753, 0.101176, 0.129326, 0.133373, 0.170891, 0.276805, 0.282516, 0.285994, 0.293809, 0.379474, 0.992228, 1, 

139,663,0.001, 0.0482424, 0.060196, 0.0767149, 0.00698189, 0.0967753, 0.14546, 0.153692, 0.211271, 0.170891, 0.304855, 0.322293, 0.228605, 0.31975, 0.359774, 0.379474, 0.992228, 1, 

150,557,0.001, 0.0482424, 0.060196, 0.0767149, 0.0967753, 0.101176, 0.133373, 0.22996, 0.248763, 0.304855, 0.31975, 0.359774, 0.379474, 0.379474, 0.426424, 1, 

Generation #42
152,540,0.001, 0.0482424, 0.060196, 0.0767149, 0.0967753, 0.101176, 0.129326, 0.133373, 0.170891, 0.276805, 0.282516, 0.285994, 0.293809, 0.379474, 0.992228, 1, 

141,615,0.001, 0.0482424, 0.060196, 0.0767149, 0.0967753, 0.101176, 0.129326, 0.133373, 0.170891, 0.276805, 0.282516, 0.285994, 0.293809, 0.332833, 0.426424, 1, 

144,591,0.001, 0.0344967, 0.0799311, 0.0767149, 0.0967753, 0.101176, 0.129326, 0.133373, 0.170891, 0.276805, 0.282516, 0.285994, 0.293809, 0.379474, 0.992228, 1, 

139,663,0.001, 0.0482424, 0.060196, 0.0767149, 0.00698189, 0.0967753, 0.14546, 0.153692, 0.211271, 0.170891, 0.304855, 0.322293, 0.228605, 0.31975, 0.359774, 0.379474, 0.992228, 1, 

150,557,0.001, 0.0482424, 0.060196, 0.0767149, 0.0967753, 0.101176, 0.133373, 0.22996, 0.248763, 0.304855, 0.31975, 0.359774, 0.379474, 0.379474, 0.426424, 1, 

Generation #43
152,540,0.001, 0.0482424, 0.060196, 0.0767149, 0.0967753, 0.101176, 0.129326, 0.133373, 0.170891, 0.276805, 0.282516, 0.285994, 0.293809, 0.379474, 0.992228, 1, 

141,615,0.001, 0.0482424, 0.060196, 0.0767149, 0.0967753, 0.101176, 0.129326, 0.133373, 0.170891, 0.276805, 0.282516, 0.285994, 0.293809, 0.332833, 0.426424, 1, 

144,591,0.001, 0.0344967, 0.0799311, 0.0767149, 0.0967753, 0.101176, 0.129326, 0.133373, 0.170891, 0.276805, 0.282516, 0.285994, 0.293809, 0.379474, 0.992228, 1, 

139,663,0.001, 0.0482424, 0.060196, 0.0767149, 0.00698189, 0.0967753, 0.14546, 0.153692, 0.211271, 0.170891, 0.304855, 0.322293, 0.228605, 0.31975, 0.359774, 0.379474, 0.992228, 1, 

150,557,0.001, 0.0482424, 0.060196, 0.0767149, 0.0967753, 0.101176, 0.133373, 0.22996, 0.248763, 0.304855, 0.31975, 0.359774, 0.379474, 0.379474, 0.426424, 1, 

143,608,0.001, 0.0482424, 0.060196, 0.0767149, 0.0967753, 0.101176, 0.129326, 0.133373, 0.0409105, 0.276805, 0.282516, 0.285994, 0.293809, 0.379474, 0.992228, 1, 

Generation #44
152,540,0.001, 0.0482424, 0.060196, 0.0767149, 0.0967753, 0.101176, 0.129326, 0.133373, 0.170891, 0.276805, 0.282516, 0.285994, 0.293809, 0.379474, 0.992228, 1, 

141,615,0.001, 0.0482424, 0.060196, 0.0767149, 0.0967753, 0.101176, 0.129326, 0.133373, 0.170891, 0.276805, 0.282516, 0.285994, 0.293809, 0.332833, 0.426424, 1, 

144,591,0.001, 0.0344967, 0.0799311, 0.0767149, 0.0967753, 0.101176, 0.129326, 0.133373, 0.170891, 0.276805, 0.282516, 0.285994, 0.293809, 0.379474, 0.992228, 1, 

139,663,0.001, 0.0482424, 0.060196, 0.0767149, 0.00698189, 0.0967753, 0.14546, 0.153692, 0.211271, 0.170891, 0.304855, 0.322293, 0.228605, 0.31975, 0.359774, 0.379474, 0.992228, 1, 

150,557,0.001, 0.0482424, 0.060196, 0.0767149, 0.0967753, 0.101176, 0.133373, 0.22996, 0.248763, 0.304855, 0.31975, 0.359774, 0.379474, 0.379474, 0.426424, 1, 

143,608,0.001, 0.0482424, 0.060196, 0.0767149, 0.0967753, 0.101176, 0.129326, 0.133373, 0.0409105, 0.276805, 0.282516, 0.285994, 0.293809, 0.379474, 0.992228, 1, 

Generation #45
152,540,0.001, 0.0482424, 0.060196, 0.0767149, 0.0967753, 0.101176, 0.129326, 0.133373, 0.170891, 0.276805, 0.282516, 0.285994, 0.293809, 0.379474, 0.992228, 1, 

141,615,0.001, 0.0482424, 0.060196, 0.0767149, 0.0967753, 0.101176, 0.129326, 0.133373, 0.170891, 0.276805, 0.282516, 0.285994, 0.293809, 0.332833, 0.426424, 1, 

144,591,0.001, 0.0344967, 0.0799311, 0.0767149, 0.0967753, 0.101176, 0.129326, 0.133373, 0.170891, 0.276805, 0.282516, 0.285994, 0.293809, 0.379474, 0.992228, 1, 

139,663,0.001, 0.0482424, 0.060196, 0.0767149, 0.00698189, 0.0967753, 0.14546, 0.153692, 0.211271, 0.170891, 0.304855, 0.322293, 0.228605, 0.31975, 0.359774, 0.379474, 0.992228, 1, 

150,557,0.001, 0.0482424, 0.060196, 0.0767149, 0.0967753, 0.101176, 0.133373, 0.22996, 0.248763, 0.304855, 0.31975, 0.359774, 0.379474, 0.379474, 0.426424, 1, 

143,608,0.001, 0.0482424, 0.060196, 0.0767149, 0.0967753, 0.101176, 0.129326, 0.133373, 0.0409105, 0.276805, 0.282516, 0.285994, 0.293809, 0.379474, 0.992228, 1, 

Generation #46
152,540,0.001, 0.0482424, 0.060196, 0.0767149, 0.0967753, 0.101176, 0.129326, 0.133373, 0.170891, 0.276805, 0.282516, 0.285994, 0.293809, 0.379474, 0.992228, 1, 

141,615,0.001, 0.0482424, 0.060196, 0.0767149, 0.0967753, 0.101176, 0.129326, 0.133373, 0.170891, 0.276805, 0.282516, 0.285994, 0.293809, 0.332833, 0.426424, 1, 

144,591,0.001, 0.0344967, 0.0799311, 0.0767149, 0.0967753, 0.101176, 0.129326, 0.133373, 0.170891, 0.276805, 0.282516, 0.285994, 0.293809, 0.379474, 0.992228, 1, 

139,663,0.001, 0.0482424, 0.060196, 0.0767149, 0.00698189, 0.0967753, 0.14546, 0.153692, 0.211271, 0.170891, 0.304855, 0.322293, 0.228605, 0.31975, 0.359774, 0.379474, 0.992228, 1, 

150,557,0.001, 0.0482424, 0.060196, 0.0767149, 0.0967753, 0.101176, 0.133373, 0.22996, 0.248763, 0.304855, 0.31975, 0.359774, 0.379474, 0.379474, 0.426424, 1, 

143,608,0.001, 0.0482424, 0.060196, 0.0767149, 0.0967753, 0.101176, 0.129326, 0.133373, 0.0409105, 0.276805, 0.282516, 0.285994, 0.293809, 0.379474, 0.992228, 1, 

148,562,0.001, 0.0482424, 0.060196, 0.0767149, 0.0967753, 0.101176, 0.129326, 0.211271, 0.22996, 0.248763, 0.304855, 0.285994, 0.293809, 0.379474, 0.835554, 1, 

Generation #47
152,540,0.001, 0.0482424, 0.060196, 0.0767149, 0.0967753, 0.101176, 0.129326, 0.133373, 0.170891, 0.276805, 0.282516, 0.285994, 0.293809, 0.379474, 0.992228, 1, 

141,615,0.001, 0.0482424, 0.060196, 0.0767149, 0.0967753, 0.101176, 0.129326, 0.133373, 0.170891, 0.276805, 0.282516, 0.285994, 0.293809, 0.332833, 0.426424, 1, 

144,591,0.001, 0.0344967, 0.0799311, 0.0767149, 0.0967753, 0.101176, 0.129326, 0.133373, 0.170891, 0.276805, 0.282516, 0.285994, 0.293809, 0.379474, 0.992228, 1, 

139,663,0.001, 0.0482424, 0.060196, 0.0767149, 0.00698189, 0.0967753, 0.14546, 0.153692, 0.211271, 0.170891, 0.304855, 0.322293, 0.228605, 0.31975, 0.359774, 0.379474, 0.992228, 1, 

150,557,0.001, 0.0482424, 0.060196, 0.0767149, 0.0967753, 0.101176, 0.133373, 0.22996, 0.248763, 0.304855, 0.31975, 0.359774, 0.379474, 0.379474, 0.426424, 1, 

143,608,0.001, 0.0482424, 0.060196, 0.0767149, 0.0967753, 0.101176, 0.129326, 0.133373, 0.0409105, 0.276805, 0.282516, 0.285994, 0.293809, 0.379474, 0.992228, 1, 

148,562,0.001, 0.0482424, 0.060196, 0.0767149, 0.0967753, 0.101176, 0.129326, 0.211271, 0.22996, 0.248763, 0.304855, 0.285994, 0.293809, 0.379474, 0.835554, 1, 

Generation #48
152,540,0.001, 0.0482424, 0.060196, 0.0767149, 0.0967753, 0.101176, 0.129326, 0.133373, 0.170891, 0.276805, 0.282516, 0.285994, 0.293809, 0.379474, 0.992228, 1, 

141,615,0.001, 0.0482424, 0.060196, 0.0767149, 0.0967753, 0.101176, 0.129326, 0.133373, 0.170891, 0.276805, 0.282516, 0.285994, 0.293809, 0.332833, 0.426424, 1, 

144,591,0.001, 0.0344967, 0.0799311, 0.0767149, 0.0967753, 0.101176, 0.129326, 0.133373, 0.170891, 0.276805, 0.282516, 0.285994, 0.293809, 0.379474, 0.992228, 1, 

139,663,0.001, 0.0482424, 0.060196, 0.0767149, 0.00698189, 0.0967753, 0.14546, 0.153692, 0.211271, 0.170891, 0.304855, 0.322293, 0.228605, 0.31975, 0.359774, 0.379474, 0.992228, 1, 

150,557,0.001, 0.0482424, 0.060196, 0.0767149, 0.0967753, 0.101176, 0.133373, 0.22996, 0.248763, 0.304855, 0.31975, 0.359774, 0.379474, 0.379474, 0.426424, 1, 

143,608,0.001, 0.0482424, 0.060196, 0.0767149, 0.0967753, 0.101176, 0.129326, 0.133373, 0.0409105, 0.276805, 0.282516, 0.285994, 0.293809, 0.379474, 0.992228, 1, 

148,562,0.001, 0.0482424, 0.060196, 0.0767149, 0.0967753, 0.101176, 0.129326, 0.211271, 0.22996, 0.248763, 0.304855, 0.285994, 0.293809, 0.379474, 0.835554, 1, 

Generation #49
152,540,0.001, 0.0482424, 0.060196, 0.0767149, 0.0967753, 0.101176, 0.129326, 0.133373, 0.170891, 0.276805, 0.282516, 0.285994, 0.293809, 0.379474, 0.992228, 1, 

141,615,0.001, 0.0482424, 0.060196, 0.0767149, 0.0967753, 0.101176, 0.129326, 0.133373, 0.170891, 0.276805, 0.282516, 0.285994, 0.293809, 0.332833, 0.426424, 1, 

144,591,0.001, 0.0344967, 0.0799311, 0.0767149, 0.0967753, 0.101176, 0.129326, 0.133373, 0.170891, 0.276805, 0.282516, 0.285994, 0.293809, 0.379474, 0.992228, 1, 

139,663,0.001, 0.0482424, 0.060196, 0.0767149, 0.00698189, 0.0967753, 0.14546, 0.153692, 0.211271, 0.170891, 0.304855, 0.322293, 0.228605, 0.31975, 0.359774, 0.379474, 0.992228, 1, 

150,557,0.001, 0.0482424, 0.060196, 0.0767149, 0.0967753, 0.101176, 0.133373, 0.22996, 0.248763, 0.304855, 0.31975, 0.359774, 0.379474, 0.379474, 0.426424, 1, 

143,608,0.001, 0.0482424, 0.060196, 0.0767149, 0.0967753, 0.101176, 0.129326, 0.133373, 0.0409105, 0.276805, 0.282516, 0.285994, 0.293809, 0.379474, 0.992228, 1, 

148,562,0.001, 0.0482424, 0.060196, 0.0767149, 0.0967753, 0.101176, 0.129326, 0.211271, 0.22996, 0.248763, 0.304855, 0.285994, 0.293809, 0.379474, 0.835554, 1, 

--- Pareto Front Solutions ---
Solution 0: N total=262 (N_initial=110, N_added=152), Time total=553 ms, Saved to: ./results/TCAS_t2_l1_pareto_0.csv, percents=0.001, 0.0482424, 0.060196, 0.0767149, 0.0967753, 0.101176, 0.129326, 0.133373, 0.170891, 0.276805, 0.282516, 0.285994, 0.293809, 0.379474, 0.992228, 1, 

Solution 1: N total=251 (N_initial=110, N_added=141), Time total=628 ms, Saved to: ./results/TCAS_t2_l1_pareto_1.csv, percents=0.001, 0.0482424, 0.060196, 0.0767149, 0.0967753, 0.101176, 0.129326, 0.133373, 0.170891, 0.276805, 0.282516, 0.285994, 0.293809, 0.332833, 0.426424, 1, 

Solution 2: N total=254 (N_initial=110, N_added=144), Time total=604 ms, Saved to: ./results/TCAS_t2_l1_pareto_2.csv, percents=0.001, 0.0344967, 0.0799311, 0.0767149, 0.0967753, 0.101176, 0.129326, 0.133373, 0.170891, 0.276805, 0.282516, 0.285994, 0.293809, 0.379474, 0.992228, 1, 

Solution 3: N total=249 (N_initial=110, N_added=139), Time total=676 ms, Saved to: ./results/TCAS_t2_l1_pareto_3.csv, percents=0.001, 0.0482424, 0.060196, 0.0767149, 0.00698189, 0.0967753, 0.14546, 0.153692, 0.211271, 0.170891, 0.304855, 0.322293, 0.228605, 0.31975, 0.359774, 0.379474, 0.992228, 1, 

Solution 4: N total=260 (N_initial=110, N_added=150), Time total=570 ms, Saved to: ./results/TCAS_t2_l1_pareto_4.csv, percents=0.001, 0.0482424, 0.060196, 0.0767149, 0.0967753, 0.101176, 0.133373, 0.22996, 0.248763, 0.304855, 0.31975, 0.359774, 0.379474, 0.379474, 0.426424, 1, 

Solution 5: N total=253 (N_initial=110, N_added=143), Time total=621 ms, Saved to: ./results/TCAS_t2_l1_pareto_5.csv, percents=0.001, 0.0482424, 0.060196, 0.0767149, 0.0967753, 0.101176, 0.129326, 0.133373, 0.0409105, 0.276805, 0.282516, 0.285994, 0.293809, 0.379474, 0.992228, 1, 

Solution 6: N total=258 (N_initial=110, N_added=148), Time total=575 ms, Saved to: ./results/TCAS_t2_l1_pareto_6.csv, percents=0.001, 0.0482424, 0.060196, 0.0767149, 0.0967753, 0.101176, 0.129326, 0.211271, 0.22996, 0.248763, 0.304855, 0.285994, 0.293809, 0.379474, 0.835554, 1, 

------------d=1, t=2, lambda=2, filename=./evaluation/TCAS/TCAS_2_2.csv------------
Computing partitioned counts of d-sets...
Ready to look at pairs based on partitioned counts...
First Stage N=200, Time=17
There are 1 remaining non-locating pairs
--- Running GA Algorithm (phase2) ---
Running GA with std::execution::par
Generation #0
12,0,0.001, 0.0962604, 0.193988, 0.230018, 0.276461, 0.301262, 0.350194, 0.517414, 0.551192, 0.848919, 0.969685, 1, 

Generation #1
12,0,0.001, 0.0962604, 0.193988, 0.230018, 0.276461, 0.301262, 0.350194, 0.517414, 0.551192, 0.848919, 0.969685, 1, 

Generation #2
11,0,0.001, 0.142047, 0.221539, 0.315953, 0.372847, 0.412663, 0.436431, 0.459685, 0.769417, 0.877988, 1, 

Generation #3
10,0,0.001, 0.0962604, 0.193988, 0.230018, 0.651757, 0.710893, 0.749471, 0.833342, 0.872482, 1, 

Generation #4
10,0,0.001, 0.0962604, 0.193988, 0.230018, 0.651757, 0.710893, 0.749471, 0.833342, 0.872482, 1, 

Generation #5
10,0,0.001, 0.0962604, 0.193988, 0.230018, 0.651757, 0.710893, 0.749471, 0.833342, 0.872482, 1, 

Generation #6
9,0,0.001, 0.147894, 0.218792, 0.256778, 0.417823, 0.43412, 0.563147, 0.872482, 1, 

Generation #7
9,0,0.001, 0.147894, 0.218792, 0.256778, 0.417823, 0.43412, 0.563147, 0.872482, 1, 

Generation #8
9,0,0.001, 0.147894, 0.218792, 0.256778, 0.417823, 0.43412, 0.563147, 0.872482, 1, 

Generation #9
9,0,0.001, 0.147894, 0.218792, 0.256778, 0.417823, 0.43412, 0.563147, 0.872482, 1, 

Generation #10
9,0,0.001, 0.147894, 0.218792, 0.256778, 0.417823, 0.43412, 0.563147, 0.872482, 1, 

Generation #11
8,0,0.001, 0.187757, 0.315953, 0.372847, 0.412663, 0.436431, 0.459685, 1, 

Generation #12
8,0,0.001, 0.187757, 0.315953, 0.372847, 0.412663, 0.436431, 0.459685, 1, 

Generation #13
8,0,0.001, 0.187757, 0.315953, 0.372847, 0.412663, 0.436431, 0.459685, 1, 

Generation #14
8,0,0.001, 0.187757, 0.315953, 0.372847, 0.412663, 0.436431, 0.459685, 1, 

Generation #15
8,0,0.001, 0.187757, 0.315953, 0.372847, 0.412663, 0.436431, 0.459685, 1, 

Generation #16
7,0,0.001, 0.147894, 0.218792, 0.496779, 0.863132, 0.966493, 1, 

Generation #17
7,0,0.001, 0.147894, 0.218792, 0.496779, 0.863132, 0.966493, 1, 

Generation #18
7,0,0.001, 0.147894, 0.218792, 0.496779, 0.863132, 0.966493, 1, 

Generation #19
7,0,0.001, 0.147894, 0.218792, 0.496779, 0.863132, 0.966493, 1, 

Generation #20
6,0,0.001, 0.230018, 0.651757, 0.191807, 0.459685, 1, 

Generation #21
6,0,0.001, 0.230018, 0.651757, 0.191807, 0.459685, 1, 

Generation #22
6,0,0.001, 0.230018, 0.651757, 0.191807, 0.459685, 1, 

Generation #23
6,0,0.001, 0.230018, 0.651757, 0.191807, 0.459685, 1, 

Generation #24
6,0,0.001, 0.230018, 0.651757, 0.191807, 0.459685, 1, 

Generation #25
6,0,0.001, 0.230018, 0.651757, 0.191807, 0.459685, 1, 

Generation #26
5,0,0.001, 0.147894, 0.218792, 0.496779, 1, 

Generation #27
5,0,0.001, 0.147894, 0.218792, 0.496779, 1, 

Generation #28
5,0,0.001, 0.147894, 0.218792, 0.496779, 1, 

Generation #29
5,0,0.001, 0.147894, 0.218792, 0.496779, 1, 

Generation #30
5,0,0.001, 0.147894, 0.218792, 0.496779, 1, 

Generation #31
5,0,0.001, 0.147894, 0.218792, 0.496779, 1, 

Generation #32
5,0,0.001, 0.147894, 0.218792, 0.496779, 1, 

Generation #33
4,0,0.001, 0.147894, 0.218792, 1, 

Generation #34
4,0,0.001, 0.147894, 0.218792, 1, 

Generation #35
4,0,0.001, 0.147894, 0.218792, 1, 

Generation #36
4,0,0.001, 0.147894, 0.218792, 1, 

Generation #37
3,0,0.450051, 0.0716093, 1, 

Generation #38
3,0,0.450051, 0.0716093, 1, 

Generation #39
3,0,0.450051, 0.0716093, 1, 

Generation #40
3,0,0.450051, 0.0716093, 1, 

Generation #41
3,0,0.450051, 0.0716093, 1, 
