------------d=1, t=2, lambda=1, filename=./evaluation/TCAS/TCAS_2_1.csv------------
Computing partitioned counts of d-sets...
Ready to look at pairs based on partitioned counts...
First Stage N=110, Time=11
There are 1390 remaining non-locating pairs
--- Running GA Algorithm (phase2) ---
Running GA with std::execution::par
Generation #0
159,982,0.001, 0.0970704, 0.133815, 0.193307, 0.314824, 0.330009, 0.392028, 0.397921, 0.422169, 0.783244, 0.803073, 0.930679, 1, 

156,1428,0.001, 0.017851, 0.0501659, 0.0513067, 0.110065, 0.137015, 0.159559, 0.187127, 0.248876, 0.279032, 0.421249, 0.482314, 0.608711, 0.629831, 0.648283, 0.693314, 0.753794, 0.76718, 0.888482, 0.910419, 0.911522, 1, 

153,1947,0.001, 0.143724, 0.310837, 0.363056, 0.365275, 0.392687, 0.43151, 0.469638, 0.501406, 0.568428, 0.667142, 0.690827, 0.859433, 0.884137, 1, 

162,767,0.001, 0.0344967, 0.0799311, 0.146416, 0.168693, 0.213749, 0.231546, 0.301595, 0.355781, 0.414556, 0.554904, 0.577706, 0.75276, 0.85917, 0.972072, 0.999616, 1, 

Generation #1
162,767,0.001, 0.0344967, 0.0799311, 0.146416, 0.168693, 0.213749, 0.231546, 0.301595, 0.355781, 0.414556, 0.554904, 0.577706, 0.75276, 0.85917, 0.972072, 0.999616, 1, 

153,830,0.001, 0.0800371, 0.0897505, 0.0901148, 0.142215, 0.15825, 0.161182, 0.18951, 0.195469, 0.201938, 0.255494, 0.255884, 0.317208, 0.458089, 0.523444, 0.535588, 0.930854, 1, 

167,721,0.001, 0.0482424, 0.060196, 0.0767149, 0.0967753, 0.101176, 0.129326, 0.133373, 0.170891, 0.276805, 0.489961, 0.49157, 0.49993, 0.518898, 0.607083, 0.620769, 0.781936, 0.793639, 0.806633, 0.816555, 0.932469, 0.993654, 1, 

Generation #2
153,830,0.001, 0.0800371, 0.0897505, 0.0901148, 0.142215, 0.15825, 0.161182, 0.18951, 0.195469, 0.201938, 0.255494, 0.255884, 0.317208, 0.458089, 0.523444, 0.535588, 0.930854, 1, 

167,721,0.001, 0.0482424, 0.060196, 0.0767149, 0.0967753, 0.101176, 0.129326, 0.133373, 0.170891, 0.276805, 0.489961, 0.49157, 0.49993, 0.518898, 0.607083, 0.620769, 0.781936, 0.793639, 0.806633, 0.816555, 0.932469, 0.993654, 1, 

159,729,0.001, 0.0566752, 0.0752839, 0.0777061, 0.0863873, 0.182181, 0.199982, 0.212079, 0.243302, 0.251531, 0.327027, 0.376729, 0.38517, 0.450829, 0.477398, 0.482188, 0.500265, 0.606337, 0.609739, 0.635615, 0.677949, 1, 

146,851,0.001, 0.111364, 0.17253, 0.198549, 0.236739, 0.237767, 0.240305, 0.368663, 0.387717, 0.439812, 0.923837, 0.948958, 0.981036, 0.999757, 1, 

156,825,0.001, 0.0800371, 0.0897505, 0.0901148, 0.142215, 0.15825, 0.161182, 0.18951, 0.195469, 0.201938, 0.255494, 0.255884, 0.317208, 0.458089, 0.523444, 0.535588, 0.930854, 1, 

Generation #3
153,830,0.001, 0.0800371, 0.0897505, 0.0901148, 0.142215, 0.15825, 0.161182, 0.18951, 0.195469, 0.201938, 0.255494, 0.255884, 0.317208, 0.458089, 0.523444, 0.535588, 0.930854, 1, 

159,729,0.001, 0.0566752, 0.0752839, 0.0777061, 0.0863873, 0.182181, 0.199982, 0.212079, 0.243302, 0.251531, 0.327027, 0.376729, 0.38517, 0.450829, 0.477398, 0.482188, 0.500265, 0.606337, 0.609739, 0.635615, 0.677949, 1, 

146,851,0.001, 0.111364, 0.17253, 0.198549, 0.236739, 0.237767, 0.240305, 0.368663, 0.387717, 0.439812, 0.923837, 0.948958, 0.981036, 0.999757, 1, 

156,825,0.001, 0.0800371, 0.0897505, 0.0901148, 0.142215, 0.15825, 0.161182, 0.18951, 0.195469, 0.201938, 0.255494, 0.255884, 0.317208, 0.458089, 0.523444, 0.535588, 0.930854, 1, 

162,711,0.001, 0.0482424, 0.060196, 0.0767149, 0.0967753, 0.101176, 0.129326, 0.133373, 0.170891, 0.276805, 0.489961, 0.49157, 0.38517, 0.450829, 0.477398, 0.482188, 0.500265, 0.606337, 0.609739, 0.635615, 0.677949, 1, 

Generation #4
153,830,0.001, 0.0800371, 0.0897505, 0.0901148, 0.142215, 0.15825, 0.161182, 0.18951, 0.195469, 0.201938, 0.255494, 0.255884, 0.317208, 0.458089, 0.523444, 0.535588, 0.930854, 1, 

146,851,0.001, 0.111364, 0.17253, 0.198549, 0.236739, 0.237767, 0.240305, 0.368663, 0.387717, 0.439812, 0.923837, 0.948958, 0.981036, 0.999757, 1, 

159,692,0.001, 0.017851, 0.0501659, 0.0513067, 0.110065, 0.214633, 0.23319, 0.330446, 0.331697, 0.457496, 0.545702, 0.635084, 0.715985, 0.776274, 0.79, 0.907809, 1, 

156,823,0.001, 0.0566752, 0.0752839, 0.0777061, 0.0863873, 0.182181, 0.199982, 0.212079, 0.243302, 0.251531, 0.327027, 0.376729, 0.38517, 0.450829, 0.477398, 0.907809, 1, 

Generation #5
146,851,0.001, 0.111364, 0.17253, 0.198549, 0.236739, 0.237767, 0.240305, 0.368663, 0.387717, 0.439812, 0.923837, 0.948958, 0.981036, 0.999757, 1, 

159,692,0.001, 0.017851, 0.0501659, 0.0513067, 0.110065, 0.214633, 0.23319, 0.330446, 0.331697, 0.457496, 0.545702, 0.635084, 0.715985, 0.776274, 0.79, 0.907809, 1, 

149,809,0.001, 0.0566752, 0.0752839, 0.0777061, 0.168693, 0.213749, 0.231546, 0.301595, 0.355781, 0.414556, 0.554904, 0.577706, 0.75276, 0.85917, 0.972072, 0.999616, 1, 

161,690,0.001, 0.017851, 0.0501659, 0.0513067, 0.110065, 0.137015, 0.159559, 0.187127, 0.248876, 0.279032, 0.528657, 0.68325, 0.768668, 0.809193, 0.945806, 0.950799, 1, 

157,772,0.001, 0.0800371, 0.0897505, 0.0901148, 0.142215, 0.15825, 0.161182, 0.18951, 0.195469, 0.201938, 0.255494, 0.49157, 0.891988, 1, 

Generation #6
146,851,0.001, 0.111364, 0.17253, 0.198549, 0.236739, 0.237767, 0.240305, 0.368663, 0.387717, 0.439812, 0.923837, 0.948958, 0.981036, 0.999757, 1, 

149,809,0.001, 0.0566752, 0.0752839, 0.0777061, 0.168693, 0.213749, 0.231546, 0.301595, 0.355781, 0.414556, 0.554904, 0.577706, 0.75276, 0.85917, 0.972072, 0.999616, 1, 

153,609,0.001, 0.0363871, 0.0483313, 0.105856, 0.132901, 0.155358, 0.160636, 0.190181, 0.193972, 0.27102, 0.27166, 0.311651, 0.327125, 0.673782, 0.72985, 0.765357, 0.792744, 0.858319, 0.879108, 0.972777, 1, 

Generation #7
146,851,0.001, 0.111364, 0.17253, 0.198549, 0.236739, 0.237767, 0.240305, 0.368663, 0.387717, 0.439812, 0.923837, 0.948958, 0.981036, 0.999757, 1, 

149,809,0.001, 0.0566752, 0.0752839, 0.0777061, 0.168693, 0.213749, 0.231546, 0.301595, 0.355781, 0.414556, 0.554904, 0.577706, 0.75276, 0.85917, 0.972072, 0.999616, 1, 

153,609,0.001, 0.0363871, 0.0483313, 0.105856, 0.132901, 0.155358, 0.160636, 0.190181, 0.193972, 0.27102, 0.27166, 0.311651, 0.327125, 0.673782, 0.72985, 0.765357, 0.792744, 0.858319, 0.879108, 0.972777, 1, 

Generation #8
146,851,0.001, 0.111364, 0.17253, 0.198549, 0.236739, 0.237767, 0.240305, 0.368663, 0.387717, 0.439812, 0.923837, 0.948958, 0.981036, 0.999757, 1, 

149,809,0.001, 0.0566752, 0.0752839, 0.0777061, 0.168693, 0.213749, 0.231546, 0.301595, 0.355781, 0.414556, 0.554904, 0.577706, 0.75276, 0.85917, 0.972072, 0.999616, 1, 

153,589,0.001, 0.017851, 0.0501659, 0.0513067, 0.110065, 0.101176, 0.129326, 0.133373, 0.170891, 0.276805, 0.489961, 0.49157, 0.901945, 1, 

Generation #9
146,851,0.001, 0.111364, 0.17253, 0.198549, 0.236739, 0.237767, 0.240305, 0.368663, 0.387717, 0.439812, 0.923837, 0.948958, 0.981036, 0.999757, 1, 

149,809,0.001, 0.0566752, 0.0752839, 0.0777061, 0.168693, 0.213749, 0.231546, 0.301595, 0.355781, 0.414556, 0.554904, 0.577706, 0.75276, 0.85917, 0.972072, 0.999616, 1, 

153,589,0.001, 0.017851, 0.0501659, 0.0513067, 0.110065, 0.101176, 0.129326, 0.133373, 0.170891, 0.276805, 0.489961, 0.49157, 0.901945, 1, 

Generation #10
153,589,0.001, 0.017851, 0.0501659, 0.0513067, 0.110065, 0.101176, 0.129326, 0.133373, 0.170891, 0.276805, 0.489961, 0.49157, 0.901945, 1, 

146,699,0.001, 0.0566752, 0.0752839, 0.0767149, 0.0967753, 0.101176, 0.129326, 0.133373, 0.170891, 0.276805, 0.489961, 0.834735, 0.901945, 1, 

149,674,0.001, 0.0344967, 0.0799311, 0.0777061, 0.0967753, 0.101176, 0.129326, 0.133373, 0.170891, 0.276805, 0.489961, 0.49157, 0.901945, 1, 

Generation #11
153,589,0.001, 0.017851, 0.0501659, 0.0513067, 0.110065, 0.101176, 0.129326, 0.133373, 0.170891, 0.276805, 0.489961, 0.49157, 0.901945, 1, 

146,699,0.001, 0.0566752, 0.0752839, 0.0767149, 0.0967753, 0.101176, 0.129326, 0.133373, 0.170891, 0.276805, 0.489961, 0.834735, 0.901945, 1, 

149,674,0.001, 0.0344967, 0.0799311, 0.0777061, 0.0967753, 0.101176, 0.129326, 0.133373, 0.170891, 0.276805, 0.489961, 0.49157, 0.901945, 1, 

Generation #12
153,589,0.001, 0.017851, 0.0501659, 0.0513067, 0.110065, 0.101176, 0.129326, 0.133373, 0.170891, 0.276805, 0.489961, 0.49157, 0.901945, 1, 

146,699,0.001, 0.0566752, 0.0752839, 0.0767149, 0.0967753, 0.101176, 0.129326, 0.133373, 0.170891, 0.276805, 0.489961, 0.834735, 0.901945, 1, 

149,674,0.001, 0.0344967, 0.0799311, 0.0777061, 0.0967753, 0.101176, 0.129326, 0.133373, 0.170891, 0.276805, 0.489961, 0.49157, 0.901945, 1, 

152,660,0.0482424, 0.060196, 0.0767149, 0.0967753, 0.0863873, 0.182181, 0.199982, 0.212079, 0.276805, 0.489961, 0.49157, 0.901945, 1, 

Generation #13
153,589,0.001, 0.017851, 0.0501659, 0.0513067, 0.110065, 0.101176, 0.129326, 0.133373, 0.170891, 0.276805, 0.489961, 0.49157, 0.901945, 1, 

146,699,0.001, 0.0566752, 0.0752839, 0.0767149, 0.0967753, 0.101176, 0.129326, 0.133373, 0.170891, 0.276805, 0.489961, 0.834735, 0.901945, 1, 

149,674,0.001, 0.0344967, 0.0799311, 0.0777061, 0.0967753, 0.101176, 0.129326, 0.133373, 0.170891, 0.276805, 0.489961, 0.49157, 0.901945, 1, 

152,625,0.001, 0.0482424, 0.060196, 0.0767149, 0.0967753, 0.101176, 0.129326, 0.133373, 0.2406, 0.276805, 0.489961, 0.49157, 0.901945, 1, 

151,652,0.001, 0.0566752, 0.0752839, 0.0967753, 0.0863873, 0.182181, 0.199982, 0.212079, 0.243302, 0.201938, 0.489961, 0.49157, 0.901945, 1, 

Generation #14
153,589,0.001, 0.017851, 0.0501659, 0.0513067, 0.110065, 0.101176, 0.129326, 0.133373, 0.170891, 0.276805, 0.489961, 0.49157, 0.901945, 1, 

146,699,0.001, 0.0566752, 0.0752839, 0.0767149, 0.0967753, 0.101176, 0.129326, 0.133373, 0.170891, 0.276805, 0.489961, 0.834735, 0.901945, 1, 

149,674,0.001, 0.0344967, 0.0799311, 0.0777061, 0.0967753, 0.101176, 0.129326, 0.133373, 0.170891, 0.276805, 0.489961, 0.49157, 0.901945, 1, 

152,625,0.001, 0.0482424, 0.060196, 0.0767149, 0.0967753, 0.101176, 0.129326, 0.133373, 0.2406, 0.276805, 0.489961, 0.49157, 0.901945, 1, 

151,652,0.001, 0.0566752, 0.0752839, 0.0967753, 0.0863873, 0.182181, 0.199982, 0.212079, 0.243302, 0.201938, 0.489961, 0.49157, 0.901945, 1, 

Generation #15
153,589,0.001, 0.017851, 0.0501659, 0.0513067, 0.110065, 0.101176, 0.129326, 0.133373, 0.170891, 0.276805, 0.489961, 0.49157, 0.901945, 1, 

146,699,0.001, 0.0566752, 0.0752839, 0.0767149, 0.0967753, 0.101176, 0.129326, 0.133373, 0.170891, 0.276805, 0.489961, 0.834735, 0.901945, 1, 

152,625,0.001, 0.0482424, 0.060196, 0.0767149, 0.0967753, 0.101176, 0.129326, 0.133373, 0.2406, 0.276805, 0.489961, 0.49157, 0.901945, 1, 

151,652,0.001, 0.0566752, 0.0752839, 0.0967753, 0.0863873, 0.182181, 0.199982, 0.212079, 0.243302, 0.201938, 0.489961, 0.49157, 0.901945, 1, 

149,659,0.001, 0.0482424, 0.060196, 0.0767149, 0.0967753, 0.101176, 0.129326, 0.133373, 0.170891, 0.276805, 0.534499, 0.376729, 0.38517, 0.85917, 0.806378, 0.972072, 0.999616, 1, 

157,566,0.001, 0.0344967, 0.0799311, 0.0777061, 0.0967753, 0.101176, 0.133373, 0.195469, 0.414556, 0.554904, 0.49157, 0.901945, 1, 

Generation #16
153,589,0.001, 0.017851, 0.0501659, 0.0513067, 0.110065, 0.101176, 0.129326, 0.133373, 0.170891, 0.276805, 0.489961, 0.49157, 0.901945, 1, 

146,699,0.001, 0.0566752, 0.0752839, 0.0767149, 0.0967753, 0.101176, 0.129326, 0.133373, 0.170891, 0.276805, 0.489961, 0.834735, 0.901945, 1, 

152,625,0.001, 0.0482424, 0.060196, 0.0767149, 0.0967753, 0.101176, 0.129326, 0.133373, 0.2406, 0.276805, 0.489961, 0.49157, 0.901945, 1, 

151,652,0.001, 0.0566752, 0.0752839, 0.0967753, 0.0863873, 0.182181, 0.199982, 0.212079, 0.243302, 0.201938, 0.489961, 0.49157, 0.901945, 1, 

149,659,0.001, 0.0482424, 0.060196, 0.0767149, 0.0967753, 0.101176, 0.129326, 0.133373, 0.170891, 0.276805, 0.534499, 0.376729, 0.38517, 0.85917, 0.806378, 0.972072, 0.999616, 1, 

157,566,0.001, 0.0344967, 0.0799311, 0.0777061, 0.0967753, 0.101176, 0.133373, 0.195469, 0.414556, 0.554904, 0.49157, 0.901945, 1, 

Generation #17
153,589,0.001, 0.017851, 0.0501659, 0.0513067, 0.110065, 0.101176, 0.129326, 0.133373, 0.170891, 0.276805, 0.489961, 0.49157, 0.901945, 1, 

146,699,0.001, 0.0566752, 0.0752839, 0.0767149, 0.0967753, 0.101176, 0.129326, 0.133373, 0.170891, 0.276805, 0.489961, 0.834735, 0.901945, 1, 

152,625,0.001, 0.0482424, 0.060196, 0.0767149, 0.0967753, 0.101176, 0.129326, 0.133373, 0.2406, 0.276805, 0.489961, 0.49157, 0.901945, 1, 

151,652,0.001, 0.0566752, 0.0752839, 0.0967753, 0.0863873, 0.182181, 0.199982, 0.212079, 0.243302, 0.201938, 0.489961, 0.49157, 0.901945, 1, 

149,659,0.001, 0.0482424, 0.060196, 0.0767149, 0.0967753, 0.101176, 0.129326, 0.133373, 0.170891, 0.276805, 0.534499, 0.376729, 0.38517, 0.85917, 0.806378, 0.972072, 0.999616, 1, 

157,566,0.001, 0.0344967, 0.0799311, 0.0777061, 0.0967753, 0.101176, 0.133373, 0.195469, 0.414556, 0.554904, 0.49157, 0.901945, 1, 

Generation #18
153,589,0.001, 0.017851, 0.0501659, 0.0513067, 0.110065, 0.101176, 0.129326, 0.133373, 0.170891, 0.276805, 0.489961, 0.49157, 0.901945, 1, 

146,699,0.001, 0.0566752, 0.0752839, 0.0767149, 0.0967753, 0.101176, 0.129326, 0.133373, 0.170891, 0.276805, 0.489961, 0.834735, 0.901945, 1, 

152,625,0.001, 0.0482424, 0.060196, 0.0767149, 0.0967753, 0.101176, 0.129326, 0.133373, 0.2406, 0.276805, 0.489961, 0.49157, 0.901945, 1, 

151,652,0.001, 0.0566752, 0.0752839, 0.0967753, 0.0863873, 0.182181, 0.199982, 0.212079, 0.243302, 0.201938, 0.489961, 0.49157, 0.901945, 1, 

149,659,0.001, 0.0482424, 0.060196, 0.0767149, 0.0967753, 0.101176, 0.129326, 0.133373, 0.170891, 0.276805, 0.534499, 0.376729, 0.38517, 0.85917, 0.806378, 0.972072, 0.999616, 1, 

157,566,0.001, 0.0344967, 0.0799311, 0.0777061, 0.0967753, 0.101176, 0.133373, 0.195469, 0.414556, 0.554904, 0.49157, 0.901945, 1, 

Generation #19
153,589,0.001, 0.017851, 0.0501659, 0.0513067, 0.110065, 0.101176, 0.129326, 0.133373, 0.170891, 0.276805, 0.489961, 0.49157, 0.901945, 1, 

146,699,0.001, 0.0566752, 0.0752839, 0.0767149, 0.0967753, 0.101176, 0.129326, 0.133373, 0.170891, 0.276805, 0.489961, 0.834735, 0.901945, 1, 

152,625,0.001, 0.0482424, 0.060196, 0.0767149, 0.0967753, 0.101176, 0.129326, 0.133373, 0.2406, 0.276805, 0.489961, 0.49157, 0.901945, 1, 

151,652,0.001, 0.0566752, 0.0752839, 0.0967753, 0.0863873, 0.182181, 0.199982, 0.212079, 0.243302, 0.201938, 0.489961, 0.49157, 0.901945, 1, 

149,659,0.001, 0.0482424, 0.060196, 0.0767149, 0.0967753, 0.101176, 0.129326, 0.133373, 0.170891, 0.276805, 0.534499, 0.376729, 0.38517, 0.85917, 0.806378, 0.972072, 0.999616, 1, 

157,566,0.001, 0.0344967, 0.0799311, 0.0777061, 0.0967753, 0.101176, 0.133373, 0.195469, 0.414556, 0.554904, 0.49157, 0.901945, 1, 

Generation #20
153,589,0.001, 0.017851, 0.0501659, 0.0513067, 0.110065, 0.101176, 0.129326, 0.133373, 0.170891, 0.276805, 0.489961, 0.49157, 0.901945, 1, 

146,699,0.001, 0.0566752, 0.0752839, 0.0767149, 0.0967753, 0.101176, 0.129326, 0.133373, 0.170891, 0.276805, 0.489961, 0.834735, 0.901945, 1, 

152,625,0.001, 0.0482424, 0.060196, 0.0767149, 0.0967753, 0.101176, 0.129326, 0.133373, 0.2406, 0.276805, 0.489961, 0.49157, 0.901945, 1, 

151,652,0.001, 0.0566752, 0.0752839, 0.0967753, 0.0863873, 0.182181, 0.199982, 0.212079, 0.243302, 0.201938, 0.489961, 0.49157, 0.901945, 1, 

149,659,0.001, 0.0482424, 0.060196, 0.0767149, 0.0967753, 0.101176, 0.129326, 0.133373, 0.170891, 0.276805, 0.534499, 0.376729, 0.38517, 0.85917, 0.806378, 0.972072, 0.999616, 1, 

156,552,0.017851, 0.0501659, 0.0513067, 0.0777061, 0.0967753, 0.101176, 0.129326, 0.170891, 0.170891, 0.276805, 0.255494, 0.255884, 0.176149, 0.458089, 0.523444, 0.535588, 0.930854, 1, 

Generation #21
153,589,0.001, 0.017851, 0.0501659, 0.0513067, 0.110065, 0.101176, 0.129326, 0.133373, 0.170891, 0.276805, 0.489961, 0.49157, 0.901945, 1, 

146,699,0.001, 0.0566752, 0.0752839, 0.0767149, 0.0967753, 0.101176, 0.129326, 0.133373, 0.170891, 0.276805, 0.489961, 0.834735, 0.901945, 1, 

152,625,0.001, 0.0482424, 0.060196, 0.0767149, 0.0967753, 0.101176, 0.129326, 0.133373, 0.2406, 0.276805, 0.489961, 0.49157, 0.901945, 1, 

149,659,0.001, 0.0482424, 0.060196, 0.0767149, 0.0967753, 0.101176, 0.129326, 0.133373, 0.170891, 0.276805, 0.534499, 0.376729, 0.38517, 0.85917, 0.806378, 0.972072, 0.999616, 1, 

156,552,0.017851, 0.0501659, 0.0513067, 0.0777061, 0.0967753, 0.101176, 0.129326, 0.170891, 0.170891, 0.276805, 0.255494, 0.255884, 0.176149, 0.458089, 0.523444, 0.535588, 0.930854, 1, 

151,644,0.001, 0.017851, 0.0501659, 0.0513067, 0.0967753, 0.101176, 0.129326, 0.133373, 0.170891, 0.276805, 0.489961, 0.49157, 0.901945, 1, 

Generation #22
153,589,0.001, 0.017851, 0.0501659, 0.0513067, 0.110065, 0.101176, 0.129326, 0.133373, 0.170891, 0.276805, 0.489961, 0.49157, 0.901945, 1, 

146,699,0.001, 0.0566752, 0.0752839, 0.0767149, 0.0967753, 0.101176, 0.129326, 0.133373, 0.170891, 0.276805, 0.489961, 0.834735, 0.901945, 1, 

152,625,0.001, 0.0482424, 0.060196, 0.0767149, 0.0967753, 0.101176, 0.129326, 0.133373, 0.2406, 0.276805, 0.489961, 0.49157, 0.901945, 1, 

149,659,0.001, 0.0482424, 0.060196, 0.0767149, 0.0967753, 0.101176, 0.129326, 0.133373, 0.170891, 0.276805, 0.534499, 0.376729, 0.38517, 0.85917, 0.806378, 0.972072, 0.999616, 1, 

156,552,0.017851, 0.0501659, 0.0513067, 0.0777061, 0.0967753, 0.101176, 0.129326, 0.170891, 0.170891, 0.276805, 0.255494, 0.255884, 0.176149, 0.458089, 0.523444, 0.535588, 0.930854, 1, 

151,644,0.001, 0.017851, 0.0501659, 0.0513067, 0.0967753, 0.101176, 0.129326, 0.133373, 0.170891, 0.276805, 0.489961, 0.49157, 0.901945, 1, 

Generation #23
153,589,0.001, 0.017851, 0.0501659, 0.0513067, 0.110065, 0.101176, 0.129326, 0.133373, 0.170891, 0.276805, 0.489961, 0.49157, 0.901945, 1, 

152,625,0.001, 0.0482424, 0.060196, 0.0767149, 0.0967753, 0.101176, 0.129326, 0.133373, 0.2406, 0.276805, 0.489961, 0.49157, 0.901945, 1, 

156,552,0.017851, 0.0501659, 0.0513067, 0.0777061, 0.0967753, 0.101176, 0.129326, 0.170891, 0.170891, 0.276805, 0.255494, 0.255884, 0.176149, 0.458089, 0.523444, 0.535588, 0.930854, 1, 

146,637,0.001, 0.0344967, 0.0799311, 0.0967753, 0.0863873, 0.182181, 0.199982, 0.212079, 0.243302, 0.201938, 0.255494, 0.255884, 0.317208, 1, 

Generation #24
153,589,0.001, 0.017851, 0.0501659, 0.0513067, 0.110065, 0.101176, 0.129326, 0.133373, 0.170891, 0.276805, 0.489961, 0.49157, 0.901945, 1, 

152,625,0.001, 0.0482424, 0.060196, 0.0767149, 0.0967753, 0.101176, 0.129326, 0.133373, 0.2406, 0.276805, 0.489961, 0.49157, 0.901945, 1, 

156,552,0.017851, 0.0501659, 0.0513067, 0.0777061, 0.0967753, 0.101176, 0.129326, 0.170891, 0.170891, 0.276805, 0.255494, 0.255884, 0.176149, 0.458089, 0.523444, 0.535588, 0.930854, 1, 

146,637,0.001, 0.0344967, 0.0799311, 0.0967753, 0.0863873, 0.182181, 0.199982, 0.212079, 0.243302, 0.201938, 0.255494, 0.255884, 0.317208, 1, 

143,723,0.0452189, 0.0344967, 0.0799311, 0.0777061, 0.0967753, 0.101176, 0.161182, 0.18951, 0.195469, 0.201938, 0.489961, 0.49157, 0.901945, 1, 

Generation #25
153,589,0.001, 0.017851, 0.0501659, 0.0513067, 0.110065, 0.101176, 0.129326, 0.133373, 0.170891, 0.276805, 0.489961, 0.49157, 0.901945, 1, 

152,625,0.001, 0.0482424, 0.060196, 0.0767149, 0.0967753, 0.101176, 0.129326, 0.133373, 0.2406, 0.276805, 0.489961, 0.49157, 0.901945, 1, 

156,552,0.017851, 0.0501659, 0.0513067, 0.0777061, 0.0967753, 0.101176, 0.129326, 0.170891, 0.170891, 0.276805, 0.255494, 0.255884, 0.176149, 0.458089, 0.523444, 0.535588, 0.930854, 1, 

146,637,0.001, 0.0344967, 0.0799311, 0.0967753, 0.0863873, 0.182181, 0.199982, 0.212079, 0.243302, 0.201938, 0.255494, 0.255884, 0.317208, 1, 

143,723,0.0452189, 0.0344967, 0.0799311, 0.0777061, 0.0967753, 0.101176, 0.161182, 0.18951, 0.195469, 0.201938, 0.489961, 0.49157, 0.901945, 1, 

Generation #26
153,589,0.001, 0.017851, 0.0501659, 0.0513067, 0.110065, 0.101176, 0.129326, 0.133373, 0.170891, 0.276805, 0.489961, 0.49157, 0.901945, 1, 

156,552,0.017851, 0.0501659, 0.0513067, 0.0777061, 0.0967753, 0.101176, 0.129326, 0.170891, 0.170891, 0.276805, 0.255494, 0.255884, 0.176149, 0.458089, 0.523444, 0.535588, 0.930854, 1, 

146,637,0.001, 0.0344967, 0.0799311, 0.0967753, 0.0863873, 0.182181, 0.199982, 0.212079, 0.243302, 0.201938, 0.255494, 0.255884, 0.317208, 1, 

143,723,0.0452189, 0.0344967, 0.0799311, 0.0777061, 0.0967753, 0.101176, 0.161182, 0.18951, 0.195469, 0.201938, 0.489961, 0.49157, 0.901945, 1, 

151,625,0.001, 0.017851, 0.0501659, 0.0513067, 0.110065, 0.101176, 0.129326, 0.133373, 0.170891, 0.276805, 0.489961, 0.49157, 1, 

Generation #27
153,589,0.001, 0.017851, 0.0501659, 0.0513067, 0.110065, 0.101176, 0.129326, 0.133373, 0.170891, 0.276805, 0.489961, 0.49157, 0.901945, 1, 

156,552,0.017851, 0.0501659, 0.0513067, 0.0777061, 0.0967753, 0.101176, 0.129326, 0.170891, 0.170891, 0.276805, 0.255494, 0.255884, 0.176149, 0.458089, 0.523444, 0.535588, 0.930854, 1, 

146,637,0.001, 0.0344967, 0.0799311, 0.0967753, 0.0863873, 0.182181, 0.199982, 0.212079, 0.243302, 0.201938, 0.255494, 0.255884, 0.317208, 1, 

143,723,0.0452189, 0.0344967, 0.0799311, 0.0777061, 0.0967753, 0.101176, 0.161182, 0.18951, 0.195469, 0.201938, 0.489961, 0.49157, 0.901945, 1, 

151,625,0.001, 0.017851, 0.0501659, 0.0513067, 0.110065, 0.101176, 0.129326, 0.133373, 0.170891, 0.276805, 0.489961, 0.49157, 1, 

Generation #28
153,589,0.001, 0.017851, 0.0501659, 0.0513067, 0.110065, 0.101176, 0.129326, 0.133373, 0.170891, 0.276805, 0.489961, 0.49157, 0.901945, 1, 

156,552,0.017851, 0.0501659, 0.0513067, 0.0777061, 0.0967753, 0.101176, 0.129326, 0.170891, 0.170891, 0.276805, 0.255494, 0.255884, 0.176149, 0.458089, 0.523444, 0.535588, 0.930854, 1, 

146,637,0.001, 0.0344967, 0.0799311, 0.0967753, 0.0863873, 0.182181, 0.199982, 0.212079, 0.243302, 0.201938, 0.255494, 0.255884, 0.317208, 1, 

143,723,0.0452189, 0.0344967, 0.0799311, 0.0777061, 0.0967753, 0.101176, 0.161182, 0.18951, 0.195469, 0.201938, 0.489961, 0.49157, 0.901945, 1, 

151,625,0.001, 0.017851, 0.0501659, 0.0513067, 0.110065, 0.101176, 0.129326, 0.133373, 0.170891, 0.276805, 0.489961, 0.49157, 1, 

Generation #29
153,589,0.001, 0.017851, 0.0501659, 0.0513067, 0.110065, 0.101176, 0.129326, 0.133373, 0.170891, 0.276805, 0.489961, 0.49157, 0.901945, 1, 

156,552,0.017851, 0.0501659, 0.0513067, 0.0777061, 0.0967753, 0.101176, 0.129326, 0.170891, 0.170891, 0.276805, 0.255494, 0.255884, 0.176149, 0.458089, 0.523444, 0.535588, 0.930854, 1, 

146,637,0.001, 0.0344967, 0.0799311, 0.0967753, 0.0863873, 0.182181, 0.199982, 0.212079, 0.243302, 0.201938, 0.255494, 0.255884, 0.317208, 1, 

143,723,0.0452189, 0.0344967, 0.0799311, 0.0777061, 0.0967753, 0.101176, 0.161182, 0.18951, 0.195469, 0.201938, 0.489961, 0.49157, 0.901945, 1, 

151,625,0.001, 0.017851, 0.0501659, 0.0513067, 0.110065, 0.101176, 0.129326, 0.133373, 0.170891, 0.276805, 0.489961, 0.49157, 1, 

150,626,0.001, 0.0482424, 0.060196, 0.0767149, 0.0967753, 0.101176, 0.129326, 0.133373, 0.170891, 0.276805, 0.255494, 0.255884, 0.317208, 0.458089, 0.999036, 0.523444, 0.535588, 0.930854, 1, 

Generation #30
153,589,0.001, 0.017851, 0.0501659, 0.0513067, 0.110065, 0.101176, 0.129326, 0.133373, 0.170891, 0.276805, 0.489961, 0.49157, 0.901945, 1, 

156,552,0.017851, 0.0501659, 0.0513067, 0.0777061, 0.0967753, 0.101176, 0.129326, 0.170891, 0.170891, 0.276805, 0.255494, 0.255884, 0.176149, 0.458089, 0.523444, 0.535588, 0.930854, 1, 

146,637,0.001, 0.0344967, 0.0799311, 0.0967753, 0.0863873, 0.182181, 0.199982, 0.212079, 0.243302, 0.201938, 0.255494, 0.255884, 0.317208, 1, 

143,723,0.0452189, 0.0344967, 0.0799311, 0.0777061, 0.0967753, 0.101176, 0.161182, 0.18951, 0.195469, 0.201938, 0.489961, 0.49157, 0.901945, 1, 

151,625,0.001, 0.017851, 0.0501659, 0.0513067, 0.110065, 0.101176, 0.129326, 0.133373, 0.170891, 0.276805, 0.489961, 0.49157, 1, 

150,626,0.001, 0.0482424, 0.060196, 0.0767149, 0.0967753, 0.101176, 0.129326, 0.133373, 0.170891, 0.276805, 0.255494, 0.255884, 0.317208, 0.458089, 0.999036, 0.523444, 0.535588, 0.930854, 1, 

Generation #31
153,589,0.001, 0.017851, 0.0501659, 0.0513067, 0.110065, 0.101176, 0.129326, 0.133373, 0.170891, 0.276805, 0.489961, 0.49157, 0.901945, 1, 

156,552,0.017851, 0.0501659, 0.0513067, 0.0777061, 0.0967753, 0.101176, 0.129326, 0.170891, 0.170891, 0.276805, 0.255494, 0.255884, 0.176149, 0.458089, 0.523444, 0.535588, 0.930854, 1, 

146,637,0.001, 0.0344967, 0.0799311, 0.0967753, 0.0863873, 0.182181, 0.199982, 0.212079, 0.243302, 0.201938, 0.255494, 0.255884, 0.317208, 1, 

143,723,0.0452189, 0.0344967, 0.0799311, 0.0777061, 0.0967753, 0.101176, 0.161182, 0.18951, 0.195469, 0.201938, 0.489961, 0.49157, 0.901945, 1, 

151,625,0.001, 0.017851, 0.0501659, 0.0513067, 0.110065, 0.101176, 0.129326, 0.133373, 0.170891, 0.276805, 0.489961, 0.49157, 1, 

150,626,0.001, 0.0482424, 0.060196, 0.0767149, 0.0967753, 0.101176, 0.129326, 0.133373, 0.170891, 0.276805, 0.255494, 0.255884, 0.317208, 0.458089, 0.999036, 0.523444, 0.535588, 0.930854, 1, 

Generation #32
153,589,0.001, 0.017851, 0.0501659, 0.0513067, 0.110065, 0.101176, 0.129326, 0.133373, 0.170891, 0.276805, 0.489961, 0.49157, 0.901945, 1, 

156,552,0.017851, 0.0501659, 0.0513067, 0.0777061, 0.0967753, 0.101176, 0.129326, 0.170891, 0.170891, 0.276805, 0.255494, 0.255884, 0.176149, 0.458089, 0.523444, 0.535588, 0.930854, 1, 

146,637,0.001, 0.0344967, 0.0799311, 0.0967753, 0.0863873, 0.182181, 0.199982, 0.212079, 0.243302, 0.201938, 0.255494, 0.255884, 0.317208, 1, 

143,723,0.0452189, 0.0344967, 0.0799311, 0.0777061, 0.0967753, 0.101176, 0.161182, 0.18951, 0.195469, 0.201938, 0.489961, 0.49157, 0.901945, 1, 

151,625,0.001, 0.017851, 0.0501659, 0.0513067, 0.110065, 0.101176, 0.129326, 0.133373, 0.170891, 0.276805, 0.489961, 0.49157, 1, 

150,626,0.001, 0.0482424, 0.060196, 0.0767149, 0.0967753, 0.101176, 0.129326, 0.133373, 0.170891, 0.276805, 0.255494, 0.255884, 0.317208, 0.458089, 0.999036, 0.523444, 0.535588, 0.930854, 1, 

145,680,0.001, 0.0482424, 0.060196, 0.0767149, 0.0863873, 0.101176, 0.129326, 0.170891, 0.170891, 0.276805, 0.489961, 0.49157, 0.901945, 1, 

Generation #33
153,589,0.001, 0.017851, 0.0501659, 0.0513067, 0.110065, 0.101176, 0.129326, 0.133373, 0.170891, 0.276805, 0.489961, 0.49157, 0.901945, 1, 

156,552,0.017851, 0.0501659, 0.0513067, 0.0777061, 0.0967753, 0.101176, 0.129326, 0.170891, 0.170891, 0.276805, 0.255494, 0.255884, 0.176149, 0.458089, 0.523444, 0.535588, 0.930854, 1, 

146,637,0.001, 0.0344967, 0.0799311, 0.0967753, 0.0863873, 0.182181, 0.199982, 0.212079, 0.243302, 0.201938, 0.255494, 0.255884, 0.317208, 1, 

143,723,0.0452189, 0.0344967, 0.0799311, 0.0777061, 0.0967753, 0.101176, 0.161182, 0.18951, 0.195469, 0.201938, 0.489961, 0.49157, 0.901945, 1, 

151,625,0.001, 0.017851, 0.0501659, 0.0513067, 0.110065, 0.101176, 0.129326, 0.133373, 0.170891, 0.276805, 0.489961, 0.49157, 1, 

150,626,0.001, 0.0482424, 0.060196, 0.0767149, 0.0967753, 0.101176, 0.129326, 0.133373, 0.170891, 0.276805, 0.255494, 0.255884, 0.317208, 0.458089, 0.999036, 0.523444, 0.535588, 0.930854, 1, 

145,680,0.001, 0.0482424, 0.060196, 0.0767149, 0.0863873, 0.101176, 0.129326, 0.170891, 0.170891, 0.276805, 0.489961, 0.49157, 0.901945, 1, 

141,796,0.001, 0.0566752, 0.0752839, 0.0777061, 0.0967753, 0.101176, 0.129326, 0.133373, 0.276805, 0.49157, 0.450829, 1, 

Generation #34
153,589,0.001, 0.017851, 0.0501659, 0.0513067, 0.110065, 0.101176, 0.129326, 0.133373, 0.170891, 0.276805, 0.489961, 0.49157, 0.901945, 1, 

156,552,0.017851, 0.0501659, 0.0513067, 0.0777061, 0.0967753, 0.101176, 0.129326, 0.170891, 0.170891, 0.276805, 0.255494, 0.255884, 0.176149, 0.458089, 0.523444, 0.535588, 0.930854, 1, 

146,637,0.001, 0.0344967, 0.0799311, 0.0967753, 0.0863873, 0.182181, 0.199982, 0.212079, 0.243302, 0.201938, 0.255494, 0.255884, 0.317208, 1, 

143,723,0.0452189, 0.0344967, 0.0799311, 0.0777061, 0.0967753, 0.101176, 0.161182, 0.18951, 0.195469, 0.201938, 0.489961, 0.49157, 0.901945, 1, 

151,625,0.001, 0.017851, 0.0501659, 0.0513067, 0.110065, 0.101176, 0.129326, 0.133373, 0.170891, 0.276805, 0.489961, 0.49157, 1, 

150,626,0.001, 0.0482424, 0.060196, 0.0767149, 0.0967753, 0.101176, 0.129326, 0.133373, 0.170891, 0.276805, 0.255494, 0.255884, 0.317208, 0.458089, 0.999036, 0.523444, 0.535588, 0.930854, 1, 

145,680,0.001, 0.0482424, 0.060196, 0.0767149, 0.0863873, 0.101176, 0.129326, 0.170891, 0.170891, 0.276805, 0.489961, 0.49157, 0.901945, 1, 

141,796,0.001, 0.0566752, 0.0752839, 0.0777061, 0.0967753, 0.101176, 0.129326, 0.133373, 0.276805, 0.49157, 0.450829, 1, 

Generation #35
153,589,0.001, 0.017851, 0.0501659, 0.0513067, 0.110065, 0.101176, 0.129326, 0.133373, 0.170891, 0.276805, 0.489961, 0.49157, 0.901945, 1, 

156,552,0.017851, 0.0501659, 0.0513067, 0.0777061, 0.0967753, 0.101176, 0.129326, 0.170891, 0.170891, 0.276805, 0.255494, 0.255884, 0.176149, 0.458089, 0.523444, 0.535588, 0.930854, 1, 

146,637,0.001, 0.0344967, 0.0799311, 0.0967753, 0.0863873, 0.182181, 0.199982, 0.212079, 0.243302, 0.201938, 0.255494, 0.255884, 0.317208, 1, 

143,723,0.0452189, 0.0344967, 0.0799311, 0.0777061, 0.0967753, 0.101176, 0.161182, 0.18951, 0.195469, 0.201938, 0.489961, 0.49157, 0.901945, 1, 

151,625,0.001, 0.017851, 0.0501659, 0.0513067, 0.110065, 0.101176, 0.129326, 0.133373, 0.170891, 0.276805, 0.489961, 0.49157, 1, 

150,626,0.001, 0.0482424, 0.060196, 0.0767149, 0.0967753, 0.101176, 0.129326, 0.133373, 0.170891, 0.276805, 0.255494, 0.255884, 0.317208, 0.458089, 0.999036, 0.523444, 0.535588, 0.930854, 1, 

145,680,0.001, 0.0482424, 0.060196, 0.0767149, 0.0863873, 0.101176, 0.129326, 0.170891, 0.170891, 0.276805, 0.489961, 0.49157, 0.901945, 1, 

141,796,0.001, 0.0566752, 0.0752839, 0.0777061, 0.0967753, 0.101176, 0.129326, 0.133373, 0.276805, 0.49157, 0.450829, 1, 

Generation #36
153,589,0.001, 0.017851, 0.0501659, 0.0513067, 0.110065, 0.101176, 0.129326, 0.133373, 0.170891, 0.276805, 0.489961, 0.49157, 0.901945, 1, 

156,552,0.017851, 0.0501659, 0.0513067, 0.0777061, 0.0967753, 0.101176, 0.129326, 0.170891, 0.170891, 0.276805, 0.255494, 0.255884, 0.176149, 0.458089, 0.523444, 0.535588, 0.930854, 1, 

146,637,0.001, 0.0344967, 0.0799311, 0.0967753, 0.0863873, 0.182181, 0.199982, 0.212079, 0.243302, 0.201938, 0.255494, 0.255884, 0.317208, 1, 

143,723,0.0452189, 0.0344967, 0.0799311, 0.0777061, 0.0967753, 0.101176, 0.161182, 0.18951, 0.195469, 0.201938, 0.489961, 0.49157, 0.901945, 1, 

151,625,0.001, 0.017851, 0.0501659, 0.0513067, 0.110065, 0.101176, 0.129326, 0.133373, 0.170891, 0.276805, 0.489961, 0.49157, 1, 

150,626,0.001, 0.0482424, 0.060196, 0.0767149, 0.0967753, 0.101176, 0.129326, 0.133373, 0.170891, 0.276805, 0.255494, 0.255884, 0.317208, 0.458089, 0.999036, 0.523444, 0.535588, 0.930854, 1, 

145,680,0.001, 0.0482424, 0.060196, 0.0767149, 0.0863873, 0.101176, 0.129326, 0.170891, 0.170891, 0.276805, 0.489961, 0.49157, 0.901945, 1, 

141,796,0.001, 0.0566752, 0.0752839, 0.0777061, 0.0967753, 0.101176, 0.129326, 0.133373, 0.276805, 0.49157, 0.450829, 1, 

Generation #37
153,589,0.001, 0.017851, 0.0501659, 0.0513067, 0.110065, 0.101176, 0.129326, 0.133373, 0.170891, 0.276805, 0.489961, 0.49157, 0.901945, 1, 

156,552,0.017851, 0.0501659, 0.0513067, 0.0777061, 0.0967753, 0.101176, 0.129326, 0.170891, 0.170891, 0.276805, 0.255494, 0.255884, 0.176149, 0.458089, 0.523444, 0.535588, 0.930854, 1, 

146,637,0.001, 0.0344967, 0.0799311, 0.0967753, 0.0863873, 0.182181, 0.199982, 0.212079, 0.243302, 0.201938, 0.255494, 0.255884, 0.317208, 1, 

143,723,0.0452189, 0.0344967, 0.0799311, 0.0777061, 0.0967753, 0.101176, 0.161182, 0.18951, 0.195469, 0.201938, 0.489961, 0.49157, 0.901945, 1, 

151,625,0.001, 0.017851, 0.0501659, 0.0513067, 0.110065, 0.101176, 0.129326, 0.133373, 0.170891, 0.276805, 0.489961, 0.49157, 1, 

150,626,0.001, 0.0482424, 0.060196, 0.0767149, 0.0967753, 0.101176, 0.129326, 0.133373, 0.170891, 0.276805, 0.255494, 0.255884, 0.317208, 0.458089, 0.999036, 0.523444, 0.535588, 0.930854, 1, 

145,680,0.001, 0.0482424, 0.060196, 0.0767149, 0.0863873, 0.101176, 0.129326, 0.170891, 0.170891, 0.276805, 0.489961, 0.49157, 0.901945, 1, 

141,796,0.001, 0.0566752, 0.0752839, 0.0777061, 0.0967753, 0.101176, 0.129326, 0.133373, 0.276805, 0.49157, 0.450829, 1, 

Generation #38
153,589,0.001, 0.017851, 0.0501659, 0.0513067, 0.110065, 0.101176, 0.129326, 0.133373, 0.170891, 0.276805, 0.489961, 0.49157, 0.901945, 1, 

156,552,0.017851, 0.0501659, 0.0513067, 0.0777061, 0.0967753, 0.101176, 0.129326, 0.170891, 0.170891, 0.276805, 0.255494, 0.255884, 0.176149, 0.458089, 0.523444, 0.535588, 0.930854, 1, 

146,637,0.001, 0.0344967, 0.0799311, 0.0967753, 0.0863873, 0.182181, 0.199982, 0.212079, 0.243302, 0.201938, 0.255494, 0.255884, 0.317208, 1, 

143,723,0.0452189, 0.0344967, 0.0799311, 0.0777061, 0.0967753, 0.101176, 0.161182, 0.18951, 0.195469, 0.201938, 0.489961, 0.49157, 0.901945, 1, 

151,625,0.001, 0.017851, 0.0501659, 0.0513067, 0.110065, 0.101176, 0.129326, 0.133373, 0.170891, 0.276805, 0.489961, 0.49157, 1, 

150,626,0.001, 0.0482424, 0.060196, 0.0767149, 0.0967753, 0.101176, 0.129326, 0.133373, 0.170891, 0.276805, 0.255494, 0.255884, 0.317208, 0.458089, 0.999036, 0.523444, 0.535588, 0.930854, 1, 

145,680,0.001, 0.0482424, 0.060196, 0.0767149, 0.0863873, 0.101176, 0.129326, 0.170891, 0.170891, 0.276805, 0.489961, 0.49157, 0.901945, 1, 

141,796,0.001, 0.0566752, 0.0752839, 0.0777061, 0.0967753, 0.101176, 0.129326, 0.133373, 0.276805, 0.49157, 0.450829, 1, 

Generation #39
153,589,0.001, 0.017851, 0.0501659, 0.0513067, 0.110065, 0.101176, 0.129326, 0.133373, 0.170891, 0.276805, 0.489961, 0.49157, 0.901945, 1, 

156,552,0.017851, 0.0501659, 0.0513067, 0.0777061, 0.0967753, 0.101176, 0.129326, 0.170891, 0.170891, 0.276805, 0.255494, 0.255884, 0.176149, 0.458089, 0.523444, 0.535588, 0.930854, 1, 

146,637,0.001, 0.0344967, 0.0799311, 0.0967753, 0.0863873, 0.182181, 0.199982, 0.212079, 0.243302, 0.201938, 0.255494, 0.255884, 0.317208, 1, 

143,723,0.0452189, 0.0344967, 0.0799311, 0.0777061, 0.0967753, 0.101176, 0.161182, 0.18951, 0.195469, 0.201938, 0.489961, 0.49157, 0.901945, 1, 

151,625,0.001, 0.017851, 0.0501659, 0.0513067, 0.110065, 0.101176, 0.129326, 0.133373, 0.170891, 0.276805, 0.489961, 0.49157, 1, 

150,626,0.001, 0.0482424, 0.060196, 0.0767149, 0.0967753, 0.101176, 0.129326, 0.133373, 0.170891, 0.276805, 0.255494, 0.255884, 0.317208, 0.458089, 0.999036, 0.523444, 0.535588, 0.930854, 1, 

145,680,0.001, 0.0482424, 0.060196, 0.0767149, 0.0863873, 0.101176, 0.129326, 0.170891, 0.170891, 0.276805, 0.489961, 0.49157, 0.901945, 1, 

141,796,0.001, 0.0566752, 0.0752839, 0.0777061, 0.0967753, 0.101176, 0.129326, 0.133373, 0.276805, 0.49157, 0.450829, 1, 

Generation #40
153,589,0.001, 0.017851, 0.0501659, 0.0513067, 0.110065, 0.101176, 0.129326, 0.133373, 0.170891, 0.276805, 0.489961, 0.49157, 0.901945, 1, 

156,552,0.017851, 0.0501659, 0.0513067, 0.0777061, 0.0967753, 0.101176, 0.129326, 0.170891, 0.170891, 0.276805, 0.255494, 0.255884, 0.176149, 0.458089, 0.523444, 0.535588, 0.930854, 1, 

146,637,0.001, 0.0344967, 0.0799311, 0.0967753, 0.0863873, 0.182181, 0.199982, 0.212079, 0.243302, 0.201938, 0.255494, 0.255884, 0.317208, 1, 

143,723,0.0452189, 0.0344967, 0.0799311, 0.0777061, 0.0967753, 0.101176, 0.161182, 0.18951, 0.195469, 0.201938, 0.489961, 0.49157, 0.901945, 1, 

151,625,0.001, 0.017851, 0.0501659, 0.0513067, 0.110065, 0.101176, 0.129326, 0.133373, 0.170891, 0.276805, 0.489961, 0.49157, 1, 

150,626,0.001, 0.0482424, 0.060196, 0.0767149, 0.0967753, 0.101176, 0.129326, 0.133373, 0.170891, 0.276805, 0.255494, 0.255884, 0.317208, 0.458089, 0.999036, 0.523444, 0.535588, 0.930854, 1, 

145,680,0.001, 0.0482424, 0.060196, 0.0767149, 0.0863873, 0.101176, 0.129326, 0.170891, 0.170891, 0.276805, 0.489961, 0.49157, 0.901945, 1, 

141,796,0.001, 0.0566752, 0.0752839, 0.0777061, 0.0967753, 0.101176, 0.129326, 0.133373, 0.276805, 0.49157, 0.450829, 1, 

Generation #41
156,552,0.017851, 0.0501659, 0.0513067, 0.0777061, 0.0967753, 0.101176, 0.129326, 0.170891, 0.170891, 0.276805, 0.255494, 0.255884, 0.176149, 0.458089, 0.523444, 0.535588, 0.930854, 1, 

146,637,0.001, 0.0344967, 0.0799311, 0.0967753, 0.0863873, 0.182181, 0.199982, 0.212079, 0.243302, 0.201938, 0.255494, 0.255884, 0.317208, 1, 

143,723,0.0452189, 0.0344967, 0.0799311, 0.0777061, 0.0967753, 0.101176, 0.161182, 0.18951, 0.195469, 0.201938, 0.489961, 0.49157, 0.901945, 1, 

145,680,0.001, 0.0482424, 0.060196, 0.0767149, 0.0863873, 0.101176, 0.129326, 0.170891, 0.170891, 0.276805, 0.489961, 0.49157, 0.901945, 1, 

141,796,0.001, 0.0566752, 0.0752839, 0.0777061, 0.0967753, 0.101176, 0.129326, 0.133373, 0.276805, 0.49157, 0.450829, 1, 

149,583,0.001, 0.0566752, 0.0752839, 0.0777061, 0.0967753, 0.101176, 0.129326, 0.133373, 0.170891, 0.276805, 0.534499, 0.376729, 1, 

Generation #42
156,552,0.017851, 0.0501659, 0.0513067, 0.0777061, 0.0967753, 0.101176, 0.129326, 0.170891, 0.170891, 0.276805, 0.255494, 0.255884, 0.176149, 0.458089, 0.523444, 0.535588, 0.930854, 1, 

146,637,0.001, 0.0344967, 0.0799311, 0.0967753, 0.0863873, 0.182181, 0.199982, 0.212079, 0.243302, 0.201938, 0.255494, 0.255884, 0.317208, 1, 

143,723,0.0452189, 0.0344967, 0.0799311, 0.0777061, 0.0967753, 0.101176, 0.161182, 0.18951, 0.195469, 0.201938, 0.489961, 0.49157, 0.901945, 1, 

145,680,0.001, 0.0482424, 0.060196, 0.0767149, 0.0863873, 0.101176, 0.129326, 0.170891, 0.170891, 0.276805, 0.489961, 0.49157, 0.901945, 1, 

141,796,0.001, 0.0566752, 0.0752839, 0.0777061, 0.0967753, 0.101176, 0.129326, 0.133373, 0.276805, 0.49157, 0.450829, 1, 

149,583,0.001, 0.0566752, 0.0752839, 0.0777061, 0.0967753, 0.101176, 0.129326, 0.133373, 0.170891, 0.276805, 0.534499, 0.376729, 1, 

Generation #43
156,552,0.017851, 0.0501659, 0.0513067, 0.0777061, 0.0967753, 0.101176, 0.129326, 0.170891, 0.170891, 0.276805, 0.255494, 0.255884, 0.176149, 0.458089, 0.523444, 0.535588, 0.930854, 1, 

146,637,0.001, 0.0344967, 0.0799311, 0.0967753, 0.0863873, 0.182181, 0.199982, 0.212079, 0.243302, 0.201938, 0.255494, 0.255884, 0.317208, 1, 

143,723,0.0452189, 0.0344967, 0.0799311, 0.0777061, 0.0967753, 0.101176, 0.161182, 0.18951, 0.195469, 0.201938, 0.489961, 0.49157, 0.901945, 1, 

145,680,0.001, 0.0482424, 0.060196, 0.0767149, 0.0863873, 0.101176, 0.129326, 0.170891, 0.170891, 0.276805, 0.489961, 0.49157, 0.901945, 1, 

141,796,0.001, 0.0566752, 0.0752839, 0.0777061, 0.0967753, 0.101176, 0.129326, 0.133373, 0.276805, 0.49157, 0.450829, 1, 

149,583,0.001, 0.0566752, 0.0752839, 0.0777061, 0.0967753, 0.101176, 0.129326, 0.133373, 0.170891, 0.276805, 0.534499, 0.376729, 1, 

Generation #44
156,552,0.017851, 0.0501659, 0.0513067, 0.0777061, 0.0967753, 0.101176, 0.129326, 0.170891, 0.170891, 0.276805, 0.255494, 0.255884, 0.176149, 0.458089, 0.523444, 0.535588, 0.930854, 1, 

146,637,0.001, 0.0344967, 0.0799311, 0.0967753, 0.0863873, 0.182181, 0.199982, 0.212079, 0.243302, 0.201938, 0.255494, 0.255884, 0.317208, 1, 

143,723,0.0452189, 0.0344967, 0.0799311, 0.0777061, 0.0967753, 0.101176, 0.161182, 0.18951, 0.195469, 0.201938, 0.489961, 0.49157, 0.901945, 1, 

145,680,0.001, 0.0482424, 0.060196, 0.0767149, 0.0863873, 0.101176, 0.129326, 0.170891, 0.170891, 0.276805, 0.489961, 0.49157, 0.901945, 1, 

141,796,0.001, 0.0566752, 0.0752839, 0.0777061, 0.0967753, 0.101176, 0.129326, 0.133373, 0.276805, 0.49157, 0.450829, 1, 

149,583,0.001, 0.0566752, 0.0752839, 0.0777061, 0.0967753, 0.101176, 0.129326, 0.133373, 0.170891, 0.276805, 0.534499, 0.376729, 1, 

Generation #45
156,552,0.017851, 0.0501659, 0.0513067, 0.0777061, 0.0967753, 0.101176, 0.129326, 0.170891, 0.170891, 0.276805, 0.255494, 0.255884, 0.176149, 0.458089, 0.523444, 0.535588, 0.930854, 1, 

146,637,0.001, 0.0344967, 0.0799311, 0.0967753, 0.0863873, 0.182181, 0.199982, 0.212079, 0.243302, 0.201938, 0.255494, 0.255884, 0.317208, 1, 

143,723,0.0452189, 0.0344967, 0.0799311, 0.0777061, 0.0967753, 0.101176, 0.161182, 0.18951, 0.195469, 0.201938, 0.489961, 0.49157, 0.901945, 1, 

145,680,0.001, 0.0482424, 0.060196, 0.0767149, 0.0863873, 0.101176, 0.129326, 0.170891, 0.170891, 0.276805, 0.489961, 0.49157, 0.901945, 1, 

141,796,0.001, 0.0566752, 0.0752839, 0.0777061, 0.0967753, 0.101176, 0.129326, 0.133373, 0.276805, 0.49157, 0.450829, 1, 

149,583,0.001, 0.0566752, 0.0752839, 0.0777061, 0.0967753, 0.101176, 0.129326, 0.133373, 0.170891, 0.276805, 0.534499, 0.376729, 1, 

Generation #46
156,552,0.017851, 0.0501659, 0.0513067, 0.0777061, 0.0967753, 0.101176, 0.129326, 0.170891, 0.170891, 0.276805, 0.255494, 0.255884, 0.176149, 0.458089, 0.523444, 0.535588, 0.930854, 1, 

146,637,0.001, 0.0344967, 0.0799311, 0.0967753, 0.0863873, 0.182181, 0.199982, 0.212079, 0.243302, 0.201938, 0.255494, 0.255884, 0.317208, 1, 

143,723,0.0452189, 0.0344967, 0.0799311, 0.0777061, 0.0967753, 0.101176, 0.161182, 0.18951, 0.195469, 0.201938, 0.489961, 0.49157, 0.901945, 1, 

145,680,0.001, 0.0482424, 0.060196, 0.0767149, 0.0863873, 0.101176, 0.129326, 0.170891, 0.170891, 0.276805, 0.489961, 0.49157, 0.901945, 1, 

141,796,0.001, 0.0566752, 0.0752839, 0.0777061, 0.0967753, 0.101176, 0.129326, 0.133373, 0.276805, 0.49157, 0.450829, 1, 

149,583,0.001, 0.0566752, 0.0752839, 0.0777061, 0.0967753, 0.101176, 0.129326, 0.133373, 0.170891, 0.276805, 0.534499, 0.376729, 1, 

161,544,0.017851, 0.0501659, 0.0513067, 0.0777061, 0.0967753, 0.101176, 0.129326, 0.133373, 0.170891, 0.276805, 0.1942, 0.489961, 0.255884, 0.176149, 0.458089, 0.523444, 0.535588, 0.930854, 1, 

Generation #47
156,552,0.017851, 0.0501659, 0.0513067, 0.0777061, 0.0967753, 0.101176, 0.129326, 0.170891, 0.170891, 0.276805, 0.255494, 0.255884, 0.176149, 0.458089, 0.523444, 0.535588, 0.930854, 1, 

146,637,0.001, 0.0344967, 0.0799311, 0.0967753, 0.0863873, 0.182181, 0.199982, 0.212079, 0.243302, 0.201938, 0.255494, 0.255884, 0.317208, 1, 

143,723,0.0452189, 0.0344967, 0.0799311, 0.0777061, 0.0967753, 0.101176, 0.161182, 0.18951, 0.195469, 0.201938, 0.489961, 0.49157, 0.901945, 1, 

145,680,0.001, 0.0482424, 0.060196, 0.0767149, 0.0863873, 0.101176, 0.129326, 0.170891, 0.170891, 0.276805, 0.489961, 0.49157, 0.901945, 1, 

149,583,0.001, 0.0566752, 0.0752839, 0.0777061, 0.0967753, 0.101176, 0.129326, 0.133373, 0.170891, 0.276805, 0.534499, 0.376729, 1, 

161,544,0.017851, 0.0501659, 0.0513067, 0.0777061, 0.0967753, 0.101176, 0.129326, 0.133373, 0.170891, 0.276805, 0.1942, 0.489961, 0.255884, 0.176149, 0.458089, 0.523444, 0.535588, 0.930854, 1, 

140,747,0.001, 0.0482424, 0.060196, 0.0767149, 0.0967753, 0.129326, 0.130894, 0.170891, 0.170891, 0.276805, 0.489961, 0.49157, 0.901945, 1, 

Generation #48
156,552,0.017851, 0.0501659, 0.0513067, 0.0777061, 0.0967753, 0.101176, 0.129326, 0.170891, 0.170891, 0.276805, 0.255494, 0.255884, 0.176149, 0.458089, 0.523444, 0.535588, 0.930854, 1, 

146,637,0.001, 0.0344967, 0.0799311, 0.0967753, 0.0863873, 0.182181, 0.199982, 0.212079, 0.243302, 0.201938, 0.255494, 0.255884, 0.317208, 1, 

143,723,0.0452189, 0.0344967, 0.0799311, 0.0777061, 0.0967753, 0.101176, 0.161182, 0.18951, 0.195469, 0.201938, 0.489961, 0.49157, 0.901945, 1, 

145,680,0.001, 0.0482424, 0.060196, 0.0767149, 0.0863873, 0.101176, 0.129326, 0.170891, 0.170891, 0.276805, 0.489961, 0.49157, 0.901945, 1, 

149,583,0.001, 0.0566752, 0.0752839, 0.0777061, 0.0967753, 0.101176, 0.129326, 0.133373, 0.170891, 0.276805, 0.534499, 0.376729, 1, 

161,544,0.017851, 0.0501659, 0.0513067, 0.0777061, 0.0967753, 0.101176, 0.129326, 0.133373, 0.170891, 0.276805, 0.1942, 0.489961, 0.255884, 0.176149, 0.458089, 0.523444, 0.535588, 0.930854, 1, 

140,747,0.001, 0.0482424, 0.060196, 0.0767149, 0.0967753, 0.129326, 0.130894, 0.170891, 0.170891, 0.276805, 0.489961, 0.49157, 0.901945, 1, 

Generation #49
156,552,0.017851, 0.0501659, 0.0513067, 0.0777061, 0.0967753, 0.101176, 0.129326, 0.170891, 0.170891, 0.276805, 0.255494, 0.255884, 0.176149, 0.458089, 0.523444, 0.535588, 0.930854, 1, 

146,637,0.001, 0.0344967, 0.0799311, 0.0967753, 0.0863873, 0.182181, 0.199982, 0.212079, 0.243302, 0.201938, 0.255494, 0.255884, 0.317208, 1, 

143,723,0.0452189, 0.0344967, 0.0799311, 0.0777061, 0.0967753, 0.101176, 0.161182, 0.18951, 0.195469, 0.201938, 0.489961, 0.49157, 0.901945, 1, 

145,680,0.001, 0.0482424, 0.060196, 0.0767149, 0.0863873, 0.101176, 0.129326, 0.170891, 0.170891, 0.276805, 0.489961, 0.49157, 0.901945, 1, 

149,583,0.001, 0.0566752, 0.0752839, 0.0777061, 0.0967753, 0.101176, 0.129326, 0.133373, 0.170891, 0.276805, 0.534499, 0.376729, 1, 

161,544,0.017851, 0.0501659, 0.0513067, 0.0777061, 0.0967753, 0.101176, 0.129326, 0.133373, 0.170891, 0.276805, 0.1942, 0.489961, 0.255884, 0.176149, 0.458089, 0.523444, 0.535588, 0.930854, 1, 

140,747,0.001, 0.0482424, 0.060196, 0.0767149, 0.0967753, 0.129326, 0.130894, 0.170891, 0.170891, 0.276805, 0.489961, 0.49157, 0.901945, 1, 

--- Pareto Front Solutions ---
Solution 0: N total=266 (N_initial=110, N_added=156), Time total=563 ms, Saved to: ./results/TCAS_t2_l1_pareto_0.csv, percents=0.017851, 0.0501659, 0.0513067, 0.0777061, 0.0967753, 0.101176, 0.129326, 0.170891, 0.170891, 0.276805, 0.255494, 0.255884, 0.176149, 0.458089, 0.523444, 0.535588, 0.930854, 1, 

Solution 1: N total=256 (N_initial=110, N_added=146), Time total=648 ms, Saved to: ./results/TCAS_t2_l1_pareto_1.csv, percents=0.001, 0.0344967, 0.0799311, 0.0967753, 0.0863873, 0.182181, 0.199982, 0.212079, 0.243302, 0.201938, 0.255494, 0.255884, 0.317208, 1, 

Solution 2: N total=253 (N_initial=110, N_added=143), Time total=734 ms, Saved to: ./results/TCAS_t2_l1_pareto_2.csv, percents=0.0452189, 0.0344967, 0.0799311, 0.0777061, 0.0967753, 0.101176, 0.161182, 0.18951, 0.195469, 0.201938, 0.489961, 0.49157, 0.901945, 1, 

Solution 3: N total=255 (N_initial=110, N_added=145), Time total=691 ms, Saved to: ./results/TCAS_t2_l1_pareto_3.csv, percents=0.001, 0.0482424, 0.060196, 0.0767149, 0.0863873, 0.101176, 0.129326, 0.170891, 0.170891, 0.276805, 0.489961, 0.49157, 0.901945, 1, 

Solution 4: N total=259 (N_initial=110, N_added=149), Time total=594 ms, Saved to: ./results/TCAS_t2_l1_pareto_4.csv, percents=0.001, 0.0566752, 0.0752839, 0.0777061, 0.0967753, 0.101176, 0.129326, 0.133373, 0.170891, 0.276805, 0.534499, 0.376729, 1, 

Solution 5: N total=271 (N_initial=110, N_added=161), Time total=555 ms, Saved to: ./results/TCAS_t2_l1_pareto_5.csv, percents=0.017851, 0.0501659, 0.0513067, 0.0777061, 0.0967753, 0.101176, 0.129326, 0.133373, 0.170891, 0.276805, 0.1942, 0.489961, 0.255884, 0.176149, 0.458089, 0.523444, 0.535588, 0.930854, 1, 

Solution 6: N total=250 (N_initial=110, N_added=140), Time total=758 ms, Saved to: ./results/TCAS_t2_l1_pareto_6.csv, percents=0.001, 0.0482424, 0.060196, 0.0767149, 0.0967753, 0.129326, 0.130894, 0.170891, 0.170891, 0.276805, 0.489961, 0.49157, 0.901945, 1, 

------------d=1, t=2, lambda=2, filename=./evaluation/TCAS/TCAS_2_2.csv------------
Computing partitioned counts of d-sets...
Ready to look at pairs based on partitioned counts...
First Stage N=200, Time=14
There are 1 remaining non-locating pairs
--- Running GA Algorithm (phase2) ---
Running GA with std::execution::par
Generation #0
11,0,0.001, 0.142256, 0.319403, 0.487938, 0.573159, 0.590373, 0.627047, 0.738165, 0.865326, 0.941178, 1, 

Generation #1
11,0,0.001, 0.142256, 0.319403, 0.487938, 0.573159, 0.590373, 0.627047, 0.738165, 0.865326, 0.941178, 1, 

Generation #2
10,0,0.001, 0.073767, 0.0983382, 0.109552, 0.704615, 0.73751, 0.776961, 0.807592, 0.885279, 1, 

Generation #3
10,0,0.001, 0.073767, 0.0983382, 0.109552, 0.704615, 0.73751, 0.776961, 0.807592, 0.885279, 1, 

Generation #4
10,0,0.001, 0.073767, 0.0983382, 0.109552, 0.704615, 0.73751, 0.776961, 0.807592, 0.885279, 1, 

Generation #5
10,0,0.001, 0.073767, 0.0983382, 0.109552, 0.704615, 0.73751, 0.776961, 0.807592, 0.885279, 1, 

Generation #6
10,0,0.001, 0.073767, 0.0983382, 0.109552, 0.704615, 0.73751, 0.776961, 0.807592, 0.885279, 1, 

Generation #7
10,0,0.001, 0.073767, 0.0983382, 0.109552, 0.704615, 0.73751, 0.776961, 0.807592, 0.885279, 1, 

Generation #8
10,0,0.001, 0.073767, 0.0983382, 0.109552, 0.704615, 0.73751, 0.776961, 0.807592, 0.885279, 1, 

Generation #9
10,0,0.001, 0.073767, 0.0983382, 0.109552, 0.704615, 0.73751, 0.776961, 0.807592, 0.885279, 1, 

Generation #10
9,0,0.001, 0.0656394, 0.638504, 0.403545, 0.500656, 0.647832, 0.539174, 0.669432, 1, 

Generation #11
9,0,0.001, 0.0656394, 0.638504, 0.403545, 0.500656, 0.647832, 0.539174, 0.669432, 1, 

Generation #12
9,0,0.001, 0.0656394, 0.638504, 0.403545, 0.500656, 0.647832, 0.539174, 0.669432, 1, 

Generation #13
9,0,0.001, 0.0656394, 0.638504, 0.403545, 0.500656, 0.647832, 0.539174, 0.669432, 1, 

Generation #14
9,0,0.001, 0.0656394, 0.638504, 0.403545, 0.500656, 0.647832, 0.539174, 0.669432, 1, 

Generation #15
8,0,0.001, 0.0656394, 0.927774, 0.467883, 0.372713, 0.412179, 0.942057, 1, 

Generation #16
8,0,0.001, 0.0656394, 0.927774, 0.467883, 0.372713, 0.412179, 0.942057, 1, 

Generation #17
8,0,0.001, 0.0656394, 0.927774, 0.467883, 0.372713, 0.412179, 0.942057, 1, 

Generation #18
8,0,0.001, 0.0656394, 0.927774, 0.467883, 0.372713, 0.412179, 0.942057, 1, 

Generation #19
7,0,0.001, 0.00648607, 0.154478, 0.165599, 0.193823, 0.942057, 1, 

Generation #20
7,0,0.001, 0.00648607, 0.154478, 0.165599, 0.193823, 0.942057, 1, 

Generation #21
7,0,0.001, 0.00648607, 0.154478, 0.165599, 0.193823, 0.942057, 1, 

Generation #22
7,0,0.001, 0.00648607, 0.154478, 0.165599, 0.193823, 0.942057, 1, 

Generation #23
6,0,0.00648607, 0.154478, 0.165599, 0.193823, 0.942057, 1, 

Generation #24
6,0,0.00648607, 0.154478, 0.165599, 0.193823, 0.942057, 1, 

Generation #25
6,0,0.00648607, 0.154478, 0.165599, 0.193823, 0.942057, 1, 

Generation #26
6,0,0.00648607, 0.154478, 0.165599, 0.193823, 0.942057, 1, 

Generation #27
5,0,0.132351, 0.212815, 0.356057, 0.412179, 1, 

Generation #28
5,0,0.132351, 0.212815, 0.356057, 0.412179, 1, 

Generation #29
5,0,0.132351, 0.212815, 0.356057, 0.412179, 1, 

Generation #30
5,0,0.132351, 0.212815, 0.356057, 0.412179, 1, 

Generation #31
5,0,0.132351, 0.212815, 0.356057, 0.412179, 1, 

Generation #32
5,0,0.132351, 0.212815, 0.356057, 0.412179, 1, 

Generation #33
5,0,0.132351, 0.212815, 0.356057, 0.412179, 1, 

Generation #34
5,0,0.132351, 0.212815, 0.356057, 0.412179, 1, 

Generation #35
4,0,0.132351, 0.0656394, 1, 

Generation #36
4,0,0.132351, 0.0656394, 1, 

Generation #37
4,0,0.132351, 0.0656394, 1, 

Generation #38
3,0,0.0611022, 0.598972, 1, 

Generation #39
3,0,0.0611022, 0.598972, 1, 

Generation #40
3,0,0.0611022, 0.598972, 1, 

Generation #41
2,0,0.132351, 1, 

Generation #42
2,0,0.132351, 1, 
