------------d=1, t=2, lambda=1, filename=./evaluation/TCAS/TCAS_2_1.csv------------
Grouping d-sets by partitioned row counts for detecting arrays...
Ready to look at pairs for detecting arrays...
First Stage N=110, Time=8
There are 18013 remaining non-locating pairs
--- Running Conditional Expectation Algorithm (phase2_ce) for Locating ---
  (CE) Initial N_target calculated as: 601 (M=110)
  (CE) Row 111 built. 17559 pairs remaining to distinguish.
  (CE) Row 112 built. 17021 pairs remaining to distinguish.
  (CE) Row 113 built. 16520 pairs remaining to distinguish.
  (CE) Row 114 built. 16130 pairs remaining to distinguish.
  (CE) Row 115 built. 15645 pairs remaining to distinguish.
  (CE) Row 116 built. 15164 pairs remaining to distinguish.
  (CE) Row 117 built. 14804 pairs remaining to distinguish.
  (CE) Row 118 built. 14363 pairs remaining to distinguish.
  (CE) Row 119 built. 13964 pairs remaining to distinguish.
  (CE) Row 120 built. 13630 pairs remaining to distinguish.
  (CE) Row 121 built. 13278 pairs remaining to distinguish.
  (CE) Row 122 built. 12859 pairs remaining to distinguish.
  (CE) Row 123 built. 12420 pairs remaining to distinguish.
  (CE) Row 124 built. 11980 pairs remaining to distinguish.
  (CE) Row 125 built. 11613 pairs remaining to distinguish.
  (CE) Row 126 built. 11312 pairs remaining to distinguish.
  (CE) Row 127 built. 10919 pairs remaining to distinguish.
  (CE) Row 128 built. 10573 pairs remaining to distinguish.
  (CE) Row 129 built. 10187 pairs remaining to distinguish.
  (CE) Row 130 built. 9911 pairs remaining to distinguish.
  (CE) Row 131 built. 9602 pairs remaining to distinguish.
  (CE) Row 132 built. 9329 pairs remaining to distinguish.
  (CE) Row 133 built. 8953 pairs remaining to distinguish.
  (CE) Row 134 built. 8689 pairs remaining to distinguish.
  (CE) Row 135 built. 8368 pairs remaining to distinguish.
  (CE) Row 136 built. 8114 pairs remaining to distinguish.
  (CE) Row 137 built. 7820 pairs remaining to distinguish.
  (CE) Row 138 built. 7587 pairs remaining to distinguish.
  (CE) Row 139 built. 7352 pairs remaining to distinguish.
  (CE) Row 140 built. 7074 pairs remaining to distinguish.
  (CE) Row 141 built. 6848 pairs remaining to distinguish.
  (CE) Row 142 built. 6600 pairs remaining to distinguish.
  (CE) Row 143 built. 6377 pairs remaining to distinguish.
  (CE) Row 144 built. 6122 pairs remaining to distinguish.
  (CE) Row 145 built. 5906 pairs remaining to distinguish.
  (CE) Row 146 built. 5700 pairs remaining to distinguish.
  (CE) Row 147 built. 5500 pairs remaining to distinguish.
  (CE) Row 148 built. 5263 pairs remaining to distinguish.
  (CE) Row 149 built. 5067 pairs remaining to distinguish.
  (CE) Row 150 built. 4892 pairs remaining to distinguish.
  (CE) Row 151 built. 4701 pairs remaining to distinguish.
  (CE) Row 152 built. 4513 pairs remaining to distinguish.
  (CE) Row 153 built. 4338 pairs remaining to distinguish.
  (CE) Row 154 built. 4168 pairs remaining to distinguish.
  (CE) Row 155 built. 3992 pairs remaining to distinguish.
  (CE) Row 156 built. 3842 pairs remaining to distinguish.
  (CE) Row 157 built. 3677 pairs remaining to distinguish.
  (CE) Row 158 built. 3516 pairs remaining to distinguish.
  (CE) Row 159 built. 3367 pairs remaining to distinguish.
  (CE) Row 160 built. 3242 pairs remaining to distinguish.
  (CE) Row 161 built. 3097 pairs remaining to distinguish.
  (CE) Row 162 built. 2974 pairs remaining to distinguish.
  (CE) Row 163 built. 2833 pairs remaining to distinguish.
  (CE) Row 164 built. 2698 pairs remaining to distinguish.
  (CE) Row 165 built. 2585 pairs remaining to distinguish.
  (CE) Row 166 built. 2435 pairs remaining to distinguish.
  (CE) Row 167 built. 2315 pairs remaining to distinguish.
  (CE) Row 168 built. 2211 pairs remaining to distinguish.
  (CE) Row 169 built. 2099 pairs remaining to distinguish.
  (CE) Row 170 built. 2000 pairs remaining to distinguish.
  (CE) Row 171 built. 1894 pairs remaining to distinguish.
  (CE) Row 172 built. 1788 pairs remaining to distinguish.
  (CE) Row 173 built. 1703 pairs remaining to distinguish.
  (CE) Row 174 built. 1621 pairs remaining to distinguish.
  (CE) Row 175 built. 1539 pairs remaining to distinguish.
  (CE) Row 176 built. 1464 pairs remaining to distinguish.
  (CE) Row 177 built. 1385 pairs remaining to distinguish.
  (CE) Row 178 built. 1317 pairs remaining to distinguish.
  (CE) Row 179 built. 1257 pairs remaining to distinguish.
  (CE) Row 180 built. 1188 pairs remaining to distinguish.
  (CE) Row 181 built. 1117 pairs remaining to distinguish.
  (CE) Row 182 built. 1053 pairs remaining to distinguish.
  (CE) Row 183 built. 982 pairs remaining to distinguish.
  (CE) Row 184 built. 934 pairs remaining to distinguish.
  (CE) Row 185 built. 883 pairs remaining to distinguish.
  (CE) Row 186 built. 841 pairs remaining to distinguish.
  (CE) Row 187 built. 801 pairs remaining to distinguish.
  (CE) Row 188 built. 766 pairs remaining to distinguish.
  (CE) Row 189 built. 721 pairs remaining to distinguish.
  (CE) Row 190 built. 679 pairs remaining to distinguish.
  (CE) Row 191 built. 636 pairs remaining to distinguish.
  (CE) Row 192 built. 594 pairs remaining to distinguish.
  (CE) Row 193 built. 558 pairs remaining to distinguish.
  (CE) Row 194 built. 532 pairs remaining to distinguish.
  (CE) Row 195 built. 496 pairs remaining to distinguish.
  (CE) Row 196 built. 461 pairs remaining to distinguish.
  (CE) Row 197 built. 433 pairs remaining to distinguish.
  (CE) Row 198 built. 407 pairs remaining to distinguish.
  (CE) Row 199 built. 385 pairs remaining to distinguish.
  (CE) Row 200 built. 361 pairs remaining to distinguish.
  (CE) Row 201 built. 333 pairs remaining to distinguish.
  (CE) Row 202 built. 311 pairs remaining to distinguish.
  (CE) Row 203 built. 293 pairs remaining to distinguish.
  (CE) Row 204 built. 280 pairs remaining to distinguish.
  (CE) Row 205 built. 260 pairs remaining to distinguish.
  (CE) Row 206 built. 248 pairs remaining to distinguish.
  (CE) Row 207 built. 236 pairs remaining to distinguish.
  (CE) Row 208 built. 223 pairs remaining to distinguish.
  (CE) Row 209 built. 208 pairs remaining to distinguish.
  (CE) Row 210 built. 197 pairs remaining to distinguish.
  (CE) Row 211 built. 185 pairs remaining to distinguish.
  (CE) Row 212 built. 174 pairs remaining to distinguish.
  (CE) Row 213 built. 164 pairs remaining to distinguish.
  (CE) Row 214 built. 153 pairs remaining to distinguish.
  (CE) Row 215 built. 143 pairs remaining to distinguish.
  (CE) Row 216 built. 136 pairs remaining to distinguish.
  (CE) Row 217 built. 126 pairs remaining to distinguish.
  (CE) Row 218 built. 118 pairs remaining to distinguish.
  (CE) Row 219 built. 110 pairs remaining to distinguish.
  (CE) Row 220 built. 106 pairs remaining to distinguish.
  (CE) Row 221 built. 99 pairs remaining to distinguish.
  (CE) Row 222 built. 93 pairs remaining to distinguish.
  (CE) Row 223 built. 88 pairs remaining to distinguish.
  (CE) Row 224 built. 81 pairs remaining to distinguish.
  (CE) Row 225 built. 77 pairs remaining to distinguish.
  (CE) Row 226 built. 72 pairs remaining to distinguish.
  (CE) Row 227 built. 67 pairs remaining to distinguish.
  (CE) Row 228 built. 64 pairs remaining to distinguish.
  (CE) Row 229 built. 60 pairs remaining to distinguish.
  (CE) Row 230 built. 56 pairs remaining to distinguish.
  (CE) Row 231 built. 52 pairs remaining to distinguish.
  (CE) Row 232 built. 48 pairs remaining to distinguish.
  (CE) Row 233 built. 44 pairs remaining to distinguish.
  (CE) Row 234 built. 39 pairs remaining to distinguish.
  (CE) Row 235 built. 34 pairs remaining to distinguish.
  (CE) Row 236 built. 31 pairs remaining to distinguish.
  (CE) Row 237 built. 28 pairs remaining to distinguish.
  (CE) Row 238 built. 26 pairs remaining to distinguish.
  (CE) Row 239 built. 23 pairs remaining to distinguish.
  (CE) Row 240 built. 19 pairs remaining to distinguish.
  (CE) Row 241 built. 17 pairs remaining to distinguish.
  (CE) Row 242 built. 13 pairs remaining to distinguish.
  (CE) Row 243 built. 10 pairs remaining to distinguish.
  (CE) Row 244 built. 8 pairs remaining to distinguish.
  (CE) Row 245 built. 6 pairs remaining to distinguish.
  (CE) Row 246 built. 4 pairs remaining to distinguish.
  (CE) Row 247 built. 2 pairs remaining to distinguish.
  (CE) Row 248 built. 1 pairs remaining to distinguish.
  (CE) Row 249 built. 0 pairs remaining to distinguish.
--- Pareto Front Solutions ---
Solution 0: N total=249 (N_initial=110, N_added=139), Time total=26698 ms, Saved to: ./results/TCAS_t2_l1_pareto_0.csv, percents=1, 

------------d=1, t=2, lambda=2, filename=./evaluation/TCAS/TCAS_2_2.csv------------
Grouping d-sets by partitioned row counts for detecting arrays...
Ready to look at pairs for detecting arrays...
First Stage N=200, Time=6
There are 15153 remaining non-locating pairs
--- Running Conditional Expectation Algorithm (phase2_ce) for Locating ---
  (CE) Initial N_target calculated as: 825 (M=200)
  (CE) Row 201 built. 15153 pairs remaining to distinguish.
  (CE) Row 202 built. 15122 pairs remaining to distinguish.
  (CE) Row 203 built. 15088 pairs remaining to distinguish.
  (CE) Row 204 built. 15040 pairs remaining to distinguish.
  (CE) Row 205 built. 14971 pairs remaining to distinguish.
  (CE) Row 206 built. 14892 pairs remaining to distinguish.
  (CE) Row 207 built. 14812 pairs remaining to distinguish.
  (CE) Row 208 built. 14715 pairs remaining to distinguish.
  (CE) Row 209 built. 14630 pairs remaining to distinguish.
  (CE) Row 210 built. 14512 pairs remaining to distinguish.
  (CE) Row 211 built. 14457 pairs remaining to distinguish.
  (CE) Row 212 built. 14414 pairs remaining to distinguish.
  (CE) Row 213 built. 14305 pairs remaining to distinguish.
  (CE) Row 214 built. 14252 pairs remaining to distinguish.
  (CE) Row 215 built. 14181 pairs remaining to distinguish.
  (CE) Row 216 built. 14072 pairs remaining to distinguish.
  (CE) Row 217 built. 13976 pairs remaining to distinguish.
  (CE) Row 218 built. 13905 pairs remaining to distinguish.
  (CE) Row 219 built. 13828 pairs remaining to distinguish.
  (CE) Row 220 built. 13743 pairs remaining to distinguish.
  (CE) Row 221 built. 13677 pairs remaining to distinguish.
  (CE) Row 222 built. 13607 pairs remaining to distinguish.
  (CE) Row 223 built. 13494 pairs remaining to distinguish.
  (CE) Row 224 built. 13418 pairs remaining to distinguish.
  (CE) Row 225 built. 13337 pairs remaining to distinguish.
  (CE) Row 226 built. 13205 pairs remaining to distinguish.
  (CE) Row 227 built. 13110 pairs remaining to distinguish.
  (CE) Row 228 built. 13010 pairs remaining to distinguish.
  (CE) Row 229 built. 12904 pairs remaining to distinguish.
  (CE) Row 230 built. 12801 pairs remaining to distinguish.
  (CE) Row 231 built. 12673 pairs remaining to distinguish.
  (CE) Row 232 built. 12551 pairs remaining to distinguish.
  (CE) Row 233 built. 12447 pairs remaining to distinguish.
  (CE) Row 234 built. 12322 pairs remaining to distinguish.
  (CE) Row 235 built. 12196 pairs remaining to distinguish.
  (CE) Row 236 built. 12031 pairs remaining to distinguish.
  (CE) Row 237 built. 11907 pairs remaining to distinguish.
  (CE) Row 238 built. 11764 pairs remaining to distinguish.
  (CE) Row 239 built. 11673 pairs remaining to distinguish.
  (CE) Row 240 built. 11541 pairs remaining to distinguish.
  (CE) Row 241 built. 11361 pairs remaining to distinguish.
  (CE) Row 242 built. 11228 pairs remaining to distinguish.
  (CE) Row 243 built. 11089 pairs remaining to distinguish.
  (CE) Row 244 built. 10982 pairs remaining to distinguish.
  (CE) Row 245 built. 10825 pairs remaining to distinguish.
  (CE) Row 246 built. 10627 pairs remaining to distinguish.
  (CE) Row 247 built. 10454 pairs remaining to distinguish.
  (CE) Row 248 built. 10268 pairs remaining to distinguish.
  (CE) Row 249 built. 10102 pairs remaining to distinguish.
  (CE) Row 250 built. 9970 pairs remaining to distinguish.
  (CE) Row 251 built. 9789 pairs remaining to distinguish.
  (CE) Row 252 built. 9622 pairs remaining to distinguish.
  (CE) Row 253 built. 9457 pairs remaining to distinguish.
  (CE) Row 254 built. 9305 pairs remaining to distinguish.
  (CE) Row 255 built. 9139 pairs remaining to distinguish.
  (CE) Row 256 built. 8997 pairs remaining to distinguish.
  (CE) Row 257 built. 8826 pairs remaining to distinguish.
  (CE) Row 258 built. 8666 pairs remaining to distinguish.
  (CE) Row 259 built. 8487 pairs remaining to distinguish.
  (CE) Row 260 built. 8343 pairs remaining to distinguish.
  (CE) Row 261 built. 8176 pairs remaining to distinguish.
  (CE) Row 262 built. 8017 pairs remaining to distinguish.
  (CE) Row 263 built. 7841 pairs remaining to distinguish.
  (CE) Row 264 built. 7666 pairs remaining to distinguish.
  (CE) Row 265 built. 7504 pairs remaining to distinguish.
  (CE) Row 266 built. 7316 pairs remaining to distinguish.
  (CE) Row 267 built. 7149 pairs remaining to distinguish.
  (CE) Row 268 built. 6990 pairs remaining to distinguish.
  (CE) Row 269 built. 6836 pairs remaining to distinguish.
  (CE) Row 270 built. 6680 pairs remaining to distinguish.
  (CE) Row 271 built. 6479 pairs remaining to distinguish.
  (CE) Row 272 built. 6313 pairs remaining to distinguish.
  (CE) Row 273 built. 6139 pairs remaining to distinguish.
  (CE) Row 274 built. 5964 pairs remaining to distinguish.
  (CE) Row 275 built. 5790 pairs remaining to distinguish.
  (CE) Row 276 built. 5586 pairs remaining to distinguish.
  (CE) Row 277 built. 5400 pairs remaining to distinguish.
  (CE) Row 278 built. 5217 pairs remaining to distinguish.
  (CE) Row 279 built. 5033 pairs remaining to distinguish.
  (CE) Row 280 built. 4847 pairs remaining to distinguish.
  (CE) Row 281 built. 4633 pairs remaining to distinguish.
  (CE) Row 282 built. 4437 pairs remaining to distinguish.
  (CE) Row 283 built. 4236 pairs remaining to distinguish.
  (CE) Row 284 built. 4052 pairs remaining to distinguish.
  (CE) Row 285 built. 3864 pairs remaining to distinguish.
  (CE) Row 286 built. 3657 pairs remaining to distinguish.
  (CE) Row 287 built. 3455 pairs remaining to distinguish.
  (CE) Row 288 built. 3256 pairs remaining to distinguish.
  (CE) Row 289 built. 3065 pairs remaining to distinguish.
  (CE) Row 290 built. 2867 pairs remaining to distinguish.
  (CE) Row 291 built. 2707 pairs remaining to distinguish.
  (CE) Row 292 built. 2560 pairs remaining to distinguish.
  (CE) Row 293 built. 2353 pairs remaining to distinguish.
  (CE) Row 294 built. 2207 pairs remaining to distinguish.
  (CE) Row 295 built. 2066 pairs remaining to distinguish.
  (CE) Row 296 built. 1922 pairs remaining to distinguish.
  (CE) Row 297 built. 1784 pairs remaining to distinguish.
  (CE) Row 298 built. 1631 pairs remaining to distinguish.
  (CE) Row 299 built. 1486 pairs remaining to distinguish.
  (CE) Row 300 built. 1346 pairs remaining to distinguish.
  (CE) Row 301 built. 1270 pairs remaining to distinguish.
  (CE) Row 302 built. 1239 pairs remaining to distinguish.
  (CE) Row 303 built. 1162 pairs remaining to distinguish.
  (CE) Row 304 built. 1130 pairs remaining to distinguish.
  (CE) Row 305 built. 1058 pairs remaining to distinguish.
  (CE) Row 306 built. 994 pairs remaining to distinguish.
  (CE) Row 307 built. 977 pairs remaining to distinguish.
  (CE) Row 308 built. 896 pairs remaining to distinguish.
  (CE) Row 309 built. 820 pairs remaining to distinguish.
  (CE) Row 310 built. 745 pairs remaining to distinguish.
  (CE) Row 311 built. 731 pairs remaining to distinguish.
  (CE) Row 312 built. 666 pairs remaining to distinguish.
  (CE) Row 313 built. 645 pairs remaining to distinguish.
  (CE) Row 314 built. 628 pairs remaining to distinguish.
  (CE) Row 315 built. 623 pairs remaining to distinguish.
  (CE) Row 316 built. 614 pairs remaining to distinguish.
  (CE) Row 317 built. 606 pairs remaining to distinguish.
  (CE) Row 318 built. 602 pairs remaining to distinguish.
  (CE) Row 319 built. 595 pairs remaining to distinguish.
  (CE) Row 320 built. 584 pairs remaining to distinguish.
  (CE) Row 321 built. 576 pairs remaining to distinguish.
  (CE) Row 322 built. 524 pairs remaining to distinguish.
  (CE) Row 323 built. 508 pairs remaining to distinguish.
  (CE) Row 324 built. 501 pairs remaining to distinguish.
  (CE) Row 325 built. 493 pairs remaining to distinguish.
  (CE) Row 326 built. 492 pairs remaining to distinguish.
  (CE) Row 327 built. 489 pairs remaining to distinguish.
  (CE) Row 328 built. 486 pairs remaining to distinguish.
  (CE) Row 329 built. 474 pairs remaining to distinguish.
  (CE) Row 330 built. 461 pairs remaining to distinguish.
  (CE) Row 331 built. 457 pairs remaining to distinguish.
  (CE) Row 332 built. 446 pairs remaining to distinguish.
  (CE) Row 333 built. 438 pairs remaining to distinguish.
  (CE) Row 334 built. 429 pairs remaining to distinguish.
  (CE) Row 335 built. 415 pairs remaining to distinguish.
  (CE) Row 336 built. 399 pairs remaining to distinguish.
  (CE) Row 337 built. 383 pairs remaining to distinguish.
  (CE) Row 338 built. 374 pairs remaining to distinguish.
  (CE) Row 339 built. 362 pairs remaining to distinguish.
  (CE) Row 340 built. 353 pairs remaining to distinguish.
  (CE) Row 341 built. 343 pairs remaining to distinguish.
  (CE) Row 342 built. 339 pairs remaining to distinguish.
  (CE) Row 343 built. 335 pairs remaining to distinguish.
  (CE) Row 344 built. 330 pairs remaining to distinguish.
  (CE) Row 345 built. 321 pairs remaining to distinguish.
  (CE) Row 346 built. 316 pairs remaining to distinguish.
  (CE) Row 347 built. 307 pairs remaining to distinguish.
  (CE) Row 348 built. 302 pairs remaining to distinguish.
  (CE) Row 349 built. 295 pairs remaining to distinguish.
  (CE) Row 350 built. 291 pairs remaining to distinguish.
  (CE) Row 351 built. 287 pairs remaining to distinguish.
  (CE) Row 352 built. 283 pairs remaining to distinguish.
  (CE) Row 353 built. 280 pairs remaining to distinguish.
  (CE) Row 354 built. 277 pairs remaining to distinguish.
  (CE) Row 355 built. 274 pairs remaining to distinguish.
  (CE) Row 356 built. 266 pairs remaining to distinguish.
  (CE) Row 357 built. 262 pairs remaining to distinguish.
  (CE) Row 358 built. 258 pairs remaining to distinguish.
  (CE) Row 359 built. 254 pairs remaining to distinguish.
  (CE) Row 360 built. 251 pairs remaining to distinguish.
  (CE) Row 361 built. 247 pairs remaining to distinguish.
  (CE) Row 362 built. 243 pairs remaining to distinguish.
  (CE) Row 363 built. 237 pairs remaining to distinguish.
  (CE) Row 364 built. 231 pairs remaining to distinguish.
  (CE) Row 365 built. 218 pairs remaining to distinguish.
  (CE) Row 366 built. 207 pairs remaining to distinguish.
  (CE) Row 367 built. 199 pairs remaining to distinguish.
  (CE) Row 368 built. 194 pairs remaining to distinguish.
  (CE) Row 369 built. 189 pairs remaining to distinguish.
  (CE) Row 370 built. 184 pairs remaining to distinguish.
  (CE) Row 371 built. 177 pairs remaining to distinguish.
  (CE) Row 372 built. 171 pairs remaining to distinguish.
  (CE) Row 373 built. 165 pairs remaining to distinguish.
  (CE) Row 374 built. 159 pairs remaining to distinguish.
  (CE) Row 375 built. 153 pairs remaining to distinguish.
  (CE) Row 376 built. 147 pairs remaining to distinguish.
  (CE) Row 377 built. 140 pairs remaining to distinguish.
  (CE) Row 378 built. 134 pairs remaining to distinguish.
  (CE) Row 379 built. 128 pairs remaining to distinguish.
  (CE) Row 380 built. 122 pairs remaining to distinguish.
  (CE) Row 381 built. 116 pairs remaining to distinguish.
  (CE) Row 382 built. 111 pairs remaining to distinguish.
  (CE) Row 383 built. 106 pairs remaining to distinguish.
  (CE) Row 384 built. 100 pairs remaining to distinguish.
  (CE) Row 385 built. 94 pairs remaining to distinguish.
  (CE) Row 386 built. 88 pairs remaining to distinguish.
  (CE) Row 387 built. 83 pairs remaining to distinguish.
  (CE) Row 388 built. 77 pairs remaining to distinguish.
  (CE) Row 389 built. 71 pairs remaining to distinguish.
  (CE) Row 390 built. 65 pairs remaining to distinguish.
  (CE) Row 391 built. 60 pairs remaining to distinguish.
  (CE) Row 392 built. 56 pairs remaining to distinguish.
  (CE) Row 393 built. 51 pairs remaining to distinguish.
  (CE) Row 394 built. 46 pairs remaining to distinguish.
  (CE) Row 395 built. 40 pairs remaining to distinguish.
  (CE) Row 396 built. 37 pairs remaining to distinguish.
  (CE) Row 397 built. 31 pairs remaining to distinguish.
  (CE) Row 398 built. 25 pairs remaining to distinguish.
  (CE) Row 399 built. 20 pairs remaining to distinguish.
  (CE) Row 400 built. 16 pairs remaining to distinguish.
  (CE) Row 401 built. 13 pairs remaining to distinguish.
  (CE) Row 402 built. 10 pairs remaining to distinguish.
  (CE) Row 403 built. 7 pairs remaining to distinguish.
  (CE) Row 404 built. 5 pairs remaining to distinguish.
  (CE) Row 405 built. 3 pairs remaining to distinguish.
  (CE) Row 406 built. 1 pairs remaining to distinguish.
  (CE) Row 407 built. 0 pairs remaining to distinguish.
--- Pareto Front Solutions ---
Solution 0: N total=407 (N_initial=200, N_added=207), Time total=48692 ms, Saved to: ./results/TCAS_t2_l2_pareto_0.csv, percents=1, 

------------d=1, t=2, lambda=3, filename=./evaluation/TCAS/TCAS_2_3.csv------------
Grouping d-sets by partitioned row counts for detecting arrays...
Ready to look at pairs for detecting arrays...
First Stage N=310, Time=7
There are 8155 remaining non-locating pairs
--- Running Conditional Expectation Algorithm (phase2_ce) for Locating ---
  (CE) Initial N_target calculated as: 1015 (M=310)
  (CE) Row 311 built. 8155 pairs remaining to distinguish.
  (CE) Row 312 built. 8155 pairs remaining to distinguish.
  (CE) Row 313 built. 8155 pairs remaining to distinguish.
  (CE) Row 314 built. 8155 pairs remaining to distinguish.
  (CE) Row 315 built. 8155 pairs remaining to distinguish.
  (CE) Row 316 built. 8155 pairs remaining to distinguish.
  (CE) Row 317 built. 8155 pairs remaining to distinguish.
  (CE) Row 318 built. 8155 pairs remaining to distinguish.
  (CE) Row 319 built. 8154 pairs remaining to distinguish.
  (CE) Row 320 built. 8154 pairs remaining to distinguish.
  (CE) Row 321 built. 8154 pairs remaining to distinguish.
  (CE) Row 322 built. 8153 pairs remaining to distinguish.
  (CE) Row 323 built. 8153 pairs remaining to distinguish.
  (CE) Row 324 built. 8153 pairs remaining to distinguish.
  (CE) Row 325 built. 8153 pairs remaining to distinguish.
  (CE) Row 326 built. 8152 pairs remaining to distinguish.
  (CE) Row 327 built. 8151 pairs remaining to distinguish.
  (CE) Row 328 built. 8147 pairs remaining to distinguish.
  (CE) Row 329 built. 8145 pairs remaining to distinguish.
  (CE) Row 330 built. 8145 pairs remaining to distinguish.
  (CE) Row 331 built. 8144 pairs remaining to distinguish.
  (CE) Row 332 built. 8142 pairs remaining to distinguish.
  (CE) Row 333 built. 8141 pairs remaining to distinguish.
  (CE) Row 334 built. 8140 pairs remaining to distinguish.
  (CE) Row 335 built. 8139 pairs remaining to distinguish.
  (CE) Row 336 built. 8115 pairs remaining to distinguish.
  (CE) Row 337 built. 8088 pairs remaining to distinguish.
  (CE) Row 338 built. 8088 pairs remaining to distinguish.
  (CE) Row 339 built. 8085 pairs remaining to distinguish.
  (CE) Row 340 built. 8059 pairs remaining to distinguish.
  (CE) Row 341 built. 8056 pairs remaining to distinguish.
  (CE) Row 342 built. 8053 pairs remaining to distinguish.
  (CE) Row 343 built. 8053 pairs remaining to distinguish.
  (CE) Row 344 built. 8052 pairs remaining to distinguish.
  (CE) Row 345 built. 8051 pairs remaining to distinguish.
  (CE) Row 346 built. 8017 pairs remaining to distinguish.
  (CE) Row 347 built. 8011 pairs remaining to distinguish.
  (CE) Row 348 built. 7998 pairs remaining to distinguish.
  (CE) Row 349 built. 7992 pairs remaining to distinguish.
  (CE) Row 350 built. 7992 pairs remaining to distinguish.
  (CE) Row 351 built. 7988 pairs remaining to distinguish.
  (CE) Row 352 built. 7988 pairs remaining to distinguish.
  (CE) Row 353 built. 7953 pairs remaining to distinguish.
  (CE) Row 354 built. 7948 pairs remaining to distinguish.
  (CE) Row 355 built. 7944 pairs remaining to distinguish.
  (CE) Row 356 built. 7940 pairs remaining to distinguish.
  (CE) Row 357 built. 7936 pairs remaining to distinguish.
  (CE) Row 358 built. 7891 pairs remaining to distinguish.
  (CE) Row 359 built. 7887 pairs remaining to distinguish.
  (CE) Row 360 built. 7887 pairs remaining to distinguish.
  (CE) Row 361 built. 7881 pairs remaining to distinguish.
  (CE) Row 362 built. 7875 pairs remaining to distinguish.
  (CE) Row 363 built. 7873 pairs remaining to distinguish.
  (CE) Row 364 built. 7867 pairs remaining to distinguish.
  (CE) Row 365 built. 7867 pairs remaining to distinguish.
  (CE) Row 366 built. 7865 pairs remaining to distinguish.
  (CE) Row 367 built. 7829 pairs remaining to distinguish.
  (CE) Row 368 built. 7823 pairs remaining to distinguish.
  (CE) Row 369 built. 7820 pairs remaining to distinguish.
  (CE) Row 370 built. 7772 pairs remaining to distinguish.
  (CE) Row 371 built. 7772 pairs remaining to distinguish.
  (CE) Row 372 built. 7751 pairs remaining to distinguish.
  (CE) Row 373 built. 7749 pairs remaining to distinguish.
  (CE) Row 374 built. 7741 pairs remaining to distinguish.
  (CE) Row 375 built. 7705 pairs remaining to distinguish.
  (CE) Row 376 built. 7690 pairs remaining to distinguish.
  (CE) Row 377 built. 7680 pairs remaining to distinguish.
  (CE) Row 378 built. 7631 pairs remaining to distinguish.
  (CE) Row 379 built. 7588 pairs remaining to distinguish.
  (CE) Row 380 built. 7543 pairs remaining to distinguish.
  (CE) Row 381 built. 7491 pairs remaining to distinguish.
  (CE) Row 382 built. 7484 pairs remaining to distinguish.
  (CE) Row 383 built. 7480 pairs remaining to distinguish.
  (CE) Row 384 built. 7438 pairs remaining to distinguish.
  (CE) Row 385 built. 7414 pairs remaining to distinguish.
  (CE) Row 386 built. 7379 pairs remaining to distinguish.
  (CE) Row 387 built. 7335 pairs remaining to distinguish.
  (CE) Row 388 built. 7291 pairs remaining to distinguish.
  (CE) Row 389 built. 7251 pairs remaining to distinguish.
  (CE) Row 390 built. 7182 pairs remaining to distinguish.
  (CE) Row 391 built. 7131 pairs remaining to distinguish.
  (CE) Row 392 built. 7090 pairs remaining to distinguish.
  (CE) Row 393 built. 7079 pairs remaining to distinguish.
  (CE) Row 394 built. 7076 pairs remaining to distinguish.
  (CE) Row 395 built. 7030 pairs remaining to distinguish.
  (CE) Row 396 built. 6954 pairs remaining to distinguish.
  (CE) Row 397 built. 6910 pairs remaining to distinguish.
  (CE) Row 398 built. 6866 pairs remaining to distinguish.
  (CE) Row 399 built. 6844 pairs remaining to distinguish.
  (CE) Row 400 built. 6727 pairs remaining to distinguish.
  (CE) Row 401 built. 6668 pairs remaining to distinguish.
  (CE) Row 402 built. 6552 pairs remaining to distinguish.
  (CE) Row 403 built. 6414 pairs remaining to distinguish.
  (CE) Row 404 built. 6291 pairs remaining to distinguish.
  (CE) Row 405 built. 6141 pairs remaining to distinguish.
  (CE) Row 406 built. 6046 pairs remaining to distinguish.
  (CE) Row 407 built. 5976 pairs remaining to distinguish.
  (CE) Row 408 built. 5797 pairs remaining to distinguish.
  (CE) Row 409 built. 5779 pairs remaining to distinguish.
  (CE) Row 410 built. 5755 pairs remaining to distinguish.
  (CE) Row 411 built. 5709 pairs remaining to distinguish.
  (CE) Row 412 built. 5629 pairs remaining to distinguish.
  (CE) Row 413 built. 5500 pairs remaining to distinguish.
  (CE) Row 414 built. 5383 pairs remaining to distinguish.
  (CE) Row 415 built. 5281 pairs remaining to distinguish.
  (CE) Row 416 built. 5197 pairs remaining to distinguish.
  (CE) Row 417 built. 5093 pairs remaining to distinguish.
  (CE) Row 418 built. 5046 pairs remaining to distinguish.
  (CE) Row 419 built. 5022 pairs remaining to distinguish.
  (CE) Row 420 built. 4949 pairs remaining to distinguish.
  (CE) Row 421 built. 4863 pairs remaining to distinguish.
  (CE) Row 422 built. 4727 pairs remaining to distinguish.
  (CE) Row 423 built. 4628 pairs remaining to distinguish.
  (CE) Row 424 built. 4535 pairs remaining to distinguish.
  (CE) Row 425 built. 4436 pairs remaining to distinguish.
  (CE) Row 426 built. 4334 pairs remaining to distinguish.
  (CE) Row 427 built. 4226 pairs remaining to distinguish.
  (CE) Row 428 built. 4200 pairs remaining to distinguish.
  (CE) Row 429 built. 4130 pairs remaining to distinguish.
  (CE) Row 430 built. 4081 pairs remaining to distinguish.
  (CE) Row 431 built. 3975 pairs remaining to distinguish.
  (CE) Row 432 built. 3841 pairs remaining to distinguish.
  (CE) Row 433 built. 3742 pairs remaining to distinguish.
  (CE) Row 434 built. 3653 pairs remaining to distinguish.
  (CE) Row 435 built. 3557 pairs remaining to distinguish.
  (CE) Row 436 built. 3448 pairs remaining to distinguish.
  (CE) Row 437 built. 3337 pairs remaining to distinguish.
  (CE) Row 438 built. 3262 pairs remaining to distinguish.
  (CE) Row 439 built. 3150 pairs remaining to distinguish.
  (CE) Row 440 built. 3104 pairs remaining to distinguish.
  (CE) Row 441 built. 3059 pairs remaining to distinguish.
  (CE) Row 442 built. 3001 pairs remaining to distinguish.
  (CE) Row 443 built. 2918 pairs remaining to distinguish.
  (CE) Row 444 built. 2844 pairs remaining to distinguish.
  (CE) Row 445 built. 2785 pairs remaining to distinguish.
  (CE) Row 446 built. 2717 pairs remaining to distinguish.
  (CE) Row 447 built. 2686 pairs remaining to distinguish.
  (CE) Row 448 built. 2600 pairs remaining to distinguish.
  (CE) Row 449 built. 2537 pairs remaining to distinguish.
  (CE) Row 450 built. 2461 pairs remaining to distinguish.
  (CE) Row 451 built. 2411 pairs remaining to distinguish.
  (CE) Row 452 built. 2375 pairs remaining to distinguish.
  (CE) Row 453 built. 2319 pairs remaining to distinguish.
  (CE) Row 454 built. 2247 pairs remaining to distinguish.
  (CE) Row 455 built. 2167 pairs remaining to distinguish.
  (CE) Row 456 built. 2117 pairs remaining to distinguish.
  (CE) Row 457 built. 2064 pairs remaining to distinguish.
  (CE) Row 458 built. 2003 pairs remaining to distinguish.
  (CE) Row 459 built. 1926 pairs remaining to distinguish.
  (CE) Row 460 built. 1914 pairs remaining to distinguish.
  (CE) Row 461 built. 1873 pairs remaining to distinguish.
  (CE) Row 462 built. 1823 pairs remaining to distinguish.
  (CE) Row 463 built. 1783 pairs remaining to distinguish.
  (CE) Row 464 built. 1743 pairs remaining to distinguish.
  (CE) Row 465 built. 1689 pairs remaining to distinguish.
  (CE) Row 466 built. 1649 pairs remaining to distinguish.
  (CE) Row 467 built. 1567 pairs remaining to distinguish.
  (CE) Row 468 built. 1511 pairs remaining to distinguish.
  (CE) Row 469 built. 1451 pairs remaining to distinguish.
  (CE) Row 470 built. 1422 pairs remaining to distinguish.
  (CE) Row 471 built. 1380 pairs remaining to distinguish.
  (CE) Row 472 built. 1353 pairs remaining to distinguish.
  (CE) Row 473 built. 1312 pairs remaining to distinguish.
  (CE) Row 474 built. 1251 pairs remaining to distinguish.
  (CE) Row 475 built. 1184 pairs remaining to distinguish.
  (CE) Row 476 built. 1135 pairs remaining to distinguish.
  (CE) Row 477 built. 1103 pairs remaining to distinguish.
  (CE) Row 478 built. 1079 pairs remaining to distinguish.
  (CE) Row 479 built. 1050 pairs remaining to distinguish.
  (CE) Row 480 built. 1032 pairs remaining to distinguish.
  (CE) Row 481 built. 1011 pairs remaining to distinguish.
  (CE) Row 482 built. 985 pairs remaining to distinguish.
  (CE) Row 483 built. 940 pairs remaining to distinguish.
  (CE) Row 484 built. 919 pairs remaining to distinguish.
  (CE) Row 485 built. 900 pairs remaining to distinguish.
  (CE) Row 486 built. 863 pairs remaining to distinguish.
  (CE) Row 487 built. 822 pairs remaining to distinguish.
  (CE) Row 488 built. 791 pairs remaining to distinguish.
  (CE) Row 489 built. 766 pairs remaining to distinguish.
  (CE) Row 490 built. 734 pairs remaining to distinguish.
  (CE) Row 491 built. 712 pairs remaining to distinguish.
  (CE) Row 492 built. 691 pairs remaining to distinguish.
  (CE) Row 493 built. 668 pairs remaining to distinguish.
  (CE) Row 494 built. 638 pairs remaining to distinguish.
  (CE) Row 495 built. 616 pairs remaining to distinguish.
  (CE) Row 496 built. 588 pairs remaining to distinguish.
  (CE) Row 497 built. 568 pairs remaining to distinguish.
  (CE) Row 498 built. 538 pairs remaining to distinguish.
  (CE) Row 499 built. 518 pairs remaining to distinguish.
  (CE) Row 500 built. 490 pairs remaining to distinguish.
  (CE) Row 501 built. 470 pairs remaining to distinguish.
  (CE) Row 502 built. 450 pairs remaining to distinguish.
  (CE) Row 503 built. 431 pairs remaining to distinguish.
  (CE) Row 504 built. 415 pairs remaining to distinguish.
  (CE) Row 505 built. 394 pairs remaining to distinguish.
  (CE) Row 506 built. 376 pairs remaining to distinguish.
  (CE) Row 507 built. 362 pairs remaining to distinguish.
  (CE) Row 508 built. 347 pairs remaining to distinguish.
  (CE) Row 509 built. 321 pairs remaining to distinguish.
  (CE) Row 510 built. 301 pairs remaining to distinguish.
  (CE) Row 511 built. 288 pairs remaining to distinguish.
  (CE) Row 512 built. 275 pairs remaining to distinguish.
  (CE) Row 513 built. 265 pairs remaining to distinguish.
  (CE) Row 514 built. 253 pairs remaining to distinguish.
  (CE) Row 515 built. 244 pairs remaining to distinguish.
  (CE) Row 516 built. 232 pairs remaining to distinguish.
  (CE) Row 517 built. 219 pairs remaining to distinguish.
  (CE) Row 518 built. 210 pairs remaining to distinguish.
  (CE) Row 519 built. 196 pairs remaining to distinguish.
  (CE) Row 520 built. 185 pairs remaining to distinguish.
  (CE) Row 521 built. 171 pairs remaining to distinguish.
  (CE) Row 522 built. 162 pairs remaining to distinguish.
  (CE) Row 523 built. 151 pairs remaining to distinguish.
  (CE) Row 524 built. 142 pairs remaining to distinguish.
  (CE) Row 525 built. 136 pairs remaining to distinguish.
  (CE) Row 526 built. 129 pairs remaining to distinguish.
  (CE) Row 527 built. 123 pairs remaining to distinguish.
  (CE) Row 528 built. 117 pairs remaining to distinguish.
  (CE) Row 529 built. 111 pairs remaining to distinguish.
  (CE) Row 530 built. 105 pairs remaining to distinguish.
  (CE) Row 531 built. 98 pairs remaining to distinguish.
  (CE) Row 532 built. 91 pairs remaining to distinguish.
  (CE) Row 533 built. 83 pairs remaining to distinguish.
  (CE) Row 534 built. 75 pairs remaining to distinguish.
  (CE) Row 535 built. 71 pairs remaining to distinguish.
  (CE) Row 536 built. 67 pairs remaining to distinguish.
  (CE) Row 537 built. 61 pairs remaining to distinguish.
  (CE) Row 538 built. 57 pairs remaining to distinguish.
  (CE) Row 539 built. 52 pairs remaining to distinguish.
  (CE) Row 540 built. 48 pairs remaining to distinguish.
  (CE) Row 541 built. 45 pairs remaining to distinguish.
  (CE) Row 542 built. 39 pairs remaining to distinguish.
  (CE) Row 543 built. 35 pairs remaining to distinguish.
  (CE) Row 544 built. 32 pairs remaining to distinguish.
  (CE) Row 545 built. 29 pairs remaining to distinguish.
  (CE) Row 546 built. 26 pairs remaining to distinguish.
  (CE) Row 547 built. 23 pairs remaining to distinguish.
  (CE) Row 548 built. 20 pairs remaining to distinguish.
  (CE) Row 549 built. 17 pairs remaining to distinguish.
  (CE) Row 550 built. 14 pairs remaining to distinguish.
  (CE) Row 551 built. 11 pairs remaining to distinguish.
  (CE) Row 552 built. 7 pairs remaining to distinguish.
  (CE) Row 553 built. 4 pairs remaining to distinguish.
  (CE) Row 554 built. 3 pairs remaining to distinguish.
  (CE) Row 555 built. 2 pairs remaining to distinguish.
  (CE) Row 556 built. 1 pairs remaining to distinguish.
  (CE) Row 557 built. 0 pairs remaining to distinguish.
--- Pareto Front Solutions ---
Solution 0: N total=557 (N_initial=310, N_added=247), Time total=48868 ms, Saved to: ./results/TCAS_t2_l3_pareto_0.csv, percents=1, 

------------d=1, t=2, lambda=4, filename=./evaluation/TCAS/TCAS_2_4.csv------------
Grouping d-sets by partitioned row counts for detecting arrays...
Ready to look at pairs for detecting arrays...
First Stage N=400, Time=9
There are 12746 remaining non-locating pairs
--- Running Conditional Expectation Algorithm (phase2_ce) for Locating ---
  (CE) Initial N_target calculated as: 1237 (M=400)
  (CE) Row 401 built. 12746 pairs remaining to distinguish.
  (CE) Row 402 built. 12746 pairs remaining to distinguish.
  (CE) Row 403 built. 12746 pairs remaining to distinguish.
  (CE) Row 404 built. 12746 pairs remaining to distinguish.
  (CE) Row 405 built. 12746 pairs remaining to distinguish.
  (CE) Row 406 built. 12746 pairs remaining to distinguish.
  (CE) Row 407 built. 12746 pairs remaining to distinguish.
  (CE) Row 408 built. 12746 pairs remaining to distinguish.
  (CE) Row 409 built. 12746 pairs remaining to distinguish.
  (CE) Row 410 built. 12746 pairs remaining to distinguish.
  (CE) Row 411 built. 12746 pairs remaining to distinguish.
  (CE) Row 412 built. 12737 pairs remaining to distinguish.
  (CE) Row 413 built. 12717 pairs remaining to distinguish.
  (CE) Row 414 built. 12690 pairs remaining to distinguish.
  (CE) Row 415 built. 12654 pairs remaining to distinguish.
  (CE) Row 416 built. 12617 pairs remaining to distinguish.
  (CE) Row 417 built. 12573 pairs remaining to distinguish.
  (CE) Row 418 built. 12525 pairs remaining to distinguish.
  (CE) Row 419 built. 12467 pairs remaining to distinguish.
  (CE) Row 420 built. 12418 pairs remaining to distinguish.
  (CE) Row 421 built. 12410 pairs remaining to distinguish.
  (CE) Row 422 built. 12386 pairs remaining to distinguish.
  (CE) Row 423 built. 12378 pairs remaining to distinguish.
  (CE) Row 424 built. 12367 pairs remaining to distinguish.
  (CE) Row 425 built. 12364 pairs remaining to distinguish.
  (CE) Row 426 built. 12352 pairs remaining to distinguish.
  (CE) Row 427 built. 12342 pairs remaining to distinguish.
  (CE) Row 428 built. 12325 pairs remaining to distinguish.
  (CE) Row 429 built. 12315 pairs remaining to distinguish.
  (CE) Row 430 built. 12306 pairs remaining to distinguish.
  (CE) Row 431 built. 12299 pairs remaining to distinguish.
  (CE) Row 432 built. 12291 pairs remaining to distinguish.
  (CE) Row 433 built. 12277 pairs remaining to distinguish.
  (CE) Row 434 built. 12275 pairs remaining to distinguish.
  (CE) Row 435 built. 12274 pairs remaining to distinguish.
  (CE) Row 436 built. 12274 pairs remaining to distinguish.
  (CE) Row 437 built. 12271 pairs remaining to distinguish.
  (CE) Row 438 built. 12268 pairs remaining to distinguish.
  (CE) Row 439 built. 12265 pairs remaining to distinguish.
  (CE) Row 440 built. 12264 pairs remaining to distinguish.
  (CE) Row 441 built. 12257 pairs remaining to distinguish.
  (CE) Row 442 built. 12256 pairs remaining to distinguish.
  (CE) Row 443 built. 12250 pairs remaining to distinguish.
  (CE) Row 444 built. 12250 pairs remaining to distinguish.
  (CE) Row 445 built. 12244 pairs remaining to distinguish.
  (CE) Row 446 built. 12244 pairs remaining to distinguish.
  (CE) Row 447 built. 12244 pairs remaining to distinguish.
  (CE) Row 448 built. 12244 pairs remaining to distinguish.
  (CE) Row 449 built. 12244 pairs remaining to distinguish.
  (CE) Row 450 built. 12244 pairs remaining to distinguish.
  (CE) Row 451 built. 12244 pairs remaining to distinguish.
  (CE) Row 452 built. 12244 pairs remaining to distinguish.
  (CE) Row 453 built. 12243 pairs remaining to distinguish.
  (CE) Row 454 built. 12243 pairs remaining to distinguish.
  (CE) Row 455 built. 12243 pairs remaining to distinguish.
  (CE) Row 456 built. 12243 pairs remaining to distinguish.
  (CE) Row 457 built. 12243 pairs remaining to distinguish.
  (CE) Row 458 built. 12243 pairs remaining to distinguish.
  (CE) Row 459 built. 12237 pairs remaining to distinguish.
  (CE) Row 460 built. 12230 pairs remaining to distinguish.
  (CE) Row 461 built. 12222 pairs remaining to distinguish.
  (CE) Row 462 built. 12222 pairs remaining to distinguish.
  (CE) Row 463 built. 12222 pairs remaining to distinguish.
  (CE) Row 464 built. 12222 pairs remaining to distinguish.
  (CE) Row 465 built. 12215 pairs remaining to distinguish.
  (CE) Row 466 built. 12175 pairs remaining to distinguish.
  (CE) Row 467 built. 12175 pairs remaining to distinguish.
  (CE) Row 468 built. 12172 pairs remaining to distinguish.
  (CE) Row 469 built. 12172 pairs remaining to distinguish.
  (CE) Row 470 built. 12172 pairs remaining to distinguish.
  (CE) Row 471 built. 12172 pairs remaining to distinguish.
  (CE) Row 472 built. 12172 pairs remaining to distinguish.
  (CE) Row 473 built. 12168 pairs remaining to distinguish.
  (CE) Row 474 built. 12168 pairs remaining to distinguish.
  (CE) Row 475 built. 12168 pairs remaining to distinguish.
  (CE) Row 476 built. 12168 pairs remaining to distinguish.
  (CE) Row 477 built. 12168 pairs remaining to distinguish.
  (CE) Row 478 built. 12164 pairs remaining to distinguish.
  (CE) Row 479 built. 12164 pairs remaining to distinguish.
  (CE) Row 480 built. 12164 pairs remaining to distinguish.
  (CE) Row 481 built. 12164 pairs remaining to distinguish.
  (CE) Row 482 built. 12164 pairs remaining to distinguish.
  (CE) Row 483 built. 12160 pairs remaining to distinguish.
  (CE) Row 484 built. 12160 pairs remaining to distinguish.
  (CE) Row 485 built. 12160 pairs remaining to distinguish.
  (CE) Row 486 built. 12159 pairs remaining to distinguish.
  (CE) Row 487 built. 12153 pairs remaining to distinguish.
  (CE) Row 488 built. 12149 pairs remaining to distinguish.
  (CE) Row 489 built. 12139 pairs remaining to distinguish.
  (CE) Row 490 built. 12084 pairs remaining to distinguish.
  (CE) Row 491 built. 12082 pairs remaining to distinguish.
  (CE) Row 492 built. 12082 pairs remaining to distinguish.
  (CE) Row 493 built. 12076 pairs remaining to distinguish.
  (CE) Row 494 built. 12072 pairs remaining to distinguish.
  (CE) Row 495 built. 12070 pairs remaining to distinguish.
  (CE) Row 496 built. 12066 pairs remaining to distinguish.
  (CE) Row 497 built. 12057 pairs remaining to distinguish.
  (CE) Row 498 built. 12048 pairs remaining to distinguish.
  (CE) Row 499 built. 12046 pairs remaining to distinguish.
  (CE) Row 500 built. 12044 pairs remaining to distinguish.
  (CE) Row 501 built. 12024 pairs remaining to distinguish.
  (CE) Row 502 built. 11943 pairs remaining to distinguish.
  (CE) Row 503 built. 11921 pairs remaining to distinguish.
  (CE) Row 504 built. 11887 pairs remaining to distinguish.
  (CE) Row 505 built. 11852 pairs remaining to distinguish.
  (CE) Row 506 built. 11852 pairs remaining to distinguish.
  (CE) Row 507 built. 11852 pairs remaining to distinguish.
  (CE) Row 508 built. 11818 pairs remaining to distinguish.
  (CE) Row 509 built. 11808 pairs remaining to distinguish.
  (CE) Row 510 built. 11799 pairs remaining to distinguish.
  (CE) Row 511 built. 11760 pairs remaining to distinguish.
  (CE) Row 512 built. 11716 pairs remaining to distinguish.
  (CE) Row 513 built. 11675 pairs remaining to distinguish.
  (CE) Row 514 built. 11627 pairs remaining to distinguish.
  (CE) Row 515 built. 11571 pairs remaining to distinguish.
  (CE) Row 516 built. 11552 pairs remaining to distinguish.
  (CE) Row 517 built. 11529 pairs remaining to distinguish.
  (CE) Row 518 built. 11480 pairs remaining to distinguish.
  (CE) Row 519 built. 11450 pairs remaining to distinguish.
  (CE) Row 520 built. 11376 pairs remaining to distinguish.
  (CE) Row 521 built. 11312 pairs remaining to distinguish.
  (CE) Row 522 built. 11271 pairs remaining to distinguish.
  (CE) Row 523 built. 11204 pairs remaining to distinguish.
  (CE) Row 524 built. 11136 pairs remaining to distinguish.
  (CE) Row 525 built. 11065 pairs remaining to distinguish.
  (CE) Row 526 built. 10984 pairs remaining to distinguish.
  (CE) Row 527 built. 10948 pairs remaining to distinguish.
  (CE) Row 528 built. 10815 pairs remaining to distinguish.
  (CE) Row 529 built. 10737 pairs remaining to distinguish.
  (CE) Row 530 built. 10690 pairs remaining to distinguish.
  (CE) Row 531 built. 10584 pairs remaining to distinguish.
  (CE) Row 532 built. 10522 pairs remaining to distinguish.
  (CE) Row 533 built. 10372 pairs remaining to distinguish.
  (CE) Row 534 built. 10299 pairs remaining to distinguish.
  (CE) Row 535 built. 10239 pairs remaining to distinguish.
  (CE) Row 536 built. 10149 pairs remaining to distinguish.
  (CE) Row 537 built. 10049 pairs remaining to distinguish.
  (CE) Row 538 built. 9965 pairs remaining to distinguish.
  (CE) Row 539 built. 9887 pairs remaining to distinguish.
  (CE) Row 540 built. 9822 pairs remaining to distinguish.
  (CE) Row 541 built. 9679 pairs remaining to distinguish.
  (CE) Row 542 built. 9572 pairs remaining to distinguish.
  (CE) Row 543 built. 9473 pairs remaining to distinguish.
  (CE) Row 544 built. 9329 pairs remaining to distinguish.
  (CE) Row 545 built. 9214 pairs remaining to distinguish.
  (CE) Row 546 built. 9100 pairs remaining to distinguish.
  (CE) Row 547 built. 8996 pairs remaining to distinguish.
  (CE) Row 548 built. 8903 pairs remaining to distinguish.
  (CE) Row 549 built. 8811 pairs remaining to distinguish.
  (CE) Row 550 built. 8727 pairs remaining to distinguish.
  (CE) Row 551 built. 8597 pairs remaining to distinguish.
  (CE) Row 552 built. 8449 pairs remaining to distinguish.
  (CE) Row 553 built. 8350 pairs remaining to distinguish.
  (CE) Row 554 built. 8251 pairs remaining to distinguish.
  (CE) Row 555 built. 8155 pairs remaining to distinguish.
  (CE) Row 556 built. 8012 pairs remaining to distinguish.
  (CE) Row 557 built. 7889 pairs remaining to distinguish.
  (CE) Row 558 built. 7779 pairs remaining to distinguish.
  (CE) Row 559 built. 7663 pairs remaining to distinguish.
  (CE) Row 560 built. 7550 pairs remaining to distinguish.
  (CE) Row 561 built. 7396 pairs remaining to distinguish.
  (CE) Row 562 built. 7253 pairs remaining to distinguish.
  (CE) Row 563 built. 7105 pairs remaining to distinguish.
  (CE) Row 564 built. 6986 pairs remaining to distinguish.
  (CE) Row 565 built. 6872 pairs remaining to distinguish.
  (CE) Row 566 built. 6702 pairs remaining to distinguish.
  (CE) Row 567 built. 6556 pairs remaining to distinguish.
  (CE) Row 568 built. 6423 pairs remaining to distinguish.
  (CE) Row 569 built. 6290 pairs remaining to distinguish.
  (CE) Row 570 built. 6159 pairs remaining to distinguish.
  (CE) Row 571 built. 5987 pairs remaining to distinguish.
  (CE) Row 572 built. 5836 pairs remaining to distinguish.
  (CE) Row 573 built. 5696 pairs remaining to distinguish.
  (CE) Row 574 built. 5557 pairs remaining to distinguish.
  (CE) Row 575 built. 5416 pairs remaining to distinguish.
  (CE) Row 576 built. 5232 pairs remaining to distinguish.
  (CE) Row 577 built. 5081 pairs remaining to distinguish.
  (CE) Row 578 built. 4935 pairs remaining to distinguish.
  (CE) Row 579 built. 4796 pairs remaining to distinguish.
  (CE) Row 580 built. 4656 pairs remaining to distinguish.
  (CE) Row 581 built. 4484 pairs remaining to distinguish.
  (CE) Row 582 built. 4325 pairs remaining to distinguish.
  (CE) Row 583 built. 4149 pairs remaining to distinguish.
  (CE) Row 584 built. 3995 pairs remaining to distinguish.
  (CE) Row 585 built. 3834 pairs remaining to distinguish.
  (CE) Row 586 built. 3651 pairs remaining to distinguish.
  (CE) Row 587 built. 3477 pairs remaining to distinguish.
  (CE) Row 588 built. 3313 pairs remaining to distinguish.
  (CE) Row 589 built. 3151 pairs remaining to distinguish.
  (CE) Row 590 built. 2990 pairs remaining to distinguish.
  (CE) Row 591 built. 2807 pairs remaining to distinguish.
  (CE) Row 592 built. 2630 pairs remaining to distinguish.
  (CE) Row 593 built. 2447 pairs remaining to distinguish.
  (CE) Row 594 built. 2274 pairs remaining to distinguish.
  (CE) Row 595 built. 2103 pairs remaining to distinguish.
  (CE) Row 596 built. 1914 pairs remaining to distinguish.
  (CE) Row 597 built. 1724 pairs remaining to distinguish.
  (CE) Row 598 built. 1533 pairs remaining to distinguish.
  (CE) Row 599 built. 1352 pairs remaining to distinguish.
  (CE) Row 600 built. 1171 pairs remaining to distinguish.
  (CE) Row 601 built. 1160 pairs remaining to distinguish.
  (CE) Row 602 built. 1148 pairs remaining to distinguish.
  (CE) Row 603 built. 1126 pairs remaining to distinguish.
  (CE) Row 604 built. 1106 pairs remaining to distinguish.
  (CE) Row 605 built. 1073 pairs remaining to distinguish.
  (CE) Row 606 built. 1050 pairs remaining to distinguish.
  (CE) Row 607 built. 1022 pairs remaining to distinguish.
  (CE) Row 608 built. 1009 pairs remaining to distinguish.
  (CE) Row 609 built. 998 pairs remaining to distinguish.
  (CE) Row 610 built. 980 pairs remaining to distinguish.
  (CE) Row 611 built. 959 pairs remaining to distinguish.
  (CE) Row 612 built. 942 pairs remaining to distinguish.
  (CE) Row 613 built. 925 pairs remaining to distinguish.
  (CE) Row 614 built. 912 pairs remaining to distinguish.
  (CE) Row 615 built. 903 pairs remaining to distinguish.
  (CE) Row 616 built. 885 pairs remaining to distinguish.
  (CE) Row 617 built. 868 pairs remaining to distinguish.
  (CE) Row 618 built. 857 pairs remaining to distinguish.
  (CE) Row 619 built. 848 pairs remaining to distinguish.
  (CE) Row 620 built. 831 pairs remaining to distinguish.
  (CE) Row 621 built. 827 pairs remaining to distinguish.
  (CE) Row 622 built. 817 pairs remaining to distinguish.
  (CE) Row 623 built. 801 pairs remaining to distinguish.
  (CE) Row 624 built. 799 pairs remaining to distinguish.
  (CE) Row 625 built. 795 pairs remaining to distinguish.
  (CE) Row 626 built. 790 pairs remaining to distinguish.
  (CE) Row 627 built. 769 pairs remaining to distinguish.
  (CE) Row 628 built. 765 pairs remaining to distinguish.
  (CE) Row 629 built. 759 pairs remaining to distinguish.
  (CE) Row 630 built. 753 pairs remaining to distinguish.
  (CE) Row 631 built. 743 pairs remaining to distinguish.
  (CE) Row 632 built. 738 pairs remaining to distinguish.
  (CE) Row 633 built. 726 pairs remaining to distinguish.
  (CE) Row 634 built. 719 pairs remaining to distinguish.
  (CE) Row 635 built. 714 pairs remaining to distinguish.
  (CE) Row 636 built. 702 pairs remaining to distinguish.
  (CE) Row 637 built. 690 pairs remaining to distinguish.
  (CE) Row 638 built. 684 pairs remaining to distinguish.
  (CE) Row 639 built. 680 pairs remaining to distinguish.
  (CE) Row 640 built. 675 pairs remaining to distinguish.
  (CE) Row 641 built. 667 pairs remaining to distinguish.
  (CE) Row 642 built. 650 pairs remaining to distinguish.
  (CE) Row 643 built. 645 pairs remaining to distinguish.
  (CE) Row 644 built. 631 pairs remaining to distinguish.
  (CE) Row 645 built. 622 pairs remaining to distinguish.
  (CE) Row 646 built. 606 pairs remaining to distinguish.
  (CE) Row 647 built. 593 pairs remaining to distinguish.
  (CE) Row 648 built. 584 pairs remaining to distinguish.
  (CE) Row 649 built. 572 pairs remaining to distinguish.
  (CE) Row 650 built. 560 pairs remaining to distinguish.
  (CE) Row 651 built. 554 pairs remaining to distinguish.
  (CE) Row 652 built. 547 pairs remaining to distinguish.
  (CE) Row 653 built. 540 pairs remaining to distinguish.
  (CE) Row 654 built. 534 pairs remaining to distinguish.
  (CE) Row 655 built. 526 pairs remaining to distinguish.
  (CE) Row 656 built. 518 pairs remaining to distinguish.
  (CE) Row 657 built. 508 pairs remaining to distinguish.
  (CE) Row 658 built. 500 pairs remaining to distinguish.
  (CE) Row 659 built. 494 pairs remaining to distinguish.
  (CE) Row 660 built. 487 pairs remaining to distinguish.
  (CE) Row 661 built. 478 pairs remaining to distinguish.
  (CE) Row 662 built. 469 pairs remaining to distinguish.
  (CE) Row 663 built. 460 pairs remaining to distinguish.
  (CE) Row 664 built. 447 pairs remaining to distinguish.
  (CE) Row 665 built. 434 pairs remaining to distinguish.
  (CE) Row 666 built. 424 pairs remaining to distinguish.
  (CE) Row 667 built. 415 pairs remaining to distinguish.
  (CE) Row 668 built. 406 pairs remaining to distinguish.
  (CE) Row 669 built. 394 pairs remaining to distinguish.
  (CE) Row 670 built. 381 pairs remaining to distinguish.
  (CE) Row 671 built. 370 pairs remaining to distinguish.
  (CE) Row 672 built. 357 pairs remaining to distinguish.
  (CE) Row 673 built. 343 pairs remaining to distinguish.
  (CE) Row 674 built. 331 pairs remaining to distinguish.
  (CE) Row 675 built. 317 pairs remaining to distinguish.
  (CE) Row 676 built. 306 pairs remaining to distinguish.
  (CE) Row 677 built. 295 pairs remaining to distinguish.
  (CE) Row 678 built. 283 pairs remaining to distinguish.
  (CE) Row 679 built. 270 pairs remaining to distinguish.
  (CE) Row 680 built. 257 pairs remaining to distinguish.
  (CE) Row 681 built. 245 pairs remaining to distinguish.
  (CE) Row 682 built. 232 pairs remaining to distinguish.
  (CE) Row 683 built. 220 pairs remaining to distinguish.
  (CE) Row 684 built. 208 pairs remaining to distinguish.
  (CE) Row 685 built. 196 pairs remaining to distinguish.
  (CE) Row 686 built. 184 pairs remaining to distinguish.
  (CE) Row 687 built. 171 pairs remaining to distinguish.
  (CE) Row 688 built. 159 pairs remaining to distinguish.
  (CE) Row 689 built. 147 pairs remaining to distinguish.
  (CE) Row 690 built. 135 pairs remaining to distinguish.
  (CE) Row 691 built. 125 pairs remaining to distinguish.
  (CE) Row 692 built. 114 pairs remaining to distinguish.
  (CE) Row 693 built. 102 pairs remaining to distinguish.
  (CE) Row 694 built. 90 pairs remaining to distinguish.
  (CE) Row 695 built. 77 pairs remaining to distinguish.
  (CE) Row 696 built. 65 pairs remaining to distinguish.
  (CE) Row 697 built. 53 pairs remaining to distinguish.
  (CE) Row 698 built. 41 pairs remaining to distinguish.
  (CE) Row 699 built. 29 pairs remaining to distinguish.
  (CE) Row 700 built. 17 pairs remaining to distinguish.
  (CE) Row 701 built. 13 pairs remaining to distinguish.
  (CE) Row 702 built. 9 pairs remaining to distinguish.
  (CE) Row 703 built. 7 pairs remaining to distinguish.
  (CE) Row 704 built. 5 pairs remaining to distinguish.
  (CE) Row 705 built. 1 pairs remaining to distinguish.
  (CE) Row 706 built. 0 pairs remaining to distinguish.
--- Pareto Front Solutions ---
Solution 0: N total=706 (N_initial=400, N_added=306), Time total=104498 ms, Saved to: ./results/TCAS_t2_l4_pareto_0.csv, percents=1, 

