------------d=1, t=2, lambda=1, filename=./evaluation/Wireless/Wireless_2_1.csv------------
Grouping d-sets by partitioned row counts for detecting arrays...
Ready to look at pairs for detecting arrays...
First Stage N=45, Time=17
There are 57665 remaining non-locating pairs
--- Running GA Algorithm (phase2) ---
Running GA with std::execution::par
Generation #0
73,11499,0.001, 0.139605, 0.219523, 0.33745, 0.371203, 0.465486, 0.467519, 0.710549, 0.845754, 0.979017, 1, 

74,8790,0.001, 0.14223, 0.153706, 0.489961, 0.49157, 0.49993, 0.518898, 0.58726, 0.607083, 0.793639, 0.806633, 1, 

82,3191,0.001, 0.0219461, 0.0261442, 0.0262016, 0.0663368, 0.100799, 0.164494, 0.217953, 0.230267, 0.239707, 0.475426, 0.477239, 0.511489, 0.606937, 0.610299, 0.685118, 0.749872, 0.761045, 0.79815, 0.843834, 0.85952, 0.956795, 1, 

84,3187,0.001, 0.016831, 0.0528152, 0.0980615, 0.106911, 0.119235, 0.150345, 0.17776, 0.247358, 0.299091, 0.400537, 0.470213, 0.492376, 0.576229, 0.613618, 0.67643, 0.75629, 0.776041, 0.831382, 0.839098, 0.844438, 0.957415, 0.970357, 1, 

78,3342,0.001, 0.0141455, 0.0218816, 0.0456565, 0.126535, 0.171676, 0.223503, 0.360442, 0.365705, 0.45636, 0.479251, 0.508095, 0.573131, 0.69156, 0.698453, 0.828251, 0.841254, 0.951562, 1, 

76,5283,0.001, 0.0498482, 0.216652, 0.249468, 0.280081, 0.356849, 0.456092, 0.578588, 0.814896, 0.815772, 0.872318, 0.886671, 0.887786, 1, 

90,2839,0.001, 0.0234395, 0.0390873, 0.0460126, 0.10239, 0.111185, 0.134715, 0.142228, 0.147769, 0.164878, 0.182603, 0.226503, 0.233886, 0.288066, 0.436146, 0.459913, 0.494666, 0.552769, 0.560013, 0.560173, 0.589613, 0.739437, 0.740977, 0.79267, 0.822098, 0.937526, 0.967304, 1, 

Generation #1
74,8790,0.001, 0.14223, 0.153706, 0.489961, 0.49157, 0.49993, 0.518898, 0.58726, 0.607083, 0.793639, 0.806633, 1, 

83,1833,0.001, 0.017851, 0.0501659, 0.0513067, 0.110065, 0.137015, 0.159559, 0.187127, 0.247358, 0.299091, 0.400537, 0.470213, 0.492376, 0.576229, 0.352807, 0.67643, 0.75629, 0.776041, 0.831382, 0.839098, 0.844438, 0.957415, 0.970357, 1, 

73,10675,0.001, 0.196901, 0.247283, 0.312901, 0.334996, 0.373493, 0.477284, 0.477442, 0.932469, 0.993654, 1, 

76,2016,0.001, 0.0219461, 0.0261442, 0.0262016, 0.0663368, 0.100799, 0.164494, 0.217953, 0.230267, 0.239707, 0.475426, 0.477239, 0.859433, 0.884137, 1, 

81,1942,0.001, 0.00749773, 0.0835864, 0.148514, 0.148878, 0.159123, 0.176135, 0.647482, 0.720485, 0.769396, 0.852517, 0.855279, 0.907776, 0.923567, 0.93804, 0.975286, 0.993441, 0.997671, 1, 

75,2134,0.001, 0.0254464, 0.0366954, 0.0698214, 0.10015, 0.173493, 0.182069, 0.201765, 0.797689, 0.831146, 0.990146, 1, 

Generation #2
74,8790,0.001, 0.14223, 0.153706, 0.489961, 0.49157, 0.49993, 0.518898, 0.58726, 0.607083, 0.793639, 0.806633, 1, 

73,10675,0.001, 0.196901, 0.247283, 0.312901, 0.334996, 0.373493, 0.477284, 0.477442, 0.932469, 0.993654, 1, 

76,2016,0.001, 0.0219461, 0.0261442, 0.0262016, 0.0663368, 0.100799, 0.164494, 0.217953, 0.230267, 0.239707, 0.475426, 0.477239, 0.859433, 0.884137, 1, 

75,2134,0.001, 0.0254464, 0.0366954, 0.0698214, 0.10015, 0.173493, 0.182069, 0.201765, 0.797689, 0.831146, 0.990146, 1, 

78,1866,0.001, 0.0234395, 0.0390873, 0.0460126, 0.0863873, 0.182181, 0.199982, 0.212079, 0.243302, 0.251531, 0.26423, 0.49426, 0.494827, 0.552829, 0.584441, 0.674566, 0.701407, 0.949534, 1, 

79,1654,0.001, 0.0219461, 0.0261442, 0.0262016, 0.0663368, 0.100799, 0.164494, 0.385246, 0.494171, 0.566406, 0.905067, 0.913929, 0.96706, 0.968253, 0.992228, 1, 

Generation #3
76,1710,0.001, 0.017851, 0.0501659, 0.0513067, 0.110065, 0.137015, 0.159559, 0.710549, 0.845754, 0.979017, 1, 

77,1648,0.001, 0.0141455, 0.0218816, 0.0262016, 0.0663368, 0.100799, 0.164494, 0.385246, 0.494171, 0.566406, 0.905067, 0.913929, 0.96706, 0.968253, 0.992228, 1, 

75,1792,0.001, 0.017851, 0.0501659, 0.0513067, 0.110065, 0.159123, 0.176135, 0.202599, 0.220679, 0.352849, 0.417959, 0.422481, 0.797568, 0.797852, 0.857405, 1, 

71,1935,0.001, 0.00749773, 0.0835864, 0.148514, 0.148878, 0.159123, 0.176135, 0.710549, 0.845754, 0.979017, 1, 

73,1872,0.001, 0.017851, 0.0501659, 0.0513067, 0.10015, 0.173493, 0.330756, 0.385246, 0.408992, 0.494171, 0.979017, 1, 

Generation #4
76,1710,0.001, 0.017851, 0.0501659, 0.0513067, 0.110065, 0.137015, 0.159559, 0.710549, 0.845754, 0.979017, 1, 

75,1792,0.001, 0.017851, 0.0501659, 0.0513067, 0.110065, 0.159123, 0.176135, 0.202599, 0.220679, 0.352849, 0.417959, 0.422481, 0.797568, 0.797852, 0.857405, 1, 

71,1935,0.001, 0.00749773, 0.0835864, 0.148514, 0.148878, 0.159123, 0.176135, 0.710549, 0.845754, 0.979017, 1, 

73,1872,0.001, 0.017851, 0.0501659, 0.0513067, 0.10015, 0.173493, 0.330756, 0.385246, 0.408992, 0.494171, 0.979017, 1, 

92,1613,0.001, 0.0219461, 0.0261442, 0.0262016, 0.0663368, 0.100799, 0.164494, 0.217953, 0.264579, 0.275149, 0.356605, 0.380371, 0.473197, 0.478227, 0.52842, 0.543818, 0.609295, 0.612681, 0.667676, 0.687441, 0.704605, 0.736278, 0.751343, 0.77478, 0.801021, 0.804286, 0.873096, 0.898873, 0.915177, 0.951407, 1, 

77,1626,0.001, 0.00749773, 0.0390873, 0.0460126, 0.0863873, 0.182181, 0.199982, 0.212079, 0.243302, 0.635177, 0.648952, 0.726148, 0.943837, 0.951523, 1, 

Generation #5
73,1429,0.001, 0.0141455, 0.0218816, 0.0262016, 0.0663368, 0.100799, 0.164494, 0.385246, 0.494171, 0.566406, 0.905067, 1, 

71,1728,0.001, 0.017851, 0.0501659, 0.0513067, 0.110065, 0.159123, 0.176135, 0.202599, 0.81168, 0.793639, 0.806633, 1, 

Generation #6
73,1429,0.001, 0.0141455, 0.0218816, 0.0262016, 0.0663368, 0.100799, 0.164494, 0.385246, 0.494171, 0.566406, 0.905067, 1, 

71,1728,0.001, 0.017851, 0.0501659, 0.0513067, 0.110065, 0.159123, 0.176135, 0.202599, 0.81168, 0.793639, 0.806633, 1, 

70,1809,0.001, 0.0141455, 0.0218816, 0.0262016, 0.0663368, 0.100799, 0.164494, 0.178569, 0.243302, 0.251531, 1, 

Generation #7
73,1429,0.001, 0.0141455, 0.0218816, 0.0262016, 0.0663368, 0.100799, 0.164494, 0.385246, 0.494171, 0.566406, 0.905067, 1, 

71,1728,0.001, 0.017851, 0.0501659, 0.0513067, 0.110065, 0.159123, 0.176135, 0.202599, 0.81168, 0.793639, 0.806633, 1, 

70,1809,0.001, 0.0141455, 0.0218816, 0.0262016, 0.0663368, 0.100799, 0.164494, 0.178569, 0.243302, 0.251531, 1, 

Generation #8
73,1429,0.001, 0.0141455, 0.0218816, 0.0262016, 0.0663368, 0.100799, 0.164494, 0.385246, 0.494171, 0.566406, 0.905067, 1, 

71,1728,0.001, 0.017851, 0.0501659, 0.0513067, 0.110065, 0.159123, 0.176135, 0.202599, 0.81168, 0.793639, 0.806633, 1, 

70,1809,0.001, 0.0141455, 0.0218816, 0.0262016, 0.0663368, 0.100799, 0.164494, 0.178569, 0.243302, 0.251531, 1, 

Generation #9
73,1429,0.001, 0.0141455, 0.0218816, 0.0262016, 0.0663368, 0.100799, 0.164494, 0.385246, 0.494171, 0.566406, 0.905067, 1, 

70,1705,0.001, 0.017851, 0.0501659, 0.0262016, 0.0663368, 0.100799, 0.164494, 0.178569, 0.243302, 0.251531, 1, 

78,1286,0.001, 0.00749773, 0.0261442, 0.0262016, 0.0663368, 0.100799, 0.164494, 0.385246, 0.724748, 0.810831, 0.849767, 0.870316, 0.901945, 1, 

Generation #10
73,1429,0.001, 0.0141455, 0.0218816, 0.0262016, 0.0663368, 0.100799, 0.164494, 0.385246, 0.494171, 0.566406, 0.905067, 1, 

70,1705,0.001, 0.017851, 0.0501659, 0.0262016, 0.0663368, 0.100799, 0.164494, 0.178569, 0.243302, 0.251531, 1, 

72,1517,0.001, 0.00749773, 0.0390873, 0.0460126, 0.0863873, 0.182181, 0.159559, 0.467519, 0.710549, 0.845754, 0.979017, 1, 

74,1305,0.001, 0.00749773, 0.0261442, 0.0262016, 0.0663368, 0.100799, 0.164494, 0.385246, 0.810831, 0.849767, 0.870316, 1, 

77,1255,0.001, 0.00749773, 0.0261442, 0.0262016, 0.0663368, 0.100799, 0.164494, 0.385246, 0.724748, 0.810831, 0.849767, 0.726148, 1, 

Generation #11
70,1705,0.001, 0.017851, 0.0501659, 0.0262016, 0.0663368, 0.100799, 0.164494, 0.178569, 0.243302, 0.251531, 1, 

74,1305,0.001, 0.00749773, 0.0261442, 0.0262016, 0.0663368, 0.100799, 0.164494, 0.385246, 0.810831, 0.849767, 0.870316, 1, 

77,1255,0.001, 0.00749773, 0.0261442, 0.0262016, 0.0663368, 0.100799, 0.164494, 0.385246, 0.724748, 0.810831, 0.849767, 0.726148, 1, 

71,1417,0.001, 0.00749773, 0.0390873, 0.0513067, 0.110065, 0.272892, 0.159123, 0.176135, 0.202599, 0.275149, 0.356605, 0.726148, 1, 

Generation #12
70,934,0.001, 0.00749773, 0.0261442, 0.0262016, 0.0663368, 0.100799, 0.164494, 0.217953, 0.845754, 0.979017, 1, 

Generation #13
70,934,0.001, 0.00749773, 0.0261442, 0.0262016, 0.0663368, 0.100799, 0.164494, 0.217953, 0.845754, 0.979017, 1, 

Generation #14
70,934,0.001, 0.00749773, 0.0261442, 0.0262016, 0.0663368, 0.100799, 0.164494, 0.217953, 0.845754, 0.979017, 1, 

69,1148,0.001, 0.00749773, 0.0261442, 0.0262016, 0.0663368, 0.100799, 0.164494, 0.217953, 0.810831, 0.849767, 0.870316, 1, 

Generation #15
70,934,0.001, 0.00749773, 0.0261442, 0.0262016, 0.0663368, 0.100799, 0.164494, 0.217953, 0.845754, 0.979017, 1, 

69,1148,0.001, 0.00749773, 0.0261442, 0.0262016, 0.0663368, 0.100799, 0.164494, 0.217953, 0.810831, 0.849767, 0.870316, 1, 

Generation #16
70,934,0.001, 0.00749773, 0.0261442, 0.0262016, 0.0663368, 0.100799, 0.164494, 0.217953, 0.845754, 0.979017, 1, 

69,1115,0.001, 0.00749773, 0.0261442, 0.0262016, 0.0663368, 0.100799, 0.164494, 0.202599, 0.251531, 1, 

Generation #17
70,934,0.001, 0.00749773, 0.0261442, 0.0262016, 0.0663368, 0.100799, 0.164494, 0.217953, 0.845754, 0.979017, 1, 

69,1115,0.001, 0.00749773, 0.0261442, 0.0262016, 0.0663368, 0.100799, 0.164494, 0.202599, 0.251531, 1, 

68,1278,0.001, 0.00749773, 0.0501659, 0.0663368, 0.100799, 0.164494, 0.178569, 0.243302, 0.275149, 0.356605, 0.726148, 1, 

Generation #18
70,934,0.001, 0.00749773, 0.0261442, 0.0262016, 0.0663368, 0.100799, 0.164494, 0.217953, 0.845754, 0.979017, 1, 

69,1115,0.001, 0.00749773, 0.0261442, 0.0262016, 0.0663368, 0.100799, 0.164494, 0.202599, 0.251531, 1, 

68,1278,0.001, 0.00749773, 0.0501659, 0.0663368, 0.100799, 0.164494, 0.178569, 0.243302, 0.275149, 0.356605, 0.726148, 1, 

Generation #19
70,934,0.001, 0.00749773, 0.0261442, 0.0262016, 0.0663368, 0.100799, 0.164494, 0.217953, 0.845754, 0.979017, 1, 

69,1115,0.001, 0.00749773, 0.0261442, 0.0262016, 0.0663368, 0.100799, 0.164494, 0.202599, 0.251531, 1, 

68,1278,0.001, 0.00749773, 0.0501659, 0.0663368, 0.100799, 0.164494, 0.178569, 0.243302, 0.275149, 0.356605, 0.726148, 1, 

Generation #20
70,934,0.001, 0.00749773, 0.0261442, 0.0262016, 0.0663368, 0.100799, 0.164494, 0.217953, 0.845754, 0.979017, 1, 

69,1115,0.001, 0.00749773, 0.0261442, 0.0262016, 0.0663368, 0.100799, 0.164494, 0.202599, 0.251531, 1, 

68,1278,0.001, 0.00749773, 0.0501659, 0.0663368, 0.100799, 0.164494, 0.178569, 0.243302, 0.275149, 0.356605, 0.726148, 1, 

67,1468,0.001, 0.00749773, 0.0218816, 0.0262016, 0.0663368, 0.100799, 0.164494, 0.178569, 0.243302, 0.275149, 1, 

Generation #21
70,934,0.001, 0.00749773, 0.0261442, 0.0262016, 0.0663368, 0.100799, 0.164494, 0.217953, 0.845754, 0.979017, 1, 

69,1115,0.001, 0.00749773, 0.0261442, 0.0262016, 0.0663368, 0.100799, 0.164494, 0.202599, 0.251531, 1, 

68,1278,0.001, 0.00749773, 0.0501659, 0.0663368, 0.100799, 0.164494, 0.178569, 0.243302, 0.275149, 0.356605, 0.726148, 1, 

67,1468,0.001, 0.00749773, 0.0218816, 0.0262016, 0.0663368, 0.100799, 0.164494, 0.178569, 0.243302, 0.275149, 1, 

Generation #22
70,934,0.001, 0.00749773, 0.0261442, 0.0262016, 0.0663368, 0.100799, 0.164494, 0.217953, 0.845754, 0.979017, 1, 

69,1115,0.001, 0.00749773, 0.0261442, 0.0262016, 0.0663368, 0.100799, 0.164494, 0.202599, 0.251531, 1, 

68,1278,0.001, 0.00749773, 0.0501659, 0.0663368, 0.100799, 0.164494, 0.178569, 0.243302, 0.275149, 0.356605, 0.726148, 1, 

67,1468,0.001, 0.00749773, 0.0218816, 0.0262016, 0.0663368, 0.100799, 0.164494, 0.178569, 0.243302, 0.275149, 1, 

Generation #23
70,934,0.001, 0.00749773, 0.0261442, 0.0262016, 0.0663368, 0.100799, 0.164494, 0.217953, 0.845754, 0.979017, 1, 

69,1115,0.001, 0.00749773, 0.0261442, 0.0262016, 0.0663368, 0.100799, 0.164494, 0.202599, 0.251531, 1, 

68,1278,0.001, 0.00749773, 0.0501659, 0.0663368, 0.100799, 0.164494, 0.178569, 0.243302, 0.275149, 0.356605, 0.726148, 1, 

67,1468,0.001, 0.00749773, 0.0218816, 0.0262016, 0.0663368, 0.100799, 0.164494, 0.178569, 0.243302, 0.275149, 1, 

Generation #24
70,934,0.001, 0.00749773, 0.0261442, 0.0262016, 0.0663368, 0.100799, 0.164494, 0.217953, 0.845754, 0.979017, 1, 

69,1115,0.001, 0.00749773, 0.0261442, 0.0262016, 0.0663368, 0.100799, 0.164494, 0.202599, 0.251531, 1, 

67,1468,0.001, 0.00749773, 0.0218816, 0.0262016, 0.0663368, 0.100799, 0.164494, 0.178569, 0.243302, 0.275149, 1, 

68,1157,0.001, 0.00749773, 0.0261442, 0.0262016, 0.0663368, 0.100799, 0.164494, 0.202599, 0.243302, 0.251531, 1, 

Generation #25
70,934,0.001, 0.00749773, 0.0261442, 0.0262016, 0.0663368, 0.100799, 0.164494, 0.217953, 0.845754, 0.979017, 1, 

69,1115,0.001, 0.00749773, 0.0261442, 0.0262016, 0.0663368, 0.100799, 0.164494, 0.202599, 0.251531, 1, 

67,1468,0.001, 0.00749773, 0.0218816, 0.0262016, 0.0663368, 0.100799, 0.164494, 0.178569, 0.243302, 0.275149, 1, 

68,1157,0.001, 0.00749773, 0.0261442, 0.0262016, 0.0663368, 0.100799, 0.164494, 0.202599, 0.243302, 0.251531, 1, 

Generation #26
70,934,0.001, 0.00749773, 0.0261442, 0.0262016, 0.0663368, 0.100799, 0.164494, 0.217953, 0.845754, 0.979017, 1, 

69,1115,0.001, 0.00749773, 0.0261442, 0.0262016, 0.0663368, 0.100799, 0.164494, 0.202599, 0.251531, 1, 

67,1468,0.001, 0.00749773, 0.0218816, 0.0262016, 0.0663368, 0.100799, 0.164494, 0.178569, 0.243302, 0.275149, 1, 

68,1157,0.001, 0.00749773, 0.0261442, 0.0262016, 0.0663368, 0.100799, 0.164494, 0.202599, 0.243302, 0.251531, 1, 

Generation #27
70,934,0.001, 0.00749773, 0.0261442, 0.0262016, 0.0663368, 0.100799, 0.164494, 0.217953, 0.845754, 0.979017, 1, 

69,1115,0.001, 0.00749773, 0.0261442, 0.0262016, 0.0663368, 0.100799, 0.164494, 0.202599, 0.251531, 1, 

67,1468,0.001, 0.00749773, 0.0218816, 0.0262016, 0.0663368, 0.100799, 0.164494, 0.178569, 0.243302, 0.275149, 1, 

68,1157,0.001, 0.00749773, 0.0261442, 0.0262016, 0.0663368, 0.100799, 0.164494, 0.202599, 0.243302, 0.251531, 1, 

Generation #28
70,934,0.001, 0.00749773, 0.0261442, 0.0262016, 0.0663368, 0.100799, 0.164494, 0.217953, 0.845754, 0.979017, 1, 

69,1115,0.001, 0.00749773, 0.0261442, 0.0262016, 0.0663368, 0.100799, 0.164494, 0.202599, 0.251531, 1, 

67,1468,0.001, 0.00749773, 0.0218816, 0.0262016, 0.0663368, 0.100799, 0.164494, 0.178569, 0.243302, 0.275149, 1, 

68,1157,0.001, 0.00749773, 0.0261442, 0.0262016, 0.0663368, 0.100799, 0.164494, 0.202599, 0.243302, 0.251531, 1, 

Generation #29
70,934,0.001, 0.00749773, 0.0261442, 0.0262016, 0.0663368, 0.100799, 0.164494, 0.217953, 0.845754, 0.979017, 1, 

69,1115,0.001, 0.00749773, 0.0261442, 0.0262016, 0.0663368, 0.100799, 0.164494, 0.202599, 0.251531, 1, 

67,1468,0.001, 0.00749773, 0.0218816, 0.0262016, 0.0663368, 0.100799, 0.164494, 0.178569, 0.243302, 0.275149, 1, 

68,1157,0.001, 0.00749773, 0.0261442, 0.0262016, 0.0663368, 0.100799, 0.164494, 0.202599, 0.243302, 0.251531, 1, 

Generation #30
70,934,0.001, 0.00749773, 0.0261442, 0.0262016, 0.0663368, 0.100799, 0.164494, 0.217953, 0.845754, 0.979017, 1, 

69,1115,0.001, 0.00749773, 0.0261442, 0.0262016, 0.0663368, 0.100799, 0.164494, 0.202599, 0.251531, 1, 

67,1468,0.001, 0.00749773, 0.0218816, 0.0262016, 0.0663368, 0.100799, 0.164494, 0.178569, 0.243302, 0.275149, 1, 

68,1157,0.001, 0.00749773, 0.0261442, 0.0262016, 0.0663368, 0.100799, 0.164494, 0.202599, 0.243302, 0.251531, 1, 

Generation #31
70,934,0.001, 0.00749773, 0.0261442, 0.0262016, 0.0663368, 0.100799, 0.164494, 0.217953, 0.845754, 0.979017, 1, 

69,1115,0.001, 0.00749773, 0.0261442, 0.0262016, 0.0663368, 0.100799, 0.164494, 0.202599, 0.251531, 1, 

67,1468,0.001, 0.00749773, 0.0218816, 0.0262016, 0.0663368, 0.100799, 0.164494, 0.178569, 0.243302, 0.275149, 1, 

68,1157,0.001, 0.00749773, 0.0261442, 0.0262016, 0.0663368, 0.100799, 0.164494, 0.202599, 0.243302, 0.251531, 1, 

Generation #32
70,934,0.001, 0.00749773, 0.0261442, 0.0262016, 0.0663368, 0.100799, 0.164494, 0.217953, 0.845754, 0.979017, 1, 

69,1115,0.001, 0.00749773, 0.0261442, 0.0262016, 0.0663368, 0.100799, 0.164494, 0.202599, 0.251531, 1, 

67,1468,0.001, 0.00749773, 0.0218816, 0.0262016, 0.0663368, 0.100799, 0.164494, 0.178569, 0.243302, 0.275149, 1, 

68,1157,0.001, 0.00749773, 0.0261442, 0.0262016, 0.0663368, 0.100799, 0.164494, 0.202599, 0.243302, 0.251531, 1, 

Generation #33
70,934,0.001, 0.00749773, 0.0261442, 0.0262016, 0.0663368, 0.100799, 0.164494, 0.217953, 0.845754, 0.979017, 1, 

69,1115,0.001, 0.00749773, 0.0261442, 0.0262016, 0.0663368, 0.100799, 0.164494, 0.202599, 0.251531, 1, 

67,1468,0.001, 0.00749773, 0.0218816, 0.0262016, 0.0663368, 0.100799, 0.164494, 0.178569, 0.243302, 0.275149, 1, 

68,1157,0.001, 0.00749773, 0.0261442, 0.0262016, 0.0663368, 0.100799, 0.164494, 0.202599, 0.243302, 0.251531, 1, 

Generation #34
70,934,0.001, 0.00749773, 0.0261442, 0.0262016, 0.0663368, 0.100799, 0.164494, 0.217953, 0.845754, 0.979017, 1, 

69,1115,0.001, 0.00749773, 0.0261442, 0.0262016, 0.0663368, 0.100799, 0.164494, 0.202599, 0.251531, 1, 

67,1468,0.001, 0.00749773, 0.0218816, 0.0262016, 0.0663368, 0.100799, 0.164494, 0.178569, 0.243302, 0.275149, 1, 

68,1157,0.001, 0.00749773, 0.0261442, 0.0262016, 0.0663368, 0.100799, 0.164494, 0.202599, 0.243302, 0.251531, 1, 

Generation #35
70,934,0.001, 0.00749773, 0.0261442, 0.0262016, 0.0663368, 0.100799, 0.164494, 0.217953, 0.845754, 0.979017, 1, 

69,1115,0.001, 0.00749773, 0.0261442, 0.0262016, 0.0663368, 0.100799, 0.164494, 0.202599, 0.251531, 1, 

67,1468,0.001, 0.00749773, 0.0218816, 0.0262016, 0.0663368, 0.100799, 0.164494, 0.178569, 0.243302, 0.275149, 1, 

68,1157,0.001, 0.00749773, 0.0261442, 0.0262016, 0.0663368, 0.100799, 0.164494, 0.202599, 0.243302, 0.251531, 1, 

Generation #36
70,934,0.001, 0.00749773, 0.0261442, 0.0262016, 0.0663368, 0.100799, 0.164494, 0.217953, 0.845754, 0.979017, 1, 

69,1115,0.001, 0.00749773, 0.0261442, 0.0262016, 0.0663368, 0.100799, 0.164494, 0.202599, 0.251531, 1, 

67,1468,0.001, 0.00749773, 0.0218816, 0.0262016, 0.0663368, 0.100799, 0.164494, 0.178569, 0.243302, 0.275149, 1, 

68,1157,0.001, 0.00749773, 0.0261442, 0.0262016, 0.0663368, 0.100799, 0.164494, 0.202599, 0.243302, 0.251531, 1, 

Generation #37
70,934,0.001, 0.00749773, 0.0261442, 0.0262016, 0.0663368, 0.100799, 0.164494, 0.217953, 0.845754, 0.979017, 1, 

69,1115,0.001, 0.00749773, 0.0261442, 0.0262016, 0.0663368, 0.100799, 0.164494, 0.202599, 0.251531, 1, 

67,1468,0.001, 0.00749773, 0.0218816, 0.0262016, 0.0663368, 0.100799, 0.164494, 0.178569, 0.243302, 0.275149, 1, 

68,1157,0.001, 0.00749773, 0.0261442, 0.0262016, 0.0663368, 0.100799, 0.164494, 0.202599, 0.243302, 0.251531, 1, 

Generation #38
70,934,0.001, 0.00749773, 0.0261442, 0.0262016, 0.0663368, 0.100799, 0.164494, 0.217953, 0.845754, 0.979017, 1, 

69,1115,0.001, 0.00749773, 0.0261442, 0.0262016, 0.0663368, 0.100799, 0.164494, 0.202599, 0.251531, 1, 

67,1468,0.001, 0.00749773, 0.0218816, 0.0262016, 0.0663368, 0.100799, 0.164494, 0.178569, 0.243302, 0.275149, 1, 

68,1157,0.001, 0.00749773, 0.0261442, 0.0262016, 0.0663368, 0.100799, 0.164494, 0.202599, 0.243302, 0.251531, 1, 

Generation #39
70,934,0.001, 0.00749773, 0.0261442, 0.0262016, 0.0663368, 0.100799, 0.164494, 0.217953, 0.845754, 0.979017, 1, 

69,1115,0.001, 0.00749773, 0.0261442, 0.0262016, 0.0663368, 0.100799, 0.164494, 0.202599, 0.251531, 1, 

67,1468,0.001, 0.00749773, 0.0218816, 0.0262016, 0.0663368, 0.100799, 0.164494, 0.178569, 0.243302, 0.275149, 1, 

68,1157,0.001, 0.00749773, 0.0261442, 0.0262016, 0.0663368, 0.100799, 0.164494, 0.202599, 0.243302, 0.251531, 1, 

Generation #40
70,934,0.001, 0.00749773, 0.0261442, 0.0262016, 0.0663368, 0.100799, 0.164494, 0.217953, 0.845754, 0.979017, 1, 

69,1115,0.001, 0.00749773, 0.0261442, 0.0262016, 0.0663368, 0.100799, 0.164494, 0.202599, 0.251531, 1, 

67,1468,0.001, 0.00749773, 0.0218816, 0.0262016, 0.0663368, 0.100799, 0.164494, 0.178569, 0.243302, 0.275149, 1, 

68,1157,0.001, 0.00749773, 0.0261442, 0.0262016, 0.0663368, 0.100799, 0.164494, 0.202599, 0.243302, 0.251531, 1, 

Generation #41
70,934,0.001, 0.00749773, 0.0261442, 0.0262016, 0.0663368, 0.100799, 0.164494, 0.217953, 0.845754, 0.979017, 1, 

69,1115,0.001, 0.00749773, 0.0261442, 0.0262016, 0.0663368, 0.100799, 0.164494, 0.202599, 0.251531, 1, 

67,1468,0.001, 0.00749773, 0.0218816, 0.0262016, 0.0663368, 0.100799, 0.164494, 0.178569, 0.243302, 0.275149, 1, 

68,1157,0.001, 0.00749773, 0.0261442, 0.0262016, 0.0663368, 0.100799, 0.164494, 0.202599, 0.243302, 0.251531, 1, 

Generation #42
70,934,0.001, 0.00749773, 0.0261442, 0.0262016, 0.0663368, 0.100799, 0.164494, 0.217953, 0.845754, 0.979017, 1, 

69,1115,0.001, 0.00749773, 0.0261442, 0.0262016, 0.0663368, 0.100799, 0.164494, 0.202599, 0.251531, 1, 

68,1157,0.001, 0.00749773, 0.0261442, 0.0262016, 0.0663368, 0.100799, 0.164494, 0.202599, 0.243302, 0.251531, 1, 

67,1273,0.001, 0.00749773, 0.0261442, 0.0262016, 0.0663368, 0.100799, 0.178569, 0.178569, 0.243302, 0.251531, 1, 

Generation #43
70,934,0.001, 0.00749773, 0.0261442, 0.0262016, 0.0663368, 0.100799, 0.164494, 0.217953, 0.845754, 0.979017, 1, 

69,1115,0.001, 0.00749773, 0.0261442, 0.0262016, 0.0663368, 0.100799, 0.164494, 0.202599, 0.251531, 1, 

68,1157,0.001, 0.00749773, 0.0261442, 0.0262016, 0.0663368, 0.100799, 0.164494, 0.202599, 0.243302, 0.251531, 1, 

67,1273,0.001, 0.00749773, 0.0261442, 0.0262016, 0.0663368, 0.100799, 0.178569, 0.178569, 0.243302, 0.251531, 1, 

Generation #44
70,934,0.001, 0.00749773, 0.0261442, 0.0262016, 0.0663368, 0.100799, 0.164494, 0.217953, 0.845754, 0.979017, 1, 

69,1115,0.001, 0.00749773, 0.0261442, 0.0262016, 0.0663368, 0.100799, 0.164494, 0.202599, 0.251531, 1, 

68,1157,0.001, 0.00749773, 0.0261442, 0.0262016, 0.0663368, 0.100799, 0.164494, 0.202599, 0.243302, 0.251531, 1, 

67,1273,0.001, 0.00749773, 0.0261442, 0.0262016, 0.0663368, 0.100799, 0.178569, 0.178569, 0.243302, 0.251531, 1, 

Generation #45
70,934,0.001, 0.00749773, 0.0261442, 0.0262016, 0.0663368, 0.100799, 0.164494, 0.217953, 0.845754, 0.979017, 1, 

69,1115,0.001, 0.00749773, 0.0261442, 0.0262016, 0.0663368, 0.100799, 0.164494, 0.202599, 0.251531, 1, 

68,1157,0.001, 0.00749773, 0.0261442, 0.0262016, 0.0663368, 0.100799, 0.164494, 0.202599, 0.243302, 0.251531, 1, 

67,1273,0.001, 0.00749773, 0.0261442, 0.0262016, 0.0663368, 0.100799, 0.178569, 0.178569, 0.243302, 0.251531, 1, 

Generation #46
70,934,0.001, 0.00749773, 0.0261442, 0.0262016, 0.0663368, 0.100799, 0.164494, 0.217953, 0.845754, 0.979017, 1, 

69,1115,0.001, 0.00749773, 0.0261442, 0.0262016, 0.0663368, 0.100799, 0.164494, 0.202599, 0.251531, 1, 

68,1157,0.001, 0.00749773, 0.0261442, 0.0262016, 0.0663368, 0.100799, 0.164494, 0.202599, 0.243302, 0.251531, 1, 

67,1273,0.001, 0.00749773, 0.0261442, 0.0262016, 0.0663368, 0.100799, 0.178569, 0.178569, 0.243302, 0.251531, 1, 

Generation #47
70,934,0.001, 0.00749773, 0.0261442, 0.0262016, 0.0663368, 0.100799, 0.164494, 0.217953, 0.845754, 0.979017, 1, 

69,1115,0.001, 0.00749773, 0.0261442, 0.0262016, 0.0663368, 0.100799, 0.164494, 0.202599, 0.251531, 1, 

68,1157,0.001, 0.00749773, 0.0261442, 0.0262016, 0.0663368, 0.100799, 0.164494, 0.202599, 0.243302, 0.251531, 1, 

67,1273,0.001, 0.00749773, 0.0261442, 0.0262016, 0.0663368, 0.100799, 0.178569, 0.178569, 0.243302, 0.251531, 1, 

Generation #48
70,934,0.001, 0.00749773, 0.0261442, 0.0262016, 0.0663368, 0.100799, 0.164494, 0.217953, 0.845754, 0.979017, 1, 

69,1115,0.001, 0.00749773, 0.0261442, 0.0262016, 0.0663368, 0.100799, 0.164494, 0.202599, 0.251531, 1, 

68,1157,0.001, 0.00749773, 0.0261442, 0.0262016, 0.0663368, 0.100799, 0.164494, 0.202599, 0.243302, 0.251531, 1, 

67,1273,0.001, 0.00749773, 0.0261442, 0.0262016, 0.0663368, 0.100799, 0.178569, 0.178569, 0.243302, 0.251531, 1, 

Generation #49
70,934,0.001, 0.00749773, 0.0261442, 0.0262016, 0.0663368, 0.100799, 0.164494, 0.217953, 0.845754, 0.979017, 1, 

69,1115,0.001, 0.00749773, 0.0261442, 0.0262016, 0.0663368, 0.100799, 0.164494, 0.202599, 0.251531, 1, 

68,1157,0.001, 0.00749773, 0.0261442, 0.0262016, 0.0663368, 0.100799, 0.164494, 0.202599, 0.243302, 0.251531, 1, 

67,1273,0.001, 0.00749773, 0.0261442, 0.0262016, 0.0663368, 0.100799, 0.178569, 0.178569, 0.243302, 0.251531, 1, 

--- Pareto Front Solutions ---
Solution 0: N total=115 (N_initial=45, N_added=70), Time total=951 ms, Saved to: ./results/Wireless_t2_l1_pareto_0.csv, percents=0.001, 0.00749773, 0.0261442, 0.0262016, 0.0663368, 0.100799, 0.164494, 0.217953, 0.845754, 0.979017, 1, 

Solution 1: N total=114 (N_initial=45, N_added=69), Time total=1132 ms, Saved to: ./results/Wireless_t2_l1_pareto_1.csv, percents=0.001, 0.00749773, 0.0261442, 0.0262016, 0.0663368, 0.100799, 0.164494, 0.202599, 0.251531, 1, 

Solution 2: N total=113 (N_initial=45, N_added=68), Time total=1174 ms, Saved to: ./results/Wireless_t2_l1_pareto_2.csv, percents=0.001, 0.00749773, 0.0261442, 0.0262016, 0.0663368, 0.100799, 0.164494, 0.202599, 0.243302, 0.251531, 1, 

Solution 3: N total=112 (N_initial=45, N_added=67), Time total=1290 ms, Saved to: ./results/Wireless_t2_l1_pareto_3.csv, percents=0.001, 0.00749773, 0.0261442, 0.0262016, 0.0663368, 0.100799, 0.178569, 0.178569, 0.243302, 0.251531, 1, 

------------d=1, t=2, lambda=2, filename=./evaluation/Wireless/Wireless_2_2.csv------------
Grouping d-sets by partitioned row counts for detecting arrays...
Ready to look at pairs for detecting arrays...
First Stage N=80, Time=12
There are 10491 remaining non-locating pairs
--- Running GA Algorithm (phase2) ---
Running GA with std::execution::par
Generation #0
65,1056,0.001, 0.0227133, 0.0742885, 0.132038, 0.154616, 0.169851, 0.184008, 0.205407, 0.247032, 0.271007, 0.296126, 0.384452, 0.415124, 0.565568, 0.736624, 0.778899, 0.796412, 1, 

64,1654,0.001, 0.0359505, 0.0598791, 0.0883506, 0.0921806, 0.373613, 0.419751, 0.520479, 0.592464, 0.634714, 0.746545, 0.866295, 0.999192, 1, 

69,942,0.001, 0.0371515, 0.0605648, 0.0740176, 0.0981343, 0.125553, 0.19955, 0.202938, 0.215175, 0.292425, 0.385506, 0.421853, 0.437736, 0.494368, 0.525522, 0.538499, 0.60419, 0.76102, 0.953475, 0.957001, 0.96281, 1, 

61,1973,0.001, 0.0636837, 0.262618, 0.366195, 0.485982, 0.5396, 0.604271, 0.762348, 0.806614, 0.88485, 0.932547, 0.936899, 1, 

Generation #1
71,695,0.001, 0.0238507, 0.0318009, 0.0234475, 0.0276021, 0.0826766, 0.126608, 0.130994, 0.235685, 0.237057, 0.262034, 0.326392, 0.453231, 0.495695, 0.504783, 0.508525, 0.510633, 0.520357, 0.629911, 0.655378, 0.759406, 0.784338, 0.793088, 0.871119, 0.890947, 0.922313, 0.93153, 1, 

64,782,0.001, 0.0235923, 0.0289017, 0.0645618, 0.121197, 0.131513, 0.149927, 0.174634, 0.18337, 0.195415, 0.318338, 0.344998, 0.413553, 0.449024, 0.536835, 0.543988, 0.870587, 0.891566, 0.976024, 0.976467, 1, 

59,918,0.001, 0.0371515, 0.0605648, 0.0740176, 0.0981343, 0.125553, 0.19955, 0.202938, 0.215175, 0.292425, 0.968885, 1, 

Generation #2
71,695,0.001, 0.0238507, 0.0318009, 0.0234475, 0.0276021, 0.0826766, 0.126608, 0.130994, 0.235685, 0.237057, 0.262034, 0.326392, 0.453231, 0.495695, 0.504783, 0.508525, 0.510633, 0.520357, 0.629911, 0.655378, 0.759406, 0.784338, 0.793088, 0.871119, 0.890947, 0.922313, 0.93153, 1, 

64,782,0.001, 0.0235923, 0.0289017, 0.0645618, 0.121197, 0.131513, 0.149927, 0.174634, 0.18337, 0.195415, 0.318338, 0.344998, 0.413553, 0.449024, 0.536835, 0.543988, 0.870587, 0.891566, 0.976024, 0.976467, 1, 

59,918,0.001, 0.0371515, 0.0605648, 0.0740176, 0.0981343, 0.125553, 0.19955, 0.202938, 0.215175, 0.292425, 0.968885, 1, 

63,854,0.001, 0.0235923, 0.0289017, 0.0740176, 0.0981343, 0.125553, 0.19955, 0.202938, 0.215175, 0.292425, 0.968885, 1, 

Generation #3
71,695,0.001, 0.0238507, 0.0318009, 0.0234475, 0.0276021, 0.0826766, 0.126608, 0.130994, 0.235685, 0.237057, 0.262034, 0.326392, 0.453231, 0.495695, 0.504783, 0.508525, 0.510633, 0.520357, 0.629911, 0.655378, 0.759406, 0.784338, 0.793088, 0.871119, 0.890947, 0.922313, 0.93153, 1, 

62,725,0.0263853, 0.0605648, 0.0740176, 0.0981343, 0.25469, 0.368394, 0.479609, 0.538908, 0.572438, 0.897, 1, 

58,918,0.001, 0.0430625, 0.0721874, 0.0888228, 0.142801, 0.249504, 0.287297, 0.384765, 0.655293, 1, 

59,864,0.001, 0.0371515, 0.0605648, 0.0740176, 0.0981343, 0.125553, 0.19955, 0.202938, 0.215175, 0.292425, 0.968885, 1, 

Generation #4
71,695,0.001, 0.0238507, 0.0318009, 0.0234475, 0.0276021, 0.0826766, 0.126608, 0.130994, 0.235685, 0.237057, 0.262034, 0.326392, 0.453231, 0.495695, 0.504783, 0.508525, 0.510633, 0.520357, 0.629911, 0.655378, 0.759406, 0.784338, 0.793088, 0.871119, 0.890947, 0.922313, 0.93153, 1, 

62,725,0.0263853, 0.0605648, 0.0740176, 0.0981343, 0.25469, 0.368394, 0.479609, 0.538908, 0.572438, 0.897, 1, 

59,864,0.001, 0.0371515, 0.0605648, 0.0740176, 0.0981343, 0.125553, 0.19955, 0.202938, 0.215175, 0.292425, 0.968885, 1, 

57,896,0.001, 0.0238507, 0.0318009, 0.033076, 0.115153, 0.138212, 0.142688, 0.202938, 0.215175, 0.292425, 0.968885, 1, 

Generation #5
71,695,0.001, 0.0238507, 0.0318009, 0.0234475, 0.0276021, 0.0826766, 0.126608, 0.130994, 0.235685, 0.237057, 0.262034, 0.326392, 0.453231, 0.495695, 0.504783, 0.508525, 0.510633, 0.520357, 0.629911, 0.655378, 0.759406, 0.784338, 0.793088, 0.871119, 0.890947, 0.922313, 0.93153, 1, 

62,725,0.0263853, 0.0605648, 0.0740176, 0.0981343, 0.25469, 0.368394, 0.479609, 0.538908, 0.572438, 0.897, 1, 

59,864,0.001, 0.0371515, 0.0605648, 0.0740176, 0.0981343, 0.125553, 0.19955, 0.202938, 0.215175, 0.292425, 0.968885, 1, 

57,896,0.001, 0.0238507, 0.0318009, 0.033076, 0.115153, 0.138212, 0.142688, 0.202938, 0.215175, 0.292425, 0.968885, 1, 

61,802,0.001, 0.0366431, 0.051701, 0.0577674, 0.174225, 0.125553, 0.19955, 0.202938, 0.215175, 0.292425, 0.968885, 1, 

60,827,0.001, 0.0430625, 0.0721874, 0.0888228, 0.142801, 0.249504, 0.287297, 0.384765, 0.384942, 0.4373, 0.738985, 0.675387, 0.679578, 0.727641, 1, 

Generation #6
71,695,0.001, 0.0238507, 0.0318009, 0.0234475, 0.0276021, 0.0826766, 0.126608, 0.130994, 0.235685, 0.237057, 0.262034, 0.326392, 0.453231, 0.495695, 0.504783, 0.508525, 0.510633, 0.520357, 0.629911, 0.655378, 0.759406, 0.784338, 0.793088, 0.871119, 0.890947, 0.922313, 0.93153, 1, 

62,725,0.0263853, 0.0605648, 0.0740176, 0.0981343, 0.25469, 0.368394, 0.479609, 0.538908, 0.572438, 0.897, 1, 

57,764,0.001, 0.0238507, 0.0318009, 0.0234475, 0.0276021, 0.0826766, 0.126608, 0.130994, 0.235685, 0.237057, 0.968885, 1, 

60,757,0.001, 0.0235923, 0.0289017, 0.0645618, 0.121197, 0.131513, 0.149927, 0.174634, 0.18337, 0.655293, 1, 

Generation #7
57,764,0.001, 0.0238507, 0.0318009, 0.0234475, 0.0276021, 0.0826766, 0.126608, 0.130994, 0.235685, 0.237057, 0.968885, 1, 

60,757,0.001, 0.0235923, 0.0289017, 0.0645618, 0.121197, 0.131513, 0.149927, 0.174634, 0.18337, 0.655293, 1, 

61,659,0.001, 0.0238507, 0.0318009, 0.0234475, 0.0276021, 0.0826766, 0.126608, 0.130994, 0.235685, 0.237057, 0.262034, 0.806513, 0.821983, 0.963798, 1, 

Generation #8
57,764,0.001, 0.0238507, 0.0318009, 0.0234475, 0.0276021, 0.0826766, 0.126608, 0.130994, 0.235685, 0.237057, 0.968885, 1, 

60,757,0.001, 0.0235923, 0.0289017, 0.0645618, 0.121197, 0.131513, 0.149927, 0.174634, 0.18337, 0.655293, 1, 

61,659,0.001, 0.0238507, 0.0318009, 0.0234475, 0.0276021, 0.0826766, 0.126608, 0.130994, 0.235685, 0.237057, 0.262034, 0.806513, 0.821983, 0.963798, 1, 

Generation #9
57,764,0.001, 0.0238507, 0.0318009, 0.0234475, 0.0276021, 0.0826766, 0.126608, 0.130994, 0.235685, 0.237057, 0.968885, 1, 

60,757,0.001, 0.0235923, 0.0289017, 0.0645618, 0.121197, 0.131513, 0.149927, 0.174634, 0.18337, 0.655293, 1, 

61,659,0.001, 0.0238507, 0.0318009, 0.0234475, 0.0276021, 0.0826766, 0.126608, 0.130994, 0.235685, 0.237057, 0.262034, 0.806513, 0.821983, 0.963798, 1, 

Generation #10
57,764,0.001, 0.0238507, 0.0318009, 0.0234475, 0.0276021, 0.0826766, 0.126608, 0.130994, 0.235685, 0.237057, 0.968885, 1, 

61,659,0.001, 0.0238507, 0.0318009, 0.0234475, 0.0276021, 0.0826766, 0.126608, 0.130994, 0.235685, 0.237057, 0.262034, 0.806513, 0.821983, 0.963798, 1, 

60,751,0.001, 0.0238507, 0.0318009, 0.0234475, 0.0276021, 0.0826766, 0.126608, 0.130994, 0.235685, 0.237057, 0.968885, 1, 

Generation #11
57,764,0.001, 0.0238507, 0.0318009, 0.0234475, 0.0276021, 0.0826766, 0.126608, 0.130994, 0.235685, 0.237057, 0.968885, 1, 

61,659,0.001, 0.0238507, 0.0318009, 0.0234475, 0.0276021, 0.0826766, 0.126608, 0.130994, 0.235685, 0.237057, 0.262034, 0.806513, 0.821983, 0.963798, 1, 

60,751,0.001, 0.0238507, 0.0318009, 0.0234475, 0.0276021, 0.0826766, 0.126608, 0.130994, 0.235685, 0.237057, 0.968885, 1, 

Generation #12
57,764,0.001, 0.0238507, 0.0318009, 0.0234475, 0.0276021, 0.0826766, 0.126608, 0.130994, 0.235685, 0.237057, 0.968885, 1, 

59,657,0.001, 0.0238507, 0.0318009, 0.0234475, 0.0276021, 0.0826766, 0.126608, 0.130994, 0.235685, 0.237057, 0.262034, 0.326392, 0.453231, 0.727641, 1, 

Generation #13
57,764,0.001, 0.0238507, 0.0318009, 0.0234475, 0.0276021, 0.0826766, 0.126608, 0.130994, 0.235685, 0.237057, 0.968885, 1, 

59,657,0.001, 0.0238507, 0.0318009, 0.0234475, 0.0276021, 0.0826766, 0.126608, 0.130994, 0.235685, 0.237057, 0.262034, 0.326392, 0.453231, 0.727641, 1, 

Generation #14
57,764,0.001, 0.0238507, 0.0318009, 0.0234475, 0.0276021, 0.0826766, 0.126608, 0.130994, 0.235685, 0.237057, 0.968885, 1, 

59,657,0.001, 0.0238507, 0.0318009, 0.0234475, 0.0276021, 0.0826766, 0.126608, 0.130994, 0.235685, 0.237057, 0.262034, 0.326392, 0.453231, 0.727641, 1, 

56,882,0.001, 0.0238507, 0.0318009, 0.0234475, 0.0276021, 0.0826766, 0.126608, 0.130994, 0.215175, 0.292425, 0.165627, 1, 

Generation #15
57,764,0.001, 0.0238507, 0.0318009, 0.0234475, 0.0276021, 0.0826766, 0.126608, 0.130994, 0.235685, 0.237057, 0.968885, 1, 

59,657,0.001, 0.0238507, 0.0318009, 0.0234475, 0.0276021, 0.0826766, 0.126608, 0.130994, 0.235685, 0.237057, 0.262034, 0.326392, 0.453231, 0.727641, 1, 

56,882,0.001, 0.0238507, 0.0318009, 0.0234475, 0.0276021, 0.0826766, 0.126608, 0.130994, 0.215175, 0.292425, 0.165627, 1, 

Generation #16
57,764,0.001, 0.0238507, 0.0318009, 0.0234475, 0.0276021, 0.0826766, 0.126608, 0.130994, 0.235685, 0.237057, 0.968885, 1, 

59,657,0.001, 0.0238507, 0.0318009, 0.0234475, 0.0276021, 0.0826766, 0.126608, 0.130994, 0.235685, 0.237057, 0.262034, 0.326392, 0.453231, 0.727641, 1, 

56,882,0.001, 0.0238507, 0.0318009, 0.0234475, 0.0276021, 0.0826766, 0.126608, 0.130994, 0.215175, 0.292425, 0.165627, 1, 

Generation #17
57,764,0.001, 0.0238507, 0.0318009, 0.0234475, 0.0276021, 0.0826766, 0.126608, 0.130994, 0.235685, 0.237057, 0.968885, 1, 

59,657,0.001, 0.0238507, 0.0318009, 0.0234475, 0.0276021, 0.0826766, 0.126608, 0.130994, 0.235685, 0.237057, 0.262034, 0.326392, 0.453231, 0.727641, 1, 

56,882,0.001, 0.0238507, 0.0318009, 0.0234475, 0.0276021, 0.0826766, 0.126608, 0.130994, 0.215175, 0.292425, 0.165627, 1, 

Generation #18
57,764,0.001, 0.0238507, 0.0318009, 0.0234475, 0.0276021, 0.0826766, 0.126608, 0.130994, 0.235685, 0.237057, 0.968885, 1, 

59,657,0.001, 0.0238507, 0.0318009, 0.0234475, 0.0276021, 0.0826766, 0.126608, 0.130994, 0.235685, 0.237057, 0.262034, 0.326392, 0.453231, 0.727641, 1, 

56,882,0.001, 0.0238507, 0.0318009, 0.0234475, 0.0276021, 0.0826766, 0.126608, 0.130994, 0.215175, 0.292425, 0.165627, 1, 

60,627,0.001, 0.0238507, 0.0318009, 0.0234475, 0.0276021, 0.0826766, 0.126608, 0.130994, 0.235685, 0.237057, 0.385506, 0.421853, 1, 

Generation #19
59,657,0.001, 0.0238507, 0.0318009, 0.0234475, 0.0276021, 0.0826766, 0.126608, 0.130994, 0.235685, 0.237057, 0.262034, 0.326392, 0.453231, 0.727641, 1, 

60,627,0.001, 0.0238507, 0.0318009, 0.0234475, 0.0276021, 0.0826766, 0.126608, 0.130994, 0.235685, 0.237057, 0.385506, 0.421853, 1, 

56,677,0.001, 0.0238507, 0.0318009, 0.0234475, 0.0276021, 0.0260564, 0.0826766, 0.126608, 0.130994, 0.235685, 0.237057, 0.421853, 0.437736, 0.494368, 1, 

Generation #20
60,627,0.001, 0.0238507, 0.0318009, 0.0234475, 0.0276021, 0.0826766, 0.126608, 0.130994, 0.235685, 0.237057, 0.385506, 0.421853, 1, 

56,677,0.001, 0.0238507, 0.0318009, 0.0234475, 0.0276021, 0.0260564, 0.0826766, 0.126608, 0.130994, 0.235685, 0.237057, 0.421853, 0.437736, 0.494368, 1, 

58,654,0.001, 0.0238507, 0.0318009, 0.0234475, 0.0276021, 0.0826766, 0.126608, 0.130994, 0.235685, 0.237057, 0.385506, 0.421853, 1, 

Generation #21
60,627,0.001, 0.0238507, 0.0318009, 0.0234475, 0.0276021, 0.0826766, 0.126608, 0.130994, 0.235685, 0.237057, 0.385506, 0.421853, 1, 

56,677,0.001, 0.0238507, 0.0318009, 0.0234475, 0.0276021, 0.0260564, 0.0826766, 0.126608, 0.130994, 0.235685, 0.237057, 0.421853, 0.437736, 0.494368, 1, 

58,654,0.001, 0.0238507, 0.0318009, 0.0234475, 0.0276021, 0.0826766, 0.126608, 0.130994, 0.235685, 0.237057, 0.385506, 0.421853, 1, 

Generation #22
60,627,0.001, 0.0238507, 0.0318009, 0.0234475, 0.0276021, 0.0826766, 0.126608, 0.130994, 0.235685, 0.237057, 0.385506, 0.421853, 1, 

56,677,0.001, 0.0238507, 0.0318009, 0.0234475, 0.0276021, 0.0260564, 0.0826766, 0.126608, 0.130994, 0.235685, 0.237057, 0.421853, 0.437736, 0.494368, 1, 

58,654,0.001, 0.0238507, 0.0318009, 0.0234475, 0.0276021, 0.0826766, 0.126608, 0.130994, 0.235685, 0.237057, 0.385506, 0.421853, 1, 

Generation #23
60,627,0.001, 0.0238507, 0.0318009, 0.0234475, 0.0276021, 0.0826766, 0.126608, 0.130994, 0.235685, 0.237057, 0.385506, 0.421853, 1, 

56,677,0.001, 0.0238507, 0.0318009, 0.0234475, 0.0276021, 0.0260564, 0.0826766, 0.126608, 0.130994, 0.235685, 0.237057, 0.421853, 0.437736, 0.494368, 1, 

58,654,0.001, 0.0238507, 0.0318009, 0.0234475, 0.0276021, 0.0826766, 0.126608, 0.130994, 0.235685, 0.237057, 0.385506, 0.421853, 1, 

Generation #24
60,627,0.001, 0.0238507, 0.0318009, 0.0234475, 0.0276021, 0.0826766, 0.126608, 0.130994, 0.235685, 0.237057, 0.385506, 0.421853, 1, 

56,677,0.001, 0.0238507, 0.0318009, 0.0234475, 0.0276021, 0.0260564, 0.0826766, 0.126608, 0.130994, 0.235685, 0.237057, 0.421853, 0.437736, 0.494368, 1, 

58,637,0.001, 0.0238507, 0.0318009, 0.0234475, 0.0276021, 0.0826766, 0.126608, 0.130994, 0.235685, 0.237057, 0.385506, 0.421853, 1, 

Generation #25
60,627,0.001, 0.0238507, 0.0318009, 0.0234475, 0.0276021, 0.0826766, 0.126608, 0.130994, 0.235685, 0.237057, 0.385506, 0.421853, 1, 

56,677,0.001, 0.0238507, 0.0318009, 0.0234475, 0.0276021, 0.0260564, 0.0826766, 0.126608, 0.130994, 0.235685, 0.237057, 0.421853, 0.437736, 0.494368, 1, 

58,637,0.001, 0.0238507, 0.0318009, 0.0234475, 0.0276021, 0.0826766, 0.126608, 0.130994, 0.235685, 0.237057, 0.385506, 0.421853, 1, 

Generation #26
60,627,0.001, 0.0238507, 0.0318009, 0.0234475, 0.0276021, 0.0826766, 0.126608, 0.130994, 0.235685, 0.237057, 0.385506, 0.421853, 1, 

56,677,0.001, 0.0238507, 0.0318009, 0.0234475, 0.0276021, 0.0260564, 0.0826766, 0.126608, 0.130994, 0.235685, 0.237057, 0.421853, 0.437736, 0.494368, 1, 

58,637,0.001, 0.0238507, 0.0318009, 0.0234475, 0.0276021, 0.0826766, 0.126608, 0.130994, 0.235685, 0.237057, 0.385506, 0.421853, 1, 

Generation #27
56,677,0.001, 0.0238507, 0.0318009, 0.0234475, 0.0276021, 0.0260564, 0.0826766, 0.126608, 0.130994, 0.235685, 0.237057, 0.421853, 0.437736, 0.494368, 1, 

58,637,0.001, 0.0238507, 0.0318009, 0.0234475, 0.0276021, 0.0826766, 0.126608, 0.130994, 0.235685, 0.237057, 0.385506, 0.421853, 1, 

59,592,0.001, 0.0238507, 0.0318009, 0.0234475, 0.0276021, 0.0260564, 0.0826766, 0.126608, 0.130994, 0.237057, 0.262034, 0.326392, 0.453231, 0.727641, 1, 
