------------d=1, t=2, lambda=1, filename=./evaluation/Wireless/Wireless_2_1.csv------------
Grouping d-sets by partitioned row counts for detecting arrays...
Ready to look at pairs for detecting arrays...
First Stage N=45, Time=18
There are 57665 remaining non-locating pairs
--- Running GA Algorithm (phase2) ---
Running GA with std::execution::par
Generation #0
81,4668,0.001, 0.0259043, 0.130204, 0.17025, 0.232543, 0.423074, 0.425028, 0.44652, 0.475025, 0.556769, 0.629394, 0.724175, 0.7556, 0.828216, 0.865924, 0.931853, 0.992179, 1, 

77,5555,0.001, 0.0735423, 0.205442, 0.220777, 0.22262, 0.436605, 0.474762, 0.492357, 0.499475, 0.578835, 0.632639, 0.714346, 0.747626, 0.902875, 0.966634, 1, 

75,6816,0.001, 0.0970704, 0.133815, 0.193307, 0.314824, 0.330009, 0.392028, 0.397921, 0.422169, 0.783244, 0.803073, 0.930679, 1, 

82,3089,0.001, 0.0219461, 0.0261442, 0.0262016, 0.0663368, 0.100799, 0.164494, 0.217953, 0.230267, 0.239707, 0.475426, 0.477239, 0.511489, 0.606937, 0.610299, 0.685118, 0.749872, 0.761045, 0.79815, 0.843834, 0.85952, 0.956795, 1, 

74,7760,0.001, 0.114574, 0.207754, 0.488192, 0.608378, 0.656133, 0.80047, 0.927298, 0.950905, 0.999048, 1, 

76,5694,0.001, 0.0498482, 0.216652, 0.249468, 0.280081, 0.356849, 0.456092, 0.578588, 0.814896, 0.815772, 0.872318, 0.886671, 0.887786, 1, 

Generation #1
78,1774,0.001, 0.0234395, 0.0390873, 0.0460126, 0.10239, 0.111185, 0.134715, 0.142228, 0.147769, 0.44847, 0.484486, 0.49426, 0.494827, 0.552829, 0.584441, 0.674566, 0.701407, 0.949534, 1, 

72,6656,0.001, 0.111364, 0.17253, 0.198549, 0.199863, 0.437383, 0.444051, 0.643865, 0.749881, 0.83435, 0.852734, 1, 

84,1717,0.001, 0.0141455, 0.0218816, 0.0456565, 0.126535, 0.171676, 0.223503, 0.360442, 0.365705, 0.45636, 0.479251, 0.508095, 0.573131, 0.69156, 0.698453, 0.828251, 0.841254, 0.761045, 0.79815, 0.843834, 0.85952, 0.956795, 1, 

73,2121,0.001, 0.0266537, 0.037516, 0.040253, 0.075425, 0.428939, 0.462547, 0.528912, 0.586828, 0.59682, 0.710195, 0.749947, 0.797568, 0.797852, 0.857405, 1, 

Generation #2
78,1774,0.001, 0.0234395, 0.0390873, 0.0460126, 0.10239, 0.111185, 0.134715, 0.142228, 0.147769, 0.44847, 0.484486, 0.49426, 0.494827, 0.552829, 0.584441, 0.674566, 0.701407, 0.949534, 1, 

84,1717,0.001, 0.0141455, 0.0218816, 0.0456565, 0.126535, 0.171676, 0.223503, 0.360442, 0.365705, 0.45636, 0.479251, 0.508095, 0.573131, 0.69156, 0.698453, 0.828251, 0.841254, 0.761045, 0.79815, 0.843834, 0.85952, 0.956795, 1, 

73,1989,0.001, 0.0219461, 0.00378527, 0.0261442, 0.0262016, 0.0663368, 0.100799, 0.518898, 0.58726, 0.607083, 0.793639, 0.806633, 1, 

75,1936,0.001, 0.017851, 0.0501659, 0.0513067, 0.110065, 0.137015, 0.159559, 0.593903, 0.248876, 0.796328, 0.849955, 0.915786, 1, 

70,2016,0.001, 0.016831, 0.0528152, 0.0980615, 0.583685, 0.792537, 0.666923, 0.927298, 0.950905, 0.999048, 1, 

77,1861,0.001, 0.017851, 0.0501659, 0.0513067, 0.194206, 0.22622, 0.254485, 0.372164, 0.393958, 0.397675, 0.409995, 0.421386, 0.447858, 0.857405, 1, 

Generation #3
80,1673,0.001, 0.0234395, 0.0390873, 0.0460126, 0.10239, 0.137015, 0.159559, 0.248876, 0.796328, 0.849955, 0.508095, 0.573131, 0.69156, 0.698453, 0.828251, 0.841254, 0.761045, 0.626959, 0.843834, 0.85952, 0.956795, 1, 

70,1705,0.001, 0.0234395, 0.0390873, 0.0460126, 0.10239, 0.134715, 0.142228, 0.147769, 0.557035, 0.979017, 1, 

Generation #4
70,1705,0.001, 0.0234395, 0.0390873, 0.0460126, 0.10239, 0.134715, 0.142228, 0.147769, 0.557035, 0.979017, 1, 

84,1602,0.001, 0.017851, 0.0501659, 0.0513067, 0.110065, 0.137015, 0.159559, 0.593903, 0.248876, 0.796328, 0.849955, 0.915786, 0.69156, 0.698453, 0.828251, 0.841254, 0.761045, 0.843834, 0.85952, 0.956795, 1, 

71,1662,0.001, 0.0234395, 0.0390873, 0.0460126, 0.10239, 0.134715, 0.142228, 0.147769, 0.164878, 0.182603, 1, 

Generation #5
70,1705,0.001, 0.0234395, 0.0390873, 0.0460126, 0.10239, 0.134715, 0.142228, 0.147769, 0.557035, 0.979017, 1, 

84,1602,0.001, 0.017851, 0.0501659, 0.0513067, 0.110065, 0.137015, 0.159559, 0.593903, 0.248876, 0.796328, 0.849955, 0.915786, 0.69156, 0.698453, 0.828251, 0.841254, 0.761045, 0.843834, 0.85952, 0.956795, 1, 

71,1662,0.001, 0.0234395, 0.0390873, 0.0460126, 0.10239, 0.134715, 0.142228, 0.147769, 0.164878, 0.182603, 1, 

Generation #6
70,1705,0.001, 0.0234395, 0.0390873, 0.0460126, 0.10239, 0.134715, 0.142228, 0.147769, 0.557035, 0.979017, 1, 

71,1662,0.001, 0.0234395, 0.0390873, 0.0460126, 0.10239, 0.134715, 0.142228, 0.147769, 0.164878, 0.182603, 1, 

76,1566,0.001, 0.0141455, 0.0218816, 0.0686577, 0.117633, 0.126995, 0.163411, 0.220679, 0.352849, 0.417959, 0.422481, 0.437751, 0.531079, 0.857405, 1, 

75,1590,0.001, 0.017851, 0.0501659, 0.0513067, 0.110065, 0.137015, 0.159559, 0.248876, 0.796328, 0.849955, 0.508095, 0.915786, 1, 

Generation #7
70,1705,0.001, 0.0234395, 0.0390873, 0.0460126, 0.10239, 0.134715, 0.142228, 0.147769, 0.557035, 0.979017, 1, 

71,1662,0.001, 0.0234395, 0.0390873, 0.0460126, 0.10239, 0.134715, 0.142228, 0.147769, 0.164878, 0.182603, 1, 

76,1566,0.001, 0.0141455, 0.0218816, 0.0686577, 0.117633, 0.126995, 0.163411, 0.220679, 0.352849, 0.417959, 0.422481, 0.437751, 0.531079, 0.857405, 1, 

75,1590,0.001, 0.017851, 0.0501659, 0.0513067, 0.110065, 0.137015, 0.159559, 0.248876, 0.796328, 0.849955, 0.508095, 0.915786, 1, 

74,1639,0.001, 0.0141455, 0.0218816, 0.0456565, 0.110065, 0.137015, 0.159559, 0.593903, 0.248876, 0.796328, 0.849955, 0.915786, 1, 

69,2035,0.001, 0.0141455, 0.0218816, 0.0456565, 0.126535, 0.171676, 0.223503, 0.360442, 0.557035, 0.526714, 1, 

Generation #8
70,1705,0.001, 0.0234395, 0.0390873, 0.0460126, 0.10239, 0.134715, 0.142228, 0.147769, 0.557035, 0.979017, 1, 

69,2035,0.001, 0.0141455, 0.0218816, 0.0456565, 0.126535, 0.171676, 0.223503, 0.360442, 0.557035, 0.526714, 1, 

71,1455,0.001, 0.0141455, 0.0218816, 0.0261442, 0.0262016, 0.100799, 0.164494, 0.217953, 0.230267, 0.241918, 1, 

Generation #9
70,1705,0.001, 0.0234395, 0.0390873, 0.0460126, 0.10239, 0.134715, 0.142228, 0.147769, 0.557035, 0.979017, 1, 

69,2035,0.001, 0.0141455, 0.0218816, 0.0456565, 0.126535, 0.171676, 0.223503, 0.360442, 0.557035, 0.526714, 1, 

71,1455,0.001, 0.0141455, 0.0218816, 0.0261442, 0.0262016, 0.100799, 0.164494, 0.217953, 0.230267, 0.241918, 1, 

74,1389,0.001, 0.0141455, 0.0390873, 0.0686577, 0.117633, 0.126995, 0.163411, 0.220679, 0.593903, 0.248876, 0.796328, 0.849955, 0.915786, 1, 

67,2050,0.001, 0.0234395, 0.0390873, 0.0513067, 0.110065, 0.134715, 0.142228, 0.147769, 0.164878, 0.182603, 1, 

Generation #10
71,1455,0.001, 0.0141455, 0.0218816, 0.0261442, 0.0262016, 0.100799, 0.164494, 0.217953, 0.230267, 0.241918, 1, 

74,1389,0.001, 0.0141455, 0.0390873, 0.0686577, 0.117633, 0.126995, 0.163411, 0.220679, 0.593903, 0.248876, 0.796328, 0.849955, 0.915786, 1, 

67,2050,0.001, 0.0234395, 0.0390873, 0.0513067, 0.110065, 0.134715, 0.142228, 0.147769, 0.164878, 0.182603, 1, 

69,1650,0.001, 0.0141455, 0.0390873, 0.0460126, 0.10239, 0.134715, 0.142228, 0.147769, 0.164878, 0.182603, 1, 

Generation #11
71,1455,0.001, 0.0141455, 0.0218816, 0.0261442, 0.0262016, 0.100799, 0.164494, 0.217953, 0.230267, 0.241918, 1, 

74,1389,0.001, 0.0141455, 0.0390873, 0.0686577, 0.117633, 0.126995, 0.163411, 0.220679, 0.593903, 0.248876, 0.796328, 0.849955, 0.915786, 1, 

67,2050,0.001, 0.0234395, 0.0390873, 0.0513067, 0.110065, 0.134715, 0.142228, 0.147769, 0.164878, 0.182603, 1, 

69,1610,0.001, 0.0141455, 0.0218816, 0.0261442, 0.0262016, 0.100799, 0.164494, 0.217953, 0.230267, 0.241918, 1, 

70,1497,0.001, 0.0141455, 0.0218816, 0.0456565, 0.126535, 0.171676, 0.223503, 0.360442, 0.826224, 1, 

Generation #12
74,1389,0.001, 0.0141455, 0.0390873, 0.0686577, 0.117633, 0.126995, 0.163411, 0.220679, 0.593903, 0.248876, 0.796328, 0.849955, 0.915786, 1, 

67,2050,0.001, 0.0234395, 0.0390873, 0.0513067, 0.110065, 0.134715, 0.142228, 0.147769, 0.164878, 0.182603, 1, 

69,1610,0.001, 0.0141455, 0.0218816, 0.0261442, 0.0262016, 0.100799, 0.164494, 0.217953, 0.230267, 0.241918, 1, 

70,1497,0.001, 0.0141455, 0.0218816, 0.0456565, 0.126535, 0.171676, 0.223503, 0.360442, 0.826224, 1, 

71,1419,0.001, 0.0141455, 0.0218816, 0.0456565, 0.126535, 0.171676, 0.223503, 0.360442, 0.557035, 0.526714, 1, 

Generation #13
74,1389,0.001, 0.0141455, 0.0390873, 0.0686577, 0.117633, 0.126995, 0.163411, 0.220679, 0.593903, 0.248876, 0.796328, 0.849955, 0.915786, 1, 

67,2050,0.001, 0.0234395, 0.0390873, 0.0513067, 0.110065, 0.134715, 0.142228, 0.147769, 0.164878, 0.182603, 1, 

69,1610,0.001, 0.0141455, 0.0218816, 0.0261442, 0.0262016, 0.100799, 0.164494, 0.217953, 0.230267, 0.241918, 1, 

70,1497,0.001, 0.0141455, 0.0218816, 0.0456565, 0.126535, 0.171676, 0.223503, 0.360442, 0.826224, 1, 

71,1419,0.001, 0.0141455, 0.0218816, 0.0456565, 0.126535, 0.171676, 0.223503, 0.360442, 0.557035, 0.526714, 1, 

Generation #14
74,1389,0.001, 0.0141455, 0.0390873, 0.0686577, 0.117633, 0.126995, 0.163411, 0.220679, 0.593903, 0.248876, 0.796328, 0.849955, 0.915786, 1, 

67,2050,0.001, 0.0234395, 0.0390873, 0.0513067, 0.110065, 0.134715, 0.142228, 0.147769, 0.164878, 0.182603, 1, 

69,1610,0.001, 0.0141455, 0.0218816, 0.0261442, 0.0262016, 0.100799, 0.164494, 0.217953, 0.230267, 0.241918, 1, 

70,1497,0.001, 0.0141455, 0.0218816, 0.0456565, 0.126535, 0.171676, 0.223503, 0.360442, 0.826224, 1, 

71,1419,0.001, 0.0141455, 0.0218816, 0.0456565, 0.126535, 0.171676, 0.223503, 0.360442, 0.557035, 0.526714, 1, 

68,1724,0.001, 0.0141455, 0.0218816, 0.0456565, 0.10239, 0.134715, 0.142228, 0.147769, 0.230267, 0.182603, 1, 

Generation #15
74,1389,0.001, 0.0141455, 0.0390873, 0.0686577, 0.117633, 0.126995, 0.163411, 0.220679, 0.593903, 0.248876, 0.796328, 0.849955, 0.915786, 1, 

67,2050,0.001, 0.0234395, 0.0390873, 0.0513067, 0.110065, 0.134715, 0.142228, 0.147769, 0.164878, 0.182603, 1, 

69,1610,0.001, 0.0141455, 0.0218816, 0.0261442, 0.0262016, 0.100799, 0.164494, 0.217953, 0.230267, 0.241918, 1, 

70,1497,0.001, 0.0141455, 0.0218816, 0.0456565, 0.126535, 0.171676, 0.223503, 0.360442, 0.826224, 1, 

71,1419,0.001, 0.0141455, 0.0218816, 0.0456565, 0.126535, 0.171676, 0.223503, 0.360442, 0.557035, 0.526714, 1, 

68,1724,0.001, 0.0141455, 0.0218816, 0.0456565, 0.10239, 0.134715, 0.142228, 0.147769, 0.230267, 0.182603, 1, 

75,1261,0.001, 0.0141455, 0.0218816, 0.0261442, 0.0262016, 0.100799, 0.164494, 0.217953, 0.230267, 0.241918, 1, 

Generation #16
67,2050,0.001, 0.0234395, 0.0390873, 0.0513067, 0.110065, 0.134715, 0.142228, 0.147769, 0.164878, 0.182603, 1, 

70,1497,0.001, 0.0141455, 0.0218816, 0.0456565, 0.126535, 0.171676, 0.223503, 0.360442, 0.826224, 1, 

71,1419,0.001, 0.0141455, 0.0218816, 0.0456565, 0.126535, 0.171676, 0.223503, 0.360442, 0.557035, 0.526714, 1, 

68,1724,0.001, 0.0141455, 0.0218816, 0.0456565, 0.10239, 0.134715, 0.142228, 0.147769, 0.230267, 0.182603, 1, 

75,1261,0.001, 0.0141455, 0.0218816, 0.0261442, 0.0262016, 0.100799, 0.164494, 0.217953, 0.230267, 0.241918, 1, 

69,1506,0.001, 0.0141455, 0.0218816, 0.0261442, 0.0262016, 0.100799, 0.164494, 0.217953, 0.164878, 0.182603, 1, 

72,1310,0.001, 0.0141455, 0.0218816, 0.0261442, 0.0262016, 0.100799, 0.164494, 0.217953, 0.230267, 0.241918, 1, 

Generation #17
67,2050,0.001, 0.0234395, 0.0390873, 0.0513067, 0.110065, 0.134715, 0.142228, 0.147769, 0.164878, 0.182603, 1, 

70,1497,0.001, 0.0141455, 0.0218816, 0.0456565, 0.126535, 0.171676, 0.223503, 0.360442, 0.826224, 1, 

71,1419,0.001, 0.0141455, 0.0218816, 0.0456565, 0.126535, 0.171676, 0.223503, 0.360442, 0.557035, 0.526714, 1, 

68,1724,0.001, 0.0141455, 0.0218816, 0.0456565, 0.10239, 0.134715, 0.142228, 0.147769, 0.230267, 0.182603, 1, 

75,1261,0.001, 0.0141455, 0.0218816, 0.0261442, 0.0262016, 0.100799, 0.164494, 0.217953, 0.230267, 0.241918, 1, 

69,1506,0.001, 0.0141455, 0.0218816, 0.0261442, 0.0262016, 0.100799, 0.164494, 0.217953, 0.164878, 0.182603, 1, 

72,1310,0.001, 0.0141455, 0.0218816, 0.0261442, 0.0262016, 0.100799, 0.164494, 0.217953, 0.230267, 0.241918, 1, 

Generation #18
67,2050,0.001, 0.0234395, 0.0390873, 0.0513067, 0.110065, 0.134715, 0.142228, 0.147769, 0.164878, 0.182603, 1, 

70,1497,0.001, 0.0141455, 0.0218816, 0.0456565, 0.126535, 0.171676, 0.223503, 0.360442, 0.826224, 1, 

71,1419,0.001, 0.0141455, 0.0218816, 0.0456565, 0.126535, 0.171676, 0.223503, 0.360442, 0.557035, 0.526714, 1, 

68,1724,0.001, 0.0141455, 0.0218816, 0.0456565, 0.10239, 0.134715, 0.142228, 0.147769, 0.230267, 0.182603, 1, 

75,1261,0.001, 0.0141455, 0.0218816, 0.0261442, 0.0262016, 0.100799, 0.164494, 0.217953, 0.230267, 0.241918, 1, 

69,1506,0.001, 0.0141455, 0.0218816, 0.0261442, 0.0262016, 0.100799, 0.164494, 0.217953, 0.164878, 0.182603, 1, 

72,1310,0.001, 0.0141455, 0.0218816, 0.0261442, 0.0262016, 0.100799, 0.164494, 0.217953, 0.230267, 0.241918, 1, 

73,1299,0.001, 0.0141455, 0.0218816, 0.0456565, 0.110065, 0.137015, 0.159559, 0.593903, 0.248876, 0.158488, 1, 

Generation #19
67,2050,0.001, 0.0234395, 0.0390873, 0.0513067, 0.110065, 0.134715, 0.142228, 0.147769, 0.164878, 0.182603, 1, 

68,1724,0.001, 0.0141455, 0.0218816, 0.0456565, 0.10239, 0.134715, 0.142228, 0.147769, 0.230267, 0.182603, 1, 

75,1261,0.001, 0.0141455, 0.0218816, 0.0261442, 0.0262016, 0.100799, 0.164494, 0.217953, 0.230267, 0.241918, 1, 

69,1506,0.001, 0.0141455, 0.0218816, 0.0261442, 0.0262016, 0.100799, 0.164494, 0.217953, 0.164878, 0.182603, 1, 

72,1310,0.001, 0.0141455, 0.0218816, 0.0261442, 0.0262016, 0.100799, 0.164494, 0.217953, 0.230267, 0.241918, 1, 

73,1299,0.001, 0.0141455, 0.0218816, 0.0456565, 0.110065, 0.137015, 0.159559, 0.593903, 0.248876, 0.158488, 1, 

70,1468,0.001, 0.0141455, 0.0218816, 0.0261442, 0.0262016, 0.100799, 0.223503, 0.360442, 0.321229, 1, 

71,1353,0.001, 0.0141455, 0.0390873, 0.0456565, 0.10239, 0.134715, 0.142228, 0.220679, 0.352849, 0.233618, 0.417959, 1, 

Generation #20
67,2050,0.001, 0.0234395, 0.0390873, 0.0513067, 0.110065, 0.134715, 0.142228, 0.147769, 0.164878, 0.182603, 1, 

68,1724,0.001, 0.0141455, 0.0218816, 0.0456565, 0.10239, 0.134715, 0.142228, 0.147769, 0.230267, 0.182603, 1, 

75,1261,0.001, 0.0141455, 0.0218816, 0.0261442, 0.0262016, 0.100799, 0.164494, 0.217953, 0.230267, 0.241918, 1, 

69,1506,0.001, 0.0141455, 0.0218816, 0.0261442, 0.0262016, 0.100799, 0.164494, 0.217953, 0.164878, 0.182603, 1, 

72,1310,0.001, 0.0141455, 0.0218816, 0.0261442, 0.0262016, 0.100799, 0.164494, 0.217953, 0.230267, 0.241918, 1, 

73,1299,0.001, 0.0141455, 0.0218816, 0.0456565, 0.110065, 0.137015, 0.159559, 0.593903, 0.248876, 0.158488, 1, 

70,1468,0.001, 0.0141455, 0.0218816, 0.0261442, 0.0262016, 0.100799, 0.223503, 0.360442, 0.321229, 1, 

71,1353,0.001, 0.0141455, 0.0390873, 0.0456565, 0.10239, 0.134715, 0.142228, 0.220679, 0.352849, 0.233618, 0.417959, 1, 

Generation #21
67,2050,0.001, 0.0234395, 0.0390873, 0.0513067, 0.110065, 0.134715, 0.142228, 0.147769, 0.164878, 0.182603, 1, 

75,1261,0.001, 0.0141455, 0.0218816, 0.0261442, 0.0262016, 0.100799, 0.164494, 0.217953, 0.230267, 0.241918, 1, 

72,1310,0.001, 0.0141455, 0.0218816, 0.0261442, 0.0262016, 0.100799, 0.164494, 0.217953, 0.230267, 0.241918, 1, 

73,1299,0.001, 0.0141455, 0.0218816, 0.0456565, 0.110065, 0.137015, 0.159559, 0.593903, 0.248876, 0.158488, 1, 

71,1353,0.001, 0.0141455, 0.0390873, 0.0456565, 0.10239, 0.134715, 0.142228, 0.220679, 0.352849, 0.233618, 0.417959, 1, 

68,1455,0.001, 0.0141455, 0.0218816, 0.0261442, 0.0262016, 0.100799, 0.164494, 0.217953, 0.164878, 0.182603, 1, 

Generation #22
67,2050,0.001, 0.0234395, 0.0390873, 0.0513067, 0.110065, 0.134715, 0.142228, 0.147769, 0.164878, 0.182603, 1, 

75,1261,0.001, 0.0141455, 0.0218816, 0.0261442, 0.0262016, 0.100799, 0.164494, 0.217953, 0.230267, 0.241918, 1, 

72,1310,0.001, 0.0141455, 0.0218816, 0.0261442, 0.0262016, 0.100799, 0.164494, 0.217953, 0.230267, 0.241918, 1, 

73,1299,0.001, 0.0141455, 0.0218816, 0.0456565, 0.110065, 0.137015, 0.159559, 0.593903, 0.248876, 0.158488, 1, 

71,1353,0.001, 0.0141455, 0.0390873, 0.0456565, 0.10239, 0.134715, 0.142228, 0.220679, 0.352849, 0.233618, 0.417959, 1, 

68,1455,0.001, 0.0141455, 0.0218816, 0.0261442, 0.0262016, 0.100799, 0.164494, 0.217953, 0.164878, 0.182603, 1, 

Generation #23
67,2050,0.001, 0.0234395, 0.0390873, 0.0513067, 0.110065, 0.134715, 0.142228, 0.147769, 0.164878, 0.182603, 1, 

75,1261,0.001, 0.0141455, 0.0218816, 0.0261442, 0.0262016, 0.100799, 0.164494, 0.217953, 0.230267, 0.241918, 1, 

72,1310,0.001, 0.0141455, 0.0218816, 0.0261442, 0.0262016, 0.100799, 0.164494, 0.217953, 0.230267, 0.241918, 1, 

73,1299,0.001, 0.0141455, 0.0218816, 0.0456565, 0.110065, 0.137015, 0.159559, 0.593903, 0.248876, 0.158488, 1, 

71,1353,0.001, 0.0141455, 0.0390873, 0.0456565, 0.10239, 0.134715, 0.142228, 0.220679, 0.352849, 0.233618, 0.417959, 1, 

68,1455,0.001, 0.0141455, 0.0218816, 0.0261442, 0.0262016, 0.100799, 0.164494, 0.217953, 0.164878, 0.182603, 1, 

Generation #24
67,2050,0.001, 0.0234395, 0.0390873, 0.0513067, 0.110065, 0.134715, 0.142228, 0.147769, 0.164878, 0.182603, 1, 

75,1261,0.001, 0.0141455, 0.0218816, 0.0261442, 0.0262016, 0.100799, 0.164494, 0.217953, 0.230267, 0.241918, 1, 

72,1310,0.001, 0.0141455, 0.0218816, 0.0261442, 0.0262016, 0.100799, 0.164494, 0.217953, 0.230267, 0.241918, 1, 

73,1299,0.001, 0.0141455, 0.0218816, 0.0456565, 0.110065, 0.137015, 0.159559, 0.593903, 0.248876, 0.158488, 1, 

71,1353,0.001, 0.0141455, 0.0390873, 0.0456565, 0.10239, 0.134715, 0.142228, 0.220679, 0.352849, 0.233618, 0.417959, 1, 

68,1455,0.001, 0.0141455, 0.0218816, 0.0261442, 0.0262016, 0.100799, 0.164494, 0.217953, 0.164878, 0.182603, 1, 

69,1357,0.001, 0.0141455, 0.0218816, 0.0261442, 0.0262016, 0.100799, 0.241043, 0.217953, 0.164878, 0.182603, 1, 

Generation #25
67,2050,0.001, 0.0234395, 0.0390873, 0.0513067, 0.110065, 0.134715, 0.142228, 0.147769, 0.164878, 0.182603, 1, 

75,1261,0.001, 0.0141455, 0.0218816, 0.0261442, 0.0262016, 0.100799, 0.164494, 0.217953, 0.230267, 0.241918, 1, 

68,1455,0.001, 0.0141455, 0.0218816, 0.0261442, 0.0262016, 0.100799, 0.164494, 0.217953, 0.164878, 0.182603, 1, 

69,1290,0.001, 0.0141455, 0.0218816, 0.0261442, 0.0262016, 0.100799, 0.241043, 0.217953, 0.164878, 0.182603, 0.417959, 1, 

Generation #26
67,2050,0.001, 0.0234395, 0.0390873, 0.0513067, 0.110065, 0.134715, 0.142228, 0.147769, 0.164878, 0.182603, 1, 

75,1261,0.001, 0.0141455, 0.0218816, 0.0261442, 0.0262016, 0.100799, 0.164494, 0.217953, 0.230267, 0.241918, 1, 

68,1455,0.001, 0.0141455, 0.0218816, 0.0261442, 0.0262016, 0.100799, 0.164494, 0.217953, 0.164878, 0.182603, 1, 

69,1290,0.001, 0.0141455, 0.0218816, 0.0261442, 0.0262016, 0.100799, 0.241043, 0.217953, 0.164878, 0.182603, 0.417959, 1, 

71,1267,0.001, 0.0141455, 0.0218816, 0.0261442, 0.0262016, 0.100799, 0.164494, 0.217953, 0.230267, 0.241918, 1, 

Generation #27
67,2050,0.001, 0.0234395, 0.0390873, 0.0513067, 0.110065, 0.134715, 0.142228, 0.147769, 0.164878, 0.182603, 1, 

75,1261,0.001, 0.0141455, 0.0218816, 0.0261442, 0.0262016, 0.100799, 0.164494, 0.217953, 0.230267, 0.241918, 1, 

68,1455,0.001, 0.0141455, 0.0218816, 0.0261442, 0.0262016, 0.100799, 0.164494, 0.217953, 0.164878, 0.182603, 1, 

69,1290,0.001, 0.0141455, 0.0218816, 0.0261442, 0.0262016, 0.100799, 0.241043, 0.217953, 0.164878, 0.182603, 0.417959, 1, 

71,1267,0.001, 0.0141455, 0.0218816, 0.0261442, 0.0262016, 0.100799, 0.164494, 0.217953, 0.230267, 0.241918, 1, 

Generation #28
67,2050,0.001, 0.0234395, 0.0390873, 0.0513067, 0.110065, 0.134715, 0.142228, 0.147769, 0.164878, 0.182603, 1, 

75,1261,0.001, 0.0141455, 0.0218816, 0.0261442, 0.0262016, 0.100799, 0.164494, 0.217953, 0.230267, 0.241918, 1, 

68,1455,0.001, 0.0141455, 0.0218816, 0.0261442, 0.0262016, 0.100799, 0.164494, 0.217953, 0.164878, 0.182603, 1, 

69,1290,0.001, 0.0141455, 0.0218816, 0.0261442, 0.0262016, 0.100799, 0.241043, 0.217953, 0.164878, 0.182603, 0.417959, 1, 

71,1267,0.001, 0.0141455, 0.0218816, 0.0261442, 0.0262016, 0.100799, 0.164494, 0.217953, 0.230267, 0.241918, 1, 

Generation #29
67,2050,0.001, 0.0234395, 0.0390873, 0.0513067, 0.110065, 0.134715, 0.142228, 0.147769, 0.164878, 0.182603, 1, 

75,1261,0.001, 0.0141455, 0.0218816, 0.0261442, 0.0262016, 0.100799, 0.164494, 0.217953, 0.230267, 0.241918, 1, 

68,1455,0.001, 0.0141455, 0.0218816, 0.0261442, 0.0262016, 0.100799, 0.164494, 0.217953, 0.164878, 0.182603, 1, 

69,1290,0.001, 0.0141455, 0.0218816, 0.0261442, 0.0262016, 0.100799, 0.241043, 0.217953, 0.164878, 0.182603, 0.417959, 1, 

71,1267,0.001, 0.0141455, 0.0218816, 0.0261442, 0.0262016, 0.100799, 0.164494, 0.217953, 0.230267, 0.241918, 1, 

Generation #30
67,2050,0.001, 0.0234395, 0.0390873, 0.0513067, 0.110065, 0.134715, 0.142228, 0.147769, 0.164878, 0.182603, 1, 

75,1261,0.001, 0.0141455, 0.0218816, 0.0261442, 0.0262016, 0.100799, 0.164494, 0.217953, 0.230267, 0.241918, 1, 

68,1455,0.001, 0.0141455, 0.0218816, 0.0261442, 0.0262016, 0.100799, 0.164494, 0.217953, 0.164878, 0.182603, 1, 

69,1290,0.001, 0.0141455, 0.0218816, 0.0261442, 0.0262016, 0.100799, 0.241043, 0.217953, 0.164878, 0.182603, 0.417959, 1, 

71,1267,0.001, 0.0141455, 0.0218816, 0.0261442, 0.0262016, 0.100799, 0.164494, 0.217953, 0.230267, 0.241918, 1, 

Generation #31
67,2050,0.001, 0.0234395, 0.0390873, 0.0513067, 0.110065, 0.134715, 0.142228, 0.147769, 0.164878, 0.182603, 1, 

75,1261,0.001, 0.0141455, 0.0218816, 0.0261442, 0.0262016, 0.100799, 0.164494, 0.217953, 0.230267, 0.241918, 1, 

68,1455,0.001, 0.0141455, 0.0218816, 0.0261442, 0.0262016, 0.100799, 0.164494, 0.217953, 0.164878, 0.182603, 1, 

69,1290,0.001, 0.0141455, 0.0218816, 0.0261442, 0.0262016, 0.100799, 0.241043, 0.217953, 0.164878, 0.182603, 0.417959, 1, 

71,1267,0.001, 0.0141455, 0.0218816, 0.0261442, 0.0262016, 0.100799, 0.164494, 0.217953, 0.230267, 0.241918, 1, 

Generation #32
67,2050,0.001, 0.0234395, 0.0390873, 0.0513067, 0.110065, 0.134715, 0.142228, 0.147769, 0.164878, 0.182603, 1, 

75,1261,0.001, 0.0141455, 0.0218816, 0.0261442, 0.0262016, 0.100799, 0.164494, 0.217953, 0.230267, 0.241918, 1, 

68,1455,0.001, 0.0141455, 0.0218816, 0.0261442, 0.0262016, 0.100799, 0.164494, 0.217953, 0.164878, 0.182603, 1, 

69,1290,0.001, 0.0141455, 0.0218816, 0.0261442, 0.0262016, 0.100799, 0.241043, 0.217953, 0.164878, 0.182603, 0.417959, 1, 

71,1267,0.001, 0.0141455, 0.0218816, 0.0261442, 0.0262016, 0.100799, 0.164494, 0.217953, 0.230267, 0.241918, 1, 

Generation #33
67,2050,0.001, 0.0234395, 0.0390873, 0.0513067, 0.110065, 0.134715, 0.142228, 0.147769, 0.164878, 0.182603, 1, 

68,1455,0.001, 0.0141455, 0.0218816, 0.0261442, 0.0262016, 0.100799, 0.164494, 0.217953, 0.164878, 0.182603, 1, 

69,1290,0.001, 0.0141455, 0.0218816, 0.0261442, 0.0262016, 0.100799, 0.241043, 0.217953, 0.164878, 0.182603, 0.417959, 1, 

71,1267,0.001, 0.0141455, 0.0218816, 0.0261442, 0.0262016, 0.100799, 0.164494, 0.217953, 0.230267, 0.241918, 1, 

72,1234,0.001, 0.0141455, 0.0218816, 0.0261442, 0.0262016, 0.100799, 0.164494, 0.217953, 0.230267, 0.241918, 1, 

Generation #34
67,2050,0.001, 0.0234395, 0.0390873, 0.0513067, 0.110065, 0.134715, 0.142228, 0.147769, 0.164878, 0.182603, 1, 

68,1455,0.001, 0.0141455, 0.0218816, 0.0261442, 0.0262016, 0.100799, 0.164494, 0.217953, 0.164878, 0.182603, 1, 

69,1290,0.001, 0.0141455, 0.0218816, 0.0261442, 0.0262016, 0.100799, 0.241043, 0.217953, 0.164878, 0.182603, 0.417959, 1, 

71,1267,0.001, 0.0141455, 0.0218816, 0.0261442, 0.0262016, 0.100799, 0.164494, 0.217953, 0.230267, 0.241918, 1, 

72,1234,0.001, 0.0141455, 0.0218816, 0.0261442, 0.0262016, 0.100799, 0.164494, 0.217953, 0.230267, 0.241918, 1, 

Generation #35
67,2050,0.001, 0.0234395, 0.0390873, 0.0513067, 0.110065, 0.134715, 0.142228, 0.147769, 0.164878, 0.182603, 1, 

68,1455,0.001, 0.0141455, 0.0218816, 0.0261442, 0.0262016, 0.100799, 0.164494, 0.217953, 0.164878, 0.182603, 1, 

69,1290,0.001, 0.0141455, 0.0218816, 0.0261442, 0.0262016, 0.100799, 0.241043, 0.217953, 0.164878, 0.182603, 0.417959, 1, 

71,1267,0.001, 0.0141455, 0.0218816, 0.0261442, 0.0262016, 0.100799, 0.164494, 0.217953, 0.230267, 0.241918, 1, 

72,1234,0.001, 0.0141455, 0.0218816, 0.0261442, 0.0262016, 0.100799, 0.164494, 0.217953, 0.230267, 0.241918, 1, 

Generation #36
67,2050,0.001, 0.0234395, 0.0390873, 0.0513067, 0.110065, 0.134715, 0.142228, 0.147769, 0.164878, 0.182603, 1, 

68,1455,0.001, 0.0141455, 0.0218816, 0.0261442, 0.0262016, 0.100799, 0.164494, 0.217953, 0.164878, 0.182603, 1, 

69,1290,0.001, 0.0141455, 0.0218816, 0.0261442, 0.0262016, 0.100799, 0.241043, 0.217953, 0.164878, 0.182603, 0.417959, 1, 

71,1267,0.001, 0.0141455, 0.0218816, 0.0261442, 0.0262016, 0.100799, 0.164494, 0.217953, 0.230267, 0.241918, 1, 

72,1234,0.001, 0.0141455, 0.0218816, 0.0261442, 0.0262016, 0.100799, 0.164494, 0.217953, 0.230267, 0.241918, 1, 

Generation #37
67,2050,0.001, 0.0234395, 0.0390873, 0.0513067, 0.110065, 0.134715, 0.142228, 0.147769, 0.164878, 0.182603, 1, 

68,1455,0.001, 0.0141455, 0.0218816, 0.0261442, 0.0262016, 0.100799, 0.164494, 0.217953, 0.164878, 0.182603, 1, 

69,1290,0.001, 0.0141455, 0.0218816, 0.0261442, 0.0262016, 0.100799, 0.241043, 0.217953, 0.164878, 0.182603, 0.417959, 1, 

71,1267,0.001, 0.0141455, 0.0218816, 0.0261442, 0.0262016, 0.100799, 0.164494, 0.217953, 0.230267, 0.241918, 1, 

72,1234,0.001, 0.0141455, 0.0218816, 0.0261442, 0.0262016, 0.100799, 0.164494, 0.217953, 0.230267, 0.241918, 1, 

Generation #38
67,2050,0.001, 0.0234395, 0.0390873, 0.0513067, 0.110065, 0.134715, 0.142228, 0.147769, 0.164878, 0.182603, 1, 

68,1455,0.001, 0.0141455, 0.0218816, 0.0261442, 0.0262016, 0.100799, 0.164494, 0.217953, 0.164878, 0.182603, 1, 

69,1290,0.001, 0.0141455, 0.0218816, 0.0261442, 0.0262016, 0.100799, 0.241043, 0.217953, 0.164878, 0.182603, 0.417959, 1, 

71,1267,0.001, 0.0141455, 0.0218816, 0.0261442, 0.0262016, 0.100799, 0.164494, 0.217953, 0.230267, 0.241918, 1, 

72,1234,0.001, 0.0141455, 0.0218816, 0.0261442, 0.0262016, 0.100799, 0.164494, 0.217953, 0.230267, 0.241918, 1, 

Generation #39
67,2050,0.001, 0.0234395, 0.0390873, 0.0513067, 0.110065, 0.134715, 0.142228, 0.147769, 0.164878, 0.182603, 1, 

68,1455,0.001, 0.0141455, 0.0218816, 0.0261442, 0.0262016, 0.100799, 0.164494, 0.217953, 0.164878, 0.182603, 1, 

69,1290,0.001, 0.0141455, 0.0218816, 0.0261442, 0.0262016, 0.100799, 0.241043, 0.217953, 0.164878, 0.182603, 0.417959, 1, 

71,1267,0.001, 0.0141455, 0.0218816, 0.0261442, 0.0262016, 0.100799, 0.164494, 0.217953, 0.230267, 0.241918, 1, 

72,1234,0.001, 0.0141455, 0.0218816, 0.0261442, 0.0262016, 0.100799, 0.164494, 0.217953, 0.230267, 0.241918, 1, 

Generation #40
67,2050,0.001, 0.0234395, 0.0390873, 0.0513067, 0.110065, 0.134715, 0.142228, 0.147769, 0.164878, 0.182603, 1, 

68,1455,0.001, 0.0141455, 0.0218816, 0.0261442, 0.0262016, 0.100799, 0.164494, 0.217953, 0.164878, 0.182603, 1, 

69,1290,0.001, 0.0141455, 0.0218816, 0.0261442, 0.0262016, 0.100799, 0.241043, 0.217953, 0.164878, 0.182603, 0.417959, 1, 

71,1267,0.001, 0.0141455, 0.0218816, 0.0261442, 0.0262016, 0.100799, 0.164494, 0.217953, 0.230267, 0.241918, 1, 

72,1234,0.001, 0.0141455, 0.0218816, 0.0261442, 0.0262016, 0.100799, 0.164494, 0.217953, 0.230267, 0.241918, 1, 

Generation #41
67,2050,0.001, 0.0234395, 0.0390873, 0.0513067, 0.110065, 0.134715, 0.142228, 0.147769, 0.164878, 0.182603, 1, 

68,1455,0.001, 0.0141455, 0.0218816, 0.0261442, 0.0262016, 0.100799, 0.164494, 0.217953, 0.164878, 0.182603, 1, 

69,1290,0.001, 0.0141455, 0.0218816, 0.0261442, 0.0262016, 0.100799, 0.241043, 0.217953, 0.164878, 0.182603, 0.417959, 1, 

71,1267,0.001, 0.0141455, 0.0218816, 0.0261442, 0.0262016, 0.100799, 0.164494, 0.217953, 0.230267, 0.241918, 1, 

72,1234,0.001, 0.0141455, 0.0218816, 0.0261442, 0.0262016, 0.100799, 0.164494, 0.217953, 0.230267, 0.241918, 1, 

Generation #42
67,2050,0.001, 0.0234395, 0.0390873, 0.0513067, 0.110065, 0.134715, 0.142228, 0.147769, 0.164878, 0.182603, 1, 

68,1455,0.001, 0.0141455, 0.0218816, 0.0261442, 0.0262016, 0.100799, 0.164494, 0.217953, 0.164878, 0.182603, 1, 

69,1290,0.001, 0.0141455, 0.0218816, 0.0261442, 0.0262016, 0.100799, 0.241043, 0.217953, 0.164878, 0.182603, 0.417959, 1, 

71,1267,0.001, 0.0141455, 0.0218816, 0.0261442, 0.0262016, 0.100799, 0.164494, 0.217953, 0.230267, 0.241918, 1, 

72,1234,0.001, 0.0141455, 0.0218816, 0.0261442, 0.0262016, 0.100799, 0.164494, 0.217953, 0.230267, 0.241918, 1, 

Generation #43
67,2050,0.001, 0.0234395, 0.0390873, 0.0513067, 0.110065, 0.134715, 0.142228, 0.147769, 0.164878, 0.182603, 1, 

68,1455,0.001, 0.0141455, 0.0218816, 0.0261442, 0.0262016, 0.100799, 0.164494, 0.217953, 0.164878, 0.182603, 1, 

69,1290,0.001, 0.0141455, 0.0218816, 0.0261442, 0.0262016, 0.100799, 0.241043, 0.217953, 0.164878, 0.182603, 0.417959, 1, 

71,1267,0.001, 0.0141455, 0.0218816, 0.0261442, 0.0262016, 0.100799, 0.164494, 0.217953, 0.230267, 0.241918, 1, 

72,1234,0.001, 0.0141455, 0.0218816, 0.0261442, 0.0262016, 0.100799, 0.164494, 0.217953, 0.230267, 0.241918, 1, 

Generation #44
67,2050,0.001, 0.0234395, 0.0390873, 0.0513067, 0.110065, 0.134715, 0.142228, 0.147769, 0.164878, 0.182603, 1, 

68,1455,0.001, 0.0141455, 0.0218816, 0.0261442, 0.0262016, 0.100799, 0.164494, 0.217953, 0.164878, 0.182603, 1, 

69,1290,0.001, 0.0141455, 0.0218816, 0.0261442, 0.0262016, 0.100799, 0.241043, 0.217953, 0.164878, 0.182603, 0.417959, 1, 

71,1267,0.001, 0.0141455, 0.0218816, 0.0261442, 0.0262016, 0.100799, 0.164494, 0.217953, 0.230267, 0.241918, 1, 

72,1234,0.001, 0.0141455, 0.0218816, 0.0261442, 0.0262016, 0.100799, 0.164494, 0.217953, 0.230267, 0.241918, 1, 

Generation #45
67,2050,0.001, 0.0234395, 0.0390873, 0.0513067, 0.110065, 0.134715, 0.142228, 0.147769, 0.164878, 0.182603, 1, 

68,1455,0.001, 0.0141455, 0.0218816, 0.0261442, 0.0262016, 0.100799, 0.164494, 0.217953, 0.164878, 0.182603, 1, 

69,1290,0.001, 0.0141455, 0.0218816, 0.0261442, 0.0262016, 0.100799, 0.241043, 0.217953, 0.164878, 0.182603, 0.417959, 1, 

71,1267,0.001, 0.0141455, 0.0218816, 0.0261442, 0.0262016, 0.100799, 0.164494, 0.217953, 0.230267, 0.241918, 1, 

72,1234,0.001, 0.0141455, 0.0218816, 0.0261442, 0.0262016, 0.100799, 0.164494, 0.217953, 0.230267, 0.241918, 1, 

Generation #46
67,2050,0.001, 0.0234395, 0.0390873, 0.0513067, 0.110065, 0.134715, 0.142228, 0.147769, 0.164878, 0.182603, 1, 

68,1455,0.001, 0.0141455, 0.0218816, 0.0261442, 0.0262016, 0.100799, 0.164494, 0.217953, 0.164878, 0.182603, 1, 

69,1290,0.001, 0.0141455, 0.0218816, 0.0261442, 0.0262016, 0.100799, 0.241043, 0.217953, 0.164878, 0.182603, 0.417959, 1, 

71,1267,0.001, 0.0141455, 0.0218816, 0.0261442, 0.0262016, 0.100799, 0.164494, 0.217953, 0.230267, 0.241918, 1, 

72,1234,0.001, 0.0141455, 0.0218816, 0.0261442, 0.0262016, 0.100799, 0.164494, 0.217953, 0.230267, 0.241918, 1, 

Generation #47
67,2050,0.001, 0.0234395, 0.0390873, 0.0513067, 0.110065, 0.134715, 0.142228, 0.147769, 0.164878, 0.182603, 1, 

68,1455,0.001, 0.0141455, 0.0218816, 0.0261442, 0.0262016, 0.100799, 0.164494, 0.217953, 0.164878, 0.182603, 1, 

69,1290,0.001, 0.0141455, 0.0218816, 0.0261442, 0.0262016, 0.100799, 0.241043, 0.217953, 0.164878, 0.182603, 0.417959, 1, 

71,1267,0.001, 0.0141455, 0.0218816, 0.0261442, 0.0262016, 0.100799, 0.164494, 0.217953, 0.230267, 0.241918, 1, 

72,1234,0.001, 0.0141455, 0.0218816, 0.0261442, 0.0262016, 0.100799, 0.164494, 0.217953, 0.230267, 0.241918, 1, 

Generation #48
67,2050,0.001, 0.0234395, 0.0390873, 0.0513067, 0.110065, 0.134715, 0.142228, 0.147769, 0.164878, 0.182603, 1, 

68,1455,0.001, 0.0141455, 0.0218816, 0.0261442, 0.0262016, 0.100799, 0.164494, 0.217953, 0.164878, 0.182603, 1, 

69,1290,0.001, 0.0141455, 0.0218816, 0.0261442, 0.0262016, 0.100799, 0.241043, 0.217953, 0.164878, 0.182603, 0.417959, 1, 

71,1267,0.001, 0.0141455, 0.0218816, 0.0261442, 0.0262016, 0.100799, 0.164494, 0.217953, 0.230267, 0.241918, 1, 

72,1234,0.001, 0.0141455, 0.0218816, 0.0261442, 0.0262016, 0.100799, 0.164494, 0.217953, 0.230267, 0.241918, 1, 

Generation #49
67,2050,0.001, 0.0234395, 0.0390873, 0.0513067, 0.110065, 0.134715, 0.142228, 0.147769, 0.164878, 0.182603, 1, 

69,1290,0.001, 0.0141455, 0.0218816, 0.0261442, 0.0262016, 0.100799, 0.241043, 0.217953, 0.164878, 0.182603, 0.417959, 1, 

71,1267,0.001, 0.0141455, 0.0218816, 0.0261442, 0.0262016, 0.100799, 0.164494, 0.217953, 0.230267, 0.241918, 1, 

72,1234,0.001, 0.0141455, 0.0218816, 0.0261442, 0.0262016, 0.100799, 0.164494, 0.217953, 0.230267, 0.241918, 1, 

68,1453,0.001, 0.0141455, 0.0218816, 0.0261442, 0.0262016, 0.100799, 0.164494, 0.217953, 0.230267, 0.241918, 1, 

--- Pareto Front Solutions ---
Solution 0: N total=112 (N_initial=45, N_added=67), Time total=2068 ms, Saved to: ./results/Wireless_t2_l1_pareto_0.csv, percents=0.001, 0.0234395, 0.0390873, 0.0513067, 0.110065, 0.134715, 0.142228, 0.147769, 0.164878, 0.182603, 1, 

Solution 1: N total=114 (N_initial=45, N_added=69), Time total=1308 ms, Saved to: ./results/Wireless_t2_l1_pareto_1.csv, percents=0.001, 0.0141455, 0.0218816, 0.0261442, 0.0262016, 0.100799, 0.241043, 0.217953, 0.164878, 0.182603, 0.417959, 1, 

Solution 2: N total=116 (N_initial=45, N_added=71), Time total=1285 ms, Saved to: ./results/Wireless_t2_l1_pareto_2.csv, percents=0.001, 0.0141455, 0.0218816, 0.0261442, 0.0262016, 0.100799, 0.164494, 0.217953, 0.230267, 0.241918, 1, 

Solution 3: N total=117 (N_initial=45, N_added=72), Time total=1252 ms, Saved to: ./results/Wireless_t2_l1_pareto_3.csv, percents=0.001, 0.0141455, 0.0218816, 0.0261442, 0.0262016, 0.100799, 0.164494, 0.217953, 0.230267, 0.241918, 1, 

Solution 4: N total=113 (N_initial=45, N_added=68), Time total=1471 ms, Saved to: ./results/Wireless_t2_l1_pareto_4.csv, percents=0.001, 0.0141455, 0.0218816, 0.0261442, 0.0262016, 0.100799, 0.164494, 0.217953, 0.230267, 0.241918, 1, 

------------d=1, t=2, lambda=2, filename=./evaluation/Wireless/Wireless_2_2.csv------------
Grouping d-sets by partitioned row counts for detecting arrays...
Ready to look at pairs for detecting arrays...
First Stage N=80, Time=11
There are 10190 remaining non-locating pairs
--- Running GA Algorithm (phase2) ---
Running GA with std::execution::par
Generation #0
77,821,0.001, 0.0109413, 0.0183236, 0.0576894, 0.0680346, 0.0728893, 0.161367, 0.212608, 0.217315, 0.270436, 0.387741, 0.42944, 0.454188, 0.464745, 0.502792, 0.504948, 0.540971, 0.578114, 0.628092, 0.677011, 0.680956, 0.683595, 0.720022, 0.775303, 0.792463, 0.83135, 0.840016, 0.954918, 1, 

66,1205,0.001, 0.0560301, 0.0626725, 0.076972, 0.145445, 0.164571, 0.222666, 0.33439, 0.37974, 0.423838, 0.48513, 0.596015, 0.628668, 0.671862, 0.710266, 0.799344, 0.897161, 0.985158, 1, 

71,1032,0.001, 0.015771, 0.0328589, 0.0349382, 0.0497797, 0.123068, 0.229415, 0.235979, 0.324133, 0.482467, 0.528239, 0.579792, 0.646257, 0.649735, 0.655412, 0.780332, 0.851692, 0.903195, 0.921377, 0.950394, 0.96161, 1, 

73,998,0.001, 0.0309956, 0.0314078, 0.0549943, 0.0614145, 0.062907, 0.129815, 0.152926, 0.176544, 0.200791, 0.214037, 0.242425, 0.278843, 0.337652, 0.34438, 0.394881, 0.402464, 0.451977, 0.476859, 0.522382, 0.590267, 0.604923, 0.628049, 0.644011, 0.65537, 0.683696, 0.858517, 0.997341, 1, 

63,1817,0.001, 0.0815201, 0.175251, 0.303931, 0.341783, 0.606043, 0.670162, 0.750963, 0.825086, 0.943286, 1, 

64,1332,0.001, 0.0604375, 0.0697271, 0.124321, 0.194848, 0.223776, 0.240381, 0.352435, 0.39125, 0.408456, 0.44139, 0.450453, 0.492379, 0.659409, 0.772999, 0.885717, 0.941607, 1, 

69,1080,0.001, 0.0565883, 0.0795389, 0.0868227, 0.101731, 0.115708, 0.278574, 0.297632, 0.297875, 0.487991, 0.53451, 0.548945, 0.626113, 0.633175, 0.830554, 0.876012, 1, 

Generation #1
57,774,0.001, 0.0231761, 0.0345935, 0.0558149, 0.0911839, 0.104935, 0.215008, 0.344891, 0.420064, 0.968144, 0.998044, 1, 

Generation #2
57,774,0.001, 0.0231761, 0.0345935, 0.0558149, 0.0911839, 0.104935, 0.215008, 0.344891, 0.420064, 0.968144, 0.998044, 1, 

Generation #3
57,774,0.001, 0.0231761, 0.0345935, 0.0558149, 0.0911839, 0.104935, 0.215008, 0.344891, 0.420064, 0.968144, 0.998044, 1, 

74,732,0.001, 0.0309956, 0.0314078, 0.0549943, 0.0614145, 0.062907, 0.129815, 0.152926, 0.304641, 0.200791, 0.214037, 0.242425, 0.278843, 0.337652, 0.34438, 0.394881, 0.402464, 0.451977, 0.476859, 0.522382, 0.590267, 0.604923, 0.628049, 0.644011, 0.65537, 0.683696, 0.840016, 0.954918, 1, 

Generation #4
57,774,0.001, 0.0231761, 0.0345935, 0.0558149, 0.0911839, 0.104935, 0.215008, 0.344891, 0.420064, 0.968144, 0.998044, 1, 

74,732,0.001, 0.0309956, 0.0314078, 0.0549943, 0.0614145, 0.062907, 0.129815, 0.152926, 0.304641, 0.200791, 0.214037, 0.242425, 0.278843, 0.337652, 0.34438, 0.394881, 0.402464, 0.451977, 0.476859, 0.522382, 0.590267, 0.604923, 0.628049, 0.644011, 0.65537, 0.683696, 0.840016, 0.954918, 1, 

Generation #5
57,774,0.001, 0.0231761, 0.0345935, 0.0558149, 0.0911839, 0.104935, 0.215008, 0.344891, 0.420064, 0.968144, 0.998044, 1, 

72,727,0.001, 0.0309956, 0.0314078, 0.0549943, 0.0614145, 0.062907, 0.129815, 0.152926, 0.304641, 0.200791, 0.214037, 0.242425, 0.278843, 0.337652, 0.34438, 0.394881, 0.402464, 0.451977, 0.476859, 0.522382, 0.807612, 0.812839, 0.8342, 0.86136, 0.880913, 0.935328, 0.956355, 1, 

Generation #6
57,774,0.001, 0.0231761, 0.0345935, 0.0558149, 0.0911839, 0.104935, 0.215008, 0.344891, 0.420064, 0.968144, 0.998044, 1, 

72,727,0.001, 0.0309956, 0.0314078, 0.0549943, 0.0614145, 0.062907, 0.129815, 0.152926, 0.304641, 0.200791, 0.214037, 0.242425, 0.278843, 0.337652, 0.34438, 0.394881, 0.402464, 0.451977, 0.476859, 0.522382, 0.807612, 0.812839, 0.8342, 0.86136, 0.880913, 0.935328, 0.956355, 1, 

64,770,0.001, 0.0309956, 0.0314078, 0.0549943, 0.00798847, 0.0614145, 0.062907, 0.129815, 0.152926, 0.304641, 0.244594, 0.976519, 1, 

Generation #7
57,774,0.001, 0.0231761, 0.0345935, 0.0558149, 0.0911839, 0.104935, 0.215008, 0.344891, 0.420064, 0.968144, 0.998044, 1, 

72,727,0.001, 0.0309956, 0.0314078, 0.0549943, 0.0614145, 0.062907, 0.129815, 0.152926, 0.304641, 0.200791, 0.214037, 0.242425, 0.278843, 0.337652, 0.34438, 0.394881, 0.402464, 0.451977, 0.476859, 0.522382, 0.807612, 0.812839, 0.8342, 0.86136, 0.880913, 0.935328, 0.956355, 1, 

59,761,0.001, 0.0309956, 0.0314078, 0.0549943, 0.0614145, 0.062907, 0.129815, 0.152926, 0.304641, 0.200791, 0.214037, 0.242425, 1, 

Generation #8
57,774,0.001, 0.0231761, 0.0345935, 0.0558149, 0.0911839, 0.104935, 0.215008, 0.344891, 0.420064, 0.968144, 0.998044, 1, 

72,727,0.001, 0.0309956, 0.0314078, 0.0549943, 0.0614145, 0.062907, 0.129815, 0.152926, 0.304641, 0.200791, 0.214037, 0.242425, 0.278843, 0.337652, 0.34438, 0.394881, 0.402464, 0.451977, 0.476859, 0.522382, 0.807612, 0.812839, 0.8342, 0.86136, 0.880913, 0.935328, 0.956355, 1, 

59,761,0.001, 0.0309956, 0.0314078, 0.0549943, 0.0614145, 0.062907, 0.129815, 0.152926, 0.304641, 0.200791, 0.214037, 0.242425, 1, 

73,711,0.001, 0.0206527, 0.0450831, 0.0549943, 0.0614145, 0.062907, 0.129815, 0.152926, 0.176544, 0.200791, 0.242425, 0.242425, 0.278843, 0.337652, 0.34438, 0.394881, 0.402464, 0.451977, 0.476859, 0.522382, 0.807612, 0.812839, 0.8342, 0.871023, 0.880913, 0.935328, 0.956355, 1, 

64,731,0.001, 0.0309956, 0.0314078, 0.0549943, 0.0614145, 0.062907, 0.129815, 0.152926, 0.304641, 0.200791, 0.214037, 0.278843, 0.337652, 1, 

Generation #9
57,774,0.001, 0.0231761, 0.0345935, 0.0558149, 0.0911839, 0.104935, 0.215008, 0.344891, 0.420064, 0.968144, 0.998044, 1, 

59,761,0.001, 0.0309956, 0.0314078, 0.0549943, 0.0614145, 0.062907, 0.129815, 0.152926, 0.304641, 0.200791, 0.214037, 0.242425, 1, 

70,698,0.001, 0.0309956, 0.0314078, 0.0549943, 0.0614145, 0.062907, 0.129815, 0.152926, 0.304641, 0.200791, 0.214037, 0.242425, 0.278843, 0.337652, 0.34438, 0.394881, 0.402464, 0.451977, 0.476859, 0.522382, 0.807612, 0.812839, 0.8342, 0.86136, 0.880913, 0.935328, 0.956355, 1, 

60,700,0.001, 0.0309956, 0.0314078, 0.0549943, 0.0614145, 0.062907, 0.129815, 0.152926, 0.304641, 0.200791, 0.214037, 0.242425, 1, 

Generation #10
57,774,0.001, 0.0231761, 0.0345935, 0.0558149, 0.0911839, 0.104935, 0.215008, 0.344891, 0.420064, 0.968144, 0.998044, 1, 

60,700,0.001, 0.0309956, 0.0314078, 0.0549943, 0.0614145, 0.062907, 0.129815, 0.152926, 0.304641, 0.200791, 0.214037, 0.242425, 1, 

64,690,0.001, 0.0309956, 0.0314078, 0.0549943, 0.0614145, 0.062907, 0.129815, 0.152926, 0.176544, 0.200791, 0.242425, 0.278843, 0.337652, 0.34438, 0.394881, 0.402464, 0.451977, 1, 

58,729,0.001, 0.0309956, 0.0314078, 0.0549943, 0.0614145, 0.062907, 0.129815, 0.548706, 0.152926, 0.304641, 0.244594, 1, 

Generation #11
57,774,0.001, 0.0231761, 0.0345935, 0.0558149, 0.0911839, 0.104935, 0.215008, 0.344891, 0.420064, 0.968144, 0.998044, 1, 

60,700,0.001, 0.0309956, 0.0314078, 0.0549943, 0.0614145, 0.062907, 0.129815, 0.152926, 0.304641, 0.200791, 0.214037, 0.242425, 1, 

64,690,0.001, 0.0309956, 0.0314078, 0.0549943, 0.0614145, 0.062907, 0.129815, 0.152926, 0.176544, 0.200791, 0.242425, 0.278843, 0.337652, 0.34438, 0.394881, 0.402464, 0.451977, 1, 

58,729,0.001, 0.0309956, 0.0314078, 0.0549943, 0.0614145, 0.062907, 0.129815, 0.548706, 0.152926, 0.304641, 0.244594, 1, 

Generation #12
57,774,0.001, 0.0231761, 0.0345935, 0.0558149, 0.0911839, 0.104935, 0.215008, 0.344891, 0.420064, 0.968144, 0.998044, 1, 

60,700,0.001, 0.0309956, 0.0314078, 0.0549943, 0.0614145, 0.062907, 0.129815, 0.152926, 0.304641, 0.200791, 0.214037, 0.242425, 1, 

64,690,0.001, 0.0309956, 0.0314078, 0.0549943, 0.0614145, 0.062907, 0.129815, 0.152926, 0.176544, 0.200791, 0.242425, 0.278843, 0.337652, 0.34438, 0.394881, 0.402464, 0.451977, 1, 

58,729,0.001, 0.0309956, 0.0314078, 0.0549943, 0.0614145, 0.062907, 0.129815, 0.548706, 0.152926, 0.304641, 0.244594, 1, 

Generation #13
57,774,0.001, 0.0231761, 0.0345935, 0.0558149, 0.0911839, 0.104935, 0.215008, 0.344891, 0.420064, 0.968144, 0.998044, 1, 

60,700,0.001, 0.0309956, 0.0314078, 0.0549943, 0.0614145, 0.062907, 0.129815, 0.152926, 0.304641, 0.200791, 0.214037, 0.242425, 1, 

64,690,0.001, 0.0309956, 0.0314078, 0.0549943, 0.0614145, 0.062907, 0.129815, 0.152926, 0.176544, 0.200791, 0.242425, 0.278843, 0.337652, 0.34438, 0.394881, 0.402464, 0.451977, 1, 

58,729,0.001, 0.0309956, 0.0314078, 0.0549943, 0.0614145, 0.062907, 0.129815, 0.548706, 0.152926, 0.304641, 0.244594, 1, 

Generation #14
57,774,0.001, 0.0231761, 0.0345935, 0.0558149, 0.0911839, 0.104935, 0.215008, 0.344891, 0.420064, 0.968144, 0.998044, 1, 

60,700,0.001, 0.0309956, 0.0314078, 0.0549943, 0.0614145, 0.062907, 0.129815, 0.152926, 0.304641, 0.200791, 0.214037, 0.242425, 1, 

64,690,0.001, 0.0309956, 0.0314078, 0.0549943, 0.0614145, 0.062907, 0.129815, 0.152926, 0.176544, 0.200791, 0.242425, 0.278843, 0.337652, 0.34438, 0.394881, 0.402464, 0.451977, 1, 

58,704,0.001, 0.0309956, 0.0314078, 0.0549943, 0.0614145, 0.062907, 0.129815, 0.152926, 0.304641, 0.200791, 0.214037, 0.278843, 0.337652, 1, 

Generation #15
57,774,0.001, 0.0231761, 0.0345935, 0.0558149, 0.0911839, 0.104935, 0.215008, 0.344891, 0.420064, 0.968144, 0.998044, 1, 

60,700,0.001, 0.0309956, 0.0314078, 0.0549943, 0.0614145, 0.062907, 0.129815, 0.152926, 0.304641, 0.200791, 0.214037, 0.242425, 1, 

64,690,0.001, 0.0309956, 0.0314078, 0.0549943, 0.0614145, 0.062907, 0.129815, 0.152926, 0.176544, 0.200791, 0.242425, 0.278843, 0.337652, 0.34438, 0.394881, 0.402464, 0.451977, 1, 

58,704,0.001, 0.0309956, 0.0314078, 0.0549943, 0.0614145, 0.062907, 0.129815, 0.152926, 0.304641, 0.200791, 0.214037, 0.278843, 0.337652, 1, 

56,813,0.001, 0.0309956, 0.0314078, 0.0549943, 0.0614145, 0.062907, 0.129815, 0.152926, 0.304641, 0.200791, 1, 

Generation #16
57,774,0.001, 0.0231761, 0.0345935, 0.0558149, 0.0911839, 0.104935, 0.215008, 0.344891, 0.420064, 0.968144, 0.998044, 1, 

60,700,0.001, 0.0309956, 0.0314078, 0.0549943, 0.0614145, 0.062907, 0.129815, 0.152926, 0.304641, 0.200791, 0.214037, 0.242425, 1, 

64,690,0.001, 0.0309956, 0.0314078, 0.0549943, 0.0614145, 0.062907, 0.129815, 0.152926, 0.176544, 0.200791, 0.242425, 0.278843, 0.337652, 0.34438, 0.394881, 0.402464, 0.451977, 1, 

58,704,0.001, 0.0309956, 0.0314078, 0.0549943, 0.0614145, 0.062907, 0.129815, 0.152926, 0.304641, 0.200791, 0.214037, 0.278843, 0.337652, 1, 

56,813,0.001, 0.0309956, 0.0314078, 0.0549943, 0.0614145, 0.062907, 0.129815, 0.152926, 0.304641, 0.200791, 1, 

55,941,0.001, 0.0231761, 0.0558149, 0.0911839, 0.062907, 0.129815, 0.152926, 0.304641, 0.304641, 0.200791, 1, 

Generation #17
57,774,0.001, 0.0231761, 0.0345935, 0.0558149, 0.0911839, 0.104935, 0.215008, 0.344891, 0.420064, 0.968144, 0.998044, 1, 

60,700,0.001, 0.0309956, 0.0314078, 0.0549943, 0.0614145, 0.062907, 0.129815, 0.152926, 0.304641, 0.200791, 0.214037, 0.242425, 1, 

64,690,0.001, 0.0309956, 0.0314078, 0.0549943, 0.0614145, 0.062907, 0.129815, 0.152926, 0.176544, 0.200791, 0.242425, 0.278843, 0.337652, 0.34438, 0.394881, 0.402464, 0.451977, 1, 

58,704,0.001, 0.0309956, 0.0314078, 0.0549943, 0.0614145, 0.062907, 0.129815, 0.152926, 0.304641, 0.200791, 0.214037, 0.278843, 0.337652, 1, 

56,813,0.001, 0.0309956, 0.0314078, 0.0549943, 0.0614145, 0.062907, 0.129815, 0.152926, 0.304641, 0.200791, 1, 

55,941,0.001, 0.0231761, 0.0558149, 0.0911839, 0.062907, 0.129815, 0.152926, 0.304641, 0.304641, 0.200791, 1, 

Generation #18
60,700,0.001, 0.0309956, 0.0314078, 0.0549943, 0.0614145, 0.062907, 0.129815, 0.152926, 0.304641, 0.200791, 0.214037, 0.242425, 1, 

64,690,0.001, 0.0309956, 0.0314078, 0.0549943, 0.0614145, 0.062907, 0.129815, 0.152926, 0.176544, 0.200791, 0.242425, 0.278843, 0.337652, 0.34438, 0.394881, 0.402464, 0.451977, 1, 

58,704,0.001, 0.0309956, 0.0314078, 0.0549943, 0.0614145, 0.062907, 0.129815, 0.152926, 0.304641, 0.200791, 0.214037, 0.278843, 0.337652, 1, 

55,941,0.001, 0.0231761, 0.0558149, 0.0911839, 0.062907, 0.129815, 0.152926, 0.304641, 0.304641, 0.200791, 1, 

56,765,0.001, 0.0109413, 0.0183236, 0.0576894, 0.0680346, 0.0728893, 0.161367, 0.212608, 0.217315, 0.270436, 0.214037, 0.242425, 1, 

Generation #19
64,690,0.001, 0.0309956, 0.0314078, 0.0549943, 0.0614145, 0.062907, 0.129815, 0.152926, 0.176544, 0.200791, 0.242425, 0.278843, 0.337652, 0.34438, 0.394881, 0.402464, 0.451977, 1, 

55,696,0.001, 0.0309956, 0.0314078, 0.0549943, 0.0614145, 0.062907, 0.129815, 0.152926, 0.176544, 0.242425, 1, 

Generation #20
64,690,0.001, 0.0309956, 0.0314078, 0.0549943, 0.0614145, 0.062907, 0.129815, 0.152926, 0.176544, 0.200791, 0.242425, 0.278843, 0.337652, 0.34438, 0.394881, 0.402464, 0.451977, 1, 

55,696,0.001, 0.0309956, 0.0314078, 0.0549943, 0.0614145, 0.062907, 0.129815, 0.152926, 0.176544, 0.242425, 1, 

73,663,0.001, 0.0309956, 0.0314078, 0.0549943, 0.0614145, 0.062907, 0.129815, 0.152926, 0.176544, 0.200791, 0.214037, 0.242425, 0.278843, 0.337652, 0.34438, 0.29863, 0.402464, 0.451977, 0.476859, 0.950394, 0.807612, 0.812839, 0.8342, 0.86136, 0.880913, 0.935328, 0.956355, 1, 

Generation #21
64,690,0.001, 0.0309956, 0.0314078, 0.0549943, 0.0614145, 0.062907, 0.129815, 0.152926, 0.176544, 0.200791, 0.242425, 0.278843, 0.337652, 0.34438, 0.394881, 0.402464, 0.451977, 1, 

55,696,0.001, 0.0309956, 0.0314078, 0.0549943, 0.0614145, 0.062907, 0.129815, 0.152926, 0.176544, 0.242425, 1, 

71,651,0.001, 0.0309956, 0.0314078, 0.0549943, 0.0614145, 0.062907, 0.129815, 0.152926, 0.176544, 0.200791, 0.242425, 0.242425, 0.278843, 0.337652, 0.34438, 0.394881, 0.402464, 0.451977, 0.476859, 0.522382, 0.807612, 0.812839, 0.8342, 0.871023, 0.880913, 0.935328, 0.956355, 1, 

Generation #22
64,690,0.001, 0.0309956, 0.0314078, 0.0549943, 0.0614145, 0.062907, 0.129815, 0.152926, 0.176544, 0.200791, 0.242425, 0.278843, 0.337652, 0.34438, 0.394881, 0.402464, 0.451977, 1, 

55,696,0.001, 0.0309956, 0.0314078, 0.0549943, 0.0614145, 0.062907, 0.129815, 0.152926, 0.176544, 0.242425, 1, 

71,651,0.001, 0.0309956, 0.0314078, 0.0549943, 0.0614145, 0.062907, 0.129815, 0.152926, 0.176544, 0.200791, 0.242425, 0.242425, 0.278843, 0.337652, 0.34438, 0.394881, 0.402464, 0.451977, 0.476859, 0.522382, 0.807612, 0.812839, 0.8342, 0.871023, 0.880913, 0.935328, 0.956355, 1, 

Generation #23
64,690,0.001, 0.0309956, 0.0314078, 0.0549943, 0.0614145, 0.062907, 0.129815, 0.152926, 0.176544, 0.200791, 0.242425, 0.278843, 0.337652, 0.34438, 0.394881, 0.402464, 0.451977, 1, 

55,696,0.001, 0.0309956, 0.0314078, 0.0549943, 0.0614145, 0.062907, 0.129815, 0.152926, 0.176544, 0.242425, 1, 

71,651,0.001, 0.0309956, 0.0314078, 0.0549943, 0.0614145, 0.062907, 0.129815, 0.152926, 0.176544, 0.200791, 0.242425, 0.242425, 0.278843, 0.337652, 0.34438, 0.394881, 0.402464, 0.451977, 0.476859, 0.522382, 0.807612, 0.812839, 0.8342, 0.871023, 0.880913, 0.935328, 0.956355, 1, 

Generation #24
64,690,0.001, 0.0309956, 0.0314078, 0.0549943, 0.0614145, 0.062907, 0.129815, 0.152926, 0.176544, 0.200791, 0.242425, 0.278843, 0.337652, 0.34438, 0.394881, 0.402464, 0.451977, 1, 

55,696,0.001, 0.0309956, 0.0314078, 0.0549943, 0.0614145, 0.062907, 0.129815, 0.152926, 0.176544, 0.242425, 1, 

71,651,0.001, 0.0309956, 0.0314078, 0.0549943, 0.0614145, 0.062907, 0.129815, 0.152926, 0.176544, 0.200791, 0.242425, 0.242425, 0.278843, 0.337652, 0.34438, 0.394881, 0.402464, 0.451977, 0.476859, 0.522382, 0.807612, 0.812839, 0.8342, 0.871023, 0.880913, 0.935328, 0.956355, 1, 

Generation #25
64,690,0.001, 0.0309956, 0.0314078, 0.0549943, 0.0614145, 0.062907, 0.129815, 0.152926, 0.176544, 0.200791, 0.242425, 0.278843, 0.337652, 0.34438, 0.394881, 0.402464, 0.451977, 1, 

55,696,0.001, 0.0309956, 0.0314078, 0.0549943, 0.0614145, 0.062907, 0.129815, 0.152926, 0.176544, 0.242425, 1, 

71,651,0.001, 0.0309956, 0.0314078, 0.0549943, 0.0614145, 0.062907, 0.129815, 0.152926, 0.176544, 0.200791, 0.242425, 0.242425, 0.278843, 0.337652, 0.34438, 0.394881, 0.402464, 0.451977, 0.476859, 0.522382, 0.807612, 0.812839, 0.8342, 0.871023, 0.880913, 0.935328, 0.956355, 1, 

Generation #26
55,696,0.001, 0.0309956, 0.0314078, 0.0549943, 0.0614145, 0.062907, 0.129815, 0.152926, 0.176544, 0.242425, 1, 

71,651,0.001, 0.0309956, 0.0314078, 0.0549943, 0.0614145, 0.062907, 0.129815, 0.152926, 0.176544, 0.200791, 0.242425, 0.242425, 0.278843, 0.337652, 0.34438, 0.394881, 0.402464, 0.451977, 0.476859, 0.522382, 0.807612, 0.812839, 0.8342, 0.871023, 0.880913, 0.935328, 0.956355, 1, 

62,656,0.001, 0.0309956, 0.0314078, 0.0549943, 0.0614145, 0.062907, 0.129815, 0.152926, 0.176544, 0.200791, 0.214037, 0.278843, 0.337652, 0.34438, 0.394881, 0.402464, 0.451977, 1, 

Generation #27
55,696,0.001, 0.0309956, 0.0314078, 0.0549943, 0.0614145, 0.062907, 0.129815, 0.152926, 0.176544, 0.242425, 1, 

71,651,0.001, 0.0309956, 0.0314078, 0.0549943, 0.0614145, 0.062907, 0.129815, 0.152926, 0.176544, 0.200791, 0.242425, 0.242425, 0.278843, 0.337652, 0.34438, 0.394881, 0.402464, 0.451977, 0.476859, 0.522382, 0.807612, 0.812839, 0.8342, 0.871023, 0.880913, 0.935328, 0.956355, 1, 

62,656,0.001, 0.0309956, 0.0314078, 0.0549943, 0.0614145, 0.062907, 0.129815, 0.152926, 0.176544, 0.200791, 0.214037, 0.278843, 0.337652, 0.34438, 0.394881, 0.402464, 0.451977, 1, 

Generation #28
55,696,0.001, 0.0309956, 0.0314078, 0.0549943, 0.0614145, 0.062907, 0.129815, 0.152926, 0.176544, 0.242425, 1, 

71,651,0.001, 0.0309956, 0.0314078, 0.0549943, 0.0614145, 0.062907, 0.129815, 0.152926, 0.176544, 0.200791, 0.242425, 0.242425, 0.278843, 0.337652, 0.34438, 0.394881, 0.402464, 0.451977, 0.476859, 0.522382, 0.807612, 0.812839, 0.8342, 0.871023, 0.880913, 0.935328, 0.956355, 1, 

62,656,0.001, 0.0309956, 0.0314078, 0.0549943, 0.0614145, 0.062907, 0.129815, 0.152926, 0.176544, 0.200791, 0.214037, 0.278843, 0.337652, 0.34438, 0.394881, 0.402464, 0.451977, 1, 

Generation #29
55,696,0.001, 0.0309956, 0.0314078, 0.0549943, 0.0614145, 0.062907, 0.129815, 0.152926, 0.176544, 0.242425, 1, 

71,651,0.001, 0.0309956, 0.0314078, 0.0549943, 0.0614145, 0.062907, 0.129815, 0.152926, 0.176544, 0.200791, 0.242425, 0.242425, 0.278843, 0.337652, 0.34438, 0.394881, 0.402464, 0.451977, 0.476859, 0.522382, 0.807612, 0.812839, 0.8342, 0.871023, 0.880913, 0.935328, 0.956355, 1, 

62,656,0.001, 0.0309956, 0.0314078, 0.0549943, 0.0614145, 0.062907, 0.129815, 0.152926, 0.176544, 0.200791, 0.214037, 0.278843, 0.337652, 0.34438, 0.394881, 0.402464, 0.451977, 1, 

Generation #30
55,696,0.001, 0.0309956, 0.0314078, 0.0549943, 0.0614145, 0.062907, 0.129815, 0.152926, 0.176544, 0.242425, 1, 

71,651,0.001, 0.0309956, 0.0314078, 0.0549943, 0.0614145, 0.062907, 0.129815, 0.152926, 0.176544, 0.200791, 0.242425, 0.242425, 0.278843, 0.337652, 0.34438, 0.394881, 0.402464, 0.451977, 0.476859, 0.522382, 0.807612, 0.812839, 0.8342, 0.871023, 0.880913, 0.935328, 0.956355, 1, 

62,656,0.001, 0.0309956, 0.0314078, 0.0549943, 0.0614145, 0.062907, 0.129815, 0.152926, 0.176544, 0.200791, 0.214037, 0.278843, 0.337652, 0.34438, 0.394881, 0.402464, 0.451977, 1, 

Generation #31
55,696,0.001, 0.0309956, 0.0314078, 0.0549943, 0.0614145, 0.062907, 0.129815, 0.152926, 0.176544, 0.242425, 1, 

71,651,0.001, 0.0309956, 0.0314078, 0.0549943, 0.0614145, 0.062907, 0.129815, 0.152926, 0.176544, 0.200791, 0.242425, 0.242425, 0.278843, 0.337652, 0.34438, 0.394881, 0.402464, 0.451977, 0.476859, 0.522382, 0.807612, 0.812839, 0.8342, 0.871023, 0.880913, 0.935328, 0.956355, 1, 

62,656,0.001, 0.0309956, 0.0314078, 0.0549943, 0.0614145, 0.062907, 0.129815, 0.152926, 0.176544, 0.200791, 0.214037, 0.278843, 0.337652, 0.34438, 0.394881, 0.402464, 0.451977, 1, 

Generation #32
55,696,0.001, 0.0309956, 0.0314078, 0.0549943, 0.0614145, 0.062907, 0.129815, 0.152926, 0.176544, 0.242425, 1, 

71,651,0.001, 0.0309956, 0.0314078, 0.0549943, 0.0614145, 0.062907, 0.129815, 0.152926, 0.176544, 0.200791, 0.242425, 0.242425, 0.278843, 0.337652, 0.34438, 0.394881, 0.402464, 0.451977, 0.476859, 0.522382, 0.807612, 0.812839, 0.8342, 0.871023, 0.880913, 0.935328, 0.956355, 1, 

62,656,0.001, 0.0309956, 0.0314078, 0.0549943, 0.0614145, 0.062907, 0.129815, 0.152926, 0.176544, 0.200791, 0.214037, 0.278843, 0.337652, 0.34438, 0.394881, 0.402464, 0.451977, 1, 

Generation #33
55,696,0.001, 0.0309956, 0.0314078, 0.0549943, 0.0614145, 0.062907, 0.129815, 0.152926, 0.176544, 0.242425, 1, 

71,651,0.001, 0.0309956, 0.0314078, 0.0549943, 0.0614145, 0.062907, 0.129815, 0.152926, 0.176544, 0.200791, 0.242425, 0.242425, 0.278843, 0.337652, 0.34438, 0.394881, 0.402464, 0.451977, 0.476859, 0.522382, 0.807612, 0.812839, 0.8342, 0.871023, 0.880913, 0.935328, 0.956355, 1, 

62,656,0.001, 0.0309956, 0.0314078, 0.0549943, 0.0614145, 0.062907, 0.129815, 0.152926, 0.176544, 0.200791, 0.214037, 0.278843, 0.337652, 0.34438, 0.394881, 0.402464, 0.451977, 1, 

Generation #34
55,696,0.001, 0.0309956, 0.0314078, 0.0549943, 0.0614145, 0.062907, 0.129815, 0.152926, 0.176544, 0.242425, 1, 

71,651,0.001, 0.0309956, 0.0314078, 0.0549943, 0.0614145, 0.062907, 0.129815, 0.152926, 0.176544, 0.200791, 0.242425, 0.242425, 0.278843, 0.337652, 0.34438, 0.394881, 0.402464, 0.451977, 0.476859, 0.522382, 0.807612, 0.812839, 0.8342, 0.871023, 0.880913, 0.935328, 0.956355, 1, 

62,656,0.001, 0.0309956, 0.0314078, 0.0549943, 0.0614145, 0.062907, 0.129815, 0.152926, 0.176544, 0.200791, 0.214037, 0.278843, 0.337652, 0.34438, 0.394881, 0.402464, 0.451977, 1, 

Generation #35
55,696,0.001, 0.0309956, 0.0314078, 0.0549943, 0.0614145, 0.062907, 0.129815, 0.152926, 0.176544, 0.242425, 1, 

71,651,0.001, 0.0309956, 0.0314078, 0.0549943, 0.0614145, 0.062907, 0.129815, 0.152926, 0.176544, 0.200791, 0.242425, 0.242425, 0.278843, 0.337652, 0.34438, 0.394881, 0.402464, 0.451977, 0.476859, 0.522382, 0.807612, 0.812839, 0.8342, 0.871023, 0.880913, 0.935328, 0.956355, 1, 

62,656,0.001, 0.0309956, 0.0314078, 0.0549943, 0.0614145, 0.062907, 0.129815, 0.152926, 0.176544, 0.200791, 0.214037, 0.278843, 0.337652, 0.34438, 0.394881, 0.402464, 0.451977, 1, 

Generation #36
55,696,0.001, 0.0309956, 0.0314078, 0.0549943, 0.0614145, 0.062907, 0.129815, 0.152926, 0.176544, 0.242425, 1, 

62,656,0.001, 0.0309956, 0.0314078, 0.0549943, 0.0614145, 0.062907, 0.129815, 0.152926, 0.176544, 0.200791, 0.214037, 0.278843, 0.337652, 0.34438, 0.394881, 0.402464, 0.451977, 1, 

67,640,0.001, 0.0309956, 0.0314078, 0.0549943, 0.0614145, 0.062907, 0.129815, 0.152926, 0.176544, 0.200791, 0.214037, 0.242425, 0.278843, 0.337652, 0.34438, 0.29863, 0.402464, 0.451977, 0.476859, 0.807612, 0.812839, 0.8342, 0.86136, 0.880913, 0.935328, 0.956355, 1, 

Generation #37
55,696,0.001, 0.0309956, 0.0314078, 0.0549943, 0.0614145, 0.062907, 0.129815, 0.152926, 0.176544, 0.242425, 1, 

62,656,0.001, 0.0309956, 0.0314078, 0.0549943, 0.0614145, 0.062907, 0.129815, 0.152926, 0.176544, 0.200791, 0.214037, 0.278843, 0.337652, 0.34438, 0.394881, 0.402464, 0.451977, 1, 

67,640,0.001, 0.0309956, 0.0314078, 0.0549943, 0.0614145, 0.062907, 0.129815, 0.152926, 0.176544, 0.200791, 0.214037, 0.242425, 0.278843, 0.337652, 0.34438, 0.29863, 0.402464, 0.451977, 0.476859, 0.807612, 0.812839, 0.8342, 0.86136, 0.880913, 0.935328, 0.956355, 1, 

Generation #38
55,696,0.001, 0.0309956, 0.0314078, 0.0549943, 0.0614145, 0.062907, 0.129815, 0.152926, 0.176544, 0.242425, 1, 

62,656,0.001, 0.0309956, 0.0314078, 0.0549943, 0.0614145, 0.062907, 0.129815, 0.152926, 0.176544, 0.200791, 0.214037, 0.278843, 0.337652, 0.34438, 0.394881, 0.402464, 0.451977, 1, 

67,640,0.001, 0.0309956, 0.0314078, 0.0549943, 0.0614145, 0.062907, 0.129815, 0.152926, 0.176544, 0.200791, 0.214037, 0.242425, 0.278843, 0.337652, 0.34438, 0.29863, 0.402464, 0.451977, 0.476859, 0.807612, 0.812839, 0.8342, 0.86136, 0.880913, 0.935328, 0.956355, 1, 

Generation #39
55,696,0.001, 0.0309956, 0.0314078, 0.0549943, 0.0614145, 0.062907, 0.129815, 0.152926, 0.176544, 0.242425, 1, 

62,656,0.001, 0.0309956, 0.0314078, 0.0549943, 0.0614145, 0.062907, 0.129815, 0.152926, 0.176544, 0.200791, 0.214037, 0.278843, 0.337652, 0.34438, 0.394881, 0.402464, 0.451977, 1, 

67,640,0.001, 0.0309956, 0.0314078, 0.0549943, 0.0614145, 0.062907, 0.129815, 0.152926, 0.176544, 0.200791, 0.214037, 0.242425, 0.278843, 0.337652, 0.34438, 0.29863, 0.402464, 0.451977, 0.476859, 0.807612, 0.812839, 0.8342, 0.86136, 0.880913, 0.935328, 0.956355, 1, 

Generation #40
55,696,0.001, 0.0309956, 0.0314078, 0.0549943, 0.0614145, 0.062907, 0.129815, 0.152926, 0.176544, 0.242425, 1, 

62,656,0.001, 0.0309956, 0.0314078, 0.0549943, 0.0614145, 0.062907, 0.129815, 0.152926, 0.176544, 0.200791, 0.214037, 0.278843, 0.337652, 0.34438, 0.394881, 0.402464, 0.451977, 1, 

67,640,0.001, 0.0309956, 0.0314078, 0.0549943, 0.0614145, 0.062907, 0.129815, 0.152926, 0.176544, 0.200791, 0.214037, 0.242425, 0.278843, 0.337652, 0.34438, 0.29863, 0.402464, 0.451977, 0.476859, 0.807612, 0.812839, 0.8342, 0.86136, 0.880913, 0.935328, 0.956355, 1, 

Generation #41
55,696,0.001, 0.0309956, 0.0314078, 0.0549943, 0.0614145, 0.062907, 0.129815, 0.152926, 0.176544, 0.242425, 1, 

62,656,0.001, 0.0309956, 0.0314078, 0.0549943, 0.0614145, 0.062907, 0.129815, 0.152926, 0.176544, 0.200791, 0.214037, 0.278843, 0.337652, 0.34438, 0.394881, 0.402464, 0.451977, 1, 

67,640,0.001, 0.0309956, 0.0314078, 0.0549943, 0.0614145, 0.062907, 0.129815, 0.152926, 0.176544, 0.200791, 0.214037, 0.242425, 0.278843, 0.337652, 0.34438, 0.29863, 0.402464, 0.451977, 0.476859, 0.807612, 0.812839, 0.8342, 0.86136, 0.880913, 0.935328, 0.956355, 1, 

Generation #42
55,696,0.001, 0.0309956, 0.0314078, 0.0549943, 0.0614145, 0.062907, 0.129815, 0.152926, 0.176544, 0.242425, 1, 

62,656,0.001, 0.0309956, 0.0314078, 0.0549943, 0.0614145, 0.062907, 0.129815, 0.152926, 0.176544, 0.200791, 0.214037, 0.278843, 0.337652, 0.34438, 0.394881, 0.402464, 0.451977, 1, 

67,640,0.001, 0.0309956, 0.0314078, 0.0549943, 0.0614145, 0.062907, 0.129815, 0.152926, 0.176544, 0.200791, 0.214037, 0.242425, 0.278843, 0.337652, 0.34438, 0.29863, 0.402464, 0.451977, 0.476859, 0.807612, 0.812839, 0.8342, 0.86136, 0.880913, 0.935328, 0.956355, 1, 

60,677,0.001, 0.0206527, 0.0450831, 0.0549943, 0.0614145, 0.062907, 0.129815, 0.152926, 0.260016, 0.176544, 0.200791, 0.242425, 0.154359, 0.242425, 0.337652, 1, 

Generation #43
55,696,0.001, 0.0309956, 0.0314078, 0.0549943, 0.0614145, 0.062907, 0.129815, 0.152926, 0.176544, 0.242425, 1, 

62,656,0.001, 0.0309956, 0.0314078, 0.0549943, 0.0614145, 0.062907, 0.129815, 0.152926, 0.176544, 0.200791, 0.214037, 0.278843, 0.337652, 0.34438, 0.394881, 0.402464, 0.451977, 1, 

67,640,0.001, 0.0309956, 0.0314078, 0.0549943, 0.0614145, 0.062907, 0.129815, 0.152926, 0.176544, 0.200791, 0.214037, 0.242425, 0.278843, 0.337652, 0.34438, 0.29863, 0.402464, 0.451977, 0.476859, 0.807612, 0.812839, 0.8342, 0.86136, 0.880913, 0.935328, 0.956355, 1, 

60,677,0.001, 0.0206527, 0.0450831, 0.0549943, 0.0614145, 0.062907, 0.129815, 0.152926, 0.260016, 0.176544, 0.200791, 0.242425, 0.154359, 0.242425, 0.337652, 1, 

Generation #44
55,696,0.001, 0.0309956, 0.0314078, 0.0549943, 0.0614145, 0.062907, 0.129815, 0.152926, 0.176544, 0.242425, 1, 

62,656,0.001, 0.0309956, 0.0314078, 0.0549943, 0.0614145, 0.062907, 0.129815, 0.152926, 0.176544, 0.200791, 0.214037, 0.278843, 0.337652, 0.34438, 0.394881, 0.402464, 0.451977, 1, 

67,640,0.001, 0.0309956, 0.0314078, 0.0549943, 0.0614145, 0.062907, 0.129815, 0.152926, 0.176544, 0.200791, 0.214037, 0.242425, 0.278843, 0.337652, 0.34438, 0.29863, 0.402464, 0.451977, 0.476859, 0.807612, 0.812839, 0.8342, 0.86136, 0.880913, 0.935328, 0.956355, 1, 

60,677,0.001, 0.0206527, 0.0450831, 0.0549943, 0.0614145, 0.062907, 0.129815, 0.152926, 0.260016, 0.176544, 0.200791, 0.242425, 0.154359, 0.242425, 0.337652, 1, 

Generation #45
55,696,0.001, 0.0309956, 0.0314078, 0.0549943, 0.0614145, 0.062907, 0.129815, 0.152926, 0.176544, 0.242425, 1, 

62,656,0.001, 0.0309956, 0.0314078, 0.0549943, 0.0614145, 0.062907, 0.129815, 0.152926, 0.176544, 0.200791, 0.214037, 0.278843, 0.337652, 0.34438, 0.394881, 0.402464, 0.451977, 1, 

67,640,0.001, 0.0309956, 0.0314078, 0.0549943, 0.0614145, 0.062907, 0.129815, 0.152926, 0.176544, 0.200791, 0.214037, 0.242425, 0.278843, 0.337652, 0.34438, 0.29863, 0.402464, 0.451977, 0.476859, 0.807612, 0.812839, 0.8342, 0.86136, 0.880913, 0.935328, 0.956355, 1, 

60,677,0.001, 0.0206527, 0.0450831, 0.0549943, 0.0614145, 0.062907, 0.129815, 0.152926, 0.260016, 0.176544, 0.200791, 0.242425, 0.154359, 0.242425, 0.337652, 1, 

Generation #46
55,696,0.001, 0.0309956, 0.0314078, 0.0549943, 0.0614145, 0.062907, 0.129815, 0.152926, 0.176544, 0.242425, 1, 

62,656,0.001, 0.0309956, 0.0314078, 0.0549943, 0.0614145, 0.062907, 0.129815, 0.152926, 0.176544, 0.200791, 0.214037, 0.278843, 0.337652, 0.34438, 0.394881, 0.402464, 0.451977, 1, 

67,640,0.001, 0.0309956, 0.0314078, 0.0549943, 0.0614145, 0.062907, 0.129815, 0.152926, 0.176544, 0.200791, 0.214037, 0.242425, 0.278843, 0.337652, 0.34438, 0.29863, 0.402464, 0.451977, 0.476859, 0.807612, 0.812839, 0.8342, 0.86136, 0.880913, 0.935328, 0.956355, 1, 

60,677,0.001, 0.0206527, 0.0450831, 0.0549943, 0.0614145, 0.062907, 0.129815, 0.152926, 0.260016, 0.176544, 0.200791, 0.242425, 0.154359, 0.242425, 0.337652, 1, 

Generation #47
55,696,0.001, 0.0309956, 0.0314078, 0.0549943, 0.0614145, 0.062907, 0.129815, 0.152926, 0.176544, 0.242425, 1, 

62,656,0.001, 0.0309956, 0.0314078, 0.0549943, 0.0614145, 0.062907, 0.129815, 0.152926, 0.176544, 0.200791, 0.214037, 0.278843, 0.337652, 0.34438, 0.394881, 0.402464, 0.451977, 1, 

67,640,0.001, 0.0309956, 0.0314078, 0.0549943, 0.0614145, 0.062907, 0.129815, 0.152926, 0.176544, 0.200791, 0.214037, 0.242425, 0.278843, 0.337652, 0.34438, 0.29863, 0.402464, 0.451977, 0.476859, 0.807612, 0.812839, 0.8342, 0.86136, 0.880913, 0.935328, 0.956355, 1, 

60,677,0.001, 0.0206527, 0.0450831, 0.0549943, 0.0614145, 0.062907, 0.129815, 0.152926, 0.260016, 0.176544, 0.200791, 0.242425, 0.154359, 0.242425, 0.337652, 1, 

Generation #48
55,696,0.001, 0.0309956, 0.0314078, 0.0549943, 0.0614145, 0.062907, 0.129815, 0.152926, 0.176544, 0.242425, 1, 

62,656,0.001, 0.0309956, 0.0314078, 0.0549943, 0.0614145, 0.062907, 0.129815, 0.152926, 0.176544, 0.200791, 0.214037, 0.278843, 0.337652, 0.34438, 0.394881, 0.402464, 0.451977, 1, 

67,640,0.001, 0.0309956, 0.0314078, 0.0549943, 0.0614145, 0.062907, 0.129815, 0.152926, 0.176544, 0.200791, 0.214037, 0.242425, 0.278843, 0.337652, 0.34438, 0.29863, 0.402464, 0.451977, 0.476859, 0.807612, 0.812839, 0.8342, 0.86136, 0.880913, 0.935328, 0.956355, 1, 

60,677,0.001, 0.0206527, 0.0450831, 0.0549943, 0.0614145, 0.062907, 0.129815, 0.152926, 0.260016, 0.176544, 0.200791, 0.242425, 0.154359, 0.242425, 0.337652, 1, 

61,666,0.001, 0.0309956, 0.0314078, 0.0549943, 0.0614145, 0.062907, 0.129815, 0.152926, 0.176544, 0.200791, 0.214037, 0.242425, 0.278843, 0.34438, 0.394881, 0.402464, 0.451977, 1, 

Generation #49
55,696,0.001, 0.0309956, 0.0314078, 0.0549943, 0.0614145, 0.062907, 0.129815, 0.152926, 0.176544, 0.242425, 1, 

62,656,0.001, 0.0309956, 0.0314078, 0.0549943, 0.0614145, 0.062907, 0.129815, 0.152926, 0.176544, 0.200791, 0.214037, 0.278843, 0.337652, 0.34438, 0.394881, 0.402464, 0.451977, 1, 

67,640,0.001, 0.0309956, 0.0314078, 0.0549943, 0.0614145, 0.062907, 0.129815, 0.152926, 0.176544, 0.200791, 0.214037, 0.242425, 0.278843, 0.337652, 0.34438, 0.29863, 0.402464, 0.451977, 0.476859, 0.807612, 0.812839, 0.8342, 0.86136, 0.880913, 0.935328, 0.956355, 1, 

60,677,0.001, 0.0206527, 0.0450831, 0.0549943, 0.0614145, 0.062907, 0.129815, 0.152926, 0.260016, 0.176544, 0.200791, 0.242425, 0.154359, 0.242425, 0.337652, 1, 

61,666,0.001, 0.0309956, 0.0314078, 0.0549943, 0.0614145, 0.062907, 0.129815, 0.152926, 0.176544, 0.200791, 0.214037, 0.242425, 0.278843, 0.34438, 0.394881, 0.402464, 0.451977, 1, 

--- Pareto Front Solutions ---
Solution 0: N total=135 (N_initial=80, N_added=55), Time total=707 ms, Saved to: ./results/Wireless_t2_l2_pareto_0.csv, percents=0.001, 0.0309956, 0.0314078, 0.0549943, 0.0614145, 0.062907, 0.129815, 0.152926, 0.176544, 0.242425, 1, 

Solution 1: N total=142 (N_initial=80, N_added=62), Time total=667 ms, Saved to: ./results/Wireless_t2_l2_pareto_1.csv, percents=0.001, 0.0309956, 0.0314078, 0.0549943, 0.0614145, 0.062907, 0.129815, 0.152926, 0.176544, 0.200791, 0.214037, 0.278843, 0.337652, 0.34438, 0.394881, 0.402464, 0.451977, 1, 

Solution 2: N total=147 (N_initial=80, N_added=67), Time total=651 ms, Saved to: ./results/Wireless_t2_l2_pareto_2.csv, percents=0.001, 0.0309956, 0.0314078, 0.0549943, 0.0614145, 0.062907, 0.129815, 0.152926, 0.176544, 0.200791, 0.214037, 0.242425, 0.278843, 0.337652, 0.34438, 0.29863, 0.402464, 0.451977, 0.476859, 0.807612, 0.812839, 0.8342, 0.86136, 0.880913, 0.935328, 0.956355, 1, 

Solution 3: N total=140 (N_initial=80, N_added=60), Time total=688 ms, Saved to: ./results/Wireless_t2_l2_pareto_3.csv, percents=0.001, 0.0206527, 0.0450831, 0.0549943, 0.0614145, 0.062907, 0.129815, 0.152926, 0.260016, 0.176544, 0.200791, 0.242425, 0.154359, 0.242425, 0.337652, 1, 

Solution 4: N total=141 (N_initial=80, N_added=61), Time total=677 ms, Saved to: ./results/Wireless_t2_l2_pareto_4.csv, percents=0.001, 0.0309956, 0.0314078, 0.0549943, 0.0614145, 0.062907, 0.129815, 0.152926, 0.176544, 0.200791, 0.214037, 0.242425, 0.278843, 0.34438, 0.394881, 0.402464, 0.451977, 1, 

------------d=1, t=2, lambda=3, filename=./evaluation/Wireless/Wireless_2_3.csv------------
Grouping d-sets by partitioned row counts for detecting arrays...
Ready to look at pairs for detecting arrays...
First Stage N=105, Time=8
There are 7897 remaining non-locating pairs
--- Running GA Algorithm (phase2) ---
Running GA with std::execution::par
Generation #0
75,555,0.001, 0.0241166, 0.032092, 0.065119, 0.0921317, 0.0925192, 0.112692, 0.141569, 0.143919, 0.174254, 0.30775, 0.331938, 0.422933, 0.424585, 0.424707, 0.426422, 0.463585, 0.509523, 0.543457, 0.545384, 0.564121, 0.576211, 0.646954, 0.685663, 0.817835, 0.973152, 0.992728, 1, 

65,811,0.001, 0.0432301, 0.0550896, 0.0724745, 0.10304, 0.106848, 0.119207, 0.226733, 0.309403, 0.429034, 0.436935, 0.523372, 0.602828, 0.614346, 0.803229, 0.853115, 0.874085, 0.904027, 1, 

74,568,0.001, 0.0283573, 0.043445, 0.0453671, 0.0474963, 0.190468, 0.205148, 0.207465, 0.208631, 0.270493, 0.279492, 0.291368, 0.293198, 0.29894, 0.308643, 0.40369, 0.411555, 0.414653, 0.487933, 0.689932, 0.703518, 0.746872, 0.776172, 1, 

63,954,0.001, 0.0444424, 0.0554327, 0.172239, 0.240558, 0.46699, 0.561813, 0.575455, 0.632451, 0.727947, 0.960496, 1, 

71,775,0.001, 0.0142887, 0.0770089, 0.110358, 0.114303, 0.156803, 0.267854, 0.331483, 0.342592, 0.458859, 0.523282, 0.554197, 0.601715, 0.654152, 0.659684, 0.665105, 0.723367, 0.73388, 0.837837, 0.915137, 0.941844, 0.989611, 1, 

Generation #1
73,552,0.001, 0.0283573, 0.043445, 0.0453671, 0.0474963, 0.190468, 0.205148, 0.207465, 0.208631, 0.270493, 0.279492, 0.291368, 0.425628, 0.430619, 0.435454, 0.485873, 0.710414, 0.724453, 0.753461, 0.832549, 0.856117, 0.878748, 0.954382, 0.975541, 1, 

61,892,0.001, 0.035024, 0.0736919, 0.397735, 0.72598, 0.807451, 0.835489, 0.892016, 0.892916, 0.923084, 0.965889, 1, 

63,640,0.001, 0.0283573, 0.043445, 0.0453671, 0.0474963, 0.190468, 0.205148, 0.207465, 0.208631, 0.270493, 0.279492, 0.941834, 1, 

60,1136,0.001, 0.0701957, 0.0543684, 0.0679339, 0.0740745, 0.0747305, 0.735137, 0.768317, 0.890651, 0.925357, 0.97932, 1, 

Generation #2
73,552,0.001, 0.0283573, 0.043445, 0.0453671, 0.0474963, 0.190468, 0.205148, 0.207465, 0.208631, 0.270493, 0.279492, 0.291368, 0.425628, 0.430619, 0.435454, 0.485873, 0.710414, 0.724453, 0.753461, 0.832549, 0.856117, 0.878748, 0.954382, 0.975541, 1, 

63,640,0.001, 0.0283573, 0.043445, 0.0453671, 0.0474963, 0.190468, 0.205148, 0.207465, 0.208631, 0.270493, 0.279492, 0.941834, 1, 

62,779,0.001, 0.0487849, 0.0656643, 0.117122, 0.155731, 0.170403, 0.175016, 0.259177, 0.207465, 0.208631, 0.270493, 0.279492, 0.941834, 1, 

67,595,0.001, 0.0283573, 0.043445, 0.0453671, 0.0474963, 0.190468, 0.205148, 0.207465, 0.208631, 0.270493, 0.279492, 0.738091, 0.935187, 0.968683, 0.994262, 1, 

60,810,0.001, 0.0444424, 0.0554327, 0.172239, 0.240558, 0.46699, 0.561813, 0.530155, 0.576414, 0.760947, 0.909494, 1, 

59,1272,0.001, 0.0672851, 0.0789914, 0.114456, 0.166277, 0.170566, 0.561813, 0.575455, 0.632451, 0.727947, 0.960496, 1, 

Generation #3
73,552,0.001, 0.0283573, 0.043445, 0.0453671, 0.0474963, 0.190468, 0.205148, 0.207465, 0.208631, 0.270493, 0.279492, 0.291368, 0.425628, 0.430619, 0.435454, 0.485873, 0.710414, 0.724453, 0.753461, 0.832549, 0.856117, 0.878748, 0.954382, 0.975541, 1, 

63,640,0.001, 0.0283573, 0.043445, 0.0453671, 0.0474963, 0.190468, 0.205148, 0.207465, 0.208631, 0.270493, 0.279492, 0.941834, 1, 

60,810,0.001, 0.0444424, 0.0554327, 0.172239, 0.240558, 0.46699, 0.561813, 0.530155, 0.576414, 0.760947, 0.909494, 1, 

59,1272,0.001, 0.0672851, 0.0789914, 0.114456, 0.166277, 0.170566, 0.561813, 0.575455, 0.632451, 0.727947, 0.960496, 1, 

65,587,0.001, 0.0283573, 0.043445, 0.0453671, 0.0474963, 0.190468, 0.205148, 0.207465, 0.208631, 0.270493, 0.279492, 0.738091, 0.935187, 0.968683, 0.994262, 1, 

58,1550,0.001, 0.037361, 0.272044, 0.0682271, 0.0713308, 0.0855714, 0.128872, 0.139962, 0.253454, 0.252912, 0.29119, 0.309732, 1, 

62,757,0.001, 0.022636, 0.0605564, 0.104031, 0.149132, 0.807451, 0.835489, 0.890651, 0.925357, 0.97932, 1, 

Generation #4
73,552,0.001, 0.0283573, 0.043445, 0.0453671, 0.0474963, 0.190468, 0.205148, 0.207465, 0.208631, 0.270493, 0.279492, 0.291368, 0.425628, 0.430619, 0.435454, 0.485873, 0.710414, 0.724453, 0.753461, 0.832549, 0.856117, 0.878748, 0.954382, 0.975541, 1, 

58,1550,0.001, 0.037361, 0.272044, 0.0682271, 0.0713308, 0.0855714, 0.128872, 0.139962, 0.253454, 0.252912, 0.29119, 0.309732, 1, 

61,567,0.0241166, 0.032092, 0.065119, 0.0921317, 0.155731, 0.170403, 0.175016, 0.348061, 0.15133, 0.361199, 0.366325, 0.587831, 0.5996, 0.601322, 0.777209, 0.994115, 1, 

59,691,0.001, 0.0343697, 0.0703947, 0.096488, 0.110811, 0.142545, 0.153037, 0.159975, 0.252912, 0.29119, 0.309732, 1, 

Generation #5
58,1550,0.001, 0.037361, 0.272044, 0.0682271, 0.0713308, 0.0855714, 0.128872, 0.139962, 0.253454, 0.252912, 0.29119, 0.309732, 1, 

74,523,0.001, 0.0241166, 0.032092, 0.065119, 0.0921317, 0.0925192, 0.112692, 0.141569, 0.143919, 0.174254, 0.30775, 0.331938, 0.422933, 0.424585, 0.424707, 0.426422, 0.463585, 0.509523, 0.543457, 0.545384, 0.564121, 0.576211, 0.646954, 0.614882, 0.68297, 0.716848, 0.8253, 0.888241, 0.97069, 1, 

59,536,0.001, 0.022636, 0.032092, 0.065119, 0.0921317, 0.190468, 0.205148, 0.207465, 0.208631, 0.270493, 0.279492, 1, 

Generation #6
58,1550,0.001, 0.037361, 0.272044, 0.0682271, 0.0713308, 0.0855714, 0.128872, 0.139962, 0.253454, 0.252912, 0.29119, 0.309732, 1, 

74,523,0.001, 0.0241166, 0.032092, 0.065119, 0.0921317, 0.0925192, 0.112692, 0.141569, 0.143919, 0.174254, 0.30775, 0.331938, 0.422933, 0.424585, 0.424707, 0.426422, 0.463585, 0.509523, 0.543457, 0.545384, 0.564121, 0.576211, 0.646954, 0.614882, 0.68297, 0.716848, 0.8253, 0.888241, 0.97069, 1, 

59,536,0.001, 0.022636, 0.032092, 0.065119, 0.0921317, 0.190468, 0.205148, 0.207465, 0.208631, 0.270493, 0.279492, 1, 

Generation #7
59,536,0.001, 0.022636, 0.032092, 0.065119, 0.0921317, 0.190468, 0.205148, 0.207465, 0.208631, 0.270493, 0.279492, 1, 

73,502,0.001, 0.0241166, 0.032092, 0.065119, 0.0921317, 0.0925192, 0.112692, 0.141569, 0.207465, 0.208631, 0.279492, 0.291368, 0.293198, 0.29894, 0.308643, 0.40369, 0.411555, 0.414653, 0.487933, 0.689932, 0.703518, 0.746872, 0.776172, 1, 

57,610,0.001, 0.0283573, 0.043445, 0.0453671, 0.0474963, 0.190468, 0.205148, 0.207465, 0.208631, 0.270493, 1, 

Generation #8
59,536,0.001, 0.022636, 0.032092, 0.065119, 0.0921317, 0.190468, 0.205148, 0.207465, 0.208631, 0.270493, 0.279492, 1, 

57,610,0.001, 0.0283573, 0.043445, 0.0453671, 0.0474963, 0.190468, 0.205148, 0.207465, 0.208631, 0.270493, 1, 

65,482,0.001, 0.0241166, 0.032092, 0.065119, 0.0921317, 0.0925192, 0.112692, 0.141569, 0.207465, 0.208631, 0.270493, 0.279492, 0.941834, 1, 

Generation #9
59,536,0.001, 0.022636, 0.032092, 0.065119, 0.0921317, 0.190468, 0.205148, 0.207465, 0.208631, 0.270493, 0.279492, 1, 

65,482,0.001, 0.0241166, 0.032092, 0.065119, 0.0921317, 0.0925192, 0.112692, 0.141569, 0.207465, 0.208631, 0.270493, 0.279492, 0.941834, 1, 

57,553,0.001, 0.0283573, 0.032092, 0.065119, 0.0921317, 0.190468, 0.205148, 0.207465, 0.208631, 0.270493, 1, 

Generation #10
65,482,0.001, 0.0241166, 0.032092, 0.065119, 0.0921317, 0.0925192, 0.112692, 0.141569, 0.207465, 0.208631, 0.270493, 0.279492, 0.941834, 1, 

57,553,0.001, 0.0283573, 0.032092, 0.065119, 0.0921317, 0.190468, 0.205148, 0.207465, 0.208631, 0.270493, 1, 

59,508,0.001, 0.0283573, 0.032092, 0.065119, 0.0921317, 0.0925192, 0.112692, 0.141569, 0.302473, 0.308096, 0.174254, 0.30775, 1, 

Generation #11
65,482,0.001, 0.0241166, 0.032092, 0.065119, 0.0921317, 0.0925192, 0.112692, 0.141569, 0.207465, 0.208631, 0.270493, 0.279492, 0.941834, 1, 

57,553,0.001, 0.0283573, 0.032092, 0.065119, 0.0921317, 0.190468, 0.205148, 0.207465, 0.208631, 0.270493, 1, 

58,508,0.001, 0.0241166, 0.032092, 0.065119, 0.0921317, 0.0925192, 0.153037, 0.159975, 0.252912, 0.29119, 0.309732, 1, 

59,492,0.001, 0.0241166, 0.032092, 0.065119, 0.0921317, 0.0925192, 0.112692, 0.141569, 0.335136, 0.909494, 1, 

Generation #12
57,553,0.001, 0.0283573, 0.032092, 0.065119, 0.0921317, 0.190468, 0.205148, 0.207465, 0.208631, 0.270493, 1, 

58,508,0.001, 0.0241166, 0.032092, 0.065119, 0.0921317, 0.0925192, 0.153037, 0.159975, 0.252912, 0.29119, 0.309732, 1, 

59,492,0.001, 0.0241166, 0.032092, 0.065119, 0.0921317, 0.0925192, 0.112692, 0.141569, 0.335136, 0.909494, 1, 

61,472,0.001, 0.0241166, 0.032092, 0.065119, 0.0921317, 0.0925192, 0.112692, 0.141569, 0.302473, 0.308096, 0.174254, 0.30775, 1, 
