------------d=1, t=2, lambda=1, filename=./evaluation/Wireless/Wireless_2_1.csv------------
Grouping d-sets by partitioned row counts for detecting arrays...
Ready to look at pairs for detecting arrays...
First Stage N=45, Time=19
There are 57665 remaining non-locating pairs
--- Running GA Algorithm (phase2) ---
Running GA with std::execution::par
Generation #0
75,9015,0.001, 0.139605, 0.219523, 0.33745, 0.371203, 0.465486, 0.467519, 0.710549, 0.845754, 0.979017, 1, 

76,8323,0.001, 0.0930755, 0.117456, 0.246838, 0.266876, 0.268594, 0.459387, 0.461979, 0.480012, 0.650595, 0.662716, 0.705202, 0.789084, 1, 

77,5222,0.001, 0.0537338, 0.106666, 0.111303, 0.348809, 0.39629, 0.452333, 0.476821, 0.529451, 0.635177, 0.648952, 0.726148, 0.943837, 0.951523, 1, 

82,2803,0.001, 0.017851, 0.0501659, 0.0513067, 0.110065, 0.137015, 0.159559, 0.187127, 0.248876, 0.279032, 0.421249, 0.482314, 0.608711, 0.629831, 0.648283, 0.693314, 0.753794, 0.76718, 0.888482, 0.910419, 0.911522, 1, 

Generation #1
74,6648,0.001, 0.0913149, 0.0944587, 0.224379, 0.371329, 0.372239, 0.376172, 0.471627, 0.496676, 0.646755, 0.764687, 0.803333, 1, 

75,2014,0.001, 0.0219461, 0.0261442, 0.0262016, 0.0663368, 0.100799, 0.164494, 0.217953, 0.529451, 0.635177, 0.648952, 0.726148, 0.943837, 0.951523, 1, 

Generation #2
75,2014,0.001, 0.0219461, 0.0261442, 0.0262016, 0.0663368, 0.100799, 0.164494, 0.217953, 0.529451, 0.635177, 0.648952, 0.726148, 0.943837, 0.951523, 1, 

73,2241,0.001, 0.0219461, 0.0261442, 0.0262016, 0.0663368, 0.100799, 0.217953, 0.230267, 0.239707, 0.475426, 0.477239, 0.511489, 0.606937, 0.610299, 1, 

70,5489,0.001, 0.0930755, 0.117456, 0.246838, 0.266876, 0.268594, 0.459387, 0.461979, 0.480012, 0.999048, 1, 

88,1931,0.001, 0.0211516, 0.0392133, 0.0262016, 0.0663368, 0.100799, 0.164494, 0.217953, 0.230267, 0.239707, 0.475426, 0.477239, 0.511489, 0.606937, 0.610299, 0.685118, 0.749872, 0.761045, 0.79815, 0.843834, 0.85952, 0.956795, 1, 

Generation #3
70,5489,0.001, 0.0930755, 0.117456, 0.246838, 0.266876, 0.268594, 0.459387, 0.461979, 0.480012, 0.999048, 1, 

78,1669,0.001, 0.0110509, 0.0391854, 0.0928903, 0.129683, 0.148351, 0.15305, 0.161136, 0.55663, 0.652303, 0.7728, 0.809512, 0.821009, 0.856762, 0.110607, 0.936587, 1, 

73,1933,0.001, 0.0211516, 0.0392133, 0.0262016, 0.0663368, 0.39629, 0.452333, 0.710549, 0.845754, 0.979017, 1, 

75,1895,0.001, 0.0211516, 0.0392133, 0.0765168, 0.109886, 0.148351, 0.15305, 0.214394, 0.220679, 0.352849, 1, 

Generation #4
78,1669,0.001, 0.0110509, 0.0391854, 0.0928903, 0.129683, 0.148351, 0.15305, 0.161136, 0.55663, 0.652303, 0.7728, 0.809512, 0.821009, 0.856762, 0.110607, 0.936587, 1, 

73,1933,0.001, 0.0211516, 0.0392133, 0.0262016, 0.0663368, 0.39629, 0.452333, 0.710549, 0.845754, 0.979017, 1, 

75,1895,0.001, 0.0211516, 0.0392133, 0.0765168, 0.109886, 0.148351, 0.15305, 0.214394, 0.220679, 0.352849, 1, 

70,3383,0.001, 0.0521207, 0.0262016, 0.0663368, 0.39629, 0.452333, 0.710549, 0.845754, 0.979017, 1, 

71,2127,0.001, 0.0219461, 0.0261442, 0.0262016, 0.0663368, 0.100799, 0.217953, 0.710549, 0.845754, 0.979017, 1, 

Generation #5
78,1669,0.001, 0.0110509, 0.0391854, 0.0928903, 0.129683, 0.148351, 0.15305, 0.161136, 0.55663, 0.652303, 0.7728, 0.809512, 0.821009, 0.856762, 0.110607, 0.936587, 1, 

71,2127,0.001, 0.0219461, 0.0261442, 0.0262016, 0.0663368, 0.100799, 0.217953, 0.710549, 0.845754, 0.979017, 1, 

69,2145,0.001, 0.0211516, 0.0392133, 0.0262016, 0.0663368, 0.100799, 0.217953, 0.95616, 0.981794, 1, 

80,1645,0.001, 0.0141455, 0.0218816, 0.0456565, 0.126535, 0.173493, 0.182069, 0.27526, 0.201765, 0.215415, 0.352849, 0.417959, 0.422481, 0.833078, 0.955158, 1, 

73,1821,0.001, 0.0211516, 0.0392133, 0.0262016, 0.0663368, 0.100799, 0.164494, 0.217953, 0.230267, 0.239707, 0.475426, 0.29071, 0.387741, 1, 

Generation #6
69,2145,0.001, 0.0211516, 0.0392133, 0.0262016, 0.0663368, 0.100799, 0.217953, 0.95616, 0.981794, 1, 

71,1596,0.001, 0.0110509, 0.0391854, 0.0765168, 0.109886, 0.148351, 0.15305, 0.161136, 0.234665, 0.262612, 0.288228, 0.29071, 0.387741, 1, 

Generation #7
69,2145,0.001, 0.0211516, 0.0392133, 0.0262016, 0.0663368, 0.100799, 0.217953, 0.95616, 0.981794, 1, 

71,1596,0.001, 0.0110509, 0.0391854, 0.0765168, 0.109886, 0.148351, 0.15305, 0.161136, 0.234665, 0.262612, 0.288228, 0.29071, 0.387741, 1, 

79,1488,0.001, 0.016831, 0.0528152, 0.0980615, 0.106911, 0.119235, 0.150345, 0.17776, 0.230267, 0.239707, 0.475426, 0.477239, 0.606937, 0.610299, 1, 

75,1533,0.001, 0.0110509, 0.0391854, 0.0456565, 0.126535, 0.119161, 0.476821, 0.529451, 0.230267, 0.650595, 0.872318, 0.886671, 0.887786, 1, 

70,1984,0.001, 0.0219461, 0.0261442, 0.0262016, 0.0663368, 0.100799, 0.217953, 0.247358, 0.299091, 0.400537, 0.470213, 1, 

Generation #8
69,2145,0.001, 0.0211516, 0.0392133, 0.0262016, 0.0663368, 0.100799, 0.217953, 0.95616, 0.981794, 1, 

71,1596,0.001, 0.0110509, 0.0391854, 0.0765168, 0.109886, 0.148351, 0.15305, 0.161136, 0.234665, 0.262612, 0.288228, 0.29071, 0.387741, 1, 

79,1488,0.001, 0.016831, 0.0528152, 0.0980615, 0.106911, 0.119235, 0.150345, 0.17776, 0.230267, 0.239707, 0.475426, 0.477239, 0.606937, 0.610299, 1, 

70,1739,0.001, 0.016831, 0.0528152, 0.0262016, 0.100799, 0.164494, 0.217953, 0.230267, 0.239707, 0.475426, 1, 

73,1490,0.001, 0.0110509, 0.0391854, 0.0928903, 0.0663368, 0.39629, 0.0297042, 0.452333, 0.710549, 0.845754, 0.979017, 1, 

Generation #9
69,2145,0.001, 0.0211516, 0.0392133, 0.0262016, 0.0663368, 0.100799, 0.217953, 0.95616, 0.981794, 1, 

70,1739,0.001, 0.016831, 0.0528152, 0.0262016, 0.100799, 0.164494, 0.217953, 0.230267, 0.239707, 0.475426, 1, 

71,1410,0.001, 0.0110509, 0.0391854, 0.0456565, 0.126535, 0.119235, 0.150345, 0.17776, 0.52797, 0.239707, 1, 

Generation #10
69,2145,0.001, 0.0211516, 0.0392133, 0.0262016, 0.0663368, 0.100799, 0.217953, 0.95616, 0.981794, 1, 

70,1739,0.001, 0.016831, 0.0528152, 0.0262016, 0.100799, 0.164494, 0.217953, 0.230267, 0.239707, 0.475426, 1, 

71,1410,0.001, 0.0110509, 0.0391854, 0.0456565, 0.126535, 0.119235, 0.150345, 0.17776, 0.52797, 0.239707, 1, 

Generation #11
69,2145,0.001, 0.0211516, 0.0392133, 0.0262016, 0.0663368, 0.100799, 0.217953, 0.95616, 0.981794, 1, 

70,1739,0.001, 0.016831, 0.0528152, 0.0262016, 0.100799, 0.164494, 0.217953, 0.230267, 0.239707, 0.475426, 1, 

71,1410,0.001, 0.0110509, 0.0391854, 0.0456565, 0.126535, 0.119235, 0.150345, 0.17776, 0.52797, 0.239707, 1, 

Generation #12
69,2145,0.001, 0.0211516, 0.0392133, 0.0262016, 0.0663368, 0.100799, 0.217953, 0.95616, 0.981794, 1, 

70,1739,0.001, 0.016831, 0.0528152, 0.0262016, 0.100799, 0.164494, 0.217953, 0.230267, 0.239707, 0.475426, 1, 

71,1410,0.001, 0.0110509, 0.0391854, 0.0456565, 0.126535, 0.119235, 0.150345, 0.17776, 0.52797, 0.239707, 1, 

Generation #13
69,2145,0.001, 0.0211516, 0.0392133, 0.0262016, 0.0663368, 0.100799, 0.217953, 0.95616, 0.981794, 1, 

70,1739,0.001, 0.016831, 0.0528152, 0.0262016, 0.100799, 0.164494, 0.217953, 0.230267, 0.239707, 0.475426, 1, 

71,1410,0.001, 0.0110509, 0.0391854, 0.0456565, 0.126535, 0.119235, 0.150345, 0.17776, 0.52797, 0.239707, 1, 

Generation #14
69,2145,0.001, 0.0211516, 0.0392133, 0.0262016, 0.0663368, 0.100799, 0.217953, 0.95616, 0.981794, 1, 

70,1739,0.001, 0.016831, 0.0528152, 0.0262016, 0.100799, 0.164494, 0.217953, 0.230267, 0.239707, 0.475426, 1, 

71,1410,0.001, 0.0110509, 0.0391854, 0.0456565, 0.126535, 0.119235, 0.150345, 0.17776, 0.52797, 0.239707, 1, 

Generation #15
69,2145,0.001, 0.0211516, 0.0392133, 0.0262016, 0.0663368, 0.100799, 0.217953, 0.95616, 0.981794, 1, 

70,1739,0.001, 0.016831, 0.0528152, 0.0262016, 0.100799, 0.164494, 0.217953, 0.230267, 0.239707, 0.475426, 1, 

71,1410,0.001, 0.0110509, 0.0391854, 0.0456565, 0.126535, 0.119235, 0.150345, 0.17776, 0.52797, 0.239707, 1, 

Generation #16
69,2145,0.001, 0.0211516, 0.0392133, 0.0262016, 0.0663368, 0.100799, 0.217953, 0.95616, 0.981794, 1, 

70,1739,0.001, 0.016831, 0.0528152, 0.0262016, 0.100799, 0.164494, 0.217953, 0.230267, 0.239707, 0.475426, 1, 

71,1410,0.001, 0.0110509, 0.0391854, 0.0456565, 0.126535, 0.119235, 0.150345, 0.17776, 0.52797, 0.239707, 1, 

78,1329,0.000531889, 0.001, 0.016831, 0.0261442, 0.0262016, 0.100799, 0.164494, 0.217953, 0.230267, 0.239707, 0.288228, 0.29071, 0.387741, 0.606937, 1, 

Generation #17
69,2145,0.001, 0.0211516, 0.0392133, 0.0262016, 0.0663368, 0.100799, 0.217953, 0.95616, 0.981794, 1, 

70,1739,0.001, 0.016831, 0.0528152, 0.0262016, 0.100799, 0.164494, 0.217953, 0.230267, 0.239707, 0.475426, 1, 

71,1410,0.001, 0.0110509, 0.0391854, 0.0456565, 0.126535, 0.119235, 0.150345, 0.17776, 0.52797, 0.239707, 1, 

78,1329,0.000531889, 0.001, 0.016831, 0.0261442, 0.0262016, 0.100799, 0.164494, 0.217953, 0.230267, 0.239707, 0.288228, 0.29071, 0.387741, 0.606937, 1, 

Generation #18
69,2145,0.001, 0.0211516, 0.0392133, 0.0262016, 0.0663368, 0.100799, 0.217953, 0.95616, 0.981794, 1, 

70,1739,0.001, 0.016831, 0.0528152, 0.0262016, 0.100799, 0.164494, 0.217953, 0.230267, 0.239707, 0.475426, 1, 

71,1410,0.001, 0.0110509, 0.0391854, 0.0456565, 0.126535, 0.119235, 0.150345, 0.17776, 0.52797, 0.239707, 1, 

78,1329,0.000531889, 0.001, 0.016831, 0.0261442, 0.0262016, 0.100799, 0.164494, 0.217953, 0.230267, 0.239707, 0.288228, 0.29071, 0.387741, 0.606937, 1, 

73,1408,0.001, 0.0110509, 0.0261442, 0.0262016, 0.0663368, 0.100799, 0.217953, 0.247358, 0.299091, 0.239707, 0.475426, 1, 

Generation #19
70,1739,0.001, 0.016831, 0.0528152, 0.0262016, 0.100799, 0.164494, 0.217953, 0.230267, 0.239707, 0.475426, 1, 

71,1410,0.001, 0.0110509, 0.0391854, 0.0456565, 0.126535, 0.119235, 0.150345, 0.17776, 0.52797, 0.239707, 1, 

78,1329,0.000531889, 0.001, 0.016831, 0.0261442, 0.0262016, 0.100799, 0.164494, 0.217953, 0.230267, 0.239707, 0.288228, 0.29071, 0.387741, 0.606937, 1, 

73,1408,0.001, 0.0110509, 0.0261442, 0.0262016, 0.0663368, 0.100799, 0.217953, 0.247358, 0.299091, 0.239707, 0.475426, 1, 

76,1402,0.001, 0.0110509, 0.0261442, 0.0262016, 0.0663368, 0.100799, 0.217953, 0.247358, 0.299091, 0.239707, 0.475426, 1, 

69,2082,0.001, 0.016831, 0.0528152, 0.0980615, 0.106911, 0.119235, 0.150345, 0.17776, 0.52797, 0.239707, 1, 

Generation #20
71,1410,0.001, 0.0110509, 0.0391854, 0.0456565, 0.126535, 0.119235, 0.150345, 0.17776, 0.52797, 0.239707, 1, 

78,1329,0.000531889, 0.001, 0.016831, 0.0261442, 0.0262016, 0.100799, 0.164494, 0.217953, 0.230267, 0.239707, 0.288228, 0.29071, 0.387741, 0.606937, 1, 

73,1408,0.001, 0.0110509, 0.0261442, 0.0262016, 0.0663368, 0.100799, 0.217953, 0.247358, 0.299091, 0.239707, 0.475426, 1, 

76,1402,0.001, 0.0110509, 0.0261442, 0.0262016, 0.0663368, 0.100799, 0.217953, 0.247358, 0.299091, 0.239707, 0.475426, 1, 

69,2082,0.001, 0.016831, 0.0528152, 0.0980615, 0.106911, 0.119235, 0.150345, 0.17776, 0.52797, 0.239707, 1, 

70,1501,0.001, 0.0110509, 0.0391854, 0.0456565, 0.126535, 0.119235, 0.217953, 0.247358, 0.299091, 0.400537, 0.470213, 1, 

Generation #21
71,1410,0.001, 0.0110509, 0.0391854, 0.0456565, 0.126535, 0.119235, 0.150345, 0.17776, 0.52797, 0.239707, 1, 

70,1501,0.001, 0.0110509, 0.0391854, 0.0456565, 0.126535, 0.119235, 0.217953, 0.247358, 0.299091, 0.400537, 0.470213, 1, 

73,1232,0.001, 0.0110509, 0.0261442, 0.0262016, 0.0262016, 0.100799, 0.164494, 0.217953, 0.230267, 0.239707, 0.288228, 0.29071, 0.387741, 0.606937, 1, 

69,1710,0.001, 0.001, 0.016831, 0.0261442, 0.0262016, 0.0663368, 0.100799, 0.217953, 0.247358, 0.400537, 0.470213, 1, 

Generation #22
71,1410,0.001, 0.0110509, 0.0391854, 0.0456565, 0.126535, 0.119235, 0.150345, 0.17776, 0.52797, 0.239707, 1, 

70,1501,0.001, 0.0110509, 0.0391854, 0.0456565, 0.126535, 0.119235, 0.217953, 0.247358, 0.299091, 0.400537, 0.470213, 1, 

73,1232,0.001, 0.0110509, 0.0261442, 0.0262016, 0.0262016, 0.100799, 0.164494, 0.217953, 0.230267, 0.239707, 0.288228, 0.29071, 0.387741, 0.606937, 1, 

69,1710,0.001, 0.001, 0.016831, 0.0261442, 0.0262016, 0.0663368, 0.100799, 0.217953, 0.247358, 0.400537, 0.470213, 1, 

Generation #23
71,1410,0.001, 0.0110509, 0.0391854, 0.0456565, 0.126535, 0.119235, 0.150345, 0.17776, 0.52797, 0.239707, 1, 

70,1501,0.001, 0.0110509, 0.0391854, 0.0456565, 0.126535, 0.119235, 0.217953, 0.247358, 0.299091, 0.400537, 0.470213, 1, 

73,1232,0.001, 0.0110509, 0.0261442, 0.0262016, 0.0262016, 0.100799, 0.164494, 0.217953, 0.230267, 0.239707, 0.288228, 0.29071, 0.387741, 0.606937, 1, 

69,1710,0.001, 0.001, 0.016831, 0.0261442, 0.0262016, 0.0663368, 0.100799, 0.217953, 0.247358, 0.400537, 0.470213, 1, 

Generation #24
71,1410,0.001, 0.0110509, 0.0391854, 0.0456565, 0.126535, 0.119235, 0.150345, 0.17776, 0.52797, 0.239707, 1, 

70,1501,0.001, 0.0110509, 0.0391854, 0.0456565, 0.126535, 0.119235, 0.217953, 0.247358, 0.299091, 0.400537, 0.470213, 1, 

73,1232,0.001, 0.0110509, 0.0261442, 0.0262016, 0.0262016, 0.100799, 0.164494, 0.217953, 0.230267, 0.239707, 0.288228, 0.29071, 0.387741, 0.606937, 1, 

69,1710,0.001, 0.001, 0.016831, 0.0261442, 0.0262016, 0.0663368, 0.100799, 0.217953, 0.247358, 0.400537, 0.470213, 1, 

Generation #25
71,1410,0.001, 0.0110509, 0.0391854, 0.0456565, 0.126535, 0.119235, 0.150345, 0.17776, 0.52797, 0.239707, 1, 

70,1501,0.001, 0.0110509, 0.0391854, 0.0456565, 0.126535, 0.119235, 0.217953, 0.247358, 0.299091, 0.400537, 0.470213, 1, 

73,1232,0.001, 0.0110509, 0.0261442, 0.0262016, 0.0262016, 0.100799, 0.164494, 0.217953, 0.230267, 0.239707, 0.288228, 0.29071, 0.387741, 0.606937, 1, 

69,1710,0.001, 0.001, 0.016831, 0.0261442, 0.0262016, 0.0663368, 0.100799, 0.217953, 0.247358, 0.400537, 0.470213, 1, 

Generation #26
73,1232,0.001, 0.0110509, 0.0261442, 0.0262016, 0.0262016, 0.100799, 0.164494, 0.217953, 0.230267, 0.239707, 0.288228, 0.29071, 0.387741, 0.606937, 1, 

68,1364,0.000531889, 0.001, 0.016831, 0.0261442, 0.0262016, 0.0663368, 0.217953, 0.247358, 0.299091, 0.400537, 0.470213, 1, 

Generation #27
73,1232,0.001, 0.0110509, 0.0261442, 0.0262016, 0.0262016, 0.100799, 0.164494, 0.217953, 0.230267, 0.239707, 0.288228, 0.29071, 0.387741, 0.606937, 1, 

68,1364,0.000531889, 0.001, 0.016831, 0.0261442, 0.0262016, 0.0663368, 0.217953, 0.247358, 0.299091, 0.400537, 0.470213, 1, 

Generation #28
68,1364,0.000531889, 0.001, 0.016831, 0.0261442, 0.0262016, 0.0663368, 0.217953, 0.247358, 0.299091, 0.400537, 0.470213, 1, 

71,1185,0.001, 0.0110509, 0.0261442, 0.0262016, 0.0663368, 0.100799, 0.164494, 0.217953, 0.230267, 0.475426, 1, 

Generation #29
71,1185,0.001, 0.0110509, 0.0261442, 0.0262016, 0.0663368, 0.100799, 0.164494, 0.217953, 0.230267, 0.475426, 1, 

68,1247,0.000531889, 0.001, 0.016831, 0.0261442, 0.0262016, 0.0663368, 0.100799, 0.217953, 0.230267, 0.475426, 1, 

Generation #30
71,1185,0.001, 0.0110509, 0.0261442, 0.0262016, 0.0663368, 0.100799, 0.164494, 0.217953, 0.230267, 0.475426, 1, 

68,1247,0.000531889, 0.001, 0.016831, 0.0261442, 0.0262016, 0.0663368, 0.100799, 0.217953, 0.230267, 0.475426, 1, 

Generation #31
71,1185,0.001, 0.0110509, 0.0261442, 0.0262016, 0.0663368, 0.100799, 0.164494, 0.217953, 0.230267, 0.475426, 1, 

68,1247,0.000531889, 0.001, 0.016831, 0.0261442, 0.0262016, 0.0663368, 0.100799, 0.217953, 0.230267, 0.475426, 1, 

Generation #32
71,1185,0.001, 0.0110509, 0.0261442, 0.0262016, 0.0663368, 0.100799, 0.164494, 0.217953, 0.230267, 0.475426, 1, 

68,1247,0.000531889, 0.001, 0.016831, 0.0261442, 0.0262016, 0.0663368, 0.100799, 0.217953, 0.230267, 0.475426, 1, 

Generation #33
71,1185,0.001, 0.0110509, 0.0261442, 0.0262016, 0.0663368, 0.100799, 0.164494, 0.217953, 0.230267, 0.475426, 1, 

68,1247,0.000531889, 0.001, 0.016831, 0.0261442, 0.0262016, 0.0663368, 0.100799, 0.217953, 0.230267, 0.475426, 1, 

Generation #34
71,1185,0.001, 0.0110509, 0.0261442, 0.0262016, 0.0663368, 0.100799, 0.164494, 0.217953, 0.230267, 0.475426, 1, 

68,1247,0.000531889, 0.001, 0.016831, 0.0261442, 0.0262016, 0.0663368, 0.100799, 0.217953, 0.230267, 0.475426, 1, 

Generation #35
71,1185,0.001, 0.0110509, 0.0261442, 0.0262016, 0.0663368, 0.100799, 0.164494, 0.217953, 0.230267, 0.475426, 1, 

68,1247,0.000531889, 0.001, 0.016831, 0.0261442, 0.0262016, 0.0663368, 0.100799, 0.217953, 0.230267, 0.475426, 1, 

Generation #36
71,1185,0.001, 0.0110509, 0.0261442, 0.0262016, 0.0663368, 0.100799, 0.164494, 0.217953, 0.230267, 0.475426, 1, 

68,1247,0.000531889, 0.001, 0.016831, 0.0261442, 0.0262016, 0.0663368, 0.100799, 0.217953, 0.230267, 0.475426, 1, 

Generation #37
71,1185,0.001, 0.0110509, 0.0261442, 0.0262016, 0.0663368, 0.100799, 0.164494, 0.217953, 0.230267, 0.475426, 1, 

68,1247,0.000531889, 0.001, 0.016831, 0.0261442, 0.0262016, 0.0663368, 0.100799, 0.217953, 0.230267, 0.475426, 1, 

74,1162,0.001, 0.0110509, 0.016831, 0.0261442, 0.0262016, 0.0308335, 0.100799, 0.217953, 0.239707, 0.475426, 1, 

Generation #38
71,1185,0.001, 0.0110509, 0.0261442, 0.0262016, 0.0663368, 0.100799, 0.164494, 0.217953, 0.230267, 0.475426, 1, 

68,1247,0.000531889, 0.001, 0.016831, 0.0261442, 0.0262016, 0.0663368, 0.100799, 0.217953, 0.230267, 0.475426, 1, 

74,1162,0.001, 0.0110509, 0.016831, 0.0261442, 0.0262016, 0.0308335, 0.100799, 0.217953, 0.239707, 0.475426, 1, 

Generation #39
71,1185,0.001, 0.0110509, 0.0261442, 0.0262016, 0.0663368, 0.100799, 0.164494, 0.217953, 0.230267, 0.475426, 1, 

68,1247,0.000531889, 0.001, 0.016831, 0.0261442, 0.0262016, 0.0663368, 0.100799, 0.217953, 0.230267, 0.475426, 1, 

74,1162,0.001, 0.0110509, 0.016831, 0.0261442, 0.0262016, 0.0308335, 0.100799, 0.217953, 0.239707, 0.475426, 1, 

Generation #40
71,1185,0.001, 0.0110509, 0.0261442, 0.0262016, 0.0663368, 0.100799, 0.164494, 0.217953, 0.230267, 0.475426, 1, 

68,1247,0.000531889, 0.001, 0.016831, 0.0261442, 0.0262016, 0.0663368, 0.100799, 0.217953, 0.230267, 0.475426, 1, 

74,1162,0.001, 0.0110509, 0.016831, 0.0261442, 0.0262016, 0.0308335, 0.100799, 0.217953, 0.239707, 0.475426, 1, 

Generation #41
71,1185,0.001, 0.0110509, 0.0261442, 0.0262016, 0.0663368, 0.100799, 0.164494, 0.217953, 0.230267, 0.475426, 1, 

68,1247,0.000531889, 0.001, 0.016831, 0.0261442, 0.0262016, 0.0663368, 0.100799, 0.217953, 0.230267, 0.475426, 1, 

74,1162,0.001, 0.0110509, 0.016831, 0.0261442, 0.0262016, 0.0308335, 0.100799, 0.217953, 0.239707, 0.475426, 1, 

Generation #42
71,1185,0.001, 0.0110509, 0.0261442, 0.0262016, 0.0663368, 0.100799, 0.164494, 0.217953, 0.230267, 0.475426, 1, 

68,1247,0.000531889, 0.001, 0.016831, 0.0261442, 0.0262016, 0.0663368, 0.100799, 0.217953, 0.230267, 0.475426, 1, 

74,1162,0.001, 0.0110509, 0.016831, 0.0261442, 0.0262016, 0.0308335, 0.100799, 0.217953, 0.239707, 0.475426, 1, 

67,1418,0.001, 0.001, 0.016831, 0.0261442, 0.0262016, 0.0308335, 0.100799, 0.217953, 0.239707, 0.475426, 1, 

Generation #43
71,1185,0.001, 0.0110509, 0.0261442, 0.0262016, 0.0663368, 0.100799, 0.164494, 0.217953, 0.230267, 0.475426, 1, 

68,1247,0.000531889, 0.001, 0.016831, 0.0261442, 0.0262016, 0.0663368, 0.100799, 0.217953, 0.230267, 0.475426, 1, 

74,1162,0.001, 0.0110509, 0.016831, 0.0261442, 0.0262016, 0.0308335, 0.100799, 0.217953, 0.239707, 0.475426, 1, 

67,1418,0.001, 0.001, 0.016831, 0.0261442, 0.0262016, 0.0308335, 0.100799, 0.217953, 0.239707, 0.475426, 1, 

72,1166,0.000531889, 0.001, 0.016831, 0.0261442, 0.0262016, 0.0308335, 0.100799, 0.217953, 0.230267, 0.239707, 0.590899, 1, 

Generation #44
71,1185,0.001, 0.0110509, 0.0261442, 0.0262016, 0.0663368, 0.100799, 0.164494, 0.217953, 0.230267, 0.475426, 1, 

68,1247,0.000531889, 0.001, 0.016831, 0.0261442, 0.0262016, 0.0663368, 0.100799, 0.217953, 0.230267, 0.475426, 1, 

74,1162,0.001, 0.0110509, 0.016831, 0.0261442, 0.0262016, 0.0308335, 0.100799, 0.217953, 0.239707, 0.475426, 1, 

67,1418,0.001, 0.001, 0.016831, 0.0261442, 0.0262016, 0.0308335, 0.100799, 0.217953, 0.239707, 0.475426, 1, 

72,1166,0.000531889, 0.001, 0.016831, 0.0261442, 0.0262016, 0.0308335, 0.100799, 0.217953, 0.230267, 0.239707, 0.590899, 1, 

Generation #45
71,1185,0.001, 0.0110509, 0.0261442, 0.0262016, 0.0663368, 0.100799, 0.164494, 0.217953, 0.230267, 0.475426, 1, 

68,1247,0.000531889, 0.001, 0.016831, 0.0261442, 0.0262016, 0.0663368, 0.100799, 0.217953, 0.230267, 0.475426, 1, 

74,1162,0.001, 0.0110509, 0.016831, 0.0261442, 0.0262016, 0.0308335, 0.100799, 0.217953, 0.239707, 0.475426, 1, 

67,1418,0.001, 0.001, 0.016831, 0.0261442, 0.0262016, 0.0308335, 0.100799, 0.217953, 0.239707, 0.475426, 1, 

72,1166,0.000531889, 0.001, 0.016831, 0.0261442, 0.0262016, 0.0308335, 0.100799, 0.217953, 0.230267, 0.239707, 0.590899, 1, 

Generation #46
71,1185,0.001, 0.0110509, 0.0261442, 0.0262016, 0.0663368, 0.100799, 0.164494, 0.217953, 0.230267, 0.475426, 1, 

68,1247,0.000531889, 0.001, 0.016831, 0.0261442, 0.0262016, 0.0663368, 0.100799, 0.217953, 0.230267, 0.475426, 1, 

74,1162,0.001, 0.0110509, 0.016831, 0.0261442, 0.0262016, 0.0308335, 0.100799, 0.217953, 0.239707, 0.475426, 1, 

67,1418,0.001, 0.001, 0.016831, 0.0261442, 0.0262016, 0.0308335, 0.100799, 0.217953, 0.239707, 0.475426, 1, 

72,1166,0.000531889, 0.001, 0.016831, 0.0261442, 0.0262016, 0.0308335, 0.100799, 0.217953, 0.230267, 0.239707, 0.590899, 1, 

Generation #47
71,1185,0.001, 0.0110509, 0.0261442, 0.0262016, 0.0663368, 0.100799, 0.164494, 0.217953, 0.230267, 0.475426, 1, 

68,1247,0.000531889, 0.001, 0.016831, 0.0261442, 0.0262016, 0.0663368, 0.100799, 0.217953, 0.230267, 0.475426, 1, 

74,1162,0.001, 0.0110509, 0.016831, 0.0261442, 0.0262016, 0.0308335, 0.100799, 0.217953, 0.239707, 0.475426, 1, 

67,1418,0.001, 0.001, 0.016831, 0.0261442, 0.0262016, 0.0308335, 0.100799, 0.217953, 0.239707, 0.475426, 1, 

72,1166,0.000531889, 0.001, 0.016831, 0.0261442, 0.0262016, 0.0308335, 0.100799, 0.217953, 0.230267, 0.239707, 0.590899, 1, 

Generation #48
71,1185,0.001, 0.0110509, 0.0261442, 0.0262016, 0.0663368, 0.100799, 0.164494, 0.217953, 0.230267, 0.475426, 1, 

68,1247,0.000531889, 0.001, 0.016831, 0.0261442, 0.0262016, 0.0663368, 0.100799, 0.217953, 0.230267, 0.475426, 1, 

74,1162,0.001, 0.0110509, 0.016831, 0.0261442, 0.0262016, 0.0308335, 0.100799, 0.217953, 0.239707, 0.475426, 1, 

67,1418,0.001, 0.001, 0.016831, 0.0261442, 0.0262016, 0.0308335, 0.100799, 0.217953, 0.239707, 0.475426, 1, 

72,1166,0.000531889, 0.001, 0.016831, 0.0261442, 0.0262016, 0.0308335, 0.100799, 0.217953, 0.230267, 0.239707, 0.590899, 1, 

Generation #49
71,1185,0.001, 0.0110509, 0.0261442, 0.0262016, 0.0663368, 0.100799, 0.164494, 0.217953, 0.230267, 0.475426, 1, 

68,1247,0.000531889, 0.001, 0.016831, 0.0261442, 0.0262016, 0.0663368, 0.100799, 0.217953, 0.230267, 0.475426, 1, 

74,1162,0.001, 0.0110509, 0.016831, 0.0261442, 0.0262016, 0.0308335, 0.100799, 0.217953, 0.239707, 0.475426, 1, 

67,1418,0.001, 0.001, 0.016831, 0.0261442, 0.0262016, 0.0308335, 0.100799, 0.217953, 0.239707, 0.475426, 1, 

72,1166,0.000531889, 0.001, 0.016831, 0.0261442, 0.0262016, 0.0308335, 0.100799, 0.217953, 0.230267, 0.239707, 0.590899, 1, 

--- Pareto Front Solutions ---
Solution 0: N total=116 (N_initial=45, N_added=71), Time total=1204 ms, Saved to: ./results/Wireless_t2_l1_pareto_0.csv, percents=0.001, 0.0110509, 0.0261442, 0.0262016, 0.0663368, 0.100799, 0.164494, 0.217953, 0.230267, 0.475426, 1, 

Solution 1: N total=113 (N_initial=45, N_added=68), Time total=1266 ms, Saved to: ./results/Wireless_t2_l1_pareto_1.csv, percents=0.000531889, 0.001, 0.016831, 0.0261442, 0.0262016, 0.0663368, 0.100799, 0.217953, 0.230267, 0.475426, 1, 

Solution 2: N total=119 (N_initial=45, N_added=74), Time total=1181 ms, Saved to: ./results/Wireless_t2_l1_pareto_2.csv, percents=0.001, 0.0110509, 0.016831, 0.0261442, 0.0262016, 0.0308335, 0.100799, 0.217953, 0.239707, 0.475426, 1, 

Solution 3: N total=112 (N_initial=45, N_added=67), Time total=1437 ms, Saved to: ./results/Wireless_t2_l1_pareto_3.csv, percents=0.001, 0.001, 0.016831, 0.0261442, 0.0262016, 0.0308335, 0.100799, 0.217953, 0.239707, 0.475426, 1, 

Solution 4: N total=117 (N_initial=45, N_added=72), Time total=1185 ms, Saved to: ./results/Wireless_t2_l1_pareto_4.csv, percents=0.000531889, 0.001, 0.016831, 0.0261442, 0.0262016, 0.0308335, 0.100799, 0.217953, 0.230267, 0.239707, 0.590899, 1, 

------------d=1, t=2, lambda=2, filename=./evaluation/Wireless/Wireless_2_2.csv------------
Grouping d-sets by partitioned row counts for detecting arrays...
Ready to look at pairs for detecting arrays...
First Stage N=80, Time=13
There are 10611 remaining non-locating pairs
--- Running GA Algorithm (phase2) ---
Running GA with std::execution::par
Generation #0
72,1363,0.001, 0.0146892, 0.0916338, 0.164536, 0.175193, 0.182095, 0.348347, 0.359795, 0.514101, 0.522106, 0.571472, 0.632883, 0.744509, 0.779164, 0.802772, 0.856732, 0.865422, 0.949174, 0.969024, 0.972314, 0.977183, 1, 

76,1166,0.001, 0.0378776, 0.0411466, 0.0967559, 0.136625, 0.161913, 0.169332, 0.204072, 0.267567, 0.29636, 0.308146, 0.338127, 0.404441, 0.426669, 0.504269, 0.59568, 0.649056, 0.656884, 0.700862, 0.747812, 0.752704, 0.816175, 0.817836, 0.868568, 0.929646, 0.972945, 0.994006, 1, 

73,1180,0.001, 0.0450748, 0.0709875, 0.119763, 0.124416, 0.152395, 0.210806, 0.227509, 0.371709, 0.377813, 0.386328, 0.531053, 0.546333, 0.561281, 0.602326, 0.727515, 0.750002, 0.777708, 0.808019, 0.905105, 0.917894, 0.97167, 1, 

60,1821,0.001, 0.0792042, 0.0958894, 0.111134, 0.243971, 0.303024, 0.350129, 0.619059, 0.651742, 0.715452, 0.734406, 1, 

66,1715,0.001, 0.0658527, 0.111405, 0.158703, 0.181401, 0.373548, 0.378824, 0.379181, 0.487322, 0.51993, 0.552771, 0.775272, 0.777503, 0.839639, 0.864921, 0.874071, 0.892577, 1, 

Generation #1
65,987,0.001, 0.0333198, 0.0708558, 0.0882394, 0.105283, 0.124877, 0.126088, 0.151299, 0.221195, 0.250932, 0.279282, 0.296987, 0.806969, 0.842705, 0.886287, 0.910937, 0.931288, 0.999408, 1, 

68,982,0.001, 0.0198672, 0.0358587, 0.0496182, 0.0644941, 0.0648947, 0.166729, 0.177025, 0.191732, 0.203837, 0.552771, 0.775272, 0.777503, 0.839639, 0.864921, 0.874071, 0.892577, 1, 

62,1026,0.001, 0.0542954, 0.0851072, 0.0297722, 0.13184, 0.202124, 0.219434, 0.24566, 0.891372, 0.902109, 0.927996, 0.982127, 1, 

60,1333,0.001, 0.0658527, 0.111405, 0.158703, 0.181401, 0.373548, 0.378824, 0.379181, 0.487322, 0.51993, 0.84589, 1, 

59,1663,0.001, 0.107869, 0.114303, 0.120688, 0.288169, 0.462435, 0.596346, 0.669717, 0.692393, 1, 

Generation #2
60,1333,0.001, 0.0658527, 0.111405, 0.158703, 0.181401, 0.373548, 0.378824, 0.379181, 0.487322, 0.51993, 0.84589, 1, 

59,1663,0.001, 0.107869, 0.114303, 0.120688, 0.288169, 0.462435, 0.596346, 0.669717, 0.692393, 1, 

61,881,0.001, 0.0198672, 0.0358587, 0.0496182, 0.0644941, 0.0648947, 0.166729, 0.177025, 0.191732, 0.203837, 1, 

71,789,0.001, 0.0198672, 0.0358587, 0.0496182, 0.0644941, 0.0648947, 0.166729, 0.177025, 0.191732, 0.203837, 0.552771, 0.775272, 0.777503, 0.839639, 0.864921, 0.419147, 0.47549, 0.598224, 0.734459, 0.95682, 0.991172, 1, 

Generation #3
61,881,0.001, 0.0198672, 0.0358587, 0.0496182, 0.0644941, 0.0648947, 0.166729, 0.177025, 0.191732, 0.203837, 1, 

71,789,0.001, 0.0198672, 0.0358587, 0.0496182, 0.0644941, 0.0648947, 0.166729, 0.177025, 0.191732, 0.203837, 0.552771, 0.775272, 0.777503, 0.839639, 0.864921, 0.419147, 0.47549, 0.598224, 0.734459, 0.95682, 0.991172, 1, 

65,812,0.001, 0.0198672, 0.0358587, 0.0496182, 0.0644941, 0.0648947, 0.166729, 0.177025, 0.191732, 0.203837, 0.552771, 0.775272, 0.777503, 0.376551, 0.392467, 0.408057, 1, 

59,1175,0.001, 0.0198672, 0.0358587, 0.0496182, 0.288169, 0.462435, 0.596346, 0.669717, 0.692393, 1, 

Generation #4
61,881,0.001, 0.0198672, 0.0358587, 0.0496182, 0.0644941, 0.0648947, 0.166729, 0.177025, 0.191732, 0.203837, 1, 

71,789,0.001, 0.0198672, 0.0358587, 0.0496182, 0.0644941, 0.0648947, 0.166729, 0.177025, 0.191732, 0.203837, 0.552771, 0.775272, 0.777503, 0.839639, 0.864921, 0.419147, 0.47549, 0.598224, 0.734459, 0.95682, 0.991172, 1, 

65,812,0.001, 0.0198672, 0.0358587, 0.0496182, 0.0644941, 0.0648947, 0.166729, 0.177025, 0.191732, 0.203837, 0.552771, 0.775272, 0.777503, 0.376551, 0.392467, 0.408057, 1, 

60,1017,0.001, 0.0487628, 0.0709875, 0.119763, 0.124416, 0.152395, 0.210806, 0.227509, 0.371709, 0.889162, 0.377813, 0.386328, 1, 

64,863,0.001, 0.0198672, 0.0358587, 0.0496182, 0.0644941, 0.0648947, 0.21839, 0.240656, 0.247277, 0.271915, 0.279647, 0.323253, 0.372777, 0.376551, 0.392467, 0.408057, 1, 

59,1049,0.001, 0.0333198, 0.0708558, 0.0882394, 0.105283, 0.124877, 0.126088, 0.692393, 0.960616, 0.985578, 1, 

Generation #5
71,789,0.001, 0.0198672, 0.0358587, 0.0496182, 0.0644941, 0.0648947, 0.166729, 0.177025, 0.191732, 0.203837, 0.552771, 0.775272, 0.777503, 0.839639, 0.864921, 0.419147, 0.47549, 0.598224, 0.734459, 0.95682, 0.991172, 1, 

65,812,0.001, 0.0198672, 0.0358587, 0.0496182, 0.0644941, 0.0648947, 0.166729, 0.177025, 0.191732, 0.203837, 0.552771, 0.775272, 0.777503, 0.376551, 0.392467, 0.408057, 1, 

59,1023,0.001, 0.0333198, 0.0708558, 0.0886326, 0.13184, 0.202124, 0.219434, 0.24566, 0.262207, 0.369403, 1, 

60,838,0.001, 0.0198672, 0.0358587, 0.0496182, 0.0644941, 0.0648947, 0.21839, 0.240656, 0.247277, 0.862487, 1, 

Generation #6
59,1023,0.001, 0.0333198, 0.0708558, 0.0886326, 0.13184, 0.202124, 0.219434, 0.24566, 0.262207, 0.369403, 1, 

60,784,0.001, 0.0198672, 0.0358587, 0.0496182, 0.0644941, 0.0648947, 0.160488, 0.167026, 0.190467, 1, 

64,733,0.001, 0.0198672, 0.0358587, 0.0496182, 0.0644941, 0.0648947, 0.166729, 0.177025, 0.191732, 0.203837, 0.552771, 0.775272, 0.777503, 0.839639, 0.864921, 0.874071, 0.892577, 1, 

Generation #7
60,784,0.001, 0.0198672, 0.0358587, 0.0496182, 0.0644941, 0.0648947, 0.160488, 0.167026, 0.190467, 1, 

64,733,0.001, 0.0198672, 0.0358587, 0.0496182, 0.0644941, 0.0648947, 0.166729, 0.177025, 0.191732, 0.203837, 0.552771, 0.775272, 0.777503, 0.839639, 0.864921, 0.874071, 0.892577, 1, 

58,823,0.001, 0.0450748, 0.0709875, 0.119763, 0.0644941, 0.0648947, 0.166729, 0.196019, 0.191732, 0.203837, 1, 

55,1037,0.001, 0.0333198, 0.0708558, 0.0882394, 0.105283, 0.153257, 0.160488, 0.862487, 1, 

Generation #8
60,784,0.001, 0.0198672, 0.0358587, 0.0496182, 0.0644941, 0.0648947, 0.160488, 0.167026, 0.190467, 1, 

64,733,0.001, 0.0198672, 0.0358587, 0.0496182, 0.0644941, 0.0648947, 0.166729, 0.177025, 0.191732, 0.203837, 0.552771, 0.775272, 0.777503, 0.839639, 0.864921, 0.874071, 0.892577, 1, 

58,823,0.001, 0.0450748, 0.0709875, 0.119763, 0.0644941, 0.0648947, 0.166729, 0.196019, 0.191732, 0.203837, 1, 

55,1037,0.001, 0.0333198, 0.0708558, 0.0882394, 0.105283, 0.153257, 0.160488, 0.862487, 1, 

59,801,0.001, 0.0198672, 0.0358587, 0.0496182, 0.0644941, 0.0648947, 0.160488, 0.167026, 0.190467, 0.369403, 1, 

Generation #9
58,823,0.001, 0.0450748, 0.0709875, 0.119763, 0.0644941, 0.0648947, 0.166729, 0.196019, 0.191732, 0.203837, 1, 

55,1037,0.001, 0.0333198, 0.0708558, 0.0882394, 0.105283, 0.153257, 0.160488, 0.862487, 1, 

57,927,0.001, 0.0198672, 0.0358587, 0.0496182, 0.0644941, 0.0648947, 0.166729, 0.167026, 0.190467, 0.369403, 1, 

59,677,0.001, 0.0198672, 0.0358587, 0.0496182, 0.0644941, 0.0648947, 0.21839, 0.240656, 0.247277, 0.862487, 1, 

Generation #10
55,1037,0.001, 0.0333198, 0.0708558, 0.0882394, 0.105283, 0.153257, 0.160488, 0.862487, 1, 

59,677,0.001, 0.0198672, 0.0358587, 0.0496182, 0.0644941, 0.0648947, 0.21839, 0.240656, 0.247277, 0.862487, 1, 

57,706,0.001, 0.0198672, 0.0358587, 0.0496182, 0.0644941, 0.0648947, 0.166729, 0.167026, 0.190467, 0.198106, 1, 

56,798,0.001, 0.0198672, 0.0358587, 0.0496182, 0.0648947, 0.166729, 0.107761, 0.191732, 0.198106, 1, 

Generation #11
55,1037,0.001, 0.0333198, 0.0708558, 0.0882394, 0.105283, 0.153257, 0.160488, 0.862487, 1, 

59,677,0.001, 0.0198672, 0.0358587, 0.0496182, 0.0644941, 0.0648947, 0.21839, 0.240656, 0.247277, 0.862487, 1, 

57,706,0.001, 0.0198672, 0.0358587, 0.0496182, 0.0644941, 0.0648947, 0.166729, 0.167026, 0.190467, 0.198106, 1, 

56,798,0.001, 0.0198672, 0.0358587, 0.0496182, 0.0648947, 0.166729, 0.107761, 0.191732, 0.198106, 1, 
