------------d=1, t=2, lambda=1, filename=./evaluation/Wireless/Wireless_2_1.csv------------
Grouping d-sets by partitioned row counts for detecting arrays...
Ready to look at pairs for detecting arrays...
First Stage N=45, Time=17
There are 57665 remaining non-locating pairs
--- Running GA Algorithm (phase2) ---
Running GA with std::execution::par
Generation #0
75,10624,0.001, 0.139605, 0.219523, 0.33745, 0.371203, 0.465486, 0.467519, 0.710549, 0.845754, 0.979017, 1, 

77,5345,0.001, 0.0537338, 0.106666, 0.111303, 0.348809, 0.39629, 0.452333, 0.476821, 0.529451, 0.635177, 0.648952, 0.726148, 0.943837, 0.951523, 1, 

72,20005,0.001, 0.241673, 0.265286, 0.290314, 0.336279, 0.487772, 0.620769, 0.816555, 0.932469, 0.993654, 1, 

79,2817,0.001, 0.0141455, 0.0218816, 0.0456565, 0.126535, 0.171676, 0.223503, 0.360442, 0.365705, 0.45636, 0.479251, 0.508095, 0.573131, 0.69156, 0.698453, 0.828251, 0.841254, 0.951562, 1, 

84,2713,0.001, 0.0110509, 0.0391854, 0.0928903, 0.129683, 0.148351, 0.15305, 0.161136, 0.234665, 0.262227, 0.262612, 0.288228, 0.29071, 0.387741, 0.387959, 0.439057, 0.598829, 0.623264, 0.646717, 0.734431, 0.75492, 0.778334, 0.828504, 0.918703, 0.937746, 1, 

76,7735,0.001, 0.111339, 0.16634, 0.218179, 0.237932, 0.243909, 0.310566, 0.348349, 0.429216, 0.494273, 0.528657, 0.68325, 0.768668, 0.809193, 0.945806, 0.950799, 1, 

Generation #1
72,20005,0.001, 0.241673, 0.265286, 0.290314, 0.336279, 0.487772, 0.620769, 0.816555, 0.932469, 0.993654, 1, 

74,1877,0.001, 0.0141455, 0.0218816, 0.0456565, 0.126535, 0.171676, 0.223503, 0.360442, 0.845754, 0.979017, 1, 

73,4428,0.001, 0.0662492, 0.120139, 0.176954, 0.202528, 0.233823, 0.25393, 0.58726, 0.607083, 0.793639, 0.806633, 1, 

Generation #2
72,20005,0.001, 0.241673, 0.265286, 0.290314, 0.336279, 0.487772, 0.620769, 0.816555, 0.932469, 0.993654, 1, 

74,1877,0.001, 0.0141455, 0.0218816, 0.0456565, 0.126535, 0.171676, 0.223503, 0.360442, 0.845754, 0.979017, 1, 

73,2185,0.001, 0.0254464, 0.0366954, 0.0698214, 0.10015, 0.173493, 0.182069, 0.201765, 0.215415, 0.215567, 1, 

77,1638,0.001, 0.0141455, 0.0218816, 0.0456565, 0.126535, 0.171676, 0.223503, 0.194709, 0.55663, 0.652303, 0.7728, 0.78984, 0.809512, 0.821009, 0.856762, 0.858627, 0.936587, 1, 

Generation #3
77,1638,0.001, 0.0141455, 0.0218816, 0.0456565, 0.126535, 0.171676, 0.223503, 0.194709, 0.55663, 0.652303, 0.7728, 0.78984, 0.809512, 0.821009, 0.856762, 0.858627, 0.936587, 1, 

73,1733,0.001, 0.0110509, 0.0391854, 0.0928903, 0.129683, 0.243909, 0.310566, 0.348349, 0.607083, 0.793639, 0.806633, 1, 

70,4376,0.001, 0.0627039, 0.091034, 0.121068, 0.12165, 0.147776, 0.150989, 0.317855, 0.351432, 0.993654, 1, 

72,1782,0.001, 0.0141455, 0.0218816, 0.0456565, 0.126535, 0.171676, 0.223503, 0.360442, 0.845754, 0.979017, 1, 

Generation #4
70,1952,0.001, 0.0219461, 0.0261442, 0.121068, 0.12165, 0.147776, 0.150989, 0.317855, 0.845754, 0.979017, 1, 

71,1562,0.001, 0.0141455, 0.0218816, 0.0456565, 0.126535, 0.171676, 0.223503, 0.360442, 0.365705, 0.652303, 0.7728, 1, 

Generation #5
71,1562,0.001, 0.0141455, 0.0218816, 0.0456565, 0.126535, 0.171676, 0.223503, 0.360442, 0.365705, 0.652303, 0.7728, 1, 

69,1833,0.001, 0.0211516, 0.0366954, 0.0698214, 0.10015, 0.173493, 0.182069, 0.201765, 0.215415, 0.215567, 1, 

70,1766,0.001, 0.0254464, 0.0366954, 0.0698214, 0.10015, 0.182069, 0.201765, 0.351432, 0.993654, 1, 

Generation #6
71,1562,0.001, 0.0141455, 0.0218816, 0.0456565, 0.126535, 0.171676, 0.223503, 0.360442, 0.365705, 0.652303, 0.7728, 1, 

69,1833,0.001, 0.0211516, 0.0366954, 0.0698214, 0.10015, 0.173493, 0.182069, 0.201765, 0.215415, 0.215567, 1, 

82,1364,0.001, 0.0110509, 0.0391854, 0.0928903, 0.129683, 0.243909, 0.310566, 0.348349, 0.429216, 0.494273, 0.724175, 0.7556, 0.828216, 0.865924, 0.613618, 0.00961178, 0.67643, 0.75629, 0.776041, 0.839098, 0.844438, 0.957415, 0.970357, 1, 

70,1677,0.001, 0.0211516, 0.0366954, 0.0698214, 0.10015, 0.173493, 0.182069, 0.201765, 0.215567, 1, 

Generation #7
71,1562,0.001, 0.0141455, 0.0218816, 0.0456565, 0.126535, 0.171676, 0.223503, 0.360442, 0.365705, 0.652303, 0.7728, 1, 

69,1833,0.001, 0.0211516, 0.0366954, 0.0698214, 0.10015, 0.173493, 0.182069, 0.201765, 0.215415, 0.215567, 1, 

82,1364,0.001, 0.0110509, 0.0391854, 0.0928903, 0.129683, 0.243909, 0.310566, 0.348349, 0.429216, 0.494273, 0.724175, 0.7556, 0.828216, 0.865924, 0.613618, 0.00961178, 0.67643, 0.75629, 0.776041, 0.839098, 0.844438, 0.957415, 0.970357, 1, 

70,1677,0.001, 0.0211516, 0.0366954, 0.0698214, 0.10015, 0.173493, 0.182069, 0.201765, 0.215567, 1, 

Generation #8
71,1562,0.001, 0.0141455, 0.0218816, 0.0456565, 0.126535, 0.171676, 0.223503, 0.360442, 0.365705, 0.652303, 0.7728, 1, 

69,1833,0.001, 0.0211516, 0.0366954, 0.0698214, 0.10015, 0.173493, 0.182069, 0.201765, 0.215415, 0.215567, 1, 

82,1364,0.001, 0.0110509, 0.0391854, 0.0928903, 0.129683, 0.243909, 0.310566, 0.348349, 0.429216, 0.494273, 0.724175, 0.7556, 0.828216, 0.865924, 0.613618, 0.00961178, 0.67643, 0.75629, 0.776041, 0.839098, 0.844438, 0.957415, 0.970357, 1, 

70,1593,0.001, 0.0110509, 0.0391854, 0.0513067, 0.110065, 0.137015, 0.150989, 0.317855, 0.485135, 0.357338, 0.358627, 1, 

93,1350,0.001, 0.0141455, 0.0391854, 0.103473, 0.112512, 0.171676, 0.223503, 0.360442, 0.845754, 0.45636, 0.479251, 0.508095, 0.573131, 0.45517, 0.463487, 0.532428, 0.559007, 0.582776, 0.626218, 0.704687, 0.713675, 0.738961, 0.761965, 0.804252, 0.900865, 0.94796, 1, 

75,1506,0.001, 0.0141455, 0.0218816, 0.0456565, 0.126535, 0.171676, 0.223503, 0.360442, 0.351432, 0.993654, 1, 

Generation #9
82,1364,0.001, 0.0110509, 0.0391854, 0.0928903, 0.129683, 0.243909, 0.310566, 0.348349, 0.429216, 0.494273, 0.724175, 0.7556, 0.828216, 0.865924, 0.613618, 0.00961178, 0.67643, 0.75629, 0.776041, 0.839098, 0.844438, 0.957415, 0.970357, 1, 

70,1593,0.001, 0.0110509, 0.0391854, 0.0513067, 0.110065, 0.137015, 0.150989, 0.317855, 0.485135, 0.357338, 0.358627, 1, 

93,1350,0.001, 0.0141455, 0.0391854, 0.103473, 0.112512, 0.171676, 0.223503, 0.360442, 0.845754, 0.45636, 0.479251, 0.508095, 0.573131, 0.45517, 0.463487, 0.532428, 0.559007, 0.582776, 0.626218, 0.704687, 0.713675, 0.738961, 0.761965, 0.804252, 0.900865, 0.94796, 1, 

75,1506,0.001, 0.0141455, 0.0218816, 0.0456565, 0.126535, 0.171676, 0.223503, 0.360442, 0.351432, 0.993654, 1, 

68,1832,0.001, 0.0110509, 0.0218816, 0.0456565, 0.126535, 0.13453, 0.171676, 0.223503, 0.215567, 1, 

71,1507,0.001, 0.0141455, 0.0218816, 0.0456565, 0.126535, 0.171676, 0.223503, 0.360442, 0.365705, 0.863096, 0.652303, 0.7728, 1, 

Generation #10
82,1364,0.001, 0.0110509, 0.0391854, 0.0928903, 0.129683, 0.243909, 0.310566, 0.348349, 0.429216, 0.494273, 0.724175, 0.7556, 0.828216, 0.865924, 0.613618, 0.00961178, 0.67643, 0.75629, 0.776041, 0.839098, 0.844438, 0.957415, 0.970357, 1, 

70,1593,0.001, 0.0110509, 0.0391854, 0.0513067, 0.110065, 0.137015, 0.150989, 0.317855, 0.485135, 0.357338, 0.358627, 1, 

93,1350,0.001, 0.0141455, 0.0391854, 0.103473, 0.112512, 0.171676, 0.223503, 0.360442, 0.845754, 0.45636, 0.479251, 0.508095, 0.573131, 0.45517, 0.463487, 0.532428, 0.559007, 0.582776, 0.626218, 0.704687, 0.713675, 0.738961, 0.761965, 0.804252, 0.900865, 0.94796, 1, 

75,1506,0.001, 0.0141455, 0.0218816, 0.0456565, 0.126535, 0.171676, 0.223503, 0.360442, 0.351432, 0.993654, 1, 

68,1832,0.001, 0.0110509, 0.0218816, 0.0456565, 0.126535, 0.13453, 0.171676, 0.223503, 0.215567, 1, 

71,1507,0.001, 0.0141455, 0.0218816, 0.0456565, 0.126535, 0.171676, 0.223503, 0.360442, 0.365705, 0.863096, 0.652303, 0.7728, 1, 

77,1456,0.001, 0.0110509, 0.0391854, 0.0928903, 0.129683, 0.243909, 0.310566, 0.348349, 0.845754, 0.45636, 0.479251, 1, 

Generation #11
82,1364,0.001, 0.0110509, 0.0391854, 0.0928903, 0.129683, 0.243909, 0.310566, 0.348349, 0.429216, 0.494273, 0.724175, 0.7556, 0.828216, 0.865924, 0.613618, 0.00961178, 0.67643, 0.75629, 0.776041, 0.839098, 0.844438, 0.957415, 0.970357, 1, 

70,1593,0.001, 0.0110509, 0.0391854, 0.0513067, 0.110065, 0.137015, 0.150989, 0.317855, 0.485135, 0.357338, 0.358627, 1, 

93,1350,0.001, 0.0141455, 0.0391854, 0.103473, 0.112512, 0.171676, 0.223503, 0.360442, 0.845754, 0.45636, 0.479251, 0.508095, 0.573131, 0.45517, 0.463487, 0.532428, 0.559007, 0.582776, 0.626218, 0.704687, 0.713675, 0.738961, 0.761965, 0.804252, 0.900865, 0.94796, 1, 

75,1506,0.001, 0.0141455, 0.0218816, 0.0456565, 0.126535, 0.171676, 0.223503, 0.360442, 0.351432, 0.993654, 1, 

68,1832,0.001, 0.0110509, 0.0218816, 0.0456565, 0.126535, 0.13453, 0.171676, 0.223503, 0.215567, 1, 

71,1507,0.001, 0.0141455, 0.0218816, 0.0456565, 0.126535, 0.171676, 0.223503, 0.360442, 0.365705, 0.863096, 0.652303, 0.7728, 1, 

76,1425,0.001, 0.0110509, 0.0218816, 0.0456565, 0.126535, 0.13453, 0.171676, 0.223503, 0.360442, 0.845754, 0.979017, 1, 

Generation #12
82,1364,0.001, 0.0110509, 0.0391854, 0.0928903, 0.129683, 0.243909, 0.310566, 0.348349, 0.429216, 0.494273, 0.724175, 0.7556, 0.828216, 0.865924, 0.613618, 0.00961178, 0.67643, 0.75629, 0.776041, 0.839098, 0.844438, 0.957415, 0.970357, 1, 

70,1593,0.001, 0.0110509, 0.0391854, 0.0513067, 0.110065, 0.137015, 0.150989, 0.317855, 0.485135, 0.357338, 0.358627, 1, 

93,1350,0.001, 0.0141455, 0.0391854, 0.103473, 0.112512, 0.171676, 0.223503, 0.360442, 0.845754, 0.45636, 0.479251, 0.508095, 0.573131, 0.45517, 0.463487, 0.532428, 0.559007, 0.582776, 0.626218, 0.704687, 0.713675, 0.738961, 0.761965, 0.804252, 0.900865, 0.94796, 1, 

75,1506,0.001, 0.0141455, 0.0218816, 0.0456565, 0.126535, 0.171676, 0.223503, 0.360442, 0.351432, 0.993654, 1, 

68,1832,0.001, 0.0110509, 0.0218816, 0.0456565, 0.126535, 0.13453, 0.171676, 0.223503, 0.215567, 1, 

71,1507,0.001, 0.0141455, 0.0218816, 0.0456565, 0.126535, 0.171676, 0.223503, 0.360442, 0.365705, 0.863096, 0.652303, 0.7728, 1, 

76,1425,0.001, 0.0110509, 0.0218816, 0.0456565, 0.126535, 0.13453, 0.171676, 0.223503, 0.360442, 0.845754, 0.979017, 1, 

Generation #13
82,1364,0.001, 0.0110509, 0.0391854, 0.0928903, 0.129683, 0.243909, 0.310566, 0.348349, 0.429216, 0.494273, 0.724175, 0.7556, 0.828216, 0.865924, 0.613618, 0.00961178, 0.67643, 0.75629, 0.776041, 0.839098, 0.844438, 0.957415, 0.970357, 1, 

93,1350,0.001, 0.0141455, 0.0391854, 0.103473, 0.112512, 0.171676, 0.223503, 0.360442, 0.845754, 0.45636, 0.479251, 0.508095, 0.573131, 0.45517, 0.463487, 0.532428, 0.559007, 0.582776, 0.626218, 0.704687, 0.713675, 0.738961, 0.761965, 0.804252, 0.900865, 0.94796, 1, 

68,1832,0.001, 0.0110509, 0.0218816, 0.0456565, 0.126535, 0.13453, 0.171676, 0.223503, 0.215567, 1, 

76,1425,0.001, 0.0110509, 0.0218816, 0.0456565, 0.126535, 0.13453, 0.171676, 0.223503, 0.360442, 0.845754, 0.979017, 1, 

67,1995,0.001, 0.0141455, 0.0218816, 0.0456565, 0.126535, 0.171676, 0.223503, 0.360442, 0.215567, 1, 

70,1427,0.001, 0.0110509, 0.0391854, 0.0513067, 0.110065, 0.137015, 0.150989, 0.351432, 0.247566, 1, 

Generation #14
82,1364,0.001, 0.0110509, 0.0391854, 0.0928903, 0.129683, 0.243909, 0.310566, 0.348349, 0.429216, 0.494273, 0.724175, 0.7556, 0.828216, 0.865924, 0.613618, 0.00961178, 0.67643, 0.75629, 0.776041, 0.839098, 0.844438, 0.957415, 0.970357, 1, 

93,1350,0.001, 0.0141455, 0.0391854, 0.103473, 0.112512, 0.171676, 0.223503, 0.360442, 0.845754, 0.45636, 0.479251, 0.508095, 0.573131, 0.45517, 0.463487, 0.532428, 0.559007, 0.582776, 0.626218, 0.704687, 0.713675, 0.738961, 0.761965, 0.804252, 0.900865, 0.94796, 1, 

68,1832,0.001, 0.0110509, 0.0218816, 0.0456565, 0.126535, 0.13453, 0.171676, 0.223503, 0.215567, 1, 

76,1425,0.001, 0.0110509, 0.0218816, 0.0456565, 0.126535, 0.13453, 0.171676, 0.223503, 0.360442, 0.845754, 0.979017, 1, 

67,1995,0.001, 0.0141455, 0.0218816, 0.0456565, 0.126535, 0.171676, 0.223503, 0.360442, 0.215567, 1, 

70,1427,0.001, 0.0110509, 0.0391854, 0.0513067, 0.110065, 0.137015, 0.150989, 0.351432, 0.247566, 1, 

Generation #15
68,1832,0.001, 0.0110509, 0.0218816, 0.0456565, 0.126535, 0.13453, 0.171676, 0.223503, 0.215567, 1, 

67,1995,0.001, 0.0141455, 0.0218816, 0.0456565, 0.126535, 0.171676, 0.223503, 0.360442, 0.215567, 1, 

70,1427,0.001, 0.0110509, 0.0391854, 0.0513067, 0.110065, 0.137015, 0.150989, 0.351432, 0.247566, 1, 

69,1779,0.001, 0.0110509, 0.0391854, 0.0928903, 0.126535, 0.171676, 0.223503, 0.360442, 0.215567, 1, 

76,1314,0.001, 0.0110509, 0.0218816, 0.0456565, 0.126535, 0.171676, 0.628192, 0.223503, 0.360442, 0.845754, 0.979017, 1, 

Generation #16
68,1832,0.001, 0.0110509, 0.0218816, 0.0456565, 0.126535, 0.13453, 0.171676, 0.223503, 0.215567, 1, 

67,1995,0.001, 0.0141455, 0.0218816, 0.0456565, 0.126535, 0.171676, 0.223503, 0.360442, 0.215567, 1, 

70,1427,0.001, 0.0110509, 0.0391854, 0.0513067, 0.110065, 0.137015, 0.150989, 0.351432, 0.247566, 1, 

69,1779,0.001, 0.0110509, 0.0391854, 0.0928903, 0.126535, 0.171676, 0.223503, 0.360442, 0.215567, 1, 

74,1310,0.001, 0.0141455, 0.0218816, 0.0456565, 0.126535, 0.171676, 0.223503, 0.360442, 0.365705, 0.652303, 0.7728, 1, 

Generation #17
68,1832,0.001, 0.0110509, 0.0218816, 0.0456565, 0.126535, 0.13453, 0.171676, 0.223503, 0.215567, 1, 

67,1995,0.001, 0.0141455, 0.0218816, 0.0456565, 0.126535, 0.171676, 0.223503, 0.360442, 0.215567, 1, 

70,1427,0.001, 0.0110509, 0.0391854, 0.0513067, 0.110065, 0.137015, 0.150989, 0.351432, 0.247566, 1, 

69,1779,0.001, 0.0110509, 0.0391854, 0.0928903, 0.126535, 0.171676, 0.223503, 0.360442, 0.215567, 1, 

74,1310,0.001, 0.0141455, 0.0218816, 0.0456565, 0.126535, 0.171676, 0.223503, 0.360442, 0.365705, 0.652303, 0.7728, 1, 

Generation #18
68,1832,0.001, 0.0110509, 0.0218816, 0.0456565, 0.126535, 0.13453, 0.171676, 0.223503, 0.215567, 1, 

67,1995,0.001, 0.0141455, 0.0218816, 0.0456565, 0.126535, 0.171676, 0.223503, 0.360442, 0.215567, 1, 

70,1427,0.001, 0.0110509, 0.0391854, 0.0513067, 0.110065, 0.137015, 0.150989, 0.351432, 0.247566, 1, 

69,1779,0.001, 0.0110509, 0.0391854, 0.0928903, 0.126535, 0.171676, 0.223503, 0.360442, 0.215567, 1, 

74,1310,0.001, 0.0141455, 0.0218816, 0.0456565, 0.126535, 0.171676, 0.223503, 0.360442, 0.365705, 0.652303, 0.7728, 1, 

Generation #19
68,1832,0.001, 0.0110509, 0.0218816, 0.0456565, 0.126535, 0.13453, 0.171676, 0.223503, 0.215567, 1, 

67,1995,0.001, 0.0141455, 0.0218816, 0.0456565, 0.126535, 0.171676, 0.223503, 0.360442, 0.215567, 1, 

70,1427,0.001, 0.0110509, 0.0391854, 0.0513067, 0.110065, 0.137015, 0.150989, 0.351432, 0.247566, 1, 

74,1310,0.001, 0.0141455, 0.0218816, 0.0456565, 0.126535, 0.171676, 0.223503, 0.360442, 0.365705, 0.652303, 0.7728, 1, 

69,1602,0.001, 0.0141455, 0.0218816, 0.0456565, 0.10015, 0.173493, 0.182069, 0.201765, 0.215567, 1, 

Generation #20
68,1832,0.001, 0.0110509, 0.0218816, 0.0456565, 0.126535, 0.13453, 0.171676, 0.223503, 0.215567, 1, 

67,1995,0.001, 0.0141455, 0.0218816, 0.0456565, 0.126535, 0.171676, 0.223503, 0.360442, 0.215567, 1, 

70,1427,0.001, 0.0110509, 0.0391854, 0.0513067, 0.110065, 0.137015, 0.150989, 0.351432, 0.247566, 1, 

74,1310,0.001, 0.0141455, 0.0218816, 0.0456565, 0.126535, 0.171676, 0.223503, 0.360442, 0.365705, 0.652303, 0.7728, 1, 

69,1568,0.001, 0.0141455, 0.0218816, 0.0456565, 0.126535, 0.171676, 0.17776, 0.247358, 0.993654, 1, 

Generation #21
68,1832,0.001, 0.0110509, 0.0218816, 0.0456565, 0.126535, 0.13453, 0.171676, 0.223503, 0.215567, 1, 

67,1995,0.001, 0.0141455, 0.0218816, 0.0456565, 0.126535, 0.171676, 0.223503, 0.360442, 0.215567, 1, 

70,1427,0.001, 0.0110509, 0.0391854, 0.0513067, 0.110065, 0.137015, 0.150989, 0.351432, 0.247566, 1, 

74,1310,0.001, 0.0141455, 0.0218816, 0.0456565, 0.126535, 0.171676, 0.223503, 0.360442, 0.365705, 0.652303, 0.7728, 1, 

69,1568,0.001, 0.0141455, 0.0218816, 0.0456565, 0.126535, 0.171676, 0.17776, 0.247358, 0.993654, 1, 

Generation #22
68,1832,0.001, 0.0110509, 0.0218816, 0.0456565, 0.126535, 0.13453, 0.171676, 0.223503, 0.215567, 1, 

67,1995,0.001, 0.0141455, 0.0218816, 0.0456565, 0.126535, 0.171676, 0.223503, 0.360442, 0.215567, 1, 

70,1427,0.001, 0.0110509, 0.0391854, 0.0513067, 0.110065, 0.137015, 0.150989, 0.351432, 0.247566, 1, 

74,1310,0.001, 0.0141455, 0.0218816, 0.0456565, 0.126535, 0.171676, 0.223503, 0.360442, 0.365705, 0.652303, 0.7728, 1, 

69,1568,0.001, 0.0141455, 0.0218816, 0.0456565, 0.126535, 0.171676, 0.17776, 0.247358, 0.993654, 1, 

Generation #23
68,1832,0.001, 0.0110509, 0.0218816, 0.0456565, 0.126535, 0.13453, 0.171676, 0.223503, 0.215567, 1, 

67,1995,0.001, 0.0141455, 0.0218816, 0.0456565, 0.126535, 0.171676, 0.223503, 0.360442, 0.215567, 1, 

70,1427,0.001, 0.0110509, 0.0391854, 0.0513067, 0.110065, 0.137015, 0.150989, 0.351432, 0.247566, 1, 

74,1310,0.001, 0.0141455, 0.0218816, 0.0456565, 0.126535, 0.171676, 0.223503, 0.360442, 0.365705, 0.652303, 0.7728, 1, 

69,1568,0.001, 0.0141455, 0.0218816, 0.0456565, 0.126535, 0.171676, 0.17776, 0.247358, 0.993654, 1, 

72,1373,0.001, 0.0110509, 0.0218816, 0.0456565, 0.126535, 0.126535, 0.171676, 0.223503, 0.360442, 0.845754, 0.979017, 1, 

Generation #24
70,1427,0.001, 0.0110509, 0.0391854, 0.0513067, 0.110065, 0.137015, 0.150989, 0.351432, 0.247566, 1, 

74,1310,0.001, 0.0141455, 0.0218816, 0.0456565, 0.126535, 0.171676, 0.223503, 0.360442, 0.365705, 0.652303, 0.7728, 1, 

69,1568,0.001, 0.0141455, 0.0218816, 0.0456565, 0.126535, 0.171676, 0.17776, 0.247358, 0.993654, 1, 

72,1373,0.001, 0.0110509, 0.0218816, 0.0456565, 0.126535, 0.126535, 0.171676, 0.223503, 0.360442, 0.845754, 0.979017, 1, 

67,1642,0.001, 0.0110509, 0.0391854, 0.0456565, 0.126535, 0.171676, 0.223503, 0.360442, 0.215567, 1, 

Generation #25
70,1427,0.001, 0.0110509, 0.0391854, 0.0513067, 0.110065, 0.137015, 0.150989, 0.351432, 0.247566, 1, 

69,1568,0.001, 0.0141455, 0.0218816, 0.0456565, 0.126535, 0.171676, 0.17776, 0.247358, 0.993654, 1, 

72,1373,0.001, 0.0110509, 0.0218816, 0.0456565, 0.126535, 0.126535, 0.171676, 0.223503, 0.360442, 0.845754, 0.979017, 1, 

67,1642,0.001, 0.0110509, 0.0391854, 0.0456565, 0.126535, 0.171676, 0.223503, 0.360442, 0.215567, 1, 

73,1262,0.001, 0.0110509, 0.0391854, 0.0698214, 0.10015, 0.173493, 0.182069, 0.201765, 0.215415, 0.215567, 1, 

Generation #26
70,1427,0.001, 0.0110509, 0.0391854, 0.0513067, 0.110065, 0.137015, 0.150989, 0.351432, 0.247566, 1, 

69,1568,0.001, 0.0141455, 0.0218816, 0.0456565, 0.126535, 0.171676, 0.17776, 0.247358, 0.993654, 1, 

72,1373,0.001, 0.0110509, 0.0218816, 0.0456565, 0.126535, 0.126535, 0.171676, 0.223503, 0.360442, 0.845754, 0.979017, 1, 

67,1642,0.001, 0.0110509, 0.0391854, 0.0456565, 0.126535, 0.171676, 0.223503, 0.360442, 0.215567, 1, 

73,1262,0.001, 0.0110509, 0.0391854, 0.0698214, 0.10015, 0.173493, 0.182069, 0.201765, 0.215415, 0.215567, 1, 

Generation #27
70,1427,0.001, 0.0110509, 0.0391854, 0.0513067, 0.110065, 0.137015, 0.150989, 0.351432, 0.247566, 1, 

69,1568,0.001, 0.0141455, 0.0218816, 0.0456565, 0.126535, 0.171676, 0.17776, 0.247358, 0.993654, 1, 

72,1373,0.001, 0.0110509, 0.0218816, 0.0456565, 0.126535, 0.126535, 0.171676, 0.223503, 0.360442, 0.845754, 0.979017, 1, 

67,1642,0.001, 0.0110509, 0.0391854, 0.0456565, 0.126535, 0.171676, 0.223503, 0.360442, 0.215567, 1, 

73,1262,0.001, 0.0110509, 0.0391854, 0.0698214, 0.10015, 0.173493, 0.182069, 0.201765, 0.215415, 0.215567, 1, 

Generation #28
70,1427,0.001, 0.0110509, 0.0391854, 0.0513067, 0.110065, 0.137015, 0.150989, 0.351432, 0.247566, 1, 

69,1568,0.001, 0.0141455, 0.0218816, 0.0456565, 0.126535, 0.171676, 0.17776, 0.247358, 0.993654, 1, 

72,1373,0.001, 0.0110509, 0.0218816, 0.0456565, 0.126535, 0.126535, 0.171676, 0.223503, 0.360442, 0.845754, 0.979017, 1, 

67,1642,0.001, 0.0110509, 0.0391854, 0.0456565, 0.126535, 0.171676, 0.223503, 0.360442, 0.215567, 1, 

73,1262,0.001, 0.0110509, 0.0391854, 0.0698214, 0.10015, 0.173493, 0.182069, 0.201765, 0.215415, 0.215567, 1, 

Generation #29
70,1427,0.001, 0.0110509, 0.0391854, 0.0513067, 0.110065, 0.137015, 0.150989, 0.351432, 0.247566, 1, 

69,1568,0.001, 0.0141455, 0.0218816, 0.0456565, 0.126535, 0.171676, 0.17776, 0.247358, 0.993654, 1, 

72,1373,0.001, 0.0110509, 0.0218816, 0.0456565, 0.126535, 0.126535, 0.171676, 0.223503, 0.360442, 0.845754, 0.979017, 1, 

67,1642,0.001, 0.0110509, 0.0391854, 0.0456565, 0.126535, 0.171676, 0.223503, 0.360442, 0.215567, 1, 

73,1262,0.001, 0.0110509, 0.0391854, 0.0698214, 0.10015, 0.173493, 0.182069, 0.201765, 0.215415, 0.215567, 1, 

Generation #30
70,1427,0.001, 0.0110509, 0.0391854, 0.0513067, 0.110065, 0.137015, 0.150989, 0.351432, 0.247566, 1, 

69,1568,0.001, 0.0141455, 0.0218816, 0.0456565, 0.126535, 0.171676, 0.17776, 0.247358, 0.993654, 1, 

72,1373,0.001, 0.0110509, 0.0218816, 0.0456565, 0.126535, 0.126535, 0.171676, 0.223503, 0.360442, 0.845754, 0.979017, 1, 

67,1642,0.001, 0.0110509, 0.0391854, 0.0456565, 0.126535, 0.171676, 0.223503, 0.360442, 0.215567, 1, 

73,1262,0.001, 0.0110509, 0.0391854, 0.0698214, 0.10015, 0.173493, 0.182069, 0.201765, 0.215415, 0.215567, 1, 

Generation #31
70,1427,0.001, 0.0110509, 0.0391854, 0.0513067, 0.110065, 0.137015, 0.150989, 0.351432, 0.247566, 1, 

72,1373,0.001, 0.0110509, 0.0218816, 0.0456565, 0.126535, 0.126535, 0.171676, 0.223503, 0.360442, 0.845754, 0.979017, 1, 

67,1642,0.001, 0.0110509, 0.0391854, 0.0456565, 0.126535, 0.171676, 0.223503, 0.360442, 0.215567, 1, 

73,1262,0.001, 0.0110509, 0.0391854, 0.0698214, 0.10015, 0.173493, 0.182069, 0.201765, 0.215415, 0.215567, 1, 

69,1559,0.001, 0.0110509, 0.0391854, 0.0698214, 0.10015, 0.137015, 0.150989, 0.317855, 0.485135, 0.357338, 1, 

Generation #32
70,1427,0.001, 0.0110509, 0.0391854, 0.0513067, 0.110065, 0.137015, 0.150989, 0.351432, 0.247566, 1, 

72,1373,0.001, 0.0110509, 0.0218816, 0.0456565, 0.126535, 0.126535, 0.171676, 0.223503, 0.360442, 0.845754, 0.979017, 1, 

67,1642,0.001, 0.0110509, 0.0391854, 0.0456565, 0.126535, 0.171676, 0.223503, 0.360442, 0.215567, 1, 

73,1262,0.001, 0.0110509, 0.0391854, 0.0698214, 0.10015, 0.173493, 0.182069, 0.201765, 0.215415, 0.215567, 1, 

69,1559,0.001, 0.0110509, 0.0391854, 0.0698214, 0.10015, 0.137015, 0.150989, 0.317855, 0.485135, 0.357338, 1, 

Generation #33
70,1427,0.001, 0.0110509, 0.0391854, 0.0513067, 0.110065, 0.137015, 0.150989, 0.351432, 0.247566, 1, 

67,1642,0.001, 0.0110509, 0.0391854, 0.0456565, 0.126535, 0.171676, 0.223503, 0.360442, 0.215567, 1, 

73,1262,0.001, 0.0110509, 0.0391854, 0.0698214, 0.10015, 0.173493, 0.182069, 0.201765, 0.215415, 0.215567, 1, 

69,1559,0.001, 0.0110509, 0.0391854, 0.0698214, 0.10015, 0.137015, 0.150989, 0.317855, 0.485135, 0.357338, 1, 

72,1336,0.001, 0.0141455, 0.0218816, 0.0456565, 0.0315024, 0.112512, 0.157387, 0.111008, 0.17776, 0.247566, 1, 

71,1395,0.001, 0.0110509, 0.0218816, 0.0456565, 0.112512, 0.13453, 0.171676, 0.223503, 0.215567, 1, 

Generation #34
70,1427,0.001, 0.0110509, 0.0391854, 0.0513067, 0.110065, 0.137015, 0.150989, 0.351432, 0.247566, 1, 

67,1642,0.001, 0.0110509, 0.0391854, 0.0456565, 0.126535, 0.171676, 0.223503, 0.360442, 0.215567, 1, 

73,1262,0.001, 0.0110509, 0.0391854, 0.0698214, 0.10015, 0.173493, 0.182069, 0.201765, 0.215415, 0.215567, 1, 

69,1559,0.001, 0.0110509, 0.0391854, 0.0698214, 0.10015, 0.137015, 0.150989, 0.317855, 0.485135, 0.357338, 1, 

72,1336,0.001, 0.0141455, 0.0218816, 0.0456565, 0.0315024, 0.112512, 0.157387, 0.111008, 0.17776, 0.247566, 1, 

71,1395,0.001, 0.0110509, 0.0218816, 0.0456565, 0.112512, 0.13453, 0.171676, 0.223503, 0.215567, 1, 

Generation #35
70,1427,0.001, 0.0110509, 0.0391854, 0.0513067, 0.110065, 0.137015, 0.150989, 0.351432, 0.247566, 1, 

67,1642,0.001, 0.0110509, 0.0391854, 0.0456565, 0.126535, 0.171676, 0.223503, 0.360442, 0.215567, 1, 

73,1262,0.001, 0.0110509, 0.0391854, 0.0698214, 0.10015, 0.173493, 0.182069, 0.201765, 0.215415, 0.215567, 1, 

69,1559,0.001, 0.0110509, 0.0391854, 0.0698214, 0.10015, 0.137015, 0.150989, 0.317855, 0.485135, 0.357338, 1, 

72,1336,0.001, 0.0141455, 0.0218816, 0.0456565, 0.0315024, 0.112512, 0.157387, 0.111008, 0.17776, 0.247566, 1, 

71,1365,0.001, 0.0141455, 0.0391854, 0.0456565, 0.10015, 0.173493, 0.182069, 0.201765, 0.441061, 1, 

Generation #36
70,1427,0.001, 0.0110509, 0.0391854, 0.0513067, 0.110065, 0.137015, 0.150989, 0.351432, 0.247566, 1, 

67,1642,0.001, 0.0110509, 0.0391854, 0.0456565, 0.126535, 0.171676, 0.223503, 0.360442, 0.215567, 1, 

73,1262,0.001, 0.0110509, 0.0391854, 0.0698214, 0.10015, 0.173493, 0.182069, 0.201765, 0.215415, 0.215567, 1, 

69,1559,0.001, 0.0110509, 0.0391854, 0.0698214, 0.10015, 0.137015, 0.150989, 0.317855, 0.485135, 0.357338, 1, 

72,1336,0.001, 0.0141455, 0.0218816, 0.0456565, 0.0315024, 0.112512, 0.157387, 0.111008, 0.17776, 0.247566, 1, 

71,1365,0.001, 0.0141455, 0.0391854, 0.0456565, 0.10015, 0.173493, 0.182069, 0.201765, 0.441061, 1, 

Generation #37
70,1427,0.001, 0.0110509, 0.0391854, 0.0513067, 0.110065, 0.137015, 0.150989, 0.351432, 0.247566, 1, 

67,1642,0.001, 0.0110509, 0.0391854, 0.0456565, 0.126535, 0.171676, 0.223503, 0.360442, 0.215567, 1, 

73,1262,0.001, 0.0110509, 0.0391854, 0.0698214, 0.10015, 0.173493, 0.182069, 0.201765, 0.215415, 0.215567, 1, 

69,1559,0.001, 0.0110509, 0.0391854, 0.0698214, 0.10015, 0.137015, 0.150989, 0.317855, 0.485135, 0.357338, 1, 

72,1336,0.001, 0.0141455, 0.0218816, 0.0456565, 0.0315024, 0.112512, 0.157387, 0.111008, 0.17776, 0.247566, 1, 

71,1365,0.001, 0.0141455, 0.0391854, 0.0456565, 0.10015, 0.173493, 0.182069, 0.201765, 0.441061, 1, 

Generation #38
70,1427,0.001, 0.0110509, 0.0391854, 0.0513067, 0.110065, 0.137015, 0.150989, 0.351432, 0.247566, 1, 

67,1642,0.001, 0.0110509, 0.0391854, 0.0456565, 0.126535, 0.171676, 0.223503, 0.360442, 0.215567, 1, 

73,1262,0.001, 0.0110509, 0.0391854, 0.0698214, 0.10015, 0.173493, 0.182069, 0.201765, 0.215415, 0.215567, 1, 

69,1559,0.001, 0.0110509, 0.0391854, 0.0698214, 0.10015, 0.137015, 0.150989, 0.317855, 0.485135, 0.357338, 1, 

72,1336,0.001, 0.0141455, 0.0218816, 0.0456565, 0.0315024, 0.112512, 0.157387, 0.111008, 0.17776, 0.247566, 1, 

71,1365,0.001, 0.0141455, 0.0391854, 0.0456565, 0.10015, 0.173493, 0.182069, 0.201765, 0.441061, 1, 

68,1639,0.001, 0.0141455, 0.0218816, 0.0456565, 0.126535, 0.171676, 0.223503, 0.201765, 0.441061, 1, 

Generation #39
70,1427,0.001, 0.0110509, 0.0391854, 0.0513067, 0.110065, 0.137015, 0.150989, 0.351432, 0.247566, 1, 

67,1642,0.001, 0.0110509, 0.0391854, 0.0456565, 0.126535, 0.171676, 0.223503, 0.360442, 0.215567, 1, 

73,1262,0.001, 0.0110509, 0.0391854, 0.0698214, 0.10015, 0.173493, 0.182069, 0.201765, 0.215415, 0.215567, 1, 

72,1336,0.001, 0.0141455, 0.0218816, 0.0456565, 0.0315024, 0.112512, 0.157387, 0.111008, 0.17776, 0.247566, 1, 

71,1365,0.001, 0.0141455, 0.0391854, 0.0456565, 0.10015, 0.173493, 0.182069, 0.201765, 0.441061, 1, 

68,1639,0.001, 0.0141455, 0.0218816, 0.0456565, 0.126535, 0.171676, 0.223503, 0.201765, 0.441061, 1, 

69,1540,0.001, 0.0141455, 0.0218816, 0.0456565, 0.0315024, 0.112512, 0.157387, 0.111008, 0.17776, 0.247566, 1, 

Generation #40
70,1427,0.001, 0.0110509, 0.0391854, 0.0513067, 0.110065, 0.137015, 0.150989, 0.351432, 0.247566, 1, 

67,1642,0.001, 0.0110509, 0.0391854, 0.0456565, 0.126535, 0.171676, 0.223503, 0.360442, 0.215567, 1, 

73,1262,0.001, 0.0110509, 0.0391854, 0.0698214, 0.10015, 0.173493, 0.182069, 0.201765, 0.215415, 0.215567, 1, 

72,1336,0.001, 0.0141455, 0.0218816, 0.0456565, 0.0315024, 0.112512, 0.157387, 0.111008, 0.17776, 0.247566, 1, 

71,1365,0.001, 0.0141455, 0.0391854, 0.0456565, 0.10015, 0.173493, 0.182069, 0.201765, 0.441061, 1, 

68,1639,0.001, 0.0141455, 0.0218816, 0.0456565, 0.126535, 0.171676, 0.223503, 0.201765, 0.441061, 1, 

69,1540,0.001, 0.0141455, 0.0218816, 0.0456565, 0.0315024, 0.112512, 0.157387, 0.111008, 0.17776, 0.247566, 1, 

Generation #41
73,1262,0.001, 0.0110509, 0.0391854, 0.0698214, 0.10015, 0.173493, 0.182069, 0.201765, 0.215415, 0.215567, 1, 

66,1497,0.001, 0.0141455, 0.0218816, 0.0456565, 0.10015, 0.173493, 0.182069, 0.201765, 0.215567, 1, 

68,1308,0.001, 0.0141455, 0.0218816, 0.0456565, 0.126535, 0.171676, 0.182069, 0.201765, 0.215567, 1, 

Generation #42
73,1262,0.001, 0.0110509, 0.0391854, 0.0698214, 0.10015, 0.173493, 0.182069, 0.201765, 0.215415, 0.215567, 1, 

66,1497,0.001, 0.0141455, 0.0218816, 0.0456565, 0.10015, 0.173493, 0.182069, 0.201765, 0.215567, 1, 

68,1308,0.001, 0.0141455, 0.0218816, 0.0456565, 0.126535, 0.171676, 0.182069, 0.201765, 0.215567, 1, 

Generation #43
73,1262,0.001, 0.0110509, 0.0391854, 0.0698214, 0.10015, 0.173493, 0.182069, 0.201765, 0.215415, 0.215567, 1, 

66,1497,0.001, 0.0141455, 0.0218816, 0.0456565, 0.10015, 0.173493, 0.182069, 0.201765, 0.215567, 1, 

68,1308,0.001, 0.0141455, 0.0218816, 0.0456565, 0.126535, 0.171676, 0.182069, 0.201765, 0.215567, 1, 

Generation #44
73,1262,0.001, 0.0110509, 0.0391854, 0.0698214, 0.10015, 0.173493, 0.182069, 0.201765, 0.215415, 0.215567, 1, 

66,1497,0.001, 0.0141455, 0.0218816, 0.0456565, 0.10015, 0.173493, 0.182069, 0.201765, 0.215567, 1, 

68,1308,0.001, 0.0141455, 0.0218816, 0.0456565, 0.126535, 0.171676, 0.182069, 0.201765, 0.215567, 1, 

Generation #45
73,1262,0.001, 0.0110509, 0.0391854, 0.0698214, 0.10015, 0.173493, 0.182069, 0.201765, 0.215415, 0.215567, 1, 

66,1497,0.001, 0.0141455, 0.0218816, 0.0456565, 0.10015, 0.173493, 0.182069, 0.201765, 0.215567, 1, 

68,1308,0.001, 0.0141455, 0.0218816, 0.0456565, 0.126535, 0.171676, 0.182069, 0.201765, 0.215567, 1, 

Generation #46
73,1262,0.001, 0.0110509, 0.0391854, 0.0698214, 0.10015, 0.173493, 0.182069, 0.201765, 0.215415, 0.215567, 1, 

66,1497,0.001, 0.0141455, 0.0218816, 0.0456565, 0.10015, 0.173493, 0.182069, 0.201765, 0.215567, 1, 

68,1308,0.001, 0.0141455, 0.0218816, 0.0456565, 0.126535, 0.171676, 0.182069, 0.201765, 0.215567, 1, 

Generation #47
73,1262,0.001, 0.0110509, 0.0391854, 0.0698214, 0.10015, 0.173493, 0.182069, 0.201765, 0.215415, 0.215567, 1, 

66,1497,0.001, 0.0141455, 0.0218816, 0.0456565, 0.10015, 0.173493, 0.182069, 0.201765, 0.215567, 1, 

68,1308,0.001, 0.0141455, 0.0218816, 0.0456565, 0.126535, 0.171676, 0.182069, 0.201765, 0.215567, 1, 

Generation #48
73,1262,0.001, 0.0110509, 0.0391854, 0.0698214, 0.10015, 0.173493, 0.182069, 0.201765, 0.215415, 0.215567, 1, 

66,1497,0.001, 0.0141455, 0.0218816, 0.0456565, 0.10015, 0.173493, 0.182069, 0.201765, 0.215567, 1, 

68,1308,0.001, 0.0141455, 0.0218816, 0.0456565, 0.126535, 0.171676, 0.182069, 0.201765, 0.215567, 1, 

72,1276,0.001, 0.0110509, 0.0218816, 0.0456565, 0.126535, 0.126535, 0.171676, 0.360442, 0.215567, 1, 

Generation #49
73,1262,0.001, 0.0110509, 0.0391854, 0.0698214, 0.10015, 0.173493, 0.182069, 0.201765, 0.215415, 0.215567, 1, 

66,1497,0.001, 0.0141455, 0.0218816, 0.0456565, 0.10015, 0.173493, 0.182069, 0.201765, 0.215567, 1, 

68,1308,0.001, 0.0141455, 0.0218816, 0.0456565, 0.126535, 0.171676, 0.182069, 0.201765, 0.215567, 1, 

72,1276,0.001, 0.0110509, 0.0218816, 0.0456565, 0.126535, 0.126535, 0.171676, 0.360442, 0.215567, 1, 

--- Pareto Front Solutions ---
Solution 0: N total=118 (N_initial=45, N_added=73), Time total=1279 ms, Saved to: ./results/Wireless_t2_l1_pareto_0.csv, percents=0.001, 0.0110509, 0.0391854, 0.0698214, 0.10015, 0.173493, 0.182069, 0.201765, 0.215415, 0.215567, 1, 

Solution 1: N total=111 (N_initial=45, N_added=66), Time total=1514 ms, Saved to: ./results/Wireless_t2_l1_pareto_1.csv, percents=0.001, 0.0141455, 0.0218816, 0.0456565, 0.10015, 0.173493, 0.182069, 0.201765, 0.215567, 1, 

Solution 2: N total=113 (N_initial=45, N_added=68), Time total=1325 ms, Saved to: ./results/Wireless_t2_l1_pareto_2.csv, percents=0.001, 0.0141455, 0.0218816, 0.0456565, 0.126535, 0.171676, 0.182069, 0.201765, 0.215567, 1, 

Solution 3: N total=117 (N_initial=45, N_added=72), Time total=1293 ms, Saved to: ./results/Wireless_t2_l1_pareto_3.csv, percents=0.001, 0.0110509, 0.0218816, 0.0456565, 0.126535, 0.126535, 0.171676, 0.360442, 0.215567, 1, 

------------d=1, t=2, lambda=2, filename=./evaluation/Wireless/Wireless_2_2.csv------------
Grouping d-sets by partitioned row counts for detecting arrays...
Ready to look at pairs for detecting arrays...
First Stage N=80, Time=10
There are 10920 remaining non-locating pairs
--- Running GA Algorithm (phase2) ---
Running GA with std::execution::par
Generation #0
74,746,0.001, 0.0328023, 0.0358109, 0.0361856, 0.0381412, 0.0408665, 0.0921258, 0.135656, 0.172472, 0.194368, 0.288187, 0.347703, 0.351513, 0.364956, 0.381061, 0.395492, 0.413492, 0.464288, 0.522056, 0.581886, 0.704939, 0.716943, 0.836549, 0.851398, 0.874609, 0.89303, 0.894309, 0.927686, 1, 

73,913,0.001, 0.0210073, 0.0256153, 0.0661401, 0.0699668, 0.119818, 0.123252, 0.207949, 0.233367, 0.239953, 0.248412, 0.286285, 0.388369, 0.46433, 0.480763, 0.490522, 0.499702, 0.550411, 0.567533, 0.635411, 0.702822, 0.711503, 0.722848, 0.869359, 1, 

68,944,0.001, 0.00800397, 0.0119017, 0.0133429, 0.0328278, 0.0567403, 0.107721, 0.176121, 0.178932, 0.214055, 0.305675, 0.350695, 0.487474, 0.557011, 0.651444, 0.677027, 0.714534, 0.751239, 0.809747, 0.813557, 0.90722, 1, 

63,1519,0.001, 0.0683821, 0.0714073, 0.0750058, 0.0863246, 0.513021, 0.53819, 0.55156, 0.596591, 0.752462, 0.810948, 0.834217, 1, 

71,928,0.001, 0.0474235, 0.0514666, 0.06746, 0.125615, 0.210783, 0.254445, 0.262372, 0.270025, 0.316152, 0.383813, 0.388623, 0.436813, 0.482014, 0.60594, 0.649794, 0.727612, 0.771736, 0.793066, 0.859562, 0.894191, 0.923432, 1, 

66,1064,0.001, 0.0608037, 0.121935, 0.147395, 0.175543, 0.28391, 0.367241, 0.559546, 0.674693, 0.708672, 0.710004, 0.738663, 0.81742, 0.90425, 0.943436, 0.947068, 0.965864, 1, 

Generation #1
62,952,0.001, 0.00800397, 0.0119017, 0.0133429, 0.0328278, 0.0567403, 0.107721, 0.176121, 0.178932, 0.940682, 1, 

71,734,0.001, 0.00800397, 0.0119017, 0.0133429, 0.0328278, 0.0567403, 0.107721, 0.176121, 0.178932, 0.214055, 0.305675, 0.487474, 0.557011, 0.651444, 0.677027, 0.714534, 0.751239, 0.734383, 0.736408, 0.833887, 0.853918, 0.891797, 1, 

60,2278,0.001, 0.139039, 0.14053, 0.259792, 0.281127, 0.521928, 0.580733, 0.690021, 0.702816, 0.706445, 0.736595, 0.768563, 1, 

66,872,0.001, 0.0210073, 0.0256153, 0.0661401, 0.0699668, 0.119818, 0.123252, 0.207949, 0.233367, 0.239953, 0.248412, 0.286285, 0.774607, 0.783019, 0.923085, 0.957769, 1, 

67,769,0.001, 0.0185186, 0.0269317, 0.0398028, 0.0946292, 0.103858, 0.140248, 0.325542, 0.578378, 0.591571, 0.698348, 0.974481, 0.811297, 0.868144, 0.890167, 0.902067, 0.97705, 1, 

Generation #2
71,734,0.001, 0.00800397, 0.0119017, 0.0133429, 0.0328278, 0.0567403, 0.107721, 0.176121, 0.178932, 0.214055, 0.305675, 0.487474, 0.557011, 0.651444, 0.677027, 0.714534, 0.751239, 0.734383, 0.736408, 0.833887, 0.853918, 0.891797, 1, 

60,2278,0.001, 0.139039, 0.14053, 0.259792, 0.281127, 0.521928, 0.580733, 0.690021, 0.702816, 0.706445, 0.736595, 0.768563, 1, 

67,769,0.001, 0.0185186, 0.0269317, 0.0398028, 0.0946292, 0.103858, 0.140248, 0.325542, 0.578378, 0.591571, 0.698348, 0.974481, 0.811297, 0.868144, 0.890167, 0.902067, 0.97705, 1, 

61,907,0.001, 0.0210073, 0.0256153, 0.0661401, 0.0699668, 0.119818, 0.123252, 0.207949, 0.233367, 0.239953, 0.248412, 1, 

66,790,0.001, 0.0185186, 0.0269317, 0.0398028, 0.0946292, 0.103858, 0.140248, 0.325542, 0.578378, 0.591571, 0.838277, 0.854459, 0.887395, 1, 

Generation #3
58,809,0.001, 0.0321581, 0.03462, 0.0419655, 0.0659902, 0.0567403, 0.107721, 0.176121, 0.178932, 0.940682, 1, 

63,719,0.001, 0.00800397, 0.0119017, 0.0133429, 0.0328278, 0.0567403, 0.107721, 0.176121, 0.178932, 0.214055, 0.305675, 0.487474, 1, 

60,771,0.001, 0.0321581, 0.03462, 0.0419655, 0.0659902, 0.102575, 0.103089, 0.160543, 0.166417, 0.404488, 1, 

Generation #4
58,809,0.001, 0.0321581, 0.03462, 0.0419655, 0.0659902, 0.0567403, 0.107721, 0.176121, 0.178932, 0.940682, 1, 

63,719,0.001, 0.00800397, 0.0119017, 0.0133429, 0.0328278, 0.0567403, 0.107721, 0.176121, 0.178932, 0.214055, 0.305675, 0.487474, 1, 

59,732,0.001, 0.0321581, 0.03462, 0.0419655, 0.0659902, 0.102575, 0.103089, 0.160543, 0.166417, 0.247122, 0.807526, 0.992253, 1, 

76,688,0.001, 0.0210073, 0.0256153, 0.0419655, 0.0659902, 0.102575, 0.103089, 0.160543, 0.166417, 0.247122, 0.303307, 0.305642, 0.359215, 0.445627, 0.44882, 0.455665, 0.483961, 0.491985, 0.638888, 0.663457, 0.680078, 0.717909, 0.736865, 0.815098, 0.819144, 0.923435, 0.981672, 1, 

Generation #5
58,809,0.001, 0.0321581, 0.03462, 0.0419655, 0.0659902, 0.0567403, 0.107721, 0.176121, 0.178932, 0.940682, 1, 

63,719,0.001, 0.00800397, 0.0119017, 0.0133429, 0.0328278, 0.0567403, 0.107721, 0.176121, 0.178932, 0.214055, 0.305675, 0.487474, 1, 

59,732,0.001, 0.0321581, 0.03462, 0.0419655, 0.0659902, 0.102575, 0.103089, 0.160543, 0.166417, 0.247122, 0.807526, 0.992253, 1, 

76,688,0.001, 0.0210073, 0.0256153, 0.0419655, 0.0659902, 0.102575, 0.103089, 0.160543, 0.166417, 0.247122, 0.303307, 0.305642, 0.359215, 0.445627, 0.44882, 0.455665, 0.483961, 0.491985, 0.638888, 0.663457, 0.680078, 0.717909, 0.736865, 0.815098, 0.819144, 0.923435, 0.981672, 1, 

65,704,0.001, 0.0345009, 0.0119017, 0.0133429, 0.0328278, 0.0567403, 0.107721, 0.150386, 0.166075, 0.212126, 0.221181, 0.26106, 0.320965, 0.783019, 0.923085, 0.957769, 1, 

Generation #6
58,809,0.001, 0.0321581, 0.03462, 0.0419655, 0.0659902, 0.0567403, 0.107721, 0.176121, 0.178932, 0.940682, 1, 

63,719,0.001, 0.00800397, 0.0119017, 0.0133429, 0.0328278, 0.0567403, 0.107721, 0.176121, 0.178932, 0.214055, 0.305675, 0.487474, 1, 

59,732,0.001, 0.0321581, 0.03462, 0.0419655, 0.0659902, 0.102575, 0.103089, 0.160543, 0.166417, 0.247122, 0.807526, 0.992253, 1, 

65,590,0.001, 0.00800397, 0.0119017, 0.0133429, 0.0328278, 0.0567403, 0.107721, 0.135656, 0.178932, 0.214055, 0.305675, 0.350695, 0.487474, 0.651444, 0.677027, 0.714534, 0.751239, 0.809747, 0.813557, 0.90722, 1, 

Generation #7
65,590,0.001, 0.00800397, 0.0119017, 0.0133429, 0.0328278, 0.0567403, 0.107721, 0.135656, 0.178932, 0.214055, 0.305675, 0.350695, 0.487474, 0.651444, 0.677027, 0.714534, 0.751239, 0.809747, 0.813557, 0.90722, 1, 

62,654,0.001, 0.0210073, 0.0256153, 0.0419655, 0.0659902, 0.102575, 0.103089, 0.160543, 0.166417, 0.404488, 1, 

64,642,0.001, 0.0369795, 0.04078, 0.0133429, 0.0328278, 0.0567403, 0.107721, 0.176121, 0.178932, 0.214055, 0.305675, 0.350695, 0.487474, 0.651444, 0.677027, 0.714534, 0.751239, 0.809747, 0.813557, 0.90722, 1, 

58,714,0.001, 0.00800397, 0.0119017, 0.0133429, 0.0328278, 0.0567403, 0.107721, 0.176121, 0.178932, 0.214055, 0.305675, 0.487474, 1, 

Generation #8
65,590,0.001, 0.00800397, 0.0119017, 0.0133429, 0.0328278, 0.0567403, 0.107721, 0.135656, 0.178932, 0.214055, 0.305675, 0.350695, 0.487474, 0.651444, 0.677027, 0.714534, 0.751239, 0.809747, 0.813557, 0.90722, 1, 

62,654,0.001, 0.0210073, 0.0256153, 0.0419655, 0.0659902, 0.102575, 0.103089, 0.160543, 0.166417, 0.404488, 1, 

64,642,0.001, 0.0369795, 0.04078, 0.0133429, 0.0328278, 0.0567403, 0.107721, 0.176121, 0.178932, 0.214055, 0.305675, 0.350695, 0.487474, 0.651444, 0.677027, 0.714534, 0.751239, 0.809747, 0.813557, 0.90722, 1, 

58,714,0.001, 0.00800397, 0.0119017, 0.0133429, 0.0328278, 0.0567403, 0.107721, 0.176121, 0.178932, 0.214055, 0.305675, 0.487474, 1, 

57,778,0.001, 0.0345009, 0.0119017, 0.0133429, 0.0328278, 0.0567403, 0.107721, 0.176121, 0.178932, 0.214055, 0.305675, 0.487474, 1, 

Generation #9
65,590,0.001, 0.00800397, 0.0119017, 0.0133429, 0.0328278, 0.0567403, 0.107721, 0.135656, 0.178932, 0.214055, 0.305675, 0.350695, 0.487474, 0.651444, 0.677027, 0.714534, 0.751239, 0.809747, 0.813557, 0.90722, 1, 

58,714,0.001, 0.00800397, 0.0119017, 0.0133429, 0.0328278, 0.0567403, 0.107721, 0.176121, 0.178932, 0.214055, 0.305675, 0.487474, 1, 

57,778,0.001, 0.0345009, 0.0119017, 0.0133429, 0.0328278, 0.0567403, 0.107721, 0.176121, 0.178932, 0.214055, 0.305675, 0.487474, 1, 

59,654,0.001, 0.00800397, 0.0119017, 0.0133429, 0.0328278, 0.0567403, 0.107721, 0.160543, 0.166417, 0.247122, 0.807526, 0.992253, 1, 

60,633,0.001, 0.00800397, 0.0119017, 0.0133429, 0.0328278, 0.0567403, 0.107721, 0.176121, 0.178932, 0.214055, 1, 

Generation #10
65,590,0.001, 0.00800397, 0.0119017, 0.0133429, 0.0328278, 0.0567403, 0.107721, 0.135656, 0.178932, 0.214055, 0.305675, 0.350695, 0.487474, 0.651444, 0.677027, 0.714534, 0.751239, 0.809747, 0.813557, 0.90722, 1, 

58,714,0.001, 0.00800397, 0.0119017, 0.0133429, 0.0328278, 0.0567403, 0.107721, 0.176121, 0.178932, 0.214055, 0.305675, 0.487474, 1, 

59,654,0.001, 0.00800397, 0.0119017, 0.0133429, 0.0328278, 0.0567403, 0.107721, 0.160543, 0.166417, 0.247122, 0.807526, 0.992253, 1, 

60,633,0.001, 0.00800397, 0.0119017, 0.0133429, 0.0328278, 0.0567403, 0.107721, 0.176121, 0.178932, 0.214055, 1, 

57,717,0.001, 0.0321581, 0.03462, 0.0419655, 0.0328278, 0.0567403, 0.107721, 0.176121, 0.178932, 0.214055, 0.305675, 0.487474, 1, 

Generation #11
65,590,0.001, 0.00800397, 0.0119017, 0.0133429, 0.0328278, 0.0567403, 0.107721, 0.135656, 0.178932, 0.214055, 0.305675, 0.350695, 0.487474, 0.651444, 0.677027, 0.714534, 0.751239, 0.809747, 0.813557, 0.90722, 1, 

58,714,0.001, 0.00800397, 0.0119017, 0.0133429, 0.0328278, 0.0567403, 0.107721, 0.176121, 0.178932, 0.214055, 0.305675, 0.487474, 1, 

59,654,0.001, 0.00800397, 0.0119017, 0.0133429, 0.0328278, 0.0567403, 0.107721, 0.160543, 0.166417, 0.247122, 0.807526, 0.992253, 1, 

60,633,0.001, 0.00800397, 0.0119017, 0.0133429, 0.0328278, 0.0567403, 0.107721, 0.176121, 0.178932, 0.214055, 1, 

57,717,0.001, 0.0321581, 0.03462, 0.0419655, 0.0328278, 0.0567403, 0.107721, 0.176121, 0.178932, 0.214055, 0.305675, 0.487474, 1, 

Generation #12
65,590,0.001, 0.00800397, 0.0119017, 0.0133429, 0.0328278, 0.0567403, 0.107721, 0.135656, 0.178932, 0.214055, 0.305675, 0.350695, 0.487474, 0.651444, 0.677027, 0.714534, 0.751239, 0.809747, 0.813557, 0.90722, 1, 

58,714,0.001, 0.00800397, 0.0119017, 0.0133429, 0.0328278, 0.0567403, 0.107721, 0.176121, 0.178932, 0.214055, 0.305675, 0.487474, 1, 

59,654,0.001, 0.00800397, 0.0119017, 0.0133429, 0.0328278, 0.0567403, 0.107721, 0.160543, 0.166417, 0.247122, 0.807526, 0.992253, 1, 

60,633,0.001, 0.00800397, 0.0119017, 0.0133429, 0.0328278, 0.0567403, 0.107721, 0.176121, 0.178932, 0.214055, 1, 

57,717,0.001, 0.0321581, 0.03462, 0.0419655, 0.0328278, 0.0567403, 0.107721, 0.176121, 0.178932, 0.214055, 0.305675, 0.487474, 1, 

Generation #13
65,590,0.001, 0.00800397, 0.0119017, 0.0133429, 0.0328278, 0.0567403, 0.107721, 0.135656, 0.178932, 0.214055, 0.305675, 0.350695, 0.487474, 0.651444, 0.677027, 0.714534, 0.751239, 0.809747, 0.813557, 0.90722, 1, 

58,714,0.001, 0.00800397, 0.0119017, 0.0133429, 0.0328278, 0.0567403, 0.107721, 0.176121, 0.178932, 0.214055, 0.305675, 0.487474, 1, 

59,654,0.001, 0.00800397, 0.0119017, 0.0133429, 0.0328278, 0.0567403, 0.107721, 0.160543, 0.166417, 0.247122, 0.807526, 0.992253, 1, 

60,633,0.001, 0.00800397, 0.0119017, 0.0133429, 0.0328278, 0.0567403, 0.107721, 0.176121, 0.178932, 0.214055, 1, 

57,717,0.001, 0.0321581, 0.03462, 0.0419655, 0.0328278, 0.0567403, 0.107721, 0.176121, 0.178932, 0.214055, 0.305675, 0.487474, 1, 

56,808,0.001, 0.00800397, 0.0119017, 0.0133429, 0.0328278, 0.0567403, 0.107721, 0.176121, 0.178932, 0.214055, 0.305675, 0.487474, 1, 

Generation #14
65,590,0.001, 0.00800397, 0.0119017, 0.0133429, 0.0328278, 0.0567403, 0.107721, 0.135656, 0.178932, 0.214055, 0.305675, 0.350695, 0.487474, 0.651444, 0.677027, 0.714534, 0.751239, 0.809747, 0.813557, 0.90722, 1, 

59,654,0.001, 0.00800397, 0.0119017, 0.0133429, 0.0328278, 0.0567403, 0.107721, 0.160543, 0.166417, 0.247122, 0.807526, 0.992253, 1, 

60,633,0.001, 0.00800397, 0.0119017, 0.0133429, 0.0328278, 0.0567403, 0.107721, 0.176121, 0.178932, 0.214055, 1, 

57,717,0.001, 0.0321581, 0.03462, 0.0419655, 0.0328278, 0.0567403, 0.107721, 0.176121, 0.178932, 0.214055, 0.305675, 0.487474, 1, 

56,808,0.001, 0.00800397, 0.0119017, 0.0133429, 0.0328278, 0.0567403, 0.107721, 0.176121, 0.178932, 0.214055, 0.305675, 0.487474, 1, 

58,704,0.001, 0.00800397, 0.0119017, 0.0133429, 0.0328278, 0.0567403, 0.107721, 0.176121, 0.178932, 0.214055, 0.305675, 0.487474, 1, 

Generation #15
65,590,0.001, 0.00800397, 0.0119017, 0.0133429, 0.0328278, 0.0567403, 0.107721, 0.135656, 0.178932, 0.214055, 0.305675, 0.350695, 0.487474, 0.651444, 0.677027, 0.714534, 0.751239, 0.809747, 0.813557, 0.90722, 1, 

59,654,0.001, 0.00800397, 0.0119017, 0.0133429, 0.0328278, 0.0567403, 0.107721, 0.160543, 0.166417, 0.247122, 0.807526, 0.992253, 1, 

60,633,0.001, 0.00800397, 0.0119017, 0.0133429, 0.0328278, 0.0567403, 0.107721, 0.176121, 0.178932, 0.214055, 1, 

55,754,0.001, 0.00800397, 0.0119017, 0.0133429, 0.0328278, 0.0567403, 0.107721, 0.135656, 0.178932, 0.248412, 1, 

57,681,0.001, 0.0328023, 0.0358109, 0.0361856, 0.0659902, 0.102575, 0.103089, 0.150386, 0.166075, 0.214055, 0.305675, 0.487474, 1, 

Generation #16
65,590,0.001, 0.00800397, 0.0119017, 0.0133429, 0.0328278, 0.0567403, 0.107721, 0.135656, 0.178932, 0.214055, 0.305675, 0.350695, 0.487474, 0.651444, 0.677027, 0.714534, 0.751239, 0.809747, 0.813557, 0.90722, 1, 

59,654,0.001, 0.00800397, 0.0119017, 0.0133429, 0.0328278, 0.0567403, 0.107721, 0.160543, 0.166417, 0.247122, 0.807526, 0.992253, 1, 

60,633,0.001, 0.00800397, 0.0119017, 0.0133429, 0.0328278, 0.0567403, 0.107721, 0.176121, 0.178932, 0.214055, 1, 

55,754,0.001, 0.00800397, 0.0119017, 0.0133429, 0.0328278, 0.0567403, 0.107721, 0.135656, 0.178932, 0.248412, 1, 

57,681,0.001, 0.0328023, 0.0358109, 0.0361856, 0.0659902, 0.102575, 0.103089, 0.150386, 0.166075, 0.214055, 0.305675, 0.487474, 1, 

Generation #17
65,590,0.001, 0.00800397, 0.0119017, 0.0133429, 0.0328278, 0.0567403, 0.107721, 0.135656, 0.178932, 0.214055, 0.305675, 0.350695, 0.487474, 0.651444, 0.677027, 0.714534, 0.751239, 0.809747, 0.813557, 0.90722, 1, 

59,654,0.001, 0.00800397, 0.0119017, 0.0133429, 0.0328278, 0.0567403, 0.107721, 0.160543, 0.166417, 0.247122, 0.807526, 0.992253, 1, 

60,633,0.001, 0.00800397, 0.0119017, 0.0133429, 0.0328278, 0.0567403, 0.107721, 0.176121, 0.178932, 0.214055, 1, 

55,754,0.001, 0.00800397, 0.0119017, 0.0133429, 0.0328278, 0.0567403, 0.107721, 0.135656, 0.178932, 0.248412, 1, 

57,681,0.001, 0.0328023, 0.0358109, 0.0361856, 0.0659902, 0.102575, 0.103089, 0.150386, 0.166075, 0.214055, 0.305675, 0.487474, 1, 

58,670,0.001, 0.0345009, 0.0119017, 0.0133429, 0.0328278, 0.0567403, 0.107721, 0.176121, 0.178932, 0.214055, 0.305675, 0.487474, 1, 

Generation #18
65,590,0.001, 0.00800397, 0.0119017, 0.0133429, 0.0328278, 0.0567403, 0.107721, 0.135656, 0.178932, 0.214055, 0.305675, 0.350695, 0.487474, 0.651444, 0.677027, 0.714534, 0.751239, 0.809747, 0.813557, 0.90722, 1, 

60,633,0.001, 0.00800397, 0.0119017, 0.0133429, 0.0328278, 0.0567403, 0.107721, 0.176121, 0.178932, 0.214055, 1, 

55,754,0.001, 0.00800397, 0.0119017, 0.0133429, 0.0328278, 0.0567403, 0.107721, 0.135656, 0.178932, 0.248412, 1, 

57,681,0.001, 0.0328023, 0.0358109, 0.0361856, 0.0659902, 0.102575, 0.103089, 0.150386, 0.166075, 0.214055, 0.305675, 0.487474, 1, 

58,670,0.001, 0.0345009, 0.0119017, 0.0133429, 0.0328278, 0.0567403, 0.107721, 0.176121, 0.178932, 0.214055, 0.305675, 0.487474, 1, 

59,651,0.001, 0.00800397, 0.0119017, 0.0133429, 0.0328278, 0.0567403, 0.0800601, 0.107721, 0.176121, 0.178932, 0.305675, 0.350695, 1, 

Generation #19
55,754,0.001, 0.00800397, 0.0119017, 0.0133429, 0.0328278, 0.0567403, 0.107721, 0.135656, 0.178932, 0.248412, 1, 

57,681,0.001, 0.0328023, 0.0358109, 0.0361856, 0.0659902, 0.102575, 0.103089, 0.150386, 0.166075, 0.214055, 0.305675, 0.487474, 1, 

58,586,0.001, 0.00800397, 0.0119017, 0.0133429, 0.0328278, 0.0567403, 0.107721, 0.176121, 0.178932, 0.214055, 0.305675, 0.487474, 1, 

Generation #20
55,754,0.001, 0.00800397, 0.0119017, 0.0133429, 0.0328278, 0.0567403, 0.107721, 0.135656, 0.178932, 0.248412, 1, 

57,681,0.001, 0.0328023, 0.0358109, 0.0361856, 0.0659902, 0.102575, 0.103089, 0.150386, 0.166075, 0.214055, 0.305675, 0.487474, 1, 

58,586,0.001, 0.00800397, 0.0119017, 0.0133429, 0.0328278, 0.0567403, 0.107721, 0.176121, 0.178932, 0.214055, 0.305675, 0.487474, 1, 

Generation #21
55,754,0.001, 0.00800397, 0.0119017, 0.0133429, 0.0328278, 0.0567403, 0.107721, 0.135656, 0.178932, 0.248412, 1, 

57,681,0.001, 0.0328023, 0.0358109, 0.0361856, 0.0659902, 0.102575, 0.103089, 0.150386, 0.166075, 0.214055, 0.305675, 0.487474, 1, 

58,586,0.001, 0.00800397, 0.0119017, 0.0133429, 0.0328278, 0.0567403, 0.107721, 0.176121, 0.178932, 0.214055, 0.305675, 0.487474, 1, 

Generation #22
55,754,0.001, 0.00800397, 0.0119017, 0.0133429, 0.0328278, 0.0567403, 0.107721, 0.135656, 0.178932, 0.248412, 1, 

57,681,0.001, 0.0328023, 0.0358109, 0.0361856, 0.0659902, 0.102575, 0.103089, 0.150386, 0.166075, 0.214055, 0.305675, 0.487474, 1, 

58,586,0.001, 0.00800397, 0.0119017, 0.0133429, 0.0328278, 0.0567403, 0.107721, 0.176121, 0.178932, 0.214055, 0.305675, 0.487474, 1, 

Generation #23
55,754,0.001, 0.00800397, 0.0119017, 0.0133429, 0.0328278, 0.0567403, 0.107721, 0.135656, 0.178932, 0.248412, 1, 

57,681,0.001, 0.0328023, 0.0358109, 0.0361856, 0.0659902, 0.102575, 0.103089, 0.150386, 0.166075, 0.214055, 0.305675, 0.487474, 1, 

58,586,0.001, 0.00800397, 0.0119017, 0.0133429, 0.0328278, 0.0567403, 0.107721, 0.176121, 0.178932, 0.214055, 0.305675, 0.487474, 1, 

Generation #24
55,754,0.001, 0.00800397, 0.0119017, 0.0133429, 0.0328278, 0.0567403, 0.107721, 0.135656, 0.178932, 0.248412, 1, 

57,681,0.001, 0.0328023, 0.0358109, 0.0361856, 0.0659902, 0.102575, 0.103089, 0.150386, 0.166075, 0.214055, 0.305675, 0.487474, 1, 

58,586,0.001, 0.00800397, 0.0119017, 0.0133429, 0.0328278, 0.0567403, 0.107721, 0.176121, 0.178932, 0.214055, 0.305675, 0.487474, 1, 

Generation #25
55,754,0.001, 0.00800397, 0.0119017, 0.0133429, 0.0328278, 0.0567403, 0.107721, 0.135656, 0.178932, 0.248412, 1, 

57,681,0.001, 0.0328023, 0.0358109, 0.0361856, 0.0659902, 0.102575, 0.103089, 0.150386, 0.166075, 0.214055, 0.305675, 0.487474, 1, 

58,586,0.001, 0.00800397, 0.0119017, 0.0133429, 0.0328278, 0.0567403, 0.107721, 0.176121, 0.178932, 0.214055, 0.305675, 0.487474, 1, 

Generation #26
55,754,0.001, 0.00800397, 0.0119017, 0.0133429, 0.0328278, 0.0567403, 0.107721, 0.135656, 0.178932, 0.248412, 1, 

57,681,0.001, 0.0328023, 0.0358109, 0.0361856, 0.0659902, 0.102575, 0.103089, 0.150386, 0.166075, 0.214055, 0.305675, 0.487474, 1, 

58,586,0.001, 0.00800397, 0.0119017, 0.0133429, 0.0328278, 0.0567403, 0.107721, 0.176121, 0.178932, 0.214055, 0.305675, 0.487474, 1, 

Generation #27
55,754,0.001, 0.00800397, 0.0119017, 0.0133429, 0.0328278, 0.0567403, 0.107721, 0.135656, 0.178932, 0.248412, 1, 

57,681,0.001, 0.0328023, 0.0358109, 0.0361856, 0.0659902, 0.102575, 0.103089, 0.150386, 0.166075, 0.214055, 0.305675, 0.487474, 1, 

58,586,0.001, 0.00800397, 0.0119017, 0.0133429, 0.0328278, 0.0567403, 0.107721, 0.176121, 0.178932, 0.214055, 0.305675, 0.487474, 1, 

Generation #28
55,754,0.001, 0.00800397, 0.0119017, 0.0133429, 0.0328278, 0.0567403, 0.107721, 0.135656, 0.178932, 0.248412, 1, 

57,681,0.001, 0.0328023, 0.0358109, 0.0361856, 0.0659902, 0.102575, 0.103089, 0.150386, 0.166075, 0.214055, 0.305675, 0.487474, 1, 

58,586,0.001, 0.00800397, 0.0119017, 0.0133429, 0.0328278, 0.0567403, 0.107721, 0.176121, 0.178932, 0.214055, 0.305675, 0.487474, 1, 

Generation #29
55,754,0.001, 0.00800397, 0.0119017, 0.0133429, 0.0328278, 0.0567403, 0.107721, 0.135656, 0.178932, 0.248412, 1, 

57,681,0.001, 0.0328023, 0.0358109, 0.0361856, 0.0659902, 0.102575, 0.103089, 0.150386, 0.166075, 0.214055, 0.305675, 0.487474, 1, 

58,586,0.001, 0.00800397, 0.0119017, 0.0133429, 0.0328278, 0.0567403, 0.107721, 0.176121, 0.178932, 0.214055, 0.305675, 0.487474, 1, 

Generation #30
55,754,0.001, 0.00800397, 0.0119017, 0.0133429, 0.0328278, 0.0567403, 0.107721, 0.135656, 0.178932, 0.248412, 1, 

57,681,0.001, 0.0328023, 0.0358109, 0.0361856, 0.0659902, 0.102575, 0.103089, 0.150386, 0.166075, 0.214055, 0.305675, 0.487474, 1, 

58,586,0.001, 0.00800397, 0.0119017, 0.0133429, 0.0328278, 0.0567403, 0.107721, 0.176121, 0.178932, 0.214055, 0.305675, 0.487474, 1, 

Generation #31
55,754,0.001, 0.00800397, 0.0119017, 0.0133429, 0.0328278, 0.0567403, 0.107721, 0.135656, 0.178932, 0.248412, 1, 

57,681,0.001, 0.0328023, 0.0358109, 0.0361856, 0.0659902, 0.102575, 0.103089, 0.150386, 0.166075, 0.214055, 0.305675, 0.487474, 1, 

58,586,0.001, 0.00800397, 0.0119017, 0.0133429, 0.0328278, 0.0567403, 0.107721, 0.176121, 0.178932, 0.214055, 0.305675, 0.487474, 1, 

Generation #32
55,754,0.001, 0.00800397, 0.0119017, 0.0133429, 0.0328278, 0.0567403, 0.107721, 0.135656, 0.178932, 0.248412, 1, 

57,681,0.001, 0.0328023, 0.0358109, 0.0361856, 0.0659902, 0.102575, 0.103089, 0.150386, 0.166075, 0.214055, 0.305675, 0.487474, 1, 

58,586,0.001, 0.00800397, 0.0119017, 0.0133429, 0.0328278, 0.0567403, 0.107721, 0.176121, 0.178932, 0.214055, 0.305675, 0.487474, 1, 

Generation #33
55,754,0.001, 0.00800397, 0.0119017, 0.0133429, 0.0328278, 0.0567403, 0.107721, 0.135656, 0.178932, 0.248412, 1, 

57,681,0.001, 0.0328023, 0.0358109, 0.0361856, 0.0659902, 0.102575, 0.103089, 0.150386, 0.166075, 0.214055, 0.305675, 0.487474, 1, 

58,586,0.001, 0.00800397, 0.0119017, 0.0133429, 0.0328278, 0.0567403, 0.107721, 0.176121, 0.178932, 0.214055, 0.305675, 0.487474, 1, 

Generation #34
55,754,0.001, 0.00800397, 0.0119017, 0.0133429, 0.0328278, 0.0567403, 0.107721, 0.135656, 0.178932, 0.248412, 1, 

57,681,0.001, 0.0328023, 0.0358109, 0.0361856, 0.0659902, 0.102575, 0.103089, 0.150386, 0.166075, 0.214055, 0.305675, 0.487474, 1, 

58,586,0.001, 0.00800397, 0.0119017, 0.0133429, 0.0328278, 0.0567403, 0.107721, 0.176121, 0.178932, 0.214055, 0.305675, 0.487474, 1, 

56,725,0.001, 0.00800397, 0.0119017, 0.0133429, 0.0328278, 0.0567403, 0.107721, 0.107721, 0.176121, 0.178932, 0.305675, 0.350695, 1, 

Generation #35
55,754,0.001, 0.00800397, 0.0119017, 0.0133429, 0.0328278, 0.0567403, 0.107721, 0.135656, 0.178932, 0.248412, 1, 

57,681,0.001, 0.0328023, 0.0358109, 0.0361856, 0.0659902, 0.102575, 0.103089, 0.150386, 0.166075, 0.214055, 0.305675, 0.487474, 1, 

58,586,0.001, 0.00800397, 0.0119017, 0.0133429, 0.0328278, 0.0567403, 0.107721, 0.176121, 0.178932, 0.214055, 0.305675, 0.487474, 1, 

56,725,0.001, 0.00800397, 0.0119017, 0.0133429, 0.0328278, 0.0567403, 0.107721, 0.107721, 0.176121, 0.178932, 0.305675, 0.350695, 1, 

Generation #36
55,754,0.001, 0.00800397, 0.0119017, 0.0133429, 0.0328278, 0.0567403, 0.107721, 0.135656, 0.178932, 0.248412, 1, 

57,681,0.001, 0.0328023, 0.0358109, 0.0361856, 0.0659902, 0.102575, 0.103089, 0.150386, 0.166075, 0.214055, 0.305675, 0.487474, 1, 

58,586,0.001, 0.00800397, 0.0119017, 0.0133429, 0.0328278, 0.0567403, 0.107721, 0.176121, 0.178932, 0.214055, 0.305675, 0.487474, 1, 

56,725,0.001, 0.00800397, 0.0119017, 0.0133429, 0.0328278, 0.0567403, 0.107721, 0.107721, 0.176121, 0.178932, 0.305675, 0.350695, 1, 

Generation #37
55,754,0.001, 0.00800397, 0.0119017, 0.0133429, 0.0328278, 0.0567403, 0.107721, 0.135656, 0.178932, 0.248412, 1, 

57,681,0.001, 0.0328023, 0.0358109, 0.0361856, 0.0659902, 0.102575, 0.103089, 0.150386, 0.166075, 0.214055, 0.305675, 0.487474, 1, 

58,586,0.001, 0.00800397, 0.0119017, 0.0133429, 0.0328278, 0.0567403, 0.107721, 0.176121, 0.178932, 0.214055, 0.305675, 0.487474, 1, 

56,725,0.001, 0.00800397, 0.0119017, 0.0133429, 0.0328278, 0.0567403, 0.107721, 0.107721, 0.176121, 0.178932, 0.305675, 0.350695, 1, 

61,585,0.001, 0.00800397, 0.0119017, 0.0133429, 0.0328278, 0.0567403, 0.107721, 0.176121, 0.178932, 0.214055, 0.305675, 0.487474, 1, 

Generation #38
55,754,0.001, 0.00800397, 0.0119017, 0.0133429, 0.0328278, 0.0567403, 0.107721, 0.135656, 0.178932, 0.248412, 1, 

57,681,0.001, 0.0328023, 0.0358109, 0.0361856, 0.0659902, 0.102575, 0.103089, 0.150386, 0.166075, 0.214055, 0.305675, 0.487474, 1, 

58,586,0.001, 0.00800397, 0.0119017, 0.0133429, 0.0328278, 0.0567403, 0.107721, 0.176121, 0.178932, 0.214055, 0.305675, 0.487474, 1, 

56,725,0.001, 0.00800397, 0.0119017, 0.0133429, 0.0328278, 0.0567403, 0.107721, 0.107721, 0.176121, 0.178932, 0.305675, 0.350695, 1, 

61,585,0.001, 0.00800397, 0.0119017, 0.0133429, 0.0328278, 0.0567403, 0.107721, 0.176121, 0.178932, 0.214055, 0.305675, 0.487474, 1, 

Generation #39
55,754,0.001, 0.00800397, 0.0119017, 0.0133429, 0.0328278, 0.0567403, 0.107721, 0.135656, 0.178932, 0.248412, 1, 

57,681,0.001, 0.0328023, 0.0358109, 0.0361856, 0.0659902, 0.102575, 0.103089, 0.150386, 0.166075, 0.214055, 0.305675, 0.487474, 1, 

58,586,0.001, 0.00800397, 0.0119017, 0.0133429, 0.0328278, 0.0567403, 0.107721, 0.176121, 0.178932, 0.214055, 0.305675, 0.487474, 1, 

61,585,0.001, 0.00800397, 0.0119017, 0.0133429, 0.0328278, 0.0567403, 0.107721, 0.176121, 0.178932, 0.214055, 0.305675, 0.487474, 1, 

56,694,0.001, 0.00800397, 0.0119017, 0.0328278, 0.0567403, 0.0397026, 0.107721, 0.176121, 0.178932, 0.248412, 1, 

Generation #40
55,754,0.001, 0.00800397, 0.0119017, 0.0133429, 0.0328278, 0.0567403, 0.107721, 0.135656, 0.178932, 0.248412, 1, 

57,681,0.001, 0.0328023, 0.0358109, 0.0361856, 0.0659902, 0.102575, 0.103089, 0.150386, 0.166075, 0.214055, 0.305675, 0.487474, 1, 

58,586,0.001, 0.00800397, 0.0119017, 0.0133429, 0.0328278, 0.0567403, 0.107721, 0.176121, 0.178932, 0.214055, 0.305675, 0.487474, 1, 

61,585,0.001, 0.00800397, 0.0119017, 0.0133429, 0.0328278, 0.0567403, 0.107721, 0.176121, 0.178932, 0.214055, 0.305675, 0.487474, 1, 

56,694,0.001, 0.00800397, 0.0119017, 0.0328278, 0.0567403, 0.0397026, 0.107721, 0.176121, 0.178932, 0.248412, 1, 

Generation #41
55,754,0.001, 0.00800397, 0.0119017, 0.0133429, 0.0328278, 0.0567403, 0.107721, 0.135656, 0.178932, 0.248412, 1, 

58,586,0.001, 0.00800397, 0.0119017, 0.0133429, 0.0328278, 0.0567403, 0.107721, 0.176121, 0.178932, 0.214055, 0.305675, 0.487474, 1, 

61,585,0.001, 0.00800397, 0.0119017, 0.0133429, 0.0328278, 0.0567403, 0.107721, 0.176121, 0.178932, 0.214055, 0.305675, 0.487474, 1, 

56,678,0.001, 0.00800397, 0.0119017, 0.0133429, 0.0328278, 0.0567403, 0.107721, 0.176121, 0.178932, 0.214055, 0.305675, 0.487474, 1, 

Generation #42
55,754,0.001, 0.00800397, 0.0119017, 0.0133429, 0.0328278, 0.0567403, 0.107721, 0.135656, 0.178932, 0.248412, 1, 

58,586,0.001, 0.00800397, 0.0119017, 0.0133429, 0.0328278, 0.0567403, 0.107721, 0.176121, 0.178932, 0.214055, 0.305675, 0.487474, 1, 

61,585,0.001, 0.00800397, 0.0119017, 0.0133429, 0.0328278, 0.0567403, 0.107721, 0.176121, 0.178932, 0.214055, 0.305675, 0.487474, 1, 

56,678,0.001, 0.00800397, 0.0119017, 0.0133429, 0.0328278, 0.0567403, 0.107721, 0.176121, 0.178932, 0.214055, 0.305675, 0.487474, 1, 

Generation #43
55,754,0.001, 0.00800397, 0.0119017, 0.0133429, 0.0328278, 0.0567403, 0.107721, 0.135656, 0.178932, 0.248412, 1, 

58,586,0.001, 0.00800397, 0.0119017, 0.0133429, 0.0328278, 0.0567403, 0.107721, 0.176121, 0.178932, 0.214055, 0.305675, 0.487474, 1, 

61,585,0.001, 0.00800397, 0.0119017, 0.0133429, 0.0328278, 0.0567403, 0.107721, 0.176121, 0.178932, 0.214055, 0.305675, 0.487474, 1, 

56,678,0.001, 0.00800397, 0.0119017, 0.0133429, 0.0328278, 0.0567403, 0.107721, 0.176121, 0.178932, 0.214055, 0.305675, 0.487474, 1, 

Generation #44
55,754,0.001, 0.00800397, 0.0119017, 0.0133429, 0.0328278, 0.0567403, 0.107721, 0.135656, 0.178932, 0.248412, 1, 

58,586,0.001, 0.00800397, 0.0119017, 0.0133429, 0.0328278, 0.0567403, 0.107721, 0.176121, 0.178932, 0.214055, 0.305675, 0.487474, 1, 

61,585,0.001, 0.00800397, 0.0119017, 0.0133429, 0.0328278, 0.0567403, 0.107721, 0.176121, 0.178932, 0.214055, 0.305675, 0.487474, 1, 

56,678,0.001, 0.00800397, 0.0119017, 0.0133429, 0.0328278, 0.0567403, 0.107721, 0.176121, 0.178932, 0.214055, 0.305675, 0.487474, 1, 

Generation #45
55,754,0.001, 0.00800397, 0.0119017, 0.0133429, 0.0328278, 0.0567403, 0.107721, 0.135656, 0.178932, 0.248412, 1, 

56,678,0.001, 0.00800397, 0.0119017, 0.0133429, 0.0328278, 0.0567403, 0.107721, 0.176121, 0.178932, 0.214055, 0.305675, 0.487474, 1, 

58,584,0.001, 0.00800397, 0.0119017, 0.0133429, 0.0328278, 0.0567403, 0.107721, 0.176121, 0.178932, 0.214055, 0.305675, 0.487474, 1, 

Generation #46
55,754,0.001, 0.00800397, 0.0119017, 0.0133429, 0.0328278, 0.0567403, 0.107721, 0.135656, 0.178932, 0.248412, 1, 

56,678,0.001, 0.00800397, 0.0119017, 0.0133429, 0.0328278, 0.0567403, 0.107721, 0.176121, 0.178932, 0.214055, 0.305675, 0.487474, 1, 

58,584,0.001, 0.00800397, 0.0119017, 0.0133429, 0.0328278, 0.0567403, 0.107721, 0.176121, 0.178932, 0.214055, 0.305675, 0.487474, 1, 

57,641,0.001, 0.00800397, 0.0119017, 0.0133429, 0.0328278, 0.0567403, 0.0800601, 0.107721, 0.176121, 0.178932, 0.305675, 0.350695, 1, 

Generation #47
55,754,0.001, 0.00800397, 0.0119017, 0.0133429, 0.0328278, 0.0567403, 0.107721, 0.135656, 0.178932, 0.248412, 1, 

56,678,0.001, 0.00800397, 0.0119017, 0.0133429, 0.0328278, 0.0567403, 0.107721, 0.176121, 0.178932, 0.214055, 0.305675, 0.487474, 1, 

58,584,0.001, 0.00800397, 0.0119017, 0.0133429, 0.0328278, 0.0567403, 0.107721, 0.176121, 0.178932, 0.214055, 0.305675, 0.487474, 1, 

57,641,0.001, 0.00800397, 0.0119017, 0.0133429, 0.0328278, 0.0567403, 0.0800601, 0.107721, 0.176121, 0.178932, 0.305675, 0.350695, 1, 

Generation #48
55,754,0.001, 0.00800397, 0.0119017, 0.0133429, 0.0328278, 0.0567403, 0.107721, 0.135656, 0.178932, 0.248412, 1, 

56,678,0.001, 0.00800397, 0.0119017, 0.0133429, 0.0328278, 0.0567403, 0.107721, 0.176121, 0.178932, 0.214055, 0.305675, 0.487474, 1, 

58,584,0.001, 0.00800397, 0.0119017, 0.0133429, 0.0328278, 0.0567403, 0.107721, 0.176121, 0.178932, 0.214055, 0.305675, 0.487474, 1, 

57,641,0.001, 0.00800397, 0.0119017, 0.0133429, 0.0328278, 0.0567403, 0.0800601, 0.107721, 0.176121, 0.178932, 0.305675, 0.350695, 1, 

Generation #49
55,754,0.001, 0.00800397, 0.0119017, 0.0133429, 0.0328278, 0.0567403, 0.107721, 0.135656, 0.178932, 0.248412, 1, 

56,678,0.001, 0.00800397, 0.0119017, 0.0133429, 0.0328278, 0.0567403, 0.107721, 0.176121, 0.178932, 0.214055, 0.305675, 0.487474, 1, 

58,584,0.001, 0.00800397, 0.0119017, 0.0133429, 0.0328278, 0.0567403, 0.107721, 0.176121, 0.178932, 0.214055, 0.305675, 0.487474, 1, 

57,641,0.001, 0.00800397, 0.0119017, 0.0133429, 0.0328278, 0.0567403, 0.0800601, 0.107721, 0.176121, 0.178932, 0.305675, 0.350695, 1, 

--- Pareto Front Solutions ---
Solution 0: N total=135 (N_initial=80, N_added=55), Time total=764 ms, Saved to: ./results/Wireless_t2_l2_pareto_0.csv, percents=0.001, 0.00800397, 0.0119017, 0.0133429, 0.0328278, 0.0567403, 0.107721, 0.135656, 0.178932, 0.248412, 1, 

Solution 1: N total=136 (N_initial=80, N_added=56), Time total=688 ms, Saved to: ./results/Wireless_t2_l2_pareto_1.csv, percents=0.001, 0.00800397, 0.0119017, 0.0133429, 0.0328278, 0.0567403, 0.107721, 0.176121, 0.178932, 0.214055, 0.305675, 0.487474, 1, 

Solution 2: N total=138 (N_initial=80, N_added=58), Time total=594 ms, Saved to: ./results/Wireless_t2_l2_pareto_2.csv, percents=0.001, 0.00800397, 0.0119017, 0.0133429, 0.0328278, 0.0567403, 0.107721, 0.176121, 0.178932, 0.214055, 0.305675, 0.487474, 1, 

Solution 3: N total=137 (N_initial=80, N_added=57), Time total=651 ms, Saved to: ./results/Wireless_t2_l2_pareto_3.csv, percents=0.001, 0.00800397, 0.0119017, 0.0133429, 0.0328278, 0.0567403, 0.0800601, 0.107721, 0.176121, 0.178932, 0.305675, 0.350695, 1, 

------------d=1, t=2, lambda=3, filename=./evaluation/Wireless/Wireless_2_3.csv------------
Grouping d-sets by partitioned row counts for detecting arrays...
Ready to look at pairs for detecting arrays...
First Stage N=105, Time=7
There are 7456 remaining non-locating pairs
--- Running GA Algorithm (phase2) ---
Running GA with std::execution::par
Generation #0
66,765,0.001, 0.0202038, 0.0258287, 0.0893214, 0.134435, 0.202915, 0.301834, 0.365559, 0.681894, 0.787648, 0.902601, 0.979663, 0.988545, 1, 

71,721,0.001, 0.0183684, 0.0370706, 0.084636, 0.122188, 0.150015, 0.169899, 0.385968, 0.412743, 0.441674, 0.450536, 0.468964, 0.562061, 0.577926, 0.609498, 0.841251, 0.922119, 0.942162, 0.953947, 0.960139, 1, 

62,1613,0.001, 0.0503957, 0.0793495, 0.293017, 0.524803, 0.625408, 0.626904, 0.682555, 0.822129, 0.863029, 1, 

64,925,0.001, 0.0430067, 0.0469118, 0.072284, 0.323985, 0.341606, 0.456997, 0.471288, 0.488712, 0.555306, 0.626745, 0.726549, 0.77647, 0.987891, 1, 

63,1388,0.001, 0.0747819, 0.121618, 0.170847, 0.208114, 0.398757, 0.537993, 0.571221, 0.817177, 0.916253, 0.935349, 0.974322, 1, 

72,577,0.001, 0.0286066, 0.0374377, 0.0686699, 0.0890668, 0.104249, 0.122116, 0.123281, 0.157201, 0.195145, 0.198904, 0.27648, 0.283892, 0.317545, 0.328192, 0.371556, 0.591537, 0.596894, 0.624051, 0.647686, 0.661962, 0.713744, 0.765773, 0.893365, 1, 

Generation #1
75,528,0.001, 0.00463456, 0.0182253, 0.0248577, 0.0762112, 0.0923418, 0.0959375, 0.102092, 0.123787, 0.17725, 0.237676, 0.252626, 0.404082, 0.409341, 0.436085, 0.486253, 0.519344, 0.530197, 0.582552, 0.597471, 0.63183, 0.668707, 0.687849, 0.807012, 0.834398, 0.90254, 0.941428, 1, 

58,548,0.001, 0.00463456, 0.0182253, 0.0248577, 0.0762112, 0.0923418, 0.0959375, 0.102092, 0.621939, 0.88428, 1, 

74,536,0.001, 0.028438, 0.0290127, 0.052556, 0.054631, 0.0934531, 0.12284, 0.124857, 0.166072, 0.184515, 0.254983, 0.33526, 0.374893, 0.382895, 0.414357, 0.478412, 0.482016, 0.814588, 0.832713, 0.864163, 0.886907, 0.896382, 0.931325, 0.989157, 1, 

Generation #2
58,548,0.001, 0.00463456, 0.0182253, 0.0248577, 0.0762112, 0.0923418, 0.0959375, 0.102092, 0.621939, 0.88428, 1, 

79,481,0.001, 0.00463456, 0.0182253, 0.0248577, 0.0762112, 0.0923418, 0.0959375, 0.102092, 0.123787, 0.17725, 0.237676, 0.252626, 0.281183, 0.367021, 0.387331, 0.402968, 0.455165, 0.494046, 0.51324, 0.681482, 0.713384, 0.762899, 0.767712, 0.772287, 0.822796, 0.848032, 0.959085, 0.96846, 0.979924, 1, 

76,482,0.001, 0.0120112, 0.0290459, 0.0575938, 0.104694, 0.105587, 0.197441, 0.223599, 0.229551, 0.248624, 0.285132, 0.314703, 0.32679, 0.332378, 0.364669, 0.315713, 0.326184, 0.408791, 0.435507, 0.49442, 0.49804, 0.662596, 0.709167, 0.757262, 0.767863, 0.79062, 0.793727, 0.816568, 0.97573, 1, 

61,508,0.001, 0.0183684, 0.0370706, 0.0755165, 0.0819425, 0.0854741, 0.08862, 0.1007, 0.175463, 0.220824, 0.321698, 0.350153, 1, 

Generation #3
58,418,0.001, 0.00463456, 0.0182253, 0.0248577, 0.0762112, 0.0923418, 0.0959375, 0.102092, 0.123787, 0.17725, 0.237676, 0.252626, 0.281183, 1, 

Generation #4
58,418,0.001, 0.00463456, 0.0182253, 0.0248577, 0.0762112, 0.0923418, 0.0959375, 0.102092, 0.123787, 0.17725, 0.237676, 0.252626, 0.281183, 1, 

Generation #5
58,418,0.001, 0.00463456, 0.0182253, 0.0248577, 0.0762112, 0.0923418, 0.0959375, 0.102092, 0.123787, 0.17725, 0.237676, 0.252626, 0.281183, 1, 

70,363,0.001, 0.00463456, 0.0182253, 0.0248577, 0.0762112, 0.0923418, 0.0959375, 0.102092, 0.621939, 0.195145, 0.198904, 0.27648, 0.283892, 0.317545, 0.328192, 0.371556, 0.591537, 0.596894, 0.624051, 0.647686, 0.661962, 0.713744, 0.765773, 0.893365, 1, 

Generation #6
58,418,0.001, 0.00463456, 0.0182253, 0.0248577, 0.0762112, 0.0923418, 0.0959375, 0.102092, 0.123787, 0.17725, 0.237676, 0.252626, 0.281183, 1, 

70,363,0.001, 0.00463456, 0.0182253, 0.0248577, 0.0762112, 0.0923418, 0.0959375, 0.102092, 0.621939, 0.195145, 0.198904, 0.27648, 0.283892, 0.317545, 0.328192, 0.371556, 0.591537, 0.596894, 0.624051, 0.647686, 0.661962, 0.713744, 0.765773, 0.893365, 1, 

57,545,0.001, 0.028438, 0.0290127, 0.052556, 0.054631, 0.0934531, 0.12284, 0.124857, 0.621939, 1, 

Generation #7
58,418,0.001, 0.00463456, 0.0182253, 0.0248577, 0.0762112, 0.0923418, 0.0959375, 0.102092, 0.123787, 0.17725, 0.237676, 0.252626, 0.281183, 1, 

70,363,0.001, 0.00463456, 0.0182253, 0.0248577, 0.0762112, 0.0923418, 0.0959375, 0.102092, 0.621939, 0.195145, 0.198904, 0.27648, 0.283892, 0.317545, 0.328192, 0.371556, 0.591537, 0.596894, 0.624051, 0.647686, 0.661962, 0.713744, 0.765773, 0.893365, 1, 

57,545,0.001, 0.028438, 0.0290127, 0.052556, 0.054631, 0.0934531, 0.12284, 0.124857, 0.621939, 1, 

Generation #8
58,418,0.001, 0.00463456, 0.0182253, 0.0248577, 0.0762112, 0.0923418, 0.0959375, 0.102092, 0.123787, 0.17725, 0.237676, 0.252626, 0.281183, 1, 

70,363,0.001, 0.00463456, 0.0182253, 0.0248577, 0.0762112, 0.0923418, 0.0959375, 0.102092, 0.621939, 0.195145, 0.198904, 0.27648, 0.283892, 0.317545, 0.328192, 0.371556, 0.591537, 0.596894, 0.624051, 0.647686, 0.661962, 0.713744, 0.765773, 0.893365, 1, 

57,545,0.001, 0.028438, 0.0290127, 0.052556, 0.054631, 0.0934531, 0.12284, 0.124857, 0.621939, 1, 

63,415,0.001, 0.00463456, 0.0182253, 0.0248577, 0.0762112, 0.0923418, 0.0959375, 0.102092, 0.123787, 0.17725, 0.285132, 0.314703, 0.32679, 0.332378, 0.364669, 0.315713, 0.326184, 0.408791, 0.435507, 0.49442, 0.49804, 0.662596, 1, 

65,409,0.001, 0.00463456, 0.0182253, 0.0248577, 0.0762112, 0.0923418, 0.0959375, 0.102092, 0.123787, 0.184515, 0.254983, 0.33526, 0.374893, 0.382895, 0.876983, 1, 

Generation #9
58,418,0.001, 0.00463456, 0.0182253, 0.0248577, 0.0762112, 0.0923418, 0.0959375, 0.102092, 0.123787, 0.17725, 0.237676, 0.252626, 0.281183, 1, 

70,363,0.001, 0.00463456, 0.0182253, 0.0248577, 0.0762112, 0.0923418, 0.0959375, 0.102092, 0.621939, 0.195145, 0.198904, 0.27648, 0.283892, 0.317545, 0.328192, 0.371556, 0.591537, 0.596894, 0.624051, 0.647686, 0.661962, 0.713744, 0.765773, 0.893365, 1, 

57,545,0.001, 0.028438, 0.0290127, 0.052556, 0.054631, 0.0934531, 0.12284, 0.124857, 0.621939, 1, 

63,415,0.001, 0.00463456, 0.0182253, 0.0248577, 0.0762112, 0.0923418, 0.0959375, 0.102092, 0.123787, 0.17725, 0.285132, 0.314703, 0.32679, 0.332378, 0.364669, 0.315713, 0.326184, 0.408791, 0.435507, 0.49442, 0.49804, 0.662596, 1, 

65,409,0.001, 0.00463456, 0.0182253, 0.0248577, 0.0762112, 0.0923418, 0.0959375, 0.102092, 0.123787, 0.184515, 0.254983, 0.33526, 0.374893, 0.382895, 0.876983, 1, 

Generation #10
58,418,0.001, 0.00463456, 0.0182253, 0.0248577, 0.0762112, 0.0923418, 0.0959375, 0.102092, 0.123787, 0.17725, 0.237676, 0.252626, 0.281183, 1, 

70,363,0.001, 0.00463456, 0.0182253, 0.0248577, 0.0762112, 0.0923418, 0.0959375, 0.102092, 0.621939, 0.195145, 0.198904, 0.27648, 0.283892, 0.317545, 0.328192, 0.371556, 0.591537, 0.596894, 0.624051, 0.647686, 0.661962, 0.713744, 0.765773, 0.893365, 1, 

57,545,0.001, 0.028438, 0.0290127, 0.052556, 0.054631, 0.0934531, 0.12284, 0.124857, 0.621939, 1, 

63,415,0.001, 0.00463456, 0.0182253, 0.0248577, 0.0762112, 0.0923418, 0.0959375, 0.102092, 0.123787, 0.17725, 0.285132, 0.314703, 0.32679, 0.332378, 0.364669, 0.315713, 0.326184, 0.408791, 0.435507, 0.49442, 0.49804, 0.662596, 1, 

65,409,0.001, 0.00463456, 0.0182253, 0.0248577, 0.0762112, 0.0923418, 0.0959375, 0.102092, 0.123787, 0.184515, 0.254983, 0.33526, 0.374893, 0.382895, 0.876983, 1, 

Generation #11
58,418,0.001, 0.00463456, 0.0182253, 0.0248577, 0.0762112, 0.0923418, 0.0959375, 0.102092, 0.123787, 0.17725, 0.237676, 0.252626, 0.281183, 1, 

70,363,0.001, 0.00463456, 0.0182253, 0.0248577, 0.0762112, 0.0923418, 0.0959375, 0.102092, 0.621939, 0.195145, 0.198904, 0.27648, 0.283892, 0.317545, 0.328192, 0.371556, 0.591537, 0.596894, 0.624051, 0.647686, 0.661962, 0.713744, 0.765773, 0.893365, 1, 

57,545,0.001, 0.028438, 0.0290127, 0.052556, 0.054631, 0.0934531, 0.12284, 0.124857, 0.621939, 1, 

63,415,0.001, 0.00463456, 0.0182253, 0.0248577, 0.0762112, 0.0923418, 0.0959375, 0.102092, 0.123787, 0.17725, 0.285132, 0.314703, 0.32679, 0.332378, 0.364669, 0.315713, 0.326184, 0.408791, 0.435507, 0.49442, 0.49804, 0.662596, 1, 

65,409,0.001, 0.00463456, 0.0182253, 0.0248577, 0.0762112, 0.0923418, 0.0959375, 0.102092, 0.123787, 0.184515, 0.254983, 0.33526, 0.374893, 0.382895, 0.876983, 1, 

Generation #12
58,418,0.001, 0.00463456, 0.0182253, 0.0248577, 0.0762112, 0.0923418, 0.0959375, 0.102092, 0.123787, 0.17725, 0.237676, 0.252626, 0.281183, 1, 

70,363,0.001, 0.00463456, 0.0182253, 0.0248577, 0.0762112, 0.0923418, 0.0959375, 0.102092, 0.621939, 0.195145, 0.198904, 0.27648, 0.283892, 0.317545, 0.328192, 0.371556, 0.591537, 0.596894, 0.624051, 0.647686, 0.661962, 0.713744, 0.765773, 0.893365, 1, 

57,545,0.001, 0.028438, 0.0290127, 0.052556, 0.054631, 0.0934531, 0.12284, 0.124857, 0.621939, 1, 

63,415,0.001, 0.00463456, 0.0182253, 0.0248577, 0.0762112, 0.0923418, 0.0959375, 0.102092, 0.123787, 0.17725, 0.285132, 0.314703, 0.32679, 0.332378, 0.364669, 0.315713, 0.326184, 0.408791, 0.435507, 0.49442, 0.49804, 0.662596, 1, 

65,409,0.001, 0.00463456, 0.0182253, 0.0248577, 0.0762112, 0.0923418, 0.0959375, 0.102092, 0.123787, 0.184515, 0.254983, 0.33526, 0.374893, 0.382895, 0.876983, 1, 

68,405,0.001, 0.00463456, 0.0182253, 0.0248577, 0.0762112, 0.0923418, 0.0959375, 0.102092, 0.123787, 0.17725, 0.237676, 0.252626, 0.404082, 0.409341, 0.436085, 0.486253, 0.519344, 0.530197, 0.597186, 0.597471, 0.63183, 0.798214, 0.880409, 1, 

Generation #13
58,418,0.001, 0.00463456, 0.0182253, 0.0248577, 0.0762112, 0.0923418, 0.0959375, 0.102092, 0.123787, 0.17725, 0.237676, 0.252626, 0.281183, 1, 

70,363,0.001, 0.00463456, 0.0182253, 0.0248577, 0.0762112, 0.0923418, 0.0959375, 0.102092, 0.621939, 0.195145, 0.198904, 0.27648, 0.283892, 0.317545, 0.328192, 0.371556, 0.591537, 0.596894, 0.624051, 0.647686, 0.661962, 0.713744, 0.765773, 0.893365, 1, 

57,545,0.001, 0.028438, 0.0290127, 0.052556, 0.054631, 0.0934531, 0.12284, 0.124857, 0.621939, 1, 

63,415,0.001, 0.00463456, 0.0182253, 0.0248577, 0.0762112, 0.0923418, 0.0959375, 0.102092, 0.123787, 0.17725, 0.285132, 0.314703, 0.32679, 0.332378, 0.364669, 0.315713, 0.326184, 0.408791, 0.435507, 0.49442, 0.49804, 0.662596, 1, 

65,409,0.001, 0.00463456, 0.0182253, 0.0248577, 0.0762112, 0.0923418, 0.0959375, 0.102092, 0.123787, 0.184515, 0.254983, 0.33526, 0.374893, 0.382895, 0.876983, 1, 

68,405,0.001, 0.00463456, 0.0182253, 0.0248577, 0.0762112, 0.0923418, 0.0959375, 0.102092, 0.123787, 0.17725, 0.237676, 0.252626, 0.404082, 0.409341, 0.436085, 0.486253, 0.519344, 0.530197, 0.597186, 0.597471, 0.63183, 0.798214, 0.880409, 1, 

Generation #14
58,418,0.001, 0.00463456, 0.0182253, 0.0248577, 0.0762112, 0.0923418, 0.0959375, 0.102092, 0.123787, 0.17725, 0.237676, 0.252626, 0.281183, 1, 

70,363,0.001, 0.00463456, 0.0182253, 0.0248577, 0.0762112, 0.0923418, 0.0959375, 0.102092, 0.621939, 0.195145, 0.198904, 0.27648, 0.283892, 0.317545, 0.328192, 0.371556, 0.591537, 0.596894, 0.624051, 0.647686, 0.661962, 0.713744, 0.765773, 0.893365, 1, 

57,545,0.001, 0.028438, 0.0290127, 0.052556, 0.054631, 0.0934531, 0.12284, 0.124857, 0.621939, 1, 

60,404,0.001, 0.00463456, 0.0182253, 0.0248577, 0.0762112, 0.0923418, 0.0959375, 0.102092, 0.123787, 0.40623, 0.17725, 0.237676, 0.252626, 0.350153, 1, 

Generation #15
58,418,0.001, 0.00463456, 0.0182253, 0.0248577, 0.0762112, 0.0923418, 0.0959375, 0.102092, 0.123787, 0.17725, 0.237676, 0.252626, 0.281183, 1, 

70,363,0.001, 0.00463456, 0.0182253, 0.0248577, 0.0762112, 0.0923418, 0.0959375, 0.102092, 0.621939, 0.195145, 0.198904, 0.27648, 0.283892, 0.317545, 0.328192, 0.371556, 0.591537, 0.596894, 0.624051, 0.647686, 0.661962, 0.713744, 0.765773, 0.893365, 1, 

57,545,0.001, 0.028438, 0.0290127, 0.052556, 0.054631, 0.0934531, 0.12284, 0.124857, 0.621939, 1, 

60,404,0.001, 0.00463456, 0.0182253, 0.0248577, 0.0762112, 0.0923418, 0.0959375, 0.102092, 0.123787, 0.40623, 0.17725, 0.237676, 0.252626, 0.350153, 1, 

Generation #16
58,418,0.001, 0.00463456, 0.0182253, 0.0248577, 0.0762112, 0.0923418, 0.0959375, 0.102092, 0.123787, 0.17725, 0.237676, 0.252626, 0.281183, 1, 

70,363,0.001, 0.00463456, 0.0182253, 0.0248577, 0.0762112, 0.0923418, 0.0959375, 0.102092, 0.621939, 0.195145, 0.198904, 0.27648, 0.283892, 0.317545, 0.328192, 0.371556, 0.591537, 0.596894, 0.624051, 0.647686, 0.661962, 0.713744, 0.765773, 0.893365, 1, 

60,404,0.001, 0.00463456, 0.0182253, 0.0248577, 0.0762112, 0.0923418, 0.0959375, 0.102092, 0.123787, 0.40623, 0.17725, 0.237676, 0.252626, 0.350153, 1, 

57,450,0.001, 0.00463456, 0.0182253, 0.0248577, 0.0762112, 0.0923418, 0.0959375, 0.102092, 0.123787, 0.248624, 0.220824, 0.321698, 0.350153, 1, 

61,395,0.001, 0.00463456, 0.0182253, 0.0248577, 0.0762112, 0.0923418, 0.0959375, 0.102092, 0.123787, 0.17725, 0.237676, 0.252626, 0.350153, 1, 

Generation #17
58,418,0.001, 0.00463456, 0.0182253, 0.0248577, 0.0762112, 0.0923418, 0.0959375, 0.102092, 0.123787, 0.17725, 0.237676, 0.252626, 0.281183, 1, 

70,363,0.001, 0.00463456, 0.0182253, 0.0248577, 0.0762112, 0.0923418, 0.0959375, 0.102092, 0.621939, 0.195145, 0.198904, 0.27648, 0.283892, 0.317545, 0.328192, 0.371556, 0.591537, 0.596894, 0.624051, 0.647686, 0.661962, 0.713744, 0.765773, 0.893365, 1, 

60,404,0.001, 0.00463456, 0.0182253, 0.0248577, 0.0762112, 0.0923418, 0.0959375, 0.102092, 0.123787, 0.40623, 0.17725, 0.237676, 0.252626, 0.350153, 1, 

57,450,0.001, 0.00463456, 0.0182253, 0.0248577, 0.0762112, 0.0923418, 0.0959375, 0.102092, 0.123787, 0.248624, 0.220824, 0.321698, 0.350153, 1, 

61,395,0.001, 0.00463456, 0.0182253, 0.0248577, 0.0762112, 0.0923418, 0.0959375, 0.102092, 0.123787, 0.17725, 0.237676, 0.252626, 0.350153, 1, 

Generation #18
58,418,0.001, 0.00463456, 0.0182253, 0.0248577, 0.0762112, 0.0923418, 0.0959375, 0.102092, 0.123787, 0.17725, 0.237676, 0.252626, 0.281183, 1, 

70,363,0.001, 0.00463456, 0.0182253, 0.0248577, 0.0762112, 0.0923418, 0.0959375, 0.102092, 0.621939, 0.195145, 0.198904, 0.27648, 0.283892, 0.317545, 0.328192, 0.371556, 0.591537, 0.596894, 0.624051, 0.647686, 0.661962, 0.713744, 0.765773, 0.893365, 1, 

60,404,0.001, 0.00463456, 0.0182253, 0.0248577, 0.0762112, 0.0923418, 0.0959375, 0.102092, 0.123787, 0.40623, 0.17725, 0.237676, 0.252626, 0.350153, 1, 

57,450,0.001, 0.00463456, 0.0182253, 0.0248577, 0.0762112, 0.0923418, 0.0959375, 0.102092, 0.123787, 0.248624, 0.220824, 0.321698, 0.350153, 1, 

61,393,0.001, 0.00463456, 0.0182253, 0.0248577, 0.0762112, 0.0923418, 0.0959375, 0.102092, 0.123787, 0.17725, 0.237676, 0.252626, 0.754463, 0.970631, 0.991852, 1, 

Generation #19
58,418,0.001, 0.00463456, 0.0182253, 0.0248577, 0.0762112, 0.0923418, 0.0959375, 0.102092, 0.123787, 0.17725, 0.237676, 0.252626, 0.281183, 1, 

70,363,0.001, 0.00463456, 0.0182253, 0.0248577, 0.0762112, 0.0923418, 0.0959375, 0.102092, 0.621939, 0.195145, 0.198904, 0.27648, 0.283892, 0.317545, 0.328192, 0.371556, 0.591537, 0.596894, 0.624051, 0.647686, 0.661962, 0.713744, 0.765773, 0.893365, 1, 

60,404,0.001, 0.00463456, 0.0182253, 0.0248577, 0.0762112, 0.0923418, 0.0959375, 0.102092, 0.123787, 0.40623, 0.17725, 0.237676, 0.252626, 0.350153, 1, 

57,450,0.001, 0.00463456, 0.0182253, 0.0248577, 0.0762112, 0.0923418, 0.0959375, 0.102092, 0.123787, 0.248624, 0.220824, 0.321698, 0.350153, 1, 

61,393,0.001, 0.00463456, 0.0182253, 0.0248577, 0.0762112, 0.0923418, 0.0959375, 0.102092, 0.123787, 0.17725, 0.237676, 0.252626, 0.754463, 0.970631, 0.991852, 1, 
