------------d=1, t=2, lambda=1, filename=./evaluation/Wireless/Wireless_2_1.csv------------
Grouping d-sets by partitioned row counts for detecting arrays...
Ready to look at pairs for detecting arrays...
First Stage N=45, Time=18
There are 57665 remaining non-locating pairs
--- Running GA Algorithm (phase2) ---
Running GA with std::execution::par
Generation #0
76,6975,0.001, 0.0970704, 0.133815, 0.193307, 0.314824, 0.330009, 0.392028, 0.397921, 0.422169, 0.783244, 0.803073, 0.930679, 1, 

84,3098,0.001, 0.0219461, 0.0261442, 0.0262016, 0.0663368, 0.100799, 0.164494, 0.217953, 0.230267, 0.239707, 0.475426, 0.477239, 0.511489, 0.606937, 0.610299, 0.685118, 0.749872, 0.761045, 0.79815, 0.843834, 0.85952, 0.956795, 1, 

82,3239,0.001, 0.0141455, 0.0218816, 0.0456565, 0.126535, 0.171676, 0.223503, 0.360442, 0.365705, 0.45636, 0.479251, 0.508095, 0.573131, 0.69156, 0.698453, 0.828251, 0.841254, 0.951562, 1, 

90,3030,0.001, 0.0110509, 0.0391854, 0.0928903, 0.129683, 0.148351, 0.15305, 0.161136, 0.234665, 0.262227, 0.262612, 0.288228, 0.29071, 0.387741, 0.387959, 0.439057, 0.598829, 0.623264, 0.646717, 0.734431, 0.75492, 0.778334, 0.828504, 0.918703, 0.937746, 1, 

79,4178,0.001, 0.0485364, 0.0638381, 0.103473, 0.112512, 0.157387, 0.207509, 0.233497, 0.34024, 0.425078, 0.623749, 0.642961, 0.77327, 0.821051, 0.86027, 0.97724, 1, 

75,10917,0.001, 0.138121, 0.270595, 0.273458, 0.362229, 0.413435, 0.506624, 0.660796, 0.670458, 0.793153, 0.829965, 0.921933, 0.943669, 0.978421, 1, 

Generation #1
77,3567,0.001, 0.0465451, 0.0638471, 0.184685, 0.49157, 0.49993, 0.518898, 0.58726, 0.607083, 0.793639, 0.806633, 1, 

80,1777,0.001, 0.0234395, 0.0390873, 0.0460126, 0.10239, 0.111185, 0.134715, 0.142228, 0.147769, 0.164878, 0.182603, 0.226503, 0.233886, 0.288066, 0.436146, 0.459913, 0.494666, 0.552769, 0.560013, 0.560173, 0.589613, 0.956795, 1, 

79,3448,0.001, 0.0600788, 0.0635621, 0.186926, 0.393744, 0.394254, 0.406807, 0.441389, 0.55663, 0.652303, 0.7728, 0.78984, 0.809512, 0.821009, 0.856762, 0.858627, 0.936587, 1, 

72,5621,0.001, 0.10251, 0.153941, 0.221192, 0.289867, 0.319444, 0.35767, 0.37085, 0.377486, 0.993654, 1, 

75,4004,0.001, 0.06713, 0.0674232, 0.117336, 0.141682, 0.173924, 0.363872, 0.411498, 0.434517, 0.441918, 0.457509, 1, 

Generation #2
72,5621,0.001, 0.10251, 0.153941, 0.221192, 0.289867, 0.319444, 0.35767, 0.37085, 0.377486, 0.993654, 1, 

73,3028,0.001, 0.0370946, 0.0407183, 0.33745, 0.371203, 0.465486, 0.467519, 0.845754, 0.979017, 1, 

75,1549,0.001, 0.0141455, 0.0218816, 0.0456565, 0.126535, 0.171676, 0.223503, 0.360442, 0.365705, 0.45636, 0.479251, 0.705202, 0.789084, 1, 

Generation #3
70,2386,0.001, 0.0370946, 0.0407183, 0.081086, 0.140626, 0.209852, 0.273465, 0.273585, 0.434517, 0.441918, 0.457509, 1, 

73,2006,0.001, 0.0219461, 0.0261442, 0.0262016, 0.0663368, 0.100799, 0.164494, 0.217953, 0.979017, 1, 

75,1455,0.001, 0.0141455, 0.0218816, 0.0456565, 0.126535, 0.171676, 0.223503, 0.360442, 0.365705, 0.45636, 0.479251, 0.508095, 1, 

71,2095,0.001, 0.016831, 0.0528152, 0.0980615, 0.106911, 0.119235, 0.150345, 0.699261, 0.979017, 1, 

Generation #4
70,2386,0.001, 0.0370946, 0.0407183, 0.081086, 0.140626, 0.209852, 0.273465, 0.273585, 0.434517, 0.441918, 0.457509, 1, 

75,1455,0.001, 0.0141455, 0.0218816, 0.0456565, 0.126535, 0.171676, 0.223503, 0.360442, 0.365705, 0.45636, 0.479251, 0.508095, 1, 

71,2095,0.001, 0.016831, 0.0528152, 0.0980615, 0.106911, 0.119235, 0.150345, 0.699261, 0.979017, 1, 

73,1996,0.001, 0.0110509, 0.0528152, 0.0980615, 0.106911, 0.119235, 0.467519, 0.845754, 0.979017, 1, 

Generation #5
70,2386,0.001, 0.0370946, 0.0407183, 0.081086, 0.140626, 0.209852, 0.273465, 0.273585, 0.434517, 0.441918, 0.457509, 1, 

75,1455,0.001, 0.0141455, 0.0218816, 0.0456565, 0.126535, 0.171676, 0.223503, 0.360442, 0.365705, 0.45636, 0.479251, 0.508095, 1, 

73,1996,0.001, 0.0110509, 0.0528152, 0.0980615, 0.106911, 0.119235, 0.467519, 0.845754, 0.979017, 1, 

71,2003,0.001, 0.016831, 0.0261442, 0.117336, 0.141682, 0.173924, 0.363872, 0.411498, 0.434517, 0.441918, 0.457509, 1, 

74,1665,0.001, 0.00749773, 0.0835864, 0.148514, 0.148878, 0.209852, 0.273465, 0.273585, 0.353292, 0.369654, 0.382673, 1, 

Generation #6
70,2386,0.001, 0.0370946, 0.0407183, 0.081086, 0.140626, 0.209852, 0.273465, 0.273585, 0.434517, 0.441918, 0.457509, 1, 

75,1455,0.001, 0.0141455, 0.0218816, 0.0456565, 0.126535, 0.171676, 0.223503, 0.360442, 0.365705, 0.45636, 0.479251, 0.508095, 1, 

71,2003,0.001, 0.016831, 0.0261442, 0.117336, 0.141682, 0.173924, 0.363872, 0.411498, 0.434517, 0.441918, 0.457509, 1, 

74,1665,0.001, 0.00749773, 0.0835864, 0.148514, 0.148878, 0.209852, 0.273465, 0.273585, 0.353292, 0.369654, 0.382673, 1, 

72,1747,0.001, 0.0110509, 0.0391854, 0.0928903, 0.129683, 0.173924, 0.363872, 0.411498, 0.434517, 0.441918, 0.457509, 1, 

Generation #7
75,1455,0.001, 0.0141455, 0.0218816, 0.0456565, 0.126535, 0.171676, 0.223503, 0.360442, 0.365705, 0.45636, 0.479251, 0.508095, 1, 

74,1665,0.001, 0.00749773, 0.0835864, 0.148514, 0.148878, 0.209852, 0.273465, 0.273585, 0.353292, 0.369654, 0.382673, 1, 

72,1747,0.001, 0.0110509, 0.0391854, 0.0928903, 0.129683, 0.173924, 0.363872, 0.411498, 0.434517, 0.441918, 0.457509, 1, 

69,1967,0.001, 0.0234395, 0.0390873, 0.0460126, 0.10239, 0.100799, 0.164494, 0.217953, 0.979017, 1, 

73,1705,0.001, 0.0141455, 0.0218816, 0.0456565, 0.140626, 0.209852, 0.273465, 0.273585, 0.434517, 0.441918, 0.457509, 1, 

Generation #8
75,1455,0.001, 0.0141455, 0.0218816, 0.0456565, 0.126535, 0.171676, 0.223503, 0.360442, 0.365705, 0.45636, 0.479251, 0.508095, 1, 

72,1747,0.001, 0.0110509, 0.0391854, 0.0928903, 0.129683, 0.173924, 0.363872, 0.411498, 0.434517, 0.441918, 0.457509, 1, 

73,1705,0.001, 0.0141455, 0.0218816, 0.0456565, 0.140626, 0.209852, 0.273465, 0.273585, 0.434517, 0.441918, 0.457509, 1, 

69,1858,0.001, 0.016831, 0.0261442, 0.081086, 0.140626, 0.209852, 0.273465, 0.273585, 0.353292, 0.382673, 1, 

81,1446,0.001, 0.00749773, 0.0261442, 0.0262016, 0.0663368, 0.148351, 0.15305, 0.161136, 0.230267, 0.239707, 0.475426, 0.477239, 0.418693, 0.466229, 0.520547, 0.531108, 0.535225, 0.607002, 0.66901, 0.937812, 0.992883, 1, 

74,1634,0.001, 0.0141455, 0.0218816, 0.0456565, 0.140626, 0.209852, 0.273465, 0.17776, 0.247358, 0.441918, 0.457509, 1, 

Generation #9
69,1858,0.001, 0.016831, 0.0261442, 0.081086, 0.140626, 0.209852, 0.273465, 0.273585, 0.353292, 0.382673, 1, 

72,1446,0.001, 0.00749773, 0.0392393, 0.0261442, 0.0262016, 0.0663368, 0.209852, 0.273465, 0.979017, 1, 

71,1467,0.001, 0.00749773, 0.0392393, 0.0261442, 0.0262016, 0.0663368, 0.209852, 0.699261, 0.979017, 1, 

75,1404,0.001, 0.00749773, 0.0261442, 0.0262016, 0.0663368, 0.119235, 0.150345, 0.17776, 0.247358, 0.299091, 0.479251, 0.705202, 0.492376, 0.86027, 0.97724, 1, 

Generation #10
69,1858,0.001, 0.016831, 0.0261442, 0.081086, 0.140626, 0.209852, 0.273465, 0.273585, 0.353292, 0.382673, 1, 

72,1446,0.001, 0.00749773, 0.0392393, 0.0261442, 0.0262016, 0.0663368, 0.209852, 0.273465, 0.979017, 1, 

71,1467,0.001, 0.00749773, 0.0392393, 0.0261442, 0.0262016, 0.0663368, 0.209852, 0.699261, 0.979017, 1, 

73,1220,0.001, 0.00749773, 0.0261442, 0.0262016, 0.0663368, 0.119235, 0.150345, 0.17776, 0.594395, 0.299091, 0.457509, 1, 

70,1846,0.001, 0.0141455, 0.0218816, 0.0456565, 0.140626, 0.209852, 0.273465, 0.17776, 0.247358, 0.441918, 0.457509, 1, 

Generation #11
69,1858,0.001, 0.016831, 0.0261442, 0.081086, 0.140626, 0.209852, 0.273465, 0.273585, 0.353292, 0.382673, 1, 

73,1220,0.001, 0.00749773, 0.0261442, 0.0262016, 0.0663368, 0.119235, 0.150345, 0.17776, 0.594395, 0.299091, 0.457509, 1, 

70,1846,0.001, 0.0141455, 0.0218816, 0.0456565, 0.140626, 0.209852, 0.273465, 0.17776, 0.247358, 0.441918, 0.457509, 1, 

71,1261,0.001, 0.00749773, 0.0261442, 0.0262016, 0.0663368, 0.100799, 0.164494, 0.217953, 0.979017, 1, 

Generation #12
73,1220,0.001, 0.00749773, 0.0261442, 0.0262016, 0.0663368, 0.119235, 0.150345, 0.17776, 0.594395, 0.299091, 0.457509, 1, 

71,1261,0.001, 0.00749773, 0.0261442, 0.0262016, 0.0663368, 0.100799, 0.164494, 0.217953, 0.979017, 1, 

69,1804,0.001, 0.0141455, 0.0218816, 0.0456565, 0.140626, 0.209852, 0.273465, 0.17776, 0.247358, 0.441918, 0.138408, 0.457509, 1, 

70,1277,0.001, 0.00749773, 0.0261442, 0.0262016, 0.0663368, 0.119235, 0.150345, 0.360442, 0.434517, 0.441918, 0.457509, 1, 

72,1229,0.001, 0.00749773, 0.0392393, 0.0261442, 0.0262016, 0.0663368, 0.150345, 0.17776, 0.247358, 0.299091, 0.400537, 1, 

Generation #13
73,1220,0.001, 0.00749773, 0.0261442, 0.0262016, 0.0663368, 0.119235, 0.150345, 0.17776, 0.594395, 0.299091, 0.457509, 1, 

69,1346,0.001, 0.00749773, 0.0261442, 0.0262016, 0.0663368, 0.119235, 0.150345, 0.17776, 0.247358, 1, 

70,1224,0.001, 0.00749773, 0.0392393, 0.0261442, 0.0262016, 0.0663368, 0.150345, 0.17776, 0.247358, 0.299091, 0.400537, 1, 

Generation #14
73,1220,0.001, 0.00749773, 0.0261442, 0.0262016, 0.0663368, 0.119235, 0.150345, 0.17776, 0.594395, 0.299091, 0.457509, 1, 

69,1346,0.001, 0.00749773, 0.0261442, 0.0262016, 0.0663368, 0.119235, 0.150345, 0.17776, 0.247358, 1, 

70,1224,0.001, 0.00749773, 0.0392393, 0.0261442, 0.0262016, 0.0663368, 0.150345, 0.17776, 0.247358, 0.299091, 0.400537, 1, 

75,1097,0.001, 0.00749773, 0.0261442, 0.0262016, 0.0663368, 0.119235, 0.150345, 0.360442, 0.434517, 0.441918, 0.457509, 0.714346, 0.747626, 1, 

67,1416,0.001, 0.00749773, 0.0261442, 0.0262016, 0.0663368, 0.119235, 0.150345, 0.17776, 1, 

Generation #15
73,1220,0.001, 0.00749773, 0.0261442, 0.0262016, 0.0663368, 0.119235, 0.150345, 0.17776, 0.594395, 0.299091, 0.457509, 1, 

69,1346,0.001, 0.00749773, 0.0261442, 0.0262016, 0.0663368, 0.119235, 0.150345, 0.17776, 0.247358, 1, 

70,1224,0.001, 0.00749773, 0.0392393, 0.0261442, 0.0262016, 0.0663368, 0.150345, 0.17776, 0.247358, 0.299091, 0.400537, 1, 

75,1097,0.001, 0.00749773, 0.0261442, 0.0262016, 0.0663368, 0.119235, 0.150345, 0.360442, 0.434517, 0.441918, 0.457509, 0.714346, 0.747626, 1, 

67,1416,0.001, 0.00749773, 0.0261442, 0.0262016, 0.0663368, 0.119235, 0.150345, 0.17776, 1, 

Generation #16
70,1224,0.001, 0.00749773, 0.0392393, 0.0261442, 0.0262016, 0.0663368, 0.150345, 0.17776, 0.247358, 0.299091, 0.400537, 1, 

75,1097,0.001, 0.00749773, 0.0261442, 0.0262016, 0.0663368, 0.119235, 0.150345, 0.360442, 0.434517, 0.441918, 0.457509, 0.714346, 0.747626, 1, 

67,1416,0.001, 0.00749773, 0.0261442, 0.0262016, 0.0663368, 0.119235, 0.150345, 0.17776, 1, 

73,1148,0.001, 0.00749773, 0.0261442, 0.0262016, 0.0663368, 0.119235, 0.150345, 0.17776, 0.594395, 0.457509, 1, 

69,1280,0.001, 0.00749773, 0.0261442, 0.0262016, 0.0663368, 0.119235, 0.150345, 0.17776, 0.247358, 0.382673, 1, 

Generation #17
70,1224,0.001, 0.00749773, 0.0392393, 0.0261442, 0.0262016, 0.0663368, 0.150345, 0.17776, 0.247358, 0.299091, 0.400537, 1, 

75,1097,0.001, 0.00749773, 0.0261442, 0.0262016, 0.0663368, 0.119235, 0.150345, 0.360442, 0.434517, 0.441918, 0.457509, 0.714346, 0.747626, 1, 

67,1416,0.001, 0.00749773, 0.0261442, 0.0262016, 0.0663368, 0.119235, 0.150345, 0.17776, 1, 

73,1148,0.001, 0.00749773, 0.0261442, 0.0262016, 0.0663368, 0.119235, 0.150345, 0.17776, 0.594395, 0.457509, 1, 

69,1280,0.001, 0.00749773, 0.0261442, 0.0262016, 0.0663368, 0.119235, 0.150345, 0.17776, 0.247358, 0.382673, 1, 

Generation #18
70,1224,0.001, 0.00749773, 0.0392393, 0.0261442, 0.0262016, 0.0663368, 0.150345, 0.17776, 0.247358, 0.299091, 0.400537, 1, 

75,1097,0.001, 0.00749773, 0.0261442, 0.0262016, 0.0663368, 0.119235, 0.150345, 0.360442, 0.434517, 0.441918, 0.457509, 0.714346, 0.747626, 1, 

67,1416,0.001, 0.00749773, 0.0261442, 0.0262016, 0.0663368, 0.119235, 0.150345, 0.17776, 1, 

73,1148,0.001, 0.00749773, 0.0261442, 0.0262016, 0.0663368, 0.119235, 0.150345, 0.17776, 0.594395, 0.457509, 1, 

69,1280,0.001, 0.00749773, 0.0261442, 0.0262016, 0.0663368, 0.119235, 0.150345, 0.17776, 0.247358, 0.382673, 1, 

Generation #19
70,1224,0.001, 0.00749773, 0.0392393, 0.0261442, 0.0262016, 0.0663368, 0.150345, 0.17776, 0.247358, 0.299091, 0.400537, 1, 

75,1097,0.001, 0.00749773, 0.0261442, 0.0262016, 0.0663368, 0.119235, 0.150345, 0.360442, 0.434517, 0.441918, 0.457509, 0.714346, 0.747626, 1, 

67,1416,0.001, 0.00749773, 0.0261442, 0.0262016, 0.0663368, 0.119235, 0.150345, 0.17776, 1, 

69,1280,0.001, 0.00749773, 0.0261442, 0.0262016, 0.0663368, 0.119235, 0.150345, 0.17776, 0.247358, 0.382673, 1, 

73,1130,0.001, 0.00749773, 0.0261442, 0.0262016, 0.0262016, 0.0663368, 0.150345, 0.17776, 0.0879469, 0.441918, 0.457509, 0.714346, 0.747626, 1, 

Generation #20
70,1224,0.001, 0.00749773, 0.0392393, 0.0261442, 0.0262016, 0.0663368, 0.150345, 0.17776, 0.247358, 0.299091, 0.400537, 1, 

75,1097,0.001, 0.00749773, 0.0261442, 0.0262016, 0.0663368, 0.119235, 0.150345, 0.360442, 0.434517, 0.441918, 0.457509, 0.714346, 0.747626, 1, 

67,1416,0.001, 0.00749773, 0.0261442, 0.0262016, 0.0663368, 0.119235, 0.150345, 0.17776, 1, 

69,1280,0.001, 0.00749773, 0.0261442, 0.0262016, 0.0663368, 0.119235, 0.150345, 0.17776, 0.247358, 0.382673, 1, 

73,1130,0.001, 0.00749773, 0.0261442, 0.0262016, 0.0262016, 0.0663368, 0.150345, 0.17776, 0.0879469, 0.441918, 0.457509, 0.714346, 0.747626, 1, 

Generation #21
75,1097,0.001, 0.00749773, 0.0261442, 0.0262016, 0.0663368, 0.119235, 0.150345, 0.360442, 0.434517, 0.441918, 0.457509, 0.714346, 0.747626, 1, 

67,1416,0.001, 0.00749773, 0.0261442, 0.0262016, 0.0663368, 0.119235, 0.150345, 0.17776, 1, 

69,1280,0.001, 0.00749773, 0.0261442, 0.0262016, 0.0663368, 0.119235, 0.150345, 0.17776, 0.247358, 0.382673, 1, 

73,1130,0.001, 0.00749773, 0.0261442, 0.0262016, 0.0262016, 0.0663368, 0.150345, 0.17776, 0.0879469, 0.441918, 0.457509, 0.714346, 0.747626, 1, 

70,1216,0.001, 0.00749773, 0.0261442, 0.0262016, 0.0663368, 0.119235, 0.150345, 0.360442, 0.434517, 0.441918, 0.457509, 0.714346, 0.747626, 1, 

Generation #22
75,1097,0.001, 0.00749773, 0.0261442, 0.0262016, 0.0663368, 0.119235, 0.150345, 0.360442, 0.434517, 0.441918, 0.457509, 0.714346, 0.747626, 1, 

67,1416,0.001, 0.00749773, 0.0261442, 0.0262016, 0.0663368, 0.119235, 0.150345, 0.17776, 1, 

69,1280,0.001, 0.00749773, 0.0261442, 0.0262016, 0.0663368, 0.119235, 0.150345, 0.17776, 0.247358, 0.382673, 1, 

73,1130,0.001, 0.00749773, 0.0261442, 0.0262016, 0.0262016, 0.0663368, 0.150345, 0.17776, 0.0879469, 0.441918, 0.457509, 0.714346, 0.747626, 1, 

70,1216,0.001, 0.00749773, 0.0261442, 0.0262016, 0.0663368, 0.119235, 0.150345, 0.360442, 0.434517, 0.441918, 0.457509, 0.714346, 0.747626, 1, 

66,1636,0.001, 0.00749773, 0.0261442, 0.0262016, 0.0663368, 0.119235, 0.150345, 0.360442, 0.247358, 1, 

Generation #23
75,1097,0.001, 0.00749773, 0.0261442, 0.0262016, 0.0663368, 0.119235, 0.150345, 0.360442, 0.434517, 0.441918, 0.457509, 0.714346, 0.747626, 1, 

67,1416,0.001, 0.00749773, 0.0261442, 0.0262016, 0.0663368, 0.119235, 0.150345, 0.17776, 1, 

69,1280,0.001, 0.00749773, 0.0261442, 0.0262016, 0.0663368, 0.119235, 0.150345, 0.17776, 0.247358, 0.382673, 1, 

73,1130,0.001, 0.00749773, 0.0261442, 0.0262016, 0.0262016, 0.0663368, 0.150345, 0.17776, 0.0879469, 0.441918, 0.457509, 0.714346, 0.747626, 1, 

70,1216,0.001, 0.00749773, 0.0261442, 0.0262016, 0.0663368, 0.119235, 0.150345, 0.360442, 0.434517, 0.441918, 0.457509, 0.714346, 0.747626, 1, 

66,1636,0.001, 0.00749773, 0.0261442, 0.0262016, 0.0663368, 0.119235, 0.150345, 0.360442, 0.247358, 1, 

72,1193,0.001, 0.00749773, 0.0261442, 0.0262016, 0.0663368, 0.119235, 0.150345, 0.360442, 0.247358, 0.441918, 0.457509, 1, 

Generation #24
75,1097,0.001, 0.00749773, 0.0261442, 0.0262016, 0.0663368, 0.119235, 0.150345, 0.360442, 0.434517, 0.441918, 0.457509, 0.714346, 0.747626, 1, 

67,1416,0.001, 0.00749773, 0.0261442, 0.0262016, 0.0663368, 0.119235, 0.150345, 0.17776, 1, 

69,1280,0.001, 0.00749773, 0.0261442, 0.0262016, 0.0663368, 0.119235, 0.150345, 0.17776, 0.247358, 0.382673, 1, 

73,1130,0.001, 0.00749773, 0.0261442, 0.0262016, 0.0262016, 0.0663368, 0.150345, 0.17776, 0.0879469, 0.441918, 0.457509, 0.714346, 0.747626, 1, 

70,1216,0.001, 0.00749773, 0.0261442, 0.0262016, 0.0663368, 0.119235, 0.150345, 0.360442, 0.434517, 0.441918, 0.457509, 0.714346, 0.747626, 1, 

66,1636,0.001, 0.00749773, 0.0261442, 0.0262016, 0.0663368, 0.119235, 0.150345, 0.360442, 0.247358, 1, 

72,1193,0.001, 0.00749773, 0.0261442, 0.0262016, 0.0663368, 0.119235, 0.150345, 0.360442, 0.247358, 0.441918, 0.457509, 1, 

Generation #25
75,1097,0.001, 0.00749773, 0.0261442, 0.0262016, 0.0663368, 0.119235, 0.150345, 0.360442, 0.434517, 0.441918, 0.457509, 0.714346, 0.747626, 1, 

67,1416,0.001, 0.00749773, 0.0261442, 0.0262016, 0.0663368, 0.119235, 0.150345, 0.17776, 1, 

69,1280,0.001, 0.00749773, 0.0261442, 0.0262016, 0.0663368, 0.119235, 0.150345, 0.17776, 0.247358, 0.382673, 1, 

73,1130,0.001, 0.00749773, 0.0261442, 0.0262016, 0.0262016, 0.0663368, 0.150345, 0.17776, 0.0879469, 0.441918, 0.457509, 0.714346, 0.747626, 1, 

70,1216,0.001, 0.00749773, 0.0261442, 0.0262016, 0.0663368, 0.119235, 0.150345, 0.360442, 0.434517, 0.441918, 0.457509, 0.714346, 0.747626, 1, 

66,1636,0.001, 0.00749773, 0.0261442, 0.0262016, 0.0663368, 0.119235, 0.150345, 0.360442, 0.247358, 1, 

71,1215,0.001, 0.00749773, 0.0392393, 0.0261442, 0.0262016, 0.119235, 0.150345, 0.17776, 0.247358, 0.299091, 0.400537, 1, 

72,1192,0.001, 0.00749773, 0.0261442, 0.0262016, 0.0663368, 0.100799, 0.150345, 0.360442, 0.979017, 1, 

Generation #26
75,1097,0.001, 0.00749773, 0.0261442, 0.0262016, 0.0663368, 0.119235, 0.150345, 0.360442, 0.434517, 0.441918, 0.457509, 0.714346, 0.747626, 1, 

67,1416,0.001, 0.00749773, 0.0261442, 0.0262016, 0.0663368, 0.119235, 0.150345, 0.17776, 1, 

69,1280,0.001, 0.00749773, 0.0261442, 0.0262016, 0.0663368, 0.119235, 0.150345, 0.17776, 0.247358, 0.382673, 1, 

73,1130,0.001, 0.00749773, 0.0261442, 0.0262016, 0.0262016, 0.0663368, 0.150345, 0.17776, 0.0879469, 0.441918, 0.457509, 0.714346, 0.747626, 1, 

70,1216,0.001, 0.00749773, 0.0261442, 0.0262016, 0.0663368, 0.119235, 0.150345, 0.360442, 0.434517, 0.441918, 0.457509, 0.714346, 0.747626, 1, 

66,1636,0.001, 0.00749773, 0.0261442, 0.0262016, 0.0663368, 0.119235, 0.150345, 0.360442, 0.247358, 1, 

71,1215,0.001, 0.00749773, 0.0392393, 0.0261442, 0.0262016, 0.119235, 0.150345, 0.17776, 0.247358, 0.299091, 0.400537, 1, 

72,1192,0.001, 0.00749773, 0.0261442, 0.0262016, 0.0663368, 0.100799, 0.150345, 0.360442, 0.979017, 1, 

Generation #27
75,1097,0.001, 0.00749773, 0.0261442, 0.0262016, 0.0663368, 0.119235, 0.150345, 0.360442, 0.434517, 0.441918, 0.457509, 0.714346, 0.747626, 1, 

67,1416,0.001, 0.00749773, 0.0261442, 0.0262016, 0.0663368, 0.119235, 0.150345, 0.17776, 1, 

69,1280,0.001, 0.00749773, 0.0261442, 0.0262016, 0.0663368, 0.119235, 0.150345, 0.17776, 0.247358, 0.382673, 1, 

73,1130,0.001, 0.00749773, 0.0261442, 0.0262016, 0.0262016, 0.0663368, 0.150345, 0.17776, 0.0879469, 0.441918, 0.457509, 0.714346, 0.747626, 1, 

70,1216,0.001, 0.00749773, 0.0261442, 0.0262016, 0.0663368, 0.119235, 0.150345, 0.360442, 0.434517, 0.441918, 0.457509, 0.714346, 0.747626, 1, 

66,1636,0.001, 0.00749773, 0.0261442, 0.0262016, 0.0663368, 0.119235, 0.150345, 0.360442, 0.247358, 1, 

72,1192,0.001, 0.00749773, 0.0261442, 0.0262016, 0.0663368, 0.100799, 0.150345, 0.360442, 0.979017, 1, 

71,1198,0.001, 0.00749773, 0.0261442, 0.0262016, 0.0262016, 0.0663368, 0.150345, 0.17776, 0.247358, 1, 

Generation #28
67,1416,0.001, 0.00749773, 0.0261442, 0.0262016, 0.0663368, 0.119235, 0.150345, 0.17776, 1, 

69,1280,0.001, 0.00749773, 0.0261442, 0.0262016, 0.0663368, 0.119235, 0.150345, 0.17776, 0.247358, 0.382673, 1, 

66,1636,0.001, 0.00749773, 0.0261442, 0.0262016, 0.0663368, 0.119235, 0.150345, 0.360442, 0.247358, 1, 

70,1069,0.001, 0.00749773, 0.0392393, 0.0261442, 0.0262016, 0.119235, 0.150345, 0.17776, 0.247358, 0.299091, 0.400537, 1, 

Generation #29
67,1416,0.001, 0.00749773, 0.0261442, 0.0262016, 0.0663368, 0.119235, 0.150345, 0.17776, 1, 

69,1280,0.001, 0.00749773, 0.0261442, 0.0262016, 0.0663368, 0.119235, 0.150345, 0.17776, 0.247358, 0.382673, 1, 

66,1636,0.001, 0.00749773, 0.0261442, 0.0262016, 0.0663368, 0.119235, 0.150345, 0.360442, 0.247358, 1, 

70,1069,0.001, 0.00749773, 0.0392393, 0.0261442, 0.0262016, 0.119235, 0.150345, 0.17776, 0.247358, 0.299091, 0.400537, 1, 

Generation #30
67,1416,0.001, 0.00749773, 0.0261442, 0.0262016, 0.0663368, 0.119235, 0.150345, 0.17776, 1, 

66,1636,0.001, 0.00749773, 0.0261442, 0.0262016, 0.0663368, 0.119235, 0.150345, 0.360442, 0.247358, 1, 

70,1069,0.001, 0.00749773, 0.0392393, 0.0261442, 0.0262016, 0.119235, 0.150345, 0.17776, 0.247358, 0.299091, 0.400537, 1, 

68,1112,0.001, 0.00749773, 0.0261442, 0.0262016, 0.0262016, 0.0663368, 0.150345, 0.229304, 0.247358, 1, 

Generation #31
67,1416,0.001, 0.00749773, 0.0261442, 0.0262016, 0.0663368, 0.119235, 0.150345, 0.17776, 1, 

66,1636,0.001, 0.00749773, 0.0261442, 0.0262016, 0.0663368, 0.119235, 0.150345, 0.360442, 0.247358, 1, 

70,1069,0.001, 0.00749773, 0.0392393, 0.0261442, 0.0262016, 0.119235, 0.150345, 0.17776, 0.247358, 0.299091, 0.400537, 1, 

68,1112,0.001, 0.00749773, 0.0261442, 0.0262016, 0.0262016, 0.0663368, 0.150345, 0.229304, 0.247358, 1, 

75,1048,0.001, 0.00749773, 0.0261442, 0.0262016, 0.0262016, 0.0663368, 0.150345, 0.17776, 0.247358, 0.299091, 0.400537, 1, 

Generation #32
67,1416,0.001, 0.00749773, 0.0261442, 0.0262016, 0.0663368, 0.119235, 0.150345, 0.17776, 1, 

66,1636,0.001, 0.00749773, 0.0261442, 0.0262016, 0.0663368, 0.119235, 0.150345, 0.360442, 0.247358, 1, 

70,1069,0.001, 0.00749773, 0.0392393, 0.0261442, 0.0262016, 0.119235, 0.150345, 0.17776, 0.247358, 0.299091, 0.400537, 1, 

68,1112,0.001, 0.00749773, 0.0261442, 0.0262016, 0.0262016, 0.0663368, 0.150345, 0.229304, 0.247358, 1, 

75,1048,0.001, 0.00749773, 0.0261442, 0.0262016, 0.0262016, 0.0663368, 0.150345, 0.17776, 0.247358, 0.299091, 0.400537, 1, 

Generation #33
67,1416,0.001, 0.00749773, 0.0261442, 0.0262016, 0.0663368, 0.119235, 0.150345, 0.17776, 1, 

66,1636,0.001, 0.00749773, 0.0261442, 0.0262016, 0.0663368, 0.119235, 0.150345, 0.360442, 0.247358, 1, 

70,1069,0.001, 0.00749773, 0.0392393, 0.0261442, 0.0262016, 0.119235, 0.150345, 0.17776, 0.247358, 0.299091, 0.400537, 1, 

68,1112,0.001, 0.00749773, 0.0261442, 0.0262016, 0.0262016, 0.0663368, 0.150345, 0.229304, 0.247358, 1, 

75,1048,0.001, 0.00749773, 0.0261442, 0.0262016, 0.0262016, 0.0663368, 0.150345, 0.17776, 0.247358, 0.299091, 0.400537, 1, 

Generation #34
67,1416,0.001, 0.00749773, 0.0261442, 0.0262016, 0.0663368, 0.119235, 0.150345, 0.17776, 1, 

66,1636,0.001, 0.00749773, 0.0261442, 0.0262016, 0.0663368, 0.119235, 0.150345, 0.360442, 0.247358, 1, 

70,1069,0.001, 0.00749773, 0.0392393, 0.0261442, 0.0262016, 0.119235, 0.150345, 0.17776, 0.247358, 0.299091, 0.400537, 1, 

68,1112,0.001, 0.00749773, 0.0261442, 0.0262016, 0.0262016, 0.0663368, 0.150345, 0.229304, 0.247358, 1, 

72,890,0.001, 0.00749773, 0.0261442, 0.0262016, 0.0262016, 0.0663368, 0.150345, 0.17776, 0.247358, 0.4487, 0.400537, 1, 

Generation #35
67,1416,0.001, 0.00749773, 0.0261442, 0.0262016, 0.0663368, 0.119235, 0.150345, 0.17776, 1, 

66,1636,0.001, 0.00749773, 0.0261442, 0.0262016, 0.0663368, 0.119235, 0.150345, 0.360442, 0.247358, 1, 

70,1069,0.001, 0.00749773, 0.0392393, 0.0261442, 0.0262016, 0.119235, 0.150345, 0.17776, 0.247358, 0.299091, 0.400537, 1, 

68,1112,0.001, 0.00749773, 0.0261442, 0.0262016, 0.0262016, 0.0663368, 0.150345, 0.229304, 0.247358, 1, 

72,890,0.001, 0.00749773, 0.0261442, 0.0262016, 0.0262016, 0.0663368, 0.150345, 0.17776, 0.247358, 0.4487, 0.400537, 1, 

71,1052,0.001, 0.00749773, 0.0261442, 0.0262016, 0.0663368, 0.119235, 0.150345, 0.360442, 0.434517, 0.441918, 0.457509, 0.714346, 0.747626, 1, 

Generation #36
67,1416,0.001, 0.00749773, 0.0261442, 0.0262016, 0.0663368, 0.119235, 0.150345, 0.17776, 1, 

66,1636,0.001, 0.00749773, 0.0261442, 0.0262016, 0.0663368, 0.119235, 0.150345, 0.360442, 0.247358, 1, 

70,1069,0.001, 0.00749773, 0.0392393, 0.0261442, 0.0262016, 0.119235, 0.150345, 0.17776, 0.247358, 0.299091, 0.400537, 1, 

68,1112,0.001, 0.00749773, 0.0261442, 0.0262016, 0.0262016, 0.0663368, 0.150345, 0.229304, 0.247358, 1, 

72,890,0.001, 0.00749773, 0.0261442, 0.0262016, 0.0262016, 0.0663368, 0.150345, 0.17776, 0.247358, 0.4487, 0.400537, 1, 

71,1052,0.001, 0.00749773, 0.0261442, 0.0262016, 0.0663368, 0.119235, 0.150345, 0.360442, 0.434517, 0.441918, 0.457509, 0.714346, 0.747626, 1, 

Generation #37
67,1416,0.001, 0.00749773, 0.0261442, 0.0262016, 0.0663368, 0.119235, 0.150345, 0.17776, 1, 

66,1636,0.001, 0.00749773, 0.0261442, 0.0262016, 0.0663368, 0.119235, 0.150345, 0.360442, 0.247358, 1, 

68,1112,0.001, 0.00749773, 0.0261442, 0.0262016, 0.0262016, 0.0663368, 0.150345, 0.229304, 0.247358, 1, 

72,890,0.001, 0.00749773, 0.0261442, 0.0262016, 0.0262016, 0.0663368, 0.150345, 0.17776, 0.247358, 0.4487, 0.400537, 1, 

69,961,0.001, 0.00749773, 0.0261442, 0.0262016, 0.0262016, 0.0663368, 0.150345, 0.229304, 0.247358, 1, 

Generation #38
67,1416,0.001, 0.00749773, 0.0261442, 0.0262016, 0.0663368, 0.119235, 0.150345, 0.17776, 1, 

66,1636,0.001, 0.00749773, 0.0261442, 0.0262016, 0.0663368, 0.119235, 0.150345, 0.360442, 0.247358, 1, 

68,1112,0.001, 0.00749773, 0.0261442, 0.0262016, 0.0262016, 0.0663368, 0.150345, 0.229304, 0.247358, 1, 

72,890,0.001, 0.00749773, 0.0261442, 0.0262016, 0.0262016, 0.0663368, 0.150345, 0.17776, 0.247358, 0.4487, 0.400537, 1, 

69,961,0.001, 0.00749773, 0.0261442, 0.0262016, 0.0262016, 0.0663368, 0.150345, 0.229304, 0.247358, 1, 

Generation #39
67,1416,0.001, 0.00749773, 0.0261442, 0.0262016, 0.0663368, 0.119235, 0.150345, 0.17776, 1, 

66,1636,0.001, 0.00749773, 0.0261442, 0.0262016, 0.0663368, 0.119235, 0.150345, 0.360442, 0.247358, 1, 

68,1112,0.001, 0.00749773, 0.0261442, 0.0262016, 0.0262016, 0.0663368, 0.150345, 0.229304, 0.247358, 1, 

72,890,0.001, 0.00749773, 0.0261442, 0.0262016, 0.0262016, 0.0663368, 0.150345, 0.17776, 0.247358, 0.4487, 0.400537, 1, 

69,961,0.001, 0.00749773, 0.0261442, 0.0262016, 0.0262016, 0.0663368, 0.150345, 0.229304, 0.247358, 1, 

Generation #40
67,1416,0.001, 0.00749773, 0.0261442, 0.0262016, 0.0663368, 0.119235, 0.150345, 0.17776, 1, 

66,1636,0.001, 0.00749773, 0.0261442, 0.0262016, 0.0663368, 0.119235, 0.150345, 0.360442, 0.247358, 1, 

68,1112,0.001, 0.00749773, 0.0261442, 0.0262016, 0.0262016, 0.0663368, 0.150345, 0.229304, 0.247358, 1, 

72,890,0.001, 0.00749773, 0.0261442, 0.0262016, 0.0262016, 0.0663368, 0.150345, 0.17776, 0.247358, 0.4487, 0.400537, 1, 

69,961,0.001, 0.00749773, 0.0261442, 0.0262016, 0.0262016, 0.0663368, 0.150345, 0.229304, 0.247358, 1, 

Generation #41
67,1416,0.001, 0.00749773, 0.0261442, 0.0262016, 0.0663368, 0.119235, 0.150345, 0.17776, 1, 

66,1636,0.001, 0.00749773, 0.0261442, 0.0262016, 0.0663368, 0.119235, 0.150345, 0.360442, 0.247358, 1, 

68,1112,0.001, 0.00749773, 0.0261442, 0.0262016, 0.0262016, 0.0663368, 0.150345, 0.229304, 0.247358, 1, 

72,890,0.001, 0.00749773, 0.0261442, 0.0262016, 0.0262016, 0.0663368, 0.150345, 0.17776, 0.247358, 0.4487, 0.400537, 1, 

69,961,0.001, 0.00749773, 0.0261442, 0.0262016, 0.0262016, 0.0663368, 0.150345, 0.229304, 0.247358, 1, 

Generation #42
67,1416,0.001, 0.00749773, 0.0261442, 0.0262016, 0.0663368, 0.119235, 0.150345, 0.17776, 1, 

66,1636,0.001, 0.00749773, 0.0261442, 0.0262016, 0.0663368, 0.119235, 0.150345, 0.360442, 0.247358, 1, 

68,1112,0.001, 0.00749773, 0.0261442, 0.0262016, 0.0262016, 0.0663368, 0.150345, 0.229304, 0.247358, 1, 

72,890,0.001, 0.00749773, 0.0261442, 0.0262016, 0.0262016, 0.0663368, 0.150345, 0.17776, 0.247358, 0.4487, 0.400537, 1, 

69,961,0.001, 0.00749773, 0.0261442, 0.0262016, 0.0262016, 0.0663368, 0.150345, 0.229304, 0.247358, 1, 

Generation #43
67,1416,0.001, 0.00749773, 0.0261442, 0.0262016, 0.0663368, 0.119235, 0.150345, 0.17776, 1, 

66,1636,0.001, 0.00749773, 0.0261442, 0.0262016, 0.0663368, 0.119235, 0.150345, 0.360442, 0.247358, 1, 

68,1112,0.001, 0.00749773, 0.0261442, 0.0262016, 0.0262016, 0.0663368, 0.150345, 0.229304, 0.247358, 1, 

72,890,0.001, 0.00749773, 0.0261442, 0.0262016, 0.0262016, 0.0663368, 0.150345, 0.17776, 0.247358, 0.4487, 0.400537, 1, 

69,961,0.001, 0.00749773, 0.0261442, 0.0262016, 0.0262016, 0.0663368, 0.150345, 0.229304, 0.247358, 1, 

Generation #44
67,1416,0.001, 0.00749773, 0.0261442, 0.0262016, 0.0663368, 0.119235, 0.150345, 0.17776, 1, 

66,1636,0.001, 0.00749773, 0.0261442, 0.0262016, 0.0663368, 0.119235, 0.150345, 0.360442, 0.247358, 1, 

68,1112,0.001, 0.00749773, 0.0261442, 0.0262016, 0.0262016, 0.0663368, 0.150345, 0.229304, 0.247358, 1, 

72,890,0.001, 0.00749773, 0.0261442, 0.0262016, 0.0262016, 0.0663368, 0.150345, 0.17776, 0.247358, 0.4487, 0.400537, 1, 

69,961,0.001, 0.00749773, 0.0261442, 0.0262016, 0.0262016, 0.0663368, 0.150345, 0.229304, 0.247358, 1, 

Generation #45
67,1416,0.001, 0.00749773, 0.0261442, 0.0262016, 0.0663368, 0.119235, 0.150345, 0.17776, 1, 

66,1636,0.001, 0.00749773, 0.0261442, 0.0262016, 0.0663368, 0.119235, 0.150345, 0.360442, 0.247358, 1, 

68,1112,0.001, 0.00749773, 0.0261442, 0.0262016, 0.0262016, 0.0663368, 0.150345, 0.229304, 0.247358, 1, 

72,890,0.001, 0.00749773, 0.0261442, 0.0262016, 0.0262016, 0.0663368, 0.150345, 0.17776, 0.247358, 0.4487, 0.400537, 1, 

69,961,0.001, 0.00749773, 0.0261442, 0.0262016, 0.0262016, 0.0663368, 0.150345, 0.229304, 0.247358, 1, 

Generation #46
67,1416,0.001, 0.00749773, 0.0261442, 0.0262016, 0.0663368, 0.119235, 0.150345, 0.17776, 1, 

66,1636,0.001, 0.00749773, 0.0261442, 0.0262016, 0.0663368, 0.119235, 0.150345, 0.360442, 0.247358, 1, 

68,1112,0.001, 0.00749773, 0.0261442, 0.0262016, 0.0262016, 0.0663368, 0.150345, 0.229304, 0.247358, 1, 

72,890,0.001, 0.00749773, 0.0261442, 0.0262016, 0.0262016, 0.0663368, 0.150345, 0.17776, 0.247358, 0.4487, 0.400537, 1, 

69,961,0.001, 0.00749773, 0.0261442, 0.0262016, 0.0262016, 0.0663368, 0.150345, 0.229304, 0.247358, 1, 

Generation #47
67,1416,0.001, 0.00749773, 0.0261442, 0.0262016, 0.0663368, 0.119235, 0.150345, 0.17776, 1, 

66,1636,0.001, 0.00749773, 0.0261442, 0.0262016, 0.0663368, 0.119235, 0.150345, 0.360442, 0.247358, 1, 

68,1112,0.001, 0.00749773, 0.0261442, 0.0262016, 0.0262016, 0.0663368, 0.150345, 0.229304, 0.247358, 1, 

72,890,0.001, 0.00749773, 0.0261442, 0.0262016, 0.0262016, 0.0663368, 0.150345, 0.17776, 0.247358, 0.4487, 0.400537, 1, 

69,961,0.001, 0.00749773, 0.0261442, 0.0262016, 0.0262016, 0.0663368, 0.150345, 0.229304, 0.247358, 1, 

Generation #48
67,1416,0.001, 0.00749773, 0.0261442, 0.0262016, 0.0663368, 0.119235, 0.150345, 0.17776, 1, 

66,1636,0.001, 0.00749773, 0.0261442, 0.0262016, 0.0663368, 0.119235, 0.150345, 0.360442, 0.247358, 1, 

68,1112,0.001, 0.00749773, 0.0261442, 0.0262016, 0.0262016, 0.0663368, 0.150345, 0.229304, 0.247358, 1, 

72,890,0.001, 0.00749773, 0.0261442, 0.0262016, 0.0262016, 0.0663368, 0.150345, 0.17776, 0.247358, 0.4487, 0.400537, 1, 

69,961,0.001, 0.00749773, 0.0261442, 0.0262016, 0.0262016, 0.0663368, 0.150345, 0.229304, 0.247358, 1, 

Generation #49
67,1416,0.001, 0.00749773, 0.0261442, 0.0262016, 0.0663368, 0.119235, 0.150345, 0.17776, 1, 

66,1636,0.001, 0.00749773, 0.0261442, 0.0262016, 0.0663368, 0.119235, 0.150345, 0.360442, 0.247358, 1, 

68,1112,0.001, 0.00749773, 0.0261442, 0.0262016, 0.0262016, 0.0663368, 0.150345, 0.229304, 0.247358, 1, 

72,890,0.001, 0.00749773, 0.0261442, 0.0262016, 0.0262016, 0.0663368, 0.150345, 0.17776, 0.247358, 0.4487, 0.400537, 1, 

69,961,0.001, 0.00749773, 0.0261442, 0.0262016, 0.0262016, 0.0663368, 0.150345, 0.229304, 0.247358, 1, 

--- Pareto Front Solutions ---
Solution 0: N total=112 (N_initial=45, N_added=67), Time total=1434 ms, Saved to: ./results/Wireless_t2_l1_pareto_0.csv, percents=0.001, 0.00749773, 0.0261442, 0.0262016, 0.0663368, 0.119235, 0.150345, 0.17776, 1, 

Solution 1: N total=111 (N_initial=45, N_added=66), Time total=1654 ms, Saved to: ./results/Wireless_t2_l1_pareto_1.csv, percents=0.001, 0.00749773, 0.0261442, 0.0262016, 0.0663368, 0.119235, 0.150345, 0.360442, 0.247358, 1, 

Solution 2: N total=113 (N_initial=45, N_added=68), Time total=1130 ms, Saved to: ./results/Wireless_t2_l1_pareto_2.csv, percents=0.001, 0.00749773, 0.0261442, 0.0262016, 0.0262016, 0.0663368, 0.150345, 0.229304, 0.247358, 1, 

Solution 3: N total=117 (N_initial=45, N_added=72), Time total=908 ms, Saved to: ./results/Wireless_t2_l1_pareto_3.csv, percents=0.001, 0.00749773, 0.0261442, 0.0262016, 0.0262016, 0.0663368, 0.150345, 0.17776, 0.247358, 0.4487, 0.400537, 1, 

Solution 4: N total=114 (N_initial=45, N_added=69), Time total=979 ms, Saved to: ./results/Wireless_t2_l1_pareto_4.csv, percents=0.001, 0.00749773, 0.0261442, 0.0262016, 0.0262016, 0.0663368, 0.150345, 0.229304, 0.247358, 1, 

------------d=1, t=2, lambda=2, filename=./evaluation/Wireless/Wireless_2_2.csv------------
Grouping d-sets by partitioned row counts for detecting arrays...
Ready to look at pairs for detecting arrays...
First Stage N=80, Time=14
There are 10765 remaining non-locating pairs
--- Running GA Algorithm (phase2) ---
Running GA with std::execution::par
Generation #0
72,1098,0.001, 0.0270829, 0.0676214, 0.0814268, 0.103375, 0.141733, 0.26827, 0.283929, 0.326337, 0.383711, 0.397576, 0.493203, 0.518772, 0.585353, 0.58848, 0.634685, 0.694171, 0.806953, 0.808667, 0.824466, 0.949627, 1, 

78,878,0.001, 0.0180413, 0.0314863, 0.090526, 0.137326, 0.171732, 0.192412, 0.212023, 0.2409, 0.284736, 0.460909, 0.507573, 0.534359, 0.630769, 0.66095, 0.720332, 0.741499, 0.769527, 0.794779, 0.827816, 0.860169, 0.881597, 0.889185, 0.894916, 0.912408, 0.918493, 0.927476, 0.935492, 0.940032, 0.993814, 1, 

66,1330,0.001, 0.0593621, 0.0668076, 0.120864, 0.142095, 0.184661, 0.253376, 0.265059, 0.272862, 0.386158, 0.433716, 0.770736, 0.814585, 0.842908, 0.981954, 1, 

62,1422,0.001, 0.0652791, 0.128144, 0.14979, 0.211085, 0.256076, 0.415263, 0.547848, 0.569768, 0.624462, 0.734969, 1, 

71,1103,0.001, 0.0164595, 0.0248742, 0.0681127, 0.104561, 0.119108, 0.146441, 0.25852, 0.26479, 0.362616, 0.431574, 0.67027, 0.694228, 0.729922, 0.777705, 0.806085, 0.869447, 1, 

Generation #1
61,857,0.001, 0.0251072, 0.0330199, 0.0798149, 0.201882, 0.217204, 0.237699, 0.258676, 0.277278, 0.326529, 0.417457, 0.765312, 1, 

59,1925,0.001, 0.114248, 0.145102, 0.19365, 0.250393, 0.310611, 0.398125, 0.589969, 0.63011, 0.644051, 0.651172, 0.778158, 0.834335, 1, 

62,852,0.001, 0.0105058, 0.0120675, 0.0206253, 0.0350571, 0.112687, 0.133261, 0.224371, 0.224725, 0.337763, 0.409034, 0.619117, 0.629132, 1, 

Generation #2
73,770,0.001, 0.00359629, 0.00997474, 0.0201015, 0.0356475, 0.0946872, 0.125089, 0.223073, 0.282528, 0.346539, 0.517281, 0.540952, 0.541499, 0.626421, 0.634649, 0.761677, 0.772383, 0.78403, 0.965319, 1, 

57,995,0.001, 0.045282, 0.0476705, 0.0494151, 0.0669674, 0.256076, 0.415263, 0.547848, 0.569768, 0.624462, 0.734969, 1, 

58,816,0.001, 0.00359629, 0.00997474, 0.0201015, 0.0356475, 0.0946872, 0.125089, 0.223073, 0.282528, 0.346539, 0.517281, 0.41842, 0.985295, 1, 

Generation #3
57,995,0.001, 0.045282, 0.0476705, 0.0494151, 0.0669674, 0.256076, 0.415263, 0.547848, 0.569768, 0.624462, 0.734969, 1, 

58,816,0.001, 0.00359629, 0.00997474, 0.0201015, 0.0356475, 0.0946872, 0.125089, 0.223073, 0.282528, 0.346539, 0.517281, 0.41842, 0.985295, 1, 

64,737,0.001, 0.0251072, 0.0330199, 0.0201015, 0.0356475, 0.0946872, 0.125089, 0.223073, 0.282528, 0.346539, 0.517281, 0.41842, 1, 

Generation #4
58,816,0.001, 0.00359629, 0.00997474, 0.0201015, 0.0356475, 0.0946872, 0.125089, 0.223073, 0.282528, 0.346539, 0.517281, 0.41842, 0.985295, 1, 

64,737,0.001, 0.0251072, 0.0330199, 0.0201015, 0.0356475, 0.0946872, 0.125089, 0.223073, 0.282528, 0.346539, 0.517281, 0.41842, 1, 

61,772,0.001, 0.00359629, 0.00997474, 0.0201015, 0.0356475, 0.0946872, 0.125089, 0.223073, 0.282528, 0.346539, 0.417457, 0.765312, 1, 

57,881,0.001, 0.0180413, 0.00997474, 0.0201015, 0.0356475, 0.0946872, 0.125089, 0.223073, 0.282528, 0.346539, 0.517281, 0.41842, 1, 

56,1002,0.001, 0.00359629, 0.00997474, 0.0201015, 0.0356475, 0.0946872, 0.125089, 0.190775, 0.205993, 0.734969, 1, 

Generation #5
58,816,0.001, 0.00359629, 0.00997474, 0.0201015, 0.0356475, 0.0946872, 0.125089, 0.223073, 0.282528, 0.346539, 0.517281, 0.41842, 0.985295, 1, 

64,737,0.001, 0.0251072, 0.0330199, 0.0201015, 0.0356475, 0.0946872, 0.125089, 0.223073, 0.282528, 0.346539, 0.517281, 0.41842, 1, 

57,881,0.001, 0.0180413, 0.00997474, 0.0201015, 0.0356475, 0.0946872, 0.125089, 0.223073, 0.282528, 0.346539, 0.517281, 0.41842, 1, 

56,1002,0.001, 0.00359629, 0.00997474, 0.0201015, 0.0356475, 0.0946872, 0.125089, 0.190775, 0.205993, 0.734969, 1, 

60,742,0.001, 0.0180413, 0.00997474, 0.0696265, 0.0946872, 0.125089, 0.223073, 0.282528, 0.346539, 0.517281, 0.41842, 1, 

59,756,0.001, 0.0251072, 0.0330199, 0.0201015, 0.0356475, 0.0946872, 0.125089, 0.223073, 0.282528, 0.346539, 0.517281, 0.41842, 1, 

Generation #6
57,881,0.001, 0.0180413, 0.00997474, 0.0201015, 0.0356475, 0.0946872, 0.125089, 0.223073, 0.282528, 0.346539, 0.517281, 0.41842, 1, 

56,1002,0.001, 0.00359629, 0.00997474, 0.0201015, 0.0356475, 0.0946872, 0.125089, 0.190775, 0.205993, 0.734969, 1, 

59,756,0.001, 0.0251072, 0.0330199, 0.0201015, 0.0356475, 0.0946872, 0.125089, 0.223073, 0.282528, 0.346539, 0.517281, 0.41842, 1, 

60,721,0.001, 0.0180413, 0.00997474, 0.0494151, 0.0356475, 0.0946872, 0.125089, 0.223073, 0.282528, 0.346539, 0.517281, 0.41842, 1, 

58,763,0.001, 0.0251072, 0.0330199, 0.0206253, 0.0970537, 0.112881, 0.145716, 0.17151, 0.569768, 0.624462, 0.734969, 1, 

Generation #7
57,881,0.001, 0.0180413, 0.00997474, 0.0201015, 0.0356475, 0.0946872, 0.125089, 0.223073, 0.282528, 0.346539, 0.517281, 0.41842, 1, 

56,1002,0.001, 0.00359629, 0.00997474, 0.0201015, 0.0356475, 0.0946872, 0.125089, 0.190775, 0.205993, 0.734969, 1, 

59,756,0.001, 0.0251072, 0.0330199, 0.0201015, 0.0356475, 0.0946872, 0.125089, 0.223073, 0.282528, 0.346539, 0.517281, 0.41842, 1, 

58,763,0.001, 0.0251072, 0.0330199, 0.0206253, 0.0970537, 0.112881, 0.145716, 0.17151, 0.569768, 0.624462, 0.734969, 1, 

60,681,0.001, 0.0251072, 0.0330199, 0.0201015, 0.0356475, 0.0946872, 0.125089, 0.223073, 0.282528, 0.346539, 0.517281, 0.41842, 1, 

Generation #8
56,1002,0.001, 0.00359629, 0.00997474, 0.0201015, 0.0356475, 0.0946872, 0.125089, 0.190775, 0.205993, 0.734969, 1, 

59,756,0.001, 0.0251072, 0.0330199, 0.0201015, 0.0356475, 0.0946872, 0.125089, 0.223073, 0.282528, 0.346539, 0.517281, 0.41842, 1, 

58,763,0.001, 0.0251072, 0.0330199, 0.0206253, 0.0970537, 0.112881, 0.145716, 0.17151, 0.569768, 0.624462, 0.734969, 1, 

60,681,0.001, 0.0251072, 0.0330199, 0.0201015, 0.0356475, 0.0946872, 0.125089, 0.223073, 0.282528, 0.346539, 0.517281, 0.41842, 1, 

57,796,0.001, 0.00359629, 0.00997474, 0.0356475, 0.0946872, 0.125089, 0.190775, 0.205993, 0.734969, 1, 

Generation #9
56,1002,0.001, 0.00359629, 0.00997474, 0.0201015, 0.0356475, 0.0946872, 0.125089, 0.190775, 0.205993, 0.734969, 1, 

59,756,0.001, 0.0251072, 0.0330199, 0.0201015, 0.0356475, 0.0946872, 0.125089, 0.223073, 0.282528, 0.346539, 0.517281, 0.41842, 1, 

58,763,0.001, 0.0251072, 0.0330199, 0.0206253, 0.0970537, 0.112881, 0.145716, 0.17151, 0.569768, 0.624462, 0.734969, 1, 

60,681,0.001, 0.0251072, 0.0330199, 0.0201015, 0.0356475, 0.0946872, 0.125089, 0.223073, 0.282528, 0.346539, 0.517281, 0.41842, 1, 

57,796,0.001, 0.00359629, 0.00997474, 0.0356475, 0.0946872, 0.125089, 0.190775, 0.205993, 0.734969, 1, 

Generation #10
56,1002,0.001, 0.00359629, 0.00997474, 0.0201015, 0.0356475, 0.0946872, 0.125089, 0.190775, 0.205993, 0.734969, 1, 

58,763,0.001, 0.0251072, 0.0330199, 0.0206253, 0.0970537, 0.112881, 0.145716, 0.17151, 0.569768, 0.624462, 0.734969, 1, 

60,681,0.001, 0.0251072, 0.0330199, 0.0201015, 0.0356475, 0.0946872, 0.125089, 0.223073, 0.282528, 0.346539, 0.517281, 0.41842, 1, 

57,796,0.001, 0.00359629, 0.00997474, 0.0356475, 0.0946872, 0.125089, 0.190775, 0.205993, 0.734969, 1, 

59,751,0.001, 0.0180413, 0.0201015, 0.0356475, 0.0946872, 0.125089, 0.190775, 0.205993, 0.211316, 0.0608813, 1, 

Generation #11
56,1002,0.001, 0.00359629, 0.00997474, 0.0201015, 0.0356475, 0.0946872, 0.125089, 0.190775, 0.205993, 0.734969, 1, 

58,763,0.001, 0.0251072, 0.0330199, 0.0206253, 0.0970537, 0.112881, 0.145716, 0.17151, 0.569768, 0.624462, 0.734969, 1, 

60,681,0.001, 0.0251072, 0.0330199, 0.0201015, 0.0356475, 0.0946872, 0.125089, 0.223073, 0.282528, 0.346539, 0.517281, 0.41842, 1, 

57,796,0.001, 0.00359629, 0.00997474, 0.0356475, 0.0946872, 0.125089, 0.190775, 0.205993, 0.734969, 1, 

59,751,0.001, 0.0180413, 0.0201015, 0.0356475, 0.0946872, 0.125089, 0.190775, 0.205993, 0.211316, 0.0608813, 1, 

Generation #12
60,681,0.001, 0.0251072, 0.0330199, 0.0201015, 0.0356475, 0.0946872, 0.125089, 0.223073, 0.282528, 0.346539, 0.517281, 0.41842, 1, 

57,702,0.001, 0.0251072, 0.00997474, 0.0201015, 0.0356475, 0.0946872, 0.125089, 0.223073, 0.287612, 0.734969, 1, 

56,738,0.001, 0.00359629, 0.00997474, 0.0201015, 0.0356475, 0.0946872, 0.125089, 0.223073, 0.282528, 0.734969, 1, 

Generation #13
60,681,0.001, 0.0251072, 0.0330199, 0.0201015, 0.0356475, 0.0946872, 0.125089, 0.223073, 0.282528, 0.346539, 0.517281, 0.41842, 1, 

57,702,0.001, 0.0251072, 0.00997474, 0.0201015, 0.0356475, 0.0946872, 0.125089, 0.223073, 0.287612, 0.734969, 1, 

56,738,0.001, 0.00359629, 0.00997474, 0.0201015, 0.0356475, 0.0946872, 0.125089, 0.223073, 0.282528, 0.734969, 1, 

59,693,0.001, 0.0180413, 0.00997474, 0.0201015, 0.0356475, 0.0946872, 0.125089, 0.190775, 0.205993, 0.346539, 0.517281, 0.41842, 1, 

Generation #14
60,681,0.001, 0.0251072, 0.0330199, 0.0201015, 0.0356475, 0.0946872, 0.125089, 0.223073, 0.282528, 0.346539, 0.517281, 0.41842, 1, 

57,702,0.001, 0.0251072, 0.00997474, 0.0201015, 0.0356475, 0.0946872, 0.125089, 0.223073, 0.287612, 0.734969, 1, 

56,738,0.001, 0.00359629, 0.00997474, 0.0201015, 0.0356475, 0.0946872, 0.125089, 0.223073, 0.282528, 0.734969, 1, 

59,693,0.001, 0.0180413, 0.00997474, 0.0201015, 0.0356475, 0.0946872, 0.125089, 0.190775, 0.205993, 0.346539, 0.517281, 0.41842, 1, 

Generation #15
60,681,0.001, 0.0251072, 0.0330199, 0.0201015, 0.0356475, 0.0946872, 0.125089, 0.223073, 0.282528, 0.346539, 0.517281, 0.41842, 1, 

57,702,0.001, 0.0251072, 0.00997474, 0.0201015, 0.0356475, 0.0946872, 0.125089, 0.223073, 0.287612, 0.734969, 1, 

56,738,0.001, 0.00359629, 0.00997474, 0.0201015, 0.0356475, 0.0946872, 0.125089, 0.223073, 0.282528, 0.734969, 1, 

59,693,0.001, 0.0180413, 0.00997474, 0.0201015, 0.0356475, 0.0946872, 0.125089, 0.190775, 0.205993, 0.346539, 0.517281, 0.41842, 1, 

Generation #16
60,681,0.001, 0.0251072, 0.0330199, 0.0201015, 0.0356475, 0.0946872, 0.125089, 0.223073, 0.282528, 0.346539, 0.517281, 0.41842, 1, 

57,702,0.001, 0.0251072, 0.00997474, 0.0201015, 0.0356475, 0.0946872, 0.125089, 0.223073, 0.287612, 0.734969, 1, 

56,738,0.001, 0.00359629, 0.00997474, 0.0201015, 0.0356475, 0.0946872, 0.125089, 0.223073, 0.282528, 0.734969, 1, 

59,693,0.001, 0.0180413, 0.00997474, 0.0201015, 0.0356475, 0.0946872, 0.125089, 0.190775, 0.205993, 0.346539, 0.517281, 0.41842, 1, 

Generation #17
60,681,0.001, 0.0251072, 0.0330199, 0.0201015, 0.0356475, 0.0946872, 0.125089, 0.223073, 0.282528, 0.346539, 0.517281, 0.41842, 1, 

57,702,0.001, 0.0251072, 0.00997474, 0.0201015, 0.0356475, 0.0946872, 0.125089, 0.223073, 0.287612, 0.734969, 1, 

56,738,0.001, 0.00359629, 0.00997474, 0.0201015, 0.0356475, 0.0946872, 0.125089, 0.223073, 0.282528, 0.734969, 1, 

59,693,0.001, 0.0180413, 0.00997474, 0.0201015, 0.0356475, 0.0946872, 0.125089, 0.190775, 0.205993, 0.346539, 0.517281, 0.41842, 1, 

Generation #18
57,702,0.001, 0.0251072, 0.00997474, 0.0201015, 0.0356475, 0.0946872, 0.125089, 0.223073, 0.287612, 0.734969, 1, 

56,738,0.001, 0.00359629, 0.00997474, 0.0201015, 0.0356475, 0.0946872, 0.125089, 0.223073, 0.282528, 0.734969, 1, 

59,661,0.001, 0.0180413, 0.00997474, 0.0201015, 0.0356475, 0.0946872, 0.125089, 0.190775, 0.205993, 0.177854, 0.734969, 1, 

Generation #19
57,702,0.001, 0.0251072, 0.00997474, 0.0201015, 0.0356475, 0.0946872, 0.125089, 0.223073, 0.287612, 0.734969, 1, 

56,738,0.001, 0.00359629, 0.00997474, 0.0201015, 0.0356475, 0.0946872, 0.125089, 0.223073, 0.282528, 0.734969, 1, 

59,661,0.001, 0.0180413, 0.00997474, 0.0201015, 0.0356475, 0.0946872, 0.125089, 0.190775, 0.205993, 0.177854, 0.734969, 1, 

Generation #20
57,702,0.001, 0.0251072, 0.00997474, 0.0201015, 0.0356475, 0.0946872, 0.125089, 0.223073, 0.287612, 0.734969, 1, 

56,738,0.001, 0.00359629, 0.00997474, 0.0201015, 0.0356475, 0.0946872, 0.125089, 0.223073, 0.282528, 0.734969, 1, 

59,661,0.001, 0.0180413, 0.00997474, 0.0201015, 0.0356475, 0.0946872, 0.125089, 0.190775, 0.205993, 0.177854, 0.734969, 1, 

58,688,0.001, 0.0180413, 0.00997474, 0.0201015, 0.0356475, 0.0946872, 0.125089, 0.190775, 0.205993, 0.734969, 1, 

Generation #21
57,702,0.001, 0.0251072, 0.00997474, 0.0201015, 0.0356475, 0.0946872, 0.125089, 0.223073, 0.287612, 0.734969, 1, 

56,738,0.001, 0.00359629, 0.00997474, 0.0201015, 0.0356475, 0.0946872, 0.125089, 0.223073, 0.282528, 0.734969, 1, 

59,661,0.001, 0.0180413, 0.00997474, 0.0201015, 0.0356475, 0.0946872, 0.125089, 0.190775, 0.205993, 0.177854, 0.734969, 1, 

58,688,0.001, 0.0180413, 0.00997474, 0.0201015, 0.0356475, 0.0946872, 0.125089, 0.190775, 0.205993, 0.734969, 1, 

Generation #22
57,702,0.001, 0.0251072, 0.00997474, 0.0201015, 0.0356475, 0.0946872, 0.125089, 0.223073, 0.287612, 0.734969, 1, 

56,738,0.001, 0.00359629, 0.00997474, 0.0201015, 0.0356475, 0.0946872, 0.125089, 0.223073, 0.282528, 0.734969, 1, 

59,661,0.001, 0.0180413, 0.00997474, 0.0201015, 0.0356475, 0.0946872, 0.125089, 0.190775, 0.205993, 0.177854, 0.734969, 1, 

58,688,0.001, 0.0180413, 0.00997474, 0.0201015, 0.0356475, 0.0946872, 0.125089, 0.190775, 0.205993, 0.734969, 1, 
