------------d=1, t=2, lambda=1, filename=./evaluation/2^30-t2_l1.csv------------
Computing partitioned counts of d-sets...
Ready to look at pairs based on partitioned counts...
First Stage N=12, Time=4
There are 3676 remaining non-locating pairs
--- Running Density Algorithm (phase2_ce) for Locating ---
  (CE) DEBUG: Trying to distinguish 3676 pairs. Example:
       Pair 0: (3,26,),(0,0,)  vs (4,27,),(0,0,)  (already separated 0 times)
  (CE) Using greedy column-by-column strategy.
  (CE) Row 20 built (best score: 23). 8 pairs remaining to distinguish.
  (CE) Row 21 built (best score: 8). 0 pairs remaining to distinguish.
--- Pareto Front Solutions ---
Solution 0: N total=21 (N_initial=12, N_added=9), Time total=121 ms, Saved to: ./results/2^30_t2_l1_pareto_0.csv, percents=1, 

------------d=1, t=2, lambda=2, filename=./evaluation/2^30-t2_l2.csv------------
Computing partitioned counts of d-sets...
Ready to look at pairs based on partitioned counts...
First Stage N=18, Time=5
There are 533 remaining non-locating pairs
--- Running Density Algorithm (phase2_ce) for Locating ---
  (CE) DEBUG: Trying to distinguish 533 pairs. Example:
       Pair 0: (5,15,),(1,1,)  vs (7,9,),(1,1,)  (already separated 0 times)
  (CE) Using greedy column-by-column strategy.
  (CE) Row 20 built (best score: 252). 388 pairs remaining to distinguish.
  (CE) Row 28 built (best score: 4). 0 pairs remaining to distinguish.
--- Pareto Front Solutions ---
Solution 0: N total=28 (N_initial=18, N_added=10), Time total=28 ms, Saved to: ./results/2^30_t2_l2_pareto_0.csv, percents=1, 

------------d=1, t=2, lambda=3, filename=./evaluation/2^30-t2_l3.csv------------
Computing partitioned counts of d-sets...
Ready to look at pairs based on partitioned counts...
First Stage N=24, Time=4
There are 236 remaining non-locating pairs
--- Running Density Algorithm (phase2_ce) for Locating ---
  (CE) DEBUG: Trying to distinguish 236 pairs. Example:
       Pair 0: (1,25,),(1,0,)  vs (3,27,),(1,0,)  (already separated 0 times)
  (CE) Using greedy column-by-column strategy.
  (CE) Row 30 built (best score: 30). 23 pairs remaining to distinguish.
  (CE) Row 33 built (best score: 2). 0 pairs remaining to distinguish.
--- Pareto Front Solutions ---
Solution 0: N total=33 (N_initial=24, N_added=9), Time total=13 ms, Saved to: ./results/2^30_t2_l3_pareto_0.csv, percents=1, 

------------d=1, t=2, lambda=4, filename=./evaluation/2^30-t2_l4.csv------------
Computing partitioned counts of d-sets...
Ready to look at pairs based on partitioned counts...
First Stage N=28, Time=14
There are 711 remaining non-locating pairs
--- Running Density Algorithm (phase2_ce) for Locating ---
  (CE) DEBUG: Trying to distinguish 711 pairs. Example:
       Pair 0: (1,23,),(0,0,)  vs (7,25,),(0,0,)  (already separated 0 times)
  (CE) Using greedy column-by-column strategy.
  (CE) Row 30 built (best score: 344). 711 pairs remaining to distinguish.
  (CE) Row 40 built (best score: 35). 41 pairs remaining to distinguish.
  (CE) Row 45 built (best score: 1). 0 pairs remaining to distinguish.
--- Pareto Front Solutions ---
Solution 0: N total=45 (N_initial=28, N_added=17), Time total=82 ms, Saved to: ./results/2^30_t2_l4_pareto_0.csv, percents=1, 

