------------d=1, t=2, lambda=1, filename=./evaluation/2^30-t2_l1.csv------------
Computing partitioned counts of d-sets...
Ready to look at pairs based on partitioned counts...
First Stage N=12, Time=5
There are 3676 remaining non-locating pairs
--- Running GA Algorithm (phase2) ---
Running GA with std::execution::par
Generation #0
26,186,0.001, 0.00563984, 0.0472926, 0.0698625, 0.0751163, 0.198198, 0.226628, 0.274555, 0.301448, 0.330416, 0.408317, 0.413537, 0.600954, 0.665264, 0.673547, 0.693171, 0.748014, 0.773028, 0.803385, 0.892334, 0.903401, 1, 

19,303,0.001, 0.0930755, 0.117456, 0.246838, 0.266876, 0.268594, 0.459387, 0.461979, 0.480012, 0.650595, 0.662716, 0.705202, 0.789084, 1, 

21,272,0.001, 0.0537338, 0.106666, 0.111303, 0.348809, 0.39629, 0.452333, 0.476821, 0.529451, 0.635177, 0.648952, 0.726148, 0.943837, 0.951523, 1, 

18,564,0.001, 0.0970704, 0.133815, 0.193307, 0.314824, 0.330009, 0.392028, 0.397921, 0.422169, 0.783244, 0.803073, 0.930679, 1, 

27,98,0.001, 0.0219461, 0.0261442, 0.0262016, 0.0663368, 0.100799, 0.164494, 0.217953, 0.230267, 0.239707, 0.475426, 0.477239, 0.511489, 0.606937, 0.610299, 0.685118, 0.749872, 0.761045, 0.79815, 0.843834, 0.85952, 0.956795, 1, 

23,194,0.001, 0.0141455, 0.0218816, 0.0456565, 0.126535, 0.171676, 0.223503, 0.360442, 0.365705, 0.45636, 0.479251, 0.508095, 0.573131, 0.69156, 0.698453, 0.828251, 0.841254, 0.951562, 1, 

35,63,0.001, 0.0254464, 0.0366954, 0.0698214, 0.10015, 0.173493, 0.182069, 0.201765, 0.215415, 0.215567, 0.254165, 0.298254, 0.324787, 0.363879, 0.391268, 0.504137, 0.516423, 0.523615, 0.547289, 0.599489, 0.601581, 0.63591, 0.637151, 0.649966, 0.652885, 0.667381, 0.687122, 0.797561, 0.838927, 0.978985, 1, 

17,625,0.001, 0.134803, 0.221837, 0.302436, 0.583685, 0.666923, 0.687387, 0.775528, 0.797689, 0.831146, 0.990146, 1, 

22,225,0.001, 0.0485364, 0.0638381, 0.103473, 0.112512, 0.157387, 0.207509, 0.233497, 0.34024, 0.425078, 0.623749, 0.642961, 0.77327, 0.821051, 0.86027, 0.97724, 1, 

Generation #1
18,94,0.001, 0.0141455, 0.0218816, 0.0456565, 0.314824, 0.330009, 0.392028, 0.397921, 0.422169, 0.783244, 0.803073, 0.930679, 1, 

22,75,0.001, 0.0110509, 0.0391854, 0.220777, 0.22262, 0.436605, 0.474762, 0.492357, 0.499475, 0.578835, 0.632639, 0.714346, 0.747626, 0.902875, 0.0165401, 0.966634, 1, 

17,216,0.001, 0.0691965, 0.0903244, 0.302436, 0.583685, 0.666923, 0.687387, 0.775528, 0.797689, 0.831146, 0.990146, 1, 

26,54,0.001, 0.0219461, 0.0261442, 0.0262016, 0.0663368, 0.100799, 0.164494, 0.217953, 0.230267, 0.239707, 0.475426, 0.477239, 0.511489, 0.606937, 0.610299, 0.685118, 0.749872, 0.761045, 0.79815, 0.843834, 0.85952, 0.956795, 1, 

Generation #2
18,94,0.001, 0.0141455, 0.0218816, 0.0456565, 0.314824, 0.330009, 0.392028, 0.397921, 0.422169, 0.783244, 0.803073, 0.930679, 1, 

22,75,0.001, 0.0110509, 0.0391854, 0.220777, 0.22262, 0.436605, 0.474762, 0.492357, 0.499475, 0.578835, 0.632639, 0.714346, 0.747626, 0.902875, 0.0165401, 0.966634, 1, 

26,54,0.001, 0.0219461, 0.0261442, 0.0262016, 0.0663368, 0.100799, 0.164494, 0.217953, 0.230267, 0.239707, 0.475426, 0.477239, 0.511489, 0.606937, 0.610299, 0.685118, 0.749872, 0.761045, 0.79815, 0.843834, 0.85952, 0.956795, 1, 

15,98,0.001, 0.0254464, 0.0366954, 0.10015, 0.173493, 0.182069, 0.201765, 0.215415, 0.939807, 1, 

Generation #3
26,54,0.001, 0.0219461, 0.0261442, 0.0262016, 0.0663368, 0.100799, 0.164494, 0.217953, 0.230267, 0.239707, 0.475426, 0.477239, 0.511489, 0.606937, 0.610299, 0.685118, 0.749872, 0.761045, 0.79815, 0.843834, 0.85952, 0.956795, 1, 

15,98,0.001, 0.0254464, 0.0366954, 0.10015, 0.173493, 0.182069, 0.201765, 0.215415, 0.939807, 1, 

20,60,0.001, 0.0254464, 0.0366954, 0.0698214, 0.10015, 0.173493, 0.15305, 0.234665, 0.578835, 0.632639, 0.414407, 0.714346, 0.747626, 0.902875, 0.966634, 1, 

16,92,0.001, 0.0266537, 0.037516, 0.040253, 0.075425, 0.14546, 0.474762, 0.492357, 0.499475, 0.803073, 0.930679, 1, 

23,57,0.001, 0.0141455, 0.0218816, 0.0456565, 0.126535, 0.171676, 0.223503, 0.360442, 0.365705, 0.45636, 0.479251, 0.508095, 0.573131, 0.69156, 0.698453, 0.828251, 0.841254, 0.951562, 1, 

32,52,0.001, 0.0219461, 0.0261442, 0.0262016, 0.0663368, 0.137015, 0.159559, 0.187127, 0.248876, 0.279032, 0.421249, 0.482314, 0.298369, 0.629831, 0.648283, 0.693314, 0.771186, 0.771557, 0.327516, 0.777333, 0.787844, 0.834669, 0.947847, 0.966666, 0.970018, 0.985913, 1, 

Generation #4
15,90,0.001, 0.017851, 0.0501659, 0.0513067, 0.110065, 0.137015, 0.159559, 0.280116, 0.913058, 0.939807, 1, 

16,45,0.001, 0.0141455, 0.0218816, 0.0456565, 0.126535, 0.171676, 0.223503, 0.187127, 0.248876, 0.279032, 0.930679, 1, 

Generation #5
16,45,0.001, 0.0141455, 0.0218816, 0.0456565, 0.126535, 0.171676, 0.223503, 0.187127, 0.248876, 0.279032, 0.930679, 1, 

15,89,0.001, 0.017851, 0.0501659, 0.0513067, 0.110065, 0.137015, 0.159559, 0.187127, 0.248876, 0.279032, 1, 

Generation #6
16,45,0.001, 0.0141455, 0.0218816, 0.0456565, 0.126535, 0.171676, 0.223503, 0.187127, 0.248876, 0.279032, 0.930679, 1, 

14,54,0.001, 0.0219461, 0.0261442, 0.0262016, 0.0663368, 0.100799, 0.164494, 0.217953, 0.230267, 0.239707, 1, 

Generation #7
16,45,0.001, 0.0141455, 0.0218816, 0.0456565, 0.126535, 0.171676, 0.223503, 0.187127, 0.248876, 0.279032, 0.930679, 1, 

14,54,0.001, 0.0219461, 0.0261442, 0.0262016, 0.0663368, 0.100799, 0.164494, 0.217953, 0.230267, 0.239707, 1, 

17,43,0.001, 0.0141455, 0.0218816, 0.0456565, 0.126535, 0.171676, 0.223503, 0.34024, 0.815772, 0.872318, 0.887786, 1, 

Generation #8
16,45,0.001, 0.0141455, 0.0218816, 0.0456565, 0.126535, 0.171676, 0.223503, 0.187127, 0.248876, 0.279032, 0.930679, 1, 

14,54,0.001, 0.0219461, 0.0261442, 0.0262016, 0.0663368, 0.100799, 0.164494, 0.217953, 0.230267, 0.239707, 1, 

17,43,0.001, 0.0141455, 0.0218816, 0.0456565, 0.126535, 0.171676, 0.223503, 0.34024, 0.815772, 0.872318, 0.887786, 1, 

20,35,0.001, 0.0141455, 0.0218816, 0.0456565, 0.126535, 0.171676, 0.223503, 0.187127, 0.248876, 0.279032, 0.421249, 0.482314, 0.298369, 0.629831, 0.902875, 0.966634, 1, 

Generation #9
16,45,0.001, 0.0141455, 0.0218816, 0.0456565, 0.126535, 0.171676, 0.223503, 0.187127, 0.248876, 0.279032, 0.930679, 1, 

14,54,0.001, 0.0219461, 0.0261442, 0.0262016, 0.0663368, 0.100799, 0.164494, 0.217953, 0.230267, 0.239707, 1, 

17,43,0.001, 0.0141455, 0.0218816, 0.0456565, 0.126535, 0.171676, 0.223503, 0.34024, 0.815772, 0.872318, 0.887786, 1, 

20,35,0.001, 0.0141455, 0.0218816, 0.0456565, 0.126535, 0.171676, 0.223503, 0.187127, 0.248876, 0.279032, 0.421249, 0.482314, 0.298369, 0.629831, 0.902875, 0.966634, 1, 

Generation #10
16,45,0.001, 0.0141455, 0.0218816, 0.0456565, 0.126535, 0.171676, 0.223503, 0.187127, 0.248876, 0.279032, 0.930679, 1, 

17,43,0.001, 0.0141455, 0.0218816, 0.0456565, 0.126535, 0.171676, 0.223503, 0.34024, 0.815772, 0.872318, 0.887786, 1, 

20,35,0.001, 0.0141455, 0.0218816, 0.0456565, 0.126535, 0.171676, 0.223503, 0.187127, 0.248876, 0.279032, 0.421249, 0.482314, 0.298369, 0.629831, 0.902875, 0.966634, 1, 

14,48,0.001, 0.0141455, 0.0218816, 0.0456565, 0.126535, 0.171676, 0.223503, 0.187127, 0.248876, 1, 

Generation #11
17,43,0.001, 0.0141455, 0.0218816, 0.0456565, 0.126535, 0.171676, 0.223503, 0.34024, 0.815772, 0.872318, 0.887786, 1, 

20,35,0.001, 0.0141455, 0.0218816, 0.0456565, 0.126535, 0.171676, 0.223503, 0.187127, 0.248876, 0.279032, 0.421249, 0.482314, 0.298369, 0.629831, 0.902875, 0.966634, 1, 

14,48,0.001, 0.0141455, 0.0218816, 0.0456565, 0.126535, 0.171676, 0.223503, 0.187127, 0.248876, 1, 

16,44,0.001, 0.0141455, 0.0218816, 0.0456565, 0.0663368, 0.159559, 0.187127, 0.248876, 0.248876, 0.279032, 0.930679, 1, 

Generation #12
17,43,0.001, 0.0141455, 0.0218816, 0.0456565, 0.126535, 0.171676, 0.223503, 0.34024, 0.815772, 0.872318, 0.887786, 1, 

20,35,0.001, 0.0141455, 0.0218816, 0.0456565, 0.126535, 0.171676, 0.223503, 0.187127, 0.248876, 0.279032, 0.421249, 0.482314, 0.298369, 0.629831, 0.902875, 0.966634, 1, 

14,48,0.001, 0.0141455, 0.0218816, 0.0456565, 0.126535, 0.171676, 0.223503, 0.187127, 0.248876, 1, 

16,44,0.001, 0.0141455, 0.0218816, 0.0456565, 0.0663368, 0.159559, 0.187127, 0.248876, 0.248876, 0.279032, 0.930679, 1, 

Generation #13
17,43,0.001, 0.0141455, 0.0218816, 0.0456565, 0.126535, 0.171676, 0.223503, 0.34024, 0.815772, 0.872318, 0.887786, 1, 

20,35,0.001, 0.0141455, 0.0218816, 0.0456565, 0.126535, 0.171676, 0.223503, 0.187127, 0.248876, 0.279032, 0.421249, 0.482314, 0.298369, 0.629831, 0.902875, 0.966634, 1, 

14,48,0.001, 0.0141455, 0.0218816, 0.0456565, 0.126535, 0.171676, 0.223503, 0.187127, 0.248876, 1, 

16,44,0.001, 0.0141455, 0.0218816, 0.0456565, 0.0663368, 0.159559, 0.187127, 0.248876, 0.248876, 0.279032, 0.930679, 1, 

13,57,0.001, 0.0141455, 0.0218816, 0.0456565, 0.0663368, 0.187127, 0.248876, 0.248876, 1, 

Generation #14
17,43,0.001, 0.0141455, 0.0218816, 0.0456565, 0.126535, 0.171676, 0.223503, 0.34024, 0.815772, 0.872318, 0.887786, 1, 

20,35,0.001, 0.0141455, 0.0218816, 0.0456565, 0.126535, 0.171676, 0.223503, 0.187127, 0.248876, 0.279032, 0.421249, 0.482314, 0.298369, 0.629831, 0.902875, 0.966634, 1, 

16,44,0.001, 0.0141455, 0.0218816, 0.0456565, 0.0663368, 0.159559, 0.187127, 0.248876, 0.248876, 0.279032, 0.930679, 1, 

13,48,0.001, 0.0141455, 0.0218816, 0.0456565, 0.0663368, 0.187127, 0.248876, 0.248876, 1, 

Generation #15
20,35,0.001, 0.0141455, 0.0218816, 0.0456565, 0.126535, 0.171676, 0.223503, 0.187127, 0.248876, 0.279032, 0.421249, 0.482314, 0.298369, 0.629831, 0.902875, 0.966634, 1, 

13,48,0.001, 0.0141455, 0.0218816, 0.0456565, 0.0663368, 0.187127, 0.248876, 0.248876, 1, 

15,42,0.001, 0.0141455, 0.0218816, 0.0262016, 0.0663368, 0.159559, 0.187127, 0.248876, 0.279032, 1, 

Generation #16
20,35,0.001, 0.0141455, 0.0218816, 0.0456565, 0.126535, 0.171676, 0.223503, 0.187127, 0.248876, 0.279032, 0.421249, 0.482314, 0.298369, 0.629831, 0.902875, 0.966634, 1, 

13,48,0.001, 0.0141455, 0.0218816, 0.0456565, 0.0663368, 0.187127, 0.248876, 0.248876, 1, 

15,42,0.001, 0.0141455, 0.0218816, 0.0262016, 0.0663368, 0.159559, 0.187127, 0.248876, 0.279032, 1, 

Generation #17
20,35,0.001, 0.0141455, 0.0218816, 0.0456565, 0.126535, 0.171676, 0.223503, 0.187127, 0.248876, 0.279032, 0.421249, 0.482314, 0.298369, 0.629831, 0.902875, 0.966634, 1, 

13,42,0.001, 0.0141455, 0.0218816, 0.0456565, 0.0663368, 0.187127, 0.248876, 0.248876, 1, 

12,54,0.001, 0.0141455, 0.0218816, 0.0262016, 0.0663368, 0.100799, 0.248876, 0.248876, 1, 

Generation #18
13,42,0.001, 0.0141455, 0.0218816, 0.0456565, 0.0663368, 0.187127, 0.248876, 0.248876, 1, 

16,35,0.001, 0.0141455, 0.0218816, 0.0262016, 0.0663368, 0.100799, 0.187127, 0.187127, 0.248876, 0.279032, 0.930679, 1, 

12,46,0.001, 0.0141455, 0.0218816, 0.0262016, 0.0663368, 0.100799, 0.248876, 0.248876, 1, 

Generation #19
13,42,0.001, 0.0141455, 0.0218816, 0.0456565, 0.0663368, 0.187127, 0.248876, 0.248876, 1, 

16,35,0.001, 0.0141455, 0.0218816, 0.0262016, 0.0663368, 0.100799, 0.187127, 0.187127, 0.248876, 0.279032, 0.930679, 1, 

12,46,0.001, 0.0141455, 0.0218816, 0.0262016, 0.0663368, 0.100799, 0.248876, 0.248876, 1, 

Generation #20
13,42,0.001, 0.0141455, 0.0218816, 0.0456565, 0.0663368, 0.187127, 0.248876, 0.248876, 1, 

16,35,0.001, 0.0141455, 0.0218816, 0.0262016, 0.0663368, 0.100799, 0.187127, 0.187127, 0.248876, 0.279032, 0.930679, 1, 

12,46,0.001, 0.0141455, 0.0218816, 0.0262016, 0.0663368, 0.100799, 0.248876, 0.248876, 1, 

14,37,0.001, 0.0141455, 0.0218816, 0.0262016, 0.0663368, 0.100799, 0.223503, 0.187127, 0.248876, 1, 

Generation #21
13,42,0.001, 0.0141455, 0.0218816, 0.0456565, 0.0663368, 0.187127, 0.248876, 0.248876, 1, 

16,35,0.001, 0.0141455, 0.0218816, 0.0262016, 0.0663368, 0.100799, 0.187127, 0.187127, 0.248876, 0.279032, 0.930679, 1, 

12,46,0.001, 0.0141455, 0.0218816, 0.0262016, 0.0663368, 0.100799, 0.248876, 0.248876, 1, 

14,37,0.001, 0.0141455, 0.0218816, 0.0262016, 0.0663368, 0.100799, 0.223503, 0.187127, 0.248876, 1, 

Generation #22
13,42,0.001, 0.0141455, 0.0218816, 0.0456565, 0.0663368, 0.187127, 0.248876, 0.248876, 1, 

16,35,0.001, 0.0141455, 0.0218816, 0.0262016, 0.0663368, 0.100799, 0.187127, 0.187127, 0.248876, 0.279032, 0.930679, 1, 

12,46,0.001, 0.0141455, 0.0218816, 0.0262016, 0.0663368, 0.100799, 0.248876, 0.248876, 1, 

14,37,0.001, 0.0141455, 0.0218816, 0.0262016, 0.0663368, 0.100799, 0.223503, 0.187127, 0.248876, 1, 

Generation #23
13,42,0.001, 0.0141455, 0.0218816, 0.0456565, 0.0663368, 0.187127, 0.248876, 0.248876, 1, 

16,35,0.001, 0.0141455, 0.0218816, 0.0262016, 0.0663368, 0.100799, 0.187127, 0.187127, 0.248876, 0.279032, 0.930679, 1, 

12,46,0.001, 0.0141455, 0.0218816, 0.0262016, 0.0663368, 0.100799, 0.248876, 0.248876, 1, 

14,37,0.001, 0.0141455, 0.0218816, 0.0262016, 0.0663368, 0.100799, 0.223503, 0.187127, 0.248876, 1, 

Generation #24
13,42,0.001, 0.0141455, 0.0218816, 0.0456565, 0.0663368, 0.187127, 0.248876, 0.248876, 1, 

16,35,0.001, 0.0141455, 0.0218816, 0.0262016, 0.0663368, 0.100799, 0.187127, 0.187127, 0.248876, 0.279032, 0.930679, 1, 

12,46,0.001, 0.0141455, 0.0218816, 0.0262016, 0.0663368, 0.100799, 0.248876, 0.248876, 1, 

14,37,0.001, 0.0141455, 0.0218816, 0.0262016, 0.0663368, 0.100799, 0.223503, 0.187127, 0.248876, 1, 

Generation #25
16,35,0.001, 0.0141455, 0.0218816, 0.0262016, 0.0663368, 0.100799, 0.187127, 0.187127, 0.248876, 0.279032, 0.930679, 1, 

14,37,0.001, 0.0141455, 0.0218816, 0.0262016, 0.0663368, 0.100799, 0.223503, 0.187127, 0.248876, 1, 

12,42,0.001, 0.0141455, 0.0218816, 0.0456565, 0.126535, 0.171676, 0.279032, 1, 

Generation #26
16,35,0.001, 0.0141455, 0.0218816, 0.0262016, 0.0663368, 0.100799, 0.187127, 0.187127, 0.248876, 0.279032, 0.930679, 1, 

14,37,0.001, 0.0141455, 0.0218816, 0.0262016, 0.0663368, 0.100799, 0.223503, 0.187127, 0.248876, 1, 

12,42,0.001, 0.0141455, 0.0218816, 0.0456565, 0.126535, 0.171676, 0.279032, 1, 

Generation #27
16,35,0.001, 0.0141455, 0.0218816, 0.0262016, 0.0663368, 0.100799, 0.187127, 0.187127, 0.248876, 0.279032, 0.930679, 1, 

14,37,0.001, 0.0141455, 0.0218816, 0.0262016, 0.0663368, 0.100799, 0.223503, 0.187127, 0.248876, 1, 

12,42,0.001, 0.0141455, 0.0218816, 0.0456565, 0.126535, 0.171676, 0.279032, 1, 

13,41,0.001, 0.0141455, 0.0218816, 0.0456565, 0.0663368, 0.159559, 0.187127, 0.248876, 1, 

11,129,0.001, 0.0141455, 0.0456565, 0.126535, 0.171676, 0.279032, 1, 

Generation #28
16,35,0.001, 0.0141455, 0.0218816, 0.0262016, 0.0663368, 0.100799, 0.187127, 0.187127, 0.248876, 0.279032, 0.930679, 1, 

14,37,0.001, 0.0141455, 0.0218816, 0.0262016, 0.0663368, 0.100799, 0.223503, 0.187127, 0.248876, 1, 

12,40,0.001, 0.0141455, 0.0218816, 0.0456565, 0.126535, 0.171676, 0.223503, 1, 

11,58,0.001, 0.0141455, 0.0218816, 0.0262016, 0.0663368, 0.187127, 1, 

Generation #29
16,35,0.001, 0.0141455, 0.0218816, 0.0262016, 0.0663368, 0.100799, 0.187127, 0.187127, 0.248876, 0.279032, 0.930679, 1, 

14,37,0.001, 0.0141455, 0.0218816, 0.0262016, 0.0663368, 0.100799, 0.223503, 0.187127, 0.248876, 1, 

12,40,0.001, 0.0141455, 0.0218816, 0.0456565, 0.126535, 0.171676, 0.223503, 1, 

11,58,0.001, 0.0141455, 0.0218816, 0.0262016, 0.0663368, 0.187127, 1, 

Generation #30
16,35,0.001, 0.0141455, 0.0218816, 0.0262016, 0.0663368, 0.100799, 0.187127, 0.187127, 0.248876, 0.279032, 0.930679, 1, 

14,37,0.001, 0.0141455, 0.0218816, 0.0262016, 0.0663368, 0.100799, 0.223503, 0.187127, 0.248876, 1, 

12,40,0.001, 0.0141455, 0.0218816, 0.0456565, 0.126535, 0.171676, 0.223503, 1, 

11,58,0.001, 0.0141455, 0.0218816, 0.0262016, 0.0663368, 0.187127, 1, 

Generation #31
14,37,0.001, 0.0141455, 0.0218816, 0.0262016, 0.0663368, 0.100799, 0.223503, 0.187127, 0.248876, 1, 

12,40,0.001, 0.0141455, 0.0218816, 0.0456565, 0.126535, 0.171676, 0.223503, 1, 

11,58,0.001, 0.0141455, 0.0218816, 0.0262016, 0.0663368, 0.187127, 1, 

15,35,0.001, 0.0141455, 0.0218816, 0.0456565, 0.0663368, 0.159559, 0.248876, 0.187127, 0.248876, 0.279032, 0.930679, 1, 

Generation #32
14,37,0.001, 0.0141455, 0.0218816, 0.0262016, 0.0663368, 0.100799, 0.223503, 0.187127, 0.248876, 1, 

12,40,0.001, 0.0141455, 0.0218816, 0.0456565, 0.126535, 0.171676, 0.223503, 1, 

11,58,0.001, 0.0141455, 0.0218816, 0.0262016, 0.0663368, 0.187127, 1, 

15,35,0.001, 0.0141455, 0.0218816, 0.0456565, 0.0663368, 0.159559, 0.248876, 0.187127, 0.248876, 0.279032, 0.930679, 1, 

Generation #33
14,37,0.001, 0.0141455, 0.0218816, 0.0262016, 0.0663368, 0.100799, 0.223503, 0.187127, 0.248876, 1, 

12,40,0.001, 0.0141455, 0.0218816, 0.0456565, 0.126535, 0.171676, 0.223503, 1, 

11,58,0.001, 0.0141455, 0.0218816, 0.0262016, 0.0663368, 0.187127, 1, 

15,35,0.001, 0.0141455, 0.0218816, 0.0456565, 0.0663368, 0.159559, 0.248876, 0.187127, 0.248876, 0.279032, 0.930679, 1, 

10,82,0.001, 0.0141455, 0.0456565, 0.126535, 0.279032, 1, 

26,33,0.001, 0.0141455, 0.0218816, 0.0262016, 0.0663368, 0.137015, 0.159559, 0.492357, 0.499475, 0.578835, 0.632639, 0.477239, 0.511489, 0.606937, 0.610299, 0.685118, 0.749872, 0.500265, 0.606337, 0.609739, 0.635615, 0.677949, 1, 

Generation #34
14,37,0.001, 0.0141455, 0.0218816, 0.0262016, 0.0663368, 0.100799, 0.223503, 0.187127, 0.248876, 1, 

12,40,0.001, 0.0141455, 0.0218816, 0.0456565, 0.126535, 0.171676, 0.223503, 1, 

11,58,0.001, 0.0141455, 0.0218816, 0.0262016, 0.0663368, 0.187127, 1, 

15,35,0.001, 0.0141455, 0.0218816, 0.0456565, 0.0663368, 0.159559, 0.248876, 0.187127, 0.248876, 0.279032, 0.930679, 1, 

10,82,0.001, 0.0141455, 0.0456565, 0.126535, 0.279032, 1, 

26,33,0.001, 0.0141455, 0.0218816, 0.0262016, 0.0663368, 0.137015, 0.159559, 0.492357, 0.499475, 0.578835, 0.632639, 0.477239, 0.511489, 0.606937, 0.610299, 0.685118, 0.749872, 0.500265, 0.606337, 0.609739, 0.635615, 0.677949, 1, 

Generation #35
14,37,0.001, 0.0141455, 0.0218816, 0.0262016, 0.0663368, 0.100799, 0.223503, 0.187127, 0.248876, 1, 

15,35,0.001, 0.0141455, 0.0218816, 0.0456565, 0.0663368, 0.159559, 0.248876, 0.187127, 0.248876, 0.279032, 0.930679, 1, 

10,82,0.001, 0.0141455, 0.0456565, 0.126535, 0.279032, 1, 

26,33,0.001, 0.0141455, 0.0218816, 0.0262016, 0.0663368, 0.137015, 0.159559, 0.492357, 0.499475, 0.578835, 0.632639, 0.477239, 0.511489, 0.606937, 0.610299, 0.685118, 0.749872, 0.500265, 0.606337, 0.609739, 0.635615, 0.677949, 1, 

11,53,0.001, 0.0141455, 0.0218816, 0.0456565, 0.171676, 0.223503, 1, 

12,39,0.001, 0.0141455, 0.0218816, 0.0456565, 0.0663368, 0.159559, 0.248876, 1, 

Generation #36
15,35,0.001, 0.0141455, 0.0218816, 0.0456565, 0.0663368, 0.159559, 0.248876, 0.187127, 0.248876, 0.279032, 0.930679, 1, 

10,82,0.001, 0.0141455, 0.0456565, 0.126535, 0.279032, 1, 

26,33,0.001, 0.0141455, 0.0218816, 0.0262016, 0.0663368, 0.137015, 0.159559, 0.492357, 0.499475, 0.578835, 0.632639, 0.477239, 0.511489, 0.606937, 0.610299, 0.685118, 0.749872, 0.500265, 0.606337, 0.609739, 0.635615, 0.677949, 1, 

29,32,0.001, 0.0141455, 0.0218816, 0.0456565, 0.0663368, 0.100799, 0.187127, 0.187127, 0.248876, 0.279032, 0.421249, 0.482314, 0.298369, 0.629831, 0.648283, 0.693314, 0.771186, 0.771557, 0.777333, 0.787844, 0.834669, 0.947847, 0.966666, 0.970018, 0.937746, 1, 

11,36,0.001, 0.0141455, 0.0218816, 0.0262016, 0.0663368, 0.187127, 1, 

Generation #37
15,35,0.001, 0.0141455, 0.0218816, 0.0456565, 0.0663368, 0.159559, 0.248876, 0.187127, 0.248876, 0.279032, 0.930679, 1, 

10,82,0.001, 0.0141455, 0.0456565, 0.126535, 0.279032, 1, 

26,33,0.001, 0.0141455, 0.0218816, 0.0262016, 0.0663368, 0.137015, 0.159559, 0.492357, 0.499475, 0.578835, 0.632639, 0.477239, 0.511489, 0.606937, 0.610299, 0.685118, 0.749872, 0.500265, 0.606337, 0.609739, 0.635615, 0.677949, 1, 

29,32,0.001, 0.0141455, 0.0218816, 0.0456565, 0.0663368, 0.100799, 0.187127, 0.187127, 0.248876, 0.279032, 0.421249, 0.482314, 0.298369, 0.629831, 0.648283, 0.693314, 0.771186, 0.771557, 0.777333, 0.787844, 0.834669, 0.947847, 0.966666, 0.970018, 0.937746, 1, 

11,36,0.001, 0.0141455, 0.0218816, 0.0262016, 0.0663368, 0.187127, 1, 

Generation #38
15,35,0.001, 0.0141455, 0.0218816, 0.0456565, 0.0663368, 0.159559, 0.248876, 0.187127, 0.248876, 0.279032, 0.930679, 1, 

10,82,0.001, 0.0141455, 0.0456565, 0.126535, 0.279032, 1, 

26,33,0.001, 0.0141455, 0.0218816, 0.0262016, 0.0663368, 0.137015, 0.159559, 0.492357, 0.499475, 0.578835, 0.632639, 0.477239, 0.511489, 0.606937, 0.610299, 0.685118, 0.749872, 0.500265, 0.606337, 0.609739, 0.635615, 0.677949, 1, 

29,32,0.001, 0.0141455, 0.0218816, 0.0456565, 0.0663368, 0.100799, 0.187127, 0.187127, 0.248876, 0.279032, 0.421249, 0.482314, 0.298369, 0.629831, 0.648283, 0.693314, 0.771186, 0.771557, 0.777333, 0.787844, 0.834669, 0.947847, 0.966666, 0.970018, 0.937746, 1, 

11,36,0.001, 0.0141455, 0.0218816, 0.0262016, 0.0663368, 0.187127, 1, 

Generation #39
15,35,0.001, 0.0141455, 0.0218816, 0.0456565, 0.0663368, 0.159559, 0.248876, 0.187127, 0.248876, 0.279032, 0.930679, 1, 

10,82,0.001, 0.0141455, 0.0456565, 0.126535, 0.279032, 1, 

26,33,0.001, 0.0141455, 0.0218816, 0.0262016, 0.0663368, 0.137015, 0.159559, 0.492357, 0.499475, 0.578835, 0.632639, 0.477239, 0.511489, 0.606937, 0.610299, 0.685118, 0.749872, 0.500265, 0.606337, 0.609739, 0.635615, 0.677949, 1, 

29,32,0.001, 0.0141455, 0.0218816, 0.0456565, 0.0663368, 0.100799, 0.187127, 0.187127, 0.248876, 0.279032, 0.421249, 0.482314, 0.298369, 0.629831, 0.648283, 0.693314, 0.771186, 0.771557, 0.777333, 0.787844, 0.834669, 0.947847, 0.966666, 0.970018, 0.937746, 1, 

11,36,0.001, 0.0141455, 0.0218816, 0.0262016, 0.0663368, 0.187127, 1, 

Generation #40
29,32,0.001, 0.0141455, 0.0218816, 0.0456565, 0.0663368, 0.100799, 0.187127, 0.187127, 0.248876, 0.279032, 0.421249, 0.482314, 0.298369, 0.629831, 0.648283, 0.693314, 0.771186, 0.771557, 0.777333, 0.787844, 0.834669, 0.947847, 0.966666, 0.970018, 0.937746, 1, 

11,36,0.001, 0.0141455, 0.0218816, 0.0262016, 0.0663368, 0.187127, 1, 

10,40,0.001, 0.0141455, 0.0218816, 0.0456565, 0.0663368, 0.187127, 1, 

14,33,0.001, 0.0141455, 0.0218816, 0.0262016, 0.0663368, 0.100799, 0.187127, 0.187127, 0.279032, 0.930679, 1, 

Generation #41
29,32,0.001, 0.0141455, 0.0218816, 0.0456565, 0.0663368, 0.100799, 0.187127, 0.187127, 0.248876, 0.279032, 0.421249, 0.482314, 0.298369, 0.629831, 0.648283, 0.693314, 0.771186, 0.771557, 0.777333, 0.787844, 0.834669, 0.947847, 0.966666, 0.970018, 0.937746, 1, 

11,36,0.001, 0.0141455, 0.0218816, 0.0262016, 0.0663368, 0.187127, 1, 

10,40,0.001, 0.0141455, 0.0218816, 0.0456565, 0.0663368, 0.187127, 1, 

14,33,0.001, 0.0141455, 0.0218816, 0.0262016, 0.0663368, 0.100799, 0.187127, 0.187127, 0.279032, 0.930679, 1, 

Generation #42
29,32,0.001, 0.0141455, 0.0218816, 0.0456565, 0.0663368, 0.100799, 0.187127, 0.187127, 0.248876, 0.279032, 0.421249, 0.482314, 0.298369, 0.629831, 0.648283, 0.693314, 0.771186, 0.771557, 0.777333, 0.787844, 0.834669, 0.947847, 0.966666, 0.970018, 0.937746, 1, 

11,36,0.001, 0.0141455, 0.0218816, 0.0262016, 0.0663368, 0.187127, 1, 

10,40,0.001, 0.0141455, 0.0218816, 0.0456565, 0.0663368, 0.187127, 1, 

14,33,0.001, 0.0141455, 0.0218816, 0.0262016, 0.0663368, 0.100799, 0.187127, 0.187127, 0.279032, 0.930679, 1, 

Generation #43
29,32,0.001, 0.0141455, 0.0218816, 0.0456565, 0.0663368, 0.100799, 0.187127, 0.187127, 0.248876, 0.279032, 0.421249, 0.482314, 0.298369, 0.629831, 0.648283, 0.693314, 0.771186, 0.771557, 0.777333, 0.787844, 0.834669, 0.947847, 0.966666, 0.970018, 0.937746, 1, 

11,36,0.001, 0.0141455, 0.0218816, 0.0262016, 0.0663368, 0.187127, 1, 

10,40,0.001, 0.0141455, 0.0218816, 0.0456565, 0.0663368, 0.187127, 1, 

14,33,0.001, 0.0141455, 0.0218816, 0.0262016, 0.0663368, 0.100799, 0.187127, 0.187127, 0.279032, 0.930679, 1, 

Generation #44
29,32,0.001, 0.0141455, 0.0218816, 0.0456565, 0.0663368, 0.100799, 0.187127, 0.187127, 0.248876, 0.279032, 0.421249, 0.482314, 0.298369, 0.629831, 0.648283, 0.693314, 0.771186, 0.771557, 0.777333, 0.787844, 0.834669, 0.947847, 0.966666, 0.970018, 0.937746, 1, 

11,36,0.001, 0.0141455, 0.0218816, 0.0262016, 0.0663368, 0.187127, 1, 

10,40,0.001, 0.0141455, 0.0218816, 0.0456565, 0.0663368, 0.187127, 1, 

14,33,0.001, 0.0141455, 0.0218816, 0.0262016, 0.0663368, 0.100799, 0.187127, 0.187127, 0.279032, 0.930679, 1, 

Generation #45
29,32,0.001, 0.0141455, 0.0218816, 0.0456565, 0.0663368, 0.100799, 0.187127, 0.187127, 0.248876, 0.279032, 0.421249, 0.482314, 0.298369, 0.629831, 0.648283, 0.693314, 0.771186, 0.771557, 0.777333, 0.787844, 0.834669, 0.947847, 0.966666, 0.970018, 0.937746, 1, 

11,36,0.001, 0.0141455, 0.0218816, 0.0262016, 0.0663368, 0.187127, 1, 

10,40,0.001, 0.0141455, 0.0218816, 0.0456565, 0.0663368, 0.187127, 1, 

14,33,0.001, 0.0141455, 0.0218816, 0.0262016, 0.0663368, 0.100799, 0.187127, 0.187127, 0.279032, 0.930679, 1, 

Generation #46
29,32,0.001, 0.0141455, 0.0218816, 0.0456565, 0.0663368, 0.100799, 0.187127, 0.187127, 0.248876, 0.279032, 0.421249, 0.482314, 0.298369, 0.629831, 0.648283, 0.693314, 0.771186, 0.771557, 0.777333, 0.787844, 0.834669, 0.947847, 0.966666, 0.970018, 0.937746, 1, 

11,36,0.001, 0.0141455, 0.0218816, 0.0262016, 0.0663368, 0.187127, 1, 

10,40,0.001, 0.0141455, 0.0218816, 0.0456565, 0.0663368, 0.187127, 1, 

14,33,0.001, 0.0141455, 0.0218816, 0.0262016, 0.0663368, 0.100799, 0.187127, 0.187127, 0.279032, 0.930679, 1, 

Generation #47
29,32,0.001, 0.0141455, 0.0218816, 0.0456565, 0.0663368, 0.100799, 0.187127, 0.187127, 0.248876, 0.279032, 0.421249, 0.482314, 0.298369, 0.629831, 0.648283, 0.693314, 0.771186, 0.771557, 0.777333, 0.787844, 0.834669, 0.947847, 0.966666, 0.970018, 0.937746, 1, 

11,36,0.001, 0.0141455, 0.0218816, 0.0262016, 0.0663368, 0.187127, 1, 

10,40,0.001, 0.0141455, 0.0218816, 0.0456565, 0.0663368, 0.187127, 1, 

14,33,0.001, 0.0141455, 0.0218816, 0.0262016, 0.0663368, 0.100799, 0.187127, 0.187127, 0.279032, 0.930679, 1, 

Generation #48
29,32,0.001, 0.0141455, 0.0218816, 0.0456565, 0.0663368, 0.100799, 0.187127, 0.187127, 0.248876, 0.279032, 0.421249, 0.482314, 0.298369, 0.629831, 0.648283, 0.693314, 0.771186, 0.771557, 0.777333, 0.787844, 0.834669, 0.947847, 0.966666, 0.970018, 0.937746, 1, 

11,36,0.001, 0.0141455, 0.0218816, 0.0262016, 0.0663368, 0.187127, 1, 

10,40,0.001, 0.0141455, 0.0218816, 0.0456565, 0.0663368, 0.187127, 1, 

14,33,0.001, 0.0141455, 0.0218816, 0.0262016, 0.0663368, 0.100799, 0.187127, 0.187127, 0.279032, 0.930679, 1, 

Generation #49
29,32,0.001, 0.0141455, 0.0218816, 0.0456565, 0.0663368, 0.100799, 0.187127, 0.187127, 0.248876, 0.279032, 0.421249, 0.482314, 0.298369, 0.629831, 0.648283, 0.693314, 0.771186, 0.771557, 0.777333, 0.787844, 0.834669, 0.947847, 0.966666, 0.970018, 0.937746, 1, 

11,36,0.001, 0.0141455, 0.0218816, 0.0262016, 0.0663368, 0.187127, 1, 

10,40,0.001, 0.0141455, 0.0218816, 0.0456565, 0.0663368, 0.187127, 1, 

14,33,0.001, 0.0141455, 0.0218816, 0.0262016, 0.0663368, 0.100799, 0.187127, 0.187127, 0.279032, 0.930679, 1, 

--- Pareto Front Solutions ---
Solution 0: N total=41 (N_initial=12, N_added=29), Time total=37 ms, Saved to: ./results/2^30_t2_l1_pareto_0.csv, percents=0.001, 0.0141455, 0.0218816, 0.0456565, 0.0663368, 0.100799, 0.187127, 0.187127, 0.248876, 0.279032, 0.421249, 0.482314, 0.298369, 0.629831, 0.648283, 0.693314, 0.771186, 0.771557, 0.777333, 0.787844, 0.834669, 0.947847, 0.966666, 0.970018, 0.937746, 1, 

Solution 1: N total=23 (N_initial=12, N_added=11), Time total=41 ms, Saved to: ./results/2^30_t2_l1_pareto_1.csv, percents=0.001, 0.0141455, 0.0218816, 0.0262016, 0.0663368, 0.187127, 1, 

Solution 2: N total=22 (N_initial=12, N_added=10), Time total=45 ms, Saved to: ./results/2^30_t2_l1_pareto_2.csv, percents=0.001, 0.0141455, 0.0218816, 0.0456565, 0.0663368, 0.187127, 1, 

Solution 3: N total=26 (N_initial=12, N_added=14), Time total=38 ms, Saved to: ./results/2^30_t2_l1_pareto_3.csv, percents=0.001, 0.0141455, 0.0218816, 0.0262016, 0.0663368, 0.100799, 0.187127, 0.187127, 0.279032, 0.930679, 1, 

------------d=1, t=2, lambda=2, filename=./evaluation/2^30-t2_l2.csv------------
Computing partitioned counts of d-sets...
Ready to look at pairs based on partitioned counts...
First Stage N=18, Time=6
There are 533 remaining non-locating pairs
--- Running GA Algorithm (phase2) ---
Running GA with std::execution::par
Generation #0
19,40,0.001, 0.015841, 0.0278766, 0.0539515, 0.085565, 0.274236, 0.274526, 0.427033, 0.434277, 0.442408, 0.684187, 0.723449, 0.951657, 1, 

18,96,0.001, 0.0837945, 0.231831, 0.247193, 0.291196, 0.614943, 0.668155, 0.798372, 0.92716, 0.971252, 1, 

21,34,0.001, 0.0409466, 0.056962, 0.0625151, 0.0678728, 0.148918, 0.344769, 0.615905, 0.63234, 0.822482, 0.828823, 0.903033, 0.903302, 1, 

Generation #1
20,24,0.001, 0.0338233, 0.0414516, 0.0418512, 0.050496, 0.497758, 0.529164, 0.557946, 0.780448, 0.822942, 0.849509, 1, 

18,36,0.001, 0.040189, 0.0750278, 0.178274, 0.239697, 0.26679, 0.276401, 0.322842, 0.381924, 0.385935, 0.981388, 1, 

16,51,0.001, 0.00771823, 0.0825433, 0.140127, 0.254166, 0.261685, 0.383688, 0.843989, 0.925266, 1, 

Generation #2
16,51,0.001, 0.00771823, 0.0825433, 0.140127, 0.254166, 0.261685, 0.383688, 0.843989, 0.925266, 1, 

17,10,0.001, 0.015841, 0.0278766, 0.0539515, 0.085565, 0.274236, 0.294018, 0.330996, 0.74389, 0.862224, 0.990844, 1, 

Generation #3
17,10,0.001, 0.015841, 0.0278766, 0.0539515, 0.085565, 0.274236, 0.294018, 0.330996, 0.74389, 0.862224, 0.990844, 1, 

15,92,0.001, 0.040189, 0.0750278, 0.178274, 0.254166, 0.261685, 0.383688, 0.843989, 0.925266, 1, 

16,20,0.001, 0.0338233, 0.0414516, 0.0418512, 0.161443, 0.244306, 0.376301, 0.9072, 0.977234, 0.9958, 1, 

Generation #4
16,20,0.001, 0.0338233, 0.0414516, 0.0418512, 0.161443, 0.244306, 0.376301, 0.9072, 0.977234, 0.9958, 1, 

17,7,0.001, 0.015841, 0.0278766, 0.0539515, 0.085565, 0.274236, 0.274526, 0.557946, 0.780448, 0.822942, 0.849509, 1, 

15,22,0.001, 0.0338233, 0.0414516, 0.0418512, 0.204115, 0.248094, 0.294018, 0.330996, 0.65348, 1, 

Generation #5
16,20,0.001, 0.0338233, 0.0414516, 0.0418512, 0.161443, 0.244306, 0.376301, 0.9072, 0.977234, 0.9958, 1, 

17,7,0.001, 0.015841, 0.0278766, 0.0539515, 0.085565, 0.274236, 0.274526, 0.557946, 0.780448, 0.822942, 0.849509, 1, 

15,22,0.001, 0.0338233, 0.0414516, 0.0418512, 0.204115, 0.248094, 0.294018, 0.330996, 0.65348, 1, 

Generation #6
17,7,0.001, 0.015841, 0.0278766, 0.0539515, 0.085565, 0.274236, 0.274526, 0.557946, 0.780448, 0.822942, 0.849509, 1, 

15,22,0.001, 0.0338233, 0.0414516, 0.0418512, 0.204115, 0.248094, 0.294018, 0.330996, 0.65348, 1, 

16,18,0.001, 0.015841, 0.0278766, 0.0539515, 0.085565, 0.497758, 0.529164, 0.557946, 0.780448, 0.771355, 1, 

13,23,0.001, 0.015841, 0.0278766, 0.0539515, 0.085565, 0.344769, 0.615905, 1, 

Generation #7
17,7,0.001, 0.015841, 0.0278766, 0.0539515, 0.085565, 0.274236, 0.274526, 0.557946, 0.780448, 0.822942, 0.849509, 1, 

15,22,0.001, 0.0338233, 0.0414516, 0.0418512, 0.204115, 0.248094, 0.294018, 0.330996, 0.65348, 1, 

16,18,0.001, 0.015841, 0.0278766, 0.0539515, 0.085565, 0.497758, 0.529164, 0.557946, 0.780448, 0.771355, 1, 

13,23,0.001, 0.015841, 0.0278766, 0.0539515, 0.085565, 0.344769, 0.615905, 1, 

Generation #8
17,7,0.001, 0.015841, 0.0278766, 0.0539515, 0.085565, 0.274236, 0.274526, 0.557946, 0.780448, 0.822942, 0.849509, 1, 

13,23,0.001, 0.015841, 0.0278766, 0.0539515, 0.085565, 0.344769, 0.615905, 1, 

14,13,0.001, 0.015841, 0.0278766, 0.0539515, 0.085565, 0.148918, 0.274526, 0.427033, 0.925266, 1, 

Generation #9
17,7,0.001, 0.015841, 0.0278766, 0.0539515, 0.085565, 0.274236, 0.274526, 0.557946, 0.780448, 0.822942, 0.849509, 1, 

13,23,0.001, 0.015841, 0.0278766, 0.0539515, 0.085565, 0.344769, 0.615905, 1, 

14,13,0.001, 0.015841, 0.0278766, 0.0539515, 0.085565, 0.148918, 0.274526, 0.427033, 0.925266, 1, 

16,10,0.001, 0.015841, 0.0278766, 0.0539515, 0.085565, 0.274236, 0.259067, 0.299929, 0.977234, 1, 

Generation #10
17,7,0.001, 0.015841, 0.0278766, 0.0539515, 0.085565, 0.274236, 0.274526, 0.557946, 0.780448, 0.822942, 0.849509, 1, 

13,23,0.001, 0.015841, 0.0278766, 0.0539515, 0.085565, 0.344769, 0.615905, 1, 

14,13,0.001, 0.015841, 0.0278766, 0.0539515, 0.085565, 0.148918, 0.274526, 0.427033, 0.925266, 1, 

16,10,0.001, 0.015841, 0.0278766, 0.0539515, 0.085565, 0.274236, 0.259067, 0.299929, 0.977234, 1, 

Generation #11
17,7,0.001, 0.015841, 0.0278766, 0.0539515, 0.085565, 0.274236, 0.274526, 0.557946, 0.780448, 0.822942, 0.849509, 1, 

14,13,0.001, 0.015841, 0.0278766, 0.0539515, 0.085565, 0.148918, 0.274526, 0.427033, 0.925266, 1, 

16,10,0.001, 0.015841, 0.0278766, 0.0539515, 0.085565, 0.274236, 0.259067, 0.299929, 0.977234, 1, 

13,21,0.001, 0.015841, 0.0278766, 0.0539515, 0.085565, 0.274236, 0.63234, 1, 

Generation #12
13,21,0.001, 0.015841, 0.0278766, 0.0539515, 0.085565, 0.274236, 0.63234, 1, 

14,8,0.001, 0.015841, 0.0278766, 0.0539515, 0.148918, 0.344769, 0.654822, 0.925266, 1, 

16,7,0.001, 0.015841, 0.0278766, 0.0418512, 0.161443, 0.244306, 0.175404, 0.68206, 0.184948, 0.206165, 1, 

Generation #13
13,21,0.001, 0.015841, 0.0278766, 0.0539515, 0.085565, 0.274236, 0.63234, 1, 

14,8,0.001, 0.015841, 0.0278766, 0.0539515, 0.148918, 0.344769, 0.654822, 0.925266, 1, 

16,3,0.001, 0.015841, 0.0278766, 0.0539515, 0.085565, 0.148918, 0.344769, 0.654822, 0.404579, 0.954454, 1, 

15,7,0.001, 0.015841, 0.0278766, 0.0539515, 0.085565, 0.344769, 0.654822, 0.925266, 1, 

Generation #14
13,21,0.001, 0.015841, 0.0278766, 0.0539515, 0.085565, 0.274236, 0.63234, 1, 

14,8,0.001, 0.015841, 0.0278766, 0.0539515, 0.148918, 0.344769, 0.654822, 0.925266, 1, 

16,3,0.001, 0.015841, 0.0278766, 0.0539515, 0.085565, 0.148918, 0.344769, 0.654822, 0.404579, 0.954454, 1, 

15,7,0.001, 0.015841, 0.0278766, 0.0539515, 0.085565, 0.344769, 0.654822, 0.925266, 1, 

Generation #15
13,21,0.001, 0.015841, 0.0278766, 0.0539515, 0.085565, 0.274236, 0.63234, 1, 

16,3,0.001, 0.015841, 0.0278766, 0.0539515, 0.085565, 0.148918, 0.344769, 0.654822, 0.404579, 0.954454, 1, 

14,7,0.001, 0.015841, 0.0278766, 0.046948, 0.135817, 0.142804, 0.259067, 0.63234, 1, 

Generation #16
13,21,0.001, 0.015841, 0.0278766, 0.0539515, 0.085565, 0.274236, 0.63234, 1, 

16,3,0.001, 0.015841, 0.0278766, 0.0539515, 0.085565, 0.148918, 0.344769, 0.654822, 0.404579, 0.954454, 1, 

14,7,0.001, 0.015841, 0.0278766, 0.046948, 0.135817, 0.142804, 0.259067, 0.63234, 1, 

Generation #17
13,21,0.001, 0.015841, 0.0278766, 0.0539515, 0.085565, 0.274236, 0.63234, 1, 

16,3,0.001, 0.015841, 0.0278766, 0.0539515, 0.085565, 0.148918, 0.344769, 0.654822, 0.404579, 0.954454, 1, 

14,7,0.001, 0.015841, 0.0278766, 0.046948, 0.135817, 0.142804, 0.259067, 0.63234, 1, 

Generation #18
16,3,0.001, 0.015841, 0.0278766, 0.0539515, 0.085565, 0.148918, 0.344769, 0.654822, 0.404579, 0.954454, 1, 

14,7,0.001, 0.015841, 0.0278766, 0.046948, 0.135817, 0.142804, 0.259067, 0.63234, 1, 

13,15,0.001, 0.015841, 0.0278766, 0.0539515, 0.085565, 0.148918, 1, 

Generation #19
16,3,0.001, 0.015841, 0.0278766, 0.0539515, 0.085565, 0.148918, 0.344769, 0.654822, 0.404579, 0.954454, 1, 

14,7,0.001, 0.015841, 0.0278766, 0.046948, 0.135817, 0.142804, 0.259067, 0.63234, 1, 

13,12,0.001, 0.015841, 0.0278766, 0.0539515, 0.085565, 0.344769, 0.615905, 1, 

Generation #20
16,3,0.001, 0.015841, 0.0278766, 0.0539515, 0.085565, 0.148918, 0.344769, 0.654822, 0.404579, 0.954454, 1, 

14,7,0.001, 0.015841, 0.0278766, 0.046948, 0.135817, 0.142804, 0.259067, 0.63234, 1, 

13,12,0.001, 0.015841, 0.0278766, 0.0539515, 0.085565, 0.344769, 0.615905, 1, 

Generation #21
16,3,0.001, 0.015841, 0.0278766, 0.0539515, 0.085565, 0.148918, 0.344769, 0.654822, 0.404579, 0.954454, 1, 

14,7,0.001, 0.015841, 0.0278766, 0.046948, 0.135817, 0.142804, 0.259067, 0.63234, 1, 

13,12,0.001, 0.015841, 0.0278766, 0.0539515, 0.085565, 0.344769, 0.615905, 1, 

12,16,0.001, 0.015841, 0.0278766, 0.0539515, 0.085565, 0.148918, 1, 

Generation #22
16,3,0.001, 0.015841, 0.0278766, 0.0539515, 0.085565, 0.148918, 0.344769, 0.654822, 0.404579, 0.954454, 1, 

14,7,0.001, 0.015841, 0.0278766, 0.046948, 0.135817, 0.142804, 0.259067, 0.63234, 1, 

11,52,0.001, 0.015841, 0.0426416, 0.0539515, 0.085565, 1, 

12,12,0.001, 0.015841, 0.0278766, 0.046948, 0.135817, 0.142804, 1, 

13,8,0.001, 0.015841, 0.0278766, 0.0539515, 0.085565, 0.148918, 0.344769, 1, 

Generation #23
16,3,0.001, 0.015841, 0.0278766, 0.0539515, 0.085565, 0.148918, 0.344769, 0.654822, 0.404579, 0.954454, 1, 

11,52,0.001, 0.015841, 0.0426416, 0.0539515, 0.085565, 1, 

12,12,0.001, 0.015841, 0.0278766, 0.046948, 0.135817, 0.142804, 1, 

13,8,0.001, 0.015841, 0.0278766, 0.0539515, 0.085565, 0.148918, 0.344769, 1, 

14,5,0.001, 0.015841, 0.0278766, 0.0539515, 0.085565, 0.148918, 0.152225, 0.427033, 1, 

Generation #24
16,3,0.001, 0.015841, 0.0278766, 0.0539515, 0.085565, 0.148918, 0.344769, 0.654822, 0.404579, 0.954454, 1, 

11,52,0.001, 0.015841, 0.0426416, 0.0539515, 0.085565, 1, 

12,12,0.001, 0.015841, 0.0278766, 0.046948, 0.135817, 0.142804, 1, 

14,5,0.001, 0.015841, 0.0278766, 0.0539515, 0.085565, 0.148918, 0.152225, 0.427033, 1, 

13,7,0.001, 0.015841, 0.0278766, 0.0539515, 0.085565, 0.259067, 0.330996, 1, 

Generation #25
16,3,0.001, 0.015841, 0.0278766, 0.0539515, 0.085565, 0.148918, 0.344769, 0.654822, 0.404579, 0.954454, 1, 

11,52,0.001, 0.015841, 0.0426416, 0.0539515, 0.085565, 1, 

12,12,0.001, 0.015841, 0.0278766, 0.046948, 0.135817, 0.142804, 1, 

14,5,0.001, 0.015841, 0.0278766, 0.0539515, 0.085565, 0.148918, 0.152225, 0.427033, 1, 

13,7,0.001, 0.015841, 0.0278766, 0.0539515, 0.085565, 0.259067, 0.330996, 1, 

Generation #26
16,3,0.001, 0.015841, 0.0278766, 0.0539515, 0.085565, 0.148918, 0.344769, 0.654822, 0.404579, 0.954454, 1, 

11,52,0.001, 0.015841, 0.0426416, 0.0539515, 0.085565, 1, 

12,12,0.001, 0.015841, 0.0278766, 0.046948, 0.135817, 0.142804, 1, 

14,5,0.001, 0.015841, 0.0278766, 0.0539515, 0.085565, 0.148918, 0.152225, 0.427033, 1, 

13,7,0.001, 0.015841, 0.0278766, 0.0539515, 0.085565, 0.259067, 0.330996, 1, 

Generation #27
16,3,0.001, 0.015841, 0.0278766, 0.0539515, 0.085565, 0.148918, 0.344769, 0.654822, 0.404579, 0.954454, 1, 

11,52,0.001, 0.015841, 0.0426416, 0.0539515, 0.085565, 1, 

12,12,0.001, 0.015841, 0.0278766, 0.046948, 0.135817, 0.142804, 1, 

14,5,0.001, 0.015841, 0.0278766, 0.0539515, 0.085565, 0.148918, 0.152225, 0.427033, 1, 

13,7,0.001, 0.015841, 0.0278766, 0.0539515, 0.085565, 0.259067, 0.330996, 1, 

Generation #28
16,3,0.001, 0.015841, 0.0278766, 0.0539515, 0.085565, 0.148918, 0.344769, 0.654822, 0.404579, 0.954454, 1, 

11,52,0.001, 0.015841, 0.0426416, 0.0539515, 0.085565, 1, 

12,12,0.001, 0.015841, 0.0278766, 0.046948, 0.135817, 0.142804, 1, 

14,5,0.001, 0.015841, 0.0278766, 0.0539515, 0.085565, 0.148918, 0.152225, 0.427033, 1, 

13,7,0.001, 0.015841, 0.0278766, 0.0539515, 0.085565, 0.259067, 0.330996, 1, 

Generation #29
16,3,0.001, 0.015841, 0.0278766, 0.0539515, 0.085565, 0.148918, 0.344769, 0.654822, 0.404579, 0.954454, 1, 

12,12,0.001, 0.015841, 0.0278766, 0.046948, 0.135817, 0.142804, 1, 

14,5,0.001, 0.015841, 0.0278766, 0.0539515, 0.085565, 0.148918, 0.152225, 0.427033, 1, 

13,7,0.001, 0.015841, 0.0278766, 0.0539515, 0.085565, 0.259067, 0.330996, 1, 

11,21,0.001, 0.015841, 0.0278766, 0.046948, 0.135817, 0.259067, 1, 

Generation #30
16,3,0.001, 0.015841, 0.0278766, 0.0539515, 0.085565, 0.148918, 0.344769, 0.654822, 0.404579, 0.954454, 1, 

12,12,0.001, 0.015841, 0.0278766, 0.046948, 0.135817, 0.142804, 1, 

14,5,0.001, 0.015841, 0.0278766, 0.0539515, 0.085565, 0.148918, 0.152225, 0.427033, 1, 

13,7,0.001, 0.015841, 0.0278766, 0.0539515, 0.085565, 0.259067, 0.330996, 1, 

11,21,0.001, 0.015841, 0.0278766, 0.046948, 0.135817, 0.259067, 1, 

Generation #31
16,3,0.001, 0.015841, 0.0278766, 0.0539515, 0.085565, 0.148918, 0.344769, 0.654822, 0.404579, 0.954454, 1, 

12,12,0.001, 0.015841, 0.0278766, 0.046948, 0.135817, 0.142804, 1, 

14,5,0.001, 0.015841, 0.0278766, 0.0539515, 0.085565, 0.148918, 0.152225, 0.427033, 1, 

13,7,0.001, 0.015841, 0.0278766, 0.0539515, 0.085565, 0.259067, 0.330996, 1, 

11,21,0.001, 0.015841, 0.0278766, 0.046948, 0.135817, 0.259067, 1, 

Generation #32
16,3,0.001, 0.015841, 0.0278766, 0.0539515, 0.085565, 0.148918, 0.344769, 0.654822, 0.404579, 0.954454, 1, 

12,12,0.001, 0.015841, 0.0278766, 0.046948, 0.135817, 0.142804, 1, 

14,5,0.001, 0.015841, 0.0278766, 0.0539515, 0.085565, 0.148918, 0.152225, 0.427033, 1, 

13,7,0.001, 0.015841, 0.0278766, 0.0539515, 0.085565, 0.259067, 0.330996, 1, 

11,21,0.001, 0.015841, 0.0278766, 0.046948, 0.135817, 0.259067, 1, 

Generation #33
16,3,0.001, 0.015841, 0.0278766, 0.0539515, 0.085565, 0.148918, 0.344769, 0.654822, 0.404579, 0.954454, 1, 

14,5,0.001, 0.015841, 0.0278766, 0.0539515, 0.085565, 0.148918, 0.152225, 0.427033, 1, 

13,7,0.001, 0.015841, 0.0278766, 0.0539515, 0.085565, 0.259067, 0.330996, 1, 

11,21,0.001, 0.015841, 0.0278766, 0.046948, 0.135817, 0.259067, 1, 

12,8,0.001, 0.015841, 0.0278766, 0.0418512, 0.161443, 0.148918, 1, 

Generation #34
16,3,0.001, 0.015841, 0.0278766, 0.0539515, 0.085565, 0.148918, 0.344769, 0.654822, 0.404579, 0.954454, 1, 

14,5,0.001, 0.015841, 0.0278766, 0.0539515, 0.085565, 0.148918, 0.152225, 0.427033, 1, 

13,7,0.001, 0.015841, 0.0278766, 0.0539515, 0.085565, 0.259067, 0.330996, 1, 

12,8,0.001, 0.015841, 0.0278766, 0.0418512, 0.161443, 0.148918, 1, 

11,20,0.001, 0.015841, 0.0278766, 0.0539515, 0.085565, 0.274236, 1, 

Generation #35
16,3,0.001, 0.015841, 0.0278766, 0.0539515, 0.085565, 0.148918, 0.344769, 0.654822, 0.404579, 0.954454, 1, 

14,5,0.001, 0.015841, 0.0278766, 0.0539515, 0.085565, 0.148918, 0.152225, 0.427033, 1, 

13,7,0.001, 0.015841, 0.0278766, 0.0539515, 0.085565, 0.259067, 0.330996, 1, 

12,8,0.001, 0.015841, 0.0278766, 0.0418512, 0.161443, 0.148918, 1, 

10,20,0.001, 0.015841, 0.0539515, 0.085565, 0.148918, 1, 

11,10,0.001, 0.015841, 0.0278766, 0.0539515, 0.085565, 0.148918, 1, 

Generation #36
16,3,0.001, 0.015841, 0.0278766, 0.0539515, 0.085565, 0.148918, 0.344769, 0.654822, 0.404579, 0.954454, 1, 

14,5,0.001, 0.015841, 0.0278766, 0.0539515, 0.085565, 0.148918, 0.152225, 0.427033, 1, 

13,7,0.001, 0.015841, 0.0278766, 0.0539515, 0.085565, 0.259067, 0.330996, 1, 

12,8,0.001, 0.015841, 0.0278766, 0.0418512, 0.161443, 0.148918, 1, 

10,20,0.001, 0.015841, 0.0539515, 0.085565, 0.148918, 1, 

11,10,0.001, 0.015841, 0.0278766, 0.0539515, 0.085565, 0.148918, 1, 

Generation #37
16,3,0.001, 0.015841, 0.0278766, 0.0539515, 0.085565, 0.148918, 0.344769, 0.654822, 0.404579, 0.954454, 1, 

14,5,0.001, 0.015841, 0.0278766, 0.0539515, 0.085565, 0.148918, 0.152225, 0.427033, 1, 

13,7,0.001, 0.015841, 0.0278766, 0.0539515, 0.085565, 0.259067, 0.330996, 1, 

12,8,0.001, 0.015841, 0.0278766, 0.0418512, 0.161443, 0.148918, 1, 

10,20,0.001, 0.015841, 0.0539515, 0.085565, 0.148918, 1, 

11,9,0.001, 0.015841, 0.0278766, 0.046948, 0.135817, 0.142804, 1, 

Generation #38
16,3,0.001, 0.015841, 0.0278766, 0.0539515, 0.085565, 0.148918, 0.344769, 0.654822, 0.404579, 0.954454, 1, 

14,5,0.001, 0.015841, 0.0278766, 0.0539515, 0.085565, 0.148918, 0.152225, 0.427033, 1, 

13,7,0.001, 0.015841, 0.0278766, 0.0539515, 0.085565, 0.259067, 0.330996, 1, 

12,8,0.001, 0.015841, 0.0278766, 0.0418512, 0.161443, 0.148918, 1, 

10,20,0.001, 0.015841, 0.0539515, 0.085565, 0.148918, 1, 

11,9,0.001, 0.015841, 0.0278766, 0.046948, 0.135817, 0.142804, 1, 

Generation #39
16,3,0.001, 0.015841, 0.0278766, 0.0539515, 0.085565, 0.148918, 0.344769, 0.654822, 0.404579, 0.954454, 1, 

14,5,0.001, 0.015841, 0.0278766, 0.0539515, 0.085565, 0.148918, 0.152225, 0.427033, 1, 

13,7,0.001, 0.015841, 0.0278766, 0.0539515, 0.085565, 0.259067, 0.330996, 1, 

12,8,0.001, 0.015841, 0.0278766, 0.0418512, 0.161443, 0.148918, 1, 

10,20,0.001, 0.015841, 0.0539515, 0.085565, 0.148918, 1, 

11,9,0.001, 0.015841, 0.0278766, 0.046948, 0.135817, 0.142804, 1, 

Generation #40
16,3,0.001, 0.015841, 0.0278766, 0.0539515, 0.085565, 0.148918, 0.344769, 0.654822, 0.404579, 0.954454, 1, 

14,5,0.001, 0.015841, 0.0278766, 0.0539515, 0.085565, 0.148918, 0.152225, 0.427033, 1, 

12,8,0.001, 0.015841, 0.0278766, 0.0418512, 0.161443, 0.148918, 1, 

10,20,0.001, 0.015841, 0.0539515, 0.085565, 0.148918, 1, 

11,9,0.001, 0.015841, 0.0278766, 0.046948, 0.135817, 0.142804, 1, 

13,6,0.001, 0.015841, 0.0278766, 0.046948, 0.135817, 0.142804, 1, 

Generation #41
16,3,0.001, 0.015841, 0.0278766, 0.0539515, 0.085565, 0.148918, 0.344769, 0.654822, 0.404579, 0.954454, 1, 

14,5,0.001, 0.015841, 0.0278766, 0.0539515, 0.085565, 0.148918, 0.152225, 0.427033, 1, 

12,8,0.001, 0.015841, 0.0278766, 0.0418512, 0.161443, 0.148918, 1, 

10,20,0.001, 0.015841, 0.0539515, 0.085565, 0.148918, 1, 

11,9,0.001, 0.015841, 0.0278766, 0.046948, 0.135817, 0.142804, 1, 

13,6,0.001, 0.015841, 0.0278766, 0.046948, 0.135817, 0.142804, 1, 

Generation #42
16,3,0.001, 0.015841, 0.0278766, 0.0539515, 0.085565, 0.148918, 0.344769, 0.654822, 0.404579, 0.954454, 1, 

12,8,0.001, 0.015841, 0.0278766, 0.0418512, 0.161443, 0.148918, 1, 

10,20,0.001, 0.015841, 0.0539515, 0.085565, 0.148918, 1, 

11,9,0.001, 0.015841, 0.0278766, 0.046948, 0.135817, 0.142804, 1, 

13,6,0.001, 0.015841, 0.0278766, 0.046948, 0.135817, 0.142804, 1, 

14,4,0.001, 0.015841, 0.0278766, 0.0539515, 0.085565, 0.344769, 0.615905, 1, 

Generation #43
16,3,0.001, 0.015841, 0.0278766, 0.0539515, 0.085565, 0.148918, 0.344769, 0.654822, 0.404579, 0.954454, 1, 

12,8,0.001, 0.015841, 0.0278766, 0.0418512, 0.161443, 0.148918, 1, 

10,20,0.001, 0.015841, 0.0539515, 0.085565, 0.148918, 1, 

11,9,0.001, 0.015841, 0.0278766, 0.046948, 0.135817, 0.142804, 1, 

13,6,0.001, 0.015841, 0.0278766, 0.046948, 0.135817, 0.142804, 1, 

14,4,0.001, 0.015841, 0.0278766, 0.0539515, 0.085565, 0.344769, 0.615905, 1, 

Generation #44
16,3,0.001, 0.015841, 0.0278766, 0.0539515, 0.085565, 0.148918, 0.344769, 0.654822, 0.404579, 0.954454, 1, 

12,8,0.001, 0.015841, 0.0278766, 0.0418512, 0.161443, 0.148918, 1, 

10,20,0.001, 0.015841, 0.0539515, 0.085565, 0.148918, 1, 

11,9,0.001, 0.015841, 0.0278766, 0.046948, 0.135817, 0.142804, 1, 

13,6,0.001, 0.015841, 0.0278766, 0.046948, 0.135817, 0.142804, 1, 

14,4,0.001, 0.015841, 0.0278766, 0.0539515, 0.085565, 0.344769, 0.615905, 1, 

Generation #45
16,3,0.001, 0.015841, 0.0278766, 0.0539515, 0.085565, 0.148918, 0.344769, 0.654822, 0.404579, 0.954454, 1, 

12,8,0.001, 0.015841, 0.0278766, 0.0418512, 0.161443, 0.148918, 1, 

10,20,0.001, 0.015841, 0.0539515, 0.085565, 0.148918, 1, 

11,9,0.001, 0.015841, 0.0278766, 0.046948, 0.135817, 0.142804, 1, 

13,4,0.001, 0.015841, 0.0278766, 0.0539515, 0.085565, 0.148918, 1, 

Generation #46
16,3,0.001, 0.015841, 0.0278766, 0.0539515, 0.085565, 0.148918, 0.344769, 0.654822, 0.404579, 0.954454, 1, 

12,8,0.001, 0.015841, 0.0278766, 0.0418512, 0.161443, 0.148918, 1, 

10,20,0.001, 0.015841, 0.0539515, 0.085565, 0.148918, 1, 

11,9,0.001, 0.015841, 0.0278766, 0.046948, 0.135817, 0.142804, 1, 

13,4,0.001, 0.015841, 0.0278766, 0.0539515, 0.085565, 0.148918, 1, 

Generation #47
16,3,0.001, 0.015841, 0.0278766, 0.0539515, 0.085565, 0.148918, 0.344769, 0.654822, 0.404579, 0.954454, 1, 

12,8,0.001, 0.015841, 0.0278766, 0.0418512, 0.161443, 0.148918, 1, 

10,20,0.001, 0.015841, 0.0539515, 0.085565, 0.148918, 1, 

11,9,0.001, 0.015841, 0.0278766, 0.046948, 0.135817, 0.142804, 1, 

13,4,0.001, 0.015841, 0.0278766, 0.0539515, 0.085565, 0.148918, 1, 

Generation #48
16,3,0.001, 0.015841, 0.0278766, 0.0539515, 0.085565, 0.148918, 0.344769, 0.654822, 0.404579, 0.954454, 1, 

12,8,0.001, 0.015841, 0.0278766, 0.0418512, 0.161443, 0.148918, 1, 

10,20,0.001, 0.015841, 0.0539515, 0.085565, 0.148918, 1, 

11,9,0.001, 0.015841, 0.0278766, 0.046948, 0.135817, 0.142804, 1, 

13,4,0.001, 0.015841, 0.0278766, 0.0539515, 0.085565, 0.148918, 1, 

Generation #49
16,3,0.001, 0.015841, 0.0278766, 0.0539515, 0.085565, 0.148918, 0.344769, 0.654822, 0.404579, 0.954454, 1, 

12,8,0.001, 0.015841, 0.0278766, 0.0418512, 0.161443, 0.148918, 1, 

10,20,0.001, 0.015841, 0.0539515, 0.085565, 0.148918, 1, 

11,9,0.001, 0.015841, 0.0278766, 0.046948, 0.135817, 0.142804, 1, 

13,4,0.001, 0.015841, 0.0278766, 0.0539515, 0.085565, 0.148918, 1, 

--- Pareto Front Solutions ---
Solution 0: N total=34 (N_initial=18, N_added=16), Time total=9 ms, Saved to: ./results/2^30_t2_l2_pareto_0.csv, percents=0.001, 0.015841, 0.0278766, 0.0539515, 0.085565, 0.148918, 0.344769, 0.654822, 0.404579, 0.954454, 1, 

Solution 1: N total=30 (N_initial=18, N_added=12), Time total=14 ms, Saved to: ./results/2^30_t2_l2_pareto_1.csv, percents=0.001, 0.015841, 0.0278766, 0.0418512, 0.161443, 0.148918, 1, 

Solution 2: N total=28 (N_initial=18, N_added=10), Time total=26 ms, Saved to: ./results/2^30_t2_l2_pareto_2.csv, percents=0.001, 0.015841, 0.0539515, 0.085565, 0.148918, 1, 

Solution 3: N total=29 (N_initial=18, N_added=11), Time total=15 ms, Saved to: ./results/2^30_t2_l2_pareto_3.csv, percents=0.001, 0.015841, 0.0278766, 0.046948, 0.135817, 0.142804, 1, 

Solution 4: N total=31 (N_initial=18, N_added=13), Time total=10 ms, Saved to: ./results/2^30_t2_l2_pareto_4.csv, percents=0.001, 0.015841, 0.0278766, 0.0539515, 0.085565, 0.148918, 1, 

------------d=1, t=2, lambda=3, filename=./evaluation/2^30-t2_l3.csv------------
Computing partitioned counts of d-sets...
Ready to look at pairs based on partitioned counts...
First Stage N=24, Time=9
There are 236 remaining non-locating pairs
--- Running GA Algorithm (phase2) ---
Running GA with std::execution::par
Generation #0
21,3,0.001, 0.0260935, 0.033378, 0.0834041, 0.158462, 0.181427, 0.257337, 0.264543, 0.370994, 0.372123, 0.430375, 0.493356, 0.672967, 0.689305, 0.955801, 1, 

18,28,0.001, 0.154285, 0.317703, 0.60492, 0.692381, 0.711622, 0.730332, 0.739479, 0.812494, 0.962059, 1, 

35,2,0.001, 0.0145967, 0.0205699, 0.0335225, 0.0459525, 0.0806454, 0.17501, 0.208566, 0.221033, 0.279035, 0.432267, 0.450697, 0.474627, 0.492795, 0.512808, 0.522843, 0.525716, 0.552412, 0.606946, 0.613586, 0.653044, 0.69351, 0.746354, 0.940409, 0.941776, 0.948552, 1, 

19,7,0.001, 0.0184055, 0.025479, 0.0290636, 0.239145, 0.45681, 0.790518, 0.792151, 0.867682, 0.897094, 0.930382, 0.950006, 1, 

Generation #1
18,12,0.001, 0.116492, 0.15934, 0.166944, 0.225614, 0.304816, 0.650636, 0.656291, 0.658504, 0.747717, 0.859951, 1, 

19,1,0.001, 0.0220788, 0.0590349, 0.0670515, 0.222083, 0.2521, 0.261133, 0.267084, 0.360267, 0.428487, 0.458641, 0.465964, 1, 

Generation #2
19,1,0.001, 0.0220788, 0.0590349, 0.0670515, 0.222083, 0.2521, 0.261133, 0.267084, 0.360267, 0.428487, 0.458641, 0.465964, 1, 

15,7,0.001, 0.0382473, 0.0447198, 0.110748, 0.196078, 0.229596, 0.241204, 0.867358, 0.897978, 0.962833, 1, 

Generation #3
19,1,0.001, 0.0220788, 0.0590349, 0.0670515, 0.222083, 0.2521, 0.261133, 0.267084, 0.360267, 0.428487, 0.458641, 0.465964, 1, 

15,7,0.001, 0.0382473, 0.0447198, 0.110748, 0.196078, 0.229596, 0.241204, 0.867358, 0.897978, 0.962833, 1, 

18,5,0.001, 0.0226915, 0.0246638, 0.038227, 0.0687021, 0.288403, 0.518492, 0.254126, 0.306051, 0.34808, 0.868201, 1, 

Generation #4
19,1,0.001, 0.0220788, 0.0590349, 0.0670515, 0.222083, 0.2521, 0.261133, 0.267084, 0.360267, 0.428487, 0.458641, 0.465964, 1, 

15,7,0.001, 0.0382473, 0.0447198, 0.110748, 0.196078, 0.229596, 0.241204, 0.867358, 0.897978, 0.962833, 1, 

18,2,0.001, 0.0226915, 0.0246638, 0.038227, 0.0687021, 0.0942762, 0.163798, 0.193579, 0.206336, 0.962833, 1, 

17,5,0.001, 0.0220788, 0.0590349, 0.0670515, 0.222083, 0.2521, 0.261133, 0.267084, 0.360267, 0.428487, 1, 

Generation #5
15,7,0.001, 0.0382473, 0.0447198, 0.110748, 0.196078, 0.229596, 0.241204, 0.867358, 0.897978, 0.962833, 1, 

17,2,0.001, 0.0226915, 0.0246638, 0.038227, 0.0687021, 0.0942762, 0.163798, 0.193579, 0.206336, 1, 

16,5,0.001, 0.0382473, 0.0447198, 0.0500025, 0.0762539, 0.111175, 0.177548, 0.152357, 0.370994, 0.372123, 1, 

18,1,0.001, 0.0145967, 0.0205699, 0.0335225, 0.0459525, 0.0806454, 0.17501, 0.208566, 0.221033, 0.998598, 1, 

Generation #6
15,7,0.001, 0.0382473, 0.0447198, 0.110748, 0.196078, 0.229596, 0.241204, 0.867358, 0.897978, 0.962833, 1, 

16,1,0.001, 0.0226915, 0.0246638, 0.038227, 0.0687021, 0.0806454, 0.17501, 0.208566, 0.221033, 0.998598, 1, 

Generation #7
15,7,0.001, 0.0382473, 0.0447198, 0.110748, 0.196078, 0.229596, 0.241204, 0.867358, 0.897978, 0.962833, 1, 

16,1,0.001, 0.0226915, 0.0246638, 0.038227, 0.0687021, 0.0806454, 0.17501, 0.208566, 0.221033, 0.998598, 1, 

Generation #8
15,7,0.001, 0.0382473, 0.0447198, 0.110748, 0.196078, 0.229596, 0.241204, 0.867358, 0.897978, 0.962833, 1, 

16,1,0.001, 0.0226915, 0.0246638, 0.038227, 0.0687021, 0.0806454, 0.17501, 0.208566, 0.221033, 0.998598, 1, 

Generation #9
16,1,0.001, 0.0226915, 0.0246638, 0.038227, 0.0687021, 0.0806454, 0.17501, 0.208566, 0.221033, 0.998598, 1, 

14,7,0.001, 0.0145967, 0.0205699, 0.254039, 0.312772, 0.461966, 0.499284, 0.525097, 1, 

Generation #10
14,7,0.001, 0.0145967, 0.0205699, 0.254039, 0.312772, 0.461966, 0.499284, 0.525097, 1, 

15,1,0.001, 0.0226915, 0.0246638, 0.038227, 0.0687021, 0.0942762, 0.193579, 0.897978, 0.962833, 1, 

Generation #11
15,1,0.001, 0.0226915, 0.0246638, 0.038227, 0.0687021, 0.0942762, 0.193579, 0.897978, 0.962833, 1, 

14,3,0.001, 0.0226915, 0.0246638, 0.038227, 0.0687021, 0.118195, 0.152357, 0.897978, 0.962833, 1, 

Generation #12
14,1,0.001, 0.0145967, 0.0250887, 0.0425131, 0.073272, 0.0845072, 0.0861518, 0.370994, 0.372123, 1, 

Generation #13
14,1,0.001, 0.0145967, 0.0250887, 0.0425131, 0.073272, 0.0845072, 0.0861518, 0.370994, 0.372123, 1, 

Generation #14
14,1,0.001, 0.0145967, 0.0250887, 0.0425131, 0.073272, 0.0845072, 0.0861518, 0.370994, 0.372123, 1, 

13,4,0.001, 0.0226915, 0.0335225, 0.0459525, 0.111175, 0.220575, 1, 

Generation #15
14,1,0.001, 0.0145967, 0.0250887, 0.0425131, 0.073272, 0.0845072, 0.0861518, 0.370994, 0.372123, 1, 

13,4,0.001, 0.0226915, 0.0335225, 0.0459525, 0.111175, 0.220575, 1, 

Generation #16
14,1,0.001, 0.0145967, 0.0250887, 0.0425131, 0.073272, 0.0845072, 0.0861518, 0.370994, 0.372123, 1, 

12,2,0.001, 0.0145967, 0.0205699, 0.0335225, 0.0459525, 0.111175, 0.220575, 1, 

Generation #17
14,1,0.001, 0.0145967, 0.0250887, 0.0425131, 0.073272, 0.0845072, 0.0861518, 0.370994, 0.372123, 1, 

12,2,0.001, 0.0145967, 0.0205699, 0.0335225, 0.0459525, 0.111175, 0.220575, 1, 

Generation #18
14,1,0.001, 0.0145967, 0.0250887, 0.0425131, 0.073272, 0.0845072, 0.0861518, 0.370994, 0.372123, 1, 

12,2,0.001, 0.0145967, 0.0205699, 0.0335225, 0.0459525, 0.111175, 0.220575, 1, 

Generation #19
14,1,0.001, 0.0145967, 0.0250887, 0.0425131, 0.073272, 0.0845072, 0.0861518, 0.370994, 0.372123, 1, 

12,2,0.001, 0.0145967, 0.0205699, 0.0335225, 0.0459525, 0.111175, 0.220575, 1, 

Generation #20
14,1,0.001, 0.0145967, 0.0250887, 0.0425131, 0.073272, 0.0845072, 0.0861518, 0.370994, 0.372123, 1, 

12,2,0.001, 0.0145967, 0.0205699, 0.0335225, 0.0459525, 0.111175, 0.220575, 1, 

Generation #21
14,1,0.001, 0.0145967, 0.0250887, 0.0425131, 0.073272, 0.0845072, 0.0861518, 0.370994, 0.372123, 1, 

12,2,0.001, 0.0145967, 0.0205699, 0.0335225, 0.0459525, 0.111175, 0.220575, 1, 

Generation #22
14,1,0.001, 0.0145967, 0.0250887, 0.0425131, 0.073272, 0.0845072, 0.0861518, 0.370994, 0.372123, 1, 

12,2,0.001, 0.0145967, 0.0205699, 0.0335225, 0.0459525, 0.111175, 0.220575, 1, 

11,49,0.001, 0.0226915, 0.0246638, 0.0687021, 0.0184441, 1, 

Generation #23
11,49,0.001, 0.0226915, 0.0246638, 0.0687021, 0.0184441, 1, 

12,1,0.001, 0.0145967, 0.0205699, 0.0335225, 0.0459525, 0.111175, 1, 

Generation #24
11,49,0.001, 0.0226915, 0.0246638, 0.0687021, 0.0184441, 1, 

12,1,0.001, 0.0145967, 0.0205699, 0.0335225, 0.0459525, 0.111175, 1, 

Generation #25
12,1,0.001, 0.0145967, 0.0205699, 0.0335225, 0.0459525, 0.111175, 1, 

11,5,0.001, 0.0145967, 0.0205699, 0.0687021, 0.163798, 1, 

Generation #26
12,1,0.001, 0.0145967, 0.0205699, 0.0335225, 0.0459525, 0.111175, 1, 

11,5,0.001, 0.0145967, 0.0205699, 0.0687021, 0.163798, 1, 

Generation #27
12,1,0.001, 0.0145967, 0.0205699, 0.0335225, 0.0459525, 0.111175, 1, 

11,3,0.001, 0.0246638, 0.038227, 0.038227, 0.0687021, 1, 

Generation #28
12,1,0.001, 0.0145967, 0.0205699, 0.0335225, 0.0459525, 0.111175, 1, 

11,3,0.001, 0.0246638, 0.038227, 0.038227, 0.0687021, 1, 

Generation #29
12,1,0.001, 0.0145967, 0.0205699, 0.0335225, 0.0459525, 0.111175, 1, 

11,3,0.001, 0.0246638, 0.038227, 0.038227, 0.0687021, 1, 

10,49,0.001, 0.0226915, 0.0246638, 0.038227, 1, 

Generation #30
12,1,0.001, 0.0145967, 0.0205699, 0.0335225, 0.0459525, 0.111175, 1, 

11,3,0.001, 0.0246638, 0.038227, 0.038227, 0.0687021, 1, 

10,49,0.001, 0.0226915, 0.0246638, 0.038227, 1, 

Generation #31
12,1,0.001, 0.0145967, 0.0205699, 0.0335225, 0.0459525, 0.111175, 1, 

11,3,0.001, 0.0246638, 0.038227, 0.038227, 0.0687021, 1, 

10,49,0.001, 0.0226915, 0.0246638, 0.038227, 1, 

Generation #32
12,1,0.001, 0.0145967, 0.0205699, 0.0335225, 0.0459525, 0.111175, 1, 

11,3,0.001, 0.0246638, 0.038227, 0.038227, 0.0687021, 1, 

10,49,0.001, 0.0226915, 0.0246638, 0.038227, 1, 

Generation #33
12,1,0.001, 0.0145967, 0.0205699, 0.0335225, 0.0459525, 0.111175, 1, 

11,3,0.001, 0.0246638, 0.038227, 0.038227, 0.0687021, 1, 

10,49,0.001, 0.0226915, 0.0246638, 0.038227, 1, 

9,117,0.001, 0.0226915, 0.0335225, 1, 

Generation #34
12,1,0.001, 0.0145967, 0.0205699, 0.0335225, 0.0459525, 0.111175, 1, 

11,3,0.001, 0.0246638, 0.038227, 0.038227, 0.0687021, 1, 

9,117,0.001, 0.0226915, 0.0335225, 1, 

10,26,0.001, 0.0226915, 0.0246638, 0.038227, 1, 

Generation #35
12,1,0.001, 0.0145967, 0.0205699, 0.0335225, 0.0459525, 0.111175, 1, 

11,3,0.001, 0.0246638, 0.038227, 0.038227, 0.0687021, 1, 

9,117,0.001, 0.0226915, 0.0335225, 1, 

10,26,0.001, 0.0226915, 0.0246638, 0.038227, 1, 

Generation #36
9,117,0.001, 0.0226915, 0.0335225, 1, 

10,26,0.001, 0.0226915, 0.0246638, 0.038227, 1, 

11,1,0.001, 0.0246638, 0.038227, 0.0335225, 0.0314713, 0.111175, 1, 

Generation #37
9,117,0.001, 0.0226915, 0.0335225, 1, 

10,26,0.001, 0.0226915, 0.0246638, 0.038227, 1, 

11,1,0.001, 0.0246638, 0.038227, 0.0335225, 0.0314713, 0.111175, 1, 

Generation #38
9,117,0.001, 0.0226915, 0.0335225, 1, 

11,1,0.001, 0.0246638, 0.038227, 0.0335225, 0.0314713, 0.111175, 1, 

10,19,0.001, 0.0226915, 0.0246638, 0.038227, 1, 

Generation #39
9,117,0.001, 0.0226915, 0.0335225, 1, 

11,1,0.001, 0.0246638, 0.038227, 0.0335225, 0.0314713, 0.111175, 1, 

10,19,0.001, 0.0226915, 0.0246638, 0.038227, 1, 

Generation #40
9,117,0.001, 0.0226915, 0.0335225, 1, 

11,1,0.001, 0.0246638, 0.038227, 0.0335225, 0.0314713, 0.111175, 1, 

10,19,0.001, 0.0226915, 0.0246638, 0.038227, 1, 

Generation #41
9,117,0.001, 0.0226915, 0.0335225, 1, 

11,1,0.001, 0.0246638, 0.038227, 0.0335225, 0.0314713, 0.111175, 1, 

10,19,0.001, 0.0226915, 0.0246638, 0.038227, 1, 

Generation #42
11,1,0.001, 0.0246638, 0.038227, 0.0335225, 0.0314713, 0.111175, 1, 

10,19,0.001, 0.0226915, 0.0246638, 0.038227, 1, 

9,56,0.001, 0.0145967, 0.0205699, 1, 

Generation #43
11,1,0.001, 0.0246638, 0.038227, 0.0335225, 0.0314713, 0.111175, 1, 

10,19,0.001, 0.0226915, 0.0246638, 0.038227, 1, 

9,56,0.001, 0.0145967, 0.0205699, 1, 

Generation #44
11,1,0.001, 0.0246638, 0.038227, 0.0335225, 0.0314713, 0.111175, 1, 

10,19,0.001, 0.0226915, 0.0246638, 0.038227, 1, 

9,56,0.001, 0.0145967, 0.0205699, 1, 

Generation #45
11,1,0.001, 0.0246638, 0.038227, 0.0335225, 0.0314713, 0.111175, 1, 

9,56,0.001, 0.0145967, 0.0205699, 1, 

10,18,0.001, 0.0335225, 0.163798, 1, 

Generation #46
11,1,0.001, 0.0246638, 0.038227, 0.0335225, 0.0314713, 0.111175, 1, 

9,56,0.001, 0.0145967, 0.0205699, 1, 

10,18,0.001, 0.0335225, 0.163798, 1, 

Generation #47
11,1,0.001, 0.0246638, 0.038227, 0.0335225, 0.0314713, 0.111175, 1, 

9,56,0.001, 0.0145967, 0.0205699, 1, 

10,18,0.001, 0.0335225, 0.163798, 1, 

8,628,1, 
