------------d=1, t=2, lambda=1, filename=./evaluation/2^30-t2_l1.csv------------
Grouping d-sets by partitioned row counts for detecting arrays...
Ready to look at pairs for detecting arrays...
First Stage N=12, Time=4
There are 6989 remaining non-locating pairs
--- Running GA Algorithm (phase2) ---
Running GA with std::execution::par
Generation #0
29,234,0.001, 0.00563984, 0.0472926, 0.0698625, 0.0751163, 0.198198, 0.226628, 0.274555, 0.301448, 0.330416, 0.408317, 0.413537, 0.600954, 0.665264, 0.673547, 0.693171, 0.748014, 0.773028, 0.803385, 0.892334, 0.903401, 1, 

37,213,0.001, 0.0520708, 0.112028, 0.121776, 0.122355, 0.202833, 0.29384, 0.29636, 0.3164, 0.317224, 0.318171, 0.363569, 0.391329, 0.456397, 0.46757, 0.469434, 0.479609, 0.503741, 0.506478, 0.59103, 0.602225, 0.637, 0.664335, 0.665919, 0.696968, 0.703648, 0.826224, 0.867416, 0.996671, 1, 

18,566,0.001, 0.139605, 0.219523, 0.33745, 0.371203, 0.465486, 0.467519, 0.710549, 0.845754, 0.979017, 1, 

25,290,0.001, 0.0259043, 0.130204, 0.17025, 0.232543, 0.423074, 0.425028, 0.44652, 0.475025, 0.556769, 0.629394, 0.724175, 0.7556, 0.828216, 0.865924, 0.931853, 0.992179, 1, 

22,372,0.001, 0.0600788, 0.0635621, 0.186926, 0.393744, 0.428939, 0.462547, 0.528912, 0.586828, 0.59682, 0.710195, 0.749947, 0.797568, 0.797852, 0.857405, 1, 

21,535,0.001, 0.0970704, 0.133815, 0.193307, 0.314824, 0.330009, 0.392028, 0.397921, 0.422169, 0.783244, 0.803073, 0.930679, 1, 

27,281,0.001, 0.017851, 0.0501659, 0.0513067, 0.110065, 0.137015, 0.159559, 0.187127, 0.248876, 0.279032, 0.421249, 0.482314, 0.608711, 0.629831, 0.648283, 0.693314, 0.753794, 0.76718, 0.888482, 0.910419, 0.911522, 1, 

32,230,0.001, 0.0110509, 0.0391854, 0.0928903, 0.129683, 0.148351, 0.15305, 0.161136, 0.234665, 0.262227, 0.262612, 0.288228, 0.29071, 0.387741, 0.387959, 0.439057, 0.598829, 0.623264, 0.646717, 0.734431, 0.75492, 0.778334, 0.828504, 0.918703, 0.937746, 1, 

24,343,0.001, 0.0485364, 0.0638381, 0.103473, 0.112512, 0.157387, 0.207509, 0.233497, 0.34024, 0.425078, 0.623749, 0.642961, 0.77327, 0.821051, 0.86027, 0.97724, 1, 

Generation #1
18,217,0.001, 0.0261442, 0.248151, 0.317247, 0.437383, 0.444051, 0.643865, 0.749881, 0.83435, 0.852734, 1, 

19,78,0.001, 0.0234395, 0.0390873, 0.0460126, 0.10239, 0.111185, 0.57345, 0.754654, 0.764396, 0.796328, 0.849955, 0.915786, 1, 

Generation #2
19,78,0.001, 0.0234395, 0.0390873, 0.0460126, 0.10239, 0.111185, 0.57345, 0.754654, 0.764396, 0.796328, 0.849955, 0.915786, 1, 

18,155,0.001, 0.0340047, 0.0418319, 0.0980574, 0.126465, 0.487772, 0.620769, 0.816555, 0.932469, 0.993654, 1, 

Generation #3
19,78,0.001, 0.0234395, 0.0390873, 0.0460126, 0.10239, 0.111185, 0.57345, 0.754654, 0.764396, 0.796328, 0.849955, 0.915786, 1, 

17,112,0.001, 0.0234395, 0.0390873, 0.0460126, 0.10239, 0.111185, 0.150345, 0.17776, 0.247358, 0.299091, 0.981794, 1, 

Generation #4
19,78,0.001, 0.0234395, 0.0390873, 0.0460126, 0.10239, 0.111185, 0.57345, 0.754654, 0.764396, 0.796328, 0.849955, 0.915786, 1, 

18,84,0.001, 0.0110509, 0.0391854, 0.0928903, 0.122355, 0.444051, 0.643865, 0.749881, 0.83435, 0.852734, 1, 

17,94,0.001, 0.0219461, 0.0261442, 0.0262016, 0.0663368, 0.100799, 0.164494, 0.217953, 0.345675, 0.905067, 0.913929, 1, 

Generation #5
19,78,0.001, 0.0234395, 0.0390873, 0.0460126, 0.10239, 0.111185, 0.57345, 0.754654, 0.764396, 0.796328, 0.849955, 0.915786, 1, 

18,84,0.001, 0.0110509, 0.0391854, 0.0928903, 0.122355, 0.444051, 0.643865, 0.749881, 0.83435, 0.852734, 1, 

17,94,0.001, 0.0219461, 0.0261442, 0.0262016, 0.0663368, 0.100799, 0.164494, 0.217953, 0.345675, 0.905067, 0.913929, 1, 

Generation #6
19,78,0.001, 0.0234395, 0.0390873, 0.0460126, 0.10239, 0.111185, 0.57345, 0.754654, 0.764396, 0.796328, 0.849955, 0.915786, 1, 

18,84,0.001, 0.0110509, 0.0391854, 0.0928903, 0.122355, 0.444051, 0.643865, 0.749881, 0.83435, 0.852734, 1, 

16,94,0.001, 0.0234395, 0.0390873, 0.0460126, 0.10239, 0.150345, 0.17776, 0.247358, 0.299091, 0.852734, 1, 

25,77,0.001, 0.016831, 0.0528152, 0.0460126, 0.10239, 0.111185, 0.134715, 0.635112, 0.475025, 0.556769, 0.629394, 0.724175, 0.7556, 0.954912, 0.865924, 0.931853, 0.992179, 1, 

Generation #7
16,94,0.001, 0.0234395, 0.0390873, 0.0460126, 0.10239, 0.150345, 0.17776, 0.247358, 0.299091, 0.852734, 1, 

17,66,0.001, 0.0110509, 0.0390873, 0.0460126, 0.10239, 0.111185, 0.150345, 0.17776, 0.247358, 0.299091, 0.981794, 1, 

Generation #8
17,66,0.001, 0.0110509, 0.0390873, 0.0460126, 0.10239, 0.111185, 0.150345, 0.17776, 0.247358, 0.299091, 0.981794, 1, 

16,83,0.001, 0.00965053, 0.016831, 0.0528152, 0.106911, 0.315211, 0.339545, 0.375901, 0.401264, 0.993654, 1, 

Generation #9
17,66,0.001, 0.0110509, 0.0390873, 0.0460126, 0.10239, 0.111185, 0.150345, 0.17776, 0.247358, 0.299091, 0.981794, 1, 

16,83,0.001, 0.00965053, 0.016831, 0.0528152, 0.106911, 0.315211, 0.339545, 0.375901, 0.401264, 0.993654, 1, 

Generation #10
16,83,0.001, 0.00965053, 0.016831, 0.0528152, 0.106911, 0.315211, 0.339545, 0.375901, 0.401264, 0.993654, 1, 

17,51,0.001, 0.00965053, 0.016831, 0.0528152, 0.106911, 0.339545, 0.758187, 0.375901, 0.401264, 0.993654, 1, 

Generation #11
16,83,0.001, 0.00965053, 0.016831, 0.0528152, 0.106911, 0.315211, 0.339545, 0.375901, 0.401264, 0.993654, 1, 

17,51,0.001, 0.00965053, 0.016831, 0.0528152, 0.106911, 0.339545, 0.758187, 0.375901, 0.401264, 0.993654, 1, 

15,113,0.001, 0.00965053, 0.016831, 0.0528152, 0.106911, 0.111185, 0.134715, 0.643865, 0.993654, 1, 

Generation #12
17,51,0.001, 0.00965053, 0.016831, 0.0528152, 0.106911, 0.339545, 0.758187, 0.375901, 0.401264, 0.993654, 1, 

16,73,0.001, 0.00563984, 0.0261442, 0.0262016, 0.0663368, 0.100799, 0.164494, 0.247358, 0.299091, 0.852734, 1, 

15,109,0.001, 0.0234395, 0.0390873, 0.0460126, 0.10239, 0.111185, 0.17776, 0.401264, 0.993654, 1, 

Generation #13
17,51,0.001, 0.00965053, 0.016831, 0.0528152, 0.106911, 0.339545, 0.758187, 0.375901, 0.401264, 0.993654, 1, 

16,73,0.001, 0.00563984, 0.0261442, 0.0262016, 0.0663368, 0.100799, 0.164494, 0.247358, 0.299091, 0.852734, 1, 

15,109,0.001, 0.0234395, 0.0390873, 0.0460126, 0.10239, 0.111185, 0.17776, 0.401264, 0.993654, 1, 

14,185,0.001, 0.0234395, 0.0390873, 0.0460126, 0.10239, 0.150345, 0.17776, 0.401264, 1, 

Generation #14
14,185,0.001, 0.0234395, 0.0390873, 0.0460126, 0.10239, 0.150345, 0.17776, 0.401264, 1, 

15,49,0.001, 0.00965053, 0.016831, 0.0528152, 0.126465, 0.150345, 0.17776, 0.401264, 0.993654, 1, 

Generation #15
15,49,0.001, 0.00965053, 0.016831, 0.0528152, 0.126465, 0.150345, 0.17776, 0.401264, 0.993654, 1, 

14,79,0.001, 0.00563984, 0.016831, 0.0528152, 0.126465, 0.150345, 0.452267, 0.401264, 1, 

Generation #16
15,49,0.001, 0.00965053, 0.016831, 0.0528152, 0.126465, 0.150345, 0.17776, 0.401264, 0.993654, 1, 

14,79,0.001, 0.00563984, 0.016831, 0.0528152, 0.126465, 0.150345, 0.452267, 0.401264, 1, 

Generation #17
15,49,0.001, 0.00965053, 0.016831, 0.0528152, 0.126465, 0.150345, 0.17776, 0.401264, 0.993654, 1, 

14,71,0.001, 0.00965053, 0.016831, 0.0528152, 0.126465, 0.150345, 0.17776, 0.401264, 0.993654, 1, 

Generation #18
15,49,0.001, 0.00965053, 0.016831, 0.0528152, 0.126465, 0.150345, 0.17776, 0.401264, 0.993654, 1, 

14,71,0.001, 0.00965053, 0.016831, 0.0528152, 0.126465, 0.150345, 0.17776, 0.401264, 0.993654, 1, 

Generation #19
15,49,0.001, 0.00965053, 0.016831, 0.0528152, 0.126465, 0.150345, 0.17776, 0.401264, 0.993654, 1, 

13,79,0.001, 0.00965053, 0.016831, 0.0528152, 0.126465, 0.643865, 1, 

14,58,0.001, 0.00563984, 0.0261442, 0.0262016, 0.0663368, 0.100799, 0.103859, 0.247358, 1, 

Generation #20
15,49,0.001, 0.00965053, 0.016831, 0.0528152, 0.126465, 0.150345, 0.17776, 0.401264, 0.993654, 1, 

13,79,0.001, 0.00965053, 0.016831, 0.0528152, 0.126465, 0.643865, 1, 

14,58,0.001, 0.00563984, 0.0261442, 0.0262016, 0.0663368, 0.100799, 0.103859, 0.247358, 1, 

12,138,0.001, 0.00965053, 0.016831, 0.0262016, 0.122355, 0.643865, 1, 

Generation #21
13,79,0.001, 0.00965053, 0.016831, 0.0528152, 0.126465, 0.643865, 1, 

14,58,0.001, 0.00563984, 0.0261442, 0.0262016, 0.0663368, 0.100799, 0.103859, 0.247358, 1, 

22,34,0.001, 0.00563984, 0.0261442, 0.0262016, 0.0663368, 0.100799, 0.164494, 0.375901, 0.184235, 0.299091, 0.981794, 0.724175, 0.949635, 0.865924, 0.931853, 0.992179, 1, 

15,44,0.001, 0.00563984, 0.0261442, 0.0262016, 0.0663368, 0.100799, 0.164494, 0.217953, 0.993654, 1, 

12,102,0.001, 0.00965053, 0.0261442, 0.0262016, 0.122355, 0.643865, 1, 

Generation #22
13,79,0.001, 0.00965053, 0.016831, 0.0528152, 0.126465, 0.643865, 1, 

14,58,0.001, 0.00563984, 0.0261442, 0.0262016, 0.0663368, 0.100799, 0.103859, 0.247358, 1, 

22,34,0.001, 0.00563984, 0.0261442, 0.0262016, 0.0663368, 0.100799, 0.164494, 0.375901, 0.184235, 0.299091, 0.981794, 0.724175, 0.949635, 0.865924, 0.931853, 0.992179, 1, 

12,98,0.001, 0.00965053, 0.0261442, 0.0262016, 0.122355, 0.643865, 1, 

15,40,0.001, 0.00563984, 0.016831, 0.0262016, 0.0663368, 0.100799, 0.164494, 0.247358, 0.299091, 1, 

Generation #23
13,79,0.001, 0.00965053, 0.016831, 0.0528152, 0.126465, 0.643865, 1, 

14,58,0.001, 0.00563984, 0.0261442, 0.0262016, 0.0663368, 0.100799, 0.103859, 0.247358, 1, 

22,34,0.001, 0.00563984, 0.0261442, 0.0262016, 0.0663368, 0.100799, 0.164494, 0.375901, 0.184235, 0.299091, 0.981794, 0.724175, 0.949635, 0.865924, 0.931853, 0.992179, 1, 

12,98,0.001, 0.00965053, 0.0261442, 0.0262016, 0.122355, 0.643865, 1, 

15,40,0.001, 0.00563984, 0.016831, 0.0262016, 0.0663368, 0.100799, 0.164494, 0.247358, 0.299091, 1, 

Generation #24
22,34,0.001, 0.00563984, 0.0261442, 0.0262016, 0.0663368, 0.100799, 0.164494, 0.375901, 0.184235, 0.299091, 0.981794, 0.724175, 0.949635, 0.865924, 0.931853, 0.992179, 1, 

12,98,0.001, 0.00965053, 0.0261442, 0.0262016, 0.122355, 0.643865, 1, 

14,38,0.001, 0.00563984, 0.016831, 0.0528152, 0.126465, 0.150345, 0.452267, 0.401264, 1, 

13,56,0.001, 0.00563984, 0.0261442, 0.0262016, 0.122355, 0.643865, 1, 

Generation #25
22,34,0.001, 0.00563984, 0.0261442, 0.0262016, 0.0663368, 0.100799, 0.164494, 0.375901, 0.184235, 0.299091, 0.981794, 0.724175, 0.949635, 0.865924, 0.931853, 0.992179, 1, 

12,98,0.001, 0.00965053, 0.0261442, 0.0262016, 0.122355, 0.643865, 1, 

14,38,0.001, 0.00563984, 0.016831, 0.0528152, 0.126465, 0.150345, 0.452267, 0.401264, 1, 

13,56,0.001, 0.00563984, 0.0261442, 0.0262016, 0.122355, 0.643865, 1, 

Generation #26
22,34,0.001, 0.00563984, 0.0261442, 0.0262016, 0.0663368, 0.100799, 0.164494, 0.375901, 0.184235, 0.299091, 0.981794, 0.724175, 0.949635, 0.865924, 0.931853, 0.992179, 1, 

12,98,0.001, 0.00965053, 0.0261442, 0.0262016, 0.122355, 0.643865, 1, 

14,38,0.001, 0.00563984, 0.016831, 0.0528152, 0.126465, 0.150345, 0.452267, 0.401264, 1, 

13,56,0.001, 0.00563984, 0.0261442, 0.0262016, 0.122355, 0.643865, 1, 

Generation #27
22,34,0.001, 0.00563984, 0.0261442, 0.0262016, 0.0663368, 0.100799, 0.164494, 0.375901, 0.184235, 0.299091, 0.981794, 0.724175, 0.949635, 0.865924, 0.931853, 0.992179, 1, 

14,38,0.001, 0.00563984, 0.016831, 0.0528152, 0.126465, 0.150345, 0.452267, 0.401264, 1, 

12,55,0.001, 0.00563984, 0.016831, 0.0262016, 0.0663368, 0.100799, 1, 

Generation #28
22,34,0.001, 0.00563984, 0.0261442, 0.0262016, 0.0663368, 0.100799, 0.164494, 0.375901, 0.184235, 0.299091, 0.981794, 0.724175, 0.949635, 0.865924, 0.931853, 0.992179, 1, 

14,38,0.001, 0.00563984, 0.016831, 0.0528152, 0.126465, 0.150345, 0.452267, 0.401264, 1, 

12,55,0.001, 0.00563984, 0.016831, 0.0262016, 0.0663368, 0.100799, 1, 

19,36,0.001, 0.00563984, 0.016831, 0.0262016, 0.0663368, 0.100799, 0.164494, 0.217953, 0.247358, 0.299091, 0.981794, 0.913929, 0.96706, 0.992228, 1, 

Generation #29
22,34,0.001, 0.00563984, 0.0261442, 0.0262016, 0.0663368, 0.100799, 0.164494, 0.375901, 0.184235, 0.299091, 0.981794, 0.724175, 0.949635, 0.865924, 0.931853, 0.992179, 1, 

14,38,0.001, 0.00563984, 0.016831, 0.0528152, 0.126465, 0.150345, 0.452267, 0.401264, 1, 

12,55,0.001, 0.00563984, 0.016831, 0.0262016, 0.0663368, 0.100799, 1, 

19,36,0.001, 0.00563984, 0.016831, 0.0262016, 0.0663368, 0.100799, 0.164494, 0.217953, 0.247358, 0.299091, 0.981794, 0.913929, 0.96706, 0.992228, 1, 

13,49,0.001, 0.00563984, 0.016831, 0.0262016, 0.0663368, 0.202833, 0.551303, 1, 

Generation #30
22,34,0.001, 0.00563984, 0.0261442, 0.0262016, 0.0663368, 0.100799, 0.164494, 0.375901, 0.184235, 0.299091, 0.981794, 0.724175, 0.949635, 0.865924, 0.931853, 0.992179, 1, 

12,55,0.001, 0.00563984, 0.016831, 0.0262016, 0.0663368, 0.100799, 1, 

14,36,0.001, 0.00563984, 0.016831, 0.0262016, 0.0663368, 0.100799, 0.164494, 0.17776, 0.247358, 1, 

13,46,0.001, 0.00563984, 0.016831, 0.0262016, 0.0663368, 0.150345, 0.401264, 1, 

11,376,0.001, 0.0262016, 0.0663368, 1, 

Generation #31
22,34,0.001, 0.00563984, 0.0261442, 0.0262016, 0.0663368, 0.100799, 0.164494, 0.375901, 0.184235, 0.299091, 0.981794, 0.724175, 0.949635, 0.865924, 0.931853, 0.992179, 1, 

12,55,0.001, 0.00563984, 0.016831, 0.0262016, 0.0663368, 0.100799, 1, 

14,36,0.001, 0.00563984, 0.016831, 0.0262016, 0.0663368, 0.100799, 0.164494, 0.17776, 0.247358, 1, 

13,46,0.001, 0.00563984, 0.016831, 0.0262016, 0.0663368, 0.150345, 0.401264, 1, 

11,376,0.001, 0.0262016, 0.0663368, 1, 

Generation #32
22,34,0.001, 0.00563984, 0.0261442, 0.0262016, 0.0663368, 0.100799, 0.164494, 0.375901, 0.184235, 0.299091, 0.981794, 0.724175, 0.949635, 0.865924, 0.931853, 0.992179, 1, 

12,55,0.001, 0.00563984, 0.016831, 0.0262016, 0.0663368, 0.100799, 1, 

14,36,0.001, 0.00563984, 0.016831, 0.0262016, 0.0663368, 0.100799, 0.164494, 0.17776, 0.247358, 1, 

13,46,0.001, 0.00563984, 0.016831, 0.0262016, 0.0663368, 0.150345, 0.401264, 1, 

11,360,0.001, 0.0262016, 0.0663368, 1, 

Generation #33
22,34,0.001, 0.00563984, 0.0261442, 0.0262016, 0.0663368, 0.100799, 0.164494, 0.375901, 0.184235, 0.299091, 0.981794, 0.724175, 0.949635, 0.865924, 0.931853, 0.992179, 1, 

12,55,0.001, 0.00563984, 0.016831, 0.0262016, 0.0663368, 0.100799, 1, 

14,36,0.001, 0.00563984, 0.016831, 0.0262016, 0.0663368, 0.100799, 0.164494, 0.17776, 0.247358, 1, 

13,46,0.001, 0.00563984, 0.016831, 0.0262016, 0.0663368, 0.150345, 0.401264, 1, 

11,360,0.001, 0.0262016, 0.0663368, 1, 

Generation #34
22,34,0.001, 0.00563984, 0.0261442, 0.0262016, 0.0663368, 0.100799, 0.164494, 0.375901, 0.184235, 0.299091, 0.981794, 0.724175, 0.949635, 0.865924, 0.931853, 0.992179, 1, 

12,55,0.001, 0.00563984, 0.016831, 0.0262016, 0.0663368, 0.100799, 1, 

14,36,0.001, 0.00563984, 0.016831, 0.0262016, 0.0663368, 0.100799, 0.164494, 0.17776, 0.247358, 1, 

11,360,0.001, 0.0262016, 0.0663368, 1, 

10,713,0.001, 0.00965053, 0.016831, 1, 

13,45,0.001, 0.00563984, 0.016831, 0.0262016, 0.0663368, 0.100799, 0.164494, 0.17776, 1, 

Generation #35
22,34,0.001, 0.00563984, 0.0261442, 0.0262016, 0.0663368, 0.100799, 0.164494, 0.375901, 0.184235, 0.299091, 0.981794, 0.724175, 0.949635, 0.865924, 0.931853, 0.992179, 1, 

12,55,0.001, 0.00563984, 0.016831, 0.0262016, 0.0663368, 0.100799, 1, 

14,36,0.001, 0.00563984, 0.016831, 0.0262016, 0.0663368, 0.100799, 0.164494, 0.17776, 0.247358, 1, 

10,713,0.001, 0.00965053, 0.016831, 1, 

13,45,0.001, 0.00563984, 0.016831, 0.0262016, 0.0663368, 0.100799, 0.164494, 0.17776, 1, 

16,35,0.001, 0.00563984, 0.016831, 0.0262016, 0.0663368, 0.100799, 0.164494, 0.422606, 0.774423, 0.981794, 1, 

11,318,0.001, 0.0262016, 0.0663368, 1, 

Generation #36
22,34,0.001, 0.00563984, 0.0261442, 0.0262016, 0.0663368, 0.100799, 0.164494, 0.375901, 0.184235, 0.299091, 0.981794, 0.724175, 0.949635, 0.865924, 0.931853, 0.992179, 1, 

12,55,0.001, 0.00563984, 0.016831, 0.0262016, 0.0663368, 0.100799, 1, 

10,713,0.001, 0.00965053, 0.016831, 1, 

13,45,0.001, 0.00563984, 0.016831, 0.0262016, 0.0663368, 0.100799, 0.164494, 0.17776, 1, 

11,318,0.001, 0.0262016, 0.0663368, 1, 

14,35,0.001, 0.00563984, 0.016831, 0.0262016, 0.0663368, 0.100799, 0.103859, 0.247358, 1, 

Generation #37
12,55,0.001, 0.00563984, 0.016831, 0.0262016, 0.0663368, 0.100799, 1, 

10,713,0.001, 0.00965053, 0.016831, 1, 

13,45,0.001, 0.00563984, 0.016831, 0.0262016, 0.0663368, 0.100799, 0.164494, 0.17776, 1, 

11,318,0.001, 0.0262016, 0.0663368, 1, 

14,35,0.001, 0.00563984, 0.016831, 0.0262016, 0.0663368, 0.100799, 0.103859, 0.247358, 1, 

15,32,0.001, 0.00563984, 0.0261442, 0.0262016, 0.0663368, 0.100799, 0.164494, 0.247358, 0.071357, 0.299091, 1, 

Generation #38
10,713,0.001, 0.00965053, 0.016831, 1, 

13,45,0.001, 0.00563984, 0.016831, 0.0262016, 0.0663368, 0.100799, 0.164494, 0.17776, 1, 

11,318,0.001, 0.0262016, 0.0663368, 1, 

14,35,0.001, 0.00563984, 0.016831, 0.0262016, 0.0663368, 0.100799, 0.103859, 0.247358, 1, 

15,32,0.001, 0.00563984, 0.0261442, 0.0262016, 0.0663368, 0.100799, 0.164494, 0.247358, 0.071357, 0.299091, 1, 

12,53,0.001, 0.00563984, 0.016831, 0.0262016, 0.0663368, 0.100799, 1, 

Generation #39
10,713,0.001, 0.00965053, 0.016831, 1, 

13,45,0.001, 0.00563984, 0.016831, 0.0262016, 0.0663368, 0.100799, 0.164494, 0.17776, 1, 

11,318,0.001, 0.0262016, 0.0663368, 1, 

14,35,0.001, 0.00563984, 0.016831, 0.0262016, 0.0663368, 0.100799, 0.103859, 0.247358, 1, 

15,32,0.001, 0.00563984, 0.0261442, 0.0262016, 0.0663368, 0.100799, 0.164494, 0.247358, 0.071357, 0.299091, 1, 

12,53,0.001, 0.00563984, 0.016831, 0.0262016, 0.0663368, 0.100799, 1, 

Generation #40
10,713,0.001, 0.00965053, 0.016831, 1, 

13,45,0.001, 0.00563984, 0.016831, 0.0262016, 0.0663368, 0.100799, 0.164494, 0.17776, 1, 

14,35,0.001, 0.00563984, 0.016831, 0.0262016, 0.0663368, 0.100799, 0.103859, 0.247358, 1, 

15,32,0.001, 0.00563984, 0.0261442, 0.0262016, 0.0663368, 0.100799, 0.164494, 0.247358, 0.071357, 0.299091, 1, 

12,53,0.001, 0.00563984, 0.016831, 0.0262016, 0.0663368, 0.100799, 1, 

11,302,0.001, 0.0262016, 0.016831, 1, 

Generation #41
10,713,0.001, 0.00965053, 0.016831, 1, 

13,45,0.001, 0.00563984, 0.016831, 0.0262016, 0.0663368, 0.100799, 0.164494, 0.17776, 1, 

14,35,0.001, 0.00563984, 0.016831, 0.0262016, 0.0663368, 0.100799, 0.103859, 0.247358, 1, 

15,32,0.001, 0.00563984, 0.0261442, 0.0262016, 0.0663368, 0.100799, 0.164494, 0.247358, 0.071357, 0.299091, 1, 

12,53,0.001, 0.00563984, 0.016831, 0.0262016, 0.0663368, 0.100799, 1, 

11,302,0.001, 0.0262016, 0.016831, 1, 

Generation #42
10,713,0.001, 0.00965053, 0.016831, 1, 

13,45,0.001, 0.00563984, 0.016831, 0.0262016, 0.0663368, 0.100799, 0.164494, 0.17776, 1, 

14,35,0.001, 0.00563984, 0.016831, 0.0262016, 0.0663368, 0.100799, 0.103859, 0.247358, 1, 

15,32,0.001, 0.00563984, 0.0261442, 0.0262016, 0.0663368, 0.100799, 0.164494, 0.247358, 0.071357, 0.299091, 1, 

12,53,0.001, 0.00563984, 0.016831, 0.0262016, 0.0663368, 0.100799, 1, 

11,302,0.001, 0.0262016, 0.016831, 1, 

Generation #43
10,713,0.001, 0.00965053, 0.016831, 1, 

14,35,0.001, 0.00563984, 0.016831, 0.0262016, 0.0663368, 0.100799, 0.103859, 0.247358, 1, 

15,32,0.001, 0.00563984, 0.0261442, 0.0262016, 0.0663368, 0.100799, 0.164494, 0.247358, 0.071357, 0.299091, 1, 

12,53,0.001, 0.00563984, 0.016831, 0.0262016, 0.0663368, 0.100799, 1, 

11,302,0.001, 0.0262016, 0.016831, 1, 

13,42,0.001, 0.00563984, 0.016831, 0.0262016, 0.0663368, 0.100799, 0.103859, 0.247358, 1, 

Generation #44
10,713,0.001, 0.00965053, 0.016831, 1, 

14,35,0.001, 0.00563984, 0.016831, 0.0262016, 0.0663368, 0.100799, 0.103859, 0.247358, 1, 

15,32,0.001, 0.00563984, 0.0261442, 0.0262016, 0.0663368, 0.100799, 0.164494, 0.247358, 0.071357, 0.299091, 1, 

12,53,0.001, 0.00563984, 0.016831, 0.0262016, 0.0663368, 0.100799, 1, 

13,42,0.001, 0.00563984, 0.016831, 0.0262016, 0.0663368, 0.100799, 0.103859, 0.247358, 1, 

11,299,0.001, 0.0262016, 0.0663368, 1, 

Generation #45
10,713,0.001, 0.00965053, 0.016831, 1, 

14,35,0.001, 0.00563984, 0.016831, 0.0262016, 0.0663368, 0.100799, 0.103859, 0.247358, 1, 

15,32,0.001, 0.00563984, 0.0261442, 0.0262016, 0.0663368, 0.100799, 0.164494, 0.247358, 0.071357, 0.299091, 1, 

12,53,0.001, 0.00563984, 0.016831, 0.0262016, 0.0663368, 0.100799, 1, 

13,42,0.001, 0.00563984, 0.016831, 0.0262016, 0.0663368, 0.100799, 0.103859, 0.247358, 1, 

11,299,0.001, 0.0262016, 0.0663368, 1, 

Generation #46
10,713,0.001, 0.00965053, 0.016831, 1, 

14,35,0.001, 0.00563984, 0.016831, 0.0262016, 0.0663368, 0.100799, 0.103859, 0.247358, 1, 

15,32,0.001, 0.00563984, 0.0261442, 0.0262016, 0.0663368, 0.100799, 0.164494, 0.247358, 0.071357, 0.299091, 1, 

12,53,0.001, 0.00563984, 0.016831, 0.0262016, 0.0663368, 0.100799, 1, 

13,42,0.001, 0.00563984, 0.016831, 0.0262016, 0.0663368, 0.100799, 0.103859, 0.247358, 1, 

11,277,0.001, 0.00563984, 0.0964415, 1, 

Generation #47
10,713,0.001, 0.00965053, 0.016831, 1, 

14,35,0.001, 0.00563984, 0.016831, 0.0262016, 0.0663368, 0.100799, 0.103859, 0.247358, 1, 

15,32,0.001, 0.00563984, 0.0261442, 0.0262016, 0.0663368, 0.100799, 0.164494, 0.247358, 0.071357, 0.299091, 1, 

12,53,0.001, 0.00563984, 0.016831, 0.0262016, 0.0663368, 0.100799, 1, 

13,42,0.001, 0.00563984, 0.016831, 0.0262016, 0.0663368, 0.100799, 0.103859, 0.247358, 1, 

11,277,0.001, 0.00563984, 0.0964415, 1, 

Generation #48
10,713,0.001, 0.00965053, 0.016831, 1, 

15,32,0.001, 0.00563984, 0.0261442, 0.0262016, 0.0663368, 0.100799, 0.164494, 0.247358, 0.071357, 0.299091, 1, 

12,53,0.001, 0.00563984, 0.016831, 0.0262016, 0.0663368, 0.100799, 1, 

13,42,0.001, 0.00563984, 0.016831, 0.0262016, 0.0663368, 0.100799, 0.103859, 0.247358, 1, 

11,261,0.001, 0.00563984, 0.0964415, 1, 

14,33,0.001, 0.00563984, 0.016831, 0.0262016, 0.0663368, 0.100799, 0.164494, 0.17776, 1, 

Generation #49
10,713,0.001, 0.00965053, 0.016831, 1, 

15,32,0.001, 0.00563984, 0.0261442, 0.0262016, 0.0663368, 0.100799, 0.164494, 0.247358, 0.071357, 0.299091, 1, 

12,53,0.001, 0.00563984, 0.016831, 0.0262016, 0.0663368, 0.100799, 1, 

13,42,0.001, 0.00563984, 0.016831, 0.0262016, 0.0663368, 0.100799, 0.103859, 0.247358, 1, 

11,261,0.001, 0.00563984, 0.0964415, 1, 

14,33,0.001, 0.00563984, 0.016831, 0.0262016, 0.0663368, 0.100799, 0.164494, 0.17776, 1, 

--- Pareto Front Solutions ---
Solution 0: N total=22 (N_initial=12, N_added=10), Time total=717 ms, Saved to: ./results/2^30_t2_l1_pareto_0.csv, percents=0.001, 0.00965053, 0.016831, 1, 

Solution 1: N total=27 (N_initial=12, N_added=15), Time total=36 ms, Saved to: ./results/2^30_t2_l1_pareto_1.csv, percents=0.001, 0.00563984, 0.0261442, 0.0262016, 0.0663368, 0.100799, 0.164494, 0.247358, 0.071357, 0.299091, 1, 

Solution 2: N total=24 (N_initial=12, N_added=12), Time total=57 ms, Saved to: ./results/2^30_t2_l1_pareto_2.csv, percents=0.001, 0.00563984, 0.016831, 0.0262016, 0.0663368, 0.100799, 1, 

Solution 3: N total=25 (N_initial=12, N_added=13), Time total=46 ms, Saved to: ./results/2^30_t2_l1_pareto_3.csv, percents=0.001, 0.00563984, 0.016831, 0.0262016, 0.0663368, 0.100799, 0.103859, 0.247358, 1, 

Solution 4: N total=23 (N_initial=12, N_added=11), Time total=265 ms, Saved to: ./results/2^30_t2_l1_pareto_4.csv, percents=0.001, 0.00563984, 0.0964415, 1, 

Solution 5: N total=26 (N_initial=12, N_added=14), Time total=37 ms, Saved to: ./results/2^30_t2_l1_pareto_5.csv, percents=0.001, 0.00563984, 0.016831, 0.0262016, 0.0663368, 0.100799, 0.164494, 0.17776, 1, 

------------d=1, t=2, lambda=2, filename=./evaluation/2^30-t2_l2.csv------------
Grouping d-sets by partitioned row counts for detecting arrays...
Ready to look at pairs for detecting arrays...
First Stage N=18, Time=4
There are 10537 remaining non-locating pairs
--- Running GA Algorithm (phase2) ---
Running GA with std::execution::par
Generation #0
23,275,0.001, 0.0310013, 0.0683814, 0.179502, 0.440886, 0.654837, 0.848298, 0.865566, 0.871364, 0.897495, 0.898761, 0.942836, 1, 

26,223,0.001, 0.0125391, 0.0195977, 0.137036, 0.153903, 0.277802, 0.303191, 0.30483, 0.342624, 0.381953, 0.408246, 0.536461, 0.648489, 0.787514, 0.816685, 0.88988, 0.905339, 1, 

33,218,0.001, 0.00394523, 0.0359146, 0.103753, 0.115998, 0.164184, 0.181992, 0.274396, 0.276687, 0.319287, 0.32951, 0.360199, 0.386449, 0.450241, 0.47612, 0.51358, 0.51824, 0.549848, 0.574685, 0.5802, 0.585771, 0.694206, 0.708895, 0.709639, 0.843134, 1, 

22,742,0.001, 0.0751447, 0.117497, 0.153091, 0.183425, 0.333152, 0.391423, 0.461555, 0.582133, 0.674592, 0.676365, 0.853131, 1, 

19,941,0.001, 0.0921427, 0.105788, 0.105908, 0.31147, 0.679876, 0.701655, 0.785299, 0.822283, 0.951563, 1, 

Generation #1
19,299,0.001, 0.0335681, 0.207739, 0.231469, 0.260496, 0.295938, 0.306688, 0.343438, 0.813489, 0.814265, 0.902286, 1, 

25,135,0.001, 0.0125391, 0.0195977, 0.137036, 0.153903, 0.277802, 0.303191, 0.30483, 0.342624, 0.381953, 0.408246, 0.536461, 0.648489, 0.787514, 0.816685, 0.115869, 0.905339, 1, 

20,233,0.001, 0.0310013, 0.0683814, 0.179502, 0.440886, 0.654837, 0.848298, 0.865566, 0.871364, 0.946945, 1, 

Generation #2
22,139,0.001, 0.00394523, 0.0359146, 0.103753, 0.115998, 0.164184, 0.181992, 0.274396, 0.276687, 0.319287, 0.32951, 0.360199, 0.386449, 0.450241, 0.47612, 1, 

18,569,0.001, 0.0985302, 0.152934, 0.206418, 0.518466, 0.616089, 0.714447, 0.772731, 0.81624, 0.946945, 1, 

20,151,0.001, 0.00394523, 0.0359146, 0.103753, 0.115998, 0.164184, 0.181992, 0.274396, 0.330489, 0.276687, 0.319287, 0.32951, 1, 

19,202,0.001, 0.0310013, 0.0683814, 0.179502, 0.440886, 0.654837, 0.848298, 0.865566, 0.871364, 0.946945, 1, 

24,106,0.001, 0.0165725, 0.0178324, 0.0247294, 0.0735346, 0.106706, 0.239361, 0.254145, 0.37109, 0.444386, 0.51166, 0.543556, 0.583302, 0.879971, 1, 

34,75,0.001, 0.0165725, 0.0178324, 0.0247294, 0.0735346, 0.106706, 0.239361, 0.254145, 0.37109, 0.444386, 0.51166, 0.543556, 0.583302, 0.620758, 0.668796, 0.706252, 0.749684, 0.770242, 0.792555, 0.821679, 0.855455, 0.869719, 0.90646, 0.965143, 0.973473, 0.975756, 1, 

Generation #3
34,75,0.001, 0.0165725, 0.0178324, 0.0247294, 0.0735346, 0.106706, 0.239361, 0.254145, 0.37109, 0.444386, 0.51166, 0.543556, 0.583302, 0.620758, 0.668796, 0.706252, 0.749684, 0.770242, 0.792555, 0.821679, 0.855455, 0.869719, 0.90646, 0.965143, 0.973473, 0.975756, 1, 

23,86,0.001, 0.0165725, 0.0178324, 0.0247294, 0.0735346, 0.106706, 0.239361, 0.274396, 0.276687, 0.319287, 0.32951, 0.360199, 0.450241, 0.47612, 1, 

18,123,0.001, 0.00394523, 0.0359146, 0.103753, 0.115998, 0.164184, 0.181992, 0.274396, 0.330489, 0.951563, 1, 

19,109,0.001, 0.0125391, 0.0195977, 0.137036, 0.153903, 0.277802, 0.303191, 0.30483, 0.342624, 0.91541, 1, 

22,90,0.001, 0.0165725, 0.0178324, 0.0247294, 0.0735346, 0.106706, 0.239361, 0.254145, 0.37109, 0.444386, 0.991218, 0.993528, 1, 

Generation #4
34,75,0.001, 0.0165725, 0.0178324, 0.0247294, 0.0735346, 0.106706, 0.239361, 0.254145, 0.37109, 0.444386, 0.51166, 0.543556, 0.583302, 0.620758, 0.668796, 0.706252, 0.749684, 0.770242, 0.792555, 0.821679, 0.855455, 0.869719, 0.90646, 0.965143, 0.973473, 0.975756, 1, 

18,123,0.001, 0.00394523, 0.0359146, 0.103753, 0.115998, 0.164184, 0.181992, 0.274396, 0.330489, 0.951563, 1, 

19,109,0.001, 0.0125391, 0.0195977, 0.137036, 0.153903, 0.277802, 0.303191, 0.30483, 0.342624, 0.91541, 1, 

22,90,0.001, 0.0165725, 0.0178324, 0.0247294, 0.0735346, 0.106706, 0.239361, 0.254145, 0.37109, 0.444386, 0.991218, 0.993528, 1, 

23,81,0.001, 0.0165725, 0.0178324, 0.0247294, 0.0735346, 0.106706, 0.239361, 0.254145, 0.37109, 0.444386, 0.51166, 0.543556, 0.583302, 0.879971, 1, 

Generation #5
34,75,0.001, 0.0165725, 0.0178324, 0.0247294, 0.0735346, 0.106706, 0.239361, 0.254145, 0.37109, 0.444386, 0.51166, 0.543556, 0.583302, 0.620758, 0.668796, 0.706252, 0.749684, 0.770242, 0.792555, 0.821679, 0.855455, 0.869719, 0.90646, 0.965143, 0.973473, 0.975756, 1, 

23,81,0.001, 0.0165725, 0.0178324, 0.0247294, 0.0735346, 0.106706, 0.239361, 0.254145, 0.37109, 0.444386, 0.51166, 0.543556, 0.583302, 0.879971, 1, 

21,84,0.001, 0.0165725, 0.0178324, 0.0247294, 0.0735346, 0.106706, 0.239361, 0.254145, 0.37109, 0.444386, 0.51166, 0.543556, 0.583302, 0.879971, 1, 

17,99,0.001, 0.0125391, 0.0195977, 0.103753, 0.106706, 0.239361, 0.254145, 0.37109, 0.98204, 1, 

22,83,0.001, 0.0165725, 0.0178324, 0.0247294, 0.0735346, 0.106706, 0.239361, 0.274396, 0.276687, 0.319287, 0.32951, 0.360199, 0.450241, 0.47612, 1, 

Generation #6
17,99,0.001, 0.0125391, 0.0195977, 0.103753, 0.106706, 0.239361, 0.254145, 0.37109, 0.98204, 1, 

18,74,0.001, 0.0165725, 0.0178324, 0.0247294, 0.0735346, 0.277802, 0.303191, 0.30483, 0.342624, 0.91541, 1, 

Generation #7
17,89,0.001, 0.0125391, 0.0195977, 0.106714, 0.120109, 0.130648, 0.153109, 0.208948, 0.342624, 1, 

18,70,0.001, 0.0125391, 0.0178324, 0.0247294, 0.0735346, 0.106706, 0.239361, 0.254145, 0.37109, 0.444386, 1, 

Generation #8
17,89,0.001, 0.0125391, 0.0195977, 0.106714, 0.120109, 0.130648, 0.153109, 0.208948, 0.342624, 1, 

18,70,0.001, 0.0125391, 0.0178324, 0.0247294, 0.0735346, 0.106706, 0.239361, 0.254145, 0.37109, 0.444386, 1, 

16,349,0.001, 0.058327, 0.106714, 0.120109, 0.130648, 0.153109, 0.208948, 0.331907, 1, 

Generation #9
17,89,0.001, 0.0125391, 0.0195977, 0.106714, 0.120109, 0.130648, 0.153109, 0.208948, 0.342624, 1, 

18,70,0.001, 0.0125391, 0.0178324, 0.0247294, 0.0735346, 0.106706, 0.239361, 0.254145, 0.37109, 0.444386, 1, 

16,109,0.001, 0.0125391, 0.0178324, 0.0247294, 0.0735346, 0.130648, 0.153109, 0.208948, 0.342624, 1, 

Generation #10
18,70,0.001, 0.0125391, 0.0178324, 0.0247294, 0.0735346, 0.106706, 0.239361, 0.254145, 0.37109, 0.444386, 1, 

16,109,0.001, 0.0125391, 0.0178324, 0.0247294, 0.0735346, 0.130648, 0.153109, 0.208948, 0.342624, 1, 

19,69,0.001, 0.0165725, 0.0178324, 0.0247294, 0.0735346, 0.106706, 0.319459, 0.239361, 0.254145, 0.897495, 0.898761, 0.942836, 1, 

17,81,0.001, 0.0165725, 0.0178324, 0.0247294, 0.0735346, 0.106706, 0.164184, 0.30483, 0.342624, 1, 

Generation #11
18,70,0.001, 0.0125391, 0.0178324, 0.0247294, 0.0735346, 0.106706, 0.239361, 0.254145, 0.37109, 0.444386, 1, 

19,69,0.001, 0.0165725, 0.0178324, 0.0247294, 0.0735346, 0.106706, 0.319459, 0.239361, 0.254145, 0.897495, 0.898761, 0.942836, 1, 

16,72,0.001, 0.0125391, 0.0178324, 0.0247294, 0.0735346, 0.140372, 0.208948, 0.331907, 1, 

15,77,0.001, 0.0125391, 0.0178324, 0.0247294, 0.0735346, 0.140372, 0.208948, 0.331907, 1, 

Generation #12
18,70,0.001, 0.0125391, 0.0178324, 0.0247294, 0.0735346, 0.106706, 0.239361, 0.254145, 0.37109, 0.444386, 1, 

19,69,0.001, 0.0165725, 0.0178324, 0.0247294, 0.0735346, 0.106706, 0.319459, 0.239361, 0.254145, 0.897495, 0.898761, 0.942836, 1, 

16,72,0.001, 0.0125391, 0.0178324, 0.0247294, 0.0735346, 0.140372, 0.208948, 0.331907, 1, 

15,77,0.001, 0.0125391, 0.0178324, 0.0247294, 0.0735346, 0.140372, 0.208948, 0.331907, 1, 

Generation #13
15,77,0.001, 0.0125391, 0.0178324, 0.0247294, 0.0735346, 0.140372, 0.208948, 0.331907, 1, 

16,66,0.001, 0.0125391, 0.0178324, 0.0247294, 0.0735346, 0.130648, 0.208948, 0.331907, 1, 

18,55,0.001, 0.0125391, 0.0178324, 0.0247294, 0.0735346, 0.106706, 0.239361, 0.274396, 0.871364, 0.444386, 0.51166, 1, 

Generation #14
15,77,0.001, 0.0125391, 0.0178324, 0.0247294, 0.0735346, 0.140372, 0.208948, 0.331907, 1, 

16,66,0.001, 0.0125391, 0.0178324, 0.0247294, 0.0735346, 0.130648, 0.208948, 0.331907, 1, 

18,55,0.001, 0.0125391, 0.0178324, 0.0247294, 0.0735346, 0.106706, 0.239361, 0.274396, 0.871364, 0.444386, 0.51166, 1, 

Generation #15
15,77,0.001, 0.0125391, 0.0178324, 0.0247294, 0.0735346, 0.140372, 0.208948, 0.331907, 1, 

16,66,0.001, 0.0125391, 0.0178324, 0.0247294, 0.0735346, 0.130648, 0.208948, 0.331907, 1, 

18,55,0.001, 0.0125391, 0.0178324, 0.0247294, 0.0735346, 0.106706, 0.239361, 0.274396, 0.871364, 0.444386, 0.51166, 1, 

Generation #16
15,77,0.001, 0.0125391, 0.0178324, 0.0247294, 0.0735346, 0.140372, 0.208948, 0.331907, 1, 

18,55,0.001, 0.0125391, 0.0178324, 0.0247294, 0.0735346, 0.106706, 0.239361, 0.274396, 0.871364, 0.444386, 0.51166, 1, 

16,58,0.001, 0.0125391, 0.0178324, 0.0247294, 0.0735346, 0.106706, 0.164184, 0.30483, 0.342624, 1, 

14,116,0.001, 0.0165725, 0.0178324, 0.0247294, 0.0735346, 0.106706, 0.331907, 1, 

Generation #17
15,77,0.001, 0.0125391, 0.0178324, 0.0247294, 0.0735346, 0.140372, 0.208948, 0.331907, 1, 

18,55,0.001, 0.0125391, 0.0178324, 0.0247294, 0.0735346, 0.106706, 0.239361, 0.274396, 0.871364, 0.444386, 0.51166, 1, 

16,58,0.001, 0.0125391, 0.0178324, 0.0247294, 0.0735346, 0.106706, 0.164184, 0.30483, 0.342624, 1, 

14,104,0.001, 0.0125391, 0.0247294, 0.0735346, 0.140372, 0.208948, 0.331907, 1, 

Generation #18
15,77,0.001, 0.0125391, 0.0178324, 0.0247294, 0.0735346, 0.140372, 0.208948, 0.331907, 1, 

18,55,0.001, 0.0125391, 0.0178324, 0.0247294, 0.0735346, 0.106706, 0.239361, 0.274396, 0.871364, 0.444386, 0.51166, 1, 

16,58,0.001, 0.0125391, 0.0178324, 0.0247294, 0.0735346, 0.106706, 0.164184, 0.30483, 0.342624, 1, 

14,104,0.001, 0.0125391, 0.0247294, 0.0735346, 0.140372, 0.208948, 0.331907, 1, 

Generation #19
18,55,0.001, 0.0125391, 0.0178324, 0.0247294, 0.0735346, 0.106706, 0.239361, 0.274396, 0.871364, 0.444386, 0.51166, 1, 

16,58,0.001, 0.0125391, 0.0178324, 0.0247294, 0.0735346, 0.106706, 0.164184, 0.30483, 0.342624, 1, 

14,104,0.001, 0.0125391, 0.0247294, 0.0735346, 0.140372, 0.208948, 0.331907, 1, 

15,59,0.001, 0.0125391, 0.0178324, 0.0247294, 0.0735346, 0.106706, 0.331907, 1, 

Generation #20
18,55,0.001, 0.0125391, 0.0178324, 0.0247294, 0.0735346, 0.106706, 0.239361, 0.274396, 0.871364, 0.444386, 0.51166, 1, 

16,58,0.001, 0.0125391, 0.0178324, 0.0247294, 0.0735346, 0.106706, 0.164184, 0.30483, 0.342624, 1, 

14,104,0.001, 0.0125391, 0.0247294, 0.0735346, 0.140372, 0.208948, 0.331907, 1, 

15,59,0.001, 0.0125391, 0.0178324, 0.0247294, 0.0735346, 0.106706, 0.331907, 1, 

Generation #21
18,55,0.001, 0.0125391, 0.0178324, 0.0247294, 0.0735346, 0.106706, 0.239361, 0.274396, 0.871364, 0.444386, 0.51166, 1, 

16,58,0.001, 0.0125391, 0.0178324, 0.0247294, 0.0735346, 0.106706, 0.164184, 0.30483, 0.342624, 1, 

14,104,0.001, 0.0125391, 0.0247294, 0.0735346, 0.140372, 0.208948, 0.331907, 1, 

15,59,0.001, 0.0125391, 0.0178324, 0.0247294, 0.0735346, 0.106706, 0.331907, 1, 

Generation #22
18,55,0.001, 0.0125391, 0.0178324, 0.0247294, 0.0735346, 0.106706, 0.239361, 0.274396, 0.871364, 0.444386, 0.51166, 1, 

16,58,0.001, 0.0125391, 0.0178324, 0.0247294, 0.0735346, 0.106706, 0.164184, 0.30483, 0.342624, 1, 

14,104,0.001, 0.0125391, 0.0247294, 0.0735346, 0.140372, 0.208948, 0.331907, 1, 

15,59,0.001, 0.0125391, 0.0178324, 0.0247294, 0.0735346, 0.106706, 0.331907, 1, 

Generation #23
18,55,0.001, 0.0125391, 0.0178324, 0.0247294, 0.0735346, 0.106706, 0.239361, 0.274396, 0.871364, 0.444386, 0.51166, 1, 

16,58,0.001, 0.0125391, 0.0178324, 0.0247294, 0.0735346, 0.106706, 0.164184, 0.30483, 0.342624, 1, 

14,104,0.001, 0.0125391, 0.0247294, 0.0735346, 0.140372, 0.208948, 0.331907, 1, 

15,59,0.001, 0.0125391, 0.0178324, 0.0247294, 0.0735346, 0.106706, 0.331907, 1, 

Generation #24
18,55,0.001, 0.0125391, 0.0178324, 0.0247294, 0.0735346, 0.106706, 0.239361, 0.274396, 0.871364, 0.444386, 0.51166, 1, 

16,58,0.001, 0.0125391, 0.0178324, 0.0247294, 0.0735346, 0.106706, 0.164184, 0.30483, 0.342624, 1, 

14,104,0.001, 0.0125391, 0.0247294, 0.0735346, 0.140372, 0.208948, 0.331907, 1, 

15,59,0.001, 0.0125391, 0.0178324, 0.0247294, 0.0735346, 0.106706, 0.331907, 1, 

Generation #25
18,55,0.001, 0.0125391, 0.0178324, 0.0247294, 0.0735346, 0.106706, 0.239361, 0.274396, 0.871364, 0.444386, 0.51166, 1, 

16,58,0.001, 0.0125391, 0.0178324, 0.0247294, 0.0735346, 0.106706, 0.164184, 0.30483, 0.342624, 1, 

15,59,0.001, 0.0125391, 0.0178324, 0.0247294, 0.0735346, 0.106706, 0.331907, 1, 

14,77,0.001, 0.0125391, 0.0178324, 0.0247294, 0.0735346, 0.106706, 0.164184, 1, 

Generation #26
18,55,0.001, 0.0125391, 0.0178324, 0.0247294, 0.0735346, 0.106706, 0.239361, 0.274396, 0.871364, 0.444386, 0.51166, 1, 

16,58,0.001, 0.0125391, 0.0178324, 0.0247294, 0.0735346, 0.106706, 0.164184, 0.30483, 0.342624, 1, 

15,59,0.001, 0.0125391, 0.0178324, 0.0247294, 0.0735346, 0.106706, 0.331907, 1, 

14,77,0.001, 0.0125391, 0.0178324, 0.0247294, 0.0735346, 0.106706, 0.164184, 1, 

Generation #27
18,55,0.001, 0.0125391, 0.0178324, 0.0247294, 0.0735346, 0.106706, 0.239361, 0.274396, 0.871364, 0.444386, 0.51166, 1, 

16,58,0.001, 0.0125391, 0.0178324, 0.0247294, 0.0735346, 0.106706, 0.164184, 0.30483, 0.342624, 1, 

15,59,0.001, 0.0125391, 0.0178324, 0.0247294, 0.0735346, 0.106706, 0.331907, 1, 

14,77,0.001, 0.0125391, 0.0178324, 0.0247294, 0.0735346, 0.106706, 0.164184, 1, 

Generation #28
18,55,0.001, 0.0125391, 0.0178324, 0.0247294, 0.0735346, 0.106706, 0.239361, 0.274396, 0.871364, 0.444386, 0.51166, 1, 

16,58,0.001, 0.0125391, 0.0178324, 0.0247294, 0.0735346, 0.106706, 0.164184, 0.30483, 0.342624, 1, 

15,59,0.001, 0.0125391, 0.0178324, 0.0247294, 0.0735346, 0.106706, 0.331907, 1, 

14,77,0.001, 0.0125391, 0.0178324, 0.0247294, 0.0735346, 0.106706, 0.164184, 1, 

Generation #29
18,55,0.001, 0.0125391, 0.0178324, 0.0247294, 0.0735346, 0.106706, 0.239361, 0.274396, 0.871364, 0.444386, 0.51166, 1, 

16,58,0.001, 0.0125391, 0.0178324, 0.0247294, 0.0735346, 0.106706, 0.164184, 0.30483, 0.342624, 1, 

15,59,0.001, 0.0125391, 0.0178324, 0.0247294, 0.0735346, 0.106706, 0.331907, 1, 

14,77,0.001, 0.0125391, 0.0178324, 0.0247294, 0.0735346, 0.106706, 0.164184, 1, 

Generation #30
18,55,0.001, 0.0125391, 0.0178324, 0.0247294, 0.0735346, 0.106706, 0.239361, 0.274396, 0.871364, 0.444386, 0.51166, 1, 

16,58,0.001, 0.0125391, 0.0178324, 0.0247294, 0.0735346, 0.106706, 0.164184, 0.30483, 0.342624, 1, 

15,59,0.001, 0.0125391, 0.0178324, 0.0247294, 0.0735346, 0.106706, 0.331907, 1, 

14,77,0.001, 0.0125391, 0.0178324, 0.0247294, 0.0735346, 0.106706, 0.164184, 1, 

Generation #31
18,55,0.001, 0.0125391, 0.0178324, 0.0247294, 0.0735346, 0.106706, 0.239361, 0.274396, 0.871364, 0.444386, 0.51166, 1, 

16,58,0.001, 0.0125391, 0.0178324, 0.0247294, 0.0735346, 0.106706, 0.164184, 0.30483, 0.342624, 1, 

15,59,0.001, 0.0125391, 0.0178324, 0.0247294, 0.0735346, 0.106706, 0.331907, 1, 

14,77,0.001, 0.0125391, 0.0178324, 0.0247294, 0.0735346, 0.106706, 0.164184, 1, 

Generation #32
18,55,0.001, 0.0125391, 0.0178324, 0.0247294, 0.0735346, 0.106706, 0.239361, 0.274396, 0.871364, 0.444386, 0.51166, 1, 

16,58,0.001, 0.0125391, 0.0178324, 0.0247294, 0.0735346, 0.106706, 0.164184, 0.30483, 0.342624, 1, 

15,59,0.001, 0.0125391, 0.0178324, 0.0247294, 0.0735346, 0.106706, 0.331907, 1, 

14,77,0.001, 0.0125391, 0.0178324, 0.0247294, 0.0735346, 0.106706, 0.164184, 1, 

Generation #33
18,55,0.001, 0.0125391, 0.0178324, 0.0247294, 0.0735346, 0.106706, 0.239361, 0.274396, 0.871364, 0.444386, 0.51166, 1, 

16,58,0.001, 0.0125391, 0.0178324, 0.0247294, 0.0735346, 0.106706, 0.164184, 0.30483, 0.342624, 1, 

15,59,0.001, 0.0125391, 0.0178324, 0.0247294, 0.0735346, 0.106706, 0.331907, 1, 

14,76,0.001, 0.0125391, 0.0178324, 0.0247294, 0.0735346, 0.107561, 0.208948, 1, 

Generation #34
18,55,0.001, 0.0125391, 0.0178324, 0.0247294, 0.0735346, 0.106706, 0.239361, 0.274396, 0.871364, 0.444386, 0.51166, 1, 

16,58,0.001, 0.0125391, 0.0178324, 0.0247294, 0.0735346, 0.106706, 0.164184, 0.30483, 0.342624, 1, 

15,59,0.001, 0.0125391, 0.0178324, 0.0247294, 0.0735346, 0.106706, 0.331907, 1, 

14,76,0.001, 0.0125391, 0.0178324, 0.0247294, 0.0735346, 0.107561, 0.208948, 1, 

Generation #35
18,55,0.001, 0.0125391, 0.0178324, 0.0247294, 0.0735346, 0.106706, 0.239361, 0.274396, 0.871364, 0.444386, 0.51166, 1, 

16,58,0.001, 0.0125391, 0.0178324, 0.0247294, 0.0735346, 0.106706, 0.164184, 0.30483, 0.342624, 1, 

15,59,0.001, 0.0125391, 0.0178324, 0.0247294, 0.0735346, 0.106706, 0.331907, 1, 

14,76,0.001, 0.0125391, 0.0178324, 0.0247294, 0.0735346, 0.107561, 0.208948, 1, 

Generation #36
18,55,0.001, 0.0125391, 0.0178324, 0.0247294, 0.0735346, 0.106706, 0.239361, 0.274396, 0.871364, 0.444386, 0.51166, 1, 

16,58,0.001, 0.0125391, 0.0178324, 0.0247294, 0.0735346, 0.106706, 0.164184, 0.30483, 0.342624, 1, 

15,59,0.001, 0.0125391, 0.0178324, 0.0247294, 0.0735346, 0.106706, 0.331907, 1, 

14,76,0.001, 0.0125391, 0.0178324, 0.0247294, 0.0735346, 0.107561, 0.208948, 1, 

Generation #37
18,55,0.001, 0.0125391, 0.0178324, 0.0247294, 0.0735346, 0.106706, 0.239361, 0.274396, 0.871364, 0.444386, 0.51166, 1, 

16,58,0.001, 0.0125391, 0.0178324, 0.0247294, 0.0735346, 0.106706, 0.164184, 0.30483, 0.342624, 1, 

15,59,0.001, 0.0125391, 0.0178324, 0.0247294, 0.0735346, 0.106706, 0.331907, 1, 

14,76,0.001, 0.0125391, 0.0178324, 0.0247294, 0.0735346, 0.107561, 0.208948, 1, 

Generation #38
18,55,0.001, 0.0125391, 0.0178324, 0.0247294, 0.0735346, 0.106706, 0.239361, 0.274396, 0.871364, 0.444386, 0.51166, 1, 

16,58,0.001, 0.0125391, 0.0178324, 0.0247294, 0.0735346, 0.106706, 0.164184, 0.30483, 0.342624, 1, 

15,59,0.001, 0.0125391, 0.0178324, 0.0247294, 0.0735346, 0.106706, 0.331907, 1, 

14,67,0.001, 0.0125391, 0.0178324, 0.0247294, 0.0735346, 0.106706, 0.153109, 0.331907, 1, 

Generation #39
18,55,0.001, 0.0125391, 0.0178324, 0.0247294, 0.0735346, 0.106706, 0.239361, 0.274396, 0.871364, 0.444386, 0.51166, 1, 

16,58,0.001, 0.0125391, 0.0178324, 0.0247294, 0.0735346, 0.106706, 0.164184, 0.30483, 0.342624, 1, 

15,59,0.001, 0.0125391, 0.0178324, 0.0247294, 0.0735346, 0.106706, 0.331907, 1, 

14,67,0.001, 0.0125391, 0.0178324, 0.0247294, 0.0735346, 0.106706, 0.153109, 0.331907, 1, 

Generation #40
18,55,0.001, 0.0125391, 0.0178324, 0.0247294, 0.0735346, 0.106706, 0.239361, 0.274396, 0.871364, 0.444386, 0.51166, 1, 

16,58,0.001, 0.0125391, 0.0178324, 0.0247294, 0.0735346, 0.106706, 0.164184, 0.30483, 0.342624, 1, 

15,59,0.001, 0.0125391, 0.0178324, 0.0247294, 0.0735346, 0.106706, 0.331907, 1, 

14,67,0.001, 0.0125391, 0.0178324, 0.0247294, 0.0735346, 0.106706, 0.153109, 0.331907, 1, 

Generation #41
18,55,0.001, 0.0125391, 0.0178324, 0.0247294, 0.0735346, 0.106706, 0.239361, 0.274396, 0.871364, 0.444386, 0.51166, 1, 

16,58,0.001, 0.0125391, 0.0178324, 0.0247294, 0.0735346, 0.106706, 0.164184, 0.30483, 0.342624, 1, 

15,59,0.001, 0.0125391, 0.0178324, 0.0247294, 0.0735346, 0.106706, 0.331907, 1, 

14,67,0.001, 0.0125391, 0.0178324, 0.0247294, 0.0735346, 0.106706, 0.153109, 0.331907, 1, 

Generation #42
18,55,0.001, 0.0125391, 0.0178324, 0.0247294, 0.0735346, 0.106706, 0.239361, 0.274396, 0.871364, 0.444386, 0.51166, 1, 

16,58,0.001, 0.0125391, 0.0178324, 0.0247294, 0.0735346, 0.106706, 0.164184, 0.30483, 0.342624, 1, 

15,59,0.001, 0.0125391, 0.0178324, 0.0247294, 0.0735346, 0.106706, 0.331907, 1, 

14,67,0.001, 0.0125391, 0.0178324, 0.0247294, 0.0735346, 0.106706, 0.153109, 0.331907, 1, 

Generation #43
18,55,0.001, 0.0125391, 0.0178324, 0.0247294, 0.0735346, 0.106706, 0.239361, 0.274396, 0.871364, 0.444386, 0.51166, 1, 

14,57,0.001, 0.0125391, 0.0178324, 0.0247294, 0.0735346, 0.106706, 0.239361, 1, 

Generation #44
18,55,0.001, 0.0125391, 0.0178324, 0.0247294, 0.0735346, 0.106706, 0.239361, 0.274396, 0.871364, 0.444386, 0.51166, 1, 

14,57,0.001, 0.0125391, 0.0178324, 0.0247294, 0.0735346, 0.106706, 0.239361, 1, 

Generation #45
18,55,0.001, 0.0125391, 0.0178324, 0.0247294, 0.0735346, 0.106706, 0.239361, 0.274396, 0.871364, 0.444386, 0.51166, 1, 

14,57,0.001, 0.0125391, 0.0178324, 0.0247294, 0.0735346, 0.106706, 0.239361, 1, 

Generation #46
18,55,0.001, 0.0125391, 0.0178324, 0.0247294, 0.0735346, 0.106706, 0.239361, 0.274396, 0.871364, 0.444386, 0.51166, 1, 

14,57,0.001, 0.0125391, 0.0178324, 0.0247294, 0.0735346, 0.106706, 0.239361, 1, 

Generation #47
18,55,0.001, 0.0125391, 0.0178324, 0.0247294, 0.0735346, 0.106706, 0.239361, 0.274396, 0.871364, 0.444386, 0.51166, 1, 

14,57,0.001, 0.0125391, 0.0178324, 0.0247294, 0.0735346, 0.106706, 0.239361, 1, 

Generation #48
18,55,0.001, 0.0125391, 0.0178324, 0.0247294, 0.0735346, 0.106706, 0.239361, 0.274396, 0.871364, 0.444386, 0.51166, 1, 

14,57,0.001, 0.0125391, 0.0178324, 0.0247294, 0.0735346, 0.106706, 0.239361, 1, 

Generation #49
18,55,0.001, 0.0125391, 0.0178324, 0.0247294, 0.0735346, 0.106706, 0.239361, 0.274396, 0.871364, 0.444386, 0.51166, 1, 

14,57,0.001, 0.0125391, 0.0178324, 0.0247294, 0.0735346, 0.106706, 0.239361, 1, 

--- Pareto Front Solutions ---
Solution 0: N total=36 (N_initial=18, N_added=18), Time total=59 ms, Saved to: ./results/2^30_t2_l2_pareto_0.csv, percents=0.001, 0.0125391, 0.0178324, 0.0247294, 0.0735346, 0.106706, 0.239361, 0.274396, 0.871364, 0.444386, 0.51166, 1, 

Solution 1: N total=32 (N_initial=18, N_added=14), Time total=61 ms, Saved to: ./results/2^30_t2_l2_pareto_1.csv, percents=0.001, 0.0125391, 0.0178324, 0.0247294, 0.0735346, 0.106706, 0.239361, 1, 

------------d=1, t=2, lambda=3, filename=./evaluation/2^30-t2_l3.csv------------
Grouping d-sets by partitioned row counts for detecting arrays...
Ready to look at pairs for detecting arrays...
First Stage N=24, Time=3
There are 6315 remaining non-locating pairs
--- Running GA Algorithm (phase2) ---
Running GA with std::execution::par
Generation #0
26,88,0.001, 0.00665293, 0.00766941, 0.0283014, 0.113222, 0.299091, 0.318301, 0.338287, 0.386266, 0.390269, 0.431695, 0.435867, 0.51907, 0.52982, 0.610828, 0.640426, 0.805048, 0.872152, 0.940076, 1, 

18,179,0.001, 0.024938, 0.0981282, 0.177932, 0.179, 0.419291, 0.546174, 0.54892, 0.563603, 0.585315, 0.714282, 1, 

17,380,0.001, 0.0570707, 0.059087, 0.178944, 0.239781, 0.356049, 0.413739, 0.531993, 0.72684, 0.794524, 1, 

33,74,0.001, 0.00726054, 0.0261929, 0.0424377, 0.141844, 0.156475, 0.158681, 0.16488, 0.185101, 0.199918, 0.261039, 0.350714, 0.457026, 0.495221, 0.548367, 0.598494, 0.64665, 0.689782, 0.702225, 0.712242, 0.722212, 0.730283, 0.814131, 0.859392, 0.937253, 0.945189, 1, 

23,132,0.001, 0.00859581, 0.0793283, 0.0914839, 0.191922, 0.206302, 0.273057, 0.336271, 0.345356, 0.420779, 0.433602, 0.69827, 0.709806, 0.718593, 0.817413, 0.906527, 1, 

32,84,0.001, 0.00808477, 0.041422, 0.0452258, 0.0833033, 0.0852119, 0.103813, 0.1456, 0.211405, 0.211905, 0.224843, 0.238518, 0.249458, 0.287193, 0.514949, 0.592144, 0.604351, 0.696892, 0.737106, 0.758089, 0.817425, 0.835021, 0.851103, 0.861881, 0.967324, 0.981739, 1, 

22,178,0.001, 0.0287221, 0.0586962, 0.109677, 0.257087, 0.315898, 0.317246, 0.358362, 0.387007, 0.420381, 0.807036, 0.954085, 0.970206, 0.983808, 0.985438, 1, 

Generation #1
17,174,0.001, 0.0374201, 0.0672371, 0.0949895, 0.174225, 0.176914, 0.194854, 0.205304, 0.251724, 0.263737, 1, 

26,62,0.001, 0.00665293, 0.00766941, 0.0283014, 0.113222, 0.299091, 0.318301, 0.338287, 0.386266, 0.390269, 0.431695, 0.435867, 0.51907, 0.52982, 0.610828, 0.640426, 0.805048, 0.872152, 0.940076, 1, 

19,73,0.001, 0.0131233, 0.0253334, 0.0350568, 0.137134, 0.20559, 0.219623, 0.232387, 0.240938, 0.243101, 0.287384, 0.912649, 1, 

Generation #2
16,257,0.001, 0.0496865, 0.105429, 0.225383, 0.292269, 0.47119, 0.560779, 0.757936, 0.890305, 1, 

17,71,0.001, 0.0131233, 0.0253334, 0.0350568, 0.137134, 0.176914, 0.194854, 0.205304, 0.251724, 0.263737, 1, 

22,58,0.001, 0.00726054, 0.0261929, 0.0424377, 0.141844, 0.156475, 0.158681, 0.16488, 0.185101, 0.199918, 0.261039, 0.350714, 0.457026, 0.495221, 0.548367, 0.906527, 1, 

18,66,0.001, 0.0131233, 0.0253334, 0.0350568, 0.137134, 0.20559, 0.219623, 0.232387, 0.240938, 0.243101, 0.287384, 0.912649, 1, 

Generation #3
22,58,0.001, 0.00726054, 0.0261929, 0.0424377, 0.141844, 0.156475, 0.158681, 0.16488, 0.185101, 0.199918, 0.261039, 0.350714, 0.457026, 0.495221, 0.548367, 0.906527, 1, 

16,75,0.001, 0.0131233, 0.0253334, 0.0350568, 0.137134, 0.20559, 0.219623, 0.240938, 0.251724, 0.263737, 1, 

17,65,0.001, 0.0131233, 0.0253334, 0.0350568, 0.137134, 0.176914, 0.194854, 0.205304, 0.251724, 0.263737, 1, 

34,46,0.001, 0.00808477, 0.041422, 0.0452258, 0.0833033, 0.0852119, 0.103813, 0.240938, 0.243101, 0.166764, 0.187489, 0.227829, 0.238949, 0.243021, 0.331941, 0.368059, 0.456337, 0.567211, 0.590575, 0.590752, 0.602143, 0.692321, 0.80045, 0.843442, 0.911431, 0.94233, 0.990747, 0.99319, 1, 

Generation #4
16,75,0.001, 0.0131233, 0.0253334, 0.0350568, 0.137134, 0.20559, 0.219623, 0.240938, 0.251724, 0.263737, 1, 

34,46,0.001, 0.00808477, 0.041422, 0.0452258, 0.0833033, 0.0852119, 0.103813, 0.240938, 0.243101, 0.166764, 0.187489, 0.227829, 0.238949, 0.243021, 0.331941, 0.368059, 0.456337, 0.567211, 0.590575, 0.590752, 0.602143, 0.692321, 0.80045, 0.843442, 0.911431, 0.94233, 0.990747, 0.99319, 1, 

17,64,0.001, 0.0131233, 0.0253334, 0.0350568, 0.137134, 0.20559, 0.219623, 0.240938, 0.243101, 0.166764, 1, 

19,56,0.001, 0.00665293, 0.00766941, 0.0283014, 0.113222, 0.299091, 0.413739, 0.521648, 0.555275, 0.347225, 0.411152, 0.442086, 1, 

Generation #5
16,75,0.001, 0.0131233, 0.0253334, 0.0350568, 0.137134, 0.20559, 0.219623, 0.240938, 0.251724, 0.263737, 1, 

34,46,0.001, 0.00808477, 0.041422, 0.0452258, 0.0833033, 0.0852119, 0.103813, 0.240938, 0.243101, 0.166764, 0.187489, 0.227829, 0.238949, 0.243021, 0.331941, 0.368059, 0.456337, 0.567211, 0.590575, 0.590752, 0.602143, 0.692321, 0.80045, 0.843442, 0.911431, 0.94233, 0.990747, 0.99319, 1, 

17,64,0.001, 0.0131233, 0.0253334, 0.0350568, 0.137134, 0.20559, 0.219623, 0.240938, 0.243101, 0.166764, 1, 

19,56,0.001, 0.00665293, 0.00766941, 0.0283014, 0.113222, 0.299091, 0.413739, 0.521648, 0.555275, 0.347225, 0.411152, 0.442086, 1, 

33,55,0.001, 0.00665293, 0.00766941, 0.0283014, 0.113222, 0.299091, 0.318301, 0.338287, 0.386266, 0.199918, 0.261039, 0.350714, 0.457026, 0.495221, 0.548367, 0.598494, 0.64665, 0.689782, 0.702225, 0.712242, 0.722212, 0.730283, 0.814131, 0.859392, 0.937253, 0.945189, 1, 

Generation #6
16,75,0.001, 0.0131233, 0.0253334, 0.0350568, 0.137134, 0.20559, 0.219623, 0.240938, 0.251724, 0.263737, 1, 

34,46,0.001, 0.00808477, 0.041422, 0.0452258, 0.0833033, 0.0852119, 0.103813, 0.240938, 0.243101, 0.166764, 0.187489, 0.227829, 0.238949, 0.243021, 0.331941, 0.368059, 0.456337, 0.567211, 0.590575, 0.590752, 0.602143, 0.692321, 0.80045, 0.843442, 0.911431, 0.94233, 0.990747, 0.99319, 1, 

17,64,0.001, 0.0131233, 0.0253334, 0.0350568, 0.137134, 0.20559, 0.219623, 0.240938, 0.243101, 0.166764, 1, 

18,58,0.001, 0.00726054, 0.0261929, 0.0424377, 0.179, 0.20559, 0.219623, 0.240938, 0.243101, 0.166764, 1, 

15,515,0.001, 0.105429, 0.225383, 0.292269, 0.47119, 0.560779, 0.757936, 0.890305, 1, 

19,50,0.001, 0.00665293, 0.00766941, 0.0283014, 0.081674, 0.0896533, 0.108716, 0.172282, 0.215568, 0.583328, 0.659668, 0.801105, 0.96805, 0.985453, 1, 

Generation #7
19,50,0.001, 0.00665293, 0.00766941, 0.0283014, 0.081674, 0.0896533, 0.108716, 0.172282, 0.215568, 0.583328, 0.659668, 0.801105, 0.96805, 0.985453, 1, 

15,53,0.001, 0.00665293, 0.00766941, 0.0283014, 0.113222, 0.20559, 0.219623, 0.240938, 0.243101, 0.166764, 1, 

33,46,0.001, 0.00665293, 0.00766941, 0.0283014, 0.081674, 0.156475, 0.158681, 0.16488, 0.185101, 0.199918, 0.261039, 0.350714, 0.457026, 0.495221, 0.548367, 0.598494, 0.64665, 0.689782, 0.702225, 0.712242, 0.722212, 0.730283, 0.814131, 0.859392, 0.937253, 0.945189, 1, 

Generation #8
19,50,0.001, 0.00665293, 0.00766941, 0.0283014, 0.081674, 0.0896533, 0.108716, 0.172282, 0.215568, 0.583328, 0.659668, 0.801105, 0.96805, 0.985453, 1, 

15,53,0.001, 0.00665293, 0.00766941, 0.0283014, 0.113222, 0.20559, 0.219623, 0.240938, 0.243101, 0.166764, 1, 

32,43,0.001, 0.00665293, 0.00766941, 0.0283014, 0.081674, 0.156475, 0.158681, 0.16488, 0.185101, 0.199918, 0.261039, 0.350714, 0.457026, 0.495221, 0.548367, 0.598494, 0.64665, 0.689782, 0.702225, 0.712242, 0.722212, 0.730283, 0.814131, 0.859392, 0.937253, 0.945189, 1, 

Generation #9
31,43,0.001, 0.00665293, 0.00766941, 0.0283014, 0.081674, 0.156475, 0.158681, 0.16488, 0.185101, 0.199918, 0.261039, 0.350714, 0.457026, 0.548367, 0.598494, 0.64665, 0.689782, 0.702225, 0.712242, 0.722212, 0.730283, 0.814131, 0.859392, 0.937253, 0.945189, 1, 

14,44,0.001, 0.00665293, 0.00766941, 0.0283014, 0.0821172, 0.156475, 0.158681, 0.16488, 0.890305, 1, 

Generation #10
14,44,0.001, 0.00665293, 0.00766941, 0.0283014, 0.0821172, 0.156475, 0.158681, 0.16488, 0.890305, 1, 

16,41,0.00335292, 0.00726054, 0.0261929, 0.0424377, 0.179, 0.20559, 0.219623, 0.240938, 0.629091, 0.166764, 1, 

13,63,0.001, 0.0131233, 0.0253334, 0.0350568, 0.137134, 0.20559, 0.757936, 1, 

Generation #11
13,63,0.001, 0.0131233, 0.0253334, 0.0350568, 0.137134, 0.20559, 0.757936, 1, 

14,33,0.001, 0.00665293, 0.00766941, 0.0283014, 0.081674, 0.0852119, 0.103813, 0.1456, 0.890305, 1, 

Generation #12
14,33,0.001, 0.00665293, 0.00766941, 0.0283014, 0.081674, 0.0852119, 0.103813, 0.1456, 0.890305, 1, 

13,44,0.001, 0.00665293, 0.00766941, 0.0283014, 0.0833033, 0.0852119, 0.1456, 0.890305, 1, 

Generation #13
14,33,0.001, 0.00665293, 0.00766941, 0.0283014, 0.081674, 0.0852119, 0.103813, 0.1456, 0.890305, 1, 

13,44,0.001, 0.00665293, 0.00766941, 0.0283014, 0.0833033, 0.0852119, 0.1456, 0.890305, 1, 

Generation #14
14,33,0.001, 0.00665293, 0.00766941, 0.0283014, 0.081674, 0.0852119, 0.103813, 0.1456, 0.890305, 1, 

12,43,0.001, 0.00665293, 0.00766941, 0.0283014, 0.081674, 0.156475, 0.158681, 1, 

Generation #15
14,33,0.001, 0.00665293, 0.00766941, 0.0283014, 0.081674, 0.0852119, 0.103813, 0.1456, 0.890305, 1, 

12,43,0.001, 0.00665293, 0.00766941, 0.0283014, 0.081674, 0.156475, 0.158681, 1, 

Generation #16
14,33,0.001, 0.00665293, 0.00766941, 0.0283014, 0.081674, 0.0852119, 0.103813, 0.1456, 0.890305, 1, 

12,43,0.001, 0.00665293, 0.00766941, 0.0283014, 0.081674, 0.156475, 0.158681, 1, 

Generation #17
14,33,0.001, 0.00665293, 0.00766941, 0.0283014, 0.081674, 0.0852119, 0.103813, 0.1456, 0.890305, 1, 

12,43,0.001, 0.00665293, 0.00766941, 0.0283014, 0.081674, 0.156475, 0.158681, 1, 

Generation #18
14,33,0.001, 0.00665293, 0.00766941, 0.0283014, 0.081674, 0.0852119, 0.103813, 0.1456, 0.890305, 1, 

12,43,0.001, 0.00665293, 0.00766941, 0.0283014, 0.081674, 0.156475, 0.158681, 1, 

Generation #19
14,33,0.001, 0.00665293, 0.00766941, 0.0283014, 0.081674, 0.0852119, 0.103813, 0.1456, 0.890305, 1, 

12,43,0.001, 0.00665293, 0.00766941, 0.0283014, 0.081674, 0.156475, 0.158681, 1, 

Generation #20
14,33,0.001, 0.00665293, 0.00766941, 0.0283014, 0.081674, 0.0852119, 0.103813, 0.1456, 0.890305, 1, 

12,43,0.001, 0.00665293, 0.00766941, 0.0283014, 0.081674, 0.156475, 0.158681, 1, 

Generation #21
14,33,0.001, 0.00665293, 0.00766941, 0.0283014, 0.081674, 0.0852119, 0.103813, 0.1456, 0.890305, 1, 

12,43,0.001, 0.00665293, 0.00766941, 0.0283014, 0.081674, 0.156475, 0.158681, 1, 

13,38,0.001, 0.00665293, 0.00766941, 0.0283014, 0.081674, 0.0896533, 0.263737, 1, 

Generation #22
14,33,0.001, 0.00665293, 0.00766941, 0.0283014, 0.081674, 0.0852119, 0.103813, 0.1456, 0.890305, 1, 

12,43,0.001, 0.00665293, 0.00766941, 0.0283014, 0.081674, 0.156475, 0.158681, 1, 

13,38,0.001, 0.00665293, 0.00766941, 0.0283014, 0.081674, 0.0896533, 0.263737, 1, 

Generation #23
14,33,0.001, 0.00665293, 0.00766941, 0.0283014, 0.081674, 0.0852119, 0.103813, 0.1456, 0.890305, 1, 

12,43,0.001, 0.00665293, 0.00766941, 0.0283014, 0.081674, 0.156475, 0.158681, 1, 

13,38,0.001, 0.00665293, 0.00766941, 0.0283014, 0.081674, 0.0896533, 0.263737, 1, 

Generation #24
14,33,0.001, 0.00665293, 0.00766941, 0.0283014, 0.081674, 0.0852119, 0.103813, 0.1456, 0.890305, 1, 

12,43,0.001, 0.00665293, 0.00766941, 0.0283014, 0.081674, 0.156475, 0.158681, 1, 

13,38,0.001, 0.00665293, 0.00766941, 0.0283014, 0.081674, 0.0896533, 0.263737, 1, 

Generation #25
14,33,0.001, 0.00665293, 0.00766941, 0.0283014, 0.081674, 0.0852119, 0.103813, 0.1456, 0.890305, 1, 

12,43,0.001, 0.00665293, 0.00766941, 0.0283014, 0.081674, 0.156475, 0.158681, 1, 

13,38,0.001, 0.00665293, 0.00766941, 0.0283014, 0.081674, 0.0896533, 0.263737, 1, 

Generation #26
14,33,0.001, 0.00665293, 0.00766941, 0.0283014, 0.081674, 0.0852119, 0.103813, 0.1456, 0.890305, 1, 

12,43,0.001, 0.00665293, 0.00766941, 0.0283014, 0.081674, 0.156475, 0.158681, 1, 

13,38,0.001, 0.00665293, 0.00766941, 0.0283014, 0.081674, 0.0896533, 0.263737, 1, 

Generation #27
14,33,0.001, 0.00665293, 0.00766941, 0.0283014, 0.081674, 0.0852119, 0.103813, 0.1456, 0.890305, 1, 

12,43,0.001, 0.00665293, 0.00766941, 0.0283014, 0.081674, 0.156475, 0.158681, 1, 

13,38,0.001, 0.00665293, 0.00766941, 0.0283014, 0.081674, 0.0896533, 0.263737, 1, 

Generation #28
14,33,0.001, 0.00665293, 0.00766941, 0.0283014, 0.081674, 0.0852119, 0.103813, 0.1456, 0.890305, 1, 

12,43,0.001, 0.00665293, 0.00766941, 0.0283014, 0.081674, 0.156475, 0.158681, 1, 

13,38,0.001, 0.00665293, 0.00766941, 0.0283014, 0.081674, 0.0896533, 0.263737, 1, 

Generation #29
14,33,0.001, 0.00665293, 0.00766941, 0.0283014, 0.081674, 0.0852119, 0.103813, 0.1456, 0.890305, 1, 

12,43,0.001, 0.00665293, 0.00766941, 0.0283014, 0.081674, 0.156475, 0.158681, 1, 

13,38,0.001, 0.00665293, 0.00766941, 0.0283014, 0.081674, 0.0896533, 0.263737, 1, 

Generation #30
14,33,0.001, 0.00665293, 0.00766941, 0.0283014, 0.081674, 0.0852119, 0.103813, 0.1456, 0.890305, 1, 

12,43,0.001, 0.00665293, 0.00766941, 0.0283014, 0.081674, 0.156475, 0.158681, 1, 

13,38,0.001, 0.00665293, 0.00766941, 0.0283014, 0.081674, 0.0896533, 0.263737, 1, 

11,123,0.001, 0.00665293, 0.00766941, 0.0283014, 0.081674, 1, 

Generation #31
14,33,0.001, 0.00665293, 0.00766941, 0.0283014, 0.081674, 0.0852119, 0.103813, 0.1456, 0.890305, 1, 

12,43,0.001, 0.00665293, 0.00766941, 0.0283014, 0.081674, 0.156475, 0.158681, 1, 

13,38,0.001, 0.00665293, 0.00766941, 0.0283014, 0.081674, 0.0896533, 0.263737, 1, 

11,123,0.001, 0.00665293, 0.00766941, 0.0283014, 0.081674, 1, 

Generation #32
14,33,0.001, 0.00665293, 0.00766941, 0.0283014, 0.081674, 0.0852119, 0.103813, 0.1456, 0.890305, 1, 

12,43,0.001, 0.00665293, 0.00766941, 0.0283014, 0.081674, 0.156475, 0.158681, 1, 

13,38,0.001, 0.00665293, 0.00766941, 0.0283014, 0.081674, 0.0896533, 0.263737, 1, 

11,123,0.001, 0.00665293, 0.00766941, 0.0283014, 0.081674, 1, 

Generation #33
14,33,0.001, 0.00665293, 0.00766941, 0.0283014, 0.081674, 0.0852119, 0.103813, 0.1456, 0.890305, 1, 

12,43,0.001, 0.00665293, 0.00766941, 0.0283014, 0.081674, 0.156475, 0.158681, 1, 

13,38,0.001, 0.00665293, 0.00766941, 0.0283014, 0.081674, 0.0896533, 0.263737, 1, 

11,123,0.001, 0.00665293, 0.00766941, 0.0283014, 0.081674, 1, 

Generation #34
14,33,0.001, 0.00665293, 0.00766941, 0.0283014, 0.081674, 0.0852119, 0.103813, 0.1456, 0.890305, 1, 

12,43,0.001, 0.00665293, 0.00766941, 0.0283014, 0.081674, 0.156475, 0.158681, 1, 

13,38,0.001, 0.00665293, 0.00766941, 0.0283014, 0.081674, 0.0896533, 0.263737, 1, 

11,123,0.001, 0.00665293, 0.00766941, 0.0283014, 0.081674, 1, 

Generation #35
14,33,0.001, 0.00665293, 0.00766941, 0.0283014, 0.081674, 0.0852119, 0.103813, 0.1456, 0.890305, 1, 

12,43,0.001, 0.00665293, 0.00766941, 0.0283014, 0.081674, 0.156475, 0.158681, 1, 

13,38,0.001, 0.00665293, 0.00766941, 0.0283014, 0.081674, 0.0896533, 0.263737, 1, 

11,123,0.001, 0.00665293, 0.00766941, 0.0283014, 0.081674, 1, 

Generation #36
14,33,0.001, 0.00665293, 0.00766941, 0.0283014, 0.081674, 0.0852119, 0.103813, 0.1456, 0.890305, 1, 

12,43,0.001, 0.00665293, 0.00766941, 0.0283014, 0.081674, 0.156475, 0.158681, 1, 

13,38,0.001, 0.00665293, 0.00766941, 0.0283014, 0.081674, 0.0896533, 0.263737, 1, 

11,123,0.001, 0.00665293, 0.00766941, 0.0283014, 0.081674, 1, 

Generation #37
14,33,0.001, 0.00665293, 0.00766941, 0.0283014, 0.081674, 0.0852119, 0.103813, 0.1456, 0.890305, 1, 

12,43,0.001, 0.00665293, 0.00766941, 0.0283014, 0.081674, 0.156475, 0.158681, 1, 

13,38,0.001, 0.00665293, 0.00766941, 0.0283014, 0.081674, 0.0896533, 0.263737, 1, 

11,123,0.001, 0.00665293, 0.00766941, 0.0283014, 0.081674, 1, 

Generation #38
14,33,0.001, 0.00665293, 0.00766941, 0.0283014, 0.081674, 0.0852119, 0.103813, 0.1456, 0.890305, 1, 

12,43,0.001, 0.00665293, 0.00766941, 0.0283014, 0.081674, 0.156475, 0.158681, 1, 

13,38,0.001, 0.00665293, 0.00766941, 0.0283014, 0.081674, 0.0896533, 0.263737, 1, 

11,123,0.001, 0.00665293, 0.00766941, 0.0283014, 0.081674, 1, 

Generation #39
14,33,0.001, 0.00665293, 0.00766941, 0.0283014, 0.081674, 0.0852119, 0.103813, 0.1456, 0.890305, 1, 

13,38,0.001, 0.00665293, 0.00766941, 0.0283014, 0.081674, 0.0896533, 0.263737, 1, 

11,123,0.001, 0.00665293, 0.00766941, 0.0283014, 0.081674, 1, 

12,42,0.001, 0.00665293, 0.00766941, 0.0283014, 0.081674, 0.156475, 0.056268, 1, 

Generation #40
14,33,0.001, 0.00665293, 0.00766941, 0.0283014, 0.081674, 0.0852119, 0.103813, 0.1456, 0.890305, 1, 

13,38,0.001, 0.00665293, 0.00766941, 0.0283014, 0.081674, 0.0896533, 0.263737, 1, 

11,123,0.001, 0.00665293, 0.00766941, 0.0283014, 0.081674, 1, 

12,42,0.001, 0.00665293, 0.00766941, 0.0283014, 0.081674, 0.156475, 0.056268, 1, 

Generation #41
14,33,0.001, 0.00665293, 0.00766941, 0.0283014, 0.081674, 0.0852119, 0.103813, 0.1456, 0.890305, 1, 

13,38,0.001, 0.00665293, 0.00766941, 0.0283014, 0.081674, 0.0896533, 0.263737, 1, 

11,123,0.001, 0.00665293, 0.00766941, 0.0283014, 0.081674, 1, 

12,42,0.001, 0.00665293, 0.00766941, 0.0283014, 0.081674, 0.156475, 0.056268, 1, 

Generation #42
13,38,0.001, 0.00665293, 0.00766941, 0.0283014, 0.081674, 0.0896533, 0.263737, 1, 

11,123,0.001, 0.00665293, 0.00766941, 0.0283014, 0.081674, 1, 

12,42,0.001, 0.00665293, 0.00766941, 0.0283014, 0.081674, 0.156475, 0.056268, 1, 

14,31,0.001, 0.00665293, 0.00766941, 0.0283014, 0.0415468, 0.081674, 0.0896533, 0.103813, 0.1456, 1, 

Generation #43
13,38,0.001, 0.00665293, 0.00766941, 0.0283014, 0.081674, 0.0896533, 0.263737, 1, 

11,123,0.001, 0.00665293, 0.00766941, 0.0283014, 0.081674, 1, 

12,42,0.001, 0.00665293, 0.00766941, 0.0283014, 0.081674, 0.156475, 0.056268, 1, 

14,31,0.001, 0.00665293, 0.00766941, 0.0283014, 0.0415468, 0.081674, 0.0896533, 0.103813, 0.1456, 1, 

Generation #44
13,38,0.001, 0.00665293, 0.00766941, 0.0283014, 0.081674, 0.0896533, 0.263737, 1, 

11,123,0.001, 0.00665293, 0.00766941, 0.0283014, 0.081674, 1, 

12,42,0.001, 0.00665293, 0.00766941, 0.0283014, 0.081674, 0.156475, 0.056268, 1, 

14,31,0.001, 0.00665293, 0.00766941, 0.0283014, 0.0415468, 0.081674, 0.0896533, 0.103813, 0.1456, 1, 

Generation #45
13,38,0.001, 0.00665293, 0.00766941, 0.0283014, 0.081674, 0.0896533, 0.263737, 1, 

11,123,0.001, 0.00665293, 0.00766941, 0.0283014, 0.081674, 1, 

12,42,0.001, 0.00665293, 0.00766941, 0.0283014, 0.081674, 0.156475, 0.056268, 1, 

14,31,0.001, 0.00665293, 0.00766941, 0.0283014, 0.0415468, 0.081674, 0.0896533, 0.103813, 0.1456, 1, 

Generation #46
13,38,0.001, 0.00665293, 0.00766941, 0.0283014, 0.081674, 0.0896533, 0.263737, 1, 

11,123,0.001, 0.00665293, 0.00766941, 0.0283014, 0.081674, 1, 

14,31,0.001, 0.00665293, 0.00766941, 0.0283014, 0.0415468, 0.081674, 0.0896533, 0.103813, 0.1456, 1, 

12,39,0.001, 0.00665293, 0.00766941, 0.0283014, 0.0415468, 0.081674, 0.16488, 0.185101, 1, 

Generation #47
13,38,0.001, 0.00665293, 0.00766941, 0.0283014, 0.081674, 0.0896533, 0.263737, 1, 

11,123,0.001, 0.00665293, 0.00766941, 0.0283014, 0.081674, 1, 

14,31,0.001, 0.00665293, 0.00766941, 0.0283014, 0.0415468, 0.081674, 0.0896533, 0.103813, 0.1456, 1, 

12,39,0.001, 0.00665293, 0.00766941, 0.0283014, 0.0415468, 0.081674, 0.16488, 0.185101, 1, 

Generation #48
13,38,0.001, 0.00665293, 0.00766941, 0.0283014, 0.081674, 0.0896533, 0.263737, 1, 

11,123,0.001, 0.00665293, 0.00766941, 0.0283014, 0.081674, 1, 

14,31,0.001, 0.00665293, 0.00766941, 0.0283014, 0.0415468, 0.081674, 0.0896533, 0.103813, 0.1456, 1, 

12,39,0.001, 0.00665293, 0.00766941, 0.0283014, 0.0415468, 0.081674, 0.16488, 0.185101, 1, 

Generation #49
11,123,0.001, 0.00665293, 0.00766941, 0.0283014, 0.081674, 1, 

14,31,0.001, 0.00665293, 0.00766941, 0.0283014, 0.0415468, 0.081674, 0.0896533, 0.103813, 0.1456, 1, 

12,39,0.001, 0.00665293, 0.00766941, 0.0283014, 0.0415468, 0.081674, 0.16488, 0.185101, 1, 

13,36,0.001, 0.00665293, 0.00766941, 0.0283014, 0.0415468, 0.081674, 0.16488, 0.185101, 1, 

--- Pareto Front Solutions ---
Solution 0: N total=35 (N_initial=24, N_added=11), Time total=126 ms, Saved to: ./results/2^30_t2_l3_pareto_0.csv, percents=0.001, 0.00665293, 0.00766941, 0.0283014, 0.081674, 1, 

Solution 1: N total=38 (N_initial=24, N_added=14), Time total=34 ms, Saved to: ./results/2^30_t2_l3_pareto_1.csv, percents=0.001, 0.00665293, 0.00766941, 0.0283014, 0.0415468, 0.081674, 0.0896533, 0.103813, 0.1456, 1, 

Solution 2: N total=36 (N_initial=24, N_added=12), Time total=42 ms, Saved to: ./results/2^30_t2_l3_pareto_2.csv, percents=0.001, 0.00665293, 0.00766941, 0.0283014, 0.0415468, 0.081674, 0.16488, 0.185101, 1, 

Solution 3: N total=37 (N_initial=24, N_added=13), Time total=39 ms, Saved to: ./results/2^30_t2_l3_pareto_3.csv, percents=0.001, 0.00665293, 0.00766941, 0.0283014, 0.0415468, 0.081674, 0.16488, 0.185101, 1, 

------------d=1, t=2, lambda=4, filename=./evaluation/2^30-t2_l4.csv------------
Grouping d-sets by partitioned row counts for detecting arrays...
Ready to look at pairs for detecting arrays...
First Stage N=28, Time=8
There are 27441 remaining non-locating pairs
--- Running GA Algorithm (phase2) ---
Running GA with std::execution::par
Generation #0
34,486,0.001, 0.00443249, 0.037806, 0.0613071, 0.0822381, 0.0931761, 0.26085, 0.3369, 0.339465, 0.381398, 0.411808, 0.440849, 0.444466, 0.470817, 0.490451, 0.507292, 0.523501, 0.589394, 0.660137, 0.708603, 0.825808, 0.847151, 0.870587, 0.94462, 1, 

21,1332,0.001, 0.110101, 0.186505, 0.34505, 0.397265, 0.452821, 0.775076, 0.828511, 0.911434, 0.998989, 1, 

26,593,0.001, 0.0302617, 0.0364221, 0.0560475, 0.346095, 0.422329, 0.61556, 0.621321, 0.653083, 0.66664, 0.723105, 0.754891, 0.774252, 0.775649, 0.818528, 0.977425, 1, 

22,605,0.001, 0.029698, 0.0393108, 0.180904, 0.481462, 0.530253, 0.552328, 0.614431, 0.71286, 0.95509, 0.997561, 1, 

36,483,0.001, 0.00945742, 0.0655294, 0.0817592, 0.0923658, 0.101906, 0.10832, 0.166008, 0.191279, 0.241569, 0.242566, 0.339492, 0.36248, 0.439189, 0.467665, 0.53638, 0.637291, 0.698939, 0.703169, 0.744545, 0.760848, 0.761648, 0.770017, 0.810166, 0.910051, 0.910055, 1, 

Generation #1
20,602,0.001, 0.0533303, 0.0816369, 0.123568, 0.163098, 0.163699, 0.185782, 0.867781, 0.956312, 0.983182, 1, 

26,326,0.001, 0.03657, 0.0399592, 0.0523586, 0.244166, 0.346468, 0.359512, 0.492466, 0.525634, 0.61191, 0.735933, 0.737213, 0.94744, 0.953212, 0.965951, 1, 

21,406,0.001, 0.03657, 0.0399592, 0.0523586, 0.244166, 0.534165, 0.546367, 0.6193, 0.683156, 0.759621, 0.831355, 0.905054, 1, 

22,402,0.001, 0.0335247, 0.0855957, 0.115334, 0.156015, 0.25532, 0.551594, 0.691186, 0.713365, 0.756419, 0.289623, 0.890423, 1, 

31,257,0.001, 0.022006, 0.0619393, 0.0887076, 0.137122, 0.140365, 0.21887, 0.224388, 0.27932, 0.281497, 0.295818, 0.538146, 0.547146, 0.593797, 0.610861, 0.633268, 0.701718, 0.703462, 0.782268, 0.783854, 1, 

25,369,0.001, 0.0302617, 0.0364221, 0.0560475, 0.346095, 0.326364, 0.33735, 0.368817, 0.786372, 0.51678, 0.629174, 0.645051, 0.951281, 1, 

Generation #2
21,143,0.001, 0.00443249, 0.037806, 0.0613071, 0.0822381, 0.0931761, 0.26085, 0.3369, 0.339465, 0.381398, 1, 

20,264,0.001, 0.022006, 0.0619393, 0.0887076, 0.539468, 0.140365, 0.21887, 0.224388, 0.27932, 0.281497, 1, 

28,141,0.001, 0.00945742, 0.0655294, 0.0817592, 0.0923658, 0.170554, 0.170879, 0.198094, 0.360788, 0.367655, 0.538146, 0.547146, 0.593797, 0.610861, 0.633268, 0.701718, 0.703462, 0.782268, 0.783854, 1, 

Generation #3
21,143,0.001, 0.00443249, 0.037806, 0.0613071, 0.0822381, 0.0931761, 0.26085, 0.3369, 0.339465, 0.381398, 1, 

28,141,0.001, 0.00945742, 0.0655294, 0.0817592, 0.0923658, 0.170554, 0.170879, 0.198094, 0.360788, 0.367655, 0.538146, 0.547146, 0.593797, 0.610861, 0.633268, 0.701718, 0.703462, 0.782268, 0.783854, 1, 

20,236,0.001, 0.022006, 0.0619393, 0.0887076, 0.137122, 0.140365, 0.21887, 0.224388, 0.27932, 0.281497, 0.295818, 1, 

Generation #4
21,143,0.001, 0.00443249, 0.037806, 0.0613071, 0.0822381, 0.0931761, 0.26085, 0.3369, 0.339465, 0.381398, 1, 

28,141,0.001, 0.00945742, 0.0655294, 0.0817592, 0.0923658, 0.170554, 0.170879, 0.198094, 0.360788, 0.367655, 0.538146, 0.547146, 0.593797, 0.610861, 0.633268, 0.701718, 0.703462, 0.782268, 0.783854, 1, 

20,236,0.001, 0.022006, 0.0619393, 0.0887076, 0.137122, 0.140365, 0.21887, 0.224388, 0.27932, 0.281497, 0.295818, 1, 

Generation #5
21,143,0.001, 0.00443249, 0.037806, 0.0613071, 0.0822381, 0.0931761, 0.26085, 0.3369, 0.339465, 0.381398, 1, 

28,141,0.001, 0.00945742, 0.0655294, 0.0817592, 0.0923658, 0.170554, 0.170879, 0.198094, 0.360788, 0.367655, 0.538146, 0.547146, 0.593797, 0.610861, 0.633268, 0.701718, 0.703462, 0.782268, 0.783854, 1, 

19,197,0.001, 0.022006, 0.0619393, 0.0887076, 0.137122, 0.140365, 0.224388, 0.27932, 0.95509, 0.997561, 1, 

Generation #6
21,143,0.001, 0.00443249, 0.037806, 0.0613071, 0.0822381, 0.0931761, 0.26085, 0.3369, 0.339465, 0.381398, 1, 

28,141,0.001, 0.00945742, 0.0655294, 0.0817592, 0.0923658, 0.170554, 0.170879, 0.198094, 0.360788, 0.367655, 0.538146, 0.547146, 0.593797, 0.610861, 0.633268, 0.701718, 0.703462, 0.782268, 0.783854, 1, 

19,180,0.001, 0.00443249, 0.037806, 0.0613071, 0.0822381, 0.0931761, 0.140284, 0.147629, 0.205064, 0.281497, 1, 

Generation #7
21,143,0.001, 0.00443249, 0.037806, 0.0613071, 0.0822381, 0.0931761, 0.26085, 0.3369, 0.339465, 0.381398, 1, 

28,141,0.001, 0.00945742, 0.0655294, 0.0817592, 0.0923658, 0.170554, 0.170879, 0.198094, 0.360788, 0.367655, 0.538146, 0.547146, 0.593797, 0.610861, 0.633268, 0.701718, 0.703462, 0.782268, 0.783854, 1, 

19,180,0.001, 0.00443249, 0.037806, 0.0613071, 0.0822381, 0.0931761, 0.140284, 0.147629, 0.205064, 0.281497, 1, 

Generation #8
21,143,0.001, 0.00443249, 0.037806, 0.0613071, 0.0822381, 0.0931761, 0.26085, 0.3369, 0.339465, 0.381398, 1, 

28,141,0.001, 0.00945742, 0.0655294, 0.0817592, 0.0923658, 0.170554, 0.170879, 0.198094, 0.360788, 0.367655, 0.538146, 0.547146, 0.593797, 0.610861, 0.633268, 0.701718, 0.703462, 0.782268, 0.783854, 1, 

19,180,0.001, 0.00443249, 0.037806, 0.0613071, 0.0822381, 0.0931761, 0.140284, 0.147629, 0.205064, 0.281497, 1, 

20,153,0.001, 0.00443249, 0.037806, 0.0523586, 0.244166, 0.454932, 0.552328, 0.614431, 0.71286, 0.997561, 1, 

Generation #9
21,143,0.001, 0.00443249, 0.037806, 0.0613071, 0.0822381, 0.0931761, 0.26085, 0.3369, 0.339465, 0.381398, 1, 

28,141,0.001, 0.00945742, 0.0655294, 0.0817592, 0.0923658, 0.170554, 0.170879, 0.198094, 0.360788, 0.367655, 0.538146, 0.547146, 0.593797, 0.610861, 0.633268, 0.701718, 0.703462, 0.782268, 0.783854, 1, 

20,153,0.001, 0.00443249, 0.037806, 0.0523586, 0.244166, 0.454932, 0.552328, 0.614431, 0.71286, 0.997561, 1, 

19,160,0.001, 0.00443249, 0.037806, 0.0613071, 0.0822381, 0.0931761, 0.26085, 0.3369, 0.339465, 0.95509, 0.997561, 1, 

Generation #10
18,143,0.001, 0.00443249, 0.037806, 0.0613071, 0.0822381, 0.26085, 0.3369, 0.205064, 0.281497, 1, 

19,123,0.001, 0.00443249, 0.037806, 0.0613071, 0.0822381, 0.0931761, 0.310922, 0.311843, 0.956312, 0.0989017, 1, 

Generation #11
18,143,0.001, 0.00443249, 0.037806, 0.0613071, 0.0822381, 0.26085, 0.3369, 0.205064, 0.281497, 1, 

19,123,0.001, 0.00443249, 0.037806, 0.0613071, 0.0822381, 0.0931761, 0.310922, 0.311843, 0.956312, 0.0989017, 1, 

Generation #12
18,143,0.001, 0.00443249, 0.037806, 0.0613071, 0.0822381, 0.26085, 0.3369, 0.205064, 0.281497, 1, 

19,103,0.001, 0.00443249, 0.037806, 0.0613071, 0.0822381, 0.0931761, 0.170879, 0.198094, 0.205064, 0.281497, 1, 

Generation #13
18,143,0.001, 0.00443249, 0.037806, 0.0613071, 0.0822381, 0.26085, 0.3369, 0.205064, 0.281497, 1, 

19,103,0.001, 0.00443249, 0.037806, 0.0613071, 0.0822381, 0.0931761, 0.170879, 0.198094, 0.205064, 0.281497, 1, 

Generation #14
18,143,0.001, 0.00443249, 0.037806, 0.0613071, 0.0822381, 0.26085, 0.3369, 0.205064, 0.281497, 1, 

19,103,0.001, 0.00443249, 0.037806, 0.0613071, 0.0822381, 0.0931761, 0.170879, 0.198094, 0.205064, 0.281497, 1, 

17,153,0.001, 0.00443249, 0.037806, 0.0613071, 0.0822381, 0.0931761, 0.3369, 0.998989, 1, 

Generation #15
18,143,0.001, 0.00443249, 0.037806, 0.0613071, 0.0822381, 0.26085, 0.3369, 0.205064, 0.281497, 1, 

19,103,0.001, 0.00443249, 0.037806, 0.0613071, 0.0822381, 0.0931761, 0.170879, 0.198094, 0.205064, 0.281497, 1, 

17,153,0.001, 0.00443249, 0.037806, 0.0613071, 0.0822381, 0.0931761, 0.3369, 0.998989, 1, 

Generation #16
18,143,0.001, 0.00443249, 0.037806, 0.0613071, 0.0822381, 0.26085, 0.3369, 0.205064, 0.281497, 1, 

19,103,0.001, 0.00443249, 0.037806, 0.0613071, 0.0822381, 0.0931761, 0.170879, 0.198094, 0.205064, 0.281497, 1, 

17,153,0.001, 0.00443249, 0.037806, 0.0613071, 0.0822381, 0.0931761, 0.3369, 0.998989, 1, 

Generation #17
18,143,0.001, 0.00443249, 0.037806, 0.0613071, 0.0822381, 0.26085, 0.3369, 0.205064, 0.281497, 1, 

19,103,0.001, 0.00443249, 0.037806, 0.0613071, 0.0822381, 0.0931761, 0.170879, 0.198094, 0.205064, 0.281497, 1, 

17,153,0.001, 0.00443249, 0.037806, 0.0613071, 0.0822381, 0.0931761, 0.3369, 0.998989, 1, 

16,252,0.001, 0.00443249, 0.037806, 0.0613071, 0.0822381, 0.0931761, 0.3369, 0.998989, 1, 

Generation #18
19,103,0.001, 0.00443249, 0.037806, 0.0613071, 0.0822381, 0.0931761, 0.170879, 0.198094, 0.205064, 0.281497, 1, 

17,153,0.001, 0.00443249, 0.037806, 0.0613071, 0.0822381, 0.0931761, 0.3369, 0.998989, 1, 

16,252,0.001, 0.00443249, 0.037806, 0.0613071, 0.0822381, 0.0931761, 0.3369, 0.998989, 1, 

18,130,0.001, 0.00443249, 0.037806, 0.0523586, 0.137122, 0.140365, 0.21887, 0.224388, 0.281497, 1, 

Generation #19
19,103,0.001, 0.00443249, 0.037806, 0.0613071, 0.0822381, 0.0931761, 0.170879, 0.198094, 0.205064, 0.281497, 1, 

17,153,0.001, 0.00443249, 0.037806, 0.0613071, 0.0822381, 0.0931761, 0.3369, 0.998989, 1, 

16,252,0.001, 0.00443249, 0.037806, 0.0613071, 0.0822381, 0.0931761, 0.3369, 0.998989, 1, 

18,130,0.001, 0.00443249, 0.037806, 0.0523586, 0.137122, 0.140365, 0.21887, 0.224388, 0.281497, 1, 

Generation #20
19,103,0.001, 0.00443249, 0.037806, 0.0613071, 0.0822381, 0.0931761, 0.170879, 0.198094, 0.205064, 0.281497, 1, 

17,153,0.001, 0.00443249, 0.037806, 0.0613071, 0.0822381, 0.0931761, 0.3369, 0.998989, 1, 

16,252,0.001, 0.00443249, 0.037806, 0.0613071, 0.0822381, 0.0931761, 0.3369, 0.998989, 1, 

18,130,0.001, 0.00443249, 0.037806, 0.0523586, 0.137122, 0.140365, 0.21887, 0.224388, 0.281497, 1, 

Generation #21
19,103,0.001, 0.00443249, 0.037806, 0.0613071, 0.0822381, 0.0931761, 0.170879, 0.198094, 0.205064, 0.281497, 1, 

16,252,0.001, 0.00443249, 0.037806, 0.0613071, 0.0822381, 0.0931761, 0.3369, 0.998989, 1, 

17,119,0.001, 0.00443249, 0.037806, 0.0613071, 0.0822381, 0.0931761, 0.170879, 0.599747, 0.377082, 1, 

Generation #22
19,103,0.001, 0.00443249, 0.037806, 0.0613071, 0.0822381, 0.0931761, 0.170879, 0.198094, 0.205064, 0.281497, 1, 

16,252,0.001, 0.00443249, 0.037806, 0.0613071, 0.0822381, 0.0931761, 0.3369, 0.998989, 1, 

17,119,0.001, 0.00443249, 0.037806, 0.0613071, 0.0822381, 0.0931761, 0.170879, 0.599747, 0.377082, 1, 

Generation #23
19,103,0.001, 0.00443249, 0.037806, 0.0613071, 0.0822381, 0.0931761, 0.170879, 0.198094, 0.205064, 0.281497, 1, 

16,252,0.001, 0.00443249, 0.037806, 0.0613071, 0.0822381, 0.0931761, 0.3369, 0.998989, 1, 

17,119,0.001, 0.00443249, 0.037806, 0.0613071, 0.0822381, 0.0931761, 0.170879, 0.599747, 0.377082, 1, 

Generation #24
19,103,0.001, 0.00443249, 0.037806, 0.0613071, 0.0822381, 0.0931761, 0.170879, 0.198094, 0.205064, 0.281497, 1, 

17,119,0.001, 0.00443249, 0.037806, 0.0613071, 0.0822381, 0.0931761, 0.170879, 0.599747, 0.377082, 1, 

16,165,0.001, 0.00443249, 0.037806, 0.0613071, 0.0822381, 0.0931761, 0.170879, 0.224388, 1, 

Generation #25
19,103,0.001, 0.00443249, 0.037806, 0.0613071, 0.0822381, 0.0931761, 0.170879, 0.198094, 0.205064, 0.281497, 1, 

17,119,0.001, 0.00443249, 0.037806, 0.0613071, 0.0822381, 0.0931761, 0.170879, 0.599747, 0.377082, 1, 

16,165,0.001, 0.00443249, 0.037806, 0.0613071, 0.0822381, 0.0931761, 0.170879, 0.224388, 1, 

Generation #26
19,103,0.001, 0.00443249, 0.037806, 0.0613071, 0.0822381, 0.0931761, 0.170879, 0.198094, 0.205064, 0.281497, 1, 

17,119,0.001, 0.00443249, 0.037806, 0.0613071, 0.0822381, 0.0931761, 0.170879, 0.599747, 0.377082, 1, 

16,165,0.001, 0.00443249, 0.037806, 0.0613071, 0.0822381, 0.0931761, 0.170879, 0.224388, 1, 

Generation #27
19,103,0.001, 0.00443249, 0.037806, 0.0613071, 0.0822381, 0.0931761, 0.170879, 0.198094, 0.205064, 0.281497, 1, 

17,119,0.001, 0.00443249, 0.037806, 0.0613071, 0.0822381, 0.0931761, 0.170879, 0.599747, 0.377082, 1, 

16,165,0.001, 0.00443249, 0.037806, 0.0613071, 0.0822381, 0.0931761, 0.170879, 0.224388, 1, 

Generation #28
17,119,0.001, 0.00443249, 0.037806, 0.0613071, 0.0822381, 0.0931761, 0.170879, 0.599747, 0.377082, 1, 

19,74,0.001, 0.00443249, 0.037806, 0.0613071, 0.0822381, 0.0931761, 0.3369, 0.998989, 0.377082, 0.756419, 1, 

16,146,0.001, 0.00443249, 0.037806, 0.0613071, 0.0822381, 0.0931761, 0.170879, 0.198094, 1, 

Generation #29
17,119,0.001, 0.00443249, 0.037806, 0.0613071, 0.0822381, 0.0931761, 0.170879, 0.599747, 0.377082, 1, 

19,74,0.001, 0.00443249, 0.037806, 0.0613071, 0.0822381, 0.0931761, 0.3369, 0.998989, 0.377082, 0.756419, 1, 

16,146,0.001, 0.00443249, 0.037806, 0.0613071, 0.0822381, 0.0931761, 0.170879, 0.198094, 1, 

Generation #30
17,119,0.001, 0.00443249, 0.037806, 0.0613071, 0.0822381, 0.0931761, 0.170879, 0.599747, 0.377082, 1, 

19,74,0.001, 0.00443249, 0.037806, 0.0613071, 0.0822381, 0.0931761, 0.3369, 0.998989, 0.377082, 0.756419, 1, 

16,146,0.001, 0.00443249, 0.037806, 0.0613071, 0.0822381, 0.0931761, 0.170879, 0.198094, 1, 

Generation #31
17,119,0.001, 0.00443249, 0.037806, 0.0613071, 0.0822381, 0.0931761, 0.170879, 0.599747, 0.377082, 1, 

19,74,0.001, 0.00443249, 0.037806, 0.0613071, 0.0822381, 0.0931761, 0.3369, 0.998989, 0.377082, 0.756419, 1, 

16,146,0.001, 0.00443249, 0.037806, 0.0613071, 0.0822381, 0.0931761, 0.170879, 0.198094, 1, 

Generation #32
17,119,0.001, 0.00443249, 0.037806, 0.0613071, 0.0822381, 0.0931761, 0.170879, 0.599747, 0.377082, 1, 

19,74,0.001, 0.00443249, 0.037806, 0.0613071, 0.0822381, 0.0931761, 0.3369, 0.998989, 0.377082, 0.756419, 1, 

16,146,0.001, 0.00443249, 0.037806, 0.0613071, 0.0822381, 0.0931761, 0.170879, 0.198094, 1, 

Generation #33
17,119,0.001, 0.00443249, 0.037806, 0.0613071, 0.0822381, 0.0931761, 0.170879, 0.599747, 0.377082, 1, 

19,74,0.001, 0.00443249, 0.037806, 0.0613071, 0.0822381, 0.0931761, 0.3369, 0.998989, 0.377082, 0.756419, 1, 

18,118,0.001, 0.00443249, 0.037806, 0.0523586, 0.137122, 0.140365, 0.21887, 0.224388, 0.281497, 1, 

16,125,0.001, 0.00443249, 0.037806, 0.0613071, 0.0822381, 0.0931761, 0.170879, 0.198094, 1, 

Generation #34
17,119,0.001, 0.00443249, 0.037806, 0.0613071, 0.0822381, 0.0931761, 0.170879, 0.599747, 0.377082, 1, 

19,74,0.001, 0.00443249, 0.037806, 0.0613071, 0.0822381, 0.0931761, 0.3369, 0.998989, 0.377082, 0.756419, 1, 

18,118,0.001, 0.00443249, 0.037806, 0.0523586, 0.137122, 0.140365, 0.21887, 0.224388, 0.281497, 1, 

16,125,0.001, 0.00443249, 0.037806, 0.0613071, 0.0822381, 0.0931761, 0.170879, 0.198094, 1, 

15,247,0.001, 0.00443249, 0.037806, 0.0613071, 0.0822381, 0.0931761, 0.198094, 1, 

Generation #35
17,119,0.001, 0.00443249, 0.037806, 0.0613071, 0.0822381, 0.0931761, 0.170879, 0.599747, 0.377082, 1, 

19,74,0.001, 0.00443249, 0.037806, 0.0613071, 0.0822381, 0.0931761, 0.3369, 0.998989, 0.377082, 0.756419, 1, 

18,118,0.001, 0.00443249, 0.037806, 0.0523586, 0.137122, 0.140365, 0.21887, 0.224388, 0.281497, 1, 

16,125,0.001, 0.00443249, 0.037806, 0.0613071, 0.0822381, 0.0931761, 0.170879, 0.198094, 1, 

15,247,0.001, 0.00443249, 0.037806, 0.0613071, 0.0822381, 0.0931761, 0.198094, 1, 

Generation #36
17,119,0.001, 0.00443249, 0.037806, 0.0613071, 0.0822381, 0.0931761, 0.170879, 0.599747, 0.377082, 1, 

19,74,0.001, 0.00443249, 0.037806, 0.0613071, 0.0822381, 0.0931761, 0.3369, 0.998989, 0.377082, 0.756419, 1, 

18,118,0.001, 0.00443249, 0.037806, 0.0523586, 0.137122, 0.140365, 0.21887, 0.224388, 0.281497, 1, 

16,125,0.001, 0.00443249, 0.037806, 0.0613071, 0.0822381, 0.0931761, 0.170879, 0.198094, 1, 

15,189,0.001, 0.00443249, 0.037806, 0.0613071, 0.0822381, 0.0931761, 0.3369, 1, 

Generation #37
17,119,0.001, 0.00443249, 0.037806, 0.0613071, 0.0822381, 0.0931761, 0.170879, 0.599747, 0.377082, 1, 

19,74,0.001, 0.00443249, 0.037806, 0.0613071, 0.0822381, 0.0931761, 0.3369, 0.998989, 0.377082, 0.756419, 1, 

18,118,0.001, 0.00443249, 0.037806, 0.0523586, 0.137122, 0.140365, 0.21887, 0.224388, 0.281497, 1, 

16,125,0.001, 0.00443249, 0.037806, 0.0613071, 0.0822381, 0.0931761, 0.170879, 0.198094, 1, 

15,189,0.001, 0.00443249, 0.037806, 0.0613071, 0.0822381, 0.0931761, 0.3369, 1, 

Generation #38
17,119,0.001, 0.00443249, 0.037806, 0.0613071, 0.0822381, 0.0931761, 0.170879, 0.599747, 0.377082, 1, 

19,74,0.001, 0.00443249, 0.037806, 0.0613071, 0.0822381, 0.0931761, 0.3369, 0.998989, 0.377082, 0.756419, 1, 

18,118,0.001, 0.00443249, 0.037806, 0.0523586, 0.137122, 0.140365, 0.21887, 0.224388, 0.281497, 1, 

16,125,0.001, 0.00443249, 0.037806, 0.0613071, 0.0822381, 0.0931761, 0.170879, 0.198094, 1, 

15,167,0.001, 0.00443249, 0.037806, 0.0613071, 0.0822381, 0.0931761, 1, 

Generation #39
17,119,0.001, 0.00443249, 0.037806, 0.0613071, 0.0822381, 0.0931761, 0.170879, 0.599747, 0.377082, 1, 

19,74,0.001, 0.00443249, 0.037806, 0.0613071, 0.0822381, 0.0931761, 0.3369, 0.998989, 0.377082, 0.756419, 1, 

18,118,0.001, 0.00443249, 0.037806, 0.0523586, 0.137122, 0.140365, 0.21887, 0.224388, 0.281497, 1, 

16,125,0.001, 0.00443249, 0.037806, 0.0613071, 0.0822381, 0.0931761, 0.170879, 0.198094, 1, 

15,167,0.001, 0.00443249, 0.037806, 0.0613071, 0.0822381, 0.0931761, 1, 

Generation #40
17,119,0.001, 0.00443249, 0.037806, 0.0613071, 0.0822381, 0.0931761, 0.170879, 0.599747, 0.377082, 1, 

19,74,0.001, 0.00443249, 0.037806, 0.0613071, 0.0822381, 0.0931761, 0.3369, 0.998989, 0.377082, 0.756419, 1, 

18,118,0.001, 0.00443249, 0.037806, 0.0523586, 0.137122, 0.140365, 0.21887, 0.224388, 0.281497, 1, 

16,125,0.001, 0.00443249, 0.037806, 0.0613071, 0.0822381, 0.0931761, 0.170879, 0.198094, 1, 

15,167,0.001, 0.00443249, 0.037806, 0.0613071, 0.0822381, 0.0931761, 1, 

Generation #41
17,119,0.001, 0.00443249, 0.037806, 0.0613071, 0.0822381, 0.0931761, 0.170879, 0.599747, 0.377082, 1, 

19,74,0.001, 0.00443249, 0.037806, 0.0613071, 0.0822381, 0.0931761, 0.3369, 0.998989, 0.377082, 0.756419, 1, 

18,118,0.001, 0.00443249, 0.037806, 0.0523586, 0.137122, 0.140365, 0.21887, 0.224388, 0.281497, 1, 

16,125,0.001, 0.00443249, 0.037806, 0.0613071, 0.0822381, 0.0931761, 0.170879, 0.198094, 1, 

15,167,0.001, 0.00443249, 0.037806, 0.0613071, 0.0822381, 0.0931761, 1, 

Generation #42
19,74,0.001, 0.00443249, 0.037806, 0.0613071, 0.0822381, 0.0931761, 0.3369, 0.998989, 0.377082, 0.756419, 1, 

16,125,0.001, 0.00443249, 0.037806, 0.0613071, 0.0822381, 0.0931761, 0.170879, 0.198094, 1, 

15,167,0.001, 0.00443249, 0.037806, 0.0613071, 0.0822381, 0.0931761, 1, 

17,118,0.001, 0.00945742, 0.037806, 0.0613071, 0.0822381, 0.0931761, 0.3369, 0.198094, 1, 

Generation #43
19,74,0.001, 0.00443249, 0.037806, 0.0613071, 0.0822381, 0.0931761, 0.3369, 0.998989, 0.377082, 0.756419, 1, 

16,125,0.001, 0.00443249, 0.037806, 0.0613071, 0.0822381, 0.0931761, 0.170879, 0.198094, 1, 

15,167,0.001, 0.00443249, 0.037806, 0.0613071, 0.0822381, 0.0931761, 1, 

17,118,0.001, 0.00945742, 0.037806, 0.0613071, 0.0822381, 0.0931761, 0.3369, 0.198094, 1, 

Generation #44
19,74,0.001, 0.00443249, 0.037806, 0.0613071, 0.0822381, 0.0931761, 0.3369, 0.998989, 0.377082, 0.756419, 1, 

15,167,0.001, 0.00443249, 0.037806, 0.0613071, 0.0822381, 0.0931761, 1, 

17,118,0.001, 0.00945742, 0.037806, 0.0613071, 0.0822381, 0.0931761, 0.3369, 0.198094, 1, 

16,120,0.001, 0.00443249, 0.037806, 0.0613071, 0.0822381, 0.0931761, 0.198094, 1, 

Generation #45
19,74,0.001, 0.00443249, 0.037806, 0.0613071, 0.0822381, 0.0931761, 0.3369, 0.998989, 0.377082, 0.756419, 1, 

17,118,0.001, 0.00945742, 0.037806, 0.0613071, 0.0822381, 0.0931761, 0.3369, 0.198094, 1, 

16,120,0.001, 0.00443249, 0.037806, 0.0613071, 0.0822381, 0.0931761, 0.198094, 1, 

15,164,0.001, 0.00443249, 0.037806, 0.0613071, 0.0822381, 0.0931761, 0.198094, 1, 

18,117,0.001, 0.00443249, 0.037806, 0.0613071, 0.0822381, 0.0931761, 0.170879, 0.198094, 1, 

Generation #46
19,74,0.001, 0.00443249, 0.037806, 0.0613071, 0.0822381, 0.0931761, 0.3369, 0.998989, 0.377082, 0.756419, 1, 

17,118,0.001, 0.00945742, 0.037806, 0.0613071, 0.0822381, 0.0931761, 0.3369, 0.198094, 1, 

16,120,0.001, 0.00443249, 0.037806, 0.0613071, 0.0822381, 0.0931761, 0.198094, 1, 

15,164,0.001, 0.00443249, 0.037806, 0.0613071, 0.0822381, 0.0931761, 0.198094, 1, 

18,112,0.001, 0.00443249, 0.037806, 0.0613071, 0.0822381, 0.0931761, 0.140284, 0.147629, 0.205064, 1, 

Generation #47
19,74,0.001, 0.00443249, 0.037806, 0.0613071, 0.0822381, 0.0931761, 0.3369, 0.998989, 0.377082, 0.756419, 1, 

17,118,0.001, 0.00945742, 0.037806, 0.0613071, 0.0822381, 0.0931761, 0.3369, 0.198094, 1, 

16,120,0.001, 0.00443249, 0.037806, 0.0613071, 0.0822381, 0.0931761, 0.198094, 1, 

15,164,0.001, 0.00443249, 0.037806, 0.0613071, 0.0822381, 0.0931761, 0.198094, 1, 

18,112,0.001, 0.00443249, 0.037806, 0.0613071, 0.0822381, 0.0931761, 0.140284, 0.147629, 0.205064, 1, 

Generation #48
19,74,0.001, 0.00443249, 0.037806, 0.0613071, 0.0822381, 0.0931761, 0.3369, 0.998989, 0.377082, 0.756419, 1, 

17,118,0.001, 0.00945742, 0.037806, 0.0613071, 0.0822381, 0.0931761, 0.3369, 0.198094, 1, 

16,120,0.001, 0.00443249, 0.037806, 0.0613071, 0.0822381, 0.0931761, 0.198094, 1, 

15,164,0.001, 0.00443249, 0.037806, 0.0613071, 0.0822381, 0.0931761, 0.198094, 1, 

18,112,0.001, 0.00443249, 0.037806, 0.0613071, 0.0822381, 0.0931761, 0.140284, 0.147629, 0.205064, 1, 

14,380,0.001, 0.00443249, 0.0613071, 0.0822381, 1, 

Generation #49
19,74,0.001, 0.00443249, 0.037806, 0.0613071, 0.0822381, 0.0931761, 0.3369, 0.998989, 0.377082, 0.756419, 1, 

17,118,0.001, 0.00945742, 0.037806, 0.0613071, 0.0822381, 0.0931761, 0.3369, 0.198094, 1, 

16,120,0.001, 0.00443249, 0.037806, 0.0613071, 0.0822381, 0.0931761, 0.198094, 1, 

15,164,0.001, 0.00443249, 0.037806, 0.0613071, 0.0822381, 0.0931761, 0.198094, 1, 

18,112,0.001, 0.00443249, 0.037806, 0.0613071, 0.0822381, 0.0931761, 0.140284, 0.147629, 0.205064, 1, 

14,380,0.001, 0.00443249, 0.0613071, 0.0822381, 1, 

--- Pareto Front Solutions ---
Solution 0: N total=47 (N_initial=28, N_added=19), Time total=82 ms, Saved to: ./results/2^30_t2_l4_pareto_0.csv, percents=0.001, 0.00443249, 0.037806, 0.0613071, 0.0822381, 0.0931761, 0.3369, 0.998989, 0.377082, 0.756419, 1, 

Solution 1: N total=45 (N_initial=28, N_added=17), Time total=126 ms, Saved to: ./results/2^30_t2_l4_pareto_1.csv, percents=0.001, 0.00945742, 0.037806, 0.0613071, 0.0822381, 0.0931761, 0.3369, 0.198094, 1, 

Solution 2: N total=44 (N_initial=28, N_added=16), Time total=128 ms, Saved to: ./results/2^30_t2_l4_pareto_2.csv, percents=0.001, 0.00443249, 0.037806, 0.0613071, 0.0822381, 0.0931761, 0.198094, 1, 

Solution 3: N total=43 (N_initial=28, N_added=15), Time total=172 ms, Saved to: ./results/2^30_t2_l4_pareto_3.csv, percents=0.001, 0.00443249, 0.037806, 0.0613071, 0.0822381, 0.0931761, 0.198094, 1, 

Solution 4: N total=46 (N_initial=28, N_added=18), Time total=120 ms, Saved to: ./results/2^30_t2_l4_pareto_4.csv, percents=0.001, 0.00443249, 0.037806, 0.0613071, 0.0822381, 0.0931761, 0.140284, 0.147629, 0.205064, 1, 

Solution 5: N total=42 (N_initial=28, N_added=14), Time total=388 ms, Saved to: ./results/2^30_t2_l4_pareto_5.csv, percents=0.001, 0.00443249, 0.0613071, 0.0822381, 1, 

