------------d=1, t=2, lambda=1, filename=./evaluation/2^30-t2_l1.csv------------
Grouping d-sets by partitioned row counts for detecting arrays...
Ready to look at pairs for detecting arrays...
First Stage N=12, Time=4
There are 6989 remaining non-locating pairs
--- Running GA Algorithm (phase2) ---
Running GA with std::execution::par
Generation #0
19,707,0.001, 0.139605, 0.219523, 0.33745, 0.371203, 0.465486, 0.467519, 0.710549, 0.845754, 0.979017, 1, 

21,620,0.001, 0.0930755, 0.117456, 0.246838, 0.266876, 0.268594, 0.459387, 0.461979, 0.480012, 0.650595, 0.662716, 0.705202, 0.789084, 1, 

23,347,0.001, 0.0537338, 0.106666, 0.111303, 0.348809, 0.39629, 0.452333, 0.476821, 0.529451, 0.635177, 0.648952, 0.726148, 0.943837, 0.951523, 1, 

20,663,0.001, 0.0970704, 0.133815, 0.193307, 0.314824, 0.330009, 0.392028, 0.397921, 0.422169, 0.783244, 0.803073, 0.930679, 1, 

25,218,0.001, 0.0141455, 0.0218816, 0.0456565, 0.126535, 0.171676, 0.223503, 0.360442, 0.365705, 0.45636, 0.479251, 0.508095, 0.573131, 0.69156, 0.698453, 0.828251, 0.841254, 0.951562, 1, 

18,739,0.001, 0.114574, 0.207754, 0.488192, 0.608378, 0.656133, 0.80047, 0.927298, 0.950905, 0.999048, 1, 

22,551,0.001, 0.0498482, 0.216652, 0.249468, 0.280081, 0.356849, 0.456092, 0.578588, 0.814896, 0.815772, 0.872318, 0.886671, 0.887786, 1, 

Generation #1
18,70,0.001, 0.0141455, 0.0218816, 0.0456565, 0.126535, 0.171676, 0.444051, 0.643865, 0.749881, 0.83435, 0.852734, 1, 

Generation #2
18,70,0.001, 0.0141455, 0.0218816, 0.0456565, 0.126535, 0.171676, 0.444051, 0.643865, 0.749881, 0.83435, 0.852734, 1, 

17,103,0.001, 0.00563984, 0.0472926, 0.0698625, 0.0751163, 0.198198, 0.226628, 0.274555, 0.913058, 0.939807, 1, 

Generation #3
15,112,0.001, 0.00749773, 0.0702306, 0.105083, 0.274594, 0.306062, 0.341232, 0.378361, 0.404308, 1, 

16,67,0.001, 0.0234395, 0.0390873, 0.0460126, 0.10239, 0.111185, 0.134715, 0.905804, 0.346068, 0.939807, 1, 

Generation #4
16,67,0.001, 0.0234395, 0.0390873, 0.0460126, 0.10239, 0.111185, 0.134715, 0.905804, 0.346068, 0.939807, 1, 

15,79,0.001, 0.000279914, 0.0234395, 0.0390873, 0.0460126, 0.10239, 0.49993, 0.913058, 0.939807, 1, 

Generation #5
16,67,0.001, 0.0234395, 0.0390873, 0.0460126, 0.10239, 0.111185, 0.134715, 0.905804, 0.346068, 0.939807, 1, 

15,79,0.001, 0.000279914, 0.0234395, 0.0390873, 0.0460126, 0.10239, 0.49993, 0.913058, 0.939807, 1, 

Generation #6
16,67,0.001, 0.0234395, 0.0390873, 0.0460126, 0.10239, 0.111185, 0.134715, 0.905804, 0.346068, 0.939807, 1, 

15,79,0.001, 0.000279914, 0.0234395, 0.0390873, 0.0460126, 0.10239, 0.49993, 0.913058, 0.939807, 1, 

Generation #7
16,67,0.001, 0.0234395, 0.0390873, 0.0460126, 0.10239, 0.111185, 0.134715, 0.905804, 0.346068, 0.939807, 1, 

15,79,0.001, 0.000279914, 0.0234395, 0.0390873, 0.0460126, 0.10239, 0.49993, 0.913058, 0.939807, 1, 

Generation #8
16,67,0.001, 0.0234395, 0.0390873, 0.0460126, 0.10239, 0.111185, 0.134715, 0.905804, 0.346068, 0.939807, 1, 

15,79,0.001, 0.000279914, 0.0234395, 0.0390873, 0.0460126, 0.10239, 0.49993, 0.913058, 0.939807, 1, 

Generation #9
16,67,0.001, 0.0234395, 0.0390873, 0.0460126, 0.10239, 0.111185, 0.134715, 0.905804, 0.346068, 0.939807, 1, 

15,79,0.001, 0.000279914, 0.0234395, 0.0390873, 0.0460126, 0.10239, 0.49993, 0.913058, 0.939807, 1, 

Generation #10
16,67,0.001, 0.0234395, 0.0390873, 0.0460126, 0.10239, 0.111185, 0.134715, 0.905804, 0.346068, 0.939807, 1, 

15,79,0.001, 0.000279914, 0.0234395, 0.0390873, 0.0460126, 0.10239, 0.49993, 0.913058, 0.939807, 1, 

14,250,0.001, 0.000279914, 0.0234395, 0.0513067, 0.441845, 0.134715, 0.905804, 0.939807, 1, 

Generation #11
16,67,0.001, 0.0234395, 0.0390873, 0.0460126, 0.10239, 0.111185, 0.134715, 0.905804, 0.346068, 0.939807, 1, 

14,250,0.001, 0.000279914, 0.0234395, 0.0513067, 0.441845, 0.134715, 0.905804, 0.939807, 1, 

17,62,0.001, 0.0141455, 0.0218816, 0.0456565, 0.10239, 0.198198, 0.226628, 0.274555, 0.301448, 0.83435, 0.852734, 1, 

15,72,0.001, 0.016831, 0.0528152, 0.0698625, 0.110065, 0.137015, 0.134715, 0.17776, 0.247358, 1, 

Generation #12
14,250,0.001, 0.000279914, 0.0234395, 0.0513067, 0.441845, 0.134715, 0.905804, 0.939807, 1, 

17,62,0.001, 0.0141455, 0.0218816, 0.0456565, 0.10239, 0.198198, 0.226628, 0.274555, 0.301448, 0.83435, 0.852734, 1, 

27,59,0.001, 0.00563984, 0.0234395, 0.0698625, 0.0751163, 0.403896, 0.198198, 0.226628, 0.274555, 0.301448, 0.330416, 0.482314, 0.608711, 0.629831, 0.648283, 0.693314, 0.753794, 0.76718, 0.888482, 0.910419, 0.911522, 1, 

15,64,0.001, 0.0141455, 0.0218816, 0.0698625, 0.0751163, 0.198198, 0.226628, 0.274555, 0.939807, 1, 

Generation #13
14,250,0.001, 0.000279914, 0.0234395, 0.0513067, 0.441845, 0.134715, 0.905804, 0.939807, 1, 

27,59,0.001, 0.00563984, 0.0234395, 0.0698625, 0.0751163, 0.403896, 0.198198, 0.226628, 0.274555, 0.301448, 0.330416, 0.482314, 0.608711, 0.629831, 0.648283, 0.693314, 0.753794, 0.76718, 0.888482, 0.910419, 0.911522, 1, 

15,64,0.001, 0.0141455, 0.0218816, 0.0698625, 0.0751163, 0.198198, 0.226628, 0.274555, 0.939807, 1, 

16,61,0.001, 0.0141455, 0.0218816, 0.0698625, 0.0751163, 0.198198, 0.226628, 0.274555, 0.913058, 1, 

Generation #14
14,55,0.001, 0.0141455, 0.0218816, 0.0751163, 0.198198, 0.226628, 0.274555, 0.913058, 1, 

Generation #15
14,55,0.001, 0.0141455, 0.0218816, 0.0751163, 0.198198, 0.226628, 0.274555, 0.913058, 1, 

Generation #16
14,55,0.001, 0.0141455, 0.0218816, 0.0751163, 0.198198, 0.226628, 0.274555, 0.913058, 1, 

15,39,0.001, 0.00563984, 0.0218816, 0.0456565, 0.10239, 0.198198, 0.159559, 0.187127, 0.248876, 1, 

Generation #17
14,55,0.001, 0.0141455, 0.0218816, 0.0751163, 0.198198, 0.226628, 0.274555, 0.913058, 1, 

15,39,0.001, 0.00563984, 0.0218816, 0.0456565, 0.10239, 0.198198, 0.159559, 0.187127, 0.248876, 1, 

Generation #18
14,55,0.001, 0.0141455, 0.0218816, 0.0751163, 0.198198, 0.226628, 0.274555, 0.913058, 1, 

15,39,0.001, 0.00563984, 0.0218816, 0.0456565, 0.10239, 0.198198, 0.159559, 0.187127, 0.248876, 1, 

Generation #19
14,55,0.001, 0.0141455, 0.0218816, 0.0751163, 0.198198, 0.226628, 0.274555, 0.913058, 1, 

15,39,0.001, 0.00563984, 0.0218816, 0.0456565, 0.10239, 0.198198, 0.159559, 0.187127, 0.248876, 1, 

Generation #20
14,55,0.001, 0.0141455, 0.0218816, 0.0751163, 0.198198, 0.226628, 0.274555, 0.913058, 1, 

15,39,0.001, 0.00563984, 0.0218816, 0.0456565, 0.10239, 0.198198, 0.159559, 0.187127, 0.248876, 1, 

13,65,0.001, 0.0141455, 0.0218816, 0.0456565, 0.10239, 0.111185, 0.134715, 0.274555, 1, 

Generation #21
14,55,0.001, 0.0141455, 0.0218816, 0.0751163, 0.198198, 0.226628, 0.274555, 0.913058, 1, 

15,39,0.001, 0.00563984, 0.0218816, 0.0456565, 0.10239, 0.198198, 0.159559, 0.187127, 0.248876, 1, 

13,65,0.001, 0.0141455, 0.0218816, 0.0456565, 0.10239, 0.111185, 0.134715, 0.274555, 1, 

Generation #22
14,55,0.001, 0.0141455, 0.0218816, 0.0751163, 0.198198, 0.226628, 0.274555, 0.913058, 1, 

15,39,0.001, 0.00563984, 0.0218816, 0.0456565, 0.10239, 0.198198, 0.159559, 0.187127, 0.248876, 1, 

13,65,0.001, 0.0141455, 0.0218816, 0.0456565, 0.10239, 0.111185, 0.134715, 0.274555, 1, 

Generation #23
15,39,0.001, 0.00563984, 0.0218816, 0.0456565, 0.10239, 0.198198, 0.159559, 0.187127, 0.248876, 1, 

13,65,0.001, 0.0141455, 0.0218816, 0.0456565, 0.10239, 0.111185, 0.134715, 0.274555, 1, 

14,47,0.001, 0.00563984, 0.0218816, 0.0460126, 0.10239, 0.111185, 0.134715, 0.274555, 1, 

Generation #24
15,39,0.001, 0.00563984, 0.0218816, 0.0456565, 0.10239, 0.198198, 0.159559, 0.187127, 0.248876, 1, 

13,65,0.001, 0.0141455, 0.0218816, 0.0456565, 0.10239, 0.111185, 0.134715, 0.274555, 1, 

14,47,0.001, 0.00563984, 0.0218816, 0.0460126, 0.10239, 0.111185, 0.134715, 0.274555, 1, 

Generation #25
15,39,0.001, 0.00563984, 0.0218816, 0.0456565, 0.10239, 0.198198, 0.159559, 0.187127, 0.248876, 1, 

13,65,0.001, 0.0141455, 0.0218816, 0.0456565, 0.10239, 0.111185, 0.134715, 0.274555, 1, 

14,47,0.001, 0.00563984, 0.0218816, 0.0460126, 0.10239, 0.111185, 0.134715, 0.274555, 1, 

Generation #26
15,39,0.001, 0.00563984, 0.0218816, 0.0456565, 0.10239, 0.198198, 0.159559, 0.187127, 0.248876, 1, 

13,65,0.001, 0.0141455, 0.0218816, 0.0456565, 0.10239, 0.111185, 0.134715, 0.274555, 1, 

14,47,0.001, 0.00563984, 0.0218816, 0.0460126, 0.10239, 0.111185, 0.134715, 0.274555, 1, 

Generation #27
13,37,0.001, 0.00563984, 0.0218816, 0.0456565, 0.10239, 0.111185, 0.274555, 1, 

Generation #28
13,37,0.001, 0.00563984, 0.0218816, 0.0456565, 0.10239, 0.111185, 0.274555, 1, 

Generation #29
13,37,0.001, 0.00563984, 0.0218816, 0.0456565, 0.10239, 0.111185, 0.274555, 1, 

Generation #30
13,37,0.001, 0.00563984, 0.0218816, 0.0456565, 0.10239, 0.111185, 0.274555, 1, 

Generation #31
13,37,0.001, 0.00563984, 0.0218816, 0.0456565, 0.10239, 0.111185, 0.274555, 1, 

Generation #32
13,37,0.001, 0.00563984, 0.0218816, 0.0456565, 0.10239, 0.111185, 0.274555, 1, 

Generation #33
13,32,0.001, 0.00563984, 0.0218816, 0.0456565, 0.10239, 0.134715, 0.643865, 1, 

Generation #34
13,32,0.001, 0.00563984, 0.0218816, 0.0456565, 0.10239, 0.134715, 0.643865, 1, 

Generation #35
13,32,0.001, 0.00563984, 0.0218816, 0.0456565, 0.10239, 0.134715, 0.643865, 1, 

Generation #36
13,32,0.001, 0.00563984, 0.0218816, 0.0456565, 0.10239, 0.134715, 0.643865, 1, 

Generation #37
13,32,0.001, 0.00563984, 0.0218816, 0.0456565, 0.10239, 0.134715, 0.643865, 1, 

Generation #38
13,32,0.001, 0.00563984, 0.0218816, 0.0456565, 0.10239, 0.134715, 0.643865, 1, 

Generation #39
13,32,0.001, 0.00563984, 0.0218816, 0.0456565, 0.10239, 0.134715, 0.643865, 1, 

Generation #40
13,32,0.001, 0.00563984, 0.0218816, 0.0456565, 0.10239, 0.134715, 0.643865, 1, 

Generation #41
13,32,0.001, 0.00563984, 0.0218816, 0.0456565, 0.10239, 0.134715, 0.643865, 1, 

12,87,0.001, 0.00563984, 0.0218816, 0.0456565, 0.10239, 0.111185, 0.274555, 1, 

Generation #42
13,32,0.001, 0.00563984, 0.0218816, 0.0456565, 0.10239, 0.134715, 0.643865, 1, 

12,87,0.001, 0.00563984, 0.0218816, 0.0456565, 0.10239, 0.111185, 0.274555, 1, 

Generation #43
13,32,0.001, 0.00563984, 0.0218816, 0.0456565, 0.10239, 0.134715, 0.643865, 1, 

12,64,0.001, 0.00563984, 0.0218816, 0.0456565, 0.10239, 0.274555, 1, 

Generation #44
13,32,0.001, 0.00563984, 0.0218816, 0.0456565, 0.10239, 0.134715, 0.643865, 1, 

12,64,0.001, 0.00563984, 0.0218816, 0.0456565, 0.10239, 0.274555, 1, 

Generation #45
13,32,0.001, 0.00563984, 0.0218816, 0.0456565, 0.10239, 0.134715, 0.643865, 1, 

12,64,0.001, 0.00563984, 0.0218816, 0.0456565, 0.10239, 0.274555, 1, 

Generation #46
13,32,0.001, 0.00563984, 0.0218816, 0.0456565, 0.10239, 0.134715, 0.643865, 1, 

12,39,0.001, 0.00563984, 0.0218816, 0.0456565, 0.10239, 0.134715, 0.643865, 1, 

Generation #47
13,32,0.001, 0.00563984, 0.0218816, 0.0456565, 0.10239, 0.134715, 0.643865, 1, 

12,39,0.001, 0.00563984, 0.0218816, 0.0456565, 0.10239, 0.134715, 0.643865, 1, 

Generation #48
13,32,0.001, 0.00563984, 0.0218816, 0.0456565, 0.10239, 0.134715, 0.643865, 1, 

12,39,0.001, 0.00563984, 0.0218816, 0.0456565, 0.10239, 0.134715, 0.643865, 1, 

Generation #49
13,32,0.001, 0.00563984, 0.0218816, 0.0456565, 0.10239, 0.134715, 0.643865, 1, 

12,39,0.001, 0.00563984, 0.0218816, 0.0456565, 0.10239, 0.134715, 0.643865, 1, 

--- Pareto Front Solutions ---
Solution 0: N total=25 (N_initial=12, N_added=13), Time total=36 ms, Saved to: ./results/2^30_t2_l1_pareto_0.csv, percents=0.001, 0.00563984, 0.0218816, 0.0456565, 0.10239, 0.134715, 0.643865, 1, 

Solution 1: N total=24 (N_initial=12, N_added=12), Time total=43 ms, Saved to: ./results/2^30_t2_l1_pareto_1.csv, percents=0.001, 0.00563984, 0.0218816, 0.0456565, 0.10239, 0.134715, 0.643865, 1, 

------------d=1, t=2, lambda=2, filename=./evaluation/2^30-t2_l2.csv------------
Grouping d-sets by partitioned row counts for detecting arrays...
Ready to look at pairs for detecting arrays...
First Stage N=18, Time=4
There are 10537 remaining non-locating pairs
--- Running GA Algorithm (phase2) ---
Running GA with std::execution::par
Generation #0
24,433,0.001, 0.0567231, 0.157975, 0.209237, 0.324906, 0.331471, 0.543982, 0.752908, 0.763323, 0.813786, 0.947635, 0.973659, 0.98849, 0.992661, 1, 

37,224,0.001, 0.0208352, 0.0252768, 0.034115, 0.0372382, 0.0507448, 0.0669521, 0.126676, 0.197924, 0.24179, 0.245728, 0.258628, 0.302108, 0.44291, 0.453726, 0.467932, 0.500402, 0.608784, 0.661719, 0.733619, 0.744127, 0.744202, 0.79441, 0.804047, 0.805375, 0.811126, 0.907634, 0.968429, 1, 

25,247,0.001, 0.0085669, 0.0234088, 0.0616311, 0.0942543, 0.11914, 0.164658, 0.308373, 0.321255, 0.35091, 0.455966, 0.520609, 0.534029, 0.786532, 0.826183, 0.926124, 0.951779, 1, 

18,526,0.001, 0.0721213, 0.136507, 0.142341, 0.277639, 0.303076, 0.354295, 0.40476, 0.571046, 0.910796, 1, 

Generation #1
25,247,0.001, 0.0085669, 0.0234088, 0.0616311, 0.0942543, 0.11914, 0.164658, 0.308373, 0.321255, 0.35091, 0.455966, 0.520609, 0.534029, 0.786532, 0.826183, 0.926124, 0.951779, 1, 

26,232,0.001, 0.0421493, 0.0457997, 0.233377, 0.249586, 0.329454, 0.358368, 0.453524, 0.575925, 0.607132, 0.702561, 0.788971, 0.406651, 0.807674, 0.811031, 0.867458, 0.872936, 1, 

27,130,0.001, 0.0085669, 0.0234088, 0.0616311, 0.0942543, 0.11914, 0.164658, 0.308373, 0.321255, 0.35091, 0.455966, 0.520609, 0.534029, 0.786532, 0.811109, 0.867563, 0.932753, 1, 

35,108,0.001, 0.0085669, 0.0234088, 0.0616311, 0.0942543, 0.11914, 0.164658, 0.308373, 0.321255, 0.35091, 0.455966, 0.520609, 0.534029, 0.44291, 0.453726, 0.467932, 0.500402, 0.608784, 0.661719, 0.733619, 0.744127, 0.744202, 0.79441, 0.804047, 0.805375, 0.811126, 0.907634, 0.968429, 1, 

20,253,0.001, 0.0421493, 0.0457997, 0.233377, 0.249586, 0.329454, 0.358368, 0.453524, 0.575925, 0.864654, 0.877485, 0.927626, 1, 

19,391,0.001, 0.0559475, 0.144118, 0.181071, 0.200862, 0.210391, 0.248432, 0.280739, 0.332015, 0.910796, 1, 

18,501,0.001, 0.0759937, 0.207057, 0.389518, 0.409318, 0.493597, 0.767058, 0.868834, 0.976617, 1, 

Generation #2
20,253,0.001, 0.0421493, 0.0457997, 0.233377, 0.249586, 0.329454, 0.358368, 0.453524, 0.575925, 0.864654, 0.877485, 0.927626, 1, 

18,432,0.001, 0.06662, 0.0892255, 0.112154, 0.204831, 0.780832, 0.961482, 0.986938, 0.989361, 1, 

17,438,0.001, 0.0541462, 0.297802, 0.324319, 0.630181, 0.631714, 0.986938, 0.989361, 1, 

37,94,0.001, 0.0085669, 0.0234088, 0.0616311, 0.0942543, 0.11914, 0.164658, 0.308373, 0.321255, 0.35091, 0.455966, 0.520609, 0.534029, 0.44291, 0.453726, 0.467932, 0.500402, 0.608784, 0.661719, 0.733619, 0.744127, 0.744202, 0.79441, 0.804047, 0.805375, 0.811126, 0.907634, 0.968429, 1, 

19,307,0.001, 0.0360834, 0.0434521, 0.131519, 0.148371, 0.29722, 0.323318, 0.351198, 0.485277, 0.900589, 1, 

25,105,0.001, 0.0085669, 0.0234088, 0.0616311, 0.0942543, 0.11914, 0.164658, 0.308373, 0.321255, 0.35091, 0.455966, 0.520609, 0.534029, 0.786532, 0.826183, 0.926124, 0.951779, 1, 

Generation #3
17,414,0.001, 0.06662, 0.0892255, 0.112154, 0.204831, 0.227107, 0.961482, 0.986938, 0.989361, 1, 

20,80,0.001, 0.0085669, 0.0234088, 0.0616311, 0.0942543, 0.11914, 0.164658, 0.308373, 0.321255, 0.35091, 0.455966, 0.97668, 1, 

18,360,0.001, 0.0611954, 0.0888713, 0.106434, 0.161701, 0.189738, 0.194979, 0.23778, 0.910796, 1, 

19,89,0.001, 0.0085669, 0.0234088, 0.0616311, 0.0942543, 0.11914, 0.164658, 0.308373, 0.645195, 0.677587, 0.7359, 0.927626, 1, 

Generation #4
20,80,0.001, 0.0085669, 0.0234088, 0.0616311, 0.0942543, 0.11914, 0.164658, 0.308373, 0.321255, 0.35091, 0.455966, 0.97668, 1, 

19,89,0.001, 0.0085669, 0.0234088, 0.0616311, 0.0942543, 0.11914, 0.164658, 0.308373, 0.645195, 0.677587, 0.7359, 0.927626, 1, 

17,119,0.001, 0.0085669, 0.0234088, 0.0616311, 0.0942543, 0.104583, 0.11914, 0.164658, 0.308373, 1, 

Generation #5
15,68,0.001, 0.0085669, 0.0234088, 0.0616311, 0.0942543, 0.164658, 0.308373, 0.321255, 1, 

Generation #6
15,68,0.001, 0.0085669, 0.0234088, 0.0616311, 0.0942543, 0.164658, 0.308373, 0.321255, 1, 

Generation #7
15,68,0.001, 0.0085669, 0.0234088, 0.0616311, 0.0942543, 0.164658, 0.308373, 0.321255, 1, 

Generation #8
15,68,0.001, 0.0085669, 0.0234088, 0.0616311, 0.0942543, 0.164658, 0.308373, 0.321255, 1, 

Generation #9
15,68,0.001, 0.0085669, 0.0234088, 0.0616311, 0.0942543, 0.164658, 0.308373, 0.321255, 1, 

Generation #10
15,68,0.001, 0.0085669, 0.0234088, 0.0616311, 0.0942543, 0.164658, 0.308373, 0.321255, 1, 

Generation #11
15,68,0.001, 0.0085669, 0.0234088, 0.0616311, 0.0942543, 0.164658, 0.308373, 0.321255, 1, 

Generation #12
15,68,0.001, 0.0085669, 0.0234088, 0.0616311, 0.0942543, 0.164658, 0.308373, 0.321255, 1, 

Generation #13
15,68,0.001, 0.0085669, 0.0234088, 0.0616311, 0.0942543, 0.164658, 0.308373, 0.321255, 1, 

14,122,0.001, 0.0085669, 0.0234088, 0.0616311, 0.0942543, 0.377917, 1, 

Generation #14
15,68,0.001, 0.0085669, 0.0234088, 0.0616311, 0.0942543, 0.164658, 0.308373, 0.321255, 1, 

14,122,0.001, 0.0085669, 0.0234088, 0.0616311, 0.0942543, 0.377917, 1, 

Generation #15
15,68,0.001, 0.0085669, 0.0234088, 0.0616311, 0.0942543, 0.164658, 0.308373, 0.321255, 1, 

14,97,0.001, 0.0085669, 0.0234088, 0.0616311, 0.0942543, 0.11914, 0.308373, 1, 

Generation #16
15,68,0.001, 0.0085669, 0.0234088, 0.0616311, 0.0942543, 0.164658, 0.308373, 0.321255, 1, 

14,97,0.001, 0.0085669, 0.0234088, 0.0616311, 0.0942543, 0.11914, 0.308373, 1, 

Generation #17
15,68,0.001, 0.0085669, 0.0234088, 0.0616311, 0.0942543, 0.164658, 0.308373, 0.321255, 1, 

14,97,0.001, 0.0085669, 0.0234088, 0.0616311, 0.0942543, 0.11914, 0.308373, 1, 

Generation #18
15,68,0.001, 0.0085669, 0.0234088, 0.0616311, 0.0942543, 0.164658, 0.308373, 0.321255, 1, 

14,97,0.001, 0.0085669, 0.0234088, 0.0616311, 0.0942543, 0.11914, 0.308373, 1, 

16,64,0.001, 0.0085669, 0.0234088, 0.0616311, 0.0942543, 0.104583, 0.194979, 0.23778, 0.910796, 1, 

Generation #19
15,68,0.001, 0.0085669, 0.0234088, 0.0616311, 0.0942543, 0.164658, 0.308373, 0.321255, 1, 

14,97,0.001, 0.0085669, 0.0234088, 0.0616311, 0.0942543, 0.11914, 0.308373, 1, 

16,64,0.001, 0.0085669, 0.0234088, 0.0616311, 0.0942543, 0.104583, 0.194979, 0.23778, 0.910796, 1, 

13,145,0.001, 0.0085669, 0.0234088, 0.0616311, 0.0942543, 1, 

Generation #20
15,68,0.001, 0.0085669, 0.0234088, 0.0616311, 0.0942543, 0.164658, 0.308373, 0.321255, 1, 

14,97,0.001, 0.0085669, 0.0234088, 0.0616311, 0.0942543, 0.11914, 0.308373, 1, 

16,64,0.001, 0.0085669, 0.0234088, 0.0616311, 0.0942543, 0.104583, 0.194979, 0.23778, 0.910796, 1, 

13,145,0.001, 0.0085669, 0.0234088, 0.0616311, 0.0942543, 1, 

Generation #21
15,68,0.001, 0.0085669, 0.0234088, 0.0616311, 0.0942543, 0.164658, 0.308373, 0.321255, 1, 

16,64,0.001, 0.0085669, 0.0234088, 0.0616311, 0.0942543, 0.104583, 0.194979, 0.23778, 0.910796, 1, 

13,145,0.001, 0.0085669, 0.0234088, 0.0616311, 0.0942543, 1, 

14,91,0.001, 0.0085669, 0.0234088, 0.0616311, 0.0942543, 0.377917, 1, 

Generation #22
15,68,0.001, 0.0085669, 0.0234088, 0.0616311, 0.0942543, 0.164658, 0.308373, 0.321255, 1, 

16,64,0.001, 0.0085669, 0.0234088, 0.0616311, 0.0942543, 0.104583, 0.194979, 0.23778, 0.910796, 1, 

14,91,0.001, 0.0085669, 0.0234088, 0.0616311, 0.0942543, 0.377917, 1, 

13,140,0.001, 0.0085669, 0.0234088, 0.0616311, 0.0942543, 1, 

Generation #23
15,68,0.001, 0.0085669, 0.0234088, 0.0616311, 0.0942543, 0.164658, 0.308373, 0.321255, 1, 

16,64,0.001, 0.0085669, 0.0234088, 0.0616311, 0.0942543, 0.104583, 0.194979, 0.23778, 0.910796, 1, 

14,91,0.001, 0.0085669, 0.0234088, 0.0616311, 0.0942543, 0.377917, 1, 

13,140,0.001, 0.0085669, 0.0234088, 0.0616311, 0.0942543, 1, 

Generation #24
15,68,0.001, 0.0085669, 0.0234088, 0.0616311, 0.0942543, 0.164658, 0.308373, 0.321255, 1, 

16,64,0.001, 0.0085669, 0.0234088, 0.0616311, 0.0942543, 0.104583, 0.194979, 0.23778, 0.910796, 1, 

14,91,0.001, 0.0085669, 0.0234088, 0.0616311, 0.0942543, 0.377917, 1, 

13,140,0.001, 0.0085669, 0.0234088, 0.0616311, 0.0942543, 1, 

Generation #25
15,68,0.001, 0.0085669, 0.0234088, 0.0616311, 0.0942543, 0.164658, 0.308373, 0.321255, 1, 

16,64,0.001, 0.0085669, 0.0234088, 0.0616311, 0.0942543, 0.104583, 0.194979, 0.23778, 0.910796, 1, 

14,91,0.001, 0.0085669, 0.0234088, 0.0616311, 0.0942543, 0.377917, 1, 

13,140,0.001, 0.0085669, 0.0234088, 0.0616311, 0.0942543, 1, 

Generation #26
15,68,0.001, 0.0085669, 0.0234088, 0.0616311, 0.0942543, 0.164658, 0.308373, 0.321255, 1, 

16,64,0.001, 0.0085669, 0.0234088, 0.0616311, 0.0942543, 0.104583, 0.194979, 0.23778, 0.910796, 1, 

13,140,0.001, 0.0085669, 0.0234088, 0.0616311, 0.0942543, 1, 

12,671,0.001, 0.0085669, 0.0234088, 1, 

14,79,0.001, 0.0085669, 0.0234088, 0.0616311, 0.0942543, 0.11914, 0.308373, 1, 

Generation #27
15,68,0.001, 0.0085669, 0.0234088, 0.0616311, 0.0942543, 0.164658, 0.308373, 0.321255, 1, 

16,64,0.001, 0.0085669, 0.0234088, 0.0616311, 0.0942543, 0.104583, 0.194979, 0.23778, 0.910796, 1, 

13,140,0.001, 0.0085669, 0.0234088, 0.0616311, 0.0942543, 1, 

12,671,0.001, 0.0085669, 0.0234088, 1, 

14,79,0.001, 0.0085669, 0.0234088, 0.0616311, 0.0942543, 0.11914, 0.308373, 1, 

20,63,0.001, 0.0085669, 0.0234088, 0.0616311, 0.0942543, 0.11914, 0.164658, 0.308373, 0.370675, 0.452035, 0.889646, 0.523767, 0.122241, 1, 

Generation #28
15,68,0.001, 0.0085669, 0.0234088, 0.0616311, 0.0942543, 0.164658, 0.308373, 0.321255, 1, 

16,64,0.001, 0.0085669, 0.0234088, 0.0616311, 0.0942543, 0.104583, 0.194979, 0.23778, 0.910796, 1, 

12,671,0.001, 0.0085669, 0.0234088, 1, 

14,79,0.001, 0.0085669, 0.0234088, 0.0616311, 0.0942543, 0.11914, 0.308373, 1, 

20,63,0.001, 0.0085669, 0.0234088, 0.0616311, 0.0942543, 0.11914, 0.164658, 0.308373, 0.370675, 0.452035, 0.889646, 0.523767, 0.122241, 1, 

13,104,0.001, 0.0085669, 0.0234088, 0.0616311, 0.0942543, 1, 

Generation #29
15,68,0.001, 0.0085669, 0.0234088, 0.0616311, 0.0942543, 0.164658, 0.308373, 0.321255, 1, 

16,64,0.001, 0.0085669, 0.0234088, 0.0616311, 0.0942543, 0.104583, 0.194979, 0.23778, 0.910796, 1, 

12,671,0.001, 0.0085669, 0.0234088, 1, 

14,79,0.001, 0.0085669, 0.0234088, 0.0616311, 0.0942543, 0.11914, 0.308373, 1, 

20,63,0.001, 0.0085669, 0.0234088, 0.0616311, 0.0942543, 0.11914, 0.164658, 0.308373, 0.370675, 0.452035, 0.889646, 0.523767, 0.122241, 1, 

13,104,0.001, 0.0085669, 0.0234088, 0.0616311, 0.0942543, 1, 

Generation #30
15,68,0.001, 0.0085669, 0.0234088, 0.0616311, 0.0942543, 0.164658, 0.308373, 0.321255, 1, 

16,64,0.001, 0.0085669, 0.0234088, 0.0616311, 0.0942543, 0.104583, 0.194979, 0.23778, 0.910796, 1, 

12,671,0.001, 0.0085669, 0.0234088, 1, 

14,79,0.001, 0.0085669, 0.0234088, 0.0616311, 0.0942543, 0.11914, 0.308373, 1, 

20,63,0.001, 0.0085669, 0.0234088, 0.0616311, 0.0942543, 0.11914, 0.164658, 0.308373, 0.370675, 0.452035, 0.889646, 0.523767, 0.122241, 1, 

13,104,0.001, 0.0085669, 0.0234088, 0.0616311, 0.0942543, 1, 

Generation #31
15,68,0.001, 0.0085669, 0.0234088, 0.0616311, 0.0942543, 0.164658, 0.308373, 0.321255, 1, 

16,64,0.001, 0.0085669, 0.0234088, 0.0616311, 0.0942543, 0.104583, 0.194979, 0.23778, 0.910796, 1, 

14,79,0.001, 0.0085669, 0.0234088, 0.0616311, 0.0942543, 0.11914, 0.308373, 1, 

20,63,0.001, 0.0085669, 0.0234088, 0.0616311, 0.0942543, 0.11914, 0.164658, 0.308373, 0.370675, 0.452035, 0.889646, 0.523767, 0.122241, 1, 

13,104,0.001, 0.0085669, 0.0234088, 0.0616311, 0.0942543, 1, 

12,619,0.001, 0.0085669, 0.0551486, 1, 

Generation #32
15,68,0.001, 0.0085669, 0.0234088, 0.0616311, 0.0942543, 0.164658, 0.308373, 0.321255, 1, 

16,64,0.001, 0.0085669, 0.0234088, 0.0616311, 0.0942543, 0.104583, 0.194979, 0.23778, 0.910796, 1, 

14,79,0.001, 0.0085669, 0.0234088, 0.0616311, 0.0942543, 0.11914, 0.308373, 1, 

20,63,0.001, 0.0085669, 0.0234088, 0.0616311, 0.0942543, 0.11914, 0.164658, 0.308373, 0.370675, 0.452035, 0.889646, 0.523767, 0.122241, 1, 

13,104,0.001, 0.0085669, 0.0234088, 0.0616311, 0.0942543, 1, 

12,613,0.001, 0.0085669, 0.0234088, 1, 

Generation #33
15,68,0.001, 0.0085669, 0.0234088, 0.0616311, 0.0942543, 0.164658, 0.308373, 0.321255, 1, 

16,64,0.001, 0.0085669, 0.0234088, 0.0616311, 0.0942543, 0.104583, 0.194979, 0.23778, 0.910796, 1, 

14,79,0.001, 0.0085669, 0.0234088, 0.0616311, 0.0942543, 0.11914, 0.308373, 1, 

20,63,0.001, 0.0085669, 0.0234088, 0.0616311, 0.0942543, 0.11914, 0.164658, 0.308373, 0.370675, 0.452035, 0.889646, 0.523767, 0.122241, 1, 

13,104,0.001, 0.0085669, 0.0234088, 0.0616311, 0.0942543, 1, 

12,244,0.001, 0.0234088, 0.0616311, 0.0942543, 1, 

Generation #34
15,68,0.001, 0.0085669, 0.0234088, 0.0616311, 0.0942543, 0.164658, 0.308373, 0.321255, 1, 

16,64,0.001, 0.0085669, 0.0234088, 0.0616311, 0.0942543, 0.104583, 0.194979, 0.23778, 0.910796, 1, 

14,79,0.001, 0.0085669, 0.0234088, 0.0616311, 0.0942543, 0.11914, 0.308373, 1, 

20,63,0.001, 0.0085669, 0.0234088, 0.0616311, 0.0942543, 0.11914, 0.164658, 0.308373, 0.370675, 0.452035, 0.889646, 0.523767, 0.122241, 1, 

13,104,0.001, 0.0085669, 0.0234088, 0.0616311, 0.0942543, 1, 

12,244,0.001, 0.0234088, 0.0616311, 0.0942543, 1, 

Generation #35
15,68,0.001, 0.0085669, 0.0234088, 0.0616311, 0.0942543, 0.164658, 0.308373, 0.321255, 1, 

16,64,0.001, 0.0085669, 0.0234088, 0.0616311, 0.0942543, 0.104583, 0.194979, 0.23778, 0.910796, 1, 

14,79,0.001, 0.0085669, 0.0234088, 0.0616311, 0.0942543, 0.11914, 0.308373, 1, 

20,63,0.001, 0.0085669, 0.0234088, 0.0616311, 0.0942543, 0.11914, 0.164658, 0.308373, 0.370675, 0.452035, 0.889646, 0.523767, 0.122241, 1, 

13,104,0.001, 0.0085669, 0.0234088, 0.0616311, 0.0942543, 1, 

12,244,0.001, 0.0234088, 0.0616311, 0.0942543, 1, 

Generation #36
15,68,0.001, 0.0085669, 0.0234088, 0.0616311, 0.0942543, 0.164658, 0.308373, 0.321255, 1, 

16,64,0.001, 0.0085669, 0.0234088, 0.0616311, 0.0942543, 0.104583, 0.194979, 0.23778, 0.910796, 1, 

14,79,0.001, 0.0085669, 0.0234088, 0.0616311, 0.0942543, 0.11914, 0.308373, 1, 

20,63,0.001, 0.0085669, 0.0234088, 0.0616311, 0.0942543, 0.11914, 0.164658, 0.308373, 0.370675, 0.452035, 0.889646, 0.523767, 0.122241, 1, 

13,104,0.001, 0.0085669, 0.0234088, 0.0616311, 0.0942543, 1, 

12,244,0.001, 0.0234088, 0.0616311, 0.0942543, 1, 

Generation #37
15,68,0.001, 0.0085669, 0.0234088, 0.0616311, 0.0942543, 0.164658, 0.308373, 0.321255, 1, 

16,64,0.001, 0.0085669, 0.0234088, 0.0616311, 0.0942543, 0.104583, 0.194979, 0.23778, 0.910796, 1, 

14,79,0.001, 0.0085669, 0.0234088, 0.0616311, 0.0942543, 0.11914, 0.308373, 1, 

20,63,0.001, 0.0085669, 0.0234088, 0.0616311, 0.0942543, 0.11914, 0.164658, 0.308373, 0.370675, 0.452035, 0.889646, 0.523767, 0.122241, 1, 

13,104,0.001, 0.0085669, 0.0234088, 0.0616311, 0.0942543, 1, 

12,244,0.001, 0.0234088, 0.0616311, 0.0942543, 1, 

Generation #38
15,68,0.001, 0.0085669, 0.0234088, 0.0616311, 0.0942543, 0.164658, 0.308373, 0.321255, 1, 

16,64,0.001, 0.0085669, 0.0234088, 0.0616311, 0.0942543, 0.104583, 0.194979, 0.23778, 0.910796, 1, 

14,79,0.001, 0.0085669, 0.0234088, 0.0616311, 0.0942543, 0.11914, 0.308373, 1, 

20,63,0.001, 0.0085669, 0.0234088, 0.0616311, 0.0942543, 0.11914, 0.164658, 0.308373, 0.370675, 0.452035, 0.889646, 0.523767, 0.122241, 1, 

13,104,0.001, 0.0085669, 0.0234088, 0.0616311, 0.0942543, 1, 

12,244,0.001, 0.0234088, 0.0616311, 0.0942543, 1, 

Generation #39
15,68,0.001, 0.0085669, 0.0234088, 0.0616311, 0.0942543, 0.164658, 0.308373, 0.321255, 1, 

16,64,0.001, 0.0085669, 0.0234088, 0.0616311, 0.0942543, 0.104583, 0.194979, 0.23778, 0.910796, 1, 

14,79,0.001, 0.0085669, 0.0234088, 0.0616311, 0.0942543, 0.11914, 0.308373, 1, 

20,63,0.001, 0.0085669, 0.0234088, 0.0616311, 0.0942543, 0.11914, 0.164658, 0.308373, 0.370675, 0.452035, 0.889646, 0.523767, 0.122241, 1, 

12,244,0.001, 0.0234088, 0.0616311, 0.0942543, 1, 

13,91,0.001, 0.0085669, 0.0234088, 0.0616311, 0.0942543, 0.164658, 1, 

Generation #40
15,68,0.001, 0.0085669, 0.0234088, 0.0616311, 0.0942543, 0.164658, 0.308373, 0.321255, 1, 

16,64,0.001, 0.0085669, 0.0234088, 0.0616311, 0.0942543, 0.104583, 0.194979, 0.23778, 0.910796, 1, 

14,79,0.001, 0.0085669, 0.0234088, 0.0616311, 0.0942543, 0.11914, 0.308373, 1, 

20,63,0.001, 0.0085669, 0.0234088, 0.0616311, 0.0942543, 0.11914, 0.164658, 0.308373, 0.370675, 0.452035, 0.889646, 0.523767, 0.122241, 1, 

12,244,0.001, 0.0234088, 0.0616311, 0.0942543, 1, 

13,91,0.001, 0.0085669, 0.0234088, 0.0616311, 0.0942543, 0.164658, 1, 

Generation #41
15,68,0.001, 0.0085669, 0.0234088, 0.0616311, 0.0942543, 0.164658, 0.308373, 0.321255, 1, 

16,64,0.001, 0.0085669, 0.0234088, 0.0616311, 0.0942543, 0.104583, 0.194979, 0.23778, 0.910796, 1, 

14,79,0.001, 0.0085669, 0.0234088, 0.0616311, 0.0942543, 0.11914, 0.308373, 1, 

20,63,0.001, 0.0085669, 0.0234088, 0.0616311, 0.0942543, 0.11914, 0.164658, 0.308373, 0.370675, 0.452035, 0.889646, 0.523767, 0.122241, 1, 

12,244,0.001, 0.0234088, 0.0616311, 0.0942543, 1, 

13,91,0.001, 0.0085669, 0.0234088, 0.0616311, 0.0942543, 0.164658, 1, 

Generation #42
15,68,0.001, 0.0085669, 0.0234088, 0.0616311, 0.0942543, 0.164658, 0.308373, 0.321255, 1, 

16,64,0.001, 0.0085669, 0.0234088, 0.0616311, 0.0942543, 0.104583, 0.194979, 0.23778, 0.910796, 1, 

14,79,0.001, 0.0085669, 0.0234088, 0.0616311, 0.0942543, 0.11914, 0.308373, 1, 

20,63,0.001, 0.0085669, 0.0234088, 0.0616311, 0.0942543, 0.11914, 0.164658, 0.308373, 0.370675, 0.452035, 0.889646, 0.523767, 0.122241, 1, 

12,244,0.001, 0.0234088, 0.0616311, 0.0942543, 1, 

13,91,0.001, 0.0085669, 0.0234088, 0.0616311, 0.0942543, 0.164658, 1, 

11,2303,0.001, 0.0085669, 1, 

Generation #43
15,68,0.001, 0.0085669, 0.0234088, 0.0616311, 0.0942543, 0.164658, 0.308373, 0.321255, 1, 

16,64,0.001, 0.0085669, 0.0234088, 0.0616311, 0.0942543, 0.104583, 0.194979, 0.23778, 0.910796, 1, 

14,79,0.001, 0.0085669, 0.0234088, 0.0616311, 0.0942543, 0.11914, 0.308373, 1, 

20,63,0.001, 0.0085669, 0.0234088, 0.0616311, 0.0942543, 0.11914, 0.164658, 0.308373, 0.370675, 0.452035, 0.889646, 0.523767, 0.122241, 1, 

12,244,0.001, 0.0234088, 0.0616311, 0.0942543, 1, 

13,91,0.001, 0.0085669, 0.0234088, 0.0616311, 0.0942543, 0.164658, 1, 

11,2303,0.001, 0.0085669, 1, 

Generation #44
15,68,0.001, 0.0085669, 0.0234088, 0.0616311, 0.0942543, 0.164658, 0.308373, 0.321255, 1, 

16,64,0.001, 0.0085669, 0.0234088, 0.0616311, 0.0942543, 0.104583, 0.194979, 0.23778, 0.910796, 1, 

14,79,0.001, 0.0085669, 0.0234088, 0.0616311, 0.0942543, 0.11914, 0.308373, 1, 

20,63,0.001, 0.0085669, 0.0234088, 0.0616311, 0.0942543, 0.11914, 0.164658, 0.308373, 0.370675, 0.452035, 0.889646, 0.523767, 0.122241, 1, 

12,244,0.001, 0.0234088, 0.0616311, 0.0942543, 1, 

13,91,0.001, 0.0085669, 0.0234088, 0.0616311, 0.0942543, 0.164658, 1, 

11,2303,0.001, 0.0085669, 1, 

Generation #45
15,68,0.001, 0.0085669, 0.0234088, 0.0616311, 0.0942543, 0.164658, 0.308373, 0.321255, 1, 

16,64,0.001, 0.0085669, 0.0234088, 0.0616311, 0.0942543, 0.104583, 0.194979, 0.23778, 0.910796, 1, 

14,79,0.001, 0.0085669, 0.0234088, 0.0616311, 0.0942543, 0.11914, 0.308373, 1, 

20,63,0.001, 0.0085669, 0.0234088, 0.0616311, 0.0942543, 0.11914, 0.164658, 0.308373, 0.370675, 0.452035, 0.889646, 0.523767, 0.122241, 1, 

13,91,0.001, 0.0085669, 0.0234088, 0.0616311, 0.0942543, 0.164658, 1, 

11,2303,0.001, 0.0085669, 1, 

12,150,0.001, 0.0085669, 0.0234088, 0.0942543, 1, 

Generation #46
15,68,0.001, 0.0085669, 0.0234088, 0.0616311, 0.0942543, 0.164658, 0.308373, 0.321255, 1, 

16,64,0.001, 0.0085669, 0.0234088, 0.0616311, 0.0942543, 0.104583, 0.194979, 0.23778, 0.910796, 1, 

14,79,0.001, 0.0085669, 0.0234088, 0.0616311, 0.0942543, 0.11914, 0.308373, 1, 

20,63,0.001, 0.0085669, 0.0234088, 0.0616311, 0.0942543, 0.11914, 0.164658, 0.308373, 0.370675, 0.452035, 0.889646, 0.523767, 0.122241, 1, 

13,91,0.001, 0.0085669, 0.0234088, 0.0616311, 0.0942543, 0.164658, 1, 

11,2303,0.001, 0.0085669, 1, 

12,150,0.001, 0.0085669, 0.0234088, 0.0942543, 1, 

Generation #47
15,68,0.001, 0.0085669, 0.0234088, 0.0616311, 0.0942543, 0.164658, 0.308373, 0.321255, 1, 

16,64,0.001, 0.0085669, 0.0234088, 0.0616311, 0.0942543, 0.104583, 0.194979, 0.23778, 0.910796, 1, 

14,79,0.001, 0.0085669, 0.0234088, 0.0616311, 0.0942543, 0.11914, 0.308373, 1, 

20,63,0.001, 0.0085669, 0.0234088, 0.0616311, 0.0942543, 0.11914, 0.164658, 0.308373, 0.370675, 0.452035, 0.889646, 0.523767, 0.122241, 1, 

13,91,0.001, 0.0085669, 0.0234088, 0.0616311, 0.0942543, 0.164658, 1, 

11,2303,0.001, 0.0085669, 1, 

12,150,0.001, 0.0085669, 0.0234088, 0.0942543, 1, 

Generation #48
14,79,0.001, 0.0085669, 0.0234088, 0.0616311, 0.0942543, 0.11914, 0.308373, 1, 

20,63,0.001, 0.0085669, 0.0234088, 0.0616311, 0.0942543, 0.11914, 0.164658, 0.308373, 0.370675, 0.452035, 0.889646, 0.523767, 0.122241, 1, 

13,91,0.001, 0.0085669, 0.0234088, 0.0616311, 0.0942543, 0.164658, 1, 

11,2303,0.001, 0.0085669, 1, 

12,150,0.001, 0.0085669, 0.0234088, 0.0942543, 1, 

15,64,0.001, 0.0085669, 0.0234088, 0.0616311, 0.0942543, 0.164658, 0.308373, 0.321255, 1, 

Generation #49
14,79,0.001, 0.0085669, 0.0234088, 0.0616311, 0.0942543, 0.11914, 0.308373, 1, 

20,63,0.001, 0.0085669, 0.0234088, 0.0616311, 0.0942543, 0.11914, 0.164658, 0.308373, 0.370675, 0.452035, 0.889646, 0.523767, 0.122241, 1, 

13,91,0.001, 0.0085669, 0.0234088, 0.0616311, 0.0942543, 0.164658, 1, 

11,2303,0.001, 0.0085669, 1, 

12,150,0.001, 0.0085669, 0.0234088, 0.0942543, 1, 

15,64,0.001, 0.0085669, 0.0234088, 0.0616311, 0.0942543, 0.164658, 0.308373, 0.321255, 1, 

--- Pareto Front Solutions ---
Solution 0: N total=32 (N_initial=18, N_added=14), Time total=83 ms, Saved to: ./results/2^30_t2_l2_pareto_0.csv, percents=0.001, 0.0085669, 0.0234088, 0.0616311, 0.0942543, 0.11914, 0.308373, 1, 

Solution 1: N total=38 (N_initial=18, N_added=20), Time total=67 ms, Saved to: ./results/2^30_t2_l2_pareto_1.csv, percents=0.001, 0.0085669, 0.0234088, 0.0616311, 0.0942543, 0.11914, 0.164658, 0.308373, 0.370675, 0.452035, 0.889646, 0.523767, 0.122241, 1, 

Solution 2: N total=31 (N_initial=18, N_added=13), Time total=95 ms, Saved to: ./results/2^30_t2_l2_pareto_2.csv, percents=0.001, 0.0085669, 0.0234088, 0.0616311, 0.0942543, 0.164658, 1, 

Solution 3: N total=29 (N_initial=18, N_added=11), Time total=2307 ms, Saved to: ./results/2^30_t2_l2_pareto_3.csv, percents=0.001, 0.0085669, 1, 

Solution 4: N total=30 (N_initial=18, N_added=12), Time total=154 ms, Saved to: ./results/2^30_t2_l2_pareto_4.csv, percents=0.001, 0.0085669, 0.0234088, 0.0942543, 1, 

Solution 5: N total=33 (N_initial=18, N_added=15), Time total=68 ms, Saved to: ./results/2^30_t2_l2_pareto_5.csv, percents=0.001, 0.0085669, 0.0234088, 0.0616311, 0.0942543, 0.164658, 0.308373, 0.321255, 1, 

------------d=1, t=2, lambda=3, filename=./evaluation/2^30-t2_l3.csv------------
Grouping d-sets by partitioned row counts for detecting arrays...
Ready to look at pairs for detecting arrays...
First Stage N=24, Time=4
There are 6315 remaining non-locating pairs
--- Running GA Algorithm (phase2) ---
Running GA with std::execution::par
Generation #0
31,78,0.001, 0.0114449, 0.0262168, 0.0461856, 0.0967585, 0.144367, 0.235059, 0.243725, 0.260624, 0.290751, 0.297766, 0.353839, 0.429667, 0.444987, 0.499371, 0.503074, 0.634699, 0.73306, 0.741781, 0.757371, 0.798152, 0.841241, 0.890403, 0.965533, 1, 

27,105,0.001, 0.0158778, 0.0655252, 0.0694641, 0.112854, 0.181642, 0.232476, 0.257894, 0.289201, 0.361679, 0.522171, 0.527617, 0.636791, 0.692407, 0.72974, 0.82852, 0.864839, 0.934698, 0.956221, 0.970371, 1, 

18,175,0.001, 0.0164562, 0.0328238, 0.119866, 0.812689, 0.868053, 0.911058, 0.91459, 0.99393, 0.99471, 1, 

Generation #1
16,288,0.001, 0.00496839, 0.0514126, 0.402899, 0.422617, 0.435355, 0.51582, 0.558301, 0.73601, 0.944298, 1, 

29,71,0.001, 0.017702, 0.0211261, 0.0590062, 0.0832817, 0.123175, 0.179336, 0.179582, 0.206886, 0.397369, 0.406035, 0.474595, 0.523153, 0.59407, 0.599241, 0.605749, 0.613651, 0.675817, 0.695186, 0.751401, 0.8374, 0.884303, 0.938683, 1, 

17,92,0.001, 0.0158778, 0.0655252, 0.0694641, 0.112854, 0.181642, 0.232476, 0.76774, 0.257894, 0.289201, 0.99471, 1, 

30,66,0.001, 0.0114449, 0.0262168, 0.0461856, 0.146504, 0.162076, 0.188375, 0.238351, 0.300872, 0.366782, 0.378567, 0.485918, 0.522965, 0.545923, 0.62531, 0.669405, 0.672821, 0.739235, 0.781228, 0.783318, 0.783616, 0.857816, 0.951232, 1, 

Generation #2
16,56,0.001, 0.0111004, 0.0111753, 0.0324717, 0.0710386, 0.0835986, 0.11193, 0.756684, 0.934014, 0.978816, 1, 

27,41,0.001, 0.0114449, 0.0262168, 0.0461856, 0.0967585, 0.118487, 0.124009, 0.174657, 0.342365, 0.39078, 0.392103, 0.399636, 0.49363, 0.5947, 0.60442, 0.609571, 0.617468, 0.701879, 0.709523, 0.914674, 0.91677, 1, 

Generation #3
16,56,0.001, 0.0111004, 0.0111753, 0.0324717, 0.0710386, 0.0835986, 0.11193, 0.756684, 0.934014, 0.978816, 1, 

27,41,0.001, 0.0114449, 0.0262168, 0.0461856, 0.0967585, 0.118487, 0.124009, 0.174657, 0.342365, 0.39078, 0.392103, 0.399636, 0.49363, 0.5947, 0.60442, 0.609571, 0.617468, 0.701879, 0.709523, 0.914674, 0.91677, 1, 

19,48,0.001, 0.0111004, 0.0111753, 0.0324717, 0.0710386, 0.0835986, 0.11193, 0.142044, 0.166304, 0.184825, 0.230891, 0.867093, 0.912839, 1, 

15,69,0.001, 0.017702, 0.0211261, 0.0590062, 0.0832817, 0.123175, 0.179336, 0.179582, 0.206886, 1, 

Generation #4
16,56,0.001, 0.0111004, 0.0111753, 0.0324717, 0.0710386, 0.0835986, 0.11193, 0.756684, 0.934014, 0.978816, 1, 

27,41,0.001, 0.0114449, 0.0262168, 0.0461856, 0.0967585, 0.118487, 0.124009, 0.174657, 0.342365, 0.39078, 0.392103, 0.399636, 0.49363, 0.5947, 0.60442, 0.609571, 0.617468, 0.701879, 0.709523, 0.914674, 0.91677, 1, 

19,48,0.001, 0.0111004, 0.0111753, 0.0324717, 0.0710386, 0.0835986, 0.11193, 0.142044, 0.166304, 0.184825, 0.230891, 0.867093, 0.912839, 1, 

15,60,0.001, 0.0114449, 0.0262168, 0.0461856, 0.146504, 0.162076, 0.188375, 0.238351, 0.959244, 1, 

Generation #5
16,56,0.001, 0.0111004, 0.0111753, 0.0324717, 0.0710386, 0.0835986, 0.11193, 0.756684, 0.934014, 0.978816, 1, 

27,41,0.001, 0.0114449, 0.0262168, 0.0461856, 0.0967585, 0.118487, 0.124009, 0.174657, 0.342365, 0.39078, 0.392103, 0.399636, 0.49363, 0.5947, 0.60442, 0.609571, 0.617468, 0.701879, 0.709523, 0.914674, 0.91677, 1, 

19,48,0.001, 0.0111004, 0.0111753, 0.0324717, 0.0710386, 0.0835986, 0.11193, 0.142044, 0.166304, 0.184825, 0.230891, 0.867093, 0.912839, 1, 

15,60,0.001, 0.0114449, 0.0262168, 0.0461856, 0.146504, 0.162076, 0.188375, 0.238351, 0.959244, 1, 

Generation #6
16,56,0.001, 0.0111004, 0.0111753, 0.0324717, 0.0710386, 0.0835986, 0.11193, 0.756684, 0.934014, 0.978816, 1, 

27,41,0.001, 0.0114449, 0.0262168, 0.0461856, 0.0967585, 0.118487, 0.124009, 0.174657, 0.342365, 0.39078, 0.392103, 0.399636, 0.49363, 0.5947, 0.60442, 0.609571, 0.617468, 0.701879, 0.709523, 0.914674, 0.91677, 1, 

19,48,0.001, 0.0111004, 0.0111753, 0.0324717, 0.0710386, 0.0835986, 0.11193, 0.142044, 0.166304, 0.184825, 0.230891, 0.867093, 0.912839, 1, 

15,60,0.001, 0.0114449, 0.0262168, 0.0461856, 0.146504, 0.162076, 0.188375, 0.238351, 0.959244, 1, 

Generation #7
16,56,0.001, 0.0111004, 0.0111753, 0.0324717, 0.0710386, 0.0835986, 0.11193, 0.756684, 0.934014, 0.978816, 1, 

27,41,0.001, 0.0114449, 0.0262168, 0.0461856, 0.0967585, 0.118487, 0.124009, 0.174657, 0.342365, 0.39078, 0.392103, 0.399636, 0.49363, 0.5947, 0.60442, 0.609571, 0.617468, 0.701879, 0.709523, 0.914674, 0.91677, 1, 

19,48,0.001, 0.0111004, 0.0111753, 0.0324717, 0.0710386, 0.0835986, 0.11193, 0.142044, 0.166304, 0.184825, 0.230891, 0.867093, 0.912839, 1, 

15,60,0.001, 0.0114449, 0.0262168, 0.0461856, 0.146504, 0.162076, 0.188375, 0.238351, 0.959244, 1, 

14,70,0.001, 0.017702, 0.0211261, 0.0590062, 0.0832817, 0.123175, 0.189064, 0.250148, 1, 

Generation #8
16,56,0.001, 0.0111004, 0.0111753, 0.0324717, 0.0710386, 0.0835986, 0.11193, 0.756684, 0.934014, 0.978816, 1, 

27,41,0.001, 0.0114449, 0.0262168, 0.0461856, 0.0967585, 0.118487, 0.124009, 0.174657, 0.342365, 0.39078, 0.392103, 0.399636, 0.49363, 0.5947, 0.60442, 0.609571, 0.617468, 0.701879, 0.709523, 0.914674, 0.91677, 1, 

19,48,0.001, 0.0111004, 0.0111753, 0.0324717, 0.0710386, 0.0835986, 0.11193, 0.142044, 0.166304, 0.184825, 0.230891, 0.867093, 0.912839, 1, 

15,60,0.001, 0.0114449, 0.0262168, 0.0461856, 0.146504, 0.162076, 0.188375, 0.238351, 0.959244, 1, 

20,45,0.001, 0.0111004, 0.0111753, 0.0324717, 0.0710386, 0.0835986, 0.11193, 0.142044, 0.730344, 0.184825, 0.406035, 0.474595, 0.523153, 0.912839, 1, 

14,68,0.001, 0.0114449, 0.0262168, 0.0461856, 0.146504, 0.123175, 0.189064, 1, 

Generation #9
27,41,0.001, 0.0114449, 0.0262168, 0.0461856, 0.0967585, 0.118487, 0.124009, 0.174657, 0.342365, 0.39078, 0.392103, 0.399636, 0.49363, 0.5947, 0.60442, 0.609571, 0.617468, 0.701879, 0.709523, 0.914674, 0.91677, 1, 

14,68,0.001, 0.0114449, 0.0262168, 0.0461856, 0.146504, 0.123175, 0.189064, 1, 

15,42,0.001, 0.0114449, 0.0111753, 0.0324717, 0.0710386, 0.0835986, 0.11193, 0.756684, 0.99471, 1, 

Generation #10
27,41,0.001, 0.0114449, 0.0262168, 0.0461856, 0.0967585, 0.118487, 0.124009, 0.174657, 0.342365, 0.39078, 0.392103, 0.399636, 0.49363, 0.5947, 0.60442, 0.609571, 0.617468, 0.701879, 0.709523, 0.914674, 0.91677, 1, 

15,42,0.001, 0.0114449, 0.0111753, 0.0324717, 0.0710386, 0.0835986, 0.11193, 0.756684, 0.99471, 1, 

14,50,0.001, 0.0114449, 0.0262168, 0.0461856, 0.0967585, 0.144367, 0.235059, 0.250148, 1, 

13,72,0.001, 0.017702, 0.0211261, 0.0461856, 0.146504, 0.0722732, 0.189064, 1, 

Generation #11
27,41,0.001, 0.0114449, 0.0262168, 0.0461856, 0.0967585, 0.118487, 0.124009, 0.174657, 0.342365, 0.39078, 0.392103, 0.399636, 0.49363, 0.5947, 0.60442, 0.609571, 0.617468, 0.701879, 0.709523, 0.914674, 0.91677, 1, 

15,42,0.001, 0.0114449, 0.0111753, 0.0324717, 0.0710386, 0.0835986, 0.11193, 0.756684, 0.99471, 1, 

14,50,0.001, 0.0114449, 0.0262168, 0.0461856, 0.0967585, 0.144367, 0.235059, 0.250148, 1, 

13,72,0.001, 0.017702, 0.0211261, 0.0461856, 0.146504, 0.0722732, 0.189064, 1, 

Generation #12
15,42,0.001, 0.0114449, 0.0111753, 0.0324717, 0.0710386, 0.0835986, 0.11193, 0.756684, 0.99471, 1, 

14,50,0.001, 0.0114449, 0.0262168, 0.0461856, 0.0967585, 0.144367, 0.235059, 0.250148, 1, 

13,72,0.001, 0.017702, 0.0211261, 0.0461856, 0.146504, 0.0722732, 0.189064, 1, 

20,39,0.001, 0.0111004, 0.0111753, 0.0324717, 0.0710386, 0.0835986, 0.11193, 0.142044, 0.730344, 0.184825, 0.406035, 0.474595, 0.523153, 0.912839, 1, 

Generation #13
15,42,0.001, 0.0114449, 0.0111753, 0.0324717, 0.0710386, 0.0835986, 0.11193, 0.756684, 0.99471, 1, 

13,72,0.001, 0.017702, 0.0211261, 0.0461856, 0.146504, 0.0722732, 0.189064, 1, 

14,45,0.001, 0.0111004, 0.0111753, 0.0324717, 0.0710386, 0.0835986, 0.11193, 0.142044, 0.730344, 1, 

19,38,0.001, 0.0111004, 0.0111753, 0.0324717, 0.0710386, 0.0835986, 0.11193, 0.142044, 0.730344, 0.184825, 0.406035, 0.474595, 0.713267, 0.912839, 1, 

16,40,0.001, 0.0111004, 0.0111753, 0.0324717, 0.0710386, 0.238351, 0.300872, 0.366782, 0.378567, 1, 

Generation #14
15,42,0.001, 0.0114449, 0.0111753, 0.0324717, 0.0710386, 0.0835986, 0.11193, 0.756684, 0.99471, 1, 

14,45,0.001, 0.0111004, 0.0111753, 0.0324717, 0.0710386, 0.0835986, 0.11193, 0.142044, 0.730344, 1, 

19,38,0.001, 0.0111004, 0.0111753, 0.0324717, 0.0710386, 0.0835986, 0.11193, 0.142044, 0.730344, 0.184825, 0.406035, 0.474595, 0.713267, 0.912839, 1, 

16,40,0.001, 0.0111004, 0.0111753, 0.0324717, 0.0710386, 0.238351, 0.300872, 0.366782, 0.378567, 1, 

13,60,0.001, 0.0114449, 0.0262168, 0.0461856, 0.146504, 0.162076, 0.189064, 1, 

Generation #15
15,42,0.001, 0.0114449, 0.0111753, 0.0324717, 0.0710386, 0.0835986, 0.11193, 0.756684, 0.99471, 1, 

14,45,0.001, 0.0111004, 0.0111753, 0.0324717, 0.0710386, 0.0835986, 0.11193, 0.142044, 0.730344, 1, 

19,38,0.001, 0.0111004, 0.0111753, 0.0324717, 0.0710386, 0.0835986, 0.11193, 0.142044, 0.730344, 0.184825, 0.406035, 0.474595, 0.713267, 0.912839, 1, 

16,40,0.001, 0.0111004, 0.0111753, 0.0324717, 0.0710386, 0.238351, 0.300872, 0.366782, 0.378567, 1, 

13,58,0.001, 0.0114449, 0.0262168, 0.0461856, 0.146504, 0.123175, 0.189064, 1, 

Generation #16
15,42,0.001, 0.0114449, 0.0111753, 0.0324717, 0.0710386, 0.0835986, 0.11193, 0.756684, 0.99471, 1, 

14,45,0.001, 0.0111004, 0.0111753, 0.0324717, 0.0710386, 0.0835986, 0.11193, 0.142044, 0.730344, 1, 

19,38,0.001, 0.0111004, 0.0111753, 0.0324717, 0.0710386, 0.0835986, 0.11193, 0.142044, 0.730344, 0.184825, 0.406035, 0.474595, 0.713267, 0.912839, 1, 

16,40,0.001, 0.0111004, 0.0111753, 0.0324717, 0.0710386, 0.238351, 0.300872, 0.366782, 0.378567, 1, 

13,58,0.001, 0.0114449, 0.0262168, 0.0461856, 0.146504, 0.123175, 0.189064, 1, 

Generation #17
14,45,0.001, 0.0111004, 0.0111753, 0.0324717, 0.0710386, 0.0835986, 0.11193, 0.142044, 0.730344, 1, 

19,38,0.001, 0.0111004, 0.0111753, 0.0324717, 0.0710386, 0.0835986, 0.11193, 0.142044, 0.730344, 0.184825, 0.406035, 0.474595, 0.713267, 0.912839, 1, 

16,40,0.001, 0.0111004, 0.0111753, 0.0324717, 0.0710386, 0.238351, 0.300872, 0.366782, 0.378567, 1, 

15,41,0.001, 0.0114449, 0.0111753, 0.0324717, 0.0710386, 0.0835986, 0.11193, 0.142044, 0.730344, 1, 

12,97,0.001, 0.0114449, 0.0461856, 0.146504, 0.189064, 1, 

13,47,0.001, 0.0114449, 0.0262168, 0.0324717, 0.0710386, 0.0835986, 0.330743, 1, 

Generation #18
14,45,0.001, 0.0111004, 0.0111753, 0.0324717, 0.0710386, 0.0835986, 0.11193, 0.142044, 0.730344, 1, 

19,38,0.001, 0.0111004, 0.0111753, 0.0324717, 0.0710386, 0.0835986, 0.11193, 0.142044, 0.730344, 0.184825, 0.406035, 0.474595, 0.713267, 0.912839, 1, 

16,40,0.001, 0.0111004, 0.0111753, 0.0324717, 0.0710386, 0.238351, 0.300872, 0.366782, 0.378567, 1, 

15,41,0.001, 0.0114449, 0.0111753, 0.0324717, 0.0710386, 0.0835986, 0.11193, 0.142044, 0.730344, 1, 

13,47,0.001, 0.0114449, 0.0262168, 0.0324717, 0.0710386, 0.0835986, 0.330743, 1, 

12,74,0.001, 0.0114449, 0.0262168, 0.0590062, 0.123175, 0.189064, 1, 

Generation #19
14,45,0.001, 0.0111004, 0.0111753, 0.0324717, 0.0710386, 0.0835986, 0.11193, 0.142044, 0.730344, 1, 

19,38,0.001, 0.0111004, 0.0111753, 0.0324717, 0.0710386, 0.0835986, 0.11193, 0.142044, 0.730344, 0.184825, 0.406035, 0.474595, 0.713267, 0.912839, 1, 

16,40,0.001, 0.0111004, 0.0111753, 0.0324717, 0.0710386, 0.238351, 0.300872, 0.366782, 0.378567, 1, 

15,41,0.001, 0.0114449, 0.0111753, 0.0324717, 0.0710386, 0.0835986, 0.11193, 0.142044, 0.730344, 1, 

13,47,0.001, 0.0114449, 0.0262168, 0.0324717, 0.0710386, 0.0835986, 0.330743, 1, 

12,74,0.001, 0.0114449, 0.0262168, 0.0590062, 0.123175, 0.189064, 1, 

Generation #20
14,45,0.001, 0.0111004, 0.0111753, 0.0324717, 0.0710386, 0.0835986, 0.11193, 0.142044, 0.730344, 1, 

19,38,0.001, 0.0111004, 0.0111753, 0.0324717, 0.0710386, 0.0835986, 0.11193, 0.142044, 0.730344, 0.184825, 0.406035, 0.474595, 0.713267, 0.912839, 1, 

16,40,0.001, 0.0111004, 0.0111753, 0.0324717, 0.0710386, 0.238351, 0.300872, 0.366782, 0.378567, 1, 

15,41,0.001, 0.0114449, 0.0111753, 0.0324717, 0.0710386, 0.0835986, 0.11193, 0.142044, 0.730344, 1, 

13,47,0.001, 0.0114449, 0.0262168, 0.0324717, 0.0710386, 0.0835986, 0.330743, 1, 

12,74,0.001, 0.0114449, 0.0262168, 0.0590062, 0.123175, 0.189064, 1, 

Generation #21
19,38,0.001, 0.0111004, 0.0111753, 0.0324717, 0.0710386, 0.0835986, 0.11193, 0.142044, 0.730344, 0.184825, 0.406035, 0.474595, 0.713267, 0.912839, 1, 

16,40,0.001, 0.0111004, 0.0111753, 0.0324717, 0.0710386, 0.238351, 0.300872, 0.366782, 0.378567, 1, 

15,41,0.001, 0.0114449, 0.0111753, 0.0324717, 0.0710386, 0.0835986, 0.11193, 0.142044, 0.730344, 1, 

13,47,0.001, 0.0114449, 0.0262168, 0.0324717, 0.0710386, 0.0835986, 0.330743, 1, 

12,74,0.001, 0.0114449, 0.0262168, 0.0590062, 0.123175, 0.189064, 1, 

14,43,0.001, 0.0114449, 0.0111753, 0.0324717, 0.0710386, 0.123175, 0.250148, 0.378567, 1, 

Generation #22
19,38,0.001, 0.0111004, 0.0111753, 0.0324717, 0.0710386, 0.0835986, 0.11193, 0.142044, 0.730344, 0.184825, 0.406035, 0.474595, 0.713267, 0.912839, 1, 

16,40,0.001, 0.0111004, 0.0111753, 0.0324717, 0.0710386, 0.238351, 0.300872, 0.366782, 0.378567, 1, 

15,41,0.001, 0.0114449, 0.0111753, 0.0324717, 0.0710386, 0.0835986, 0.11193, 0.142044, 0.730344, 1, 

13,47,0.001, 0.0114449, 0.0262168, 0.0324717, 0.0710386, 0.0835986, 0.330743, 1, 

12,74,0.001, 0.0114449, 0.0262168, 0.0590062, 0.123175, 0.189064, 1, 

14,43,0.001, 0.0114449, 0.0111753, 0.0324717, 0.0710386, 0.123175, 0.250148, 0.378567, 1, 

Generation #23
13,47,0.001, 0.0114449, 0.0262168, 0.0324717, 0.0710386, 0.0835986, 0.330743, 1, 

12,74,0.001, 0.0114449, 0.0262168, 0.0590062, 0.123175, 0.189064, 1, 

14,43,0.001, 0.0114449, 0.0111753, 0.0324717, 0.0710386, 0.123175, 0.250148, 0.378567, 1, 

11,199,0.001, 0.0111004, 0.0324717, 0.0710386, 1, 

15,38,0.001, 0.0111004, 0.0111753, 0.0324717, 0.0832817, 0.123175, 0.179336, 0.179582, 0.206886, 0.971248, 1, 

Generation #24
13,47,0.001, 0.0114449, 0.0262168, 0.0324717, 0.0710386, 0.0835986, 0.330743, 1, 

12,74,0.001, 0.0114449, 0.0262168, 0.0590062, 0.123175, 0.189064, 1, 

14,43,0.001, 0.0114449, 0.0111753, 0.0324717, 0.0710386, 0.123175, 0.250148, 0.378567, 1, 

11,199,0.001, 0.0111004, 0.0324717, 0.0710386, 1, 

15,38,0.001, 0.0111004, 0.0111753, 0.0324717, 0.0832817, 0.123175, 0.179336, 0.179582, 0.206886, 0.971248, 1, 

Generation #25
13,47,0.001, 0.0114449, 0.0262168, 0.0324717, 0.0710386, 0.0835986, 0.330743, 1, 

12,74,0.001, 0.0114449, 0.0262168, 0.0590062, 0.123175, 0.189064, 1, 

14,43,0.001, 0.0114449, 0.0111753, 0.0324717, 0.0710386, 0.123175, 0.250148, 0.378567, 1, 

15,38,0.001, 0.0111004, 0.0111753, 0.0324717, 0.0832817, 0.123175, 0.179336, 0.179582, 0.206886, 0.971248, 1, 

11,156,0.001, 0.0111004, 0.0111753, 0.0324717, 1, 

Generation #26
13,47,0.001, 0.0114449, 0.0262168, 0.0324717, 0.0710386, 0.0835986, 0.330743, 1, 

12,74,0.001, 0.0114449, 0.0262168, 0.0590062, 0.123175, 0.189064, 1, 

14,43,0.001, 0.0114449, 0.0111753, 0.0324717, 0.0710386, 0.123175, 0.250148, 0.378567, 1, 

15,38,0.001, 0.0111004, 0.0111753, 0.0324717, 0.0832817, 0.123175, 0.179336, 0.179582, 0.206886, 0.971248, 1, 

11,156,0.001, 0.0111004, 0.0111753, 0.0324717, 1, 

18,37,0.001, 0.0114449, 0.0111753, 0.0324717, 0.0710386, 0.11193, 0.11193, 0.142044, 0.730344, 0.184825, 0.406035, 0.523153, 0.912839, 1, 

Generation #27
13,47,0.001, 0.0114449, 0.0262168, 0.0324717, 0.0710386, 0.0835986, 0.330743, 1, 

14,43,0.001, 0.0114449, 0.0111753, 0.0324717, 0.0710386, 0.123175, 0.250148, 0.378567, 1, 

15,38,0.001, 0.0111004, 0.0111753, 0.0324717, 0.0832817, 0.123175, 0.179336, 0.179582, 0.206886, 0.971248, 1, 

11,156,0.001, 0.0111004, 0.0111753, 0.0324717, 1, 

18,37,0.001, 0.0114449, 0.0111753, 0.0324717, 0.0710386, 0.11193, 0.11193, 0.142044, 0.730344, 0.184825, 0.406035, 0.523153, 0.912839, 1, 

12,71,0.001, 0.0111004, 0.0111753, 0.0324717, 0.0710386, 0.0835986, 1, 

Generation #28
13,47,0.001, 0.0114449, 0.0262168, 0.0324717, 0.0710386, 0.0835986, 0.330743, 1, 

14,43,0.001, 0.0114449, 0.0111753, 0.0324717, 0.0710386, 0.123175, 0.250148, 0.378567, 1, 

15,38,0.001, 0.0111004, 0.0111753, 0.0324717, 0.0832817, 0.123175, 0.179336, 0.179582, 0.206886, 0.971248, 1, 

11,156,0.001, 0.0111004, 0.0111753, 0.0324717, 1, 

18,37,0.001, 0.0114449, 0.0111753, 0.0324717, 0.0710386, 0.11193, 0.11193, 0.142044, 0.730344, 0.184825, 0.406035, 0.523153, 0.912839, 1, 

12,71,0.001, 0.0111004, 0.0111753, 0.0324717, 0.0710386, 0.0835986, 1, 

Generation #29
13,47,0.001, 0.0114449, 0.0262168, 0.0324717, 0.0710386, 0.0835986, 0.330743, 1, 

14,43,0.001, 0.0114449, 0.0111753, 0.0324717, 0.0710386, 0.123175, 0.250148, 0.378567, 1, 

15,38,0.001, 0.0111004, 0.0111753, 0.0324717, 0.0832817, 0.123175, 0.179336, 0.179582, 0.206886, 0.971248, 1, 

11,156,0.001, 0.0111004, 0.0111753, 0.0324717, 1, 

18,37,0.001, 0.0114449, 0.0111753, 0.0324717, 0.0710386, 0.11193, 0.11193, 0.142044, 0.730344, 0.184825, 0.406035, 0.523153, 0.912839, 1, 

12,71,0.001, 0.0111004, 0.0111753, 0.0324717, 0.0710386, 0.0835986, 1, 

Generation #30
15,38,0.001, 0.0111004, 0.0111753, 0.0324717, 0.0832817, 0.123175, 0.179336, 0.179582, 0.206886, 0.971248, 1, 

11,156,0.001, 0.0111004, 0.0111753, 0.0324717, 1, 

18,37,0.001, 0.0114449, 0.0111753, 0.0324717, 0.0710386, 0.11193, 0.11193, 0.142044, 0.730344, 0.184825, 0.406035, 0.523153, 0.912839, 1, 

12,71,0.001, 0.0111004, 0.0111753, 0.0324717, 0.0710386, 0.0835986, 1, 

13,40,0.001, 0.0114449, 0.0111753, 0.0324717, 0.0710386, 0.0835986, 0.11193, 0.142044, 1, 

Generation #31
15,38,0.001, 0.0111004, 0.0111753, 0.0324717, 0.0832817, 0.123175, 0.179336, 0.179582, 0.206886, 0.971248, 1, 

11,156,0.001, 0.0111004, 0.0111753, 0.0324717, 1, 

18,37,0.001, 0.0114449, 0.0111753, 0.0324717, 0.0710386, 0.11193, 0.11193, 0.142044, 0.730344, 0.184825, 0.406035, 0.523153, 0.912839, 1, 

12,71,0.001, 0.0111004, 0.0111753, 0.0324717, 0.0710386, 0.0835986, 1, 

13,40,0.001, 0.0114449, 0.0111753, 0.0324717, 0.0710386, 0.0835986, 0.11193, 0.142044, 1, 

Generation #32
15,38,0.001, 0.0111004, 0.0111753, 0.0324717, 0.0832817, 0.123175, 0.179336, 0.179582, 0.206886, 0.971248, 1, 

11,156,0.001, 0.0111004, 0.0111753, 0.0324717, 1, 

18,37,0.001, 0.0114449, 0.0111753, 0.0324717, 0.0710386, 0.11193, 0.11193, 0.142044, 0.730344, 0.184825, 0.406035, 0.523153, 0.912839, 1, 

12,71,0.001, 0.0111004, 0.0111753, 0.0324717, 0.0710386, 0.0835986, 1, 

13,40,0.001, 0.0114449, 0.0111753, 0.0324717, 0.0710386, 0.0835986, 0.11193, 0.142044, 1, 

Generation #33
15,38,0.001, 0.0111004, 0.0111753, 0.0324717, 0.0832817, 0.123175, 0.179336, 0.179582, 0.206886, 0.971248, 1, 

11,156,0.001, 0.0111004, 0.0111753, 0.0324717, 1, 

18,37,0.001, 0.0114449, 0.0111753, 0.0324717, 0.0710386, 0.11193, 0.11193, 0.142044, 0.730344, 0.184825, 0.406035, 0.523153, 0.912839, 1, 

12,71,0.001, 0.0111004, 0.0111753, 0.0324717, 0.0710386, 0.0835986, 1, 

13,40,0.001, 0.0114449, 0.0111753, 0.0324717, 0.0710386, 0.0835986, 0.11193, 0.142044, 1, 

Generation #34
15,38,0.001, 0.0111004, 0.0111753, 0.0324717, 0.0832817, 0.123175, 0.179336, 0.179582, 0.206886, 0.971248, 1, 

11,156,0.001, 0.0111004, 0.0111753, 0.0324717, 1, 

18,37,0.001, 0.0114449, 0.0111753, 0.0324717, 0.0710386, 0.11193, 0.11193, 0.142044, 0.730344, 0.184825, 0.406035, 0.523153, 0.912839, 1, 

12,71,0.001, 0.0111004, 0.0111753, 0.0324717, 0.0710386, 0.0835986, 1, 

13,40,0.001, 0.0114449, 0.0111753, 0.0324717, 0.0710386, 0.0835986, 0.11193, 0.142044, 1, 

Generation #35
15,38,0.001, 0.0111004, 0.0111753, 0.0324717, 0.0832817, 0.123175, 0.179336, 0.179582, 0.206886, 0.971248, 1, 

11,156,0.001, 0.0111004, 0.0111753, 0.0324717, 1, 

18,37,0.001, 0.0114449, 0.0111753, 0.0324717, 0.0710386, 0.11193, 0.11193, 0.142044, 0.730344, 0.184825, 0.406035, 0.523153, 0.912839, 1, 

12,71,0.001, 0.0111004, 0.0111753, 0.0324717, 0.0710386, 0.0835986, 1, 

13,40,0.001, 0.0114449, 0.0111753, 0.0324717, 0.0710386, 0.0835986, 0.11193, 0.142044, 1, 

Generation #36
15,38,0.001, 0.0111004, 0.0111753, 0.0324717, 0.0832817, 0.123175, 0.179336, 0.179582, 0.206886, 0.971248, 1, 

11,156,0.001, 0.0111004, 0.0111753, 0.0324717, 1, 

18,37,0.001, 0.0114449, 0.0111753, 0.0324717, 0.0710386, 0.11193, 0.11193, 0.142044, 0.730344, 0.184825, 0.406035, 0.523153, 0.912839, 1, 

12,71,0.001, 0.0111004, 0.0111753, 0.0324717, 0.0710386, 0.0835986, 1, 

13,40,0.001, 0.0114449, 0.0111753, 0.0324717, 0.0710386, 0.0835986, 0.11193, 0.142044, 1, 

Generation #37
15,38,0.001, 0.0111004, 0.0111753, 0.0324717, 0.0832817, 0.123175, 0.179336, 0.179582, 0.206886, 0.971248, 1, 

11,156,0.001, 0.0111004, 0.0111753, 0.0324717, 1, 

18,37,0.001, 0.0114449, 0.0111753, 0.0324717, 0.0710386, 0.11193, 0.11193, 0.142044, 0.730344, 0.184825, 0.406035, 0.523153, 0.912839, 1, 

12,71,0.001, 0.0111004, 0.0111753, 0.0324717, 0.0710386, 0.0835986, 1, 

13,40,0.001, 0.0114449, 0.0111753, 0.0324717, 0.0710386, 0.0835986, 0.11193, 0.142044, 1, 

Generation #38
15,38,0.001, 0.0111004, 0.0111753, 0.0324717, 0.0832817, 0.123175, 0.179336, 0.179582, 0.206886, 0.971248, 1, 

11,156,0.001, 0.0111004, 0.0111753, 0.0324717, 1, 

18,37,0.001, 0.0114449, 0.0111753, 0.0324717, 0.0710386, 0.11193, 0.11193, 0.142044, 0.730344, 0.184825, 0.406035, 0.523153, 0.912839, 1, 

12,71,0.001, 0.0111004, 0.0111753, 0.0324717, 0.0710386, 0.0835986, 1, 

13,40,0.001, 0.0114449, 0.0111753, 0.0324717, 0.0710386, 0.0835986, 0.11193, 0.142044, 1, 

Generation #39
15,38,0.001, 0.0111004, 0.0111753, 0.0324717, 0.0832817, 0.123175, 0.179336, 0.179582, 0.206886, 0.971248, 1, 

11,156,0.001, 0.0111004, 0.0111753, 0.0324717, 1, 

18,37,0.001, 0.0114449, 0.0111753, 0.0324717, 0.0710386, 0.11193, 0.11193, 0.142044, 0.730344, 0.184825, 0.406035, 0.523153, 0.912839, 1, 

12,71,0.001, 0.0111004, 0.0111753, 0.0324717, 0.0710386, 0.0835986, 1, 

13,40,0.001, 0.0114449, 0.0111753, 0.0324717, 0.0710386, 0.0835986, 0.11193, 0.142044, 1, 

Generation #40
15,38,0.001, 0.0111004, 0.0111753, 0.0324717, 0.0832817, 0.123175, 0.179336, 0.179582, 0.206886, 0.971248, 1, 

11,156,0.001, 0.0111004, 0.0111753, 0.0324717, 1, 

18,37,0.001, 0.0114449, 0.0111753, 0.0324717, 0.0710386, 0.11193, 0.11193, 0.142044, 0.730344, 0.184825, 0.406035, 0.523153, 0.912839, 1, 

12,71,0.001, 0.0111004, 0.0111753, 0.0324717, 0.0710386, 0.0835986, 1, 

13,40,0.001, 0.0114449, 0.0111753, 0.0324717, 0.0710386, 0.0835986, 0.11193, 0.142044, 1, 

Generation #41
15,38,0.001, 0.0111004, 0.0111753, 0.0324717, 0.0832817, 0.123175, 0.179336, 0.179582, 0.206886, 0.971248, 1, 

11,156,0.001, 0.0111004, 0.0111753, 0.0324717, 1, 

18,37,0.001, 0.0114449, 0.0111753, 0.0324717, 0.0710386, 0.11193, 0.11193, 0.142044, 0.730344, 0.184825, 0.406035, 0.523153, 0.912839, 1, 

13,40,0.001, 0.0114449, 0.0111753, 0.0324717, 0.0710386, 0.0835986, 0.11193, 0.142044, 1, 

12,64,0.001, 0.0111004, 0.0111753, 0.0324717, 0.0710386, 0.11193, 0.142044, 1, 

Generation #42
15,38,0.001, 0.0111004, 0.0111753, 0.0324717, 0.0832817, 0.123175, 0.179336, 0.179582, 0.206886, 0.971248, 1, 

11,156,0.001, 0.0111004, 0.0111753, 0.0324717, 1, 

18,37,0.001, 0.0114449, 0.0111753, 0.0324717, 0.0710386, 0.11193, 0.11193, 0.142044, 0.730344, 0.184825, 0.406035, 0.523153, 0.912839, 1, 

13,40,0.001, 0.0114449, 0.0111753, 0.0324717, 0.0710386, 0.0835986, 0.11193, 0.142044, 1, 

12,64,0.001, 0.0111004, 0.0111753, 0.0324717, 0.0710386, 0.11193, 0.142044, 1, 

Generation #43
15,38,0.001, 0.0111004, 0.0111753, 0.0324717, 0.0832817, 0.123175, 0.179336, 0.179582, 0.206886, 0.971248, 1, 

11,156,0.001, 0.0111004, 0.0111753, 0.0324717, 1, 

18,37,0.001, 0.0114449, 0.0111753, 0.0324717, 0.0710386, 0.11193, 0.11193, 0.142044, 0.730344, 0.184825, 0.406035, 0.523153, 0.912839, 1, 

13,40,0.001, 0.0114449, 0.0111753, 0.0324717, 0.0710386, 0.0835986, 0.11193, 0.142044, 1, 

12,64,0.001, 0.0111004, 0.0111753, 0.0324717, 0.0710386, 0.11193, 0.142044, 1, 

14,39,0.001, 0.0111004, 0.0111753, 0.0324717, 0.0710386, 0.11193, 0.11193, 0.142044, 0.730344, 1, 

Generation #44
15,38,0.001, 0.0111004, 0.0111753, 0.0324717, 0.0832817, 0.123175, 0.179336, 0.179582, 0.206886, 0.971248, 1, 

11,156,0.001, 0.0111004, 0.0111753, 0.0324717, 1, 

18,37,0.001, 0.0114449, 0.0111753, 0.0324717, 0.0710386, 0.11193, 0.11193, 0.142044, 0.730344, 0.184825, 0.406035, 0.523153, 0.912839, 1, 

13,40,0.001, 0.0114449, 0.0111753, 0.0324717, 0.0710386, 0.0835986, 0.11193, 0.142044, 1, 

12,64,0.001, 0.0111004, 0.0111753, 0.0324717, 0.0710386, 0.11193, 0.142044, 1, 

14,39,0.001, 0.0111004, 0.0111753, 0.0324717, 0.0710386, 0.11193, 0.11193, 0.142044, 0.730344, 1, 

Generation #45
15,38,0.001, 0.0111004, 0.0111753, 0.0324717, 0.0832817, 0.123175, 0.179336, 0.179582, 0.206886, 0.971248, 1, 

11,156,0.001, 0.0111004, 0.0111753, 0.0324717, 1, 

18,37,0.001, 0.0114449, 0.0111753, 0.0324717, 0.0710386, 0.11193, 0.11193, 0.142044, 0.730344, 0.184825, 0.406035, 0.523153, 0.912839, 1, 

13,40,0.001, 0.0114449, 0.0111753, 0.0324717, 0.0710386, 0.0835986, 0.11193, 0.142044, 1, 

12,64,0.001, 0.0111004, 0.0111753, 0.0324717, 0.0710386, 0.11193, 0.142044, 1, 

14,39,0.001, 0.0111004, 0.0111753, 0.0324717, 0.0710386, 0.11193, 0.11193, 0.142044, 0.730344, 1, 

Generation #46
15,38,0.001, 0.0111004, 0.0111753, 0.0324717, 0.0832817, 0.123175, 0.179336, 0.179582, 0.206886, 0.971248, 1, 

11,156,0.001, 0.0111004, 0.0111753, 0.0324717, 1, 

18,37,0.001, 0.0114449, 0.0111753, 0.0324717, 0.0710386, 0.11193, 0.11193, 0.142044, 0.730344, 0.184825, 0.406035, 0.523153, 0.912839, 1, 

13,40,0.001, 0.0114449, 0.0111753, 0.0324717, 0.0710386, 0.0835986, 0.11193, 0.142044, 1, 

12,64,0.001, 0.0111004, 0.0111753, 0.0324717, 0.0710386, 0.11193, 0.142044, 1, 

14,39,0.001, 0.0111004, 0.0111753, 0.0324717, 0.0710386, 0.11193, 0.11193, 0.142044, 0.730344, 1, 

Generation #47
15,38,0.001, 0.0111004, 0.0111753, 0.0324717, 0.0832817, 0.123175, 0.179336, 0.179582, 0.206886, 0.971248, 1, 

11,156,0.001, 0.0111004, 0.0111753, 0.0324717, 1, 

18,37,0.001, 0.0114449, 0.0111753, 0.0324717, 0.0710386, 0.11193, 0.11193, 0.142044, 0.730344, 0.184825, 0.406035, 0.523153, 0.912839, 1, 

13,40,0.001, 0.0114449, 0.0111753, 0.0324717, 0.0710386, 0.0835986, 0.11193, 0.142044, 1, 

14,39,0.001, 0.0111004, 0.0111753, 0.0324717, 0.0710386, 0.11193, 0.11193, 0.142044, 0.730344, 1, 

12,58,0.001, 0.0111004, 0.0111753, 0.0324717, 0.0710386, 0.0835986, 1, 

Generation #48
15,38,0.001, 0.0111004, 0.0111753, 0.0324717, 0.0832817, 0.123175, 0.179336, 0.179582, 0.206886, 0.971248, 1, 

11,156,0.001, 0.0111004, 0.0111753, 0.0324717, 1, 

18,37,0.001, 0.0114449, 0.0111753, 0.0324717, 0.0710386, 0.11193, 0.11193, 0.142044, 0.730344, 0.184825, 0.406035, 0.523153, 0.912839, 1, 

13,40,0.001, 0.0114449, 0.0111753, 0.0324717, 0.0710386, 0.0835986, 0.11193, 0.142044, 1, 

14,39,0.001, 0.0111004, 0.0111753, 0.0324717, 0.0710386, 0.11193, 0.11193, 0.142044, 0.730344, 1, 

12,58,0.001, 0.0111004, 0.0111753, 0.0324717, 0.0710386, 0.0835986, 1, 

Generation #49
15,38,0.001, 0.0111004, 0.0111753, 0.0324717, 0.0832817, 0.123175, 0.179336, 0.179582, 0.206886, 0.971248, 1, 

11,156,0.001, 0.0111004, 0.0111753, 0.0324717, 1, 

18,37,0.001, 0.0114449, 0.0111753, 0.0324717, 0.0710386, 0.11193, 0.11193, 0.142044, 0.730344, 0.184825, 0.406035, 0.523153, 0.912839, 1, 

13,40,0.001, 0.0114449, 0.0111753, 0.0324717, 0.0710386, 0.0835986, 0.11193, 0.142044, 1, 

14,39,0.001, 0.0111004, 0.0111753, 0.0324717, 0.0710386, 0.11193, 0.11193, 0.142044, 0.730344, 1, 

12,58,0.001, 0.0111004, 0.0111753, 0.0324717, 0.0710386, 0.0835986, 1, 

--- Pareto Front Solutions ---
Solution 0: N total=39 (N_initial=24, N_added=15), Time total=42 ms, Saved to: ./results/2^30_t2_l3_pareto_0.csv, percents=0.001, 0.0111004, 0.0111753, 0.0324717, 0.0832817, 0.123175, 0.179336, 0.179582, 0.206886, 0.971248, 1, 

Solution 1: N total=35 (N_initial=24, N_added=11), Time total=160 ms, Saved to: ./results/2^30_t2_l3_pareto_1.csv, percents=0.001, 0.0111004, 0.0111753, 0.0324717, 1, 

Solution 2: N total=42 (N_initial=24, N_added=18), Time total=41 ms, Saved to: ./results/2^30_t2_l3_pareto_2.csv, percents=0.001, 0.0114449, 0.0111753, 0.0324717, 0.0710386, 0.11193, 0.11193, 0.142044, 0.730344, 0.184825, 0.406035, 0.523153, 0.912839, 1, 

Solution 3: N total=37 (N_initial=24, N_added=13), Time total=44 ms, Saved to: ./results/2^30_t2_l3_pareto_3.csv, percents=0.001, 0.0114449, 0.0111753, 0.0324717, 0.0710386, 0.0835986, 0.11193, 0.142044, 1, 

Solution 4: N total=38 (N_initial=24, N_added=14), Time total=43 ms, Saved to: ./results/2^30_t2_l3_pareto_4.csv, percents=0.001, 0.0111004, 0.0111753, 0.0324717, 0.0710386, 0.11193, 0.11193, 0.142044, 0.730344, 1, 

Solution 5: N total=36 (N_initial=24, N_added=12), Time total=62 ms, Saved to: ./results/2^30_t2_l3_pareto_5.csv, percents=0.001, 0.0111004, 0.0111753, 0.0324717, 0.0710386, 0.0835986, 1, 

------------d=1, t=2, lambda=4, filename=./evaluation/2^30-t2_l4.csv------------
Grouping d-sets by partitioned row counts for detecting arrays...
Ready to look at pairs for detecting arrays...
First Stage N=28, Time=7
There are 27441 remaining non-locating pairs
--- Running GA Algorithm (phase2) ---
Running GA with std::execution::par
Generation #0
23,1400,0.001, 0.143216, 0.299291, 0.319628, 0.33801, 0.361417, 0.473035, 0.485902, 0.642019, 0.695195, 0.912251, 1, 

26,802,0.001, 0.0383635, 0.0653031, 0.0880958, 0.222456, 0.246424, 0.271197, 0.385294, 0.413477, 0.540331, 0.739594, 0.807291, 0.814577, 0.89732, 0.915097, 1, 

21,1532,0.001, 0.127781, 0.166239, 0.169855, 0.308073, 0.581843, 0.625096, 0.634336, 0.778029, 0.878835, 0.904729, 1, 

25,1241,0.001, 0.121585, 0.247782, 0.248443, 0.333433, 0.366521, 0.447888, 0.62835, 0.915479, 0.938036, 0.965914, 0.969496, 0.991603, 1, 

22,1514,0.001, 0.0706686, 0.27554, 0.406614, 0.556635, 0.579524, 0.620568, 0.637367, 0.700864, 0.815581, 1, 

29,393,0.001, 0.0273412, 0.0750803, 0.0960175, 0.099712, 0.106297, 0.166645, 0.172612, 0.206685, 0.342505, 0.372092, 0.414845, 0.422412, 0.484043, 0.516304, 0.568974, 0.590803, 0.726658, 0.770434, 1, 

Generation #1
21,394,0.001, 0.0324563, 0.0430726, 0.30257, 0.363429, 0.486276, 0.494381, 0.50863, 0.645131, 0.708495, 0.791028, 1, 

37,221,0.001, 0.0196199, 0.0205846, 0.0225272, 0.122471, 0.17744, 0.250494, 0.275398, 0.425113, 0.427941, 0.429185, 0.470665, 0.578214, 0.387358, 0.481307, 0.507449, 0.509486, 0.516034, 0.546571, 0.570769, 0.583561, 0.620182, 0.662255, 0.799584, 0.866148, 0.935839, 0.975268, 1, 

26,360,0.001, 0.0324563, 0.0430726, 0.140068, 0.158061, 0.178317, 0.202924, 0.234794, 0.251605, 0.294684, 0.336827, 0.517259, 0.767251, 0.861245, 0.862799, 1, 

27,275,0.001, 0.0261976, 0.0668098, 0.0959938, 0.143058, 0.14992, 0.259086, 0.51016, 0.63191, 0.673666, 0.676435, 0.738558, 0.746697, 0.750744, 0.813918, 0.820297, 0.861344, 0.891021, 1, 

Generation #2
21,180,0.001, 0.0196199, 0.0205846, 0.0225272, 0.122471, 0.17744, 0.250494, 0.634336, 0.778029, 0.878835, 0.904729, 1, 

20,490,0.001, 0.0653031, 0.0880958, 0.222456, 0.246424, 0.271197, 0.634336, 0.778029, 0.878835, 0.904729, 1, 

Generation #3
21,180,0.001, 0.0196199, 0.0205846, 0.0225272, 0.122471, 0.17744, 0.250494, 0.634336, 0.778029, 0.878835, 0.904729, 1, 

19,225,0.001, 0.0188374, 0.070835, 0.0758816, 0.0852822, 0.106297, 0.166645, 0.312729, 0.334488, 0.996132, 1, 

Generation #4
21,180,0.001, 0.0196199, 0.0205846, 0.0225272, 0.122471, 0.17744, 0.250494, 0.634336, 0.778029, 0.878835, 0.904729, 1, 

19,225,0.001, 0.0188374, 0.070835, 0.0758816, 0.0852822, 0.106297, 0.166645, 0.312729, 0.334488, 0.996132, 1, 

18,406,0.001, 0.0273412, 0.0750803, 0.0960175, 0.099712, 0.0738533, 0.780018, 0.86517, 1, 

Generation #5
19,177,0.001, 0.0196199, 0.0205846, 0.0235355, 0.0225272, 0.122471, 0.17744, 0.312729, 0.194183, 0.996132, 1, 

18,304,0.001, 0.0196199, 0.0205846, 0.0225272, 0.122471, 0.17744, 0.306139, 0.331336, 0.904729, 1, 

25,171,0.001, 0.0261976, 0.0668098, 0.143058, 0.14992, 0.259086, 0.51016, 0.63191, 0.400908, 0.406516, 0.446656, 0.447063, 0.455795, 0.915097, 1, 

Generation #6
19,177,0.001, 0.0196199, 0.0205846, 0.0235355, 0.0225272, 0.122471, 0.17744, 0.312729, 0.194183, 0.996132, 1, 

18,304,0.001, 0.0196199, 0.0205846, 0.0225272, 0.122471, 0.17744, 0.306139, 0.331336, 0.904729, 1, 

20,137,0.001, 0.0105495, 0.03871, 0.0831532, 0.12368, 0.134507, 0.173414, 0.312729, 0.334488, 0.996132, 1, 

Generation #7
18,116,0.001, 0.0105495, 0.03871, 0.0831532, 0.12368, 0.134507, 0.312729, 0.334488, 0.996132, 1, 

Generation #8
18,116,0.001, 0.0105495, 0.03871, 0.0831532, 0.12368, 0.134507, 0.312729, 0.334488, 0.996132, 1, 

Generation #9
18,116,0.001, 0.0105495, 0.03871, 0.0831532, 0.12368, 0.134507, 0.312729, 0.334488, 0.996132, 1, 

Generation #10
18,116,0.001, 0.0105495, 0.03871, 0.0831532, 0.12368, 0.134507, 0.312729, 0.334488, 0.996132, 1, 

Generation #11
17,116,0.001, 0.0105495, 0.03871, 0.0401698, 0.0543665, 0.120232, 0.171744, 0.861356, 0.913877, 1, 

Generation #12
17,116,0.001, 0.0105495, 0.03871, 0.0401698, 0.0543665, 0.120232, 0.171744, 0.861356, 0.913877, 1, 

Generation #13
17,116,0.001, 0.0105495, 0.03871, 0.0401698, 0.0543665, 0.120232, 0.171744, 0.861356, 0.913877, 1, 

Generation #14
19,108,0.001, 0.0105495, 0.0205846, 0.0401698, 0.0543665, 0.120232, 0.166645, 0.312729, 0.194183, 0.996132, 1, 

17,114,0.001, 0.0105495, 0.0205846, 0.0225272, 0.122471, 0.134507, 0.312729, 0.904729, 1, 

16,141,0.001, 0.0105495, 0.0205846, 0.0225272, 0.122471, 0.134507, 0.173414, 1, 

Generation #15
19,108,0.001, 0.0105495, 0.0205846, 0.0401698, 0.0543665, 0.120232, 0.166645, 0.312729, 0.194183, 0.996132, 1, 

17,114,0.001, 0.0105495, 0.0205846, 0.0225272, 0.122471, 0.134507, 0.312729, 0.904729, 1, 

16,141,0.001, 0.0105495, 0.0205846, 0.0225272, 0.122471, 0.134507, 0.173414, 1, 

15,145,0.001, 0.0105495, 0.0205846, 0.0225272, 0.122471, 0.134507, 1, 

Generation #16
19,108,0.001, 0.0105495, 0.0205846, 0.0401698, 0.0543665, 0.120232, 0.166645, 0.312729, 0.194183, 0.996132, 1, 

17,114,0.001, 0.0105495, 0.0205846, 0.0225272, 0.122471, 0.134507, 0.312729, 0.904729, 1, 

16,141,0.001, 0.0105495, 0.0205846, 0.0225272, 0.122471, 0.134507, 0.173414, 1, 

15,145,0.001, 0.0105495, 0.0205846, 0.0225272, 0.122471, 0.134507, 1, 

Generation #17
19,108,0.001, 0.0105495, 0.0205846, 0.0401698, 0.0543665, 0.120232, 0.166645, 0.312729, 0.194183, 0.996132, 1, 

17,114,0.001, 0.0105495, 0.0205846, 0.0225272, 0.122471, 0.134507, 0.312729, 0.904729, 1, 

15,116,0.001, 0.0105495, 0.0205846, 0.0225272, 0.122471, 0.134507, 0.173414, 1, 

Generation #18
15,116,0.001, 0.0105495, 0.0205846, 0.0225272, 0.122471, 0.134507, 0.173414, 1, 

17,99,0.001, 0.0105495, 0.0205846, 0.0401698, 0.126339, 0.0543665, 0.120232, 0.166645, 1, 

Generation #19
15,116,0.001, 0.0105495, 0.0205846, 0.0225272, 0.122471, 0.134507, 0.173414, 1, 

17,99,0.001, 0.0105495, 0.0205846, 0.0401698, 0.126339, 0.0543665, 0.120232, 0.166645, 1, 

Generation #20
15,116,0.001, 0.0105495, 0.0205846, 0.0225272, 0.122471, 0.134507, 0.173414, 1, 

17,99,0.001, 0.0105495, 0.0205846, 0.0401698, 0.126339, 0.0543665, 0.120232, 0.166645, 1, 

Generation #21
15,116,0.001, 0.0105495, 0.0205846, 0.0225272, 0.122471, 0.134507, 0.173414, 1, 

17,99,0.001, 0.0105495, 0.0205846, 0.0401698, 0.126339, 0.0543665, 0.120232, 0.166645, 1, 

Generation #22
15,116,0.001, 0.0105495, 0.0205846, 0.0225272, 0.122471, 0.134507, 0.173414, 1, 

17,99,0.001, 0.0105495, 0.0205846, 0.0401698, 0.126339, 0.0543665, 0.120232, 0.166645, 1, 

18,85,0.001, 0.0105495, 0.0205846, 0.0225272, 0.122471, 0.134507, 0.173414, 1, 

Generation #23
15,116,0.001, 0.0105495, 0.0205846, 0.0225272, 0.122471, 0.134507, 0.173414, 1, 

17,99,0.001, 0.0105495, 0.0205846, 0.0401698, 0.126339, 0.0543665, 0.120232, 0.166645, 1, 

18,85,0.001, 0.0105495, 0.0205846, 0.0225272, 0.122471, 0.134507, 0.173414, 1, 

Generation #24
15,116,0.001, 0.0105495, 0.0205846, 0.0225272, 0.122471, 0.134507, 0.173414, 1, 

17,99,0.001, 0.0105495, 0.0205846, 0.0401698, 0.126339, 0.0543665, 0.120232, 0.166645, 1, 

18,85,0.001, 0.0105495, 0.0205846, 0.0225272, 0.122471, 0.134507, 0.173414, 1, 

Generation #25
15,116,0.001, 0.0105495, 0.0205846, 0.0225272, 0.122471, 0.134507, 0.173414, 1, 

17,99,0.001, 0.0105495, 0.0205846, 0.0401698, 0.126339, 0.0543665, 0.120232, 0.166645, 1, 

18,85,0.001, 0.0105495, 0.0205846, 0.0225272, 0.122471, 0.134507, 0.173414, 1, 

Generation #26
15,116,0.001, 0.0105495, 0.0205846, 0.0225272, 0.122471, 0.134507, 0.173414, 1, 

17,99,0.001, 0.0105495, 0.0205846, 0.0401698, 0.126339, 0.0543665, 0.120232, 0.166645, 1, 

18,85,0.001, 0.0105495, 0.0205846, 0.0225272, 0.122471, 0.134507, 0.173414, 1, 

14,208,0.001, 0.0205846, 0.0225272, 0.122471, 0.250494, 1, 

Generation #27
15,116,0.001, 0.0105495, 0.0205846, 0.0225272, 0.122471, 0.134507, 0.173414, 1, 

17,99,0.001, 0.0105495, 0.0205846, 0.0401698, 0.126339, 0.0543665, 0.120232, 0.166645, 1, 

18,85,0.001, 0.0105495, 0.0205846, 0.0225272, 0.122471, 0.134507, 0.173414, 1, 

16,114,0.001, 0.0105495, 0.0205846, 0.0225272, 0.122471, 0.134507, 0.173414, 1, 

14,207,0.001, 0.0105495, 0.0205846, 0.0225272, 0.122471, 1, 

Generation #28
15,116,0.001, 0.0105495, 0.0205846, 0.0225272, 0.122471, 0.134507, 0.173414, 1, 

17,99,0.001, 0.0105495, 0.0205846, 0.0401698, 0.126339, 0.0543665, 0.120232, 0.166645, 1, 

18,85,0.001, 0.0105495, 0.0205846, 0.0225272, 0.122471, 0.134507, 0.173414, 1, 

16,114,0.001, 0.0105495, 0.0205846, 0.0225272, 0.122471, 0.134507, 0.173414, 1, 

14,207,0.001, 0.0105495, 0.0205846, 0.0225272, 0.122471, 1, 

Generation #29
15,116,0.001, 0.0105495, 0.0205846, 0.0225272, 0.122471, 0.134507, 0.173414, 1, 

17,99,0.001, 0.0105495, 0.0205846, 0.0401698, 0.126339, 0.0543665, 0.120232, 0.166645, 1, 

18,85,0.001, 0.0105495, 0.0205846, 0.0225272, 0.122471, 0.134507, 0.173414, 1, 

16,114,0.001, 0.0105495, 0.0205846, 0.0225272, 0.122471, 0.134507, 0.173414, 1, 

14,207,0.001, 0.0105495, 0.0205846, 0.0225272, 0.122471, 1, 

Generation #30
15,116,0.001, 0.0105495, 0.0205846, 0.0225272, 0.122471, 0.134507, 0.173414, 1, 

17,99,0.001, 0.0105495, 0.0205846, 0.0401698, 0.126339, 0.0543665, 0.120232, 0.166645, 1, 

18,85,0.001, 0.0105495, 0.0205846, 0.0225272, 0.122471, 0.134507, 0.173414, 1, 

16,114,0.001, 0.0105495, 0.0205846, 0.0225272, 0.122471, 0.134507, 0.173414, 1, 

14,199,0.001, 0.0105495, 0.0205846, 0.0401698, 0.0543665, 0.120232, 1, 

Generation #31
15,116,0.001, 0.0105495, 0.0205846, 0.0225272, 0.122471, 0.134507, 0.173414, 1, 

17,99,0.001, 0.0105495, 0.0205846, 0.0401698, 0.126339, 0.0543665, 0.120232, 0.166645, 1, 

18,85,0.001, 0.0105495, 0.0205846, 0.0225272, 0.122471, 0.134507, 0.173414, 1, 

16,114,0.001, 0.0105495, 0.0205846, 0.0225272, 0.122471, 0.134507, 0.173414, 1, 

14,199,0.001, 0.0105495, 0.0205846, 0.0401698, 0.0543665, 0.120232, 1, 

Generation #32
15,116,0.001, 0.0105495, 0.0205846, 0.0225272, 0.122471, 0.134507, 0.173414, 1, 

17,99,0.001, 0.0105495, 0.0205846, 0.0401698, 0.126339, 0.0543665, 0.120232, 0.166645, 1, 

18,85,0.001, 0.0105495, 0.0205846, 0.0225272, 0.122471, 0.134507, 0.173414, 1, 

16,114,0.001, 0.0105495, 0.0205846, 0.0225272, 0.122471, 0.134507, 0.173414, 1, 

14,199,0.001, 0.0105495, 0.0205846, 0.0401698, 0.0543665, 0.120232, 1, 

Generation #33
15,116,0.001, 0.0105495, 0.0205846, 0.0225272, 0.122471, 0.134507, 0.173414, 1, 

17,99,0.001, 0.0105495, 0.0205846, 0.0401698, 0.126339, 0.0543665, 0.120232, 0.166645, 1, 

18,85,0.001, 0.0105495, 0.0205846, 0.0225272, 0.122471, 0.134507, 0.173414, 1, 

16,114,0.001, 0.0105495, 0.0205846, 0.0225272, 0.122471, 0.134507, 0.173414, 1, 

14,199,0.001, 0.0105495, 0.0205846, 0.0401698, 0.0543665, 0.120232, 1, 

Generation #34
15,116,0.001, 0.0105495, 0.0205846, 0.0225272, 0.122471, 0.134507, 0.173414, 1, 

17,99,0.001, 0.0105495, 0.0205846, 0.0401698, 0.126339, 0.0543665, 0.120232, 0.166645, 1, 

18,85,0.001, 0.0105495, 0.0205846, 0.0225272, 0.122471, 0.134507, 0.173414, 1, 

16,114,0.001, 0.0105495, 0.0205846, 0.0225272, 0.122471, 0.134507, 0.173414, 1, 

14,199,0.001, 0.0105495, 0.0205846, 0.0401698, 0.0543665, 0.120232, 1, 

Generation #35
15,116,0.001, 0.0105495, 0.0205846, 0.0225272, 0.122471, 0.134507, 0.173414, 1, 

17,99,0.001, 0.0105495, 0.0205846, 0.0401698, 0.126339, 0.0543665, 0.120232, 0.166645, 1, 

18,85,0.001, 0.0105495, 0.0205846, 0.0225272, 0.122471, 0.134507, 0.173414, 1, 

16,114,0.001, 0.0105495, 0.0205846, 0.0225272, 0.122471, 0.134507, 0.173414, 1, 

14,199,0.001, 0.0105495, 0.0205846, 0.0401698, 0.0543665, 0.120232, 1, 

Generation #36
15,116,0.001, 0.0105495, 0.0205846, 0.0225272, 0.122471, 0.134507, 0.173414, 1, 

17,99,0.001, 0.0105495, 0.0205846, 0.0401698, 0.126339, 0.0543665, 0.120232, 0.166645, 1, 

18,85,0.001, 0.0105495, 0.0205846, 0.0225272, 0.122471, 0.134507, 0.173414, 1, 

16,114,0.001, 0.0105495, 0.0205846, 0.0225272, 0.122471, 0.134507, 0.173414, 1, 

14,199,0.001, 0.0105495, 0.0205846, 0.0401698, 0.0543665, 0.120232, 1, 

Generation #37
15,116,0.001, 0.0105495, 0.0205846, 0.0225272, 0.122471, 0.134507, 0.173414, 1, 

17,99,0.001, 0.0105495, 0.0205846, 0.0401698, 0.126339, 0.0543665, 0.120232, 0.166645, 1, 

18,85,0.001, 0.0105495, 0.0205846, 0.0225272, 0.122471, 0.134507, 0.173414, 1, 

16,114,0.001, 0.0105495, 0.0205846, 0.0225272, 0.122471, 0.134507, 0.173414, 1, 

14,187,0.001, 0.0105495, 0.0205846, 0.0225272, 0.0290022, 1, 

Generation #38
15,116,0.001, 0.0105495, 0.0205846, 0.0225272, 0.122471, 0.134507, 0.173414, 1, 

17,99,0.001, 0.0105495, 0.0205846, 0.0401698, 0.126339, 0.0543665, 0.120232, 0.166645, 1, 

18,85,0.001, 0.0105495, 0.0205846, 0.0225272, 0.122471, 0.134507, 0.173414, 1, 

16,114,0.001, 0.0105495, 0.0205846, 0.0225272, 0.122471, 0.134507, 0.173414, 1, 

14,187,0.001, 0.0105495, 0.0205846, 0.0225272, 0.0290022, 1, 

Generation #39
15,116,0.001, 0.0105495, 0.0205846, 0.0225272, 0.122471, 0.134507, 0.173414, 1, 

17,99,0.001, 0.0105495, 0.0205846, 0.0401698, 0.126339, 0.0543665, 0.120232, 0.166645, 1, 

18,85,0.001, 0.0105495, 0.0205846, 0.0225272, 0.122471, 0.134507, 0.173414, 1, 

16,114,0.001, 0.0105495, 0.0205846, 0.0225272, 0.122471, 0.134507, 0.173414, 1, 

14,187,0.001, 0.0105495, 0.0205846, 0.0225272, 0.0290022, 1, 

Generation #40
15,116,0.001, 0.0105495, 0.0205846, 0.0225272, 0.122471, 0.134507, 0.173414, 1, 

18,85,0.001, 0.0105495, 0.0205846, 0.0225272, 0.122471, 0.134507, 0.173414, 1, 

16,114,0.001, 0.0105495, 0.0205846, 0.0225272, 0.122471, 0.134507, 0.173414, 1, 

14,187,0.001, 0.0105495, 0.0205846, 0.0225272, 0.0290022, 1, 

17,93,0.001, 0.0105495, 0.0205846, 0.0225272, 0.122471, 0.0543665, 0.120232, 0.166645, 1, 

Generation #41
15,116,0.001, 0.0105495, 0.0205846, 0.0225272, 0.122471, 0.134507, 0.173414, 1, 

18,85,0.001, 0.0105495, 0.0205846, 0.0225272, 0.122471, 0.134507, 0.173414, 1, 

16,114,0.001, 0.0105495, 0.0205846, 0.0225272, 0.122471, 0.134507, 0.173414, 1, 

14,187,0.001, 0.0105495, 0.0205846, 0.0225272, 0.0290022, 1, 

17,93,0.001, 0.0105495, 0.0205846, 0.0225272, 0.122471, 0.0543665, 0.120232, 0.166645, 1, 

Generation #42
15,116,0.001, 0.0105495, 0.0205846, 0.0225272, 0.122471, 0.134507, 0.173414, 1, 

18,85,0.001, 0.0105495, 0.0205846, 0.0225272, 0.122471, 0.134507, 0.173414, 1, 

16,114,0.001, 0.0105495, 0.0205846, 0.0225272, 0.122471, 0.134507, 0.173414, 1, 

14,187,0.001, 0.0105495, 0.0205846, 0.0225272, 0.0290022, 1, 

17,93,0.001, 0.0105495, 0.0205846, 0.0225272, 0.122471, 0.0543665, 0.120232, 0.166645, 1, 

Generation #43
15,116,0.001, 0.0105495, 0.0205846, 0.0225272, 0.122471, 0.134507, 0.173414, 1, 

18,85,0.001, 0.0105495, 0.0205846, 0.0225272, 0.122471, 0.134507, 0.173414, 1, 

16,114,0.001, 0.0105495, 0.0205846, 0.0225272, 0.122471, 0.134507, 0.173414, 1, 

14,187,0.001, 0.0105495, 0.0205846, 0.0225272, 0.0290022, 1, 

17,93,0.001, 0.0105495, 0.0205846, 0.0225272, 0.122471, 0.0543665, 0.120232, 0.166645, 1, 

Generation #44
15,116,0.001, 0.0105495, 0.0205846, 0.0225272, 0.122471, 0.134507, 0.173414, 1, 

18,85,0.001, 0.0105495, 0.0205846, 0.0225272, 0.122471, 0.134507, 0.173414, 1, 

16,114,0.001, 0.0105495, 0.0205846, 0.0225272, 0.122471, 0.134507, 0.173414, 1, 

14,187,0.001, 0.0105495, 0.0205846, 0.0225272, 0.0290022, 1, 

17,93,0.001, 0.0105495, 0.0205846, 0.0225272, 0.122471, 0.0543665, 0.120232, 0.166645, 1, 

Generation #45
15,116,0.001, 0.0105495, 0.0205846, 0.0225272, 0.122471, 0.134507, 0.173414, 1, 

18,85,0.001, 0.0105495, 0.0205846, 0.0225272, 0.122471, 0.134507, 0.173414, 1, 

16,114,0.001, 0.0105495, 0.0205846, 0.0225272, 0.122471, 0.134507, 0.173414, 1, 

14,187,0.001, 0.0105495, 0.0205846, 0.0225272, 0.0290022, 1, 

17,93,0.001, 0.0105495, 0.0205846, 0.0225272, 0.122471, 0.0543665, 0.120232, 0.166645, 1, 

Generation #46
15,116,0.001, 0.0105495, 0.0205846, 0.0225272, 0.122471, 0.134507, 0.173414, 1, 

18,85,0.001, 0.0105495, 0.0205846, 0.0225272, 0.122471, 0.134507, 0.173414, 1, 

16,114,0.001, 0.0105495, 0.0205846, 0.0225272, 0.122471, 0.134507, 0.173414, 1, 

14,187,0.001, 0.0105495, 0.0205846, 0.0225272, 0.0290022, 1, 

17,93,0.001, 0.0105495, 0.0205846, 0.0225272, 0.122471, 0.0543665, 0.120232, 0.166645, 1, 

Generation #47
15,116,0.001, 0.0105495, 0.0205846, 0.0225272, 0.122471, 0.134507, 0.173414, 1, 

18,85,0.001, 0.0105495, 0.0205846, 0.0225272, 0.122471, 0.134507, 0.173414, 1, 

16,114,0.001, 0.0105495, 0.0205846, 0.0225272, 0.122471, 0.134507, 0.173414, 1, 

14,187,0.001, 0.0105495, 0.0205846, 0.0225272, 0.0290022, 1, 

17,93,0.001, 0.0105495, 0.0205846, 0.0225272, 0.122471, 0.0543665, 0.120232, 0.166645, 1, 

Generation #48
15,116,0.001, 0.0105495, 0.0205846, 0.0225272, 0.122471, 0.134507, 0.173414, 1, 

18,85,0.001, 0.0105495, 0.0205846, 0.0225272, 0.122471, 0.134507, 0.173414, 1, 

14,187,0.001, 0.0105495, 0.0205846, 0.0225272, 0.0290022, 1, 

17,93,0.001, 0.0105495, 0.0205846, 0.0225272, 0.122471, 0.0543665, 0.120232, 0.166645, 1, 

16,106,0.001, 0.0105495, 0.0205846, 0.0401698, 0.0543665, 0.120232, 0.166645, 1, 

Generation #49
15,116,0.001, 0.0105495, 0.0205846, 0.0225272, 0.122471, 0.134507, 0.173414, 1, 

18,85,0.001, 0.0105495, 0.0205846, 0.0225272, 0.122471, 0.134507, 0.173414, 1, 

14,187,0.001, 0.0105495, 0.0205846, 0.0225272, 0.0290022, 1, 

17,93,0.001, 0.0105495, 0.0205846, 0.0225272, 0.122471, 0.0543665, 0.120232, 0.166645, 1, 

16,106,0.001, 0.0105495, 0.0205846, 0.0401698, 0.0543665, 0.120232, 0.166645, 1, 

--- Pareto Front Solutions ---
Solution 0: N total=43 (N_initial=28, N_added=15), Time total=123 ms, Saved to: ./results/2^30_t2_l4_pareto_0.csv, percents=0.001, 0.0105495, 0.0205846, 0.0225272, 0.122471, 0.134507, 0.173414, 1, 

Solution 1: N total=46 (N_initial=28, N_added=18), Time total=92 ms, Saved to: ./results/2^30_t2_l4_pareto_1.csv, percents=0.001, 0.0105495, 0.0205846, 0.0225272, 0.122471, 0.134507, 0.173414, 1, 

Solution 2: N total=42 (N_initial=28, N_added=14), Time total=194 ms, Saved to: ./results/2^30_t2_l4_pareto_2.csv, percents=0.001, 0.0105495, 0.0205846, 0.0225272, 0.0290022, 1, 

Solution 3: N total=45 (N_initial=28, N_added=17), Time total=100 ms, Saved to: ./results/2^30_t2_l4_pareto_3.csv, percents=0.001, 0.0105495, 0.0205846, 0.0225272, 0.122471, 0.0543665, 0.120232, 0.166645, 1, 

Solution 4: N total=44 (N_initial=28, N_added=16), Time total=113 ms, Saved to: ./results/2^30_t2_l4_pareto_4.csv, percents=0.001, 0.0105495, 0.0205846, 0.0401698, 0.0543665, 0.120232, 0.166645, 1, 

