------------d=1, t=2, lambda=1, filename=./evaluation/Apache/Apache_2_1.csv------------
Grouping d-sets by partitioned row counts for detecting arrays...
Ready to look at pairs for detecting arrays...
First Stage N=60, Time=164
There are 42859 remaining non-locating pairs
--- Running GA Algorithm (phase2) ---
Running GA with std::execution::par
Generation #0
77,2254,0.001, 0.00563984, 0.0472926, 0.0698625, 0.0751163, 0.198198, 0.226628, 0.274555, 0.301448, 0.330416, 0.408317, 0.413537, 0.600954, 0.665264, 0.673547, 0.693171, 0.748014, 0.773028, 0.803385, 0.892334, 0.903401, 1, 

64,6929,0.001, 0.0970704, 0.133815, 0.193307, 0.314824, 0.330009, 0.392028, 0.397921, 0.422169, 0.783244, 0.803073, 0.930679, 1, 

70,3401,0.001, 0.017851, 0.0501659, 0.0513067, 0.110065, 0.137015, 0.159559, 0.187127, 0.248876, 0.279032, 0.421249, 0.482314, 0.608711, 0.629831, 0.648283, 0.693314, 0.753794, 0.76718, 0.888482, 0.910419, 0.911522, 1, 

75,3107,0.001, 0.0110509, 0.0391854, 0.0928903, 0.129683, 0.148351, 0.15305, 0.161136, 0.234665, 0.262227, 0.262612, 0.288228, 0.29071, 0.387741, 0.387959, 0.439057, 0.598829, 0.623264, 0.646717, 0.734431, 0.75492, 0.778334, 0.828504, 0.918703, 0.937746, 1, 

63,14519,0.001, 0.134803, 0.221837, 0.302436, 0.583685, 0.666923, 0.687387, 0.775528, 0.797689, 0.831146, 0.990146, 1, 

68,5232,0.001, 0.0485364, 0.0638381, 0.103473, 0.112512, 0.157387, 0.207509, 0.233497, 0.34024, 0.425078, 0.623749, 0.642961, 0.77327, 0.821051, 0.86027, 0.97724, 1, 

Generation #1
62,2389,0.001, 0.0266537, 0.037516, 0.040253, 0.075425, 0.14546, 0.153692, 0.905804, 0.913058, 1, 

68,1349,0.001, 0.00563984, 0.0472926, 0.0698625, 0.198198, 0.226628, 0.274555, 0.301448, 0.330416, 0.408317, 0.680059, 0.821016, 0.853868, 0.979439, 1, 

66,1774,0.001, 0.0141455, 0.0218816, 0.0456565, 0.126535, 0.171676, 0.392028, 0.397921, 0.422169, 0.783244, 0.803073, 0.930679, 1, 

Generation #2
62,2389,0.001, 0.0266537, 0.037516, 0.040253, 0.075425, 0.14546, 0.153692, 0.905804, 0.913058, 1, 

68,1349,0.001, 0.00563984, 0.0472926, 0.0698625, 0.198198, 0.226628, 0.274555, 0.301448, 0.330416, 0.408317, 0.680059, 0.821016, 0.853868, 0.979439, 1, 

66,1774,0.001, 0.0141455, 0.0218816, 0.0456565, 0.126535, 0.171676, 0.392028, 0.397921, 0.422169, 0.783244, 0.803073, 0.930679, 1, 

61,5742,0.001, 0.0720436, 0.120518, 0.216134, 0.240205, 0.316409, 0.38425, 0.397094, 0.439128, 1, 

Generation #3
68,1349,0.001, 0.00563984, 0.0472926, 0.0698625, 0.198198, 0.226628, 0.274555, 0.301448, 0.330416, 0.408317, 0.680059, 0.821016, 0.853868, 0.979439, 1, 

67,1529,0.001, 0.00563984, 0.0472926, 0.0698625, 0.0751163, 0.198198, 0.226628, 0.274555, 0.301448, 0.330416, 0.400537, 0.470213, 0.887786, 1, 

59,2095,0.001, 0.00563984, 0.0472926, 0.0698625, 0.393744, 0.428939, 0.153692, 0.905804, 0.913058, 1, 

65,1727,0.001, 0.00563984, 0.0472926, 0.0698625, 0.393744, 0.428939, 0.462547, 0.528912, 0.586828, 0.59682, 0.793639, 0.806633, 1, 

Generation #4
59,2095,0.001, 0.00563984, 0.0472926, 0.0698625, 0.393744, 0.428939, 0.153692, 0.905804, 0.913058, 1, 

60,1801,0.001, 0.0110509, 0.0391854, 0.0928903, 0.129683, 0.148351, 0.15305, 0.161136, 0.097744, 0.390229, 1, 

63,1003,0.001, 0.00563984, 0.0472926, 0.0698625, 0.0663368, 0.100799, 0.164494, 0.217953, 0.230267, 0.239707, 0.475426, 0.477239, 0.511489, 1, 

Generation #5
63,1003,0.001, 0.00563984, 0.0472926, 0.0698625, 0.0663368, 0.100799, 0.164494, 0.217953, 0.230267, 0.239707, 0.475426, 0.477239, 0.511489, 1, 

58,1503,0.001, 0.00563984, 0.0472926, 0.0698625, 0.0751163, 0.198198, 0.153692, 0.905804, 0.913058, 1, 

Generation #6
63,1003,0.001, 0.00563984, 0.0472926, 0.0698625, 0.0663368, 0.100799, 0.164494, 0.217953, 0.230267, 0.239707, 0.475426, 0.477239, 0.511489, 1, 

58,1503,0.001, 0.00563984, 0.0472926, 0.0698625, 0.0751163, 0.198198, 0.153692, 0.905804, 0.913058, 1, 

62,1280,0.001, 0.00563984, 0.0472926, 0.0698625, 0.240205, 0.316409, 0.38425, 0.397094, 0.439128, 1, 

Generation #7
58,1503,0.001, 0.00563984, 0.0472926, 0.0698625, 0.0751163, 0.198198, 0.153692, 0.905804, 0.913058, 1, 

59,1397,0.001, 0.00563984, 0.0218816, 0.0456565, 0.158484, 0.171676, 0.392028, 0.397921, 0.422169, 0.438379, 1, 

61,1178,0.001, 0.00563984, 0.0472926, 0.0698625, 0.075425, 0.14546, 0.153692, 0.905804, 0.913058, 1, 

62,1003,0.001, 0.00563984, 0.0218816, 0.0456565, 0.0220947, 0.158484, 0.171676, 0.392028, 0.397921, 0.422169, 0.783244, 1, 

Generation #8
58,1503,0.001, 0.00563984, 0.0472926, 0.0698625, 0.0751163, 0.198198, 0.153692, 0.905804, 0.913058, 1, 

59,1397,0.001, 0.00563984, 0.0218816, 0.0456565, 0.158484, 0.171676, 0.392028, 0.397921, 0.422169, 0.438379, 1, 

61,1178,0.001, 0.00563984, 0.0472926, 0.0698625, 0.075425, 0.14546, 0.153692, 0.905804, 0.913058, 1, 

62,1003,0.001, 0.00563984, 0.0218816, 0.0456565, 0.0220947, 0.158484, 0.171676, 0.392028, 0.397921, 0.422169, 0.783244, 1, 

74,923,0.001, 0.00563984, 0.0218816, 0.0456565, 0.126535, 0.171676, 0.223503, 0.510133, 0.188577, 0.559066, 0.603135, 0.694635, 0.729171, 0.730644, 0.735383, 0.853964, 0.915597, 0.926933, 0.928542, 0.959001, 1, 

57,3967,0.001, 0.00563984, 0.0472926, 0.954426, 0.0751163, 0.198198, 0.153692, 0.905804, 0.913058, 1, 

Generation #9
58,1503,0.001, 0.00563984, 0.0472926, 0.0698625, 0.0751163, 0.198198, 0.153692, 0.905804, 0.913058, 1, 

59,1397,0.001, 0.00563984, 0.0218816, 0.0456565, 0.158484, 0.171676, 0.392028, 0.397921, 0.422169, 0.438379, 1, 

62,1003,0.001, 0.00563984, 0.0218816, 0.0456565, 0.0220947, 0.158484, 0.171676, 0.392028, 0.397921, 0.422169, 0.783244, 1, 

74,923,0.001, 0.00563984, 0.0218816, 0.0456565, 0.126535, 0.171676, 0.223503, 0.510133, 0.188577, 0.559066, 0.603135, 0.694635, 0.729171, 0.730644, 0.735383, 0.853964, 0.915597, 0.926933, 0.928542, 0.959001, 1, 

57,3967,0.001, 0.00563984, 0.0472926, 0.954426, 0.0751163, 0.198198, 0.153692, 0.905804, 0.913058, 1, 

60,1081,0.001, 0.00563984, 0.0218816, 0.0456565, 0.100799, 0.164494, 0.217953, 0.230267, 0.422169, 0.783244, 1, 

Generation #10
62,1003,0.001, 0.00563984, 0.0218816, 0.0456565, 0.0220947, 0.158484, 0.171676, 0.392028, 0.397921, 0.422169, 0.783244, 1, 

60,1081,0.001, 0.00563984, 0.0218816, 0.0456565, 0.100799, 0.164494, 0.217953, 0.230267, 0.422169, 0.783244, 1, 

58,1097,0.001, 0.00563984, 0.0218816, 0.0456565, 0.126535, 0.171676, 0.223503, 0.15305, 0.631528, 1, 

70,906,0.001, 0.00563984, 0.0218816, 0.0456565, 0.126535, 0.171676, 0.223503, 0.510133, 0.188577, 0.559066, 0.603135, 0.694635, 0.729171, 0.730644, 0.735383, 0.853964, 0.915597, 0.926933, 0.959001, 1, 

57,1255,0.001, 0.00563984, 0.0218816, 0.0456565, 0.158484, 0.171676, 0.392028, 0.397921, 0.438379, 1, 

Generation #11
62,1003,0.001, 0.00563984, 0.0218816, 0.0456565, 0.0220947, 0.158484, 0.171676, 0.392028, 0.397921, 0.422169, 0.783244, 1, 

58,1097,0.001, 0.00563984, 0.0218816, 0.0456565, 0.126535, 0.171676, 0.223503, 0.15305, 0.631528, 1, 

70,906,0.001, 0.00563984, 0.0218816, 0.0456565, 0.126535, 0.171676, 0.223503, 0.510133, 0.188577, 0.559066, 0.603135, 0.694635, 0.729171, 0.730644, 0.735383, 0.853964, 0.915597, 0.926933, 0.959001, 1, 

57,1255,0.001, 0.00563984, 0.0218816, 0.0456565, 0.158484, 0.171676, 0.392028, 0.397921, 0.438379, 1, 

60,1057,0.001, 0.00563984, 0.0218816, 0.0456565, 0.100799, 0.164494, 0.217953, 0.230267, 0.979017, 1, 

Generation #12
62,1003,0.001, 0.00563984, 0.0218816, 0.0456565, 0.0220947, 0.158484, 0.171676, 0.392028, 0.397921, 0.422169, 0.783244, 1, 

58,1097,0.001, 0.00563984, 0.0218816, 0.0456565, 0.126535, 0.171676, 0.223503, 0.15305, 0.631528, 1, 

70,906,0.001, 0.00563984, 0.0218816, 0.0456565, 0.126535, 0.171676, 0.223503, 0.510133, 0.188577, 0.559066, 0.603135, 0.694635, 0.729171, 0.730644, 0.735383, 0.853964, 0.915597, 0.926933, 0.959001, 1, 

57,1255,0.001, 0.00563984, 0.0218816, 0.0456565, 0.158484, 0.171676, 0.392028, 0.397921, 0.438379, 1, 

60,1057,0.001, 0.00563984, 0.0218816, 0.0456565, 0.100799, 0.164494, 0.217953, 0.230267, 0.979017, 1, 

64,972,0.001, 0.00563984, 0.0218816, 0.0928903, 0.129683, 0.148351, 0.437743, 0.230267, 0.422169, 0.783244, 1, 

Generation #13
70,906,0.001, 0.00563984, 0.0218816, 0.0456565, 0.126535, 0.171676, 0.223503, 0.510133, 0.188577, 0.559066, 0.603135, 0.694635, 0.729171, 0.730644, 0.735383, 0.853964, 0.915597, 0.926933, 0.959001, 1, 

57,1255,0.001, 0.00563984, 0.0218816, 0.0456565, 0.158484, 0.171676, 0.392028, 0.397921, 0.438379, 1, 

58,921,0.001, 0.00563984, 0.0218816, 0.0456565, 0.129683, 0.148351, 0.0471557, 0.15305, 0.188577, 0.992145, 1, 

Generation #14
70,906,0.001, 0.00563984, 0.0218816, 0.0456565, 0.126535, 0.171676, 0.223503, 0.510133, 0.188577, 0.559066, 0.603135, 0.694635, 0.729171, 0.730644, 0.735383, 0.853964, 0.915597, 0.926933, 0.959001, 1, 

57,1255,0.001, 0.00563984, 0.0218816, 0.0456565, 0.158484, 0.171676, 0.392028, 0.397921, 0.438379, 1, 

58,921,0.001, 0.00563984, 0.0218816, 0.0456565, 0.129683, 0.148351, 0.0471557, 0.15305, 0.188577, 0.992145, 1, 

Generation #15
70,906,0.001, 0.00563984, 0.0218816, 0.0456565, 0.126535, 0.171676, 0.223503, 0.510133, 0.188577, 0.559066, 0.603135, 0.694635, 0.729171, 0.730644, 0.735383, 0.853964, 0.915597, 0.926933, 0.959001, 1, 

57,1255,0.001, 0.00563984, 0.0218816, 0.0456565, 0.158484, 0.171676, 0.392028, 0.397921, 0.438379, 1, 

58,921,0.001, 0.00563984, 0.0218816, 0.0456565, 0.129683, 0.148351, 0.0471557, 0.15305, 0.188577, 0.992145, 1, 

Generation #16
70,906,0.001, 0.00563984, 0.0218816, 0.0456565, 0.126535, 0.171676, 0.223503, 0.510133, 0.188577, 0.559066, 0.603135, 0.694635, 0.729171, 0.730644, 0.735383, 0.853964, 0.915597, 0.926933, 0.959001, 1, 

57,1255,0.001, 0.00563984, 0.0218816, 0.0456565, 0.158484, 0.171676, 0.392028, 0.397921, 0.438379, 1, 

58,921,0.001, 0.00563984, 0.0218816, 0.0456565, 0.129683, 0.148351, 0.0471557, 0.15305, 0.188577, 0.992145, 1, 

Generation #17
57,1255,0.001, 0.00563984, 0.0218816, 0.0456565, 0.158484, 0.171676, 0.392028, 0.397921, 0.438379, 1, 

58,921,0.001, 0.00563984, 0.0218816, 0.0456565, 0.129683, 0.148351, 0.0471557, 0.15305, 0.188577, 0.992145, 1, 

60,880,0.001, 0.00563984, 0.0218816, 0.0456565, 0.126535, 0.171676, 0.223503, 0.15305, 0.631528, 1, 

Generation #18
57,1255,0.001, 0.00563984, 0.0218816, 0.0456565, 0.158484, 0.171676, 0.392028, 0.397921, 0.438379, 1, 

58,921,0.001, 0.00563984, 0.0218816, 0.0456565, 0.129683, 0.148351, 0.0471557, 0.15305, 0.188577, 0.992145, 1, 

60,880,0.001, 0.00563984, 0.0218816, 0.0456565, 0.126535, 0.171676, 0.223503, 0.15305, 0.631528, 1, 

59,883,0.001, 0.00563984, 0.0218816, 0.0456565, 0.100799, 0.217953, 0.397921, 0.422169, 1, 
