------------d=1, t=2, lambda=1, filename=./evaluation/Apache/Apache_2_1.csv------------
Grouping d-sets by partitioned row counts for detecting arrays...
Ready to look at pairs for detecting arrays...
First Stage N=60, Time=163
There are 42859 remaining non-locating pairs
--- Running GA Algorithm (phase2) ---
Running GA with std::execution::par
Generation #0
74,2205,0.001, 0.00563984, 0.0472926, 0.0698625, 0.0751163, 0.198198, 0.226628, 0.274555, 0.301448, 0.330416, 0.408317, 0.413537, 0.600954, 0.665264, 0.673547, 0.693171, 0.748014, 0.773028, 0.803385, 0.892334, 0.903401, 1, 

64,12003,0.001, 0.0930755, 0.117456, 0.246838, 0.266876, 0.268594, 0.459387, 0.461979, 0.480012, 0.650595, 0.662716, 0.705202, 0.789084, 1, 

71,3058,0.001, 0.0219461, 0.0261442, 0.0262016, 0.0663368, 0.100799, 0.164494, 0.217953, 0.230267, 0.239707, 0.475426, 0.477239, 0.511489, 0.606937, 0.610299, 0.685118, 0.749872, 0.761045, 0.79815, 0.843834, 0.85952, 0.956795, 1, 

67,3075,0.001, 0.0141455, 0.0218816, 0.0456565, 0.126535, 0.171676, 0.223503, 0.360442, 0.365705, 0.45636, 0.479251, 0.508095, 0.573131, 0.69156, 0.698453, 0.828251, 0.841254, 0.951562, 1, 

63,18863,0.001, 0.134803, 0.221837, 0.302436, 0.583685, 0.666923, 0.687387, 0.775528, 0.797689, 0.831146, 0.990146, 1, 

Generation #1
66,1950,0.001, 0.0141455, 0.0218816, 0.0456565, 0.126535, 0.171676, 0.223503, 0.360442, 0.365705, 0.45636, 0.479251, 0.642961, 0.77327, 0.821051, 0.86027, 0.97724, 1, 

77,1878,0.001, 0.0141455, 0.0218816, 0.0456565, 0.126535, 0.171676, 0.223503, 0.360442, 0.365705, 0.45636, 0.461308, 0.552372, 0.575234, 0.60883, 0.665197, 0.685522, 0.738109, 0.810883, 0.822676, 0.842485, 0.908034, 0.90845, 0.924153, 0.92485, 0.938606, 0.95565, 1, 

62,2309,0.001, 0.0219461, 0.0261442, 0.0262016, 0.0663368, 0.100799, 0.164494, 0.217953, 0.230267, 0.239707, 1, 

82,1873,0.001, 0.016831, 0.0528152, 0.040253, 0.075425, 0.14546, 0.153692, 0.211271, 0.22996, 0.248763, 0.304855, 0.31975, 0.359774, 0.379474, 0.432226, 0.493915, 0.513683, 0.525324, 0.565476, 0.629407, 0.723999, 0.748353, 0.765408, 0.783513, 0.786685, 0.826215, 0.826464, 0.845842, 0.972216, 0.993531, 1, 

Generation #2
70,1411,0.001, 0.00563984, 0.0472926, 0.0698625, 0.0751163, 0.198198, 0.226628, 0.274555, 0.301448, 0.330416, 0.408317, 0.413537, 0.600954, 0.665264, 0.673547, 0.693171, 0.748014, 0.612681, 0.667676, 0.687441, 0.911522, 1, 

66,1773,0.001, 0.0141455, 0.0218816, 0.0456565, 0.126535, 0.171676, 0.223503, 0.360442, 0.365705, 0.45636, 0.479251, 0.714346, 0.747626, 0.902875, 0.966634, 1, 

60,2192,0.001, 0.017851, 0.0501659, 0.0513067, 0.110065, 0.137015, 0.159559, 0.187127, 0.248876, 0.279032, 0.990146, 1, 

65,1975,0.001, 0.0141455, 0.0218816, 0.0456565, 0.126535, 0.171676, 0.223503, 0.360442, 0.365705, 0.635177, 0.648952, 0.726148, 0.943837, 0.951523, 1, 

67,1486,0.001, 0.00563984, 0.0472926, 0.0698625, 0.0863873, 0.182181, 0.199982, 0.212079, 0.243302, 0.95616, 0.981794, 1, 

Generation #3
70,1411,0.001, 0.00563984, 0.0472926, 0.0698625, 0.0751163, 0.198198, 0.226628, 0.274555, 0.301448, 0.330416, 0.408317, 0.413537, 0.600954, 0.665264, 0.673547, 0.693171, 0.748014, 0.612681, 0.667676, 0.687441, 0.911522, 1, 

60,2192,0.001, 0.017851, 0.0501659, 0.0513067, 0.110065, 0.137015, 0.159559, 0.187127, 0.248876, 0.279032, 0.990146, 1, 

65,1975,0.001, 0.0141455, 0.0218816, 0.0456565, 0.126535, 0.171676, 0.223503, 0.360442, 0.365705, 0.635177, 0.648952, 0.726148, 0.943837, 0.951523, 1, 

64,2025,0.001, 0.016831, 0.0528152, 0.0980615, 0.106911, 0.182181, 0.199982, 0.212079, 0.243302, 0.95616, 0.981794, 1, 

66,1479,0.001, 0.00563984, 0.0472926, 0.0698625, 0.0751163, 0.425028, 0.142228, 0.529451, 0.635177, 0.648952, 0.726148, 0.943837, 0.951523, 1, 

Generation #4
60,2192,0.001, 0.017851, 0.0501659, 0.0513067, 0.110065, 0.137015, 0.159559, 0.187127, 0.248876, 0.279032, 0.990146, 1, 

63,1981,0.001, 0.0141455, 0.0218816, 0.0456565, 0.126535, 0.171676, 0.452333, 0.476821, 0.81168, 0.95616, 0.981794, 1, 

64,1372,0.001, 0.00563984, 0.0472926, 0.0698625, 0.0863873, 0.182181, 0.199982, 0.212079, 0.243302, 0.95616, 0.981794, 1, 

76,1200,0.001, 0.00563984, 0.0472926, 0.0698625, 0.0863873, 0.182181, 0.199982, 0.17776, 0.247358, 0.299091, 0.400537, 0.470213, 0.492376, 0.576229, 0.613618, 0.67643, 0.75629, 0.776041, 0.831382, 0.839098, 0.844438, 0.957415, 0.970357, 1, 

Generation #5
76,1200,0.001, 0.00563984, 0.0472926, 0.0698625, 0.0863873, 0.182181, 0.199982, 0.17776, 0.247358, 0.299091, 0.400537, 0.470213, 0.492376, 0.576229, 0.613618, 0.67643, 0.75629, 0.776041, 0.831382, 0.839098, 0.844438, 0.957415, 0.970357, 1, 

59,1476,0.001, 0.00563984, 0.0472926, 0.0698625, 0.0863873, 0.182181, 0.212079, 0.243302, 0.95616, 0.981794, 1, 

62,1285,0.001, 0.00563984, 0.0472926, 0.0698625, 0.0863873, 0.182181, 0.199982, 0.212079, 0.95616, 0.981794, 1, 

Generation #6
59,1476,0.001, 0.00563984, 0.0472926, 0.0698625, 0.0863873, 0.182181, 0.212079, 0.243302, 0.95616, 0.981794, 1, 

62,1285,0.001, 0.00563984, 0.0472926, 0.0698625, 0.0863873, 0.182181, 0.199982, 0.212079, 0.95616, 0.981794, 1, 

60,1468,0.001, 0.00563984, 0.0472926, 0.040253, 0.075425, 0.71156, 0.100799, 0.164494, 0.217953, 0.230267, 0.831577, 0.239707, 1, 

67,1106,0.001, 0.00563984, 0.0472926, 0.0698625, 0.0863873, 0.182181, 0.212079, 0.243302, 0.635177, 0.648952, 0.726148, 0.943837, 0.951523, 1, 

Generation #7
67,1106,0.001, 0.00563984, 0.0472926, 0.0698625, 0.0863873, 0.182181, 0.212079, 0.243302, 0.635177, 0.648952, 0.726148, 0.943837, 0.951523, 1, 

62,1266,0.001, 0.00563984, 0.0472926, 0.0698625, 0.0863873, 0.182181, 0.199982, 0.243302, 0.95616, 0.981794, 0.951523, 1, 

65,1228,0.001, 0.00563984, 0.0472926, 0.0698625, 0.0751163, 0.171676, 0.452333, 0.476821, 0.81168, 0.95616, 0.981794, 1, 

59,1444,0.001, 0.00563984, 0.0472926, 0.0698625, 0.0751163, 0.182181, 0.199982, 0.212079, 0.243302, 0.95616, 0.981794, 1, 

Generation #8
64,1007,0.001, 0.00563984, 0.0218816, 0.0456565, 0.126535, 0.171676, 0.223503, 0.529451, 0.635177, 0.648952, 0.981794, 1, 

62,1264,0.001, 0.00563984, 0.0528152, 0.040253, 0.075425, 0.14546, 0.344551, 0.199982, 0.243302, 0.95616, 0.981794, 1, 

59,1318,0.001, 0.00563984, 0.0472926, 0.0698625, 0.0863873, 0.182181, 0.199982, 0.212079, 0.243302, 0.95616, 0.981794, 1, 

63,1100,0.001, 0.00563984, 0.0472926, 0.0698625, 0.0863873, 0.137015, 0.159559, 0.187127, 0.248876, 0.279032, 0.990146, 1, 

Generation #9
64,1007,0.001, 0.00563984, 0.0218816, 0.0456565, 0.126535, 0.171676, 0.223503, 0.529451, 0.635177, 0.648952, 0.981794, 1, 

59,1318,0.001, 0.00563984, 0.0472926, 0.0698625, 0.0863873, 0.182181, 0.199982, 0.212079, 0.243302, 0.95616, 0.981794, 1, 

62,1060,0.001, 0.00563984, 0.0218816, 0.0456565, 0.126535, 0.171676, 0.223503, 0.212079, 0.95616, 0.981794, 1, 

65,989,0.001, 0.00563984, 0.0472926, 0.0698625, 0.0863873, 0.182181, 0.199982, 0.243302, 0.635177, 0.790026, 0.648952, 0.981794, 1, 

Generation #10
64,1007,0.001, 0.00563984, 0.0218816, 0.0456565, 0.126535, 0.171676, 0.223503, 0.529451, 0.635177, 0.648952, 0.981794, 1, 

62,1060,0.001, 0.00563984, 0.0218816, 0.0456565, 0.126535, 0.171676, 0.223503, 0.212079, 0.95616, 0.981794, 1, 

65,989,0.001, 0.00563984, 0.0472926, 0.0698625, 0.0863873, 0.182181, 0.199982, 0.243302, 0.635177, 0.790026, 0.648952, 0.981794, 1, 

57,1258,0.001, 0.00563984, 0.0472926, 0.0698625, 0.0863873, 0.182181, 0.212079, 0.243302, 0.95616, 0.981794, 1, 

60,1241,0.001, 0.00563984, 0.0218816, 0.0456565, 0.126535, 0.171676, 0.223503, 0.212079, 0.95616, 0.981794, 1, 

Generation #11
64,1007,0.001, 0.00563984, 0.0218816, 0.0456565, 0.126535, 0.171676, 0.223503, 0.529451, 0.635177, 0.648952, 0.981794, 1, 

62,1060,0.001, 0.00563984, 0.0218816, 0.0456565, 0.126535, 0.171676, 0.223503, 0.212079, 0.95616, 0.981794, 1, 

65,989,0.001, 0.00563984, 0.0472926, 0.0698625, 0.0863873, 0.182181, 0.199982, 0.243302, 0.635177, 0.790026, 0.648952, 0.981794, 1, 

57,1258,0.001, 0.00563984, 0.0472926, 0.0698625, 0.0863873, 0.182181, 0.212079, 0.243302, 0.95616, 0.981794, 1, 

60,1181,0.001, 0.00563984, 0.0218816, 0.0456565, 0.126535, 0.171676, 0.223503, 0.212079, 0.81411, 0.981794, 1, 

Generation #12
57,1258,0.001, 0.00563984, 0.0472926, 0.0698625, 0.0863873, 0.182181, 0.212079, 0.243302, 0.95616, 0.981794, 1, 

60,990,0.001, 0.00563984, 0.0472926, 0.0698625, 0.0751163, 0.182181, 0.199982, 0.212079, 0.107238, 0.243302, 0.981794, 1, 

64,918,0.001, 0.00563984, 0.0218816, 0.0456565, 0.126535, 0.171676, 0.223503, 0.529451, 0.635177, 0.95616, 0.981794, 1, 

Generation #13
57,1258,0.001, 0.00563984, 0.0472926, 0.0698625, 0.0863873, 0.182181, 0.212079, 0.243302, 0.95616, 0.981794, 1, 

60,990,0.001, 0.00563984, 0.0472926, 0.0698625, 0.0751163, 0.182181, 0.199982, 0.212079, 0.107238, 0.243302, 0.981794, 1, 

61,976,0.001, 0.00563984, 0.0218816, 0.0456565, 0.126535, 0.171676, 0.223503, 0.212079, 0.95616, 0.981794, 1, 

62,840,0.001, 0.00563984, 0.0218816, 0.0698625, 0.0751163, 0.198198, 0.226628, 0.274555, 0.301448, 0.0510556, 0.408317, 1, 

Generation #14
57,1258,0.001, 0.00563984, 0.0472926, 0.0698625, 0.0863873, 0.182181, 0.212079, 0.243302, 0.95616, 0.981794, 1, 

62,840,0.001, 0.00563984, 0.0218816, 0.0698625, 0.0751163, 0.198198, 0.226628, 0.274555, 0.301448, 0.0510556, 0.408317, 1, 

60,866,0.001, 0.00563984, 0.0218816, 0.0456565, 0.126535, 0.171676, 0.199982, 0.274555, 0.301448, 0.981794, 1, 

Generation #15
57,1258,0.001, 0.00563984, 0.0472926, 0.0698625, 0.0863873, 0.182181, 0.212079, 0.243302, 0.95616, 0.981794, 1, 

62,840,0.001, 0.00563984, 0.0218816, 0.0698625, 0.0751163, 0.198198, 0.226628, 0.274555, 0.301448, 0.0510556, 0.408317, 1, 

60,866,0.001, 0.00563984, 0.0218816, 0.0456565, 0.126535, 0.171676, 0.199982, 0.274555, 0.301448, 0.981794, 1, 

Generation #16
57,1258,0.001, 0.00563984, 0.0472926, 0.0698625, 0.0863873, 0.182181, 0.212079, 0.243302, 0.95616, 0.981794, 1, 

62,840,0.001, 0.00563984, 0.0218816, 0.0698625, 0.0751163, 0.198198, 0.226628, 0.274555, 0.301448, 0.0510556, 0.408317, 1, 

60,866,0.001, 0.00563984, 0.0218816, 0.0456565, 0.126535, 0.171676, 0.199982, 0.274555, 0.301448, 0.981794, 1, 

58,1031,0.001, 0.00563984, 0.0218816, 0.0456565, 0.126535, 0.171676, 0.223503, 0.187127, 0.248876, 0.279032, 0.990146, 1, 

Generation #17
57,1258,0.001, 0.00563984, 0.0472926, 0.0698625, 0.0863873, 0.182181, 0.212079, 0.243302, 0.95616, 0.981794, 1, 

60,866,0.001, 0.00563984, 0.0218816, 0.0456565, 0.126535, 0.171676, 0.199982, 0.274555, 0.301448, 0.981794, 1, 

61,793,0.001, 0.00563984, 0.0218816, 0.0456565, 0.126535, 0.159559, 0.187127, 0.248876, 0.279032, 0.990146, 1, 

58,1004,0.001, 0.00563984, 0.0472926, 0.0698625, 0.0863873, 0.182181, 0.223503, 0.0746425, 0.635177, 1, 

Generation #18
57,1258,0.001, 0.00563984, 0.0472926, 0.0698625, 0.0863873, 0.182181, 0.212079, 0.243302, 0.95616, 0.981794, 1, 

60,866,0.001, 0.00563984, 0.0218816, 0.0456565, 0.126535, 0.171676, 0.199982, 0.274555, 0.301448, 0.981794, 1, 

61,793,0.001, 0.00563984, 0.0218816, 0.0456565, 0.126535, 0.159559, 0.187127, 0.248876, 0.279032, 0.990146, 1, 

58,1004,0.001, 0.00563984, 0.0472926, 0.0698625, 0.0863873, 0.182181, 0.223503, 0.0746425, 0.635177, 1, 

59,964,0.001, 0.00563984, 0.0218816, 0.0456565, 0.0863873, 0.182181, 0.212079, 0.243302, 0.95616, 0.981794, 1, 

Generation #19
57,1258,0.001, 0.00563984, 0.0472926, 0.0698625, 0.0863873, 0.182181, 0.212079, 0.243302, 0.95616, 0.981794, 1, 

60,866,0.001, 0.00563984, 0.0218816, 0.0456565, 0.126535, 0.171676, 0.199982, 0.274555, 0.301448, 0.981794, 1, 

61,793,0.001, 0.00563984, 0.0218816, 0.0456565, 0.126535, 0.159559, 0.187127, 0.248876, 0.279032, 0.990146, 1, 

58,1004,0.001, 0.00563984, 0.0472926, 0.0698625, 0.0863873, 0.182181, 0.223503, 0.0746425, 0.635177, 1, 

59,964,0.001, 0.00563984, 0.0218816, 0.0456565, 0.0863873, 0.182181, 0.212079, 0.243302, 0.95616, 0.981794, 1, 

Generation #20
57,1258,0.001, 0.00563984, 0.0472926, 0.0698625, 0.0863873, 0.182181, 0.212079, 0.243302, 0.95616, 0.981794, 1, 

60,866,0.001, 0.00563984, 0.0218816, 0.0456565, 0.126535, 0.171676, 0.199982, 0.274555, 0.301448, 0.981794, 1, 

61,793,0.001, 0.00563984, 0.0218816, 0.0456565, 0.126535, 0.159559, 0.187127, 0.248876, 0.279032, 0.990146, 1, 

58,1004,0.001, 0.00563984, 0.0472926, 0.0698625, 0.0863873, 0.182181, 0.223503, 0.0746425, 0.635177, 1, 

59,964,0.001, 0.00563984, 0.0218816, 0.0456565, 0.0863873, 0.182181, 0.212079, 0.243302, 0.95616, 0.981794, 1, 

Generation #21
57,1258,0.001, 0.00563984, 0.0472926, 0.0698625, 0.0863873, 0.182181, 0.212079, 0.243302, 0.95616, 0.981794, 1, 

60,866,0.001, 0.00563984, 0.0218816, 0.0456565, 0.126535, 0.171676, 0.199982, 0.274555, 0.301448, 0.981794, 1, 

61,793,0.001, 0.00563984, 0.0218816, 0.0456565, 0.126535, 0.159559, 0.187127, 0.248876, 0.279032, 0.990146, 1, 

58,1004,0.001, 0.00563984, 0.0472926, 0.0698625, 0.0863873, 0.182181, 0.223503, 0.0746425, 0.635177, 1, 

59,964,0.001, 0.00563984, 0.0218816, 0.0456565, 0.0863873, 0.182181, 0.212079, 0.243302, 0.95616, 0.981794, 1, 

Generation #22
57,1258,0.001, 0.00563984, 0.0472926, 0.0698625, 0.0863873, 0.182181, 0.212079, 0.243302, 0.95616, 0.981794, 1, 

60,866,0.001, 0.00563984, 0.0218816, 0.0456565, 0.126535, 0.171676, 0.199982, 0.274555, 0.301448, 0.981794, 1, 

61,793,0.001, 0.00563984, 0.0218816, 0.0456565, 0.126535, 0.159559, 0.187127, 0.248876, 0.279032, 0.990146, 1, 

58,1004,0.001, 0.00563984, 0.0472926, 0.0698625, 0.0863873, 0.182181, 0.223503, 0.0746425, 0.635177, 1, 

59,964,0.001, 0.00563984, 0.0218816, 0.0456565, 0.0863873, 0.182181, 0.212079, 0.243302, 0.95616, 0.981794, 1, 

Generation #23
57,1258,0.001, 0.00563984, 0.0472926, 0.0698625, 0.0863873, 0.182181, 0.212079, 0.243302, 0.95616, 0.981794, 1, 

60,866,0.001, 0.00563984, 0.0218816, 0.0456565, 0.126535, 0.171676, 0.199982, 0.274555, 0.301448, 0.981794, 1, 

61,793,0.001, 0.00563984, 0.0218816, 0.0456565, 0.126535, 0.159559, 0.187127, 0.248876, 0.279032, 0.990146, 1, 

58,1004,0.001, 0.00563984, 0.0472926, 0.0698625, 0.0863873, 0.182181, 0.223503, 0.0746425, 0.635177, 1, 

59,964,0.001, 0.00563984, 0.0218816, 0.0456565, 0.0863873, 0.182181, 0.212079, 0.243302, 0.95616, 0.981794, 1, 

Generation #24
57,1258,0.001, 0.00563984, 0.0472926, 0.0698625, 0.0863873, 0.182181, 0.212079, 0.243302, 0.95616, 0.981794, 1, 

60,866,0.001, 0.00563984, 0.0218816, 0.0456565, 0.126535, 0.171676, 0.199982, 0.274555, 0.301448, 0.981794, 1, 

61,793,0.001, 0.00563984, 0.0218816, 0.0456565, 0.126535, 0.159559, 0.187127, 0.248876, 0.279032, 0.990146, 1, 

58,956,0.001, 0.00563984, 0.0218816, 0.0456565, 0.0863873, 0.182181, 0.212079, 0.243302, 0.95616, 0.981794, 1, 

Generation #25
57,1258,0.001, 0.00563984, 0.0472926, 0.0698625, 0.0863873, 0.182181, 0.212079, 0.243302, 0.95616, 0.981794, 1, 

60,866,0.001, 0.00563984, 0.0218816, 0.0456565, 0.126535, 0.171676, 0.199982, 0.274555, 0.301448, 0.981794, 1, 

61,793,0.001, 0.00563984, 0.0218816, 0.0456565, 0.126535, 0.159559, 0.187127, 0.248876, 0.279032, 0.990146, 1, 

58,956,0.001, 0.00563984, 0.0218816, 0.0456565, 0.0863873, 0.182181, 0.212079, 0.243302, 0.95616, 0.981794, 1, 

Generation #26
57,1258,0.001, 0.00563984, 0.0472926, 0.0698625, 0.0863873, 0.182181, 0.212079, 0.243302, 0.95616, 0.981794, 1, 

60,866,0.001, 0.00563984, 0.0218816, 0.0456565, 0.126535, 0.171676, 0.199982, 0.274555, 0.301448, 0.981794, 1, 

61,793,0.001, 0.00563984, 0.0218816, 0.0456565, 0.126535, 0.159559, 0.187127, 0.248876, 0.279032, 0.990146, 1, 

58,956,0.001, 0.00563984, 0.0218816, 0.0456565, 0.0863873, 0.182181, 0.212079, 0.243302, 0.95616, 0.981794, 1, 

59,872,0.001, 0.00563984, 0.0218816, 0.0456565, 0.126535, 0.171676, 0.368999, 0.529451, 0.635177, 0.648952, 0.981794, 1, 
