------------d=1, t=2, lambda=1, filename=./evaluation/Apache/Apache_2_1.csv------------
Computing partitioned counts of d-sets...
Ready to look at pairs based on partitioned counts...
First Stage N=60, Time=166
There are 1256 remaining non-locating pairs
--- Running Density Algorithm (phase2_ce) for Locating ---
  (CE) DEBUG: Trying to distinguish 1256 pairs. Example:
       Pair 0: (25,170,),(1,4,)  vs (34,170,),(0,4,)  (already separated 0 times)
  (CE) Using greedy column-by-column strategy.
  (CE) Row 70 built (best score: 48). 335 pairs remaining to distinguish.
  (CE) Row 80 built (best score: 14). 63 pairs remaining to distinguish.
  (CE) Row 90 built (best score: 3). 3 pairs remaining to distinguish.
  (CE) Row 92 built (best score: 1). 0 pairs remaining to distinguish.
--- Pareto Front Solutions ---
Solution 0: N total=92 (N_initial=60, N_added=32), Time total=913 ms, Saved to: ./results/Apache_t2_l1_pareto_0.csv, percents=1, 

------------d=1, t=2, lambda=2, filename=./evaluation/Apache/Apache_2_2.csv------------
Computing partitioned counts of d-sets...
Ready to look at pairs based on partitioned counts...
First Stage N=60, Time=152
There are 1256 remaining non-locating pairs
--- Running Density Algorithm (phase2_ce) for Locating ---
  (CE) DEBUG: Trying to distinguish 1256 pairs. Example:
       Pair 0: (25,170,),(1,4,)  vs (34,170,),(0,4,)  (already separated 0 times)
  (CE) Using greedy column-by-column strategy.
  (CE) Row 70 built (best score: 96). 810 pairs remaining to distinguish.
  (CE) Row 80 built (best score: 61). 385 pairs remaining to distinguish.
  (CE) Row 90 built (best score: 19). 124 pairs remaining to distinguish.
  (CE) Row 100 built (best score: 4). 14 pairs remaining to distinguish.
  (CE) Row 106 built (best score: 1). 0 pairs remaining to distinguish.
--- Pareto Front Solutions ---
Solution 0: N total=106 (N_initial=60, N_added=46), Time total=1694 ms, Saved to: ./results/Apache_t2_l2_pareto_0.csv, percents=1, 

------------d=1, t=2, lambda=3, filename=./evaluation/Apache/Apache_2_3.csv------------
Computing partitioned counts of d-sets...
Ready to look at pairs based on partitioned counts...
First Stage N=90, Time=128
There are 238 remaining non-locating pairs
--- Running Density Algorithm (phase2_ce) for Locating ---
  (CE) DEBUG: Trying to distinguish 238 pairs. Example:
       Pair 0: (65,171,),(1,5,)  vs (126,171,),(1,5,)  (already separated 0 times)
  (CE) Using greedy column-by-column strategy.
  (CE) Row 100 built (best score: 13). 89 pairs remaining to distinguish.
  (CE) Row 110 built (best score: 5). 23 pairs remaining to distinguish.
  (CE) Row 120 built (best score: 1). 0 pairs remaining to distinguish.
--- Pareto Front Solutions ---
Solution 0: N total=120 (N_initial=90, N_added=30), Time total=303 ms, Saved to: ./results/Apache_t2_l3_pareto_0.csv, percents=1, 

------------d=1, t=2, lambda=4, filename=./evaluation/Apache/Apache_2_4.csv------------
Computing partitioned counts of d-sets...
Ready to look at pairs based on partitioned counts...
First Stage N=120, Time=133
There are 31 remaining non-locating pairs
--- Running Density Algorithm (phase2_ce) for Locating ---
  (CE) DEBUG: Trying to distinguish 31 pairs. Example:
       Pair 0: (41,171,),(1,4,)  vs (70,171,),(1,4,)  (already separated 2 times)
  (CE) Using greedy column-by-column strategy.
  (CE) Row 130 built (best score: 5). 15 pairs remaining to distinguish.
  (CE) Row 140 built (best score: 1). 1 pairs remaining to distinguish.
  (CE) Row 142 built (best score: 1). 0 pairs remaining to distinguish.
--- Pareto Front Solutions ---
Solution 0: N total=142 (N_initial=120, N_added=22), Time total=172 ms, Saved to: ./results/Apache_t2_l4_pareto_0.csv, percents=1, 

