------------d=1, t=2, lambda=1, filename=./evaluation/Apache/Apache_2_1.csv------------
Grouping d-sets by partitioned row counts for detecting arrays...
Ready to look at pairs for detecting arrays...
First Stage N=60, Time=161
There are 42859 remaining non-locating pairs
--- Running GA Algorithm (phase2) ---
Running GA with std::execution::par
Generation #0
73,2507,0.001, 0.00563984, 0.0472926, 0.0698625, 0.0751163, 0.198198, 0.226628, 0.274555, 0.301448, 0.330416, 0.408317, 0.413537, 0.600954, 0.665264, 0.673547, 0.693171, 0.748014, 0.773028, 0.803385, 0.892334, 0.903401, 1, 

64,26294,0.001, 0.221124, 0.229578, 0.248151, 0.317247, 0.437383, 0.444051, 0.643865, 0.749881, 0.83435, 0.852734, 1, 

65,14158,0.001, 0.0930755, 0.117456, 0.246838, 0.266876, 0.268594, 0.459387, 0.461979, 0.480012, 0.650595, 0.662716, 0.705202, 0.789084, 1, 

66,6781,0.001, 0.0600788, 0.0635621, 0.186926, 0.393744, 0.428939, 0.462547, 0.528912, 0.586828, 0.59682, 0.710195, 0.749947, 0.797568, 0.797852, 0.857405, 1, 

72,4060,0.001, 0.0141455, 0.0218816, 0.0456565, 0.126535, 0.171676, 0.223503, 0.360442, 0.365705, 0.45636, 0.479251, 0.508095, 0.573131, 0.69156, 0.698453, 0.828251, 0.841254, 0.951562, 1, 

71,5114,0.001, 0.017851, 0.0501659, 0.0513067, 0.110065, 0.137015, 0.159559, 0.187127, 0.248876, 0.279032, 0.421249, 0.482314, 0.608711, 0.629831, 0.648283, 0.693314, 0.753794, 0.76718, 0.888482, 0.910419, 0.911522, 1, 

69,5142,0.001, 0.0485364, 0.0638381, 0.103473, 0.112512, 0.157387, 0.207509, 0.233497, 0.34024, 0.425078, 0.623749, 0.642961, 0.77327, 0.821051, 0.86027, 0.97724, 1, 

Generation #1
73,1861,0.001, 0.00749773, 0.0835864, 0.148514, 0.148878, 0.159123, 0.176135, 0.202599, 0.273822, 0.279, 0.303305, 0.354224, 0.379144, 0.45517, 0.463487, 0.532428, 0.749872, 0.761045, 0.79815, 0.843834, 0.85952, 0.956795, 1, 

80,1623,0.001, 0.0110509, 0.0391854, 0.0928903, 0.129683, 0.148351, 0.15305, 0.161136, 0.234665, 0.262227, 0.262612, 0.288228, 0.29071, 0.387741, 0.387959, 0.439057, 0.598829, 0.623264, 0.646717, 0.734431, 0.75492, 0.778334, 0.828504, 0.918703, 0.937746, 0.900865, 0.94796, 1, 

61,2376,0.001, 0.0234395, 0.0390873, 0.0460126, 0.0602864, 0.10239, 0.111185, 0.134715, 0.142228, 0.147769, 0.164878, 0.182603, 1, 

71,1962,0.001, 0.016774, 0.0547898, 0.114905, 0.167029, 0.204664, 0.210881, 0.23582, 0.244813, 0.262717, 0.352138, 0.413039, 0.418693, 0.466229, 0.520547, 0.735605, 0.75248, 0.863046, 0.870344, 0.885862, 1, 

63,2323,0.001, 0.0141455, 0.0218816, 0.0456565, 0.126535, 0.49993, 0.518898, 0.58726, 0.607083, 0.793639, 0.806633, 1, 

Generation #2
73,1861,0.001, 0.00749773, 0.0835864, 0.148514, 0.148878, 0.159123, 0.176135, 0.202599, 0.273822, 0.279, 0.303305, 0.354224, 0.379144, 0.45517, 0.463487, 0.532428, 0.749872, 0.761045, 0.79815, 0.843834, 0.85952, 0.956795, 1, 

80,1623,0.001, 0.0110509, 0.0391854, 0.0928903, 0.129683, 0.148351, 0.15305, 0.161136, 0.234665, 0.262227, 0.262612, 0.288228, 0.29071, 0.387741, 0.387959, 0.439057, 0.598829, 0.623264, 0.646717, 0.734431, 0.75492, 0.778334, 0.828504, 0.918703, 0.937746, 0.900865, 0.94796, 1, 

61,2376,0.001, 0.0234395, 0.0390873, 0.0460126, 0.0602864, 0.10239, 0.111185, 0.134715, 0.142228, 0.147769, 0.164878, 0.182603, 1, 

71,1962,0.001, 0.016774, 0.0547898, 0.114905, 0.167029, 0.204664, 0.210881, 0.23582, 0.244813, 0.262717, 0.352138, 0.413039, 0.418693, 0.466229, 0.520547, 0.735605, 0.75248, 0.863046, 0.870344, 0.885862, 1, 

74,1798,0.001, 0.0141455, 0.0218816, 0.0456565, 0.126535, 0.171676, 0.223503, 0.360442, 0.365705, 0.45636, 0.479251, 0.508095, 0.573131, 0.69156, 0.698453, 0.828251, 0.841254, 0.951562, 1, 

63,2031,0.001, 0.0211516, 0.0392133, 0.0765168, 0.109886, 0.119161, 0.216399, 0.388656, 0.457753, 0.831146, 0.990146, 1, 

Generation #3
80,1623,0.001, 0.0110509, 0.0391854, 0.0928903, 0.129683, 0.148351, 0.15305, 0.161136, 0.234665, 0.262227, 0.262612, 0.288228, 0.29071, 0.387741, 0.387959, 0.439057, 0.598829, 0.623264, 0.646717, 0.734431, 0.75492, 0.778334, 0.828504, 0.918703, 0.937746, 0.900865, 0.94796, 1, 

58,1821,0.001, 0.0110509, 0.0391854, 0.0928903, 0.129683, 0.148351, 0.15305, 0.161136, 0.234665, 1, 

67,1762,0.001, 0.00749773, 0.0547898, 0.239135, 0.167029, 0.268594, 0.459387, 0.461979, 0.480012, 0.650595, 0.662716, 0.705202, 0.789084, 1, 

Generation #4
58,1821,0.001, 0.0110509, 0.0391854, 0.0928903, 0.129683, 0.148351, 0.15305, 0.161136, 0.234665, 1, 

62,1710,0.001, 0.00749773, 0.0218816, 0.0456565, 0.126535, 0.49993, 0.518898, 0.58726, 0.607083, 0.793639, 0.806633, 1, 

66,1523,0.001, 0.0110509, 0.0391854, 0.0928903, 0.129683, 0.148351, 0.15305, 0.161136, 0.422169, 0.783244, 0.803073, 0.930679, 1, 

Generation #5
58,1821,0.001, 0.0110509, 0.0391854, 0.0928903, 0.129683, 0.148351, 0.15305, 0.161136, 0.234665, 1, 

63,1550,0.001, 0.0141455, 0.0218816, 0.0456565, 0.126535, 0.119161, 0.216399, 0.388656, 0.457753, 0.831146, 1, 

66,1478,0.001, 0.0110509, 0.0391854, 0.0928903, 0.129683, 0.148351, 0.15305, 0.461979, 0.480012, 0.650595, 0.662716, 0.705202, 0.789084, 1, 

77,1435,0.001, 0.0141455, 0.0218816, 0.0765168, 0.109886, 0.119161, 0.216399, 0.388656, 0.457753, 0.581852, 0.680059, 0.694369, 0.739363, 0.774425, 0.818322, 0.693314, 0.753794, 0.76718, 0.888482, 0.910419, 0.891394, 0.946545, 0.95004, 1, 

80,1405,0.001, 0.0110509, 0.0391854, 0.0928903, 0.129683, 0.148351, 0.15305, 0.161136, 0.234665, 0.262227, 0.262612, 0.288228, 0.41092, 0.361274, 0.362081, 0.374672, 0.413914, 0.685118, 0.749872, 0.761045, 0.79815, 0.843834, 0.85952, 0.956795, 1, 

62,1596,0.001, 0.0110509, 0.0418319, 0.0980574, 0.126465, 0.330009, 0.392028, 0.397921, 0.422169, 0.783244, 0.803073, 0.930679, 1, 

Generation #6
58,1821,0.001, 0.0110509, 0.0391854, 0.0928903, 0.129683, 0.148351, 0.15305, 0.161136, 0.234665, 1, 

57,3139,0.0141455, 0.0218816, 0.0456565, 0.126535, 0.49993, 0.518898, 0.58726, 0.607083, 0.981794, 1, 

61,1222,0.001, 0.00749773, 0.0218816, 0.0456565, 0.126535, 0.49993, 0.518898, 0.107827, 0.607083, 1, 

60,1819,0.001, 0.00749773, 0.0547898, 0.239135, 0.167029, 0.268594, 0.459387, 0.461979, 0.939807, 1, 

Generation #7
58,1821,0.001, 0.0110509, 0.0391854, 0.0928903, 0.129683, 0.148351, 0.15305, 0.161136, 0.234665, 1, 

57,3139,0.0141455, 0.0218816, 0.0456565, 0.126535, 0.49993, 0.518898, 0.58726, 0.607083, 0.981794, 1, 

61,1222,0.001, 0.00749773, 0.0218816, 0.0456565, 0.126535, 0.49993, 0.518898, 0.107827, 0.607083, 1, 

60,1819,0.001, 0.00749773, 0.0547898, 0.239135, 0.167029, 0.268594, 0.459387, 0.461979, 0.939807, 1, 

Generation #8
61,1222,0.001, 0.00749773, 0.0218816, 0.0456565, 0.126535, 0.49993, 0.518898, 0.107827, 0.607083, 1, 

57,1264,0.001, 0.00749773, 0.0261442, 0.0262016, 0.126465, 0.242764, 0.255838, 0.292014, 0.348837, 1, 

Generation #9
61,1222,0.001, 0.00749773, 0.0218816, 0.0456565, 0.126535, 0.49993, 0.518898, 0.107827, 0.607083, 1, 

57,1264,0.001, 0.00749773, 0.0261442, 0.0262016, 0.126465, 0.242764, 0.255838, 0.292014, 0.348837, 1, 

62,1129,0.001, 0.00749773, 0.0218816, 0.0456565, 0.129683, 0.148351, 0.15305, 0.161136, 0.607083, 0.793639, 0.806633, 1, 

Generation #10
57,1264,0.001, 0.00749773, 0.0261442, 0.0262016, 0.126465, 0.242764, 0.255838, 0.292014, 0.348837, 1, 

61,1062,0.001, 0.00749773, 0.0218816, 0.0262016, 0.126465, 0.242764, 0.255838, 0.292014, 0.348837, 1, 

60,1174,0.001, 0.00749773, 0.0261442, 0.0262016, 0.126465, 0.242764, 0.255838, 0.292014, 0.348837, 1, 

78,1050,0.001, 0.00749773, 0.0391854, 0.0928903, 0.129683, 0.148351, 0.15305, 0.161136, 0.234665, 0.262612, 0.288228, 0.29071, 0.387741, 0.387959, 0.439057, 0.535225, 0.607002, 0.66901, 0.687382, 0.732609, 0.778334, 0.828504, 0.918703, 0.937746, 0.900865, 0.94796, 1, 

Generation #11
57,1264,0.001, 0.00749773, 0.0261442, 0.0262016, 0.126465, 0.242764, 0.255838, 0.292014, 0.348837, 1, 

61,1062,0.001, 0.00749773, 0.0218816, 0.0262016, 0.126465, 0.242764, 0.255838, 0.292014, 0.348837, 1, 

60,1174,0.001, 0.00749773, 0.0261442, 0.0262016, 0.126465, 0.242764, 0.255838, 0.292014, 0.348837, 1, 

66,1026,0.001, 0.00749773, 0.0218816, 0.0456565, 0.126535, 0.10239, 0.134715, 0.397921, 0.422169, 0.783244, 0.803073, 0.930679, 1, 

Generation #12
57,1264,0.001, 0.00749773, 0.0261442, 0.0262016, 0.126465, 0.242764, 0.255838, 0.292014, 0.348837, 1, 

61,1062,0.001, 0.00749773, 0.0218816, 0.0262016, 0.126465, 0.242764, 0.255838, 0.292014, 0.348837, 1, 

60,1174,0.001, 0.00749773, 0.0261442, 0.0262016, 0.126465, 0.242764, 0.255838, 0.292014, 0.348837, 1, 

66,1021,0.001, 0.00749773, 0.0218816, 0.0456565, 0.129683, 0.148351, 0.223503, 0.360442, 0.365705, 0.45636, 0.346068, 0.390185, 0.443204, 0.463487, 1, 

Generation #13
57,1264,0.001, 0.00749773, 0.0261442, 0.0262016, 0.126465, 0.242764, 0.255838, 0.292014, 0.348837, 1, 

66,1021,0.001, 0.00749773, 0.0218816, 0.0456565, 0.129683, 0.148351, 0.223503, 0.360442, 0.365705, 0.45636, 0.346068, 0.390185, 0.443204, 0.463487, 1, 

59,1028,0.001, 0.00749773, 0.0218816, 0.0460126, 0.0602864, 0.10239, 0.111185, 0.134715, 0.142228, 0.182603, 1, 

Generation #14
57,1264,0.001, 0.00749773, 0.0261442, 0.0262016, 0.126465, 0.242764, 0.255838, 0.292014, 0.348837, 1, 

66,1021,0.001, 0.00749773, 0.0218816, 0.0456565, 0.129683, 0.148351, 0.223503, 0.360442, 0.365705, 0.45636, 0.346068, 0.390185, 0.443204, 0.463487, 1, 

59,1028,0.001, 0.00749773, 0.0218816, 0.0460126, 0.0602864, 0.10239, 0.111185, 0.134715, 0.142228, 0.182603, 1, 

Generation #15
66,1021,0.001, 0.00749773, 0.0218816, 0.0456565, 0.129683, 0.148351, 0.223503, 0.360442, 0.365705, 0.45636, 0.346068, 0.390185, 0.443204, 0.463487, 1, 

59,1028,0.001, 0.00749773, 0.0218816, 0.0460126, 0.0602864, 0.10239, 0.111185, 0.134715, 0.142228, 0.182603, 1, 

55,1089,0.001, 0.00749773, 0.0391854, 0.0928903, 0.0602864, 0.10239, 0.134715, 0.292014, 0.348837, 1, 

Generation #16
66,1021,0.001, 0.00749773, 0.0218816, 0.0456565, 0.129683, 0.148351, 0.223503, 0.360442, 0.365705, 0.45636, 0.346068, 0.390185, 0.443204, 0.463487, 1, 

59,1028,0.001, 0.00749773, 0.0218816, 0.0460126, 0.0602864, 0.10239, 0.111185, 0.134715, 0.142228, 0.182603, 1, 

55,1089,0.001, 0.00749773, 0.0391854, 0.0928903, 0.0602864, 0.10239, 0.134715, 0.292014, 0.348837, 1, 

Generation #17
59,1028,0.001, 0.00749773, 0.0218816, 0.0460126, 0.0602864, 0.10239, 0.111185, 0.134715, 0.142228, 0.182603, 1, 

55,1089,0.001, 0.00749773, 0.0391854, 0.0928903, 0.0602864, 0.10239, 0.134715, 0.292014, 0.348837, 1, 

58,1073,0.001, 0.00749773, 0.0391854, 0.0928903, 0.10239, 0.255838, 0.292014, 0.348837, 1, 

63,959,0.001, 0.00749773, 0.0218816, 0.0460126, 0.0602864, 0.10239, 0.111185, 0.161136, 0.365705, 0.803073, 1, 

Generation #18
59,1028,0.001, 0.00749773, 0.0218816, 0.0460126, 0.0602864, 0.10239, 0.111185, 0.134715, 0.142228, 0.182603, 1, 

55,1089,0.001, 0.00749773, 0.0391854, 0.0928903, 0.0602864, 0.10239, 0.134715, 0.292014, 0.348837, 1, 

58,1073,0.001, 0.00749773, 0.0391854, 0.0928903, 0.10239, 0.255838, 0.292014, 0.348837, 1, 

63,959,0.001, 0.00749773, 0.0218816, 0.0460126, 0.0602864, 0.10239, 0.111185, 0.161136, 0.365705, 0.803073, 1, 

61,987,0.001, 0.00749773, 0.0218816, 0.0456565, 0.10015, 0.10239, 0.134715, 0.292014, 0.348837, 1, 

Generation #19
55,1089,0.001, 0.00749773, 0.0391854, 0.0928903, 0.0602864, 0.10239, 0.134715, 0.292014, 0.348837, 1, 

58,1073,0.001, 0.00749773, 0.0391854, 0.0928903, 0.10239, 0.255838, 0.292014, 0.348837, 1, 

63,959,0.001, 0.00749773, 0.0218816, 0.0460126, 0.0602864, 0.10239, 0.111185, 0.161136, 0.365705, 0.803073, 1, 

59,966,0.001, 0.00749773, 0.0218816, 0.0602864, 0.10239, 0.255838, 0.292014, 0.348837, 1, 

Generation #20
55,1089,0.001, 0.00749773, 0.0391854, 0.0928903, 0.0602864, 0.10239, 0.134715, 0.292014, 0.348837, 1, 

58,1073,0.001, 0.00749773, 0.0391854, 0.0928903, 0.10239, 0.255838, 0.292014, 0.348837, 1, 

63,959,0.001, 0.00749773, 0.0218816, 0.0460126, 0.0602864, 0.10239, 0.111185, 0.161136, 0.365705, 0.803073, 1, 

59,966,0.001, 0.00749773, 0.0218816, 0.0602864, 0.10239, 0.255838, 0.292014, 0.348837, 1, 

Generation #21
55,1089,0.001, 0.00749773, 0.0391854, 0.0928903, 0.0602864, 0.10239, 0.134715, 0.292014, 0.348837, 1, 

58,1073,0.001, 0.00749773, 0.0391854, 0.0928903, 0.10239, 0.255838, 0.292014, 0.348837, 1, 

59,966,0.001, 0.00749773, 0.0218816, 0.0602864, 0.10239, 0.255838, 0.292014, 0.348837, 1, 

62,944,0.001, 0.00749773, 0.0218816, 0.0456565, 0.0602864, 0.10239, 0.429975, 0.389497, 0.134715, 0.868802, 1, 

Generation #22
55,1089,0.001, 0.00749773, 0.0391854, 0.0928903, 0.0602864, 0.10239, 0.134715, 0.292014, 0.348837, 1, 

59,966,0.001, 0.00749773, 0.0218816, 0.0602864, 0.10239, 0.255838, 0.292014, 0.348837, 1, 

62,944,0.001, 0.00749773, 0.0218816, 0.0456565, 0.0602864, 0.10239, 0.429975, 0.389497, 0.134715, 0.868802, 1, 

58,1054,0.001, 0.00749773, 0.0218816, 0.0460126, 0.0602864, 0.10239, 0.111185, 0.134715, 0.142228, 1, 

63,931,0.001, 0.00749773, 0.0218816, 0.0460126, 0.0602864, 0.10239, 0.111185, 0.161136, 0.365705, 0.803073, 1, 

Generation #23
55,1089,0.001, 0.00749773, 0.0391854, 0.0928903, 0.0602864, 0.10239, 0.134715, 0.292014, 0.348837, 1, 

59,966,0.001, 0.00749773, 0.0218816, 0.0602864, 0.10239, 0.255838, 0.292014, 0.348837, 1, 

62,944,0.001, 0.00749773, 0.0218816, 0.0456565, 0.0602864, 0.10239, 0.429975, 0.389497, 0.134715, 0.868802, 1, 

58,1054,0.001, 0.00749773, 0.0218816, 0.0460126, 0.0602864, 0.10239, 0.111185, 0.134715, 0.142228, 1, 

63,931,0.001, 0.00749773, 0.0218816, 0.0460126, 0.0602864, 0.10239, 0.111185, 0.161136, 0.365705, 0.803073, 1, 

Generation #24
55,1089,0.001, 0.00749773, 0.0391854, 0.0928903, 0.0602864, 0.10239, 0.134715, 0.292014, 0.348837, 1, 

59,966,0.001, 0.00749773, 0.0218816, 0.0602864, 0.10239, 0.255838, 0.292014, 0.348837, 1, 

62,944,0.001, 0.00749773, 0.0218816, 0.0456565, 0.0602864, 0.10239, 0.429975, 0.389497, 0.134715, 0.868802, 1, 

58,1054,0.001, 0.00749773, 0.0218816, 0.0460126, 0.0602864, 0.10239, 0.111185, 0.134715, 0.142228, 1, 

63,931,0.001, 0.00749773, 0.0218816, 0.0460126, 0.0602864, 0.10239, 0.111185, 0.161136, 0.365705, 0.803073, 1, 

Generation #25
55,1089,0.001, 0.00749773, 0.0391854, 0.0928903, 0.0602864, 0.10239, 0.134715, 0.292014, 0.348837, 1, 

58,1054,0.001, 0.00749773, 0.0218816, 0.0460126, 0.0602864, 0.10239, 0.111185, 0.134715, 0.142228, 1, 

59,865,0.001, 0.00749773, 0.0218816, 0.0460126, 0.0602864, 0.10239, 0.111185, 0.134715, 0.348837, 1, 

Generation #26
55,1089,0.001, 0.00749773, 0.0391854, 0.0928903, 0.0602864, 0.10239, 0.134715, 0.292014, 0.348837, 1, 

59,865,0.001, 0.00749773, 0.0218816, 0.0460126, 0.0602864, 0.10239, 0.111185, 0.134715, 0.348837, 1, 

57,903,0.001, 0.00749773, 0.0218816, 0.0460126, 0.0602864, 0.10239, 0.111185, 0.292014, 0.348837, 1, 

Generation #27
55,1089,0.001, 0.00749773, 0.0391854, 0.0928903, 0.0602864, 0.10239, 0.134715, 0.292014, 0.348837, 1, 

59,865,0.001, 0.00749773, 0.0218816, 0.0460126, 0.0602864, 0.10239, 0.111185, 0.134715, 0.348837, 1, 

57,903,0.001, 0.00749773, 0.0218816, 0.0460126, 0.0602864, 0.10239, 0.111185, 0.292014, 0.348837, 1, 

Generation #28
55,1089,0.001, 0.00749773, 0.0391854, 0.0928903, 0.0602864, 0.10239, 0.134715, 0.292014, 0.348837, 1, 

59,865,0.001, 0.00749773, 0.0218816, 0.0460126, 0.0602864, 0.10239, 0.111185, 0.134715, 0.348837, 1, 

57,903,0.001, 0.00749773, 0.0218816, 0.0460126, 0.0602864, 0.10239, 0.111185, 0.292014, 0.348837, 1, 

Generation #29
55,1089,0.001, 0.00749773, 0.0391854, 0.0928903, 0.0602864, 0.10239, 0.134715, 0.292014, 0.348837, 1, 

59,865,0.001, 0.00749773, 0.0218816, 0.0460126, 0.0602864, 0.10239, 0.111185, 0.134715, 0.348837, 1, 

57,903,0.001, 0.00749773, 0.0218816, 0.0460126, 0.0602864, 0.10239, 0.111185, 0.292014, 0.348837, 1, 
