------------d=1, t=2, lambda=1, filename=./evaluation/Bugzilla/Bugzilla_2_1.csv------------
Grouping d-sets by partitioned row counts for detecting arrays...
Ready to look at pairs for detecting arrays...
First Stage N=18, Time=25
There are 72303 remaining non-locating pairs
--- Running GA Algorithm (phase2) ---
Running GA with std::execution::par
Generation #0
37,9593,0.001, 0.221124, 0.229578, 0.248151, 0.317247, 0.437383, 0.444051, 0.643865, 0.749881, 0.83435, 0.852734, 1, 

40,3464,0.001, 0.0537338, 0.106666, 0.111303, 0.348809, 0.39629, 0.452333, 0.476821, 0.529451, 0.635177, 0.648952, 0.726148, 0.943837, 0.951523, 1, 

39,8041,0.001, 0.14223, 0.153706, 0.489961, 0.49157, 0.49993, 0.518898, 0.58726, 0.607083, 0.793639, 0.806633, 1, 

45,1576,0.001, 0.0141455, 0.0218816, 0.0456565, 0.126535, 0.171676, 0.223503, 0.360442, 0.365705, 0.45636, 0.479251, 0.508095, 0.573131, 0.69156, 0.698453, 0.828251, 0.841254, 0.951562, 1, 

38,8612,0.001, 0.114574, 0.207754, 0.488192, 0.608378, 0.656133, 0.80047, 0.927298, 0.950905, 0.999048, 1, 

41,3147,0.001, 0.0485364, 0.0638381, 0.103473, 0.112512, 0.157387, 0.207509, 0.233497, 0.34024, 0.425078, 0.623749, 0.642961, 0.77327, 0.821051, 0.86027, 0.97724, 1, 

Generation #1
39,1170,0.001, 0.017851, 0.0501659, 0.0513067, 0.466447, 0.530784, 0.547739, 0.581238, 0.681147, 0.856048, 0.901988, 0.943416, 0.99408, 1, 

44,1031,0.001, 0.0141455, 0.0218816, 0.0456565, 0.126535, 0.171676, 0.223503, 0.360442, 0.365705, 0.45636, 0.479251, 0.508095, 0.573131, 0.69156, 0.698453, 0.828251, 0.841254, 0.951562, 1, 

36,1627,0.001, 0.0370946, 0.0407183, 0.081086, 0.608378, 0.656133, 0.80047, 0.927298, 0.950905, 0.999048, 1, 

Generation #2
35,1623,0.001, 0.0370946, 0.0407183, 0.140626, 0.209852, 0.273465, 0.273585, 0.353292, 0.793639, 0.806633, 1, 

38,999,0.001, 0.0219461, 0.0261442, 0.0262016, 0.0663368, 0.100799, 0.164494, 0.217953, 0.724748, 0.810831, 0.849767, 0.870316, 0.901945, 1, 

39,849,0.001, 0.0141455, 0.0218816, 0.0456565, 0.126535, 0.171676, 0.223503, 0.360442, 0.365705, 0.45636, 0.901988, 0.943416, 0.99408, 1, 

41,732,0.001, 0.0141455, 0.0218816, 0.0456565, 0.126535, 0.171676, 0.223503, 0.360442, 0.76333, 0.45636, 0.479251, 0.508095, 0.99408, 1, 

36,1602,0.001, 0.00749773, 0.0835864, 0.148514, 0.148878, 0.730876, 0.740987, 0.905804, 0.913058, 0.939807, 1, 

Generation #3
34,981,0.001, 0.00563984, 0.0472926, 0.0698625, 0.0751163, 0.198198, 0.226628, 0.274555, 0.301448, 0.330416, 1, 

39,685,0.001, 0.0141455, 0.0218816, 0.0456565, 0.126535, 0.171676, 0.223503, 0.217953, 0.724748, 0.810831, 0.849767, 0.870316, 0.901945, 1, 

36,903,0.001, 0.00563984, 0.0407183, 0.081086, 0.608378, 0.656133, 0.80047, 0.927298, 0.950905, 0.999048, 1, 

Generation #4
34,981,0.001, 0.00563984, 0.0472926, 0.0698625, 0.0751163, 0.198198, 0.226628, 0.274555, 0.301448, 0.330416, 1, 

39,685,0.001, 0.0141455, 0.0218816, 0.0456565, 0.126535, 0.171676, 0.223503, 0.217953, 0.724748, 0.810831, 0.849767, 0.870316, 0.901945, 1, 

36,903,0.001, 0.00563984, 0.0407183, 0.081086, 0.608378, 0.656133, 0.80047, 0.927298, 0.950905, 0.999048, 1, 

Generation #5
34,981,0.001, 0.00563984, 0.0472926, 0.0698625, 0.0751163, 0.198198, 0.226628, 0.274555, 0.301448, 0.330416, 1, 

39,685,0.001, 0.0141455, 0.0218816, 0.0456565, 0.126535, 0.171676, 0.223503, 0.217953, 0.724748, 0.810831, 0.849767, 0.870316, 0.901945, 1, 

36,903,0.001, 0.00563984, 0.0407183, 0.081086, 0.608378, 0.656133, 0.80047, 0.927298, 0.950905, 0.999048, 1, 

32,1017,0.001, 0.0219461, 0.0261442, 0.0262016, 0.232543, 0.423074, 0.425028, 0.44652, 1, 

Generation #6
39,685,0.001, 0.0141455, 0.0218816, 0.0456565, 0.126535, 0.171676, 0.223503, 0.217953, 0.724748, 0.810831, 0.849767, 0.870316, 0.901945, 1, 

32,1017,0.001, 0.0219461, 0.0261442, 0.0262016, 0.232543, 0.423074, 0.425028, 0.44652, 1, 

51,679,0.001, 0.0141455, 0.0218816, 0.0456565, 0.126535, 0.171676, 0.223503, 0.211271, 0.22996, 0.248763, 0.304855, 0.359774, 0.379474, 0.432226, 0.493915, 0.513683, 0.525324, 0.565476, 0.629407, 0.723999, 0.748353, 0.765408, 0.783513, 0.786685, 0.826215, 0.997154, 1, 

34,769,0.001, 0.00563984, 0.0472926, 0.0663368, 0.100799, 0.164494, 0.217953, 0.993654, 1, 

Generation #7
39,685,0.001, 0.0141455, 0.0218816, 0.0456565, 0.126535, 0.171676, 0.223503, 0.217953, 0.724748, 0.810831, 0.849767, 0.870316, 0.901945, 1, 

32,1017,0.001, 0.0219461, 0.0261442, 0.0262016, 0.232543, 0.423074, 0.425028, 0.44652, 1, 

51,679,0.001, 0.0141455, 0.0218816, 0.0456565, 0.126535, 0.171676, 0.223503, 0.211271, 0.22996, 0.248763, 0.304855, 0.359774, 0.379474, 0.432226, 0.493915, 0.513683, 0.525324, 0.565476, 0.629407, 0.723999, 0.748353, 0.765408, 0.783513, 0.786685, 0.826215, 0.997154, 1, 

36,691,0.001, 0.0141455, 0.0218816, 0.0456565, 0.126535, 0.171676, 0.223503, 0.360442, 0.365705, 0.45636, 1, 

33,726,0.001, 0.0141455, 0.0218816, 0.0456565, 0.126535, 0.171676, 0.425028, 0.44652, 1, 

Generation #8
33,726,0.001, 0.0141455, 0.0218816, 0.0456565, 0.126535, 0.171676, 0.425028, 0.44652, 1, 

47,598,0.001, 0.00563984, 0.0218816, 0.0698625, 0.0751163, 0.119235, 0.150345, 0.17776, 0.247358, 0.299091, 0.400537, 0.470213, 0.492376, 0.576229, 0.613618, 0.67643, 0.75629, 0.776041, 0.831382, 0.839098, 0.844438, 0.957415, 0.970357, 1, 

32,839,0.001, 0.0141455, 0.0218816, 0.0456565, 0.126535, 0.171676, 0.425028, 0.360442, 1, 

34,685,0.001, 0.0141455, 0.0218816, 0.0456565, 0.126535, 0.164494, 0.217953, 0.993654, 1, 

36,615,0.001, 0.0141455, 0.0218816, 0.0456565, 0.126535, 0.171676, 0.226628, 0.274555, 0.301448, 0.330416, 1, 

Generation #9
47,598,0.001, 0.00563984, 0.0218816, 0.0698625, 0.0751163, 0.119235, 0.150345, 0.17776, 0.247358, 0.299091, 0.400537, 0.470213, 0.492376, 0.576229, 0.613618, 0.67643, 0.75629, 0.776041, 0.831382, 0.839098, 0.844438, 0.957415, 0.970357, 1, 

32,839,0.001, 0.0141455, 0.0218816, 0.0456565, 0.126535, 0.171676, 0.425028, 0.360442, 1, 

34,685,0.001, 0.0141455, 0.0218816, 0.0456565, 0.126535, 0.164494, 0.217953, 0.993654, 1, 

36,615,0.001, 0.0141455, 0.0218816, 0.0456565, 0.126535, 0.171676, 0.226628, 0.274555, 0.301448, 0.330416, 1, 

33,691,0.001, 0.00563984, 0.0218816, 0.0698625, 0.0751163, 0.164494, 0.217953, 0.993654, 1, 

Generation #10
47,598,0.001, 0.00563984, 0.0218816, 0.0698625, 0.0751163, 0.119235, 0.150345, 0.17776, 0.247358, 0.299091, 0.400537, 0.470213, 0.492376, 0.576229, 0.613618, 0.67643, 0.75629, 0.776041, 0.831382, 0.839098, 0.844438, 0.957415, 0.970357, 1, 

32,839,0.001, 0.0141455, 0.0218816, 0.0456565, 0.126535, 0.171676, 0.425028, 0.360442, 1, 

34,685,0.001, 0.0141455, 0.0218816, 0.0456565, 0.126535, 0.164494, 0.217953, 0.993654, 1, 

36,615,0.001, 0.0141455, 0.0218816, 0.0456565, 0.126535, 0.171676, 0.226628, 0.274555, 0.301448, 0.330416, 1, 

33,691,0.001, 0.00563984, 0.0218816, 0.0698625, 0.0751163, 0.164494, 0.217953, 0.993654, 1, 

Generation #11
47,598,0.001, 0.00563984, 0.0218816, 0.0698625, 0.0751163, 0.119235, 0.150345, 0.17776, 0.247358, 0.299091, 0.400537, 0.470213, 0.492376, 0.576229, 0.613618, 0.67643, 0.75629, 0.776041, 0.831382, 0.839098, 0.844438, 0.957415, 0.970357, 1, 

32,839,0.001, 0.0141455, 0.0218816, 0.0456565, 0.126535, 0.171676, 0.425028, 0.360442, 1, 

34,685,0.001, 0.0141455, 0.0218816, 0.0456565, 0.126535, 0.164494, 0.217953, 0.993654, 1, 

36,615,0.001, 0.0141455, 0.0218816, 0.0456565, 0.126535, 0.171676, 0.226628, 0.274555, 0.301448, 0.330416, 1, 

33,691,0.001, 0.00563984, 0.0218816, 0.0698625, 0.0751163, 0.164494, 0.217953, 0.993654, 1, 

Generation #12
47,598,0.001, 0.00563984, 0.0218816, 0.0698625, 0.0751163, 0.119235, 0.150345, 0.17776, 0.247358, 0.299091, 0.400537, 0.470213, 0.492376, 0.576229, 0.613618, 0.67643, 0.75629, 0.776041, 0.831382, 0.839098, 0.844438, 0.957415, 0.970357, 1, 

32,839,0.001, 0.0141455, 0.0218816, 0.0456565, 0.126535, 0.171676, 0.425028, 0.360442, 1, 

34,685,0.001, 0.0141455, 0.0218816, 0.0456565, 0.126535, 0.164494, 0.217953, 0.993654, 1, 

36,615,0.001, 0.0141455, 0.0218816, 0.0456565, 0.126535, 0.171676, 0.226628, 0.274555, 0.301448, 0.330416, 1, 

33,688,0.001, 0.0141455, 0.0218816, 0.0456565, 0.126535, 0.171676, 0.223503, 0.44652, 1, 

Generation #13
47,598,0.001, 0.00563984, 0.0218816, 0.0698625, 0.0751163, 0.119235, 0.150345, 0.17776, 0.247358, 0.299091, 0.400537, 0.470213, 0.492376, 0.576229, 0.613618, 0.67643, 0.75629, 0.776041, 0.831382, 0.839098, 0.844438, 0.957415, 0.970357, 1, 

32,839,0.001, 0.0141455, 0.0218816, 0.0456565, 0.126535, 0.171676, 0.425028, 0.360442, 1, 

34,685,0.001, 0.0141455, 0.0218816, 0.0456565, 0.126535, 0.164494, 0.217953, 0.993654, 1, 

36,615,0.001, 0.0141455, 0.0218816, 0.0456565, 0.126535, 0.171676, 0.226628, 0.274555, 0.301448, 0.330416, 1, 

33,688,0.001, 0.0141455, 0.0218816, 0.0456565, 0.126535, 0.171676, 0.223503, 0.44652, 1, 

51,583,0.001, 0.00563984, 0.0218816, 0.0456565, 0.126535, 0.119161, 0.216399, 0.246362, 0.302584, 0.345675, 0.346068, 0.390185, 0.443204, 0.455689, 0.522106, 0.532403, 0.55521, 0.604216, 0.702404, 0.757145, 0.774314, 0.824831, 0.850221, 0.930843, 0.984248, 0.991008, 0.997154, 1, 

Generation #14
47,598,0.001, 0.00563984, 0.0218816, 0.0698625, 0.0751163, 0.119235, 0.150345, 0.17776, 0.247358, 0.299091, 0.400537, 0.470213, 0.492376, 0.576229, 0.613618, 0.67643, 0.75629, 0.776041, 0.831382, 0.839098, 0.844438, 0.957415, 0.970357, 1, 

32,839,0.001, 0.0141455, 0.0218816, 0.0456565, 0.126535, 0.171676, 0.425028, 0.360442, 1, 

36,615,0.001, 0.0141455, 0.0218816, 0.0456565, 0.126535, 0.171676, 0.226628, 0.274555, 0.301448, 0.330416, 1, 

51,583,0.001, 0.00563984, 0.0218816, 0.0456565, 0.126535, 0.119161, 0.216399, 0.246362, 0.302584, 0.345675, 0.346068, 0.390185, 0.443204, 0.455689, 0.522106, 0.532403, 0.55521, 0.604216, 0.702404, 0.757145, 0.774314, 0.824831, 0.850221, 0.930843, 0.984248, 0.991008, 0.997154, 1, 

41,607,0.001, 0.00563984, 0.0218816, 0.0698625, 0.0751163, 0.119235, 0.150345, 0.17776, 0.247358, 0.299091, 0.400537, 0.870316, 0.901945, 1, 

33,680,0.001, 0.00563984, 0.0218816, 0.0456565, 0.126535, 0.171676, 0.223503, 0.360442, 1, 

Generation #15
47,598,0.001, 0.00563984, 0.0218816, 0.0698625, 0.0751163, 0.119235, 0.150345, 0.17776, 0.247358, 0.299091, 0.400537, 0.470213, 0.492376, 0.576229, 0.613618, 0.67643, 0.75629, 0.776041, 0.831382, 0.839098, 0.844438, 0.957415, 0.970357, 1, 

32,839,0.001, 0.0141455, 0.0218816, 0.0456565, 0.126535, 0.171676, 0.425028, 0.360442, 1, 

36,615,0.001, 0.0141455, 0.0218816, 0.0456565, 0.126535, 0.171676, 0.226628, 0.274555, 0.301448, 0.330416, 1, 

51,583,0.001, 0.00563984, 0.0218816, 0.0456565, 0.126535, 0.119161, 0.216399, 0.246362, 0.302584, 0.345675, 0.346068, 0.390185, 0.443204, 0.455689, 0.522106, 0.532403, 0.55521, 0.604216, 0.702404, 0.757145, 0.774314, 0.824831, 0.850221, 0.930843, 0.984248, 0.991008, 0.997154, 1, 

41,607,0.001, 0.00563984, 0.0218816, 0.0698625, 0.0751163, 0.119235, 0.150345, 0.17776, 0.247358, 0.299091, 0.400537, 0.870316, 0.901945, 1, 

33,680,0.001, 0.00563984, 0.0218816, 0.0456565, 0.126535, 0.171676, 0.223503, 0.360442, 1, 

Generation #16
47,598,0.001, 0.00563984, 0.0218816, 0.0698625, 0.0751163, 0.119235, 0.150345, 0.17776, 0.247358, 0.299091, 0.400537, 0.470213, 0.492376, 0.576229, 0.613618, 0.67643, 0.75629, 0.776041, 0.831382, 0.839098, 0.844438, 0.957415, 0.970357, 1, 

32,839,0.001, 0.0141455, 0.0218816, 0.0456565, 0.126535, 0.171676, 0.425028, 0.360442, 1, 

36,615,0.001, 0.0141455, 0.0218816, 0.0456565, 0.126535, 0.171676, 0.226628, 0.274555, 0.301448, 0.330416, 1, 

51,583,0.001, 0.00563984, 0.0218816, 0.0456565, 0.126535, 0.119161, 0.216399, 0.246362, 0.302584, 0.345675, 0.346068, 0.390185, 0.443204, 0.455689, 0.522106, 0.532403, 0.55521, 0.604216, 0.702404, 0.757145, 0.774314, 0.824831, 0.850221, 0.930843, 0.984248, 0.991008, 0.997154, 1, 

41,607,0.001, 0.00563984, 0.0218816, 0.0698625, 0.0751163, 0.119235, 0.150345, 0.17776, 0.247358, 0.299091, 0.400537, 0.870316, 0.901945, 1, 

33,661,0.001, 0.0141455, 0.0218816, 0.0456565, 0.126535, 0.171676, 0.223503, 0.217953, 1, 

Generation #17
47,598,0.001, 0.00563984, 0.0218816, 0.0698625, 0.0751163, 0.119235, 0.150345, 0.17776, 0.247358, 0.299091, 0.400537, 0.470213, 0.492376, 0.576229, 0.613618, 0.67643, 0.75629, 0.776041, 0.831382, 0.839098, 0.844438, 0.957415, 0.970357, 1, 

36,615,0.001, 0.0141455, 0.0218816, 0.0456565, 0.126535, 0.171676, 0.226628, 0.274555, 0.301448, 0.330416, 1, 

51,583,0.001, 0.00563984, 0.0218816, 0.0456565, 0.126535, 0.119161, 0.216399, 0.246362, 0.302584, 0.345675, 0.346068, 0.390185, 0.443204, 0.455689, 0.522106, 0.532403, 0.55521, 0.604216, 0.702404, 0.757145, 0.774314, 0.824831, 0.850221, 0.930843, 0.984248, 0.991008, 0.997154, 1, 

41,607,0.001, 0.00563984, 0.0218816, 0.0698625, 0.0751163, 0.119235, 0.150345, 0.17776, 0.247358, 0.299091, 0.400537, 0.870316, 0.901945, 1, 

33,661,0.001, 0.0141455, 0.0218816, 0.0456565, 0.126535, 0.171676, 0.223503, 0.217953, 1, 

31,1534,0.001, 0.0141455, 0.0218816, 0.0078039, 0.692193, 0.126535, 0.217953, 0.993654, 1, 

32,701,0.001, 0.0141455, 0.0261442, 0.0456565, 0.126535, 0.171676, 0.223503, 0.211271, 1, 

Generation #18
47,598,0.001, 0.00563984, 0.0218816, 0.0698625, 0.0751163, 0.119235, 0.150345, 0.17776, 0.247358, 0.299091, 0.400537, 0.470213, 0.492376, 0.576229, 0.613618, 0.67643, 0.75629, 0.776041, 0.831382, 0.839098, 0.844438, 0.957415, 0.970357, 1, 

36,615,0.001, 0.0141455, 0.0218816, 0.0456565, 0.126535, 0.171676, 0.226628, 0.274555, 0.301448, 0.330416, 1, 

51,583,0.001, 0.00563984, 0.0218816, 0.0456565, 0.126535, 0.119161, 0.216399, 0.246362, 0.302584, 0.345675, 0.346068, 0.390185, 0.443204, 0.455689, 0.522106, 0.532403, 0.55521, 0.604216, 0.702404, 0.757145, 0.774314, 0.824831, 0.850221, 0.930843, 0.984248, 0.991008, 0.997154, 1, 

41,607,0.001, 0.00563984, 0.0218816, 0.0698625, 0.0751163, 0.119235, 0.150345, 0.17776, 0.247358, 0.299091, 0.400537, 0.870316, 0.901945, 1, 

33,661,0.001, 0.0141455, 0.0218816, 0.0456565, 0.126535, 0.171676, 0.223503, 0.217953, 1, 

31,1534,0.001, 0.0141455, 0.0218816, 0.0078039, 0.692193, 0.126535, 0.217953, 0.993654, 1, 

32,701,0.001, 0.0141455, 0.0261442, 0.0456565, 0.126535, 0.171676, 0.223503, 0.211271, 1, 

35,631,0.001, 0.0141455, 0.0218816, 0.0456565, 0.126535, 0.171676, 0.226628, 0.274555, 0.301448, 0.330416, 1, 

Generation #19
47,598,0.001, 0.00563984, 0.0218816, 0.0698625, 0.0751163, 0.119235, 0.150345, 0.17776, 0.247358, 0.299091, 0.400537, 0.470213, 0.492376, 0.576229, 0.613618, 0.67643, 0.75629, 0.776041, 0.831382, 0.839098, 0.844438, 0.957415, 0.970357, 1, 

36,615,0.001, 0.0141455, 0.0218816, 0.0456565, 0.126535, 0.171676, 0.226628, 0.274555, 0.301448, 0.330416, 1, 

51,583,0.001, 0.00563984, 0.0218816, 0.0456565, 0.126535, 0.119161, 0.216399, 0.246362, 0.302584, 0.345675, 0.346068, 0.390185, 0.443204, 0.455689, 0.522106, 0.532403, 0.55521, 0.604216, 0.702404, 0.757145, 0.774314, 0.824831, 0.850221, 0.930843, 0.984248, 0.991008, 0.997154, 1, 

41,607,0.001, 0.00563984, 0.0218816, 0.0698625, 0.0751163, 0.119235, 0.150345, 0.17776, 0.247358, 0.299091, 0.400537, 0.870316, 0.901945, 1, 

33,661,0.001, 0.0141455, 0.0218816, 0.0456565, 0.126535, 0.171676, 0.223503, 0.217953, 1, 

31,1534,0.001, 0.0141455, 0.0218816, 0.0078039, 0.692193, 0.126535, 0.217953, 0.993654, 1, 

32,701,0.001, 0.0141455, 0.0261442, 0.0456565, 0.126535, 0.171676, 0.223503, 0.211271, 1, 

35,631,0.001, 0.0141455, 0.0218816, 0.0456565, 0.126535, 0.171676, 0.226628, 0.274555, 0.301448, 0.330416, 1, 

Generation #20
47,598,0.001, 0.00563984, 0.0218816, 0.0698625, 0.0751163, 0.119235, 0.150345, 0.17776, 0.247358, 0.299091, 0.400537, 0.470213, 0.492376, 0.576229, 0.613618, 0.67643, 0.75629, 0.776041, 0.831382, 0.839098, 0.844438, 0.957415, 0.970357, 1, 

36,615,0.001, 0.0141455, 0.0218816, 0.0456565, 0.126535, 0.171676, 0.226628, 0.274555, 0.301448, 0.330416, 1, 

51,583,0.001, 0.00563984, 0.0218816, 0.0456565, 0.126535, 0.119161, 0.216399, 0.246362, 0.302584, 0.345675, 0.346068, 0.390185, 0.443204, 0.455689, 0.522106, 0.532403, 0.55521, 0.604216, 0.702404, 0.757145, 0.774314, 0.824831, 0.850221, 0.930843, 0.984248, 0.991008, 0.997154, 1, 

41,607,0.001, 0.00563984, 0.0218816, 0.0698625, 0.0751163, 0.119235, 0.150345, 0.17776, 0.247358, 0.299091, 0.400537, 0.870316, 0.901945, 1, 

33,661,0.001, 0.0141455, 0.0218816, 0.0456565, 0.126535, 0.171676, 0.223503, 0.217953, 1, 

31,1534,0.001, 0.0141455, 0.0218816, 0.0078039, 0.692193, 0.126535, 0.217953, 0.993654, 1, 

32,701,0.001, 0.0141455, 0.0261442, 0.0456565, 0.126535, 0.171676, 0.223503, 0.211271, 1, 

35,631,0.001, 0.0141455, 0.0218816, 0.0456565, 0.126535, 0.171676, 0.226628, 0.274555, 0.301448, 0.330416, 1, 

Generation #21
47,598,0.001, 0.00563984, 0.0218816, 0.0698625, 0.0751163, 0.119235, 0.150345, 0.17776, 0.247358, 0.299091, 0.400537, 0.470213, 0.492376, 0.576229, 0.613618, 0.67643, 0.75629, 0.776041, 0.831382, 0.839098, 0.844438, 0.957415, 0.970357, 1, 

36,615,0.001, 0.0141455, 0.0218816, 0.0456565, 0.126535, 0.171676, 0.226628, 0.274555, 0.301448, 0.330416, 1, 

51,583,0.001, 0.00563984, 0.0218816, 0.0456565, 0.126535, 0.119161, 0.216399, 0.246362, 0.302584, 0.345675, 0.346068, 0.390185, 0.443204, 0.455689, 0.522106, 0.532403, 0.55521, 0.604216, 0.702404, 0.757145, 0.774314, 0.824831, 0.850221, 0.930843, 0.984248, 0.991008, 0.997154, 1, 

41,607,0.001, 0.00563984, 0.0218816, 0.0698625, 0.0751163, 0.119235, 0.150345, 0.17776, 0.247358, 0.299091, 0.400537, 0.870316, 0.901945, 1, 

33,661,0.001, 0.0141455, 0.0218816, 0.0456565, 0.126535, 0.171676, 0.223503, 0.217953, 1, 

32,701,0.001, 0.0141455, 0.0261442, 0.0456565, 0.126535, 0.171676, 0.223503, 0.211271, 1, 

35,631,0.001, 0.0141455, 0.0218816, 0.0456565, 0.126535, 0.171676, 0.226628, 0.274555, 0.301448, 0.330416, 1, 

31,1249,0.00563984, 0.0218816, 0.0456565, 0.126535, 0.119161, 0.216399, 0.360442, 1, 

Generation #22
47,598,0.001, 0.00563984, 0.0218816, 0.0698625, 0.0751163, 0.119235, 0.150345, 0.17776, 0.247358, 0.299091, 0.400537, 0.470213, 0.492376, 0.576229, 0.613618, 0.67643, 0.75629, 0.776041, 0.831382, 0.839098, 0.844438, 0.957415, 0.970357, 1, 

36,615,0.001, 0.0141455, 0.0218816, 0.0456565, 0.126535, 0.171676, 0.226628, 0.274555, 0.301448, 0.330416, 1, 

51,583,0.001, 0.00563984, 0.0218816, 0.0456565, 0.126535, 0.119161, 0.216399, 0.246362, 0.302584, 0.345675, 0.346068, 0.390185, 0.443204, 0.455689, 0.522106, 0.532403, 0.55521, 0.604216, 0.702404, 0.757145, 0.774314, 0.824831, 0.850221, 0.930843, 0.984248, 0.991008, 0.997154, 1, 

41,607,0.001, 0.00563984, 0.0218816, 0.0698625, 0.0751163, 0.119235, 0.150345, 0.17776, 0.247358, 0.299091, 0.400537, 0.870316, 0.901945, 1, 

32,701,0.001, 0.0141455, 0.0261442, 0.0456565, 0.126535, 0.171676, 0.223503, 0.211271, 1, 

35,631,0.001, 0.0141455, 0.0218816, 0.0456565, 0.126535, 0.171676, 0.226628, 0.274555, 0.301448, 0.330416, 1, 

31,1249,0.00563984, 0.0218816, 0.0456565, 0.126535, 0.119161, 0.216399, 0.360442, 1, 

33,642,0.001, 0.0141455, 0.0218816, 0.0456565, 0.126535, 0.171676, 0.226628, 0.274555, 0.301448, 1, 

Generation #23
47,598,0.001, 0.00563984, 0.0218816, 0.0698625, 0.0751163, 0.119235, 0.150345, 0.17776, 0.247358, 0.299091, 0.400537, 0.470213, 0.492376, 0.576229, 0.613618, 0.67643, 0.75629, 0.776041, 0.831382, 0.839098, 0.844438, 0.957415, 0.970357, 1, 

36,615,0.001, 0.0141455, 0.0218816, 0.0456565, 0.126535, 0.171676, 0.226628, 0.274555, 0.301448, 0.330416, 1, 

51,583,0.001, 0.00563984, 0.0218816, 0.0456565, 0.126535, 0.119161, 0.216399, 0.246362, 0.302584, 0.345675, 0.346068, 0.390185, 0.443204, 0.455689, 0.522106, 0.532403, 0.55521, 0.604216, 0.702404, 0.757145, 0.774314, 0.824831, 0.850221, 0.930843, 0.984248, 0.991008, 0.997154, 1, 

41,607,0.001, 0.00563984, 0.0218816, 0.0698625, 0.0751163, 0.119235, 0.150345, 0.17776, 0.247358, 0.299091, 0.400537, 0.870316, 0.901945, 1, 

32,701,0.001, 0.0141455, 0.0261442, 0.0456565, 0.126535, 0.171676, 0.223503, 0.211271, 1, 

35,631,0.001, 0.0141455, 0.0218816, 0.0456565, 0.126535, 0.171676, 0.226628, 0.274555, 0.301448, 0.330416, 1, 

33,642,0.001, 0.0141455, 0.0218816, 0.0456565, 0.126535, 0.171676, 0.226628, 0.274555, 0.301448, 1, 

31,1187,0.001, 0.0218816, 0.0456565, 0.171676, 0.223503, 0.360442, 1, 

Generation #24
47,598,0.001, 0.00563984, 0.0218816, 0.0698625, 0.0751163, 0.119235, 0.150345, 0.17776, 0.247358, 0.299091, 0.400537, 0.470213, 0.492376, 0.576229, 0.613618, 0.67643, 0.75629, 0.776041, 0.831382, 0.839098, 0.844438, 0.957415, 0.970357, 1, 

36,615,0.001, 0.0141455, 0.0218816, 0.0456565, 0.126535, 0.171676, 0.226628, 0.274555, 0.301448, 0.330416, 1, 

51,583,0.001, 0.00563984, 0.0218816, 0.0456565, 0.126535, 0.119161, 0.216399, 0.246362, 0.302584, 0.345675, 0.346068, 0.390185, 0.443204, 0.455689, 0.522106, 0.532403, 0.55521, 0.604216, 0.702404, 0.757145, 0.774314, 0.824831, 0.850221, 0.930843, 0.984248, 0.991008, 0.997154, 1, 

41,607,0.001, 0.00563984, 0.0218816, 0.0698625, 0.0751163, 0.119235, 0.150345, 0.17776, 0.247358, 0.299091, 0.400537, 0.870316, 0.901945, 1, 

32,701,0.001, 0.0141455, 0.0261442, 0.0456565, 0.126535, 0.171676, 0.223503, 0.211271, 1, 

35,631,0.001, 0.0141455, 0.0218816, 0.0456565, 0.126535, 0.171676, 0.226628, 0.274555, 0.301448, 0.330416, 1, 

33,642,0.001, 0.0141455, 0.0218816, 0.0456565, 0.126535, 0.171676, 0.226628, 0.274555, 0.301448, 1, 

31,1187,0.001, 0.0218816, 0.0456565, 0.171676, 0.223503, 0.360442, 1, 

Generation #25
47,598,0.001, 0.00563984, 0.0218816, 0.0698625, 0.0751163, 0.119235, 0.150345, 0.17776, 0.247358, 0.299091, 0.400537, 0.470213, 0.492376, 0.576229, 0.613618, 0.67643, 0.75629, 0.776041, 0.831382, 0.839098, 0.844438, 0.957415, 0.970357, 1, 

36,615,0.001, 0.0141455, 0.0218816, 0.0456565, 0.126535, 0.171676, 0.226628, 0.274555, 0.301448, 0.330416, 1, 

51,583,0.001, 0.00563984, 0.0218816, 0.0456565, 0.126535, 0.119161, 0.216399, 0.246362, 0.302584, 0.345675, 0.346068, 0.390185, 0.443204, 0.455689, 0.522106, 0.532403, 0.55521, 0.604216, 0.702404, 0.757145, 0.774314, 0.824831, 0.850221, 0.930843, 0.984248, 0.991008, 0.997154, 1, 

41,607,0.001, 0.00563984, 0.0218816, 0.0698625, 0.0751163, 0.119235, 0.150345, 0.17776, 0.247358, 0.299091, 0.400537, 0.870316, 0.901945, 1, 

32,701,0.001, 0.0141455, 0.0261442, 0.0456565, 0.126535, 0.171676, 0.223503, 0.211271, 1, 

35,631,0.001, 0.0141455, 0.0218816, 0.0456565, 0.126535, 0.171676, 0.226628, 0.274555, 0.301448, 0.330416, 1, 

33,642,0.001, 0.0141455, 0.0218816, 0.0456565, 0.126535, 0.171676, 0.226628, 0.274555, 0.301448, 1, 

31,1187,0.001, 0.0218816, 0.0456565, 0.171676, 0.223503, 0.360442, 1, 

30,2123,0.001, 0.00563984, 0.0218816, 0.0078039, 0.692193, 0.217953, 0.993654, 1, 

Generation #26
47,598,0.001, 0.00563984, 0.0218816, 0.0698625, 0.0751163, 0.119235, 0.150345, 0.17776, 0.247358, 0.299091, 0.400537, 0.470213, 0.492376, 0.576229, 0.613618, 0.67643, 0.75629, 0.776041, 0.831382, 0.839098, 0.844438, 0.957415, 0.970357, 1, 

36,615,0.001, 0.0141455, 0.0218816, 0.0456565, 0.126535, 0.171676, 0.226628, 0.274555, 0.301448, 0.330416, 1, 

51,583,0.001, 0.00563984, 0.0218816, 0.0456565, 0.126535, 0.119161, 0.216399, 0.246362, 0.302584, 0.345675, 0.346068, 0.390185, 0.443204, 0.455689, 0.522106, 0.532403, 0.55521, 0.604216, 0.702404, 0.757145, 0.774314, 0.824831, 0.850221, 0.930843, 0.984248, 0.991008, 0.997154, 1, 

41,607,0.001, 0.00563984, 0.0218816, 0.0698625, 0.0751163, 0.119235, 0.150345, 0.17776, 0.247358, 0.299091, 0.400537, 0.870316, 0.901945, 1, 

32,701,0.001, 0.0141455, 0.0261442, 0.0456565, 0.126535, 0.171676, 0.223503, 0.211271, 1, 

35,631,0.001, 0.0141455, 0.0218816, 0.0456565, 0.126535, 0.171676, 0.226628, 0.274555, 0.301448, 0.330416, 1, 

33,642,0.001, 0.0141455, 0.0218816, 0.0456565, 0.126535, 0.171676, 0.226628, 0.274555, 0.301448, 1, 

31,1187,0.001, 0.0218816, 0.0456565, 0.171676, 0.223503, 0.360442, 1, 

30,2123,0.001, 0.00563984, 0.0218816, 0.0078039, 0.692193, 0.217953, 0.993654, 1, 

Generation #27
47,598,0.001, 0.00563984, 0.0218816, 0.0698625, 0.0751163, 0.119235, 0.150345, 0.17776, 0.247358, 0.299091, 0.400537, 0.470213, 0.492376, 0.576229, 0.613618, 0.67643, 0.75629, 0.776041, 0.831382, 0.839098, 0.844438, 0.957415, 0.970357, 1, 

51,583,0.001, 0.00563984, 0.0218816, 0.0456565, 0.126535, 0.119161, 0.216399, 0.246362, 0.302584, 0.345675, 0.346068, 0.390185, 0.443204, 0.455689, 0.522106, 0.532403, 0.55521, 0.604216, 0.702404, 0.757145, 0.774314, 0.824831, 0.850221, 0.930843, 0.984248, 0.991008, 0.997154, 1, 

32,701,0.001, 0.0141455, 0.0261442, 0.0456565, 0.126535, 0.171676, 0.223503, 0.211271, 1, 

33,642,0.001, 0.0141455, 0.0218816, 0.0456565, 0.126535, 0.171676, 0.226628, 0.274555, 0.301448, 1, 

30,2123,0.001, 0.00563984, 0.0218816, 0.0078039, 0.692193, 0.217953, 0.993654, 1, 

31,861,0.001, 0.0141455, 0.0218816, 0.0456565, 0.169266, 0.171676, 0.223503, 0.217953, 1, 

35,600,0.001, 0.00563984, 0.0218816, 0.0456565, 0.126535, 0.171676, 0.223503, 0.360442, 1, 

Generation #28
47,598,0.001, 0.00563984, 0.0218816, 0.0698625, 0.0751163, 0.119235, 0.150345, 0.17776, 0.247358, 0.299091, 0.400537, 0.470213, 0.492376, 0.576229, 0.613618, 0.67643, 0.75629, 0.776041, 0.831382, 0.839098, 0.844438, 0.957415, 0.970357, 1, 

51,583,0.001, 0.00563984, 0.0218816, 0.0456565, 0.126535, 0.119161, 0.216399, 0.246362, 0.302584, 0.345675, 0.346068, 0.390185, 0.443204, 0.455689, 0.522106, 0.532403, 0.55521, 0.604216, 0.702404, 0.757145, 0.774314, 0.824831, 0.850221, 0.930843, 0.984248, 0.991008, 0.997154, 1, 

32,701,0.001, 0.0141455, 0.0261442, 0.0456565, 0.126535, 0.171676, 0.223503, 0.211271, 1, 

33,642,0.001, 0.0141455, 0.0218816, 0.0456565, 0.126535, 0.171676, 0.226628, 0.274555, 0.301448, 1, 

30,2123,0.001, 0.00563984, 0.0218816, 0.0078039, 0.692193, 0.217953, 0.993654, 1, 

31,861,0.001, 0.0141455, 0.0218816, 0.0456565, 0.169266, 0.171676, 0.223503, 0.217953, 1, 

35,600,0.001, 0.00563984, 0.0218816, 0.0456565, 0.126535, 0.171676, 0.223503, 0.360442, 1, 

Generation #29
47,598,0.001, 0.00563984, 0.0218816, 0.0698625, 0.0751163, 0.119235, 0.150345, 0.17776, 0.247358, 0.299091, 0.400537, 0.470213, 0.492376, 0.576229, 0.613618, 0.67643, 0.75629, 0.776041, 0.831382, 0.839098, 0.844438, 0.957415, 0.970357, 1, 

51,583,0.001, 0.00563984, 0.0218816, 0.0456565, 0.126535, 0.119161, 0.216399, 0.246362, 0.302584, 0.345675, 0.346068, 0.390185, 0.443204, 0.455689, 0.522106, 0.532403, 0.55521, 0.604216, 0.702404, 0.757145, 0.774314, 0.824831, 0.850221, 0.930843, 0.984248, 0.991008, 0.997154, 1, 

32,701,0.001, 0.0141455, 0.0261442, 0.0456565, 0.126535, 0.171676, 0.223503, 0.211271, 1, 

33,642,0.001, 0.0141455, 0.0218816, 0.0456565, 0.126535, 0.171676, 0.226628, 0.274555, 0.301448, 1, 

30,2123,0.001, 0.00563984, 0.0218816, 0.0078039, 0.692193, 0.217953, 0.993654, 1, 

31,861,0.001, 0.0141455, 0.0218816, 0.0456565, 0.169266, 0.171676, 0.223503, 0.217953, 1, 

35,600,0.001, 0.00563984, 0.0218816, 0.0456565, 0.126535, 0.171676, 0.223503, 0.360442, 1, 

Generation #30
47,598,0.001, 0.00563984, 0.0218816, 0.0698625, 0.0751163, 0.119235, 0.150345, 0.17776, 0.247358, 0.299091, 0.400537, 0.470213, 0.492376, 0.576229, 0.613618, 0.67643, 0.75629, 0.776041, 0.831382, 0.839098, 0.844438, 0.957415, 0.970357, 1, 

51,583,0.001, 0.00563984, 0.0218816, 0.0456565, 0.126535, 0.119161, 0.216399, 0.246362, 0.302584, 0.345675, 0.346068, 0.390185, 0.443204, 0.455689, 0.522106, 0.532403, 0.55521, 0.604216, 0.702404, 0.757145, 0.774314, 0.824831, 0.850221, 0.930843, 0.984248, 0.991008, 0.997154, 1, 

32,701,0.001, 0.0141455, 0.0261442, 0.0456565, 0.126535, 0.171676, 0.223503, 0.211271, 1, 

33,642,0.001, 0.0141455, 0.0218816, 0.0456565, 0.126535, 0.171676, 0.226628, 0.274555, 0.301448, 1, 

30,2123,0.001, 0.00563984, 0.0218816, 0.0078039, 0.692193, 0.217953, 0.993654, 1, 

31,861,0.001, 0.0141455, 0.0218816, 0.0456565, 0.169266, 0.171676, 0.223503, 0.217953, 1, 

35,600,0.001, 0.00563984, 0.0218816, 0.0456565, 0.126535, 0.171676, 0.223503, 0.360442, 1, 

Generation #31
47,598,0.001, 0.00563984, 0.0218816, 0.0698625, 0.0751163, 0.119235, 0.150345, 0.17776, 0.247358, 0.299091, 0.400537, 0.470213, 0.492376, 0.576229, 0.613618, 0.67643, 0.75629, 0.776041, 0.831382, 0.839098, 0.844438, 0.957415, 0.970357, 1, 

51,583,0.001, 0.00563984, 0.0218816, 0.0456565, 0.126535, 0.119161, 0.216399, 0.246362, 0.302584, 0.345675, 0.346068, 0.390185, 0.443204, 0.455689, 0.522106, 0.532403, 0.55521, 0.604216, 0.702404, 0.757145, 0.774314, 0.824831, 0.850221, 0.930843, 0.984248, 0.991008, 0.997154, 1, 

32,701,0.001, 0.0141455, 0.0261442, 0.0456565, 0.126535, 0.171676, 0.223503, 0.211271, 1, 

33,642,0.001, 0.0141455, 0.0218816, 0.0456565, 0.126535, 0.171676, 0.226628, 0.274555, 0.301448, 1, 

30,2123,0.001, 0.00563984, 0.0218816, 0.0078039, 0.692193, 0.217953, 0.993654, 1, 

31,861,0.001, 0.0141455, 0.0218816, 0.0456565, 0.169266, 0.171676, 0.223503, 0.217953, 1, 

35,600,0.001, 0.00563984, 0.0218816, 0.0456565, 0.126535, 0.171676, 0.223503, 0.360442, 1, 

Generation #32
47,598,0.001, 0.00563984, 0.0218816, 0.0698625, 0.0751163, 0.119235, 0.150345, 0.17776, 0.247358, 0.299091, 0.400537, 0.470213, 0.492376, 0.576229, 0.613618, 0.67643, 0.75629, 0.776041, 0.831382, 0.839098, 0.844438, 0.957415, 0.970357, 1, 

51,583,0.001, 0.00563984, 0.0218816, 0.0456565, 0.126535, 0.119161, 0.216399, 0.246362, 0.302584, 0.345675, 0.346068, 0.390185, 0.443204, 0.455689, 0.522106, 0.532403, 0.55521, 0.604216, 0.702404, 0.757145, 0.774314, 0.824831, 0.850221, 0.930843, 0.984248, 0.991008, 0.997154, 1, 

32,701,0.001, 0.0141455, 0.0261442, 0.0456565, 0.126535, 0.171676, 0.223503, 0.211271, 1, 

33,642,0.001, 0.0141455, 0.0218816, 0.0456565, 0.126535, 0.171676, 0.226628, 0.274555, 0.301448, 1, 

30,2123,0.001, 0.00563984, 0.0218816, 0.0078039, 0.692193, 0.217953, 0.993654, 1, 

31,861,0.001, 0.0141455, 0.0218816, 0.0456565, 0.169266, 0.171676, 0.223503, 0.217953, 1, 

35,600,0.001, 0.00563984, 0.0218816, 0.0456565, 0.126535, 0.171676, 0.223503, 0.360442, 1, 

Generation #33
30,2123,0.001, 0.00563984, 0.0218816, 0.0078039, 0.692193, 0.217953, 0.993654, 1, 

31,861,0.001, 0.0141455, 0.0218816, 0.0456565, 0.169266, 0.171676, 0.223503, 0.217953, 1, 

32,640,0.001, 0.00563984, 0.0218816, 0.0456565, 0.126535, 0.171676, 0.223503, 0.0796776, 1, 

34,578,0.001, 0.0141455, 0.0218816, 0.0456565, 0.169266, 0.119235, 0.150345, 0.17776, 1, 

Generation #34
30,2123,0.001, 0.00563984, 0.0218816, 0.0078039, 0.692193, 0.217953, 0.993654, 1, 

31,861,0.001, 0.0141455, 0.0218816, 0.0456565, 0.169266, 0.171676, 0.223503, 0.217953, 1, 

32,640,0.001, 0.00563984, 0.0218816, 0.0456565, 0.126535, 0.171676, 0.223503, 0.0796776, 1, 

34,578,0.001, 0.0141455, 0.0218816, 0.0456565, 0.169266, 0.119235, 0.150345, 0.17776, 1, 

Generation #35
30,2123,0.001, 0.00563984, 0.0218816, 0.0078039, 0.692193, 0.217953, 0.993654, 1, 

31,861,0.001, 0.0141455, 0.0218816, 0.0456565, 0.169266, 0.171676, 0.223503, 0.217953, 1, 

32,640,0.001, 0.00563984, 0.0218816, 0.0456565, 0.126535, 0.171676, 0.223503, 0.0796776, 1, 

34,578,0.001, 0.0141455, 0.0218816, 0.0456565, 0.169266, 0.119235, 0.150345, 0.17776, 1, 

Generation #36
30,2123,0.001, 0.00563984, 0.0218816, 0.0078039, 0.692193, 0.217953, 0.993654, 1, 

32,640,0.001, 0.00563984, 0.0218816, 0.0456565, 0.126535, 0.171676, 0.223503, 0.0796776, 1, 

34,578,0.001, 0.0141455, 0.0218816, 0.0456565, 0.169266, 0.119235, 0.150345, 0.17776, 1, 

31,829,0.001, 0.00563984, 0.0218816, 0.0456565, 0.171676, 0.493291, 0.360442, 1, 

Generation #37
30,2123,0.001, 0.00563984, 0.0218816, 0.0078039, 0.692193, 0.217953, 0.993654, 1, 

32,640,0.001, 0.00563984, 0.0218816, 0.0456565, 0.126535, 0.171676, 0.223503, 0.0796776, 1, 

34,578,0.001, 0.0141455, 0.0218816, 0.0456565, 0.169266, 0.119235, 0.150345, 0.17776, 1, 

31,829,0.001, 0.00563984, 0.0218816, 0.0456565, 0.171676, 0.493291, 0.360442, 1, 

Generation #38
30,2123,0.001, 0.00563984, 0.0218816, 0.0078039, 0.692193, 0.217953, 0.993654, 1, 

32,640,0.001, 0.00563984, 0.0218816, 0.0456565, 0.126535, 0.171676, 0.223503, 0.0796776, 1, 

34,578,0.001, 0.0141455, 0.0218816, 0.0456565, 0.169266, 0.119235, 0.150345, 0.17776, 1, 

31,829,0.001, 0.00563984, 0.0218816, 0.0456565, 0.171676, 0.493291, 0.360442, 1, 

33,638,0.001, 0.00563984, 0.0218816, 0.0456565, 0.126535, 0.223503, 0.360442, 1, 

Generation #39
30,2123,0.001, 0.00563984, 0.0218816, 0.0078039, 0.692193, 0.217953, 0.993654, 1, 

32,640,0.001, 0.00563984, 0.0218816, 0.0456565, 0.126535, 0.171676, 0.223503, 0.0796776, 1, 

34,578,0.001, 0.0141455, 0.0218816, 0.0456565, 0.169266, 0.119235, 0.150345, 0.17776, 1, 

31,829,0.001, 0.00563984, 0.0218816, 0.0456565, 0.171676, 0.493291, 0.360442, 1, 

33,638,0.001, 0.00563984, 0.0218816, 0.0456565, 0.126535, 0.223503, 0.360442, 1, 

Generation #40
30,2123,0.001, 0.00563984, 0.0218816, 0.0078039, 0.692193, 0.217953, 0.993654, 1, 

32,640,0.001, 0.00563984, 0.0218816, 0.0456565, 0.126535, 0.171676, 0.223503, 0.0796776, 1, 

34,578,0.001, 0.0141455, 0.0218816, 0.0456565, 0.169266, 0.119235, 0.150345, 0.17776, 1, 

31,829,0.001, 0.00563984, 0.0218816, 0.0456565, 0.171676, 0.493291, 0.360442, 1, 

33,638,0.001, 0.00563984, 0.0218816, 0.0456565, 0.126535, 0.223503, 0.360442, 1, 

Generation #41
30,2123,0.001, 0.00563984, 0.0218816, 0.0078039, 0.692193, 0.217953, 0.993654, 1, 

32,640,0.001, 0.00563984, 0.0218816, 0.0456565, 0.126535, 0.171676, 0.223503, 0.0796776, 1, 

34,578,0.001, 0.0141455, 0.0218816, 0.0456565, 0.169266, 0.119235, 0.150345, 0.17776, 1, 

31,829,0.001, 0.00563984, 0.0218816, 0.0456565, 0.171676, 0.493291, 0.360442, 1, 

33,638,0.001, 0.00563984, 0.0218816, 0.0456565, 0.126535, 0.223503, 0.360442, 1, 

Generation #42
30,2123,0.001, 0.00563984, 0.0218816, 0.0078039, 0.692193, 0.217953, 0.993654, 1, 

32,640,0.001, 0.00563984, 0.0218816, 0.0456565, 0.126535, 0.171676, 0.223503, 0.0796776, 1, 

34,578,0.001, 0.0141455, 0.0218816, 0.0456565, 0.169266, 0.119235, 0.150345, 0.17776, 1, 

31,829,0.001, 0.00563984, 0.0218816, 0.0456565, 0.171676, 0.493291, 0.360442, 1, 

33,638,0.001, 0.00563984, 0.0218816, 0.0456565, 0.126535, 0.223503, 0.360442, 1, 

Generation #43
30,2123,0.001, 0.00563984, 0.0218816, 0.0078039, 0.692193, 0.217953, 0.993654, 1, 

32,640,0.001, 0.00563984, 0.0218816, 0.0456565, 0.126535, 0.171676, 0.223503, 0.0796776, 1, 

34,578,0.001, 0.0141455, 0.0218816, 0.0456565, 0.169266, 0.119235, 0.150345, 0.17776, 1, 

31,829,0.001, 0.00563984, 0.0218816, 0.0456565, 0.171676, 0.493291, 0.360442, 1, 

33,638,0.001, 0.00563984, 0.0218816, 0.0456565, 0.126535, 0.223503, 0.360442, 1, 

Generation #44
30,2123,0.001, 0.00563984, 0.0218816, 0.0078039, 0.692193, 0.217953, 0.993654, 1, 

32,640,0.001, 0.00563984, 0.0218816, 0.0456565, 0.126535, 0.171676, 0.223503, 0.0796776, 1, 

34,578,0.001, 0.0141455, 0.0218816, 0.0456565, 0.169266, 0.119235, 0.150345, 0.17776, 1, 

31,829,0.001, 0.00563984, 0.0218816, 0.0456565, 0.171676, 0.493291, 0.360442, 1, 

33,638,0.001, 0.00563984, 0.0218816, 0.0456565, 0.126535, 0.223503, 0.360442, 1, 

Generation #45
32,640,0.001, 0.00563984, 0.0218816, 0.0456565, 0.126535, 0.171676, 0.223503, 0.0796776, 1, 

34,578,0.001, 0.0141455, 0.0218816, 0.0456565, 0.169266, 0.119235, 0.150345, 0.17776, 1, 

31,829,0.001, 0.00563984, 0.0218816, 0.0456565, 0.171676, 0.493291, 0.360442, 1, 

33,638,0.001, 0.00563984, 0.0218816, 0.0456565, 0.126535, 0.223503, 0.360442, 1, 

30,1059,0.001, 0.00563984, 0.0218816, 0.0698625, 0.0751163, 0.119235, 1, 

Generation #46
32,640,0.001, 0.00563984, 0.0218816, 0.0456565, 0.126535, 0.171676, 0.223503, 0.0796776, 1, 

34,578,0.001, 0.0141455, 0.0218816, 0.0456565, 0.169266, 0.119235, 0.150345, 0.17776, 1, 

31,829,0.001, 0.00563984, 0.0218816, 0.0456565, 0.171676, 0.493291, 0.360442, 1, 

30,1059,0.001, 0.00563984, 0.0218816, 0.0698625, 0.0751163, 0.119235, 1, 

33,618,0.001, 0.00563984, 0.0218816, 0.0456565, 0.126535, 0.171676, 0.223503, 0.44652, 1, 

Generation #47
32,640,0.001, 0.00563984, 0.0218816, 0.0456565, 0.126535, 0.171676, 0.223503, 0.0796776, 1, 

34,578,0.001, 0.0141455, 0.0218816, 0.0456565, 0.169266, 0.119235, 0.150345, 0.17776, 1, 

31,829,0.001, 0.00563984, 0.0218816, 0.0456565, 0.171676, 0.493291, 0.360442, 1, 

30,1059,0.001, 0.00563984, 0.0218816, 0.0698625, 0.0751163, 0.119235, 1, 

33,618,0.001, 0.00563984, 0.0218816, 0.0456565, 0.126535, 0.171676, 0.223503, 0.44652, 1, 

Generation #48
32,640,0.001, 0.00563984, 0.0218816, 0.0456565, 0.126535, 0.171676, 0.223503, 0.0796776, 1, 

34,578,0.001, 0.0141455, 0.0218816, 0.0456565, 0.169266, 0.119235, 0.150345, 0.17776, 1, 

31,829,0.001, 0.00563984, 0.0218816, 0.0456565, 0.171676, 0.493291, 0.360442, 1, 

30,1059,0.001, 0.00563984, 0.0218816, 0.0698625, 0.0751163, 0.119235, 1, 

33,618,0.001, 0.00563984, 0.0218816, 0.0456565, 0.126535, 0.171676, 0.223503, 0.44652, 1, 

Generation #49
32,640,0.001, 0.00563984, 0.0218816, 0.0456565, 0.126535, 0.171676, 0.223503, 0.0796776, 1, 

34,578,0.001, 0.0141455, 0.0218816, 0.0456565, 0.169266, 0.119235, 0.150345, 0.17776, 1, 

31,829,0.001, 0.00563984, 0.0218816, 0.0456565, 0.171676, 0.493291, 0.360442, 1, 

30,1059,0.001, 0.00563984, 0.0218816, 0.0698625, 0.0751163, 0.119235, 1, 

33,618,0.001, 0.00563984, 0.0218816, 0.0456565, 0.126535, 0.171676, 0.223503, 0.44652, 1, 

--- Pareto Front Solutions ---
Solution 0: N total=50 (N_initial=18, N_added=32), Time total=665 ms, Saved to: ./results/Bugzilla_t2_l1_pareto_0.csv, percents=0.001, 0.00563984, 0.0218816, 0.0456565, 0.126535, 0.171676, 0.223503, 0.0796776, 1, 

Solution 1: N total=52 (N_initial=18, N_added=34), Time total=603 ms, Saved to: ./results/Bugzilla_t2_l1_pareto_1.csv, percents=0.001, 0.0141455, 0.0218816, 0.0456565, 0.169266, 0.119235, 0.150345, 0.17776, 1, 

Solution 2: N total=49 (N_initial=18, N_added=31), Time total=854 ms, Saved to: ./results/Bugzilla_t2_l1_pareto_2.csv, percents=0.001, 0.00563984, 0.0218816, 0.0456565, 0.171676, 0.493291, 0.360442, 1, 

Solution 3: N total=48 (N_initial=18, N_added=30), Time total=1084 ms, Saved to: ./results/Bugzilla_t2_l1_pareto_3.csv, percents=0.001, 0.00563984, 0.0218816, 0.0698625, 0.0751163, 0.119235, 1, 

Solution 4: N total=51 (N_initial=18, N_added=33), Time total=643 ms, Saved to: ./results/Bugzilla_t2_l1_pareto_4.csv, percents=0.001, 0.00563984, 0.0218816, 0.0456565, 0.126535, 0.171676, 0.223503, 0.44652, 1, 

------------d=1, t=2, lambda=2, filename=./evaluation/Bugzilla/Bugzilla_2_2.csv------------
Grouping d-sets by partitioned row counts for detecting arrays...
Ready to look at pairs for detecting arrays...
First Stage N=32, Time=15
There are 5117 remaining non-locating pairs
--- Running GA Algorithm (phase2) ---
Running GA with std::execution::par
Generation #0
35,580,0.001, 0.0385507, 0.102107, 0.131601, 0.134352, 0.195768, 0.207861, 0.216602, 0.226564, 0.329382, 0.348647, 0.370133, 0.370487, 0.40813, 0.804911, 1, 

45,276,0.001, 0.0235284, 0.0331724, 0.0351699, 0.0361163, 0.0628387, 0.0716727, 0.0855261, 0.0889943, 0.118126, 0.130328, 0.215328, 0.327153, 0.333349, 0.383343, 0.414368, 0.512833, 0.553046, 0.566224, 0.586595, 0.621498, 0.662003, 0.775886, 0.873792, 0.929189, 0.951323, 1, 

37,553,0.001, 0.0186239, 0.0189509, 0.0639437, 0.081542, 0.1274, 0.13653, 0.19525, 0.300991, 0.401264, 0.413504, 0.451259, 0.486133, 0.544839, 0.617094, 0.63375, 0.714171, 0.883804, 1, 

32,908,0.001, 0.0504216, 0.186337, 0.331226, 0.5871, 0.611682, 0.735371, 0.835517, 0.925928, 0.966144, 1, 

43,422,0.001, 0.0249247, 0.0982739, 0.146882, 0.161254, 0.241682, 0.275534, 0.374957, 0.45737, 0.499322, 0.5262, 0.550747, 0.684643, 0.690257, 0.788741, 0.865026, 0.875806, 0.946286, 0.963148, 0.964079, 0.971305, 0.971455, 1, 

34,714,0.001, 0.0816636, 0.100974, 0.105493, 0.12203, 0.138694, 0.185667, 0.634741, 0.664866, 0.737372, 0.766487, 0.78944, 1, 

Generation #1
45,245,0.001, 0.0235284, 0.0331724, 0.0351699, 0.0361163, 0.0628387, 0.0716727, 0.0855261, 0.0889943, 0.118126, 0.130328, 0.215328, 0.426082, 0.333349, 0.383343, 0.414368, 0.512833, 0.553046, 0.566224, 0.586595, 0.621498, 0.662003, 0.775886, 0.873792, 0.929189, 0.951323, 1, 

30,411,0.001, 0.0249247, 0.0982739, 0.146882, 0.161254, 0.241682, 0.275534, 0.641877, 0.863994, 1, 

38,404,0.001, 0.0318123, 0.0449513, 0.087418, 0.139592, 0.180915, 0.185034, 0.229828, 0.315705, 0.345768, 0.614069, 0.802372, 0.842302, 0.914312, 0.923122, 0.959509, 0.977881, 1, 

37,405,0.001, 0.0314121, 0.0706209, 0.0986279, 0.161294, 0.16727, 0.557377, 0.557404, 0.575784, 0.602312, 0.682652, 0.855945, 0.936234, 0.994271, 1, 

Generation #2
45,245,0.001, 0.0235284, 0.0331724, 0.0351699, 0.0361163, 0.0628387, 0.0716727, 0.0855261, 0.0889943, 0.118126, 0.130328, 0.215328, 0.426082, 0.333349, 0.383343, 0.414368, 0.512833, 0.553046, 0.566224, 0.586595, 0.621498, 0.662003, 0.775886, 0.873792, 0.929189, 0.951323, 1, 

30,411,0.001, 0.0249247, 0.0982739, 0.146882, 0.161254, 0.241682, 0.275534, 0.641877, 0.863994, 1, 

32,385,0.001, 0.0249247, 0.0982739, 0.146882, 0.181187, 0.240749, 0.298484, 0.914925, 0.310819, 0.329239, 0.825192, 0.829207, 0.929335, 0.996414, 1, 

37,288,0.001, 0.012167, 0.0192949, 0.087418, 0.139592, 0.180915, 0.185034, 0.229828, 0.315705, 0.345768, 0.614069, 0.802372, 0.842302, 0.914312, 0.923122, 0.959509, 0.977881, 1, 

34,300,0.001, 0.00666634, 0.0312942, 0.0934095, 0.0969829, 0.116903, 0.153732, 0.239968, 0.597393, 0.712005, 0.833562, 0.854341, 0.930515, 1, 

29,903,0.001, 0.100755, 0.104641, 0.239052, 0.282153, 0.31069, 0.349259, 0.641877, 0.863994, 1, 

38,258,0.001, 0.0235284, 0.0331724, 0.0351699, 0.0361163, 0.0628387, 0.0716727, 0.0855261, 0.457757, 0.478389, 0.512943, 0.602781, 0.621772, 0.661035, 0.73798, 0.810893, 0.835715, 0.963195, 1, 

Generation #3
38,258,0.001, 0.0235284, 0.0331724, 0.0351699, 0.0361163, 0.0628387, 0.0716727, 0.0855261, 0.457757, 0.478389, 0.512943, 0.602781, 0.621772, 0.661035, 0.73798, 0.810893, 0.835715, 0.963195, 1, 

31,273,0.001, 0.012167, 0.0192949, 0.087418, 0.139592, 0.180915, 0.735371, 0.835517, 0.925928, 0.966144, 1, 

44,232,0.001, 0.0235284, 0.0331724, 0.0351699, 0.0361163, 0.0628387, 0.0716727, 0.0855261, 0.0889943, 0.118126, 0.130328, 0.273869, 0.2939, 0.312876, 0.34256, 0.363056, 0.36964, 0.407291, 0.433399, 0.515438, 0.604682, 0.647179, 0.753259, 0.850017, 0.965127, 0.967819, 1, 

30,380,0.001, 0.0249247, 0.0982739, 0.146882, 0.161254, 0.241682, 0.275534, 0.641877, 0.863994, 1, 

29,455,0.001, 0.0318123, 0.0449513, 0.087418, 0.180915, 0.185034, 0.229828, 0.315705, 1, 

Generation #4
31,273,0.001, 0.012167, 0.0192949, 0.087418, 0.139592, 0.180915, 0.735371, 0.835517, 0.925928, 0.966144, 1, 

28,336,0.001, 0.0235284, 0.0331724, 0.0351699, 0.161254, 0.241682, 0.275534, 0.641877, 0.951935, 1, 

30,283,0.001, 0.0235284, 0.0331724, 0.0351699, 0.115256, 0.120631, 0.554133, 0.720004, 1, 

42,213,0.001, 0.012167, 0.0192949, 0.0351699, 0.0361163, 0.0628387, 0.0716727, 0.0855261, 0.0889943, 0.118126, 0.130328, 0.215328, 0.327153, 0.333349, 0.383343, 0.414368, 0.512833, 0.553046, 0.566224, 0.586595, 0.621498, 0.662003, 0.775886, 0.873792, 0.929189, 0.951323, 1, 

33,241,0.001, 0.0192173, 0.0317155, 0.0503972, 0.0755992, 0.076889, 0.0787121, 0.120827, 0.155711, 0.242429, 0.246523, 0.829207, 0.929335, 0.996414, 1, 

27,2694,0.001, 0.289943, 0.0249247, 0.0982739, 0.146882, 0.161254, 0.185034, 0.229828, 0.315705, 1, 
