------------d=1, t=2, lambda=1, filename=./evaluation/Bugzilla/Bugzilla_2_1.csv------------
Computing partitioned counts of d-sets...
Ready to look at pairs based on partitioned counts...
First Stage N=18, Time=28
There are 9089 remaining non-locating pairs
--- Running GA Algorithm (phase2) ---
Running GA with std::execution::par
Generation #0
39,749,0.001, 0.0691965, 0.0903244, 0.091733, 0.181093, 0.206716, 0.275426, 0.294544, 0.367745, 0.376844, 0.419575, 0.58257, 0.681956, 0.730174, 0.790543, 0.830789, 0.837945, 0.848143, 0.885335, 1, 

35,860,0.001, 0.0600788, 0.0635621, 0.186926, 0.393744, 0.428939, 0.462547, 0.528912, 0.586828, 0.59682, 0.710195, 0.749947, 0.797568, 0.797852, 0.857405, 1, 

47,616,0.001, 0.0414656, 0.0521207, 0.0686577, 0.117633, 0.126995, 0.163411, 0.214394, 0.220679, 0.352849, 0.417959, 0.422481, 0.437751, 0.531079, 0.56771, 0.665585, 0.753818, 0.779536, 0.779854, 0.839998, 0.860712, 0.920273, 0.923837, 0.948958, 0.981036, 0.999757, 1, 

42,628,0.001, 0.017851, 0.0501659, 0.0513067, 0.110065, 0.137015, 0.159559, 0.187127, 0.248876, 0.279032, 0.421249, 0.482314, 0.608711, 0.629831, 0.648283, 0.693314, 0.753794, 0.76718, 0.888482, 0.910419, 0.911522, 1, 

31,1497,0.001, 0.114574, 0.207754, 0.488192, 0.608378, 0.656133, 0.80047, 0.927298, 0.950905, 0.999048, 1, 

Generation #1
31,388,0.001, 0.00563984, 0.0472926, 0.0698625, 0.0751163, 0.198198, 0.226628, 0.274555, 0.607083, 0.793639, 0.806633, 1, 

37,311,0.001, 0.0211516, 0.0392133, 0.0765168, 0.109886, 0.119161, 0.216399, 0.246362, 0.302584, 0.345675, 0.346068, 0.390185, 0.443204, 0.455689, 0.522106, 0.532403, 0.55521, 0.604216, 1, 

Generation #2
31,388,0.001, 0.00563984, 0.0472926, 0.0698625, 0.0751163, 0.198198, 0.226628, 0.274555, 0.607083, 0.793639, 0.806633, 1, 

37,311,0.001, 0.0211516, 0.0392133, 0.0765168, 0.109886, 0.119161, 0.216399, 0.246362, 0.302584, 0.345675, 0.346068, 0.390185, 0.443204, 0.455689, 0.522106, 0.532403, 0.55521, 0.604216, 1, 

29,587,0.001, 0.0414656, 0.0521207, 0.0686577, 0.336279, 0.487772, 0.620769, 0.816555, 0.932469, 0.993654, 1, 

36,343,0.001, 0.0266537, 0.037516, 0.040253, 0.075425, 0.14546, 0.153692, 0.22996, 0.248763, 0.304855, 0.31975, 0.359774, 0.86027, 0.97724, 1, 

Generation #3
37,291,0.001, 0.017851, 0.0501659, 0.0513067, 0.110065, 0.137015, 0.159559, 0.388656, 0.457753, 0.581852, 0.66415, 0.680059, 0.0436179, 0.821016, 0.902875, 0.966634, 1, 

31,308,0.001, 0.00563984, 0.0472926, 0.0698625, 0.0751163, 0.198198, 0.226628, 0.586828, 0.59682, 0.710195, 0.806633, 1, 

29,372,0.001, 0.017851, 0.0501659, 0.0513067, 0.110065, 0.159559, 0.816555, 0.932469, 0.993654, 1, 

28,429,0.001, 0.0141455, 0.0218816, 0.0456565, 0.126535, 0.171676, 0.223503, 0.360442, 0.45636, 1, 

Generation #4
37,291,0.001, 0.017851, 0.0501659, 0.0513067, 0.110065, 0.137015, 0.159559, 0.388656, 0.457753, 0.581852, 0.66415, 0.680059, 0.0436179, 0.821016, 0.902875, 0.966634, 1, 

31,308,0.001, 0.00563984, 0.0472926, 0.0698625, 0.0751163, 0.198198, 0.226628, 0.586828, 0.59682, 0.710195, 0.806633, 1, 

29,372,0.001, 0.017851, 0.0501659, 0.0513067, 0.110065, 0.159559, 0.816555, 0.932469, 0.993654, 1, 

28,429,0.001, 0.0141455, 0.0218816, 0.0456565, 0.126535, 0.171676, 0.223503, 0.360442, 0.45636, 1, 

Generation #5
37,291,0.001, 0.017851, 0.0501659, 0.0513067, 0.110065, 0.137015, 0.159559, 0.388656, 0.457753, 0.581852, 0.66415, 0.680059, 0.0436179, 0.821016, 0.902875, 0.966634, 1, 

31,308,0.001, 0.00563984, 0.0472926, 0.0698625, 0.0751163, 0.198198, 0.226628, 0.586828, 0.59682, 0.710195, 0.806633, 1, 

29,372,0.001, 0.017851, 0.0501659, 0.0513067, 0.110065, 0.159559, 0.816555, 0.932469, 0.993654, 1, 

28,429,0.001, 0.0141455, 0.0218816, 0.0456565, 0.126535, 0.171676, 0.223503, 0.360442, 0.45636, 1, 

Generation #6
37,291,0.001, 0.017851, 0.0501659, 0.0513067, 0.110065, 0.137015, 0.159559, 0.388656, 0.457753, 0.581852, 0.66415, 0.680059, 0.0436179, 0.821016, 0.902875, 0.966634, 1, 

31,308,0.001, 0.00563984, 0.0472926, 0.0698625, 0.0751163, 0.198198, 0.226628, 0.586828, 0.59682, 0.710195, 0.806633, 1, 

29,372,0.001, 0.017851, 0.0501659, 0.0513067, 0.110065, 0.159559, 0.816555, 0.932469, 0.993654, 1, 

30,343,0.001, 0.0266537, 0.037516, 0.040253, 0.075425, 0.137015, 0.159559, 0.187127, 0.279032, 1, 

28,420,0.001, 0.0141455, 0.0218816, 0.0456565, 0.117633, 0.126995, 0.163411, 0.214394, 0.279032, 1, 

Generation #7
37,291,0.001, 0.017851, 0.0501659, 0.0513067, 0.110065, 0.137015, 0.159559, 0.388656, 0.457753, 0.581852, 0.66415, 0.680059, 0.0436179, 0.821016, 0.902875, 0.966634, 1, 

31,308,0.001, 0.00563984, 0.0472926, 0.0698625, 0.0751163, 0.198198, 0.226628, 0.586828, 0.59682, 0.710195, 0.806633, 1, 

29,372,0.001, 0.017851, 0.0501659, 0.0513067, 0.110065, 0.159559, 0.816555, 0.932469, 0.993654, 1, 

30,343,0.001, 0.0266537, 0.037516, 0.040253, 0.075425, 0.137015, 0.159559, 0.187127, 0.279032, 1, 

28,420,0.001, 0.0141455, 0.0218816, 0.0456565, 0.117633, 0.126995, 0.163411, 0.214394, 0.279032, 1, 

Generation #8
31,283,0.001, 0.017851, 0.037516, 0.040253, 0.075425, 0.137015, 0.159559, 0.187127, 0.279032, 1, 

28,307,0.001, 0.017851, 0.0501659, 0.0513067, 0.110065, 0.159559, 0.159559, 0.187127, 0.279032, 1, 

Generation #9
31,283,0.001, 0.017851, 0.037516, 0.040253, 0.075425, 0.137015, 0.159559, 0.187127, 0.279032, 1, 

28,307,0.001, 0.017851, 0.0501659, 0.0513067, 0.110065, 0.159559, 0.159559, 0.187127, 0.279032, 1, 

27,316,0.001, 0.00563984, 0.0472926, 0.0698625, 0.0751163, 0.198198, 0.159559, 0.187127, 0.279032, 1, 

29,293,0.001, 0.00563984, 0.0472926, 0.0698625, 0.0751163, 0.198198, 0.159559, 0.187127, 0.279032, 1, 

Generation #10
31,283,0.001, 0.017851, 0.037516, 0.040253, 0.075425, 0.137015, 0.159559, 0.187127, 0.279032, 1, 

28,307,0.001, 0.017851, 0.0501659, 0.0513067, 0.110065, 0.159559, 0.159559, 0.187127, 0.279032, 1, 

27,316,0.001, 0.00563984, 0.0472926, 0.0698625, 0.0751163, 0.198198, 0.159559, 0.187127, 0.279032, 1, 

29,293,0.001, 0.00563984, 0.0472926, 0.0698625, 0.0751163, 0.198198, 0.159559, 0.187127, 0.279032, 1, 

Generation #11
31,283,0.001, 0.017851, 0.037516, 0.040253, 0.075425, 0.137015, 0.159559, 0.187127, 0.279032, 1, 

28,307,0.001, 0.017851, 0.0501659, 0.0513067, 0.110065, 0.159559, 0.159559, 0.187127, 0.279032, 1, 

27,316,0.001, 0.00563984, 0.0472926, 0.0698625, 0.0751163, 0.198198, 0.159559, 0.187127, 0.279032, 1, 

29,293,0.001, 0.00563984, 0.0472926, 0.0698625, 0.0751163, 0.198198, 0.159559, 0.187127, 0.279032, 1, 

Generation #12
31,283,0.001, 0.017851, 0.037516, 0.040253, 0.075425, 0.137015, 0.159559, 0.187127, 0.279032, 1, 

28,307,0.001, 0.017851, 0.0501659, 0.0513067, 0.110065, 0.159559, 0.159559, 0.187127, 0.279032, 1, 

27,316,0.001, 0.00563984, 0.0472926, 0.0698625, 0.0751163, 0.198198, 0.159559, 0.187127, 0.279032, 1, 

29,293,0.001, 0.00563984, 0.0472926, 0.0698625, 0.0751163, 0.198198, 0.159559, 0.187127, 0.279032, 1, 

Generation #13
31,283,0.001, 0.017851, 0.037516, 0.040253, 0.075425, 0.137015, 0.159559, 0.187127, 0.279032, 1, 

28,307,0.001, 0.017851, 0.0501659, 0.0513067, 0.110065, 0.159559, 0.159559, 0.187127, 0.279032, 1, 

27,316,0.001, 0.00563984, 0.0472926, 0.0698625, 0.0751163, 0.198198, 0.159559, 0.187127, 0.279032, 1, 

29,293,0.001, 0.00563984, 0.0472926, 0.0698625, 0.0751163, 0.198198, 0.159559, 0.187127, 0.279032, 1, 

Generation #14
31,283,0.001, 0.017851, 0.037516, 0.040253, 0.075425, 0.137015, 0.159559, 0.187127, 0.279032, 1, 

28,307,0.001, 0.017851, 0.0501659, 0.0513067, 0.110065, 0.159559, 0.159559, 0.187127, 0.279032, 1, 

27,316,0.001, 0.00563984, 0.0472926, 0.0698625, 0.0751163, 0.198198, 0.159559, 0.187127, 0.279032, 1, 

29,293,0.001, 0.00563984, 0.0472926, 0.0698625, 0.0751163, 0.198198, 0.159559, 0.187127, 0.279032, 1, 

Generation #15
31,283,0.001, 0.017851, 0.037516, 0.040253, 0.075425, 0.137015, 0.159559, 0.187127, 0.279032, 1, 

28,307,0.001, 0.017851, 0.0501659, 0.0513067, 0.110065, 0.159559, 0.159559, 0.187127, 0.279032, 1, 

27,316,0.001, 0.00563984, 0.0472926, 0.0698625, 0.0751163, 0.198198, 0.159559, 0.187127, 0.279032, 1, 

29,293,0.001, 0.00563984, 0.0472926, 0.0698625, 0.0751163, 0.198198, 0.159559, 0.187127, 0.279032, 1, 

Generation #16
28,307,0.001, 0.017851, 0.0501659, 0.0513067, 0.110065, 0.159559, 0.159559, 0.187127, 0.279032, 1, 

27,316,0.001, 0.00563984, 0.0472926, 0.0698625, 0.0751163, 0.198198, 0.159559, 0.187127, 0.279032, 1, 

29,293,0.001, 0.00563984, 0.0472926, 0.0698625, 0.0751163, 0.198198, 0.159559, 0.187127, 0.279032, 1, 

30,271,0.001, 0.001, 0.017851, 0.0501659, 0.040253, 0.075425, 0.137015, 0.159559, 0.279032, 1, 

Generation #17
29,293,0.001, 0.00563984, 0.0472926, 0.0698625, 0.0751163, 0.198198, 0.159559, 0.187127, 0.279032, 1, 

30,271,0.001, 0.001, 0.017851, 0.0501659, 0.040253, 0.075425, 0.137015, 0.159559, 0.279032, 1, 

28,297,0.001, 0.017851, 0.037516, 0.040253, 0.075425, 0.137015, 0.159559, 0.187127, 0.279032, 1, 

26,445,0.001, 0.00563984, 0.0501659, 0.0513067, 0.110065, 0.289501, 0.159559, 0.187127, 1, 

27,307,0.001, 0.017851, 0.037516, 0.040253, 0.075425, 0.137015, 0.159559, 0.456196, 0.279032, 1, 

Generation #18
29,293,0.001, 0.00563984, 0.0472926, 0.0698625, 0.0751163, 0.198198, 0.159559, 0.187127, 0.279032, 1, 

30,271,0.001, 0.001, 0.017851, 0.0501659, 0.040253, 0.075425, 0.137015, 0.159559, 0.279032, 1, 

28,297,0.001, 0.017851, 0.037516, 0.040253, 0.075425, 0.137015, 0.159559, 0.187127, 0.279032, 1, 

26,445,0.001, 0.00563984, 0.0501659, 0.0513067, 0.110065, 0.289501, 0.159559, 0.187127, 1, 

27,307,0.001, 0.017851, 0.037516, 0.040253, 0.075425, 0.137015, 0.159559, 0.456196, 0.279032, 1, 

Generation #19
29,293,0.001, 0.00563984, 0.0472926, 0.0698625, 0.0751163, 0.198198, 0.159559, 0.187127, 0.279032, 1, 

30,271,0.001, 0.001, 0.017851, 0.0501659, 0.040253, 0.075425, 0.137015, 0.159559, 0.279032, 1, 

28,297,0.001, 0.017851, 0.037516, 0.040253, 0.075425, 0.137015, 0.159559, 0.187127, 0.279032, 1, 

26,445,0.001, 0.00563984, 0.0501659, 0.0513067, 0.110065, 0.289501, 0.159559, 0.187127, 1, 

27,307,0.001, 0.017851, 0.037516, 0.040253, 0.075425, 0.137015, 0.159559, 0.456196, 0.279032, 1, 

Generation #20
29,293,0.001, 0.00563984, 0.0472926, 0.0698625, 0.0751163, 0.198198, 0.159559, 0.187127, 0.279032, 1, 

30,271,0.001, 0.001, 0.017851, 0.0501659, 0.040253, 0.075425, 0.137015, 0.159559, 0.279032, 1, 

28,297,0.001, 0.017851, 0.037516, 0.040253, 0.075425, 0.137015, 0.159559, 0.187127, 0.279032, 1, 

26,445,0.001, 0.00563984, 0.0501659, 0.0513067, 0.110065, 0.289501, 0.159559, 0.187127, 1, 

27,307,0.001, 0.017851, 0.037516, 0.040253, 0.075425, 0.137015, 0.159559, 0.456196, 0.279032, 1, 

Generation #21
29,293,0.001, 0.00563984, 0.0472926, 0.0698625, 0.0751163, 0.198198, 0.159559, 0.187127, 0.279032, 1, 

30,271,0.001, 0.001, 0.017851, 0.0501659, 0.040253, 0.075425, 0.137015, 0.159559, 0.279032, 1, 

28,297,0.001, 0.017851, 0.037516, 0.040253, 0.075425, 0.137015, 0.159559, 0.187127, 0.279032, 1, 

26,445,0.001, 0.00563984, 0.0501659, 0.0513067, 0.110065, 0.289501, 0.159559, 0.187127, 1, 

27,307,0.001, 0.017851, 0.037516, 0.040253, 0.075425, 0.137015, 0.159559, 0.456196, 0.279032, 1, 

Generation #22
29,293,0.001, 0.00563984, 0.0472926, 0.0698625, 0.0751163, 0.198198, 0.159559, 0.187127, 0.279032, 1, 

30,271,0.001, 0.001, 0.017851, 0.0501659, 0.040253, 0.075425, 0.137015, 0.159559, 0.279032, 1, 

28,297,0.001, 0.017851, 0.037516, 0.040253, 0.075425, 0.137015, 0.159559, 0.187127, 0.279032, 1, 

26,445,0.001, 0.00563984, 0.0501659, 0.0513067, 0.110065, 0.289501, 0.159559, 0.187127, 1, 

27,307,0.001, 0.017851, 0.037516, 0.040253, 0.075425, 0.137015, 0.159559, 0.456196, 0.279032, 1, 

Generation #23
29,293,0.001, 0.00563984, 0.0472926, 0.0698625, 0.0751163, 0.198198, 0.159559, 0.187127, 0.279032, 1, 

30,271,0.001, 0.001, 0.017851, 0.0501659, 0.040253, 0.075425, 0.137015, 0.159559, 0.279032, 1, 

28,297,0.001, 0.017851, 0.037516, 0.040253, 0.075425, 0.137015, 0.159559, 0.187127, 0.279032, 1, 

26,445,0.001, 0.00563984, 0.0501659, 0.0513067, 0.110065, 0.289501, 0.159559, 0.187127, 1, 

27,307,0.001, 0.017851, 0.037516, 0.040253, 0.075425, 0.137015, 0.159559, 0.456196, 0.279032, 1, 

Generation #24
30,271,0.001, 0.001, 0.017851, 0.0501659, 0.040253, 0.075425, 0.137015, 0.159559, 0.279032, 1, 

26,445,0.001, 0.00563984, 0.0501659, 0.0513067, 0.110065, 0.289501, 0.159559, 0.187127, 1, 

27,307,0.001, 0.017851, 0.037516, 0.040253, 0.075425, 0.137015, 0.159559, 0.456196, 0.279032, 1, 

32,267,0.001, 0.0211516, 0.037516, 0.040253, 0.075425, 0.137015, 0.159559, 0.187127, 0.279032, 1, 

29,292,0.001, 0.017851, 0.037516, 0.040253, 0.075425, 0.137015, 0.159559, 0.187127, 0.279032, 1, 

28,296,0.001, 0.0211516, 0.037516, 0.040253, 0.075425, 0.137015, 0.159559, 0.187127, 0.279032, 1, 

Generation #25
30,271,0.001, 0.001, 0.017851, 0.0501659, 0.040253, 0.075425, 0.137015, 0.159559, 0.279032, 1, 

26,445,0.001, 0.00563984, 0.0501659, 0.0513067, 0.110065, 0.289501, 0.159559, 0.187127, 1, 

27,307,0.001, 0.017851, 0.037516, 0.040253, 0.075425, 0.137015, 0.159559, 0.456196, 0.279032, 1, 

32,267,0.001, 0.0211516, 0.037516, 0.040253, 0.075425, 0.137015, 0.159559, 0.187127, 0.279032, 1, 

29,292,0.001, 0.017851, 0.037516, 0.040253, 0.075425, 0.137015, 0.159559, 0.187127, 0.279032, 1, 

28,296,0.001, 0.0211516, 0.037516, 0.040253, 0.075425, 0.137015, 0.159559, 0.187127, 0.279032, 1, 

Generation #26
26,445,0.001, 0.00563984, 0.0501659, 0.0513067, 0.110065, 0.289501, 0.159559, 0.187127, 1, 

27,307,0.001, 0.017851, 0.037516, 0.040253, 0.075425, 0.137015, 0.159559, 0.456196, 0.279032, 1, 

28,289,0.001, 0.00563984, 0.017851, 0.0501659, 0.040253, 0.075425, 0.137015, 0.159559, 0.279032, 1, 

29,264,0.001, 0.017851, 0.037516, 0.040253, 0.075425, 0.137015, 0.159559, 0.187127, 0.279032, 1, 

Generation #27
26,445,0.001, 0.00563984, 0.0501659, 0.0513067, 0.110065, 0.289501, 0.159559, 0.187127, 1, 

27,307,0.001, 0.017851, 0.037516, 0.040253, 0.075425, 0.137015, 0.159559, 0.456196, 0.279032, 1, 

29,264,0.001, 0.017851, 0.037516, 0.040253, 0.075425, 0.137015, 0.159559, 0.187127, 0.279032, 1, 

28,280,0.001, 0.017851, 0.0501659, 0.040253, 0.075425, 0.137015, 0.159559, 0.279032, 1, 

Generation #28
26,445,0.001, 0.00563984, 0.0501659, 0.0513067, 0.110065, 0.289501, 0.159559, 0.187127, 1, 

27,307,0.001, 0.017851, 0.037516, 0.040253, 0.075425, 0.137015, 0.159559, 0.456196, 0.279032, 1, 

29,264,0.001, 0.017851, 0.037516, 0.040253, 0.075425, 0.137015, 0.159559, 0.187127, 0.279032, 1, 

28,280,0.001, 0.017851, 0.0501659, 0.040253, 0.075425, 0.137015, 0.159559, 0.279032, 1, 

Generation #29
26,445,0.001, 0.00563984, 0.0501659, 0.0513067, 0.110065, 0.289501, 0.159559, 0.187127, 1, 

27,307,0.001, 0.017851, 0.037516, 0.040253, 0.075425, 0.137015, 0.159559, 0.456196, 0.279032, 1, 

28,280,0.001, 0.017851, 0.0501659, 0.040253, 0.075425, 0.137015, 0.159559, 0.279032, 1, 

29,261,0.001, 0.001, 0.017851, 0.040253, 0.075425, 0.137015, 0.159559, 0.187127, 0.577628, 0.279032, 1, 

Generation #30
27,307,0.001, 0.017851, 0.037516, 0.040253, 0.075425, 0.137015, 0.159559, 0.456196, 0.279032, 1, 

28,280,0.001, 0.017851, 0.0501659, 0.040253, 0.075425, 0.137015, 0.159559, 0.279032, 1, 

29,261,0.001, 0.001, 0.017851, 0.040253, 0.075425, 0.137015, 0.159559, 0.187127, 0.577628, 0.279032, 1, 

26,435,0.001, 0.00563984, 0.017851, 0.0501659, 0.040253, 0.075425, 1, 

Generation #31
27,307,0.001, 0.017851, 0.037516, 0.040253, 0.075425, 0.137015, 0.159559, 0.456196, 0.279032, 1, 

28,280,0.001, 0.017851, 0.0501659, 0.040253, 0.075425, 0.137015, 0.159559, 0.279032, 1, 

29,261,0.001, 0.001, 0.017851, 0.040253, 0.075425, 0.137015, 0.159559, 0.187127, 0.577628, 0.279032, 1, 

26,435,0.001, 0.00563984, 0.017851, 0.0501659, 0.040253, 0.075425, 1, 

25,470,0.001, 0.00563984, 0.0472926, 0.0698625, 0.075425, 0.075425, 1, 

Generation #32
27,307,0.001, 0.017851, 0.037516, 0.040253, 0.075425, 0.137015, 0.159559, 0.456196, 0.279032, 1, 

28,280,0.001, 0.017851, 0.0501659, 0.040253, 0.075425, 0.137015, 0.159559, 0.279032, 1, 

26,435,0.001, 0.00563984, 0.017851, 0.0501659, 0.040253, 0.075425, 1, 

25,470,0.001, 0.00563984, 0.0472926, 0.0698625, 0.075425, 0.075425, 1, 

29,257,0.001, 0.001, 0.017851, 0.0501659, 0.040253, 0.075425, 0.137015, 0.159559, 0.279032, 1, 

Generation #33
28,280,0.001, 0.017851, 0.0501659, 0.040253, 0.075425, 0.137015, 0.159559, 0.279032, 1, 

26,435,0.001, 0.00563984, 0.017851, 0.0501659, 0.040253, 0.075425, 1, 

25,470,0.001, 0.00563984, 0.0472926, 0.0698625, 0.075425, 0.075425, 1, 

29,257,0.001, 0.001, 0.017851, 0.0501659, 0.040253, 0.075425, 0.137015, 0.159559, 0.279032, 1, 

27,294,0.001, 0.00563984, 0.037516, 0.040253, 0.075425, 0.137015, 0.159559, 0.187127, 0.279032, 1, 

Generation #34
28,280,0.001, 0.017851, 0.0501659, 0.040253, 0.075425, 0.137015, 0.159559, 0.279032, 1, 

25,470,0.001, 0.00563984, 0.0472926, 0.0698625, 0.075425, 0.075425, 1, 

29,257,0.001, 0.001, 0.017851, 0.0501659, 0.040253, 0.075425, 0.137015, 0.159559, 0.279032, 1, 

27,294,0.001, 0.00563984, 0.037516, 0.040253, 0.075425, 0.137015, 0.159559, 0.187127, 0.279032, 1, 

26,312,0.001, 0.001, 0.037516, 0.040253, 0.0751163, 0.198198, 0.279032, 1, 

Generation #35
25,470,0.001, 0.00563984, 0.0472926, 0.0698625, 0.075425, 0.075425, 1, 

29,257,0.001, 0.001, 0.017851, 0.0501659, 0.040253, 0.075425, 0.137015, 0.159559, 0.279032, 1, 

26,312,0.001, 0.001, 0.037516, 0.040253, 0.0751163, 0.198198, 0.279032, 1, 

27,260,0.001, 0.00563984, 0.0472926, 0.0501659, 0.040253, 0.075425, 0.137015, 0.159559, 0.279032, 1, 

32,226,0.001, 0.001, 0.017851, 0.0501659, 0.040253, 0.075425, 0.0226765, 0.137015, 0.159559, 0.279032, 1, 

Generation #36
25,470,0.001, 0.00563984, 0.0472926, 0.0698625, 0.075425, 0.075425, 1, 

29,257,0.001, 0.001, 0.017851, 0.0501659, 0.040253, 0.075425, 0.137015, 0.159559, 0.279032, 1, 

26,312,0.001, 0.001, 0.037516, 0.040253, 0.0751163, 0.198198, 0.279032, 1, 

27,260,0.001, 0.00563984, 0.0472926, 0.0501659, 0.040253, 0.075425, 0.137015, 0.159559, 0.279032, 1, 

32,226,0.001, 0.001, 0.017851, 0.0501659, 0.040253, 0.075425, 0.0226765, 0.137015, 0.159559, 0.279032, 1, 

Generation #37
25,470,0.001, 0.00563984, 0.0472926, 0.0698625, 0.075425, 0.075425, 1, 

26,312,0.001, 0.001, 0.037516, 0.040253, 0.0751163, 0.198198, 0.279032, 1, 

27,260,0.001, 0.00563984, 0.0472926, 0.0501659, 0.040253, 0.075425, 0.137015, 0.159559, 0.279032, 1, 

29,225,0.001, 0.001, 0.017851, 0.0501659, 0.040253, 0.075425, 0.0226765, 0.137015, 0.159559, 0.279032, 1, 

Generation #38
25,470,0.001, 0.00563984, 0.0472926, 0.0698625, 0.075425, 0.075425, 1, 

26,312,0.001, 0.001, 0.037516, 0.040253, 0.0751163, 0.198198, 0.279032, 1, 

27,260,0.001, 0.00563984, 0.0472926, 0.0501659, 0.040253, 0.075425, 0.137015, 0.159559, 0.279032, 1, 

29,225,0.001, 0.001, 0.017851, 0.0501659, 0.040253, 0.075425, 0.0226765, 0.137015, 0.159559, 0.279032, 1, 

Generation #39
26,312,0.001, 0.001, 0.037516, 0.040253, 0.0751163, 0.198198, 0.279032, 1, 

27,260,0.001, 0.00563984, 0.0472926, 0.0501659, 0.040253, 0.075425, 0.137015, 0.159559, 0.279032, 1, 

29,225,0.001, 0.001, 0.017851, 0.0501659, 0.040253, 0.075425, 0.0226765, 0.137015, 0.159559, 0.279032, 1, 

24,337,0.001, 0.001, 0.017851, 0.0501659, 0.040253, 0.075425, 1, 

Generation #40
26,312,0.001, 0.001, 0.037516, 0.040253, 0.0751163, 0.198198, 0.279032, 1, 

27,260,0.001, 0.00563984, 0.0472926, 0.0501659, 0.040253, 0.075425, 0.137015, 0.159559, 0.279032, 1, 

29,225,0.001, 0.001, 0.017851, 0.0501659, 0.040253, 0.075425, 0.0226765, 0.137015, 0.159559, 0.279032, 1, 

24,337,0.001, 0.001, 0.017851, 0.0501659, 0.040253, 0.075425, 1, 

Generation #41
26,312,0.001, 0.001, 0.037516, 0.040253, 0.0751163, 0.198198, 0.279032, 1, 

27,260,0.001, 0.00563984, 0.0472926, 0.0501659, 0.040253, 0.075425, 0.137015, 0.159559, 0.279032, 1, 

29,225,0.001, 0.001, 0.017851, 0.0501659, 0.040253, 0.075425, 0.0226765, 0.137015, 0.159559, 0.279032, 1, 

24,337,0.001, 0.001, 0.017851, 0.0501659, 0.040253, 0.075425, 1, 

Generation #42
26,312,0.001, 0.001, 0.037516, 0.040253, 0.0751163, 0.198198, 0.279032, 1, 

27,260,0.001, 0.00563984, 0.0472926, 0.0501659, 0.040253, 0.075425, 0.137015, 0.159559, 0.279032, 1, 

29,225,0.001, 0.001, 0.017851, 0.0501659, 0.040253, 0.075425, 0.0226765, 0.137015, 0.159559, 0.279032, 1, 

24,337,0.001, 0.001, 0.017851, 0.0501659, 0.040253, 0.075425, 1, 

Generation #43
26,312,0.001, 0.001, 0.037516, 0.040253, 0.0751163, 0.198198, 0.279032, 1, 

27,260,0.001, 0.00563984, 0.0472926, 0.0501659, 0.040253, 0.075425, 0.137015, 0.159559, 0.279032, 1, 

29,225,0.001, 0.001, 0.017851, 0.0501659, 0.040253, 0.075425, 0.0226765, 0.137015, 0.159559, 0.279032, 1, 

24,337,0.001, 0.001, 0.017851, 0.0501659, 0.040253, 0.075425, 1, 

Generation #44
26,312,0.001, 0.001, 0.037516, 0.040253, 0.0751163, 0.198198, 0.279032, 1, 

27,260,0.001, 0.00563984, 0.0472926, 0.0501659, 0.040253, 0.075425, 0.137015, 0.159559, 0.279032, 1, 

29,225,0.001, 0.001, 0.017851, 0.0501659, 0.040253, 0.075425, 0.0226765, 0.137015, 0.159559, 0.279032, 1, 

24,337,0.001, 0.001, 0.017851, 0.0501659, 0.040253, 0.075425, 1, 

28,233,0.001, 0.00563984, 0.017851, 0.0501659, 0.040253, 0.075425, 0.0226765, 0.137015, 0.159559, 0.279032, 1, 

Generation #45
26,312,0.001, 0.001, 0.037516, 0.040253, 0.0751163, 0.198198, 0.279032, 1, 

27,260,0.001, 0.00563984, 0.0472926, 0.0501659, 0.040253, 0.075425, 0.137015, 0.159559, 0.279032, 1, 

29,225,0.001, 0.001, 0.017851, 0.0501659, 0.040253, 0.075425, 0.0226765, 0.137015, 0.159559, 0.279032, 1, 

24,337,0.001, 0.001, 0.017851, 0.0501659, 0.040253, 0.075425, 1, 

28,233,0.001, 0.00563984, 0.017851, 0.0501659, 0.040253, 0.075425, 0.0226765, 0.137015, 0.159559, 0.279032, 1, 

Generation #46
26,312,0.001, 0.001, 0.037516, 0.040253, 0.0751163, 0.198198, 0.279032, 1, 

27,260,0.001, 0.00563984, 0.0472926, 0.0501659, 0.040253, 0.075425, 0.137015, 0.159559, 0.279032, 1, 

29,225,0.001, 0.001, 0.017851, 0.0501659, 0.040253, 0.075425, 0.0226765, 0.137015, 0.159559, 0.279032, 1, 

24,337,0.001, 0.001, 0.017851, 0.0501659, 0.040253, 0.075425, 1, 

28,233,0.001, 0.00563984, 0.017851, 0.0501659, 0.040253, 0.075425, 0.0226765, 0.137015, 0.159559, 0.279032, 1, 

Generation #47
27,260,0.001, 0.00563984, 0.0472926, 0.0501659, 0.040253, 0.075425, 0.137015, 0.159559, 0.279032, 1, 

29,225,0.001, 0.001, 0.017851, 0.0501659, 0.040253, 0.075425, 0.0226765, 0.137015, 0.159559, 0.279032, 1, 

24,337,0.001, 0.001, 0.017851, 0.0501659, 0.040253, 0.075425, 1, 

26,292,0.001, 0.001, 0.017851, 0.0501659, 0.040253, 0.075425, 0.190969, 0.279032, 1, 

28,231,0.001, 0.001, 0.017851, 0.0501659, 0.040253, 0.075425, 0.0226765, 0.137015, 0.159559, 0.279032, 1, 

Generation #48
27,260,0.001, 0.00563984, 0.0472926, 0.0501659, 0.040253, 0.075425, 0.137015, 0.159559, 0.279032, 1, 

29,225,0.001, 0.001, 0.017851, 0.0501659, 0.040253, 0.075425, 0.0226765, 0.137015, 0.159559, 0.279032, 1, 

24,337,0.001, 0.001, 0.017851, 0.0501659, 0.040253, 0.075425, 1, 

26,292,0.001, 0.001, 0.017851, 0.0501659, 0.040253, 0.075425, 0.190969, 0.279032, 1, 

28,231,0.001, 0.001, 0.017851, 0.0501659, 0.040253, 0.075425, 0.0226765, 0.137015, 0.159559, 0.279032, 1, 

Generation #49
27,260,0.001, 0.00563984, 0.0472926, 0.0501659, 0.040253, 0.075425, 0.137015, 0.159559, 0.279032, 1, 

29,225,0.001, 0.001, 0.017851, 0.0501659, 0.040253, 0.075425, 0.0226765, 0.137015, 0.159559, 0.279032, 1, 

24,337,0.001, 0.001, 0.017851, 0.0501659, 0.040253, 0.075425, 1, 

26,292,0.001, 0.001, 0.017851, 0.0501659, 0.040253, 0.075425, 0.190969, 0.279032, 1, 

28,231,0.001, 0.001, 0.017851, 0.0501659, 0.040253, 0.075425, 0.0226765, 0.137015, 0.159559, 0.279032, 1, 

--- Pareto Front Solutions ---
Solution 0: N total=45 (N_initial=18, N_added=27), Time total=288 ms, Saved to: ./results/Bugzilla_t2_l1_pareto_0.csv, percents=0.001, 0.00563984, 0.0472926, 0.0501659, 0.040253, 0.075425, 0.137015, 0.159559, 0.279032, 1, 

Solution 1: N total=47 (N_initial=18, N_added=29), Time total=253 ms, Saved to: ./results/Bugzilla_t2_l1_pareto_1.csv, percents=0.001, 0.001, 0.017851, 0.0501659, 0.040253, 0.075425, 0.0226765, 0.137015, 0.159559, 0.279032, 1, 

Solution 2: N total=42 (N_initial=18, N_added=24), Time total=365 ms, Saved to: ./results/Bugzilla_t2_l1_pareto_2.csv, percents=0.001, 0.001, 0.017851, 0.0501659, 0.040253, 0.075425, 1, 

Solution 3: N total=44 (N_initial=18, N_added=26), Time total=320 ms, Saved to: ./results/Bugzilla_t2_l1_pareto_3.csv, percents=0.001, 0.001, 0.017851, 0.0501659, 0.040253, 0.075425, 0.190969, 0.279032, 1, 

Solution 4: N total=46 (N_initial=18, N_added=28), Time total=259 ms, Saved to: ./results/Bugzilla_t2_l1_pareto_4.csv, percents=0.001, 0.001, 0.017851, 0.0501659, 0.040253, 0.075425, 0.0226765, 0.137015, 0.159559, 0.279032, 1, 

------------d=1, t=2, lambda=2, filename=./evaluation/Bugzilla/Bugzilla_2_2.csv------------
Computing partitioned counts of d-sets...
Ready to look at pairs based on partitioned counts...
First Stage N=32, Time=11
There are 491 remaining non-locating pairs
--- Running GA Algorithm (phase2) ---
Running GA with std::execution::par
Generation #0
33,153,0.001, 0.0839236, 0.0938974, 0.124656, 0.237407, 0.279152, 0.36759, 0.392102, 0.576784, 0.892879, 0.907906, 1, 

36,61,0.001, 0.0165737, 0.0201739, 0.0492862, 0.0700884, 0.0772148, 0.0888464, 0.340353, 0.568622, 0.631562, 0.657832, 0.797499, 0.908026, 1, 

35,134,0.001, 0.0118382, 0.0263187, 0.0772452, 0.188437, 0.355668, 0.452425, 0.494559, 0.581908, 0.649491, 0.691891, 0.799764, 0.88415, 0.88752, 1, 

31,192,0.001, 0.0192905, 0.13222, 0.214557, 0.230883, 0.280398, 0.293121, 0.357569, 0.362026, 0.56285, 0.579508, 0.734891, 0.736001, 1, 

Generation #1
33,153,0.001, 0.0839236, 0.0938974, 0.124656, 0.237407, 0.279152, 0.36759, 0.392102, 0.576784, 0.892879, 0.907906, 1, 

36,61,0.001, 0.0165737, 0.0201739, 0.0492862, 0.0700884, 0.0772148, 0.0888464, 0.340353, 0.568622, 0.631562, 0.657832, 0.797499, 0.908026, 1, 

31,192,0.001, 0.0192905, 0.13222, 0.214557, 0.230883, 0.280398, 0.293121, 0.357569, 0.362026, 0.56285, 0.579508, 0.734891, 0.736001, 1, 

35,121,0.001, 0.0593305, 0.0736637, 0.0492862, 0.0700884, 0.0772148, 0.0888464, 0.340353, 0.568622, 0.631562, 0.657832, 0.797499, 0.908026, 1, 

Generation #2
36,61,0.001, 0.0165737, 0.0201739, 0.0492862, 0.0700884, 0.0772148, 0.0888464, 0.340353, 0.568622, 0.631562, 0.657832, 0.797499, 0.908026, 1, 

31,192,0.001, 0.0192905, 0.13222, 0.214557, 0.230883, 0.280398, 0.293121, 0.357569, 0.362026, 0.56285, 0.579508, 0.734891, 0.736001, 1, 

32,115,0.001, 0.0539103, 0.117301, 0.120111, 0.15303, 0.226027, 0.490512, 0.504982, 0.509788, 0.870506, 0.947154, 1, 

33,81,0.001, 0.0350652, 0.0672487, 0.0681369, 0.0758938, 0.123761, 0.147417, 0.620423, 0.664784, 0.867183, 0.948105, 1, 

34,75,0.001, 0.0350652, 0.0672487, 0.0681369, 0.0758938, 0.123761, 0.147417, 0.578669, 0.677657, 0.736207, 0.79884, 0.810207, 1, 

Generation #3
36,61,0.001, 0.0165737, 0.0201739, 0.0492862, 0.0700884, 0.0772148, 0.0888464, 0.340353, 0.568622, 0.631562, 0.657832, 0.797499, 0.908026, 1, 

31,192,0.001, 0.0192905, 0.13222, 0.214557, 0.230883, 0.280398, 0.293121, 0.357569, 0.362026, 0.56285, 0.579508, 0.734891, 0.736001, 1, 

32,115,0.001, 0.0539103, 0.117301, 0.120111, 0.15303, 0.226027, 0.490512, 0.504982, 0.509788, 0.870506, 0.947154, 1, 

33,65,0.001, 0.0165737, 0.0201739, 0.0492862, 0.0700884, 0.0772148, 0.238743, 0.631654, 0.8426, 0.877597, 0.933664, 1, 

Generation #4
30,60,0.001, 0.0165737, 0.0201739, 0.0492862, 0.0700884, 0.0772148, 0.0888464, 0.340353, 0.568622, 0.877597, 0.933664, 1, 

36,58,0.001, 0.0165737, 0.0201739, 0.0492862, 0.0700884, 0.0772148, 0.238743, 0.331586, 0.365717, 0.4014, 0.594986, 0.697793, 0.715746, 0.734884, 0.54381, 0.773177, 0.975541, 1, 

Generation #5
30,60,0.001, 0.0165737, 0.0201739, 0.0492862, 0.0700884, 0.0772148, 0.0888464, 0.340353, 0.568622, 0.877597, 0.933664, 1, 

36,58,0.001, 0.0165737, 0.0201739, 0.0492862, 0.0700884, 0.0772148, 0.238743, 0.331586, 0.365717, 0.4014, 0.594986, 0.697793, 0.715746, 0.734884, 0.54381, 0.773177, 0.975541, 1, 

Generation #6
30,60,0.001, 0.0165737, 0.0201739, 0.0492862, 0.0700884, 0.0772148, 0.0888464, 0.340353, 0.568622, 0.877597, 0.933664, 1, 

32,43,0.001, 0.0165737, 0.0201739, 0.0492862, 0.0700884, 0.0772148, 0.238743, 0.331586, 0.365717, 0.4014, 0.594986, 0.810207, 1, 

31,49,0.001, 0.0165737, 0.0201739, 0.0492862, 0.0700884, 0.0772148, 0.0888464, 0.173774, 0.223851, 0.238728, 0.24151, 1, 

Generation #7
30,60,0.001, 0.0165737, 0.0201739, 0.0492862, 0.0700884, 0.0772148, 0.0888464, 0.340353, 0.568622, 0.877597, 0.933664, 1, 

32,43,0.001, 0.0165737, 0.0201739, 0.0492862, 0.0700884, 0.0772148, 0.238743, 0.331586, 0.365717, 0.4014, 0.594986, 0.810207, 1, 

31,49,0.001, 0.0165737, 0.0201739, 0.0492862, 0.0700884, 0.0772148, 0.0888464, 0.173774, 0.223851, 0.238728, 0.24151, 1, 

Generation #8
32,43,0.001, 0.0165737, 0.0201739, 0.0492862, 0.0700884, 0.0772148, 0.238743, 0.331586, 0.365717, 0.4014, 0.594986, 0.810207, 1, 

30,46,0.001, 0.0165737, 0.0201739, 0.0492862, 0.0700884, 0.0772148, 0.0888464, 0.173774, 0.223851, 0.877597, 0.933664, 1, 

Generation #9
32,43,0.001, 0.0165737, 0.0201739, 0.0492862, 0.0700884, 0.0772148, 0.238743, 0.331586, 0.365717, 0.4014, 0.594986, 0.810207, 1, 

30,46,0.001, 0.0165737, 0.0201739, 0.0492862, 0.0700884, 0.0772148, 0.0888464, 0.173774, 0.223851, 0.877597, 0.933664, 1, 

28,61,0.001, 0.0165737, 0.0201739, 0.0492862, 0.0700884, 0.0772148, 0.24861, 0.870506, 0.947154, 1, 

Generation #10
32,43,0.001, 0.0165737, 0.0201739, 0.0492862, 0.0700884, 0.0772148, 0.238743, 0.331586, 0.365717, 0.4014, 0.594986, 0.810207, 1, 

30,46,0.001, 0.0165737, 0.0201739, 0.0492862, 0.0700884, 0.0772148, 0.0888464, 0.173774, 0.223851, 0.877597, 0.933664, 1, 

28,61,0.001, 0.0165737, 0.0201739, 0.0492862, 0.0700884, 0.0772148, 0.24861, 0.870506, 0.947154, 1, 

Generation #11
32,43,0.001, 0.0165737, 0.0201739, 0.0492862, 0.0700884, 0.0772148, 0.238743, 0.331586, 0.365717, 0.4014, 0.594986, 0.810207, 1, 

30,46,0.001, 0.0165737, 0.0201739, 0.0492862, 0.0700884, 0.0772148, 0.0888464, 0.173774, 0.223851, 0.877597, 0.933664, 1, 

28,61,0.001, 0.0165737, 0.0201739, 0.0492862, 0.0700884, 0.0772148, 0.24861, 0.870506, 0.947154, 1, 

27,137,0.001, 0.0261454, 0.0480143, 0.0681369, 0.0758938, 0.123761, 0.147417, 0.173774, 0.223851, 0.933664, 1, 

Generation #12
32,43,0.001, 0.0165737, 0.0201739, 0.0492862, 0.0700884, 0.0772148, 0.238743, 0.331586, 0.365717, 0.4014, 0.594986, 0.810207, 1, 

30,46,0.001, 0.0165737, 0.0201739, 0.0492862, 0.0700884, 0.0772148, 0.0888464, 0.173774, 0.223851, 0.877597, 0.933664, 1, 

28,61,0.001, 0.0165737, 0.0201739, 0.0492862, 0.0700884, 0.0772148, 0.24861, 0.870506, 0.947154, 1, 

27,137,0.001, 0.0261454, 0.0480143, 0.0681369, 0.0758938, 0.123761, 0.147417, 0.173774, 0.223851, 0.933664, 1, 

Generation #13
32,43,0.001, 0.0165737, 0.0201739, 0.0492862, 0.0700884, 0.0772148, 0.238743, 0.331586, 0.365717, 0.4014, 0.594986, 0.810207, 1, 

30,46,0.001, 0.0165737, 0.0201739, 0.0492862, 0.0700884, 0.0772148, 0.0888464, 0.173774, 0.223851, 0.877597, 0.933664, 1, 

28,61,0.001, 0.0165737, 0.0201739, 0.0492862, 0.0700884, 0.0772148, 0.24861, 0.870506, 0.947154, 1, 

27,137,0.001, 0.0261454, 0.0480143, 0.0681369, 0.0758938, 0.123761, 0.147417, 0.173774, 0.223851, 0.933664, 1, 

Generation #14
30,46,0.001, 0.0165737, 0.0201739, 0.0492862, 0.0700884, 0.0772148, 0.0888464, 0.173774, 0.223851, 0.877597, 0.933664, 1, 

28,61,0.001, 0.0165737, 0.0201739, 0.0492862, 0.0700884, 0.0772148, 0.24861, 0.870506, 0.947154, 1, 

27,137,0.001, 0.0261454, 0.0480143, 0.0681369, 0.0758938, 0.123761, 0.147417, 0.173774, 0.223851, 0.933664, 1, 

32,42,0.001, 0.0165737, 0.0201739, 0.0492862, 0.0700884, 0.0772148, 0.24861, 0.247232, 0.173774, 0.223851, 0.238728, 0.89516, 0.24151, 1, 

Generation #15
30,46,0.001, 0.0165737, 0.0201739, 0.0492862, 0.0700884, 0.0772148, 0.0888464, 0.173774, 0.223851, 0.877597, 0.933664, 1, 

28,61,0.001, 0.0165737, 0.0201739, 0.0492862, 0.0700884, 0.0772148, 0.24861, 0.870506, 0.947154, 1, 

27,137,0.001, 0.0261454, 0.0480143, 0.0681369, 0.0758938, 0.123761, 0.147417, 0.173774, 0.223851, 0.933664, 1, 

32,42,0.001, 0.0165737, 0.0201739, 0.0492862, 0.0700884, 0.0772148, 0.24861, 0.247232, 0.173774, 0.223851, 0.238728, 0.89516, 0.24151, 1, 

Generation #16
30,46,0.001, 0.0165737, 0.0201739, 0.0492862, 0.0700884, 0.0772148, 0.0888464, 0.173774, 0.223851, 0.877597, 0.933664, 1, 

28,61,0.001, 0.0165737, 0.0201739, 0.0492862, 0.0700884, 0.0772148, 0.24861, 0.870506, 0.947154, 1, 

27,137,0.001, 0.0261454, 0.0480143, 0.0681369, 0.0758938, 0.123761, 0.147417, 0.173774, 0.223851, 0.933664, 1, 

32,42,0.001, 0.0165737, 0.0201739, 0.0492862, 0.0700884, 0.0772148, 0.24861, 0.247232, 0.173774, 0.223851, 0.238728, 0.89516, 0.24151, 1, 

31,45,0.001, 0.0165737, 0.0201739, 0.0492862, 0.0700884, 0.0772148, 0.0888464, 0.173774, 0.223851, 0.238728, 0.24151, 1, 

Generation #17
30,46,0.001, 0.0165737, 0.0201739, 0.0492862, 0.0700884, 0.0772148, 0.0888464, 0.173774, 0.223851, 0.877597, 0.933664, 1, 

28,61,0.001, 0.0165737, 0.0201739, 0.0492862, 0.0700884, 0.0772148, 0.24861, 0.870506, 0.947154, 1, 

27,137,0.001, 0.0261454, 0.0480143, 0.0681369, 0.0758938, 0.123761, 0.147417, 0.173774, 0.223851, 0.933664, 1, 

32,42,0.001, 0.0165737, 0.0201739, 0.0492862, 0.0700884, 0.0772148, 0.24861, 0.247232, 0.173774, 0.223851, 0.238728, 0.89516, 0.24151, 1, 

31,45,0.001, 0.0165737, 0.0201739, 0.0492862, 0.0700884, 0.0772148, 0.0888464, 0.173774, 0.223851, 0.238728, 0.24151, 1, 

Generation #18
28,61,0.001, 0.0165737, 0.0201739, 0.0492862, 0.0700884, 0.0772148, 0.24861, 0.870506, 0.947154, 1, 

32,42,0.001, 0.0165737, 0.0201739, 0.0492862, 0.0700884, 0.0772148, 0.24861, 0.247232, 0.173774, 0.223851, 0.238728, 0.89516, 0.24151, 1, 

29,44,0.001, 0.0165737, 0.0201739, 0.0492862, 0.0700884, 0.0772148, 0.0888464, 0.173774, 0.238728, 0.24151, 1, 

26,107,0.001, 0.0202842, 0.0201739, 0.0492862, 0.0700884, 0.0772148, 0.0888464, 0.340353, 0.223851, 1, 

Generation #19
28,61,0.001, 0.0165737, 0.0201739, 0.0492862, 0.0700884, 0.0772148, 0.24861, 0.870506, 0.947154, 1, 

32,42,0.001, 0.0165737, 0.0201739, 0.0492862, 0.0700884, 0.0772148, 0.24861, 0.247232, 0.173774, 0.223851, 0.238728, 0.89516, 0.24151, 1, 

29,44,0.001, 0.0165737, 0.0201739, 0.0492862, 0.0700884, 0.0772148, 0.0888464, 0.173774, 0.238728, 0.24151, 1, 

26,107,0.001, 0.0202842, 0.0201739, 0.0492862, 0.0700884, 0.0772148, 0.0888464, 0.340353, 0.223851, 1, 

Generation #20
28,61,0.001, 0.0165737, 0.0201739, 0.0492862, 0.0700884, 0.0772148, 0.24861, 0.870506, 0.947154, 1, 

32,42,0.001, 0.0165737, 0.0201739, 0.0492862, 0.0700884, 0.0772148, 0.24861, 0.247232, 0.173774, 0.223851, 0.238728, 0.89516, 0.24151, 1, 

29,44,0.001, 0.0165737, 0.0201739, 0.0492862, 0.0700884, 0.0772148, 0.0888464, 0.173774, 0.238728, 0.24151, 1, 

26,107,0.001, 0.0202842, 0.0201739, 0.0492862, 0.0700884, 0.0772148, 0.0888464, 0.340353, 0.223851, 1, 

Generation #21
28,61,0.001, 0.0165737, 0.0201739, 0.0492862, 0.0700884, 0.0772148, 0.24861, 0.870506, 0.947154, 1, 

32,42,0.001, 0.0165737, 0.0201739, 0.0492862, 0.0700884, 0.0772148, 0.24861, 0.247232, 0.173774, 0.223851, 0.238728, 0.89516, 0.24151, 1, 

29,44,0.001, 0.0165737, 0.0201739, 0.0492862, 0.0700884, 0.0772148, 0.0888464, 0.173774, 0.238728, 0.24151, 1, 

26,107,0.001, 0.0202842, 0.0201739, 0.0492862, 0.0700884, 0.0772148, 0.0888464, 0.340353, 0.223851, 1, 

Generation #22
28,61,0.001, 0.0165737, 0.0201739, 0.0492862, 0.0700884, 0.0772148, 0.24861, 0.870506, 0.947154, 1, 

32,42,0.001, 0.0165737, 0.0201739, 0.0492862, 0.0700884, 0.0772148, 0.24861, 0.247232, 0.173774, 0.223851, 0.238728, 0.89516, 0.24151, 1, 

29,44,0.001, 0.0165737, 0.0201739, 0.0492862, 0.0700884, 0.0772148, 0.0888464, 0.173774, 0.238728, 0.24151, 1, 

26,107,0.001, 0.0202842, 0.0201739, 0.0492862, 0.0700884, 0.0772148, 0.0888464, 0.340353, 0.223851, 1, 

Generation #23
28,61,0.001, 0.0165737, 0.0201739, 0.0492862, 0.0700884, 0.0772148, 0.24861, 0.870506, 0.947154, 1, 

32,42,0.001, 0.0165737, 0.0201739, 0.0492862, 0.0700884, 0.0772148, 0.24861, 0.247232, 0.173774, 0.223851, 0.238728, 0.89516, 0.24151, 1, 

29,44,0.001, 0.0165737, 0.0201739, 0.0492862, 0.0700884, 0.0772148, 0.0888464, 0.173774, 0.238728, 0.24151, 1, 

26,107,0.001, 0.0202842, 0.0201739, 0.0492862, 0.0700884, 0.0772148, 0.0888464, 0.340353, 0.223851, 1, 

Generation #24
28,61,0.001, 0.0165737, 0.0201739, 0.0492862, 0.0700884, 0.0772148, 0.24861, 0.870506, 0.947154, 1, 

32,42,0.001, 0.0165737, 0.0201739, 0.0492862, 0.0700884, 0.0772148, 0.24861, 0.247232, 0.173774, 0.223851, 0.238728, 0.89516, 0.24151, 1, 

29,44,0.001, 0.0165737, 0.0201739, 0.0492862, 0.0700884, 0.0772148, 0.0888464, 0.173774, 0.238728, 0.24151, 1, 

26,107,0.001, 0.0202842, 0.0201739, 0.0492862, 0.0700884, 0.0772148, 0.0888464, 0.340353, 0.223851, 1, 

Generation #25
28,61,0.001, 0.0165737, 0.0201739, 0.0492862, 0.0700884, 0.0772148, 0.24861, 0.870506, 0.947154, 1, 

32,42,0.001, 0.0165737, 0.0201739, 0.0492862, 0.0700884, 0.0772148, 0.24861, 0.247232, 0.173774, 0.223851, 0.238728, 0.89516, 0.24151, 1, 

29,44,0.001, 0.0165737, 0.0201739, 0.0492862, 0.0700884, 0.0772148, 0.0888464, 0.173774, 0.238728, 0.24151, 1, 

26,107,0.001, 0.0202842, 0.0201739, 0.0492862, 0.0700884, 0.0772148, 0.0888464, 0.340353, 0.223851, 1, 

Generation #26
28,61,0.001, 0.0165737, 0.0201739, 0.0492862, 0.0700884, 0.0772148, 0.24861, 0.870506, 0.947154, 1, 

32,42,0.001, 0.0165737, 0.0201739, 0.0492862, 0.0700884, 0.0772148, 0.24861, 0.247232, 0.173774, 0.223851, 0.238728, 0.89516, 0.24151, 1, 

29,44,0.001, 0.0165737, 0.0201739, 0.0492862, 0.0700884, 0.0772148, 0.0888464, 0.173774, 0.238728, 0.24151, 1, 

26,107,0.001, 0.0202842, 0.0201739, 0.0492862, 0.0700884, 0.0772148, 0.0888464, 0.340353, 0.223851, 1, 

Generation #27
28,61,0.001, 0.0165737, 0.0201739, 0.0492862, 0.0700884, 0.0772148, 0.24861, 0.870506, 0.947154, 1, 

32,42,0.001, 0.0165737, 0.0201739, 0.0492862, 0.0700884, 0.0772148, 0.24861, 0.247232, 0.173774, 0.223851, 0.238728, 0.89516, 0.24151, 1, 

29,44,0.001, 0.0165737, 0.0201739, 0.0492862, 0.0700884, 0.0772148, 0.0888464, 0.173774, 0.238728, 0.24151, 1, 

26,107,0.001, 0.0202842, 0.0201739, 0.0492862, 0.0700884, 0.0772148, 0.0888464, 0.340353, 0.223851, 1, 

30,43,0.001, 0.0165737, 0.0201739, 0.0492862, 0.0700884, 0.0772148, 0.0888464, 0.173774, 0.223851, 0.238728, 0.24151, 1, 

Generation #28
28,61,0.001, 0.0165737, 0.0201739, 0.0492862, 0.0700884, 0.0772148, 0.24861, 0.870506, 0.947154, 1, 

32,42,0.001, 0.0165737, 0.0201739, 0.0492862, 0.0700884, 0.0772148, 0.24861, 0.247232, 0.173774, 0.223851, 0.238728, 0.89516, 0.24151, 1, 

29,44,0.001, 0.0165737, 0.0201739, 0.0492862, 0.0700884, 0.0772148, 0.0888464, 0.173774, 0.238728, 0.24151, 1, 

26,107,0.001, 0.0202842, 0.0201739, 0.0492862, 0.0700884, 0.0772148, 0.0888464, 0.340353, 0.223851, 1, 

30,43,0.001, 0.0165737, 0.0201739, 0.0492862, 0.0700884, 0.0772148, 0.0888464, 0.173774, 0.223851, 0.238728, 0.24151, 1, 

27,78,0.001, 0.0261454, 0.0480143, 0.0681369, 0.0373446, 0.123761, 0.147417, 0.173774, 0.223851, 1, 

Generation #29
28,61,0.001, 0.0165737, 0.0201739, 0.0492862, 0.0700884, 0.0772148, 0.24861, 0.870506, 0.947154, 1, 

32,42,0.001, 0.0165737, 0.0201739, 0.0492862, 0.0700884, 0.0772148, 0.24861, 0.247232, 0.173774, 0.223851, 0.238728, 0.89516, 0.24151, 1, 

29,44,0.001, 0.0165737, 0.0201739, 0.0492862, 0.0700884, 0.0772148, 0.0888464, 0.173774, 0.238728, 0.24151, 1, 

26,107,0.001, 0.0202842, 0.0201739, 0.0492862, 0.0700884, 0.0772148, 0.0888464, 0.340353, 0.223851, 1, 

30,43,0.001, 0.0165737, 0.0201739, 0.0492862, 0.0700884, 0.0772148, 0.0888464, 0.173774, 0.223851, 0.238728, 0.24151, 1, 

27,78,0.001, 0.0261454, 0.0480143, 0.0681369, 0.0373446, 0.123761, 0.147417, 0.173774, 0.223851, 1, 

Generation #30
32,42,0.001, 0.0165737, 0.0201739, 0.0492862, 0.0700884, 0.0772148, 0.24861, 0.247232, 0.173774, 0.223851, 0.238728, 0.89516, 0.24151, 1, 

29,44,0.001, 0.0165737, 0.0201739, 0.0492862, 0.0700884, 0.0772148, 0.0888464, 0.173774, 0.238728, 0.24151, 1, 

26,107,0.001, 0.0202842, 0.0201739, 0.0492862, 0.0700884, 0.0772148, 0.0888464, 0.340353, 0.223851, 1, 

30,43,0.001, 0.0165737, 0.0201739, 0.0492862, 0.0700884, 0.0772148, 0.0888464, 0.173774, 0.223851, 0.238728, 0.24151, 1, 

27,51,0.001, 0.0165737, 0.0201739, 0.0681369, 0.0373446, 0.123761, 0.147417, 0.173774, 0.223851, 1, 

Generation #31
32,42,0.001, 0.0165737, 0.0201739, 0.0492862, 0.0700884, 0.0772148, 0.24861, 0.247232, 0.173774, 0.223851, 0.238728, 0.89516, 0.24151, 1, 

29,44,0.001, 0.0165737, 0.0201739, 0.0492862, 0.0700884, 0.0772148, 0.0888464, 0.173774, 0.238728, 0.24151, 1, 

26,107,0.001, 0.0202842, 0.0201739, 0.0492862, 0.0700884, 0.0772148, 0.0888464, 0.340353, 0.223851, 1, 

30,43,0.001, 0.0165737, 0.0201739, 0.0492862, 0.0700884, 0.0772148, 0.0888464, 0.173774, 0.223851, 0.238728, 0.24151, 1, 

27,51,0.001, 0.0165737, 0.0201739, 0.0681369, 0.0373446, 0.123761, 0.147417, 0.173774, 0.223851, 1, 

Generation #32
32,42,0.001, 0.0165737, 0.0201739, 0.0492862, 0.0700884, 0.0772148, 0.24861, 0.247232, 0.173774, 0.223851, 0.238728, 0.89516, 0.24151, 1, 

29,44,0.001, 0.0165737, 0.0201739, 0.0492862, 0.0700884, 0.0772148, 0.0888464, 0.173774, 0.238728, 0.24151, 1, 

26,107,0.001, 0.0202842, 0.0201739, 0.0492862, 0.0700884, 0.0772148, 0.0888464, 0.340353, 0.223851, 1, 

30,43,0.001, 0.0165737, 0.0201739, 0.0492862, 0.0700884, 0.0772148, 0.0888464, 0.173774, 0.223851, 0.238728, 0.24151, 1, 

27,51,0.001, 0.0165737, 0.0201739, 0.0681369, 0.0373446, 0.123761, 0.147417, 0.173774, 0.223851, 1, 

Generation #33
32,42,0.001, 0.0165737, 0.0201739, 0.0492862, 0.0700884, 0.0772148, 0.24861, 0.247232, 0.173774, 0.223851, 0.238728, 0.89516, 0.24151, 1, 

29,44,0.001, 0.0165737, 0.0201739, 0.0492862, 0.0700884, 0.0772148, 0.0888464, 0.173774, 0.238728, 0.24151, 1, 

26,107,0.001, 0.0202842, 0.0201739, 0.0492862, 0.0700884, 0.0772148, 0.0888464, 0.340353, 0.223851, 1, 

30,43,0.001, 0.0165737, 0.0201739, 0.0492862, 0.0700884, 0.0772148, 0.0888464, 0.173774, 0.223851, 0.238728, 0.24151, 1, 

27,51,0.001, 0.0165737, 0.0201739, 0.0681369, 0.0373446, 0.123761, 0.147417, 0.173774, 0.223851, 1, 

Generation #34
32,42,0.001, 0.0165737, 0.0201739, 0.0492862, 0.0700884, 0.0772148, 0.24861, 0.247232, 0.173774, 0.223851, 0.238728, 0.89516, 0.24151, 1, 

29,44,0.001, 0.0165737, 0.0201739, 0.0492862, 0.0700884, 0.0772148, 0.0888464, 0.173774, 0.238728, 0.24151, 1, 

26,107,0.001, 0.0202842, 0.0201739, 0.0492862, 0.0700884, 0.0772148, 0.0888464, 0.340353, 0.223851, 1, 

30,43,0.001, 0.0165737, 0.0201739, 0.0492862, 0.0700884, 0.0772148, 0.0888464, 0.173774, 0.223851, 0.238728, 0.24151, 1, 

27,51,0.001, 0.0165737, 0.0201739, 0.0681369, 0.0373446, 0.123761, 0.147417, 0.173774, 0.223851, 1, 

28,48,0.001, 0.0165737, 0.0201739, 0.0492862, 0.0700884, 0.0772148, 0.0888464, 0.173774, 0.223851, 0.238728, 0.24151, 1, 

Generation #35
32,42,0.001, 0.0165737, 0.0201739, 0.0492862, 0.0700884, 0.0772148, 0.24861, 0.247232, 0.173774, 0.223851, 0.238728, 0.89516, 0.24151, 1, 

29,44,0.001, 0.0165737, 0.0201739, 0.0492862, 0.0700884, 0.0772148, 0.0888464, 0.173774, 0.238728, 0.24151, 1, 

26,107,0.001, 0.0202842, 0.0201739, 0.0492862, 0.0700884, 0.0772148, 0.0888464, 0.340353, 0.223851, 1, 

30,43,0.001, 0.0165737, 0.0201739, 0.0492862, 0.0700884, 0.0772148, 0.0888464, 0.173774, 0.223851, 0.238728, 0.24151, 1, 

27,51,0.001, 0.0165737, 0.0201739, 0.0681369, 0.0373446, 0.123761, 0.147417, 0.173774, 0.223851, 1, 

28,48,0.001, 0.0165737, 0.0201739, 0.0492862, 0.0700884, 0.0772148, 0.0888464, 0.173774, 0.223851, 0.238728, 0.24151, 1, 

Generation #36
32,42,0.001, 0.0165737, 0.0201739, 0.0492862, 0.0700884, 0.0772148, 0.24861, 0.247232, 0.173774, 0.223851, 0.238728, 0.89516, 0.24151, 1, 

29,44,0.001, 0.0165737, 0.0201739, 0.0492862, 0.0700884, 0.0772148, 0.0888464, 0.173774, 0.238728, 0.24151, 1, 

26,107,0.001, 0.0202842, 0.0201739, 0.0492862, 0.0700884, 0.0772148, 0.0888464, 0.340353, 0.223851, 1, 

30,43,0.001, 0.0165737, 0.0201739, 0.0492862, 0.0700884, 0.0772148, 0.0888464, 0.173774, 0.223851, 0.238728, 0.24151, 1, 

27,51,0.001, 0.0165737, 0.0201739, 0.0681369, 0.0373446, 0.123761, 0.147417, 0.173774, 0.223851, 1, 

28,48,0.001, 0.0165737, 0.0201739, 0.0492862, 0.0700884, 0.0772148, 0.0888464, 0.173774, 0.223851, 0.238728, 0.24151, 1, 

Generation #37
32,42,0.001, 0.0165737, 0.0201739, 0.0492862, 0.0700884, 0.0772148, 0.24861, 0.247232, 0.173774, 0.223851, 0.238728, 0.89516, 0.24151, 1, 

29,44,0.001, 0.0165737, 0.0201739, 0.0492862, 0.0700884, 0.0772148, 0.0888464, 0.173774, 0.238728, 0.24151, 1, 

26,107,0.001, 0.0202842, 0.0201739, 0.0492862, 0.0700884, 0.0772148, 0.0888464, 0.340353, 0.223851, 1, 

30,43,0.001, 0.0165737, 0.0201739, 0.0492862, 0.0700884, 0.0772148, 0.0888464, 0.173774, 0.223851, 0.238728, 0.24151, 1, 

27,51,0.001, 0.0165737, 0.0201739, 0.0681369, 0.0373446, 0.123761, 0.147417, 0.173774, 0.223851, 1, 

28,48,0.001, 0.0165737, 0.0201739, 0.0492862, 0.0700884, 0.0772148, 0.0888464, 0.173774, 0.223851, 0.238728, 0.24151, 1, 

Generation #38
29,44,0.001, 0.0165737, 0.0201739, 0.0492862, 0.0700884, 0.0772148, 0.0888464, 0.173774, 0.238728, 0.24151, 1, 

26,107,0.001, 0.0202842, 0.0201739, 0.0492862, 0.0700884, 0.0772148, 0.0888464, 0.340353, 0.223851, 1, 

27,51,0.001, 0.0165737, 0.0201739, 0.0681369, 0.0373446, 0.123761, 0.147417, 0.173774, 0.223851, 1, 

28,48,0.001, 0.0165737, 0.0201739, 0.0492862, 0.0700884, 0.0772148, 0.0888464, 0.173774, 0.223851, 0.238728, 0.24151, 1, 

30,42,0.001, 0.0165737, 0.0201739, 0.0492862, 0.0700884, 0.0772148, 0.0888464, 0.173774, 0.223851, 0.238728, 0.24151, 1, 

Generation #39
29,44,0.001, 0.0165737, 0.0201739, 0.0492862, 0.0700884, 0.0772148, 0.0888464, 0.173774, 0.238728, 0.24151, 1, 

26,107,0.001, 0.0202842, 0.0201739, 0.0492862, 0.0700884, 0.0772148, 0.0888464, 0.340353, 0.223851, 1, 

27,51,0.001, 0.0165737, 0.0201739, 0.0681369, 0.0373446, 0.123761, 0.147417, 0.173774, 0.223851, 1, 

28,48,0.001, 0.0165737, 0.0201739, 0.0492862, 0.0700884, 0.0772148, 0.0888464, 0.173774, 0.223851, 0.238728, 0.24151, 1, 

30,42,0.001, 0.0165737, 0.0201739, 0.0492862, 0.0700884, 0.0772148, 0.0888464, 0.173774, 0.223851, 0.238728, 0.24151, 1, 

32,38,0.001, 0.0165737, 0.0201739, 0.0492862, 0.0700884, 0.0772148, 0.0888464, 0.173774, 0.223851, 0.877597, 0.933664, 1, 

Generation #40
29,44,0.001, 0.0165737, 0.0201739, 0.0492862, 0.0700884, 0.0772148, 0.0888464, 0.173774, 0.238728, 0.24151, 1, 

26,107,0.001, 0.0202842, 0.0201739, 0.0492862, 0.0700884, 0.0772148, 0.0888464, 0.340353, 0.223851, 1, 

27,51,0.001, 0.0165737, 0.0201739, 0.0681369, 0.0373446, 0.123761, 0.147417, 0.173774, 0.223851, 1, 

28,48,0.001, 0.0165737, 0.0201739, 0.0492862, 0.0700884, 0.0772148, 0.0888464, 0.173774, 0.223851, 0.238728, 0.24151, 1, 

30,42,0.001, 0.0165737, 0.0201739, 0.0492862, 0.0700884, 0.0772148, 0.0888464, 0.173774, 0.223851, 0.238728, 0.24151, 1, 

32,38,0.001, 0.0165737, 0.0201739, 0.0492862, 0.0700884, 0.0772148, 0.0888464, 0.173774, 0.223851, 0.877597, 0.933664, 1, 

Generation #41
29,44,0.001, 0.0165737, 0.0201739, 0.0492862, 0.0700884, 0.0772148, 0.0888464, 0.173774, 0.238728, 0.24151, 1, 

26,107,0.001, 0.0202842, 0.0201739, 0.0492862, 0.0700884, 0.0772148, 0.0888464, 0.340353, 0.223851, 1, 

27,51,0.001, 0.0165737, 0.0201739, 0.0681369, 0.0373446, 0.123761, 0.147417, 0.173774, 0.223851, 1, 

28,48,0.001, 0.0165737, 0.0201739, 0.0492862, 0.0700884, 0.0772148, 0.0888464, 0.173774, 0.223851, 0.238728, 0.24151, 1, 

30,42,0.001, 0.0165737, 0.0201739, 0.0492862, 0.0700884, 0.0772148, 0.0888464, 0.173774, 0.223851, 0.238728, 0.24151, 1, 

32,38,0.001, 0.0165737, 0.0201739, 0.0492862, 0.0700884, 0.0772148, 0.0888464, 0.173774, 0.223851, 0.877597, 0.933664, 1, 

Generation #42
29,44,0.001, 0.0165737, 0.0201739, 0.0492862, 0.0700884, 0.0772148, 0.0888464, 0.173774, 0.238728, 0.24151, 1, 

26,107,0.001, 0.0202842, 0.0201739, 0.0492862, 0.0700884, 0.0772148, 0.0888464, 0.340353, 0.223851, 1, 

27,51,0.001, 0.0165737, 0.0201739, 0.0681369, 0.0373446, 0.123761, 0.147417, 0.173774, 0.223851, 1, 

28,48,0.001, 0.0165737, 0.0201739, 0.0492862, 0.0700884, 0.0772148, 0.0888464, 0.173774, 0.223851, 0.238728, 0.24151, 1, 

30,42,0.001, 0.0165737, 0.0201739, 0.0492862, 0.0700884, 0.0772148, 0.0888464, 0.173774, 0.223851, 0.238728, 0.24151, 1, 

32,38,0.001, 0.0165737, 0.0201739, 0.0492862, 0.0700884, 0.0772148, 0.0888464, 0.173774, 0.223851, 0.877597, 0.933664, 1, 

31,41,0.001, 0.0165737, 0.0201739, 0.0492862, 0.0700884, 0.0772148, 0.0888464, 0.173774, 0.223851, 0.877597, 0.933664, 1, 

Generation #43
29,44,0.001, 0.0165737, 0.0201739, 0.0492862, 0.0700884, 0.0772148, 0.0888464, 0.173774, 0.238728, 0.24151, 1, 

26,107,0.001, 0.0202842, 0.0201739, 0.0492862, 0.0700884, 0.0772148, 0.0888464, 0.340353, 0.223851, 1, 

27,51,0.001, 0.0165737, 0.0201739, 0.0681369, 0.0373446, 0.123761, 0.147417, 0.173774, 0.223851, 1, 

28,48,0.001, 0.0165737, 0.0201739, 0.0492862, 0.0700884, 0.0772148, 0.0888464, 0.173774, 0.223851, 0.238728, 0.24151, 1, 

30,42,0.001, 0.0165737, 0.0201739, 0.0492862, 0.0700884, 0.0772148, 0.0888464, 0.173774, 0.223851, 0.238728, 0.24151, 1, 

32,38,0.001, 0.0165737, 0.0201739, 0.0492862, 0.0700884, 0.0772148, 0.0888464, 0.173774, 0.223851, 0.877597, 0.933664, 1, 

31,41,0.001, 0.0165737, 0.0201739, 0.0492862, 0.0700884, 0.0772148, 0.0888464, 0.173774, 0.223851, 0.877597, 0.933664, 1, 

Generation #44
29,44,0.001, 0.0165737, 0.0201739, 0.0492862, 0.0700884, 0.0772148, 0.0888464, 0.173774, 0.238728, 0.24151, 1, 

26,107,0.001, 0.0202842, 0.0201739, 0.0492862, 0.0700884, 0.0772148, 0.0888464, 0.340353, 0.223851, 1, 

27,51,0.001, 0.0165737, 0.0201739, 0.0681369, 0.0373446, 0.123761, 0.147417, 0.173774, 0.223851, 1, 

28,48,0.001, 0.0165737, 0.0201739, 0.0492862, 0.0700884, 0.0772148, 0.0888464, 0.173774, 0.223851, 0.238728, 0.24151, 1, 

30,42,0.001, 0.0165737, 0.0201739, 0.0492862, 0.0700884, 0.0772148, 0.0888464, 0.173774, 0.223851, 0.238728, 0.24151, 1, 

32,38,0.001, 0.0165737, 0.0201739, 0.0492862, 0.0700884, 0.0772148, 0.0888464, 0.173774, 0.223851, 0.877597, 0.933664, 1, 

31,41,0.001, 0.0165737, 0.0201739, 0.0492862, 0.0700884, 0.0772148, 0.0888464, 0.173774, 0.223851, 0.877597, 0.933664, 1, 

Generation #45
29,44,0.001, 0.0165737, 0.0201739, 0.0492862, 0.0700884, 0.0772148, 0.0888464, 0.173774, 0.238728, 0.24151, 1, 

26,107,0.001, 0.0202842, 0.0201739, 0.0492862, 0.0700884, 0.0772148, 0.0888464, 0.340353, 0.223851, 1, 

27,51,0.001, 0.0165737, 0.0201739, 0.0681369, 0.0373446, 0.123761, 0.147417, 0.173774, 0.223851, 1, 

28,48,0.001, 0.0165737, 0.0201739, 0.0492862, 0.0700884, 0.0772148, 0.0888464, 0.173774, 0.223851, 0.238728, 0.24151, 1, 

30,42,0.001, 0.0165737, 0.0201739, 0.0492862, 0.0700884, 0.0772148, 0.0888464, 0.173774, 0.223851, 0.238728, 0.24151, 1, 

32,38,0.001, 0.0165737, 0.0201739, 0.0492862, 0.0700884, 0.0772148, 0.0888464, 0.173774, 0.223851, 0.877597, 0.933664, 1, 

31,41,0.001, 0.0165737, 0.0201739, 0.0492862, 0.0700884, 0.0772148, 0.0888464, 0.173774, 0.223851, 0.877597, 0.933664, 1, 

Generation #46
29,44,0.001, 0.0165737, 0.0201739, 0.0492862, 0.0700884, 0.0772148, 0.0888464, 0.173774, 0.238728, 0.24151, 1, 

26,107,0.001, 0.0202842, 0.0201739, 0.0492862, 0.0700884, 0.0772148, 0.0888464, 0.340353, 0.223851, 1, 

27,51,0.001, 0.0165737, 0.0201739, 0.0681369, 0.0373446, 0.123761, 0.147417, 0.173774, 0.223851, 1, 

28,48,0.001, 0.0165737, 0.0201739, 0.0492862, 0.0700884, 0.0772148, 0.0888464, 0.173774, 0.223851, 0.238728, 0.24151, 1, 

30,42,0.001, 0.0165737, 0.0201739, 0.0492862, 0.0700884, 0.0772148, 0.0888464, 0.173774, 0.223851, 0.238728, 0.24151, 1, 

32,38,0.001, 0.0165737, 0.0201739, 0.0492862, 0.0700884, 0.0772148, 0.0888464, 0.173774, 0.223851, 0.877597, 0.933664, 1, 

31,41,0.001, 0.0165737, 0.0201739, 0.0492862, 0.0700884, 0.0772148, 0.0888464, 0.173774, 0.223851, 0.877597, 0.933664, 1, 

Generation #47
29,44,0.001, 0.0165737, 0.0201739, 0.0492862, 0.0700884, 0.0772148, 0.0888464, 0.173774, 0.238728, 0.24151, 1, 

26,107,0.001, 0.0202842, 0.0201739, 0.0492862, 0.0700884, 0.0772148, 0.0888464, 0.340353, 0.223851, 1, 

27,51,0.001, 0.0165737, 0.0201739, 0.0681369, 0.0373446, 0.123761, 0.147417, 0.173774, 0.223851, 1, 

28,48,0.001, 0.0165737, 0.0201739, 0.0492862, 0.0700884, 0.0772148, 0.0888464, 0.173774, 0.223851, 0.238728, 0.24151, 1, 

30,42,0.001, 0.0165737, 0.0201739, 0.0492862, 0.0700884, 0.0772148, 0.0888464, 0.173774, 0.223851, 0.238728, 0.24151, 1, 

32,38,0.001, 0.0165737, 0.0201739, 0.0492862, 0.0700884, 0.0772148, 0.0888464, 0.173774, 0.223851, 0.877597, 0.933664, 1, 

31,41,0.001, 0.0165737, 0.0201739, 0.0492862, 0.0700884, 0.0772148, 0.0888464, 0.173774, 0.223851, 0.877597, 0.933664, 1, 

Generation #48
29,44,0.001, 0.0165737, 0.0201739, 0.0492862, 0.0700884, 0.0772148, 0.0888464, 0.173774, 0.238728, 0.24151, 1, 

26,107,0.001, 0.0202842, 0.0201739, 0.0492862, 0.0700884, 0.0772148, 0.0888464, 0.340353, 0.223851, 1, 

27,51,0.001, 0.0165737, 0.0201739, 0.0681369, 0.0373446, 0.123761, 0.147417, 0.173774, 0.223851, 1, 

28,48,0.001, 0.0165737, 0.0201739, 0.0492862, 0.0700884, 0.0772148, 0.0888464, 0.173774, 0.223851, 0.238728, 0.24151, 1, 

30,42,0.001, 0.0165737, 0.0201739, 0.0492862, 0.0700884, 0.0772148, 0.0888464, 0.173774, 0.223851, 0.238728, 0.24151, 1, 

32,38,0.001, 0.0165737, 0.0201739, 0.0492862, 0.0700884, 0.0772148, 0.0888464, 0.173774, 0.223851, 0.877597, 0.933664, 1, 

31,41,0.001, 0.0165737, 0.0201739, 0.0492862, 0.0700884, 0.0772148, 0.0888464, 0.173774, 0.223851, 0.877597, 0.933664, 1, 

Generation #49
29,44,0.001, 0.0165737, 0.0201739, 0.0492862, 0.0700884, 0.0772148, 0.0888464, 0.173774, 0.238728, 0.24151, 1, 

26,107,0.001, 0.0202842, 0.0201739, 0.0492862, 0.0700884, 0.0772148, 0.0888464, 0.340353, 0.223851, 1, 

27,51,0.001, 0.0165737, 0.0201739, 0.0681369, 0.0373446, 0.123761, 0.147417, 0.173774, 0.223851, 1, 

28,48,0.001, 0.0165737, 0.0201739, 0.0492862, 0.0700884, 0.0772148, 0.0888464, 0.173774, 0.223851, 0.238728, 0.24151, 1, 

30,42,0.001, 0.0165737, 0.0201739, 0.0492862, 0.0700884, 0.0772148, 0.0888464, 0.173774, 0.223851, 0.238728, 0.24151, 1, 

32,38,0.001, 0.0165737, 0.0201739, 0.0492862, 0.0700884, 0.0772148, 0.0888464, 0.173774, 0.223851, 0.877597, 0.933664, 1, 

31,41,0.001, 0.0165737, 0.0201739, 0.0492862, 0.0700884, 0.0772148, 0.0888464, 0.173774, 0.223851, 0.877597, 0.933664, 1, 

--- Pareto Front Solutions ---
Solution 0: N total=61 (N_initial=32, N_added=29), Time total=55 ms, Saved to: ./results/Bugzilla_t2_l2_pareto_0.csv, percents=0.001, 0.0165737, 0.0201739, 0.0492862, 0.0700884, 0.0772148, 0.0888464, 0.173774, 0.238728, 0.24151, 1, 

Solution 1: N total=58 (N_initial=32, N_added=26), Time total=118 ms, Saved to: ./results/Bugzilla_t2_l2_pareto_1.csv, percents=0.001, 0.0202842, 0.0201739, 0.0492862, 0.0700884, 0.0772148, 0.0888464, 0.340353, 0.223851, 1, 

Solution 2: N total=59 (N_initial=32, N_added=27), Time total=62 ms, Saved to: ./results/Bugzilla_t2_l2_pareto_2.csv, percents=0.001, 0.0165737, 0.0201739, 0.0681369, 0.0373446, 0.123761, 0.147417, 0.173774, 0.223851, 1, 

Solution 3: N total=60 (N_initial=32, N_added=28), Time total=59 ms, Saved to: ./results/Bugzilla_t2_l2_pareto_3.csv, percents=0.001, 0.0165737, 0.0201739, 0.0492862, 0.0700884, 0.0772148, 0.0888464, 0.173774, 0.223851, 0.238728, 0.24151, 1, 

Solution 4: N total=62 (N_initial=32, N_added=30), Time total=53 ms, Saved to: ./results/Bugzilla_t2_l2_pareto_4.csv, percents=0.001, 0.0165737, 0.0201739, 0.0492862, 0.0700884, 0.0772148, 0.0888464, 0.173774, 0.223851, 0.238728, 0.24151, 1, 

Solution 5: N total=64 (N_initial=32, N_added=32), Time total=49 ms, Saved to: ./results/Bugzilla_t2_l2_pareto_5.csv, percents=0.001, 0.0165737, 0.0201739, 0.0492862, 0.0700884, 0.0772148, 0.0888464, 0.173774, 0.223851, 0.877597, 0.933664, 1, 

Solution 6: N total=63 (N_initial=32, N_added=31), Time total=52 ms, Saved to: ./results/Bugzilla_t2_l2_pareto_6.csv, percents=0.001, 0.0165737, 0.0201739, 0.0492862, 0.0700884, 0.0772148, 0.0888464, 0.173774, 0.223851, 0.877597, 0.933664, 1, 

------------d=1, t=2, lambda=3, filename=./evaluation/Bugzilla/Bugzilla_2_3.csv------------
Computing partitioned counts of d-sets...
Ready to look at pairs based on partitioned counts...
First Stage N=48, Time=13
There are 196 remaining non-locating pairs
--- Running GA Algorithm (phase2) ---
Running GA with std::execution::par
Generation #0
39,34,0.001, 0.0351272, 0.0504991, 0.090541, 0.122943, 0.135404, 0.173841, 0.179607, 0.223324, 0.237581, 0.250447, 0.270499, 0.300821, 0.568655, 0.630032, 0.631908, 0.672817, 0.68452, 0.754314, 0.761253, 0.778267, 0.863192, 1, 

42,24,0.001, 0.0384462, 0.0623232, 0.0924391, 0.109016, 0.129095, 0.230216, 0.286669, 0.295868, 0.298287, 0.362372, 0.391264, 0.516499, 0.524692, 0.595779, 0.618676, 0.645545, 0.664807, 0.726996, 0.767707, 0.793353, 0.796801, 0.816086, 0.847078, 0.871725, 0.955697, 1, 

28,72,0.001, 0.0496538, 0.0830062, 0.162314, 0.323278, 0.358475, 0.37969, 0.575169, 0.657972, 0.773363, 0.92893, 1, 

35,41,0.001, 0.0152607, 0.0597101, 0.103355, 0.125377, 0.209455, 0.224841, 0.273864, 0.295921, 0.386096, 0.420654, 0.508577, 0.630954, 0.687604, 0.840504, 1, 

27,188,0.001, 0.444119, 0.453442, 0.461509, 0.496137, 0.550779, 0.584587, 0.781801, 0.844988, 0.926784, 1, 

31,58,0.001, 0.0430875, 0.0659412, 0.0690977, 0.0878515, 0.120676, 0.26237, 0.29179, 0.331535, 0.385375, 0.435506, 0.447991, 0.504242, 0.669048, 1, 

Generation #1
42,24,0.001, 0.0384462, 0.0623232, 0.0924391, 0.109016, 0.129095, 0.230216, 0.286669, 0.295868, 0.298287, 0.362372, 0.391264, 0.516499, 0.524692, 0.595779, 0.618676, 0.645545, 0.664807, 0.726996, 0.767707, 0.793353, 0.796801, 0.816086, 0.847078, 0.871725, 0.955697, 1, 

28,72,0.001, 0.0496538, 0.0830062, 0.162314, 0.323278, 0.358475, 0.37969, 0.575169, 0.657972, 0.773363, 0.92893, 1, 

26,74,0.001, 0.00997997, 0.0200145, 0.151155, 0.305764, 0.529781, 0.822364, 0.584587, 0.781801, 0.844988, 0.926784, 1, 

29,28,0.001, 0.0430875, 0.0659412, 0.0690977, 0.0878515, 0.120676, 0.26237, 0.29179, 0.331535, 0.385375, 0.435506, 0.447991, 0.504242, 0.669048, 1, 

Generation #2
26,74,0.001, 0.00997997, 0.0200145, 0.151155, 0.305764, 0.529781, 0.822364, 0.584587, 0.781801, 0.844988, 0.926784, 1, 

31,22,0.001, 0.0430875, 0.0659412, 0.0690977, 0.0878515, 0.120676, 0.26237, 0.29179, 0.331535, 0.385375, 0.435506, 0.447991, 0.669048, 1, 

25,110,0.001, 0.0683447, 0.0736181, 0.25154, 0.300194, 0.615926, 0.629244, 0.743926, 0.751075, 0.795745, 1, 

28,25,0.001, 0.0188213, 0.0638398, 0.0778584, 0.0914847, 0.103123, 0.173863, 0.193642, 0.216775, 0.268212, 0.344381, 1, 

27,50,0.001, 0.0496538, 0.0830062, 0.162314, 0.323278, 0.358475, 0.171543, 0.361449, 0.364847, 0.504042, 1, 

Generation #3
25,110,0.001, 0.0683447, 0.0736181, 0.25154, 0.300194, 0.615926, 0.629244, 0.743926, 0.751075, 0.795745, 1, 

26,25,0.001, 0.0188213, 0.0638398, 0.0778584, 0.0914847, 0.547963, 0.615597, 0.685223, 0.708342, 0.759692, 0.92893, 1, 

29,18,0.001, 0.000607724, 0.0408531, 0.106321, 0.116404, 0.130178, 0.212457, 0.342698, 0.467613, 0.497123, 0.533455, 0.431197, 0.462844, 0.502017, 0.936144, 1, 

Generation #4
25,110,0.001, 0.0683447, 0.0736181, 0.25154, 0.300194, 0.615926, 0.629244, 0.743926, 0.751075, 0.795745, 1, 

26,25,0.001, 0.0188213, 0.0638398, 0.0778584, 0.0914847, 0.547963, 0.615597, 0.685223, 0.708342, 0.759692, 0.92893, 1, 

29,18,0.001, 0.000607724, 0.0408531, 0.106321, 0.116404, 0.130178, 0.212457, 0.342698, 0.467613, 0.497123, 0.533455, 0.431197, 0.462844, 0.502017, 0.936144, 1, 

Generation #5
29,18,0.001, 0.000607724, 0.0408531, 0.106321, 0.116404, 0.130178, 0.212457, 0.342698, 0.467613, 0.497123, 0.533455, 0.431197, 0.462844, 0.502017, 0.936144, 1, 

24,34,0.001, 0.0531413, 0.0659412, 0.0690977, 0.0878515, 0.120676, 0.26237, 0.29179, 0.331535, 0.385375, 1, 

27,21,0.001, 0.0430875, 0.0659412, 0.0690977, 0.0878515, 0.120676, 0.26237, 0.584587, 0.781801, 0.844988, 1, 

25,22,0.001, 0.00997997, 0.0200145, 0.151155, 0.109016, 0.129095, 0.31713, 0.321354, 0.727885, 0.846334, 0.928834, 1, 

Generation #6
29,18,0.001, 0.000607724, 0.0408531, 0.106321, 0.116404, 0.130178, 0.212457, 0.342698, 0.467613, 0.497123, 0.533455, 0.431197, 0.462844, 0.502017, 0.936144, 1, 

27,21,0.001, 0.0430875, 0.0659412, 0.0690977, 0.0878515, 0.120676, 0.26237, 0.584587, 0.781801, 0.844988, 1, 

25,22,0.001, 0.00997997, 0.0200145, 0.151155, 0.109016, 0.129095, 0.31713, 0.321354, 0.727885, 0.846334, 0.928834, 1, 

24,28,0.001, 0.0217771, 0.0281064, 0.0903804, 0.109133, 0.205387, 0.279428, 0.312465, 0.39683, 0.955786, 1, 

Generation #7
29,18,0.001, 0.000607724, 0.0408531, 0.106321, 0.116404, 0.130178, 0.212457, 0.342698, 0.467613, 0.497123, 0.533455, 0.431197, 0.462844, 0.502017, 0.936144, 1, 

27,21,0.001, 0.0430875, 0.0659412, 0.0690977, 0.0878515, 0.120676, 0.26237, 0.584587, 0.781801, 0.844988, 1, 

25,22,0.001, 0.00997997, 0.0200145, 0.151155, 0.109016, 0.129095, 0.31713, 0.321354, 0.727885, 0.846334, 0.928834, 1, 

24,28,0.001, 0.0217771, 0.0281064, 0.0903804, 0.109133, 0.205387, 0.279428, 0.312465, 0.39683, 0.955786, 1, 

Generation #8
29,18,0.001, 0.000607724, 0.0408531, 0.106321, 0.116404, 0.130178, 0.212457, 0.342698, 0.467613, 0.497123, 0.533455, 0.431197, 0.462844, 0.502017, 0.936144, 1, 

27,21,0.001, 0.0430875, 0.0659412, 0.0690977, 0.0878515, 0.120676, 0.26237, 0.584587, 0.781801, 0.844988, 1, 

25,22,0.001, 0.00997997, 0.0200145, 0.151155, 0.109016, 0.129095, 0.31713, 0.321354, 0.727885, 0.846334, 0.928834, 1, 

24,28,0.001, 0.0217771, 0.0281064, 0.0903804, 0.109133, 0.205387, 0.279428, 0.312465, 0.39683, 0.955786, 1, 

Generation #9
29,18,0.001, 0.000607724, 0.0408531, 0.106321, 0.116404, 0.130178, 0.212457, 0.342698, 0.467613, 0.497123, 0.533455, 0.431197, 0.462844, 0.502017, 0.936144, 1, 

22,46,0.001, 0.00997997, 0.0200145, 0.151155, 0.109016, 0.129095, 0.31713, 0.321354, 0.846334, 1, 

24,21,0.001, 0.0430875, 0.0659412, 0.0690977, 0.0878515, 0.120676, 0.26237, 0.29179, 0.39683, 0.955786, 1, 

Generation #10
29,18,0.001, 0.000607724, 0.0408531, 0.106321, 0.116404, 0.130178, 0.212457, 0.342698, 0.467613, 0.497123, 0.533455, 0.431197, 0.462844, 0.502017, 0.936144, 1, 

22,46,0.001, 0.00997997, 0.0200145, 0.151155, 0.109016, 0.129095, 0.31713, 0.321354, 0.846334, 1, 

24,21,0.001, 0.0430875, 0.0659412, 0.0690977, 0.0878515, 0.120676, 0.26237, 0.29179, 0.39683, 0.955786, 1, 

Generation #11
29,18,0.001, 0.000607724, 0.0408531, 0.106321, 0.116404, 0.130178, 0.212457, 0.342698, 0.467613, 0.497123, 0.533455, 0.431197, 0.462844, 0.502017, 0.936144, 1, 

22,46,0.001, 0.00997997, 0.0200145, 0.151155, 0.109016, 0.129095, 0.31713, 0.321354, 0.846334, 1, 

24,21,0.001, 0.0430875, 0.0659412, 0.0690977, 0.0878515, 0.120676, 0.26237, 0.29179, 0.39683, 0.955786, 1, 

Generation #12
29,18,0.001, 0.000607724, 0.0408531, 0.106321, 0.116404, 0.130178, 0.212457, 0.342698, 0.467613, 0.497123, 0.533455, 0.431197, 0.462844, 0.502017, 0.936144, 1, 

22,46,0.001, 0.00997997, 0.0200145, 0.151155, 0.109016, 0.129095, 0.31713, 0.321354, 0.846334, 1, 

24,19,0.001, 0.0430875, 0.0659412, 0.0690977, 0.0878515, 0.120676, 0.26237, 0.29179, 0.39683, 0.846334, 0.928834, 1, 

Generation #13
22,46,0.001, 0.00997997, 0.0200145, 0.151155, 0.109016, 0.129095, 0.31713, 0.321354, 0.846334, 1, 

24,19,0.001, 0.0430875, 0.0659412, 0.0690977, 0.0878515, 0.120676, 0.26237, 0.29179, 0.39683, 0.846334, 0.928834, 1, 

25,17,0.001, 0.0430875, 0.0659412, 0.0690977, 0.0914847, 0.103123, 0.173863, 0.29179, 0.331535, 0.385375, 1, 

Generation #14
22,46,0.001, 0.00997997, 0.0200145, 0.151155, 0.109016, 0.129095, 0.31713, 0.321354, 0.846334, 1, 

24,19,0.001, 0.0430875, 0.0659412, 0.0690977, 0.0878515, 0.120676, 0.26237, 0.29179, 0.39683, 0.846334, 0.928834, 1, 

25,16,0.001, 0.0430875, 0.0659412, 0.0690977, 0.0878515, 0.26237, 0.29179, 0.39683, 0.846334, 0.344381, 1, 

Generation #15
22,46,0.001, 0.00997997, 0.0200145, 0.151155, 0.109016, 0.129095, 0.31713, 0.321354, 0.846334, 1, 

24,19,0.001, 0.0430875, 0.0659412, 0.0690977, 0.0878515, 0.120676, 0.26237, 0.29179, 0.39683, 0.846334, 0.928834, 1, 

25,16,0.001, 0.0430875, 0.0659412, 0.0690977, 0.0878515, 0.26237, 0.29179, 0.39683, 0.846334, 0.344381, 1, 

23,27,0.001, 0.0217771, 0.0281064, 0.0878515, 0.120676, 0.26237, 0.543335, 0.95384, 0.955786, 1, 

Generation #16
22,46,0.001, 0.00997997, 0.0200145, 0.151155, 0.109016, 0.129095, 0.31713, 0.321354, 0.846334, 1, 

24,19,0.001, 0.0430875, 0.0659412, 0.0690977, 0.0878515, 0.120676, 0.26237, 0.29179, 0.39683, 0.846334, 0.928834, 1, 

25,16,0.001, 0.0430875, 0.0659412, 0.0690977, 0.0878515, 0.26237, 0.29179, 0.39683, 0.846334, 0.344381, 1, 

23,27,0.001, 0.0217771, 0.0281064, 0.0878515, 0.120676, 0.26237, 0.543335, 0.95384, 0.955786, 1, 

Generation #17
22,46,0.001, 0.00997997, 0.0200145, 0.151155, 0.109016, 0.129095, 0.31713, 0.321354, 0.846334, 1, 

24,19,0.001, 0.0430875, 0.0659412, 0.0690977, 0.0878515, 0.120676, 0.26237, 0.29179, 0.39683, 0.846334, 0.928834, 1, 

25,16,0.001, 0.0430875, 0.0659412, 0.0690977, 0.0878515, 0.26237, 0.29179, 0.39683, 0.846334, 0.344381, 1, 

23,27,0.001, 0.0217771, 0.0281064, 0.0878515, 0.120676, 0.26237, 0.543335, 0.95384, 0.955786, 1, 

Generation #18
22,46,0.001, 0.00997997, 0.0200145, 0.151155, 0.109016, 0.129095, 0.31713, 0.321354, 0.846334, 1, 

24,19,0.001, 0.0430875, 0.0659412, 0.0690977, 0.0878515, 0.120676, 0.26237, 0.29179, 0.39683, 0.846334, 0.928834, 1, 

25,16,0.001, 0.0430875, 0.0659412, 0.0690977, 0.0878515, 0.26237, 0.29179, 0.39683, 0.846334, 0.344381, 1, 

23,27,0.001, 0.0217771, 0.0281064, 0.0878515, 0.120676, 0.26237, 0.543335, 0.95384, 0.955786, 1, 

Generation #19
22,46,0.001, 0.00997997, 0.0200145, 0.151155, 0.109016, 0.129095, 0.31713, 0.321354, 0.846334, 1, 

24,19,0.001, 0.0430875, 0.0659412, 0.0690977, 0.0878515, 0.120676, 0.26237, 0.29179, 0.39683, 0.846334, 0.928834, 1, 

25,16,0.001, 0.0430875, 0.0659412, 0.0690977, 0.0878515, 0.26237, 0.29179, 0.39683, 0.846334, 0.344381, 1, 

23,27,0.001, 0.0217771, 0.0281064, 0.0878515, 0.120676, 0.26237, 0.543335, 0.95384, 0.955786, 1, 

Generation #20
22,46,0.001, 0.00997997, 0.0200145, 0.151155, 0.109016, 0.129095, 0.31713, 0.321354, 0.846334, 1, 

24,19,0.001, 0.0430875, 0.0659412, 0.0690977, 0.0878515, 0.120676, 0.26237, 0.29179, 0.39683, 0.846334, 0.928834, 1, 

25,16,0.001, 0.0430875, 0.0659412, 0.0690977, 0.0878515, 0.26237, 0.29179, 0.39683, 0.846334, 0.344381, 1, 

23,20,0.001, 0.00997997, 0.0200145, 0.0690977, 0.0914847, 0.103123, 0.173863, 0.193642, 0.268212, 1, 

Generation #21
22,46,0.001, 0.00997997, 0.0200145, 0.151155, 0.109016, 0.129095, 0.31713, 0.321354, 0.846334, 1, 

24,19,0.001, 0.0430875, 0.0659412, 0.0690977, 0.0878515, 0.120676, 0.26237, 0.29179, 0.39683, 0.846334, 0.928834, 1, 

25,16,0.001, 0.0430875, 0.0659412, 0.0690977, 0.0878515, 0.26237, 0.29179, 0.39683, 0.846334, 0.344381, 1, 

23,20,0.001, 0.00997997, 0.0200145, 0.0690977, 0.0914847, 0.103123, 0.173863, 0.193642, 0.268212, 1, 

Generation #22
22,46,0.001, 0.00997997, 0.0200145, 0.151155, 0.109016, 0.129095, 0.31713, 0.321354, 0.846334, 1, 

24,19,0.001, 0.0430875, 0.0659412, 0.0690977, 0.0878515, 0.120676, 0.26237, 0.29179, 0.39683, 0.846334, 0.928834, 1, 

25,16,0.001, 0.0430875, 0.0659412, 0.0690977, 0.0878515, 0.26237, 0.29179, 0.39683, 0.846334, 0.344381, 1, 

23,20,0.001, 0.00997997, 0.0200145, 0.0690977, 0.0914847, 0.103123, 0.173863, 0.193642, 0.268212, 1, 

Generation #23
22,46,0.001, 0.00997997, 0.0200145, 0.151155, 0.109016, 0.129095, 0.31713, 0.321354, 0.846334, 1, 

24,19,0.001, 0.0430875, 0.0659412, 0.0690977, 0.0878515, 0.120676, 0.26237, 0.29179, 0.39683, 0.846334, 0.928834, 1, 

25,16,0.001, 0.0430875, 0.0659412, 0.0690977, 0.0878515, 0.26237, 0.29179, 0.39683, 0.846334, 0.344381, 1, 

23,20,0.001, 0.00997997, 0.0200145, 0.0690977, 0.0914847, 0.103123, 0.173863, 0.193642, 0.268212, 1, 

Generation #24
22,46,0.001, 0.00997997, 0.0200145, 0.151155, 0.109016, 0.129095, 0.31713, 0.321354, 0.846334, 1, 

24,19,0.001, 0.0430875, 0.0659412, 0.0690977, 0.0878515, 0.120676, 0.26237, 0.29179, 0.39683, 0.846334, 0.928834, 1, 

25,16,0.001, 0.0430875, 0.0659412, 0.0690977, 0.0878515, 0.26237, 0.29179, 0.39683, 0.846334, 0.344381, 1, 

23,20,0.001, 0.00997997, 0.0200145, 0.0690977, 0.0914847, 0.103123, 0.173863, 0.193642, 0.268212, 1, 

Generation #25
22,46,0.001, 0.00997997, 0.0200145, 0.151155, 0.109016, 0.129095, 0.31713, 0.321354, 0.846334, 1, 

24,19,0.001, 0.0430875, 0.0659412, 0.0690977, 0.0878515, 0.120676, 0.26237, 0.29179, 0.39683, 0.846334, 0.928834, 1, 

25,16,0.001, 0.0430875, 0.0659412, 0.0690977, 0.0878515, 0.26237, 0.29179, 0.39683, 0.846334, 0.344381, 1, 

23,20,0.001, 0.00997997, 0.0200145, 0.0690977, 0.0914847, 0.103123, 0.173863, 0.193642, 0.268212, 1, 

Generation #26
22,46,0.001, 0.00997997, 0.0200145, 0.151155, 0.109016, 0.129095, 0.31713, 0.321354, 0.846334, 1, 

24,19,0.001, 0.0430875, 0.0659412, 0.0690977, 0.0878515, 0.120676, 0.26237, 0.29179, 0.39683, 0.846334, 0.928834, 1, 

25,16,0.001, 0.0430875, 0.0659412, 0.0690977, 0.0878515, 0.26237, 0.29179, 0.39683, 0.846334, 0.344381, 1, 

23,20,0.001, 0.00997997, 0.0200145, 0.0690977, 0.0914847, 0.103123, 0.173863, 0.193642, 0.268212, 1, 

Generation #27
22,46,0.001, 0.00997997, 0.0200145, 0.151155, 0.109016, 0.129095, 0.31713, 0.321354, 0.846334, 1, 

24,19,0.001, 0.0430875, 0.0659412, 0.0690977, 0.0878515, 0.120676, 0.26237, 0.29179, 0.39683, 0.846334, 0.928834, 1, 

25,16,0.001, 0.0430875, 0.0659412, 0.0690977, 0.0878515, 0.26237, 0.29179, 0.39683, 0.846334, 0.344381, 1, 

23,20,0.001, 0.00997997, 0.0200145, 0.0690977, 0.0914847, 0.103123, 0.173863, 0.193642, 0.268212, 1, 

Generation #28
22,46,0.001, 0.00997997, 0.0200145, 0.151155, 0.109016, 0.129095, 0.31713, 0.321354, 0.846334, 1, 

25,16,0.001, 0.0430875, 0.0659412, 0.0690977, 0.0878515, 0.26237, 0.29179, 0.39683, 0.846334, 0.344381, 1, 

23,20,0.001, 0.00997997, 0.0200145, 0.0690977, 0.0914847, 0.103123, 0.173863, 0.193642, 0.268212, 1, 

24,17,0.001, 0.0430875, 0.0659412, 0.0690977, 0.0878515, 0.120676, 0.26237, 0.29179, 0.39683, 0.955786, 1, 

Generation #29
22,46,0.001, 0.00997997, 0.0200145, 0.151155, 0.109016, 0.129095, 0.31713, 0.321354, 0.846334, 1, 

25,16,0.001, 0.0430875, 0.0659412, 0.0690977, 0.0878515, 0.26237, 0.29179, 0.39683, 0.846334, 0.344381, 1, 

23,20,0.001, 0.00997997, 0.0200145, 0.0690977, 0.0914847, 0.103123, 0.173863, 0.193642, 0.268212, 1, 

24,17,0.001, 0.0430875, 0.0659412, 0.0690977, 0.0878515, 0.120676, 0.26237, 0.29179, 0.39683, 0.955786, 1, 

Generation #30
22,46,0.001, 0.00997997, 0.0200145, 0.151155, 0.109016, 0.129095, 0.31713, 0.321354, 0.846334, 1, 

25,16,0.001, 0.0430875, 0.0659412, 0.0690977, 0.0878515, 0.26237, 0.29179, 0.39683, 0.846334, 0.344381, 1, 

23,20,0.001, 0.00997997, 0.0200145, 0.0690977, 0.0914847, 0.103123, 0.173863, 0.193642, 0.268212, 1, 

24,17,0.001, 0.0430875, 0.0659412, 0.0690977, 0.0878515, 0.120676, 0.26237, 0.29179, 0.39683, 0.955786, 1, 

Generation #31
22,46,0.001, 0.00997997, 0.0200145, 0.151155, 0.109016, 0.129095, 0.31713, 0.321354, 0.846334, 1, 

25,16,0.001, 0.0430875, 0.0659412, 0.0690977, 0.0878515, 0.26237, 0.29179, 0.39683, 0.846334, 0.344381, 1, 

23,20,0.001, 0.00997997, 0.0200145, 0.0690977, 0.0914847, 0.103123, 0.173863, 0.193642, 0.268212, 1, 

24,17,0.001, 0.0430875, 0.0659412, 0.0690977, 0.0878515, 0.120676, 0.26237, 0.29179, 0.39683, 0.955786, 1, 

Generation #32
22,46,0.001, 0.00997997, 0.0200145, 0.151155, 0.109016, 0.129095, 0.31713, 0.321354, 0.846334, 1, 

25,16,0.001, 0.0430875, 0.0659412, 0.0690977, 0.0878515, 0.26237, 0.29179, 0.39683, 0.846334, 0.344381, 1, 

23,20,0.001, 0.00997997, 0.0200145, 0.0690977, 0.0914847, 0.103123, 0.173863, 0.193642, 0.268212, 1, 

24,17,0.001, 0.0430875, 0.0659412, 0.0690977, 0.0878515, 0.120676, 0.26237, 0.29179, 0.39683, 0.955786, 1, 

Generation #33
25,16,0.001, 0.0430875, 0.0659412, 0.0690977, 0.0878515, 0.26237, 0.29179, 0.39683, 0.846334, 0.344381, 1, 

23,20,0.001, 0.00997997, 0.0200145, 0.0690977, 0.0914847, 0.103123, 0.173863, 0.193642, 0.268212, 1, 

24,17,0.001, 0.0430875, 0.0659412, 0.0690977, 0.0878515, 0.120676, 0.26237, 0.29179, 0.39683, 0.955786, 1, 

21,40,0.001, 0.0217771, 0.0281064, 0.0778584, 0.0914847, 0.109016, 0.129095, 0.31713, 0.550677, 1, 

Generation #34
25,16,0.001, 0.0430875, 0.0659412, 0.0690977, 0.0878515, 0.26237, 0.29179, 0.39683, 0.846334, 0.344381, 1, 

23,20,0.001, 0.00997997, 0.0200145, 0.0690977, 0.0914847, 0.103123, 0.173863, 0.193642, 0.268212, 1, 

24,17,0.001, 0.0430875, 0.0659412, 0.0690977, 0.0878515, 0.120676, 0.26237, 0.29179, 0.39683, 0.955786, 1, 

21,40,0.001, 0.0217771, 0.0281064, 0.0778584, 0.0914847, 0.109016, 0.129095, 0.31713, 0.550677, 1, 

Generation #35
25,16,0.001, 0.0430875, 0.0659412, 0.0690977, 0.0878515, 0.26237, 0.29179, 0.39683, 0.846334, 0.344381, 1, 

23,20,0.001, 0.00997997, 0.0200145, 0.0690977, 0.0914847, 0.103123, 0.173863, 0.193642, 0.268212, 1, 

24,17,0.001, 0.0430875, 0.0659412, 0.0690977, 0.0878515, 0.120676, 0.26237, 0.29179, 0.39683, 0.955786, 1, 

21,40,0.001, 0.0217771, 0.0281064, 0.0778584, 0.0914847, 0.109016, 0.129095, 0.31713, 0.550677, 1, 

Generation #36
25,16,0.001, 0.0430875, 0.0659412, 0.0690977, 0.0878515, 0.26237, 0.29179, 0.39683, 0.846334, 0.344381, 1, 

23,20,0.001, 0.00997997, 0.0200145, 0.0690977, 0.0914847, 0.103123, 0.173863, 0.193642, 0.268212, 1, 

24,17,0.001, 0.0430875, 0.0659412, 0.0690977, 0.0878515, 0.120676, 0.26237, 0.29179, 0.39683, 0.955786, 1, 

21,40,0.001, 0.0217771, 0.0281064, 0.0778584, 0.0914847, 0.109016, 0.129095, 0.31713, 0.550677, 1, 

Generation #37
25,16,0.001, 0.0430875, 0.0659412, 0.0690977, 0.0878515, 0.26237, 0.29179, 0.39683, 0.846334, 0.344381, 1, 

23,20,0.001, 0.00997997, 0.0200145, 0.0690977, 0.0914847, 0.103123, 0.173863, 0.193642, 0.268212, 1, 

24,17,0.001, 0.0430875, 0.0659412, 0.0690977, 0.0878515, 0.120676, 0.26237, 0.29179, 0.39683, 0.955786, 1, 

21,40,0.001, 0.0217771, 0.0281064, 0.0778584, 0.0914847, 0.109016, 0.129095, 0.31713, 0.550677, 1, 

Generation #38
25,16,0.001, 0.0430875, 0.0659412, 0.0690977, 0.0878515, 0.26237, 0.29179, 0.39683, 0.846334, 0.344381, 1, 

23,20,0.001, 0.00997997, 0.0200145, 0.0690977, 0.0914847, 0.103123, 0.173863, 0.193642, 0.268212, 1, 

24,17,0.001, 0.0430875, 0.0659412, 0.0690977, 0.0878515, 0.120676, 0.26237, 0.29179, 0.39683, 0.955786, 1, 

21,40,0.001, 0.0217771, 0.0281064, 0.0778584, 0.0914847, 0.109016, 0.129095, 0.31713, 0.550677, 1, 

Generation #39
25,16,0.001, 0.0430875, 0.0659412, 0.0690977, 0.0878515, 0.26237, 0.29179, 0.39683, 0.846334, 0.344381, 1, 

23,20,0.001, 0.00997997, 0.0200145, 0.0690977, 0.0914847, 0.103123, 0.173863, 0.193642, 0.268212, 1, 

24,17,0.001, 0.0430875, 0.0659412, 0.0690977, 0.0878515, 0.120676, 0.26237, 0.29179, 0.39683, 0.955786, 1, 

21,40,0.001, 0.0217771, 0.0281064, 0.0778584, 0.0914847, 0.109016, 0.129095, 0.31713, 0.550677, 1, 

Generation #40
25,16,0.001, 0.0430875, 0.0659412, 0.0690977, 0.0878515, 0.26237, 0.29179, 0.39683, 0.846334, 0.344381, 1, 

23,20,0.001, 0.00997997, 0.0200145, 0.0690977, 0.0914847, 0.103123, 0.173863, 0.193642, 0.268212, 1, 

24,17,0.001, 0.0430875, 0.0659412, 0.0690977, 0.0878515, 0.120676, 0.26237, 0.29179, 0.39683, 0.955786, 1, 

21,40,0.001, 0.0217771, 0.0281064, 0.0778584, 0.0914847, 0.109016, 0.129095, 0.31713, 0.550677, 1, 

Generation #41
25,16,0.001, 0.0430875, 0.0659412, 0.0690977, 0.0878515, 0.26237, 0.29179, 0.39683, 0.846334, 0.344381, 1, 

23,20,0.001, 0.00997997, 0.0200145, 0.0690977, 0.0914847, 0.103123, 0.173863, 0.193642, 0.268212, 1, 

24,17,0.001, 0.0430875, 0.0659412, 0.0690977, 0.0878515, 0.120676, 0.26237, 0.29179, 0.39683, 0.955786, 1, 

21,40,0.001, 0.0217771, 0.0281064, 0.0778584, 0.0914847, 0.109016, 0.129095, 0.31713, 0.550677, 1, 

Generation #42
25,16,0.001, 0.0430875, 0.0659412, 0.0690977, 0.0878515, 0.26237, 0.29179, 0.39683, 0.846334, 0.344381, 1, 

23,20,0.001, 0.00997997, 0.0200145, 0.0690977, 0.0914847, 0.103123, 0.173863, 0.193642, 0.268212, 1, 

24,17,0.001, 0.0430875, 0.0659412, 0.0690977, 0.0878515, 0.120676, 0.26237, 0.29179, 0.39683, 0.955786, 1, 

21,40,0.001, 0.0217771, 0.0281064, 0.0778584, 0.0914847, 0.109016, 0.129095, 0.31713, 0.550677, 1, 

Generation #43
25,16,0.001, 0.0430875, 0.0659412, 0.0690977, 0.0878515, 0.26237, 0.29179, 0.39683, 0.846334, 0.344381, 1, 

23,20,0.001, 0.00997997, 0.0200145, 0.0690977, 0.0914847, 0.103123, 0.173863, 0.193642, 0.268212, 1, 

24,17,0.001, 0.0430875, 0.0659412, 0.0690977, 0.0878515, 0.120676, 0.26237, 0.29179, 0.39683, 0.955786, 1, 

21,40,0.001, 0.0217771, 0.0281064, 0.0778584, 0.0914847, 0.109016, 0.129095, 0.31713, 0.550677, 1, 

Generation #44
25,16,0.001, 0.0430875, 0.0659412, 0.0690977, 0.0878515, 0.26237, 0.29179, 0.39683, 0.846334, 0.344381, 1, 

23,20,0.001, 0.00997997, 0.0200145, 0.0690977, 0.0914847, 0.103123, 0.173863, 0.193642, 0.268212, 1, 

24,17,0.001, 0.0430875, 0.0659412, 0.0690977, 0.0878515, 0.120676, 0.26237, 0.29179, 0.39683, 0.955786, 1, 

21,40,0.001, 0.0217771, 0.0281064, 0.0778584, 0.0914847, 0.109016, 0.129095, 0.31713, 0.550677, 1, 

Generation #45
25,16,0.001, 0.0430875, 0.0659412, 0.0690977, 0.0878515, 0.26237, 0.29179, 0.39683, 0.846334, 0.344381, 1, 

23,20,0.001, 0.00997997, 0.0200145, 0.0690977, 0.0914847, 0.103123, 0.173863, 0.193642, 0.268212, 1, 

24,17,0.001, 0.0430875, 0.0659412, 0.0690977, 0.0878515, 0.120676, 0.26237, 0.29179, 0.39683, 0.955786, 1, 

21,40,0.001, 0.0217771, 0.0281064, 0.0778584, 0.0914847, 0.109016, 0.129095, 0.31713, 0.550677, 1, 

Generation #46
25,16,0.001, 0.0430875, 0.0659412, 0.0690977, 0.0878515, 0.26237, 0.29179, 0.39683, 0.846334, 0.344381, 1, 

23,20,0.001, 0.00997997, 0.0200145, 0.0690977, 0.0914847, 0.103123, 0.173863, 0.193642, 0.268212, 1, 

24,17,0.001, 0.0430875, 0.0659412, 0.0690977, 0.0878515, 0.120676, 0.26237, 0.29179, 0.39683, 0.955786, 1, 

21,40,0.001, 0.0217771, 0.0281064, 0.0778584, 0.0914847, 0.109016, 0.129095, 0.31713, 0.550677, 1, 

Generation #47
25,16,0.001, 0.0430875, 0.0659412, 0.0690977, 0.0878515, 0.26237, 0.29179, 0.39683, 0.846334, 0.344381, 1, 

24,17,0.001, 0.0430875, 0.0659412, 0.0690977, 0.0878515, 0.120676, 0.26237, 0.29179, 0.39683, 0.955786, 1, 

21,40,0.001, 0.0217771, 0.0281064, 0.0778584, 0.0914847, 0.109016, 0.129095, 0.31713, 0.550677, 1, 

22,20,0.001, 0.0217771, 0.0281064, 0.0903804, 0.0914847, 0.103123, 0.0693355, 0.31713, 0.550677, 1, 

Generation #48
25,16,0.001, 0.0430875, 0.0659412, 0.0690977, 0.0878515, 0.26237, 0.29179, 0.39683, 0.846334, 0.344381, 1, 

24,17,0.001, 0.0430875, 0.0659412, 0.0690977, 0.0878515, 0.120676, 0.26237, 0.29179, 0.39683, 0.955786, 1, 

21,40,0.001, 0.0217771, 0.0281064, 0.0778584, 0.0914847, 0.109016, 0.129095, 0.31713, 0.550677, 1, 

22,20,0.001, 0.0217771, 0.0281064, 0.0903804, 0.0914847, 0.103123, 0.0693355, 0.31713, 0.550677, 1, 

Generation #49
25,16,0.001, 0.0430875, 0.0659412, 0.0690977, 0.0878515, 0.26237, 0.29179, 0.39683, 0.846334, 0.344381, 1, 

24,17,0.001, 0.0430875, 0.0659412, 0.0690977, 0.0878515, 0.120676, 0.26237, 0.29179, 0.39683, 0.955786, 1, 

21,40,0.001, 0.0217771, 0.0281064, 0.0778584, 0.0914847, 0.109016, 0.129095, 0.31713, 0.550677, 1, 

22,20,0.001, 0.0217771, 0.0281064, 0.0903804, 0.0914847, 0.103123, 0.0693355, 0.31713, 0.550677, 1, 

--- Pareto Front Solutions ---
Solution 0: N total=73 (N_initial=48, N_added=25), Time total=29 ms, Saved to: ./results/Bugzilla_t2_l3_pareto_0.csv, percents=0.001, 0.0430875, 0.0659412, 0.0690977, 0.0878515, 0.26237, 0.29179, 0.39683, 0.846334, 0.344381, 1, 

Solution 1: N total=72 (N_initial=48, N_added=24), Time total=30 ms, Saved to: ./results/Bugzilla_t2_l3_pareto_1.csv, percents=0.001, 0.0430875, 0.0659412, 0.0690977, 0.0878515, 0.120676, 0.26237, 0.29179, 0.39683, 0.955786, 1, 

Solution 2: N total=69 (N_initial=48, N_added=21), Time total=53 ms, Saved to: ./results/Bugzilla_t2_l3_pareto_2.csv, percents=0.001, 0.0217771, 0.0281064, 0.0778584, 0.0914847, 0.109016, 0.129095, 0.31713, 0.550677, 1, 

Solution 3: N total=70 (N_initial=48, N_added=22), Time total=33 ms, Saved to: ./results/Bugzilla_t2_l3_pareto_3.csv, percents=0.001, 0.0217771, 0.0281064, 0.0903804, 0.0914847, 0.103123, 0.0693355, 0.31713, 0.550677, 1, 

------------d=1, t=2, lambda=4, filename=./evaluation/Bugzilla/Bugzilla_2_4.csv------------
Computing partitioned counts of d-sets...
Ready to look at pairs based on partitioned counts...
First Stage N=64, Time=10
There are 33 remaining non-locating pairs
--- Running GA Algorithm (phase2) ---
Running GA with std::execution::par
Generation #0
36,11,0.001, 0.0294835, 0.0326472, 0.0591676, 0.0911589, 0.0999613, 0.112583, 0.12664, 0.169743, 0.192505, 0.192786, 0.206567, 0.31779, 0.478449, 0.493084, 0.525819, 0.628024, 0.723941, 0.728719, 0.741673, 0.799343, 0.806559, 0.96319, 1, 

33,17,0.001, 0.0585867, 0.0987023, 0.222185, 0.238007, 0.256981, 0.267243, 0.342633, 0.358696, 0.476513, 0.603216, 0.637009, 0.783996, 0.801969, 0.835877, 0.864198, 0.945906, 0.96059, 1, 

27,19,0.001, 0.126711, 0.323086, 0.419521, 0.430975, 0.483331, 0.520426, 0.53391, 0.620932, 0.77013, 0.957839, 1, 

Generation #1
36,11,0.001, 0.0294835, 0.0326472, 0.0591676, 0.0911589, 0.0999613, 0.112583, 0.12664, 0.169743, 0.192505, 0.192786, 0.206567, 0.31779, 0.478449, 0.493084, 0.525819, 0.628024, 0.723941, 0.728719, 0.741673, 0.799343, 0.806559, 0.96319, 1, 

25,30,0.001, 0.109213, 0.2306, 0.396384, 0.42986, 0.484075, 0.635128, 0.695942, 0.781897, 0.859148, 1, 

27,17,0.001, 0.103696, 0.113172, 0.140468, 0.151793, 0.210763, 0.218304, 0.53391, 0.620932, 0.77013, 0.957839, 1, 

Generation #2
27,17,0.001, 0.103696, 0.113172, 0.140468, 0.151793, 0.210763, 0.218304, 0.53391, 0.620932, 0.77013, 0.957839, 1, 

28,16,0.001, 0.1156, 0.2306, 0.396384, 0.42986, 0.484075, 0.763288, 0.635128, 0.695942, 0.781897, 0.859148, 0.913658, 1, 

24,33,0.001, 0.390431, 0.164729, 0.0928835, 0.168044, 0.341795, 0.408668, 0.515716, 0.645556, 0.686753, 0.70491, 0.783104, 1, 

25,25,0.001, 0.024641, 0.038009, 0.079407, 0.14266, 0.166883, 0.635128, 0.695942, 0.781897, 0.859148, 1, 

30,11,0.001, 0.0535855, 0.0591831, 0.093825, 0.149545, 0.184584, 0.187162, 0.234403, 0.268022, 0.269035, 0.374227, 0.383812, 0.398488, 0.505749, 0.948211, 1, 

34,8,0.001, 0.0294835, 0.0326472, 0.0591676, 0.0911589, 0.191506, 0.20655, 0.236197, 0.315114, 0.318574, 0.334841, 0.340756, 0.50459, 0.557025, 0.590863, 0.644635, 0.680504, 0.758042, 0.842478, 0.885452, 0.934855, 0.999579, 1, 

Generation #3
23,8,0.001, 0.053713, 0.0955022, 0.114297, 0.117754, 0.167361, 0.173301, 0.559324, 0.817061, 0.859148, 1, 

Generation #4
23,8,0.001, 0.053713, 0.0955022, 0.114297, 0.117754, 0.167361, 0.173301, 0.559324, 0.817061, 0.859148, 1, 

22,17,0.001, 0.113172, 0.140468, 0.151793, 0.210763, 0.218304, 0.53391, 0.781897, 0.859148, 1, 

Generation #5
23,8,0.001, 0.053713, 0.0955022, 0.114297, 0.117754, 0.167361, 0.173301, 0.559324, 0.817061, 0.859148, 1, 

22,9,0.001, 0.0294835, 0.0326472, 0.0591676, 0.0911589, 0.0999613, 0.112583, 0.12664, 0.169743, 0.192505, 1, 

Generation #6
23,8,0.001, 0.053713, 0.0955022, 0.114297, 0.117754, 0.167361, 0.173301, 0.559324, 0.817061, 0.859148, 1, 

22,9,0.001, 0.0294835, 0.0326472, 0.0591676, 0.0911589, 0.0999613, 0.112583, 0.12664, 0.169743, 0.192505, 1, 

20,12,0.001, 0.103696, 0.113172, 0.140468, 0.0911589, 0.0999613, 0.112583, 0.12664, 0.169743, 0.192505, 1, 

25,7,0.001, 0.0400634, 0.0452468, 0.0478818, 0.0731873, 0.0825966, 0.0832174, 0.0883425, 0.285846, 0.602028, 0.192786, 0.783104, 1, 

Generation #7
22,9,0.001, 0.0294835, 0.0326472, 0.0591676, 0.0911589, 0.0999613, 0.112583, 0.12664, 0.169743, 0.192505, 1, 

20,12,0.001, 0.103696, 0.113172, 0.140468, 0.0911589, 0.0999613, 0.112583, 0.12664, 0.169743, 0.192505, 1, 

23,7,0.001, 0.053713, 0.0955022, 0.114297, 0.117754, 0.167361, 0.173301, 0.559324, 0.396336, 0.410153, 0.412724, 0.997442, 1, 

Generation #8
22,9,0.001, 0.0294835, 0.0326472, 0.0591676, 0.0911589, 0.0999613, 0.112583, 0.12664, 0.169743, 0.192505, 1, 

20,12,0.001, 0.103696, 0.113172, 0.140468, 0.0911589, 0.0999613, 0.112583, 0.12664, 0.169743, 0.192505, 1, 

23,7,0.001, 0.053713, 0.0955022, 0.114297, 0.117754, 0.167361, 0.173301, 0.559324, 0.396336, 0.410153, 0.412724, 0.997442, 1, 

33,6,0.001, 0.0426851, 0.0231762, 0.0426597, 0.0618636, 0.0623883, 0.0639863, 0.0828162, 0.315114, 0.318574, 0.360189, 0.380309, 0.504118, 0.504559, 0.595804, 0.636816, 0.650921, 0.808274, 0.913479, 0.936046, 1, 

Generation #9
22,9,0.001, 0.0294835, 0.0326472, 0.0591676, 0.0911589, 0.0999613, 0.112583, 0.12664, 0.169743, 0.192505, 1, 

20,12,0.001, 0.103696, 0.113172, 0.140468, 0.0911589, 0.0999613, 0.112583, 0.12664, 0.169743, 0.192505, 1, 

23,7,0.001, 0.053713, 0.0955022, 0.114297, 0.117754, 0.167361, 0.173301, 0.559324, 0.396336, 0.410153, 0.412724, 0.997442, 1, 

33,6,0.001, 0.0426851, 0.0231762, 0.0426597, 0.0618636, 0.0623883, 0.0639863, 0.0828162, 0.315114, 0.318574, 0.360189, 0.380309, 0.504118, 0.504559, 0.595804, 0.636816, 0.650921, 0.808274, 0.913479, 0.936046, 1, 

Generation #10
22,9,0.001, 0.0294835, 0.0326472, 0.0591676, 0.0911589, 0.0999613, 0.112583, 0.12664, 0.169743, 0.192505, 1, 

20,12,0.001, 0.103696, 0.113172, 0.140468, 0.0911589, 0.0999613, 0.112583, 0.12664, 0.169743, 0.192505, 1, 

23,7,0.001, 0.053713, 0.0955022, 0.114297, 0.117754, 0.167361, 0.173301, 0.559324, 0.396336, 0.410153, 0.412724, 0.997442, 1, 

33,6,0.001, 0.0426851, 0.0231762, 0.0426597, 0.0618636, 0.0623883, 0.0639863, 0.0828162, 0.315114, 0.318574, 0.360189, 0.380309, 0.504118, 0.504559, 0.595804, 0.636816, 0.650921, 0.808274, 0.913479, 0.936046, 1, 

Generation #11
22,9,0.001, 0.0294835, 0.0326472, 0.0591676, 0.0911589, 0.0999613, 0.112583, 0.12664, 0.169743, 0.192505, 1, 

20,12,0.001, 0.103696, 0.113172, 0.140468, 0.0911589, 0.0999613, 0.112583, 0.12664, 0.169743, 0.192505, 1, 

23,7,0.001, 0.053713, 0.0955022, 0.114297, 0.117754, 0.167361, 0.173301, 0.559324, 0.396336, 0.410153, 0.412724, 0.997442, 1, 

25,4,0.001, 0.053713, 0.0955022, 0.0478818, 0.0731873, 0.0825966, 0.0832174, 0.0883425, 0.223235, 0.285846, 0.897477, 1, 

Generation #12
20,12,0.001, 0.103696, 0.113172, 0.140468, 0.0911589, 0.0999613, 0.112583, 0.12664, 0.169743, 0.192505, 1, 

25,4,0.001, 0.053713, 0.0955022, 0.0478818, 0.0731873, 0.0825966, 0.0832174, 0.0883425, 0.223235, 0.285846, 0.897477, 1, 

22,7,0.001, 0.0426851, 0.122945, 0.150893, 0.116867, 0.121229, 0.173301, 0.559324, 0.169743, 0.192505, 1, 

Generation #13
20,12,0.001, 0.103696, 0.113172, 0.140468, 0.0911589, 0.0999613, 0.112583, 0.12664, 0.169743, 0.192505, 1, 

25,4,0.001, 0.053713, 0.0955022, 0.0478818, 0.0731873, 0.0825966, 0.0832174, 0.0883425, 0.223235, 0.285846, 0.897477, 1, 

22,7,0.001, 0.0426851, 0.122945, 0.150893, 0.116867, 0.121229, 0.173301, 0.559324, 0.169743, 0.192505, 1, 

Generation #14
20,12,0.001, 0.103696, 0.113172, 0.140468, 0.0911589, 0.0999613, 0.112583, 0.12664, 0.169743, 0.192505, 1, 

25,4,0.001, 0.053713, 0.0955022, 0.0478818, 0.0731873, 0.0825966, 0.0832174, 0.0883425, 0.223235, 0.285846, 0.897477, 1, 

21,6,0.001, 0.0585867, 0.0987023, 0.079407, 0.116867, 0.121229, 0.147973, 0.183391, 0.274225, 0.285826, 0.329145, 1, 

Generation #15
20,12,0.001, 0.103696, 0.113172, 0.140468, 0.0911589, 0.0999613, 0.112583, 0.12664, 0.169743, 0.192505, 1, 

25,4,0.001, 0.053713, 0.0955022, 0.0478818, 0.0731873, 0.0825966, 0.0832174, 0.0883425, 0.223235, 0.285846, 0.897477, 1, 

21,6,0.001, 0.0585867, 0.0987023, 0.079407, 0.116867, 0.121229, 0.147973, 0.183391, 0.274225, 0.285826, 0.329145, 1, 

Generation #16
20,12,0.001, 0.103696, 0.113172, 0.140468, 0.0911589, 0.0999613, 0.112583, 0.12664, 0.169743, 0.192505, 1, 

21,6,0.001, 0.0585867, 0.0987023, 0.079407, 0.116867, 0.121229, 0.147973, 0.183391, 0.274225, 0.285826, 0.329145, 1, 

22,4,0.001, 0.0400634, 0.0591831, 0.0478818, 0.0731873, 0.0825966, 0.0832174, 0.0883425, 0.223235, 0.285846, 0.897477, 1, 

Generation #17
20,12,0.001, 0.103696, 0.113172, 0.140468, 0.0911589, 0.0999613, 0.112583, 0.12664, 0.169743, 0.192505, 1, 

21,6,0.001, 0.0585867, 0.0987023, 0.079407, 0.116867, 0.121229, 0.147973, 0.183391, 0.274225, 0.285826, 0.329145, 1, 

22,4,0.001, 0.0400634, 0.0591831, 0.0478818, 0.0731873, 0.0825966, 0.0832174, 0.0883425, 0.223235, 0.285846, 0.897477, 1, 

Generation #18
20,12,0.001, 0.103696, 0.113172, 0.140468, 0.0911589, 0.0999613, 0.112583, 0.12664, 0.169743, 0.192505, 1, 

21,6,0.001, 0.0585867, 0.0987023, 0.079407, 0.116867, 0.121229, 0.147973, 0.183391, 0.274225, 0.285826, 0.329145, 1, 

22,4,0.001, 0.0400634, 0.0591831, 0.0478818, 0.0731873, 0.0825966, 0.0832174, 0.0883425, 0.223235, 0.285846, 0.897477, 1, 

Generation #19
20,12,0.001, 0.103696, 0.113172, 0.140468, 0.0911589, 0.0999613, 0.112583, 0.12664, 0.169743, 0.192505, 1, 

21,6,0.001, 0.0585867, 0.0987023, 0.079407, 0.116867, 0.121229, 0.147973, 0.183391, 0.274225, 0.285826, 0.329145, 1, 

22,4,0.001, 0.0400634, 0.0591831, 0.0478818, 0.0731873, 0.0825966, 0.0832174, 0.0883425, 0.223235, 0.285846, 0.897477, 1, 

Generation #20
20,12,0.001, 0.103696, 0.113172, 0.140468, 0.0911589, 0.0999613, 0.112583, 0.12664, 0.169743, 0.192505, 1, 

21,6,0.001, 0.0585867, 0.0987023, 0.079407, 0.116867, 0.121229, 0.147973, 0.183391, 0.274225, 0.285826, 0.329145, 1, 

22,4,0.001, 0.0400634, 0.0591831, 0.0478818, 0.0731873, 0.0825966, 0.0832174, 0.0883425, 0.223235, 0.285846, 0.897477, 1, 

Generation #21
20,4,0.001, 0.0535855, 0.0591831, 0.093825, 0.0911589, 0.0999613, 0.112583, 0.12664, 0.169743, 0.192505, 1, 

Generation #22
20,4,0.001, 0.0535855, 0.0591831, 0.093825, 0.0911589, 0.0999613, 0.112583, 0.12664, 0.169743, 0.192505, 1, 

Generation #23
20,4,0.001, 0.0535855, 0.0591831, 0.093825, 0.0911589, 0.0999613, 0.112583, 0.12664, 0.169743, 0.192505, 1, 

18,9,0.024641, 0.038009, 0.150893, 0.0731873, 0.0825966, 0.0832174, 0.0883425, 0.169743, 0.192505, 1, 

Generation #24
20,4,0.001, 0.0535855, 0.0591831, 0.093825, 0.0911589, 0.0999613, 0.112583, 0.12664, 0.169743, 0.192505, 1, 

18,9,0.024641, 0.038009, 0.150893, 0.0731873, 0.0825966, 0.0832174, 0.0883425, 0.169743, 0.192505, 1, 

Generation #25
20,4,0.001, 0.0535855, 0.0591831, 0.093825, 0.0911589, 0.0999613, 0.112583, 0.12664, 0.169743, 0.192505, 1, 

18,9,0.024641, 0.038009, 0.150893, 0.0731873, 0.0825966, 0.0832174, 0.0883425, 0.169743, 0.192505, 1, 

Generation #26
20,4,0.001, 0.0535855, 0.0591831, 0.093825, 0.0911589, 0.0999613, 0.112583, 0.12664, 0.169743, 0.192505, 1, 

18,9,0.024641, 0.038009, 0.150893, 0.0731873, 0.0825966, 0.0832174, 0.0883425, 0.169743, 0.192505, 1, 

Generation #27
20,4,0.001, 0.0535855, 0.0591831, 0.093825, 0.0911589, 0.0999613, 0.112583, 0.12664, 0.169743, 0.192505, 1, 

18,9,0.024641, 0.038009, 0.150893, 0.0731873, 0.0825966, 0.0832174, 0.0883425, 0.169743, 0.192505, 1, 

Generation #28
20,4,0.001, 0.0535855, 0.0591831, 0.093825, 0.0911589, 0.0999613, 0.112583, 0.12664, 0.169743, 0.192505, 1, 

18,9,0.024641, 0.038009, 0.150893, 0.0731873, 0.0825966, 0.0832174, 0.0883425, 0.169743, 0.192505, 1, 

Generation #29
20,4,0.001, 0.0535855, 0.0591831, 0.093825, 0.0911589, 0.0999613, 0.112583, 0.12664, 0.169743, 0.192505, 1, 

18,9,0.024641, 0.038009, 0.150893, 0.0731873, 0.0825966, 0.0832174, 0.0883425, 0.169743, 0.192505, 1, 

Generation #30
20,4,0.001, 0.0535855, 0.0591831, 0.093825, 0.0911589, 0.0999613, 0.112583, 0.12664, 0.169743, 0.192505, 1, 

18,9,0.024641, 0.038009, 0.150893, 0.0731873, 0.0825966, 0.0832174, 0.0883425, 0.169743, 0.192505, 1, 

Generation #31
20,4,0.001, 0.0535855, 0.0591831, 0.093825, 0.0911589, 0.0999613, 0.112583, 0.12664, 0.169743, 0.192505, 1, 

18,9,0.024641, 0.038009, 0.150893, 0.0731873, 0.0825966, 0.0832174, 0.0883425, 0.169743, 0.192505, 1, 

Generation #32
20,4,0.001, 0.0535855, 0.0591831, 0.093825, 0.0911589, 0.0999613, 0.112583, 0.12664, 0.169743, 0.192505, 1, 

18,9,0.024641, 0.038009, 0.150893, 0.0731873, 0.0825966, 0.0832174, 0.0883425, 0.169743, 0.192505, 1, 

19,7,0.001, 0.0585867, 0.0987023, 0.079407, 0.116867, 0.121229, 0.147973, 0.169743, 0.192505, 1, 

Generation #33
20,4,0.001, 0.0535855, 0.0591831, 0.093825, 0.0911589, 0.0999613, 0.112583, 0.12664, 0.169743, 0.192505, 1, 

18,9,0.024641, 0.038009, 0.150893, 0.0731873, 0.0825966, 0.0832174, 0.0883425, 0.169743, 0.192505, 1, 

19,7,0.001, 0.0585867, 0.0987023, 0.079407, 0.116867, 0.121229, 0.147973, 0.169743, 0.192505, 1, 

Generation #34
20,4,0.001, 0.0535855, 0.0591831, 0.093825, 0.0911589, 0.0999613, 0.112583, 0.12664, 0.169743, 0.192505, 1, 

18,9,0.024641, 0.038009, 0.150893, 0.0731873, 0.0825966, 0.0832174, 0.0883425, 0.169743, 0.192505, 1, 

19,7,0.001, 0.0585867, 0.0987023, 0.079407, 0.116867, 0.121229, 0.147973, 0.169743, 0.192505, 1, 

Generation #35
20,4,0.001, 0.0535855, 0.0591831, 0.093825, 0.0911589, 0.0999613, 0.112583, 0.12664, 0.169743, 0.192505, 1, 

18,9,0.024641, 0.038009, 0.150893, 0.0731873, 0.0825966, 0.0832174, 0.0883425, 0.169743, 0.192505, 1, 

19,7,0.001, 0.0585867, 0.0987023, 0.079407, 0.116867, 0.121229, 0.147973, 0.169743, 0.192505, 1, 

Generation #36
20,4,0.001, 0.0535855, 0.0591831, 0.093825, 0.0911589, 0.0999613, 0.112583, 0.12664, 0.169743, 0.192505, 1, 

18,9,0.024641, 0.038009, 0.150893, 0.0731873, 0.0825966, 0.0832174, 0.0883425, 0.169743, 0.192505, 1, 

19,7,0.001, 0.0585867, 0.0987023, 0.079407, 0.116867, 0.121229, 0.147973, 0.169743, 0.192505, 1, 

Generation #37
20,4,0.001, 0.0535855, 0.0591831, 0.093825, 0.0911589, 0.0999613, 0.112583, 0.12664, 0.169743, 0.192505, 1, 

18,9,0.024641, 0.038009, 0.150893, 0.0731873, 0.0825966, 0.0832174, 0.0883425, 0.169743, 0.192505, 1, 

19,7,0.001, 0.0585867, 0.0987023, 0.079407, 0.116867, 0.121229, 0.147973, 0.169743, 0.192505, 1, 

Generation #38
20,4,0.001, 0.0535855, 0.0591831, 0.093825, 0.0911589, 0.0999613, 0.112583, 0.12664, 0.169743, 0.192505, 1, 

18,9,0.024641, 0.038009, 0.150893, 0.0731873, 0.0825966, 0.0832174, 0.0883425, 0.169743, 0.192505, 1, 

19,7,0.001, 0.0585867, 0.0987023, 0.079407, 0.116867, 0.121229, 0.147973, 0.169743, 0.192505, 1, 

Generation #39
20,4,0.001, 0.0535855, 0.0591831, 0.093825, 0.0911589, 0.0999613, 0.112583, 0.12664, 0.169743, 0.192505, 1, 

18,9,0.024641, 0.038009, 0.150893, 0.0731873, 0.0825966, 0.0832174, 0.0883425, 0.169743, 0.192505, 1, 

19,7,0.001, 0.0585867, 0.0987023, 0.079407, 0.116867, 0.121229, 0.147973, 0.169743, 0.192505, 1, 

Generation #40
18,9,0.024641, 0.038009, 0.150893, 0.0731873, 0.0825966, 0.0832174, 0.0883425, 0.169743, 0.192505, 1, 

19,4,0.001, 0.053713, 0.0955022, 0.0478818, 0.0731873, 0.0825966, 0.0832174, 0.0883425, 0.169743, 0.192505, 1, 

Generation #41
18,9,0.024641, 0.038009, 0.150893, 0.0731873, 0.0825966, 0.0832174, 0.0883425, 0.169743, 0.192505, 1, 

19,4,0.001, 0.053713, 0.0955022, 0.0478818, 0.0731873, 0.0825966, 0.0832174, 0.0883425, 0.169743, 0.192505, 1, 

Generation #42
18,9,0.024641, 0.038009, 0.150893, 0.0731873, 0.0825966, 0.0832174, 0.0883425, 0.169743, 0.192505, 1, 

19,4,0.001, 0.053713, 0.0955022, 0.0478818, 0.0731873, 0.0825966, 0.0832174, 0.0883425, 0.169743, 0.192505, 1, 

Generation #43
18,9,0.024641, 0.038009, 0.150893, 0.0731873, 0.0825966, 0.0832174, 0.0883425, 0.169743, 0.192505, 1, 

19,4,0.001, 0.053713, 0.0955022, 0.0478818, 0.0731873, 0.0825966, 0.0832174, 0.0883425, 0.169743, 0.192505, 1, 

Generation #44
18,9,0.024641, 0.038009, 0.150893, 0.0731873, 0.0825966, 0.0832174, 0.0883425, 0.169743, 0.192505, 1, 

19,4,0.001, 0.053713, 0.0955022, 0.0478818, 0.0731873, 0.0825966, 0.0832174, 0.0883425, 0.169743, 0.192505, 1, 

20,3,0.001, 0.0294835, 0.0326472, 0.093825, 0.0911589, 0.0999613, 0.112583, 0.12664, 0.169743, 0.192505, 1, 

Generation #45
18,9,0.024641, 0.038009, 0.150893, 0.0731873, 0.0825966, 0.0832174, 0.0883425, 0.169743, 0.192505, 1, 

19,4,0.001, 0.053713, 0.0955022, 0.0478818, 0.0731873, 0.0825966, 0.0832174, 0.0883425, 0.169743, 0.192505, 1, 

20,3,0.001, 0.0294835, 0.0326472, 0.093825, 0.0911589, 0.0999613, 0.112583, 0.12664, 0.169743, 0.192505, 1, 

Generation #46
18,9,0.024641, 0.038009, 0.150893, 0.0731873, 0.0825966, 0.0832174, 0.0883425, 0.169743, 0.192505, 1, 

19,4,0.001, 0.053713, 0.0955022, 0.0478818, 0.0731873, 0.0825966, 0.0832174, 0.0883425, 0.169743, 0.192505, 1, 

20,3,0.001, 0.0294835, 0.0326472, 0.093825, 0.0911589, 0.0999613, 0.112583, 0.12664, 0.169743, 0.192505, 1, 

Generation #47
18,9,0.024641, 0.038009, 0.150893, 0.0731873, 0.0825966, 0.0832174, 0.0883425, 0.169743, 0.192505, 1, 

19,4,0.001, 0.053713, 0.0955022, 0.0478818, 0.0731873, 0.0825966, 0.0832174, 0.0883425, 0.169743, 0.192505, 1, 

20,3,0.001, 0.0294835, 0.0326472, 0.093825, 0.0911589, 0.0999613, 0.112583, 0.12664, 0.169743, 0.192505, 1, 

Generation #48
18,9,0.024641, 0.038009, 0.150893, 0.0731873, 0.0825966, 0.0832174, 0.0883425, 0.169743, 0.192505, 1, 

19,4,0.001, 0.053713, 0.0955022, 0.0478818, 0.0731873, 0.0825966, 0.0832174, 0.0883425, 0.169743, 0.192505, 1, 

20,3,0.001, 0.0294835, 0.0326472, 0.093825, 0.0911589, 0.0999613, 0.112583, 0.12664, 0.169743, 0.192505, 1, 

Generation #49
18,9,0.024641, 0.038009, 0.150893, 0.0731873, 0.0825966, 0.0832174, 0.0883425, 0.169743, 0.192505, 1, 

19,4,0.001, 0.053713, 0.0955022, 0.0478818, 0.0731873, 0.0825966, 0.0832174, 0.0883425, 0.169743, 0.192505, 1, 

20,3,0.001, 0.0294835, 0.0326472, 0.093825, 0.0911589, 0.0999613, 0.112583, 0.12664, 0.169743, 0.192505, 1, 

--- Pareto Front Solutions ---
Solution 0: N total=82 (N_initial=64, N_added=18), Time total=19 ms, Saved to: ./results/Bugzilla_t2_l4_pareto_0.csv, percents=0.024641, 0.038009, 0.150893, 0.0731873, 0.0825966, 0.0832174, 0.0883425, 0.169743, 0.192505, 1, 

Solution 1: N total=83 (N_initial=64, N_added=19), Time total=14 ms, Saved to: ./results/Bugzilla_t2_l4_pareto_1.csv, percents=0.001, 0.053713, 0.0955022, 0.0478818, 0.0731873, 0.0825966, 0.0832174, 0.0883425, 0.169743, 0.192505, 1, 

Solution 2: N total=84 (N_initial=64, N_added=20), Time total=13 ms, Saved to: ./results/Bugzilla_t2_l4_pareto_2.csv, percents=0.001, 0.0294835, 0.0326472, 0.093825, 0.0911589, 0.0999613, 0.112583, 0.12664, 0.169743, 0.192505, 1, 

