------------d=1, t=2, lambda=1, filename=./evaluation/Bugzilla/Bugzilla_2_1.csv------------
Computing partitioned counts of d-sets...
Ready to look at pairs based on partitioned counts...
First Stage N=18, Time=27
There are 9089 remaining non-locating pairs
--- Running Density Algorithm (phase2_ce) for Locating ---
  (CE) DEBUG: Trying to distinguish 9089 pairs. Example:
       Pair 0: (9,34,),(0,0,)  vs (18,41,),(0,0,)  (already separated 0 times)
  (CE) Using greedy column-by-column strategy.
  (CE) Row 20 built (best score: 1708). 4518 pairs remaining to distinguish.
  (CE) Row 30 built (best score: 115). 387 pairs remaining to distinguish.
  (CE) Row 40 built (best score: 13). 23 pairs remaining to distinguish.
  (CE) Row 45 built (best score: 1). 0 pairs remaining to distinguish.
--- Pareto Front Solutions ---
Solution 0: N total=45 (N_initial=18, N_added=27), Time total=1012 ms, Saved to: ./results/Bugzilla_t2_l1_pareto_0.csv, percents=1, 

------------d=1, t=2, lambda=2, filename=./evaluation/Bugzilla/Bugzilla_2_2.csv------------
Computing partitioned counts of d-sets...
Ready to look at pairs based on partitioned counts...
First Stage N=32, Time=10
There are 491 remaining non-locating pairs
--- Running Density Algorithm (phase2_ce) for Locating ---
  (CE) DEBUG: Trying to distinguish 491 pairs. Example:
       Pair 0: (2,51,),(1,3,)  vs (33,51,),(0,3,)  (already separated 0 times)
  (CE) Using greedy column-by-column strategy.
  (CE) Row 40 built (best score: 58). 246 pairs remaining to distinguish.
  (CE) Row 50 built (best score: 11). 42 pairs remaining to distinguish.
  (CE) Row 60 built (best score: 1). 0 pairs remaining to distinguish.
--- Pareto Front Solutions ---
Solution 0: N total=60 (N_initial=32, N_added=28), Time total=104 ms, Saved to: ./results/Bugzilla_t2_l2_pareto_0.csv, percents=1, 

------------d=1, t=2, lambda=3, filename=./evaluation/Bugzilla/Bugzilla_2_3.csv------------
Computing partitioned counts of d-sets...
Ready to look at pairs based on partitioned counts...
First Stage N=48, Time=10
There are 196 remaining non-locating pairs
--- Running Density Algorithm (phase2_ce) for Locating ---
  (CE) DEBUG: Trying to distinguish 196 pairs. Example:
       Pair 0: (1,50,),(0,3,)  vs (10,50,),(1,3,)  (already separated 2 times)
  (CE) Using greedy column-by-column strategy.
  (CE) Row 50 built (best score: 36). 150 pairs remaining to distinguish.
  (CE) Row 60 built (best score: 10). 46 pairs remaining to distinguish.
  (CE) Row 70 built (best score: 2). 0 pairs remaining to distinguish.
--- Pareto Front Solutions ---
Solution 0: N total=70 (N_initial=48, N_added=22), Time total=37 ms, Saved to: ./results/Bugzilla_t2_l3_pareto_0.csv, percents=1, 

------------d=1, t=2, lambda=4, filename=./evaluation/Bugzilla/Bugzilla_2_4.csv------------
Computing partitioned counts of d-sets...
Ready to look at pairs based on partitioned counts...
First Stage N=64, Time=9
There are 33 remaining non-locating pairs
--- Running Density Algorithm (phase2_ce) for Locating ---
  (CE) DEBUG: Trying to distinguish 33 pairs. Example:
       Pair 0: (25,50,),(1,0,)  vs (31,50,),(1,0,)  (already separated 2 times)
  (CE) Using greedy column-by-column strategy.
  (CE) Row 70 built (best score: 4). 21 pairs remaining to distinguish.
  (CE) Row 80 built (best score: 2). 3 pairs remaining to distinguish.
  (CE) Row 82 built (best score: 1). 0 pairs remaining to distinguish.
--- Pareto Front Solutions ---
Solution 0: N total=82 (N_initial=64, N_added=18), Time total=15 ms, Saved to: ./results/Bugzilla_t2_l4_pareto_0.csv, percents=1, 

