------------d=1, t=2, lambda=1, filename=./evaluation/Bugzilla/Bugzilla_2_1.csv------------
Grouping d-sets by partitioned row counts for detecting arrays...
Ready to look at pairs for detecting arrays...
First Stage N=18, Time=25
There are 72303 remaining non-locating pairs
--- Running GA Algorithm (phase2) ---
Running GA with std::execution::par
Generation #0
47,1543,0.001, 0.00563984, 0.0472926, 0.0698625, 0.0751163, 0.198198, 0.226628, 0.274555, 0.301448, 0.330416, 0.408317, 0.413537, 0.600954, 0.665264, 0.673547, 0.693171, 0.748014, 0.773028, 0.803385, 0.892334, 0.903401, 1, 

37,9394,0.001, 0.139605, 0.219523, 0.33745, 0.371203, 0.465486, 0.467519, 0.710549, 0.845754, 0.979017, 1, 

41,4012,0.001, 0.0735423, 0.205442, 0.220777, 0.22262, 0.436605, 0.474762, 0.492357, 0.499475, 0.578835, 0.632639, 0.714346, 0.747626, 0.902875, 0.966634, 1, 

44,2069,0.001, 0.017851, 0.0501659, 0.0513067, 0.110065, 0.137015, 0.159559, 0.187127, 0.248876, 0.279032, 0.421249, 0.482314, 0.608711, 0.629831, 0.648283, 0.693314, 0.753794, 0.76718, 0.888482, 0.910419, 0.911522, 1, 

38,6646,0.001, 0.114574, 0.207754, 0.488192, 0.608378, 0.656133, 0.80047, 0.927298, 0.950905, 0.999048, 1, 

39,4747,0.001, 0.0498482, 0.216652, 0.249468, 0.280081, 0.356849, 0.456092, 0.578588, 0.814896, 0.815772, 0.872318, 0.886671, 0.887786, 1, 

42,3117,0.001, 0.0485364, 0.0638381, 0.103473, 0.112512, 0.157387, 0.207509, 0.233497, 0.34024, 0.425078, 0.623749, 0.642961, 0.77327, 0.821051, 0.86027, 0.97724, 1, 

Generation #1
41,1098,0.001, 0.0110509, 0.0391854, 0.0928903, 0.129683, 0.148351, 0.15305, 0.161136, 0.234665, 0.262227, 0.667142, 0.690827, 0.859433, 0.884137, 1, 

37,1444,0.001, 0.0234395, 0.0390873, 0.0460126, 0.10239, 0.437383, 0.444051, 0.643865, 0.749881, 0.83435, 0.852734, 1, 

38,1262,0.001, 0.0234395, 0.0390873, 0.0460126, 0.10239, 0.111185, 0.134715, 0.142228, 0.147769, 0.164878, 0.872318, 0.886671, 0.887786, 1, 

44,1046,0.001, 0.0141455, 0.0218816, 0.0456565, 0.126535, 0.171676, 0.223503, 0.360442, 0.365705, 0.45636, 0.479251, 0.508095, 0.573131, 0.69156, 0.698453, 0.828251, 0.841254, 0.951562, 1, 

Generation #2
36,1328,0.001, 0.0211516, 0.0392133, 0.0765168, 0.109886, 0.119161, 0.216399, 0.246362, 0.302584, 0.993654, 1, 

42,816,0.001, 0.0110509, 0.0391854, 0.0928903, 0.129683, 0.148351, 0.15305, 0.161136, 0.234665, 0.262227, 0.262612, 0.288228, 0.29071, 0.387741, 0.387959, 0.439057, 0.841254, 0.951562, 1, 

34,2979,0.001, 0.0537338, 0.106666, 0.348809, 0.39629, 0.392028, 0.397921, 0.422169, 0.783244, 1, 

37,900,0.001, 0.0211516, 0.0392133, 0.0591743, 0.240205, 0.316409, 0.38425, 0.975389, 0.439128, 0.95616, 0.981794, 1, 

Generation #3
42,816,0.001, 0.0110509, 0.0391854, 0.0928903, 0.129683, 0.148351, 0.15305, 0.161136, 0.234665, 0.262227, 0.262612, 0.288228, 0.29071, 0.387741, 0.387959, 0.439057, 0.841254, 0.951562, 1, 

35,940,0.001, 0.0110509, 0.0391854, 0.0928903, 0.129683, 0.148351, 0.15305, 0.161136, 0.234665, 0.262227, 1, 

44,813,0.001, 0.0141455, 0.0218816, 0.0456565, 0.126535, 0.171676, 0.223503, 0.360442, 0.365705, 0.45636, 0.479251, 0.508095, 0.573131, 0.69156, 0.698453, 0.828251, 0.841254, 0.951562, 1, 

34,1781,0.001, 0.016774, 0.0547898, 0.524051, 0.167029, 0.204664, 0.210881, 0.422169, 0.783244, 1, 

36,896,0.001, 0.0141455, 0.0218816, 0.0456565, 0.126535, 0.171676, 0.223503, 0.397921, 0.422169, 0.783244, 0.803073, 0.930679, 1, 

40,857,0.001, 0.0219461, 0.0261442, 0.0262016, 0.0663368, 0.100799, 0.164494, 0.114335, 0.23582, 0.244813, 0.262717, 0.352138, 0.413039, 0.418693, 1, 

Generation #4
42,816,0.001, 0.0110509, 0.0391854, 0.0928903, 0.129683, 0.148351, 0.15305, 0.161136, 0.234665, 0.262227, 0.262612, 0.288228, 0.29071, 0.387741, 0.387959, 0.439057, 0.841254, 0.951562, 1, 

44,813,0.001, 0.0141455, 0.0218816, 0.0456565, 0.126535, 0.171676, 0.223503, 0.360442, 0.365705, 0.45636, 0.479251, 0.508095, 0.573131, 0.69156, 0.698453, 0.828251, 0.841254, 0.951562, 1, 

34,1781,0.001, 0.016774, 0.0547898, 0.524051, 0.167029, 0.204664, 0.210881, 0.422169, 0.783244, 1, 

36,896,0.001, 0.0141455, 0.0218816, 0.0456565, 0.126535, 0.171676, 0.223503, 0.397921, 0.422169, 0.783244, 0.803073, 0.930679, 1, 

40,857,0.001, 0.0219461, 0.0261442, 0.0262016, 0.0663368, 0.100799, 0.164494, 0.114335, 0.23582, 0.244813, 0.262717, 0.352138, 0.413039, 0.418693, 1, 

35,919,0.001, 0.0110509, 0.0391854, 0.0928903, 0.129683, 0.148351, 0.467519, 0.845754, 0.979017, 1, 

52,732,0.001, 0.0141455, 0.0218816, 0.0456565, 0.126535, 0.171676, 0.223503, 0.360442, 0.365705, 0.345675, 0.773633, 0.346068, 0.390185, 0.443204, 0.455689, 0.522106, 0.55521, 0.604216, 0.702404, 0.757145, 0.774314, 0.824831, 0.850221, 0.930843, 0.984248, 0.991008, 0.997154, 1, 

Generation #5
36,896,0.001, 0.0141455, 0.0218816, 0.0456565, 0.126535, 0.171676, 0.223503, 0.397921, 0.422169, 0.783244, 0.803073, 0.930679, 1, 

35,919,0.001, 0.0110509, 0.0391854, 0.0928903, 0.129683, 0.148351, 0.467519, 0.845754, 0.979017, 1, 

52,732,0.001, 0.0141455, 0.0218816, 0.0456565, 0.126535, 0.171676, 0.223503, 0.360442, 0.365705, 0.345675, 0.773633, 0.346068, 0.390185, 0.443204, 0.455689, 0.522106, 0.55521, 0.604216, 0.702404, 0.757145, 0.774314, 0.824831, 0.850221, 0.930843, 0.984248, 0.991008, 0.997154, 1, 

55,655,0.001, 0.0141455, 0.0218816, 0.0456565, 0.126535, 0.171676, 0.223503, 0.397921, 0.422169, 0.369654, 0.382673, 0.445377, 0.560908, 0.596095, 0.596417, 0.640819, 0.656873, 0.664519, 0.701615, 0.738495, 0.747655, 0.78442, 0.791605, 0.905578, 0.938861, 0.941806, 0.973056, 1, 

34,1158,0.001, 0.0211516, 0.0392133, 0.0591743, 0.39629, 0.392028, 0.397921, 0.743122, 0.422169, 0.783244, 1, 

48,753,0.001, 0.0110509, 0.0261442, 0.0262016, 0.0663368, 0.100799, 0.164494, 0.114335, 0.23582, 0.244813, 0.262717, 0.352138, 0.413039, 0.610299, 0.685118, 0.749872, 0.761045, 0.79815, 0.843834, 0.85952, 0.956795, 1, 

40,769,0.001, 0.0141455, 0.0218816, 0.0456565, 0.126535, 0.0287439, 0.171676, 0.223503, 0.397921, 0.422169, 0.783244, 0.803073, 0.930679, 1, 

37,891,0.001, 0.0110509, 0.0391854, 0.0928903, 0.129683, 0.148351, 0.15305, 0.422169, 0.845754, 0.979017, 1, 

Generation #6
38,650,0.001, 0.0141455, 0.0218816, 0.0456565, 0.126535, 0.100799, 0.164494, 0.397921, 0.422169, 0.783244, 0.803073, 0.930679, 1, 

34,945,0.001, 0.0110509, 0.0391854, 0.0980615, 0.330009, 0.781207, 0.397921, 0.161136, 0.783244, 1, 

35,894,0.001, 0.0141455, 0.0218816, 0.0456565, 0.129683, 0.398203, 0.467519, 0.845754, 0.979017, 1, 

36,770,0.001, 0.0141455, 0.0218816, 0.0456565, 0.126535, 0.171676, 0.223503, 0.397921, 0.783244, 0.803073, 0.886671, 1, 

Generation #7
38,650,0.001, 0.0141455, 0.0218816, 0.0456565, 0.126535, 0.100799, 0.164494, 0.397921, 0.422169, 0.783244, 0.803073, 0.930679, 1, 

35,684,0.001, 0.0110509, 0.0261442, 0.0262016, 0.0663368, 0.100799, 0.164494, 0.743122, 0.422169, 0.783244, 1, 

33,778,0.001, 0.0141455, 0.0218816, 0.0456565, 0.126535, 0.15305, 0.15305, 0.161136, 0.783244, 1, 

32,870,0.001, 0.0219461, 0.0261442, 0.0262016, 0.129683, 0.15305, 0.161136, 0.234665, 0.262227, 1, 

Generation #8
38,650,0.001, 0.0141455, 0.0218816, 0.0456565, 0.126535, 0.100799, 0.164494, 0.397921, 0.422169, 0.783244, 0.803073, 0.930679, 1, 

35,684,0.001, 0.0110509, 0.0261442, 0.0262016, 0.0663368, 0.100799, 0.164494, 0.743122, 0.422169, 0.783244, 1, 

33,778,0.001, 0.0141455, 0.0218816, 0.0456565, 0.126535, 0.15305, 0.15305, 0.161136, 0.783244, 1, 

32,870,0.001, 0.0219461, 0.0261442, 0.0262016, 0.129683, 0.15305, 0.161136, 0.234665, 0.262227, 1, 

52,591,0.001, 0.0110509, 0.0203789, 0.0391854, 0.0928903, 0.129683, 0.223503, 0.360442, 0.365705, 0.345675, 0.773633, 0.346068, 0.390185, 0.443204, 0.455689, 0.522106, 0.55521, 0.604216, 0.702404, 0.757145, 0.774314, 0.824831, 0.850221, 0.930843, 0.984248, 0.991008, 0.997154, 1, 

34,762,0.001, 0.0141455, 0.0218816, 0.0456565, 0.0663368, 0.100799, 0.78881, 0.422169, 0.845754, 0.979017, 1, 

Generation #9
38,650,0.001, 0.0141455, 0.0218816, 0.0456565, 0.126535, 0.100799, 0.164494, 0.397921, 0.422169, 0.783244, 0.803073, 0.930679, 1, 

35,684,0.001, 0.0110509, 0.0261442, 0.0262016, 0.0663368, 0.100799, 0.164494, 0.743122, 0.422169, 0.783244, 1, 

33,778,0.001, 0.0141455, 0.0218816, 0.0456565, 0.126535, 0.15305, 0.15305, 0.161136, 0.783244, 1, 

32,870,0.001, 0.0219461, 0.0261442, 0.0262016, 0.129683, 0.15305, 0.161136, 0.234665, 0.262227, 1, 

52,591,0.001, 0.0110509, 0.0203789, 0.0391854, 0.0928903, 0.129683, 0.223503, 0.360442, 0.365705, 0.345675, 0.773633, 0.346068, 0.390185, 0.443204, 0.455689, 0.522106, 0.55521, 0.604216, 0.702404, 0.757145, 0.774314, 0.824831, 0.850221, 0.930843, 0.984248, 0.991008, 0.997154, 1, 

34,762,0.001, 0.0141455, 0.0218816, 0.0456565, 0.0663368, 0.100799, 0.78881, 0.422169, 0.845754, 0.979017, 1, 

44,648,0.001, 0.0141455, 0.0218816, 0.0391854, 0.0928903, 0.129683, 0.15305, 0.161136, 0.234665, 0.262227, 0.262612, 0.288228, 0.29071, 0.387741, 0.387959, 0.439057, 0.841254, 0.951562, 1, 

Generation #10
38,650,0.001, 0.0141455, 0.0218816, 0.0456565, 0.126535, 0.100799, 0.164494, 0.397921, 0.422169, 0.783244, 0.803073, 0.930679, 1, 

35,684,0.001, 0.0110509, 0.0261442, 0.0262016, 0.0663368, 0.100799, 0.164494, 0.743122, 0.422169, 0.783244, 1, 

33,778,0.001, 0.0141455, 0.0218816, 0.0456565, 0.126535, 0.15305, 0.15305, 0.161136, 0.783244, 1, 

32,870,0.001, 0.0219461, 0.0261442, 0.0262016, 0.129683, 0.15305, 0.161136, 0.234665, 0.262227, 1, 

52,591,0.001, 0.0110509, 0.0203789, 0.0391854, 0.0928903, 0.129683, 0.223503, 0.360442, 0.365705, 0.345675, 0.773633, 0.346068, 0.390185, 0.443204, 0.455689, 0.522106, 0.55521, 0.604216, 0.702404, 0.757145, 0.774314, 0.824831, 0.850221, 0.930843, 0.984248, 0.991008, 0.997154, 1, 

34,762,0.001, 0.0141455, 0.0218816, 0.0456565, 0.0663368, 0.100799, 0.78881, 0.422169, 0.845754, 0.979017, 1, 

44,648,0.001, 0.0141455, 0.0218816, 0.0391854, 0.0928903, 0.129683, 0.15305, 0.161136, 0.234665, 0.262227, 0.262612, 0.288228, 0.29071, 0.387741, 0.387959, 0.439057, 0.841254, 0.951562, 1, 

36,679,0.001, 0.0110509, 0.0203789, 0.0391854, 0.0928903, 0.129683, 0.148351, 0.49513, 0.283865, 1, 

Generation #11
38,650,0.001, 0.0141455, 0.0218816, 0.0456565, 0.126535, 0.100799, 0.164494, 0.397921, 0.422169, 0.783244, 0.803073, 0.930679, 1, 

35,684,0.001, 0.0110509, 0.0261442, 0.0262016, 0.0663368, 0.100799, 0.164494, 0.743122, 0.422169, 0.783244, 1, 

33,778,0.001, 0.0141455, 0.0218816, 0.0456565, 0.126535, 0.15305, 0.15305, 0.161136, 0.783244, 1, 

32,870,0.001, 0.0219461, 0.0261442, 0.0262016, 0.129683, 0.15305, 0.161136, 0.234665, 0.262227, 1, 

52,591,0.001, 0.0110509, 0.0203789, 0.0391854, 0.0928903, 0.129683, 0.223503, 0.360442, 0.365705, 0.345675, 0.773633, 0.346068, 0.390185, 0.443204, 0.455689, 0.522106, 0.55521, 0.604216, 0.702404, 0.757145, 0.774314, 0.824831, 0.850221, 0.930843, 0.984248, 0.991008, 0.997154, 1, 

34,762,0.001, 0.0141455, 0.0218816, 0.0456565, 0.0663368, 0.100799, 0.78881, 0.422169, 0.845754, 0.979017, 1, 

44,648,0.001, 0.0141455, 0.0218816, 0.0391854, 0.0928903, 0.129683, 0.15305, 0.161136, 0.234665, 0.262227, 0.262612, 0.288228, 0.29071, 0.387741, 0.387959, 0.439057, 0.841254, 0.951562, 1, 

36,679,0.001, 0.0110509, 0.0203789, 0.0391854, 0.0928903, 0.129683, 0.148351, 0.49513, 0.283865, 1, 

Generation #12
38,650,0.001, 0.0141455, 0.0218816, 0.0456565, 0.126535, 0.100799, 0.164494, 0.397921, 0.422169, 0.783244, 0.803073, 0.930679, 1, 

35,684,0.001, 0.0110509, 0.0261442, 0.0262016, 0.0663368, 0.100799, 0.164494, 0.743122, 0.422169, 0.783244, 1, 

33,778,0.001, 0.0141455, 0.0218816, 0.0456565, 0.126535, 0.15305, 0.15305, 0.161136, 0.783244, 1, 

32,870,0.001, 0.0219461, 0.0261442, 0.0262016, 0.129683, 0.15305, 0.161136, 0.234665, 0.262227, 1, 

52,591,0.001, 0.0110509, 0.0203789, 0.0391854, 0.0928903, 0.129683, 0.223503, 0.360442, 0.365705, 0.345675, 0.773633, 0.346068, 0.390185, 0.443204, 0.455689, 0.522106, 0.55521, 0.604216, 0.702404, 0.757145, 0.774314, 0.824831, 0.850221, 0.930843, 0.984248, 0.991008, 0.997154, 1, 

44,648,0.001, 0.0141455, 0.0218816, 0.0391854, 0.0928903, 0.129683, 0.15305, 0.161136, 0.234665, 0.262227, 0.262612, 0.288228, 0.29071, 0.387741, 0.387959, 0.439057, 0.841254, 0.951562, 1, 

36,679,0.001, 0.0110509, 0.0203789, 0.0391854, 0.0928903, 0.129683, 0.148351, 0.49513, 0.283865, 1, 

34,715,0.001, 0.0110509, 0.0203789, 0.0391854, 0.126535, 0.171676, 0.223503, 0.234665, 0.422169, 0.783244, 1, 

Generation #13
38,650,0.001, 0.0141455, 0.0218816, 0.0456565, 0.126535, 0.100799, 0.164494, 0.397921, 0.422169, 0.783244, 0.803073, 0.930679, 1, 

35,684,0.001, 0.0110509, 0.0261442, 0.0262016, 0.0663368, 0.100799, 0.164494, 0.743122, 0.422169, 0.783244, 1, 

33,778,0.001, 0.0141455, 0.0218816, 0.0456565, 0.126535, 0.15305, 0.15305, 0.161136, 0.783244, 1, 

32,870,0.001, 0.0219461, 0.0261442, 0.0262016, 0.129683, 0.15305, 0.161136, 0.234665, 0.262227, 1, 

52,591,0.001, 0.0110509, 0.0203789, 0.0391854, 0.0928903, 0.129683, 0.223503, 0.360442, 0.365705, 0.345675, 0.773633, 0.346068, 0.390185, 0.443204, 0.455689, 0.522106, 0.55521, 0.604216, 0.702404, 0.757145, 0.774314, 0.824831, 0.850221, 0.930843, 0.984248, 0.991008, 0.997154, 1, 

44,648,0.001, 0.0141455, 0.0218816, 0.0391854, 0.0928903, 0.129683, 0.15305, 0.161136, 0.234665, 0.262227, 0.262612, 0.288228, 0.29071, 0.387741, 0.387959, 0.439057, 0.841254, 0.951562, 1, 

36,679,0.001, 0.0110509, 0.0203789, 0.0391854, 0.0928903, 0.129683, 0.148351, 0.49513, 0.283865, 1, 

34,715,0.001, 0.0110509, 0.0203789, 0.0391854, 0.126535, 0.171676, 0.223503, 0.234665, 0.422169, 0.783244, 1, 

Generation #14
38,650,0.001, 0.0141455, 0.0218816, 0.0456565, 0.126535, 0.100799, 0.164494, 0.397921, 0.422169, 0.783244, 0.803073, 0.930679, 1, 

35,684,0.001, 0.0110509, 0.0261442, 0.0262016, 0.0663368, 0.100799, 0.164494, 0.743122, 0.422169, 0.783244, 1, 

33,778,0.001, 0.0141455, 0.0218816, 0.0456565, 0.126535, 0.15305, 0.15305, 0.161136, 0.783244, 1, 

32,870,0.001, 0.0219461, 0.0261442, 0.0262016, 0.129683, 0.15305, 0.161136, 0.234665, 0.262227, 1, 

52,591,0.001, 0.0110509, 0.0203789, 0.0391854, 0.0928903, 0.129683, 0.223503, 0.360442, 0.365705, 0.345675, 0.773633, 0.346068, 0.390185, 0.443204, 0.455689, 0.522106, 0.55521, 0.604216, 0.702404, 0.757145, 0.774314, 0.824831, 0.850221, 0.930843, 0.984248, 0.991008, 0.997154, 1, 

44,648,0.001, 0.0141455, 0.0218816, 0.0391854, 0.0928903, 0.129683, 0.15305, 0.161136, 0.234665, 0.262227, 0.262612, 0.288228, 0.29071, 0.387741, 0.387959, 0.439057, 0.841254, 0.951562, 1, 

36,679,0.001, 0.0110509, 0.0203789, 0.0391854, 0.0928903, 0.129683, 0.148351, 0.49513, 0.283865, 1, 

34,699,0.001, 0.0110509, 0.0203789, 0.0391854, 0.126535, 0.171676, 0.223503, 0.161136, 0.783244, 1, 

Generation #15
38,650,0.001, 0.0141455, 0.0218816, 0.0456565, 0.126535, 0.100799, 0.164494, 0.397921, 0.422169, 0.783244, 0.803073, 0.930679, 1, 

33,778,0.001, 0.0141455, 0.0218816, 0.0456565, 0.126535, 0.15305, 0.15305, 0.161136, 0.783244, 1, 

32,870,0.001, 0.0219461, 0.0261442, 0.0262016, 0.129683, 0.15305, 0.161136, 0.234665, 0.262227, 1, 

52,591,0.001, 0.0110509, 0.0203789, 0.0391854, 0.0928903, 0.129683, 0.223503, 0.360442, 0.365705, 0.345675, 0.773633, 0.346068, 0.390185, 0.443204, 0.455689, 0.522106, 0.55521, 0.604216, 0.702404, 0.757145, 0.774314, 0.824831, 0.850221, 0.930843, 0.984248, 0.991008, 0.997154, 1, 

44,648,0.001, 0.0141455, 0.0218816, 0.0391854, 0.0928903, 0.129683, 0.15305, 0.161136, 0.234665, 0.262227, 0.262612, 0.288228, 0.29071, 0.387741, 0.387959, 0.439057, 0.841254, 0.951562, 1, 

36,670,0.001, 0.0141455, 0.0218816, 0.0456565, 0.126535, 0.0287439, 0.171676, 0.33069, 0.444014, 0.453811, 0.886671, 1, 

34,675,0.001, 0.0110509, 0.0203789, 0.0391854, 0.126535, 0.171676, 0.148351, 0.49513, 0.283865, 1, 

Generation #16
33,778,0.001, 0.0141455, 0.0218816, 0.0456565, 0.126535, 0.15305, 0.15305, 0.161136, 0.783244, 1, 

32,870,0.001, 0.0219461, 0.0261442, 0.0262016, 0.129683, 0.15305, 0.161136, 0.234665, 0.262227, 1, 

52,591,0.001, 0.0110509, 0.0203789, 0.0391854, 0.0928903, 0.129683, 0.223503, 0.360442, 0.365705, 0.345675, 0.773633, 0.346068, 0.390185, 0.443204, 0.455689, 0.522106, 0.55521, 0.604216, 0.702404, 0.757145, 0.774314, 0.824831, 0.850221, 0.930843, 0.984248, 0.991008, 0.997154, 1, 

34,675,0.001, 0.0110509, 0.0203789, 0.0391854, 0.126535, 0.171676, 0.148351, 0.49513, 0.283865, 1, 

35,639,0.001, 0.0110509, 0.0261442, 0.0456565, 0.126535, 0.171676, 0.820265, 0.38425, 0.975389, 1, 

Generation #17
32,870,0.001, 0.0219461, 0.0261442, 0.0262016, 0.129683, 0.15305, 0.161136, 0.234665, 0.262227, 1, 

52,591,0.001, 0.0110509, 0.0203789, 0.0391854, 0.0928903, 0.129683, 0.223503, 0.360442, 0.365705, 0.345675, 0.773633, 0.346068, 0.390185, 0.443204, 0.455689, 0.522106, 0.55521, 0.604216, 0.702404, 0.757145, 0.774314, 0.824831, 0.850221, 0.930843, 0.984248, 0.991008, 0.997154, 1, 

34,675,0.001, 0.0110509, 0.0203789, 0.0391854, 0.126535, 0.171676, 0.148351, 0.49513, 0.283865, 1, 

35,639,0.001, 0.0110509, 0.0261442, 0.0456565, 0.126535, 0.171676, 0.820265, 0.38425, 0.975389, 1, 

33,748,0.001, 0.0110509, 0.0203789, 0.0391854, 0.129683, 0.15305, 0.161136, 0.234665, 0.262227, 1, 

Generation #18
32,870,0.001, 0.0219461, 0.0261442, 0.0262016, 0.129683, 0.15305, 0.161136, 0.234665, 0.262227, 1, 

34,675,0.001, 0.0110509, 0.0203789, 0.0391854, 0.126535, 0.171676, 0.148351, 0.49513, 0.283865, 1, 

33,748,0.001, 0.0110509, 0.0203789, 0.0391854, 0.129683, 0.15305, 0.161136, 0.234665, 0.262227, 1, 

35,567,0.001, 0.0110509, 0.0218816, 0.0456565, 0.126535, 0.171676, 0.223503, 0.234665, 0.422169, 0.783244, 1, 

Generation #19
32,870,0.001, 0.0219461, 0.0261442, 0.0262016, 0.129683, 0.15305, 0.161136, 0.234665, 0.262227, 1, 

33,748,0.001, 0.0110509, 0.0203789, 0.0391854, 0.129683, 0.15305, 0.161136, 0.234665, 0.262227, 1, 

35,567,0.001, 0.0110509, 0.0218816, 0.0456565, 0.126535, 0.171676, 0.223503, 0.234665, 0.422169, 0.783244, 1, 

34,672,0.001, 0.0110509, 0.0203789, 0.0391854, 0.0928903, 0.129683, 0.15305, 0.161136, 0.147769, 1, 

Generation #20
32,870,0.001, 0.0219461, 0.0261442, 0.0262016, 0.129683, 0.15305, 0.161136, 0.234665, 0.262227, 1, 

33,748,0.001, 0.0110509, 0.0203789, 0.0391854, 0.129683, 0.15305, 0.161136, 0.234665, 0.262227, 1, 

35,567,0.001, 0.0110509, 0.0218816, 0.0456565, 0.126535, 0.171676, 0.223503, 0.234665, 0.422169, 0.783244, 1, 

34,672,0.001, 0.0110509, 0.0203789, 0.0391854, 0.0928903, 0.129683, 0.15305, 0.161136, 0.147769, 1, 

Generation #21
32,870,0.001, 0.0219461, 0.0261442, 0.0262016, 0.129683, 0.15305, 0.161136, 0.234665, 0.262227, 1, 

35,567,0.001, 0.0110509, 0.0218816, 0.0456565, 0.126535, 0.171676, 0.223503, 0.234665, 0.422169, 0.783244, 1, 

34,580,0.001, 0.0110509, 0.0203789, 0.0391854, 0.0928903, 0.129683, 0.15305, 0.161136, 0.147769, 1, 

33,661,0.001, 0.0110509, 0.0203789, 0.0391854, 0.126535, 0.129683, 0.820265, 0.38425, 0.975389, 1, 

Generation #22
32,870,0.001, 0.0219461, 0.0261442, 0.0262016, 0.129683, 0.15305, 0.161136, 0.234665, 0.262227, 1, 

35,567,0.001, 0.0110509, 0.0218816, 0.0456565, 0.126535, 0.171676, 0.223503, 0.234665, 0.422169, 0.783244, 1, 

34,580,0.001, 0.0110509, 0.0203789, 0.0391854, 0.0928903, 0.129683, 0.15305, 0.161136, 0.147769, 1, 

33,661,0.001, 0.0110509, 0.0203789, 0.0391854, 0.126535, 0.129683, 0.820265, 0.38425, 0.975389, 1, 

Generation #23
32,870,0.001, 0.0219461, 0.0261442, 0.0262016, 0.129683, 0.15305, 0.161136, 0.234665, 0.262227, 1, 

34,580,0.001, 0.0110509, 0.0203789, 0.0391854, 0.0928903, 0.129683, 0.15305, 0.161136, 0.147769, 1, 

33,661,0.001, 0.0110509, 0.0203789, 0.0391854, 0.126535, 0.129683, 0.820265, 0.38425, 0.975389, 1, 

35,548,0.001, 0.0110509, 0.0261442, 0.0262016, 0.0663368, 0.100799, 0.164494, 0.114335, 0.397921, 0.283865, 1, 

Generation #24
34,580,0.001, 0.0110509, 0.0203789, 0.0391854, 0.0928903, 0.129683, 0.15305, 0.161136, 0.147769, 1, 

33,661,0.001, 0.0110509, 0.0203789, 0.0391854, 0.126535, 0.129683, 0.820265, 0.38425, 0.975389, 1, 

35,548,0.001, 0.0110509, 0.0261442, 0.0262016, 0.0663368, 0.100799, 0.164494, 0.114335, 0.397921, 0.283865, 1, 

32,828,0.001, 0.0110509, 0.0218816, 0.0391854, 0.0928903, 0.129683, 0.15305, 0.161136, 0.147769, 1, 

Generation #25
34,580,0.001, 0.0110509, 0.0203789, 0.0391854, 0.0928903, 0.129683, 0.15305, 0.161136, 0.147769, 1, 

33,661,0.001, 0.0110509, 0.0203789, 0.0391854, 0.126535, 0.129683, 0.820265, 0.38425, 0.975389, 1, 

35,548,0.001, 0.0110509, 0.0261442, 0.0262016, 0.0663368, 0.100799, 0.164494, 0.114335, 0.397921, 0.283865, 1, 

32,828,0.001, 0.0110509, 0.0218816, 0.0391854, 0.0928903, 0.129683, 0.15305, 0.161136, 0.147769, 1, 

Generation #26
34,580,0.001, 0.0110509, 0.0203789, 0.0391854, 0.0928903, 0.129683, 0.15305, 0.161136, 0.147769, 1, 

33,661,0.001, 0.0110509, 0.0203789, 0.0391854, 0.126535, 0.129683, 0.820265, 0.38425, 0.975389, 1, 

35,548,0.001, 0.0110509, 0.0261442, 0.0262016, 0.0663368, 0.100799, 0.164494, 0.114335, 0.397921, 0.283865, 1, 

32,828,0.001, 0.0110509, 0.0218816, 0.0391854, 0.0928903, 0.129683, 0.15305, 0.161136, 0.147769, 1, 

38,547,0.001, 0.0110509, 0.0203789, 0.0391854, 0.0663368, 0.100799, 0.164494, 0.422169, 0.845754, 0.979017, 0.886671, 1, 

Generation #27
34,580,0.001, 0.0110509, 0.0203789, 0.0391854, 0.0928903, 0.129683, 0.15305, 0.161136, 0.147769, 1, 

33,661,0.001, 0.0110509, 0.0203789, 0.0391854, 0.126535, 0.129683, 0.820265, 0.38425, 0.975389, 1, 

35,548,0.001, 0.0110509, 0.0261442, 0.0262016, 0.0663368, 0.100799, 0.164494, 0.114335, 0.397921, 0.283865, 1, 

38,547,0.001, 0.0110509, 0.0203789, 0.0391854, 0.0663368, 0.100799, 0.164494, 0.422169, 0.845754, 0.979017, 0.886671, 1, 

32,794,0.001, 0.0110509, 0.0261442, 0.0262016, 0.0663368, 0.100799, 0.114335, 0.397921, 1, 

Generation #28
34,580,0.001, 0.0110509, 0.0203789, 0.0391854, 0.0928903, 0.129683, 0.15305, 0.161136, 0.147769, 1, 

33,661,0.001, 0.0110509, 0.0203789, 0.0391854, 0.126535, 0.129683, 0.820265, 0.38425, 0.975389, 1, 

35,548,0.001, 0.0110509, 0.0261442, 0.0262016, 0.0663368, 0.100799, 0.164494, 0.114335, 0.397921, 0.283865, 1, 

38,547,0.001, 0.0110509, 0.0203789, 0.0391854, 0.0663368, 0.100799, 0.164494, 0.422169, 0.845754, 0.979017, 0.886671, 1, 

32,794,0.001, 0.0110509, 0.0261442, 0.0262016, 0.0663368, 0.100799, 0.114335, 0.397921, 1, 

Generation #29
34,580,0.001, 0.0110509, 0.0203789, 0.0391854, 0.0928903, 0.129683, 0.15305, 0.161136, 0.147769, 1, 

35,548,0.001, 0.0110509, 0.0261442, 0.0262016, 0.0663368, 0.100799, 0.164494, 0.114335, 0.397921, 0.283865, 1, 

38,547,0.001, 0.0110509, 0.0203789, 0.0391854, 0.0663368, 0.100799, 0.164494, 0.422169, 0.845754, 0.979017, 0.886671, 1, 

32,794,0.001, 0.0110509, 0.0261442, 0.0262016, 0.0663368, 0.100799, 0.114335, 0.397921, 1, 

33,599,0.001, 0.0110509, 0.0218816, 0.0391854, 0.0928903, 0.129683, 0.15305, 0.161136, 0.262227, 1, 

Generation #30
34,580,0.001, 0.0110509, 0.0203789, 0.0391854, 0.0928903, 0.129683, 0.15305, 0.161136, 0.147769, 1, 

35,548,0.001, 0.0110509, 0.0261442, 0.0262016, 0.0663368, 0.100799, 0.164494, 0.114335, 0.397921, 0.283865, 1, 

38,547,0.001, 0.0110509, 0.0203789, 0.0391854, 0.0663368, 0.100799, 0.164494, 0.422169, 0.845754, 0.979017, 0.886671, 1, 

33,599,0.001, 0.0110509, 0.0218816, 0.0391854, 0.0928903, 0.129683, 0.15305, 0.161136, 0.262227, 1, 

32,738,0.001, 0.0110509, 0.0261442, 0.0262016, 0.126535, 0.171676, 0.223503, 0.975389, 1, 

31,1318,0.0110509, 0.0203789, 0.0391854, 0.129683, 0.15305, 0.161136, 0.975389, 1, 

Generation #31
34,580,0.001, 0.0110509, 0.0203789, 0.0391854, 0.0928903, 0.129683, 0.15305, 0.161136, 0.147769, 1, 

35,548,0.001, 0.0110509, 0.0261442, 0.0262016, 0.0663368, 0.100799, 0.164494, 0.114335, 0.397921, 0.283865, 1, 

38,547,0.001, 0.0110509, 0.0203789, 0.0391854, 0.0663368, 0.100799, 0.164494, 0.422169, 0.845754, 0.979017, 0.886671, 1, 

33,599,0.001, 0.0110509, 0.0218816, 0.0391854, 0.0928903, 0.129683, 0.15305, 0.161136, 0.262227, 1, 

31,1318,0.0110509, 0.0203789, 0.0391854, 0.129683, 0.15305, 0.161136, 0.975389, 1, 

32,670,0.001, 0.0110509, 0.0261442, 0.0262016, 0.0663368, 0.100799, 0.114335, 0.397921, 1, 

Generation #32
34,580,0.001, 0.0110509, 0.0203789, 0.0391854, 0.0928903, 0.129683, 0.15305, 0.161136, 0.147769, 1, 

35,548,0.001, 0.0110509, 0.0261442, 0.0262016, 0.0663368, 0.100799, 0.164494, 0.114335, 0.397921, 0.283865, 1, 

38,547,0.001, 0.0110509, 0.0203789, 0.0391854, 0.0663368, 0.100799, 0.164494, 0.422169, 0.845754, 0.979017, 0.886671, 1, 

33,599,0.001, 0.0110509, 0.0218816, 0.0391854, 0.0928903, 0.129683, 0.15305, 0.161136, 0.262227, 1, 

31,1318,0.0110509, 0.0203789, 0.0391854, 0.129683, 0.15305, 0.161136, 0.975389, 1, 

32,670,0.001, 0.0110509, 0.0261442, 0.0262016, 0.0663368, 0.100799, 0.114335, 0.397921, 1, 

Generation #33
34,580,0.001, 0.0110509, 0.0203789, 0.0391854, 0.0928903, 0.129683, 0.15305, 0.161136, 0.147769, 1, 

35,548,0.001, 0.0110509, 0.0261442, 0.0262016, 0.0663368, 0.100799, 0.164494, 0.114335, 0.397921, 0.283865, 1, 

33,599,0.001, 0.0110509, 0.0218816, 0.0391854, 0.0928903, 0.129683, 0.15305, 0.161136, 0.262227, 1, 

31,1318,0.0110509, 0.0203789, 0.0391854, 0.129683, 0.15305, 0.161136, 0.975389, 1, 

32,670,0.001, 0.0110509, 0.0261442, 0.0262016, 0.0663368, 0.100799, 0.114335, 0.397921, 1, 

36,541,0.001, 0.0110509, 0.0218816, 0.0262016, 0.129683, 0.15305, 0.161136, 0.234665, 0.262227, 1, 

Generation #34
34,580,0.001, 0.0110509, 0.0203789, 0.0391854, 0.0928903, 0.129683, 0.15305, 0.161136, 0.147769, 1, 

35,548,0.001, 0.0110509, 0.0261442, 0.0262016, 0.0663368, 0.100799, 0.164494, 0.114335, 0.397921, 0.283865, 1, 

33,599,0.001, 0.0110509, 0.0218816, 0.0391854, 0.0928903, 0.129683, 0.15305, 0.161136, 0.262227, 1, 

31,1318,0.0110509, 0.0203789, 0.0391854, 0.129683, 0.15305, 0.161136, 0.975389, 1, 

32,670,0.001, 0.0110509, 0.0261442, 0.0262016, 0.0663368, 0.100799, 0.114335, 0.397921, 1, 

36,541,0.001, 0.0110509, 0.0218816, 0.0262016, 0.129683, 0.15305, 0.161136, 0.234665, 0.262227, 1, 

Generation #35
34,580,0.001, 0.0110509, 0.0203789, 0.0391854, 0.0928903, 0.129683, 0.15305, 0.161136, 0.147769, 1, 

35,548,0.001, 0.0110509, 0.0261442, 0.0262016, 0.0663368, 0.100799, 0.164494, 0.114335, 0.397921, 0.283865, 1, 

33,599,0.001, 0.0110509, 0.0218816, 0.0391854, 0.0928903, 0.129683, 0.15305, 0.161136, 0.262227, 1, 

31,1318,0.0110509, 0.0203789, 0.0391854, 0.129683, 0.15305, 0.161136, 0.975389, 1, 

32,670,0.001, 0.0110509, 0.0261442, 0.0262016, 0.0663368, 0.100799, 0.114335, 0.397921, 1, 

36,541,0.001, 0.0110509, 0.0218816, 0.0262016, 0.129683, 0.15305, 0.161136, 0.234665, 0.262227, 1, 

Generation #36
34,580,0.001, 0.0110509, 0.0203789, 0.0391854, 0.0928903, 0.129683, 0.15305, 0.161136, 0.147769, 1, 

35,548,0.001, 0.0110509, 0.0261442, 0.0262016, 0.0663368, 0.100799, 0.164494, 0.114335, 0.397921, 0.283865, 1, 

33,599,0.001, 0.0110509, 0.0218816, 0.0391854, 0.0928903, 0.129683, 0.15305, 0.161136, 0.262227, 1, 

31,1318,0.0110509, 0.0203789, 0.0391854, 0.129683, 0.15305, 0.161136, 0.975389, 1, 

32,670,0.001, 0.0110509, 0.0261442, 0.0262016, 0.0663368, 0.100799, 0.114335, 0.397921, 1, 

36,541,0.001, 0.0110509, 0.0218816, 0.0262016, 0.129683, 0.15305, 0.161136, 0.234665, 0.262227, 1, 

Generation #37
34,580,0.001, 0.0110509, 0.0203789, 0.0391854, 0.0928903, 0.129683, 0.15305, 0.161136, 0.147769, 1, 

35,548,0.001, 0.0110509, 0.0261442, 0.0262016, 0.0663368, 0.100799, 0.164494, 0.114335, 0.397921, 0.283865, 1, 

33,599,0.001, 0.0110509, 0.0218816, 0.0391854, 0.0928903, 0.129683, 0.15305, 0.161136, 0.262227, 1, 

32,670,0.001, 0.0110509, 0.0261442, 0.0262016, 0.0663368, 0.100799, 0.114335, 0.397921, 1, 

36,541,0.001, 0.0110509, 0.0218816, 0.0262016, 0.129683, 0.15305, 0.161136, 0.234665, 0.262227, 1, 

31,858,0.001, 0.0203789, 0.0391854, 0.0928903, 0.129683, 0.15305, 0.161136, 0.262227, 1, 

Generation #38
34,580,0.001, 0.0110509, 0.0203789, 0.0391854, 0.0928903, 0.129683, 0.15305, 0.161136, 0.147769, 1, 

35,548,0.001, 0.0110509, 0.0261442, 0.0262016, 0.0663368, 0.100799, 0.164494, 0.114335, 0.397921, 0.283865, 1, 

33,599,0.001, 0.0110509, 0.0218816, 0.0391854, 0.0928903, 0.129683, 0.15305, 0.161136, 0.262227, 1, 

32,670,0.001, 0.0110509, 0.0261442, 0.0262016, 0.0663368, 0.100799, 0.114335, 0.397921, 1, 

36,541,0.001, 0.0110509, 0.0218816, 0.0262016, 0.129683, 0.15305, 0.161136, 0.234665, 0.262227, 1, 

31,858,0.001, 0.0203789, 0.0391854, 0.0928903, 0.129683, 0.15305, 0.161136, 0.262227, 1, 

Generation #39
34,580,0.001, 0.0110509, 0.0203789, 0.0391854, 0.0928903, 0.129683, 0.15305, 0.161136, 0.147769, 1, 

35,548,0.001, 0.0110509, 0.0261442, 0.0262016, 0.0663368, 0.100799, 0.164494, 0.114335, 0.397921, 0.283865, 1, 

33,599,0.001, 0.0110509, 0.0218816, 0.0391854, 0.0928903, 0.129683, 0.15305, 0.161136, 0.262227, 1, 

32,670,0.001, 0.0110509, 0.0261442, 0.0262016, 0.0663368, 0.100799, 0.114335, 0.397921, 1, 

36,541,0.001, 0.0110509, 0.0218816, 0.0262016, 0.129683, 0.15305, 0.161136, 0.234665, 0.262227, 1, 

31,858,0.001, 0.0203789, 0.0391854, 0.0928903, 0.129683, 0.15305, 0.161136, 0.262227, 1, 

Generation #40
34,580,0.001, 0.0110509, 0.0203789, 0.0391854, 0.0928903, 0.129683, 0.15305, 0.161136, 0.147769, 1, 

35,548,0.001, 0.0110509, 0.0261442, 0.0262016, 0.0663368, 0.100799, 0.164494, 0.114335, 0.397921, 0.283865, 1, 

33,599,0.001, 0.0110509, 0.0218816, 0.0391854, 0.0928903, 0.129683, 0.15305, 0.161136, 0.262227, 1, 

32,670,0.001, 0.0110509, 0.0261442, 0.0262016, 0.0663368, 0.100799, 0.114335, 0.397921, 1, 

36,541,0.001, 0.0110509, 0.0218816, 0.0262016, 0.129683, 0.15305, 0.161136, 0.234665, 0.262227, 1, 

30,786,0.001, 0.0110509, 0.0261442, 0.0262016, 0.0663368, 0.15305, 0.161136, 0.234665, 0.262227, 1, 

Generation #41
34,580,0.001, 0.0110509, 0.0203789, 0.0391854, 0.0928903, 0.129683, 0.15305, 0.161136, 0.147769, 1, 

35,548,0.001, 0.0110509, 0.0261442, 0.0262016, 0.0663368, 0.100799, 0.164494, 0.114335, 0.397921, 0.283865, 1, 

33,599,0.001, 0.0110509, 0.0218816, 0.0391854, 0.0928903, 0.129683, 0.15305, 0.161136, 0.262227, 1, 

32,670,0.001, 0.0110509, 0.0261442, 0.0262016, 0.0663368, 0.100799, 0.114335, 0.397921, 1, 

36,541,0.001, 0.0110509, 0.0218816, 0.0262016, 0.129683, 0.15305, 0.161136, 0.234665, 0.262227, 1, 

30,786,0.001, 0.0110509, 0.0261442, 0.0262016, 0.0663368, 0.15305, 0.161136, 0.234665, 0.262227, 1, 

31,717,0.001, 0.0110509, 0.0110509, 0.0203789, 0.0391854, 0.171676, 0.15305, 0.161136, 0.783244, 1, 

Generation #42
34,580,0.001, 0.0110509, 0.0203789, 0.0391854, 0.0928903, 0.129683, 0.15305, 0.161136, 0.147769, 1, 

35,548,0.001, 0.0110509, 0.0261442, 0.0262016, 0.0663368, 0.100799, 0.164494, 0.114335, 0.397921, 0.283865, 1, 

32,670,0.001, 0.0110509, 0.0261442, 0.0262016, 0.0663368, 0.100799, 0.114335, 0.397921, 1, 

36,541,0.001, 0.0110509, 0.0218816, 0.0262016, 0.129683, 0.15305, 0.161136, 0.234665, 0.262227, 1, 

30,786,0.001, 0.0110509, 0.0261442, 0.0262016, 0.0663368, 0.15305, 0.161136, 0.234665, 0.262227, 1, 

31,717,0.001, 0.0110509, 0.0110509, 0.0203789, 0.0391854, 0.171676, 0.15305, 0.161136, 0.783244, 1, 

33,581,0.000168734, 0.001, 0.0110509, 0.0203789, 0.0391854, 0.0928903, 0.129683, 0.234665, 0.362373, 1, 

Generation #43
34,580,0.001, 0.0110509, 0.0203789, 0.0391854, 0.0928903, 0.129683, 0.15305, 0.161136, 0.147769, 1, 

32,670,0.001, 0.0110509, 0.0261442, 0.0262016, 0.0663368, 0.100799, 0.114335, 0.397921, 1, 

30,786,0.001, 0.0110509, 0.0261442, 0.0262016, 0.0663368, 0.15305, 0.161136, 0.234665, 0.262227, 1, 

31,717,0.001, 0.0110509, 0.0110509, 0.0203789, 0.0391854, 0.171676, 0.15305, 0.161136, 0.783244, 1, 

33,581,0.000168734, 0.001, 0.0110509, 0.0203789, 0.0391854, 0.0928903, 0.129683, 0.234665, 0.362373, 1, 

35,530,0.000168734, 0.001, 0.0110509, 0.0203789, 0.0391854, 0.0928903, 0.129683, 0.234665, 0.262227, 1, 

Generation #44
34,580,0.001, 0.0110509, 0.0203789, 0.0391854, 0.0928903, 0.129683, 0.15305, 0.161136, 0.147769, 1, 

32,670,0.001, 0.0110509, 0.0261442, 0.0262016, 0.0663368, 0.100799, 0.114335, 0.397921, 1, 

30,786,0.001, 0.0110509, 0.0261442, 0.0262016, 0.0663368, 0.15305, 0.161136, 0.234665, 0.262227, 1, 

33,581,0.000168734, 0.001, 0.0110509, 0.0203789, 0.0391854, 0.0928903, 0.129683, 0.234665, 0.362373, 1, 

35,530,0.000168734, 0.001, 0.0110509, 0.0203789, 0.0391854, 0.0928903, 0.129683, 0.234665, 0.262227, 1, 

31,705,0.000168734, 0.001, 0.0110509, 0.0203789, 0.0391854, 0.0928903, 0.262227, 1, 

Generation #45
34,580,0.001, 0.0110509, 0.0203789, 0.0391854, 0.0928903, 0.129683, 0.15305, 0.161136, 0.147769, 1, 

32,670,0.001, 0.0110509, 0.0261442, 0.0262016, 0.0663368, 0.100799, 0.114335, 0.397921, 1, 

30,786,0.001, 0.0110509, 0.0261442, 0.0262016, 0.0663368, 0.15305, 0.161136, 0.234665, 0.262227, 1, 

33,581,0.000168734, 0.001, 0.0110509, 0.0203789, 0.0391854, 0.0928903, 0.129683, 0.234665, 0.362373, 1, 

35,530,0.000168734, 0.001, 0.0110509, 0.0203789, 0.0391854, 0.0928903, 0.129683, 0.234665, 0.262227, 1, 

31,705,0.000168734, 0.001, 0.0110509, 0.0203789, 0.0391854, 0.0928903, 0.262227, 1, 

Generation #46
34,580,0.001, 0.0110509, 0.0203789, 0.0391854, 0.0928903, 0.129683, 0.15305, 0.161136, 0.147769, 1, 

32,670,0.001, 0.0110509, 0.0261442, 0.0262016, 0.0663368, 0.100799, 0.114335, 0.397921, 1, 

30,786,0.001, 0.0110509, 0.0261442, 0.0262016, 0.0663368, 0.15305, 0.161136, 0.234665, 0.262227, 1, 

33,581,0.000168734, 0.001, 0.0110509, 0.0203789, 0.0391854, 0.0928903, 0.129683, 0.234665, 0.362373, 1, 

35,530,0.000168734, 0.001, 0.0110509, 0.0203789, 0.0391854, 0.0928903, 0.129683, 0.234665, 0.262227, 1, 

31,705,0.000168734, 0.001, 0.0110509, 0.0203789, 0.0391854, 0.0928903, 0.262227, 1, 

Generation #47
34,580,0.001, 0.0110509, 0.0203789, 0.0391854, 0.0928903, 0.129683, 0.15305, 0.161136, 0.147769, 1, 

32,670,0.001, 0.0110509, 0.0261442, 0.0262016, 0.0663368, 0.100799, 0.114335, 0.397921, 1, 

30,786,0.001, 0.0110509, 0.0261442, 0.0262016, 0.0663368, 0.15305, 0.161136, 0.234665, 0.262227, 1, 

33,581,0.000168734, 0.001, 0.0110509, 0.0203789, 0.0391854, 0.0928903, 0.129683, 0.234665, 0.362373, 1, 

35,530,0.000168734, 0.001, 0.0110509, 0.0203789, 0.0391854, 0.0928903, 0.129683, 0.234665, 0.262227, 1, 

31,705,0.000168734, 0.001, 0.0110509, 0.0203789, 0.0391854, 0.0928903, 0.262227, 1, 

Generation #48
34,580,0.001, 0.0110509, 0.0203789, 0.0391854, 0.0928903, 0.129683, 0.15305, 0.161136, 0.147769, 1, 

32,670,0.001, 0.0110509, 0.0261442, 0.0262016, 0.0663368, 0.100799, 0.114335, 0.397921, 1, 

30,786,0.001, 0.0110509, 0.0261442, 0.0262016, 0.0663368, 0.15305, 0.161136, 0.234665, 0.262227, 1, 

33,581,0.000168734, 0.001, 0.0110509, 0.0203789, 0.0391854, 0.0928903, 0.129683, 0.234665, 0.362373, 1, 

35,530,0.000168734, 0.001, 0.0110509, 0.0203789, 0.0391854, 0.0928903, 0.129683, 0.234665, 0.262227, 1, 

31,705,0.000168734, 0.001, 0.0110509, 0.0203789, 0.0391854, 0.0928903, 0.262227, 1, 
