------------d=1, t=2, lambda=1, filename=./evaluation/Flex/Flex_2_1.csv------------
Computing partitioned counts of d-sets...
Ready to look at pairs based on partitioned counts...
First Stage N=26, Time=6
There are 1278 remaining non-locating pairs
--- Running GA Algorithm (phase2) ---
Running GA with std::execution::par
Generation #0
31,431,0.001, 0.139605, 0.219523, 0.33745, 0.371203, 0.465486, 0.467519, 0.710549, 0.845754, 0.979017, 1, 

38,282,0.001, 0.0930755, 0.117456, 0.246838, 0.266876, 0.268594, 0.459387, 0.461979, 0.480012, 0.650595, 0.662716, 0.705202, 0.789084, 1, 

41,138,0.001, 0.0219461, 0.0261442, 0.0262016, 0.0663368, 0.100799, 0.164494, 0.217953, 0.230267, 0.239707, 0.475426, 0.477239, 0.511489, 0.606937, 0.610299, 0.685118, 0.749872, 0.761045, 0.79815, 0.843834, 0.85952, 0.956795, 1, 

30,442,0.001, 0.114574, 0.207754, 0.488192, 0.608378, 0.656133, 0.80047, 0.927298, 0.950905, 0.999048, 1, 

34,316,0.001, 0.0498482, 0.216652, 0.249468, 0.280081, 0.356849, 0.456092, 0.578588, 0.814896, 0.815772, 0.872318, 0.886671, 0.887786, 1, 

36,288,0.001, 0.0485364, 0.0638381, 0.103473, 0.112512, 0.157387, 0.207509, 0.233497, 0.34024, 0.425078, 0.623749, 0.642961, 0.77327, 0.821051, 0.86027, 0.97724, 1, 

33,391,0.001, 0.0913149, 0.0944587, 0.224379, 0.371329, 0.372239, 0.376172, 0.471627, 0.496676, 0.646755, 0.764687, 0.803333, 0.833078, 0.955158, 1, 

Generation #1
31,431,0.001, 0.139605, 0.219523, 0.33745, 0.371203, 0.465486, 0.467519, 0.710549, 0.845754, 0.979017, 1, 

30,442,0.001, 0.114574, 0.207754, 0.488192, 0.608378, 0.656133, 0.80047, 0.927298, 0.950905, 0.999048, 1, 

41,98,0.001, 0.016831, 0.0528152, 0.0980615, 0.106911, 0.119235, 0.150345, 0.17776, 0.247358, 0.299091, 0.400537, 0.470213, 0.492376, 0.576229, 0.613618, 0.67643, 0.75629, 0.776041, 0.831382, 0.839098, 0.844438, 0.957415, 0.416333, 1, 

33,165,0.001, 0.0691965, 0.0903244, 0.091733, 0.181093, 0.206716, 0.275426, 0.905804, 0.913058, 0.939807, 1, 

36,99,0.001, 0.0219461, 0.0261442, 0.0262016, 0.0663368, 0.100799, 0.164494, 0.217953, 0.230267, 0.239707, 0.597118, 0.737906, 0.884534, 0.917956, 0.993539, 1, 

32,248,0.001, 0.105896, 0.122689, 0.199856, 0.371646, 0.434784, 0.519215, 0.553258, 0.913058, 0.939807, 1, 

Generation #2
41,98,0.001, 0.016831, 0.0528152, 0.0980615, 0.106911, 0.119235, 0.150345, 0.17776, 0.247358, 0.299091, 0.400537, 0.470213, 0.492376, 0.576229, 0.613618, 0.67643, 0.75629, 0.776041, 0.831382, 0.839098, 0.844438, 0.957415, 0.416333, 1, 

36,99,0.001, 0.0219461, 0.0261442, 0.0262016, 0.0663368, 0.100799, 0.164494, 0.217953, 0.230267, 0.239707, 0.597118, 0.737906, 0.884534, 0.917956, 0.993539, 1, 

30,169,0.001, 0.016831, 0.0528152, 0.0980615, 0.106911, 0.206716, 0.275426, 0.905804, 0.913058, 0.939807, 1, 

29,192,0.001, 0.0691965, 0.0903244, 0.091733, 0.181093, 0.206716, 0.275426, 0.913058, 0.939807, 1, 

31,105,0.001, 0.0234395, 0.0390873, 0.0460126, 0.10239, 0.111185, 0.134715, 0.142228, 0.147769, 0.164878, 0.00640803, 0.226503, 0.233886, 0.857405, 1, 

Generation #3
41,98,0.001, 0.016831, 0.0528152, 0.0980615, 0.106911, 0.119235, 0.150345, 0.17776, 0.247358, 0.299091, 0.400537, 0.470213, 0.492376, 0.576229, 0.613618, 0.67643, 0.75629, 0.776041, 0.831382, 0.839098, 0.844438, 0.957415, 0.416333, 1, 

36,99,0.001, 0.0219461, 0.0261442, 0.0262016, 0.0663368, 0.100799, 0.164494, 0.217953, 0.230267, 0.239707, 0.597118, 0.737906, 0.884534, 0.917956, 0.993539, 1, 

29,192,0.001, 0.0691965, 0.0903244, 0.091733, 0.181093, 0.206716, 0.275426, 0.913058, 0.939807, 1, 

31,105,0.001, 0.0234395, 0.0390873, 0.0460126, 0.10239, 0.111185, 0.134715, 0.142228, 0.147769, 0.164878, 0.00640803, 0.226503, 0.233886, 0.857405, 1, 

30,146,0.001, 0.0110509, 0.037516, 0.040253, 0.075425, 0.153692, 0.238494, 0.376522, 0.939807, 1, 

Generation #4
41,98,0.001, 0.016831, 0.0528152, 0.0980615, 0.106911, 0.119235, 0.150345, 0.17776, 0.247358, 0.299091, 0.400537, 0.470213, 0.492376, 0.576229, 0.613618, 0.67643, 0.75629, 0.776041, 0.831382, 0.839098, 0.844438, 0.957415, 0.416333, 1, 

36,99,0.001, 0.0219461, 0.0261442, 0.0262016, 0.0663368, 0.100799, 0.164494, 0.217953, 0.230267, 0.239707, 0.597118, 0.737906, 0.884534, 0.917956, 0.993539, 1, 

31,105,0.001, 0.0234395, 0.0390873, 0.0460126, 0.10239, 0.111185, 0.134715, 0.142228, 0.147769, 0.164878, 0.00640803, 0.226503, 0.233886, 0.857405, 1, 

29,136,0.001, 0.0234395, 0.0390873, 0.0110369, 0.0460126, 0.10239, 0.119235, 0.905804, 0.913058, 0.939807, 1, 

33,100,0.001, 0.0234395, 0.0390873, 0.0110369, 0.0460126, 0.10239, 0.119235, 0.419063, 0.404308, 0.419595, 0.872318, 0.886671, 0.887786, 1, 

Generation #5
29,136,0.001, 0.0234395, 0.0390873, 0.0110369, 0.0460126, 0.10239, 0.119235, 0.905804, 0.913058, 0.939807, 1, 

31,92,0.0219461, 0.0261442, 0.0262016, 0.0663368, 0.100799, 0.164494, 0.217953, 0.301448, 0.330416, 0.408317, 0.413537, 0.600954, 0.730174, 0.857405, 1, 

49,91,0.001, 0.0211516, 0.0392133, 0.0765168, 0.075425, 0.14546, 0.153692, 0.211271, 0.22996, 0.248763, 0.304855, 0.31975, 0.359774, 0.379474, 0.432226, 0.493915, 0.513683, 0.525324, 0.565476, 0.629407, 0.723999, 0.748353, 0.765408, 0.783513, 0.786685, 0.826215, 0.826464, 0.845842, 0.972216, 0.993531, 1, 

Generation #6
41,86,0.001, 0.016831, 0.0528152, 0.0980615, 0.106911, 0.119235, 0.150345, 0.17776, 0.247358, 0.299091, 0.400537, 0.470213, 0.492376, 0.576229, 0.613618, 0.67643, 0.75629, 0.776041, 0.831382, 0.839098, 0.844438, 0.957415, 0.416333, 1, 

47,78,0.001, 0.016831, 0.0528152, 0.0980615, 0.106911, 0.119235, 0.150345, 0.17776, 0.22996, 0.248763, 0.304855, 0.31975, 0.359774, 0.379474, 0.432226, 0.493915, 0.513683, 0.525324, 0.565476, 0.629407, 0.723999, 0.748353, 0.765408, 0.783513, 0.786685, 0.826215, 0.826464, 0.845842, 0.972216, 0.993531, 1, 

28,87,0.001, 0.0234395, 0.0390873, 0.0110369, 0.0460126, 0.10239, 0.119235, 0.419063, 0.404308, 0.419595, 0.872318, 0.886671, 0.887786, 1, 

Generation #7
41,86,0.001, 0.016831, 0.0528152, 0.0980615, 0.106911, 0.119235, 0.150345, 0.17776, 0.247358, 0.299091, 0.400537, 0.470213, 0.492376, 0.576229, 0.613618, 0.67643, 0.75629, 0.776041, 0.831382, 0.839098, 0.844438, 0.957415, 0.416333, 1, 

47,78,0.001, 0.016831, 0.0528152, 0.0980615, 0.106911, 0.119235, 0.150345, 0.17776, 0.22996, 0.248763, 0.304855, 0.31975, 0.359774, 0.379474, 0.432226, 0.493915, 0.513683, 0.525324, 0.565476, 0.629407, 0.723999, 0.748353, 0.765408, 0.783513, 0.786685, 0.826215, 0.826464, 0.845842, 0.972216, 0.993531, 1, 

28,87,0.001, 0.0234395, 0.0390873, 0.0110369, 0.0460126, 0.10239, 0.119235, 0.419063, 0.404308, 0.419595, 0.872318, 0.886671, 0.887786, 1, 

Generation #8
41,86,0.001, 0.016831, 0.0528152, 0.0980615, 0.106911, 0.119235, 0.150345, 0.17776, 0.247358, 0.299091, 0.400537, 0.470213, 0.492376, 0.576229, 0.613618, 0.67643, 0.75629, 0.776041, 0.831382, 0.839098, 0.844438, 0.957415, 0.416333, 1, 

47,78,0.001, 0.016831, 0.0528152, 0.0980615, 0.106911, 0.119235, 0.150345, 0.17776, 0.22996, 0.248763, 0.304855, 0.31975, 0.359774, 0.379474, 0.432226, 0.493915, 0.513683, 0.525324, 0.565476, 0.629407, 0.723999, 0.748353, 0.765408, 0.783513, 0.786685, 0.826215, 0.826464, 0.845842, 0.972216, 0.993531, 1, 

28,87,0.001, 0.0234395, 0.0390873, 0.0110369, 0.0460126, 0.10239, 0.119235, 0.419063, 0.404308, 0.419595, 0.872318, 0.886671, 0.887786, 1, 

26,187,0.001, 0.016831, 0.0390873, 0.040253, 0.075425, 0.153692, 0.238494, 0.376522, 0.428347, 1, 

Generation #9
41,86,0.001, 0.016831, 0.0528152, 0.0980615, 0.106911, 0.119235, 0.150345, 0.17776, 0.247358, 0.299091, 0.400537, 0.470213, 0.492376, 0.576229, 0.613618, 0.67643, 0.75629, 0.776041, 0.831382, 0.839098, 0.844438, 0.957415, 0.416333, 1, 

47,78,0.001, 0.016831, 0.0528152, 0.0980615, 0.106911, 0.119235, 0.150345, 0.17776, 0.22996, 0.248763, 0.304855, 0.31975, 0.359774, 0.379474, 0.432226, 0.493915, 0.513683, 0.525324, 0.565476, 0.629407, 0.723999, 0.748353, 0.765408, 0.783513, 0.786685, 0.826215, 0.826464, 0.845842, 0.972216, 0.993531, 1, 

28,87,0.001, 0.0234395, 0.0390873, 0.0110369, 0.0460126, 0.10239, 0.119235, 0.419063, 0.404308, 0.419595, 0.872318, 0.886671, 0.887786, 1, 

26,187,0.001, 0.016831, 0.0390873, 0.040253, 0.075425, 0.153692, 0.238494, 0.376522, 0.428347, 1, 

Generation #10
41,86,0.001, 0.016831, 0.0528152, 0.0980615, 0.106911, 0.119235, 0.150345, 0.17776, 0.247358, 0.299091, 0.400537, 0.470213, 0.492376, 0.576229, 0.613618, 0.67643, 0.75629, 0.776041, 0.831382, 0.839098, 0.844438, 0.957415, 0.416333, 1, 

47,78,0.001, 0.016831, 0.0528152, 0.0980615, 0.106911, 0.119235, 0.150345, 0.17776, 0.22996, 0.248763, 0.304855, 0.31975, 0.359774, 0.379474, 0.432226, 0.493915, 0.513683, 0.525324, 0.565476, 0.629407, 0.723999, 0.748353, 0.765408, 0.783513, 0.786685, 0.826215, 0.826464, 0.845842, 0.972216, 0.993531, 1, 

28,87,0.001, 0.0234395, 0.0390873, 0.0110369, 0.0460126, 0.10239, 0.119235, 0.419063, 0.404308, 0.419595, 0.872318, 0.886671, 0.887786, 1, 

26,187,0.001, 0.016831, 0.0390873, 0.040253, 0.075425, 0.153692, 0.238494, 0.376522, 0.428347, 1, 

Generation #11
41,86,0.001, 0.016831, 0.0528152, 0.0980615, 0.106911, 0.119235, 0.150345, 0.17776, 0.247358, 0.299091, 0.400537, 0.470213, 0.492376, 0.576229, 0.613618, 0.67643, 0.75629, 0.776041, 0.831382, 0.839098, 0.844438, 0.957415, 0.416333, 1, 

47,78,0.001, 0.016831, 0.0528152, 0.0980615, 0.106911, 0.119235, 0.150345, 0.17776, 0.22996, 0.248763, 0.304855, 0.31975, 0.359774, 0.379474, 0.432226, 0.493915, 0.513683, 0.525324, 0.565476, 0.629407, 0.723999, 0.748353, 0.765408, 0.783513, 0.786685, 0.826215, 0.826464, 0.845842, 0.972216, 0.993531, 1, 

28,87,0.001, 0.0234395, 0.0390873, 0.0110369, 0.0460126, 0.10239, 0.119235, 0.419063, 0.404308, 0.419595, 0.872318, 0.886671, 0.887786, 1, 

26,187,0.001, 0.016831, 0.0390873, 0.040253, 0.075425, 0.153692, 0.238494, 0.376522, 0.428347, 1, 

Generation #12
41,86,0.001, 0.016831, 0.0528152, 0.0980615, 0.106911, 0.119235, 0.150345, 0.17776, 0.247358, 0.299091, 0.400537, 0.470213, 0.492376, 0.576229, 0.613618, 0.67643, 0.75629, 0.776041, 0.831382, 0.839098, 0.844438, 0.957415, 0.416333, 1, 

47,78,0.001, 0.016831, 0.0528152, 0.0980615, 0.106911, 0.119235, 0.150345, 0.17776, 0.22996, 0.248763, 0.304855, 0.31975, 0.359774, 0.379474, 0.432226, 0.493915, 0.513683, 0.525324, 0.565476, 0.629407, 0.723999, 0.748353, 0.765408, 0.783513, 0.786685, 0.826215, 0.826464, 0.845842, 0.972216, 0.993531, 1, 

28,87,0.001, 0.0234395, 0.0390873, 0.0110369, 0.0460126, 0.10239, 0.119235, 0.419063, 0.404308, 0.419595, 0.872318, 0.886671, 0.887786, 1, 

26,187,0.001, 0.016831, 0.0390873, 0.040253, 0.075425, 0.153692, 0.238494, 0.376522, 0.428347, 1, 

Generation #13
41,86,0.001, 0.016831, 0.0528152, 0.0980615, 0.106911, 0.119235, 0.150345, 0.17776, 0.247358, 0.299091, 0.400537, 0.470213, 0.492376, 0.576229, 0.613618, 0.67643, 0.75629, 0.776041, 0.831382, 0.839098, 0.844438, 0.957415, 0.416333, 1, 

47,78,0.001, 0.016831, 0.0528152, 0.0980615, 0.106911, 0.119235, 0.150345, 0.17776, 0.22996, 0.248763, 0.304855, 0.31975, 0.359774, 0.379474, 0.432226, 0.493915, 0.513683, 0.525324, 0.565476, 0.629407, 0.723999, 0.748353, 0.765408, 0.783513, 0.786685, 0.826215, 0.826464, 0.845842, 0.972216, 0.993531, 1, 

28,87,0.001, 0.0234395, 0.0390873, 0.0110369, 0.0460126, 0.10239, 0.119235, 0.419063, 0.404308, 0.419595, 0.872318, 0.886671, 0.887786, 1, 

26,187,0.001, 0.016831, 0.0390873, 0.040253, 0.075425, 0.153692, 0.238494, 0.376522, 0.428347, 1, 

Generation #14
41,86,0.001, 0.016831, 0.0528152, 0.0980615, 0.106911, 0.119235, 0.150345, 0.17776, 0.247358, 0.299091, 0.400537, 0.470213, 0.492376, 0.576229, 0.613618, 0.67643, 0.75629, 0.776041, 0.831382, 0.839098, 0.844438, 0.957415, 0.416333, 1, 

47,78,0.001, 0.016831, 0.0528152, 0.0980615, 0.106911, 0.119235, 0.150345, 0.17776, 0.22996, 0.248763, 0.304855, 0.31975, 0.359774, 0.379474, 0.432226, 0.493915, 0.513683, 0.525324, 0.565476, 0.629407, 0.723999, 0.748353, 0.765408, 0.783513, 0.786685, 0.826215, 0.826464, 0.845842, 0.972216, 0.993531, 1, 

28,87,0.001, 0.0234395, 0.0390873, 0.0110369, 0.0460126, 0.10239, 0.119235, 0.419063, 0.404308, 0.419595, 0.872318, 0.886671, 0.887786, 1, 

26,187,0.001, 0.016831, 0.0390873, 0.040253, 0.075425, 0.153692, 0.238494, 0.376522, 0.428347, 1, 

Generation #15
41,86,0.001, 0.016831, 0.0528152, 0.0980615, 0.106911, 0.119235, 0.150345, 0.17776, 0.247358, 0.299091, 0.400537, 0.470213, 0.492376, 0.576229, 0.613618, 0.67643, 0.75629, 0.776041, 0.831382, 0.839098, 0.844438, 0.957415, 0.416333, 1, 

47,78,0.001, 0.016831, 0.0528152, 0.0980615, 0.106911, 0.119235, 0.150345, 0.17776, 0.22996, 0.248763, 0.304855, 0.31975, 0.359774, 0.379474, 0.432226, 0.493915, 0.513683, 0.525324, 0.565476, 0.629407, 0.723999, 0.748353, 0.765408, 0.783513, 0.786685, 0.826215, 0.826464, 0.845842, 0.972216, 0.993531, 1, 

28,87,0.001, 0.0234395, 0.0390873, 0.0110369, 0.0460126, 0.10239, 0.119235, 0.419063, 0.404308, 0.419595, 0.872318, 0.886671, 0.887786, 1, 

26,187,0.001, 0.016831, 0.0390873, 0.040253, 0.075425, 0.153692, 0.238494, 0.376522, 0.428347, 1, 

43,81,0.001, 0.0234395, 0.0390873, 0.0262016, 0.0663368, 0.100799, 0.164494, 0.217953, 0.230267, 0.239707, 0.508834, 0.642512, 0.492376, 0.576229, 0.613618, 0.67643, 0.75629, 0.776041, 0.831382, 0.839098, 0.844438, 0.957415, 0.416333, 1, 

Generation #16
41,86,0.001, 0.016831, 0.0528152, 0.0980615, 0.106911, 0.119235, 0.150345, 0.17776, 0.247358, 0.299091, 0.400537, 0.470213, 0.492376, 0.576229, 0.613618, 0.67643, 0.75629, 0.776041, 0.831382, 0.839098, 0.844438, 0.957415, 0.416333, 1, 

47,78,0.001, 0.016831, 0.0528152, 0.0980615, 0.106911, 0.119235, 0.150345, 0.17776, 0.22996, 0.248763, 0.304855, 0.31975, 0.359774, 0.379474, 0.432226, 0.493915, 0.513683, 0.525324, 0.565476, 0.629407, 0.723999, 0.748353, 0.765408, 0.783513, 0.786685, 0.826215, 0.826464, 0.845842, 0.972216, 0.993531, 1, 

28,87,0.001, 0.0234395, 0.0390873, 0.0110369, 0.0460126, 0.10239, 0.119235, 0.419063, 0.404308, 0.419595, 0.872318, 0.886671, 0.887786, 1, 

26,187,0.001, 0.016831, 0.0390873, 0.040253, 0.075425, 0.153692, 0.238494, 0.376522, 0.428347, 1, 

43,81,0.001, 0.0234395, 0.0390873, 0.0262016, 0.0663368, 0.100799, 0.164494, 0.217953, 0.230267, 0.239707, 0.508834, 0.642512, 0.492376, 0.576229, 0.613618, 0.67643, 0.75629, 0.776041, 0.831382, 0.839098, 0.844438, 0.957415, 0.416333, 1, 

Generation #17
41,86,0.001, 0.016831, 0.0528152, 0.0980615, 0.106911, 0.119235, 0.150345, 0.17776, 0.247358, 0.299091, 0.400537, 0.470213, 0.492376, 0.576229, 0.613618, 0.67643, 0.75629, 0.776041, 0.831382, 0.839098, 0.844438, 0.957415, 0.416333, 1, 

47,78,0.001, 0.016831, 0.0528152, 0.0980615, 0.106911, 0.119235, 0.150345, 0.17776, 0.22996, 0.248763, 0.304855, 0.31975, 0.359774, 0.379474, 0.432226, 0.493915, 0.513683, 0.525324, 0.565476, 0.629407, 0.723999, 0.748353, 0.765408, 0.783513, 0.786685, 0.826215, 0.826464, 0.845842, 0.972216, 0.993531, 1, 

28,87,0.001, 0.0234395, 0.0390873, 0.0110369, 0.0460126, 0.10239, 0.119235, 0.419063, 0.404308, 0.419595, 0.872318, 0.886671, 0.887786, 1, 

26,187,0.001, 0.016831, 0.0390873, 0.040253, 0.075425, 0.153692, 0.238494, 0.376522, 0.428347, 1, 

43,81,0.001, 0.0234395, 0.0390873, 0.0262016, 0.0663368, 0.100799, 0.164494, 0.217953, 0.230267, 0.239707, 0.508834, 0.642512, 0.492376, 0.576229, 0.613618, 0.67643, 0.75629, 0.776041, 0.831382, 0.839098, 0.844438, 0.957415, 0.416333, 1, 

27,102,0.001, 0.016831, 0.0528152, 0.0980615, 0.106911, 0.119235, 0.150345, 0.17776, 0.939807, 1, 

Generation #18
41,86,0.001, 0.016831, 0.0528152, 0.0980615, 0.106911, 0.119235, 0.150345, 0.17776, 0.247358, 0.299091, 0.400537, 0.470213, 0.492376, 0.576229, 0.613618, 0.67643, 0.75629, 0.776041, 0.831382, 0.839098, 0.844438, 0.957415, 0.416333, 1, 

47,78,0.001, 0.016831, 0.0528152, 0.0980615, 0.106911, 0.119235, 0.150345, 0.17776, 0.22996, 0.248763, 0.304855, 0.31975, 0.359774, 0.379474, 0.432226, 0.493915, 0.513683, 0.525324, 0.565476, 0.629407, 0.723999, 0.748353, 0.765408, 0.783513, 0.786685, 0.826215, 0.826464, 0.845842, 0.972216, 0.993531, 1, 

28,87,0.001, 0.0234395, 0.0390873, 0.0110369, 0.0460126, 0.10239, 0.119235, 0.419063, 0.404308, 0.419595, 0.872318, 0.886671, 0.887786, 1, 

26,187,0.001, 0.016831, 0.0390873, 0.040253, 0.075425, 0.153692, 0.238494, 0.376522, 0.428347, 1, 

43,81,0.001, 0.0234395, 0.0390873, 0.0262016, 0.0663368, 0.100799, 0.164494, 0.217953, 0.230267, 0.239707, 0.508834, 0.642512, 0.492376, 0.576229, 0.613618, 0.67643, 0.75629, 0.776041, 0.831382, 0.839098, 0.844438, 0.957415, 0.416333, 1, 

27,102,0.001, 0.016831, 0.0528152, 0.0980615, 0.106911, 0.119235, 0.150345, 0.17776, 0.939807, 1, 

Generation #19
41,86,0.001, 0.016831, 0.0528152, 0.0980615, 0.106911, 0.119235, 0.150345, 0.17776, 0.247358, 0.299091, 0.400537, 0.470213, 0.492376, 0.576229, 0.613618, 0.67643, 0.75629, 0.776041, 0.831382, 0.839098, 0.844438, 0.957415, 0.416333, 1, 

47,78,0.001, 0.016831, 0.0528152, 0.0980615, 0.106911, 0.119235, 0.150345, 0.17776, 0.22996, 0.248763, 0.304855, 0.31975, 0.359774, 0.379474, 0.432226, 0.493915, 0.513683, 0.525324, 0.565476, 0.629407, 0.723999, 0.748353, 0.765408, 0.783513, 0.786685, 0.826215, 0.826464, 0.845842, 0.972216, 0.993531, 1, 

28,87,0.001, 0.0234395, 0.0390873, 0.0110369, 0.0460126, 0.10239, 0.119235, 0.419063, 0.404308, 0.419595, 0.872318, 0.886671, 0.887786, 1, 

26,187,0.001, 0.016831, 0.0390873, 0.040253, 0.075425, 0.153692, 0.238494, 0.376522, 0.428347, 1, 

43,81,0.001, 0.0234395, 0.0390873, 0.0262016, 0.0663368, 0.100799, 0.164494, 0.217953, 0.230267, 0.239707, 0.508834, 0.642512, 0.492376, 0.576229, 0.613618, 0.67643, 0.75629, 0.776041, 0.831382, 0.839098, 0.844438, 0.957415, 0.416333, 1, 

27,102,0.001, 0.016831, 0.0528152, 0.0980615, 0.106911, 0.119235, 0.150345, 0.17776, 0.939807, 1, 

Generation #20
41,86,0.001, 0.016831, 0.0528152, 0.0980615, 0.106911, 0.119235, 0.150345, 0.17776, 0.247358, 0.299091, 0.400537, 0.470213, 0.492376, 0.576229, 0.613618, 0.67643, 0.75629, 0.776041, 0.831382, 0.839098, 0.844438, 0.957415, 0.416333, 1, 

47,78,0.001, 0.016831, 0.0528152, 0.0980615, 0.106911, 0.119235, 0.150345, 0.17776, 0.22996, 0.248763, 0.304855, 0.31975, 0.359774, 0.379474, 0.432226, 0.493915, 0.513683, 0.525324, 0.565476, 0.629407, 0.723999, 0.748353, 0.765408, 0.783513, 0.786685, 0.826215, 0.826464, 0.845842, 0.972216, 0.993531, 1, 

28,87,0.001, 0.0234395, 0.0390873, 0.0110369, 0.0460126, 0.10239, 0.119235, 0.419063, 0.404308, 0.419595, 0.872318, 0.886671, 0.887786, 1, 

26,187,0.001, 0.016831, 0.0390873, 0.040253, 0.075425, 0.153692, 0.238494, 0.376522, 0.428347, 1, 

43,81,0.001, 0.0234395, 0.0390873, 0.0262016, 0.0663368, 0.100799, 0.164494, 0.217953, 0.230267, 0.239707, 0.508834, 0.642512, 0.492376, 0.576229, 0.613618, 0.67643, 0.75629, 0.776041, 0.831382, 0.839098, 0.844438, 0.957415, 0.416333, 1, 

27,102,0.001, 0.016831, 0.0528152, 0.0980615, 0.106911, 0.119235, 0.150345, 0.17776, 0.939807, 1, 

Generation #21
41,86,0.001, 0.016831, 0.0528152, 0.0980615, 0.106911, 0.119235, 0.150345, 0.17776, 0.247358, 0.299091, 0.400537, 0.470213, 0.492376, 0.576229, 0.613618, 0.67643, 0.75629, 0.776041, 0.831382, 0.839098, 0.844438, 0.957415, 0.416333, 1, 

47,78,0.001, 0.016831, 0.0528152, 0.0980615, 0.106911, 0.119235, 0.150345, 0.17776, 0.22996, 0.248763, 0.304855, 0.31975, 0.359774, 0.379474, 0.432226, 0.493915, 0.513683, 0.525324, 0.565476, 0.629407, 0.723999, 0.748353, 0.765408, 0.783513, 0.786685, 0.826215, 0.826464, 0.845842, 0.972216, 0.993531, 1, 

28,87,0.001, 0.0234395, 0.0390873, 0.0110369, 0.0460126, 0.10239, 0.119235, 0.419063, 0.404308, 0.419595, 0.872318, 0.886671, 0.887786, 1, 

26,187,0.001, 0.016831, 0.0390873, 0.040253, 0.075425, 0.153692, 0.238494, 0.376522, 0.428347, 1, 

43,81,0.001, 0.0234395, 0.0390873, 0.0262016, 0.0663368, 0.100799, 0.164494, 0.217953, 0.230267, 0.239707, 0.508834, 0.642512, 0.492376, 0.576229, 0.613618, 0.67643, 0.75629, 0.776041, 0.831382, 0.839098, 0.844438, 0.957415, 0.416333, 1, 

27,102,0.001, 0.016831, 0.0528152, 0.0980615, 0.106911, 0.119235, 0.150345, 0.17776, 0.939807, 1, 

Generation #22
41,86,0.001, 0.016831, 0.0528152, 0.0980615, 0.106911, 0.119235, 0.150345, 0.17776, 0.247358, 0.299091, 0.400537, 0.470213, 0.492376, 0.576229, 0.613618, 0.67643, 0.75629, 0.776041, 0.831382, 0.839098, 0.844438, 0.957415, 0.416333, 1, 

47,78,0.001, 0.016831, 0.0528152, 0.0980615, 0.106911, 0.119235, 0.150345, 0.17776, 0.22996, 0.248763, 0.304855, 0.31975, 0.359774, 0.379474, 0.432226, 0.493915, 0.513683, 0.525324, 0.565476, 0.629407, 0.723999, 0.748353, 0.765408, 0.783513, 0.786685, 0.826215, 0.826464, 0.845842, 0.972216, 0.993531, 1, 

28,87,0.001, 0.0234395, 0.0390873, 0.0110369, 0.0460126, 0.10239, 0.119235, 0.419063, 0.404308, 0.419595, 0.872318, 0.886671, 0.887786, 1, 

26,187,0.001, 0.016831, 0.0390873, 0.040253, 0.075425, 0.153692, 0.238494, 0.376522, 0.428347, 1, 

43,81,0.001, 0.0234395, 0.0390873, 0.0262016, 0.0663368, 0.100799, 0.164494, 0.217953, 0.230267, 0.239707, 0.508834, 0.642512, 0.492376, 0.576229, 0.613618, 0.67643, 0.75629, 0.776041, 0.831382, 0.839098, 0.844438, 0.957415, 0.416333, 1, 

27,102,0.001, 0.016831, 0.0528152, 0.0980615, 0.106911, 0.119235, 0.150345, 0.17776, 0.939807, 1, 

Generation #23
41,86,0.001, 0.016831, 0.0528152, 0.0980615, 0.106911, 0.119235, 0.150345, 0.17776, 0.247358, 0.299091, 0.400537, 0.470213, 0.492376, 0.576229, 0.613618, 0.67643, 0.75629, 0.776041, 0.831382, 0.839098, 0.844438, 0.957415, 0.416333, 1, 

47,78,0.001, 0.016831, 0.0528152, 0.0980615, 0.106911, 0.119235, 0.150345, 0.17776, 0.22996, 0.248763, 0.304855, 0.31975, 0.359774, 0.379474, 0.432226, 0.493915, 0.513683, 0.525324, 0.565476, 0.629407, 0.723999, 0.748353, 0.765408, 0.783513, 0.786685, 0.826215, 0.826464, 0.845842, 0.972216, 0.993531, 1, 

28,87,0.001, 0.0234395, 0.0390873, 0.0110369, 0.0460126, 0.10239, 0.119235, 0.419063, 0.404308, 0.419595, 0.872318, 0.886671, 0.887786, 1, 

26,187,0.001, 0.016831, 0.0390873, 0.040253, 0.075425, 0.153692, 0.238494, 0.376522, 0.428347, 1, 

43,81,0.001, 0.0234395, 0.0390873, 0.0262016, 0.0663368, 0.100799, 0.164494, 0.217953, 0.230267, 0.239707, 0.508834, 0.642512, 0.492376, 0.576229, 0.613618, 0.67643, 0.75629, 0.776041, 0.831382, 0.839098, 0.844438, 0.957415, 0.416333, 1, 

27,102,0.001, 0.016831, 0.0528152, 0.0980615, 0.106911, 0.119235, 0.150345, 0.17776, 0.939807, 1, 

Generation #24
41,86,0.001, 0.016831, 0.0528152, 0.0980615, 0.106911, 0.119235, 0.150345, 0.17776, 0.247358, 0.299091, 0.400537, 0.470213, 0.492376, 0.576229, 0.613618, 0.67643, 0.75629, 0.776041, 0.831382, 0.839098, 0.844438, 0.957415, 0.416333, 1, 

47,78,0.001, 0.016831, 0.0528152, 0.0980615, 0.106911, 0.119235, 0.150345, 0.17776, 0.22996, 0.248763, 0.304855, 0.31975, 0.359774, 0.379474, 0.432226, 0.493915, 0.513683, 0.525324, 0.565476, 0.629407, 0.723999, 0.748353, 0.765408, 0.783513, 0.786685, 0.826215, 0.826464, 0.845842, 0.972216, 0.993531, 1, 

28,87,0.001, 0.0234395, 0.0390873, 0.0110369, 0.0460126, 0.10239, 0.119235, 0.419063, 0.404308, 0.419595, 0.872318, 0.886671, 0.887786, 1, 

26,187,0.001, 0.016831, 0.0390873, 0.040253, 0.075425, 0.153692, 0.238494, 0.376522, 0.428347, 1, 

43,81,0.001, 0.0234395, 0.0390873, 0.0262016, 0.0663368, 0.100799, 0.164494, 0.217953, 0.230267, 0.239707, 0.508834, 0.642512, 0.492376, 0.576229, 0.613618, 0.67643, 0.75629, 0.776041, 0.831382, 0.839098, 0.844438, 0.957415, 0.416333, 1, 

27,102,0.001, 0.016831, 0.0528152, 0.0980615, 0.106911, 0.119235, 0.150345, 0.17776, 0.939807, 1, 

Generation #25
47,78,0.001, 0.016831, 0.0528152, 0.0980615, 0.106911, 0.119235, 0.150345, 0.17776, 0.22996, 0.248763, 0.304855, 0.31975, 0.359774, 0.379474, 0.432226, 0.493915, 0.513683, 0.525324, 0.565476, 0.629407, 0.723999, 0.748353, 0.765408, 0.783513, 0.786685, 0.826215, 0.826464, 0.845842, 0.972216, 0.993531, 1, 

28,87,0.001, 0.0234395, 0.0390873, 0.0110369, 0.0460126, 0.10239, 0.119235, 0.419063, 0.404308, 0.419595, 0.872318, 0.886671, 0.887786, 1, 

26,187,0.001, 0.016831, 0.0390873, 0.040253, 0.075425, 0.153692, 0.238494, 0.376522, 0.428347, 1, 

43,81,0.001, 0.0234395, 0.0390873, 0.0262016, 0.0663368, 0.100799, 0.164494, 0.217953, 0.230267, 0.239707, 0.508834, 0.642512, 0.492376, 0.576229, 0.613618, 0.67643, 0.75629, 0.776041, 0.831382, 0.839098, 0.844438, 0.957415, 0.416333, 1, 

27,102,0.001, 0.016831, 0.0528152, 0.0980615, 0.106911, 0.119235, 0.150345, 0.17776, 0.939807, 1, 

30,82,0.001, 0.016831, 0.0390873, 0.040253, 0.106911, 0.119235, 0.150345, 0.17776, 0.147769, 0.164878, 1, 

Generation #26
47,78,0.001, 0.016831, 0.0528152, 0.0980615, 0.106911, 0.119235, 0.150345, 0.17776, 0.22996, 0.248763, 0.304855, 0.31975, 0.359774, 0.379474, 0.432226, 0.493915, 0.513683, 0.525324, 0.565476, 0.629407, 0.723999, 0.748353, 0.765408, 0.783513, 0.786685, 0.826215, 0.826464, 0.845842, 0.972216, 0.993531, 1, 

28,87,0.001, 0.0234395, 0.0390873, 0.0110369, 0.0460126, 0.10239, 0.119235, 0.419063, 0.404308, 0.419595, 0.872318, 0.886671, 0.887786, 1, 

26,187,0.001, 0.016831, 0.0390873, 0.040253, 0.075425, 0.153692, 0.238494, 0.376522, 0.428347, 1, 

43,81,0.001, 0.0234395, 0.0390873, 0.0262016, 0.0663368, 0.100799, 0.164494, 0.217953, 0.230267, 0.239707, 0.508834, 0.642512, 0.492376, 0.576229, 0.613618, 0.67643, 0.75629, 0.776041, 0.831382, 0.839098, 0.844438, 0.957415, 0.416333, 1, 

27,102,0.001, 0.016831, 0.0528152, 0.0980615, 0.106911, 0.119235, 0.150345, 0.17776, 0.939807, 1, 

30,82,0.001, 0.016831, 0.0390873, 0.040253, 0.106911, 0.119235, 0.150345, 0.17776, 0.147769, 0.164878, 1, 

Generation #27
47,78,0.001, 0.016831, 0.0528152, 0.0980615, 0.106911, 0.119235, 0.150345, 0.17776, 0.22996, 0.248763, 0.304855, 0.31975, 0.359774, 0.379474, 0.432226, 0.493915, 0.513683, 0.525324, 0.565476, 0.629407, 0.723999, 0.748353, 0.765408, 0.783513, 0.786685, 0.826215, 0.826464, 0.845842, 0.972216, 0.993531, 1, 

28,87,0.001, 0.0234395, 0.0390873, 0.0110369, 0.0460126, 0.10239, 0.119235, 0.419063, 0.404308, 0.419595, 0.872318, 0.886671, 0.887786, 1, 

26,187,0.001, 0.016831, 0.0390873, 0.040253, 0.075425, 0.153692, 0.238494, 0.376522, 0.428347, 1, 

43,81,0.001, 0.0234395, 0.0390873, 0.0262016, 0.0663368, 0.100799, 0.164494, 0.217953, 0.230267, 0.239707, 0.508834, 0.642512, 0.492376, 0.576229, 0.613618, 0.67643, 0.75629, 0.776041, 0.831382, 0.839098, 0.844438, 0.957415, 0.416333, 1, 

27,102,0.001, 0.016831, 0.0528152, 0.0980615, 0.106911, 0.119235, 0.150345, 0.17776, 0.939807, 1, 

30,82,0.001, 0.016831, 0.0390873, 0.040253, 0.106911, 0.119235, 0.150345, 0.17776, 0.147769, 0.164878, 1, 

Generation #28
47,78,0.001, 0.016831, 0.0528152, 0.0980615, 0.106911, 0.119235, 0.150345, 0.17776, 0.22996, 0.248763, 0.304855, 0.31975, 0.359774, 0.379474, 0.432226, 0.493915, 0.513683, 0.525324, 0.565476, 0.629407, 0.723999, 0.748353, 0.765408, 0.783513, 0.786685, 0.826215, 0.826464, 0.845842, 0.972216, 0.993531, 1, 

28,87,0.001, 0.0234395, 0.0390873, 0.0110369, 0.0460126, 0.10239, 0.119235, 0.419063, 0.404308, 0.419595, 0.872318, 0.886671, 0.887786, 1, 

26,187,0.001, 0.016831, 0.0390873, 0.040253, 0.075425, 0.153692, 0.238494, 0.376522, 0.428347, 1, 

43,81,0.001, 0.0234395, 0.0390873, 0.0262016, 0.0663368, 0.100799, 0.164494, 0.217953, 0.230267, 0.239707, 0.508834, 0.642512, 0.492376, 0.576229, 0.613618, 0.67643, 0.75629, 0.776041, 0.831382, 0.839098, 0.844438, 0.957415, 0.416333, 1, 

27,102,0.001, 0.016831, 0.0528152, 0.0980615, 0.106911, 0.119235, 0.150345, 0.17776, 0.939807, 1, 

30,82,0.001, 0.016831, 0.0390873, 0.040253, 0.106911, 0.119235, 0.150345, 0.17776, 0.147769, 0.164878, 1, 

Generation #29
47,78,0.001, 0.016831, 0.0528152, 0.0980615, 0.106911, 0.119235, 0.150345, 0.17776, 0.22996, 0.248763, 0.304855, 0.31975, 0.359774, 0.379474, 0.432226, 0.493915, 0.513683, 0.525324, 0.565476, 0.629407, 0.723999, 0.748353, 0.765408, 0.783513, 0.786685, 0.826215, 0.826464, 0.845842, 0.972216, 0.993531, 1, 

28,87,0.001, 0.0234395, 0.0390873, 0.0110369, 0.0460126, 0.10239, 0.119235, 0.419063, 0.404308, 0.419595, 0.872318, 0.886671, 0.887786, 1, 

26,187,0.001, 0.016831, 0.0390873, 0.040253, 0.075425, 0.153692, 0.238494, 0.376522, 0.428347, 1, 

43,81,0.001, 0.0234395, 0.0390873, 0.0262016, 0.0663368, 0.100799, 0.164494, 0.217953, 0.230267, 0.239707, 0.508834, 0.642512, 0.492376, 0.576229, 0.613618, 0.67643, 0.75629, 0.776041, 0.831382, 0.839098, 0.844438, 0.957415, 0.416333, 1, 

27,102,0.001, 0.016831, 0.0528152, 0.0980615, 0.106911, 0.119235, 0.150345, 0.17776, 0.939807, 1, 

30,82,0.001, 0.016831, 0.0390873, 0.040253, 0.106911, 0.119235, 0.150345, 0.17776, 0.147769, 0.164878, 1, 

Generation #30
47,78,0.001, 0.016831, 0.0528152, 0.0980615, 0.106911, 0.119235, 0.150345, 0.17776, 0.22996, 0.248763, 0.304855, 0.31975, 0.359774, 0.379474, 0.432226, 0.493915, 0.513683, 0.525324, 0.565476, 0.629407, 0.723999, 0.748353, 0.765408, 0.783513, 0.786685, 0.826215, 0.826464, 0.845842, 0.972216, 0.993531, 1, 

28,87,0.001, 0.0234395, 0.0390873, 0.0110369, 0.0460126, 0.10239, 0.119235, 0.419063, 0.404308, 0.419595, 0.872318, 0.886671, 0.887786, 1, 

26,187,0.001, 0.016831, 0.0390873, 0.040253, 0.075425, 0.153692, 0.238494, 0.376522, 0.428347, 1, 

43,81,0.001, 0.0234395, 0.0390873, 0.0262016, 0.0663368, 0.100799, 0.164494, 0.217953, 0.230267, 0.239707, 0.508834, 0.642512, 0.492376, 0.576229, 0.613618, 0.67643, 0.75629, 0.776041, 0.831382, 0.839098, 0.844438, 0.957415, 0.416333, 1, 

27,102,0.001, 0.016831, 0.0528152, 0.0980615, 0.106911, 0.119235, 0.150345, 0.17776, 0.939807, 1, 

30,82,0.001, 0.016831, 0.0390873, 0.040253, 0.106911, 0.119235, 0.150345, 0.17776, 0.147769, 0.164878, 1, 

Generation #31
47,78,0.001, 0.016831, 0.0528152, 0.0980615, 0.106911, 0.119235, 0.150345, 0.17776, 0.22996, 0.248763, 0.304855, 0.31975, 0.359774, 0.379474, 0.432226, 0.493915, 0.513683, 0.525324, 0.565476, 0.629407, 0.723999, 0.748353, 0.765408, 0.783513, 0.786685, 0.826215, 0.826464, 0.845842, 0.972216, 0.993531, 1, 

28,87,0.001, 0.0234395, 0.0390873, 0.0110369, 0.0460126, 0.10239, 0.119235, 0.419063, 0.404308, 0.419595, 0.872318, 0.886671, 0.887786, 1, 

43,81,0.001, 0.0234395, 0.0390873, 0.0262016, 0.0663368, 0.100799, 0.164494, 0.217953, 0.230267, 0.239707, 0.508834, 0.642512, 0.492376, 0.576229, 0.613618, 0.67643, 0.75629, 0.776041, 0.831382, 0.839098, 0.844438, 0.957415, 0.416333, 1, 

30,82,0.001, 0.016831, 0.0390873, 0.040253, 0.106911, 0.119235, 0.150345, 0.17776, 0.147769, 0.164878, 1, 

26,91,0.001, 0.0234395, 0.0390873, 0.0460126, 0.10239, 0.10239, 0.134715, 0.142228, 0.164878, 1, 

Generation #32
47,78,0.001, 0.016831, 0.0528152, 0.0980615, 0.106911, 0.119235, 0.150345, 0.17776, 0.22996, 0.248763, 0.304855, 0.31975, 0.359774, 0.379474, 0.432226, 0.493915, 0.513683, 0.525324, 0.565476, 0.629407, 0.723999, 0.748353, 0.765408, 0.783513, 0.786685, 0.826215, 0.826464, 0.845842, 0.972216, 0.993531, 1, 

28,87,0.001, 0.0234395, 0.0390873, 0.0110369, 0.0460126, 0.10239, 0.119235, 0.419063, 0.404308, 0.419595, 0.872318, 0.886671, 0.887786, 1, 

43,81,0.001, 0.0234395, 0.0390873, 0.0262016, 0.0663368, 0.100799, 0.164494, 0.217953, 0.230267, 0.239707, 0.508834, 0.642512, 0.492376, 0.576229, 0.613618, 0.67643, 0.75629, 0.776041, 0.831382, 0.839098, 0.844438, 0.957415, 0.416333, 1, 

30,82,0.001, 0.016831, 0.0390873, 0.040253, 0.106911, 0.119235, 0.150345, 0.17776, 0.147769, 0.164878, 1, 

26,91,0.001, 0.0234395, 0.0390873, 0.0460126, 0.10239, 0.10239, 0.134715, 0.142228, 0.164878, 1, 

27,90,0.001, 0.016831, 0.0390873, 0.040253, 0.106911, 0.119235, 0.150345, 0.142228, 0.147769, 0.164878, 1, 

Generation #33
47,78,0.001, 0.016831, 0.0528152, 0.0980615, 0.106911, 0.119235, 0.150345, 0.17776, 0.22996, 0.248763, 0.304855, 0.31975, 0.359774, 0.379474, 0.432226, 0.493915, 0.513683, 0.525324, 0.565476, 0.629407, 0.723999, 0.748353, 0.765408, 0.783513, 0.786685, 0.826215, 0.826464, 0.845842, 0.972216, 0.993531, 1, 

28,87,0.001, 0.0234395, 0.0390873, 0.0110369, 0.0460126, 0.10239, 0.119235, 0.419063, 0.404308, 0.419595, 0.872318, 0.886671, 0.887786, 1, 

43,81,0.001, 0.0234395, 0.0390873, 0.0262016, 0.0663368, 0.100799, 0.164494, 0.217953, 0.230267, 0.239707, 0.508834, 0.642512, 0.492376, 0.576229, 0.613618, 0.67643, 0.75629, 0.776041, 0.831382, 0.839098, 0.844438, 0.957415, 0.416333, 1, 

30,82,0.001, 0.016831, 0.0390873, 0.040253, 0.106911, 0.119235, 0.150345, 0.17776, 0.147769, 0.164878, 1, 

26,91,0.001, 0.0234395, 0.0390873, 0.0460126, 0.10239, 0.10239, 0.134715, 0.142228, 0.164878, 1, 

27,90,0.001, 0.016831, 0.0390873, 0.040253, 0.106911, 0.119235, 0.150345, 0.142228, 0.147769, 0.164878, 1, 

Generation #34
47,78,0.001, 0.016831, 0.0528152, 0.0980615, 0.106911, 0.119235, 0.150345, 0.17776, 0.22996, 0.248763, 0.304855, 0.31975, 0.359774, 0.379474, 0.432226, 0.493915, 0.513683, 0.525324, 0.565476, 0.629407, 0.723999, 0.748353, 0.765408, 0.783513, 0.786685, 0.826215, 0.826464, 0.845842, 0.972216, 0.993531, 1, 

28,87,0.001, 0.0234395, 0.0390873, 0.0110369, 0.0460126, 0.10239, 0.119235, 0.419063, 0.404308, 0.419595, 0.872318, 0.886671, 0.887786, 1, 

43,81,0.001, 0.0234395, 0.0390873, 0.0262016, 0.0663368, 0.100799, 0.164494, 0.217953, 0.230267, 0.239707, 0.508834, 0.642512, 0.492376, 0.576229, 0.613618, 0.67643, 0.75629, 0.776041, 0.831382, 0.839098, 0.844438, 0.957415, 0.416333, 1, 

30,82,0.001, 0.016831, 0.0390873, 0.040253, 0.106911, 0.119235, 0.150345, 0.17776, 0.147769, 0.164878, 1, 

26,91,0.001, 0.0234395, 0.0390873, 0.0460126, 0.10239, 0.10239, 0.134715, 0.142228, 0.164878, 1, 

27,90,0.001, 0.016831, 0.0390873, 0.040253, 0.106911, 0.119235, 0.150345, 0.142228, 0.147769, 0.164878, 1, 

Generation #35
47,78,0.001, 0.016831, 0.0528152, 0.0980615, 0.106911, 0.119235, 0.150345, 0.17776, 0.22996, 0.248763, 0.304855, 0.31975, 0.359774, 0.379474, 0.432226, 0.493915, 0.513683, 0.525324, 0.565476, 0.629407, 0.723999, 0.748353, 0.765408, 0.783513, 0.786685, 0.826215, 0.826464, 0.845842, 0.972216, 0.993531, 1, 

28,87,0.001, 0.0234395, 0.0390873, 0.0110369, 0.0460126, 0.10239, 0.119235, 0.419063, 0.404308, 0.419595, 0.872318, 0.886671, 0.887786, 1, 

43,81,0.001, 0.0234395, 0.0390873, 0.0262016, 0.0663368, 0.100799, 0.164494, 0.217953, 0.230267, 0.239707, 0.508834, 0.642512, 0.492376, 0.576229, 0.613618, 0.67643, 0.75629, 0.776041, 0.831382, 0.839098, 0.844438, 0.957415, 0.416333, 1, 

30,82,0.001, 0.016831, 0.0390873, 0.040253, 0.106911, 0.119235, 0.150345, 0.17776, 0.147769, 0.164878, 1, 

26,91,0.001, 0.0234395, 0.0390873, 0.0460126, 0.10239, 0.10239, 0.134715, 0.142228, 0.164878, 1, 

27,90,0.001, 0.016831, 0.0390873, 0.040253, 0.106911, 0.119235, 0.150345, 0.142228, 0.147769, 0.164878, 1, 

Generation #36
47,78,0.001, 0.016831, 0.0528152, 0.0980615, 0.106911, 0.119235, 0.150345, 0.17776, 0.22996, 0.248763, 0.304855, 0.31975, 0.359774, 0.379474, 0.432226, 0.493915, 0.513683, 0.525324, 0.565476, 0.629407, 0.723999, 0.748353, 0.765408, 0.783513, 0.786685, 0.826215, 0.826464, 0.845842, 0.972216, 0.993531, 1, 

28,87,0.001, 0.0234395, 0.0390873, 0.0110369, 0.0460126, 0.10239, 0.119235, 0.419063, 0.404308, 0.419595, 0.872318, 0.886671, 0.887786, 1, 

43,81,0.001, 0.0234395, 0.0390873, 0.0262016, 0.0663368, 0.100799, 0.164494, 0.217953, 0.230267, 0.239707, 0.508834, 0.642512, 0.492376, 0.576229, 0.613618, 0.67643, 0.75629, 0.776041, 0.831382, 0.839098, 0.844438, 0.957415, 0.416333, 1, 

30,82,0.001, 0.016831, 0.0390873, 0.040253, 0.106911, 0.119235, 0.150345, 0.17776, 0.147769, 0.164878, 1, 

26,91,0.001, 0.0234395, 0.0390873, 0.0460126, 0.10239, 0.10239, 0.134715, 0.142228, 0.164878, 1, 

27,90,0.001, 0.016831, 0.0390873, 0.040253, 0.106911, 0.119235, 0.150345, 0.142228, 0.147769, 0.164878, 1, 

Generation #37
47,78,0.001, 0.016831, 0.0528152, 0.0980615, 0.106911, 0.119235, 0.150345, 0.17776, 0.22996, 0.248763, 0.304855, 0.31975, 0.359774, 0.379474, 0.432226, 0.493915, 0.513683, 0.525324, 0.565476, 0.629407, 0.723999, 0.748353, 0.765408, 0.783513, 0.786685, 0.826215, 0.826464, 0.845842, 0.972216, 0.993531, 1, 

28,87,0.001, 0.0234395, 0.0390873, 0.0110369, 0.0460126, 0.10239, 0.119235, 0.419063, 0.404308, 0.419595, 0.872318, 0.886671, 0.887786, 1, 

43,81,0.001, 0.0234395, 0.0390873, 0.0262016, 0.0663368, 0.100799, 0.164494, 0.217953, 0.230267, 0.239707, 0.508834, 0.642512, 0.492376, 0.576229, 0.613618, 0.67643, 0.75629, 0.776041, 0.831382, 0.839098, 0.844438, 0.957415, 0.416333, 1, 

30,82,0.001, 0.016831, 0.0390873, 0.040253, 0.106911, 0.119235, 0.150345, 0.17776, 0.147769, 0.164878, 1, 

26,91,0.001, 0.0234395, 0.0390873, 0.0460126, 0.10239, 0.10239, 0.134715, 0.142228, 0.164878, 1, 

27,90,0.001, 0.016831, 0.0390873, 0.040253, 0.106911, 0.119235, 0.150345, 0.142228, 0.147769, 0.164878, 1, 

Generation #38
47,78,0.001, 0.016831, 0.0528152, 0.0980615, 0.106911, 0.119235, 0.150345, 0.17776, 0.22996, 0.248763, 0.304855, 0.31975, 0.359774, 0.379474, 0.432226, 0.493915, 0.513683, 0.525324, 0.565476, 0.629407, 0.723999, 0.748353, 0.765408, 0.783513, 0.786685, 0.826215, 0.826464, 0.845842, 0.972216, 0.993531, 1, 

28,87,0.001, 0.0234395, 0.0390873, 0.0110369, 0.0460126, 0.10239, 0.119235, 0.419063, 0.404308, 0.419595, 0.872318, 0.886671, 0.887786, 1, 

43,81,0.001, 0.0234395, 0.0390873, 0.0262016, 0.0663368, 0.100799, 0.164494, 0.217953, 0.230267, 0.239707, 0.508834, 0.642512, 0.492376, 0.576229, 0.613618, 0.67643, 0.75629, 0.776041, 0.831382, 0.839098, 0.844438, 0.957415, 0.416333, 1, 

30,82,0.001, 0.016831, 0.0390873, 0.040253, 0.106911, 0.119235, 0.150345, 0.17776, 0.147769, 0.164878, 1, 

26,91,0.001, 0.0234395, 0.0390873, 0.0460126, 0.10239, 0.10239, 0.134715, 0.142228, 0.164878, 1, 

27,90,0.001, 0.016831, 0.0390873, 0.040253, 0.106911, 0.119235, 0.150345, 0.142228, 0.147769, 0.164878, 1, 

Generation #39
47,78,0.001, 0.016831, 0.0528152, 0.0980615, 0.106911, 0.119235, 0.150345, 0.17776, 0.22996, 0.248763, 0.304855, 0.31975, 0.359774, 0.379474, 0.432226, 0.493915, 0.513683, 0.525324, 0.565476, 0.629407, 0.723999, 0.748353, 0.765408, 0.783513, 0.786685, 0.826215, 0.826464, 0.845842, 0.972216, 0.993531, 1, 

28,87,0.001, 0.0234395, 0.0390873, 0.0110369, 0.0460126, 0.10239, 0.119235, 0.419063, 0.404308, 0.419595, 0.872318, 0.886671, 0.887786, 1, 

43,81,0.001, 0.0234395, 0.0390873, 0.0262016, 0.0663368, 0.100799, 0.164494, 0.217953, 0.230267, 0.239707, 0.508834, 0.642512, 0.492376, 0.576229, 0.613618, 0.67643, 0.75629, 0.776041, 0.831382, 0.839098, 0.844438, 0.957415, 0.416333, 1, 

30,82,0.001, 0.016831, 0.0390873, 0.040253, 0.106911, 0.119235, 0.150345, 0.17776, 0.147769, 0.164878, 1, 

26,91,0.001, 0.0234395, 0.0390873, 0.0460126, 0.10239, 0.10239, 0.134715, 0.142228, 0.164878, 1, 

27,90,0.001, 0.016831, 0.0390873, 0.040253, 0.106911, 0.119235, 0.150345, 0.142228, 0.147769, 0.164878, 1, 

Generation #40
47,78,0.001, 0.016831, 0.0528152, 0.0980615, 0.106911, 0.119235, 0.150345, 0.17776, 0.22996, 0.248763, 0.304855, 0.31975, 0.359774, 0.379474, 0.432226, 0.493915, 0.513683, 0.525324, 0.565476, 0.629407, 0.723999, 0.748353, 0.765408, 0.783513, 0.786685, 0.826215, 0.826464, 0.845842, 0.972216, 0.993531, 1, 

28,87,0.001, 0.0234395, 0.0390873, 0.0110369, 0.0460126, 0.10239, 0.119235, 0.419063, 0.404308, 0.419595, 0.872318, 0.886671, 0.887786, 1, 

43,81,0.001, 0.0234395, 0.0390873, 0.0262016, 0.0663368, 0.100799, 0.164494, 0.217953, 0.230267, 0.239707, 0.508834, 0.642512, 0.492376, 0.576229, 0.613618, 0.67643, 0.75629, 0.776041, 0.831382, 0.839098, 0.844438, 0.957415, 0.416333, 1, 

30,82,0.001, 0.016831, 0.0390873, 0.040253, 0.106911, 0.119235, 0.150345, 0.17776, 0.147769, 0.164878, 1, 

26,91,0.001, 0.0234395, 0.0390873, 0.0460126, 0.10239, 0.10239, 0.134715, 0.142228, 0.164878, 1, 

27,90,0.001, 0.016831, 0.0390873, 0.040253, 0.106911, 0.119235, 0.150345, 0.142228, 0.147769, 0.164878, 1, 

Generation #41
47,78,0.001, 0.016831, 0.0528152, 0.0980615, 0.106911, 0.119235, 0.150345, 0.17776, 0.22996, 0.248763, 0.304855, 0.31975, 0.359774, 0.379474, 0.432226, 0.493915, 0.513683, 0.525324, 0.565476, 0.629407, 0.723999, 0.748353, 0.765408, 0.783513, 0.786685, 0.826215, 0.826464, 0.845842, 0.972216, 0.993531, 1, 

28,87,0.001, 0.0234395, 0.0390873, 0.0110369, 0.0460126, 0.10239, 0.119235, 0.419063, 0.404308, 0.419595, 0.872318, 0.886671, 0.887786, 1, 

43,81,0.001, 0.0234395, 0.0390873, 0.0262016, 0.0663368, 0.100799, 0.164494, 0.217953, 0.230267, 0.239707, 0.508834, 0.642512, 0.492376, 0.576229, 0.613618, 0.67643, 0.75629, 0.776041, 0.831382, 0.839098, 0.844438, 0.957415, 0.416333, 1, 

30,82,0.001, 0.016831, 0.0390873, 0.040253, 0.106911, 0.119235, 0.150345, 0.17776, 0.147769, 0.164878, 1, 

26,91,0.001, 0.0234395, 0.0390873, 0.0460126, 0.10239, 0.10239, 0.134715, 0.142228, 0.164878, 1, 

27,90,0.001, 0.016831, 0.0390873, 0.040253, 0.106911, 0.119235, 0.150345, 0.142228, 0.147769, 0.164878, 1, 

Generation #42
47,78,0.001, 0.016831, 0.0528152, 0.0980615, 0.106911, 0.119235, 0.150345, 0.17776, 0.22996, 0.248763, 0.304855, 0.31975, 0.359774, 0.379474, 0.432226, 0.493915, 0.513683, 0.525324, 0.565476, 0.629407, 0.723999, 0.748353, 0.765408, 0.783513, 0.786685, 0.826215, 0.826464, 0.845842, 0.972216, 0.993531, 1, 

28,87,0.001, 0.0234395, 0.0390873, 0.0110369, 0.0460126, 0.10239, 0.119235, 0.419063, 0.404308, 0.419595, 0.872318, 0.886671, 0.887786, 1, 

43,81,0.001, 0.0234395, 0.0390873, 0.0262016, 0.0663368, 0.100799, 0.164494, 0.217953, 0.230267, 0.239707, 0.508834, 0.642512, 0.492376, 0.576229, 0.613618, 0.67643, 0.75629, 0.776041, 0.831382, 0.839098, 0.844438, 0.957415, 0.416333, 1, 

30,82,0.001, 0.016831, 0.0390873, 0.040253, 0.106911, 0.119235, 0.150345, 0.17776, 0.147769, 0.164878, 1, 

26,91,0.001, 0.0234395, 0.0390873, 0.0460126, 0.10239, 0.10239, 0.134715, 0.142228, 0.164878, 1, 

27,90,0.001, 0.016831, 0.0390873, 0.040253, 0.106911, 0.119235, 0.150345, 0.142228, 0.147769, 0.164878, 1, 

Generation #43
47,78,0.001, 0.016831, 0.0528152, 0.0980615, 0.106911, 0.119235, 0.150345, 0.17776, 0.22996, 0.248763, 0.304855, 0.31975, 0.359774, 0.379474, 0.432226, 0.493915, 0.513683, 0.525324, 0.565476, 0.629407, 0.723999, 0.748353, 0.765408, 0.783513, 0.786685, 0.826215, 0.826464, 0.845842, 0.972216, 0.993531, 1, 

28,87,0.001, 0.0234395, 0.0390873, 0.0110369, 0.0460126, 0.10239, 0.119235, 0.419063, 0.404308, 0.419595, 0.872318, 0.886671, 0.887786, 1, 

43,81,0.001, 0.0234395, 0.0390873, 0.0262016, 0.0663368, 0.100799, 0.164494, 0.217953, 0.230267, 0.239707, 0.508834, 0.642512, 0.492376, 0.576229, 0.613618, 0.67643, 0.75629, 0.776041, 0.831382, 0.839098, 0.844438, 0.957415, 0.416333, 1, 

30,82,0.001, 0.016831, 0.0390873, 0.040253, 0.106911, 0.119235, 0.150345, 0.17776, 0.147769, 0.164878, 1, 

26,91,0.001, 0.0234395, 0.0390873, 0.0460126, 0.10239, 0.10239, 0.134715, 0.142228, 0.164878, 1, 

27,90,0.001, 0.016831, 0.0390873, 0.040253, 0.106911, 0.119235, 0.150345, 0.142228, 0.147769, 0.164878, 1, 

Generation #44
47,78,0.001, 0.016831, 0.0528152, 0.0980615, 0.106911, 0.119235, 0.150345, 0.17776, 0.22996, 0.248763, 0.304855, 0.31975, 0.359774, 0.379474, 0.432226, 0.493915, 0.513683, 0.525324, 0.565476, 0.629407, 0.723999, 0.748353, 0.765408, 0.783513, 0.786685, 0.826215, 0.826464, 0.845842, 0.972216, 0.993531, 1, 

28,87,0.001, 0.0234395, 0.0390873, 0.0110369, 0.0460126, 0.10239, 0.119235, 0.419063, 0.404308, 0.419595, 0.872318, 0.886671, 0.887786, 1, 

43,81,0.001, 0.0234395, 0.0390873, 0.0262016, 0.0663368, 0.100799, 0.164494, 0.217953, 0.230267, 0.239707, 0.508834, 0.642512, 0.492376, 0.576229, 0.613618, 0.67643, 0.75629, 0.776041, 0.831382, 0.839098, 0.844438, 0.957415, 0.416333, 1, 

30,82,0.001, 0.016831, 0.0390873, 0.040253, 0.106911, 0.119235, 0.150345, 0.17776, 0.147769, 0.164878, 1, 

26,91,0.001, 0.0234395, 0.0390873, 0.0460126, 0.10239, 0.10239, 0.134715, 0.142228, 0.164878, 1, 

27,90,0.001, 0.016831, 0.0390873, 0.040253, 0.106911, 0.119235, 0.150345, 0.142228, 0.147769, 0.164878, 1, 

Generation #45
47,78,0.001, 0.016831, 0.0528152, 0.0980615, 0.106911, 0.119235, 0.150345, 0.17776, 0.22996, 0.248763, 0.304855, 0.31975, 0.359774, 0.379474, 0.432226, 0.493915, 0.513683, 0.525324, 0.565476, 0.629407, 0.723999, 0.748353, 0.765408, 0.783513, 0.786685, 0.826215, 0.826464, 0.845842, 0.972216, 0.993531, 1, 

26,91,0.001, 0.0234395, 0.0390873, 0.0460126, 0.10239, 0.10239, 0.134715, 0.142228, 0.164878, 1, 

27,90,0.001, 0.016831, 0.0390873, 0.040253, 0.106911, 0.119235, 0.150345, 0.142228, 0.147769, 0.164878, 1, 

28,80,0.001, 0.016831, 0.0390873, 0.040253, 0.106911, 0.119235, 0.150345, 0.142228, 0.147769, 0.164878, 1, 

Generation #46
47,78,0.001, 0.016831, 0.0528152, 0.0980615, 0.106911, 0.119235, 0.150345, 0.17776, 0.22996, 0.248763, 0.304855, 0.31975, 0.359774, 0.379474, 0.432226, 0.493915, 0.513683, 0.525324, 0.565476, 0.629407, 0.723999, 0.748353, 0.765408, 0.783513, 0.786685, 0.826215, 0.826464, 0.845842, 0.972216, 0.993531, 1, 

26,91,0.001, 0.0234395, 0.0390873, 0.0460126, 0.10239, 0.10239, 0.134715, 0.142228, 0.164878, 1, 

27,90,0.001, 0.016831, 0.0390873, 0.040253, 0.106911, 0.119235, 0.150345, 0.142228, 0.147769, 0.164878, 1, 

28,80,0.001, 0.016831, 0.0390873, 0.040253, 0.106911, 0.119235, 0.150345, 0.142228, 0.147769, 0.164878, 1, 

Generation #47
47,78,0.001, 0.016831, 0.0528152, 0.0980615, 0.106911, 0.119235, 0.150345, 0.17776, 0.22996, 0.248763, 0.304855, 0.31975, 0.359774, 0.379474, 0.432226, 0.493915, 0.513683, 0.525324, 0.565476, 0.629407, 0.723999, 0.748353, 0.765408, 0.783513, 0.786685, 0.826215, 0.826464, 0.845842, 0.972216, 0.993531, 1, 

26,91,0.001, 0.0234395, 0.0390873, 0.0460126, 0.10239, 0.10239, 0.134715, 0.142228, 0.164878, 1, 

27,90,0.001, 0.016831, 0.0390873, 0.040253, 0.106911, 0.119235, 0.150345, 0.142228, 0.147769, 0.164878, 1, 

28,80,0.001, 0.016831, 0.0390873, 0.040253, 0.106911, 0.119235, 0.150345, 0.142228, 0.147769, 0.164878, 1, 

Generation #48
47,78,0.001, 0.016831, 0.0528152, 0.0980615, 0.106911, 0.119235, 0.150345, 0.17776, 0.22996, 0.248763, 0.304855, 0.31975, 0.359774, 0.379474, 0.432226, 0.493915, 0.513683, 0.525324, 0.565476, 0.629407, 0.723999, 0.748353, 0.765408, 0.783513, 0.786685, 0.826215, 0.826464, 0.845842, 0.972216, 0.993531, 1, 

26,91,0.001, 0.0234395, 0.0390873, 0.0460126, 0.10239, 0.10239, 0.134715, 0.142228, 0.164878, 1, 

27,90,0.001, 0.016831, 0.0390873, 0.040253, 0.106911, 0.119235, 0.150345, 0.142228, 0.147769, 0.164878, 1, 

28,80,0.001, 0.016831, 0.0390873, 0.040253, 0.106911, 0.119235, 0.150345, 0.142228, 0.147769, 0.164878, 1, 

Generation #49
47,78,0.001, 0.016831, 0.0528152, 0.0980615, 0.106911, 0.119235, 0.150345, 0.17776, 0.22996, 0.248763, 0.304855, 0.31975, 0.359774, 0.379474, 0.432226, 0.493915, 0.513683, 0.525324, 0.565476, 0.629407, 0.723999, 0.748353, 0.765408, 0.783513, 0.786685, 0.826215, 0.826464, 0.845842, 0.972216, 0.993531, 1, 

26,91,0.001, 0.0234395, 0.0390873, 0.0460126, 0.10239, 0.10239, 0.134715, 0.142228, 0.164878, 1, 

27,90,0.001, 0.016831, 0.0390873, 0.040253, 0.106911, 0.119235, 0.150345, 0.142228, 0.147769, 0.164878, 1, 

28,80,0.001, 0.016831, 0.0390873, 0.040253, 0.106911, 0.119235, 0.150345, 0.142228, 0.147769, 0.164878, 1, 

--- Pareto Front Solutions ---
Solution 0: N total=73 (N_initial=26, N_added=47), Time total=84 ms, Saved to: ./results/Flex_t2_l1_pareto_0.csv, percents=0.001, 0.016831, 0.0528152, 0.0980615, 0.106911, 0.119235, 0.150345, 0.17776, 0.22996, 0.248763, 0.304855, 0.31975, 0.359774, 0.379474, 0.432226, 0.493915, 0.513683, 0.525324, 0.565476, 0.629407, 0.723999, 0.748353, 0.765408, 0.783513, 0.786685, 0.826215, 0.826464, 0.845842, 0.972216, 0.993531, 1, 

Solution 1: N total=52 (N_initial=26, N_added=26), Time total=97 ms, Saved to: ./results/Flex_t2_l1_pareto_1.csv, percents=0.001, 0.0234395, 0.0390873, 0.0460126, 0.10239, 0.10239, 0.134715, 0.142228, 0.164878, 1, 

Solution 2: N total=53 (N_initial=26, N_added=27), Time total=96 ms, Saved to: ./results/Flex_t2_l1_pareto_2.csv, percents=0.001, 0.016831, 0.0390873, 0.040253, 0.106911, 0.119235, 0.150345, 0.142228, 0.147769, 0.164878, 1, 

Solution 3: N total=54 (N_initial=26, N_added=28), Time total=86 ms, Saved to: ./results/Flex_t2_l1_pareto_3.csv, percents=0.001, 0.016831, 0.0390873, 0.040253, 0.106911, 0.119235, 0.150345, 0.142228, 0.147769, 0.164878, 1, 

------------d=1, t=2, lambda=2, filename=./evaluation/Flex/Flex_2_2.csv------------
Computing partitioned counts of d-sets...
Ready to look at pairs based on partitioned counts...
First Stage N=50, Time=4
There are 50 remaining non-locating pairs
--- Running GA Algorithm (phase2) ---
Running GA with std::execution::par
Generation #0
22,34,0.001, 0.167739, 0.31394, 0.353359, 0.402102, 0.41309, 0.439935, 0.621199, 0.86864, 0.987378, 1, 

33,18,0.001, 0.0682036, 0.114898, 0.157183, 0.162606, 0.20532, 0.26132, 0.292651, 0.343369, 0.364783, 0.593144, 0.604481, 0.671165, 0.687928, 0.747413, 0.845016, 0.930735, 0.981009, 1, 

23,19,0.001, 0.0647843, 0.124726, 0.143756, 0.181237, 0.248134, 0.337749, 0.343172, 0.374356, 0.530228, 0.665485, 1, 

34,13,0.001, 0.0481542, 0.0507707, 0.0673971, 0.0905197, 0.183218, 0.185576, 0.207112, 0.207134, 0.227702, 0.303992, 0.3271, 0.336963, 0.342931, 0.403237, 0.454919, 0.457952, 0.463541, 0.526207, 0.553419, 0.62028, 0.680817, 0.759429, 0.84542, 0.873599, 0.89423, 0.942452, 1, 

40,8,0.001, 0.0165, 0.0222188, 0.0247514, 0.0274039, 0.0557642, 0.146572, 0.202802, 0.222894, 0.279906, 0.284226, 0.377374, 0.386368, 0.394417, 0.477093, 0.498083, 0.543577, 0.607774, 0.643713, 0.64446, 0.673681, 0.689588, 0.712234, 0.751963, 0.773396, 0.786269, 0.881128, 0.947318, 0.96243, 1, 

Generation #1
40,8,0.001, 0.0165, 0.0222188, 0.0247514, 0.0274039, 0.0557642, 0.146572, 0.202802, 0.222894, 0.279906, 0.284226, 0.377374, 0.386368, 0.394417, 0.477093, 0.498083, 0.543577, 0.607774, 0.643713, 0.64446, 0.673681, 0.689588, 0.712234, 0.751963, 0.773396, 0.786269, 0.881128, 0.947318, 0.96243, 1, 

31,11,0.001, 0.0481542, 0.0507707, 0.0673971, 0.0905197, 0.183218, 0.185576, 0.207112, 0.207134, 0.227702, 0.292749, 0.3271, 0.336963, 0.342931, 0.403237, 0.454919, 0.457952, 0.463541, 0.526207, 1, 

21,15,0.001, 0.095126, 0.108017, 0.124664, 0.128599, 0.143356, 0.170553, 0.185085, 0.288412, 0.290271, 0.312817, 1, 

Generation #2
40,8,0.001, 0.0165, 0.0222188, 0.0247514, 0.0274039, 0.0557642, 0.146572, 0.202802, 0.222894, 0.279906, 0.284226, 0.377374, 0.386368, 0.394417, 0.477093, 0.498083, 0.543577, 0.607774, 0.643713, 0.64446, 0.673681, 0.689588, 0.712234, 0.751963, 0.773396, 0.786269, 0.881128, 0.947318, 0.96243, 1, 

31,11,0.001, 0.0481542, 0.0507707, 0.0673971, 0.0905197, 0.183218, 0.185576, 0.207112, 0.207134, 0.227702, 0.292749, 0.3271, 0.336963, 0.342931, 0.403237, 0.454919, 0.457952, 0.463541, 0.526207, 1, 

21,15,0.001, 0.095126, 0.108017, 0.124664, 0.128599, 0.143356, 0.170553, 0.185085, 0.288412, 0.290271, 0.312817, 1, 

25,14,0.001, 0.095126, 0.108017, 0.124664, 0.162606, 0.20532, 0.26132, 0.292651, 0.343369, 0.364783, 0.664204, 0.778049, 0.979647, 1, 

Generation #3
21,15,0.001, 0.095126, 0.108017, 0.124664, 0.128599, 0.143356, 0.170553, 0.185085, 0.288412, 0.290271, 0.312817, 1, 

27,8,0.001, 0.0632734, 0.0507707, 0.112358, 0.100388, 0.161982, 0.235903, 0.508894, 0.543609, 0.485571, 0.578302, 0.613864, 0.707566, 0.849619, 0.924018, 0.973168, 1, 

25,9,0.001, 0.0537039, 0.0795772, 0.0950697, 0.10522, 0.150026, 0.240949, 0.358937, 0.441025, 0.630434, 0.630589, 0.664204, 0.778049, 0.979647, 1, 

20,19,0.001, 0.0481542, 0.0507707, 0.0673971, 0.0905197, 0.183218, 0.185576, 0.207112, 0.288412, 0.312817, 1, 

22,11,0.001, 0.0632734, 0.0507707, 0.0673971, 0.0905197, 0.183218, 0.185576, 0.207112, 0.207134, 0.227702, 0.0876471, 0.989801, 1, 

Generation #4
21,15,0.001, 0.095126, 0.108017, 0.124664, 0.128599, 0.143356, 0.170553, 0.185085, 0.288412, 0.290271, 0.312817, 1, 

27,8,0.001, 0.0632734, 0.0507707, 0.112358, 0.100388, 0.161982, 0.235903, 0.508894, 0.543609, 0.485571, 0.578302, 0.613864, 0.707566, 0.849619, 0.924018, 0.973168, 1, 

25,9,0.001, 0.0537039, 0.0795772, 0.0950697, 0.10522, 0.150026, 0.240949, 0.358937, 0.441025, 0.630434, 0.630589, 0.664204, 0.778049, 0.979647, 1, 

22,11,0.001, 0.0632734, 0.0507707, 0.0673971, 0.0905197, 0.183218, 0.185576, 0.207112, 0.207134, 0.227702, 0.0876471, 0.989801, 1, 

19,16,0.001, 0.0943881, 0.0222188, 0.0274039, 0.0557642, 0.146572, 0.202802, 0.222894, 0.279906, 0.284226, 1, 

Generation #5
21,15,0.001, 0.095126, 0.108017, 0.124664, 0.128599, 0.143356, 0.170553, 0.185085, 0.288412, 0.290271, 0.312817, 1, 

27,8,0.001, 0.0632734, 0.0507707, 0.112358, 0.100388, 0.161982, 0.235903, 0.508894, 0.543609, 0.485571, 0.578302, 0.613864, 0.707566, 0.849619, 0.924018, 0.973168, 1, 

25,9,0.001, 0.0537039, 0.0795772, 0.0950697, 0.10522, 0.150026, 0.240949, 0.358937, 0.441025, 0.630434, 0.630589, 0.664204, 0.778049, 0.979647, 1, 

22,11,0.001, 0.0632734, 0.0507707, 0.0673971, 0.0905197, 0.183218, 0.185576, 0.207112, 0.207134, 0.227702, 0.0876471, 0.989801, 1, 

19,16,0.001, 0.0943881, 0.0222188, 0.0274039, 0.0557642, 0.146572, 0.202802, 0.222894, 0.279906, 0.284226, 1, 

Generation #6
17,32,0.001, 0.0165, 0.0222188, 0.0247514, 0.0274039, 0.0557642, 0.146572, 0.202802, 0.930233, 1, 

19,6,0.001, 0.0411804, 0.0946759, 0.107647, 0.112679, 0.158854, 0.193905, 0.207112, 0.264281, 0.323003, 1, 

Generation #7
17,32,0.001, 0.0165, 0.0222188, 0.0247514, 0.0274039, 0.0557642, 0.146572, 0.202802, 0.930233, 1, 

19,6,0.001, 0.0411804, 0.0946759, 0.107647, 0.112679, 0.158854, 0.193905, 0.207112, 0.264281, 0.323003, 1, 

Generation #8
17,32,0.001, 0.0165, 0.0222188, 0.0247514, 0.0274039, 0.0557642, 0.146572, 0.202802, 0.930233, 1, 

19,6,0.001, 0.0411804, 0.0946759, 0.107647, 0.112679, 0.158854, 0.193905, 0.207112, 0.264281, 0.323003, 1, 

Generation #9
17,32,0.001, 0.0165, 0.0222188, 0.0247514, 0.0274039, 0.0557642, 0.146572, 0.202802, 0.930233, 1, 

19,6,0.001, 0.0411804, 0.0946759, 0.107647, 0.112679, 0.158854, 0.193905, 0.207112, 0.264281, 0.323003, 1, 

Generation #10
17,32,0.001, 0.0165, 0.0222188, 0.0247514, 0.0274039, 0.0557642, 0.146572, 0.202802, 0.930233, 1, 

19,6,0.001, 0.0411804, 0.0946759, 0.107647, 0.112679, 0.158854, 0.193905, 0.207112, 0.264281, 0.323003, 1, 

Generation #11
17,32,0.001, 0.0165, 0.0222188, 0.0247514, 0.0274039, 0.0557642, 0.146572, 0.202802, 0.930233, 1, 

19,6,0.001, 0.0411804, 0.0946759, 0.107647, 0.112679, 0.158854, 0.193905, 0.207112, 0.264281, 0.323003, 1, 

Generation #12
17,6,0.001, 0.0458786, 0.0772265, 0.0877231, 0.147225, 0.209345, 0.391638, 0.207112, 0.207134, 1, 

Generation #13
17,6,0.001, 0.0458786, 0.0772265, 0.0877231, 0.147225, 0.209345, 0.391638, 0.207112, 0.207134, 1, 

Generation #14
17,6,0.001, 0.0458786, 0.0772265, 0.0877231, 0.147225, 0.209345, 0.391638, 0.207112, 0.207134, 1, 

Generation #15
17,6,0.001, 0.0458786, 0.0772265, 0.0877231, 0.147225, 0.209345, 0.391638, 0.207112, 0.207134, 1, 

Generation #16
17,6,0.001, 0.0458786, 0.0772265, 0.0877231, 0.147225, 0.209345, 0.391638, 0.207112, 0.207134, 1, 

Generation #17
17,6,0.001, 0.0458786, 0.0772265, 0.0877231, 0.147225, 0.209345, 0.391638, 0.207112, 0.207134, 1, 

Generation #18
17,6,0.001, 0.0458786, 0.0772265, 0.0877231, 0.147225, 0.209345, 0.391638, 0.207112, 0.207134, 1, 

Generation #19
17,6,0.001, 0.0458786, 0.0772265, 0.0877231, 0.147225, 0.209345, 0.391638, 0.207112, 0.207134, 1, 

Generation #20
17,6,0.001, 0.0458786, 0.0772265, 0.0877231, 0.147225, 0.209345, 0.391638, 0.207112, 0.207134, 1, 

Generation #21
17,6,0.001, 0.0458786, 0.0772265, 0.0877231, 0.147225, 0.209345, 0.391638, 0.207112, 0.207134, 1, 

Generation #22
17,6,0.001, 0.0458786, 0.0772265, 0.0877231, 0.147225, 0.209345, 0.391638, 0.207112, 0.207134, 1, 

Generation #23
17,6,0.001, 0.0458786, 0.0772265, 0.0877231, 0.147225, 0.209345, 0.391638, 0.207112, 0.207134, 1, 

Generation #24
17,6,0.001, 0.0458786, 0.0772265, 0.0877231, 0.147225, 0.209345, 0.391638, 0.207112, 0.207134, 1, 

Generation #25
17,6,0.001, 0.0458786, 0.0772265, 0.0877231, 0.147225, 0.209345, 0.391638, 0.207112, 0.207134, 1, 

Generation #26
17,6,0.001, 0.0458786, 0.0772265, 0.0877231, 0.147225, 0.209345, 0.391638, 0.207112, 0.207134, 1, 

Generation #27
17,6,0.001, 0.0458786, 0.0772265, 0.0877231, 0.147225, 0.209345, 0.391638, 0.207112, 0.207134, 1, 

Generation #28
17,6,0.001, 0.0458786, 0.0772265, 0.0877231, 0.147225, 0.209345, 0.391638, 0.207112, 0.207134, 1, 

Generation #29
17,6,0.001, 0.0458786, 0.0772265, 0.0877231, 0.147225, 0.209345, 0.391638, 0.207112, 0.207134, 1, 

Generation #30
17,6,0.001, 0.0458786, 0.0772265, 0.0877231, 0.147225, 0.209345, 0.391638, 0.207112, 0.207134, 1, 

Generation #31
17,6,0.001, 0.0458786, 0.0772265, 0.0877231, 0.147225, 0.209345, 0.391638, 0.207112, 0.207134, 1, 

Generation #32
17,6,0.001, 0.0458786, 0.0772265, 0.0877231, 0.147225, 0.209345, 0.391638, 0.207112, 0.207134, 1, 

Generation #33
17,6,0.001, 0.0458786, 0.0772265, 0.0877231, 0.147225, 0.209345, 0.391638, 0.207112, 0.207134, 1, 

Generation #34
17,6,0.001, 0.0458786, 0.0772265, 0.0877231, 0.147225, 0.209345, 0.391638, 0.207112, 0.207134, 1, 

Generation #35
17,6,0.001, 0.0458786, 0.0772265, 0.0877231, 0.147225, 0.209345, 0.391638, 0.207112, 0.207134, 1, 

Generation #36
17,6,0.001, 0.0458786, 0.0772265, 0.0877231, 0.147225, 0.209345, 0.391638, 0.207112, 0.207134, 1, 

Generation #37
17,6,0.001, 0.0458786, 0.0772265, 0.0877231, 0.147225, 0.209345, 0.391638, 0.207112, 0.207134, 1, 

Generation #38
17,6,0.001, 0.0458786, 0.0772265, 0.0877231, 0.147225, 0.209345, 0.391638, 0.207112, 0.207134, 1, 

Generation #39
17,6,0.001, 0.0458786, 0.0772265, 0.0877231, 0.147225, 0.209345, 0.391638, 0.207112, 0.207134, 1, 

Generation #40
17,6,0.001, 0.0458786, 0.0772265, 0.0877231, 0.147225, 0.209345, 0.391638, 0.207112, 0.207134, 1, 

Generation #41
17,6,0.001, 0.0458786, 0.0772265, 0.0877231, 0.147225, 0.209345, 0.391638, 0.207112, 0.207134, 1, 

Generation #42
17,6,0.001, 0.0458786, 0.0772265, 0.0877231, 0.147225, 0.209345, 0.391638, 0.207112, 0.207134, 1, 

Generation #43
17,6,0.001, 0.0458786, 0.0772265, 0.0877231, 0.147225, 0.209345, 0.391638, 0.207112, 0.207134, 1, 

16,17,0.001, 0.0481542, 0.0507707, 0.0673971, 0.143356, 0.170553, 0.185085, 0.249209, 0.668593, 1, 

Generation #44
17,6,0.001, 0.0458786, 0.0772265, 0.0877231, 0.147225, 0.209345, 0.391638, 0.207112, 0.207134, 1, 

16,17,0.001, 0.0481542, 0.0507707, 0.0673971, 0.143356, 0.170553, 0.185085, 0.249209, 0.668593, 1, 

Generation #45
17,6,0.001, 0.0458786, 0.0772265, 0.0877231, 0.147225, 0.209345, 0.391638, 0.207112, 0.207134, 1, 

16,17,0.001, 0.0481542, 0.0507707, 0.0673971, 0.143356, 0.170553, 0.185085, 0.249209, 0.668593, 1, 

21,3,0.001, 0.0537039, 0.0507707, 0.0673971, 0.0905197, 0.143356, 0.170553, 0.185085, 0.288412, 0.290271, 1, 

Generation #46
17,6,0.001, 0.0458786, 0.0772265, 0.0877231, 0.147225, 0.209345, 0.391638, 0.207112, 0.207134, 1, 

16,17,0.001, 0.0481542, 0.0507707, 0.0673971, 0.143356, 0.170553, 0.185085, 0.249209, 0.668593, 1, 

21,3,0.001, 0.0537039, 0.0507707, 0.0673971, 0.0905197, 0.143356, 0.170553, 0.185085, 0.288412, 0.290271, 1, 

Generation #47
17,6,0.001, 0.0458786, 0.0772265, 0.0877231, 0.147225, 0.209345, 0.391638, 0.207112, 0.207134, 1, 

16,17,0.001, 0.0481542, 0.0507707, 0.0673971, 0.143356, 0.170553, 0.185085, 0.249209, 0.668593, 1, 

21,3,0.001, 0.0537039, 0.0507707, 0.0673971, 0.0905197, 0.143356, 0.170553, 0.185085, 0.288412, 0.290271, 1, 

Generation #48
17,6,0.001, 0.0458786, 0.0772265, 0.0877231, 0.147225, 0.209345, 0.391638, 0.207112, 0.207134, 1, 

16,17,0.001, 0.0481542, 0.0507707, 0.0673971, 0.143356, 0.170553, 0.185085, 0.249209, 0.668593, 1, 

21,3,0.001, 0.0537039, 0.0507707, 0.0673971, 0.0905197, 0.143356, 0.170553, 0.185085, 0.288412, 0.290271, 1, 

Generation #49
17,6,0.001, 0.0458786, 0.0772265, 0.0877231, 0.147225, 0.209345, 0.391638, 0.207112, 0.207134, 1, 

16,17,0.001, 0.0481542, 0.0507707, 0.0673971, 0.143356, 0.170553, 0.185085, 0.249209, 0.668593, 1, 

21,3,0.001, 0.0537039, 0.0507707, 0.0673971, 0.0905197, 0.143356, 0.170553, 0.185085, 0.288412, 0.290271, 1, 

--- Pareto Front Solutions ---
Solution 0: N total=67 (N_initial=50, N_added=17), Time total=10 ms, Saved to: ./results/Flex_t2_l2_pareto_0.csv, percents=0.001, 0.0458786, 0.0772265, 0.0877231, 0.147225, 0.209345, 0.391638, 0.207112, 0.207134, 1, 

Solution 1: N total=66 (N_initial=50, N_added=16), Time total=21 ms, Saved to: ./results/Flex_t2_l2_pareto_1.csv, percents=0.001, 0.0481542, 0.0507707, 0.0673971, 0.143356, 0.170553, 0.185085, 0.249209, 0.668593, 1, 

Solution 2: N total=71 (N_initial=50, N_added=21), Time total=7 ms, Saved to: ./results/Flex_t2_l2_pareto_2.csv, percents=0.001, 0.0537039, 0.0507707, 0.0673971, 0.0905197, 0.143356, 0.170553, 0.185085, 0.288412, 0.290271, 1, 

------------d=1, t=2, lambda=3, filename=./evaluation/Flex/Flex_2_3.csv------------
Computing partitioned counts of d-sets...
Ready to look at pairs based on partitioned counts...
First Stage N=75, Time=4
There are 5 remaining non-locating pairs
--- Running GA Algorithm (phase2) ---
Running GA with std::execution::par
Generation #0
11,1,0.001, 0.273359, 0.422432, 0.457588, 0.532929, 0.594861, 0.667964, 0.793596, 0.828613, 0.893766, 1, 

30,0,0.001, 0.0277016, 0.0549591, 0.118272, 0.140115, 0.144767, 0.169455, 0.268421, 0.284056, 0.331687, 0.363595, 0.363757, 0.392678, 0.456517, 0.458473, 0.464609, 0.467999, 0.551004, 0.574234, 0.600595, 0.704711, 0.737279, 0.74941, 0.754258, 0.821917, 0.877554, 0.889521, 0.947858, 0.989978, 1, 

Generation #1
11,0,0.001, 0.0699516, 0.121379, 0.149232, 0.172008, 0.213292, 0.54401, 0.774025, 0.802031, 0.975428, 1, 

Generation #2
11,0,0.001, 0.0699516, 0.121379, 0.149232, 0.172008, 0.213292, 0.54401, 0.774025, 0.802031, 0.975428, 1, 

Generation #3
10,0,0.001, 0.19294, 0.311026, 0.435377, 0.452276, 0.624659, 0.659686, 0.661612, 0.743982, 1, 

Generation #4
10,0,0.001, 0.19294, 0.311026, 0.435377, 0.452276, 0.624659, 0.659686, 0.661612, 0.743982, 1, 

Generation #5
10,0,0.001, 0.19294, 0.311026, 0.435377, 0.452276, 0.624659, 0.659686, 0.661612, 0.743982, 1, 

Generation #6
8,0,0.001, 0.100728, 0.188854, 0.45848, 0.599999, 0.633207, 0.636659, 1, 

Generation #7
8,0,0.001, 0.100728, 0.188854, 0.45848, 0.599999, 0.633207, 0.636659, 1, 

Generation #8
8,0,0.001, 0.100728, 0.188854, 0.45848, 0.599999, 0.633207, 0.636659, 1, 

Generation #9
8,0,0.001, 0.100728, 0.188854, 0.45848, 0.599999, 0.633207, 0.636659, 1, 

Generation #10
7,0,0.001, 0.247889, 0.13213, 0.0114956, 0.513034, 0.636659, 1, 

Generation #11
7,0,0.001, 0.247889, 0.13213, 0.0114956, 0.513034, 0.636659, 1, 

Generation #12
7,0,0.001, 0.247889, 0.13213, 0.0114956, 0.513034, 0.636659, 1, 

Generation #13
6,0,0.001, 0.0912417, 0.195775, 0.283871, 0.599999, 1, 

Generation #14
6,0,0.001, 0.0912417, 0.195775, 0.283871, 0.599999, 1, 

Generation #15
6,0,0.001, 0.0912417, 0.195775, 0.283871, 0.599999, 1, 

Generation #16
6,0,0.001, 0.0912417, 0.195775, 0.283871, 0.599999, 1, 

Generation #17
6,0,0.001, 0.0912417, 0.195775, 0.283871, 0.599999, 1, 

Generation #18
6,0,0.001, 0.0912417, 0.195775, 0.283871, 0.599999, 1, 

Generation #19
6,0,0.001, 0.0912417, 0.195775, 0.283871, 0.599999, 1, 

Generation #20
5,0,0.195453, 0.23126, 0.382183, 1, 

Generation #21
5,0,0.195453, 0.23126, 0.382183, 1, 

Generation #22
5,0,0.195453, 0.23126, 0.382183, 1, 

Generation #23
5,0,0.195453, 0.23126, 0.382183, 1, 

Generation #24
5,0,0.195453, 0.23126, 0.382183, 1, 

Generation #25
5,0,0.195453, 0.23126, 0.382183, 1, 

Generation #26
5,0,0.195453, 0.23126, 0.382183, 1, 

Generation #27
5,0,0.195453, 0.23126, 0.382183, 1, 

4,1,0.001, 0.311026, 1, 

Generation #28
5,0,0.195453, 0.23126, 0.382183, 1, 

4,1,0.001, 0.311026, 1, 

Generation #29
5,0,0.195453, 0.23126, 0.382183, 1, 

4,1,0.001, 0.311026, 1, 

Generation #30
4,0,0.001, 0.45848, 0.077746, 1, 

Generation #31
4,0,0.001, 0.45848, 0.077746, 1, 

Generation #32
4,0,0.001, 0.45848, 0.077746, 1, 

Generation #33
4,0,0.001, 0.45848, 0.077746, 1, 

Generation #34
4,0,0.001, 0.45848, 0.077746, 1, 

Generation #35
4,0,0.001, 0.45848, 0.077746, 1, 

Generation #36
4,0,0.001, 0.45848, 0.077746, 1, 

Generation #37
4,0,0.001, 0.45848, 0.077746, 1, 

Generation #38
4,0,0.001, 0.45848, 0.077746, 1, 
