------------d=1, t=2, lambda=1, filename=./evaluation/Flex/Flex_2_1.csv------------
Computing partitioned counts of d-sets...
Ready to look at pairs based on partitioned counts...
First Stage N=26, Time=6
There are 1278 remaining non-locating pairs
--- Running GA Algorithm (phase2) ---
Running GA with std::execution::par
Generation #0
31,491,0.001, 0.142675, 0.144645, 0.243401, 0.419488, 0.422539, 0.551303, 0.673079, 0.81168, 0.95616, 0.981794, 1, 

33,240,0.001, 0.0537338, 0.106666, 0.111303, 0.348809, 0.39629, 0.452333, 0.476821, 0.529451, 0.635177, 0.648952, 0.726148, 0.943837, 0.951523, 1, 

43,154,0.001, 0.0219461, 0.0261442, 0.0262016, 0.0663368, 0.100799, 0.164494, 0.217953, 0.230267, 0.239707, 0.475426, 0.477239, 0.511489, 0.606937, 0.610299, 0.685118, 0.749872, 0.761045, 0.79815, 0.843834, 0.85952, 0.956795, 1, 

41,196,0.001, 0.0465451, 0.0638471, 0.184685, 0.402007, 0.432018, 0.437743, 0.510133, 0.559066, 0.603135, 0.659718, 0.694635, 0.729171, 0.730644, 0.735383, 0.853964, 0.915597, 0.926933, 0.928542, 0.959001, 0.973861, 0.976665, 1, 

Generation #1
31,491,0.001, 0.142675, 0.144645, 0.243401, 0.419488, 0.422539, 0.551303, 0.673079, 0.81168, 0.95616, 0.981794, 1, 

32,107,0.001, 0.0219461, 0.0261442, 0.0262016, 0.0663368, 0.100799, 0.164494, 0.217953, 0.230267, 0.239707, 0.475426, 0.477239, 0.655729, 1, 

Generation #2
32,107,0.001, 0.0219461, 0.0261442, 0.0262016, 0.0663368, 0.100799, 0.164494, 0.217953, 0.230267, 0.239707, 0.475426, 0.477239, 0.655729, 1, 

31,163,0.001, 0.0566752, 0.0752839, 0.0777061, 0.0863873, 0.182181, 0.199982, 0.212079, 0.243302, 0.251531, 0.806633, 1, 

Generation #3
32,107,0.001, 0.0219461, 0.0261442, 0.0262016, 0.0663368, 0.100799, 0.164494, 0.217953, 0.230267, 0.239707, 0.475426, 0.477239, 0.655729, 1, 

30,111,0.001, 0.0219461, 0.0261442, 0.0262016, 0.0663368, 0.100799, 0.164494, 0.217953, 0.797689, 0.831146, 0.990146, 1, 

29,117,0.001, 0.016831, 0.0528152, 0.106911, 0.119235, 0.150345, 0.17776, 0.247358, 0.299091, 0.400537, 0.930679, 1, 

41,99,0.001, 0.0219461, 0.0261442, 0.0262016, 0.0663368, 0.100799, 0.164494, 0.217953, 0.230267, 0.239707, 0.475426, 0.477239, 0.492376, 0.576229, 0.613618, 0.67643, 0.75629, 0.776041, 0.831382, 0.839098, 0.844438, 0.957415, 1, 

Generation #4
29,117,0.001, 0.016831, 0.0528152, 0.106911, 0.119235, 0.150345, 0.17776, 0.247358, 0.299091, 0.400537, 0.930679, 1, 

30,99,0.001, 0.016831, 0.0528152, 0.0980615, 0.106911, 0.119235, 0.164494, 0.217953, 0.230267, 0.239707, 0.475426, 0.477239, 0.655729, 1, 

32,80,0.001, 0.0219461, 0.0261442, 0.0262016, 0.0663368, 0.100799, 0.164494, 0.217953, 0.302584, 0.345675, 0.346068, 0.390185, 0.443204, 0.951523, 1, 

Generation #5
29,117,0.001, 0.016831, 0.0528152, 0.106911, 0.119235, 0.150345, 0.17776, 0.247358, 0.299091, 0.400537, 0.930679, 1, 

30,99,0.001, 0.016831, 0.0528152, 0.0980615, 0.106911, 0.119235, 0.164494, 0.217953, 0.230267, 0.239707, 0.475426, 0.477239, 0.655729, 1, 

32,80,0.001, 0.0219461, 0.0261442, 0.0262016, 0.0663368, 0.100799, 0.164494, 0.217953, 0.302584, 0.345675, 0.346068, 0.390185, 0.443204, 0.951523, 1, 

Generation #6
30,99,0.001, 0.016831, 0.0528152, 0.0980615, 0.106911, 0.119235, 0.164494, 0.217953, 0.230267, 0.239707, 0.475426, 0.477239, 0.655729, 1, 

32,80,0.001, 0.0219461, 0.0261442, 0.0262016, 0.0663368, 0.100799, 0.164494, 0.217953, 0.302584, 0.345675, 0.346068, 0.390185, 0.443204, 0.951523, 1, 

27,137,0.001, 0.0266537, 0.0638381, 0.103473, 0.198145, 0.510133, 0.559066, 0.603135, 1, 

29,101,0.001, 0.0219461, 0.0261442, 0.0262016, 0.0663368, 0.100799, 0.159559, 0.246779, 0.286152, 0.288977, 0.806633, 1, 

Generation #7
30,99,0.001, 0.016831, 0.0528152, 0.0980615, 0.106911, 0.119235, 0.164494, 0.217953, 0.230267, 0.239707, 0.475426, 0.477239, 0.655729, 1, 

32,80,0.001, 0.0219461, 0.0261442, 0.0262016, 0.0663368, 0.100799, 0.164494, 0.217953, 0.302584, 0.345675, 0.346068, 0.390185, 0.443204, 0.951523, 1, 

27,137,0.001, 0.0266537, 0.0638381, 0.103473, 0.198145, 0.510133, 0.559066, 0.603135, 1, 

29,101,0.001, 0.0219461, 0.0261442, 0.0262016, 0.0663368, 0.100799, 0.159559, 0.246779, 0.286152, 0.288977, 0.806633, 1, 

Generation #8
30,99,0.001, 0.016831, 0.0528152, 0.0980615, 0.106911, 0.119235, 0.164494, 0.217953, 0.230267, 0.239707, 0.475426, 0.477239, 0.655729, 1, 

32,80,0.001, 0.0219461, 0.0261442, 0.0262016, 0.0663368, 0.100799, 0.164494, 0.217953, 0.302584, 0.345675, 0.346068, 0.390185, 0.443204, 0.951523, 1, 

27,137,0.001, 0.0266537, 0.0638381, 0.103473, 0.198145, 0.510133, 0.559066, 0.603135, 1, 

29,101,0.001, 0.0219461, 0.0261442, 0.0262016, 0.0663368, 0.100799, 0.159559, 0.246779, 0.286152, 0.288977, 0.806633, 1, 

31,98,0.001, 0.0254464, 0.0392133, 0.0513067, 0.110065, 0.137015, 0.159559, 0.187127, 0.248876, 0.279032, 0.421249, 0.482314, 1, 

Generation #9
32,80,0.001, 0.0219461, 0.0261442, 0.0262016, 0.0663368, 0.100799, 0.164494, 0.217953, 0.302584, 0.345675, 0.346068, 0.390185, 0.443204, 0.951523, 1, 

27,137,0.001, 0.0266537, 0.0638381, 0.103473, 0.198145, 0.510133, 0.559066, 0.603135, 1, 

29,89,0.001, 0.0219461, 0.0261442, 0.0980615, 0.106911, 0.119235, 0.150345, 0.17776, 0.247358, 0.299091, 0.400537, 1, 

Generation #10
32,80,0.001, 0.0219461, 0.0261442, 0.0262016, 0.0663368, 0.100799, 0.164494, 0.217953, 0.302584, 0.345675, 0.346068, 0.390185, 0.443204, 0.951523, 1, 

27,137,0.001, 0.0266537, 0.0638381, 0.103473, 0.198145, 0.510133, 0.559066, 0.603135, 1, 

29,89,0.001, 0.0219461, 0.0261442, 0.0980615, 0.106911, 0.119235, 0.150345, 0.17776, 0.247358, 0.299091, 0.400537, 1, 

31,83,0.001, 0.0219461, 0.0261442, 0.0262016, 0.0663368, 0.100799, 0.164494, 0.17776, 0.247358, 0.299091, 0.400537, 1, 

Generation #11
32,80,0.001, 0.0219461, 0.0261442, 0.0262016, 0.0663368, 0.100799, 0.164494, 0.217953, 0.302584, 0.345675, 0.346068, 0.390185, 0.443204, 0.951523, 1, 

29,89,0.001, 0.0219461, 0.0261442, 0.0980615, 0.106911, 0.119235, 0.150345, 0.17776, 0.247358, 0.299091, 0.400537, 1, 

31,83,0.001, 0.0219461, 0.0261442, 0.0262016, 0.0663368, 0.100799, 0.164494, 0.17776, 0.247358, 0.299091, 0.400537, 1, 

27,100,0.001, 0.0219461, 0.0261442, 0.0262016, 0.137015, 0.159559, 0.187127, 0.248876, 0.279032, 0.421249, 0.482314, 1, 

Generation #12
32,80,0.001, 0.0219461, 0.0261442, 0.0262016, 0.0663368, 0.100799, 0.164494, 0.217953, 0.302584, 0.345675, 0.346068, 0.390185, 0.443204, 0.951523, 1, 

29,89,0.001, 0.0219461, 0.0261442, 0.0980615, 0.106911, 0.119235, 0.150345, 0.17776, 0.247358, 0.299091, 0.400537, 1, 

31,83,0.001, 0.0219461, 0.0261442, 0.0262016, 0.0663368, 0.100799, 0.164494, 0.17776, 0.247358, 0.299091, 0.400537, 1, 

27,100,0.001, 0.0219461, 0.0261442, 0.0262016, 0.137015, 0.159559, 0.187127, 0.248876, 0.279032, 0.421249, 0.482314, 1, 

Generation #13
32,80,0.001, 0.0219461, 0.0261442, 0.0262016, 0.0663368, 0.100799, 0.164494, 0.217953, 0.302584, 0.345675, 0.346068, 0.390185, 0.443204, 0.951523, 1, 

29,89,0.001, 0.0219461, 0.0261442, 0.0980615, 0.106911, 0.119235, 0.150345, 0.17776, 0.247358, 0.299091, 0.400537, 1, 

31,83,0.001, 0.0219461, 0.0261442, 0.0262016, 0.0663368, 0.100799, 0.164494, 0.17776, 0.247358, 0.299091, 0.400537, 1, 

27,100,0.001, 0.0219461, 0.0261442, 0.0262016, 0.137015, 0.159559, 0.187127, 0.248876, 0.279032, 0.421249, 0.482314, 1, 

Generation #14
32,80,0.001, 0.0219461, 0.0261442, 0.0262016, 0.0663368, 0.100799, 0.164494, 0.217953, 0.302584, 0.345675, 0.346068, 0.390185, 0.443204, 0.951523, 1, 

31,83,0.001, 0.0219461, 0.0261442, 0.0262016, 0.0663368, 0.100799, 0.164494, 0.17776, 0.247358, 0.299091, 0.400537, 1, 

27,100,0.001, 0.0219461, 0.0261442, 0.0262016, 0.137015, 0.159559, 0.187127, 0.248876, 0.279032, 0.421249, 0.482314, 1, 

29,85,0.001, 0.0219461, 0.0261442, 0.0262016, 0.0663368, 0.100799, 0.164494, 0.17776, 0.247358, 0.299091, 0.400537, 1, 

Generation #15
32,80,0.001, 0.0219461, 0.0261442, 0.0262016, 0.0663368, 0.100799, 0.164494, 0.217953, 0.302584, 0.345675, 0.346068, 0.390185, 0.443204, 0.951523, 1, 

31,83,0.001, 0.0219461, 0.0261442, 0.0262016, 0.0663368, 0.100799, 0.164494, 0.17776, 0.247358, 0.299091, 0.400537, 1, 

27,100,0.001, 0.0219461, 0.0261442, 0.0262016, 0.137015, 0.159559, 0.187127, 0.248876, 0.279032, 0.421249, 0.482314, 1, 

29,85,0.001, 0.0219461, 0.0261442, 0.0262016, 0.0663368, 0.100799, 0.164494, 0.17776, 0.247358, 0.299091, 0.400537, 1, 

28,86,0.001, 0.0219461, 0.0261442, 0.0262016, 0.0663368, 0.100799, 0.159559, 0.246779, 0.286152, 0.288977, 0.806633, 1, 

Generation #16
32,80,0.001, 0.0219461, 0.0261442, 0.0262016, 0.0663368, 0.100799, 0.164494, 0.217953, 0.302584, 0.345675, 0.346068, 0.390185, 0.443204, 0.951523, 1, 

31,83,0.001, 0.0219461, 0.0261442, 0.0262016, 0.0663368, 0.100799, 0.164494, 0.17776, 0.247358, 0.299091, 0.400537, 1, 

27,100,0.001, 0.0219461, 0.0261442, 0.0262016, 0.137015, 0.159559, 0.187127, 0.248876, 0.279032, 0.421249, 0.482314, 1, 

29,85,0.001, 0.0219461, 0.0261442, 0.0262016, 0.0663368, 0.100799, 0.164494, 0.17776, 0.247358, 0.299091, 0.400537, 1, 

28,86,0.001, 0.0219461, 0.0261442, 0.0262016, 0.0663368, 0.100799, 0.159559, 0.246779, 0.286152, 0.288977, 0.806633, 1, 

Generation #17
32,80,0.001, 0.0219461, 0.0261442, 0.0262016, 0.0663368, 0.100799, 0.164494, 0.217953, 0.302584, 0.345675, 0.346068, 0.390185, 0.443204, 0.951523, 1, 

27,81,0.001, 0.0219461, 0.0261442, 0.0262016, 0.0663368, 0.100799, 0.164494, 0.248876, 0.279032, 0.421249, 0.482314, 1, 

Generation #18
32,80,0.001, 0.0219461, 0.0261442, 0.0262016, 0.0663368, 0.100799, 0.164494, 0.217953, 0.302584, 0.345675, 0.346068, 0.390185, 0.443204, 0.951523, 1, 

27,81,0.001, 0.0219461, 0.0261442, 0.0262016, 0.0663368, 0.100799, 0.164494, 0.248876, 0.279032, 0.421249, 0.482314, 1, 

Generation #19
27,81,0.001, 0.0219461, 0.0261442, 0.0262016, 0.0663368, 0.100799, 0.164494, 0.248876, 0.279032, 0.421249, 0.482314, 1, 

31,79,0.001, 0.0219461, 0.0261442, 0.0262016, 0.0663368, 0.100799, 0.164494, 0.17776, 0.247358, 0.299091, 0.400537, 1, 

Generation #20
27,81,0.001, 0.0219461, 0.0261442, 0.0262016, 0.0663368, 0.100799, 0.164494, 0.248876, 0.279032, 0.421249, 0.482314, 1, 

31,79,0.001, 0.0219461, 0.0261442, 0.0262016, 0.0663368, 0.100799, 0.164494, 0.17776, 0.247358, 0.299091, 0.400537, 1, 

Generation #21
27,81,0.001, 0.0219461, 0.0261442, 0.0262016, 0.0663368, 0.100799, 0.164494, 0.248876, 0.279032, 0.421249, 0.482314, 1, 

31,79,0.001, 0.0219461, 0.0261442, 0.0262016, 0.0663368, 0.100799, 0.164494, 0.17776, 0.247358, 0.299091, 0.400537, 1, 

Generation #22
27,81,0.001, 0.0219461, 0.0261442, 0.0262016, 0.0663368, 0.100799, 0.164494, 0.248876, 0.279032, 0.421249, 0.482314, 1, 

31,79,0.001, 0.0219461, 0.0261442, 0.0262016, 0.0663368, 0.100799, 0.164494, 0.17776, 0.247358, 0.299091, 0.400537, 1, 

Generation #23
27,81,0.001, 0.0219461, 0.0261442, 0.0262016, 0.0663368, 0.100799, 0.164494, 0.248876, 0.279032, 0.421249, 0.482314, 1, 

31,79,0.001, 0.0219461, 0.0261442, 0.0262016, 0.0663368, 0.100799, 0.164494, 0.17776, 0.247358, 0.299091, 0.400537, 1, 

Generation #24
27,81,0.001, 0.0219461, 0.0261442, 0.0262016, 0.0663368, 0.100799, 0.164494, 0.248876, 0.279032, 0.421249, 0.482314, 1, 

31,79,0.001, 0.0219461, 0.0261442, 0.0262016, 0.0663368, 0.100799, 0.164494, 0.17776, 0.247358, 0.299091, 0.400537, 1, 

Generation #25
27,81,0.001, 0.0219461, 0.0261442, 0.0262016, 0.0663368, 0.100799, 0.164494, 0.248876, 0.279032, 0.421249, 0.482314, 1, 

31,79,0.001, 0.0219461, 0.0261442, 0.0262016, 0.0663368, 0.100799, 0.164494, 0.17776, 0.247358, 0.299091, 0.400537, 1, 

Generation #26
27,81,0.001, 0.0219461, 0.0261442, 0.0262016, 0.0663368, 0.100799, 0.164494, 0.248876, 0.279032, 0.421249, 0.482314, 1, 

31,79,0.001, 0.0219461, 0.0261442, 0.0262016, 0.0663368, 0.100799, 0.164494, 0.17776, 0.247358, 0.299091, 0.400537, 1, 

Generation #27
27,81,0.001, 0.0219461, 0.0261442, 0.0262016, 0.0663368, 0.100799, 0.164494, 0.248876, 0.279032, 0.421249, 0.482314, 1, 

31,79,0.001, 0.0219461, 0.0261442, 0.0262016, 0.0663368, 0.100799, 0.164494, 0.17776, 0.247358, 0.299091, 0.400537, 1, 

Generation #28
27,76,0.001, 0.0219461, 0.0261442, 0.0262016, 0.0663368, 0.100799, 0.164494, 0.248876, 0.279032, 0.299091, 0.400537, 1, 

Generation #29
27,76,0.001, 0.0219461, 0.0261442, 0.0262016, 0.0663368, 0.100799, 0.164494, 0.248876, 0.279032, 0.299091, 0.400537, 1, 

Generation #30
27,76,0.001, 0.0219461, 0.0261442, 0.0262016, 0.0663368, 0.100799, 0.164494, 0.248876, 0.279032, 0.299091, 0.400537, 1, 

25,85,0.001, 0.0219461, 0.0261442, 0.0262016, 0.0663368, 0.100799, 0.164494, 0.17776, 1, 

Generation #31
27,76,0.001, 0.0219461, 0.0261442, 0.0262016, 0.0663368, 0.100799, 0.164494, 0.248876, 0.279032, 0.299091, 0.400537, 1, 

25,85,0.001, 0.0219461, 0.0261442, 0.0262016, 0.0663368, 0.100799, 0.164494, 0.17776, 1, 

Generation #32
27,76,0.001, 0.0219461, 0.0261442, 0.0262016, 0.0663368, 0.100799, 0.164494, 0.248876, 0.279032, 0.299091, 0.400537, 1, 

25,85,0.001, 0.0219461, 0.0261442, 0.0262016, 0.0663368, 0.100799, 0.164494, 0.17776, 1, 

Generation #33
27,76,0.001, 0.0219461, 0.0261442, 0.0262016, 0.0663368, 0.100799, 0.164494, 0.248876, 0.279032, 0.299091, 0.400537, 1, 

25,85,0.001, 0.0219461, 0.0261442, 0.0262016, 0.0663368, 0.100799, 0.164494, 0.17776, 1, 

Generation #34
27,76,0.001, 0.0219461, 0.0261442, 0.0262016, 0.0663368, 0.100799, 0.164494, 0.248876, 0.279032, 0.299091, 0.400537, 1, 

25,85,0.001, 0.0219461, 0.0261442, 0.0262016, 0.0663368, 0.100799, 0.164494, 0.17776, 1, 

Generation #35
27,76,0.001, 0.0219461, 0.0261442, 0.0262016, 0.0663368, 0.100799, 0.164494, 0.248876, 0.279032, 0.299091, 0.400537, 1, 

25,85,0.001, 0.0219461, 0.0261442, 0.0262016, 0.0663368, 0.100799, 0.164494, 0.17776, 1, 

Generation #36
27,76,0.001, 0.0219461, 0.0261442, 0.0262016, 0.0663368, 0.100799, 0.164494, 0.248876, 0.279032, 0.299091, 0.400537, 1, 

25,85,0.001, 0.0219461, 0.0261442, 0.0262016, 0.0663368, 0.100799, 0.164494, 0.17776, 1, 

29,71,0.001, 0.0219461, 0.0261442, 0.0262016, 0.0663368, 0.100799, 0.150345, 0.0555667, 0.247358, 0.421249, 0.482314, 1, 

Generation #37
27,76,0.001, 0.0219461, 0.0261442, 0.0262016, 0.0663368, 0.100799, 0.164494, 0.248876, 0.279032, 0.299091, 0.400537, 1, 

25,85,0.001, 0.0219461, 0.0261442, 0.0262016, 0.0663368, 0.100799, 0.164494, 0.17776, 1, 

29,71,0.001, 0.0219461, 0.0261442, 0.0262016, 0.0663368, 0.100799, 0.150345, 0.0555667, 0.247358, 0.421249, 0.482314, 1, 

Generation #38
27,76,0.001, 0.0219461, 0.0261442, 0.0262016, 0.0663368, 0.100799, 0.164494, 0.248876, 0.279032, 0.299091, 0.400537, 1, 

25,85,0.001, 0.0219461, 0.0261442, 0.0262016, 0.0663368, 0.100799, 0.164494, 0.17776, 1, 

29,71,0.001, 0.0219461, 0.0261442, 0.0262016, 0.0663368, 0.100799, 0.150345, 0.0555667, 0.247358, 0.421249, 0.482314, 1, 

Generation #39
27,76,0.001, 0.0219461, 0.0261442, 0.0262016, 0.0663368, 0.100799, 0.164494, 0.248876, 0.279032, 0.299091, 0.400537, 1, 

25,85,0.001, 0.0219461, 0.0261442, 0.0262016, 0.0663368, 0.100799, 0.164494, 0.17776, 1, 

29,71,0.001, 0.0219461, 0.0261442, 0.0262016, 0.0663368, 0.100799, 0.150345, 0.0555667, 0.247358, 0.421249, 0.482314, 1, 

Generation #40
27,76,0.001, 0.0219461, 0.0261442, 0.0262016, 0.0663368, 0.100799, 0.164494, 0.248876, 0.279032, 0.299091, 0.400537, 1, 

25,85,0.001, 0.0219461, 0.0261442, 0.0262016, 0.0663368, 0.100799, 0.164494, 0.17776, 1, 

29,71,0.001, 0.0219461, 0.0261442, 0.0262016, 0.0663368, 0.100799, 0.150345, 0.0555667, 0.247358, 0.421249, 0.482314, 1, 

Generation #41
27,76,0.001, 0.0219461, 0.0261442, 0.0262016, 0.0663368, 0.100799, 0.164494, 0.248876, 0.279032, 0.299091, 0.400537, 1, 

25,85,0.001, 0.0219461, 0.0261442, 0.0262016, 0.0663368, 0.100799, 0.164494, 0.17776, 1, 

29,71,0.001, 0.0219461, 0.0261442, 0.0262016, 0.0663368, 0.100799, 0.150345, 0.0555667, 0.247358, 0.421249, 0.482314, 1, 

Generation #42
27,76,0.001, 0.0219461, 0.0261442, 0.0262016, 0.0663368, 0.100799, 0.164494, 0.248876, 0.279032, 0.299091, 0.400537, 1, 

25,85,0.001, 0.0219461, 0.0261442, 0.0262016, 0.0663368, 0.100799, 0.164494, 0.17776, 1, 

29,71,0.001, 0.0219461, 0.0261442, 0.0262016, 0.0663368, 0.100799, 0.150345, 0.0555667, 0.247358, 0.421249, 0.482314, 1, 

Generation #43
27,76,0.001, 0.0219461, 0.0261442, 0.0262016, 0.0663368, 0.100799, 0.164494, 0.248876, 0.279032, 0.299091, 0.400537, 1, 

25,85,0.001, 0.0219461, 0.0261442, 0.0262016, 0.0663368, 0.100799, 0.164494, 0.17776, 1, 

29,71,0.001, 0.0219461, 0.0261442, 0.0262016, 0.0663368, 0.100799, 0.150345, 0.0555667, 0.247358, 0.421249, 0.482314, 1, 

Generation #44
27,76,0.001, 0.0219461, 0.0261442, 0.0262016, 0.0663368, 0.100799, 0.164494, 0.248876, 0.279032, 0.299091, 0.400537, 1, 

25,85,0.001, 0.0219461, 0.0261442, 0.0262016, 0.0663368, 0.100799, 0.164494, 0.17776, 1, 

29,71,0.001, 0.0219461, 0.0261442, 0.0262016, 0.0663368, 0.100799, 0.150345, 0.0555667, 0.247358, 0.421249, 0.482314, 1, 

Generation #45
27,76,0.001, 0.0219461, 0.0261442, 0.0262016, 0.0663368, 0.100799, 0.164494, 0.248876, 0.279032, 0.299091, 0.400537, 1, 

25,85,0.001, 0.0219461, 0.0261442, 0.0262016, 0.0663368, 0.100799, 0.164494, 0.17776, 1, 

29,71,0.001, 0.0219461, 0.0261442, 0.0262016, 0.0663368, 0.100799, 0.150345, 0.0555667, 0.247358, 0.421249, 0.482314, 1, 

Generation #46
27,76,0.001, 0.0219461, 0.0261442, 0.0262016, 0.0663368, 0.100799, 0.164494, 0.248876, 0.279032, 0.299091, 0.400537, 1, 

25,85,0.001, 0.0219461, 0.0261442, 0.0262016, 0.0663368, 0.100799, 0.164494, 0.17776, 1, 

29,71,0.001, 0.0219461, 0.0261442, 0.0262016, 0.0663368, 0.100799, 0.150345, 0.0555667, 0.247358, 0.421249, 0.482314, 1, 

Generation #47
27,76,0.001, 0.0219461, 0.0261442, 0.0262016, 0.0663368, 0.100799, 0.164494, 0.248876, 0.279032, 0.299091, 0.400537, 1, 

25,85,0.001, 0.0219461, 0.0261442, 0.0262016, 0.0663368, 0.100799, 0.164494, 0.17776, 1, 

29,71,0.001, 0.0219461, 0.0261442, 0.0262016, 0.0663368, 0.100799, 0.150345, 0.0555667, 0.247358, 0.421249, 0.482314, 1, 

Generation #48
27,76,0.001, 0.0219461, 0.0261442, 0.0262016, 0.0663368, 0.100799, 0.164494, 0.248876, 0.279032, 0.299091, 0.400537, 1, 

25,85,0.001, 0.0219461, 0.0261442, 0.0262016, 0.0663368, 0.100799, 0.164494, 0.17776, 1, 

29,71,0.001, 0.0219461, 0.0261442, 0.0262016, 0.0663368, 0.100799, 0.150345, 0.0555667, 0.247358, 0.421249, 0.482314, 1, 

Generation #49
27,76,0.001, 0.0219461, 0.0261442, 0.0262016, 0.0663368, 0.100799, 0.164494, 0.248876, 0.279032, 0.299091, 0.400537, 1, 

25,85,0.001, 0.0219461, 0.0261442, 0.0262016, 0.0663368, 0.100799, 0.164494, 0.17776, 1, 

29,71,0.001, 0.0219461, 0.0261442, 0.0262016, 0.0663368, 0.100799, 0.150345, 0.0555667, 0.247358, 0.421249, 0.482314, 1, 

30,69,0.001, 0.0219461, 0.0261442, 0.0262016, 0.0663368, 0.0663368, 0.150345, 0.17776, 0.247358, 0.247358, 0.421249, 0.482314, 1, 

--- Pareto Front Solutions ---
Solution 0: N total=53 (N_initial=26, N_added=27), Time total=82 ms, Saved to: ./results/Flex_t2_l1_pareto_0.csv, percents=0.001, 0.0219461, 0.0261442, 0.0262016, 0.0663368, 0.100799, 0.164494, 0.248876, 0.279032, 0.299091, 0.400537, 1, 

Solution 1: N total=51 (N_initial=26, N_added=25), Time total=91 ms, Saved to: ./results/Flex_t2_l1_pareto_1.csv, percents=0.001, 0.0219461, 0.0261442, 0.0262016, 0.0663368, 0.100799, 0.164494, 0.17776, 1, 

Solution 2: N total=55 (N_initial=26, N_added=29), Time total=77 ms, Saved to: ./results/Flex_t2_l1_pareto_2.csv, percents=0.001, 0.0219461, 0.0261442, 0.0262016, 0.0663368, 0.100799, 0.150345, 0.0555667, 0.247358, 0.421249, 0.482314, 1, 

Solution 3: N total=56 (N_initial=26, N_added=30), Time total=75 ms, Saved to: ./results/Flex_t2_l1_pareto_3.csv, percents=0.001, 0.0219461, 0.0261442, 0.0262016, 0.0663368, 0.0663368, 0.150345, 0.17776, 0.247358, 0.247358, 0.421249, 0.482314, 1, 

------------d=1, t=2, lambda=2, filename=./evaluation/Flex/Flex_2_2.csv------------
Computing partitioned counts of d-sets...
Ready to look at pairs based on partitioned counts...
First Stage N=50, Time=4
There are 50 remaining non-locating pairs
--- Running GA Algorithm (phase2) ---
Running GA with std::execution::par
Generation #0
31,14,0.001, 0.0602547, 0.0694559, 0.0880059, 0.145906, 0.199505, 0.24611, 0.44558, 0.558454, 0.613238, 0.669441, 0.79672, 0.836539, 0.846001, 0.865656, 0.890695, 0.905849, 0.911762, 0.977541, 1, 

22,43,0.001, 0.0411617, 0.264664, 0.26729, 0.299173, 0.324904, 0.501398, 0.720048, 0.790993, 0.885214, 1, 

24,34,0.001, 0.0733127, 0.140303, 0.150188, 0.235037, 0.254996, 0.298586, 0.527865, 0.610229, 0.696351, 0.734848, 0.772214, 0.80337, 0.878855, 0.976567, 1, 

26,24,0.001, 0.0205663, 0.068155, 0.25301, 0.399653, 0.484829, 0.485644, 0.618549, 0.633787, 0.637786, 0.742871, 0.746923, 0.80814, 0.864824, 0.943343, 0.964695, 1, 

Generation #1
22,43,0.001, 0.0411617, 0.264664, 0.26729, 0.299173, 0.324904, 0.501398, 0.720048, 0.790993, 0.885214, 1, 

26,24,0.001, 0.0205663, 0.068155, 0.25301, 0.399653, 0.484829, 0.485644, 0.618549, 0.633787, 0.637786, 0.742871, 0.746923, 0.80814, 0.864824, 0.943343, 0.964695, 1, 

29,14,0.001, 0.0242544, 0.119967, 0.129265, 0.191283, 0.238541, 0.239714, 0.720261, 0.275649, 0.276999, 0.607714, 0.648917, 0.701527, 0.733706, 0.765238, 0.791754, 0.819486, 0.914842, 1, 

24,33,0.001, 0.107663, 0.178885, 0.206948, 0.21404, 0.237957, 0.271172, 0.301654, 0.336866, 0.729265, 1, 

25,31,0.001, 0.0675677, 0.0903344, 0.361693, 0.192932, 0.513922, 0.632804, 0.677367, 0.706907, 0.729265, 1, 

28,20,0.001, 0.0574651, 0.0635731, 0.0747707, 0.0765367, 0.20589, 0.250826, 0.270999, 0.564447, 0.892, 0.912935, 0.944364, 0.954577, 1, 

Generation #2
22,43,0.001, 0.0411617, 0.264664, 0.26729, 0.299173, 0.324904, 0.501398, 0.720048, 0.790993, 0.885214, 1, 

29,14,0.001, 0.0242544, 0.119967, 0.129265, 0.191283, 0.238541, 0.239714, 0.720261, 0.275649, 0.276999, 0.607714, 0.648917, 0.701527, 0.733706, 0.765238, 0.791754, 0.819486, 0.914842, 1, 

25,15,0.001, 0.0313902, 0.0389828, 0.125282, 0.194788, 0.203078, 0.409436, 0.618549, 0.633787, 0.637786, 0.742871, 0.746923, 0.939441, 1, 

23,21,0.001, 0.0563461, 0.14783, 0.14842, 0.220725, 0.230574, 0.632804, 0.677367, 0.706907, 0.729265, 1, 

Generation #3
25,15,0.001, 0.0313902, 0.0389828, 0.125282, 0.194788, 0.203078, 0.409436, 0.618549, 0.633787, 0.637786, 0.742871, 0.746923, 0.939441, 1, 

27,13,0.001, 0.0675677, 0.0903344, 0.0575371, 0.0756027, 0.150533, 0.181443, 0.189028, 0.289004, 0.369412, 0.39969, 0.455349, 0.46199, 0.498618, 0.931751, 1, 

20,17,0.001, 0.0644849, 0.0797985, 0.0914434, 0.104679, 0.199443, 0.26539, 0.414486, 0.790993, 0.885214, 1, 

Generation #4
20,17,0.001, 0.0644849, 0.0797985, 0.0914434, 0.104679, 0.199443, 0.26539, 0.414486, 0.790993, 0.885214, 1, 

23,9,0.001, 0.087615, 0.0476749, 0.0575371, 0.0756027, 0.150533, 0.181443, 0.189028, 0.289004, 0.369412, 0.39969, 0.455349, 0.46199, 0.498618, 0.931751, 1, 

38,8,0.001, 0.0721738, 0.0729187, 0.0828824, 0.133895, 0.140243, 0.141684, 0.147675, 0.234759, 0.247905, 0.25813, 0.268091, 0.285186, 0.299346, 0.51126, 0.511884, 0.563412, 0.568823, 0.585174, 0.728332, 0.739054, 0.801717, 0.805391, 0.86946, 0.885398, 0.890536, 0.391822, 0.970207, 1, 

Generation #5
23,9,0.001, 0.087615, 0.0476749, 0.0575371, 0.0756027, 0.150533, 0.181443, 0.189028, 0.289004, 0.369412, 0.39969, 0.455349, 0.46199, 0.498618, 0.931751, 1, 

38,8,0.001, 0.0721738, 0.0729187, 0.0828824, 0.133895, 0.140243, 0.141684, 0.147675, 0.234759, 0.247905, 0.25813, 0.268091, 0.285186, 0.299346, 0.51126, 0.511884, 0.563412, 0.568823, 0.585174, 0.728332, 0.739054, 0.801717, 0.805391, 0.86946, 0.885398, 0.890536, 0.391822, 0.970207, 1, 

20,13,0.001, 0.0363444, 0.0476749, 0.0575371, 0.0756027, 0.150533, 0.181443, 0.189028, 0.336866, 0.440342, 1, 

Generation #6
23,9,0.001, 0.087615, 0.0476749, 0.0575371, 0.0756027, 0.150533, 0.181443, 0.189028, 0.289004, 0.369412, 0.39969, 0.455349, 0.46199, 0.498618, 0.931751, 1, 

38,8,0.001, 0.0721738, 0.0729187, 0.0828824, 0.133895, 0.140243, 0.141684, 0.147675, 0.234759, 0.247905, 0.25813, 0.268091, 0.285186, 0.299346, 0.51126, 0.511884, 0.563412, 0.568823, 0.585174, 0.728332, 0.739054, 0.801717, 0.805391, 0.86946, 0.885398, 0.890536, 0.391822, 0.970207, 1, 

20,13,0.001, 0.0363444, 0.0476749, 0.0575371, 0.0756027, 0.150533, 0.181443, 0.189028, 0.336866, 0.440342, 1, 

Generation #7
23,9,0.001, 0.087615, 0.0476749, 0.0575371, 0.0756027, 0.150533, 0.181443, 0.189028, 0.289004, 0.369412, 0.39969, 0.455349, 0.46199, 0.498618, 0.931751, 1, 

20,13,0.001, 0.0363444, 0.0476749, 0.0575371, 0.0756027, 0.150533, 0.181443, 0.189028, 0.336866, 0.440342, 1, 

38,6,0.001, 0.0563461, 0.0729187, 0.0828824, 0.133895, 0.140243, 0.141684, 0.147675, 0.234759, 0.247905, 0.25813, 0.268091, 0.285186, 0.299346, 0.51126, 0.511884, 0.568823, 0.585174, 0.728332, 0.739054, 0.801717, 0.805391, 0.86946, 0.885398, 0.890536, 0.391822, 0.970207, 1, 

Generation #8
23,9,0.001, 0.087615, 0.0476749, 0.0575371, 0.0756027, 0.150533, 0.181443, 0.189028, 0.289004, 0.369412, 0.39969, 0.455349, 0.46199, 0.498618, 0.931751, 1, 

20,13,0.001, 0.0363444, 0.0476749, 0.0575371, 0.0756027, 0.150533, 0.181443, 0.189028, 0.336866, 0.440342, 1, 

38,6,0.001, 0.0563461, 0.0729187, 0.0828824, 0.133895, 0.140243, 0.141684, 0.147675, 0.234759, 0.247905, 0.25813, 0.268091, 0.285186, 0.299346, 0.51126, 0.511884, 0.568823, 0.585174, 0.728332, 0.739054, 0.801717, 0.805391, 0.86946, 0.885398, 0.890536, 0.391822, 0.970207, 1, 

Generation #9
38,6,0.001, 0.0563461, 0.0729187, 0.0828824, 0.133895, 0.140243, 0.141684, 0.147675, 0.234759, 0.247905, 0.25813, 0.268091, 0.285186, 0.299346, 0.51126, 0.511884, 0.568823, 0.585174, 0.728332, 0.739054, 0.801717, 0.805391, 0.86946, 0.885398, 0.890536, 0.391822, 0.970207, 1, 

20,8,0.001, 0.0363444, 0.0476749, 0.0575371, 0.0756027, 0.150533, 0.181443, 0.189028, 0.289004, 0.729265, 1, 

Generation #10
38,6,0.001, 0.0563461, 0.0729187, 0.0828824, 0.133895, 0.140243, 0.141684, 0.147675, 0.234759, 0.247905, 0.25813, 0.268091, 0.285186, 0.299346, 0.51126, 0.511884, 0.568823, 0.585174, 0.728332, 0.739054, 0.801717, 0.805391, 0.86946, 0.885398, 0.890536, 0.391822, 0.970207, 1, 

20,8,0.001, 0.0363444, 0.0476749, 0.0575371, 0.0756027, 0.150533, 0.181443, 0.189028, 0.289004, 0.729265, 1, 

25,7,0.001, 0.0574651, 0.0476749, 0.0575371, 0.0756027, 0.150533, 0.181443, 0.189028, 0.289004, 0.369412, 0.534836, 0.744042, 0.824965, 0.916425, 0.931751, 1, 

Generation #11
38,6,0.001, 0.0563461, 0.0729187, 0.0828824, 0.133895, 0.140243, 0.141684, 0.147675, 0.234759, 0.247905, 0.25813, 0.268091, 0.285186, 0.299346, 0.51126, 0.511884, 0.568823, 0.585174, 0.728332, 0.739054, 0.801717, 0.805391, 0.86946, 0.885398, 0.890536, 0.391822, 0.970207, 1, 

20,8,0.001, 0.0363444, 0.0476749, 0.0575371, 0.0756027, 0.150533, 0.181443, 0.189028, 0.289004, 0.729265, 1, 

25,7,0.001, 0.0574651, 0.0476749, 0.0575371, 0.0756027, 0.150533, 0.181443, 0.189028, 0.289004, 0.369412, 0.534836, 0.744042, 0.824965, 0.916425, 0.931751, 1, 

19,12,0.001, 0.0363444, 0.0635731, 0.135987, 0.136585, 0.258639, 0.250826, 0.270999, 0.564447, 0.729265, 1, 

18,13,0.001, 0.0363444, 0.0903344, 0.0575371, 0.0756027, 0.0836012, 0.150533, 0.181443, 0.189028, 0.289004, 1, 

Generation #12
38,6,0.001, 0.0563461, 0.0729187, 0.0828824, 0.133895, 0.140243, 0.141684, 0.147675, 0.234759, 0.247905, 0.25813, 0.268091, 0.285186, 0.299346, 0.51126, 0.511884, 0.568823, 0.585174, 0.728332, 0.739054, 0.801717, 0.805391, 0.86946, 0.885398, 0.890536, 0.391822, 0.970207, 1, 

20,8,0.001, 0.0363444, 0.0476749, 0.0575371, 0.0756027, 0.150533, 0.181443, 0.189028, 0.289004, 0.729265, 1, 

25,7,0.001, 0.0574651, 0.0476749, 0.0575371, 0.0756027, 0.150533, 0.181443, 0.189028, 0.289004, 0.369412, 0.534836, 0.744042, 0.824965, 0.916425, 0.931751, 1, 

19,12,0.001, 0.0363444, 0.0635731, 0.135987, 0.136585, 0.258639, 0.250826, 0.270999, 0.564447, 0.729265, 1, 

18,13,0.001, 0.0363444, 0.0903344, 0.0575371, 0.0756027, 0.0836012, 0.150533, 0.181443, 0.189028, 0.289004, 1, 

Generation #13
19,12,0.001, 0.0363444, 0.0635731, 0.135987, 0.136585, 0.258639, 0.250826, 0.270999, 0.564447, 0.729265, 1, 

18,13,0.001, 0.0363444, 0.0903344, 0.0575371, 0.0756027, 0.0836012, 0.150533, 0.181443, 0.189028, 0.289004, 1, 

20,3,0.001, 0.0574651, 0.0635731, 0.135987, 0.136585, 0.140243, 0.141684, 0.147675, 0.234759, 0.247905, 0.25813, 0.511036, 1, 

Generation #14
19,12,0.001, 0.0363444, 0.0635731, 0.135987, 0.136585, 0.258639, 0.250826, 0.270999, 0.564447, 0.729265, 1, 

18,13,0.001, 0.0363444, 0.0903344, 0.0575371, 0.0756027, 0.0836012, 0.150533, 0.181443, 0.189028, 0.289004, 1, 

20,3,0.001, 0.0574651, 0.0635731, 0.135987, 0.136585, 0.140243, 0.141684, 0.147675, 0.234759, 0.247905, 0.25813, 0.511036, 1, 

Generation #15
19,12,0.001, 0.0363444, 0.0635731, 0.135987, 0.136585, 0.258639, 0.250826, 0.270999, 0.564447, 0.729265, 1, 

18,13,0.001, 0.0363444, 0.0903344, 0.0575371, 0.0756027, 0.0836012, 0.150533, 0.181443, 0.189028, 0.289004, 1, 

20,3,0.001, 0.0574651, 0.0635731, 0.135987, 0.136585, 0.140243, 0.141684, 0.147675, 0.234759, 0.247905, 0.25813, 0.511036, 1, 

Generation #16
19,12,0.001, 0.0363444, 0.0635731, 0.135987, 0.136585, 0.258639, 0.250826, 0.270999, 0.564447, 0.729265, 1, 

18,13,0.001, 0.0363444, 0.0903344, 0.0575371, 0.0756027, 0.0836012, 0.150533, 0.181443, 0.189028, 0.289004, 1, 

20,3,0.001, 0.0574651, 0.0635731, 0.135987, 0.136585, 0.140243, 0.141684, 0.147675, 0.234759, 0.247905, 0.25813, 0.511036, 1, 

Generation #17
19,12,0.001, 0.0363444, 0.0635731, 0.135987, 0.136585, 0.258639, 0.250826, 0.270999, 0.564447, 0.729265, 1, 

18,13,0.001, 0.0363444, 0.0903344, 0.0575371, 0.0756027, 0.0836012, 0.150533, 0.181443, 0.189028, 0.289004, 1, 

20,3,0.001, 0.0574651, 0.0635731, 0.135987, 0.136585, 0.140243, 0.141684, 0.147675, 0.234759, 0.247905, 0.25813, 0.511036, 1, 

Generation #18
18,13,0.001, 0.0363444, 0.0903344, 0.0575371, 0.0756027, 0.0836012, 0.150533, 0.181443, 0.189028, 0.289004, 1, 

20,3,0.001, 0.0574651, 0.0635731, 0.135987, 0.136585, 0.140243, 0.141684, 0.147675, 0.234759, 0.247905, 0.25813, 0.511036, 1, 

19,10,0.001, 0.0207215, 0.034287, 0.0346265, 0.0756027, 0.150533, 0.141684, 0.147675, 0.400781, 0.729265, 1, 

Generation #19
18,13,0.001, 0.0363444, 0.0903344, 0.0575371, 0.0756027, 0.0836012, 0.150533, 0.181443, 0.189028, 0.289004, 1, 

20,3,0.001, 0.0574651, 0.0635731, 0.135987, 0.136585, 0.140243, 0.141684, 0.147675, 0.234759, 0.247905, 0.25813, 0.511036, 1, 

19,10,0.001, 0.0207215, 0.034287, 0.0346265, 0.0756027, 0.150533, 0.141684, 0.147675, 0.400781, 0.729265, 1, 

Generation #20
18,13,0.001, 0.0363444, 0.0903344, 0.0575371, 0.0756027, 0.0836012, 0.150533, 0.181443, 0.189028, 0.289004, 1, 

20,3,0.001, 0.0574651, 0.0635731, 0.135987, 0.136585, 0.140243, 0.141684, 0.147675, 0.234759, 0.247905, 0.25813, 0.511036, 1, 

19,10,0.001, 0.0207215, 0.034287, 0.0346265, 0.0756027, 0.150533, 0.141684, 0.147675, 0.400781, 0.729265, 1, 

Generation #21
18,13,0.001, 0.0363444, 0.0903344, 0.0575371, 0.0756027, 0.0836012, 0.150533, 0.181443, 0.189028, 0.289004, 1, 

20,3,0.001, 0.0574651, 0.0635731, 0.135987, 0.136585, 0.140243, 0.141684, 0.147675, 0.234759, 0.247905, 0.25813, 0.511036, 1, 

19,10,0.001, 0.0207215, 0.034287, 0.0346265, 0.0756027, 0.150533, 0.141684, 0.147675, 0.400781, 0.729265, 1, 

Generation #22
18,13,0.001, 0.0363444, 0.0903344, 0.0575371, 0.0756027, 0.0836012, 0.150533, 0.181443, 0.189028, 0.289004, 1, 

20,3,0.001, 0.0574651, 0.0635731, 0.135987, 0.136585, 0.140243, 0.141684, 0.147675, 0.234759, 0.247905, 0.25813, 0.511036, 1, 

19,10,0.001, 0.0207215, 0.034287, 0.0346265, 0.0756027, 0.150533, 0.141684, 0.147675, 0.400781, 0.729265, 1, 

Generation #23
18,13,0.001, 0.0363444, 0.0903344, 0.0575371, 0.0756027, 0.0836012, 0.150533, 0.181443, 0.189028, 0.289004, 1, 

20,3,0.001, 0.0574651, 0.0635731, 0.135987, 0.136585, 0.140243, 0.141684, 0.147675, 0.234759, 0.247905, 0.25813, 0.511036, 1, 

19,10,0.001, 0.0207215, 0.034287, 0.0346265, 0.0756027, 0.150533, 0.141684, 0.147675, 0.400781, 0.729265, 1, 

Generation #24
18,13,0.001, 0.0363444, 0.0903344, 0.0575371, 0.0756027, 0.0836012, 0.150533, 0.181443, 0.189028, 0.289004, 1, 

20,3,0.001, 0.0574651, 0.0635731, 0.135987, 0.136585, 0.140243, 0.141684, 0.147675, 0.234759, 0.247905, 0.25813, 0.511036, 1, 

19,10,0.001, 0.0207215, 0.034287, 0.0346265, 0.0756027, 0.150533, 0.141684, 0.147675, 0.400781, 0.729265, 1, 

Generation #25
18,13,0.001, 0.0363444, 0.0903344, 0.0575371, 0.0756027, 0.0836012, 0.150533, 0.181443, 0.189028, 0.289004, 1, 

20,3,0.001, 0.0574651, 0.0635731, 0.135987, 0.136585, 0.140243, 0.141684, 0.147675, 0.234759, 0.247905, 0.25813, 0.511036, 1, 

19,10,0.001, 0.0207215, 0.034287, 0.0346265, 0.0756027, 0.150533, 0.141684, 0.147675, 0.400781, 0.729265, 1, 

Generation #26
18,13,0.001, 0.0363444, 0.0903344, 0.0575371, 0.0756027, 0.0836012, 0.150533, 0.181443, 0.189028, 0.289004, 1, 

20,3,0.001, 0.0574651, 0.0635731, 0.135987, 0.136585, 0.140243, 0.141684, 0.147675, 0.234759, 0.247905, 0.25813, 0.511036, 1, 

19,10,0.001, 0.0207215, 0.034287, 0.0346265, 0.0756027, 0.150533, 0.141684, 0.147675, 0.400781, 0.729265, 1, 

Generation #27
20,3,0.001, 0.0574651, 0.0635731, 0.135987, 0.136585, 0.140243, 0.141684, 0.147675, 0.234759, 0.247905, 0.25813, 0.511036, 1, 

19,10,0.001, 0.0207215, 0.034287, 0.0346265, 0.0756027, 0.150533, 0.141684, 0.147675, 0.400781, 0.729265, 1, 

18,12,0.001, 0.0563461, 0.0729187, 0.0828824, 0.133895, 0.141684, 0.147675, 0.234759, 0.729265, 1, 

Generation #28
20,3,0.001, 0.0574651, 0.0635731, 0.135987, 0.136585, 0.140243, 0.141684, 0.147675, 0.234759, 0.247905, 0.25813, 0.511036, 1, 

19,10,0.001, 0.0207215, 0.034287, 0.0346265, 0.0756027, 0.150533, 0.141684, 0.147675, 0.400781, 0.729265, 1, 

18,12,0.001, 0.0563461, 0.0729187, 0.0828824, 0.133895, 0.141684, 0.147675, 0.234759, 0.729265, 1, 

Generation #29
20,3,0.001, 0.0574651, 0.0635731, 0.135987, 0.136585, 0.140243, 0.141684, 0.147675, 0.234759, 0.247905, 0.25813, 0.511036, 1, 

19,10,0.001, 0.0207215, 0.034287, 0.0346265, 0.0756027, 0.150533, 0.141684, 0.147675, 0.400781, 0.729265, 1, 

18,12,0.001, 0.0563461, 0.0729187, 0.0828824, 0.133895, 0.141684, 0.147675, 0.234759, 0.729265, 1, 

Generation #30
20,3,0.001, 0.0574651, 0.0635731, 0.135987, 0.136585, 0.140243, 0.141684, 0.147675, 0.234759, 0.247905, 0.25813, 0.511036, 1, 

19,10,0.001, 0.0207215, 0.034287, 0.0346265, 0.0756027, 0.150533, 0.141684, 0.147675, 0.400781, 0.729265, 1, 

18,12,0.001, 0.0563461, 0.0729187, 0.0828824, 0.133895, 0.141684, 0.147675, 0.234759, 0.729265, 1, 

Generation #31
20,3,0.001, 0.0574651, 0.0635731, 0.135987, 0.136585, 0.140243, 0.141684, 0.147675, 0.234759, 0.247905, 0.25813, 0.511036, 1, 

19,10,0.001, 0.0207215, 0.034287, 0.0346265, 0.0756027, 0.150533, 0.141684, 0.147675, 0.400781, 0.729265, 1, 

18,12,0.001, 0.0563461, 0.0729187, 0.0828824, 0.133895, 0.141684, 0.147675, 0.234759, 0.729265, 1, 

Generation #32
20,3,0.001, 0.0574651, 0.0635731, 0.135987, 0.136585, 0.140243, 0.141684, 0.147675, 0.234759, 0.247905, 0.25813, 0.511036, 1, 

19,10,0.001, 0.0207215, 0.034287, 0.0346265, 0.0756027, 0.150533, 0.141684, 0.147675, 0.400781, 0.729265, 1, 

18,12,0.001, 0.0563461, 0.0729187, 0.0828824, 0.133895, 0.141684, 0.147675, 0.234759, 0.729265, 1, 

Generation #33
20,3,0.001, 0.0574651, 0.0635731, 0.135987, 0.136585, 0.140243, 0.141684, 0.147675, 0.234759, 0.247905, 0.25813, 0.511036, 1, 

19,10,0.001, 0.0207215, 0.034287, 0.0346265, 0.0756027, 0.150533, 0.141684, 0.147675, 0.400781, 0.729265, 1, 

18,12,0.001, 0.0563461, 0.0729187, 0.0828824, 0.133895, 0.141684, 0.147675, 0.234759, 0.729265, 1, 

Generation #34
20,3,0.001, 0.0574651, 0.0635731, 0.135987, 0.136585, 0.140243, 0.141684, 0.147675, 0.234759, 0.247905, 0.25813, 0.511036, 1, 

19,10,0.001, 0.0207215, 0.034287, 0.0346265, 0.0756027, 0.150533, 0.141684, 0.147675, 0.400781, 0.729265, 1, 

18,12,0.001, 0.0563461, 0.0729187, 0.0828824, 0.133895, 0.141684, 0.147675, 0.234759, 0.729265, 1, 

Generation #35
20,3,0.001, 0.0574651, 0.0635731, 0.135987, 0.136585, 0.140243, 0.141684, 0.147675, 0.234759, 0.247905, 0.25813, 0.511036, 1, 

19,10,0.001, 0.0207215, 0.034287, 0.0346265, 0.0756027, 0.150533, 0.141684, 0.147675, 0.400781, 0.729265, 1, 

18,12,0.001, 0.0563461, 0.0729187, 0.0828824, 0.133895, 0.141684, 0.147675, 0.234759, 0.729265, 1, 

Generation #36
20,3,0.001, 0.0574651, 0.0635731, 0.135987, 0.136585, 0.140243, 0.141684, 0.147675, 0.234759, 0.247905, 0.25813, 0.511036, 1, 

18,12,0.001, 0.0563461, 0.0729187, 0.0828824, 0.133895, 0.141684, 0.147675, 0.234759, 0.729265, 1, 

19,6,0.001, 0.0563461, 0.0729187, 0.0828824, 0.0756027, 0.150533, 0.181443, 0.189028, 0.289004, 0.369412, 1, 

Generation #37
20,3,0.001, 0.0574651, 0.0635731, 0.135987, 0.136585, 0.140243, 0.141684, 0.147675, 0.234759, 0.247905, 0.25813, 0.511036, 1, 

18,12,0.001, 0.0563461, 0.0729187, 0.0828824, 0.133895, 0.141684, 0.147675, 0.234759, 0.729265, 1, 

19,6,0.001, 0.0563461, 0.0729187, 0.0828824, 0.0756027, 0.150533, 0.181443, 0.189028, 0.289004, 0.369412, 1, 

Generation #38
20,3,0.001, 0.0574651, 0.0635731, 0.135987, 0.136585, 0.140243, 0.141684, 0.147675, 0.234759, 0.247905, 0.25813, 0.511036, 1, 

18,12,0.001, 0.0563461, 0.0729187, 0.0828824, 0.133895, 0.141684, 0.147675, 0.234759, 0.729265, 1, 

19,6,0.001, 0.0563461, 0.0729187, 0.0828824, 0.0756027, 0.150533, 0.181443, 0.189028, 0.289004, 0.369412, 1, 

Generation #39
20,3,0.001, 0.0574651, 0.0635731, 0.135987, 0.136585, 0.140243, 0.141684, 0.147675, 0.234759, 0.247905, 0.25813, 0.511036, 1, 

18,12,0.001, 0.0563461, 0.0729187, 0.0828824, 0.133895, 0.141684, 0.147675, 0.234759, 0.729265, 1, 

19,6,0.001, 0.0563461, 0.0729187, 0.0828824, 0.0756027, 0.150533, 0.181443, 0.189028, 0.289004, 0.369412, 1, 

Generation #40
20,3,0.001, 0.0574651, 0.0635731, 0.135987, 0.136585, 0.140243, 0.141684, 0.147675, 0.234759, 0.247905, 0.25813, 0.511036, 1, 

18,12,0.001, 0.0563461, 0.0729187, 0.0828824, 0.133895, 0.141684, 0.147675, 0.234759, 0.729265, 1, 

19,6,0.001, 0.0563461, 0.0729187, 0.0828824, 0.0756027, 0.150533, 0.181443, 0.189028, 0.289004, 0.369412, 1, 

Generation #41
20,3,0.001, 0.0574651, 0.0635731, 0.135987, 0.136585, 0.140243, 0.141684, 0.147675, 0.234759, 0.247905, 0.25813, 0.511036, 1, 

18,12,0.001, 0.0563461, 0.0729187, 0.0828824, 0.133895, 0.141684, 0.147675, 0.234759, 0.729265, 1, 

19,6,0.001, 0.0563461, 0.0729187, 0.0828824, 0.0756027, 0.150533, 0.181443, 0.189028, 0.289004, 0.369412, 1, 

Generation #42
20,3,0.001, 0.0574651, 0.0635731, 0.135987, 0.136585, 0.140243, 0.141684, 0.147675, 0.234759, 0.247905, 0.25813, 0.511036, 1, 

19,6,0.001, 0.0563461, 0.0729187, 0.0828824, 0.0756027, 0.150533, 0.181443, 0.189028, 0.289004, 0.369412, 1, 

18,10,0.001, 0.0444692, 0.0587114, 0.135987, 0.0756027, 0.150533, 0.122866, 0.181443, 0.189028, 0.289004, 1, 

Generation #43
20,3,0.001, 0.0574651, 0.0635731, 0.135987, 0.136585, 0.140243, 0.141684, 0.147675, 0.234759, 0.247905, 0.25813, 0.511036, 1, 

19,6,0.001, 0.0563461, 0.0729187, 0.0828824, 0.0756027, 0.150533, 0.181443, 0.189028, 0.289004, 0.369412, 1, 

18,10,0.001, 0.0444692, 0.0587114, 0.135987, 0.0756027, 0.150533, 0.122866, 0.181443, 0.189028, 0.289004, 1, 

Generation #44
20,3,0.001, 0.0574651, 0.0635731, 0.135987, 0.136585, 0.140243, 0.141684, 0.147675, 0.234759, 0.247905, 0.25813, 0.511036, 1, 

19,6,0.001, 0.0563461, 0.0729187, 0.0828824, 0.0756027, 0.150533, 0.181443, 0.189028, 0.289004, 0.369412, 1, 

18,10,0.001, 0.0444692, 0.0587114, 0.135987, 0.0756027, 0.150533, 0.122866, 0.181443, 0.189028, 0.289004, 1, 

Generation #45
20,3,0.001, 0.0574651, 0.0635731, 0.135987, 0.136585, 0.140243, 0.141684, 0.147675, 0.234759, 0.247905, 0.25813, 0.511036, 1, 

19,6,0.001, 0.0563461, 0.0729187, 0.0828824, 0.0756027, 0.150533, 0.181443, 0.189028, 0.289004, 0.369412, 1, 

18,10,0.001, 0.0444692, 0.0587114, 0.135987, 0.0756027, 0.150533, 0.122866, 0.181443, 0.189028, 0.289004, 1, 

Generation #46
20,3,0.001, 0.0574651, 0.0635731, 0.135987, 0.136585, 0.140243, 0.141684, 0.147675, 0.234759, 0.247905, 0.25813, 0.511036, 1, 

19,6,0.001, 0.0563461, 0.0729187, 0.0828824, 0.0756027, 0.150533, 0.181443, 0.189028, 0.289004, 0.369412, 1, 

18,10,0.001, 0.0444692, 0.0587114, 0.135987, 0.0756027, 0.150533, 0.122866, 0.181443, 0.189028, 0.289004, 1, 

Generation #47
20,3,0.001, 0.0574651, 0.0635731, 0.135987, 0.136585, 0.140243, 0.141684, 0.147675, 0.234759, 0.247905, 0.25813, 0.511036, 1, 

19,6,0.001, 0.0563461, 0.0729187, 0.0828824, 0.0756027, 0.150533, 0.181443, 0.189028, 0.289004, 0.369412, 1, 

18,10,0.001, 0.0444692, 0.0587114, 0.135987, 0.0756027, 0.150533, 0.122866, 0.181443, 0.189028, 0.289004, 1, 

Generation #48
20,3,0.001, 0.0574651, 0.0635731, 0.135987, 0.136585, 0.140243, 0.141684, 0.147675, 0.234759, 0.247905, 0.25813, 0.511036, 1, 

19,6,0.001, 0.0563461, 0.0729187, 0.0828824, 0.0756027, 0.150533, 0.181443, 0.189028, 0.289004, 0.369412, 1, 

18,10,0.001, 0.0444692, 0.0587114, 0.135987, 0.0756027, 0.150533, 0.122866, 0.181443, 0.189028, 0.289004, 1, 

Generation #49
20,3,0.001, 0.0574651, 0.0635731, 0.135987, 0.136585, 0.140243, 0.141684, 0.147675, 0.234759, 0.247905, 0.25813, 0.511036, 1, 

19,6,0.001, 0.0563461, 0.0729187, 0.0828824, 0.0756027, 0.150533, 0.181443, 0.189028, 0.289004, 0.369412, 1, 

18,10,0.001, 0.0444692, 0.0587114, 0.135987, 0.0756027, 0.150533, 0.122866, 0.181443, 0.189028, 0.289004, 1, 

--- Pareto Front Solutions ---
Solution 0: N total=70 (N_initial=50, N_added=20), Time total=7 ms, Saved to: ./results/Flex_t2_l2_pareto_0.csv, percents=0.001, 0.0574651, 0.0635731, 0.135987, 0.136585, 0.140243, 0.141684, 0.147675, 0.234759, 0.247905, 0.25813, 0.511036, 1, 

Solution 1: N total=69 (N_initial=50, N_added=19), Time total=10 ms, Saved to: ./results/Flex_t2_l2_pareto_1.csv, percents=0.001, 0.0563461, 0.0729187, 0.0828824, 0.0756027, 0.150533, 0.181443, 0.189028, 0.289004, 0.369412, 1, 

Solution 2: N total=68 (N_initial=50, N_added=18), Time total=14 ms, Saved to: ./results/Flex_t2_l2_pareto_2.csv, percents=0.001, 0.0444692, 0.0587114, 0.135987, 0.0756027, 0.150533, 0.122866, 0.181443, 0.189028, 0.289004, 1, 

------------d=1, t=2, lambda=3, filename=./evaluation/Flex/Flex_2_3.csv------------
Computing partitioned counts of d-sets...
Ready to look at pairs based on partitioned counts...
First Stage N=75, Time=4
There are 5 remaining non-locating pairs
--- Running GA Algorithm (phase2) ---
Running GA with std::execution::par
Generation #0
11,0,0.001, 0.143813, 0.163981, 0.564308, 0.574967, 0.613548, 0.628071, 0.669112, 0.74679, 0.905062, 1, 

Generation #1
11,0,0.001, 0.143813, 0.163981, 0.564308, 0.574967, 0.613548, 0.628071, 0.669112, 0.74679, 0.905062, 1, 

Generation #2
11,0,0.001, 0.143813, 0.163981, 0.564308, 0.574967, 0.613548, 0.628071, 0.669112, 0.74679, 0.905062, 1, 

Generation #3
11,0,0.001, 0.143813, 0.163981, 0.564308, 0.574967, 0.613548, 0.628071, 0.669112, 0.74679, 0.905062, 1, 

Generation #4
11,0,0.001, 0.143813, 0.163981, 0.564308, 0.574967, 0.613548, 0.628071, 0.669112, 0.74679, 0.905062, 1, 

Generation #5
10,0,0.001, 0.170622, 0.272527, 0.301965, 0.303133, 0.41168, 0.669112, 0.74679, 0.905062, 1, 

Generation #6
10,0,0.001, 0.170622, 0.272527, 0.301965, 0.303133, 0.41168, 0.669112, 0.74679, 0.905062, 1, 

Generation #7
10,0,0.001, 0.170622, 0.272527, 0.301965, 0.303133, 0.41168, 0.669112, 0.74679, 0.905062, 1, 

Generation #8
10,0,0.001, 0.170622, 0.272527, 0.301965, 0.303133, 0.41168, 0.669112, 0.74679, 0.905062, 1, 

Generation #9
10,0,0.001, 0.170622, 0.272527, 0.301965, 0.303133, 0.41168, 0.669112, 0.74679, 0.905062, 1, 

Generation #10
10,0,0.001, 0.170622, 0.272527, 0.301965, 0.303133, 0.41168, 0.669112, 0.74679, 0.905062, 1, 

Generation #11
9,0,0.001, 0.170622, 0.272527, 0.0653232, 0.160453, 0.239168, 0.283204, 0.594506, 1, 

Generation #12
8,0,0.330685, 0.185744, 0.173091, 0.200535, 0.376862, 0.669112, 0.74679, 1, 

Generation #13
8,0,0.330685, 0.185744, 0.173091, 0.200535, 0.376862, 0.669112, 0.74679, 1, 

Generation #14
8,0,0.330685, 0.185744, 0.173091, 0.200535, 0.376862, 0.669112, 0.74679, 1, 

Generation #15
8,0,0.330685, 0.185744, 0.173091, 0.200535, 0.376862, 0.669112, 0.74679, 1, 

Generation #16
8,0,0.330685, 0.185744, 0.173091, 0.200535, 0.376862, 0.669112, 0.74679, 1, 

Generation #17
8,0,0.330685, 0.185744, 0.173091, 0.200535, 0.376862, 0.669112, 0.74679, 1, 

Generation #18
8,0,0.330685, 0.185744, 0.173091, 0.200535, 0.376862, 0.669112, 0.74679, 1, 

Generation #19
8,0,0.330685, 0.185744, 0.173091, 0.200535, 0.376862, 0.669112, 0.74679, 1, 

Generation #20
7,0,0.0349485, 0.0740245, 0.34949, 0.313121, 0.283204, 0.594506, 1, 

Generation #21
7,0,0.0349485, 0.0740245, 0.34949, 0.313121, 0.283204, 0.594506, 1, 

Generation #22
7,0,0.0349485, 0.0740245, 0.34949, 0.313121, 0.283204, 0.594506, 1, 

Generation #23
7,0,0.0349485, 0.0740245, 0.34949, 0.313121, 0.283204, 0.594506, 1, 

Generation #24
7,0,0.0349485, 0.0740245, 0.34949, 0.313121, 0.283204, 0.594506, 1, 

Generation #25
6,0,0.0349485, 0.0740245, 0.34949, 0.313121, 0.594506, 1, 

Generation #26
6,0,0.0349485, 0.0740245, 0.34949, 0.313121, 0.594506, 1, 

Generation #27
6,0,0.0349485, 0.0740245, 0.34949, 0.313121, 0.594506, 1, 

Generation #28
6,0,0.0349485, 0.0740245, 0.34949, 0.313121, 0.594506, 1, 

Generation #29
6,0,0.0349485, 0.0740245, 0.34949, 0.313121, 0.594506, 1, 

Generation #30
5,0,0.001, 0.236169, 0.292563, 0.594506, 1, 

Generation #31
5,0,0.001, 0.236169, 0.292563, 0.594506, 1, 

Generation #32
5,0,0.001, 0.236169, 0.292563, 0.594506, 1, 

Generation #33
5,0,0.001, 0.236169, 0.292563, 0.594506, 1, 

Generation #34
5,0,0.001, 0.236169, 0.292563, 0.594506, 1, 

Generation #35
4,0,0.001, 0.292563, 0.594506, 1, 

Generation #36
4,0,0.001, 0.292563, 0.594506, 1, 

Generation #37
4,0,0.001, 0.292563, 0.594506, 1, 

Generation #38
4,0,0.001, 0.292563, 0.594506, 1, 

Generation #39
4,0,0.001, 0.292563, 0.594506, 1, 

Generation #40
4,0,0.001, 0.292563, 0.594506, 1, 

Generation #41
4,0,0.001, 0.292563, 0.594506, 1, 

Generation #42
4,0,0.001, 0.292563, 0.594506, 1, 

Generation #43
4,0,0.001, 0.292563, 0.594506, 1, 

Generation #44
4,0,0.001, 0.292563, 0.594506, 1, 

Generation #45
4,0,0.001, 0.292563, 0.594506, 1, 

Generation #46
4,0,0.001, 0.292563, 0.594506, 1, 

Generation #47
4,0,0.001, 0.292563, 0.594506, 1, 

Generation #48
4,0,0.001, 0.292563, 0.594506, 1, 

Generation #49
4,0,0.001, 0.292563, 0.594506, 1, 

--- Pareto Front Solutions ---
Solution 0: N total=79 (N_initial=75, N_added=4), Time total=4 ms, Saved to: ./results/Flex_t2_l3_pareto_0.csv, percents=0.001, 0.292563, 0.594506, 1, 

------------d=1, t=2, lambda=4, filename=./evaluation/Flex/Flex_2_4.csv------------
Computing partitioned counts of d-sets...
Ready to look at pairs based on partitioned counts...
First Stage N=100, Time=4
There are 1 remaining non-locating pairs
--- Running GA Algorithm (phase2) ---
Running GA with std::execution::par
Generation #0
11,0,0.001, 0.0442894, 0.068643, 0.317288, 0.493328, 0.560206, 0.739894, 0.775506, 0.928147, 0.950445, 1, 

Generation #1
11,0,0.001, 0.0442894, 0.068643, 0.317288, 0.493328, 0.560206, 0.739894, 0.775506, 0.928147, 0.950445, 1, 

Generation #2
11,0,0.001, 0.0442894, 0.068643, 0.317288, 0.493328, 0.560206, 0.739894, 0.775506, 0.928147, 0.950445, 1, 

Generation #3
10,0,0.001, 0.0362685, 0.116017, 0.173106, 0.577966, 0.590247, 0.630551, 0.79563, 0.796239, 1, 

Generation #4
10,0,0.001, 0.0362685, 0.116017, 0.173106, 0.577966, 0.590247, 0.630551, 0.79563, 0.796239, 1, 

Generation #5
10,0,0.001, 0.0362685, 0.116017, 0.173106, 0.577966, 0.590247, 0.630551, 0.79563, 0.796239, 1, 

Generation #6
10,0,0.001, 0.0362685, 0.116017, 0.173106, 0.577966, 0.590247, 0.630551, 0.79563, 0.796239, 1, 

Generation #7
9,0,0.001, 0.0777659, 0.24264, 0.672159, 0.776061, 0.7895, 0.919024, 0.976178, 1, 

Generation #8
9,0,0.001, 0.0777659, 0.24264, 0.672159, 0.776061, 0.7895, 0.919024, 0.976178, 1, 

Generation #9
9,0,0.001, 0.0777659, 0.24264, 0.672159, 0.776061, 0.7895, 0.919024, 0.976178, 1, 

Generation #10
9,0,0.001, 0.0777659, 0.24264, 0.672159, 0.776061, 0.7895, 0.919024, 0.976178, 1, 

Generation #11
8,0,0.001, 0.0362685, 0.116017, 0.173106, 0.7895, 0.894608, 0.864023, 1, 

Generation #12
8,0,0.001, 0.0362685, 0.116017, 0.173106, 0.7895, 0.894608, 0.864023, 1, 

Generation #13
8,0,0.001, 0.0362685, 0.116017, 0.173106, 0.7895, 0.894608, 0.864023, 1, 

Generation #14
7,0,0.001, 0.0777659, 0.24264, 0.672159, 0.7895, 0.894608, 1, 

Generation #15
7,0,0.001, 0.0777659, 0.24264, 0.672159, 0.7895, 0.894608, 1, 

Generation #16
6,0,0.546044, 0.16972, 0.672159, 0.919024, 0.976178, 1, 

Generation #17
6,0,0.546044, 0.16972, 0.672159, 0.919024, 0.976178, 1, 

Generation #18
6,0,0.546044, 0.16972, 0.672159, 0.919024, 0.976178, 1, 

Generation #19
6,0,0.546044, 0.16972, 0.672159, 0.919024, 0.976178, 1, 

Generation #20
6,0,0.546044, 0.16972, 0.672159, 0.919024, 0.976178, 1, 

Generation #21
6,0,0.546044, 0.16972, 0.672159, 0.919024, 0.976178, 1, 

Generation #22
6,0,0.546044, 0.16972, 0.672159, 0.919024, 0.976178, 1, 

Generation #23
5,0,0.16972, 0.0690588, 0.919024, 0.976178, 1, 

Generation #24
5,0,0.16972, 0.0690588, 0.919024, 0.976178, 1, 

Generation #25
5,0,0.16972, 0.0690588, 0.919024, 0.976178, 1, 

Generation #26
4,0,0.546044, 0.16972, 0.0690588, 1, 

Generation #27
4,0,0.546044, 0.16972, 0.0690588, 1, 

Generation #28
4,0,0.546044, 0.16972, 0.0690588, 1, 

Generation #29
4,0,0.546044, 0.16972, 0.0690588, 1, 

Generation #30
4,0,0.546044, 0.16972, 0.0690588, 1, 

Generation #31
3,0,0.001, 0.420786, 1, 

Generation #32
3,0,0.001, 0.420786, 1, 

Generation #33
3,0,0.001, 0.420786, 1, 

Generation #34
3,0,0.001, 0.420786, 1, 

Generation #35
3,0,0.001, 0.420786, 1, 

2,1,1, 
