------------d=1, t=2, lambda=1, filename=./evaluation/Flex/Flex_2_1.csv------------
Computing partitioned counts of d-sets...
Ready to look at pairs based on partitioned counts...
First Stage N=26, Time=6
There are 1278 remaining non-locating pairs
--- Running GA Algorithm (phase2) ---
Running GA with std::execution::par
Generation #0
32,577,0.001, 0.139605, 0.219523, 0.33745, 0.371203, 0.465486, 0.467519, 0.710549, 0.845754, 0.979017, 1, 

31,626,0.001, 0.14223, 0.153706, 0.489961, 0.49157, 0.49993, 0.518898, 0.58726, 0.607083, 0.793639, 0.806633, 1, 

41,130,0.001, 0.0219461, 0.0261442, 0.0262016, 0.0663368, 0.100799, 0.164494, 0.217953, 0.230267, 0.239707, 0.475426, 0.477239, 0.511489, 0.606937, 0.610299, 0.685118, 0.749872, 0.761045, 0.79815, 0.843834, 0.85952, 0.956795, 1, 

39,182,0.001, 0.0141455, 0.0218816, 0.0456565, 0.126535, 0.171676, 0.223503, 0.360442, 0.365705, 0.45636, 0.479251, 0.508095, 0.573131, 0.69156, 0.698453, 0.828251, 0.841254, 0.951562, 1, 

40,146,0.001, 0.017851, 0.0501659, 0.0513067, 0.110065, 0.137015, 0.159559, 0.187127, 0.248876, 0.279032, 0.421249, 0.482314, 0.608711, 0.629831, 0.648283, 0.693314, 0.753794, 0.76718, 0.888482, 0.910419, 0.911522, 1, 

33,541,0.001, 0.114574, 0.207754, 0.488192, 0.608378, 0.656133, 0.80047, 0.927298, 0.950905, 0.999048, 1, 

34,310,0.001, 0.0498482, 0.216652, 0.249468, 0.280081, 0.356849, 0.456092, 0.578588, 0.814896, 0.815772, 0.872318, 0.886671, 0.887786, 1, 

36,191,0.001, 0.0485364, 0.0638381, 0.103473, 0.112512, 0.157387, 0.207509, 0.233497, 0.34024, 0.425078, 0.623749, 0.642961, 0.77327, 0.821051, 0.86027, 0.97724, 1, 

Generation #1
41,130,0.001, 0.0219461, 0.0261442, 0.0262016, 0.0663368, 0.100799, 0.164494, 0.217953, 0.230267, 0.239707, 0.475426, 0.477239, 0.511489, 0.606937, 0.610299, 0.685118, 0.749872, 0.761045, 0.79815, 0.843834, 0.85952, 0.956795, 1, 

31,135,0.001, 0.0340047, 0.0418319, 0.0980574, 0.126465, 0.20244, 0.211292, 0.212053, 0.932469, 0.993654, 1, 

46,105,0.001, 0.0234395, 0.0390873, 0.0460126, 0.10239, 0.111185, 0.134715, 0.142228, 0.147769, 0.164878, 0.182603, 0.226503, 0.233886, 0.596095, 0.216526, 0.640819, 0.656873, 0.664519, 0.701615, 0.738495, 0.747655, 0.78442, 0.791605, 0.905578, 0.938861, 0.941806, 0.973056, 1, 

51,99,0.001, 0.0219461, 0.0261442, 0.0262016, 0.0663368, 0.100799, 0.164494, 0.217953, 0.230267, 0.239707, 0.475426, 0.363569, 0.391329, 0.456397, 0.46757, 0.469434, 0.479609, 0.503741, 0.506478, 0.59103, 0.602225, 0.637, 0.664335, 0.665919, 0.696968, 0.703648, 0.826224, 0.867416, 0.996671, 1, 

45,109,0.001, 0.0266537, 0.037516, 0.040253, 0.075425, 0.14546, 0.153692, 0.211271, 0.22996, 0.248763, 0.398864, 0.409995, 0.421386, 0.447858, 0.511963, 0.604414, 0.646296, 0.649432, 0.739572, 0.741345, 0.820452, 0.829236, 0.846398, 0.914191, 0.918131, 1, 

30,273,0.001, 0.0716763, 0.102014, 0.600591, 0.714621, 0.730876, 0.740987, 0.905804, 0.913058, 0.939807, 1, 

Generation #2
30,263,0.001, 0.0735423, 0.205442, 0.220777, 0.22262, 0.436605, 0.474762, 0.492357, 0.499475, 0.939807, 1, 

41,95,0.001, 0.0141455, 0.0218816, 0.0456565, 0.126535, 0.171676, 0.223503, 0.360442, 0.365705, 0.45636, 0.479251, 0.508095, 0.573131, 0.844671, 0.850773, 0.885538, 0.898587, 0.900754, 0.901849, 0.956404, 0.996025, 1, 

31,120,0.001, 0.0266537, 0.037516, 0.040253, 0.075425, 0.14546, 0.153692, 0.905804, 0.913058, 0.939807, 1, 

Generation #3
41,95,0.001, 0.0141455, 0.0218816, 0.0456565, 0.126535, 0.171676, 0.223503, 0.360442, 0.365705, 0.45636, 0.479251, 0.508095, 0.573131, 0.844671, 0.850773, 0.885538, 0.898587, 0.900754, 0.901849, 0.956404, 0.996025, 1, 

30,114,0.001, 0.017851, 0.0501659, 0.0513067, 0.110065, 0.137015, 0.159559, 0.187127, 0.913058, 0.939807, 1, 

29,134,0.001, 0.0141455, 0.0218816, 0.0456565, 0.126535, 0.171676, 0.223503, 0.360442, 0.365705, 0.806633, 1, 

Generation #4
41,95,0.001, 0.0141455, 0.0218816, 0.0456565, 0.126535, 0.171676, 0.223503, 0.360442, 0.365705, 0.45636, 0.479251, 0.508095, 0.573131, 0.844671, 0.850773, 0.885538, 0.898587, 0.900754, 0.901849, 0.956404, 0.996025, 1, 

29,134,0.001, 0.0141455, 0.0218816, 0.0456565, 0.126535, 0.171676, 0.223503, 0.360442, 0.365705, 0.806633, 1, 

30,105,0.001, 0.017851, 0.0501659, 0.0513067, 0.110065, 0.137015, 0.135117, 0.187127, 0.393958, 0.397675, 1, 

Generation #5
41,95,0.001, 0.0141455, 0.0218816, 0.0456565, 0.126535, 0.171676, 0.223503, 0.360442, 0.365705, 0.45636, 0.479251, 0.508095, 0.573131, 0.844671, 0.850773, 0.885538, 0.898587, 0.900754, 0.901849, 0.956404, 0.996025, 1, 

30,105,0.001, 0.017851, 0.0501659, 0.0513067, 0.110065, 0.137015, 0.135117, 0.187127, 0.393958, 0.397675, 1, 

27,133,0.001, 0.0141455, 0.0218816, 0.0456565, 0.075425, 0.14546, 0.153692, 0.842195, 0.913058, 0.939807, 1, 

31,104,0.001, 0.017851, 0.0501659, 0.0513067, 0.110065, 0.111185, 0.134715, 0.142228, 0.147769, 1, 

28,107,0.001, 0.0141455, 0.037516, 0.040253, 0.075425, 0.14546, 0.153692, 0.360442, 0.365705, 0.806633, 1, 

40,103,0.001, 0.0266537, 0.037516, 0.040253, 0.075425, 0.14546, 0.153692, 0.211271, 0.22996, 0.248763, 0.304855, 0.31975, 0.359774, 0.379474, 0.432226, 0.493915, 0.513683, 0.525324, 0.565476, 0.704687, 1, 

Generation #6
27,133,0.001, 0.0141455, 0.0218816, 0.0456565, 0.075425, 0.14546, 0.153692, 0.842195, 0.913058, 0.939807, 1, 

39,98,0.001, 0.017851, 0.0501659, 0.0513067, 0.110065, 0.137015, 0.159559, 0.187127, 0.248876, 0.279032, 0.421249, 0.482314, 0.608711, 0.629831, 0.648283, 0.693314, 0.61866, 0.649432, 1, 

32,101,0.001, 0.0254464, 0.0366954, 0.0698214, 0.126465, 0.100799, 0.164494, 0.217953, 0.365705, 0.806633, 1, 

40,94,0.001, 0.0266537, 0.037516, 0.040253, 0.075425, 0.14546, 0.153692, 0.211271, 0.22996, 0.248763, 0.304855, 0.31975, 0.54182, 0.379474, 0.432226, 0.493915, 0.513683, 0.525324, 0.565476, 0.704687, 0.713675, 1, 

28,103,0.001, 0.0266537, 0.037516, 0.040253, 0.075425, 0.14546, 0.153692, 0.211271, 0.22996, 0.248763, 1, 

26,145,0.001, 0.017851, 0.0501659, 0.0513067, 0.110065, 0.111185, 0.134715, 0.142228, 0.993654, 1, 

Generation #7
27,133,0.001, 0.0141455, 0.0218816, 0.0456565, 0.075425, 0.14546, 0.153692, 0.842195, 0.913058, 0.939807, 1, 

39,98,0.001, 0.017851, 0.0501659, 0.0513067, 0.110065, 0.137015, 0.159559, 0.187127, 0.248876, 0.279032, 0.421249, 0.482314, 0.608711, 0.629831, 0.648283, 0.693314, 0.61866, 0.649432, 1, 

32,101,0.001, 0.0254464, 0.0366954, 0.0698214, 0.126465, 0.100799, 0.164494, 0.217953, 0.365705, 0.806633, 1, 

40,94,0.001, 0.0266537, 0.037516, 0.040253, 0.075425, 0.14546, 0.153692, 0.211271, 0.22996, 0.248763, 0.304855, 0.31975, 0.54182, 0.379474, 0.432226, 0.493915, 0.513683, 0.525324, 0.565476, 0.704687, 0.713675, 1, 

28,103,0.001, 0.0266537, 0.037516, 0.040253, 0.075425, 0.14546, 0.153692, 0.211271, 0.22996, 0.248763, 1, 

26,145,0.001, 0.017851, 0.0501659, 0.0513067, 0.110065, 0.111185, 0.134715, 0.142228, 0.993654, 1, 

44,79,0.001, 0.017851, 0.0501659, 0.0513067, 0.110065, 0.111185, 0.134715, 0.142228, 0.147769, 0.164878, 0.182603, 0.226503, 0.233886, 0.887786, 0.216526, 0.640819, 0.656873, 0.664519, 0.701615, 0.738495, 0.747655, 0.78442, 0.791605, 0.905578, 0.786093, 0.941806, 0.973056, 1, 

Generation #8
27,133,0.001, 0.0141455, 0.0218816, 0.0456565, 0.075425, 0.14546, 0.153692, 0.842195, 0.913058, 0.939807, 1, 

39,98,0.001, 0.017851, 0.0501659, 0.0513067, 0.110065, 0.137015, 0.159559, 0.187127, 0.248876, 0.279032, 0.421249, 0.482314, 0.608711, 0.629831, 0.648283, 0.693314, 0.61866, 0.649432, 1, 

32,101,0.001, 0.0254464, 0.0366954, 0.0698214, 0.126465, 0.100799, 0.164494, 0.217953, 0.365705, 0.806633, 1, 

40,94,0.001, 0.0266537, 0.037516, 0.040253, 0.075425, 0.14546, 0.153692, 0.211271, 0.22996, 0.248763, 0.304855, 0.31975, 0.54182, 0.379474, 0.432226, 0.493915, 0.513683, 0.525324, 0.565476, 0.704687, 0.713675, 1, 

28,103,0.001, 0.0266537, 0.037516, 0.040253, 0.075425, 0.14546, 0.153692, 0.211271, 0.22996, 0.248763, 1, 

26,145,0.001, 0.017851, 0.0501659, 0.0513067, 0.110065, 0.111185, 0.134715, 0.142228, 0.993654, 1, 

44,79,0.001, 0.017851, 0.0501659, 0.0513067, 0.110065, 0.111185, 0.134715, 0.142228, 0.147769, 0.164878, 0.182603, 0.226503, 0.233886, 0.887786, 0.216526, 0.640819, 0.656873, 0.664519, 0.701615, 0.738495, 0.747655, 0.78442, 0.791605, 0.905578, 0.786093, 0.941806, 0.973056, 1, 

Generation #9
27,133,0.001, 0.0141455, 0.0218816, 0.0456565, 0.075425, 0.14546, 0.153692, 0.842195, 0.913058, 0.939807, 1, 

39,98,0.001, 0.017851, 0.0501659, 0.0513067, 0.110065, 0.137015, 0.159559, 0.187127, 0.248876, 0.279032, 0.421249, 0.482314, 0.608711, 0.629831, 0.648283, 0.693314, 0.61866, 0.649432, 1, 

32,101,0.001, 0.0254464, 0.0366954, 0.0698214, 0.126465, 0.100799, 0.164494, 0.217953, 0.365705, 0.806633, 1, 

40,94,0.001, 0.0266537, 0.037516, 0.040253, 0.075425, 0.14546, 0.153692, 0.211271, 0.22996, 0.248763, 0.304855, 0.31975, 0.54182, 0.379474, 0.432226, 0.493915, 0.513683, 0.525324, 0.565476, 0.704687, 0.713675, 1, 

28,103,0.001, 0.0266537, 0.037516, 0.040253, 0.075425, 0.14546, 0.153692, 0.211271, 0.22996, 0.248763, 1, 

26,145,0.001, 0.017851, 0.0501659, 0.0513067, 0.110065, 0.111185, 0.134715, 0.142228, 0.993654, 1, 

44,79,0.001, 0.017851, 0.0501659, 0.0513067, 0.110065, 0.111185, 0.134715, 0.142228, 0.147769, 0.164878, 0.182603, 0.226503, 0.233886, 0.887786, 0.216526, 0.640819, 0.656873, 0.664519, 0.701615, 0.738495, 0.747655, 0.78442, 0.791605, 0.905578, 0.786093, 0.941806, 0.973056, 1, 

Generation #10
27,133,0.001, 0.0141455, 0.0218816, 0.0456565, 0.075425, 0.14546, 0.153692, 0.842195, 0.913058, 0.939807, 1, 

39,98,0.001, 0.017851, 0.0501659, 0.0513067, 0.110065, 0.137015, 0.159559, 0.187127, 0.248876, 0.279032, 0.421249, 0.482314, 0.608711, 0.629831, 0.648283, 0.693314, 0.61866, 0.649432, 1, 

32,101,0.001, 0.0254464, 0.0366954, 0.0698214, 0.126465, 0.100799, 0.164494, 0.217953, 0.365705, 0.806633, 1, 

40,94,0.001, 0.0266537, 0.037516, 0.040253, 0.075425, 0.14546, 0.153692, 0.211271, 0.22996, 0.248763, 0.304855, 0.31975, 0.54182, 0.379474, 0.432226, 0.493915, 0.513683, 0.525324, 0.565476, 0.704687, 0.713675, 1, 

28,103,0.001, 0.0266537, 0.037516, 0.040253, 0.075425, 0.14546, 0.153692, 0.211271, 0.22996, 0.248763, 1, 

26,145,0.001, 0.017851, 0.0501659, 0.0513067, 0.110065, 0.111185, 0.134715, 0.142228, 0.993654, 1, 

44,79,0.001, 0.017851, 0.0501659, 0.0513067, 0.110065, 0.111185, 0.134715, 0.142228, 0.147769, 0.164878, 0.182603, 0.226503, 0.233886, 0.887786, 0.216526, 0.640819, 0.656873, 0.664519, 0.701615, 0.738495, 0.747655, 0.78442, 0.791605, 0.905578, 0.786093, 0.941806, 0.973056, 1, 

42,92,0.001, 0.017851, 0.0501659, 0.0513067, 0.110065, 0.111185, 0.134715, 0.142228, 0.147769, 0.164878, 0.182603, 0.482314, 0.608711, 0.764023, 0.629831, 0.648283, 0.693314, 0.61866, 0.739572, 0.741345, 0.820452, 0.829236, 0.846398, 0.914191, 0.918131, 1, 

Generation #11
27,133,0.001, 0.0141455, 0.0218816, 0.0456565, 0.075425, 0.14546, 0.153692, 0.842195, 0.913058, 0.939807, 1, 

40,94,0.001, 0.0266537, 0.037516, 0.040253, 0.075425, 0.14546, 0.153692, 0.211271, 0.22996, 0.248763, 0.304855, 0.31975, 0.54182, 0.379474, 0.432226, 0.493915, 0.513683, 0.525324, 0.565476, 0.704687, 0.713675, 1, 

28,103,0.001, 0.0266537, 0.037516, 0.040253, 0.075425, 0.14546, 0.153692, 0.211271, 0.22996, 0.248763, 1, 

26,145,0.001, 0.017851, 0.0501659, 0.0513067, 0.110065, 0.111185, 0.134715, 0.142228, 0.993654, 1, 

44,79,0.001, 0.017851, 0.0501659, 0.0513067, 0.110065, 0.111185, 0.134715, 0.142228, 0.147769, 0.164878, 0.182603, 0.226503, 0.233886, 0.887786, 0.216526, 0.640819, 0.656873, 0.664519, 0.701615, 0.738495, 0.747655, 0.78442, 0.791605, 0.905578, 0.786093, 0.941806, 0.973056, 1, 

42,92,0.001, 0.017851, 0.0501659, 0.0513067, 0.110065, 0.111185, 0.134715, 0.142228, 0.147769, 0.164878, 0.182603, 0.482314, 0.608711, 0.764023, 0.629831, 0.648283, 0.693314, 0.61866, 0.739572, 0.741345, 0.820452, 0.829236, 0.846398, 0.914191, 0.918131, 1, 

30,98,0.001, 0.017851, 0.0501659, 0.0513067, 0.110065, 0.111185, 0.134715, 0.142228, 0.913058, 0.939807, 1, 

Generation #12
27,133,0.001, 0.0141455, 0.0218816, 0.0456565, 0.075425, 0.14546, 0.153692, 0.842195, 0.913058, 0.939807, 1, 

40,94,0.001, 0.0266537, 0.037516, 0.040253, 0.075425, 0.14546, 0.153692, 0.211271, 0.22996, 0.248763, 0.304855, 0.31975, 0.54182, 0.379474, 0.432226, 0.493915, 0.513683, 0.525324, 0.565476, 0.704687, 0.713675, 1, 

28,103,0.001, 0.0266537, 0.037516, 0.040253, 0.075425, 0.14546, 0.153692, 0.211271, 0.22996, 0.248763, 1, 

26,145,0.001, 0.017851, 0.0501659, 0.0513067, 0.110065, 0.111185, 0.134715, 0.142228, 0.993654, 1, 

44,79,0.001, 0.017851, 0.0501659, 0.0513067, 0.110065, 0.111185, 0.134715, 0.142228, 0.147769, 0.164878, 0.182603, 0.226503, 0.233886, 0.887786, 0.216526, 0.640819, 0.656873, 0.664519, 0.701615, 0.738495, 0.747655, 0.78442, 0.791605, 0.905578, 0.786093, 0.941806, 0.973056, 1, 

42,92,0.001, 0.017851, 0.0501659, 0.0513067, 0.110065, 0.111185, 0.134715, 0.142228, 0.147769, 0.164878, 0.182603, 0.482314, 0.608711, 0.764023, 0.629831, 0.648283, 0.693314, 0.61866, 0.739572, 0.741345, 0.820452, 0.829236, 0.846398, 0.914191, 0.918131, 1, 

30,98,0.001, 0.017851, 0.0501659, 0.0513067, 0.110065, 0.111185, 0.134715, 0.142228, 0.913058, 0.939807, 1, 

29,102,0.001, 0.017851, 0.0501659, 0.040253, 0.075425, 0.14546, 0.153692, 0.211271, 0.22996, 0.248763, 1, 

37,97,0.001, 0.017851, 0.037516, 0.040253, 0.075425, 0.14546, 0.153692, 0.211271, 0.22996, 0.248763, 0.304855, 0.31975, 0.359774, 0.379474, 0.432226, 0.493915, 0.513683, 0.525324, 0.565476, 0.704687, 1, 

Generation #13
27,133,0.001, 0.0141455, 0.0218816, 0.0456565, 0.075425, 0.14546, 0.153692, 0.842195, 0.913058, 0.939807, 1, 

28,103,0.001, 0.0266537, 0.037516, 0.040253, 0.075425, 0.14546, 0.153692, 0.211271, 0.22996, 0.248763, 1, 

26,145,0.001, 0.017851, 0.0501659, 0.0513067, 0.110065, 0.111185, 0.134715, 0.142228, 0.993654, 1, 

42,92,0.001, 0.017851, 0.0501659, 0.0513067, 0.110065, 0.111185, 0.134715, 0.142228, 0.147769, 0.164878, 0.182603, 0.482314, 0.608711, 0.764023, 0.629831, 0.648283, 0.693314, 0.61866, 0.739572, 0.741345, 0.820452, 0.829236, 0.846398, 0.914191, 0.918131, 1, 

30,98,0.001, 0.017851, 0.0501659, 0.0513067, 0.110065, 0.111185, 0.134715, 0.142228, 0.913058, 0.939807, 1, 

29,102,0.001, 0.017851, 0.0501659, 0.040253, 0.075425, 0.14546, 0.153692, 0.211271, 0.22996, 0.248763, 1, 

43,78,0.001, 0.017851, 0.0501659, 0.0513067, 0.110065, 0.137015, 0.159559, 0.187127, 0.248876, 0.279032, 0.421249, 0.482314, 0.608711, 0.764023, 0.629831, 0.648283, 0.693314, 0.61866, 0.739572, 0.741345, 0.820452, 0.829236, 0.846398, 0.914191, 0.918131, 1, 

37,94,0.001, 0.017851, 0.0501659, 0.040253, 0.075425, 0.14546, 0.153692, 0.211271, 0.22996, 0.248763, 0.304855, 0.31975, 0.359774, 0.379474, 0.432226, 0.493915, 0.513683, 0.525324, 0.565476, 0.704687, 1, 

Generation #14
28,103,0.001, 0.0266537, 0.037516, 0.040253, 0.075425, 0.14546, 0.153692, 0.211271, 0.22996, 0.248763, 1, 

26,145,0.001, 0.017851, 0.0501659, 0.0513067, 0.110065, 0.111185, 0.134715, 0.142228, 0.993654, 1, 

30,98,0.001, 0.017851, 0.0501659, 0.0513067, 0.110065, 0.111185, 0.134715, 0.142228, 0.913058, 0.939807, 1, 

29,102,0.001, 0.017851, 0.0501659, 0.040253, 0.075425, 0.14546, 0.153692, 0.211271, 0.22996, 0.248763, 1, 

43,78,0.001, 0.017851, 0.0501659, 0.0513067, 0.110065, 0.137015, 0.159559, 0.187127, 0.248876, 0.279032, 0.421249, 0.482314, 0.608711, 0.764023, 0.629831, 0.648283, 0.693314, 0.61866, 0.739572, 0.741345, 0.820452, 0.829236, 0.846398, 0.914191, 0.918131, 1, 

32,88,0.001, 0.017851, 0.037516, 0.040253, 0.110065, 0.137015, 0.159559, 0.248876, 0.230267, 0.178126, 0.239707, 0.475426, 0.363569, 0.828251, 1, 

27,132,0.001, 0.017851, 0.0501659, 0.0513067, 0.110065, 0.111185, 0.134715, 0.142228, 0.913058, 0.939807, 1, 

Generation #15
28,103,0.001, 0.0266537, 0.037516, 0.040253, 0.075425, 0.14546, 0.153692, 0.211271, 0.22996, 0.248763, 1, 

26,145,0.001, 0.017851, 0.0501659, 0.0513067, 0.110065, 0.111185, 0.134715, 0.142228, 0.993654, 1, 

30,98,0.001, 0.017851, 0.0501659, 0.0513067, 0.110065, 0.111185, 0.134715, 0.142228, 0.913058, 0.939807, 1, 

29,102,0.001, 0.017851, 0.0501659, 0.040253, 0.075425, 0.14546, 0.153692, 0.211271, 0.22996, 0.248763, 1, 

43,78,0.001, 0.017851, 0.0501659, 0.0513067, 0.110065, 0.137015, 0.159559, 0.187127, 0.248876, 0.279032, 0.421249, 0.482314, 0.608711, 0.764023, 0.629831, 0.648283, 0.693314, 0.61866, 0.739572, 0.741345, 0.820452, 0.829236, 0.846398, 0.914191, 0.918131, 1, 

32,88,0.001, 0.017851, 0.037516, 0.040253, 0.110065, 0.137015, 0.159559, 0.248876, 0.230267, 0.178126, 0.239707, 0.475426, 0.363569, 0.828251, 1, 

27,132,0.001, 0.017851, 0.0501659, 0.0513067, 0.110065, 0.111185, 0.134715, 0.142228, 0.913058, 0.939807, 1, 

Generation #16
28,103,0.001, 0.0266537, 0.037516, 0.040253, 0.075425, 0.14546, 0.153692, 0.211271, 0.22996, 0.248763, 1, 

26,145,0.001, 0.017851, 0.0501659, 0.0513067, 0.110065, 0.111185, 0.134715, 0.142228, 0.993654, 1, 

30,98,0.001, 0.017851, 0.0501659, 0.0513067, 0.110065, 0.111185, 0.134715, 0.142228, 0.913058, 0.939807, 1, 

29,102,0.001, 0.017851, 0.0501659, 0.040253, 0.075425, 0.14546, 0.153692, 0.211271, 0.22996, 0.248763, 1, 

43,78,0.001, 0.017851, 0.0501659, 0.0513067, 0.110065, 0.137015, 0.159559, 0.187127, 0.248876, 0.279032, 0.421249, 0.482314, 0.608711, 0.764023, 0.629831, 0.648283, 0.693314, 0.61866, 0.739572, 0.741345, 0.820452, 0.829236, 0.846398, 0.914191, 0.918131, 1, 

32,88,0.001, 0.017851, 0.037516, 0.040253, 0.110065, 0.137015, 0.159559, 0.248876, 0.230267, 0.178126, 0.239707, 0.475426, 0.363569, 0.828251, 1, 

36,80,0.001, 0.0141455, 0.0218816, 0.0456565, 0.075425, 0.14546, 0.153692, 0.187127, 0.248876, 0.279032, 0.421249, 0.482314, 0.608711, 0.629831, 0.648283, 0.693314, 0.61866, 0.649432, 1, 

27,124,0.001, 0.017851, 0.0501659, 0.0513067, 0.213536, 0.111185, 0.134715, 0.492357, 0.993654, 1, 

Generation #17
28,103,0.001, 0.0266537, 0.037516, 0.040253, 0.075425, 0.14546, 0.153692, 0.211271, 0.22996, 0.248763, 1, 

26,145,0.001, 0.017851, 0.0501659, 0.0513067, 0.110065, 0.111185, 0.134715, 0.142228, 0.993654, 1, 

29,102,0.001, 0.017851, 0.0501659, 0.040253, 0.075425, 0.14546, 0.153692, 0.211271, 0.22996, 0.248763, 1, 

43,78,0.001, 0.017851, 0.0501659, 0.0513067, 0.110065, 0.137015, 0.159559, 0.187127, 0.248876, 0.279032, 0.421249, 0.482314, 0.608711, 0.764023, 0.629831, 0.648283, 0.693314, 0.61866, 0.739572, 0.741345, 0.820452, 0.829236, 0.846398, 0.914191, 0.918131, 1, 

32,88,0.001, 0.017851, 0.037516, 0.040253, 0.110065, 0.137015, 0.159559, 0.248876, 0.230267, 0.178126, 0.239707, 0.475426, 0.363569, 0.828251, 1, 

36,80,0.001, 0.0141455, 0.0218816, 0.0456565, 0.075425, 0.14546, 0.153692, 0.187127, 0.248876, 0.279032, 0.421249, 0.482314, 0.608711, 0.629831, 0.648283, 0.693314, 0.61866, 0.649432, 1, 

30,91,0.001, 0.017851, 0.037516, 0.0513067, 0.110065, 0.111185, 0.134715, 0.142228, 0.913058, 0.939807, 1, 

27,116,0.001, 0.0254464, 0.0366954, 0.0698214, 0.126465, 0.111185, 0.142228, 0.147769, 1, 

Generation #18
26,145,0.001, 0.017851, 0.0501659, 0.0513067, 0.110065, 0.111185, 0.134715, 0.142228, 0.993654, 1, 

43,78,0.001, 0.017851, 0.0501659, 0.0513067, 0.110065, 0.137015, 0.159559, 0.187127, 0.248876, 0.279032, 0.421249, 0.482314, 0.608711, 0.764023, 0.629831, 0.648283, 0.693314, 0.61866, 0.739572, 0.741345, 0.820452, 0.829236, 0.846398, 0.914191, 0.918131, 1, 

36,80,0.001, 0.0141455, 0.0218816, 0.0456565, 0.075425, 0.14546, 0.153692, 0.187127, 0.248876, 0.279032, 0.421249, 0.482314, 0.608711, 0.629831, 0.648283, 0.693314, 0.61866, 0.649432, 1, 

27,90,0.001, 0.017851, 0.0501659, 0.0513067, 0.110065, 0.111185, 0.134715, 0.142228, 1, 

30,87,0.001, 0.017851, 0.0501659, 0.040253, 0.075425, 0.14546, 0.153692, 0.211271, 0.22996, 0.248763, 1, 

Generation #19
26,145,0.001, 0.017851, 0.0501659, 0.0513067, 0.110065, 0.111185, 0.134715, 0.142228, 0.993654, 1, 

43,78,0.001, 0.017851, 0.0501659, 0.0513067, 0.110065, 0.137015, 0.159559, 0.187127, 0.248876, 0.279032, 0.421249, 0.482314, 0.608711, 0.764023, 0.629831, 0.648283, 0.693314, 0.61866, 0.739572, 0.741345, 0.820452, 0.829236, 0.846398, 0.914191, 0.918131, 1, 

36,80,0.001, 0.0141455, 0.0218816, 0.0456565, 0.075425, 0.14546, 0.153692, 0.187127, 0.248876, 0.279032, 0.421249, 0.482314, 0.608711, 0.629831, 0.648283, 0.693314, 0.61866, 0.649432, 1, 

27,90,0.001, 0.017851, 0.0501659, 0.0513067, 0.110065, 0.111185, 0.134715, 0.142228, 1, 

30,87,0.001, 0.017851, 0.0501659, 0.040253, 0.075425, 0.14546, 0.153692, 0.211271, 0.22996, 0.248763, 1, 

Generation #20
26,145,0.001, 0.017851, 0.0501659, 0.0513067, 0.110065, 0.111185, 0.134715, 0.142228, 0.993654, 1, 

43,78,0.001, 0.017851, 0.0501659, 0.0513067, 0.110065, 0.137015, 0.159559, 0.187127, 0.248876, 0.279032, 0.421249, 0.482314, 0.608711, 0.764023, 0.629831, 0.648283, 0.693314, 0.61866, 0.739572, 0.741345, 0.820452, 0.829236, 0.846398, 0.914191, 0.918131, 1, 

36,80,0.001, 0.0141455, 0.0218816, 0.0456565, 0.075425, 0.14546, 0.153692, 0.187127, 0.248876, 0.279032, 0.421249, 0.482314, 0.608711, 0.629831, 0.648283, 0.693314, 0.61866, 0.649432, 1, 

27,90,0.001, 0.017851, 0.0501659, 0.0513067, 0.110065, 0.111185, 0.134715, 0.142228, 1, 

30,87,0.001, 0.017851, 0.0501659, 0.040253, 0.075425, 0.14546, 0.153692, 0.211271, 0.22996, 0.248763, 1, 

Generation #21
26,145,0.001, 0.017851, 0.0501659, 0.0513067, 0.110065, 0.111185, 0.134715, 0.142228, 0.993654, 1, 

43,78,0.001, 0.017851, 0.0501659, 0.0513067, 0.110065, 0.137015, 0.159559, 0.187127, 0.248876, 0.279032, 0.421249, 0.482314, 0.608711, 0.764023, 0.629831, 0.648283, 0.693314, 0.61866, 0.739572, 0.741345, 0.820452, 0.829236, 0.846398, 0.914191, 0.918131, 1, 

36,80,0.001, 0.0141455, 0.0218816, 0.0456565, 0.075425, 0.14546, 0.153692, 0.187127, 0.248876, 0.279032, 0.421249, 0.482314, 0.608711, 0.629831, 0.648283, 0.693314, 0.61866, 0.649432, 1, 

27,90,0.001, 0.017851, 0.0501659, 0.0513067, 0.110065, 0.111185, 0.134715, 0.142228, 1, 

30,87,0.001, 0.017851, 0.0501659, 0.040253, 0.075425, 0.14546, 0.153692, 0.211271, 0.22996, 0.248763, 1, 

Generation #22
26,145,0.001, 0.017851, 0.0501659, 0.0513067, 0.110065, 0.111185, 0.134715, 0.142228, 0.993654, 1, 

43,78,0.001, 0.017851, 0.0501659, 0.0513067, 0.110065, 0.137015, 0.159559, 0.187127, 0.248876, 0.279032, 0.421249, 0.482314, 0.608711, 0.764023, 0.629831, 0.648283, 0.693314, 0.61866, 0.739572, 0.741345, 0.820452, 0.829236, 0.846398, 0.914191, 0.918131, 1, 

36,80,0.001, 0.0141455, 0.0218816, 0.0456565, 0.075425, 0.14546, 0.153692, 0.187127, 0.248876, 0.279032, 0.421249, 0.482314, 0.608711, 0.629831, 0.648283, 0.693314, 0.61866, 0.649432, 1, 

27,90,0.001, 0.017851, 0.0501659, 0.0513067, 0.110065, 0.111185, 0.134715, 0.142228, 1, 

30,85,0.001, 0.017851, 0.037516, 0.040253, 0.110065, 0.137015, 0.14546, 0.153692, 0.211271, 0.22996, 0.248763, 1, 

Generation #23
26,145,0.001, 0.017851, 0.0501659, 0.0513067, 0.110065, 0.111185, 0.134715, 0.142228, 0.993654, 1, 

43,78,0.001, 0.017851, 0.0501659, 0.0513067, 0.110065, 0.137015, 0.159559, 0.187127, 0.248876, 0.279032, 0.421249, 0.482314, 0.608711, 0.764023, 0.629831, 0.648283, 0.693314, 0.61866, 0.739572, 0.741345, 0.820452, 0.829236, 0.846398, 0.914191, 0.918131, 1, 

36,80,0.001, 0.0141455, 0.0218816, 0.0456565, 0.075425, 0.14546, 0.153692, 0.187127, 0.248876, 0.279032, 0.421249, 0.482314, 0.608711, 0.629831, 0.648283, 0.693314, 0.61866, 0.649432, 1, 

27,90,0.001, 0.017851, 0.0501659, 0.0513067, 0.110065, 0.111185, 0.134715, 0.142228, 1, 

30,85,0.001, 0.017851, 0.037516, 0.040253, 0.110065, 0.137015, 0.14546, 0.153692, 0.211271, 0.22996, 0.248763, 1, 

Generation #24
26,145,0.001, 0.017851, 0.0501659, 0.0513067, 0.110065, 0.111185, 0.134715, 0.142228, 0.993654, 1, 

43,78,0.001, 0.017851, 0.0501659, 0.0513067, 0.110065, 0.137015, 0.159559, 0.187127, 0.248876, 0.279032, 0.421249, 0.482314, 0.608711, 0.764023, 0.629831, 0.648283, 0.693314, 0.61866, 0.739572, 0.741345, 0.820452, 0.829236, 0.846398, 0.914191, 0.918131, 1, 

36,80,0.001, 0.0141455, 0.0218816, 0.0456565, 0.075425, 0.14546, 0.153692, 0.187127, 0.248876, 0.279032, 0.421249, 0.482314, 0.608711, 0.629831, 0.648283, 0.693314, 0.61866, 0.649432, 1, 

27,90,0.001, 0.017851, 0.0501659, 0.0513067, 0.110065, 0.111185, 0.134715, 0.142228, 1, 

30,85,0.001, 0.017851, 0.037516, 0.040253, 0.110065, 0.137015, 0.14546, 0.153692, 0.211271, 0.22996, 0.248763, 1, 

Generation #25
26,145,0.001, 0.017851, 0.0501659, 0.0513067, 0.110065, 0.111185, 0.134715, 0.142228, 0.993654, 1, 

43,78,0.001, 0.017851, 0.0501659, 0.0513067, 0.110065, 0.137015, 0.159559, 0.187127, 0.248876, 0.279032, 0.421249, 0.482314, 0.608711, 0.764023, 0.629831, 0.648283, 0.693314, 0.61866, 0.739572, 0.741345, 0.820452, 0.829236, 0.846398, 0.914191, 0.918131, 1, 

36,80,0.001, 0.0141455, 0.0218816, 0.0456565, 0.075425, 0.14546, 0.153692, 0.187127, 0.248876, 0.279032, 0.421249, 0.482314, 0.608711, 0.629831, 0.648283, 0.693314, 0.61866, 0.649432, 1, 

27,90,0.001, 0.017851, 0.0501659, 0.0513067, 0.110065, 0.111185, 0.134715, 0.142228, 1, 

28,81,0.001, 0.017851, 0.0501659, 0.040253, 0.075425, 0.14546, 0.153692, 0.211271, 0.365705, 0.499475, 0.939807, 1, 

Generation #26
26,145,0.001, 0.017851, 0.0501659, 0.0513067, 0.110065, 0.111185, 0.134715, 0.142228, 0.993654, 1, 

43,78,0.001, 0.017851, 0.0501659, 0.0513067, 0.110065, 0.137015, 0.159559, 0.187127, 0.248876, 0.279032, 0.421249, 0.482314, 0.608711, 0.764023, 0.629831, 0.648283, 0.693314, 0.61866, 0.739572, 0.741345, 0.820452, 0.829236, 0.846398, 0.914191, 0.918131, 1, 

36,80,0.001, 0.0141455, 0.0218816, 0.0456565, 0.075425, 0.14546, 0.153692, 0.187127, 0.248876, 0.279032, 0.421249, 0.482314, 0.608711, 0.629831, 0.648283, 0.693314, 0.61866, 0.649432, 1, 

27,90,0.001, 0.017851, 0.0501659, 0.0513067, 0.110065, 0.111185, 0.134715, 0.142228, 1, 

28,81,0.001, 0.017851, 0.0501659, 0.040253, 0.075425, 0.14546, 0.153692, 0.211271, 0.365705, 0.499475, 0.939807, 1, 

Generation #27
26,145,0.001, 0.017851, 0.0501659, 0.0513067, 0.110065, 0.111185, 0.134715, 0.142228, 0.993654, 1, 

43,78,0.001, 0.017851, 0.0501659, 0.0513067, 0.110065, 0.137015, 0.159559, 0.187127, 0.248876, 0.279032, 0.421249, 0.482314, 0.608711, 0.764023, 0.629831, 0.648283, 0.693314, 0.61866, 0.739572, 0.741345, 0.820452, 0.829236, 0.846398, 0.914191, 0.918131, 1, 

36,80,0.001, 0.0141455, 0.0218816, 0.0456565, 0.075425, 0.14546, 0.153692, 0.187127, 0.248876, 0.279032, 0.421249, 0.482314, 0.608711, 0.629831, 0.648283, 0.693314, 0.61866, 0.649432, 1, 

27,90,0.001, 0.017851, 0.0501659, 0.0513067, 0.110065, 0.111185, 0.134715, 0.142228, 1, 

28,81,0.001, 0.017851, 0.0501659, 0.040253, 0.075425, 0.14546, 0.153692, 0.211271, 0.365705, 0.499475, 0.939807, 1, 

Generation #28
26,145,0.001, 0.017851, 0.0501659, 0.0513067, 0.110065, 0.111185, 0.134715, 0.142228, 0.993654, 1, 

43,78,0.001, 0.017851, 0.0501659, 0.0513067, 0.110065, 0.137015, 0.159559, 0.187127, 0.248876, 0.279032, 0.421249, 0.482314, 0.608711, 0.764023, 0.629831, 0.648283, 0.693314, 0.61866, 0.739572, 0.741345, 0.820452, 0.829236, 0.846398, 0.914191, 0.918131, 1, 

36,80,0.001, 0.0141455, 0.0218816, 0.0456565, 0.075425, 0.14546, 0.153692, 0.187127, 0.248876, 0.279032, 0.421249, 0.482314, 0.608711, 0.629831, 0.648283, 0.693314, 0.61866, 0.649432, 1, 

27,90,0.001, 0.017851, 0.0501659, 0.0513067, 0.110065, 0.111185, 0.134715, 0.142228, 1, 

28,81,0.001, 0.017851, 0.0501659, 0.040253, 0.075425, 0.14546, 0.153692, 0.211271, 0.365705, 0.499475, 0.939807, 1, 

Generation #29
26,145,0.001, 0.017851, 0.0501659, 0.0513067, 0.110065, 0.111185, 0.134715, 0.142228, 0.993654, 1, 

43,78,0.001, 0.017851, 0.0501659, 0.0513067, 0.110065, 0.137015, 0.159559, 0.187127, 0.248876, 0.279032, 0.421249, 0.482314, 0.608711, 0.764023, 0.629831, 0.648283, 0.693314, 0.61866, 0.739572, 0.741345, 0.820452, 0.829236, 0.846398, 0.914191, 0.918131, 1, 

36,80,0.001, 0.0141455, 0.0218816, 0.0456565, 0.075425, 0.14546, 0.153692, 0.187127, 0.248876, 0.279032, 0.421249, 0.482314, 0.608711, 0.629831, 0.648283, 0.693314, 0.61866, 0.649432, 1, 

27,90,0.001, 0.017851, 0.0501659, 0.0513067, 0.110065, 0.111185, 0.134715, 0.142228, 1, 

28,81,0.001, 0.017851, 0.0501659, 0.040253, 0.075425, 0.14546, 0.153692, 0.211271, 0.365705, 0.499475, 0.939807, 1, 

Generation #30
26,145,0.001, 0.017851, 0.0501659, 0.0513067, 0.110065, 0.111185, 0.134715, 0.142228, 0.993654, 1, 

43,78,0.001, 0.017851, 0.0501659, 0.0513067, 0.110065, 0.137015, 0.159559, 0.187127, 0.248876, 0.279032, 0.421249, 0.482314, 0.608711, 0.764023, 0.629831, 0.648283, 0.693314, 0.61866, 0.739572, 0.741345, 0.820452, 0.829236, 0.846398, 0.914191, 0.918131, 1, 

27,90,0.001, 0.017851, 0.0501659, 0.0513067, 0.110065, 0.111185, 0.134715, 0.142228, 1, 

28,81,0.001, 0.017851, 0.0501659, 0.040253, 0.075425, 0.14546, 0.153692, 0.211271, 0.365705, 0.499475, 0.939807, 1, 

30,80,0.001, 0.017851, 0.0501659, 0.0513067, 0.110065, 0.164494, 0.217953, 0.230267, 0.239707, 0.475426, 1, 

Generation #31
26,145,0.001, 0.017851, 0.0501659, 0.0513067, 0.110065, 0.111185, 0.134715, 0.142228, 0.993654, 1, 

43,78,0.001, 0.017851, 0.0501659, 0.0513067, 0.110065, 0.137015, 0.159559, 0.187127, 0.248876, 0.279032, 0.421249, 0.482314, 0.608711, 0.764023, 0.629831, 0.648283, 0.693314, 0.61866, 0.739572, 0.741345, 0.820452, 0.829236, 0.846398, 0.914191, 0.918131, 1, 

27,90,0.001, 0.017851, 0.0501659, 0.0513067, 0.110065, 0.111185, 0.134715, 0.142228, 1, 

28,81,0.001, 0.017851, 0.0501659, 0.040253, 0.075425, 0.14546, 0.153692, 0.211271, 0.365705, 0.499475, 0.939807, 1, 

30,80,0.001, 0.017851, 0.0501659, 0.0513067, 0.110065, 0.164494, 0.217953, 0.230267, 0.239707, 0.475426, 1, 

Generation #32
26,145,0.001, 0.017851, 0.0501659, 0.0513067, 0.110065, 0.111185, 0.134715, 0.142228, 0.993654, 1, 

43,78,0.001, 0.017851, 0.0501659, 0.0513067, 0.110065, 0.137015, 0.159559, 0.187127, 0.248876, 0.279032, 0.421249, 0.482314, 0.608711, 0.764023, 0.629831, 0.648283, 0.693314, 0.61866, 0.739572, 0.741345, 0.820452, 0.829236, 0.846398, 0.914191, 0.918131, 1, 

27,90,0.001, 0.017851, 0.0501659, 0.0513067, 0.110065, 0.111185, 0.134715, 0.142228, 1, 

28,81,0.001, 0.017851, 0.0501659, 0.040253, 0.075425, 0.14546, 0.153692, 0.211271, 0.365705, 0.499475, 0.939807, 1, 

30,80,0.001, 0.017851, 0.0501659, 0.0513067, 0.110065, 0.164494, 0.217953, 0.230267, 0.239707, 0.475426, 1, 

Generation #33
26,145,0.001, 0.017851, 0.0501659, 0.0513067, 0.110065, 0.111185, 0.134715, 0.142228, 0.993654, 1, 

43,78,0.001, 0.017851, 0.0501659, 0.0513067, 0.110065, 0.137015, 0.159559, 0.187127, 0.248876, 0.279032, 0.421249, 0.482314, 0.608711, 0.764023, 0.629831, 0.648283, 0.693314, 0.61866, 0.739572, 0.741345, 0.820452, 0.829236, 0.846398, 0.914191, 0.918131, 1, 

27,90,0.001, 0.017851, 0.0501659, 0.0513067, 0.110065, 0.111185, 0.134715, 0.142228, 1, 

28,81,0.001, 0.017851, 0.0501659, 0.040253, 0.075425, 0.14546, 0.153692, 0.211271, 0.365705, 0.499475, 0.939807, 1, 

30,80,0.001, 0.017851, 0.0501659, 0.0513067, 0.110065, 0.164494, 0.217953, 0.230267, 0.239707, 0.475426, 1, 

Generation #34
26,145,0.001, 0.017851, 0.0501659, 0.0513067, 0.110065, 0.111185, 0.134715, 0.142228, 0.993654, 1, 

43,78,0.001, 0.017851, 0.0501659, 0.0513067, 0.110065, 0.137015, 0.159559, 0.187127, 0.248876, 0.279032, 0.421249, 0.482314, 0.608711, 0.764023, 0.629831, 0.648283, 0.693314, 0.61866, 0.739572, 0.741345, 0.820452, 0.829236, 0.846398, 0.914191, 0.918131, 1, 

27,90,0.001, 0.017851, 0.0501659, 0.0513067, 0.110065, 0.111185, 0.134715, 0.142228, 1, 

28,81,0.001, 0.017851, 0.0501659, 0.040253, 0.075425, 0.14546, 0.153692, 0.211271, 0.365705, 0.499475, 0.939807, 1, 

30,80,0.001, 0.017851, 0.0501659, 0.0513067, 0.110065, 0.164494, 0.217953, 0.230267, 0.239707, 0.475426, 1, 

Generation #35
26,145,0.001, 0.017851, 0.0501659, 0.0513067, 0.110065, 0.111185, 0.134715, 0.142228, 0.993654, 1, 

43,78,0.001, 0.017851, 0.0501659, 0.0513067, 0.110065, 0.137015, 0.159559, 0.187127, 0.248876, 0.279032, 0.421249, 0.482314, 0.608711, 0.764023, 0.629831, 0.648283, 0.693314, 0.61866, 0.739572, 0.741345, 0.820452, 0.829236, 0.846398, 0.914191, 0.918131, 1, 

27,90,0.001, 0.017851, 0.0501659, 0.0513067, 0.110065, 0.111185, 0.134715, 0.142228, 1, 

28,81,0.001, 0.017851, 0.0501659, 0.040253, 0.075425, 0.14546, 0.153692, 0.211271, 0.365705, 0.499475, 0.939807, 1, 

30,80,0.001, 0.017851, 0.0501659, 0.0513067, 0.110065, 0.164494, 0.217953, 0.230267, 0.239707, 0.475426, 1, 

Generation #36
26,145,0.001, 0.017851, 0.0501659, 0.0513067, 0.110065, 0.111185, 0.134715, 0.142228, 0.993654, 1, 

43,78,0.001, 0.017851, 0.0501659, 0.0513067, 0.110065, 0.137015, 0.159559, 0.187127, 0.248876, 0.279032, 0.421249, 0.482314, 0.608711, 0.764023, 0.629831, 0.648283, 0.693314, 0.61866, 0.739572, 0.741345, 0.820452, 0.829236, 0.846398, 0.914191, 0.918131, 1, 

27,90,0.001, 0.017851, 0.0501659, 0.0513067, 0.110065, 0.111185, 0.134715, 0.142228, 1, 

28,81,0.001, 0.017851, 0.0501659, 0.040253, 0.075425, 0.14546, 0.153692, 0.211271, 0.365705, 0.499475, 0.939807, 1, 

30,80,0.001, 0.017851, 0.0501659, 0.0513067, 0.110065, 0.164494, 0.217953, 0.230267, 0.239707, 0.475426, 1, 

Generation #37
26,145,0.001, 0.017851, 0.0501659, 0.0513067, 0.110065, 0.111185, 0.134715, 0.142228, 0.993654, 1, 

43,78,0.001, 0.017851, 0.0501659, 0.0513067, 0.110065, 0.137015, 0.159559, 0.187127, 0.248876, 0.279032, 0.421249, 0.482314, 0.608711, 0.764023, 0.629831, 0.648283, 0.693314, 0.61866, 0.739572, 0.741345, 0.820452, 0.829236, 0.846398, 0.914191, 0.918131, 1, 

28,81,0.001, 0.017851, 0.0501659, 0.040253, 0.075425, 0.14546, 0.153692, 0.211271, 0.365705, 0.499475, 0.939807, 1, 

30,80,0.001, 0.017851, 0.0501659, 0.0513067, 0.110065, 0.164494, 0.217953, 0.230267, 0.239707, 0.475426, 1, 

27,87,0.001, 0.0219461, 0.0261442, 0.0262016, 0.0663368, 0.137015, 0.14546, 0.153692, 0.211271, 0.22996, 0.248763, 1, 

Generation #38
26,145,0.001, 0.017851, 0.0501659, 0.0513067, 0.110065, 0.111185, 0.134715, 0.142228, 0.993654, 1, 

43,78,0.001, 0.017851, 0.0501659, 0.0513067, 0.110065, 0.137015, 0.159559, 0.187127, 0.248876, 0.279032, 0.421249, 0.482314, 0.608711, 0.764023, 0.629831, 0.648283, 0.693314, 0.61866, 0.739572, 0.741345, 0.820452, 0.829236, 0.846398, 0.914191, 0.918131, 1, 

28,81,0.001, 0.017851, 0.0501659, 0.040253, 0.075425, 0.14546, 0.153692, 0.211271, 0.365705, 0.499475, 0.939807, 1, 

30,80,0.001, 0.017851, 0.0501659, 0.0513067, 0.110065, 0.164494, 0.217953, 0.230267, 0.239707, 0.475426, 1, 

27,87,0.001, 0.0219461, 0.0261442, 0.0262016, 0.0663368, 0.137015, 0.14546, 0.153692, 0.211271, 0.22996, 0.248763, 1, 

Generation #39
26,145,0.001, 0.017851, 0.0501659, 0.0513067, 0.110065, 0.111185, 0.134715, 0.142228, 0.993654, 1, 

43,78,0.001, 0.017851, 0.0501659, 0.0513067, 0.110065, 0.137015, 0.159559, 0.187127, 0.248876, 0.279032, 0.421249, 0.482314, 0.608711, 0.764023, 0.629831, 0.648283, 0.693314, 0.61866, 0.739572, 0.741345, 0.820452, 0.829236, 0.846398, 0.914191, 0.918131, 1, 

28,81,0.001, 0.017851, 0.0501659, 0.040253, 0.075425, 0.14546, 0.153692, 0.211271, 0.365705, 0.499475, 0.939807, 1, 

30,80,0.001, 0.017851, 0.0501659, 0.0513067, 0.110065, 0.164494, 0.217953, 0.230267, 0.239707, 0.475426, 1, 

27,87,0.001, 0.0219461, 0.0261442, 0.0262016, 0.0663368, 0.137015, 0.14546, 0.153692, 0.211271, 0.22996, 0.248763, 1, 

Generation #40
26,145,0.001, 0.017851, 0.0501659, 0.0513067, 0.110065, 0.111185, 0.134715, 0.142228, 0.993654, 1, 

43,78,0.001, 0.017851, 0.0501659, 0.0513067, 0.110065, 0.137015, 0.159559, 0.187127, 0.248876, 0.279032, 0.421249, 0.482314, 0.608711, 0.764023, 0.629831, 0.648283, 0.693314, 0.61866, 0.739572, 0.741345, 0.820452, 0.829236, 0.846398, 0.914191, 0.918131, 1, 

28,81,0.001, 0.017851, 0.0501659, 0.040253, 0.075425, 0.14546, 0.153692, 0.211271, 0.365705, 0.499475, 0.939807, 1, 

30,80,0.001, 0.017851, 0.0501659, 0.0513067, 0.110065, 0.164494, 0.217953, 0.230267, 0.239707, 0.475426, 1, 

27,87,0.001, 0.0219461, 0.0261442, 0.0262016, 0.0663368, 0.137015, 0.14546, 0.153692, 0.211271, 0.22996, 0.248763, 1, 

Generation #41
26,145,0.001, 0.017851, 0.0501659, 0.0513067, 0.110065, 0.111185, 0.134715, 0.142228, 0.993654, 1, 

43,78,0.001, 0.017851, 0.0501659, 0.0513067, 0.110065, 0.137015, 0.159559, 0.187127, 0.248876, 0.279032, 0.421249, 0.482314, 0.608711, 0.764023, 0.629831, 0.648283, 0.693314, 0.61866, 0.739572, 0.741345, 0.820452, 0.829236, 0.846398, 0.914191, 0.918131, 1, 

28,81,0.001, 0.017851, 0.0501659, 0.040253, 0.075425, 0.14546, 0.153692, 0.211271, 0.365705, 0.499475, 0.939807, 1, 

30,80,0.001, 0.017851, 0.0501659, 0.0513067, 0.110065, 0.164494, 0.217953, 0.230267, 0.239707, 0.475426, 1, 

27,87,0.001, 0.0219461, 0.0261442, 0.0262016, 0.0663368, 0.137015, 0.14546, 0.153692, 0.211271, 0.22996, 0.248763, 1, 

Generation #42
26,145,0.001, 0.017851, 0.0501659, 0.0513067, 0.110065, 0.111185, 0.134715, 0.142228, 0.993654, 1, 

28,81,0.001, 0.017851, 0.0501659, 0.040253, 0.075425, 0.14546, 0.153692, 0.211271, 0.365705, 0.499475, 0.939807, 1, 

30,80,0.001, 0.017851, 0.0501659, 0.0513067, 0.110065, 0.164494, 0.217953, 0.230267, 0.239707, 0.475426, 1, 

27,87,0.001, 0.0219461, 0.0261442, 0.0262016, 0.0663368, 0.137015, 0.14546, 0.153692, 0.211271, 0.22996, 0.248763, 1, 

37,76,0.001, 0.0219461, 0.0261442, 0.0262016, 0.0663368, 0.100799, 0.164494, 0.217953, 0.230267, 0.475426, 0.482314, 0.608711, 0.379474, 0.432226, 0.493915, 0.513683, 0.525324, 0.565476, 0.704687, 1, 

46,75,0.001, 0.017851, 0.0261442, 0.0262016, 0.0663368, 0.100799, 0.164494, 0.142228, 0.147769, 0.164878, 0.182603, 0.226503, 0.233886, 0.596095, 0.216526, 0.640819, 0.656873, 0.664519, 0.701615, 0.738495, 0.747655, 0.78442, 0.791605, 0.905578, 0.938861, 0.941806, 0.251168, 1, 

Generation #43
26,145,0.001, 0.017851, 0.0501659, 0.0513067, 0.110065, 0.111185, 0.134715, 0.142228, 0.993654, 1, 

28,81,0.001, 0.017851, 0.0501659, 0.040253, 0.075425, 0.14546, 0.153692, 0.211271, 0.365705, 0.499475, 0.939807, 1, 

30,80,0.001, 0.017851, 0.0501659, 0.0513067, 0.110065, 0.164494, 0.217953, 0.230267, 0.239707, 0.475426, 1, 

27,87,0.001, 0.0219461, 0.0261442, 0.0262016, 0.0663368, 0.137015, 0.14546, 0.153692, 0.211271, 0.22996, 0.248763, 1, 

37,76,0.001, 0.0219461, 0.0261442, 0.0262016, 0.0663368, 0.100799, 0.164494, 0.217953, 0.230267, 0.475426, 0.482314, 0.608711, 0.379474, 0.432226, 0.493915, 0.513683, 0.525324, 0.565476, 0.704687, 1, 

46,75,0.001, 0.017851, 0.0261442, 0.0262016, 0.0663368, 0.100799, 0.164494, 0.142228, 0.147769, 0.164878, 0.182603, 0.226503, 0.233886, 0.596095, 0.216526, 0.640819, 0.656873, 0.664519, 0.701615, 0.738495, 0.747655, 0.78442, 0.791605, 0.905578, 0.938861, 0.941806, 0.251168, 1, 

Generation #44
26,145,0.001, 0.017851, 0.0501659, 0.0513067, 0.110065, 0.111185, 0.134715, 0.142228, 0.993654, 1, 

28,81,0.001, 0.017851, 0.0501659, 0.040253, 0.075425, 0.14546, 0.153692, 0.211271, 0.365705, 0.499475, 0.939807, 1, 

30,80,0.001, 0.017851, 0.0501659, 0.0513067, 0.110065, 0.164494, 0.217953, 0.230267, 0.239707, 0.475426, 1, 

27,87,0.001, 0.0219461, 0.0261442, 0.0262016, 0.0663368, 0.137015, 0.14546, 0.153692, 0.211271, 0.22996, 0.248763, 1, 

37,76,0.001, 0.0219461, 0.0261442, 0.0262016, 0.0663368, 0.100799, 0.164494, 0.217953, 0.230267, 0.475426, 0.482314, 0.608711, 0.379474, 0.432226, 0.493915, 0.513683, 0.525324, 0.565476, 0.704687, 1, 

46,75,0.001, 0.017851, 0.0261442, 0.0262016, 0.0663368, 0.100799, 0.164494, 0.142228, 0.147769, 0.164878, 0.182603, 0.226503, 0.233886, 0.596095, 0.216526, 0.640819, 0.656873, 0.664519, 0.701615, 0.738495, 0.747655, 0.78442, 0.791605, 0.905578, 0.938861, 0.941806, 0.251168, 1, 

Generation #45
26,145,0.001, 0.017851, 0.0501659, 0.0513067, 0.110065, 0.111185, 0.134715, 0.142228, 0.993654, 1, 

28,81,0.001, 0.017851, 0.0501659, 0.040253, 0.075425, 0.14546, 0.153692, 0.211271, 0.365705, 0.499475, 0.939807, 1, 

30,80,0.001, 0.017851, 0.0501659, 0.0513067, 0.110065, 0.164494, 0.217953, 0.230267, 0.239707, 0.475426, 1, 

27,87,0.001, 0.0219461, 0.0261442, 0.0262016, 0.0663368, 0.137015, 0.14546, 0.153692, 0.211271, 0.22996, 0.248763, 1, 

37,76,0.001, 0.0219461, 0.0261442, 0.0262016, 0.0663368, 0.100799, 0.164494, 0.217953, 0.230267, 0.475426, 0.482314, 0.608711, 0.379474, 0.432226, 0.493915, 0.513683, 0.525324, 0.565476, 0.704687, 1, 

46,75,0.001, 0.017851, 0.0261442, 0.0262016, 0.0663368, 0.100799, 0.164494, 0.142228, 0.147769, 0.164878, 0.182603, 0.226503, 0.233886, 0.596095, 0.216526, 0.640819, 0.656873, 0.664519, 0.701615, 0.738495, 0.747655, 0.78442, 0.791605, 0.905578, 0.938861, 0.941806, 0.251168, 1, 

Generation #46
26,145,0.001, 0.017851, 0.0501659, 0.0513067, 0.110065, 0.111185, 0.134715, 0.142228, 0.993654, 1, 

28,81,0.001, 0.017851, 0.0501659, 0.040253, 0.075425, 0.14546, 0.153692, 0.211271, 0.365705, 0.499475, 0.939807, 1, 

30,80,0.001, 0.017851, 0.0501659, 0.0513067, 0.110065, 0.164494, 0.217953, 0.230267, 0.239707, 0.475426, 1, 

27,87,0.001, 0.0219461, 0.0261442, 0.0262016, 0.0663368, 0.137015, 0.14546, 0.153692, 0.211271, 0.22996, 0.248763, 1, 

37,76,0.001, 0.0219461, 0.0261442, 0.0262016, 0.0663368, 0.100799, 0.164494, 0.217953, 0.230267, 0.475426, 0.482314, 0.608711, 0.379474, 0.432226, 0.493915, 0.513683, 0.525324, 0.565476, 0.704687, 1, 

46,75,0.001, 0.017851, 0.0261442, 0.0262016, 0.0663368, 0.100799, 0.164494, 0.142228, 0.147769, 0.164878, 0.182603, 0.226503, 0.233886, 0.596095, 0.216526, 0.640819, 0.656873, 0.664519, 0.701615, 0.738495, 0.747655, 0.78442, 0.791605, 0.905578, 0.938861, 0.941806, 0.251168, 1, 

Generation #47
26,145,0.001, 0.017851, 0.0501659, 0.0513067, 0.110065, 0.111185, 0.134715, 0.142228, 0.993654, 1, 

28,81,0.001, 0.017851, 0.0501659, 0.040253, 0.075425, 0.14546, 0.153692, 0.211271, 0.365705, 0.499475, 0.939807, 1, 

30,80,0.001, 0.017851, 0.0501659, 0.0513067, 0.110065, 0.164494, 0.217953, 0.230267, 0.239707, 0.475426, 1, 

27,87,0.001, 0.0219461, 0.0261442, 0.0262016, 0.0663368, 0.137015, 0.14546, 0.153692, 0.211271, 0.22996, 0.248763, 1, 

37,76,0.001, 0.0219461, 0.0261442, 0.0262016, 0.0663368, 0.100799, 0.164494, 0.217953, 0.230267, 0.475426, 0.482314, 0.608711, 0.379474, 0.432226, 0.493915, 0.513683, 0.525324, 0.565476, 0.704687, 1, 

46,75,0.001, 0.017851, 0.0261442, 0.0262016, 0.0663368, 0.100799, 0.164494, 0.142228, 0.147769, 0.164878, 0.182603, 0.226503, 0.233886, 0.596095, 0.216526, 0.640819, 0.656873, 0.664519, 0.701615, 0.738495, 0.747655, 0.78442, 0.791605, 0.905578, 0.938861, 0.941806, 0.251168, 1, 

Generation #48
26,145,0.001, 0.017851, 0.0501659, 0.0513067, 0.110065, 0.111185, 0.134715, 0.142228, 0.993654, 1, 

28,81,0.001, 0.017851, 0.0501659, 0.040253, 0.075425, 0.14546, 0.153692, 0.211271, 0.365705, 0.499475, 0.939807, 1, 

30,80,0.001, 0.017851, 0.0501659, 0.0513067, 0.110065, 0.164494, 0.217953, 0.230267, 0.239707, 0.475426, 1, 

27,87,0.001, 0.0219461, 0.0261442, 0.0262016, 0.0663368, 0.137015, 0.14546, 0.153692, 0.211271, 0.22996, 0.248763, 1, 

37,76,0.001, 0.0219461, 0.0261442, 0.0262016, 0.0663368, 0.100799, 0.164494, 0.217953, 0.230267, 0.475426, 0.482314, 0.608711, 0.379474, 0.432226, 0.493915, 0.513683, 0.525324, 0.565476, 0.704687, 1, 

46,75,0.001, 0.017851, 0.0261442, 0.0262016, 0.0663368, 0.100799, 0.164494, 0.142228, 0.147769, 0.164878, 0.182603, 0.226503, 0.233886, 0.596095, 0.216526, 0.640819, 0.656873, 0.664519, 0.701615, 0.738495, 0.747655, 0.78442, 0.791605, 0.905578, 0.938861, 0.941806, 0.251168, 1, 

Generation #49
28,81,0.001, 0.017851, 0.0501659, 0.040253, 0.075425, 0.14546, 0.153692, 0.211271, 0.365705, 0.499475, 0.939807, 1, 

30,80,0.001, 0.017851, 0.0501659, 0.0513067, 0.110065, 0.164494, 0.217953, 0.230267, 0.239707, 0.475426, 1, 

27,87,0.001, 0.0219461, 0.0261442, 0.0262016, 0.0663368, 0.137015, 0.14546, 0.153692, 0.211271, 0.22996, 0.248763, 1, 

37,76,0.001, 0.0219461, 0.0261442, 0.0262016, 0.0663368, 0.100799, 0.164494, 0.217953, 0.230267, 0.475426, 0.482314, 0.608711, 0.379474, 0.432226, 0.493915, 0.513683, 0.525324, 0.565476, 0.704687, 1, 

46,75,0.001, 0.017851, 0.0261442, 0.0262016, 0.0663368, 0.100799, 0.164494, 0.142228, 0.147769, 0.164878, 0.182603, 0.226503, 0.233886, 0.596095, 0.216526, 0.640819, 0.656873, 0.664519, 0.701615, 0.738495, 0.747655, 0.78442, 0.791605, 0.905578, 0.938861, 0.941806, 0.251168, 1, 

26,118,0.001, 0.0219461, 0.0261442, 0.0262016, 0.0663368, 0.137015, 0.211271, 0.22996, 0.248763, 1, 

--- Pareto Front Solutions ---
Solution 0: N total=54 (N_initial=26, N_added=28), Time total=87 ms, Saved to: ./results/Flex_t2_l1_pareto_0.csv, percents=0.001, 0.017851, 0.0501659, 0.040253, 0.075425, 0.14546, 0.153692, 0.211271, 0.365705, 0.499475, 0.939807, 1, 

Solution 1: N total=56 (N_initial=26, N_added=30), Time total=86 ms, Saved to: ./results/Flex_t2_l1_pareto_1.csv, percents=0.001, 0.017851, 0.0501659, 0.0513067, 0.110065, 0.164494, 0.217953, 0.230267, 0.239707, 0.475426, 1, 

Solution 2: N total=53 (N_initial=26, N_added=27), Time total=93 ms, Saved to: ./results/Flex_t2_l1_pareto_2.csv, percents=0.001, 0.0219461, 0.0261442, 0.0262016, 0.0663368, 0.137015, 0.14546, 0.153692, 0.211271, 0.22996, 0.248763, 1, 

Solution 3: N total=63 (N_initial=26, N_added=37), Time total=82 ms, Saved to: ./results/Flex_t2_l1_pareto_3.csv, percents=0.001, 0.0219461, 0.0261442, 0.0262016, 0.0663368, 0.100799, 0.164494, 0.217953, 0.230267, 0.475426, 0.482314, 0.608711, 0.379474, 0.432226, 0.493915, 0.513683, 0.525324, 0.565476, 0.704687, 1, 

Solution 4: N total=72 (N_initial=26, N_added=46), Time total=81 ms, Saved to: ./results/Flex_t2_l1_pareto_4.csv, percents=0.001, 0.017851, 0.0261442, 0.0262016, 0.0663368, 0.100799, 0.164494, 0.142228, 0.147769, 0.164878, 0.182603, 0.226503, 0.233886, 0.596095, 0.216526, 0.640819, 0.656873, 0.664519, 0.701615, 0.738495, 0.747655, 0.78442, 0.791605, 0.905578, 0.938861, 0.941806, 0.251168, 1, 

Solution 5: N total=52 (N_initial=26, N_added=26), Time total=124 ms, Saved to: ./results/Flex_t2_l1_pareto_5.csv, percents=0.001, 0.0219461, 0.0261442, 0.0262016, 0.0663368, 0.137015, 0.211271, 0.22996, 0.248763, 1, 

------------d=1, t=2, lambda=2, filename=./evaluation/Flex/Flex_2_2.csv------------
Computing partitioned counts of d-sets...
Ready to look at pairs based on partitioned counts...
First Stage N=50, Time=5
There are 50 remaining non-locating pairs
--- Running GA Algorithm (phase2) ---
Running GA with std::execution::par
Generation #0
24,25,0.001, 0.0664151, 0.0851617, 0.0890901, 0.205542, 0.220564, 0.343231, 0.521196, 0.549651, 0.65078, 0.666876, 1, 

30,9,0.001, 0.0493157, 0.0693951, 0.0855829, 0.129992, 0.180979, 0.206845, 0.233923, 0.257859, 0.282245, 0.329377, 0.359287, 0.533339, 0.598306, 0.611984, 0.659382, 0.759693, 0.929004, 0.958126, 0.978096, 1, 

Generation #1
30,9,0.001, 0.0493157, 0.0693951, 0.0855829, 0.129992, 0.180979, 0.206845, 0.233923, 0.257859, 0.282245, 0.329377, 0.359287, 0.533339, 0.598306, 0.611984, 0.659382, 0.759693, 0.929004, 0.958126, 0.978096, 1, 

24,17,0.001, 0.0403842, 0.069173, 0.0926894, 0.144787, 0.244943, 0.251729, 0.280759, 0.834803, 0.918764, 1, 

Generation #2
30,9,0.001, 0.0493157, 0.0693951, 0.0855829, 0.129992, 0.180979, 0.206845, 0.233923, 0.257859, 0.282245, 0.329377, 0.359287, 0.533339, 0.598306, 0.611984, 0.659382, 0.759693, 0.929004, 0.958126, 0.978096, 1, 

21,24,0.001, 0.123518, 0.129254, 0.228421, 0.24193, 0.244943, 0.251729, 0.280759, 0.834803, 0.918764, 1, 

25,13,0.001, 0.0200482, 0.0207337, 0.0527735, 0.0552981, 0.0837806, 0.206798, 0.242575, 0.266591, 0.303032, 0.338156, 0.371956, 0.45231, 0.945567, 0.958389, 1, 

33,8,0.001, 0.0510096, 0.0534687, 0.123498, 0.127748, 0.129457, 0.141201, 0.158782, 0.174542, 0.345226, 0.236507, 0.352596, 0.373469, 0.590128, 0.625994, 0.656036, 0.726199, 0.895236, 0.917003, 0.932767, 0.967096, 0.982469, 1, 

23,16,0.001, 0.0502392, 0.0664652, 0.0854053, 0.0920911, 0.262405, 0.295809, 0.407906, 0.429149, 0.470614, 0.870089, 0.899823, 0.979063, 1, 

Generation #3
30,9,0.001, 0.0493157, 0.0693951, 0.0855829, 0.129992, 0.180979, 0.206845, 0.233923, 0.257859, 0.282245, 0.329377, 0.359287, 0.533339, 0.598306, 0.611984, 0.659382, 0.759693, 0.929004, 0.958126, 0.978096, 1, 

25,13,0.001, 0.0200482, 0.0207337, 0.0527735, 0.0552981, 0.0837806, 0.206798, 0.242575, 0.266591, 0.303032, 0.338156, 0.371956, 0.45231, 0.945567, 0.958389, 1, 

33,8,0.001, 0.0510096, 0.0534687, 0.123498, 0.127748, 0.129457, 0.141201, 0.158782, 0.174542, 0.345226, 0.236507, 0.352596, 0.373469, 0.590128, 0.625994, 0.656036, 0.726199, 0.895236, 0.917003, 0.932767, 0.967096, 0.982469, 1, 

37,7,0.001, 0.0493157, 0.0693951, 0.0855829, 0.129992, 0.129457, 0.141201, 0.158782, 0.174542, 0.345226, 0.364715, 0.397315, 0.442702, 0.506374, 0.515538, 0.612788, 0.633609, 0.633832, 0.637239, 0.697651, 0.736112, 0.809811, 0.534216, 0.91448, 0.969393, 0.969511, 1, 

21,15,0.001, 0.0510096, 0.0534687, 0.123498, 0.127748, 0.129457, 0.141201, 0.488149, 0.596312, 0.679992, 0.987678, 1, 

Generation #4
21,15,0.001, 0.0510096, 0.0534687, 0.123498, 0.127748, 0.129457, 0.141201, 0.488149, 0.596312, 0.679992, 0.987678, 1, 

23,5,0.001, 0.0510096, 0.0534687, 0.123498, 0.127748, 0.129457, 0.141201, 0.158782, 0.0620733, 0.345226, 0.236507, 0.352596, 0.828263, 0.899347, 1, 

22,8,0.001, 0.0455626, 0.0770023, 0.101024, 0.129952, 0.132439, 0.186267, 0.250459, 0.318016, 0.333424, 0.353403, 0.419068, 0.828263, 1, 

Generation #5
21,15,0.001, 0.0510096, 0.0534687, 0.123498, 0.127748, 0.129457, 0.141201, 0.488149, 0.596312, 0.679992, 0.987678, 1, 

23,5,0.001, 0.0510096, 0.0534687, 0.123498, 0.127748, 0.129457, 0.141201, 0.158782, 0.0620733, 0.345226, 0.236507, 0.352596, 0.828263, 0.899347, 1, 

22,8,0.001, 0.0455626, 0.0770023, 0.101024, 0.129952, 0.132439, 0.186267, 0.250459, 0.318016, 0.333424, 0.353403, 0.419068, 0.828263, 1, 

20,26,0.001, 0.0510096, 0.069173, 0.0926894, 0.144787, 0.244943, 0.251729, 0.280759, 0.834803, 0.18839, 1, 

Generation #6
23,5,0.001, 0.0510096, 0.0534687, 0.123498, 0.127748, 0.129457, 0.141201, 0.158782, 0.0620733, 0.345226, 0.236507, 0.352596, 0.828263, 0.899347, 1, 

22,8,0.001, 0.0455626, 0.0770023, 0.101024, 0.129952, 0.132439, 0.186267, 0.250459, 0.318016, 0.333424, 0.353403, 0.419068, 0.828263, 1, 

21,13,0.001, 0.0403842, 0.069173, 0.0926894, 0.144787, 0.220564, 0.186267, 0.280759, 0.834803, 0.944156, 1, 

20,16,0.001, 0.0137123, 0.0639251, 0.0861111, 0.0861476, 0.093649, 0.104945, 0.119224, 0.180158, 0.523019, 1, 

Generation #7
23,5,0.001, 0.0510096, 0.0534687, 0.123498, 0.127748, 0.129457, 0.141201, 0.158782, 0.0620733, 0.345226, 0.236507, 0.352596, 0.828263, 0.899347, 1, 

22,8,0.001, 0.0455626, 0.0770023, 0.101024, 0.129952, 0.132439, 0.186267, 0.250459, 0.318016, 0.333424, 0.353403, 0.419068, 0.828263, 1, 

21,13,0.001, 0.0403842, 0.069173, 0.0926894, 0.144787, 0.220564, 0.186267, 0.280759, 0.834803, 0.944156, 1, 

20,16,0.001, 0.0137123, 0.0639251, 0.0861111, 0.0861476, 0.093649, 0.104945, 0.119224, 0.180158, 0.523019, 1, 

19,19,0.001, 0.0510096, 0.0534687, 0.123498, 0.127748, 0.129457, 0.141201, 0.819003, 0.835497, 1, 

Generation #8
23,5,0.001, 0.0510096, 0.0534687, 0.123498, 0.127748, 0.129457, 0.141201, 0.158782, 0.0620733, 0.345226, 0.236507, 0.352596, 0.828263, 0.899347, 1, 

22,8,0.001, 0.0455626, 0.0770023, 0.101024, 0.129952, 0.132439, 0.186267, 0.250459, 0.318016, 0.333424, 0.353403, 0.419068, 0.828263, 1, 

21,13,0.001, 0.0403842, 0.069173, 0.0926894, 0.144787, 0.220564, 0.186267, 0.280759, 0.834803, 0.944156, 1, 

20,16,0.001, 0.0137123, 0.0639251, 0.0861111, 0.0861476, 0.093649, 0.104945, 0.119224, 0.180158, 0.523019, 1, 

19,19,0.001, 0.0510096, 0.0534687, 0.123498, 0.127748, 0.129457, 0.141201, 0.819003, 0.835497, 1, 

Generation #9
23,5,0.001, 0.0510096, 0.0534687, 0.123498, 0.127748, 0.129457, 0.141201, 0.158782, 0.0620733, 0.345226, 0.236507, 0.352596, 0.828263, 0.899347, 1, 

22,8,0.001, 0.0455626, 0.0770023, 0.101024, 0.129952, 0.132439, 0.186267, 0.250459, 0.318016, 0.333424, 0.353403, 0.419068, 0.828263, 1, 

21,13,0.001, 0.0403842, 0.069173, 0.0926894, 0.144787, 0.220564, 0.186267, 0.280759, 0.834803, 0.944156, 1, 

20,16,0.001, 0.0137123, 0.0639251, 0.0861111, 0.0861476, 0.093649, 0.104945, 0.119224, 0.180158, 0.523019, 1, 

19,19,0.001, 0.0510096, 0.0534687, 0.123498, 0.127748, 0.129457, 0.141201, 0.819003, 0.835497, 1, 

Generation #10
23,5,0.001, 0.0510096, 0.0534687, 0.123498, 0.127748, 0.129457, 0.141201, 0.158782, 0.0620733, 0.345226, 0.236507, 0.352596, 0.828263, 0.899347, 1, 

22,8,0.001, 0.0455626, 0.0770023, 0.101024, 0.129952, 0.132439, 0.186267, 0.250459, 0.318016, 0.333424, 0.353403, 0.419068, 0.828263, 1, 

21,13,0.001, 0.0403842, 0.069173, 0.0926894, 0.144787, 0.220564, 0.186267, 0.280759, 0.834803, 0.944156, 1, 

20,16,0.001, 0.0137123, 0.0639251, 0.0861111, 0.0861476, 0.093649, 0.104945, 0.119224, 0.180158, 0.523019, 1, 

19,19,0.001, 0.0510096, 0.0534687, 0.123498, 0.127748, 0.129457, 0.141201, 0.819003, 0.835497, 1, 

Generation #11
22,8,0.001, 0.0455626, 0.0770023, 0.101024, 0.129952, 0.132439, 0.186267, 0.250459, 0.318016, 0.333424, 0.353403, 0.419068, 0.828263, 1, 

20,11,0.001, 0.0510096, 0.0534687, 0.123498, 0.127748, 0.129457, 0.141201, 0.152116, 0.158182, 0.18628, 1, 

19,17,0.001, 0.0582633, 0.0639251, 0.0855829, 0.129992, 0.129457, 0.141201, 0.158782, 0.318016, 0.333424, 1, 

23,4,0.001, 0.0510096, 0.0534687, 0.123498, 0.0552981, 0.0837806, 0.206798, 0.242575, 0.266591, 0.303032, 0.338156, 0.371956, 0.45231, 0.945567, 0.958389, 1, 

Generation #12
22,8,0.001, 0.0455626, 0.0770023, 0.101024, 0.129952, 0.132439, 0.186267, 0.250459, 0.318016, 0.333424, 0.353403, 0.419068, 0.828263, 1, 

20,11,0.001, 0.0510096, 0.0534687, 0.123498, 0.127748, 0.129457, 0.141201, 0.152116, 0.158182, 0.18628, 1, 

19,17,0.001, 0.0582633, 0.0639251, 0.0855829, 0.129992, 0.129457, 0.141201, 0.158782, 0.318016, 0.333424, 1, 

23,4,0.001, 0.0510096, 0.0534687, 0.123498, 0.0552981, 0.0837806, 0.206798, 0.242575, 0.266591, 0.303032, 0.338156, 0.371956, 0.45231, 0.945567, 0.958389, 1, 

Generation #13
22,8,0.001, 0.0455626, 0.0770023, 0.101024, 0.129952, 0.132439, 0.186267, 0.250459, 0.318016, 0.333424, 0.353403, 0.419068, 0.828263, 1, 

20,11,0.001, 0.0510096, 0.0534687, 0.123498, 0.127748, 0.129457, 0.141201, 0.152116, 0.158182, 0.18628, 1, 

19,17,0.001, 0.0582633, 0.0639251, 0.0855829, 0.129992, 0.129457, 0.141201, 0.158782, 0.318016, 0.333424, 1, 

23,4,0.001, 0.0510096, 0.0534687, 0.123498, 0.0552981, 0.0837806, 0.206798, 0.242575, 0.266591, 0.303032, 0.338156, 0.371956, 0.45231, 0.945567, 0.958389, 1, 

21,9,0.001, 0.0510096, 0.0534687, 0.123498, 0.127748, 0.129457, 0.141201, 0.158782, 0.333424, 0.828263, 1, 

Generation #14
22,8,0.001, 0.0455626, 0.0770023, 0.101024, 0.129952, 0.132439, 0.186267, 0.250459, 0.318016, 0.333424, 0.353403, 0.419068, 0.828263, 1, 

19,17,0.001, 0.0582633, 0.0639251, 0.0855829, 0.129992, 0.129457, 0.141201, 0.158782, 0.318016, 0.333424, 1, 

23,4,0.001, 0.0510096, 0.0534687, 0.123498, 0.0552981, 0.0837806, 0.206798, 0.242575, 0.266591, 0.303032, 0.338156, 0.371956, 0.45231, 0.945567, 0.958389, 1, 

21,9,0.001, 0.0510096, 0.0534687, 0.123498, 0.127748, 0.129457, 0.141201, 0.158782, 0.333424, 0.828263, 1, 

20,10,0.001, 0.0493157, 0.0693951, 0.0855829, 0.129992, 0.180979, 0.141201, 0.265175, 0.174542, 0.345226, 0.364715, 0.442702, 1, 

Generation #15
23,4,0.001, 0.0510096, 0.0534687, 0.123498, 0.0552981, 0.0837806, 0.206798, 0.242575, 0.266591, 0.303032, 0.338156, 0.371956, 0.45231, 0.945567, 0.958389, 1, 

18,8,0.001, 0.0455626, 0.0770023, 0.101024, 0.129952, 0.093649, 0.104945, 0.119224, 0.180158, 0.192417, 1, 

Generation #16
23,4,0.001, 0.0510096, 0.0534687, 0.123498, 0.0552981, 0.0837806, 0.206798, 0.242575, 0.266591, 0.303032, 0.338156, 0.371956, 0.45231, 0.945567, 0.958389, 1, 

18,8,0.001, 0.0455626, 0.0770023, 0.101024, 0.129952, 0.093649, 0.104945, 0.119224, 0.180158, 0.192417, 1, 

Generation #17
23,4,0.001, 0.0510096, 0.0534687, 0.123498, 0.0552981, 0.0837806, 0.206798, 0.242575, 0.266591, 0.303032, 0.338156, 0.371956, 0.45231, 0.945567, 0.958389, 1, 

18,8,0.001, 0.0455626, 0.0770023, 0.101024, 0.129952, 0.093649, 0.104945, 0.119224, 0.180158, 0.192417, 1, 

Generation #18
23,4,0.001, 0.0510096, 0.0534687, 0.123498, 0.0552981, 0.0837806, 0.206798, 0.242575, 0.266591, 0.303032, 0.338156, 0.371956, 0.45231, 0.945567, 0.958389, 1, 

18,8,0.001, 0.0455626, 0.0770023, 0.101024, 0.129952, 0.093649, 0.104945, 0.119224, 0.180158, 0.192417, 1, 

Generation #19
23,4,0.001, 0.0510096, 0.0534687, 0.123498, 0.0552981, 0.0837806, 0.206798, 0.242575, 0.266591, 0.303032, 0.338156, 0.371956, 0.45231, 0.945567, 0.958389, 1, 

18,8,0.001, 0.0455626, 0.0770023, 0.101024, 0.129952, 0.093649, 0.104945, 0.119224, 0.180158, 0.192417, 1, 

Generation #20
23,4,0.001, 0.0510096, 0.0534687, 0.123498, 0.0552981, 0.0837806, 0.206798, 0.242575, 0.266591, 0.303032, 0.338156, 0.371956, 0.45231, 0.945567, 0.958389, 1, 

18,8,0.001, 0.0455626, 0.0770023, 0.101024, 0.129952, 0.093649, 0.104945, 0.119224, 0.180158, 0.192417, 1, 

Generation #21
23,4,0.001, 0.0510096, 0.0534687, 0.123498, 0.0552981, 0.0837806, 0.206798, 0.242575, 0.266591, 0.303032, 0.338156, 0.371956, 0.45231, 0.945567, 0.958389, 1, 

18,8,0.001, 0.0455626, 0.0770023, 0.101024, 0.129952, 0.093649, 0.104945, 0.119224, 0.180158, 0.192417, 1, 

Generation #22
23,4,0.001, 0.0510096, 0.0534687, 0.123498, 0.0552981, 0.0837806, 0.206798, 0.242575, 0.266591, 0.303032, 0.338156, 0.371956, 0.45231, 0.945567, 0.958389, 1, 

18,8,0.001, 0.0455626, 0.0770023, 0.101024, 0.129952, 0.093649, 0.104945, 0.119224, 0.180158, 0.192417, 1, 

21,5,0.001, 0.0403842, 0.0534687, 0.123498, 0.127748, 0.129457, 0.141201, 0.158782, 0.0620733, 0.345226, 0.236507, 0.302305, 0.442702, 1, 

Generation #23
23,4,0.001, 0.0510096, 0.0534687, 0.123498, 0.0552981, 0.0837806, 0.206798, 0.242575, 0.266591, 0.303032, 0.338156, 0.371956, 0.45231, 0.945567, 0.958389, 1, 

18,8,0.001, 0.0455626, 0.0770023, 0.101024, 0.129952, 0.093649, 0.104945, 0.119224, 0.180158, 0.192417, 1, 

21,5,0.001, 0.0403842, 0.0534687, 0.123498, 0.127748, 0.129457, 0.141201, 0.158782, 0.0620733, 0.345226, 0.236507, 0.302305, 0.442702, 1, 

19,7,0.001, 0.0493157, 0.0693951, 0.0855829, 0.129992, 0.129457, 0.186267, 0.250459, 0.318016, 0.523019, 1, 

Generation #24
23,4,0.001, 0.0510096, 0.0534687, 0.123498, 0.0552981, 0.0837806, 0.206798, 0.242575, 0.266591, 0.303032, 0.338156, 0.371956, 0.45231, 0.945567, 0.958389, 1, 

18,8,0.001, 0.0455626, 0.0770023, 0.101024, 0.129952, 0.093649, 0.104945, 0.119224, 0.180158, 0.192417, 1, 

21,5,0.001, 0.0403842, 0.0534687, 0.123498, 0.127748, 0.129457, 0.141201, 0.158782, 0.0620733, 0.345226, 0.236507, 0.302305, 0.442702, 1, 

19,7,0.001, 0.0493157, 0.0693951, 0.0855829, 0.129992, 0.129457, 0.186267, 0.250459, 0.318016, 0.523019, 1, 

Generation #25
23,4,0.001, 0.0510096, 0.0534687, 0.123498, 0.0552981, 0.0837806, 0.206798, 0.242575, 0.266591, 0.303032, 0.338156, 0.371956, 0.45231, 0.945567, 0.958389, 1, 

18,8,0.001, 0.0455626, 0.0770023, 0.101024, 0.129952, 0.093649, 0.104945, 0.119224, 0.180158, 0.192417, 1, 

21,5,0.001, 0.0403842, 0.0534687, 0.123498, 0.127748, 0.129457, 0.141201, 0.158782, 0.0620733, 0.345226, 0.236507, 0.302305, 0.442702, 1, 

19,7,0.001, 0.0493157, 0.0693951, 0.0855829, 0.129992, 0.129457, 0.186267, 0.250459, 0.318016, 0.523019, 1, 

32,3,0.001, 0.0403842, 0.0534687, 0.0861111, 0.0861476, 0.093649, 0.104945, 0.119224, 0.180158, 0.192417, 0.203555, 0.203555, 0.302305, 0.340894, 0.462106, 0.484933, 0.488245, 0.511367, 0.760325, 0.803772, 0.820819, 0.8725, 0.91081, 1, 

Generation #26
23,4,0.001, 0.0510096, 0.0534687, 0.123498, 0.0552981, 0.0837806, 0.206798, 0.242575, 0.266591, 0.303032, 0.338156, 0.371956, 0.45231, 0.945567, 0.958389, 1, 

18,8,0.001, 0.0455626, 0.0770023, 0.101024, 0.129952, 0.093649, 0.104945, 0.119224, 0.180158, 0.192417, 1, 

21,5,0.001, 0.0403842, 0.0534687, 0.123498, 0.127748, 0.129457, 0.141201, 0.158782, 0.0620733, 0.345226, 0.236507, 0.302305, 0.442702, 1, 

19,7,0.001, 0.0493157, 0.0693951, 0.0855829, 0.129992, 0.129457, 0.186267, 0.250459, 0.318016, 0.523019, 1, 

32,3,0.001, 0.0403842, 0.0534687, 0.0861111, 0.0861476, 0.093649, 0.104945, 0.119224, 0.180158, 0.192417, 0.203555, 0.203555, 0.302305, 0.340894, 0.462106, 0.484933, 0.488245, 0.511367, 0.760325, 0.803772, 0.820819, 0.8725, 0.91081, 1, 

Generation #27
18,8,0.001, 0.0455626, 0.0770023, 0.101024, 0.129952, 0.093649, 0.104945, 0.119224, 0.180158, 0.192417, 1, 

19,7,0.001, 0.0493157, 0.0693951, 0.0855829, 0.129992, 0.129457, 0.186267, 0.250459, 0.318016, 0.523019, 1, 

32,3,0.001, 0.0403842, 0.0534687, 0.0861111, 0.0861476, 0.093649, 0.104945, 0.119224, 0.180158, 0.192417, 0.203555, 0.203555, 0.302305, 0.340894, 0.462106, 0.484933, 0.488245, 0.511367, 0.760325, 0.803772, 0.820819, 0.8725, 0.91081, 1, 

21,4,0.001, 0.0582633, 0.0639251, 0.0861111, 0.0861476, 0.093649, 0.104945, 0.119224, 0.180158, 0.192417, 0.236507, 0.352596, 0.828263, 0.899347, 1, 

Generation #28
18,8,0.001, 0.0455626, 0.0770023, 0.101024, 0.129952, 0.093649, 0.104945, 0.119224, 0.180158, 0.192417, 1, 

19,7,0.001, 0.0493157, 0.0693951, 0.0855829, 0.129992, 0.129457, 0.186267, 0.250459, 0.318016, 0.523019, 1, 

32,3,0.001, 0.0403842, 0.0534687, 0.0861111, 0.0861476, 0.093649, 0.104945, 0.119224, 0.180158, 0.192417, 0.203555, 0.203555, 0.302305, 0.340894, 0.462106, 0.484933, 0.488245, 0.511367, 0.760325, 0.803772, 0.820819, 0.8725, 0.91081, 1, 

21,4,0.001, 0.0582633, 0.0639251, 0.0861111, 0.0861476, 0.093649, 0.104945, 0.119224, 0.180158, 0.192417, 0.236507, 0.352596, 0.828263, 0.899347, 1, 

Generation #29
18,8,0.001, 0.0455626, 0.0770023, 0.101024, 0.129952, 0.093649, 0.104945, 0.119224, 0.180158, 0.192417, 1, 

19,7,0.001, 0.0493157, 0.0693951, 0.0855829, 0.129992, 0.129457, 0.186267, 0.250459, 0.318016, 0.523019, 1, 

32,3,0.001, 0.0403842, 0.0534687, 0.0861111, 0.0861476, 0.093649, 0.104945, 0.119224, 0.180158, 0.192417, 0.203555, 0.203555, 0.302305, 0.340894, 0.462106, 0.484933, 0.488245, 0.511367, 0.760325, 0.803772, 0.820819, 0.8725, 0.91081, 1, 

21,4,0.001, 0.0582633, 0.0639251, 0.0861111, 0.0861476, 0.093649, 0.104945, 0.119224, 0.180158, 0.192417, 0.236507, 0.352596, 0.828263, 0.899347, 1, 

Generation #30
18,8,0.001, 0.0455626, 0.0770023, 0.101024, 0.129952, 0.093649, 0.104945, 0.119224, 0.180158, 0.192417, 1, 

19,7,0.001, 0.0493157, 0.0693951, 0.0855829, 0.129992, 0.129457, 0.186267, 0.250459, 0.318016, 0.523019, 1, 

32,3,0.001, 0.0403842, 0.0534687, 0.0861111, 0.0861476, 0.093649, 0.104945, 0.119224, 0.180158, 0.192417, 0.203555, 0.203555, 0.302305, 0.340894, 0.462106, 0.484933, 0.488245, 0.511367, 0.760325, 0.803772, 0.820819, 0.8725, 0.91081, 1, 

21,4,0.001, 0.0582633, 0.0639251, 0.0861111, 0.0861476, 0.093649, 0.104945, 0.119224, 0.180158, 0.192417, 0.236507, 0.352596, 0.828263, 0.899347, 1, 

Generation #31
18,8,0.001, 0.0455626, 0.0770023, 0.101024, 0.129952, 0.093649, 0.104945, 0.119224, 0.180158, 0.192417, 1, 

19,7,0.001, 0.0493157, 0.0693951, 0.0855829, 0.129992, 0.129457, 0.186267, 0.250459, 0.318016, 0.523019, 1, 

32,3,0.001, 0.0403842, 0.0534687, 0.0861111, 0.0861476, 0.093649, 0.104945, 0.119224, 0.180158, 0.192417, 0.203555, 0.203555, 0.302305, 0.340894, 0.462106, 0.484933, 0.488245, 0.511367, 0.760325, 0.803772, 0.820819, 0.8725, 0.91081, 1, 

21,4,0.001, 0.0582633, 0.0639251, 0.0861111, 0.0861476, 0.093649, 0.104945, 0.119224, 0.180158, 0.192417, 0.236507, 0.352596, 0.828263, 0.899347, 1, 

Generation #32
18,8,0.001, 0.0455626, 0.0770023, 0.101024, 0.129952, 0.093649, 0.104945, 0.119224, 0.180158, 0.192417, 1, 

19,7,0.001, 0.0493157, 0.0693951, 0.0855829, 0.129992, 0.129457, 0.186267, 0.250459, 0.318016, 0.523019, 1, 

32,3,0.001, 0.0403842, 0.0534687, 0.0861111, 0.0861476, 0.093649, 0.104945, 0.119224, 0.180158, 0.192417, 0.203555, 0.203555, 0.302305, 0.340894, 0.462106, 0.484933, 0.488245, 0.511367, 0.760325, 0.803772, 0.820819, 0.8725, 0.91081, 1, 

21,4,0.001, 0.0582633, 0.0639251, 0.0861111, 0.0861476, 0.093649, 0.104945, 0.119224, 0.180158, 0.192417, 0.236507, 0.352596, 0.828263, 0.899347, 1, 

Generation #33
18,8,0.001, 0.0455626, 0.0770023, 0.101024, 0.129952, 0.093649, 0.104945, 0.119224, 0.180158, 0.192417, 1, 

19,7,0.001, 0.0493157, 0.0693951, 0.0855829, 0.129992, 0.129457, 0.186267, 0.250459, 0.318016, 0.523019, 1, 

21,4,0.001, 0.0582633, 0.0639251, 0.0861111, 0.0861476, 0.093649, 0.104945, 0.119224, 0.180158, 0.192417, 0.236507, 0.352596, 0.828263, 0.899347, 1, 

30,2,0.001, 0.0510096, 0.0534687, 0.123498, 0.127748, 0.093649, 0.104945, 0.119224, 0.180158, 0.192417, 0.203555, 0.203555, 0.302305, 0.340894, 0.462106, 0.484933, 0.488245, 0.511367, 0.760325, 0.803772, 0.820819, 0.8725, 0.91081, 1, 

Generation #34
18,8,0.001, 0.0455626, 0.0770023, 0.101024, 0.129952, 0.093649, 0.104945, 0.119224, 0.180158, 0.192417, 1, 

19,7,0.001, 0.0493157, 0.0693951, 0.0855829, 0.129992, 0.129457, 0.186267, 0.250459, 0.318016, 0.523019, 1, 

21,4,0.001, 0.0582633, 0.0639251, 0.0861111, 0.0861476, 0.093649, 0.104945, 0.119224, 0.180158, 0.192417, 0.236507, 0.352596, 0.828263, 0.899347, 1, 

30,2,0.001, 0.0510096, 0.0534687, 0.123498, 0.127748, 0.093649, 0.104945, 0.119224, 0.180158, 0.192417, 0.203555, 0.203555, 0.302305, 0.340894, 0.462106, 0.484933, 0.488245, 0.511367, 0.760325, 0.803772, 0.820819, 0.8725, 0.91081, 1, 

Generation #35
18,8,0.001, 0.0455626, 0.0770023, 0.101024, 0.129952, 0.093649, 0.104945, 0.119224, 0.180158, 0.192417, 1, 

19,7,0.001, 0.0493157, 0.0693951, 0.0855829, 0.129992, 0.129457, 0.186267, 0.250459, 0.318016, 0.523019, 1, 

21,4,0.001, 0.0582633, 0.0639251, 0.0861111, 0.0861476, 0.093649, 0.104945, 0.119224, 0.180158, 0.192417, 0.236507, 0.352596, 0.828263, 0.899347, 1, 

30,2,0.001, 0.0510096, 0.0534687, 0.123498, 0.127748, 0.093649, 0.104945, 0.119224, 0.180158, 0.192417, 0.203555, 0.203555, 0.302305, 0.340894, 0.462106, 0.484933, 0.488245, 0.511367, 0.760325, 0.803772, 0.820819, 0.8725, 0.91081, 1, 

Generation #36
18,8,0.001, 0.0455626, 0.0770023, 0.101024, 0.129952, 0.093649, 0.104945, 0.119224, 0.180158, 0.192417, 1, 

19,7,0.001, 0.0493157, 0.0693951, 0.0855829, 0.129992, 0.129457, 0.186267, 0.250459, 0.318016, 0.523019, 1, 

21,4,0.001, 0.0582633, 0.0639251, 0.0861111, 0.0861476, 0.093649, 0.104945, 0.119224, 0.180158, 0.192417, 0.236507, 0.352596, 0.828263, 0.899347, 1, 

30,2,0.001, 0.0510096, 0.0534687, 0.123498, 0.127748, 0.093649, 0.104945, 0.119224, 0.180158, 0.192417, 0.203555, 0.203555, 0.302305, 0.340894, 0.462106, 0.484933, 0.488245, 0.511367, 0.760325, 0.803772, 0.820819, 0.8725, 0.91081, 1, 

Generation #37
18,8,0.001, 0.0455626, 0.0770023, 0.101024, 0.129952, 0.093649, 0.104945, 0.119224, 0.180158, 0.192417, 1, 

19,7,0.001, 0.0493157, 0.0693951, 0.0855829, 0.129992, 0.129457, 0.186267, 0.250459, 0.318016, 0.523019, 1, 

21,4,0.001, 0.0582633, 0.0639251, 0.0861111, 0.0861476, 0.093649, 0.104945, 0.119224, 0.180158, 0.192417, 0.236507, 0.352596, 0.828263, 0.899347, 1, 

30,2,0.001, 0.0510096, 0.0534687, 0.123498, 0.127748, 0.093649, 0.104945, 0.119224, 0.180158, 0.192417, 0.203555, 0.203555, 0.302305, 0.340894, 0.462106, 0.484933, 0.488245, 0.511367, 0.760325, 0.803772, 0.820819, 0.8725, 0.91081, 1, 

Generation #38
18,8,0.001, 0.0455626, 0.0770023, 0.101024, 0.129952, 0.093649, 0.104945, 0.119224, 0.180158, 0.192417, 1, 

19,7,0.001, 0.0493157, 0.0693951, 0.0855829, 0.129992, 0.129457, 0.186267, 0.250459, 0.318016, 0.523019, 1, 

21,4,0.001, 0.0582633, 0.0639251, 0.0861111, 0.0861476, 0.093649, 0.104945, 0.119224, 0.180158, 0.192417, 0.236507, 0.352596, 0.828263, 0.899347, 1, 

30,2,0.001, 0.0510096, 0.0534687, 0.123498, 0.127748, 0.093649, 0.104945, 0.119224, 0.180158, 0.192417, 0.203555, 0.203555, 0.302305, 0.340894, 0.462106, 0.484933, 0.488245, 0.511367, 0.760325, 0.803772, 0.820819, 0.8725, 0.91081, 1, 

Generation #39
18,8,0.001, 0.0455626, 0.0770023, 0.101024, 0.129952, 0.093649, 0.104945, 0.119224, 0.180158, 0.192417, 1, 

19,7,0.001, 0.0493157, 0.0693951, 0.0855829, 0.129992, 0.129457, 0.186267, 0.250459, 0.318016, 0.523019, 1, 

21,4,0.001, 0.0582633, 0.0639251, 0.0861111, 0.0861476, 0.093649, 0.104945, 0.119224, 0.180158, 0.192417, 0.236507, 0.352596, 0.828263, 0.899347, 1, 

30,2,0.001, 0.0510096, 0.0534687, 0.123498, 0.127748, 0.093649, 0.104945, 0.119224, 0.180158, 0.192417, 0.203555, 0.203555, 0.302305, 0.340894, 0.462106, 0.484933, 0.488245, 0.511367, 0.760325, 0.803772, 0.820819, 0.8725, 0.91081, 1, 

Generation #40
18,8,0.001, 0.0455626, 0.0770023, 0.101024, 0.129952, 0.093649, 0.104945, 0.119224, 0.180158, 0.192417, 1, 

19,7,0.001, 0.0493157, 0.0693951, 0.0855829, 0.129992, 0.129457, 0.186267, 0.250459, 0.318016, 0.523019, 1, 

21,4,0.001, 0.0582633, 0.0639251, 0.0861111, 0.0861476, 0.093649, 0.104945, 0.119224, 0.180158, 0.192417, 0.236507, 0.352596, 0.828263, 0.899347, 1, 

30,2,0.001, 0.0510096, 0.0534687, 0.123498, 0.127748, 0.093649, 0.104945, 0.119224, 0.180158, 0.192417, 0.203555, 0.203555, 0.302305, 0.340894, 0.462106, 0.484933, 0.488245, 0.511367, 0.760325, 0.803772, 0.820819, 0.8725, 0.91081, 1, 

Generation #41
18,8,0.001, 0.0455626, 0.0770023, 0.101024, 0.129952, 0.093649, 0.104945, 0.119224, 0.180158, 0.192417, 1, 

19,7,0.001, 0.0493157, 0.0693951, 0.0855829, 0.129992, 0.129457, 0.186267, 0.250459, 0.318016, 0.523019, 1, 

21,4,0.001, 0.0582633, 0.0639251, 0.0861111, 0.0861476, 0.093649, 0.104945, 0.119224, 0.180158, 0.192417, 0.236507, 0.352596, 0.828263, 0.899347, 1, 

30,2,0.001, 0.0510096, 0.0534687, 0.123498, 0.127748, 0.093649, 0.104945, 0.119224, 0.180158, 0.192417, 0.203555, 0.203555, 0.302305, 0.340894, 0.462106, 0.484933, 0.488245, 0.511367, 0.760325, 0.803772, 0.820819, 0.8725, 0.91081, 1, 

Generation #42
18,8,0.001, 0.0455626, 0.0770023, 0.101024, 0.129952, 0.093649, 0.104945, 0.119224, 0.180158, 0.192417, 1, 

19,7,0.001, 0.0493157, 0.0693951, 0.0855829, 0.129992, 0.129457, 0.186267, 0.250459, 0.318016, 0.523019, 1, 

21,4,0.001, 0.0582633, 0.0639251, 0.0861111, 0.0861476, 0.093649, 0.104945, 0.119224, 0.180158, 0.192417, 0.236507, 0.352596, 0.828263, 0.899347, 1, 

30,2,0.001, 0.0510096, 0.0534687, 0.123498, 0.127748, 0.093649, 0.104945, 0.119224, 0.180158, 0.192417, 0.203555, 0.203555, 0.302305, 0.340894, 0.462106, 0.484933, 0.488245, 0.511367, 0.760325, 0.803772, 0.820819, 0.8725, 0.91081, 1, 

Generation #43
18,8,0.001, 0.0455626, 0.0770023, 0.101024, 0.129952, 0.093649, 0.104945, 0.119224, 0.180158, 0.192417, 1, 

19,7,0.001, 0.0493157, 0.0693951, 0.0855829, 0.129992, 0.129457, 0.186267, 0.250459, 0.318016, 0.523019, 1, 

21,4,0.001, 0.0582633, 0.0639251, 0.0861111, 0.0861476, 0.093649, 0.104945, 0.119224, 0.180158, 0.192417, 0.236507, 0.352596, 0.828263, 0.899347, 1, 

30,2,0.001, 0.0510096, 0.0534687, 0.123498, 0.127748, 0.093649, 0.104945, 0.119224, 0.180158, 0.192417, 0.203555, 0.203555, 0.302305, 0.340894, 0.462106, 0.484933, 0.488245, 0.511367, 0.760325, 0.803772, 0.820819, 0.8725, 0.91081, 1, 

Generation #44
18,8,0.001, 0.0455626, 0.0770023, 0.101024, 0.129952, 0.093649, 0.104945, 0.119224, 0.180158, 0.192417, 1, 

19,7,0.001, 0.0493157, 0.0693951, 0.0855829, 0.129992, 0.129457, 0.186267, 0.250459, 0.318016, 0.523019, 1, 

21,4,0.001, 0.0582633, 0.0639251, 0.0861111, 0.0861476, 0.093649, 0.104945, 0.119224, 0.180158, 0.192417, 0.236507, 0.352596, 0.828263, 0.899347, 1, 

30,2,0.001, 0.0510096, 0.0534687, 0.123498, 0.127748, 0.093649, 0.104945, 0.119224, 0.180158, 0.192417, 0.203555, 0.203555, 0.302305, 0.340894, 0.462106, 0.484933, 0.488245, 0.511367, 0.760325, 0.803772, 0.820819, 0.8725, 0.91081, 1, 

Generation #45
18,8,0.001, 0.0455626, 0.0770023, 0.101024, 0.129952, 0.093649, 0.104945, 0.119224, 0.180158, 0.192417, 1, 

19,7,0.001, 0.0493157, 0.0693951, 0.0855829, 0.129992, 0.129457, 0.186267, 0.250459, 0.318016, 0.523019, 1, 

21,4,0.001, 0.0582633, 0.0639251, 0.0861111, 0.0861476, 0.093649, 0.104945, 0.119224, 0.180158, 0.192417, 0.236507, 0.352596, 0.828263, 0.899347, 1, 

30,2,0.001, 0.0510096, 0.0534687, 0.123498, 0.127748, 0.093649, 0.104945, 0.119224, 0.180158, 0.192417, 0.203555, 0.203555, 0.302305, 0.340894, 0.462106, 0.484933, 0.488245, 0.511367, 0.760325, 0.803772, 0.820819, 0.8725, 0.91081, 1, 

Generation #46
18,8,0.001, 0.0455626, 0.0770023, 0.101024, 0.129952, 0.093649, 0.104945, 0.119224, 0.180158, 0.192417, 1, 

19,7,0.001, 0.0493157, 0.0693951, 0.0855829, 0.129992, 0.129457, 0.186267, 0.250459, 0.318016, 0.523019, 1, 

21,2,0.001, 0.0582633, 0.0639251, 0.0861111, 0.0861476, 0.093649, 0.104945, 0.119224, 0.180158, 0.192417, 0.236507, 0.352596, 0.828263, 0.899347, 1, 

Generation #47
18,8,0.001, 0.0455626, 0.0770023, 0.101024, 0.129952, 0.093649, 0.104945, 0.119224, 0.180158, 0.192417, 1, 

19,7,0.001, 0.0493157, 0.0693951, 0.0855829, 0.129992, 0.129457, 0.186267, 0.250459, 0.318016, 0.523019, 1, 

21,2,0.001, 0.0582633, 0.0639251, 0.0861111, 0.0861476, 0.093649, 0.104945, 0.119224, 0.180158, 0.192417, 0.236507, 0.352596, 0.828263, 0.899347, 1, 

Generation #48
18,8,0.001, 0.0455626, 0.0770023, 0.101024, 0.129952, 0.093649, 0.104945, 0.119224, 0.180158, 0.192417, 1, 

19,7,0.001, 0.0493157, 0.0693951, 0.0855829, 0.129992, 0.129457, 0.186267, 0.250459, 0.318016, 0.523019, 1, 

21,2,0.001, 0.0582633, 0.0639251, 0.0861111, 0.0861476, 0.093649, 0.104945, 0.119224, 0.180158, 0.192417, 0.236507, 0.352596, 0.828263, 0.899347, 1, 

Generation #49
18,8,0.001, 0.0455626, 0.0770023, 0.101024, 0.129952, 0.093649, 0.104945, 0.119224, 0.180158, 0.192417, 1, 

19,7,0.001, 0.0493157, 0.0693951, 0.0855829, 0.129992, 0.129457, 0.186267, 0.250459, 0.318016, 0.523019, 1, 

21,2,0.001, 0.0582633, 0.0639251, 0.0861111, 0.0861476, 0.093649, 0.104945, 0.119224, 0.180158, 0.192417, 0.236507, 0.352596, 0.828263, 0.899347, 1, 

--- Pareto Front Solutions ---
Solution 0: N total=68 (N_initial=50, N_added=18), Time total=13 ms, Saved to: ./results/Flex_t2_l2_pareto_0.csv, percents=0.001, 0.0455626, 0.0770023, 0.101024, 0.129952, 0.093649, 0.104945, 0.119224, 0.180158, 0.192417, 1, 

Solution 1: N total=69 (N_initial=50, N_added=19), Time total=12 ms, Saved to: ./results/Flex_t2_l2_pareto_1.csv, percents=0.001, 0.0493157, 0.0693951, 0.0855829, 0.129992, 0.129457, 0.186267, 0.250459, 0.318016, 0.523019, 1, 

Solution 2: N total=71 (N_initial=50, N_added=21), Time total=7 ms, Saved to: ./results/Flex_t2_l2_pareto_2.csv, percents=0.001, 0.0582633, 0.0639251, 0.0861111, 0.0861476, 0.093649, 0.104945, 0.119224, 0.180158, 0.192417, 0.236507, 0.352596, 0.828263, 0.899347, 1, 

------------d=1, t=2, lambda=3, filename=./evaluation/Flex/Flex_2_3.csv------------
Computing partitioned counts of d-sets...
Ready to look at pairs based on partitioned counts...
First Stage N=75, Time=5
There are 5 remaining non-locating pairs
--- Running GA Algorithm (phase2) ---
Running GA with std::execution::par
Generation #0
12,0,0.001, 0.271174, 0.368503, 0.591426, 0.607182, 0.850872, 0.858747, 0.913799, 0.933924, 0.980222, 1, 

11,1,0.001, 0.234645, 0.282092, 0.334171, 0.495715, 0.52994, 0.696079, 0.709828, 0.722712, 0.867624, 1, 

Generation #1
11,0,0.001, 0.108399, 0.182442, 0.204739, 0.335127, 0.354913, 0.858747, 0.933924, 0.980222, 1, 

Generation #2
11,0,0.001, 0.108399, 0.182442, 0.204739, 0.335127, 0.354913, 0.858747, 0.933924, 0.980222, 1, 

Generation #3
10,0,0.001, 0.277006, 0.324044, 0.400264, 0.232064, 0.288694, 0.318202, 0.38779, 0.980222, 1, 

Generation #4
9,0,0.001, 0.102403, 0.19929, 0.495715, 0.52994, 0.696079, 0.709828, 0.980222, 1, 

Generation #5
9,0,0.001, 0.102403, 0.19929, 0.495715, 0.52994, 0.696079, 0.709828, 0.980222, 1, 

Generation #6
9,0,0.001, 0.102403, 0.19929, 0.495715, 0.52994, 0.696079, 0.709828, 0.980222, 1, 

Generation #7
9,0,0.001, 0.102403, 0.19929, 0.495715, 0.52994, 0.696079, 0.709828, 0.980222, 1, 

Generation #8
9,0,0.001, 0.102403, 0.19929, 0.495715, 0.52994, 0.696079, 0.709828, 0.980222, 1, 

Generation #9
9,0,0.001, 0.102403, 0.19929, 0.495715, 0.52994, 0.696079, 0.709828, 0.980222, 1, 

Generation #10
9,0,0.001, 0.102403, 0.19929, 0.495715, 0.52994, 0.696079, 0.709828, 0.980222, 1, 

Generation #11
8,0,0.277006, 0.324044, 0.400264, 0.232064, 0.288694, 0.318202, 0.980222, 1, 

Generation #12
8,0,0.277006, 0.324044, 0.400264, 0.232064, 0.288694, 0.318202, 0.980222, 1, 

Generation #13
8,0,0.277006, 0.324044, 0.400264, 0.232064, 0.288694, 0.318202, 0.980222, 1, 

Generation #14
8,0,0.277006, 0.324044, 0.400264, 0.232064, 0.288694, 0.318202, 0.980222, 1, 

Generation #15
8,0,0.277006, 0.324044, 0.400264, 0.232064, 0.288694, 0.318202, 0.980222, 1, 

Generation #16
7,0,0.001, 0.0892003, 0.220394, 0.236894, 0.696079, 0.559182, 1, 

Generation #17
7,0,0.001, 0.0892003, 0.220394, 0.236894, 0.696079, 0.559182, 1, 

Generation #18
7,0,0.001, 0.0892003, 0.220394, 0.236894, 0.696079, 0.559182, 1, 

Generation #19
7,0,0.001, 0.0892003, 0.220394, 0.236894, 0.696079, 0.559182, 1, 

Generation #20
6,0,0.0892003, 0.123566, 0.139346, 0.288694, 0.980222, 1, 

Generation #21
6,0,0.0892003, 0.123566, 0.139346, 0.288694, 0.980222, 1, 

Generation #22
6,0,0.0892003, 0.123566, 0.139346, 0.288694, 0.980222, 1, 

Generation #23
6,0,0.0892003, 0.123566, 0.139346, 0.288694, 0.980222, 1, 

Generation #24
6,0,0.0892003, 0.123566, 0.139346, 0.288694, 0.980222, 1, 

Generation #25
5,0,0.277006, 0.220394, 0.236894, 0.980222, 1, 

Generation #26
5,0,0.277006, 0.220394, 0.236894, 0.980222, 1, 

Generation #27
4,0,0.001, 0.334171, 0.980222, 1, 

Generation #28
4,0,0.001, 0.334171, 0.980222, 1, 

Generation #29
4,0,0.001, 0.334171, 0.980222, 1, 

Generation #30
4,0,0.001, 0.334171, 0.980222, 1, 

Generation #31
4,0,0.001, 0.334171, 0.980222, 1, 

Generation #32
4,0,0.001, 0.334171, 0.980222, 1, 

Generation #33
4,0,0.001, 0.334171, 0.980222, 1, 

Generation #34
4,0,0.001, 0.334171, 0.980222, 1, 

Generation #35
4,0,0.001, 0.334171, 0.980222, 1, 

Generation #36
4,0,0.001, 0.334171, 0.980222, 1, 

Generation #37
4,0,0.001, 0.334171, 0.980222, 1, 

Generation #38
4,0,0.001, 0.334171, 0.980222, 1, 

Generation #39
4,0,0.001, 0.334171, 0.980222, 1, 

Generation #40
4,0,0.001, 0.334171, 0.980222, 1, 

Generation #41
4,0,0.001, 0.334171, 0.980222, 1, 

Generation #42
4,0,0.001, 0.334171, 0.980222, 1, 

Generation #43
4,0,0.001, 0.334171, 0.980222, 1, 

Generation #44
4,0,0.001, 0.334171, 0.980222, 1, 

Generation #45
4,0,0.001, 0.334171, 0.980222, 1, 

Generation #46
4,0,0.001, 0.334171, 0.980222, 1, 

Generation #47
4,0,0.001, 0.334171, 0.980222, 1, 

Generation #48
4,0,0.001, 0.334171, 0.980222, 1, 

Generation #49
4,0,0.001, 0.334171, 0.980222, 1, 

--- Pareto Front Solutions ---
Solution 0: N total=79 (N_initial=75, N_added=4), Time total=5 ms, Saved to: ./results/Flex_t2_l3_pareto_0.csv, percents=0.001, 0.334171, 0.980222, 1, 

------------d=1, t=2, lambda=4, filename=./evaluation/Flex/Flex_2_4.csv------------
Computing partitioned counts of d-sets...
Ready to look at pairs based on partitioned counts...
First Stage N=100, Time=5
There are 1 remaining non-locating pairs
--- Running GA Algorithm (phase2) ---
Running GA with std::execution::par
Generation #0
11,0,0.001, 0.0630154, 0.292137, 0.307498, 0.328427, 0.441739, 0.452943, 0.566861, 0.597361, 0.819443, 1, 

Generation #1
10,0,0.001, 0.131069, 0.146142, 0.157585, 0.17819, 0.382827, 0.592269, 0.594897, 0.959184, 1, 

Generation #2
10,0,0.001, 0.131069, 0.146142, 0.157585, 0.17819, 0.382827, 0.592269, 0.594897, 0.959184, 1, 

Generation #3
10,0,0.001, 0.131069, 0.146142, 0.157585, 0.17819, 0.382827, 0.592269, 0.594897, 0.959184, 1, 

Generation #4
9,0,0.001, 0.00869359, 0.103754, 0.183015, 0.467769, 0.452943, 0.566861, 0.597361, 1, 

Generation #5
8,0,0.001, 0.105821, 0.148499, 0.712359, 0.280813, 0.391009, 0.452943, 1, 

Generation #6
8,0,0.001, 0.105821, 0.148499, 0.712359, 0.280813, 0.391009, 0.452943, 1, 

Generation #7
8,0,0.001, 0.105821, 0.148499, 0.712359, 0.280813, 0.391009, 0.452943, 1, 

Generation #8
7,0,0.001, 0.0148707, 0.292137, 0.307498, 0.594897, 0.959184, 1, 

Generation #9
7,0,0.001, 0.0148707, 0.292137, 0.307498, 0.594897, 0.959184, 1, 

Generation #10
7,0,0.001, 0.0148707, 0.292137, 0.307498, 0.594897, 0.959184, 1, 

Generation #11
7,0,0.001, 0.0148707, 0.292137, 0.307498, 0.594897, 0.959184, 1, 

Generation #12
7,0,0.001, 0.0148707, 0.292137, 0.307498, 0.594897, 0.959184, 1, 

Generation #13
6,0,0.001, 0.141949, 0.34329, 0.321101, 0.324479, 1, 

Generation #14
6,0,0.001, 0.141949, 0.34329, 0.321101, 0.324479, 1, 

Generation #15
5,0,0.001, 0.105821, 0.34329, 0.347798, 1, 

Generation #16
4,0,0.0825839, 0.133209, 0.347798, 1, 

Generation #17
4,0,0.0825839, 0.133209, 0.347798, 1, 

Generation #18
3,0,0.141949, 0.17193, 1, 

Generation #19
3,0,0.141949, 0.17193, 1, 

Generation #20
3,0,0.141949, 0.17193, 1, 

Generation #21
3,0,0.141949, 0.17193, 1, 

Generation #22
3,0,0.141949, 0.17193, 1, 

Generation #23
3,0,0.141949, 0.17193, 1, 

Generation #24
2,0,0.141949, 1, 
