------------d=1, t=2, lambda=1, filename=./evaluation/Flex/Flex_2_1.csv------------
Computing partitioned counts of d-sets...
Ready to look at pairs based on partitioned counts...
First Stage N=26, Time=6
There are 1278 remaining non-locating pairs
--- Running GA Algorithm (phase2) ---
Running GA with std::execution::par
Generation #0
39,200,0.001, 0.00563984, 0.0472926, 0.0698625, 0.0751163, 0.198198, 0.226628, 0.274555, 0.301448, 0.330416, 0.408317, 0.413537, 0.600954, 0.665264, 0.673547, 0.693171, 0.748014, 0.773028, 0.803385, 0.892334, 0.903401, 1, 

32,599,0.001, 0.139605, 0.219523, 0.33745, 0.371203, 0.465486, 0.467519, 0.710549, 0.845754, 0.979017, 1, 

37,209,0.001, 0.0259043, 0.130204, 0.17025, 0.232543, 0.423074, 0.425028, 0.44652, 0.475025, 0.556769, 0.629394, 0.724175, 0.7556, 0.828216, 0.865924, 0.931853, 0.992179, 1, 

35,272,0.001, 0.0537338, 0.106666, 0.111303, 0.348809, 0.39629, 0.452333, 0.476821, 0.529451, 0.635177, 0.648952, 0.726148, 0.943837, 0.951523, 1, 

43,164,0.001, 0.016831, 0.0528152, 0.0980615, 0.106911, 0.119235, 0.150345, 0.17776, 0.247358, 0.299091, 0.400537, 0.470213, 0.492376, 0.576229, 0.613618, 0.67643, 0.75629, 0.776041, 0.831382, 0.839098, 0.844438, 0.957415, 0.970357, 1, 

33,404,0.001, 0.114574, 0.207754, 0.488192, 0.608378, 0.656133, 0.80047, 0.927298, 0.950905, 0.999048, 1, 

49,146,0.001, 0.0254464, 0.0366954, 0.0698214, 0.10015, 0.173493, 0.182069, 0.201765, 0.215415, 0.215567, 0.254165, 0.298254, 0.324787, 0.363879, 0.391268, 0.504137, 0.516423, 0.523615, 0.547289, 0.599489, 0.601581, 0.63591, 0.637151, 0.649966, 0.652885, 0.667381, 0.687122, 0.797561, 0.838927, 0.978985, 1, 

Generation #1
33,208,0.001, 0.0537338, 0.106666, 0.111303, 0.25709, 0.31673, 0.476169, 0.670065, 0.767771, 0.717376, 0.882861, 0.980407, 0.985471, 1, 

49,110,0.001, 0.017851, 0.0501659, 0.0513067, 0.0863873, 0.182181, 0.199982, 0.212079, 0.243302, 0.251531, 0.26423, 0.327027, 0.376729, 0.38517, 0.450829, 0.477398, 0.482188, 0.500265, 0.606337, 0.609739, 0.635615, 0.677949, 0.680288, 0.683138, 0.739085, 0.751494, 0.883742, 0.897283, 0.972106, 1, 

43,125,0.001, 0.0110509, 0.0391854, 0.0928903, 0.129683, 0.148351, 0.15305, 0.161136, 0.234665, 0.262227, 0.262612, 0.288228, 0.29071, 0.387741, 0.387959, 0.439057, 0.598829, 0.623264, 0.646717, 0.734431, 0.834669, 0.966666, 0.970018, 0.985913, 1, 

34,151,0.001, 0.0254464, 0.0366954, 0.0698214, 0.10015, 0.173493, 0.182069, 0.201765, 0.96862, 0.838183, 0.882861, 0.980407, 0.985471, 1, 

31,257,0.001, 0.0372068, 0.177359, 0.488192, 0.608378, 0.656133, 0.80047, 0.927298, 0.950905, 0.999048, 1, 

36,146,0.001, 0.016831, 0.0528152, 0.0980615, 0.106911, 0.119235, 0.150345, 0.17776, 0.247358, 0.299091, 0.400537, 0.470213, 0.859433, 0.884137, 1, 

Generation #2
49,110,0.001, 0.017851, 0.0501659, 0.0513067, 0.0863873, 0.182181, 0.199982, 0.212079, 0.243302, 0.251531, 0.26423, 0.327027, 0.376729, 0.38517, 0.450829, 0.477398, 0.482188, 0.500265, 0.606337, 0.609739, 0.635615, 0.677949, 0.680288, 0.683138, 0.739085, 0.751494, 0.883742, 0.897283, 0.972106, 1, 

29,144,0.001, 0.016831, 0.0528152, 0.0980615, 0.106911, 0.119235, 0.150345, 0.17776, 0.247358, 0.299091, 1, 

28,150,0.001, 0.016831, 0.0528152, 0.0980615, 0.106911, 0.147776, 0.467519, 0.710549, 0.845754, 0.979017, 1, 

36,133,0.001, 0.0254464, 0.0366954, 0.0698214, 0.10015, 0.173493, 0.182069, 0.201765, 0.215415, 0.215567, 0.905067, 0.913929, 0.96706, 0.968253, 0.992228, 1, 

41,117,0.001, 0.0254464, 0.0366954, 0.0698214, 0.10015, 0.182069, 0.201765, 0.215415, 0.215567, 0.262612, 0.288228, 0.29071, 0.387741, 0.387959, 0.439057, 0.598829, 0.623264, 0.646717, 0.734431, 0.834669, 0.966666, 0.970018, 0.985913, 1, 

33,137,0.001, 0.017851, 0.0501659, 0.0513067, 0.0863873, 0.31673, 0.476169, 0.670065, 0.838183, 0.882861, 0.980407, 0.985471, 1, 

Generation #3
29,144,0.001, 0.016831, 0.0528152, 0.0980615, 0.106911, 0.119235, 0.150345, 0.17776, 0.247358, 0.299091, 1, 

28,150,0.001, 0.016831, 0.0528152, 0.0980615, 0.106911, 0.147776, 0.467519, 0.710549, 0.845754, 0.979017, 1, 

33,106,0.001, 0.0110509, 0.0391854, 0.0928903, 0.129683, 0.148351, 0.15305, 0.161136, 0.234665, 0.262227, 0.262612, 0.288228, 0.29071, 0.387741, 1, 

49,99,0.001, 0.0234395, 0.0390873, 0.0460126, 0.10239, 0.111185, 0.134715, 0.142228, 0.147769, 0.164878, 0.182603, 0.226503, 0.233886, 0.288066, 0.436146, 0.459913, 0.494666, 0.552769, 0.560013, 0.560173, 0.589613, 0.677949, 0.680288, 0.683138, 0.739085, 0.751494, 0.883742, 0.897283, 0.972106, 1, 

32,114,0.001, 0.017851, 0.0501659, 0.0513067, 0.0863873, 0.182181, 0.199982, 0.212079, 0.243302, 0.251531, 1, 

30,132,0.001, 0.016831, 0.0528152, 0.0980615, 0.106911, 0.119235, 0.150345, 0.17776, 0.247358, 0.299091, 1, 

Generation #4
29,144,0.001, 0.016831, 0.0528152, 0.0980615, 0.106911, 0.119235, 0.150345, 0.17776, 0.247358, 0.299091, 1, 

28,150,0.001, 0.016831, 0.0528152, 0.0980615, 0.106911, 0.147776, 0.467519, 0.710549, 0.845754, 0.979017, 1, 

33,106,0.001, 0.0110509, 0.0391854, 0.0928903, 0.129683, 0.148351, 0.15305, 0.161136, 0.234665, 0.262227, 0.262612, 0.288228, 0.29071, 0.387741, 1, 

49,99,0.001, 0.0234395, 0.0390873, 0.0460126, 0.10239, 0.111185, 0.134715, 0.142228, 0.147769, 0.164878, 0.182603, 0.226503, 0.233886, 0.288066, 0.436146, 0.459913, 0.494666, 0.552769, 0.560013, 0.560173, 0.589613, 0.677949, 0.680288, 0.683138, 0.739085, 0.751494, 0.883742, 0.897283, 0.972106, 1, 

32,114,0.001, 0.017851, 0.0501659, 0.0513067, 0.0863873, 0.182181, 0.199982, 0.212079, 0.243302, 0.251531, 1, 

30,132,0.001, 0.016831, 0.0528152, 0.0980615, 0.106911, 0.119235, 0.150345, 0.17776, 0.247358, 0.299091, 1, 

31,121,0.001, 0.016831, 0.0528152, 0.0980615, 0.106911, 0.119235, 0.150345, 0.17776, 0.247358, 0.299091, 1, 

Generation #5
28,150,0.001, 0.016831, 0.0528152, 0.0980615, 0.106911, 0.147776, 0.467519, 0.710549, 0.845754, 0.979017, 1, 

33,106,0.001, 0.0110509, 0.0391854, 0.0928903, 0.129683, 0.148351, 0.15305, 0.161136, 0.234665, 0.262227, 0.262612, 0.288228, 0.29071, 0.387741, 1, 

35,69,0.001, 0.0234395, 0.0390873, 0.0460126, 0.10239, 0.111185, 0.134715, 0.147769, 0.164878, 0.182603, 0.226503, 0.233886, 0.620853, 0.642754, 0.773934, 0.92838, 0.972906, 1, 

30,108,0.001, 0.017851, 0.0501659, 0.0513067, 0.106911, 0.119235, 0.150345, 0.17776, 0.247358, 0.299091, 1, 

29,129,0.001, 0.016831, 0.0528152, 0.0980615, 0.10239, 0.111185, 0.134715, 0.44652, 0.475025, 0.979017, 1, 

Generation #6
35,69,0.001, 0.0234395, 0.0390873, 0.0460126, 0.10239, 0.111185, 0.134715, 0.147769, 0.164878, 0.182603, 0.226503, 0.233886, 0.620853, 0.642754, 0.773934, 0.92838, 0.972906, 1, 

31,93,0.001, 0.016831, 0.0390873, 0.0460126, 0.10239, 0.111185, 0.134715, 0.17776, 0.247358, 0.299091, 1, 

30,101,0.001, 0.016831, 0.0170195, 0.0528152, 0.0980615, 0.10015, 0.173493, 0.182069, 0.838183, 0.882861, 0.985471, 1, 

28,107,0.001, 0.017851, 0.0501659, 0.0698214, 0.10015, 0.173493, 0.182069, 0.201765, 0.845754, 0.979017, 1, 

Generation #7
35,69,0.001, 0.0234395, 0.0390873, 0.0460126, 0.10239, 0.111185, 0.134715, 0.147769, 0.164878, 0.182603, 0.226503, 0.233886, 0.620853, 0.642754, 0.773934, 0.92838, 0.972906, 1, 

31,93,0.001, 0.016831, 0.0390873, 0.0460126, 0.10239, 0.111185, 0.134715, 0.17776, 0.247358, 0.299091, 1, 

30,101,0.001, 0.016831, 0.0170195, 0.0528152, 0.0980615, 0.10015, 0.173493, 0.182069, 0.838183, 0.882861, 0.985471, 1, 

28,107,0.001, 0.017851, 0.0501659, 0.0698214, 0.10015, 0.173493, 0.182069, 0.201765, 0.845754, 0.979017, 1, 

Generation #8
35,69,0.001, 0.0234395, 0.0390873, 0.0460126, 0.10239, 0.111185, 0.134715, 0.147769, 0.164878, 0.182603, 0.226503, 0.233886, 0.620853, 0.642754, 0.773934, 0.92838, 0.972906, 1, 

28,107,0.001, 0.017851, 0.0501659, 0.0698214, 0.10015, 0.173493, 0.182069, 0.201765, 0.845754, 0.979017, 1, 

30,92,0.001, 0.0234395, 0.0390873, 0.0460126, 0.10239, 0.134715, 0.142228, 0.147769, 0.164878, 0.182603, 0.226503, 0.233886, 0.985471, 1, 

Generation #9
35,69,0.001, 0.0234395, 0.0390873, 0.0460126, 0.10239, 0.111185, 0.134715, 0.147769, 0.164878, 0.182603, 0.226503, 0.233886, 0.620853, 0.642754, 0.773934, 0.92838, 0.972906, 1, 

28,107,0.001, 0.017851, 0.0501659, 0.0698214, 0.10015, 0.173493, 0.182069, 0.201765, 0.845754, 0.979017, 1, 

30,92,0.001, 0.0234395, 0.0390873, 0.0460126, 0.10239, 0.134715, 0.142228, 0.147769, 0.164878, 0.182603, 0.226503, 0.233886, 0.985471, 1, 

29,98,0.001, 0.0234395, 0.0390873, 0.0460126, 0.10239, 0.119235, 0.150345, 0.247358, 0.299091, 1, 

27,505,0.001, 0.017851, 0.302089, 0.0698214, 0.10015, 0.173493, 0.182069, 0.201765, 0.845754, 1, 

Generation #10
35,69,0.001, 0.0234395, 0.0390873, 0.0460126, 0.10239, 0.111185, 0.134715, 0.147769, 0.164878, 0.182603, 0.226503, 0.233886, 0.620853, 0.642754, 0.773934, 0.92838, 0.972906, 1, 

28,107,0.001, 0.017851, 0.0501659, 0.0698214, 0.10015, 0.173493, 0.182069, 0.201765, 0.845754, 0.979017, 1, 

30,92,0.001, 0.0234395, 0.0390873, 0.0460126, 0.10239, 0.134715, 0.142228, 0.147769, 0.164878, 0.182603, 0.226503, 0.233886, 0.985471, 1, 

29,98,0.001, 0.0234395, 0.0390873, 0.0460126, 0.10239, 0.119235, 0.150345, 0.247358, 0.299091, 1, 

27,136,0.001, 0.0254464, 0.0366954, 0.0698214, 0.10015, 0.182069, 0.201765, 0.147769, 0.201765, 0.96862, 1, 

Generation #11
35,69,0.001, 0.0234395, 0.0390873, 0.0460126, 0.10239, 0.111185, 0.134715, 0.147769, 0.164878, 0.182603, 0.226503, 0.233886, 0.620853, 0.642754, 0.773934, 0.92838, 0.972906, 1, 

28,107,0.001, 0.017851, 0.0501659, 0.0698214, 0.10015, 0.173493, 0.182069, 0.201765, 0.845754, 0.979017, 1, 

30,92,0.001, 0.0234395, 0.0390873, 0.0460126, 0.10239, 0.134715, 0.142228, 0.147769, 0.164878, 0.182603, 0.226503, 0.233886, 0.985471, 1, 

29,98,0.001, 0.0234395, 0.0390873, 0.0460126, 0.10239, 0.119235, 0.150345, 0.247358, 0.299091, 1, 

26,134,0.001, 0.0110509, 0.0391854, 0.0928903, 0.129683, 0.148351, 0.15305, 0.17776, 0.247358, 0.299091, 1, 

Generation #12
35,69,0.001, 0.0234395, 0.0390873, 0.0460126, 0.10239, 0.111185, 0.134715, 0.147769, 0.164878, 0.182603, 0.226503, 0.233886, 0.620853, 0.642754, 0.773934, 0.92838, 0.972906, 1, 

28,107,0.001, 0.017851, 0.0501659, 0.0698214, 0.10015, 0.173493, 0.182069, 0.201765, 0.845754, 0.979017, 1, 

30,92,0.001, 0.0234395, 0.0390873, 0.0460126, 0.10239, 0.134715, 0.142228, 0.147769, 0.164878, 0.182603, 0.226503, 0.233886, 0.985471, 1, 

26,134,0.001, 0.0110509, 0.0391854, 0.0928903, 0.129683, 0.148351, 0.15305, 0.17776, 0.247358, 0.299091, 1, 

29,95,0.001, 0.016831, 0.0170195, 0.0528152, 0.0980615, 0.10015, 0.134715, 0.17776, 0.247358, 0.299091, 1, 

Generation #13
35,69,0.001, 0.0234395, 0.0390873, 0.0460126, 0.10239, 0.111185, 0.134715, 0.147769, 0.164878, 0.182603, 0.226503, 0.233886, 0.620853, 0.642754, 0.773934, 0.92838, 0.972906, 1, 

30,92,0.001, 0.0234395, 0.0390873, 0.0460126, 0.10239, 0.134715, 0.142228, 0.147769, 0.164878, 0.182603, 0.226503, 0.233886, 0.985471, 1, 

26,134,0.001, 0.0110509, 0.0391854, 0.0928903, 0.129683, 0.148351, 0.15305, 0.17776, 0.247358, 0.299091, 1, 

29,95,0.001, 0.016831, 0.0170195, 0.0528152, 0.0980615, 0.10015, 0.134715, 0.17776, 0.247358, 0.299091, 1, 

31,91,0.001, 0.0234395, 0.0390873, 0.0460126, 0.10239, 0.182069, 0.201765, 0.147769, 0.201765, 0.96862, 1, 

28,99,0.001, 0.0234395, 0.0390873, 0.0460126, 0.10239, 0.111185, 0.134715, 0.147769, 0.164878, 1, 

33,84,0.001, 0.016831, 0.0390873, 0.0460126, 0.10239, 0.111185, 0.134715, 0.142228, 0.164878, 0.182603, 0.226503, 0.233886, 0.620853, 0.642754, 0.773934, 0.92838, 0.972906, 1, 

Generation #14
35,69,0.001, 0.0234395, 0.0390873, 0.0460126, 0.10239, 0.111185, 0.134715, 0.147769, 0.164878, 0.182603, 0.226503, 0.233886, 0.620853, 0.642754, 0.773934, 0.92838, 0.972906, 1, 

30,92,0.001, 0.0234395, 0.0390873, 0.0460126, 0.10239, 0.134715, 0.142228, 0.147769, 0.164878, 0.182603, 0.226503, 0.233886, 0.985471, 1, 

26,134,0.001, 0.0110509, 0.0391854, 0.0928903, 0.129683, 0.148351, 0.15305, 0.17776, 0.247358, 0.299091, 1, 

29,95,0.001, 0.016831, 0.0170195, 0.0528152, 0.0980615, 0.10015, 0.134715, 0.17776, 0.247358, 0.299091, 1, 

31,91,0.001, 0.0234395, 0.0390873, 0.0460126, 0.10239, 0.182069, 0.201765, 0.147769, 0.201765, 0.96862, 1, 

28,99,0.001, 0.0234395, 0.0390873, 0.0460126, 0.10239, 0.111185, 0.134715, 0.147769, 0.164878, 1, 

33,84,0.001, 0.016831, 0.0390873, 0.0460126, 0.10239, 0.111185, 0.134715, 0.142228, 0.164878, 0.182603, 0.226503, 0.233886, 0.620853, 0.642754, 0.773934, 0.92838, 0.972906, 1, 

Generation #15
35,69,0.001, 0.0234395, 0.0390873, 0.0460126, 0.10239, 0.111185, 0.134715, 0.147769, 0.164878, 0.182603, 0.226503, 0.233886, 0.620853, 0.642754, 0.773934, 0.92838, 0.972906, 1, 

30,92,0.001, 0.0234395, 0.0390873, 0.0460126, 0.10239, 0.134715, 0.142228, 0.147769, 0.164878, 0.182603, 0.226503, 0.233886, 0.985471, 1, 

26,134,0.001, 0.0110509, 0.0391854, 0.0928903, 0.129683, 0.148351, 0.15305, 0.17776, 0.247358, 0.299091, 1, 

29,95,0.001, 0.016831, 0.0170195, 0.0528152, 0.0980615, 0.10015, 0.134715, 0.17776, 0.247358, 0.299091, 1, 

31,91,0.001, 0.0234395, 0.0390873, 0.0460126, 0.10239, 0.182069, 0.201765, 0.147769, 0.201765, 0.96862, 1, 

33,84,0.001, 0.016831, 0.0390873, 0.0460126, 0.10239, 0.111185, 0.134715, 0.142228, 0.164878, 0.182603, 0.226503, 0.233886, 0.620853, 0.642754, 0.773934, 0.92838, 0.972906, 1, 

27,97,0.001, 0.016831, 0.0170195, 0.0698214, 0.10015, 0.111185, 0.134715, 0.147769, 0.164878, 1, 

Generation #16
35,69,0.001, 0.0234395, 0.0390873, 0.0460126, 0.10239, 0.111185, 0.134715, 0.147769, 0.164878, 0.182603, 0.226503, 0.233886, 0.620853, 0.642754, 0.773934, 0.92838, 0.972906, 1, 

26,134,0.001, 0.0110509, 0.0391854, 0.0928903, 0.129683, 0.148351, 0.15305, 0.17776, 0.247358, 0.299091, 1, 

33,84,0.001, 0.016831, 0.0390873, 0.0460126, 0.10239, 0.111185, 0.134715, 0.142228, 0.164878, 0.182603, 0.226503, 0.233886, 0.620853, 0.642754, 0.773934, 0.92838, 0.972906, 1, 

27,97,0.001, 0.016831, 0.0170195, 0.0698214, 0.10015, 0.111185, 0.134715, 0.147769, 0.164878, 1, 

28,86,0.001, 0.016831, 0.0170195, 0.0528152, 0.0980615, 0.10015, 0.134715, 0.17776, 0.247358, 0.299091, 1, 

Generation #17
35,69,0.001, 0.0234395, 0.0390873, 0.0460126, 0.10239, 0.111185, 0.134715, 0.147769, 0.164878, 0.182603, 0.226503, 0.233886, 0.620853, 0.642754, 0.773934, 0.92838, 0.972906, 1, 

26,134,0.001, 0.0110509, 0.0391854, 0.0928903, 0.129683, 0.148351, 0.15305, 0.17776, 0.247358, 0.299091, 1, 

33,84,0.001, 0.016831, 0.0390873, 0.0460126, 0.10239, 0.111185, 0.134715, 0.142228, 0.164878, 0.182603, 0.226503, 0.233886, 0.620853, 0.642754, 0.773934, 0.92838, 0.972906, 1, 

27,97,0.001, 0.016831, 0.0170195, 0.0698214, 0.10015, 0.111185, 0.134715, 0.147769, 0.164878, 1, 

28,86,0.001, 0.016831, 0.0170195, 0.0528152, 0.0980615, 0.10015, 0.134715, 0.17776, 0.247358, 0.299091, 1, 

Generation #18
35,69,0.001, 0.0234395, 0.0390873, 0.0460126, 0.10239, 0.111185, 0.134715, 0.147769, 0.164878, 0.182603, 0.226503, 0.233886, 0.620853, 0.642754, 0.773934, 0.92838, 0.972906, 1, 

26,134,0.001, 0.0110509, 0.0391854, 0.0928903, 0.129683, 0.148351, 0.15305, 0.17776, 0.247358, 0.299091, 1, 

33,84,0.001, 0.016831, 0.0390873, 0.0460126, 0.10239, 0.111185, 0.134715, 0.142228, 0.164878, 0.182603, 0.226503, 0.233886, 0.620853, 0.642754, 0.773934, 0.92838, 0.972906, 1, 

27,97,0.001, 0.016831, 0.0170195, 0.0698214, 0.10015, 0.111185, 0.134715, 0.147769, 0.164878, 1, 

28,86,0.001, 0.016831, 0.0170195, 0.0528152, 0.0980615, 0.10015, 0.134715, 0.17776, 0.247358, 0.299091, 1, 

Generation #19
35,69,0.001, 0.0234395, 0.0390873, 0.0460126, 0.10239, 0.111185, 0.134715, 0.147769, 0.164878, 0.182603, 0.226503, 0.233886, 0.620853, 0.642754, 0.773934, 0.92838, 0.972906, 1, 

26,134,0.001, 0.0110509, 0.0391854, 0.0928903, 0.129683, 0.148351, 0.15305, 0.17776, 0.247358, 0.299091, 1, 

33,84,0.001, 0.016831, 0.0390873, 0.0460126, 0.10239, 0.111185, 0.134715, 0.142228, 0.164878, 0.182603, 0.226503, 0.233886, 0.620853, 0.642754, 0.773934, 0.92838, 0.972906, 1, 

28,86,0.001, 0.016831, 0.0170195, 0.0528152, 0.0980615, 0.10015, 0.134715, 0.17776, 0.247358, 0.299091, 1, 

27,90,0.001, 0.016831, 0.0170195, 0.0528152, 0.0980615, 0.111185, 0.134715, 0.142228, 0.147769, 0.299091, 1, 

Generation #20
35,69,0.001, 0.0234395, 0.0390873, 0.0460126, 0.10239, 0.111185, 0.134715, 0.147769, 0.164878, 0.182603, 0.226503, 0.233886, 0.620853, 0.642754, 0.773934, 0.92838, 0.972906, 1, 

26,134,0.001, 0.0110509, 0.0391854, 0.0928903, 0.129683, 0.148351, 0.15305, 0.17776, 0.247358, 0.299091, 1, 

28,86,0.001, 0.016831, 0.0170195, 0.0528152, 0.0980615, 0.10015, 0.134715, 0.17776, 0.247358, 0.299091, 1, 

27,90,0.001, 0.016831, 0.0170195, 0.0528152, 0.0980615, 0.111185, 0.134715, 0.142228, 0.147769, 0.299091, 1, 

30,79,0.001, 0.016831, 0.0170195, 0.0528152, 0.0980615, 0.10015, 0.134715, 0.17776, 0.247358, 0.299091, 1, 

Generation #21
35,69,0.001, 0.0234395, 0.0390873, 0.0460126, 0.10239, 0.111185, 0.134715, 0.147769, 0.164878, 0.182603, 0.226503, 0.233886, 0.620853, 0.642754, 0.773934, 0.92838, 0.972906, 1, 

26,134,0.001, 0.0110509, 0.0391854, 0.0928903, 0.129683, 0.148351, 0.15305, 0.17776, 0.247358, 0.299091, 1, 

28,86,0.001, 0.016831, 0.0170195, 0.0528152, 0.0980615, 0.10015, 0.134715, 0.17776, 0.247358, 0.299091, 1, 

27,90,0.001, 0.016831, 0.0170195, 0.0528152, 0.0980615, 0.111185, 0.134715, 0.142228, 0.147769, 0.299091, 1, 

30,79,0.001, 0.016831, 0.0170195, 0.0528152, 0.0980615, 0.10015, 0.134715, 0.17776, 0.247358, 0.299091, 1, 

Generation #22
35,69,0.001, 0.0234395, 0.0390873, 0.0460126, 0.10239, 0.111185, 0.134715, 0.147769, 0.164878, 0.182603, 0.226503, 0.233886, 0.620853, 0.642754, 0.773934, 0.92838, 0.972906, 1, 

28,86,0.001, 0.016831, 0.0170195, 0.0528152, 0.0980615, 0.10015, 0.134715, 0.17776, 0.247358, 0.299091, 1, 

27,90,0.001, 0.016831, 0.0170195, 0.0528152, 0.0980615, 0.111185, 0.134715, 0.142228, 0.147769, 0.299091, 1, 

30,79,0.001, 0.016831, 0.0170195, 0.0528152, 0.0980615, 0.10015, 0.134715, 0.17776, 0.247358, 0.299091, 1, 

26,133,0.001, 0.016831, 0.0528152, 0.0980615, 0.10239, 0.134715, 0.147769, 0.164878, 1, 

Generation #23
35,69,0.001, 0.0234395, 0.0390873, 0.0460126, 0.10239, 0.111185, 0.134715, 0.147769, 0.164878, 0.182603, 0.226503, 0.233886, 0.620853, 0.642754, 0.773934, 0.92838, 0.972906, 1, 

28,86,0.001, 0.016831, 0.0170195, 0.0528152, 0.0980615, 0.10015, 0.134715, 0.17776, 0.247358, 0.299091, 1, 

27,90,0.001, 0.016831, 0.0170195, 0.0528152, 0.0980615, 0.111185, 0.134715, 0.142228, 0.147769, 0.299091, 1, 

30,79,0.001, 0.016831, 0.0170195, 0.0528152, 0.0980615, 0.10015, 0.134715, 0.17776, 0.247358, 0.299091, 1, 

26,133,0.001, 0.016831, 0.0528152, 0.0980615, 0.10239, 0.134715, 0.147769, 0.164878, 1, 

Generation #24
35,69,0.001, 0.0234395, 0.0390873, 0.0460126, 0.10239, 0.111185, 0.134715, 0.147769, 0.164878, 0.182603, 0.226503, 0.233886, 0.620853, 0.642754, 0.773934, 0.92838, 0.972906, 1, 

28,86,0.001, 0.016831, 0.0170195, 0.0528152, 0.0980615, 0.10015, 0.134715, 0.17776, 0.247358, 0.299091, 1, 

27,90,0.001, 0.016831, 0.0170195, 0.0528152, 0.0980615, 0.111185, 0.134715, 0.142228, 0.147769, 0.299091, 1, 

30,79,0.001, 0.016831, 0.0170195, 0.0528152, 0.0980615, 0.10015, 0.134715, 0.17776, 0.247358, 0.299091, 1, 

26,133,0.001, 0.016831, 0.0528152, 0.0980615, 0.10239, 0.134715, 0.147769, 0.164878, 1, 

Generation #25
35,69,0.001, 0.0234395, 0.0390873, 0.0460126, 0.10239, 0.111185, 0.134715, 0.147769, 0.164878, 0.182603, 0.226503, 0.233886, 0.620853, 0.642754, 0.773934, 0.92838, 0.972906, 1, 

28,86,0.001, 0.016831, 0.0170195, 0.0528152, 0.0980615, 0.10015, 0.134715, 0.17776, 0.247358, 0.299091, 1, 

27,90,0.001, 0.016831, 0.0170195, 0.0528152, 0.0980615, 0.111185, 0.134715, 0.142228, 0.147769, 0.299091, 1, 

30,79,0.001, 0.016831, 0.0170195, 0.0528152, 0.0980615, 0.10015, 0.134715, 0.17776, 0.247358, 0.299091, 1, 

26,133,0.001, 0.016831, 0.0528152, 0.0980615, 0.10239, 0.134715, 0.147769, 0.164878, 1, 

Generation #26
35,69,0.001, 0.0234395, 0.0390873, 0.0460126, 0.10239, 0.111185, 0.134715, 0.147769, 0.164878, 0.182603, 0.226503, 0.233886, 0.620853, 0.642754, 0.773934, 0.92838, 0.972906, 1, 

28,86,0.001, 0.016831, 0.0170195, 0.0528152, 0.0980615, 0.10015, 0.134715, 0.17776, 0.247358, 0.299091, 1, 

27,90,0.001, 0.016831, 0.0170195, 0.0528152, 0.0980615, 0.111185, 0.134715, 0.142228, 0.147769, 0.299091, 1, 

30,79,0.001, 0.016831, 0.0170195, 0.0528152, 0.0980615, 0.10015, 0.134715, 0.17776, 0.247358, 0.299091, 1, 

26,133,0.001, 0.016831, 0.0528152, 0.0980615, 0.10239, 0.134715, 0.147769, 0.164878, 1, 

Generation #27
35,69,0.001, 0.0234395, 0.0390873, 0.0460126, 0.10239, 0.111185, 0.134715, 0.147769, 0.164878, 0.182603, 0.226503, 0.233886, 0.620853, 0.642754, 0.773934, 0.92838, 0.972906, 1, 

28,86,0.001, 0.016831, 0.0170195, 0.0528152, 0.0980615, 0.10015, 0.134715, 0.17776, 0.247358, 0.299091, 1, 

27,90,0.001, 0.016831, 0.0170195, 0.0528152, 0.0980615, 0.111185, 0.134715, 0.142228, 0.147769, 0.299091, 1, 

30,79,0.001, 0.016831, 0.0170195, 0.0528152, 0.0980615, 0.10015, 0.134715, 0.17776, 0.247358, 0.299091, 1, 

26,133,0.001, 0.016831, 0.0528152, 0.0980615, 0.10239, 0.134715, 0.147769, 0.164878, 1, 

Generation #28
35,69,0.001, 0.0234395, 0.0390873, 0.0460126, 0.10239, 0.111185, 0.134715, 0.147769, 0.164878, 0.182603, 0.226503, 0.233886, 0.620853, 0.642754, 0.773934, 0.92838, 0.972906, 1, 

28,86,0.001, 0.016831, 0.0170195, 0.0528152, 0.0980615, 0.10015, 0.134715, 0.17776, 0.247358, 0.299091, 1, 

27,90,0.001, 0.016831, 0.0170195, 0.0528152, 0.0980615, 0.111185, 0.134715, 0.142228, 0.147769, 0.299091, 1, 

30,79,0.001, 0.016831, 0.0170195, 0.0528152, 0.0980615, 0.10015, 0.134715, 0.17776, 0.247358, 0.299091, 1, 

26,133,0.001, 0.016831, 0.0528152, 0.0980615, 0.10239, 0.134715, 0.147769, 0.164878, 1, 

Generation #29
35,69,0.001, 0.0234395, 0.0390873, 0.0460126, 0.10239, 0.111185, 0.134715, 0.147769, 0.164878, 0.182603, 0.226503, 0.233886, 0.620853, 0.642754, 0.773934, 0.92838, 0.972906, 1, 

28,86,0.001, 0.016831, 0.0170195, 0.0528152, 0.0980615, 0.10015, 0.134715, 0.17776, 0.247358, 0.299091, 1, 

27,90,0.001, 0.016831, 0.0170195, 0.0528152, 0.0980615, 0.111185, 0.134715, 0.142228, 0.147769, 0.299091, 1, 

30,79,0.001, 0.016831, 0.0170195, 0.0528152, 0.0980615, 0.10015, 0.134715, 0.17776, 0.247358, 0.299091, 1, 

26,133,0.001, 0.016831, 0.0528152, 0.0980615, 0.10239, 0.134715, 0.147769, 0.164878, 1, 

Generation #30
35,69,0.001, 0.0234395, 0.0390873, 0.0460126, 0.10239, 0.111185, 0.134715, 0.147769, 0.164878, 0.182603, 0.226503, 0.233886, 0.620853, 0.642754, 0.773934, 0.92838, 0.972906, 1, 

28,86,0.001, 0.016831, 0.0170195, 0.0528152, 0.0980615, 0.10015, 0.134715, 0.17776, 0.247358, 0.299091, 1, 

27,90,0.001, 0.016831, 0.0170195, 0.0528152, 0.0980615, 0.111185, 0.134715, 0.142228, 0.147769, 0.299091, 1, 

26,133,0.001, 0.016831, 0.0528152, 0.0980615, 0.10239, 0.134715, 0.147769, 0.164878, 1, 

29,79,0.001, 0.016831, 0.0390873, 0.0460126, 0.10239, 0.111185, 0.134715, 0.17776, 0.247358, 0.299091, 1, 

Generation #31
35,69,0.001, 0.0234395, 0.0390873, 0.0460126, 0.10239, 0.111185, 0.134715, 0.147769, 0.164878, 0.182603, 0.226503, 0.233886, 0.620853, 0.642754, 0.773934, 0.92838, 0.972906, 1, 

28,86,0.001, 0.016831, 0.0170195, 0.0528152, 0.0980615, 0.10015, 0.134715, 0.17776, 0.247358, 0.299091, 1, 

27,90,0.001, 0.016831, 0.0170195, 0.0528152, 0.0980615, 0.111185, 0.134715, 0.142228, 0.147769, 0.299091, 1, 

29,79,0.001, 0.016831, 0.0390873, 0.0460126, 0.10239, 0.111185, 0.134715, 0.17776, 0.247358, 0.299091, 1, 

26,107,0.001, 0.016831, 0.0170195, 0.0528152, 0.10239, 0.111185, 0.134715, 0.142228, 1, 

Generation #32
35,69,0.001, 0.0234395, 0.0390873, 0.0460126, 0.10239, 0.111185, 0.134715, 0.147769, 0.164878, 0.182603, 0.226503, 0.233886, 0.620853, 0.642754, 0.773934, 0.92838, 0.972906, 1, 

28,86,0.001, 0.016831, 0.0170195, 0.0528152, 0.0980615, 0.10015, 0.134715, 0.17776, 0.247358, 0.299091, 1, 

27,90,0.001, 0.016831, 0.0170195, 0.0528152, 0.0980615, 0.111185, 0.134715, 0.142228, 0.147769, 0.299091, 1, 

29,79,0.001, 0.016831, 0.0390873, 0.0460126, 0.10239, 0.111185, 0.134715, 0.17776, 0.247358, 0.299091, 1, 

26,107,0.001, 0.016831, 0.0170195, 0.0528152, 0.10239, 0.111185, 0.134715, 0.142228, 1, 

Generation #33
35,69,0.001, 0.0234395, 0.0390873, 0.0460126, 0.10239, 0.111185, 0.134715, 0.147769, 0.164878, 0.182603, 0.226503, 0.233886, 0.620853, 0.642754, 0.773934, 0.92838, 0.972906, 1, 

28,86,0.001, 0.016831, 0.0170195, 0.0528152, 0.0980615, 0.10015, 0.134715, 0.17776, 0.247358, 0.299091, 1, 

27,90,0.001, 0.016831, 0.0170195, 0.0528152, 0.0980615, 0.111185, 0.134715, 0.142228, 0.147769, 0.299091, 1, 

29,79,0.001, 0.016831, 0.0390873, 0.0460126, 0.10239, 0.111185, 0.134715, 0.17776, 0.247358, 0.299091, 1, 

26,107,0.001, 0.016831, 0.0170195, 0.0528152, 0.10239, 0.111185, 0.134715, 0.142228, 1, 

Generation #34
35,69,0.001, 0.0234395, 0.0390873, 0.0460126, 0.10239, 0.111185, 0.134715, 0.147769, 0.164878, 0.182603, 0.226503, 0.233886, 0.620853, 0.642754, 0.773934, 0.92838, 0.972906, 1, 

28,86,0.001, 0.016831, 0.0170195, 0.0528152, 0.0980615, 0.10015, 0.134715, 0.17776, 0.247358, 0.299091, 1, 

27,90,0.001, 0.016831, 0.0170195, 0.0528152, 0.0980615, 0.111185, 0.134715, 0.142228, 0.147769, 0.299091, 1, 

29,79,0.001, 0.016831, 0.0390873, 0.0460126, 0.10239, 0.111185, 0.134715, 0.17776, 0.247358, 0.299091, 1, 

26,107,0.001, 0.016831, 0.0170195, 0.0528152, 0.10239, 0.111185, 0.134715, 0.142228, 1, 

Generation #35
35,69,0.001, 0.0234395, 0.0390873, 0.0460126, 0.10239, 0.111185, 0.134715, 0.147769, 0.164878, 0.182603, 0.226503, 0.233886, 0.620853, 0.642754, 0.773934, 0.92838, 0.972906, 1, 

28,86,0.001, 0.016831, 0.0170195, 0.0528152, 0.0980615, 0.10015, 0.134715, 0.17776, 0.247358, 0.299091, 1, 

27,90,0.001, 0.016831, 0.0170195, 0.0528152, 0.0980615, 0.111185, 0.134715, 0.142228, 0.147769, 0.299091, 1, 

29,79,0.001, 0.016831, 0.0390873, 0.0460126, 0.10239, 0.111185, 0.134715, 0.17776, 0.247358, 0.299091, 1, 

26,107,0.001, 0.016831, 0.0170195, 0.0528152, 0.10239, 0.111185, 0.134715, 0.142228, 1, 

Generation #36
35,69,0.001, 0.0234395, 0.0390873, 0.0460126, 0.10239, 0.111185, 0.134715, 0.147769, 0.164878, 0.182603, 0.226503, 0.233886, 0.620853, 0.642754, 0.773934, 0.92838, 0.972906, 1, 

28,86,0.001, 0.016831, 0.0170195, 0.0528152, 0.0980615, 0.10015, 0.134715, 0.17776, 0.247358, 0.299091, 1, 

27,90,0.001, 0.016831, 0.0170195, 0.0528152, 0.0980615, 0.111185, 0.134715, 0.142228, 0.147769, 0.299091, 1, 

29,79,0.001, 0.016831, 0.0390873, 0.0460126, 0.10239, 0.111185, 0.134715, 0.17776, 0.247358, 0.299091, 1, 

26,107,0.001, 0.016831, 0.0170195, 0.0528152, 0.10239, 0.111185, 0.134715, 0.142228, 1, 

Generation #37
35,69,0.001, 0.0234395, 0.0390873, 0.0460126, 0.10239, 0.111185, 0.134715, 0.147769, 0.164878, 0.182603, 0.226503, 0.233886, 0.620853, 0.642754, 0.773934, 0.92838, 0.972906, 1, 

28,86,0.001, 0.016831, 0.0170195, 0.0528152, 0.0980615, 0.10015, 0.134715, 0.17776, 0.247358, 0.299091, 1, 

27,90,0.001, 0.016831, 0.0170195, 0.0528152, 0.0980615, 0.111185, 0.134715, 0.142228, 0.147769, 0.299091, 1, 

29,79,0.001, 0.016831, 0.0390873, 0.0460126, 0.10239, 0.111185, 0.134715, 0.17776, 0.247358, 0.299091, 1, 

26,107,0.001, 0.016831, 0.0170195, 0.0528152, 0.10239, 0.111185, 0.134715, 0.142228, 1, 

Generation #38
35,69,0.001, 0.0234395, 0.0390873, 0.0460126, 0.10239, 0.111185, 0.134715, 0.147769, 0.164878, 0.182603, 0.226503, 0.233886, 0.620853, 0.642754, 0.773934, 0.92838, 0.972906, 1, 

28,86,0.001, 0.016831, 0.0170195, 0.0528152, 0.0980615, 0.10015, 0.134715, 0.17776, 0.247358, 0.299091, 1, 

27,90,0.001, 0.016831, 0.0170195, 0.0528152, 0.0980615, 0.111185, 0.134715, 0.142228, 0.147769, 0.299091, 1, 

29,79,0.001, 0.016831, 0.0390873, 0.0460126, 0.10239, 0.111185, 0.134715, 0.17776, 0.247358, 0.299091, 1, 

26,107,0.001, 0.016831, 0.0170195, 0.0528152, 0.10239, 0.111185, 0.134715, 0.142228, 1, 

Generation #39
35,69,0.001, 0.0234395, 0.0390873, 0.0460126, 0.10239, 0.111185, 0.134715, 0.147769, 0.164878, 0.182603, 0.226503, 0.233886, 0.620853, 0.642754, 0.773934, 0.92838, 0.972906, 1, 

28,86,0.001, 0.016831, 0.0170195, 0.0528152, 0.0980615, 0.10015, 0.134715, 0.17776, 0.247358, 0.299091, 1, 

27,90,0.001, 0.016831, 0.0170195, 0.0528152, 0.0980615, 0.111185, 0.134715, 0.142228, 0.147769, 0.299091, 1, 

29,79,0.001, 0.016831, 0.0390873, 0.0460126, 0.10239, 0.111185, 0.134715, 0.17776, 0.247358, 0.299091, 1, 

26,107,0.001, 0.016831, 0.0170195, 0.0528152, 0.10239, 0.111185, 0.134715, 0.142228, 1, 

Generation #40
35,69,0.001, 0.0234395, 0.0390873, 0.0460126, 0.10239, 0.111185, 0.134715, 0.147769, 0.164878, 0.182603, 0.226503, 0.233886, 0.620853, 0.642754, 0.773934, 0.92838, 0.972906, 1, 

27,90,0.001, 0.016831, 0.0170195, 0.0528152, 0.0980615, 0.111185, 0.134715, 0.142228, 0.147769, 0.299091, 1, 

26,107,0.001, 0.016831, 0.0170195, 0.0528152, 0.10239, 0.111185, 0.134715, 0.142228, 1, 

28,70,0.001, 0.016831, 0.0234395, 0.0390873, 0.0460126, 0.10239, 0.134715, 0.142228, 0.247358, 0.299091, 1, 

Generation #41
35,69,0.001, 0.0234395, 0.0390873, 0.0460126, 0.10239, 0.111185, 0.134715, 0.147769, 0.164878, 0.182603, 0.226503, 0.233886, 0.620853, 0.642754, 0.773934, 0.92838, 0.972906, 1, 

27,90,0.001, 0.016831, 0.0170195, 0.0528152, 0.0980615, 0.111185, 0.134715, 0.142228, 0.147769, 0.299091, 1, 

26,107,0.001, 0.016831, 0.0170195, 0.0528152, 0.10239, 0.111185, 0.134715, 0.142228, 1, 

28,70,0.001, 0.016831, 0.0234395, 0.0390873, 0.0460126, 0.10239, 0.134715, 0.142228, 0.247358, 0.299091, 1, 

Generation #42
35,69,0.001, 0.0234395, 0.0390873, 0.0460126, 0.10239, 0.111185, 0.134715, 0.147769, 0.164878, 0.182603, 0.226503, 0.233886, 0.620853, 0.642754, 0.773934, 0.92838, 0.972906, 1, 

27,90,0.001, 0.016831, 0.0170195, 0.0528152, 0.0980615, 0.111185, 0.134715, 0.142228, 0.147769, 0.299091, 1, 

26,107,0.001, 0.016831, 0.0170195, 0.0528152, 0.10239, 0.111185, 0.134715, 0.142228, 1, 

28,70,0.001, 0.016831, 0.0234395, 0.0390873, 0.0460126, 0.10239, 0.134715, 0.142228, 0.247358, 0.299091, 1, 

Generation #43
35,69,0.001, 0.0234395, 0.0390873, 0.0460126, 0.10239, 0.111185, 0.134715, 0.147769, 0.164878, 0.182603, 0.226503, 0.233886, 0.620853, 0.642754, 0.773934, 0.92838, 0.972906, 1, 

27,90,0.001, 0.016831, 0.0170195, 0.0528152, 0.0980615, 0.111185, 0.134715, 0.142228, 0.147769, 0.299091, 1, 

26,107,0.001, 0.016831, 0.0170195, 0.0528152, 0.10239, 0.111185, 0.134715, 0.142228, 1, 

28,70,0.001, 0.016831, 0.0234395, 0.0390873, 0.0460126, 0.10239, 0.134715, 0.142228, 0.247358, 0.299091, 1, 

Generation #44
35,69,0.001, 0.0234395, 0.0390873, 0.0460126, 0.10239, 0.111185, 0.134715, 0.147769, 0.164878, 0.182603, 0.226503, 0.233886, 0.620853, 0.642754, 0.773934, 0.92838, 0.972906, 1, 

27,90,0.001, 0.016831, 0.0170195, 0.0528152, 0.0980615, 0.111185, 0.134715, 0.142228, 0.147769, 0.299091, 1, 

26,107,0.001, 0.016831, 0.0170195, 0.0528152, 0.10239, 0.111185, 0.134715, 0.142228, 1, 

28,70,0.001, 0.016831, 0.0234395, 0.0390873, 0.0460126, 0.10239, 0.134715, 0.142228, 0.247358, 0.299091, 1, 

Generation #45
35,69,0.001, 0.0234395, 0.0390873, 0.0460126, 0.10239, 0.111185, 0.134715, 0.147769, 0.164878, 0.182603, 0.226503, 0.233886, 0.620853, 0.642754, 0.773934, 0.92838, 0.972906, 1, 

27,90,0.001, 0.016831, 0.0170195, 0.0528152, 0.0980615, 0.111185, 0.134715, 0.142228, 0.147769, 0.299091, 1, 

26,107,0.001, 0.016831, 0.0170195, 0.0528152, 0.10239, 0.111185, 0.134715, 0.142228, 1, 

28,70,0.001, 0.016831, 0.0234395, 0.0390873, 0.0460126, 0.10239, 0.134715, 0.142228, 0.247358, 0.299091, 1, 

Generation #46
35,69,0.001, 0.0234395, 0.0390873, 0.0460126, 0.10239, 0.111185, 0.134715, 0.147769, 0.164878, 0.182603, 0.226503, 0.233886, 0.620853, 0.642754, 0.773934, 0.92838, 0.972906, 1, 

27,90,0.001, 0.016831, 0.0170195, 0.0528152, 0.0980615, 0.111185, 0.134715, 0.142228, 0.147769, 0.299091, 1, 

26,107,0.001, 0.016831, 0.0170195, 0.0528152, 0.10239, 0.111185, 0.134715, 0.142228, 1, 

28,70,0.001, 0.016831, 0.0234395, 0.0390873, 0.0460126, 0.10239, 0.134715, 0.142228, 0.247358, 0.299091, 1, 

Generation #47
35,69,0.001, 0.0234395, 0.0390873, 0.0460126, 0.10239, 0.111185, 0.134715, 0.147769, 0.164878, 0.182603, 0.226503, 0.233886, 0.620853, 0.642754, 0.773934, 0.92838, 0.972906, 1, 

27,90,0.001, 0.016831, 0.0170195, 0.0528152, 0.0980615, 0.111185, 0.134715, 0.142228, 0.147769, 0.299091, 1, 

26,107,0.001, 0.016831, 0.0170195, 0.0528152, 0.10239, 0.111185, 0.134715, 0.142228, 1, 

28,70,0.001, 0.016831, 0.0234395, 0.0390873, 0.0460126, 0.10239, 0.134715, 0.142228, 0.247358, 0.299091, 1, 

Generation #48
35,69,0.001, 0.0234395, 0.0390873, 0.0460126, 0.10239, 0.111185, 0.134715, 0.147769, 0.164878, 0.182603, 0.226503, 0.233886, 0.620853, 0.642754, 0.773934, 0.92838, 0.972906, 1, 

27,90,0.001, 0.016831, 0.0170195, 0.0528152, 0.0980615, 0.111185, 0.134715, 0.142228, 0.147769, 0.299091, 1, 

26,107,0.001, 0.016831, 0.0170195, 0.0528152, 0.10239, 0.111185, 0.134715, 0.142228, 1, 

28,70,0.001, 0.016831, 0.0234395, 0.0390873, 0.0460126, 0.10239, 0.134715, 0.142228, 0.247358, 0.299091, 1, 

Generation #49
35,69,0.001, 0.0234395, 0.0390873, 0.0460126, 0.10239, 0.111185, 0.134715, 0.147769, 0.164878, 0.182603, 0.226503, 0.233886, 0.620853, 0.642754, 0.773934, 0.92838, 0.972906, 1, 

27,90,0.001, 0.016831, 0.0170195, 0.0528152, 0.0980615, 0.111185, 0.134715, 0.142228, 0.147769, 0.299091, 1, 

28,70,0.001, 0.016831, 0.0234395, 0.0390873, 0.0460126, 0.10239, 0.134715, 0.142228, 0.247358, 0.299091, 1, 

26,93,0.001, 0.016831, 0.0170195, 0.0528152, 0.10239, 0.111185, 0.134715, 0.147769, 0.164878, 1, 

--- Pareto Front Solutions ---
Solution 0: N total=61 (N_initial=26, N_added=35), Time total=75 ms, Saved to: ./results/Flex_t2_l1_pareto_0.csv, percents=0.001, 0.0234395, 0.0390873, 0.0460126, 0.10239, 0.111185, 0.134715, 0.147769, 0.164878, 0.182603, 0.226503, 0.233886, 0.620853, 0.642754, 0.773934, 0.92838, 0.972906, 1, 

Solution 1: N total=53 (N_initial=26, N_added=27), Time total=96 ms, Saved to: ./results/Flex_t2_l1_pareto_1.csv, percents=0.001, 0.016831, 0.0170195, 0.0528152, 0.0980615, 0.111185, 0.134715, 0.142228, 0.147769, 0.299091, 1, 

Solution 2: N total=54 (N_initial=26, N_added=28), Time total=76 ms, Saved to: ./results/Flex_t2_l1_pareto_2.csv, percents=0.001, 0.016831, 0.0234395, 0.0390873, 0.0460126, 0.10239, 0.134715, 0.142228, 0.247358, 0.299091, 1, 

Solution 3: N total=52 (N_initial=26, N_added=26), Time total=99 ms, Saved to: ./results/Flex_t2_l1_pareto_3.csv, percents=0.001, 0.016831, 0.0170195, 0.0528152, 0.10239, 0.111185, 0.134715, 0.147769, 0.164878, 1, 

------------d=1, t=2, lambda=2, filename=./evaluation/Flex/Flex_2_2.csv------------
Computing partitioned counts of d-sets...
Ready to look at pairs based on partitioned counts...
First Stage N=50, Time=4
There are 50 remaining non-locating pairs
--- Running GA Algorithm (phase2) ---
Running GA with std::execution::par
Generation #0
37,15,0.001, 0.0759769, 0.0903743, 0.121927, 0.142691, 0.209036, 0.209189, 0.209324, 0.245617, 0.252663, 0.290217, 0.294343, 0.378092, 0.443512, 0.458588, 0.466491, 0.470242, 0.525168, 0.778717, 0.813608, 0.818787, 0.883785, 0.898567, 1, 

26,25,0.001, 0.128844, 0.155741, 0.181301, 0.233772, 0.259636, 0.492017, 0.548925, 0.575222, 0.794365, 0.824199, 0.824765, 0.92608, 0.947477, 0.956301, 1, 

39,11,0.001, 0.0459356, 0.0474382, 0.0592779, 0.0666258, 0.0905347, 0.145808, 0.16873, 0.234367, 0.255843, 0.258085, 0.324528, 0.347364, 0.356566, 0.432626, 0.496915, 0.518664, 0.523922, 0.540442, 0.611667, 0.700182, 0.714183, 0.764951, 0.794908, 0.850709, 0.869795, 0.884271, 0.929493, 0.93033, 1, 

36,16,0.001, 0.0377563, 0.0435115, 0.0579576, 0.087725, 0.116071, 0.328314, 0.340145, 0.400617, 0.457394, 0.466194, 0.488971, 0.503603, 0.510575, 0.60042, 0.611812, 0.731014, 0.747703, 0.789288, 0.806085, 0.816433, 0.817276, 0.827925, 1, 

24,37,0.001, 0.169427, 0.285611, 0.313742, 0.31414, 0.549748, 0.697376, 0.708406, 0.708469, 0.782676, 0.886247, 1, 

30,18,0.001, 0.0514135, 0.0841523, 0.123099, 0.124422, 0.131272, 0.310122, 0.339642, 0.414452, 0.466492, 0.566493, 0.590982, 0.592194, 0.785655, 0.823321, 0.873412, 0.881823, 0.964776, 0.992968, 1, 

40,10,0.001, 0.0183714, 0.0382374, 0.0418921, 0.0831211, 0.107457, 0.12162, 0.151185, 0.165562, 0.170857, 0.216271, 0.298722, 0.308339, 0.414013, 0.426127, 0.440043, 0.459692, 0.536745, 0.596482, 0.672571, 0.728552, 0.745396, 0.748261, 0.80032, 0.885382, 0.91341, 0.918033, 0.951337, 0.964424, 0.9655, 1, 

Generation #1
21,25,0.001, 0.0377563, 0.0435115, 0.0579576, 0.087725, 0.116071, 0.328314, 0.340145, 0.400617, 0.865787, 0.876551, 0.900492, 1, 

23,7,0.001, 0.0212269, 0.0567931, 0.082898, 0.112742, 0.127364, 0.138221, 0.17661, 0.194995, 0.20985, 0.212297, 0.889952, 1, 

Generation #2
21,25,0.001, 0.0377563, 0.0435115, 0.0579576, 0.087725, 0.116071, 0.328314, 0.340145, 0.400617, 0.865787, 0.876551, 0.900492, 1, 

23,7,0.001, 0.0212269, 0.0567931, 0.082898, 0.112742, 0.127364, 0.138221, 0.17661, 0.194995, 0.20985, 0.212297, 0.889952, 1, 

22,13,0.001, 0.0459356, 0.0474382, 0.0592779, 0.0666258, 0.0905347, 0.145808, 0.16873, 0.234367, 0.196147, 1, 

Generation #3
23,7,0.001, 0.0212269, 0.0567931, 0.082898, 0.112742, 0.127364, 0.138221, 0.17661, 0.194995, 0.20985, 0.212297, 0.889952, 1, 

22,13,0.001, 0.0459356, 0.0474382, 0.0592779, 0.0666258, 0.0905347, 0.145808, 0.16873, 0.234367, 0.196147, 1, 

20,14,0.001, 0.00317594, 0.0486992, 0.0631574, 0.0961713, 0.16281, 0.191997, 0.195229, 0.832377, 1, 

31,6,0.001, 0.00977072, 0.0429259, 0.0439634, 0.0643702, 0.0843199, 0.148653, 0.164973, 0.20224, 0.248278, 0.282677, 0.295547, 0.409754, 0.429363, 0.455616, 0.52294, 0.54619, 0.550606, 0.900117, 1, 

Generation #4
23,7,0.001, 0.0212269, 0.0567931, 0.082898, 0.112742, 0.127364, 0.138221, 0.17661, 0.194995, 0.20985, 0.212297, 0.889952, 1, 

22,13,0.001, 0.0459356, 0.0474382, 0.0592779, 0.0666258, 0.0905347, 0.145808, 0.16873, 0.234367, 0.196147, 1, 

20,14,0.001, 0.00317594, 0.0486992, 0.0631574, 0.0961713, 0.16281, 0.191997, 0.195229, 0.832377, 1, 

31,6,0.001, 0.00977072, 0.0429259, 0.0439634, 0.0643702, 0.0843199, 0.148653, 0.164973, 0.20224, 0.248278, 0.282677, 0.295547, 0.409754, 0.429363, 0.455616, 0.52294, 0.54619, 0.550606, 0.900117, 1, 

19,27,0.001, 0.00317594, 0.0486992, 0.0631574, 0.243015, 0.16281, 0.191997, 0.195229, 0.832377, 1, 

Generation #5
23,7,0.001, 0.0212269, 0.0567931, 0.082898, 0.112742, 0.127364, 0.138221, 0.17661, 0.194995, 0.20985, 0.212297, 0.889952, 1, 

22,13,0.001, 0.0459356, 0.0474382, 0.0592779, 0.0666258, 0.0905347, 0.145808, 0.16873, 0.234367, 0.196147, 1, 

20,14,0.001, 0.00317594, 0.0486992, 0.0631574, 0.0961713, 0.16281, 0.191997, 0.195229, 0.832377, 1, 

31,6,0.001, 0.00977072, 0.0429259, 0.0439634, 0.0643702, 0.0843199, 0.148653, 0.164973, 0.20224, 0.248278, 0.282677, 0.295547, 0.409754, 0.429363, 0.455616, 0.52294, 0.54619, 0.550606, 0.900117, 1, 

19,27,0.001, 0.00317594, 0.0486992, 0.0631574, 0.243015, 0.16281, 0.191997, 0.195229, 0.832377, 1, 

39,5,0.001, 0.0459356, 0.0474382, 0.0592779, 0.0666258, 0.0905347, 0.145808, 0.16873, 0.165562, 0.170857, 0.216271, 0.298722, 0.308339, 0.414013, 0.426127, 0.440043, 0.459692, 0.536745, 0.596482, 0.672571, 0.728552, 0.745396, 0.748261, 0.80032, 0.885382, 0.91341, 0.918033, 0.951337, 0.964424, 0.9655, 1, 

Generation #6
23,7,0.001, 0.0212269, 0.0567931, 0.082898, 0.112742, 0.127364, 0.138221, 0.17661, 0.194995, 0.20985, 0.212297, 0.889952, 1, 

20,14,0.001, 0.00317594, 0.0486992, 0.0631574, 0.0961713, 0.16281, 0.191997, 0.195229, 0.832377, 1, 

31,6,0.001, 0.00977072, 0.0429259, 0.0439634, 0.0643702, 0.0843199, 0.148653, 0.164973, 0.20224, 0.248278, 0.282677, 0.295547, 0.409754, 0.429363, 0.455616, 0.52294, 0.54619, 0.550606, 0.900117, 1, 

19,27,0.001, 0.00317594, 0.0486992, 0.0631574, 0.243015, 0.16281, 0.191997, 0.195229, 0.832377, 1, 

39,5,0.001, 0.0459356, 0.0474382, 0.0592779, 0.0666258, 0.0905347, 0.145808, 0.16873, 0.165562, 0.170857, 0.216271, 0.298722, 0.308339, 0.414013, 0.426127, 0.440043, 0.459692, 0.536745, 0.596482, 0.672571, 0.728552, 0.745396, 0.748261, 0.80032, 0.885382, 0.91341, 0.918033, 0.951337, 0.964424, 0.9655, 1, 

21,13,0.001, 0.0459356, 0.0474382, 0.0592779, 0.0666258, 0.0905347, 0.145808, 0.302783, 0.708469, 0.782676, 0.886247, 1, 

Generation #7
23,7,0.001, 0.0212269, 0.0567931, 0.082898, 0.112742, 0.127364, 0.138221, 0.17661, 0.194995, 0.20985, 0.212297, 0.889952, 1, 

31,6,0.001, 0.00977072, 0.0429259, 0.0439634, 0.0643702, 0.0843199, 0.148653, 0.164973, 0.20224, 0.248278, 0.282677, 0.295547, 0.409754, 0.429363, 0.455616, 0.52294, 0.54619, 0.550606, 0.900117, 1, 

19,27,0.001, 0.00317594, 0.0486992, 0.0631574, 0.243015, 0.16281, 0.191997, 0.195229, 0.832377, 1, 

39,5,0.001, 0.0459356, 0.0474382, 0.0592779, 0.0666258, 0.0905347, 0.145808, 0.16873, 0.165562, 0.170857, 0.216271, 0.298722, 0.308339, 0.414013, 0.426127, 0.440043, 0.459692, 0.536745, 0.596482, 0.672571, 0.728552, 0.745396, 0.748261, 0.80032, 0.885382, 0.91341, 0.918033, 0.951337, 0.964424, 0.9655, 1, 

20,10,0.001, 0.0459356, 0.0903743, 0.121927, 0.142691, 0.116071, 0.328314, 0.340145, 0.414452, 0.466492, 0.566493, 1, 

Generation #8
23,7,0.001, 0.0212269, 0.0567931, 0.082898, 0.112742, 0.127364, 0.138221, 0.17661, 0.194995, 0.20985, 0.212297, 0.889952, 1, 

19,27,0.001, 0.00317594, 0.0486992, 0.0631574, 0.243015, 0.16281, 0.191997, 0.195229, 0.832377, 1, 

39,5,0.001, 0.0459356, 0.0474382, 0.0592779, 0.0666258, 0.0905347, 0.145808, 0.16873, 0.165562, 0.170857, 0.216271, 0.298722, 0.308339, 0.414013, 0.426127, 0.440043, 0.459692, 0.536745, 0.596482, 0.672571, 0.728552, 0.745396, 0.748261, 0.80032, 0.885382, 0.91341, 0.918033, 0.951337, 0.964424, 0.9655, 1, 

20,10,0.001, 0.0459356, 0.0903743, 0.121927, 0.142691, 0.116071, 0.328314, 0.340145, 0.414452, 0.466492, 0.566493, 1, 

28,6,0.001, 0.00977072, 0.0429259, 0.0592779, 0.0666258, 0.0905347, 0.145808, 0.164973, 0.20224, 0.248278, 0.282677, 0.295547, 0.409754, 0.429363, 0.455616, 0.52294, 0.54619, 0.550606, 0.900117, 1, 

Generation #9
25,5,0.001, 0.00977072, 0.0429259, 0.0592779, 0.0666258, 0.0905347, 0.145808, 0.164973, 0.20224, 0.248278, 0.282677, 0.295547, 0.409754, 0.429363, 0.455616, 0.52294, 0.54619, 1, 

18,6,0.001, 0.0382858, 0.050935, 0.0439634, 0.0643702, 0.0843199, 0.148653, 0.164973, 0.832377, 1, 

Generation #10
25,5,0.001, 0.00977072, 0.0429259, 0.0592779, 0.0666258, 0.0905347, 0.145808, 0.164973, 0.20224, 0.248278, 0.282677, 0.295547, 0.409754, 0.429363, 0.455616, 0.52294, 0.54619, 1, 

18,6,0.001, 0.0382858, 0.050935, 0.0439634, 0.0643702, 0.0843199, 0.148653, 0.164973, 0.832377, 1, 

Generation #11
25,5,0.001, 0.00977072, 0.0429259, 0.0592779, 0.0666258, 0.0905347, 0.145808, 0.164973, 0.20224, 0.248278, 0.282677, 0.295547, 0.409754, 0.429363, 0.455616, 0.52294, 0.54619, 1, 

18,6,0.001, 0.0382858, 0.050935, 0.0439634, 0.0643702, 0.0843199, 0.148653, 0.164973, 0.832377, 1, 

28,4,0.001, 0.0459356, 0.0474382, 0.0592779, 0.0666258, 0.0905347, 0.145808, 0.164973, 0.20224, 0.248278, 0.282677, 0.295547, 0.409754, 0.429363, 0.455616, 0.52294, 0.54619, 0.550606, 0.900117, 1, 

Generation #12
25,5,0.001, 0.00977072, 0.0429259, 0.0592779, 0.0666258, 0.0905347, 0.145808, 0.164973, 0.20224, 0.248278, 0.282677, 0.295547, 0.409754, 0.429363, 0.455616, 0.52294, 0.54619, 1, 

18,6,0.001, 0.0382858, 0.050935, 0.0439634, 0.0643702, 0.0843199, 0.148653, 0.164973, 0.832377, 1, 

28,4,0.001, 0.0459356, 0.0474382, 0.0592779, 0.0666258, 0.0905347, 0.145808, 0.164973, 0.20224, 0.248278, 0.282677, 0.295547, 0.409754, 0.429363, 0.455616, 0.52294, 0.54619, 0.550606, 0.900117, 1, 

Generation #13
25,5,0.001, 0.00977072, 0.0429259, 0.0592779, 0.0666258, 0.0905347, 0.145808, 0.164973, 0.20224, 0.248278, 0.282677, 0.295547, 0.409754, 0.429363, 0.455616, 0.52294, 0.54619, 1, 

18,6,0.001, 0.0382858, 0.050935, 0.0439634, 0.0643702, 0.0843199, 0.148653, 0.164973, 0.832377, 1, 

28,4,0.001, 0.0459356, 0.0474382, 0.0592779, 0.0666258, 0.0905347, 0.145808, 0.164973, 0.20224, 0.248278, 0.282677, 0.295547, 0.409754, 0.429363, 0.455616, 0.52294, 0.54619, 0.550606, 0.900117, 1, 

Generation #14
25,5,0.001, 0.00977072, 0.0429259, 0.0592779, 0.0666258, 0.0905347, 0.145808, 0.164973, 0.20224, 0.248278, 0.282677, 0.295547, 0.409754, 0.429363, 0.455616, 0.52294, 0.54619, 1, 

18,6,0.001, 0.0382858, 0.050935, 0.0439634, 0.0643702, 0.0843199, 0.148653, 0.164973, 0.832377, 1, 

28,4,0.001, 0.0459356, 0.0474382, 0.0592779, 0.0666258, 0.0905347, 0.145808, 0.164973, 0.20224, 0.248278, 0.282677, 0.295547, 0.409754, 0.429363, 0.455616, 0.52294, 0.54619, 0.550606, 0.900117, 1, 

Generation #15
25,5,0.001, 0.00977072, 0.0429259, 0.0592779, 0.0666258, 0.0905347, 0.145808, 0.164973, 0.20224, 0.248278, 0.282677, 0.295547, 0.409754, 0.429363, 0.455616, 0.52294, 0.54619, 1, 

18,6,0.001, 0.0382858, 0.050935, 0.0439634, 0.0643702, 0.0843199, 0.148653, 0.164973, 0.832377, 1, 

28,4,0.001, 0.0459356, 0.0474382, 0.0592779, 0.0666258, 0.0905347, 0.145808, 0.164973, 0.20224, 0.248278, 0.282677, 0.295547, 0.409754, 0.429363, 0.455616, 0.52294, 0.54619, 0.550606, 0.900117, 1, 

Generation #16
25,5,0.001, 0.00977072, 0.0429259, 0.0592779, 0.0666258, 0.0905347, 0.145808, 0.164973, 0.20224, 0.248278, 0.282677, 0.295547, 0.409754, 0.429363, 0.455616, 0.52294, 0.54619, 1, 

18,6,0.001, 0.0382858, 0.050935, 0.0439634, 0.0643702, 0.0843199, 0.148653, 0.164973, 0.832377, 1, 

28,4,0.001, 0.0459356, 0.0474382, 0.0592779, 0.0666258, 0.0905347, 0.145808, 0.164973, 0.20224, 0.248278, 0.282677, 0.295547, 0.409754, 0.429363, 0.455616, 0.52294, 0.54619, 0.550606, 0.900117, 1, 

Generation #17
25,5,0.001, 0.00977072, 0.0429259, 0.0592779, 0.0666258, 0.0905347, 0.145808, 0.164973, 0.20224, 0.248278, 0.282677, 0.295547, 0.409754, 0.429363, 0.455616, 0.52294, 0.54619, 1, 

18,6,0.001, 0.0382858, 0.050935, 0.0439634, 0.0643702, 0.0843199, 0.148653, 0.164973, 0.832377, 1, 

28,4,0.001, 0.0459356, 0.0474382, 0.0592779, 0.0666258, 0.0905347, 0.145808, 0.164973, 0.20224, 0.248278, 0.282677, 0.295547, 0.409754, 0.429363, 0.455616, 0.52294, 0.54619, 0.550606, 0.900117, 1, 

Generation #18
25,5,0.001, 0.00977072, 0.0429259, 0.0592779, 0.0666258, 0.0905347, 0.145808, 0.164973, 0.20224, 0.248278, 0.282677, 0.295547, 0.409754, 0.429363, 0.455616, 0.52294, 0.54619, 1, 

18,6,0.001, 0.0382858, 0.050935, 0.0439634, 0.0643702, 0.0843199, 0.148653, 0.164973, 0.832377, 1, 

28,4,0.001, 0.0459356, 0.0474382, 0.0592779, 0.0666258, 0.0905347, 0.145808, 0.164973, 0.20224, 0.248278, 0.282677, 0.295547, 0.409754, 0.429363, 0.455616, 0.52294, 0.54619, 0.550606, 0.900117, 1, 

Generation #19
18,6,0.001, 0.0382858, 0.050935, 0.0439634, 0.0643702, 0.0843199, 0.148653, 0.164973, 0.832377, 1, 

28,4,0.001, 0.0459356, 0.0474382, 0.0592779, 0.0666258, 0.0905347, 0.145808, 0.164973, 0.20224, 0.248278, 0.282677, 0.295547, 0.409754, 0.429363, 0.455616, 0.52294, 0.54619, 0.550606, 0.900117, 1, 

20,5,0.001, 0.00977072, 0.0474382, 0.0592779, 0.0666258, 0.0905347, 0.00155716, 0.145808, 0.16873, 0.234367, 0.255843, 0.886247, 1, 

Generation #20
18,6,0.001, 0.0382858, 0.050935, 0.0439634, 0.0643702, 0.0843199, 0.148653, 0.164973, 0.832377, 1, 

20,5,0.001, 0.00977072, 0.0474382, 0.0592779, 0.0666258, 0.0905347, 0.00155716, 0.145808, 0.16873, 0.234367, 0.255843, 0.886247, 1, 

24,4,0.001, 0.0459356, 0.0474382, 0.0592779, 0.0666258, 0.0905347, 0.145808, 0.16873, 0.165562, 0.170857, 0.216271, 0.295547, 0.752777, 0.756958, 0.758723, 0.96267, 1, 

Generation #21
18,6,0.001, 0.0382858, 0.050935, 0.0439634, 0.0643702, 0.0843199, 0.148653, 0.164973, 0.832377, 1, 

20,5,0.001, 0.00977072, 0.0474382, 0.0592779, 0.0666258, 0.0905347, 0.00155716, 0.145808, 0.16873, 0.234367, 0.255843, 0.886247, 1, 

24,4,0.001, 0.0459356, 0.0474382, 0.0592779, 0.0666258, 0.0905347, 0.145808, 0.16873, 0.165562, 0.170857, 0.216271, 0.295547, 0.752777, 0.756958, 0.758723, 0.96267, 1, 

Generation #22
18,6,0.001, 0.0382858, 0.050935, 0.0439634, 0.0643702, 0.0843199, 0.148653, 0.164973, 0.832377, 1, 

20,5,0.001, 0.00977072, 0.0474382, 0.0592779, 0.0666258, 0.0905347, 0.00155716, 0.145808, 0.16873, 0.234367, 0.255843, 0.886247, 1, 

24,4,0.001, 0.0459356, 0.0474382, 0.0592779, 0.0666258, 0.0905347, 0.145808, 0.16873, 0.165562, 0.170857, 0.216271, 0.295547, 0.752777, 0.756958, 0.758723, 0.96267, 1, 

Generation #23
18,6,0.001, 0.0382858, 0.050935, 0.0439634, 0.0643702, 0.0843199, 0.148653, 0.164973, 0.832377, 1, 

20,5,0.001, 0.00977072, 0.0474382, 0.0592779, 0.0666258, 0.0905347, 0.00155716, 0.145808, 0.16873, 0.234367, 0.255843, 0.886247, 1, 

24,4,0.001, 0.0459356, 0.0474382, 0.0592779, 0.0666258, 0.0905347, 0.145808, 0.16873, 0.165562, 0.170857, 0.216271, 0.295547, 0.752777, 0.756958, 0.758723, 0.96267, 1, 

Generation #24
18,6,0.001, 0.0382858, 0.050935, 0.0439634, 0.0643702, 0.0843199, 0.148653, 0.164973, 0.832377, 1, 

20,5,0.001, 0.00977072, 0.0474382, 0.0592779, 0.0666258, 0.0905347, 0.00155716, 0.145808, 0.16873, 0.234367, 0.255843, 0.886247, 1, 

24,4,0.001, 0.0459356, 0.0474382, 0.0592779, 0.0666258, 0.0905347, 0.145808, 0.16873, 0.165562, 0.170857, 0.216271, 0.295547, 0.752777, 0.756958, 0.758723, 0.96267, 1, 

Generation #25
18,6,0.001, 0.0382858, 0.050935, 0.0439634, 0.0643702, 0.0843199, 0.148653, 0.164973, 0.832377, 1, 

20,5,0.001, 0.00977072, 0.0474382, 0.0592779, 0.0666258, 0.0905347, 0.00155716, 0.145808, 0.16873, 0.234367, 0.255843, 0.886247, 1, 

24,4,0.001, 0.0459356, 0.0474382, 0.0592779, 0.0666258, 0.0905347, 0.145808, 0.16873, 0.165562, 0.170857, 0.216271, 0.295547, 0.752777, 0.756958, 0.758723, 0.96267, 1, 

Generation #26
18,6,0.001, 0.0382858, 0.050935, 0.0439634, 0.0643702, 0.0843199, 0.148653, 0.164973, 0.832377, 1, 

20,5,0.001, 0.00977072, 0.0474382, 0.0592779, 0.0666258, 0.0905347, 0.00155716, 0.145808, 0.16873, 0.234367, 0.255843, 0.886247, 1, 

24,4,0.001, 0.0459356, 0.0474382, 0.0592779, 0.0666258, 0.0905347, 0.145808, 0.16873, 0.165562, 0.170857, 0.216271, 0.295547, 0.752777, 0.756958, 0.758723, 0.96267, 1, 

Generation #27
18,6,0.001, 0.0382858, 0.050935, 0.0439634, 0.0643702, 0.0843199, 0.148653, 0.164973, 0.832377, 1, 

20,5,0.001, 0.00977072, 0.0474382, 0.0592779, 0.0666258, 0.0905347, 0.00155716, 0.145808, 0.16873, 0.234367, 0.255843, 0.886247, 1, 

24,4,0.001, 0.0459356, 0.0474382, 0.0592779, 0.0666258, 0.0905347, 0.145808, 0.16873, 0.165562, 0.170857, 0.216271, 0.295547, 0.752777, 0.756958, 0.758723, 0.96267, 1, 

Generation #28
18,6,0.001, 0.0382858, 0.050935, 0.0439634, 0.0643702, 0.0843199, 0.148653, 0.164973, 0.832377, 1, 

20,5,0.001, 0.00977072, 0.0474382, 0.0592779, 0.0666258, 0.0905347, 0.00155716, 0.145808, 0.16873, 0.234367, 0.255843, 0.886247, 1, 

24,4,0.001, 0.0459356, 0.0474382, 0.0592779, 0.0666258, 0.0905347, 0.145808, 0.16873, 0.165562, 0.170857, 0.216271, 0.295547, 0.752777, 0.756958, 0.758723, 0.96267, 1, 

16,49,0.001, 0.00977072, 0.0429259, 0.0439634, 0.0643702, 0.0843199, 1, 

Generation #29
18,6,0.001, 0.0382858, 0.050935, 0.0439634, 0.0643702, 0.0843199, 0.148653, 0.164973, 0.832377, 1, 

20,5,0.001, 0.00977072, 0.0474382, 0.0592779, 0.0666258, 0.0905347, 0.00155716, 0.145808, 0.16873, 0.234367, 0.255843, 0.886247, 1, 

24,4,0.001, 0.0459356, 0.0474382, 0.0592779, 0.0666258, 0.0905347, 0.145808, 0.16873, 0.165562, 0.170857, 0.216271, 0.295547, 0.752777, 0.756958, 0.758723, 0.96267, 1, 

16,49,0.001, 0.00977072, 0.0429259, 0.0439634, 0.0643702, 0.0843199, 1, 

Generation #30
18,6,0.001, 0.0382858, 0.050935, 0.0439634, 0.0643702, 0.0843199, 0.148653, 0.164973, 0.832377, 1, 

20,5,0.001, 0.00977072, 0.0474382, 0.0592779, 0.0666258, 0.0905347, 0.00155716, 0.145808, 0.16873, 0.234367, 0.255843, 0.886247, 1, 

24,4,0.001, 0.0459356, 0.0474382, 0.0592779, 0.0666258, 0.0905347, 0.145808, 0.16873, 0.165562, 0.170857, 0.216271, 0.295547, 0.752777, 0.756958, 0.758723, 0.96267, 1, 

16,49,0.001, 0.00977072, 0.0429259, 0.0439634, 0.0643702, 0.0843199, 1, 

Generation #31
18,6,0.001, 0.0382858, 0.050935, 0.0439634, 0.0643702, 0.0843199, 0.148653, 0.164973, 0.832377, 1, 

20,5,0.001, 0.00977072, 0.0474382, 0.0592779, 0.0666258, 0.0905347, 0.00155716, 0.145808, 0.16873, 0.234367, 0.255843, 0.886247, 1, 

24,4,0.001, 0.0459356, 0.0474382, 0.0592779, 0.0666258, 0.0905347, 0.145808, 0.16873, 0.165562, 0.170857, 0.216271, 0.295547, 0.752777, 0.756958, 0.758723, 0.96267, 1, 

16,49,0.001, 0.00977072, 0.0429259, 0.0439634, 0.0643702, 0.0843199, 1, 

17,30,0.001, 0.0459356, 0.0474382, 0.0592779, 0.0666258, 0.0905347, 0.832377, 1, 

Generation #32
18,6,0.001, 0.0382858, 0.050935, 0.0439634, 0.0643702, 0.0843199, 0.148653, 0.164973, 0.832377, 1, 

20,5,0.001, 0.00977072, 0.0474382, 0.0592779, 0.0666258, 0.0905347, 0.00155716, 0.145808, 0.16873, 0.234367, 0.255843, 0.886247, 1, 

24,4,0.001, 0.0459356, 0.0474382, 0.0592779, 0.0666258, 0.0905347, 0.145808, 0.16873, 0.165562, 0.170857, 0.216271, 0.295547, 0.752777, 0.756958, 0.758723, 0.96267, 1, 

16,49,0.001, 0.00977072, 0.0429259, 0.0439634, 0.0643702, 0.0843199, 1, 

17,30,0.001, 0.0459356, 0.0474382, 0.0592779, 0.0666258, 0.0905347, 0.832377, 1, 

Generation #33
18,6,0.001, 0.0382858, 0.050935, 0.0439634, 0.0643702, 0.0843199, 0.148653, 0.164973, 0.832377, 1, 

20,5,0.001, 0.00977072, 0.0474382, 0.0592779, 0.0666258, 0.0905347, 0.00155716, 0.145808, 0.16873, 0.234367, 0.255843, 0.886247, 1, 

24,4,0.001, 0.0459356, 0.0474382, 0.0592779, 0.0666258, 0.0905347, 0.145808, 0.16873, 0.165562, 0.170857, 0.216271, 0.295547, 0.752777, 0.756958, 0.758723, 0.96267, 1, 

16,49,0.001, 0.00977072, 0.0429259, 0.0439634, 0.0643702, 0.0843199, 1, 

17,30,0.001, 0.0459356, 0.0474382, 0.0592779, 0.0666258, 0.0905347, 0.832377, 1, 

Generation #34
18,6,0.001, 0.0382858, 0.050935, 0.0439634, 0.0643702, 0.0843199, 0.148653, 0.164973, 0.832377, 1, 

20,5,0.001, 0.00977072, 0.0474382, 0.0592779, 0.0666258, 0.0905347, 0.00155716, 0.145808, 0.16873, 0.234367, 0.255843, 0.886247, 1, 

24,4,0.001, 0.0459356, 0.0474382, 0.0592779, 0.0666258, 0.0905347, 0.145808, 0.16873, 0.165562, 0.170857, 0.216271, 0.295547, 0.752777, 0.756958, 0.758723, 0.96267, 1, 

16,49,0.001, 0.00977072, 0.0429259, 0.0439634, 0.0643702, 0.0843199, 1, 

17,30,0.001, 0.0459356, 0.0474382, 0.0592779, 0.0666258, 0.0905347, 0.832377, 1, 

Generation #35
18,6,0.001, 0.0382858, 0.050935, 0.0439634, 0.0643702, 0.0843199, 0.148653, 0.164973, 0.832377, 1, 

20,5,0.001, 0.00977072, 0.0474382, 0.0592779, 0.0666258, 0.0905347, 0.00155716, 0.145808, 0.16873, 0.234367, 0.255843, 0.886247, 1, 

24,4,0.001, 0.0459356, 0.0474382, 0.0592779, 0.0666258, 0.0905347, 0.145808, 0.16873, 0.165562, 0.170857, 0.216271, 0.295547, 0.752777, 0.756958, 0.758723, 0.96267, 1, 

16,49,0.001, 0.00977072, 0.0429259, 0.0439634, 0.0643702, 0.0843199, 1, 

17,30,0.001, 0.0459356, 0.0474382, 0.0592779, 0.0666258, 0.0905347, 0.832377, 1, 

Generation #36
18,6,0.001, 0.0382858, 0.050935, 0.0439634, 0.0643702, 0.0843199, 0.148653, 0.164973, 0.832377, 1, 

20,5,0.001, 0.00977072, 0.0474382, 0.0592779, 0.0666258, 0.0905347, 0.00155716, 0.145808, 0.16873, 0.234367, 0.255843, 0.886247, 1, 

24,4,0.001, 0.0459356, 0.0474382, 0.0592779, 0.0666258, 0.0905347, 0.145808, 0.16873, 0.165562, 0.170857, 0.216271, 0.295547, 0.752777, 0.756958, 0.758723, 0.96267, 1, 

16,49,0.001, 0.00977072, 0.0429259, 0.0439634, 0.0643702, 0.0843199, 1, 

17,30,0.001, 0.0459356, 0.0474382, 0.0592779, 0.0666258, 0.0905347, 0.832377, 1, 

Generation #37
18,6,0.001, 0.0382858, 0.050935, 0.0439634, 0.0643702, 0.0843199, 0.148653, 0.164973, 0.832377, 1, 

20,5,0.001, 0.00977072, 0.0474382, 0.0592779, 0.0666258, 0.0905347, 0.00155716, 0.145808, 0.16873, 0.234367, 0.255843, 0.886247, 1, 

24,4,0.001, 0.0459356, 0.0474382, 0.0592779, 0.0666258, 0.0905347, 0.145808, 0.16873, 0.165562, 0.170857, 0.216271, 0.295547, 0.752777, 0.756958, 0.758723, 0.96267, 1, 

16,49,0.001, 0.00977072, 0.0429259, 0.0439634, 0.0643702, 0.0843199, 1, 

17,30,0.001, 0.0459356, 0.0474382, 0.0592779, 0.0666258, 0.0905347, 0.832377, 1, 

15,55,0.001, 0.00977072, 0.0429259, 0.0592779, 0.0643702, 0.0843199, 1, 

Generation #38
18,6,0.001, 0.0382858, 0.050935, 0.0439634, 0.0643702, 0.0843199, 0.148653, 0.164973, 0.832377, 1, 

20,5,0.001, 0.00977072, 0.0474382, 0.0592779, 0.0666258, 0.0905347, 0.00155716, 0.145808, 0.16873, 0.234367, 0.255843, 0.886247, 1, 

24,4,0.001, 0.0459356, 0.0474382, 0.0592779, 0.0666258, 0.0905347, 0.145808, 0.16873, 0.165562, 0.170857, 0.216271, 0.295547, 0.752777, 0.756958, 0.758723, 0.96267, 1, 

17,30,0.001, 0.0459356, 0.0474382, 0.0592779, 0.0666258, 0.0905347, 0.832377, 1, 

15,55,0.001, 0.00977072, 0.0429259, 0.0592779, 0.0643702, 0.0843199, 1, 

16,45,0.001, 0.0459356, 0.0474382, 0.0592779, 0.0666258, 0.0905347, 1, 

Generation #39
18,6,0.001, 0.0382858, 0.050935, 0.0439634, 0.0643702, 0.0843199, 0.148653, 0.164973, 0.832377, 1, 

20,5,0.001, 0.00977072, 0.0474382, 0.0592779, 0.0666258, 0.0905347, 0.00155716, 0.145808, 0.16873, 0.234367, 0.255843, 0.886247, 1, 

24,4,0.001, 0.0459356, 0.0474382, 0.0592779, 0.0666258, 0.0905347, 0.145808, 0.16873, 0.165562, 0.170857, 0.216271, 0.295547, 0.752777, 0.756958, 0.758723, 0.96267, 1, 

17,30,0.001, 0.0459356, 0.0474382, 0.0592779, 0.0666258, 0.0905347, 0.832377, 1, 

15,55,0.001, 0.00977072, 0.0429259, 0.0592779, 0.0643702, 0.0843199, 1, 

16,45,0.001, 0.0459356, 0.0474382, 0.0592779, 0.0666258, 0.0905347, 1, 

Generation #40
18,6,0.001, 0.0382858, 0.050935, 0.0439634, 0.0643702, 0.0843199, 0.148653, 0.164973, 0.832377, 1, 

20,5,0.001, 0.00977072, 0.0474382, 0.0592779, 0.0666258, 0.0905347, 0.00155716, 0.145808, 0.16873, 0.234367, 0.255843, 0.886247, 1, 

24,4,0.001, 0.0459356, 0.0474382, 0.0592779, 0.0666258, 0.0905347, 0.145808, 0.16873, 0.165562, 0.170857, 0.216271, 0.295547, 0.752777, 0.756958, 0.758723, 0.96267, 1, 

17,30,0.001, 0.0459356, 0.0474382, 0.0592779, 0.0666258, 0.0905347, 0.832377, 1, 

15,55,0.001, 0.00977072, 0.0429259, 0.0592779, 0.0643702, 0.0843199, 1, 

16,45,0.001, 0.0459356, 0.0474382, 0.0592779, 0.0666258, 0.0905347, 1, 

Generation #41
18,6,0.001, 0.0382858, 0.050935, 0.0439634, 0.0643702, 0.0843199, 0.148653, 0.164973, 0.832377, 1, 

20,5,0.001, 0.00977072, 0.0474382, 0.0592779, 0.0666258, 0.0905347, 0.00155716, 0.145808, 0.16873, 0.234367, 0.255843, 0.886247, 1, 

24,4,0.001, 0.0459356, 0.0474382, 0.0592779, 0.0666258, 0.0905347, 0.145808, 0.16873, 0.165562, 0.170857, 0.216271, 0.295547, 0.752777, 0.756958, 0.758723, 0.96267, 1, 

17,30,0.001, 0.0459356, 0.0474382, 0.0592779, 0.0666258, 0.0905347, 0.832377, 1, 

15,55,0.001, 0.00977072, 0.0429259, 0.0592779, 0.0643702, 0.0843199, 1, 

16,45,0.001, 0.0459356, 0.0474382, 0.0592779, 0.0666258, 0.0905347, 1, 

Generation #42
18,6,0.001, 0.0382858, 0.050935, 0.0439634, 0.0643702, 0.0843199, 0.148653, 0.164973, 0.832377, 1, 

20,5,0.001, 0.00977072, 0.0474382, 0.0592779, 0.0666258, 0.0905347, 0.00155716, 0.145808, 0.16873, 0.234367, 0.255843, 0.886247, 1, 

24,4,0.001, 0.0459356, 0.0474382, 0.0592779, 0.0666258, 0.0905347, 0.145808, 0.16873, 0.165562, 0.170857, 0.216271, 0.295547, 0.752777, 0.756958, 0.758723, 0.96267, 1, 

17,30,0.001, 0.0459356, 0.0474382, 0.0592779, 0.0666258, 0.0905347, 0.832377, 1, 

15,55,0.001, 0.00977072, 0.0429259, 0.0592779, 0.0643702, 0.0843199, 1, 

16,45,0.001, 0.0459356, 0.0474382, 0.0592779, 0.0666258, 0.0905347, 1, 

Generation #43
18,6,0.001, 0.0382858, 0.050935, 0.0439634, 0.0643702, 0.0843199, 0.148653, 0.164973, 0.832377, 1, 

20,5,0.001, 0.00977072, 0.0474382, 0.0592779, 0.0666258, 0.0905347, 0.00155716, 0.145808, 0.16873, 0.234367, 0.255843, 0.886247, 1, 

24,4,0.001, 0.0459356, 0.0474382, 0.0592779, 0.0666258, 0.0905347, 0.145808, 0.16873, 0.165562, 0.170857, 0.216271, 0.295547, 0.752777, 0.756958, 0.758723, 0.96267, 1, 

17,30,0.001, 0.0459356, 0.0474382, 0.0592779, 0.0666258, 0.0905347, 0.832377, 1, 

15,55,0.001, 0.00977072, 0.0429259, 0.0592779, 0.0643702, 0.0843199, 1, 

16,45,0.001, 0.0459356, 0.0474382, 0.0592779, 0.0666258, 0.0905347, 1, 

Generation #44
18,6,0.001, 0.0382858, 0.050935, 0.0439634, 0.0643702, 0.0843199, 0.148653, 0.164973, 0.832377, 1, 

20,5,0.001, 0.00977072, 0.0474382, 0.0592779, 0.0666258, 0.0905347, 0.00155716, 0.145808, 0.16873, 0.234367, 0.255843, 0.886247, 1, 

24,4,0.001, 0.0459356, 0.0474382, 0.0592779, 0.0666258, 0.0905347, 0.145808, 0.16873, 0.165562, 0.170857, 0.216271, 0.295547, 0.752777, 0.756958, 0.758723, 0.96267, 1, 

17,30,0.001, 0.0459356, 0.0474382, 0.0592779, 0.0666258, 0.0905347, 0.832377, 1, 

15,55,0.001, 0.00977072, 0.0429259, 0.0592779, 0.0643702, 0.0843199, 1, 

16,38,0.001, 0.00977072, 0.0903743, 0.0439634, 0.0643702, 0.0843199, 1, 

Generation #45
18,6,0.001, 0.0382858, 0.050935, 0.0439634, 0.0643702, 0.0843199, 0.148653, 0.164973, 0.832377, 1, 

20,5,0.001, 0.00977072, 0.0474382, 0.0592779, 0.0666258, 0.0905347, 0.00155716, 0.145808, 0.16873, 0.234367, 0.255843, 0.886247, 1, 

24,4,0.001, 0.0459356, 0.0474382, 0.0592779, 0.0666258, 0.0905347, 0.145808, 0.16873, 0.165562, 0.170857, 0.216271, 0.295547, 0.752777, 0.756958, 0.758723, 0.96267, 1, 

17,30,0.001, 0.0459356, 0.0474382, 0.0592779, 0.0666258, 0.0905347, 0.832377, 1, 

15,55,0.001, 0.00977072, 0.0429259, 0.0592779, 0.0643702, 0.0843199, 1, 

16,38,0.001, 0.00977072, 0.0903743, 0.0439634, 0.0643702, 0.0843199, 1, 

Generation #46
18,6,0.001, 0.0382858, 0.050935, 0.0439634, 0.0643702, 0.0843199, 0.148653, 0.164973, 0.832377, 1, 

20,5,0.001, 0.00977072, 0.0474382, 0.0592779, 0.0666258, 0.0905347, 0.00155716, 0.145808, 0.16873, 0.234367, 0.255843, 0.886247, 1, 

24,4,0.001, 0.0459356, 0.0474382, 0.0592779, 0.0666258, 0.0905347, 0.145808, 0.16873, 0.165562, 0.170857, 0.216271, 0.295547, 0.752777, 0.756958, 0.758723, 0.96267, 1, 

17,30,0.001, 0.0459356, 0.0474382, 0.0592779, 0.0666258, 0.0905347, 0.832377, 1, 

15,55,0.001, 0.00977072, 0.0429259, 0.0592779, 0.0643702, 0.0843199, 1, 

16,38,0.001, 0.00977072, 0.0903743, 0.0439634, 0.0643702, 0.0843199, 1, 

Generation #47
18,6,0.001, 0.0382858, 0.050935, 0.0439634, 0.0643702, 0.0843199, 0.148653, 0.164973, 0.832377, 1, 

20,5,0.001, 0.00977072, 0.0474382, 0.0592779, 0.0666258, 0.0905347, 0.00155716, 0.145808, 0.16873, 0.234367, 0.255843, 0.886247, 1, 

24,4,0.001, 0.0459356, 0.0474382, 0.0592779, 0.0666258, 0.0905347, 0.145808, 0.16873, 0.165562, 0.170857, 0.216271, 0.295547, 0.752777, 0.756958, 0.758723, 0.96267, 1, 

15,55,0.001, 0.00977072, 0.0429259, 0.0592779, 0.0643702, 0.0843199, 1, 

16,38,0.001, 0.00977072, 0.0903743, 0.0439634, 0.0643702, 0.0843199, 1, 

17,20,0.001, 0.0459356, 0.0474382, 0.0439634, 0.0643702, 0.0843199, 0.148653, 0.164973, 0.832377, 1, 

Generation #48
18,6,0.001, 0.0382858, 0.050935, 0.0439634, 0.0643702, 0.0843199, 0.148653, 0.164973, 0.832377, 1, 

20,5,0.001, 0.00977072, 0.0474382, 0.0592779, 0.0666258, 0.0905347, 0.00155716, 0.145808, 0.16873, 0.234367, 0.255843, 0.886247, 1, 

15,55,0.001, 0.00977072, 0.0429259, 0.0592779, 0.0643702, 0.0843199, 1, 

16,38,0.001, 0.00977072, 0.0903743, 0.0439634, 0.0643702, 0.0843199, 1, 

17,20,0.001, 0.0459356, 0.0474382, 0.0439634, 0.0643702, 0.0843199, 0.148653, 0.164973, 0.832377, 1, 

21,4,0.001, 0.0459356, 0.0474382, 0.0592779, 0.0579576, 0.0961713, 0.16281, 0.191997, 0.195229, 0.20224, 0.248278, 0.282677, 1, 

26,2,0.001, 0.0459356, 0.0474382, 0.0592779, 0.0666258, 0.0905347, 0.148653, 0.164973, 0.194995, 0.248278, 0.282677, 0.295547, 0.409754, 0.429363, 0.455616, 0.52294, 0.550606, 0.900117, 1, 

Generation #49
18,6,0.001, 0.0382858, 0.050935, 0.0439634, 0.0643702, 0.0843199, 0.148653, 0.164973, 0.832377, 1, 

20,5,0.001, 0.00977072, 0.0474382, 0.0592779, 0.0666258, 0.0905347, 0.00155716, 0.145808, 0.16873, 0.234367, 0.255843, 0.886247, 1, 

15,55,0.001, 0.00977072, 0.0429259, 0.0592779, 0.0643702, 0.0843199, 1, 

16,38,0.001, 0.00977072, 0.0903743, 0.0439634, 0.0643702, 0.0843199, 1, 

17,20,0.001, 0.0459356, 0.0474382, 0.0439634, 0.0643702, 0.0843199, 0.148653, 0.164973, 0.832377, 1, 

21,4,0.001, 0.0459356, 0.0474382, 0.0592779, 0.0579576, 0.0961713, 0.16281, 0.191997, 0.195229, 0.20224, 0.248278, 0.282677, 1, 

26,2,0.001, 0.0459356, 0.0474382, 0.0592779, 0.0666258, 0.0905347, 0.148653, 0.164973, 0.194995, 0.248278, 0.282677, 0.295547, 0.409754, 0.429363, 0.455616, 0.52294, 0.550606, 0.900117, 1, 

--- Pareto Front Solutions ---
Solution 0: N total=68 (N_initial=50, N_added=18), Time total=10 ms, Saved to: ./results/Flex_t2_l2_pareto_0.csv, percents=0.001, 0.0382858, 0.050935, 0.0439634, 0.0643702, 0.0843199, 0.148653, 0.164973, 0.832377, 1, 

Solution 1: N total=70 (N_initial=50, N_added=20), Time total=9 ms, Saved to: ./results/Flex_t2_l2_pareto_1.csv, percents=0.001, 0.00977072, 0.0474382, 0.0592779, 0.0666258, 0.0905347, 0.00155716, 0.145808, 0.16873, 0.234367, 0.255843, 0.886247, 1, 

Solution 2: N total=65 (N_initial=50, N_added=15), Time total=59 ms, Saved to: ./results/Flex_t2_l2_pareto_2.csv, percents=0.001, 0.00977072, 0.0429259, 0.0592779, 0.0643702, 0.0843199, 1, 

Solution 3: N total=66 (N_initial=50, N_added=16), Time total=42 ms, Saved to: ./results/Flex_t2_l2_pareto_3.csv, percents=0.001, 0.00977072, 0.0903743, 0.0439634, 0.0643702, 0.0843199, 1, 

Solution 4: N total=67 (N_initial=50, N_added=17), Time total=24 ms, Saved to: ./results/Flex_t2_l2_pareto_4.csv, percents=0.001, 0.0459356, 0.0474382, 0.0439634, 0.0643702, 0.0843199, 0.148653, 0.164973, 0.832377, 1, 

Solution 5: N total=71 (N_initial=50, N_added=21), Time total=8 ms, Saved to: ./results/Flex_t2_l2_pareto_5.csv, percents=0.001, 0.0459356, 0.0474382, 0.0592779, 0.0579576, 0.0961713, 0.16281, 0.191997, 0.195229, 0.20224, 0.248278, 0.282677, 1, 

Solution 6: N total=76 (N_initial=50, N_added=26), Time total=6 ms, Saved to: ./results/Flex_t2_l2_pareto_6.csv, percents=0.001, 0.0459356, 0.0474382, 0.0592779, 0.0666258, 0.0905347, 0.148653, 0.164973, 0.194995, 0.248278, 0.282677, 0.295547, 0.409754, 0.429363, 0.455616, 0.52294, 0.550606, 0.900117, 1, 

------------d=1, t=2, lambda=3, filename=./evaluation/Flex/Flex_2_3.csv------------
Computing partitioned counts of d-sets...
Ready to look at pairs based on partitioned counts...
First Stage N=75, Time=4
There are 5 remaining non-locating pairs
--- Running GA Algorithm (phase2) ---
Running GA with std::execution::par
Generation #0
12,0,0.001, 0.0685102, 0.135454, 0.185857, 0.202684, 0.247239, 0.289585, 0.324733, 0.428411, 0.885813, 0.99386, 1, 

Generation #1
11,0,0.001, 0.0432258, 0.0522489, 0.185857, 0.202684, 0.247239, 0.289585, 0.324733, 0.428411, 0.885813, 1, 

Generation #2
11,0,0.001, 0.0432258, 0.0522489, 0.185857, 0.202684, 0.247239, 0.289585, 0.324733, 0.428411, 0.885813, 1, 

Generation #3
10,0,0.001, 0.132376, 0.247506, 0.231471, 0.283786, 0.326007, 0.391713, 0.515723, 0.882, 1, 

Generation #4
10,0,0.001, 0.132376, 0.247506, 0.231471, 0.283786, 0.326007, 0.391713, 0.515723, 0.882, 1, 

Generation #5
10,0,0.001, 0.132376, 0.247506, 0.231471, 0.283786, 0.326007, 0.391713, 0.515723, 0.882, 1, 

Generation #6
9,0,0.001, 0.0432258, 0.174613, 0.345388, 0.346117, 0.461425, 0.782712, 0.882, 1, 

Generation #7
9,0,0.001, 0.0432258, 0.174613, 0.345388, 0.346117, 0.461425, 0.782712, 0.882, 1, 

Generation #8
9,0,0.001, 0.0432258, 0.174613, 0.345388, 0.346117, 0.461425, 0.782712, 0.882, 1, 

Generation #9
9,0,0.001, 0.0432258, 0.174613, 0.345388, 0.346117, 0.461425, 0.782712, 0.882, 1, 

Generation #10
9,0,0.001, 0.0432258, 0.174613, 0.345388, 0.346117, 0.461425, 0.782712, 0.882, 1, 

Generation #11
8,0,0.132376, 0.247506, 0.231471, 0.345388, 0.346117, 0.882, 1, 

Generation #12
7,0,0.001, 0.132376, 0.247506, 0.346117, 0.882, 1, 

Generation #13
7,0,0.001, 0.132376, 0.247506, 0.346117, 0.882, 1, 

Generation #14
7,0,0.001, 0.132376, 0.247506, 0.346117, 0.882, 1, 

Generation #15
6,0,0.132376, 0.132376, 0.346117, 0.882, 1, 

Generation #16
6,0,0.132376, 0.132376, 0.346117, 0.882, 1, 

Generation #17
6,0,0.132376, 0.132376, 0.346117, 0.882, 1, 

Generation #18
6,0,0.132376, 0.132376, 0.346117, 0.882, 1, 

Generation #19
6,0,0.132376, 0.132376, 0.346117, 0.882, 1, 

Generation #20
6,0,0.132376, 0.132376, 0.346117, 0.882, 1, 

5,1,0.247506, 0.231471, 0.283786, 1, 

Generation #21
5,0,0.132376, 0.346117, 0.882, 1, 

Generation #22
4,0,0.123968, 0.231471, 0.346117, 1, 

Generation #23
4,0,0.123968, 0.231471, 0.346117, 1, 

Generation #24
4,0,0.123968, 0.231471, 0.346117, 1, 

Generation #25
4,0,0.123968, 0.231471, 0.346117, 1, 

Generation #26
4,0,0.123968, 0.231471, 0.346117, 1, 

Generation #27
4,0,0.123968, 0.231471, 0.346117, 1, 

Generation #28
4,0,0.123968, 0.231471, 0.346117, 1, 

Generation #29
4,0,0.123968, 0.231471, 0.346117, 1, 

Generation #30
4,0,0.123968, 0.231471, 0.346117, 1, 

Generation #31
4,0,0.123968, 0.231471, 0.346117, 1, 

Generation #32
4,0,0.123968, 0.231471, 0.346117, 1, 

Generation #33
4,0,0.123968, 0.231471, 0.346117, 1, 
