------------d=1, t=2, lambda=1, filename=./evaluation/GCC/GCC_2_1.csv------------
Computing partitioned counts of d-sets...
Ready to look at pairs based on partitioned counts...
First Stage N=21, Time=860
There are 212048 remaining non-locating pairs
--- Running GA Algorithm (phase2) ---
Running GA with std::execution::par
Generation #0
35,13201,0.001, 0.139605, 0.219523, 0.33745, 0.371203, 0.465486, 0.467519, 0.710549, 0.845754, 0.979017, 1, 

41,3183,0.001, 0.0141455, 0.0218816, 0.0456565, 0.126535, 0.171676, 0.223503, 0.360442, 0.365705, 0.45636, 0.479251, 0.508095, 0.573131, 0.69156, 0.698453, 0.828251, 0.841254, 0.951562, 1, 

37,12935,0.001, 0.114574, 0.207754, 0.488192, 0.608378, 0.656133, 0.80047, 0.927298, 0.950905, 0.999048, 1, 

38,6025,0.001, 0.0498482, 0.216652, 0.249468, 0.280081, 0.356849, 0.456092, 0.578588, 0.814896, 0.815772, 0.872318, 0.886671, 0.887786, 1, 

Generation #1
39,1802,0.001, 0.0219461, 0.0261442, 0.0262016, 0.0663368, 0.100799, 0.164494, 0.217953, 0.230267, 0.59682, 0.710195, 0.749947, 0.797568, 0.797852, 0.857405, 1, 

34,4314,0.001, 0.0627039, 0.091034, 0.121068, 0.12165, 0.147776, 0.150989, 0.317855, 0.351432, 0.403925, 1, 

Generation #2
42,1321,0.001, 0.00563984, 0.0472926, 0.0698625, 0.0751163, 0.198198, 0.226628, 0.274555, 0.301448, 0.330416, 0.408317, 0.413537, 0.600954, 0.665264, 0.673547, 0.693171, 0.748014, 0.949534, 1, 

36,1351,0.001, 0.0110509, 0.0391854, 0.0928903, 0.129683, 0.148351, 0.15305, 0.161136, 0.557681, 0.56455, 0.849955, 0.3793, 1, 

33,1575,0.001, 0.0110509, 0.0391854, 0.0928903, 0.129683, 0.148351, 0.15305, 0.161136, 0.234665, 1, 

Generation #3
33,1575,0.001, 0.0110509, 0.0391854, 0.0928903, 0.129683, 0.148351, 0.15305, 0.161136, 0.234665, 1, 

35,1523,0.001, 0.0110509, 0.0391854, 0.129683, 0.148351, 0.15305, 0.161136, 0.234665, 0.999048, 1, 

36,1252,0.001, 0.0141455, 0.0391854, 0.0928903, 0.129683, 0.148351, 0.15305, 0.578588, 0.814896, 0.815772, 0.872318, 0.886671, 0.887786, 1, 

Generation #4
33,1575,0.001, 0.0110509, 0.0391854, 0.0928903, 0.129683, 0.148351, 0.15305, 0.161136, 0.234665, 1, 

36,1243,0.001, 0.0110509, 0.0391854, 0.0928903, 0.129683, 0.148351, 0.15305, 0.161136, 0.655526, 0.842261, 0.906301, 0.886671, 0.887786, 1, 

34,1312,0.001, 0.00563984, 0.0472926, 0.0698625, 0.0751163, 0.164494, 0.816555, 0.932469, 0.993654, 1, 

Generation #5
38,1080,0.001, 0.0110509, 0.0391854, 0.0928903, 0.129683, 0.148351, 0.15305, 0.404685, 0.444014, 0.650595, 0.875985, 0.662716, 0.705202, 0.789084, 1, 

32,1101,0.001, 0.0110509, 0.0262016, 0.0663368, 0.100799, 0.164494, 0.496676, 0.271727, 1, 

Generation #6
38,1080,0.001, 0.0110509, 0.0391854, 0.0928903, 0.129683, 0.148351, 0.15305, 0.404685, 0.444014, 0.650595, 0.875985, 0.662716, 0.705202, 0.789084, 1, 

32,1101,0.001, 0.0110509, 0.0262016, 0.0663368, 0.100799, 0.164494, 0.496676, 0.271727, 1, 

Generation #7
38,1080,0.001, 0.0110509, 0.0391854, 0.0928903, 0.129683, 0.148351, 0.15305, 0.404685, 0.444014, 0.650595, 0.875985, 0.662716, 0.705202, 0.789084, 1, 

32,1101,0.001, 0.0110509, 0.0262016, 0.0663368, 0.100799, 0.164494, 0.496676, 0.271727, 1, 

Generation #8
38,1080,0.001, 0.0110509, 0.0391854, 0.0928903, 0.129683, 0.148351, 0.15305, 0.404685, 0.444014, 0.650595, 0.875985, 0.662716, 0.705202, 0.789084, 1, 

32,1101,0.001, 0.0110509, 0.0262016, 0.0663368, 0.100799, 0.164494, 0.496676, 0.271727, 1, 

30,1551,0.001, 0.00563984, 0.0218816, 0.0513067, 0.110065, 0.137015, 0.360442, 0.17488, 1, 

44,1047,0.001, 0.00563984, 0.0218816, 0.0513067, 0.110065, 0.137015, 0.15305, 0.161136, 0.557681, 0.56455, 0.849955, 0.600954, 0.665264, 0.673547, 0.693171, 0.748014, 0.773028, 0.322793, 0.892334, 0.838406, 1, 

Generation #9
30,1551,0.001, 0.00563984, 0.0218816, 0.0513067, 0.110065, 0.137015, 0.360442, 0.17488, 1, 

41,893,0.001, 0.00563984, 0.0391854, 0.0262016, 0.0751163, 0.198198, 0.226628, 0.274555, 0.301448, 0.330416, 0.408317, 0.413537, 0.600954, 0.665264, 0.673547, 0.693171, 0.748014, 0.949534, 1, 

32,1063,0.001, 0.0110509, 0.0391854, 0.0262016, 0.129683, 0.148351, 0.339545, 0.271727, 1, 

36,984,0.001, 0.0110509, 0.0391854, 0.0928903, 0.129683, 0.00428587, 0.191838, 0.457753, 0.581852, 1, 

33,993,0.001, 0.0110509, 0.0391854, 0.0928903, 0.198198, 0.15305, 0.161136, 0.993654, 1, 
