------------d=1, t=2, lambda=1, filename=./evaluation/GCC/GCC_2_1.csv------------
Computing partitioned counts of d-sets...
Ready to look at pairs based on partitioned counts...
First Stage N=21, Time=1009
There are 212048 remaining non-locating pairs
--- Running GA Algorithm (phase2) ---
Running GA with std::execution::par
Generation #0
36,12933,0.001, 0.139605, 0.219523, 0.33745, 0.371203, 0.465486, 0.467519, 0.710549, 0.845754, 0.979017, 1, 

40,5817,0.001, 0.0537338, 0.106666, 0.111303, 0.348809, 0.39629, 0.452333, 0.476821, 0.529451, 0.635177, 0.648952, 0.726148, 0.943837, 0.951523, 1, 

37,12317,0.001, 0.14223, 0.153706, 0.489961, 0.49157, 0.49993, 0.518898, 0.58726, 0.607083, 0.793639, 0.806633, 1, 

38,11146,0.001, 0.0970704, 0.133815, 0.193307, 0.314824, 0.330009, 0.392028, 0.397921, 0.422169, 0.783244, 0.803073, 0.930679, 1, 

44,2710,0.001, 0.0141455, 0.0218816, 0.0456565, 0.126535, 0.171676, 0.223503, 0.360442, 0.365705, 0.45636, 0.479251, 0.508095, 0.573131, 0.69156, 0.698453, 0.828251, 0.841254, 0.951562, 1, 

39,6673,0.001, 0.0498482, 0.216652, 0.249468, 0.280081, 0.356849, 0.456092, 0.578588, 0.814896, 0.815772, 0.872318, 0.886671, 0.887786, 1, 

41,4544,0.001, 0.0485364, 0.0638381, 0.103473, 0.112512, 0.157387, 0.207509, 0.233497, 0.34024, 0.425078, 0.623749, 0.642961, 0.77327, 0.821051, 0.86027, 0.97724, 1, 

Generation #1
36,2551,0.001, 0.016831, 0.0528152, 0.0980615, 0.106911, 0.119235, 0.150345, 0.17776, 0.247358, 0.299091, 0.803073, 0.930679, 1, 

35,3217,0.001, 0.0234395, 0.0390873, 0.488192, 0.608378, 0.656133, 0.80047, 0.927298, 0.950905, 0.999048, 1, 

38,2109,0.001, 0.0110509, 0.0391854, 0.0928903, 0.129683, 0.148351, 0.15305, 0.397921, 0.422169, 0.783244, 0.803073, 0.930679, 1, 

47,1675,0.001, 0.017851, 0.0501659, 0.0513067, 0.110065, 0.137015, 0.164494, 0.217953, 0.230267, 0.239707, 0.475426, 0.477239, 0.511489, 0.606937, 0.610299, 0.685118, 0.749872, 0.761045, 0.79815, 0.843834, 0.85952, 0.956795, 1, 

Generation #2
35,2187,0.001, 0.0110509, 0.0391854, 0.0928903, 0.129683, 0.148351, 0.375901, 0.831146, 0.990146, 1, 

36,1659,0.001, 0.017851, 0.0501659, 0.0513067, 0.110065, 0.137015, 0.159559, 0.187127, 0.248876, 0.279032, 0.421249, 1, 

46,1124,0.001, 0.0110509, 0.0391854, 0.0928903, 0.129683, 0.148351, 0.15305, 0.397921, 0.230267, 0.239707, 0.475426, 0.477239, 0.511489, 0.606937, 0.610299, 0.685118, 0.749872, 0.761045, 0.79815, 0.843834, 0.85952, 0.956795, 1, 

37,1596,0.001, 0.016831, 0.0528152, 0.0980615, 0.106911, 0.119235, 0.150345, 0.17776, 0.247358, 0.299091, 0.756568, 0.930679, 1, 

Generation #3
46,1124,0.001, 0.0110509, 0.0391854, 0.0928903, 0.129683, 0.148351, 0.15305, 0.397921, 0.230267, 0.239707, 0.475426, 0.477239, 0.511489, 0.606937, 0.610299, 0.685118, 0.749872, 0.761045, 0.79815, 0.843834, 0.85952, 0.956795, 1, 

38,1318,0.001, 0.0110509, 0.0391854, 0.0928903, 0.10239, 0.111185, 0.134715, 0.142228, 0.147769, 0.581852, 0.66415, 0.680059, 0.821016, 0.853868, 0.979439, 1, 

37,1323,0.001, 0.0110509, 0.0391854, 0.0928903, 0.129683, 0.148351, 0.375901, 0.831146, 0.990146, 0.83435, 0.852734, 1, 

35,1391,0.001, 0.0110509, 0.0391854, 0.0928903, 0.129683, 0.148351, 0.375901, 0.831146, 0.990146, 1, 

34,2101,0.001, 0.017851, 0.0501659, 0.0513067, 0.110065, 0.137015, 0.159559, 0.187127, 0.248876, 0.993654, 1, 

Generation #4
46,1124,0.001, 0.0110509, 0.0391854, 0.0928903, 0.129683, 0.148351, 0.15305, 0.397921, 0.230267, 0.239707, 0.475426, 0.477239, 0.511489, 0.606937, 0.610299, 0.685118, 0.749872, 0.761045, 0.79815, 0.843834, 0.85952, 0.956795, 1, 

35,1391,0.001, 0.0110509, 0.0391854, 0.0928903, 0.129683, 0.148351, 0.375901, 0.831146, 0.990146, 1, 

37,1223,0.001, 0.0110509, 0.0391854, 0.0928903, 0.129683, 0.148351, 0.150345, 0.17776, 0.247358, 0.299091, 0.756568, 0.930679, 1, 

34,1787,0.001, 0.0110509, 0.0391854, 0.0928903, 0.129683, 0.148351, 0.375901, 0.831146, 0.990146, 1, 

33,2918,0.001, 0.016774, 0.0547898, 0.114905, 0.167029, 0.204664, 0.210881, 0.23582, 0.852734, 1, 

Generation #5
31,1942,0.001, 0.0211516, 0.0547898, 0.114905, 0.280081, 0.119235, 0.150345, 0.17776, 1, 

35,1020,0.001, 0.0141455, 0.0218816, 0.0456565, 0.126535, 0.171676, 0.150345, 0.17776, 0.247358, 0.299091, 0.756568, 0.930679, 1, 

33,1614,0.001, 0.0110509, 0.0391854, 0.0928903, 0.129683, 0.148351, 0.375901, 0.831146, 0.990146, 1, 

Generation #6
31,1942,0.001, 0.0211516, 0.0547898, 0.114905, 0.280081, 0.119235, 0.150345, 0.17776, 1, 

35,1020,0.001, 0.0141455, 0.0218816, 0.0456565, 0.126535, 0.171676, 0.150345, 0.17776, 0.247358, 0.299091, 0.756568, 0.930679, 1, 

32,1478,0.001, 0.0110509, 0.0391854, 0.0928903, 0.148351, 0.150345, 0.17776, 0.990146, 1, 

34,1108,0.001, 0.0141455, 0.0218816, 0.0460126, 0.00536231, 0.10239, 0.150345, 0.17776, 0.247358, 0.299091, 0.0947128, 0.930679, 1, 

Generation #7
35,1020,0.001, 0.0141455, 0.0218816, 0.0456565, 0.126535, 0.171676, 0.150345, 0.17776, 0.247358, 0.299091, 0.756568, 0.930679, 1, 

31,1252,0.001, 0.0110509, 0.0391854, 0.0928903, 0.129683, 0.119235, 0.150345, 0.17776, 1, 

32,1199,0.001, 0.0110509, 0.0391854, 0.0928903, 0.129683, 0.148351, 0.831146, 0.990146, 1, 

34,1056,0.001, 0.0141455, 0.0218816, 0.0456565, 0.126535, 0.171676, 0.150345, 0.17776, 0.247358, 0.299091, 0.421249, 1, 

Generation #8
35,1020,0.001, 0.0141455, 0.0218816, 0.0456565, 0.126535, 0.171676, 0.150345, 0.17776, 0.247358, 0.299091, 0.756568, 0.930679, 1, 

31,1252,0.001, 0.0110509, 0.0391854, 0.0928903, 0.129683, 0.119235, 0.150345, 0.17776, 1, 

32,1199,0.001, 0.0110509, 0.0391854, 0.0928903, 0.129683, 0.148351, 0.831146, 0.990146, 1, 

34,1056,0.001, 0.0141455, 0.0218816, 0.0456565, 0.126535, 0.171676, 0.150345, 0.17776, 0.247358, 0.299091, 0.421249, 1, 

Generation #9
35,1020,0.001, 0.0141455, 0.0218816, 0.0456565, 0.126535, 0.171676, 0.150345, 0.17776, 0.247358, 0.299091, 0.756568, 0.930679, 1, 

31,1252,0.001, 0.0110509, 0.0391854, 0.0928903, 0.129683, 0.119235, 0.150345, 0.17776, 1, 

32,1199,0.001, 0.0110509, 0.0391854, 0.0928903, 0.129683, 0.148351, 0.831146, 0.990146, 1, 

34,1056,0.001, 0.0141455, 0.0218816, 0.0456565, 0.126535, 0.171676, 0.150345, 0.17776, 0.247358, 0.299091, 0.421249, 1, 

33,1149,0.001, 0.0141455, 0.0218816, 0.0460126, 0.00536231, 0.10239, 0.150345, 0.17776, 0.372694, 0.247358, 0.852734, 1, 

Generation #10
31,1252,0.001, 0.0110509, 0.0391854, 0.0928903, 0.129683, 0.119235, 0.150345, 0.17776, 1, 

32,1199,0.001, 0.0110509, 0.0391854, 0.0928903, 0.129683, 0.148351, 0.831146, 0.990146, 1, 

33,960,0.001, 0.0110509, 0.0391854, 0.0928903, 0.148351, 0.375901, 0.175819, 0.83435, 0.852734, 1, 

30,2015,0.001, 0.0110509, 0.0391854, 0.0262016, 0.0663368, 0.100799, 0.17776, 1, 
