------------d=1, t=2, lambda=1, filename=./evaluation/Make/Make_2_1.csv------------
Computing partitioned counts of d-sets...
Ready to look at pairs based on partitioned counts...
First Stage N=30, Time=4
There are 1464 remaining non-locating pairs
--- Running GA Algorithm (phase2) ---
Running GA with std::execution::par
Generation #0
38,474,0.001, 0.139605, 0.219523, 0.33745, 0.371203, 0.465486, 0.467519, 0.710549, 0.845754, 0.979017, 1, 

40,424,0.001, 0.0947605, 0.142012, 0.179778, 0.189462, 0.191137, 0.191838, 0.388656, 0.457753, 0.581852, 0.66415, 0.680059, 0.821016, 0.853868, 0.979439, 1, 

37,633,0.001, 0.0970704, 0.133815, 0.193307, 0.314824, 0.330009, 0.392028, 0.397921, 0.422169, 0.783244, 0.803073, 0.930679, 1, 

47,249,0.001, 0.0110509, 0.0391854, 0.0928903, 0.129683, 0.148351, 0.15305, 0.161136, 0.234665, 0.262227, 0.262612, 0.288228, 0.29071, 0.387741, 0.387959, 0.439057, 0.598829, 0.623264, 0.646717, 0.734431, 0.75492, 0.778334, 0.828504, 0.918703, 0.937746, 1, 

43,359,0.001, 0.0720436, 0.120518, 0.216134, 0.240205, 0.316409, 0.38425, 0.397094, 0.439128, 0.446672, 0.457051, 0.782234, 0.787231, 0.8087, 0.870795, 0.937226, 1, 

Generation #1
35,536,0.001, 0.0485364, 0.0638381, 0.103473, 0.714621, 0.730876, 0.740987, 0.905804, 0.913058, 0.939807, 1, 

36,169,0.001, 0.0219461, 0.0261442, 0.0262016, 0.0663368, 0.100799, 0.164494, 0.217953, 0.230267, 0.239707, 0.475426, 0.477239, 0.511489, 0.968253, 0.992228, 1, 

Generation #2
36,169,0.001, 0.0219461, 0.0261442, 0.0262016, 0.0663368, 0.100799, 0.164494, 0.217953, 0.230267, 0.239707, 0.475426, 0.477239, 0.511489, 0.968253, 0.992228, 1, 

34,252,0.001, 0.0691965, 0.0903244, 0.091733, 0.181093, 0.275426, 0.294544, 0.367745, 0.376844, 0.419575, 0.886671, 0.887786, 1, 

Generation #3
36,169,0.001, 0.0219461, 0.0261442, 0.0262016, 0.0663368, 0.100799, 0.164494, 0.217953, 0.230267, 0.239707, 0.475426, 0.477239, 0.511489, 0.968253, 0.992228, 1, 

34,252,0.001, 0.0691965, 0.0903244, 0.091733, 0.181093, 0.275426, 0.294544, 0.367745, 0.376844, 0.419575, 0.886671, 0.887786, 1, 

35,235,0.001, 0.016831, 0.0528152, 0.0980615, 0.106911, 0.119235, 0.740987, 0.905804, 0.913058, 0.939807, 1, 

Generation #4
36,169,0.001, 0.0219461, 0.0261442, 0.0262016, 0.0663368, 0.100799, 0.164494, 0.217953, 0.230267, 0.239707, 0.475426, 0.477239, 0.511489, 0.968253, 0.992228, 1, 

34,252,0.001, 0.0691965, 0.0903244, 0.091733, 0.181093, 0.275426, 0.294544, 0.367745, 0.376844, 0.419575, 0.886671, 0.887786, 1, 

35,235,0.001, 0.016831, 0.0528152, 0.0980615, 0.106911, 0.119235, 0.740987, 0.905804, 0.913058, 0.939807, 1, 

Generation #5
36,169,0.001, 0.0219461, 0.0261442, 0.0262016, 0.0663368, 0.100799, 0.164494, 0.217953, 0.230267, 0.239707, 0.475426, 0.477239, 0.511489, 0.968253, 0.992228, 1, 

34,252,0.001, 0.0691965, 0.0903244, 0.091733, 0.181093, 0.275426, 0.294544, 0.367745, 0.376844, 0.419575, 0.886671, 0.887786, 1, 

35,188,0.001, 0.0219461, 0.0261442, 0.0262016, 0.0663368, 0.100799, 0.150345, 0.17776, 0.247358, 0.662716, 0.930679, 1, 

37,153,0.001, 0.0110509, 0.0391854, 0.0928903, 0.129683, 0.148351, 0.223503, 0.360442, 0.365705, 0.650595, 0.662716, 0.705202, 0.789084, 1, 

Generation #6
36,169,0.001, 0.0219461, 0.0261442, 0.0262016, 0.0663368, 0.100799, 0.164494, 0.217953, 0.230267, 0.239707, 0.475426, 0.477239, 0.511489, 0.968253, 0.992228, 1, 

37,153,0.001, 0.0110509, 0.0391854, 0.0928903, 0.129683, 0.148351, 0.223503, 0.360442, 0.365705, 0.650595, 0.662716, 0.705202, 0.789084, 1, 

33,179,0.001, 0.0110509, 0.0391854, 0.0928903, 0.129683, 0.148351, 0.15305, 0.161136, 0.234665, 0.262227, 0.662716, 0.705202, 0.789084, 1, 

Generation #7
36,169,0.001, 0.0219461, 0.0261442, 0.0262016, 0.0663368, 0.100799, 0.164494, 0.217953, 0.230267, 0.239707, 0.475426, 0.477239, 0.511489, 0.968253, 0.992228, 1, 

37,153,0.001, 0.0110509, 0.0391854, 0.0928903, 0.129683, 0.148351, 0.223503, 0.360442, 0.365705, 0.650595, 0.662716, 0.705202, 0.789084, 1, 

33,179,0.001, 0.0110509, 0.0391854, 0.0928903, 0.129683, 0.148351, 0.15305, 0.161136, 0.234665, 0.262227, 0.662716, 0.705202, 0.789084, 1, 

46,152,0.001, 0.0110509, 0.0391854, 0.0928903, 0.129683, 0.148351, 0.15305, 0.161136, 0.234665, 0.262227, 0.262612, 0.288228, 0.29071, 0.387741, 0.387959, 0.439057, 0.748014, 0.773028, 0.803385, 0.239805, 0.903401, 1, 

35,173,0.001, 0.0234395, 0.0390873, 0.0460126, 0.10239, 0.111185, 0.134715, 0.142228, 0.376844, 0.419575, 0.2858, 1, 

Generation #8
37,153,0.001, 0.0110509, 0.0391854, 0.0928903, 0.129683, 0.148351, 0.223503, 0.360442, 0.365705, 0.650595, 0.662716, 0.705202, 0.789084, 1, 

33,179,0.001, 0.0110509, 0.0391854, 0.0928903, 0.129683, 0.148351, 0.15305, 0.161136, 0.234665, 0.262227, 0.662716, 0.705202, 0.789084, 1, 

46,152,0.001, 0.0110509, 0.0391854, 0.0928903, 0.129683, 0.148351, 0.15305, 0.161136, 0.234665, 0.262227, 0.262612, 0.288228, 0.29071, 0.387741, 0.387959, 0.439057, 0.748014, 0.773028, 0.803385, 0.239805, 0.903401, 1, 

35,161,0.001, 0.0219461, 0.0261442, 0.0262016, 0.0663368, 0.100799, 0.164494, 0.217953, 0.230267, 0.248763, 0.930679, 1, 

36,158,0.001, 0.0141455, 0.0261442, 0.0262016, 0.0663368, 0.100799, 0.150345, 0.17776, 0.247358, 0.262227, 0.262612, 0.886671, 0.887786, 1, 

Generation #9
33,179,0.001, 0.0110509, 0.0391854, 0.0928903, 0.129683, 0.148351, 0.15305, 0.161136, 0.234665, 0.262227, 0.662716, 0.705202, 0.789084, 1, 

35,148,0.001, 0.0110509, 0.0391854, 0.0928903, 0.129683, 0.148351, 0.15305, 0.161136, 0.234665, 0.262227, 0.262612, 0.705202, 0.789084, 1, 

37,120,0.001, 0.0110509, 0.0391854, 0.0928903, 0.129683, 0.148351, 0.15305, 0.161136, 0.234665, 0.262227, 0.262612, 0.477239, 0.511489, 0.968253, 0.992228, 1, 

34,176,0.001, 0.0110509, 0.0391854, 0.0928903, 0.129683, 0.148351, 0.15305, 0.161136, 0.234665, 0.262612, 0.980407, 0.985471, 1, 

Generation #10
33,179,0.001, 0.0110509, 0.0391854, 0.0928903, 0.129683, 0.148351, 0.15305, 0.161136, 0.234665, 0.262227, 0.662716, 0.705202, 0.789084, 1, 

35,148,0.001, 0.0110509, 0.0391854, 0.0928903, 0.129683, 0.148351, 0.15305, 0.161136, 0.234665, 0.262227, 0.262612, 0.705202, 0.789084, 1, 

37,120,0.001, 0.0110509, 0.0391854, 0.0928903, 0.129683, 0.148351, 0.15305, 0.161136, 0.234665, 0.262227, 0.262612, 0.477239, 0.511489, 0.968253, 0.992228, 1, 

34,176,0.001, 0.0110509, 0.0391854, 0.0928903, 0.129683, 0.148351, 0.15305, 0.161136, 0.234665, 0.262612, 0.980407, 0.985471, 1, 

Generation #11
35,148,0.001, 0.0110509, 0.0391854, 0.0928903, 0.129683, 0.148351, 0.15305, 0.161136, 0.234665, 0.262227, 0.262612, 0.705202, 0.789084, 1, 

37,120,0.001, 0.0110509, 0.0391854, 0.0928903, 0.129683, 0.148351, 0.15305, 0.161136, 0.234665, 0.262227, 0.262612, 0.477239, 0.511489, 0.968253, 0.992228, 1, 

31,171,0.001, 0.0219461, 0.0261442, 0.0262016, 0.0663368, 0.100799, 0.150345, 0.17776, 0.247358, 1, 

Generation #12
35,148,0.001, 0.0110509, 0.0391854, 0.0928903, 0.129683, 0.148351, 0.15305, 0.161136, 0.234665, 0.262227, 0.262612, 0.705202, 0.789084, 1, 

37,120,0.001, 0.0110509, 0.0391854, 0.0928903, 0.129683, 0.148351, 0.15305, 0.161136, 0.234665, 0.262227, 0.262612, 0.477239, 0.511489, 0.968253, 0.992228, 1, 

31,171,0.001, 0.0219461, 0.0261442, 0.0262016, 0.0663368, 0.100799, 0.150345, 0.17776, 0.247358, 1, 

Generation #13
35,148,0.001, 0.0110509, 0.0391854, 0.0928903, 0.129683, 0.148351, 0.15305, 0.161136, 0.234665, 0.262227, 0.262612, 0.705202, 0.789084, 1, 

37,120,0.001, 0.0110509, 0.0391854, 0.0928903, 0.129683, 0.148351, 0.15305, 0.161136, 0.234665, 0.262227, 0.262612, 0.477239, 0.511489, 0.968253, 0.992228, 1, 

31,171,0.001, 0.0219461, 0.0261442, 0.0262016, 0.0663368, 0.100799, 0.150345, 0.17776, 0.247358, 1, 

Generation #14
35,148,0.001, 0.0110509, 0.0391854, 0.0928903, 0.129683, 0.148351, 0.15305, 0.161136, 0.234665, 0.262227, 0.262612, 0.705202, 0.789084, 1, 

37,120,0.001, 0.0110509, 0.0391854, 0.0928903, 0.129683, 0.148351, 0.15305, 0.161136, 0.234665, 0.262227, 0.262612, 0.477239, 0.511489, 0.968253, 0.992228, 1, 

31,171,0.001, 0.0219461, 0.0261442, 0.0262016, 0.0663368, 0.100799, 0.150345, 0.17776, 0.247358, 1, 

Generation #15
35,148,0.001, 0.0110509, 0.0391854, 0.0928903, 0.129683, 0.148351, 0.15305, 0.161136, 0.234665, 0.262227, 0.262612, 0.705202, 0.789084, 1, 

37,120,0.001, 0.0110509, 0.0391854, 0.0928903, 0.129683, 0.148351, 0.15305, 0.161136, 0.234665, 0.262227, 0.262612, 0.477239, 0.511489, 0.968253, 0.992228, 1, 

31,171,0.001, 0.0219461, 0.0261442, 0.0262016, 0.0663368, 0.100799, 0.150345, 0.17776, 0.247358, 1, 

Generation #16
35,148,0.001, 0.0110509, 0.0391854, 0.0928903, 0.129683, 0.148351, 0.15305, 0.161136, 0.234665, 0.262227, 0.262612, 0.705202, 0.789084, 1, 

37,120,0.001, 0.0110509, 0.0391854, 0.0928903, 0.129683, 0.148351, 0.15305, 0.161136, 0.234665, 0.262227, 0.262612, 0.477239, 0.511489, 0.968253, 0.992228, 1, 

31,171,0.001, 0.0219461, 0.0261442, 0.0262016, 0.0663368, 0.100799, 0.150345, 0.17776, 0.247358, 1, 

Generation #17
35,148,0.001, 0.0110509, 0.0391854, 0.0928903, 0.129683, 0.148351, 0.15305, 0.161136, 0.234665, 0.262227, 0.262612, 0.705202, 0.789084, 1, 

37,120,0.001, 0.0110509, 0.0391854, 0.0928903, 0.129683, 0.148351, 0.15305, 0.161136, 0.234665, 0.262227, 0.262612, 0.477239, 0.511489, 0.968253, 0.992228, 1, 

31,171,0.001, 0.0219461, 0.0261442, 0.0262016, 0.0663368, 0.100799, 0.150345, 0.17776, 0.247358, 1, 

33,149,0.001, 0.0110509, 0.0261442, 0.0262016, 0.0663368, 0.100799, 0.164494, 0.217953, 0.230267, 0.248763, 1, 

Generation #18
35,148,0.001, 0.0110509, 0.0391854, 0.0928903, 0.129683, 0.148351, 0.15305, 0.161136, 0.234665, 0.262227, 0.262612, 0.705202, 0.789084, 1, 

37,120,0.001, 0.0110509, 0.0391854, 0.0928903, 0.129683, 0.148351, 0.15305, 0.161136, 0.234665, 0.262227, 0.262612, 0.477239, 0.511489, 0.968253, 0.992228, 1, 

31,171,0.001, 0.0219461, 0.0261442, 0.0262016, 0.0663368, 0.100799, 0.150345, 0.17776, 0.247358, 1, 

33,149,0.001, 0.0110509, 0.0261442, 0.0262016, 0.0663368, 0.100799, 0.164494, 0.217953, 0.230267, 0.248763, 1, 

Generation #19
35,148,0.001, 0.0110509, 0.0391854, 0.0928903, 0.129683, 0.148351, 0.15305, 0.161136, 0.234665, 0.262227, 0.262612, 0.705202, 0.789084, 1, 

37,120,0.001, 0.0110509, 0.0391854, 0.0928903, 0.129683, 0.148351, 0.15305, 0.161136, 0.234665, 0.262227, 0.262612, 0.477239, 0.511489, 0.968253, 0.992228, 1, 

31,171,0.001, 0.0219461, 0.0261442, 0.0262016, 0.0663368, 0.100799, 0.150345, 0.17776, 0.247358, 1, 

33,149,0.001, 0.0110509, 0.0261442, 0.0262016, 0.0663368, 0.100799, 0.164494, 0.217953, 0.230267, 0.248763, 1, 

Generation #20
35,148,0.001, 0.0110509, 0.0391854, 0.0928903, 0.129683, 0.148351, 0.15305, 0.161136, 0.234665, 0.262227, 0.262612, 0.705202, 0.789084, 1, 

37,120,0.001, 0.0110509, 0.0391854, 0.0928903, 0.129683, 0.148351, 0.15305, 0.161136, 0.234665, 0.262227, 0.262612, 0.477239, 0.511489, 0.968253, 0.992228, 1, 

31,171,0.001, 0.0219461, 0.0261442, 0.0262016, 0.0663368, 0.100799, 0.150345, 0.17776, 0.247358, 1, 

33,149,0.001, 0.0110509, 0.0261442, 0.0262016, 0.0663368, 0.100799, 0.164494, 0.217953, 0.230267, 0.248763, 1, 

Generation #21
37,120,0.001, 0.0110509, 0.0391854, 0.0928903, 0.129683, 0.148351, 0.15305, 0.161136, 0.234665, 0.262227, 0.262612, 0.477239, 0.511489, 0.968253, 0.992228, 1, 

31,171,0.001, 0.0219461, 0.0261442, 0.0262016, 0.0663368, 0.100799, 0.150345, 0.17776, 0.247358, 1, 

33,149,0.001, 0.0110509, 0.0261442, 0.0262016, 0.0663368, 0.100799, 0.164494, 0.217953, 0.230267, 0.248763, 1, 

35,145,0.001, 0.0110509, 0.0391854, 0.0262016, 0.0663368, 0.100799, 0.164494, 0.217953, 0.230267, 0.837543, 0.2858, 1, 

Generation #22
37,120,0.001, 0.0110509, 0.0391854, 0.0928903, 0.129683, 0.148351, 0.15305, 0.161136, 0.234665, 0.262227, 0.262612, 0.477239, 0.511489, 0.968253, 0.992228, 1, 

31,171,0.001, 0.0219461, 0.0261442, 0.0262016, 0.0663368, 0.100799, 0.150345, 0.17776, 0.247358, 1, 

33,149,0.001, 0.0110509, 0.0261442, 0.0262016, 0.0663368, 0.100799, 0.164494, 0.217953, 0.230267, 0.248763, 1, 

35,145,0.001, 0.0110509, 0.0391854, 0.0262016, 0.0663368, 0.100799, 0.164494, 0.217953, 0.230267, 0.837543, 0.2858, 1, 

Generation #23
37,120,0.001, 0.0110509, 0.0391854, 0.0928903, 0.129683, 0.148351, 0.15305, 0.161136, 0.234665, 0.262227, 0.262612, 0.477239, 0.511489, 0.968253, 0.992228, 1, 

31,171,0.001, 0.0219461, 0.0261442, 0.0262016, 0.0663368, 0.100799, 0.150345, 0.17776, 0.247358, 1, 

33,149,0.001, 0.0110509, 0.0261442, 0.0262016, 0.0663368, 0.100799, 0.164494, 0.217953, 0.230267, 0.248763, 1, 

35,145,0.001, 0.0110509, 0.0391854, 0.0262016, 0.0663368, 0.100799, 0.164494, 0.217953, 0.230267, 0.837543, 0.2858, 1, 

Generation #24
37,120,0.001, 0.0110509, 0.0391854, 0.0928903, 0.129683, 0.148351, 0.15305, 0.161136, 0.234665, 0.262227, 0.262612, 0.477239, 0.511489, 0.968253, 0.992228, 1, 

31,171,0.001, 0.0219461, 0.0261442, 0.0262016, 0.0663368, 0.100799, 0.150345, 0.17776, 0.247358, 1, 

33,149,0.001, 0.0110509, 0.0261442, 0.0262016, 0.0663368, 0.100799, 0.164494, 0.217953, 0.230267, 0.248763, 1, 

35,145,0.001, 0.0110509, 0.0391854, 0.0262016, 0.0663368, 0.100799, 0.164494, 0.217953, 0.230267, 0.837543, 0.2858, 1, 

Generation #25
37,120,0.001, 0.0110509, 0.0391854, 0.0928903, 0.129683, 0.148351, 0.15305, 0.161136, 0.234665, 0.262227, 0.262612, 0.477239, 0.511489, 0.968253, 0.992228, 1, 

31,171,0.001, 0.0219461, 0.0261442, 0.0262016, 0.0663368, 0.100799, 0.150345, 0.17776, 0.247358, 1, 

33,149,0.001, 0.0110509, 0.0261442, 0.0262016, 0.0663368, 0.100799, 0.164494, 0.217953, 0.230267, 0.248763, 1, 

35,145,0.001, 0.0110509, 0.0391854, 0.0262016, 0.0663368, 0.100799, 0.164494, 0.217953, 0.230267, 0.837543, 0.2858, 1, 

32,170,0.001, 0.0141455, 0.0261442, 0.0262016, 0.0663368, 0.100799, 0.164494, 0.217953, 0.230267, 0.419575, 0.288228, 1, 

Generation #26
37,120,0.001, 0.0110509, 0.0391854, 0.0928903, 0.129683, 0.148351, 0.15305, 0.161136, 0.234665, 0.262227, 0.262612, 0.477239, 0.511489, 0.968253, 0.992228, 1, 

31,171,0.001, 0.0219461, 0.0261442, 0.0262016, 0.0663368, 0.100799, 0.150345, 0.17776, 0.247358, 1, 

33,149,0.001, 0.0110509, 0.0261442, 0.0262016, 0.0663368, 0.100799, 0.164494, 0.217953, 0.230267, 0.248763, 1, 

35,145,0.001, 0.0110509, 0.0391854, 0.0262016, 0.0663368, 0.100799, 0.164494, 0.217953, 0.230267, 0.837543, 0.2858, 1, 

32,170,0.001, 0.0141455, 0.0261442, 0.0262016, 0.0663368, 0.100799, 0.164494, 0.217953, 0.230267, 0.419575, 0.288228, 1, 

Generation #27
37,120,0.001, 0.0110509, 0.0391854, 0.0928903, 0.129683, 0.148351, 0.15305, 0.161136, 0.234665, 0.262227, 0.262612, 0.477239, 0.511489, 0.968253, 0.992228, 1, 

31,171,0.001, 0.0219461, 0.0261442, 0.0262016, 0.0663368, 0.100799, 0.150345, 0.17776, 0.247358, 1, 

33,149,0.001, 0.0110509, 0.0261442, 0.0262016, 0.0663368, 0.100799, 0.164494, 0.217953, 0.230267, 0.248763, 1, 

35,145,0.001, 0.0110509, 0.0391854, 0.0262016, 0.0663368, 0.100799, 0.164494, 0.217953, 0.230267, 0.837543, 0.2858, 1, 

32,170,0.001, 0.0141455, 0.0261442, 0.0262016, 0.0663368, 0.100799, 0.164494, 0.217953, 0.230267, 0.419575, 0.288228, 1, 

36,132,0.001, 0.0110509, 0.0261442, 0.0262016, 0.0663368, 0.100799, 0.150345, 0.17776, 0.247358, 1, 

Generation #28
37,120,0.001, 0.0110509, 0.0391854, 0.0928903, 0.129683, 0.148351, 0.15305, 0.161136, 0.234665, 0.262227, 0.262612, 0.477239, 0.511489, 0.968253, 0.992228, 1, 

31,171,0.001, 0.0219461, 0.0261442, 0.0262016, 0.0663368, 0.100799, 0.150345, 0.17776, 0.247358, 1, 

33,149,0.001, 0.0110509, 0.0261442, 0.0262016, 0.0663368, 0.100799, 0.164494, 0.217953, 0.230267, 0.248763, 1, 

36,132,0.001, 0.0110509, 0.0261442, 0.0262016, 0.0663368, 0.100799, 0.150345, 0.17776, 0.247358, 1, 

35,141,0.001, 0.0110509, 0.0261442, 0.0262016, 0.0663368, 0.100799, 0.150345, 0.217953, 0.234665, 0.262227, 0.288228, 1, 

32,165,0.001, 0.0110509, 0.0391854, 0.0262016, 0.0663368, 0.100799, 0.164494, 0.217953, 0.230267, 0.262227, 1, 

Generation #29
37,120,0.001, 0.0110509, 0.0391854, 0.0928903, 0.129683, 0.148351, 0.15305, 0.161136, 0.234665, 0.262227, 0.262612, 0.477239, 0.511489, 0.968253, 0.992228, 1, 

31,171,0.001, 0.0219461, 0.0261442, 0.0262016, 0.0663368, 0.100799, 0.150345, 0.17776, 0.247358, 1, 

33,149,0.001, 0.0110509, 0.0261442, 0.0262016, 0.0663368, 0.100799, 0.164494, 0.217953, 0.230267, 0.248763, 1, 

36,132,0.001, 0.0110509, 0.0261442, 0.0262016, 0.0663368, 0.100799, 0.150345, 0.17776, 0.247358, 1, 

35,141,0.001, 0.0110509, 0.0261442, 0.0262016, 0.0663368, 0.100799, 0.150345, 0.217953, 0.234665, 0.262227, 0.288228, 1, 

32,165,0.001, 0.0110509, 0.0391854, 0.0262016, 0.0663368, 0.100799, 0.164494, 0.217953, 0.230267, 0.262227, 1, 

Generation #30
37,120,0.001, 0.0110509, 0.0391854, 0.0928903, 0.129683, 0.148351, 0.15305, 0.161136, 0.234665, 0.262227, 0.262612, 0.477239, 0.511489, 0.968253, 0.992228, 1, 

31,171,0.001, 0.0219461, 0.0261442, 0.0262016, 0.0663368, 0.100799, 0.150345, 0.17776, 0.247358, 1, 

33,149,0.001, 0.0110509, 0.0261442, 0.0262016, 0.0663368, 0.100799, 0.164494, 0.217953, 0.230267, 0.248763, 1, 

36,132,0.001, 0.0110509, 0.0261442, 0.0262016, 0.0663368, 0.100799, 0.150345, 0.17776, 0.247358, 1, 

35,141,0.001, 0.0110509, 0.0261442, 0.0262016, 0.0663368, 0.100799, 0.150345, 0.217953, 0.234665, 0.262227, 0.288228, 1, 

32,165,0.001, 0.0110509, 0.0391854, 0.0262016, 0.0663368, 0.100799, 0.164494, 0.217953, 0.230267, 0.262227, 1, 

Generation #31
37,120,0.001, 0.0110509, 0.0391854, 0.0928903, 0.129683, 0.148351, 0.15305, 0.161136, 0.234665, 0.262227, 0.262612, 0.477239, 0.511489, 0.968253, 0.992228, 1, 

31,171,0.001, 0.0219461, 0.0261442, 0.0262016, 0.0663368, 0.100799, 0.150345, 0.17776, 0.247358, 1, 

33,149,0.001, 0.0110509, 0.0261442, 0.0262016, 0.0663368, 0.100799, 0.164494, 0.217953, 0.230267, 0.248763, 1, 

36,132,0.001, 0.0110509, 0.0261442, 0.0262016, 0.0663368, 0.100799, 0.150345, 0.17776, 0.247358, 1, 

35,141,0.001, 0.0110509, 0.0261442, 0.0262016, 0.0663368, 0.100799, 0.150345, 0.217953, 0.234665, 0.262227, 0.288228, 1, 

32,165,0.001, 0.0110509, 0.0391854, 0.0262016, 0.0663368, 0.100799, 0.164494, 0.217953, 0.230267, 0.262227, 1, 

Generation #32
37,120,0.001, 0.0110509, 0.0391854, 0.0928903, 0.129683, 0.148351, 0.15305, 0.161136, 0.234665, 0.262227, 0.262612, 0.477239, 0.511489, 0.968253, 0.992228, 1, 

31,171,0.001, 0.0219461, 0.0261442, 0.0262016, 0.0663368, 0.100799, 0.150345, 0.17776, 0.247358, 1, 

33,149,0.001, 0.0110509, 0.0261442, 0.0262016, 0.0663368, 0.100799, 0.164494, 0.217953, 0.230267, 0.248763, 1, 

36,132,0.001, 0.0110509, 0.0261442, 0.0262016, 0.0663368, 0.100799, 0.150345, 0.17776, 0.247358, 1, 

35,141,0.001, 0.0110509, 0.0261442, 0.0262016, 0.0663368, 0.100799, 0.150345, 0.217953, 0.234665, 0.262227, 0.288228, 1, 

32,165,0.001, 0.0110509, 0.0391854, 0.0262016, 0.0663368, 0.100799, 0.164494, 0.217953, 0.230267, 0.262227, 1, 

Generation #33
37,120,0.001, 0.0110509, 0.0391854, 0.0928903, 0.129683, 0.148351, 0.15305, 0.161136, 0.234665, 0.262227, 0.262612, 0.477239, 0.511489, 0.968253, 0.992228, 1, 

31,171,0.001, 0.0219461, 0.0261442, 0.0262016, 0.0663368, 0.100799, 0.150345, 0.17776, 0.247358, 1, 

33,149,0.001, 0.0110509, 0.0261442, 0.0262016, 0.0663368, 0.100799, 0.164494, 0.217953, 0.230267, 0.248763, 1, 

36,132,0.001, 0.0110509, 0.0261442, 0.0262016, 0.0663368, 0.100799, 0.150345, 0.17776, 0.247358, 1, 

35,141,0.001, 0.0110509, 0.0261442, 0.0262016, 0.0663368, 0.100799, 0.150345, 0.217953, 0.234665, 0.262227, 0.288228, 1, 

32,165,0.001, 0.0110509, 0.0391854, 0.0262016, 0.0663368, 0.100799, 0.164494, 0.217953, 0.230267, 0.262227, 1, 

Generation #34
37,120,0.001, 0.0110509, 0.0391854, 0.0928903, 0.129683, 0.148351, 0.15305, 0.161136, 0.234665, 0.262227, 0.262612, 0.477239, 0.511489, 0.968253, 0.992228, 1, 

31,171,0.001, 0.0219461, 0.0261442, 0.0262016, 0.0663368, 0.100799, 0.150345, 0.17776, 0.247358, 1, 

33,149,0.001, 0.0110509, 0.0261442, 0.0262016, 0.0663368, 0.100799, 0.164494, 0.217953, 0.230267, 0.248763, 1, 

36,132,0.001, 0.0110509, 0.0261442, 0.0262016, 0.0663368, 0.100799, 0.150345, 0.17776, 0.247358, 1, 

35,141,0.001, 0.0110509, 0.0261442, 0.0262016, 0.0663368, 0.100799, 0.150345, 0.217953, 0.234665, 0.262227, 0.288228, 1, 

32,165,0.001, 0.0110509, 0.0391854, 0.0262016, 0.0663368, 0.100799, 0.164494, 0.217953, 0.230267, 0.262227, 1, 

Generation #35
37,120,0.001, 0.0110509, 0.0391854, 0.0928903, 0.129683, 0.148351, 0.15305, 0.161136, 0.234665, 0.262227, 0.262612, 0.477239, 0.511489, 0.968253, 0.992228, 1, 

31,171,0.001, 0.0219461, 0.0261442, 0.0262016, 0.0663368, 0.100799, 0.150345, 0.17776, 0.247358, 1, 

33,149,0.001, 0.0110509, 0.0261442, 0.0262016, 0.0663368, 0.100799, 0.164494, 0.217953, 0.230267, 0.248763, 1, 

36,132,0.001, 0.0110509, 0.0261442, 0.0262016, 0.0663368, 0.100799, 0.150345, 0.17776, 0.247358, 1, 

32,165,0.001, 0.0110509, 0.0391854, 0.0262016, 0.0663368, 0.100799, 0.164494, 0.217953, 0.230267, 0.262227, 1, 

34,138,0.001, 0.0110509, 0.0391854, 0.0262016, 0.0663368, 0.100799, 0.150345, 0.17776, 0.247358, 0.262227, 1, 

Generation #36
37,120,0.001, 0.0110509, 0.0391854, 0.0928903, 0.129683, 0.148351, 0.15305, 0.161136, 0.234665, 0.262227, 0.262612, 0.477239, 0.511489, 0.968253, 0.992228, 1, 

31,171,0.001, 0.0219461, 0.0261442, 0.0262016, 0.0663368, 0.100799, 0.150345, 0.17776, 0.247358, 1, 

33,149,0.001, 0.0110509, 0.0261442, 0.0262016, 0.0663368, 0.100799, 0.164494, 0.217953, 0.230267, 0.248763, 1, 

36,132,0.001, 0.0110509, 0.0261442, 0.0262016, 0.0663368, 0.100799, 0.150345, 0.17776, 0.247358, 1, 

32,165,0.001, 0.0110509, 0.0391854, 0.0262016, 0.0663368, 0.100799, 0.164494, 0.217953, 0.230267, 0.262227, 1, 

34,138,0.001, 0.0110509, 0.0391854, 0.0262016, 0.0663368, 0.100799, 0.150345, 0.17776, 0.247358, 0.262227, 1, 

Generation #37
37,120,0.001, 0.0110509, 0.0391854, 0.0928903, 0.129683, 0.148351, 0.15305, 0.161136, 0.234665, 0.262227, 0.262612, 0.477239, 0.511489, 0.968253, 0.992228, 1, 

31,171,0.001, 0.0219461, 0.0261442, 0.0262016, 0.0663368, 0.100799, 0.150345, 0.17776, 0.247358, 1, 

33,149,0.001, 0.0110509, 0.0261442, 0.0262016, 0.0663368, 0.100799, 0.164494, 0.217953, 0.230267, 0.248763, 1, 

36,132,0.001, 0.0110509, 0.0261442, 0.0262016, 0.0663368, 0.100799, 0.150345, 0.17776, 0.247358, 1, 

32,165,0.001, 0.0110509, 0.0391854, 0.0262016, 0.0663368, 0.100799, 0.164494, 0.217953, 0.230267, 0.262227, 1, 

34,138,0.001, 0.0110509, 0.0391854, 0.0262016, 0.0663368, 0.100799, 0.150345, 0.17776, 0.247358, 0.262227, 1, 

Generation #38
37,120,0.001, 0.0110509, 0.0391854, 0.0928903, 0.129683, 0.148351, 0.15305, 0.161136, 0.234665, 0.262227, 0.262612, 0.477239, 0.511489, 0.968253, 0.992228, 1, 

31,171,0.001, 0.0219461, 0.0261442, 0.0262016, 0.0663368, 0.100799, 0.150345, 0.17776, 0.247358, 1, 

33,149,0.001, 0.0110509, 0.0261442, 0.0262016, 0.0663368, 0.100799, 0.164494, 0.217953, 0.230267, 0.248763, 1, 

36,132,0.001, 0.0110509, 0.0261442, 0.0262016, 0.0663368, 0.100799, 0.150345, 0.17776, 0.247358, 1, 

32,165,0.001, 0.0110509, 0.0391854, 0.0262016, 0.0663368, 0.100799, 0.164494, 0.217953, 0.230267, 0.262227, 1, 

34,138,0.001, 0.0110509, 0.0391854, 0.0262016, 0.0663368, 0.100799, 0.150345, 0.17776, 0.247358, 0.262227, 1, 

Generation #39
37,120,0.001, 0.0110509, 0.0391854, 0.0928903, 0.129683, 0.148351, 0.15305, 0.161136, 0.234665, 0.262227, 0.262612, 0.477239, 0.511489, 0.968253, 0.992228, 1, 

31,171,0.001, 0.0219461, 0.0261442, 0.0262016, 0.0663368, 0.100799, 0.150345, 0.17776, 0.247358, 1, 

33,149,0.001, 0.0110509, 0.0261442, 0.0262016, 0.0663368, 0.100799, 0.164494, 0.217953, 0.230267, 0.248763, 1, 

36,132,0.001, 0.0110509, 0.0261442, 0.0262016, 0.0663368, 0.100799, 0.150345, 0.17776, 0.247358, 1, 

32,165,0.001, 0.0110509, 0.0391854, 0.0262016, 0.0663368, 0.100799, 0.164494, 0.217953, 0.230267, 0.262227, 1, 

34,138,0.001, 0.0110509, 0.0391854, 0.0262016, 0.0663368, 0.100799, 0.150345, 0.17776, 0.247358, 0.262227, 1, 

Generation #40
37,120,0.001, 0.0110509, 0.0391854, 0.0928903, 0.129683, 0.148351, 0.15305, 0.161136, 0.234665, 0.262227, 0.262612, 0.477239, 0.511489, 0.968253, 0.992228, 1, 

33,149,0.001, 0.0110509, 0.0261442, 0.0262016, 0.0663368, 0.100799, 0.164494, 0.217953, 0.230267, 0.248763, 1, 

34,138,0.001, 0.0110509, 0.0391854, 0.0262016, 0.0663368, 0.100799, 0.150345, 0.17776, 0.247358, 0.262227, 1, 

31,150,0.001, 0.0110509, 0.0391854, 0.0262016, 0.0663368, 0.100799, 0.150345, 0.17776, 0.247358, 0.262227, 1, 

35,124,0.001, 0.0110509, 0.0261442, 0.0262016, 0.0663368, 0.100799, 0.150345, 0.17776, 0.247358, 0.446275, 1, 

Generation #41
31,150,0.001, 0.0110509, 0.0391854, 0.0262016, 0.0663368, 0.100799, 0.150345, 0.17776, 0.247358, 0.262227, 1, 

35,119,0.001, 0.0110509, 0.0261442, 0.0262016, 0.0663368, 0.100799, 0.15305, 0.161136, 0.234665, 0.262227, 0.288228, 1, 

33,127,0.001, 0.0110509, 0.0391854, 0.0262016, 0.0663368, 0.100799, 0.15305, 0.17776, 0.247358, 0.446275, 1, 

Generation #42
31,150,0.001, 0.0110509, 0.0391854, 0.0262016, 0.0663368, 0.100799, 0.150345, 0.17776, 0.247358, 0.262227, 1, 

35,119,0.001, 0.0110509, 0.0261442, 0.0262016, 0.0663368, 0.100799, 0.15305, 0.161136, 0.234665, 0.262227, 0.288228, 1, 

33,127,0.001, 0.0110509, 0.0391854, 0.0262016, 0.0663368, 0.100799, 0.15305, 0.17776, 0.247358, 0.446275, 1, 

Generation #43
31,150,0.001, 0.0110509, 0.0391854, 0.0262016, 0.0663368, 0.100799, 0.150345, 0.17776, 0.247358, 0.262227, 1, 

35,119,0.001, 0.0110509, 0.0261442, 0.0262016, 0.0663368, 0.100799, 0.15305, 0.161136, 0.234665, 0.262227, 0.288228, 1, 

33,127,0.001, 0.0110509, 0.0391854, 0.0262016, 0.0663368, 0.100799, 0.15305, 0.17776, 0.247358, 0.446275, 1, 

40,118,0.001, 0.0110509, 0.0261442, 0.0262016, 0.0663368, 0.100799, 0.164494, 0.217953, 0.230267, 0.248763, 0.304855, 0.31975, 0.359774, 0.379474, 0.432226, 0.97724, 1, 

Generation #44
31,150,0.001, 0.0110509, 0.0391854, 0.0262016, 0.0663368, 0.100799, 0.150345, 0.17776, 0.247358, 0.262227, 1, 

35,119,0.001, 0.0110509, 0.0261442, 0.0262016, 0.0663368, 0.100799, 0.15305, 0.161136, 0.234665, 0.262227, 0.288228, 1, 

33,127,0.001, 0.0110509, 0.0391854, 0.0262016, 0.0663368, 0.100799, 0.15305, 0.17776, 0.247358, 0.446275, 1, 

40,118,0.001, 0.0110509, 0.0261442, 0.0262016, 0.0663368, 0.100799, 0.164494, 0.217953, 0.230267, 0.248763, 0.304855, 0.31975, 0.359774, 0.379474, 0.432226, 0.97724, 1, 

Generation #45
31,150,0.001, 0.0110509, 0.0391854, 0.0262016, 0.0663368, 0.100799, 0.150345, 0.17776, 0.247358, 0.262227, 1, 

35,119,0.001, 0.0110509, 0.0261442, 0.0262016, 0.0663368, 0.100799, 0.15305, 0.161136, 0.234665, 0.262227, 0.288228, 1, 

33,127,0.001, 0.0110509, 0.0391854, 0.0262016, 0.0663368, 0.100799, 0.15305, 0.17776, 0.247358, 0.446275, 1, 

40,118,0.001, 0.0110509, 0.0261442, 0.0262016, 0.0663368, 0.100799, 0.164494, 0.217953, 0.230267, 0.248763, 0.304855, 0.31975, 0.359774, 0.379474, 0.432226, 0.97724, 1, 

30,173,0.001, 0.0110509, 0.0261442, 0.0262016, 0.0663368, 0.100799, 0.150345, 0.17776, 0.247358, 1, 

Generation #46
31,150,0.001, 0.0110509, 0.0391854, 0.0262016, 0.0663368, 0.100799, 0.150345, 0.17776, 0.247358, 0.262227, 1, 

35,119,0.001, 0.0110509, 0.0261442, 0.0262016, 0.0663368, 0.100799, 0.15305, 0.161136, 0.234665, 0.262227, 0.288228, 1, 

33,127,0.001, 0.0110509, 0.0391854, 0.0262016, 0.0663368, 0.100799, 0.15305, 0.17776, 0.247358, 0.446275, 1, 

40,118,0.001, 0.0110509, 0.0261442, 0.0262016, 0.0663368, 0.100799, 0.164494, 0.217953, 0.230267, 0.248763, 0.304855, 0.31975, 0.359774, 0.379474, 0.432226, 0.97724, 1, 

30,173,0.001, 0.0110509, 0.0261442, 0.0262016, 0.0663368, 0.100799, 0.150345, 0.17776, 0.247358, 1, 

Generation #47
31,150,0.001, 0.0110509, 0.0391854, 0.0262016, 0.0663368, 0.100799, 0.150345, 0.17776, 0.247358, 0.262227, 1, 

35,119,0.001, 0.0110509, 0.0261442, 0.0262016, 0.0663368, 0.100799, 0.15305, 0.161136, 0.234665, 0.262227, 0.288228, 1, 

33,127,0.001, 0.0110509, 0.0391854, 0.0262016, 0.0663368, 0.100799, 0.15305, 0.17776, 0.247358, 0.446275, 1, 

40,118,0.001, 0.0110509, 0.0261442, 0.0262016, 0.0663368, 0.100799, 0.164494, 0.217953, 0.230267, 0.248763, 0.304855, 0.31975, 0.359774, 0.379474, 0.432226, 0.97724, 1, 

30,173,0.001, 0.0110509, 0.0261442, 0.0262016, 0.0663368, 0.100799, 0.150345, 0.17776, 0.247358, 1, 

Generation #48
31,150,0.001, 0.0110509, 0.0391854, 0.0262016, 0.0663368, 0.100799, 0.150345, 0.17776, 0.247358, 0.262227, 1, 

35,119,0.001, 0.0110509, 0.0261442, 0.0262016, 0.0663368, 0.100799, 0.15305, 0.161136, 0.234665, 0.262227, 0.288228, 1, 

33,127,0.001, 0.0110509, 0.0391854, 0.0262016, 0.0663368, 0.100799, 0.15305, 0.17776, 0.247358, 0.446275, 1, 

40,118,0.001, 0.0110509, 0.0261442, 0.0262016, 0.0663368, 0.100799, 0.164494, 0.217953, 0.230267, 0.248763, 0.304855, 0.31975, 0.359774, 0.379474, 0.432226, 0.97724, 1, 

30,173,0.001, 0.0110509, 0.0261442, 0.0262016, 0.0663368, 0.100799, 0.150345, 0.17776, 0.247358, 1, 

Generation #49
31,150,0.001, 0.0110509, 0.0391854, 0.0262016, 0.0663368, 0.100799, 0.150345, 0.17776, 0.247358, 0.262227, 1, 

35,119,0.001, 0.0110509, 0.0261442, 0.0262016, 0.0663368, 0.100799, 0.15305, 0.161136, 0.234665, 0.262227, 0.288228, 1, 

33,127,0.001, 0.0110509, 0.0391854, 0.0262016, 0.0663368, 0.100799, 0.15305, 0.17776, 0.247358, 0.446275, 1, 

40,118,0.001, 0.0110509, 0.0261442, 0.0262016, 0.0663368, 0.100799, 0.164494, 0.217953, 0.230267, 0.248763, 0.304855, 0.31975, 0.359774, 0.379474, 0.432226, 0.97724, 1, 

30,173,0.001, 0.0110509, 0.0261442, 0.0262016, 0.0663368, 0.100799, 0.150345, 0.17776, 0.247358, 1, 

--- Pareto Front Solutions ---
Solution 0: N total=61 (N_initial=30, N_added=31), Time total=154 ms, Saved to: ./results/Make_t2_l1_pareto_0.csv, percents=0.001, 0.0110509, 0.0391854, 0.0262016, 0.0663368, 0.100799, 0.150345, 0.17776, 0.247358, 0.262227, 1, 

Solution 1: N total=65 (N_initial=30, N_added=35), Time total=123 ms, Saved to: ./results/Make_t2_l1_pareto_1.csv, percents=0.001, 0.0110509, 0.0261442, 0.0262016, 0.0663368, 0.100799, 0.15305, 0.161136, 0.234665, 0.262227, 0.288228, 1, 

Solution 2: N total=63 (N_initial=30, N_added=33), Time total=131 ms, Saved to: ./results/Make_t2_l1_pareto_2.csv, percents=0.001, 0.0110509, 0.0391854, 0.0262016, 0.0663368, 0.100799, 0.15305, 0.17776, 0.247358, 0.446275, 1, 

Solution 3: N total=70 (N_initial=30, N_added=40), Time total=122 ms, Saved to: ./results/Make_t2_l1_pareto_3.csv, percents=0.001, 0.0110509, 0.0261442, 0.0262016, 0.0663368, 0.100799, 0.164494, 0.217953, 0.230267, 0.248763, 0.304855, 0.31975, 0.359774, 0.379474, 0.432226, 0.97724, 1, 

Solution 4: N total=60 (N_initial=30, N_added=30), Time total=177 ms, Saved to: ./results/Make_t2_l1_pareto_4.csv, percents=0.001, 0.0110509, 0.0261442, 0.0262016, 0.0663368, 0.100799, 0.150345, 0.17776, 0.247358, 1, 

------------d=1, t=2, lambda=2, filename=./evaluation/Make/Make_2_2.csv------------
Computing partitioned counts of d-sets...
Ready to look at pairs based on partitioned counts...
First Stage N=60, Time=3
There are 30 remaining non-locating pairs
--- Running GA Algorithm (phase2) ---
Running GA with std::execution::par
Generation #0
29,24,0.001, 0.0747646, 0.215145, 0.267723, 0.275215, 0.308067, 0.35598, 0.592477, 0.690771, 0.832992, 0.952256, 1, 

24,35,0.001, 0.0910818, 0.15087, 0.303428, 0.308265, 0.434933, 0.474168, 0.564921, 0.71022, 0.940367, 1, 

31,19,0.001, 0.0905913, 0.123013, 0.245015, 0.305272, 0.307848, 0.368165, 0.569985, 0.680921, 0.68459, 0.757116, 0.787474, 0.866611, 0.870969, 0.886491, 0.916978, 0.920245, 0.935292, 1, 

34,8,0.001, 0.0221124, 0.0416079, 0.0636461, 0.071571, 0.0715809, 0.163583, 0.181405, 0.203793, 0.227202, 0.231452, 0.238572, 0.252025, 0.295522, 0.440135, 0.473965, 0.481133, 0.49895, 0.586827, 0.610709, 0.747676, 0.881706, 0.895952, 0.909127, 0.951897, 1, 

32,17,0.001, 0.0325861, 0.0531875, 0.18107, 0.274825, 0.292629, 0.300296, 0.330074, 0.33629, 0.388136, 0.603008, 0.732635, 0.738134, 0.755693, 0.777159, 0.827373, 0.847603, 0.855245, 0.87171, 0.887801, 0.896949, 0.947314, 0.956621, 1, 

26,27,0.001, 0.0737479, 0.146971, 0.158548, 0.303777, 0.349644, 0.441947, 0.831861, 0.950165, 0.980336, 1, 

Generation #1
24,35,0.001, 0.0910818, 0.15087, 0.303428, 0.308265, 0.434933, 0.474168, 0.564921, 0.71022, 0.940367, 1, 

34,8,0.001, 0.0221124, 0.0416079, 0.0636461, 0.071571, 0.0715809, 0.163583, 0.181405, 0.203793, 0.227202, 0.231452, 0.238572, 0.252025, 0.295522, 0.440135, 0.473965, 0.481133, 0.49895, 0.586827, 0.610709, 0.747676, 0.881706, 0.895952, 0.909127, 0.951897, 1, 

39,6,0.001, 0.0557379, 0.0790201, 0.0852713, 0.105323, 0.148621, 0.161255, 0.167251, 0.191519, 0.193172, 0.198097, 0.247545, 0.293894, 0.307688, 0.332522, 0.399498, 0.41255, 0.517312, 0.565729, 0.72569, 0.767444, 0.103329, 0.783327, 0.844303, 0.877683, 0.880244, 0.891577, 0.963527, 0.999274, 1, 

25,32,0.001, 0.0427002, 0.0450961, 0.36105, 0.371348, 0.387156, 0.623695, 0.704717, 0.729547, 0.97094, 1, 

26,13,0.001, 0.0300853, 0.0967375, 0.0990739, 0.100354, 0.10579, 0.158001, 0.208252, 0.225863, 0.227047, 1, 

Generation #2
24,35,0.001, 0.0910818, 0.15087, 0.303428, 0.308265, 0.434933, 0.474168, 0.564921, 0.71022, 0.940367, 1, 

34,8,0.001, 0.0221124, 0.0416079, 0.0636461, 0.071571, 0.0715809, 0.163583, 0.181405, 0.203793, 0.227202, 0.231452, 0.238572, 0.252025, 0.295522, 0.440135, 0.473965, 0.481133, 0.49895, 0.586827, 0.610709, 0.747676, 0.881706, 0.895952, 0.909127, 0.951897, 1, 

39,6,0.001, 0.0557379, 0.0790201, 0.0852713, 0.105323, 0.148621, 0.161255, 0.167251, 0.191519, 0.193172, 0.198097, 0.247545, 0.293894, 0.307688, 0.332522, 0.399498, 0.41255, 0.517312, 0.565729, 0.72569, 0.767444, 0.103329, 0.783327, 0.844303, 0.877683, 0.880244, 0.891577, 0.963527, 0.999274, 1, 

25,13,0.0770646, 0.111421, 0.171061, 0.337588, 0.265642, 0.327006, 0.328533, 0.391945, 0.585234, 0.745737, 0.81184, 0.94365, 1, 

Generation #3
39,6,0.001, 0.0557379, 0.0790201, 0.0852713, 0.105323, 0.148621, 0.161255, 0.167251, 0.191519, 0.193172, 0.198097, 0.247545, 0.293894, 0.307688, 0.332522, 0.399498, 0.41255, 0.517312, 0.565729, 0.72569, 0.767444, 0.103329, 0.783327, 0.844303, 0.877683, 0.880244, 0.891577, 0.963527, 0.999274, 1, 

24,9,0.001, 0.0842145, 0.0819752, 0.113646, 0.167858, 0.271468, 0.382162, 0.418043, 0.42603, 0.512546, 0.56811, 0.974989, 1, 

34,7,0.001, 0.0842145, 0.0900233, 0.0901761, 0.0902549, 0.0915464, 0.097208, 0.125575, 0.150462, 0.189643, 0.349055, 0.378319, 0.407795, 0.507602, 0.517958, 0.52782, 0.588749, 0.600548, 0.621225, 0.624074, 0.629699, 0.670809, 0.97009, 1, 

Generation #4
24,9,0.001, 0.0842145, 0.0819752, 0.113646, 0.167858, 0.271468, 0.382162, 0.418043, 0.42603, 0.512546, 0.56811, 0.974989, 1, 

22,19,0.001, 0.0842145, 0.0900233, 0.0901761, 0.0902549, 0.0915464, 0.097208, 0.125575, 0.150462, 0.189643, 1, 

35,5,0.001, 0.0842145, 0.0900233, 0.0901761, 0.0902549, 0.0915464, 0.097208, 0.181405, 0.203793, 0.227202, 0.231452, 0.238572, 0.252025, 0.295522, 0.440135, 0.473965, 0.481133, 0.586827, 0.610709, 0.747676, 0.881706, 0.895952, 0.909127, 0.951897, 1, 

34,6,0.001, 0.052463, 0.0568408, 0.0651775, 0.0906523, 0.11641, 0.15671, 0.181405, 0.203793, 0.227202, 0.231452, 0.238572, 0.252025, 0.295522, 0.440135, 0.473965, 0.481133, 0.586827, 0.610709, 0.747676, 0.881706, 0.895952, 0.909127, 0.951897, 1, 

Generation #5
22,19,0.001, 0.0842145, 0.0900233, 0.0901761, 0.0902549, 0.0915464, 0.097208, 0.125575, 0.150462, 0.189643, 1, 

23,5,0.001, 0.0842145, 0.0568408, 0.0651775, 0.0906523, 0.11641, 0.15671, 0.201618, 0.247372, 0.334219, 0.81184, 0.94365, 1, 

Generation #6
22,19,0.001, 0.0842145, 0.0900233, 0.0901761, 0.0902549, 0.0915464, 0.097208, 0.125575, 0.150462, 0.189643, 1, 

23,5,0.001, 0.0842145, 0.0568408, 0.0651775, 0.0906523, 0.11641, 0.15671, 0.201618, 0.247372, 0.334219, 0.81184, 0.94365, 1, 

Generation #7
23,5,0.001, 0.0842145, 0.0568408, 0.0651775, 0.0906523, 0.11641, 0.15671, 0.201618, 0.247372, 0.334219, 0.81184, 0.94365, 1, 

32,3,0.001, 0.0666577, 0.066998, 0.0901761, 0.0902549, 0.0915464, 0.097208, 0.125575, 0.150462, 0.189643, 0.349055, 0.378319, 0.407795, 0.507602, 0.517958, 0.52782, 0.588749, 0.600548, 0.621225, 0.624074, 0.629699, 0.670809, 0.97009, 1, 

22,9,0.001, 0.0300853, 0.0967375, 0.0990739, 0.100354, 0.10579, 0.158001, 0.208252, 0.225863, 0.227202, 0.231452, 1, 

21,46,0.001, 0.185084, 0.0416079, 0.0636461, 0.11641, 0.15671, 0.201618, 0.247372, 0.189643, 1, 

Generation #8
23,5,0.001, 0.0842145, 0.0568408, 0.0651775, 0.0906523, 0.11641, 0.15671, 0.201618, 0.247372, 0.334219, 0.81184, 0.94365, 1, 

32,3,0.001, 0.0666577, 0.066998, 0.0901761, 0.0902549, 0.0915464, 0.097208, 0.125575, 0.150462, 0.189643, 0.349055, 0.378319, 0.407795, 0.507602, 0.517958, 0.52782, 0.588749, 0.600548, 0.621225, 0.624074, 0.629699, 0.670809, 0.97009, 1, 

22,9,0.001, 0.0300853, 0.0967375, 0.0990739, 0.100354, 0.10579, 0.158001, 0.208252, 0.225863, 0.227202, 0.231452, 1, 

21,46,0.001, 0.185084, 0.0416079, 0.0636461, 0.11641, 0.15671, 0.201618, 0.247372, 0.189643, 1, 

Generation #9
23,5,0.001, 0.0842145, 0.0568408, 0.0651775, 0.0906523, 0.11641, 0.15671, 0.201618, 0.247372, 0.334219, 0.81184, 0.94365, 1, 

32,3,0.001, 0.0666577, 0.066998, 0.0901761, 0.0902549, 0.0915464, 0.097208, 0.125575, 0.150462, 0.189643, 0.349055, 0.378319, 0.407795, 0.507602, 0.517958, 0.52782, 0.588749, 0.600548, 0.621225, 0.624074, 0.629699, 0.670809, 0.97009, 1, 

22,9,0.001, 0.0300853, 0.0967375, 0.0990739, 0.100354, 0.10579, 0.158001, 0.208252, 0.225863, 0.227202, 0.231452, 1, 

21,25,0.001, 0.0221124, 0.0416079, 0.0636461, 0.071571, 0.0715809, 0.163583, 0.181405, 0.203793, 0.189643, 1, 

Generation #10
23,5,0.001, 0.0842145, 0.0568408, 0.0651775, 0.0906523, 0.11641, 0.15671, 0.201618, 0.247372, 0.334219, 0.81184, 0.94365, 1, 

32,3,0.001, 0.0666577, 0.066998, 0.0901761, 0.0902549, 0.0915464, 0.097208, 0.125575, 0.150462, 0.189643, 0.349055, 0.378319, 0.407795, 0.507602, 0.517958, 0.52782, 0.588749, 0.600548, 0.621225, 0.624074, 0.629699, 0.670809, 0.97009, 1, 

22,9,0.001, 0.0300853, 0.0967375, 0.0990739, 0.100354, 0.10579, 0.158001, 0.208252, 0.225863, 0.227202, 0.231452, 1, 

21,25,0.001, 0.0221124, 0.0416079, 0.0636461, 0.071571, 0.0715809, 0.163583, 0.181405, 0.203793, 0.189643, 1, 

Generation #11
23,5,0.001, 0.0842145, 0.0568408, 0.0651775, 0.0906523, 0.11641, 0.15671, 0.201618, 0.247372, 0.334219, 0.81184, 0.94365, 1, 

32,3,0.001, 0.0666577, 0.066998, 0.0901761, 0.0902549, 0.0915464, 0.097208, 0.125575, 0.150462, 0.189643, 0.349055, 0.378319, 0.407795, 0.507602, 0.517958, 0.52782, 0.588749, 0.600548, 0.621225, 0.624074, 0.629699, 0.670809, 0.97009, 1, 

22,9,0.001, 0.0300853, 0.0967375, 0.0990739, 0.100354, 0.10579, 0.158001, 0.208252, 0.225863, 0.227202, 0.231452, 1, 

19,19,0.001, 0.0427002, 0.0806208, 0.267723, 0.100354, 0.10579, 0.208252, 0.225863, 0.227047, 1, 

Generation #12
23,5,0.001, 0.0842145, 0.0568408, 0.0651775, 0.0906523, 0.11641, 0.15671, 0.201618, 0.247372, 0.334219, 0.81184, 0.94365, 1, 

32,3,0.001, 0.0666577, 0.066998, 0.0901761, 0.0902549, 0.0915464, 0.097208, 0.125575, 0.150462, 0.189643, 0.349055, 0.378319, 0.407795, 0.507602, 0.517958, 0.52782, 0.588749, 0.600548, 0.621225, 0.624074, 0.629699, 0.670809, 0.97009, 1, 

22,9,0.001, 0.0300853, 0.0967375, 0.0990739, 0.100354, 0.10579, 0.158001, 0.208252, 0.225863, 0.227202, 0.231452, 1, 

19,19,0.001, 0.0427002, 0.0806208, 0.267723, 0.100354, 0.10579, 0.208252, 0.225863, 0.227047, 1, 

Generation #13
23,5,0.001, 0.0842145, 0.0568408, 0.0651775, 0.0906523, 0.11641, 0.15671, 0.201618, 0.247372, 0.334219, 0.81184, 0.94365, 1, 

32,3,0.001, 0.0666577, 0.066998, 0.0901761, 0.0902549, 0.0915464, 0.097208, 0.125575, 0.150462, 0.189643, 0.349055, 0.378319, 0.407795, 0.507602, 0.517958, 0.52782, 0.588749, 0.600548, 0.621225, 0.624074, 0.629699, 0.670809, 0.97009, 1, 

22,9,0.001, 0.0300853, 0.0967375, 0.0990739, 0.100354, 0.10579, 0.158001, 0.208252, 0.225863, 0.227202, 0.231452, 1, 

19,19,0.001, 0.0427002, 0.0806208, 0.267723, 0.100354, 0.10579, 0.208252, 0.225863, 0.227047, 1, 

Generation #14
23,5,0.001, 0.0842145, 0.0568408, 0.0651775, 0.0906523, 0.11641, 0.15671, 0.201618, 0.247372, 0.334219, 0.81184, 0.94365, 1, 

32,3,0.001, 0.0666577, 0.066998, 0.0901761, 0.0902549, 0.0915464, 0.097208, 0.125575, 0.150462, 0.189643, 0.349055, 0.378319, 0.407795, 0.507602, 0.517958, 0.52782, 0.588749, 0.600548, 0.621225, 0.624074, 0.629699, 0.670809, 0.97009, 1, 

22,9,0.001, 0.0300853, 0.0967375, 0.0990739, 0.100354, 0.10579, 0.158001, 0.208252, 0.225863, 0.227202, 0.231452, 1, 

19,19,0.001, 0.0427002, 0.0806208, 0.267723, 0.100354, 0.10579, 0.208252, 0.225863, 0.227047, 1, 

20,17,0.001, 0.0221124, 0.0416079, 0.0636461, 0.071571, 0.0715809, 0.163583, 0.181405, 0.71022, 0.940367, 1, 

Generation #15
23,5,0.001, 0.0842145, 0.0568408, 0.0651775, 0.0906523, 0.11641, 0.15671, 0.201618, 0.247372, 0.334219, 0.81184, 0.94365, 1, 

32,3,0.001, 0.0666577, 0.066998, 0.0901761, 0.0902549, 0.0915464, 0.097208, 0.125575, 0.150462, 0.189643, 0.349055, 0.378319, 0.407795, 0.507602, 0.517958, 0.52782, 0.588749, 0.600548, 0.621225, 0.624074, 0.629699, 0.670809, 0.97009, 1, 

22,9,0.001, 0.0300853, 0.0967375, 0.0990739, 0.100354, 0.10579, 0.158001, 0.208252, 0.225863, 0.227202, 0.231452, 1, 

19,19,0.001, 0.0427002, 0.0806208, 0.267723, 0.100354, 0.10579, 0.208252, 0.225863, 0.227047, 1, 

20,17,0.001, 0.0221124, 0.0416079, 0.0636461, 0.071571, 0.0715809, 0.163583, 0.181405, 0.71022, 0.940367, 1, 

Generation #16
23,5,0.001, 0.0842145, 0.0568408, 0.0651775, 0.0906523, 0.11641, 0.15671, 0.201618, 0.247372, 0.334219, 0.81184, 0.94365, 1, 

32,3,0.001, 0.0666577, 0.066998, 0.0901761, 0.0902549, 0.0915464, 0.097208, 0.125575, 0.150462, 0.189643, 0.349055, 0.378319, 0.407795, 0.507602, 0.517958, 0.52782, 0.588749, 0.600548, 0.621225, 0.624074, 0.629699, 0.670809, 0.97009, 1, 

22,9,0.001, 0.0300853, 0.0967375, 0.0990739, 0.100354, 0.10579, 0.158001, 0.208252, 0.225863, 0.227202, 0.231452, 1, 

19,19,0.001, 0.0427002, 0.0806208, 0.267723, 0.100354, 0.10579, 0.208252, 0.225863, 0.227047, 1, 

20,17,0.001, 0.0221124, 0.0416079, 0.0636461, 0.071571, 0.0715809, 0.163583, 0.181405, 0.71022, 0.940367, 1, 

Generation #17
23,5,0.001, 0.0842145, 0.0568408, 0.0651775, 0.0906523, 0.11641, 0.15671, 0.201618, 0.247372, 0.334219, 0.81184, 0.94365, 1, 

32,3,0.001, 0.0666577, 0.066998, 0.0901761, 0.0902549, 0.0915464, 0.097208, 0.125575, 0.150462, 0.189643, 0.349055, 0.378319, 0.407795, 0.507602, 0.517958, 0.52782, 0.588749, 0.600548, 0.621225, 0.624074, 0.629699, 0.670809, 0.97009, 1, 

22,9,0.001, 0.0300853, 0.0967375, 0.0990739, 0.100354, 0.10579, 0.158001, 0.208252, 0.225863, 0.227202, 0.231452, 1, 

19,19,0.001, 0.0427002, 0.0806208, 0.267723, 0.100354, 0.10579, 0.208252, 0.225863, 0.227047, 1, 

20,17,0.001, 0.0221124, 0.0416079, 0.0636461, 0.071571, 0.0715809, 0.163583, 0.181405, 0.71022, 0.940367, 1, 

Generation #18
23,5,0.001, 0.0842145, 0.0568408, 0.0651775, 0.0906523, 0.11641, 0.15671, 0.201618, 0.247372, 0.334219, 0.81184, 0.94365, 1, 

32,3,0.001, 0.0666577, 0.066998, 0.0901761, 0.0902549, 0.0915464, 0.097208, 0.125575, 0.150462, 0.189643, 0.349055, 0.378319, 0.407795, 0.507602, 0.517958, 0.52782, 0.588749, 0.600548, 0.621225, 0.624074, 0.629699, 0.670809, 0.97009, 1, 

22,9,0.001, 0.0300853, 0.0967375, 0.0990739, 0.100354, 0.10579, 0.158001, 0.208252, 0.225863, 0.227202, 0.231452, 1, 

19,19,0.001, 0.0427002, 0.0806208, 0.267723, 0.100354, 0.10579, 0.208252, 0.225863, 0.227047, 1, 

20,17,0.001, 0.0221124, 0.0416079, 0.0636461, 0.071571, 0.0715809, 0.163583, 0.181405, 0.71022, 0.940367, 1, 

Generation #19
23,5,0.001, 0.0842145, 0.0568408, 0.0651775, 0.0906523, 0.11641, 0.15671, 0.201618, 0.247372, 0.334219, 0.81184, 0.94365, 1, 

32,3,0.001, 0.0666577, 0.066998, 0.0901761, 0.0902549, 0.0915464, 0.097208, 0.125575, 0.150462, 0.189643, 0.349055, 0.378319, 0.407795, 0.507602, 0.517958, 0.52782, 0.588749, 0.600548, 0.621225, 0.624074, 0.629699, 0.670809, 0.97009, 1, 

22,9,0.001, 0.0300853, 0.0967375, 0.0990739, 0.100354, 0.10579, 0.158001, 0.208252, 0.225863, 0.227202, 0.231452, 1, 

19,19,0.001, 0.0427002, 0.0806208, 0.267723, 0.100354, 0.10579, 0.208252, 0.225863, 0.227047, 1, 

20,17,0.001, 0.0221124, 0.0416079, 0.0636461, 0.071571, 0.0715809, 0.163583, 0.181405, 0.71022, 0.940367, 1, 

Generation #20
23,5,0.001, 0.0842145, 0.0568408, 0.0651775, 0.0906523, 0.11641, 0.15671, 0.201618, 0.247372, 0.334219, 0.81184, 0.94365, 1, 

32,3,0.001, 0.0666577, 0.066998, 0.0901761, 0.0902549, 0.0915464, 0.097208, 0.125575, 0.150462, 0.189643, 0.349055, 0.378319, 0.407795, 0.507602, 0.517958, 0.52782, 0.588749, 0.600548, 0.621225, 0.624074, 0.629699, 0.670809, 0.97009, 1, 

22,9,0.001, 0.0300853, 0.0967375, 0.0990739, 0.100354, 0.10579, 0.158001, 0.208252, 0.225863, 0.227202, 0.231452, 1, 

19,19,0.001, 0.0427002, 0.0806208, 0.267723, 0.100354, 0.10579, 0.208252, 0.225863, 0.227047, 1, 

20,17,0.001, 0.0221124, 0.0416079, 0.0636461, 0.071571, 0.0715809, 0.163583, 0.181405, 0.71022, 0.940367, 1, 

Generation #21
23,5,0.001, 0.0842145, 0.0568408, 0.0651775, 0.0906523, 0.11641, 0.15671, 0.201618, 0.247372, 0.334219, 0.81184, 0.94365, 1, 

32,3,0.001, 0.0666577, 0.066998, 0.0901761, 0.0902549, 0.0915464, 0.097208, 0.125575, 0.150462, 0.189643, 0.349055, 0.378319, 0.407795, 0.507602, 0.517958, 0.52782, 0.588749, 0.600548, 0.621225, 0.624074, 0.629699, 0.670809, 0.97009, 1, 

22,9,0.001, 0.0300853, 0.0967375, 0.0990739, 0.100354, 0.10579, 0.158001, 0.208252, 0.225863, 0.227202, 0.231452, 1, 

19,19,0.001, 0.0427002, 0.0806208, 0.267723, 0.100354, 0.10579, 0.208252, 0.225863, 0.227047, 1, 

20,17,0.001, 0.0221124, 0.0416079, 0.0636461, 0.071571, 0.0715809, 0.163583, 0.181405, 0.71022, 0.940367, 1, 

Generation #22
23,5,0.001, 0.0842145, 0.0568408, 0.0651775, 0.0906523, 0.11641, 0.15671, 0.201618, 0.247372, 0.334219, 0.81184, 0.94365, 1, 

32,3,0.001, 0.0666577, 0.066998, 0.0901761, 0.0902549, 0.0915464, 0.097208, 0.125575, 0.150462, 0.189643, 0.349055, 0.378319, 0.407795, 0.507602, 0.517958, 0.52782, 0.588749, 0.600548, 0.621225, 0.624074, 0.629699, 0.670809, 0.97009, 1, 

22,9,0.001, 0.0300853, 0.0967375, 0.0990739, 0.100354, 0.10579, 0.158001, 0.208252, 0.225863, 0.227202, 0.231452, 1, 

19,19,0.001, 0.0427002, 0.0806208, 0.267723, 0.100354, 0.10579, 0.208252, 0.225863, 0.227047, 1, 

20,17,0.001, 0.0221124, 0.0416079, 0.0636461, 0.071571, 0.0715809, 0.163583, 0.181405, 0.71022, 0.940367, 1, 

Generation #23
23,5,0.001, 0.0842145, 0.0568408, 0.0651775, 0.0906523, 0.11641, 0.15671, 0.201618, 0.247372, 0.334219, 0.81184, 0.94365, 1, 

32,3,0.001, 0.0666577, 0.066998, 0.0901761, 0.0902549, 0.0915464, 0.097208, 0.125575, 0.150462, 0.189643, 0.349055, 0.378319, 0.407795, 0.507602, 0.517958, 0.52782, 0.588749, 0.600548, 0.621225, 0.624074, 0.629699, 0.670809, 0.97009, 1, 

19,19,0.001, 0.0427002, 0.0806208, 0.267723, 0.100354, 0.10579, 0.208252, 0.225863, 0.227047, 1, 

20,17,0.001, 0.0221124, 0.0416079, 0.0636461, 0.071571, 0.0715809, 0.163583, 0.181405, 0.71022, 0.940367, 1, 

21,9,0.001, 0.0666577, 0.066998, 0.0901761, 0.0902549, 0.0915464, 0.15671, 0.208252, 0.225863, 0.227202, 0.231452, 1, 

Generation #24
23,5,0.001, 0.0842145, 0.0568408, 0.0651775, 0.0906523, 0.11641, 0.15671, 0.201618, 0.247372, 0.334219, 0.81184, 0.94365, 1, 

32,3,0.001, 0.0666577, 0.066998, 0.0901761, 0.0902549, 0.0915464, 0.097208, 0.125575, 0.150462, 0.189643, 0.349055, 0.378319, 0.407795, 0.507602, 0.517958, 0.52782, 0.588749, 0.600548, 0.621225, 0.624074, 0.629699, 0.670809, 0.97009, 1, 

19,19,0.001, 0.0427002, 0.0806208, 0.267723, 0.100354, 0.10579, 0.208252, 0.225863, 0.227047, 1, 

20,17,0.001, 0.0221124, 0.0416079, 0.0636461, 0.071571, 0.0715809, 0.163583, 0.181405, 0.71022, 0.940367, 1, 

21,9,0.001, 0.0666577, 0.066998, 0.0901761, 0.0902549, 0.0915464, 0.15671, 0.208252, 0.225863, 0.227202, 0.231452, 1, 

Generation #25
23,5,0.001, 0.0842145, 0.0568408, 0.0651775, 0.0906523, 0.11641, 0.15671, 0.201618, 0.247372, 0.334219, 0.81184, 0.94365, 1, 

32,3,0.001, 0.0666577, 0.066998, 0.0901761, 0.0902549, 0.0915464, 0.097208, 0.125575, 0.150462, 0.189643, 0.349055, 0.378319, 0.407795, 0.507602, 0.517958, 0.52782, 0.588749, 0.600548, 0.621225, 0.624074, 0.629699, 0.670809, 0.97009, 1, 

19,19,0.001, 0.0427002, 0.0806208, 0.267723, 0.100354, 0.10579, 0.208252, 0.225863, 0.227047, 1, 

20,17,0.001, 0.0221124, 0.0416079, 0.0636461, 0.071571, 0.0715809, 0.163583, 0.181405, 0.71022, 0.940367, 1, 

21,9,0.001, 0.0666577, 0.066998, 0.0901761, 0.0902549, 0.0915464, 0.15671, 0.208252, 0.225863, 0.227202, 0.231452, 1, 

Generation #26
23,5,0.001, 0.0842145, 0.0568408, 0.0651775, 0.0906523, 0.11641, 0.15671, 0.201618, 0.247372, 0.334219, 0.81184, 0.94365, 1, 

32,3,0.001, 0.0666577, 0.066998, 0.0901761, 0.0902549, 0.0915464, 0.097208, 0.125575, 0.150462, 0.189643, 0.349055, 0.378319, 0.407795, 0.507602, 0.517958, 0.52782, 0.588749, 0.600548, 0.621225, 0.624074, 0.629699, 0.670809, 0.97009, 1, 

19,19,0.001, 0.0427002, 0.0806208, 0.267723, 0.100354, 0.10579, 0.208252, 0.225863, 0.227047, 1, 

20,17,0.001, 0.0221124, 0.0416079, 0.0636461, 0.071571, 0.0715809, 0.163583, 0.181405, 0.71022, 0.940367, 1, 

21,9,0.001, 0.0666577, 0.066998, 0.0901761, 0.0902549, 0.0915464, 0.15671, 0.208252, 0.225863, 0.227202, 0.231452, 1, 

Generation #27
23,5,0.001, 0.0842145, 0.0568408, 0.0651775, 0.0906523, 0.11641, 0.15671, 0.201618, 0.247372, 0.334219, 0.81184, 0.94365, 1, 

32,3,0.001, 0.0666577, 0.066998, 0.0901761, 0.0902549, 0.0915464, 0.097208, 0.125575, 0.150462, 0.189643, 0.349055, 0.378319, 0.407795, 0.507602, 0.517958, 0.52782, 0.588749, 0.600548, 0.621225, 0.624074, 0.629699, 0.670809, 0.97009, 1, 

19,19,0.001, 0.0427002, 0.0806208, 0.267723, 0.100354, 0.10579, 0.208252, 0.225863, 0.227047, 1, 

20,17,0.001, 0.0221124, 0.0416079, 0.0636461, 0.071571, 0.0715809, 0.163583, 0.181405, 0.71022, 0.940367, 1, 

21,9,0.001, 0.0666577, 0.066998, 0.0901761, 0.0902549, 0.0915464, 0.15671, 0.208252, 0.225863, 0.227202, 0.231452, 1, 

Generation #28
23,5,0.001, 0.0842145, 0.0568408, 0.0651775, 0.0906523, 0.11641, 0.15671, 0.201618, 0.247372, 0.334219, 0.81184, 0.94365, 1, 

32,3,0.001, 0.0666577, 0.066998, 0.0901761, 0.0902549, 0.0915464, 0.097208, 0.125575, 0.150462, 0.189643, 0.349055, 0.378319, 0.407795, 0.507602, 0.517958, 0.52782, 0.588749, 0.600548, 0.621225, 0.624074, 0.629699, 0.670809, 0.97009, 1, 

19,19,0.001, 0.0427002, 0.0806208, 0.267723, 0.100354, 0.10579, 0.208252, 0.225863, 0.227047, 1, 

20,17,0.001, 0.0221124, 0.0416079, 0.0636461, 0.071571, 0.0715809, 0.163583, 0.181405, 0.71022, 0.940367, 1, 

21,9,0.001, 0.0666577, 0.066998, 0.0901761, 0.0902549, 0.0915464, 0.15671, 0.208252, 0.225863, 0.227202, 0.231452, 1, 

Generation #29
23,5,0.001, 0.0842145, 0.0568408, 0.0651775, 0.0906523, 0.11641, 0.15671, 0.201618, 0.247372, 0.334219, 0.81184, 0.94365, 1, 

32,3,0.001, 0.0666577, 0.066998, 0.0901761, 0.0902549, 0.0915464, 0.097208, 0.125575, 0.150462, 0.189643, 0.349055, 0.378319, 0.407795, 0.507602, 0.517958, 0.52782, 0.588749, 0.600548, 0.621225, 0.624074, 0.629699, 0.670809, 0.97009, 1, 

19,19,0.001, 0.0427002, 0.0806208, 0.267723, 0.100354, 0.10579, 0.208252, 0.225863, 0.227047, 1, 

20,17,0.001, 0.0221124, 0.0416079, 0.0636461, 0.071571, 0.0715809, 0.163583, 0.181405, 0.71022, 0.940367, 1, 

21,9,0.001, 0.0666577, 0.066998, 0.0901761, 0.0902549, 0.0915464, 0.15671, 0.208252, 0.225863, 0.227202, 0.231452, 1, 

26,4,0.001, 0.0427002, 0.0901761, 0.0902549, 0.0915464, 0.097208, 0.125575, 0.150462, 0.189643, 0.349055, 0.238572, 0.252025, 0.440135, 0.473965, 0.481133, 0.983576, 1, 

Generation #30
23,5,0.001, 0.0842145, 0.0568408, 0.0651775, 0.0906523, 0.11641, 0.15671, 0.201618, 0.247372, 0.334219, 0.81184, 0.94365, 1, 

32,3,0.001, 0.0666577, 0.066998, 0.0901761, 0.0902549, 0.0915464, 0.097208, 0.125575, 0.150462, 0.189643, 0.349055, 0.378319, 0.407795, 0.507602, 0.517958, 0.52782, 0.588749, 0.600548, 0.621225, 0.624074, 0.629699, 0.670809, 0.97009, 1, 

19,19,0.001, 0.0427002, 0.0806208, 0.267723, 0.100354, 0.10579, 0.208252, 0.225863, 0.227047, 1, 

20,17,0.001, 0.0221124, 0.0416079, 0.0636461, 0.071571, 0.0715809, 0.163583, 0.181405, 0.71022, 0.940367, 1, 

21,9,0.001, 0.0666577, 0.066998, 0.0901761, 0.0902549, 0.0915464, 0.15671, 0.208252, 0.225863, 0.227202, 0.231452, 1, 

26,4,0.001, 0.0427002, 0.0901761, 0.0902549, 0.0915464, 0.097208, 0.125575, 0.150462, 0.189643, 0.349055, 0.238572, 0.252025, 0.440135, 0.473965, 0.481133, 0.983576, 1, 

Generation #31
23,5,0.001, 0.0842145, 0.0568408, 0.0651775, 0.0906523, 0.11641, 0.15671, 0.201618, 0.247372, 0.334219, 0.81184, 0.94365, 1, 

32,3,0.001, 0.0666577, 0.066998, 0.0901761, 0.0902549, 0.0915464, 0.097208, 0.125575, 0.150462, 0.189643, 0.349055, 0.378319, 0.407795, 0.507602, 0.517958, 0.52782, 0.588749, 0.600548, 0.621225, 0.624074, 0.629699, 0.670809, 0.97009, 1, 

19,19,0.001, 0.0427002, 0.0806208, 0.267723, 0.100354, 0.10579, 0.208252, 0.225863, 0.227047, 1, 

21,9,0.001, 0.0666577, 0.066998, 0.0901761, 0.0902549, 0.0915464, 0.15671, 0.208252, 0.225863, 0.227202, 0.231452, 1, 

26,4,0.001, 0.0427002, 0.0901761, 0.0902549, 0.0915464, 0.097208, 0.125575, 0.150462, 0.189643, 0.349055, 0.238572, 0.252025, 0.440135, 0.473965, 0.481133, 0.983576, 1, 

20,12,0.001, 0.0557379, 0.0790201, 0.0852713, 0.105323, 0.148621, 0.161255, 0.167251, 0.227047, 1, 

Generation #32
23,5,0.001, 0.0842145, 0.0568408, 0.0651775, 0.0906523, 0.11641, 0.15671, 0.201618, 0.247372, 0.334219, 0.81184, 0.94365, 1, 

32,3,0.001, 0.0666577, 0.066998, 0.0901761, 0.0902549, 0.0915464, 0.097208, 0.125575, 0.150462, 0.189643, 0.349055, 0.378319, 0.407795, 0.507602, 0.517958, 0.52782, 0.588749, 0.600548, 0.621225, 0.624074, 0.629699, 0.670809, 0.97009, 1, 

19,19,0.001, 0.0427002, 0.0806208, 0.267723, 0.100354, 0.10579, 0.208252, 0.225863, 0.227047, 1, 

21,9,0.001, 0.0666577, 0.066998, 0.0901761, 0.0902549, 0.0915464, 0.15671, 0.208252, 0.225863, 0.227202, 0.231452, 1, 

26,4,0.001, 0.0427002, 0.0901761, 0.0902549, 0.0915464, 0.097208, 0.125575, 0.150462, 0.189643, 0.349055, 0.238572, 0.252025, 0.440135, 0.473965, 0.481133, 0.983576, 1, 

20,11,0.001, 0.0666577, 0.066998, 0.0901761, 0.0902549, 0.15671, 0.201618, 0.247372, 0.575666, 1, 

Generation #33
23,5,0.001, 0.0842145, 0.0568408, 0.0651775, 0.0906523, 0.11641, 0.15671, 0.201618, 0.247372, 0.334219, 0.81184, 0.94365, 1, 

32,3,0.001, 0.0666577, 0.066998, 0.0901761, 0.0902549, 0.0915464, 0.097208, 0.125575, 0.150462, 0.189643, 0.349055, 0.378319, 0.407795, 0.507602, 0.517958, 0.52782, 0.588749, 0.600548, 0.621225, 0.624074, 0.629699, 0.670809, 0.97009, 1, 

19,19,0.001, 0.0427002, 0.0806208, 0.267723, 0.100354, 0.10579, 0.208252, 0.225863, 0.227047, 1, 

21,9,0.001, 0.0666577, 0.066998, 0.0901761, 0.0902549, 0.0915464, 0.15671, 0.208252, 0.225863, 0.227202, 0.231452, 1, 

26,4,0.001, 0.0427002, 0.0901761, 0.0902549, 0.0915464, 0.097208, 0.125575, 0.150462, 0.189643, 0.349055, 0.238572, 0.252025, 0.440135, 0.473965, 0.481133, 0.983576, 1, 

20,11,0.001, 0.0666577, 0.066998, 0.0901761, 0.0902549, 0.15671, 0.201618, 0.247372, 0.575666, 1, 

Generation #34
23,5,0.001, 0.0842145, 0.0568408, 0.0651775, 0.0906523, 0.11641, 0.15671, 0.201618, 0.247372, 0.334219, 0.81184, 0.94365, 1, 

32,3,0.001, 0.0666577, 0.066998, 0.0901761, 0.0902549, 0.0915464, 0.097208, 0.125575, 0.150462, 0.189643, 0.349055, 0.378319, 0.407795, 0.507602, 0.517958, 0.52782, 0.588749, 0.600548, 0.621225, 0.624074, 0.629699, 0.670809, 0.97009, 1, 

19,19,0.001, 0.0427002, 0.0806208, 0.267723, 0.100354, 0.10579, 0.208252, 0.225863, 0.227047, 1, 

21,9,0.001, 0.0666577, 0.066998, 0.0901761, 0.0902549, 0.0915464, 0.15671, 0.208252, 0.225863, 0.227202, 0.231452, 1, 

26,4,0.001, 0.0427002, 0.0901761, 0.0902549, 0.0915464, 0.097208, 0.125575, 0.150462, 0.189643, 0.349055, 0.238572, 0.252025, 0.440135, 0.473965, 0.481133, 0.983576, 1, 

20,11,0.001, 0.0666577, 0.066998, 0.0901761, 0.0902549, 0.15671, 0.201618, 0.247372, 0.575666, 1, 

Generation #35
23,5,0.001, 0.0842145, 0.0568408, 0.0651775, 0.0906523, 0.11641, 0.15671, 0.201618, 0.247372, 0.334219, 0.81184, 0.94365, 1, 

32,3,0.001, 0.0666577, 0.066998, 0.0901761, 0.0902549, 0.0915464, 0.097208, 0.125575, 0.150462, 0.189643, 0.349055, 0.378319, 0.407795, 0.507602, 0.517958, 0.52782, 0.588749, 0.600548, 0.621225, 0.624074, 0.629699, 0.670809, 0.97009, 1, 

19,19,0.001, 0.0427002, 0.0806208, 0.267723, 0.100354, 0.10579, 0.208252, 0.225863, 0.227047, 1, 

21,9,0.001, 0.0666577, 0.066998, 0.0901761, 0.0902549, 0.0915464, 0.15671, 0.208252, 0.225863, 0.227202, 0.231452, 1, 

26,4,0.001, 0.0427002, 0.0901761, 0.0902549, 0.0915464, 0.097208, 0.125575, 0.150462, 0.189643, 0.349055, 0.238572, 0.252025, 0.440135, 0.473965, 0.481133, 0.983576, 1, 

20,11,0.001, 0.0666577, 0.066998, 0.0901761, 0.0902549, 0.15671, 0.201618, 0.247372, 0.575666, 1, 

Generation #36
23,5,0.001, 0.0842145, 0.0568408, 0.0651775, 0.0906523, 0.11641, 0.15671, 0.201618, 0.247372, 0.334219, 0.81184, 0.94365, 1, 

32,3,0.001, 0.0666577, 0.066998, 0.0901761, 0.0902549, 0.0915464, 0.097208, 0.125575, 0.150462, 0.189643, 0.349055, 0.378319, 0.407795, 0.507602, 0.517958, 0.52782, 0.588749, 0.600548, 0.621225, 0.624074, 0.629699, 0.670809, 0.97009, 1, 

19,19,0.001, 0.0427002, 0.0806208, 0.267723, 0.100354, 0.10579, 0.208252, 0.225863, 0.227047, 1, 

21,9,0.001, 0.0666577, 0.066998, 0.0901761, 0.0902549, 0.0915464, 0.15671, 0.208252, 0.225863, 0.227202, 0.231452, 1, 

26,4,0.001, 0.0427002, 0.0901761, 0.0902549, 0.0915464, 0.097208, 0.125575, 0.150462, 0.189643, 0.349055, 0.238572, 0.252025, 0.440135, 0.473965, 0.481133, 0.983576, 1, 

20,11,0.001, 0.0666577, 0.066998, 0.0901761, 0.0902549, 0.15671, 0.201618, 0.247372, 0.575666, 1, 

Generation #37
23,5,0.001, 0.0842145, 0.0568408, 0.0651775, 0.0906523, 0.11641, 0.15671, 0.201618, 0.247372, 0.334219, 0.81184, 0.94365, 1, 

32,3,0.001, 0.0666577, 0.066998, 0.0901761, 0.0902549, 0.0915464, 0.097208, 0.125575, 0.150462, 0.189643, 0.349055, 0.378319, 0.407795, 0.507602, 0.517958, 0.52782, 0.588749, 0.600548, 0.621225, 0.624074, 0.629699, 0.670809, 0.97009, 1, 

19,19,0.001, 0.0427002, 0.0806208, 0.267723, 0.100354, 0.10579, 0.208252, 0.225863, 0.227047, 1, 

21,9,0.001, 0.0666577, 0.066998, 0.0901761, 0.0902549, 0.0915464, 0.15671, 0.208252, 0.225863, 0.227202, 0.231452, 1, 

26,4,0.001, 0.0427002, 0.0901761, 0.0902549, 0.0915464, 0.097208, 0.125575, 0.150462, 0.189643, 0.349055, 0.238572, 0.252025, 0.440135, 0.473965, 0.481133, 0.983576, 1, 

20,11,0.001, 0.0666577, 0.066998, 0.0901761, 0.0902549, 0.15671, 0.201618, 0.247372, 0.575666, 1, 

Generation #38
23,5,0.001, 0.0842145, 0.0568408, 0.0651775, 0.0906523, 0.11641, 0.15671, 0.201618, 0.247372, 0.334219, 0.81184, 0.94365, 1, 

32,3,0.001, 0.0666577, 0.066998, 0.0901761, 0.0902549, 0.0915464, 0.097208, 0.125575, 0.150462, 0.189643, 0.349055, 0.378319, 0.407795, 0.507602, 0.517958, 0.52782, 0.588749, 0.600548, 0.621225, 0.624074, 0.629699, 0.670809, 0.97009, 1, 

19,19,0.001, 0.0427002, 0.0806208, 0.267723, 0.100354, 0.10579, 0.208252, 0.225863, 0.227047, 1, 

21,9,0.001, 0.0666577, 0.066998, 0.0901761, 0.0902549, 0.0915464, 0.15671, 0.208252, 0.225863, 0.227202, 0.231452, 1, 

26,4,0.001, 0.0427002, 0.0901761, 0.0902549, 0.0915464, 0.097208, 0.125575, 0.150462, 0.189643, 0.349055, 0.238572, 0.252025, 0.440135, 0.473965, 0.481133, 0.983576, 1, 

20,11,0.001, 0.0666577, 0.066998, 0.0901761, 0.0902549, 0.15671, 0.201618, 0.247372, 0.575666, 1, 

Generation #39
23,5,0.001, 0.0842145, 0.0568408, 0.0651775, 0.0906523, 0.11641, 0.15671, 0.201618, 0.247372, 0.334219, 0.81184, 0.94365, 1, 

32,3,0.001, 0.0666577, 0.066998, 0.0901761, 0.0902549, 0.0915464, 0.097208, 0.125575, 0.150462, 0.189643, 0.349055, 0.378319, 0.407795, 0.507602, 0.517958, 0.52782, 0.588749, 0.600548, 0.621225, 0.624074, 0.629699, 0.670809, 0.97009, 1, 

19,19,0.001, 0.0427002, 0.0806208, 0.267723, 0.100354, 0.10579, 0.208252, 0.225863, 0.227047, 1, 

21,9,0.001, 0.0666577, 0.066998, 0.0901761, 0.0902549, 0.0915464, 0.15671, 0.208252, 0.225863, 0.227202, 0.231452, 1, 

26,4,0.001, 0.0427002, 0.0901761, 0.0902549, 0.0915464, 0.097208, 0.125575, 0.150462, 0.189643, 0.349055, 0.238572, 0.252025, 0.440135, 0.473965, 0.481133, 0.983576, 1, 

20,11,0.001, 0.0666577, 0.066998, 0.0901761, 0.0902549, 0.15671, 0.201618, 0.247372, 0.575666, 1, 

Generation #40
23,5,0.001, 0.0842145, 0.0568408, 0.0651775, 0.0906523, 0.11641, 0.15671, 0.201618, 0.247372, 0.334219, 0.81184, 0.94365, 1, 

32,3,0.001, 0.0666577, 0.066998, 0.0901761, 0.0902549, 0.0915464, 0.097208, 0.125575, 0.150462, 0.189643, 0.349055, 0.378319, 0.407795, 0.507602, 0.517958, 0.52782, 0.588749, 0.600548, 0.621225, 0.624074, 0.629699, 0.670809, 0.97009, 1, 

19,19,0.001, 0.0427002, 0.0806208, 0.267723, 0.100354, 0.10579, 0.208252, 0.225863, 0.227047, 1, 

21,9,0.001, 0.0666577, 0.066998, 0.0901761, 0.0902549, 0.0915464, 0.15671, 0.208252, 0.225863, 0.227202, 0.231452, 1, 

26,4,0.001, 0.0427002, 0.0901761, 0.0902549, 0.0915464, 0.097208, 0.125575, 0.150462, 0.189643, 0.349055, 0.238572, 0.252025, 0.440135, 0.473965, 0.481133, 0.983576, 1, 

20,11,0.001, 0.0666577, 0.066998, 0.0901761, 0.0902549, 0.15671, 0.201618, 0.247372, 0.575666, 1, 

Generation #41
23,5,0.001, 0.0842145, 0.0568408, 0.0651775, 0.0906523, 0.11641, 0.15671, 0.201618, 0.247372, 0.334219, 0.81184, 0.94365, 1, 

32,3,0.001, 0.0666577, 0.066998, 0.0901761, 0.0902549, 0.0915464, 0.097208, 0.125575, 0.150462, 0.189643, 0.349055, 0.378319, 0.407795, 0.507602, 0.517958, 0.52782, 0.588749, 0.600548, 0.621225, 0.624074, 0.629699, 0.670809, 0.97009, 1, 

19,19,0.001, 0.0427002, 0.0806208, 0.267723, 0.100354, 0.10579, 0.208252, 0.225863, 0.227047, 1, 

21,9,0.001, 0.0666577, 0.066998, 0.0901761, 0.0902549, 0.0915464, 0.15671, 0.208252, 0.225863, 0.227202, 0.231452, 1, 

26,4,0.001, 0.0427002, 0.0901761, 0.0902549, 0.0915464, 0.097208, 0.125575, 0.150462, 0.189643, 0.349055, 0.238572, 0.252025, 0.440135, 0.473965, 0.481133, 0.983576, 1, 

20,11,0.001, 0.0666577, 0.066998, 0.0901761, 0.0902549, 0.15671, 0.201618, 0.247372, 0.575666, 1, 

Generation #42
23,5,0.001, 0.0842145, 0.0568408, 0.0651775, 0.0906523, 0.11641, 0.15671, 0.201618, 0.247372, 0.334219, 0.81184, 0.94365, 1, 

32,3,0.001, 0.0666577, 0.066998, 0.0901761, 0.0902549, 0.0915464, 0.097208, 0.125575, 0.150462, 0.189643, 0.349055, 0.378319, 0.407795, 0.507602, 0.517958, 0.52782, 0.588749, 0.600548, 0.621225, 0.624074, 0.629699, 0.670809, 0.97009, 1, 

19,19,0.001, 0.0427002, 0.0806208, 0.267723, 0.100354, 0.10579, 0.208252, 0.225863, 0.227047, 1, 

21,9,0.001, 0.0666577, 0.066998, 0.0901761, 0.0902549, 0.0915464, 0.15671, 0.208252, 0.225863, 0.227202, 0.231452, 1, 

26,4,0.001, 0.0427002, 0.0901761, 0.0902549, 0.0915464, 0.097208, 0.125575, 0.150462, 0.189643, 0.349055, 0.238572, 0.252025, 0.440135, 0.473965, 0.481133, 0.983576, 1, 

20,11,0.001, 0.0666577, 0.066998, 0.0901761, 0.0902549, 0.15671, 0.201618, 0.247372, 0.575666, 1, 

Generation #43
23,5,0.001, 0.0842145, 0.0568408, 0.0651775, 0.0906523, 0.11641, 0.15671, 0.201618, 0.247372, 0.334219, 0.81184, 0.94365, 1, 

32,3,0.001, 0.0666577, 0.066998, 0.0901761, 0.0902549, 0.0915464, 0.097208, 0.125575, 0.150462, 0.189643, 0.349055, 0.378319, 0.407795, 0.507602, 0.517958, 0.52782, 0.588749, 0.600548, 0.621225, 0.624074, 0.629699, 0.670809, 0.97009, 1, 

19,19,0.001, 0.0427002, 0.0806208, 0.267723, 0.100354, 0.10579, 0.208252, 0.225863, 0.227047, 1, 

21,9,0.001, 0.0666577, 0.066998, 0.0901761, 0.0902549, 0.0915464, 0.15671, 0.208252, 0.225863, 0.227202, 0.231452, 1, 

26,4,0.001, 0.0427002, 0.0901761, 0.0902549, 0.0915464, 0.097208, 0.125575, 0.150462, 0.189643, 0.349055, 0.238572, 0.252025, 0.440135, 0.473965, 0.481133, 0.983576, 1, 

20,11,0.001, 0.0666577, 0.066998, 0.0901761, 0.0902549, 0.15671, 0.201618, 0.247372, 0.575666, 1, 

Generation #44
23,5,0.001, 0.0842145, 0.0568408, 0.0651775, 0.0906523, 0.11641, 0.15671, 0.201618, 0.247372, 0.334219, 0.81184, 0.94365, 1, 

32,3,0.001, 0.0666577, 0.066998, 0.0901761, 0.0902549, 0.0915464, 0.097208, 0.125575, 0.150462, 0.189643, 0.349055, 0.378319, 0.407795, 0.507602, 0.517958, 0.52782, 0.588749, 0.600548, 0.621225, 0.624074, 0.629699, 0.670809, 0.97009, 1, 

19,19,0.001, 0.0427002, 0.0806208, 0.267723, 0.100354, 0.10579, 0.208252, 0.225863, 0.227047, 1, 

21,9,0.001, 0.0666577, 0.066998, 0.0901761, 0.0902549, 0.0915464, 0.15671, 0.208252, 0.225863, 0.227202, 0.231452, 1, 

20,11,0.001, 0.0666577, 0.066998, 0.0901761, 0.0902549, 0.15671, 0.201618, 0.247372, 0.575666, 1, 

24,4,0.001, 0.0666577, 0.066998, 0.0901761, 0.0902549, 0.0915464, 0.097208, 0.125575, 0.150462, 0.189643, 0.349055, 0.378319, 0.436443, 0.982226, 1, 

Generation #45
23,5,0.001, 0.0842145, 0.0568408, 0.0651775, 0.0906523, 0.11641, 0.15671, 0.201618, 0.247372, 0.334219, 0.81184, 0.94365, 1, 

32,3,0.001, 0.0666577, 0.066998, 0.0901761, 0.0902549, 0.0915464, 0.097208, 0.125575, 0.150462, 0.189643, 0.349055, 0.378319, 0.407795, 0.507602, 0.517958, 0.52782, 0.588749, 0.600548, 0.621225, 0.624074, 0.629699, 0.670809, 0.97009, 1, 

24,4,0.001, 0.0666577, 0.066998, 0.0901761, 0.0902549, 0.0915464, 0.097208, 0.125575, 0.150462, 0.189643, 0.349055, 0.378319, 0.436443, 0.982226, 1, 

19,8,0.121835, 0.0842145, 0.0819752, 0.0651775, 0.0906523, 0.11641, 0.15671, 0.201618, 0.247372, 0.334219, 0.425784, 0.974989, 1, 

Generation #46
23,5,0.001, 0.0842145, 0.0568408, 0.0651775, 0.0906523, 0.11641, 0.15671, 0.201618, 0.247372, 0.334219, 0.81184, 0.94365, 1, 

32,3,0.001, 0.0666577, 0.066998, 0.0901761, 0.0902549, 0.0915464, 0.097208, 0.125575, 0.150462, 0.189643, 0.349055, 0.378319, 0.407795, 0.507602, 0.517958, 0.52782, 0.588749, 0.600548, 0.621225, 0.624074, 0.629699, 0.670809, 0.97009, 1, 

24,4,0.001, 0.0666577, 0.066998, 0.0901761, 0.0902549, 0.0915464, 0.097208, 0.125575, 0.150462, 0.189643, 0.349055, 0.378319, 0.436443, 0.982226, 1, 

19,8,0.121835, 0.0842145, 0.0819752, 0.0651775, 0.0906523, 0.11641, 0.15671, 0.201618, 0.247372, 0.334219, 0.425784, 0.974989, 1, 

Generation #47
23,5,0.001, 0.0842145, 0.0568408, 0.0651775, 0.0906523, 0.11641, 0.15671, 0.201618, 0.247372, 0.334219, 0.81184, 0.94365, 1, 

32,3,0.001, 0.0666577, 0.066998, 0.0901761, 0.0902549, 0.0915464, 0.097208, 0.125575, 0.150462, 0.189643, 0.349055, 0.378319, 0.407795, 0.507602, 0.517958, 0.52782, 0.588749, 0.600548, 0.621225, 0.624074, 0.629699, 0.670809, 0.97009, 1, 

24,4,0.001, 0.0666577, 0.066998, 0.0901761, 0.0902549, 0.0915464, 0.097208, 0.125575, 0.150462, 0.189643, 0.349055, 0.378319, 0.436443, 0.982226, 1, 

19,8,0.121835, 0.0842145, 0.0819752, 0.0651775, 0.0906523, 0.11641, 0.15671, 0.201618, 0.247372, 0.334219, 0.425784, 0.974989, 1, 

Generation #48
23,5,0.001, 0.0842145, 0.0568408, 0.0651775, 0.0906523, 0.11641, 0.15671, 0.201618, 0.247372, 0.334219, 0.81184, 0.94365, 1, 

32,3,0.001, 0.0666577, 0.066998, 0.0901761, 0.0902549, 0.0915464, 0.097208, 0.125575, 0.150462, 0.189643, 0.349055, 0.378319, 0.407795, 0.507602, 0.517958, 0.52782, 0.588749, 0.600548, 0.621225, 0.624074, 0.629699, 0.670809, 0.97009, 1, 

24,4,0.001, 0.0666577, 0.066998, 0.0901761, 0.0902549, 0.0915464, 0.097208, 0.125575, 0.150462, 0.189643, 0.349055, 0.378319, 0.436443, 0.982226, 1, 

19,8,0.121835, 0.0842145, 0.0819752, 0.0651775, 0.0906523, 0.11641, 0.15671, 0.201618, 0.247372, 0.334219, 0.425784, 0.974989, 1, 

Generation #49
23,5,0.001, 0.0842145, 0.0568408, 0.0651775, 0.0906523, 0.11641, 0.15671, 0.201618, 0.247372, 0.334219, 0.81184, 0.94365, 1, 

32,3,0.001, 0.0666577, 0.066998, 0.0901761, 0.0902549, 0.0915464, 0.097208, 0.125575, 0.150462, 0.189643, 0.349055, 0.378319, 0.407795, 0.507602, 0.517958, 0.52782, 0.588749, 0.600548, 0.621225, 0.624074, 0.629699, 0.670809, 0.97009, 1, 

24,4,0.001, 0.0666577, 0.066998, 0.0901761, 0.0902549, 0.0915464, 0.097208, 0.125575, 0.150462, 0.189643, 0.349055, 0.378319, 0.436443, 0.982226, 1, 

19,8,0.121835, 0.0842145, 0.0819752, 0.0651775, 0.0906523, 0.11641, 0.15671, 0.201618, 0.247372, 0.334219, 0.425784, 0.974989, 1, 

--- Pareto Front Solutions ---
Solution 0: N total=83 (N_initial=60, N_added=23), Time total=8 ms, Saved to: ./results/Make_t2_l2_pareto_0.csv, percents=0.001, 0.0842145, 0.0568408, 0.0651775, 0.0906523, 0.11641, 0.15671, 0.201618, 0.247372, 0.334219, 0.81184, 0.94365, 1, 

Solution 1: N total=92 (N_initial=60, N_added=32), Time total=6 ms, Saved to: ./results/Make_t2_l2_pareto_1.csv, percents=0.001, 0.0666577, 0.066998, 0.0901761, 0.0902549, 0.0915464, 0.097208, 0.125575, 0.150462, 0.189643, 0.349055, 0.378319, 0.407795, 0.507602, 0.517958, 0.52782, 0.588749, 0.600548, 0.621225, 0.624074, 0.629699, 0.670809, 0.97009, 1, 

Solution 2: N total=84 (N_initial=60, N_added=24), Time total=7 ms, Saved to: ./results/Make_t2_l2_pareto_2.csv, percents=0.001, 0.0666577, 0.066998, 0.0901761, 0.0902549, 0.0915464, 0.097208, 0.125575, 0.150462, 0.189643, 0.349055, 0.378319, 0.436443, 0.982226, 1, 

Solution 3: N total=79 (N_initial=60, N_added=19), Time total=11 ms, Saved to: ./results/Make_t2_l2_pareto_3.csv, percents=0.121835, 0.0842145, 0.0819752, 0.0651775, 0.0906523, 0.11641, 0.15671, 0.201618, 0.247372, 0.334219, 0.425784, 0.974989, 1, 

------------d=1, t=2, lambda=3, filename=./evaluation/Make/Make_2_3.csv------------
Computing partitioned counts of d-sets...
Ready to look at pairs based on partitioned counts...
First Stage N=90, Time=4
There are 8 remaining non-locating pairs
--- Running GA Algorithm (phase2) ---
Running GA with std::execution::par
Generation #0
16,0,0.001, 0.0657628, 0.140568, 0.324036, 0.450564, 0.612434, 0.665591, 0.738632, 0.778001, 0.803919, 0.837693, 0.904659, 0.91334, 0.936519, 0.990969, 1, 

Generation #1
12,0,0.001, 0.140253, 0.151937, 0.235986, 0.391618, 0.0898603, 0.46435, 0.47168, 0.50459, 0.929513, 1, 

Generation #2
12,0,0.001, 0.140253, 0.151937, 0.235986, 0.391618, 0.0898603, 0.46435, 0.47168, 0.50459, 0.929513, 1, 

Generation #3
11,0,0.001, 0.0804613, 0.0901816, 0.15268, 0.165712, 0.216105, 0.260409, 0.302498, 0.50459, 0.850436, 1, 

Generation #4
11,0,0.001, 0.0804613, 0.0901816, 0.15268, 0.165712, 0.216105, 0.260409, 0.302498, 0.50459, 0.850436, 1, 

Generation #5
11,0,0.001, 0.0804613, 0.0901816, 0.15268, 0.165712, 0.216105, 0.260409, 0.302498, 0.50459, 0.850436, 1, 

Generation #6
11,0,0.001, 0.0804613, 0.0901816, 0.15268, 0.165712, 0.216105, 0.260409, 0.302498, 0.50459, 0.850436, 1, 

Generation #7
11,0,0.001, 0.0804613, 0.0901816, 0.15268, 0.165712, 0.216105, 0.260409, 0.302498, 0.50459, 0.850436, 1, 

Generation #8
11,0,0.001, 0.0804613, 0.0901816, 0.15268, 0.165712, 0.216105, 0.260409, 0.302498, 0.50459, 0.850436, 1, 

Generation #9
11,0,0.001, 0.0804613, 0.0901816, 0.15268, 0.165712, 0.216105, 0.260409, 0.302498, 0.50459, 0.850436, 1, 

Generation #10
11,0,0.001, 0.0804613, 0.0901816, 0.15268, 0.165712, 0.216105, 0.260409, 0.302498, 0.50459, 0.850436, 1, 

Generation #11
11,0,0.001, 0.0804613, 0.0901816, 0.15268, 0.165712, 0.216105, 0.260409, 0.302498, 0.50459, 0.850436, 1, 

Generation #12
9,0,0.001, 0.0804613, 0.0901816, 0.15268, 0.123057, 0.281934, 0.286925, 0.994229, 1, 

Generation #13
9,0,0.001, 0.0804613, 0.0901816, 0.15268, 0.123057, 0.281934, 0.286925, 0.994229, 1, 

Generation #14
9,0,0.001, 0.0804613, 0.0901816, 0.15268, 0.123057, 0.281934, 0.286925, 0.994229, 1, 

Generation #15
9,0,0.001, 0.0804613, 0.0901816, 0.15268, 0.123057, 0.281934, 0.286925, 0.994229, 1, 

Generation #16
9,0,0.001, 0.0804613, 0.0901816, 0.15268, 0.123057, 0.281934, 0.286925, 0.994229, 1, 

Generation #17
9,0,0.001, 0.0804613, 0.0901816, 0.15268, 0.123057, 0.281934, 0.286925, 0.994229, 1, 

Generation #18
9,0,0.001, 0.0804613, 0.0901816, 0.15268, 0.123057, 0.281934, 0.286925, 0.994229, 1, 

Generation #19
9,0,0.001, 0.0804613, 0.0901816, 0.15268, 0.123057, 0.281934, 0.286925, 0.994229, 1, 

Generation #20
9,0,0.001, 0.0804613, 0.0901816, 0.15268, 0.123057, 0.281934, 0.286925, 0.994229, 1, 

Generation #21
9,0,0.001, 0.0804613, 0.0901816, 0.15268, 0.123057, 0.281934, 0.286925, 0.994229, 1, 

Generation #22
9,0,0.001, 0.0804613, 0.0901816, 0.15268, 0.123057, 0.281934, 0.286925, 0.994229, 1, 

Generation #23
9,0,0.001, 0.0804613, 0.0901816, 0.15268, 0.123057, 0.281934, 0.286925, 0.994229, 1, 

Generation #24
9,0,0.001, 0.0804613, 0.0901816, 0.15268, 0.123057, 0.281934, 0.286925, 0.994229, 1, 

Generation #25
9,0,0.001, 0.0804613, 0.0901816, 0.15268, 0.123057, 0.281934, 0.286925, 0.994229, 1, 

Generation #26
9,0,0.001, 0.0804613, 0.0901816, 0.15268, 0.123057, 0.281934, 0.286925, 0.994229, 1, 

8,6,0.001, 0.0901816, 0.15268, 0.165712, 0.216105, 1, 

Generation #27
9,0,0.001, 0.0804613, 0.0901816, 0.15268, 0.123057, 0.281934, 0.286925, 0.994229, 1, 

8,6,0.001, 0.0901816, 0.15268, 0.165712, 0.216105, 1, 

Generation #28
8,0,0.001, 0.140253, 0.151937, 0.235986, 0.216105, 0.260409, 1, 

Generation #29
8,0,0.001, 0.140253, 0.151937, 0.235986, 0.216105, 0.260409, 1, 

Generation #30
8,0,0.001, 0.140253, 0.151937, 0.235986, 0.216105, 0.260409, 1, 

Generation #31
8,0,0.001, 0.140253, 0.151937, 0.235986, 0.216105, 0.260409, 1, 

Generation #32
8,0,0.001, 0.140253, 0.151937, 0.235986, 0.216105, 0.260409, 1, 

Generation #33
8,0,0.001, 0.140253, 0.151937, 0.235986, 0.216105, 0.260409, 1, 

Generation #34
8,0,0.001, 0.140253, 0.151937, 0.235986, 0.216105, 0.260409, 1, 

Generation #35
8,0,0.001, 0.140253, 0.151937, 0.235986, 0.216105, 0.260409, 1, 

7,8,0.001, 0.0804613, 0.0901816, 0.187952, 0.260409, 1, 

Generation #36
8,0,0.001, 0.140253, 0.151937, 0.235986, 0.216105, 0.260409, 1, 

7,8,0.001, 0.0804613, 0.0901816, 0.187952, 0.260409, 1, 

Generation #37
8,0,0.001, 0.140253, 0.151937, 0.235986, 0.216105, 0.260409, 1, 

7,8,0.001, 0.0804613, 0.0901816, 0.187952, 0.260409, 1, 

Generation #38
8,0,0.001, 0.140253, 0.151937, 0.235986, 0.216105, 0.260409, 1, 

7,8,0.001, 0.0804613, 0.0901816, 0.187952, 0.260409, 1, 

Generation #39
8,0,0.001, 0.140253, 0.151937, 0.235986, 0.216105, 0.260409, 1, 

7,8,0.001, 0.0804613, 0.0901816, 0.187952, 0.260409, 1, 

Generation #40
8,0,0.001, 0.140253, 0.151937, 0.235986, 0.216105, 0.260409, 1, 

7,8,0.001, 0.0804613, 0.0901816, 0.187952, 0.260409, 1, 

Generation #41
8,0,0.001, 0.140253, 0.151937, 0.235986, 0.216105, 0.260409, 1, 

7,8,0.001, 0.0804613, 0.0901816, 0.187952, 0.260409, 1, 

Generation #42
8,0,0.001, 0.140253, 0.151937, 0.235986, 0.216105, 0.260409, 1, 

7,8,0.001, 0.0804613, 0.0901816, 0.187952, 0.260409, 1, 

Generation #43
8,0,0.001, 0.140253, 0.151937, 0.235986, 0.216105, 0.260409, 1, 

7,8,0.001, 0.0804613, 0.0901816, 0.187952, 0.260409, 1, 

Generation #44
8,0,0.001, 0.140253, 0.151937, 0.235986, 0.216105, 0.260409, 1, 

7,8,0.001, 0.0804613, 0.0901816, 0.187952, 0.260409, 1, 

Generation #45
8,0,0.001, 0.140253, 0.151937, 0.235986, 0.216105, 0.260409, 1, 

7,8,0.001, 0.0804613, 0.0901816, 0.187952, 0.260409, 1, 

Generation #46
8,0,0.001, 0.140253, 0.151937, 0.235986, 0.216105, 0.260409, 1, 

7,8,0.001, 0.0804613, 0.0901816, 0.187952, 0.260409, 1, 

Generation #47
8,0,0.001, 0.140253, 0.151937, 0.235986, 0.216105, 0.260409, 1, 

7,8,0.001, 0.0804613, 0.0901816, 0.187952, 0.260409, 1, 

Generation #48
8,0,0.001, 0.140253, 0.151937, 0.235986, 0.216105, 0.260409, 1, 

7,8,0.001, 0.0804613, 0.0901816, 0.187952, 0.260409, 1, 

Generation #49
8,0,0.001, 0.140253, 0.151937, 0.235986, 0.216105, 0.260409, 1, 

7,1,0.155773, 0.151937, 0.235986, 0.216105, 0.260409, 1, 

--- Pareto Front Solutions ---
Solution 0: N total=98 (N_initial=90, N_added=8), Time total=4 ms, Saved to: ./results/Make_t2_l3_pareto_0.csv, percents=0.001, 0.140253, 0.151937, 0.235986, 0.216105, 0.260409, 1, 

Solution 1: N total=97 (N_initial=90, N_added=7), Time total=5 ms, Saved to: ./results/Make_t2_l3_pareto_1.csv, percents=0.155773, 0.151937, 0.235986, 0.216105, 0.260409, 1, 

------------d=1, t=2, lambda=4, filename=./evaluation/Make/Make_2_4.csv------------
Computing partitioned counts of d-sets...
Ready to look at pairs based on partitioned counts...
First Stage N=120, Time=3
There are 0 remaining non-locating pairs
Array is already valid. Saved initial array to ./Make_t2_l4_final.csv
