------------d=1, t=2, lambda=1, filename=./evaluation/Make/Make_2_1.csv------------
Computing partitioned counts of d-sets...
Ready to look at pairs based on partitioned counts...
First Stage N=30, Time=4
There are 1464 remaining non-locating pairs
--- Running GA Algorithm (phase2) ---
Running GA with std::execution::par
Generation #0
44,305,0.001, 0.0691965, 0.0903244, 0.091733, 0.181093, 0.206716, 0.275426, 0.294544, 0.367745, 0.376844, 0.419575, 0.58257, 0.681956, 0.730174, 0.790543, 0.830789, 0.837945, 0.848143, 0.885335, 1, 

54,247,0.001, 0.0340047, 0.0418319, 0.0980574, 0.126465, 0.20244, 0.211292, 0.212053, 0.264579, 0.275149, 0.356605, 0.380371, 0.473197, 0.478227, 0.52842, 0.543818, 0.609295, 0.612681, 0.667676, 0.687441, 0.704605, 0.729899, 0.731185, 0.782147, 0.786423, 0.804511, 0.839748, 0.85549, 0.975359, 1, 

38,351,0.001, 0.139454, 0.152472, 0.159417, 0.161031, 0.215706, 0.330756, 0.385246, 0.494171, 0.566406, 0.905067, 0.913929, 0.96706, 0.968253, 0.992228, 1, 

46,294,0.001, 0.0219461, 0.0261442, 0.0262016, 0.0663368, 0.100799, 0.164494, 0.217953, 0.230267, 0.239707, 0.475426, 0.477239, 0.511489, 0.606937, 0.610299, 0.685118, 0.749872, 0.761045, 0.79815, 0.843834, 0.85952, 0.956795, 1, 

48,266,0.001, 0.017851, 0.0501659, 0.0513067, 0.110065, 0.137015, 0.159559, 0.187127, 0.248876, 0.279032, 0.421249, 0.482314, 0.608711, 0.629831, 0.648283, 0.693314, 0.753794, 0.76718, 0.888482, 0.910419, 0.911522, 1, 

50,254,0.001, 0.0110509, 0.0391854, 0.0928903, 0.129683, 0.148351, 0.15305, 0.161136, 0.234665, 0.262227, 0.262612, 0.288228, 0.29071, 0.387741, 0.387959, 0.439057, 0.598829, 0.623264, 0.646717, 0.734431, 0.75492, 0.778334, 0.828504, 0.918703, 0.937746, 1, 

37,465,0.001, 0.134803, 0.221837, 0.302436, 0.583685, 0.666923, 0.687387, 0.775528, 0.797689, 0.831146, 0.990146, 1, 

42,322,0.001, 0.0485364, 0.0638381, 0.103473, 0.112512, 0.157387, 0.207509, 0.233497, 0.34024, 0.425078, 0.623749, 0.642961, 0.77327, 0.821051, 0.86027, 0.97724, 1, 

Generation #1
41,155,0.001, 0.0110509, 0.0391854, 0.0928903, 0.129683, 0.148351, 0.15305, 0.161136, 0.234665, 0.262227, 0.262612, 0.288228, 0.29071, 0.821051, 0.86027, 0.97724, 1, 

37,242,0.001, 0.06713, 0.0674232, 0.117336, 0.141682, 0.173924, 0.363872, 0.411498, 0.434517, 0.441918, 0.457509, 0.478828, 0.483178, 1, 

Generation #2
41,155,0.001, 0.0110509, 0.0391854, 0.0928903, 0.129683, 0.148351, 0.15305, 0.161136, 0.234665, 0.262227, 0.262612, 0.288228, 0.29071, 0.821051, 0.86027, 0.97724, 1, 

37,242,0.001, 0.06713, 0.0674232, 0.117336, 0.141682, 0.173924, 0.363872, 0.411498, 0.434517, 0.441918, 0.457509, 0.478828, 0.483178, 1, 

36,380,0.001, 0.105896, 0.122689, 0.199856, 0.371646, 0.434784, 0.519215, 0.845754, 0.979017, 1, 

38,167,0.001, 0.0110509, 0.0391854, 0.0928903, 0.129683, 0.148351, 0.15305, 0.161136, 0.234665, 0.262227, 0.262612, 0.886671, 0.887786, 1, 

Generation #3
41,155,0.001, 0.0110509, 0.0391854, 0.0928903, 0.129683, 0.148351, 0.15305, 0.161136, 0.234665, 0.262227, 0.262612, 0.288228, 0.29071, 0.821051, 0.86027, 0.97724, 1, 

38,167,0.001, 0.0110509, 0.0391854, 0.0928903, 0.129683, 0.148351, 0.15305, 0.161136, 0.234665, 0.262227, 0.262612, 0.886671, 0.887786, 1, 

36,175,0.0110509, 0.0391854, 0.0901148, 0.126465, 0.20244, 0.211292, 0.212053, 0.264579, 0.275149, 0.356605, 0.380371, 0.705202, 0.789084, 1, 

Generation #4
41,155,0.001, 0.0110509, 0.0391854, 0.0928903, 0.129683, 0.148351, 0.15305, 0.161136, 0.234665, 0.262227, 0.262612, 0.288228, 0.29071, 0.821051, 0.86027, 0.97724, 1, 

38,167,0.001, 0.0110509, 0.0391854, 0.0928903, 0.129683, 0.148351, 0.15305, 0.161136, 0.234665, 0.262227, 0.262612, 0.886671, 0.887786, 1, 

36,175,0.0110509, 0.0391854, 0.0901148, 0.126465, 0.20244, 0.211292, 0.212053, 0.264579, 0.275149, 0.356605, 0.380371, 0.705202, 0.789084, 1, 

34,398,0.001, 0.10251, 0.153941, 0.221192, 0.289867, 0.319444, 0.35767, 0.37085, 0.932469, 1, 

Generation #5
41,155,0.001, 0.0110509, 0.0391854, 0.0928903, 0.129683, 0.148351, 0.15305, 0.161136, 0.234665, 0.262227, 0.262612, 0.288228, 0.29071, 0.821051, 0.86027, 0.97724, 1, 

38,167,0.001, 0.0110509, 0.0391854, 0.0928903, 0.129683, 0.148351, 0.15305, 0.161136, 0.234665, 0.262227, 0.262612, 0.886671, 0.887786, 1, 

36,175,0.0110509, 0.0391854, 0.0901148, 0.126465, 0.20244, 0.211292, 0.212053, 0.264579, 0.275149, 0.356605, 0.380371, 0.705202, 0.789084, 1, 

34,398,0.001, 0.10251, 0.153941, 0.221192, 0.289867, 0.319444, 0.35767, 0.37085, 0.932469, 1, 

35,217,0.001, 0.0110509, 0.0391854, 0.0928903, 0.129683, 0.148351, 0.15305, 0.528912, 0.586828, 0.993654, 1, 

Generation #6
32,160,0.001, 0.0110509, 0.0391854, 0.0928903, 0.129683, 0.148351, 0.15305, 0.161136, 0.234665, 0.262227, 1, 

36,138,0.001, 0.0110509, 0.0391854, 0.0928903, 0.129683, 0.148351, 0.119161, 0.216399, 0.246362, 0.302584, 0.345675, 0.803073, 0.930679, 1, 

Generation #7
32,160,0.001, 0.0110509, 0.0391854, 0.0928903, 0.129683, 0.148351, 0.15305, 0.161136, 0.234665, 0.262227, 1, 

36,138,0.001, 0.0110509, 0.0391854, 0.0928903, 0.129683, 0.148351, 0.119161, 0.216399, 0.246362, 0.302584, 0.345675, 0.803073, 0.930679, 1, 

Generation #8
32,160,0.001, 0.0110509, 0.0391854, 0.0928903, 0.129683, 0.148351, 0.15305, 0.161136, 0.234665, 0.262227, 1, 

36,138,0.001, 0.0110509, 0.0391854, 0.0928903, 0.129683, 0.148351, 0.119161, 0.216399, 0.246362, 0.302584, 0.345675, 0.803073, 0.930679, 1, 

Generation #9
32,160,0.001, 0.0110509, 0.0391854, 0.0928903, 0.129683, 0.148351, 0.15305, 0.161136, 0.234665, 0.262227, 1, 

36,138,0.001, 0.0110509, 0.0391854, 0.0928903, 0.129683, 0.148351, 0.119161, 0.216399, 0.246362, 0.302584, 0.345675, 0.803073, 0.930679, 1, 

Generation #10
32,160,0.001, 0.0110509, 0.0391854, 0.0928903, 0.129683, 0.148351, 0.15305, 0.161136, 0.234665, 0.262227, 1, 

36,138,0.001, 0.0110509, 0.0391854, 0.0928903, 0.129683, 0.148351, 0.119161, 0.216399, 0.246362, 0.302584, 0.345675, 0.803073, 0.930679, 1, 

Generation #11
32,160,0.001, 0.0110509, 0.0391854, 0.0928903, 0.129683, 0.148351, 0.15305, 0.161136, 0.234665, 0.262227, 1, 

36,138,0.001, 0.0110509, 0.0391854, 0.0928903, 0.129683, 0.148351, 0.119161, 0.216399, 0.246362, 0.302584, 0.345675, 0.803073, 0.930679, 1, 

35,159,0.001, 0.0110509, 0.0391854, 0.0928903, 0.129683, 0.148351, 0.15305, 0.161136, 0.234665, 0.262227, 0.262612, 1, 

Generation #12
32,160,0.001, 0.0110509, 0.0391854, 0.0928903, 0.129683, 0.148351, 0.15305, 0.161136, 0.234665, 0.262227, 1, 

36,138,0.001, 0.0110509, 0.0391854, 0.0928903, 0.129683, 0.148351, 0.119161, 0.216399, 0.246362, 0.302584, 0.345675, 0.803073, 0.930679, 1, 

35,159,0.001, 0.0110509, 0.0391854, 0.0928903, 0.129683, 0.148351, 0.15305, 0.161136, 0.234665, 0.262227, 0.262612, 1, 

Generation #13
32,160,0.001, 0.0110509, 0.0391854, 0.0928903, 0.129683, 0.148351, 0.15305, 0.161136, 0.234665, 0.262227, 1, 

36,138,0.001, 0.0110509, 0.0391854, 0.0928903, 0.129683, 0.148351, 0.119161, 0.216399, 0.246362, 0.302584, 0.345675, 0.803073, 0.930679, 1, 

35,159,0.001, 0.0110509, 0.0391854, 0.0928903, 0.129683, 0.148351, 0.15305, 0.161136, 0.234665, 0.262227, 0.262612, 1, 

Generation #14
32,160,0.001, 0.0110509, 0.0391854, 0.0928903, 0.129683, 0.148351, 0.15305, 0.161136, 0.234665, 0.262227, 1, 

36,138,0.001, 0.0110509, 0.0391854, 0.0928903, 0.129683, 0.148351, 0.119161, 0.216399, 0.246362, 0.302584, 0.345675, 0.803073, 0.930679, 1, 

35,159,0.001, 0.0110509, 0.0391854, 0.0928903, 0.129683, 0.148351, 0.15305, 0.161136, 0.234665, 0.262227, 0.262612, 1, 

Generation #15
32,160,0.001, 0.0110509, 0.0391854, 0.0928903, 0.129683, 0.148351, 0.15305, 0.161136, 0.234665, 0.262227, 1, 

36,138,0.001, 0.0110509, 0.0391854, 0.0928903, 0.129683, 0.148351, 0.119161, 0.216399, 0.246362, 0.302584, 0.345675, 0.803073, 0.930679, 1, 

35,159,0.001, 0.0110509, 0.0391854, 0.0928903, 0.129683, 0.148351, 0.15305, 0.161136, 0.234665, 0.262227, 0.262612, 1, 

Generation #16
32,160,0.001, 0.0110509, 0.0391854, 0.0928903, 0.129683, 0.148351, 0.15305, 0.161136, 0.234665, 0.262227, 1, 

36,138,0.001, 0.0110509, 0.0391854, 0.0928903, 0.129683, 0.148351, 0.119161, 0.216399, 0.246362, 0.302584, 0.345675, 0.803073, 0.930679, 1, 

35,159,0.001, 0.0110509, 0.0391854, 0.0928903, 0.129683, 0.148351, 0.15305, 0.161136, 0.234665, 0.262227, 0.262612, 1, 

Generation #17
32,160,0.001, 0.0110509, 0.0391854, 0.0928903, 0.129683, 0.148351, 0.15305, 0.161136, 0.234665, 0.262227, 1, 

36,138,0.001, 0.0110509, 0.0391854, 0.0928903, 0.129683, 0.148351, 0.119161, 0.216399, 0.246362, 0.302584, 0.345675, 0.803073, 0.930679, 1, 

35,159,0.001, 0.0110509, 0.0391854, 0.0928903, 0.129683, 0.148351, 0.15305, 0.161136, 0.234665, 0.262227, 0.262612, 1, 

Generation #18
32,160,0.001, 0.0110509, 0.0391854, 0.0928903, 0.129683, 0.148351, 0.15305, 0.161136, 0.234665, 0.262227, 1, 

36,138,0.001, 0.0110509, 0.0391854, 0.0928903, 0.129683, 0.148351, 0.119161, 0.216399, 0.246362, 0.302584, 0.345675, 0.803073, 0.930679, 1, 

35,159,0.001, 0.0110509, 0.0391854, 0.0928903, 0.129683, 0.148351, 0.15305, 0.161136, 0.234665, 0.262227, 0.262612, 1, 

Generation #19
32,160,0.001, 0.0110509, 0.0391854, 0.0928903, 0.129683, 0.148351, 0.15305, 0.161136, 0.234665, 0.262227, 1, 

36,138,0.001, 0.0110509, 0.0391854, 0.0928903, 0.129683, 0.148351, 0.119161, 0.216399, 0.246362, 0.302584, 0.345675, 0.803073, 0.930679, 1, 

34,157,0.001, 0.0110509, 0.0391854, 0.0928903, 0.129683, 0.148351, 0.15305, 0.528912, 0.993654, 1, 

Generation #20
32,160,0.001, 0.0110509, 0.0391854, 0.0928903, 0.129683, 0.148351, 0.15305, 0.161136, 0.234665, 0.262227, 1, 

36,138,0.001, 0.0110509, 0.0391854, 0.0928903, 0.129683, 0.148351, 0.119161, 0.216399, 0.246362, 0.302584, 0.345675, 0.803073, 0.930679, 1, 

34,157,0.001, 0.0110509, 0.0391854, 0.0928903, 0.129683, 0.148351, 0.15305, 0.528912, 0.993654, 1, 

31,202,0.001, 0.0110509, 0.0391854, 0.0928903, 0.0765168, 0.109886, 0.119161, 1, 

Generation #21
32,160,0.001, 0.0110509, 0.0391854, 0.0928903, 0.129683, 0.148351, 0.15305, 0.161136, 0.234665, 0.262227, 1, 

36,138,0.001, 0.0110509, 0.0391854, 0.0928903, 0.129683, 0.148351, 0.119161, 0.216399, 0.246362, 0.302584, 0.345675, 0.803073, 0.930679, 1, 

34,157,0.001, 0.0110509, 0.0391854, 0.0928903, 0.129683, 0.148351, 0.15305, 0.528912, 0.993654, 1, 

31,202,0.001, 0.0110509, 0.0391854, 0.0928903, 0.0765168, 0.109886, 0.119161, 1, 

Generation #22
32,160,0.001, 0.0110509, 0.0391854, 0.0928903, 0.129683, 0.148351, 0.15305, 0.161136, 0.234665, 0.262227, 1, 

36,138,0.001, 0.0110509, 0.0391854, 0.0928903, 0.129683, 0.148351, 0.119161, 0.216399, 0.246362, 0.302584, 0.345675, 0.803073, 0.930679, 1, 

34,157,0.001, 0.0110509, 0.0391854, 0.0928903, 0.129683, 0.148351, 0.15305, 0.528912, 0.993654, 1, 

31,202,0.001, 0.0110509, 0.0391854, 0.0928903, 0.0765168, 0.109886, 0.119161, 1, 

35,147,0.001, 0.0110509, 0.0391854, 0.0928903, 0.0765168, 0.109886, 0.119161, 0.216399, 0.234665, 0.262227, 0.345675, 0.803073, 0.930679, 1, 

Generation #23
32,160,0.001, 0.0110509, 0.0391854, 0.0928903, 0.129683, 0.148351, 0.15305, 0.161136, 0.234665, 0.262227, 1, 

36,138,0.001, 0.0110509, 0.0391854, 0.0928903, 0.129683, 0.148351, 0.119161, 0.216399, 0.246362, 0.302584, 0.345675, 0.803073, 0.930679, 1, 

34,157,0.001, 0.0110509, 0.0391854, 0.0928903, 0.129683, 0.148351, 0.15305, 0.528912, 0.993654, 1, 

35,147,0.001, 0.0110509, 0.0391854, 0.0928903, 0.0765168, 0.109886, 0.119161, 0.216399, 0.234665, 0.262227, 0.345675, 0.803073, 0.930679, 1, 

31,201,0.001, 0.0110509, 0.0391854, 0.0928903, 0.0765168, 0.109886, 0.119161, 0.216399, 0.939807, 1, 

Generation #24
32,160,0.001, 0.0110509, 0.0391854, 0.0928903, 0.129683, 0.148351, 0.15305, 0.161136, 0.234665, 0.262227, 1, 

36,138,0.001, 0.0110509, 0.0391854, 0.0928903, 0.129683, 0.148351, 0.119161, 0.216399, 0.246362, 0.302584, 0.345675, 0.803073, 0.930679, 1, 

34,157,0.001, 0.0110509, 0.0391854, 0.0928903, 0.129683, 0.148351, 0.15305, 0.528912, 0.993654, 1, 

35,147,0.001, 0.0110509, 0.0391854, 0.0928903, 0.0765168, 0.109886, 0.119161, 0.216399, 0.234665, 0.262227, 0.345675, 0.803073, 0.930679, 1, 

31,201,0.001, 0.0110509, 0.0391854, 0.0928903, 0.0765168, 0.109886, 0.119161, 0.216399, 0.939807, 1, 

Generation #25
32,160,0.001, 0.0110509, 0.0391854, 0.0928903, 0.129683, 0.148351, 0.15305, 0.161136, 0.234665, 0.262227, 1, 

36,138,0.001, 0.0110509, 0.0391854, 0.0928903, 0.129683, 0.148351, 0.119161, 0.216399, 0.246362, 0.302584, 0.345675, 0.803073, 0.930679, 1, 

34,157,0.001, 0.0110509, 0.0391854, 0.0928903, 0.129683, 0.148351, 0.15305, 0.528912, 0.993654, 1, 

35,147,0.001, 0.0110509, 0.0391854, 0.0928903, 0.0765168, 0.109886, 0.119161, 0.216399, 0.234665, 0.262227, 0.345675, 0.803073, 0.930679, 1, 

31,201,0.001, 0.0110509, 0.0391854, 0.0928903, 0.0765168, 0.109886, 0.119161, 0.216399, 0.939807, 1, 

Generation #26
32,160,0.001, 0.0110509, 0.0391854, 0.0928903, 0.129683, 0.148351, 0.15305, 0.161136, 0.234665, 0.262227, 1, 

36,138,0.001, 0.0110509, 0.0391854, 0.0928903, 0.129683, 0.148351, 0.119161, 0.216399, 0.246362, 0.302584, 0.345675, 0.803073, 0.930679, 1, 

34,157,0.001, 0.0110509, 0.0391854, 0.0928903, 0.129683, 0.148351, 0.15305, 0.528912, 0.993654, 1, 

35,147,0.001, 0.0110509, 0.0391854, 0.0928903, 0.0765168, 0.109886, 0.119161, 0.216399, 0.234665, 0.262227, 0.345675, 0.803073, 0.930679, 1, 

31,197,0.001, 0.0110509, 0.0391854, 0.0765168, 0.109886, 0.119161, 0.216399, 0.939807, 1, 

Generation #27
32,160,0.001, 0.0110509, 0.0391854, 0.0928903, 0.129683, 0.148351, 0.15305, 0.161136, 0.234665, 0.262227, 1, 

36,138,0.001, 0.0110509, 0.0391854, 0.0928903, 0.129683, 0.148351, 0.119161, 0.216399, 0.246362, 0.302584, 0.345675, 0.803073, 0.930679, 1, 

34,157,0.001, 0.0110509, 0.0391854, 0.0928903, 0.129683, 0.148351, 0.15305, 0.528912, 0.993654, 1, 

35,147,0.001, 0.0110509, 0.0391854, 0.0928903, 0.0765168, 0.109886, 0.119161, 0.216399, 0.234665, 0.262227, 0.345675, 0.803073, 0.930679, 1, 

31,197,0.001, 0.0110509, 0.0391854, 0.0765168, 0.109886, 0.119161, 0.216399, 0.939807, 1, 

Generation #28
32,160,0.001, 0.0110509, 0.0391854, 0.0928903, 0.129683, 0.148351, 0.15305, 0.161136, 0.234665, 0.262227, 1, 

36,138,0.001, 0.0110509, 0.0391854, 0.0928903, 0.129683, 0.148351, 0.119161, 0.216399, 0.246362, 0.302584, 0.345675, 0.803073, 0.930679, 1, 

34,157,0.001, 0.0110509, 0.0391854, 0.0928903, 0.129683, 0.148351, 0.15305, 0.528912, 0.993654, 1, 

35,147,0.001, 0.0110509, 0.0391854, 0.0928903, 0.0765168, 0.109886, 0.119161, 0.216399, 0.234665, 0.262227, 0.345675, 0.803073, 0.930679, 1, 

31,197,0.001, 0.0110509, 0.0391854, 0.0765168, 0.109886, 0.119161, 0.216399, 0.939807, 1, 

Generation #29
32,160,0.001, 0.0110509, 0.0391854, 0.0928903, 0.129683, 0.148351, 0.15305, 0.161136, 0.234665, 0.262227, 1, 

36,138,0.001, 0.0110509, 0.0391854, 0.0928903, 0.129683, 0.148351, 0.119161, 0.216399, 0.246362, 0.302584, 0.345675, 0.803073, 0.930679, 1, 

34,157,0.001, 0.0110509, 0.0391854, 0.0928903, 0.129683, 0.148351, 0.15305, 0.528912, 0.993654, 1, 

35,147,0.001, 0.0110509, 0.0391854, 0.0928903, 0.0765168, 0.109886, 0.119161, 0.216399, 0.234665, 0.262227, 0.345675, 0.803073, 0.930679, 1, 

31,197,0.001, 0.0110509, 0.0391854, 0.0765168, 0.109886, 0.119161, 0.216399, 0.939807, 1, 

41,136,0.001, 0.0110509, 0.0391854, 0.0928903, 0.0765168, 0.109886, 0.119161, 0.161136, 0.234665, 0.262227, 0.262612, 0.288228, 0.29071, 0.821051, 0.86027, 0.97724, 1, 

Generation #30
32,160,0.001, 0.0110509, 0.0391854, 0.0928903, 0.129683, 0.148351, 0.15305, 0.161136, 0.234665, 0.262227, 1, 

36,138,0.001, 0.0110509, 0.0391854, 0.0928903, 0.129683, 0.148351, 0.119161, 0.216399, 0.246362, 0.302584, 0.345675, 0.803073, 0.930679, 1, 

34,157,0.001, 0.0110509, 0.0391854, 0.0928903, 0.129683, 0.148351, 0.15305, 0.528912, 0.993654, 1, 

35,147,0.001, 0.0110509, 0.0391854, 0.0928903, 0.0765168, 0.109886, 0.119161, 0.216399, 0.234665, 0.262227, 0.345675, 0.803073, 0.930679, 1, 

31,197,0.001, 0.0110509, 0.0391854, 0.0765168, 0.109886, 0.119161, 0.216399, 0.939807, 1, 

41,136,0.001, 0.0110509, 0.0391854, 0.0928903, 0.0765168, 0.109886, 0.119161, 0.161136, 0.234665, 0.262227, 0.262612, 0.288228, 0.29071, 0.821051, 0.86027, 0.97724, 1, 

Generation #31
32,160,0.001, 0.0110509, 0.0391854, 0.0928903, 0.129683, 0.148351, 0.15305, 0.161136, 0.234665, 0.262227, 1, 

36,138,0.001, 0.0110509, 0.0391854, 0.0928903, 0.129683, 0.148351, 0.119161, 0.216399, 0.246362, 0.302584, 0.345675, 0.803073, 0.930679, 1, 

34,157,0.001, 0.0110509, 0.0391854, 0.0928903, 0.129683, 0.148351, 0.15305, 0.528912, 0.993654, 1, 

35,147,0.001, 0.0110509, 0.0391854, 0.0928903, 0.0765168, 0.109886, 0.119161, 0.216399, 0.234665, 0.262227, 0.345675, 0.803073, 0.930679, 1, 

31,197,0.001, 0.0110509, 0.0391854, 0.0765168, 0.109886, 0.119161, 0.216399, 0.939807, 1, 

41,136,0.001, 0.0110509, 0.0391854, 0.0928903, 0.0765168, 0.109886, 0.119161, 0.161136, 0.234665, 0.262227, 0.262612, 0.288228, 0.29071, 0.821051, 0.86027, 0.97724, 1, 

Generation #32
32,160,0.001, 0.0110509, 0.0391854, 0.0928903, 0.129683, 0.148351, 0.15305, 0.161136, 0.234665, 0.262227, 1, 

36,138,0.001, 0.0110509, 0.0391854, 0.0928903, 0.129683, 0.148351, 0.119161, 0.216399, 0.246362, 0.302584, 0.345675, 0.803073, 0.930679, 1, 

34,157,0.001, 0.0110509, 0.0391854, 0.0928903, 0.129683, 0.148351, 0.15305, 0.528912, 0.993654, 1, 

35,147,0.001, 0.0110509, 0.0391854, 0.0928903, 0.0765168, 0.109886, 0.119161, 0.216399, 0.234665, 0.262227, 0.345675, 0.803073, 0.930679, 1, 

31,197,0.001, 0.0110509, 0.0391854, 0.0765168, 0.109886, 0.119161, 0.216399, 0.939807, 1, 

41,136,0.001, 0.0110509, 0.0391854, 0.0928903, 0.0765168, 0.109886, 0.119161, 0.161136, 0.234665, 0.262227, 0.262612, 0.288228, 0.29071, 0.821051, 0.86027, 0.97724, 1, 

Generation #33
32,160,0.001, 0.0110509, 0.0391854, 0.0928903, 0.129683, 0.148351, 0.15305, 0.161136, 0.234665, 0.262227, 1, 

36,138,0.001, 0.0110509, 0.0391854, 0.0928903, 0.129683, 0.148351, 0.119161, 0.216399, 0.246362, 0.302584, 0.345675, 0.803073, 0.930679, 1, 

34,157,0.001, 0.0110509, 0.0391854, 0.0928903, 0.129683, 0.148351, 0.15305, 0.528912, 0.993654, 1, 

35,147,0.001, 0.0110509, 0.0391854, 0.0928903, 0.0765168, 0.109886, 0.119161, 0.216399, 0.234665, 0.262227, 0.345675, 0.803073, 0.930679, 1, 

31,197,0.001, 0.0110509, 0.0391854, 0.0765168, 0.109886, 0.119161, 0.216399, 0.939807, 1, 

41,136,0.001, 0.0110509, 0.0391854, 0.0928903, 0.0765168, 0.109886, 0.119161, 0.161136, 0.234665, 0.262227, 0.262612, 0.288228, 0.29071, 0.821051, 0.86027, 0.97724, 1, 

Generation #34
36,138,0.001, 0.0110509, 0.0391854, 0.0928903, 0.129683, 0.148351, 0.119161, 0.216399, 0.246362, 0.302584, 0.345675, 0.803073, 0.930679, 1, 

34,157,0.001, 0.0110509, 0.0391854, 0.0928903, 0.129683, 0.148351, 0.15305, 0.528912, 0.993654, 1, 

35,147,0.001, 0.0110509, 0.0391854, 0.0928903, 0.0765168, 0.109886, 0.119161, 0.216399, 0.234665, 0.262227, 0.345675, 0.803073, 0.930679, 1, 

31,197,0.001, 0.0110509, 0.0391854, 0.0765168, 0.109886, 0.119161, 0.216399, 0.939807, 1, 

39,134,0.001, 0.0110509, 0.0110509, 0.0391854, 0.0928903, 0.129683, 0.148351, 0.15305, 0.246362, 0.302584, 0.345675, 0.803073, 0.930679, 1, 

32,158,0.001, 0.0110509, 0.0110509, 0.0391854, 0.0765168, 0.109886, 0.119161, 0.216399, 0.302584, 1, 

Generation #35
36,138,0.001, 0.0110509, 0.0391854, 0.0928903, 0.129683, 0.148351, 0.119161, 0.216399, 0.246362, 0.302584, 0.345675, 0.803073, 0.930679, 1, 

34,157,0.001, 0.0110509, 0.0391854, 0.0928903, 0.129683, 0.148351, 0.15305, 0.528912, 0.993654, 1, 

35,147,0.001, 0.0110509, 0.0391854, 0.0928903, 0.0765168, 0.109886, 0.119161, 0.216399, 0.234665, 0.262227, 0.345675, 0.803073, 0.930679, 1, 

31,197,0.001, 0.0110509, 0.0391854, 0.0765168, 0.109886, 0.119161, 0.216399, 0.939807, 1, 

39,134,0.001, 0.0110509, 0.0110509, 0.0391854, 0.0928903, 0.129683, 0.148351, 0.15305, 0.246362, 0.302584, 0.345675, 0.803073, 0.930679, 1, 

32,158,0.001, 0.0110509, 0.0110509, 0.0391854, 0.0765168, 0.109886, 0.119161, 0.216399, 0.302584, 1, 

Generation #36
36,138,0.001, 0.0110509, 0.0391854, 0.0928903, 0.129683, 0.148351, 0.119161, 0.216399, 0.246362, 0.302584, 0.345675, 0.803073, 0.930679, 1, 

34,157,0.001, 0.0110509, 0.0391854, 0.0928903, 0.129683, 0.148351, 0.15305, 0.528912, 0.993654, 1, 

35,147,0.001, 0.0110509, 0.0391854, 0.0928903, 0.0765168, 0.109886, 0.119161, 0.216399, 0.234665, 0.262227, 0.345675, 0.803073, 0.930679, 1, 

31,197,0.001, 0.0110509, 0.0391854, 0.0765168, 0.109886, 0.119161, 0.216399, 0.939807, 1, 

39,134,0.001, 0.0110509, 0.0110509, 0.0391854, 0.0928903, 0.129683, 0.148351, 0.15305, 0.246362, 0.302584, 0.345675, 0.803073, 0.930679, 1, 

32,158,0.001, 0.0110509, 0.0110509, 0.0391854, 0.0765168, 0.109886, 0.119161, 0.216399, 0.302584, 1, 

Generation #37
36,138,0.001, 0.0110509, 0.0391854, 0.0928903, 0.129683, 0.148351, 0.119161, 0.216399, 0.246362, 0.302584, 0.345675, 0.803073, 0.930679, 1, 

35,147,0.001, 0.0110509, 0.0391854, 0.0928903, 0.0765168, 0.109886, 0.119161, 0.216399, 0.234665, 0.262227, 0.345675, 0.803073, 0.930679, 1, 

31,197,0.001, 0.0110509, 0.0391854, 0.0765168, 0.109886, 0.119161, 0.216399, 0.939807, 1, 

39,134,0.001, 0.0110509, 0.0110509, 0.0391854, 0.0928903, 0.129683, 0.148351, 0.15305, 0.246362, 0.302584, 0.345675, 0.803073, 0.930679, 1, 

32,158,0.001, 0.0110509, 0.0110509, 0.0391854, 0.0765168, 0.109886, 0.119161, 0.216399, 0.302584, 1, 

33,154,0.001, 0.0110509, 0.0110509, 0.0391854, 0.0765168, 0.109886, 0.119161, 0.216399, 0.302584, 1, 

Generation #38
36,138,0.001, 0.0110509, 0.0391854, 0.0928903, 0.129683, 0.148351, 0.119161, 0.216399, 0.246362, 0.302584, 0.345675, 0.803073, 0.930679, 1, 

31,197,0.001, 0.0110509, 0.0391854, 0.0765168, 0.109886, 0.119161, 0.216399, 0.939807, 1, 

39,134,0.001, 0.0110509, 0.0110509, 0.0391854, 0.0928903, 0.129683, 0.148351, 0.15305, 0.246362, 0.302584, 0.345675, 0.803073, 0.930679, 1, 

32,158,0.001, 0.0110509, 0.0110509, 0.0391854, 0.0765168, 0.109886, 0.119161, 0.216399, 0.302584, 1, 

33,144,0.001, 0.0110509, 0.0391854, 0.0928903, 0.0765168, 0.109886, 0.119161, 0.161136, 0.234665, 0.234665, 0.262227, 1, 

Generation #39
31,197,0.001, 0.0110509, 0.0391854, 0.0765168, 0.109886, 0.119161, 0.216399, 0.939807, 1, 

39,134,0.001, 0.0110509, 0.0110509, 0.0391854, 0.0928903, 0.129683, 0.148351, 0.15305, 0.246362, 0.302584, 0.345675, 0.803073, 0.930679, 1, 

32,158,0.001, 0.0110509, 0.0110509, 0.0391854, 0.0765168, 0.109886, 0.119161, 0.216399, 0.302584, 1, 

33,144,0.001, 0.0110509, 0.0391854, 0.0928903, 0.0765168, 0.109886, 0.119161, 0.161136, 0.234665, 0.234665, 0.262227, 1, 

35,138,0.001, 0.0110509, 0.0110509, 0.0391854, 0.0765168, 0.109886, 0.119161, 0.216399, 0.302584, 1, 

Generation #40
31,197,0.001, 0.0110509, 0.0391854, 0.0765168, 0.109886, 0.119161, 0.216399, 0.939807, 1, 

32,158,0.001, 0.0110509, 0.0110509, 0.0391854, 0.0765168, 0.109886, 0.119161, 0.216399, 0.302584, 1, 

33,144,0.001, 0.0110509, 0.0391854, 0.0928903, 0.0765168, 0.109886, 0.119161, 0.161136, 0.234665, 0.234665, 0.262227, 1, 

35,138,0.001, 0.0110509, 0.0110509, 0.0391854, 0.0765168, 0.109886, 0.119161, 0.216399, 0.302584, 1, 

38,131,0.001, 0.0110509, 0.0110509, 0.0391854, 0.0765168, 0.109886, 0.119161, 0.216399, 0.302584, 0.302584, 0.345675, 0.803073, 0.930679, 1, 

37,134,0.0110509, 0.0110509, 0.0391854, 0.0928903, 0.0631293, 0.0765168, 0.109886, 0.119161, 0.161136, 0.234665, 0.262227, 1, 

Generation #41
31,197,0.001, 0.0110509, 0.0391854, 0.0765168, 0.109886, 0.119161, 0.216399, 0.939807, 1, 

32,158,0.001, 0.0110509, 0.0110509, 0.0391854, 0.0765168, 0.109886, 0.119161, 0.216399, 0.302584, 1, 

33,144,0.001, 0.0110509, 0.0391854, 0.0928903, 0.0765168, 0.109886, 0.119161, 0.161136, 0.234665, 0.234665, 0.262227, 1, 

35,138,0.001, 0.0110509, 0.0110509, 0.0391854, 0.0765168, 0.109886, 0.119161, 0.216399, 0.302584, 1, 

38,131,0.001, 0.0110509, 0.0110509, 0.0391854, 0.0765168, 0.109886, 0.119161, 0.216399, 0.302584, 0.302584, 0.345675, 0.803073, 0.930679, 1, 

37,134,0.0110509, 0.0110509, 0.0391854, 0.0928903, 0.0631293, 0.0765168, 0.109886, 0.119161, 0.161136, 0.234665, 0.262227, 1, 

44,130,0.001, 0.0110509, 0.0110509, 0.0391854, 0.0928903, 0.129683, 0.15305, 0.161136, 0.234665, 0.262227, 0.262612, 0.288228, 0.29071, 0.387741, 0.387959, 0.439057, 0.598829, 0.623264, 0.646717, 0.734431, 0.979585, 1, 

Generation #42
31,197,0.001, 0.0110509, 0.0391854, 0.0765168, 0.109886, 0.119161, 0.216399, 0.939807, 1, 

32,158,0.001, 0.0110509, 0.0110509, 0.0391854, 0.0765168, 0.109886, 0.119161, 0.216399, 0.302584, 1, 

33,144,0.001, 0.0110509, 0.0391854, 0.0928903, 0.0765168, 0.109886, 0.119161, 0.161136, 0.234665, 0.234665, 0.262227, 1, 

35,138,0.001, 0.0110509, 0.0110509, 0.0391854, 0.0765168, 0.109886, 0.119161, 0.216399, 0.302584, 1, 

38,131,0.001, 0.0110509, 0.0110509, 0.0391854, 0.0765168, 0.109886, 0.119161, 0.216399, 0.302584, 0.302584, 0.345675, 0.803073, 0.930679, 1, 

37,134,0.0110509, 0.0110509, 0.0391854, 0.0928903, 0.0631293, 0.0765168, 0.109886, 0.119161, 0.161136, 0.234665, 0.262227, 1, 

42,122,0.001, 0.0110509, 0.0391854, 0.0928903, 0.0765168, 0.109886, 0.119161, 0.161136, 0.234665, 0.262227, 0.262612, 0.288228, 0.29071, 0.821051, 0.86027, 0.97724, 1, 

Generation #43
31,197,0.001, 0.0110509, 0.0391854, 0.0765168, 0.109886, 0.119161, 0.216399, 0.939807, 1, 

32,158,0.001, 0.0110509, 0.0110509, 0.0391854, 0.0765168, 0.109886, 0.119161, 0.216399, 0.302584, 1, 

33,144,0.001, 0.0110509, 0.0391854, 0.0928903, 0.0765168, 0.109886, 0.119161, 0.161136, 0.234665, 0.234665, 0.262227, 1, 

35,138,0.001, 0.0110509, 0.0110509, 0.0391854, 0.0765168, 0.109886, 0.119161, 0.216399, 0.302584, 1, 

38,131,0.001, 0.0110509, 0.0110509, 0.0391854, 0.0765168, 0.109886, 0.119161, 0.216399, 0.302584, 0.302584, 0.345675, 0.803073, 0.930679, 1, 

37,134,0.0110509, 0.0110509, 0.0391854, 0.0928903, 0.0631293, 0.0765168, 0.109886, 0.119161, 0.161136, 0.234665, 0.262227, 1, 

42,122,0.001, 0.0110509, 0.0391854, 0.0928903, 0.0765168, 0.109886, 0.119161, 0.161136, 0.234665, 0.262227, 0.262612, 0.288228, 0.29071, 0.821051, 0.86027, 0.97724, 1, 

Generation #44
31,197,0.001, 0.0110509, 0.0391854, 0.0765168, 0.109886, 0.119161, 0.216399, 0.939807, 1, 

32,158,0.001, 0.0110509, 0.0110509, 0.0391854, 0.0765168, 0.109886, 0.119161, 0.216399, 0.302584, 1, 

33,144,0.001, 0.0110509, 0.0391854, 0.0928903, 0.0765168, 0.109886, 0.119161, 0.161136, 0.234665, 0.234665, 0.262227, 1, 

35,138,0.001, 0.0110509, 0.0110509, 0.0391854, 0.0765168, 0.109886, 0.119161, 0.216399, 0.302584, 1, 

42,122,0.001, 0.0110509, 0.0391854, 0.0928903, 0.0765168, 0.109886, 0.119161, 0.161136, 0.234665, 0.262227, 0.262612, 0.288228, 0.29071, 0.821051, 0.86027, 0.97724, 1, 

36,126,0.0110509, 0.0110509, 0.0391854, 0.0928903, 0.129683, 0.148351, 0.119161, 0.264579, 0.275149, 0.356605, 0.380371, 0.705202, 0.789084, 1, 

Generation #45
31,197,0.001, 0.0110509, 0.0391854, 0.0765168, 0.109886, 0.119161, 0.216399, 0.939807, 1, 

32,158,0.001, 0.0110509, 0.0110509, 0.0391854, 0.0765168, 0.109886, 0.119161, 0.216399, 0.302584, 1, 

33,144,0.001, 0.0110509, 0.0391854, 0.0928903, 0.0765168, 0.109886, 0.119161, 0.161136, 0.234665, 0.234665, 0.262227, 1, 

35,138,0.001, 0.0110509, 0.0110509, 0.0391854, 0.0765168, 0.109886, 0.119161, 0.216399, 0.302584, 1, 

42,122,0.001, 0.0110509, 0.0391854, 0.0928903, 0.0765168, 0.109886, 0.119161, 0.161136, 0.234665, 0.262227, 0.262612, 0.288228, 0.29071, 0.821051, 0.86027, 0.97724, 1, 

36,126,0.0110509, 0.0110509, 0.0391854, 0.0928903, 0.129683, 0.148351, 0.119161, 0.264579, 0.275149, 0.356605, 0.380371, 0.705202, 0.789084, 1, 

38,124,0.001, 0.0110509, 0.0110509, 0.0391854, 0.0765168, 0.109886, 0.109886, 0.119161, 0.161136, 0.234665, 0.262227, 1, 

Generation #46
32,158,0.001, 0.0110509, 0.0110509, 0.0391854, 0.0765168, 0.109886, 0.119161, 0.216399, 0.302584, 1, 

33,144,0.001, 0.0110509, 0.0391854, 0.0928903, 0.0765168, 0.109886, 0.119161, 0.161136, 0.234665, 0.234665, 0.262227, 1, 

35,138,0.001, 0.0110509, 0.0110509, 0.0391854, 0.0765168, 0.109886, 0.119161, 0.216399, 0.302584, 1, 

42,122,0.001, 0.0110509, 0.0391854, 0.0928903, 0.0765168, 0.109886, 0.119161, 0.161136, 0.234665, 0.262227, 0.262612, 0.288228, 0.29071, 0.821051, 0.86027, 0.97724, 1, 

36,126,0.0110509, 0.0110509, 0.0391854, 0.0928903, 0.129683, 0.148351, 0.119161, 0.264579, 0.275149, 0.356605, 0.380371, 0.705202, 0.789084, 1, 

38,124,0.001, 0.0110509, 0.0110509, 0.0391854, 0.0765168, 0.109886, 0.109886, 0.119161, 0.161136, 0.234665, 0.262227, 1, 

31,172,0.001, 0.0110509, 0.0110509, 0.0391854, 0.0765168, 0.109886, 0.119161, 0.216399, 0.939807, 1, 

Generation #47
32,158,0.001, 0.0110509, 0.0110509, 0.0391854, 0.0765168, 0.109886, 0.119161, 0.216399, 0.302584, 1, 

33,144,0.001, 0.0110509, 0.0391854, 0.0928903, 0.0765168, 0.109886, 0.119161, 0.161136, 0.234665, 0.234665, 0.262227, 1, 

31,172,0.001, 0.0110509, 0.0110509, 0.0391854, 0.0765168, 0.109886, 0.119161, 0.216399, 0.939807, 1, 

35,121,0.001, 0.0110509, 0.0110509, 0.0391854, 0.0765168, 0.109886, 0.119161, 0.216399, 0.302584, 0.345675, 0.803073, 0.930679, 1, 

Generation #48
32,158,0.001, 0.0110509, 0.0110509, 0.0391854, 0.0765168, 0.109886, 0.119161, 0.216399, 0.302584, 1, 

33,144,0.001, 0.0110509, 0.0391854, 0.0928903, 0.0765168, 0.109886, 0.119161, 0.161136, 0.234665, 0.234665, 0.262227, 1, 

31,172,0.001, 0.0110509, 0.0110509, 0.0391854, 0.0765168, 0.109886, 0.119161, 0.216399, 0.939807, 1, 

35,121,0.001, 0.0110509, 0.0110509, 0.0391854, 0.0765168, 0.109886, 0.119161, 0.216399, 0.302584, 0.345675, 0.803073, 0.930679, 1, 

40,115,0.001, 0.0110509, 0.0110509, 0.0391854, 0.0765168, 0.109886, 0.119161, 0.161136, 0.234665, 0.262227, 0.262612, 0.288228, 0.29071, 0.821051, 0.86027, 0.97724, 1, 

Generation #49
32,158,0.001, 0.0110509, 0.0110509, 0.0391854, 0.0765168, 0.109886, 0.119161, 0.216399, 0.302584, 1, 

31,172,0.001, 0.0110509, 0.0110509, 0.0391854, 0.0765168, 0.109886, 0.119161, 0.216399, 0.939807, 1, 

35,121,0.001, 0.0110509, 0.0110509, 0.0391854, 0.0765168, 0.109886, 0.119161, 0.216399, 0.302584, 0.345675, 0.803073, 0.930679, 1, 

40,115,0.001, 0.0110509, 0.0110509, 0.0391854, 0.0765168, 0.109886, 0.119161, 0.161136, 0.234665, 0.262227, 0.262612, 0.288228, 0.29071, 0.821051, 0.86027, 0.97724, 1, 

33,132,0.0110509, 0.0110509, 0.0391854, 0.0928903, 0.0765168, 0.109886, 0.119161, 0.161136, 0.234665, 0.262227, 0.262612, 1, 

--- Pareto Front Solutions ---
Solution 0: N total=62 (N_initial=30, N_added=32), Time total=162 ms, Saved to: ./results/Make_t2_l1_pareto_0.csv, percents=0.001, 0.0110509, 0.0110509, 0.0391854, 0.0765168, 0.109886, 0.119161, 0.216399, 0.302584, 1, 

Solution 1: N total=61 (N_initial=30, N_added=31), Time total=176 ms, Saved to: ./results/Make_t2_l1_pareto_1.csv, percents=0.001, 0.0110509, 0.0110509, 0.0391854, 0.0765168, 0.109886, 0.119161, 0.216399, 0.939807, 1, 

Solution 2: N total=65 (N_initial=30, N_added=35), Time total=125 ms, Saved to: ./results/Make_t2_l1_pareto_2.csv, percents=0.001, 0.0110509, 0.0110509, 0.0391854, 0.0765168, 0.109886, 0.119161, 0.216399, 0.302584, 0.345675, 0.803073, 0.930679, 1, 

Solution 3: N total=70 (N_initial=30, N_added=40), Time total=119 ms, Saved to: ./results/Make_t2_l1_pareto_3.csv, percents=0.001, 0.0110509, 0.0110509, 0.0391854, 0.0765168, 0.109886, 0.119161, 0.161136, 0.234665, 0.262227, 0.262612, 0.288228, 0.29071, 0.821051, 0.86027, 0.97724, 1, 

Solution 4: N total=63 (N_initial=30, N_added=33), Time total=136 ms, Saved to: ./results/Make_t2_l1_pareto_4.csv, percents=0.0110509, 0.0110509, 0.0391854, 0.0928903, 0.0765168, 0.109886, 0.119161, 0.161136, 0.234665, 0.262227, 0.262612, 1, 

------------d=1, t=2, lambda=2, filename=./evaluation/Make/Make_2_2.csv------------
Computing partitioned counts of d-sets...
Ready to look at pairs based on partitioned counts...
First Stage N=60, Time=3
There are 30 remaining non-locating pairs
--- Running GA Algorithm (phase2) ---
Running GA with std::execution::par
Generation #0
25,24,0.001, 0.0743716, 0.144367, 0.201806, 0.22985, 0.240101, 0.29096, 0.331888, 0.437673, 0.597481, 0.775943, 0.776944, 0.861735, 1, 

29,15,0.001, 0.072062, 0.0765478, 0.10486, 0.155942, 0.250391, 0.341023, 0.390129, 0.405899, 0.461023, 0.606749, 0.622543, 0.705166, 0.833058, 1, 

26,18,0.001, 0.105931, 0.109146, 0.121094, 0.159685, 0.243938, 0.255537, 0.390602, 0.46807, 0.775375, 0.786981, 0.878015, 0.988335, 1, 

34,8,0.001, 0.0381761, 0.0592684, 0.0876108, 0.127949, 0.133872, 0.153844, 0.181637, 0.198387, 0.260557, 0.283635, 0.324009, 0.376042, 0.392164, 0.432565, 0.474867, 0.486208, 0.48924, 0.526015, 0.833895, 0.853788, 0.91591, 0.968882, 0.976734, 1, 

27,17,0.001, 0.0703701, 0.103041, 0.107565, 0.108004, 0.111535, 0.218964, 0.414764, 0.420047, 0.481951, 0.581403, 0.637276, 0.786986, 0.791278, 0.842734, 0.994806, 1, 

Generation #1
25,24,0.001, 0.0743716, 0.144367, 0.201806, 0.22985, 0.240101, 0.29096, 0.331888, 0.437673, 0.597481, 0.775943, 0.776944, 0.861735, 1, 

34,8,0.001, 0.0381761, 0.0592684, 0.0876108, 0.127949, 0.133872, 0.153844, 0.181637, 0.198387, 0.260557, 0.283635, 0.324009, 0.376042, 0.392164, 0.432565, 0.474867, 0.486208, 0.48924, 0.526015, 0.833895, 0.853788, 0.91591, 0.968882, 0.976734, 1, 

28,9,0.001, 0.0470953, 0.0684222, 0.0709742, 0.0722972, 0.132451, 0.165632, 0.203869, 0.210717, 0.214935, 0.25495, 0.880412, 0.930676, 0.938005, 0.952558, 1, 

26,14,0.001, 0.0533086, 0.128418, 0.135814, 0.166865, 0.221483, 0.232013, 0.285026, 0.378183, 0.813939, 0.828335, 0.876188, 0.917798, 0.985901, 1, 

Generation #2
25,24,0.001, 0.0743716, 0.144367, 0.201806, 0.22985, 0.240101, 0.29096, 0.331888, 0.437673, 0.597481, 0.775943, 0.776944, 0.861735, 1, 

34,8,0.001, 0.0381761, 0.0592684, 0.0876108, 0.127949, 0.133872, 0.153844, 0.181637, 0.198387, 0.260557, 0.283635, 0.324009, 0.376042, 0.392164, 0.432565, 0.474867, 0.486208, 0.48924, 0.526015, 0.833895, 0.853788, 0.91591, 0.968882, 0.976734, 1, 

28,9,0.001, 0.0470953, 0.0684222, 0.0709742, 0.0722972, 0.132451, 0.165632, 0.203869, 0.210717, 0.214935, 0.25495, 0.880412, 0.930676, 0.938005, 0.952558, 1, 

26,14,0.001, 0.0533086, 0.128418, 0.135814, 0.166865, 0.221483, 0.232013, 0.285026, 0.378183, 0.813939, 0.828335, 0.876188, 0.917798, 0.985901, 1, 

24,32,0.001, 0.0439372, 0.350037, 0.579732, 0.596867, 0.62195, 0.665419, 0.686563, 0.78584, 0.96174, 1, 

Generation #3
34,8,0.001, 0.0381761, 0.0592684, 0.0876108, 0.127949, 0.133872, 0.153844, 0.181637, 0.198387, 0.260557, 0.283635, 0.324009, 0.376042, 0.392164, 0.432565, 0.474867, 0.486208, 0.48924, 0.526015, 0.833895, 0.853788, 0.91591, 0.968882, 0.976734, 1, 

28,9,0.001, 0.0470953, 0.0684222, 0.0709742, 0.0722972, 0.132451, 0.165632, 0.203869, 0.210717, 0.214935, 0.25495, 0.880412, 0.930676, 0.938005, 0.952558, 1, 

23,14,0.001, 0.0681001, 0.122666, 0.12892, 0.130268, 0.136562, 0.22533, 0.225851, 0.676495, 0.923016, 1, 

26,12,0.001, 0.060909, 0.160292, 0.0876108, 0.127949, 0.133872, 0.29096, 0.331888, 0.437673, 0.597481, 0.775943, 0.776944, 0.861735, 1, 

Generation #4
34,8,0.001, 0.0381761, 0.0592684, 0.0876108, 0.127949, 0.133872, 0.153844, 0.181637, 0.198387, 0.260557, 0.283635, 0.324009, 0.376042, 0.392164, 0.432565, 0.474867, 0.486208, 0.48924, 0.526015, 0.833895, 0.853788, 0.91591, 0.968882, 0.976734, 1, 

28,9,0.001, 0.0470953, 0.0684222, 0.0709742, 0.0722972, 0.132451, 0.165632, 0.203869, 0.210717, 0.214935, 0.25495, 0.880412, 0.930676, 0.938005, 0.952558, 1, 

23,14,0.001, 0.0681001, 0.122666, 0.12892, 0.130268, 0.136562, 0.22533, 0.225851, 0.676495, 0.923016, 1, 

25,12,0.001, 0.0624196, 0.0669729, 0.0978425, 0.150122, 0.178028, 0.196754, 0.197749, 0.656119, 0.992534, 1, 

35,7,0.001, 0.0470953, 0.0684222, 0.0876108, 0.127949, 0.133872, 0.153844, 0.181637, 0.198387, 0.260557, 0.283635, 0.324009, 0.376042, 0.392164, 0.474867, 0.486208, 0.48924, 0.526015, 0.833895, 0.853788, 0.91591, 0.968882, 0.976734, 1, 

Generation #5
34,8,0.001, 0.0381761, 0.0592684, 0.0876108, 0.127949, 0.133872, 0.153844, 0.181637, 0.198387, 0.260557, 0.283635, 0.324009, 0.376042, 0.392164, 0.432565, 0.474867, 0.486208, 0.48924, 0.526015, 0.833895, 0.853788, 0.91591, 0.968882, 0.976734, 1, 

28,9,0.001, 0.0470953, 0.0684222, 0.0709742, 0.0722972, 0.132451, 0.165632, 0.203869, 0.210717, 0.214935, 0.25495, 0.880412, 0.930676, 0.938005, 0.952558, 1, 

23,14,0.001, 0.0681001, 0.122666, 0.12892, 0.130268, 0.136562, 0.22533, 0.225851, 0.676495, 0.923016, 1, 

35,7,0.001, 0.0470953, 0.0684222, 0.0876108, 0.127949, 0.133872, 0.153844, 0.181637, 0.198387, 0.260557, 0.283635, 0.324009, 0.376042, 0.392164, 0.474867, 0.486208, 0.48924, 0.526015, 0.833895, 0.853788, 0.91591, 0.968882, 0.976734, 1, 

24,10,0.001, 0.072062, 0.0765478, 0.10486, 0.155942, 0.250391, 0.341023, 0.390129, 0.405899, 0.461023, 0.606749, 0.622543, 0.705166, 0.833058, 1, 

22,32,0.001, 0.0470953, 0.0684222, 0.0709742, 0.0722972, 0.595782, 0.614332, 0.624279, 0.676495, 0.923016, 1, 

Generation #6
34,8,0.001, 0.0381761, 0.0592684, 0.0876108, 0.127949, 0.133872, 0.153844, 0.181637, 0.198387, 0.260557, 0.283635, 0.324009, 0.376042, 0.392164, 0.432565, 0.474867, 0.486208, 0.48924, 0.526015, 0.833895, 0.853788, 0.91591, 0.968882, 0.976734, 1, 

28,9,0.001, 0.0470953, 0.0684222, 0.0709742, 0.0722972, 0.132451, 0.165632, 0.203869, 0.210717, 0.214935, 0.25495, 0.880412, 0.930676, 0.938005, 0.952558, 1, 

23,14,0.001, 0.0681001, 0.122666, 0.12892, 0.130268, 0.136562, 0.22533, 0.225851, 0.676495, 0.923016, 1, 

35,7,0.001, 0.0470953, 0.0684222, 0.0876108, 0.127949, 0.133872, 0.153844, 0.181637, 0.198387, 0.260557, 0.283635, 0.324009, 0.376042, 0.392164, 0.474867, 0.486208, 0.48924, 0.526015, 0.833895, 0.853788, 0.91591, 0.968882, 0.976734, 1, 

24,10,0.001, 0.072062, 0.0765478, 0.10486, 0.155942, 0.250391, 0.341023, 0.390129, 0.405899, 0.461023, 0.606749, 0.622543, 0.705166, 0.833058, 1, 

22,32,0.001, 0.0470953, 0.0684222, 0.0709742, 0.0722972, 0.595782, 0.614332, 0.624279, 0.676495, 0.923016, 1, 

Generation #7
23,14,0.001, 0.0681001, 0.122666, 0.12892, 0.130268, 0.136562, 0.22533, 0.225851, 0.676495, 0.923016, 1, 

22,32,0.001, 0.0470953, 0.0684222, 0.0709742, 0.0722972, 0.595782, 0.614332, 0.624279, 0.676495, 0.923016, 1, 

27,7,0.001, 0.0470953, 0.0684222, 0.0876108, 0.127949, 0.133872, 0.153844, 0.181637, 0.198387, 0.214935, 0.25495, 0.369944, 0.880412, 0.930676, 0.938005, 0.952558, 1, 

24,8,0.001, 0.0381761, 0.0592684, 0.0876108, 0.127949, 0.0978375, 0.147771, 0.203226, 0.267506, 0.284107, 0.622543, 0.705166, 0.833058, 1, 

Generation #8
23,14,0.001, 0.0681001, 0.122666, 0.12892, 0.130268, 0.136562, 0.22533, 0.225851, 0.676495, 0.923016, 1, 

22,32,0.001, 0.0470953, 0.0684222, 0.0709742, 0.0722972, 0.595782, 0.614332, 0.624279, 0.676495, 0.923016, 1, 

27,7,0.001, 0.0470953, 0.0684222, 0.0876108, 0.127949, 0.133872, 0.153844, 0.181637, 0.198387, 0.214935, 0.25495, 0.369944, 0.880412, 0.930676, 0.938005, 0.952558, 1, 

24,8,0.001, 0.0381761, 0.0592684, 0.0876108, 0.127949, 0.0978375, 0.147771, 0.203226, 0.267506, 0.284107, 0.622543, 0.705166, 0.833058, 1, 

Generation #9
27,7,0.001, 0.0470953, 0.0684222, 0.0876108, 0.127949, 0.133872, 0.153844, 0.181637, 0.198387, 0.214935, 0.25495, 0.369944, 0.880412, 0.930676, 0.938005, 0.952558, 1, 

24,8,0.001, 0.0381761, 0.0592684, 0.0876108, 0.127949, 0.0978375, 0.147771, 0.203226, 0.267506, 0.284107, 0.622543, 0.705166, 0.833058, 1, 

22,9,0.001, 0.0470953, 0.0684222, 0.0709742, 0.0722972, 0.133872, 0.29096, 0.331888, 0.267506, 0.284107, 0.622543, 0.705166, 0.833058, 1, 

Generation #10
24,8,0.001, 0.0381761, 0.0592684, 0.0876108, 0.127949, 0.0978375, 0.147771, 0.203226, 0.267506, 0.284107, 0.622543, 0.705166, 0.833058, 1, 

22,9,0.001, 0.0470953, 0.0684222, 0.0709742, 0.0722972, 0.133872, 0.29096, 0.331888, 0.267506, 0.284107, 0.622543, 0.705166, 0.833058, 1, 

25,5,0.001, 0.0470953, 0.0684222, 0.0876108, 0.127949, 0.133872, 0.153844, 0.181637, 0.198387, 0.214935, 0.25495, 0.622543, 0.705166, 0.833058, 1, 

Generation #11
24,8,0.001, 0.0381761, 0.0592684, 0.0876108, 0.127949, 0.0978375, 0.147771, 0.203226, 0.267506, 0.284107, 0.622543, 0.705166, 0.833058, 1, 

22,9,0.001, 0.0470953, 0.0684222, 0.0709742, 0.0722972, 0.133872, 0.29096, 0.331888, 0.267506, 0.284107, 0.622543, 0.705166, 0.833058, 1, 

25,5,0.001, 0.0470953, 0.0684222, 0.0876108, 0.127949, 0.133872, 0.153844, 0.181637, 0.198387, 0.214935, 0.25495, 0.622543, 0.705166, 0.833058, 1, 

Generation #12
24,8,0.001, 0.0381761, 0.0592684, 0.0876108, 0.127949, 0.0978375, 0.147771, 0.203226, 0.267506, 0.284107, 0.622543, 0.705166, 0.833058, 1, 

22,9,0.001, 0.0470953, 0.0684222, 0.0709742, 0.0722972, 0.133872, 0.29096, 0.331888, 0.267506, 0.284107, 0.622543, 0.705166, 0.833058, 1, 

25,5,0.001, 0.0470953, 0.0684222, 0.0876108, 0.127949, 0.133872, 0.153844, 0.181637, 0.198387, 0.214935, 0.25495, 0.622543, 0.705166, 0.833058, 1, 

Generation #13
22,9,0.001, 0.0470953, 0.0684222, 0.0709742, 0.0722972, 0.133872, 0.29096, 0.331888, 0.267506, 0.284107, 0.622543, 0.705166, 0.833058, 1, 

25,5,0.001, 0.0470953, 0.0684222, 0.0876108, 0.127949, 0.133872, 0.153844, 0.181637, 0.198387, 0.214935, 0.25495, 0.622543, 0.705166, 0.833058, 1, 

21,17,0.001, 0.060909, 0.160292, 0.0876108, 0.127949, 0.133872, 0.29096, 0.331888, 0.437673, 0.597481, 1, 

24,7,0.001, 0.0470953, 0.0684222, 0.0876108, 0.127949, 0.133872, 0.153844, 0.181637, 0.198387, 0.214935, 0.25495, 0.369944, 0.880412, 1, 

Generation #14
22,9,0.001, 0.0470953, 0.0684222, 0.0709742, 0.0722972, 0.133872, 0.29096, 0.331888, 0.267506, 0.284107, 0.622543, 0.705166, 0.833058, 1, 

25,5,0.001, 0.0470953, 0.0684222, 0.0876108, 0.127949, 0.133872, 0.153844, 0.181637, 0.198387, 0.214935, 0.25495, 0.622543, 0.705166, 0.833058, 1, 

21,17,0.001, 0.060909, 0.160292, 0.0876108, 0.127949, 0.133872, 0.29096, 0.331888, 0.437673, 0.597481, 1, 

24,7,0.001, 0.0470953, 0.0684222, 0.0876108, 0.127949, 0.133872, 0.153844, 0.181637, 0.198387, 0.214935, 0.25495, 0.369944, 0.880412, 1, 

Generation #15
22,9,0.001, 0.0470953, 0.0684222, 0.0709742, 0.0722972, 0.133872, 0.29096, 0.331888, 0.267506, 0.284107, 0.622543, 0.705166, 0.833058, 1, 

25,5,0.001, 0.0470953, 0.0684222, 0.0876108, 0.127949, 0.133872, 0.153844, 0.181637, 0.198387, 0.214935, 0.25495, 0.622543, 0.705166, 0.833058, 1, 

21,17,0.001, 0.060909, 0.160292, 0.0876108, 0.127949, 0.133872, 0.29096, 0.331888, 0.437673, 0.597481, 1, 

23,7,0.001, 0.0470953, 0.0684222, 0.0876108, 0.127949, 0.133872, 0.153844, 0.181637, 0.198387, 0.214935, 0.25495, 0.369944, 0.880412, 1, 

Generation #16
22,9,0.001, 0.0470953, 0.0684222, 0.0709742, 0.0722972, 0.133872, 0.29096, 0.331888, 0.267506, 0.284107, 0.622543, 0.705166, 0.833058, 1, 

25,5,0.001, 0.0470953, 0.0684222, 0.0876108, 0.127949, 0.133872, 0.153844, 0.181637, 0.198387, 0.214935, 0.25495, 0.622543, 0.705166, 0.833058, 1, 

21,17,0.001, 0.060909, 0.160292, 0.0876108, 0.127949, 0.133872, 0.29096, 0.331888, 0.437673, 0.597481, 1, 

23,7,0.001, 0.0470953, 0.0684222, 0.0876108, 0.127949, 0.133872, 0.153844, 0.181637, 0.198387, 0.214935, 0.25495, 0.369944, 0.880412, 1, 

Generation #17
22,9,0.001, 0.0470953, 0.0684222, 0.0709742, 0.0722972, 0.133872, 0.29096, 0.331888, 0.267506, 0.284107, 0.622543, 0.705166, 0.833058, 1, 

25,5,0.001, 0.0470953, 0.0684222, 0.0876108, 0.127949, 0.133872, 0.153844, 0.181637, 0.198387, 0.214935, 0.25495, 0.622543, 0.705166, 0.833058, 1, 

21,17,0.001, 0.060909, 0.160292, 0.0876108, 0.127949, 0.133872, 0.29096, 0.331888, 0.437673, 0.597481, 1, 

23,7,0.001, 0.0470953, 0.0684222, 0.0876108, 0.127949, 0.133872, 0.153844, 0.181637, 0.198387, 0.214935, 0.25495, 0.369944, 0.880412, 1, 

Generation #18
22,9,0.001, 0.0470953, 0.0684222, 0.0709742, 0.0722972, 0.133872, 0.29096, 0.331888, 0.267506, 0.284107, 0.622543, 0.705166, 0.833058, 1, 

25,5,0.001, 0.0470953, 0.0684222, 0.0876108, 0.127949, 0.133872, 0.153844, 0.181637, 0.198387, 0.214935, 0.25495, 0.622543, 0.705166, 0.833058, 1, 

23,7,0.001, 0.0470953, 0.0684222, 0.0876108, 0.127949, 0.133872, 0.153844, 0.181637, 0.198387, 0.214935, 0.25495, 0.369944, 0.880412, 1, 

21,12,0.001, 0.0470953, 0.0684222, 0.12892, 0.130268, 0.136562, 0.22533, 0.225851, 0.676495, 0.923016, 1, 

Generation #19
22,9,0.001, 0.0470953, 0.0684222, 0.0709742, 0.0722972, 0.133872, 0.29096, 0.331888, 0.267506, 0.284107, 0.622543, 0.705166, 0.833058, 1, 

25,5,0.001, 0.0470953, 0.0684222, 0.0876108, 0.127949, 0.133872, 0.153844, 0.181637, 0.198387, 0.214935, 0.25495, 0.622543, 0.705166, 0.833058, 1, 

23,7,0.001, 0.0470953, 0.0684222, 0.0876108, 0.127949, 0.133872, 0.153844, 0.181637, 0.198387, 0.214935, 0.25495, 0.369944, 0.880412, 1, 

21,12,0.001, 0.0470953, 0.0684222, 0.12892, 0.130268, 0.136562, 0.22533, 0.225851, 0.676495, 0.923016, 1, 

Generation #20
25,5,0.001, 0.0470953, 0.0684222, 0.0876108, 0.127949, 0.133872, 0.153844, 0.181637, 0.198387, 0.214935, 0.25495, 0.622543, 0.705166, 0.833058, 1, 

23,7,0.001, 0.0470953, 0.0684222, 0.0876108, 0.127949, 0.133872, 0.153844, 0.181637, 0.198387, 0.214935, 0.25495, 0.369944, 0.880412, 1, 

21,12,0.001, 0.0470953, 0.0684222, 0.12892, 0.130268, 0.136562, 0.22533, 0.225851, 0.676495, 0.923016, 1, 

22,8,0.001, 0.0470953, 0.0684222, 0.0876108, 0.127949, 0.133872, 0.153844, 0.181637, 0.198387, 0.260557, 0.283635, 0.861735, 1, 

Generation #21
25,5,0.001, 0.0470953, 0.0684222, 0.0876108, 0.127949, 0.133872, 0.153844, 0.181637, 0.198387, 0.214935, 0.25495, 0.622543, 0.705166, 0.833058, 1, 

23,7,0.001, 0.0470953, 0.0684222, 0.0876108, 0.127949, 0.133872, 0.153844, 0.181637, 0.198387, 0.214935, 0.25495, 0.369944, 0.880412, 1, 

21,12,0.001, 0.0470953, 0.0684222, 0.12892, 0.130268, 0.136562, 0.22533, 0.225851, 0.676495, 0.923016, 1, 

22,8,0.001, 0.0470953, 0.0684222, 0.0876108, 0.127949, 0.133872, 0.153844, 0.181637, 0.198387, 0.260557, 0.283635, 0.861735, 1, 

Generation #22
25,5,0.001, 0.0470953, 0.0684222, 0.0876108, 0.127949, 0.133872, 0.153844, 0.181637, 0.198387, 0.214935, 0.25495, 0.622543, 0.705166, 0.833058, 1, 

23,7,0.001, 0.0470953, 0.0684222, 0.0876108, 0.127949, 0.133872, 0.153844, 0.181637, 0.198387, 0.214935, 0.25495, 0.369944, 0.880412, 1, 

21,12,0.001, 0.0470953, 0.0684222, 0.12892, 0.130268, 0.136562, 0.22533, 0.225851, 0.676495, 0.923016, 1, 

22,8,0.001, 0.0470953, 0.0684222, 0.0876108, 0.127949, 0.133872, 0.153844, 0.181637, 0.198387, 0.260557, 0.283635, 0.861735, 1, 

Generation #23
25,5,0.001, 0.0470953, 0.0684222, 0.0876108, 0.127949, 0.133872, 0.153844, 0.181637, 0.198387, 0.214935, 0.25495, 0.622543, 0.705166, 0.833058, 1, 

23,7,0.001, 0.0470953, 0.0684222, 0.0876108, 0.127949, 0.133872, 0.153844, 0.181637, 0.198387, 0.214935, 0.25495, 0.369944, 0.880412, 1, 

21,12,0.001, 0.0470953, 0.0684222, 0.12892, 0.130268, 0.136562, 0.22533, 0.225851, 0.676495, 0.923016, 1, 

22,8,0.001, 0.0470953, 0.0684222, 0.0876108, 0.127949, 0.133872, 0.153844, 0.181637, 0.198387, 0.260557, 0.283635, 0.861735, 1, 

20,15,0.001, 0.0470953, 0.0684222, 0.12892, 0.130268, 0.136562, 0.22533, 0.225851, 0.676495, 1, 

Generation #24
25,5,0.001, 0.0470953, 0.0684222, 0.0876108, 0.127949, 0.133872, 0.153844, 0.181637, 0.198387, 0.214935, 0.25495, 0.622543, 0.705166, 0.833058, 1, 

23,7,0.001, 0.0470953, 0.0684222, 0.0876108, 0.127949, 0.133872, 0.153844, 0.181637, 0.198387, 0.214935, 0.25495, 0.369944, 0.880412, 1, 

21,12,0.001, 0.0470953, 0.0684222, 0.12892, 0.130268, 0.136562, 0.22533, 0.225851, 0.676495, 0.923016, 1, 

22,8,0.001, 0.0470953, 0.0684222, 0.0876108, 0.127949, 0.133872, 0.153844, 0.181637, 0.198387, 0.260557, 0.283635, 0.861735, 1, 

20,15,0.001, 0.0470953, 0.0684222, 0.12892, 0.130268, 0.136562, 0.22533, 0.225851, 0.676495, 1, 

Generation #25
25,5,0.001, 0.0470953, 0.0684222, 0.0876108, 0.127949, 0.133872, 0.153844, 0.181637, 0.198387, 0.214935, 0.25495, 0.622543, 0.705166, 0.833058, 1, 

23,7,0.001, 0.0470953, 0.0684222, 0.0876108, 0.127949, 0.133872, 0.153844, 0.181637, 0.198387, 0.214935, 0.25495, 0.369944, 0.880412, 1, 

21,12,0.001, 0.0470953, 0.0684222, 0.12892, 0.130268, 0.136562, 0.22533, 0.225851, 0.676495, 0.923016, 1, 

22,8,0.001, 0.0470953, 0.0684222, 0.0876108, 0.127949, 0.133872, 0.153844, 0.181637, 0.198387, 0.260557, 0.283635, 0.861735, 1, 

20,15,0.001, 0.0470953, 0.0684222, 0.12892, 0.130268, 0.136562, 0.22533, 0.225851, 0.676495, 1, 

Generation #26
25,5,0.001, 0.0470953, 0.0684222, 0.0876108, 0.127949, 0.133872, 0.153844, 0.181637, 0.198387, 0.214935, 0.25495, 0.622543, 0.705166, 0.833058, 1, 

23,7,0.001, 0.0470953, 0.0684222, 0.0876108, 0.127949, 0.133872, 0.153844, 0.181637, 0.198387, 0.214935, 0.25495, 0.369944, 0.880412, 1, 

21,12,0.001, 0.0470953, 0.0684222, 0.12892, 0.130268, 0.136562, 0.22533, 0.225851, 0.676495, 0.923016, 1, 

22,8,0.001, 0.0470953, 0.0684222, 0.0876108, 0.127949, 0.133872, 0.153844, 0.181637, 0.198387, 0.260557, 0.283635, 0.861735, 1, 

20,15,0.001, 0.0470953, 0.0684222, 0.12892, 0.130268, 0.136562, 0.22533, 0.225851, 0.676495, 1, 

Generation #27
25,5,0.001, 0.0470953, 0.0684222, 0.0876108, 0.127949, 0.133872, 0.153844, 0.181637, 0.198387, 0.214935, 0.25495, 0.622543, 0.705166, 0.833058, 1, 

23,7,0.001, 0.0470953, 0.0684222, 0.0876108, 0.127949, 0.133872, 0.153844, 0.181637, 0.198387, 0.214935, 0.25495, 0.369944, 0.880412, 1, 

21,12,0.001, 0.0470953, 0.0684222, 0.12892, 0.130268, 0.136562, 0.22533, 0.225851, 0.676495, 0.923016, 1, 

22,8,0.001, 0.0470953, 0.0684222, 0.0876108, 0.127949, 0.133872, 0.153844, 0.181637, 0.198387, 0.260557, 0.283635, 0.861735, 1, 

20,15,0.001, 0.0470953, 0.0684222, 0.12892, 0.130268, 0.136562, 0.22533, 0.225851, 0.676495, 1, 

Generation #28
25,5,0.001, 0.0470953, 0.0684222, 0.0876108, 0.127949, 0.133872, 0.153844, 0.181637, 0.198387, 0.214935, 0.25495, 0.622543, 0.705166, 0.833058, 1, 

23,7,0.001, 0.0470953, 0.0684222, 0.0876108, 0.127949, 0.133872, 0.153844, 0.181637, 0.198387, 0.214935, 0.25495, 0.369944, 0.880412, 1, 

21,12,0.001, 0.0470953, 0.0684222, 0.12892, 0.130268, 0.136562, 0.22533, 0.225851, 0.676495, 0.923016, 1, 

22,8,0.001, 0.0470953, 0.0684222, 0.0876108, 0.127949, 0.133872, 0.153844, 0.181637, 0.198387, 0.260557, 0.283635, 0.861735, 1, 

20,15,0.001, 0.0470953, 0.0684222, 0.12892, 0.130268, 0.136562, 0.22533, 0.225851, 0.676495, 1, 

Generation #29
25,5,0.001, 0.0470953, 0.0684222, 0.0876108, 0.127949, 0.133872, 0.153844, 0.181637, 0.198387, 0.214935, 0.25495, 0.622543, 0.705166, 0.833058, 1, 

23,7,0.001, 0.0470953, 0.0684222, 0.0876108, 0.127949, 0.133872, 0.153844, 0.181637, 0.198387, 0.214935, 0.25495, 0.369944, 0.880412, 1, 

21,12,0.001, 0.0470953, 0.0684222, 0.12892, 0.130268, 0.136562, 0.22533, 0.225851, 0.676495, 0.923016, 1, 

22,8,0.001, 0.0470953, 0.0684222, 0.0876108, 0.127949, 0.133872, 0.153844, 0.181637, 0.198387, 0.260557, 0.283635, 0.861735, 1, 

20,15,0.001, 0.0470953, 0.0684222, 0.12892, 0.130268, 0.136562, 0.22533, 0.225851, 0.676495, 1, 

Generation #30
25,5,0.001, 0.0470953, 0.0684222, 0.0876108, 0.127949, 0.133872, 0.153844, 0.181637, 0.198387, 0.214935, 0.25495, 0.622543, 0.705166, 0.833058, 1, 

23,7,0.001, 0.0470953, 0.0684222, 0.0876108, 0.127949, 0.133872, 0.153844, 0.181637, 0.198387, 0.214935, 0.25495, 0.369944, 0.880412, 1, 

21,12,0.001, 0.0470953, 0.0684222, 0.12892, 0.130268, 0.136562, 0.22533, 0.225851, 0.676495, 0.923016, 1, 

22,8,0.001, 0.0470953, 0.0684222, 0.0876108, 0.127949, 0.133872, 0.153844, 0.181637, 0.198387, 0.260557, 0.283635, 0.861735, 1, 

20,15,0.001, 0.0470953, 0.0684222, 0.12892, 0.130268, 0.136562, 0.22533, 0.225851, 0.676495, 1, 

Generation #31
25,5,0.001, 0.0470953, 0.0684222, 0.0876108, 0.127949, 0.133872, 0.153844, 0.181637, 0.198387, 0.214935, 0.25495, 0.622543, 0.705166, 0.833058, 1, 

23,7,0.001, 0.0470953, 0.0684222, 0.0876108, 0.127949, 0.133872, 0.153844, 0.181637, 0.198387, 0.214935, 0.25495, 0.369944, 0.880412, 1, 

21,12,0.001, 0.0470953, 0.0684222, 0.12892, 0.130268, 0.136562, 0.22533, 0.225851, 0.676495, 0.923016, 1, 

22,8,0.001, 0.0470953, 0.0684222, 0.0876108, 0.127949, 0.133872, 0.153844, 0.181637, 0.198387, 0.260557, 0.283635, 0.861735, 1, 

20,15,0.001, 0.0470953, 0.0684222, 0.12892, 0.130268, 0.136562, 0.22533, 0.225851, 0.676495, 1, 

Generation #32
25,5,0.001, 0.0470953, 0.0684222, 0.0876108, 0.127949, 0.133872, 0.153844, 0.181637, 0.198387, 0.214935, 0.25495, 0.622543, 0.705166, 0.833058, 1, 

23,7,0.001, 0.0470953, 0.0684222, 0.0876108, 0.127949, 0.133872, 0.153844, 0.181637, 0.198387, 0.214935, 0.25495, 0.369944, 0.880412, 1, 

22,8,0.001, 0.0470953, 0.0684222, 0.0876108, 0.127949, 0.133872, 0.153844, 0.181637, 0.198387, 0.260557, 0.283635, 0.861735, 1, 

19,12,0.001, 0.0470953, 0.0684222, 0.0876108, 0.127949, 0.133872, 0.153844, 0.181637, 0.676495, 1, 

Generation #33
25,5,0.001, 0.0470953, 0.0684222, 0.0876108, 0.127949, 0.133872, 0.153844, 0.181637, 0.198387, 0.214935, 0.25495, 0.622543, 0.705166, 0.833058, 1, 

23,7,0.001, 0.0470953, 0.0684222, 0.0876108, 0.127949, 0.133872, 0.153844, 0.181637, 0.198387, 0.214935, 0.25495, 0.369944, 0.880412, 1, 

22,8,0.001, 0.0470953, 0.0684222, 0.0876108, 0.127949, 0.133872, 0.153844, 0.181637, 0.198387, 0.260557, 0.283635, 0.861735, 1, 

19,12,0.001, 0.0470953, 0.0684222, 0.0876108, 0.127949, 0.133872, 0.153844, 0.181637, 0.676495, 1, 

Generation #34
25,5,0.001, 0.0470953, 0.0684222, 0.0876108, 0.127949, 0.133872, 0.153844, 0.181637, 0.198387, 0.214935, 0.25495, 0.622543, 0.705166, 0.833058, 1, 

23,7,0.001, 0.0470953, 0.0684222, 0.0876108, 0.127949, 0.133872, 0.153844, 0.181637, 0.198387, 0.214935, 0.25495, 0.369944, 0.880412, 1, 

22,8,0.001, 0.0470953, 0.0684222, 0.0876108, 0.127949, 0.133872, 0.153844, 0.181637, 0.198387, 0.260557, 0.283635, 0.861735, 1, 

19,12,0.001, 0.0470953, 0.0684222, 0.0876108, 0.127949, 0.133872, 0.153844, 0.181637, 0.676495, 1, 

Generation #35
23,7,0.001, 0.0470953, 0.0684222, 0.0876108, 0.127949, 0.133872, 0.153844, 0.181637, 0.198387, 0.214935, 0.25495, 0.369944, 0.880412, 1, 

22,8,0.001, 0.0470953, 0.0684222, 0.0876108, 0.127949, 0.133872, 0.153844, 0.181637, 0.198387, 0.260557, 0.283635, 0.861735, 1, 

19,12,0.001, 0.0470953, 0.0684222, 0.0876108, 0.127949, 0.133872, 0.153844, 0.181637, 0.676495, 1, 

21,11,0.001, 0.0470953, 0.0684222, 0.0876108, 0.127949, 0.133872, 0.153844, 0.181637, 0.198387, 0.260557, 1, 

24,5,0.001, 0.0470953, 0.0684222, 0.0876108, 0.127949, 0.133872, 0.153844, 0.181637, 0.198387, 0.214935, 0.622543, 0.705166, 0.880412, 1, 

Generation #36
22,8,0.001, 0.0470953, 0.0684222, 0.0876108, 0.127949, 0.133872, 0.153844, 0.181637, 0.198387, 0.260557, 0.283635, 0.861735, 1, 

19,12,0.001, 0.0470953, 0.0684222, 0.0876108, 0.127949, 0.133872, 0.153844, 0.181637, 0.676495, 1, 

21,11,0.001, 0.0470953, 0.0684222, 0.0876108, 0.127949, 0.133872, 0.153844, 0.181637, 0.198387, 0.260557, 1, 

24,5,0.001, 0.0470953, 0.0684222, 0.0876108, 0.127949, 0.133872, 0.153844, 0.181637, 0.198387, 0.214935, 0.622543, 0.705166, 0.880412, 1, 

23,6,0.001, 0.0381761, 0.0592684, 0.0876108, 0.127949, 0.133872, 0.153844, 0.181637, 0.260557, 0.260557, 0.283635, 0.0179422, 0.861735, 1, 

Generation #37
22,8,0.001, 0.0470953, 0.0684222, 0.0876108, 0.127949, 0.133872, 0.153844, 0.181637, 0.198387, 0.260557, 0.283635, 0.861735, 1, 

19,12,0.001, 0.0470953, 0.0684222, 0.0876108, 0.127949, 0.133872, 0.153844, 0.181637, 0.676495, 1, 

21,11,0.001, 0.0470953, 0.0684222, 0.0876108, 0.127949, 0.133872, 0.153844, 0.181637, 0.198387, 0.260557, 1, 

24,5,0.001, 0.0470953, 0.0684222, 0.0876108, 0.127949, 0.133872, 0.153844, 0.181637, 0.198387, 0.214935, 0.622543, 0.705166, 0.880412, 1, 

23,6,0.001, 0.0381761, 0.0592684, 0.0876108, 0.127949, 0.133872, 0.153844, 0.181637, 0.260557, 0.260557, 0.283635, 0.0179422, 0.861735, 1, 

Generation #38
22,8,0.001, 0.0470953, 0.0684222, 0.0876108, 0.127949, 0.133872, 0.153844, 0.181637, 0.198387, 0.260557, 0.283635, 0.861735, 1, 

19,12,0.001, 0.0470953, 0.0684222, 0.0876108, 0.127949, 0.133872, 0.153844, 0.181637, 0.676495, 1, 

21,11,0.001, 0.0470953, 0.0684222, 0.0876108, 0.127949, 0.133872, 0.153844, 0.181637, 0.198387, 0.260557, 1, 

24,5,0.001, 0.0470953, 0.0684222, 0.0876108, 0.127949, 0.133872, 0.153844, 0.181637, 0.198387, 0.214935, 0.622543, 0.705166, 0.880412, 1, 

23,6,0.001, 0.0381761, 0.0592684, 0.0876108, 0.127949, 0.133872, 0.153844, 0.181637, 0.260557, 0.260557, 0.283635, 0.0179422, 0.861735, 1, 

Generation #39
22,8,0.001, 0.0470953, 0.0684222, 0.0876108, 0.127949, 0.133872, 0.153844, 0.181637, 0.198387, 0.260557, 0.283635, 0.861735, 1, 

19,12,0.001, 0.0470953, 0.0684222, 0.0876108, 0.127949, 0.133872, 0.153844, 0.181637, 0.676495, 1, 

21,11,0.001, 0.0470953, 0.0684222, 0.0876108, 0.127949, 0.133872, 0.153844, 0.181637, 0.198387, 0.260557, 1, 

24,5,0.001, 0.0470953, 0.0684222, 0.0876108, 0.127949, 0.133872, 0.153844, 0.181637, 0.198387, 0.214935, 0.622543, 0.705166, 0.880412, 1, 

23,6,0.001, 0.0381761, 0.0592684, 0.0876108, 0.127949, 0.133872, 0.153844, 0.181637, 0.260557, 0.260557, 0.283635, 0.0179422, 0.861735, 1, 

Generation #40
22,8,0.001, 0.0470953, 0.0684222, 0.0876108, 0.127949, 0.133872, 0.153844, 0.181637, 0.198387, 0.260557, 0.283635, 0.861735, 1, 

19,12,0.001, 0.0470953, 0.0684222, 0.0876108, 0.127949, 0.133872, 0.153844, 0.181637, 0.676495, 1, 

21,11,0.001, 0.0470953, 0.0684222, 0.0876108, 0.127949, 0.133872, 0.153844, 0.181637, 0.198387, 0.260557, 1, 

24,5,0.001, 0.0470953, 0.0684222, 0.0876108, 0.127949, 0.133872, 0.153844, 0.181637, 0.198387, 0.214935, 0.622543, 0.705166, 0.880412, 1, 

23,6,0.001, 0.0381761, 0.0592684, 0.0876108, 0.127949, 0.133872, 0.153844, 0.181637, 0.260557, 0.260557, 0.283635, 0.0179422, 0.861735, 1, 

Generation #41
22,8,0.001, 0.0470953, 0.0684222, 0.0876108, 0.127949, 0.133872, 0.153844, 0.181637, 0.198387, 0.260557, 0.283635, 0.861735, 1, 

19,12,0.001, 0.0470953, 0.0684222, 0.0876108, 0.127949, 0.133872, 0.153844, 0.181637, 0.676495, 1, 

21,11,0.001, 0.0470953, 0.0684222, 0.0876108, 0.127949, 0.133872, 0.153844, 0.181637, 0.198387, 0.260557, 1, 

24,5,0.001, 0.0470953, 0.0684222, 0.0876108, 0.127949, 0.133872, 0.153844, 0.181637, 0.198387, 0.214935, 0.622543, 0.705166, 0.880412, 1, 

23,6,0.001, 0.0381761, 0.0592684, 0.0876108, 0.127949, 0.133872, 0.153844, 0.181637, 0.260557, 0.260557, 0.283635, 0.0179422, 0.861735, 1, 

Generation #42
22,8,0.001, 0.0470953, 0.0684222, 0.0876108, 0.127949, 0.133872, 0.153844, 0.181637, 0.198387, 0.260557, 0.283635, 0.861735, 1, 

19,12,0.001, 0.0470953, 0.0684222, 0.0876108, 0.127949, 0.133872, 0.153844, 0.181637, 0.676495, 1, 

21,11,0.001, 0.0470953, 0.0684222, 0.0876108, 0.127949, 0.133872, 0.153844, 0.181637, 0.198387, 0.260557, 1, 

24,5,0.001, 0.0470953, 0.0684222, 0.0876108, 0.127949, 0.133872, 0.153844, 0.181637, 0.198387, 0.214935, 0.622543, 0.705166, 0.880412, 1, 

23,6,0.001, 0.0381761, 0.0592684, 0.0876108, 0.127949, 0.133872, 0.153844, 0.181637, 0.260557, 0.260557, 0.283635, 0.0179422, 0.861735, 1, 

Generation #43
22,8,0.001, 0.0470953, 0.0684222, 0.0876108, 0.127949, 0.133872, 0.153844, 0.181637, 0.198387, 0.260557, 0.283635, 0.861735, 1, 

19,12,0.001, 0.0470953, 0.0684222, 0.0876108, 0.127949, 0.133872, 0.153844, 0.181637, 0.676495, 1, 

21,11,0.001, 0.0470953, 0.0684222, 0.0876108, 0.127949, 0.133872, 0.153844, 0.181637, 0.198387, 0.260557, 1, 

24,5,0.001, 0.0470953, 0.0684222, 0.0876108, 0.127949, 0.133872, 0.153844, 0.181637, 0.198387, 0.214935, 0.622543, 0.705166, 0.880412, 1, 

23,6,0.001, 0.0381761, 0.0592684, 0.0876108, 0.127949, 0.133872, 0.153844, 0.181637, 0.260557, 0.260557, 0.283635, 0.0179422, 0.861735, 1, 

Generation #44
22,8,0.001, 0.0470953, 0.0684222, 0.0876108, 0.127949, 0.133872, 0.153844, 0.181637, 0.198387, 0.260557, 0.283635, 0.861735, 1, 

19,12,0.001, 0.0470953, 0.0684222, 0.0876108, 0.127949, 0.133872, 0.153844, 0.181637, 0.676495, 1, 

21,11,0.001, 0.0470953, 0.0684222, 0.0876108, 0.127949, 0.133872, 0.153844, 0.181637, 0.198387, 0.260557, 1, 

24,5,0.001, 0.0470953, 0.0684222, 0.0876108, 0.127949, 0.133872, 0.153844, 0.181637, 0.198387, 0.214935, 0.622543, 0.705166, 0.880412, 1, 

23,6,0.001, 0.0381761, 0.0592684, 0.0876108, 0.127949, 0.133872, 0.153844, 0.181637, 0.260557, 0.260557, 0.283635, 0.0179422, 0.861735, 1, 

Generation #45
22,8,0.001, 0.0470953, 0.0684222, 0.0876108, 0.127949, 0.133872, 0.153844, 0.181637, 0.198387, 0.260557, 0.283635, 0.861735, 1, 

19,12,0.001, 0.0470953, 0.0684222, 0.0876108, 0.127949, 0.133872, 0.153844, 0.181637, 0.676495, 1, 

21,11,0.001, 0.0470953, 0.0684222, 0.0876108, 0.127949, 0.133872, 0.153844, 0.181637, 0.198387, 0.260557, 1, 

24,5,0.001, 0.0470953, 0.0684222, 0.0876108, 0.127949, 0.133872, 0.153844, 0.181637, 0.198387, 0.214935, 0.622543, 0.705166, 0.880412, 1, 

23,6,0.001, 0.0381761, 0.0592684, 0.0876108, 0.127949, 0.133872, 0.153844, 0.181637, 0.260557, 0.260557, 0.283635, 0.0179422, 0.861735, 1, 

Generation #46
22,8,0.001, 0.0470953, 0.0684222, 0.0876108, 0.127949, 0.133872, 0.153844, 0.181637, 0.198387, 0.260557, 0.283635, 0.861735, 1, 

19,12,0.001, 0.0470953, 0.0684222, 0.0876108, 0.127949, 0.133872, 0.153844, 0.181637, 0.676495, 1, 

21,11,0.001, 0.0470953, 0.0684222, 0.0876108, 0.127949, 0.133872, 0.153844, 0.181637, 0.198387, 0.260557, 1, 

24,5,0.001, 0.0470953, 0.0684222, 0.0876108, 0.127949, 0.133872, 0.153844, 0.181637, 0.198387, 0.214935, 0.622543, 0.705166, 0.880412, 1, 

23,6,0.001, 0.0381761, 0.0592684, 0.0876108, 0.127949, 0.133872, 0.153844, 0.181637, 0.260557, 0.260557, 0.283635, 0.0179422, 0.861735, 1, 

Generation #47
22,8,0.001, 0.0470953, 0.0684222, 0.0876108, 0.127949, 0.133872, 0.153844, 0.181637, 0.198387, 0.260557, 0.283635, 0.861735, 1, 

19,12,0.001, 0.0470953, 0.0684222, 0.0876108, 0.127949, 0.133872, 0.153844, 0.181637, 0.676495, 1, 

24,5,0.001, 0.0470953, 0.0684222, 0.0876108, 0.127949, 0.133872, 0.153844, 0.181637, 0.198387, 0.214935, 0.622543, 0.705166, 0.880412, 1, 

23,6,0.001, 0.0381761, 0.0592684, 0.0876108, 0.127949, 0.133872, 0.153844, 0.181637, 0.260557, 0.260557, 0.283635, 0.0179422, 0.861735, 1, 

21,10,0.001, 0.0470953, 0.0684222, 0.12892, 0.210396, 0.136562, 0.22533, 0.225851, 0.676495, 0.923016, 1, 

Generation #48
19,12,0.001, 0.0470953, 0.0684222, 0.0876108, 0.127949, 0.133872, 0.153844, 0.181637, 0.676495, 1, 

24,5,0.001, 0.0470953, 0.0684222, 0.0876108, 0.127949, 0.133872, 0.153844, 0.181637, 0.198387, 0.214935, 0.622543, 0.705166, 0.880412, 1, 

23,6,0.001, 0.0381761, 0.0592684, 0.0876108, 0.127949, 0.133872, 0.153844, 0.181637, 0.260557, 0.260557, 0.283635, 0.0179422, 0.861735, 1, 

21,8,0.001, 0.0470953, 0.0684222, 0.0876108, 0.127949, 0.133872, 0.153844, 0.181637, 0.198387, 0.214935, 0.25495, 0.369944, 0.880412, 1, 

Generation #49
19,12,0.001, 0.0470953, 0.0684222, 0.0876108, 0.127949, 0.133872, 0.153844, 0.181637, 0.676495, 1, 

24,5,0.001, 0.0470953, 0.0684222, 0.0876108, 0.127949, 0.133872, 0.153844, 0.181637, 0.198387, 0.214935, 0.622543, 0.705166, 0.880412, 1, 

23,6,0.001, 0.0381761, 0.0592684, 0.0876108, 0.127949, 0.133872, 0.153844, 0.181637, 0.260557, 0.260557, 0.283635, 0.0179422, 0.861735, 1, 

21,8,0.001, 0.0470953, 0.0684222, 0.0876108, 0.127949, 0.133872, 0.153844, 0.181637, 0.198387, 0.214935, 0.25495, 0.369944, 0.880412, 1, 

--- Pareto Front Solutions ---
Solution 0: N total=79 (N_initial=60, N_added=19), Time total=15 ms, Saved to: ./results/Make_t2_l2_pareto_0.csv, percents=0.001, 0.0470953, 0.0684222, 0.0876108, 0.127949, 0.133872, 0.153844, 0.181637, 0.676495, 1, 

Solution 1: N total=84 (N_initial=60, N_added=24), Time total=8 ms, Saved to: ./results/Make_t2_l2_pareto_1.csv, percents=0.001, 0.0470953, 0.0684222, 0.0876108, 0.127949, 0.133872, 0.153844, 0.181637, 0.198387, 0.214935, 0.622543, 0.705166, 0.880412, 1, 

Solution 2: N total=83 (N_initial=60, N_added=23), Time total=9 ms, Saved to: ./results/Make_t2_l2_pareto_2.csv, percents=0.001, 0.0381761, 0.0592684, 0.0876108, 0.127949, 0.133872, 0.153844, 0.181637, 0.260557, 0.260557, 0.283635, 0.0179422, 0.861735, 1, 

Solution 3: N total=81 (N_initial=60, N_added=21), Time total=11 ms, Saved to: ./results/Make_t2_l2_pareto_3.csv, percents=0.001, 0.0470953, 0.0684222, 0.0876108, 0.127949, 0.133872, 0.153844, 0.181637, 0.198387, 0.214935, 0.25495, 0.369944, 0.880412, 1, 

------------d=1, t=2, lambda=3, filename=./evaluation/Make/Make_2_3.csv------------
Computing partitioned counts of d-sets...
Ready to look at pairs based on partitioned counts...
First Stage N=90, Time=3
There are 8 remaining non-locating pairs
--- Running GA Algorithm (phase2) ---
Running GA with std::execution::par
Generation #0
20,0,0.001, 0.0884048, 0.167286, 0.257911, 0.372145, 0.46945, 0.492256, 0.507575, 0.550238, 0.652153, 0.718812, 0.760781, 0.802573, 0.828957, 0.882299, 0.955718, 0.96801, 0.988116, 1, 

14,1,0.001, 0.177252, 0.178386, 0.31829, 0.453473, 0.578175, 0.602388, 0.759689, 0.798825, 0.85263, 0.853758, 0.906886, 1, 

13,4,0.001, 0.081682, 0.119346, 0.16001, 0.160293, 0.401202, 0.471467, 0.620184, 0.778664, 0.880111, 1, 

Generation #1
13,4,0.001, 0.081682, 0.119346, 0.16001, 0.160293, 0.401202, 0.471467, 0.620184, 0.778664, 0.880111, 1, 

14,0,0.001, 0.0198855, 0.0409309, 0.0557286, 0.093976, 0.470885, 0.48731, 0.532108, 0.647366, 0.975297, 0.993778, 1, 

Generation #2
12,2,0.102028, 0.142204, 0.147572, 0.167391, 0.221261, 0.231642, 0.251937, 0.849093, 0.960113, 1, 

13,0,0.001, 0.0217277, 0.0385763, 0.306363, 0.323631, 0.470885, 0.48731, 0.532108, 0.647366, 0.975297, 0.878471, 1, 

Generation #3
13,0,0.001, 0.0217277, 0.0385763, 0.306363, 0.323631, 0.470885, 0.48731, 0.532108, 0.647366, 0.975297, 0.878471, 1, 

12,1,0.001, 0.0198855, 0.0409309, 0.0557286, 0.093976, 0.154226, 0.18712, 0.216727, 0.333508, 0.968447, 1, 

Generation #4
12,0,0.001, 0.213894, 0.217658, 0.326035, 0.424311, 0.610036, 0.648866, 0.798501, 0.927363, 1, 

Generation #5
12,0,0.001, 0.213894, 0.217658, 0.326035, 0.424311, 0.610036, 0.648866, 0.798501, 0.927363, 1, 

Generation #6
12,0,0.001, 0.213894, 0.217658, 0.326035, 0.424311, 0.610036, 0.648866, 0.798501, 0.927363, 1, 

Generation #7
11,0,0.001, 0.067758, 0.104965, 0.146815, 0.215955, 0.221037, 0.648866, 0.798501, 0.927363, 1, 

Generation #8
11,0,0.001, 0.067758, 0.104965, 0.146815, 0.215955, 0.221037, 0.648866, 0.798501, 0.927363, 1, 

Generation #9
11,0,0.001, 0.067758, 0.104965, 0.146815, 0.215955, 0.221037, 0.648866, 0.798501, 0.927363, 1, 

Generation #10
11,0,0.001, 0.067758, 0.104965, 0.146815, 0.215955, 0.221037, 0.648866, 0.798501, 0.927363, 1, 

Generation #11
10,0,0.001, 0.0255715, 0.0539936, 0.157132, 0.219523, 0.452994, 0.171029, 0.338838, 0.339584, 1, 

Generation #12
10,0,0.001, 0.0255715, 0.0539936, 0.157132, 0.219523, 0.452994, 0.171029, 0.338838, 0.339584, 1, 

Generation #13
10,0,0.001, 0.0255715, 0.0539936, 0.157132, 0.219523, 0.452994, 0.171029, 0.338838, 0.339584, 1, 

Generation #14
10,0,0.001, 0.0255715, 0.0539936, 0.157132, 0.219523, 0.452994, 0.171029, 0.338838, 0.339584, 1, 

Generation #15
10,0,0.001, 0.0255715, 0.0539936, 0.157132, 0.219523, 0.452994, 0.171029, 0.338838, 0.339584, 1, 

Generation #16
10,0,0.001, 0.0255715, 0.0539936, 0.157132, 0.219523, 0.452994, 0.171029, 0.338838, 0.339584, 1, 

Generation #17
10,0,0.001, 0.0255715, 0.0539936, 0.157132, 0.219523, 0.452994, 0.171029, 0.338838, 0.339584, 1, 

Generation #18
10,0,0.001, 0.0255715, 0.0539936, 0.157132, 0.219523, 0.452994, 0.171029, 0.338838, 0.339584, 1, 

Generation #19
10,0,0.001, 0.0255715, 0.0539936, 0.157132, 0.219523, 0.452994, 0.171029, 0.338838, 0.339584, 1, 

Generation #20
10,0,0.001, 0.0255715, 0.0539936, 0.157132, 0.219523, 0.452994, 0.171029, 0.338838, 0.339584, 1, 

Generation #21
9,0,0.001, 0.142204, 0.268212, 0.173538, 0.193038, 0.470885, 0.960113, 1, 

Generation #22
9,0,0.001, 0.142204, 0.268212, 0.173538, 0.193038, 0.470885, 0.960113, 1, 

Generation #23
9,0,0.001, 0.142204, 0.268212, 0.173538, 0.193038, 0.470885, 0.960113, 1, 

Generation #24
9,0,0.001, 0.142204, 0.268212, 0.173538, 0.193038, 0.470885, 0.960113, 1, 

Generation #25
9,0,0.001, 0.142204, 0.268212, 0.173538, 0.193038, 0.470885, 0.960113, 1, 

Generation #26
9,0,0.001, 0.142204, 0.268212, 0.173538, 0.193038, 0.470885, 0.960113, 1, 

Generation #27
9,0,0.001, 0.142204, 0.268212, 0.173538, 0.193038, 0.470885, 0.960113, 1, 

Generation #28
9,0,0.001, 0.142204, 0.268212, 0.173538, 0.193038, 0.470885, 0.960113, 1, 

Generation #29
9,0,0.001, 0.142204, 0.268212, 0.173538, 0.193038, 0.470885, 0.960113, 1, 

Generation #30
9,0,0.001, 0.142204, 0.268212, 0.173538, 0.193038, 0.470885, 0.960113, 1, 

Generation #31
9,0,0.001, 0.142204, 0.268212, 0.173538, 0.193038, 0.470885, 0.960113, 1, 

Generation #32
9,0,0.001, 0.142204, 0.268212, 0.173538, 0.193038, 0.470885, 0.960113, 1, 

Generation #33
9,0,0.001, 0.142204, 0.268212, 0.173538, 0.193038, 0.470885, 0.960113, 1, 

Generation #34
9,0,0.001, 0.142204, 0.268212, 0.173538, 0.193038, 0.470885, 0.960113, 1, 

Generation #35
9,0,0.001, 0.142204, 0.268212, 0.173538, 0.193038, 0.470885, 0.960113, 1, 

Generation #36
9,0,0.001, 0.142204, 0.268212, 0.173538, 0.193038, 0.470885, 0.960113, 1, 

Generation #37
9,0,0.001, 0.142204, 0.268212, 0.173538, 0.193038, 0.470885, 0.960113, 1, 

Generation #38
9,0,0.001, 0.142204, 0.268212, 0.173538, 0.193038, 0.470885, 0.960113, 1, 

Generation #39
9,0,0.001, 0.142204, 0.268212, 0.173538, 0.193038, 0.470885, 0.960113, 1, 

Generation #40
9,0,0.001, 0.142204, 0.268212, 0.173538, 0.193038, 0.470885, 0.960113, 1, 

Generation #41
9,0,0.001, 0.142204, 0.268212, 0.173538, 0.193038, 0.470885, 0.960113, 1, 

Generation #42
9,0,0.001, 0.142204, 0.268212, 0.173538, 0.193038, 0.470885, 0.960113, 1, 

Generation #43
9,0,0.001, 0.142204, 0.268212, 0.173538, 0.193038, 0.470885, 0.960113, 1, 

Generation #44
9,0,0.001, 0.142204, 0.268212, 0.173538, 0.193038, 0.470885, 0.960113, 1, 

Generation #45
9,0,0.001, 0.142204, 0.268212, 0.173538, 0.193038, 0.470885, 0.960113, 1, 

Generation #46
9,0,0.001, 0.142204, 0.268212, 0.173538, 0.193038, 0.470885, 0.960113, 1, 

Generation #47
9,0,0.001, 0.142204, 0.268212, 0.173538, 0.193038, 0.470885, 0.960113, 1, 

Generation #48
9,0,0.001, 0.142204, 0.268212, 0.173538, 0.193038, 0.470885, 0.960113, 1, 

8,7,0.001, 0.158273, 0.174193, 0.173538, 0.193038, 1, 

Generation #49
9,0,0.001, 0.142204, 0.268212, 0.173538, 0.193038, 0.470885, 0.960113, 1, 

8,7,0.001, 0.158273, 0.174193, 0.173538, 0.193038, 1, 

--- Pareto Front Solutions ---
Solution 0: N total=99 (N_initial=90, N_added=9), Time total=3 ms, Saved to: ./results/Make_t2_l3_pareto_0.csv, percents=0.001, 0.142204, 0.268212, 0.173538, 0.193038, 0.470885, 0.960113, 1, 

Solution 1: N total=98 (N_initial=90, N_added=8), Time total=10 ms, Saved to: ./results/Make_t2_l3_pareto_1.csv, percents=0.001, 0.158273, 0.174193, 0.173538, 0.193038, 1, 

------------d=1, t=2, lambda=4, filename=./evaluation/Make/Make_2_4.csv------------
Computing partitioned counts of d-sets...
Ready to look at pairs based on partitioned counts...
First Stage N=120, Time=3
There are 0 remaining non-locating pairs
Array is already valid. Saved initial array to ./Make_t2_l4_final.csv
