------------d=1, t=2, lambda=1, filename=./evaluation/Make/Make_2_1.csv------------
Computing partitioned counts of d-sets...
Ready to look at pairs based on partitioned counts...
First Stage N=30, Time=4
There are 1464 remaining non-locating pairs
--- Running GA Algorithm (phase2) ---
Running GA with std::execution::par
Generation #0
35,506,0.001, 0.139605, 0.219523, 0.33745, 0.371203, 0.465486, 0.467519, 0.710549, 0.845754, 0.979017, 1, 

43,314,0.001, 0.0259043, 0.130204, 0.17025, 0.232543, 0.423074, 0.425028, 0.44652, 0.475025, 0.556769, 0.629394, 0.724175, 0.7556, 0.828216, 0.865924, 0.931853, 0.992179, 1, 

37,364,0.001, 0.0970704, 0.133815, 0.193307, 0.314824, 0.330009, 0.392028, 0.397921, 0.422169, 0.783244, 0.803073, 0.930679, 1, 

45,189,0.001, 0.0219461, 0.0261442, 0.0262016, 0.0663368, 0.100799, 0.164494, 0.217953, 0.230267, 0.239707, 0.475426, 0.477239, 0.511489, 0.606937, 0.610299, 0.685118, 0.749872, 0.761045, 0.79815, 0.843834, 0.85952, 0.956795, 1, 

Generation #1
35,506,0.001, 0.139605, 0.219523, 0.33745, 0.371203, 0.465486, 0.467519, 0.710549, 0.845754, 0.979017, 1, 

36,277,0.001, 0.0472392, 0.0794125, 0.141696, 0.194206, 0.22622, 0.254485, 0.372164, 0.393958, 0.397675, 1, 

51,181,0.001, 0.0234395, 0.0390873, 0.0460126, 0.10239, 0.111185, 0.134715, 0.212079, 0.243302, 0.251531, 0.26423, 0.327027, 0.376729, 0.38517, 0.450829, 0.477398, 0.482188, 0.500265, 0.606337, 0.609739, 0.635615, 0.677949, 0.680288, 0.683138, 0.739085, 0.751494, 0.883742, 0.897283, 0.972106, 1, 

38,183,0.001, 0.0219461, 0.0261442, 0.0262016, 0.0663368, 0.100799, 0.164494, 0.217953, 0.230267, 0.239707, 0.475426, 0.477239, 1, 

Generation #2
35,506,0.001, 0.139605, 0.219523, 0.33745, 0.371203, 0.465486, 0.467519, 0.710549, 0.845754, 0.979017, 1, 

38,183,0.001, 0.0219461, 0.0261442, 0.0262016, 0.0663368, 0.100799, 0.164494, 0.217953, 0.230267, 0.239707, 0.475426, 0.477239, 1, 

49,178,0.001, 0.00563984, 0.0472926, 0.0698625, 0.0751163, 0.198198, 0.226628, 0.274555, 0.301448, 0.330416, 0.408317, 0.413537, 0.600954, 0.665264, 0.673547, 0.693171, 0.748014, 0.773028, 0.803385, 0.892334, 0.903401, 1, 

43,182,0.001, 0.0211516, 0.0392133, 0.0765168, 0.109886, 0.191137, 0.191838, 0.388656, 0.457753, 0.581852, 0.66415, 0.680059, 0.821016, 0.853868, 0.979439, 1, 

36,192,0.001, 0.0566752, 0.0752839, 0.0777061, 0.0863873, 0.137015, 0.159559, 0.187127, 0.248876, 0.279032, 0.421249, 0.482314, 0.985471, 1, 

Generation #3
35,506,0.001, 0.139605, 0.219523, 0.33745, 0.371203, 0.465486, 0.467519, 0.710549, 0.845754, 0.979017, 1, 

43,168,0.001, 0.00563984, 0.0472926, 0.0698625, 0.0751163, 0.119161, 0.216399, 0.246362, 0.302584, 0.345675, 0.346068, 0.390185, 0.681956, 0.730174, 0.790543, 0.830789, 0.837945, 0.848143, 0.885335, 1, 

36,182,0.001, 0.017851, 0.0501659, 0.0513067, 0.110065, 0.137015, 0.159559, 0.187127, 0.248876, 0.279032, 0.421249, 0.482314, 0.985471, 1, 

Generation #4
43,168,0.001, 0.00563984, 0.0472926, 0.0698625, 0.0751163, 0.119161, 0.216399, 0.246362, 0.302584, 0.345675, 0.346068, 0.390185, 0.681956, 0.730174, 0.790543, 0.830789, 0.837945, 0.848143, 0.885335, 1, 

36,182,0.001, 0.017851, 0.0501659, 0.0513067, 0.110065, 0.137015, 0.159559, 0.187127, 0.248876, 0.279032, 0.421249, 0.482314, 0.985471, 1, 

39,176,0.001, 0.0141455, 0.0218816, 0.0456565, 0.126535, 0.171676, 0.551303, 0.673079, 0.81168, 0.95616, 0.981794, 0.642961, 0.77327, 0.821051, 0.86027, 1, 

34,194,0.001, 0.0141455, 0.0218816, 0.0456565, 0.126535, 0.171676, 0.223503, 0.444907, 0.468192, 0.48206, 0.508834, 1, 

Generation #5
43,168,0.001, 0.00563984, 0.0472926, 0.0698625, 0.0751163, 0.119161, 0.216399, 0.246362, 0.302584, 0.345675, 0.346068, 0.390185, 0.681956, 0.730174, 0.790543, 0.830789, 0.837945, 0.848143, 0.885335, 1, 

36,182,0.001, 0.017851, 0.0501659, 0.0513067, 0.110065, 0.137015, 0.159559, 0.187127, 0.248876, 0.279032, 0.421249, 0.482314, 0.985471, 1, 

39,176,0.001, 0.0141455, 0.0218816, 0.0456565, 0.126535, 0.171676, 0.551303, 0.673079, 0.81168, 0.95616, 0.981794, 0.642961, 0.77327, 0.821051, 0.86027, 1, 

34,194,0.001, 0.0141455, 0.0218816, 0.0456565, 0.126535, 0.171676, 0.223503, 0.444907, 0.468192, 0.48206, 0.508834, 1, 

38,177,0.001, 0.00563984, 0.0472926, 0.0698625, 0.0751163, 0.198198, 0.226628, 0.233497, 0.34024, 0.425078, 0.623749, 0.680059, 1, 

Generation #6
37,149,0.001, 0.00563984, 0.0472926, 0.0698625, 0.0751163, 0.198198, 0.226628, 0.233497, 0.34024, 0.425078, 0.623749, 0.482314, 0.985471, 1, 

39,140,0.001, 0.00563984, 0.0392133, 0.0765168, 0.109886, 0.191137, 0.191838, 0.388656, 0.457753, 0.581852, 0.66415, 0.642961, 0.77327, 0.821051, 0.86027, 1, 

34,169,0.001, 0.0141455, 0.0218816, 0.0262016, 0.0663368, 0.100799, 0.191838, 0.388656, 0.457753, 0.581852, 0.66415, 0.680059, 1, 

Generation #7
37,149,0.001, 0.00563984, 0.0472926, 0.0698625, 0.0751163, 0.198198, 0.226628, 0.233497, 0.34024, 0.425078, 0.623749, 0.482314, 0.985471, 1, 

39,140,0.001, 0.00563984, 0.0392133, 0.0765168, 0.109886, 0.191137, 0.191838, 0.388656, 0.457753, 0.581852, 0.66415, 0.642961, 0.77327, 0.821051, 0.86027, 1, 

34,169,0.001, 0.0141455, 0.0218816, 0.0262016, 0.0663368, 0.100799, 0.191838, 0.388656, 0.457753, 0.581852, 0.66415, 0.680059, 1, 

Generation #8
39,140,0.001, 0.00563984, 0.0392133, 0.0765168, 0.109886, 0.191137, 0.191838, 0.388656, 0.457753, 0.581852, 0.66415, 0.642961, 0.77327, 0.821051, 0.86027, 1, 

36,147,0.001, 0.00563984, 0.0472926, 0.0698625, 0.0751163, 0.119161, 0.216399, 0.246362, 0.302584, 0.345675, 0.346068, 1, 

34,164,0.001, 0.00563984, 0.0472926, 0.0765168, 0.109886, 0.119161, 0.216399, 0.388656, 0.457753, 0.581852, 0.66415, 0.680059, 1, 

Generation #9
39,140,0.001, 0.00563984, 0.0392133, 0.0765168, 0.109886, 0.191137, 0.191838, 0.388656, 0.457753, 0.581852, 0.66415, 0.642961, 0.77327, 0.821051, 0.86027, 1, 

36,147,0.001, 0.00563984, 0.0472926, 0.0698625, 0.0751163, 0.119161, 0.216399, 0.246362, 0.302584, 0.345675, 0.346068, 1, 

34,164,0.001, 0.00563984, 0.0472926, 0.0765168, 0.109886, 0.119161, 0.216399, 0.388656, 0.457753, 0.581852, 0.66415, 0.680059, 1, 

Generation #10
39,140,0.001, 0.00563984, 0.0392133, 0.0765168, 0.109886, 0.191137, 0.191838, 0.388656, 0.457753, 0.581852, 0.66415, 0.642961, 0.77327, 0.821051, 0.86027, 1, 

36,147,0.001, 0.00563984, 0.0472926, 0.0698625, 0.0751163, 0.119161, 0.216399, 0.246362, 0.302584, 0.345675, 0.346068, 1, 

34,164,0.001, 0.00563984, 0.0472926, 0.0765168, 0.109886, 0.119161, 0.216399, 0.388656, 0.457753, 0.581852, 0.66415, 0.680059, 1, 

Generation #11
39,140,0.001, 0.00563984, 0.0392133, 0.0765168, 0.109886, 0.191137, 0.191838, 0.388656, 0.457753, 0.581852, 0.66415, 0.642961, 0.77327, 0.821051, 0.86027, 1, 

36,147,0.001, 0.00563984, 0.0472926, 0.0698625, 0.0751163, 0.119161, 0.216399, 0.246362, 0.302584, 0.345675, 0.346068, 1, 

34,164,0.001, 0.00563984, 0.0472926, 0.0765168, 0.109886, 0.119161, 0.216399, 0.388656, 0.457753, 0.581852, 0.66415, 0.680059, 1, 

33,238,0.001, 0.0211516, 0.0392133, 0.0765168, 0.109886, 0.119161, 0.216399, 0.302584, 0.345675, 1, 

35,163,0.001, 0.00563984, 0.0472926, 0.0698625, 0.0751163, 0.198198, 0.226628, 0.388656, 0.302584, 0.345675, 0.346068, 1, 

Generation #12
39,140,0.001, 0.00563984, 0.0392133, 0.0765168, 0.109886, 0.191137, 0.191838, 0.388656, 0.457753, 0.581852, 0.66415, 0.642961, 0.77327, 0.821051, 0.86027, 1, 

36,147,0.001, 0.00563984, 0.0472926, 0.0698625, 0.0751163, 0.119161, 0.216399, 0.246362, 0.302584, 0.345675, 0.346068, 1, 

34,164,0.001, 0.00563984, 0.0472926, 0.0765168, 0.109886, 0.119161, 0.216399, 0.388656, 0.457753, 0.581852, 0.66415, 0.680059, 1, 

33,238,0.001, 0.0211516, 0.0392133, 0.0765168, 0.109886, 0.119161, 0.216399, 0.302584, 0.345675, 1, 

35,163,0.001, 0.00563984, 0.0472926, 0.0698625, 0.0751163, 0.198198, 0.226628, 0.388656, 0.302584, 0.345675, 0.346068, 1, 

Generation #13
39,140,0.001, 0.00563984, 0.0392133, 0.0765168, 0.109886, 0.191137, 0.191838, 0.388656, 0.457753, 0.581852, 0.66415, 0.642961, 0.77327, 0.821051, 0.86027, 1, 

36,147,0.001, 0.00563984, 0.0472926, 0.0698625, 0.0751163, 0.119161, 0.216399, 0.246362, 0.302584, 0.345675, 0.346068, 1, 

34,164,0.001, 0.00563984, 0.0472926, 0.0765168, 0.109886, 0.119161, 0.216399, 0.388656, 0.457753, 0.581852, 0.66415, 0.680059, 1, 

33,238,0.001, 0.0211516, 0.0392133, 0.0765168, 0.109886, 0.119161, 0.216399, 0.302584, 0.345675, 1, 

35,160,0.001, 0.00563984, 0.0472926, 0.0765168, 0.109886, 0.119161, 0.216399, 0.246362, 0.220679, 0.352849, 0.597118, 1, 

Generation #14
34,164,0.001, 0.00563984, 0.0472926, 0.0765168, 0.109886, 0.119161, 0.216399, 0.388656, 0.457753, 0.581852, 0.66415, 0.680059, 1, 

33,238,0.001, 0.0211516, 0.0392133, 0.0765168, 0.109886, 0.119161, 0.216399, 0.302584, 0.345675, 1, 

35,160,0.001, 0.00563984, 0.0472926, 0.0765168, 0.109886, 0.119161, 0.216399, 0.246362, 0.220679, 0.352849, 0.597118, 1, 

36,122,0.001, 0.00563984, 0.0501659, 0.0262016, 0.0663368, 0.100799, 0.191838, 0.393011, 0.457753, 0.581852, 0.66415, 0.482314, 0.985471, 1, 

Generation #15
34,164,0.001, 0.00563984, 0.0472926, 0.0765168, 0.109886, 0.119161, 0.216399, 0.388656, 0.457753, 0.581852, 0.66415, 0.680059, 1, 

35,160,0.001, 0.00563984, 0.0472926, 0.0765168, 0.109886, 0.119161, 0.216399, 0.246362, 0.220679, 0.352849, 0.597118, 1, 

36,122,0.001, 0.00563984, 0.0501659, 0.0262016, 0.0663368, 0.100799, 0.191838, 0.393011, 0.457753, 0.581852, 0.66415, 0.482314, 0.985471, 1, 

33,196,0.001, 0.00563984, 0.0472926, 0.0698625, 0.0751163, 0.198198, 0.164494, 0.217953, 0.496676, 1, 

Generation #16
34,164,0.001, 0.00563984, 0.0472926, 0.0765168, 0.109886, 0.119161, 0.216399, 0.388656, 0.457753, 0.581852, 0.66415, 0.680059, 1, 

35,160,0.001, 0.00563984, 0.0472926, 0.0765168, 0.109886, 0.119161, 0.216399, 0.246362, 0.220679, 0.352849, 0.597118, 1, 

36,122,0.001, 0.00563984, 0.0501659, 0.0262016, 0.0663368, 0.100799, 0.191838, 0.393011, 0.457753, 0.581852, 0.66415, 0.482314, 0.985471, 1, 

33,196,0.001, 0.00563984, 0.0472926, 0.0698625, 0.0751163, 0.198198, 0.164494, 0.217953, 0.496676, 1, 

32,823,0.243253, 0.00563984, 0.0472926, 0.0698625, 0.0751163, 0.119161, 0.164494, 0.217953, 0.345675, 1, 

Generation #17
34,164,0.001, 0.00563984, 0.0472926, 0.0765168, 0.109886, 0.119161, 0.216399, 0.388656, 0.457753, 0.581852, 0.66415, 0.680059, 1, 

35,160,0.001, 0.00563984, 0.0472926, 0.0765168, 0.109886, 0.119161, 0.216399, 0.246362, 0.220679, 0.352849, 0.597118, 1, 

36,122,0.001, 0.00563984, 0.0501659, 0.0262016, 0.0663368, 0.100799, 0.191838, 0.393011, 0.457753, 0.581852, 0.66415, 0.482314, 0.985471, 1, 

32,823,0.243253, 0.00563984, 0.0472926, 0.0698625, 0.0751163, 0.119161, 0.164494, 0.217953, 0.345675, 1, 

33,176,0.001, 0.00563984, 0.0501659, 0.0513067, 0.110065, 0.100799, 0.164494, 0.217953, 0.345675, 1, 

Generation #18
36,122,0.001, 0.00563984, 0.0501659, 0.0262016, 0.0663368, 0.100799, 0.191838, 0.393011, 0.457753, 0.581852, 0.66415, 0.482314, 0.985471, 1, 

31,161,0.001, 0.00563984, 0.0472926, 0.0698625, 0.0751163, 0.119161, 0.164494, 0.217953, 0.345675, 1, 

34,142,0.001, 0.00563984, 0.0472926, 0.0698625, 0.0751163, 0.100799, 0.164494, 0.217953, 0.345675, 1, 

Generation #19
36,122,0.001, 0.00563984, 0.0501659, 0.0262016, 0.0663368, 0.100799, 0.191838, 0.393011, 0.457753, 0.581852, 0.66415, 0.482314, 0.985471, 1, 

31,161,0.001, 0.00563984, 0.0472926, 0.0698625, 0.0751163, 0.119161, 0.164494, 0.217953, 0.345675, 1, 

34,142,0.001, 0.00563984, 0.0472926, 0.0698625, 0.0751163, 0.100799, 0.164494, 0.217953, 0.345675, 1, 

Generation #20
36,122,0.001, 0.00563984, 0.0501659, 0.0262016, 0.0663368, 0.100799, 0.191838, 0.393011, 0.457753, 0.581852, 0.66415, 0.482314, 0.985471, 1, 

31,161,0.001, 0.00563984, 0.0472926, 0.0698625, 0.0751163, 0.119161, 0.164494, 0.217953, 0.345675, 1, 

34,142,0.001, 0.00563984, 0.0472926, 0.0698625, 0.0751163, 0.100799, 0.164494, 0.217953, 0.345675, 1, 

Generation #21
36,122,0.001, 0.00563984, 0.0501659, 0.0262016, 0.0663368, 0.100799, 0.191838, 0.393011, 0.457753, 0.581852, 0.66415, 0.482314, 0.985471, 1, 

31,161,0.001, 0.00563984, 0.0472926, 0.0698625, 0.0751163, 0.119161, 0.164494, 0.217953, 0.345675, 1, 

34,142,0.001, 0.00563984, 0.0472926, 0.0698625, 0.0751163, 0.100799, 0.164494, 0.217953, 0.345675, 1, 

Generation #22
36,122,0.001, 0.00563984, 0.0501659, 0.0262016, 0.0663368, 0.100799, 0.191838, 0.393011, 0.457753, 0.581852, 0.66415, 0.482314, 0.985471, 1, 

31,161,0.001, 0.00563984, 0.0472926, 0.0698625, 0.0751163, 0.119161, 0.164494, 0.217953, 0.345675, 1, 

34,142,0.001, 0.00563984, 0.0472926, 0.0698625, 0.0751163, 0.100799, 0.164494, 0.217953, 0.345675, 1, 

Generation #23
36,122,0.001, 0.00563984, 0.0501659, 0.0262016, 0.0663368, 0.100799, 0.191838, 0.393011, 0.457753, 0.581852, 0.66415, 0.482314, 0.985471, 1, 

31,161,0.001, 0.00563984, 0.0472926, 0.0698625, 0.0751163, 0.119161, 0.164494, 0.217953, 0.345675, 1, 

34,142,0.001, 0.00563984, 0.0472926, 0.0698625, 0.0751163, 0.100799, 0.164494, 0.217953, 0.345675, 1, 

Generation #24
36,122,0.001, 0.00563984, 0.0501659, 0.0262016, 0.0663368, 0.100799, 0.191838, 0.393011, 0.457753, 0.581852, 0.66415, 0.482314, 0.985471, 1, 

31,161,0.001, 0.00563984, 0.0472926, 0.0698625, 0.0751163, 0.119161, 0.164494, 0.217953, 0.345675, 1, 

34,142,0.001, 0.00563984, 0.0472926, 0.0698625, 0.0751163, 0.100799, 0.164494, 0.217953, 0.345675, 1, 

Generation #25
31,161,0.001, 0.00563984, 0.0472926, 0.0698625, 0.0751163, 0.119161, 0.164494, 0.217953, 0.345675, 1, 

34,142,0.001, 0.00563984, 0.0472926, 0.0698625, 0.0751163, 0.100799, 0.164494, 0.217953, 0.345675, 1, 

33,154,0.001, 0.00563984, 0.0218816, 0.0262016, 0.0663368, 0.100799, 0.226628, 0.274555, 0.301448, 1, 

36,117,0.001, 0.00563984, 0.0218816, 0.0262016, 0.0663368, 0.100799, 0.226628, 0.301448, 0.330416, 0.581852, 0.66415, 0.680059, 1, 

Generation #26
31,161,0.001, 0.00563984, 0.0472926, 0.0698625, 0.0751163, 0.119161, 0.164494, 0.217953, 0.345675, 1, 

34,142,0.001, 0.00563984, 0.0472926, 0.0698625, 0.0751163, 0.100799, 0.164494, 0.217953, 0.345675, 1, 

33,154,0.001, 0.00563984, 0.0218816, 0.0262016, 0.0663368, 0.100799, 0.226628, 0.274555, 0.301448, 1, 

36,117,0.001, 0.00563984, 0.0218816, 0.0262016, 0.0663368, 0.100799, 0.226628, 0.301448, 0.330416, 0.581852, 0.66415, 0.680059, 1, 

Generation #27
31,161,0.001, 0.00563984, 0.0472926, 0.0698625, 0.0751163, 0.119161, 0.164494, 0.217953, 0.345675, 1, 

34,142,0.001, 0.00563984, 0.0472926, 0.0698625, 0.0751163, 0.100799, 0.164494, 0.217953, 0.345675, 1, 

33,154,0.001, 0.00563984, 0.0218816, 0.0262016, 0.0663368, 0.100799, 0.226628, 0.274555, 0.301448, 1, 

36,117,0.001, 0.00563984, 0.0218816, 0.0262016, 0.0663368, 0.100799, 0.226628, 0.301448, 0.330416, 0.581852, 0.66415, 0.680059, 1, 

Generation #28
31,161,0.001, 0.00563984, 0.0472926, 0.0698625, 0.0751163, 0.119161, 0.164494, 0.217953, 0.345675, 1, 

34,142,0.001, 0.00563984, 0.0472926, 0.0698625, 0.0751163, 0.100799, 0.164494, 0.217953, 0.345675, 1, 

33,154,0.001, 0.00563984, 0.0218816, 0.0262016, 0.0663368, 0.100799, 0.226628, 0.274555, 0.301448, 1, 

36,117,0.001, 0.00563984, 0.0218816, 0.0262016, 0.0663368, 0.100799, 0.226628, 0.301448, 0.330416, 0.581852, 0.66415, 0.680059, 1, 

32,160,0.001, 0.00563984, 0.0472926, 0.0698625, 0.0751163, 0.119161, 0.164494, 0.345675, 1, 

Generation #29
31,161,0.001, 0.00563984, 0.0472926, 0.0698625, 0.0751163, 0.119161, 0.164494, 0.217953, 0.345675, 1, 

36,117,0.001, 0.00563984, 0.0218816, 0.0262016, 0.0663368, 0.100799, 0.226628, 0.301448, 0.330416, 0.581852, 0.66415, 0.680059, 1, 

32,160,0.001, 0.00563984, 0.0472926, 0.0698625, 0.0751163, 0.119161, 0.164494, 0.345675, 1, 

33,140,0.001, 0.00563984, 0.0218816, 0.0262016, 0.0663368, 0.100799, 0.226628, 0.274555, 0.301448, 1, 

Generation #30
31,161,0.001, 0.00563984, 0.0472926, 0.0698625, 0.0751163, 0.119161, 0.164494, 0.217953, 0.345675, 1, 

36,117,0.001, 0.00563984, 0.0218816, 0.0262016, 0.0663368, 0.100799, 0.226628, 0.301448, 0.330416, 0.581852, 0.66415, 0.680059, 1, 

32,160,0.001, 0.00563984, 0.0472926, 0.0698625, 0.0751163, 0.119161, 0.164494, 0.345675, 1, 

33,140,0.001, 0.00563984, 0.0218816, 0.0262016, 0.0663368, 0.100799, 0.226628, 0.274555, 0.301448, 1, 

Generation #31
31,161,0.001, 0.00563984, 0.0472926, 0.0698625, 0.0751163, 0.119161, 0.164494, 0.217953, 0.345675, 1, 

36,117,0.001, 0.00563984, 0.0218816, 0.0262016, 0.0663368, 0.100799, 0.226628, 0.301448, 0.330416, 0.581852, 0.66415, 0.680059, 1, 

33,140,0.001, 0.00563984, 0.0218816, 0.0262016, 0.0663368, 0.100799, 0.226628, 0.274555, 0.301448, 1, 

34,133,0.001, 0.00563984, 0.0472926, 0.0698625, 0.0751163, 0.0291869, 0.198198, 0.164494, 0.217953, 0.496676, 1, 

32,147,0.001, 0.00563984, 0.0472926, 0.0698625, 0.0751163, 0.100799, 0.164494, 0.217953, 0.345675, 1, 

Generation #32
31,161,0.001, 0.00563984, 0.0472926, 0.0698625, 0.0751163, 0.119161, 0.164494, 0.217953, 0.345675, 1, 

36,117,0.001, 0.00563984, 0.0218816, 0.0262016, 0.0663368, 0.100799, 0.226628, 0.301448, 0.330416, 0.581852, 0.66415, 0.680059, 1, 

32,147,0.001, 0.00563984, 0.0472926, 0.0698625, 0.0751163, 0.100799, 0.164494, 0.217953, 0.345675, 1, 

33,130,0.001, 0.00563984, 0.0472926, 0.0765168, 0.109886, 0.119161, 0.216399, 0.274555, 0.330416, 0.408317, 1, 

Generation #33
31,161,0.001, 0.00563984, 0.0472926, 0.0698625, 0.0751163, 0.119161, 0.164494, 0.217953, 0.345675, 1, 

36,117,0.001, 0.00563984, 0.0218816, 0.0262016, 0.0663368, 0.100799, 0.226628, 0.301448, 0.330416, 0.581852, 0.66415, 0.680059, 1, 

32,147,0.001, 0.00563984, 0.0472926, 0.0698625, 0.0751163, 0.100799, 0.164494, 0.217953, 0.345675, 1, 

33,130,0.001, 0.00563984, 0.0472926, 0.0765168, 0.109886, 0.119161, 0.216399, 0.274555, 0.330416, 0.408317, 1, 

Generation #34
31,161,0.001, 0.00563984, 0.0472926, 0.0698625, 0.0751163, 0.119161, 0.164494, 0.217953, 0.345675, 1, 

36,117,0.001, 0.00563984, 0.0218816, 0.0262016, 0.0663368, 0.100799, 0.226628, 0.301448, 0.330416, 0.581852, 0.66415, 0.680059, 1, 

32,147,0.001, 0.00563984, 0.0472926, 0.0698625, 0.0751163, 0.100799, 0.164494, 0.217953, 0.345675, 1, 

33,130,0.001, 0.00563984, 0.0472926, 0.0765168, 0.109886, 0.119161, 0.216399, 0.274555, 0.330416, 0.408317, 1, 

35,127,0.001, 0.0141455, 0.0218816, 0.0262016, 0.0663368, 0.0232966, 0.100799, 0.191838, 0.388656, 0.457753, 0.581852, 0.66415, 0.680059, 1, 

Generation #35
31,161,0.001, 0.00563984, 0.0472926, 0.0698625, 0.0751163, 0.119161, 0.164494, 0.217953, 0.345675, 1, 

36,117,0.001, 0.00563984, 0.0218816, 0.0262016, 0.0663368, 0.100799, 0.226628, 0.301448, 0.330416, 0.581852, 0.66415, 0.680059, 1, 

32,147,0.001, 0.00563984, 0.0472926, 0.0698625, 0.0751163, 0.100799, 0.164494, 0.217953, 0.345675, 1, 

33,130,0.001, 0.00563984, 0.0472926, 0.0765168, 0.109886, 0.119161, 0.216399, 0.274555, 0.330416, 0.408317, 1, 

35,127,0.001, 0.0141455, 0.0218816, 0.0262016, 0.0663368, 0.0232966, 0.100799, 0.191838, 0.388656, 0.457753, 0.581852, 0.66415, 0.680059, 1, 

Generation #36
31,161,0.001, 0.00563984, 0.0472926, 0.0698625, 0.0751163, 0.119161, 0.164494, 0.217953, 0.345675, 1, 

36,117,0.001, 0.00563984, 0.0218816, 0.0262016, 0.0663368, 0.100799, 0.226628, 0.301448, 0.330416, 0.581852, 0.66415, 0.680059, 1, 

32,147,0.001, 0.00563984, 0.0472926, 0.0698625, 0.0751163, 0.100799, 0.164494, 0.217953, 0.345675, 1, 

33,130,0.001, 0.00563984, 0.0472926, 0.0765168, 0.109886, 0.119161, 0.216399, 0.274555, 0.330416, 0.408317, 1, 

35,125,0.001, 0.00563984, 0.0261442, 0.0262016, 0.0663368, 0.100799, 0.164494, 0.217953, 0.230267, 0.239707, 0.475426, 0.680059, 1, 

Generation #37
31,161,0.001, 0.00563984, 0.0472926, 0.0698625, 0.0751163, 0.119161, 0.164494, 0.217953, 0.345675, 1, 

36,117,0.001, 0.00563984, 0.0218816, 0.0262016, 0.0663368, 0.100799, 0.226628, 0.301448, 0.330416, 0.581852, 0.66415, 0.680059, 1, 

32,147,0.001, 0.00563984, 0.0472926, 0.0698625, 0.0751163, 0.100799, 0.164494, 0.217953, 0.345675, 1, 

33,130,0.001, 0.00563984, 0.0472926, 0.0765168, 0.109886, 0.119161, 0.216399, 0.274555, 0.330416, 0.408317, 1, 

35,125,0.001, 0.00563984, 0.0261442, 0.0262016, 0.0663368, 0.100799, 0.164494, 0.217953, 0.230267, 0.239707, 0.475426, 0.680059, 1, 

Generation #38
31,161,0.001, 0.00563984, 0.0472926, 0.0698625, 0.0751163, 0.119161, 0.164494, 0.217953, 0.345675, 1, 

36,117,0.001, 0.00563984, 0.0218816, 0.0262016, 0.0663368, 0.100799, 0.226628, 0.301448, 0.330416, 0.581852, 0.66415, 0.680059, 1, 

32,147,0.001, 0.00563984, 0.0472926, 0.0698625, 0.0751163, 0.100799, 0.164494, 0.217953, 0.345675, 1, 

33,130,0.001, 0.00563984, 0.0472926, 0.0765168, 0.109886, 0.119161, 0.216399, 0.274555, 0.330416, 0.408317, 1, 

35,125,0.001, 0.00563984, 0.0261442, 0.0262016, 0.0663368, 0.100799, 0.164494, 0.217953, 0.230267, 0.239707, 0.475426, 0.680059, 1, 

Generation #39
31,161,0.001, 0.00563984, 0.0472926, 0.0698625, 0.0751163, 0.119161, 0.164494, 0.217953, 0.345675, 1, 

36,117,0.001, 0.00563984, 0.0218816, 0.0262016, 0.0663368, 0.100799, 0.226628, 0.301448, 0.330416, 0.581852, 0.66415, 0.680059, 1, 

32,147,0.001, 0.00563984, 0.0472926, 0.0698625, 0.0751163, 0.100799, 0.164494, 0.217953, 0.345675, 1, 

33,130,0.001, 0.00563984, 0.0472926, 0.0765168, 0.109886, 0.119161, 0.216399, 0.274555, 0.330416, 0.408317, 1, 

35,125,0.001, 0.00563984, 0.0261442, 0.0262016, 0.0663368, 0.100799, 0.164494, 0.217953, 0.230267, 0.239707, 0.475426, 0.680059, 1, 

Generation #40
31,161,0.001, 0.00563984, 0.0472926, 0.0698625, 0.0751163, 0.119161, 0.164494, 0.217953, 0.345675, 1, 

36,117,0.001, 0.00563984, 0.0218816, 0.0262016, 0.0663368, 0.100799, 0.226628, 0.301448, 0.330416, 0.581852, 0.66415, 0.680059, 1, 

32,147,0.001, 0.00563984, 0.0472926, 0.0698625, 0.0751163, 0.100799, 0.164494, 0.217953, 0.345675, 1, 

33,130,0.001, 0.00563984, 0.0472926, 0.0765168, 0.109886, 0.119161, 0.216399, 0.274555, 0.330416, 0.408317, 1, 

35,125,0.001, 0.00563984, 0.0261442, 0.0262016, 0.0663368, 0.100799, 0.164494, 0.217953, 0.230267, 0.239707, 0.475426, 0.680059, 1, 

Generation #41
31,161,0.001, 0.00563984, 0.0472926, 0.0698625, 0.0751163, 0.119161, 0.164494, 0.217953, 0.345675, 1, 

36,117,0.001, 0.00563984, 0.0218816, 0.0262016, 0.0663368, 0.100799, 0.226628, 0.301448, 0.330416, 0.581852, 0.66415, 0.680059, 1, 

32,147,0.001, 0.00563984, 0.0472926, 0.0698625, 0.0751163, 0.100799, 0.164494, 0.217953, 0.345675, 1, 

33,130,0.001, 0.00563984, 0.0472926, 0.0765168, 0.109886, 0.119161, 0.216399, 0.274555, 0.330416, 0.408317, 1, 

35,125,0.001, 0.00563984, 0.0261442, 0.0262016, 0.0663368, 0.100799, 0.164494, 0.217953, 0.230267, 0.239707, 0.475426, 0.680059, 1, 

30,261,0.001, 0.00563984, 0.0472926, 0.0698625, 0.0663368, 0.302584, 1, 

Generation #42
31,161,0.001, 0.00563984, 0.0472926, 0.0698625, 0.0751163, 0.119161, 0.164494, 0.217953, 0.345675, 1, 

36,117,0.001, 0.00563984, 0.0218816, 0.0262016, 0.0663368, 0.100799, 0.226628, 0.301448, 0.330416, 0.581852, 0.66415, 0.680059, 1, 

32,147,0.001, 0.00563984, 0.0472926, 0.0698625, 0.0751163, 0.100799, 0.164494, 0.217953, 0.345675, 1, 

33,130,0.001, 0.00563984, 0.0472926, 0.0765168, 0.109886, 0.119161, 0.216399, 0.274555, 0.330416, 0.408317, 1, 

35,125,0.001, 0.00563984, 0.0261442, 0.0262016, 0.0663368, 0.100799, 0.164494, 0.217953, 0.230267, 0.239707, 0.475426, 0.680059, 1, 

30,261,0.001, 0.00563984, 0.0472926, 0.0698625, 0.0663368, 0.302584, 1, 

Generation #43
31,161,0.001, 0.00563984, 0.0472926, 0.0698625, 0.0751163, 0.119161, 0.164494, 0.217953, 0.345675, 1, 

36,117,0.001, 0.00563984, 0.0218816, 0.0262016, 0.0663368, 0.100799, 0.226628, 0.301448, 0.330416, 0.581852, 0.66415, 0.680059, 1, 

32,147,0.001, 0.00563984, 0.0472926, 0.0698625, 0.0751163, 0.100799, 0.164494, 0.217953, 0.345675, 1, 

33,130,0.001, 0.00563984, 0.0472926, 0.0765168, 0.109886, 0.119161, 0.216399, 0.274555, 0.330416, 0.408317, 1, 

35,125,0.001, 0.00563984, 0.0261442, 0.0262016, 0.0663368, 0.100799, 0.164494, 0.217953, 0.230267, 0.239707, 0.475426, 0.680059, 1, 

30,261,0.001, 0.00563984, 0.0472926, 0.0698625, 0.0663368, 0.302584, 1, 

Generation #44
31,161,0.001, 0.00563984, 0.0472926, 0.0698625, 0.0751163, 0.119161, 0.164494, 0.217953, 0.345675, 1, 

36,117,0.001, 0.00563984, 0.0218816, 0.0262016, 0.0663368, 0.100799, 0.226628, 0.301448, 0.330416, 0.581852, 0.66415, 0.680059, 1, 

32,147,0.001, 0.00563984, 0.0472926, 0.0698625, 0.0751163, 0.100799, 0.164494, 0.217953, 0.345675, 1, 

33,130,0.001, 0.00563984, 0.0472926, 0.0765168, 0.109886, 0.119161, 0.216399, 0.274555, 0.330416, 0.408317, 1, 

35,125,0.001, 0.00563984, 0.0261442, 0.0262016, 0.0663368, 0.100799, 0.164494, 0.217953, 0.230267, 0.239707, 0.475426, 0.680059, 1, 

30,261,0.001, 0.00563984, 0.0472926, 0.0698625, 0.0663368, 0.302584, 1, 

Generation #45
31,161,0.001, 0.00563984, 0.0472926, 0.0698625, 0.0751163, 0.119161, 0.164494, 0.217953, 0.345675, 1, 

36,117,0.001, 0.00563984, 0.0218816, 0.0262016, 0.0663368, 0.100799, 0.226628, 0.301448, 0.330416, 0.581852, 0.66415, 0.680059, 1, 

32,147,0.001, 0.00563984, 0.0472926, 0.0698625, 0.0751163, 0.100799, 0.164494, 0.217953, 0.345675, 1, 

33,130,0.001, 0.00563984, 0.0472926, 0.0765168, 0.109886, 0.119161, 0.216399, 0.274555, 0.330416, 0.408317, 1, 

35,125,0.001, 0.00563984, 0.0261442, 0.0262016, 0.0663368, 0.100799, 0.164494, 0.217953, 0.230267, 0.239707, 0.475426, 0.680059, 1, 

30,261,0.001, 0.00563984, 0.0472926, 0.0698625, 0.0663368, 0.302584, 1, 

Generation #46
31,161,0.001, 0.00563984, 0.0472926, 0.0698625, 0.0751163, 0.119161, 0.164494, 0.217953, 0.345675, 1, 

36,117,0.001, 0.00563984, 0.0218816, 0.0262016, 0.0663368, 0.100799, 0.226628, 0.301448, 0.330416, 0.581852, 0.66415, 0.680059, 1, 

32,147,0.001, 0.00563984, 0.0472926, 0.0698625, 0.0751163, 0.100799, 0.164494, 0.217953, 0.345675, 1, 

33,130,0.001, 0.00563984, 0.0472926, 0.0765168, 0.109886, 0.119161, 0.216399, 0.274555, 0.330416, 0.408317, 1, 

35,125,0.001, 0.00563984, 0.0261442, 0.0262016, 0.0663368, 0.100799, 0.164494, 0.217953, 0.230267, 0.239707, 0.475426, 0.680059, 1, 

30,261,0.001, 0.00563984, 0.0472926, 0.0698625, 0.0663368, 0.302584, 1, 

Generation #47
31,161,0.001, 0.00563984, 0.0472926, 0.0698625, 0.0751163, 0.119161, 0.164494, 0.217953, 0.345675, 1, 

36,117,0.001, 0.00563984, 0.0218816, 0.0262016, 0.0663368, 0.100799, 0.226628, 0.301448, 0.330416, 0.581852, 0.66415, 0.680059, 1, 

32,147,0.001, 0.00563984, 0.0472926, 0.0698625, 0.0751163, 0.100799, 0.164494, 0.217953, 0.345675, 1, 

33,130,0.001, 0.00563984, 0.0472926, 0.0765168, 0.109886, 0.119161, 0.216399, 0.274555, 0.330416, 0.408317, 1, 

35,125,0.001, 0.00563984, 0.0261442, 0.0262016, 0.0663368, 0.100799, 0.164494, 0.217953, 0.230267, 0.239707, 0.475426, 0.680059, 1, 

30,261,0.001, 0.00563984, 0.0472926, 0.0698625, 0.0663368, 0.302584, 1, 

Generation #48
30,261,0.001, 0.00563984, 0.0472926, 0.0698625, 0.0663368, 0.302584, 1, 

31,111,0.001, 0.00563984, 0.0218816, 0.0262016, 0.0663368, 0.100799, 0.226628, 0.274555, 0.345675, 1, 

Generation #49
30,261,0.001, 0.00563984, 0.0472926, 0.0698625, 0.0663368, 0.302584, 1, 

31,111,0.001, 0.00563984, 0.0218816, 0.0262016, 0.0663368, 0.100799, 0.226628, 0.274555, 0.345675, 1, 

--- Pareto Front Solutions ---
Solution 0: N total=60 (N_initial=30, N_added=30), Time total=265 ms, Saved to: ./results/Make_t2_l1_pareto_0.csv, percents=0.001, 0.00563984, 0.0472926, 0.0698625, 0.0663368, 0.302584, 1, 

Solution 1: N total=61 (N_initial=30, N_added=31), Time total=115 ms, Saved to: ./results/Make_t2_l1_pareto_1.csv, percents=0.001, 0.00563984, 0.0218816, 0.0262016, 0.0663368, 0.100799, 0.226628, 0.274555, 0.345675, 1, 

------------d=1, t=2, lambda=2, filename=./evaluation/Make/Make_2_2.csv------------
Computing partitioned counts of d-sets...
Ready to look at pairs based on partitioned counts...
First Stage N=60, Time=3
There are 30 remaining non-locating pairs
--- Running GA Algorithm (phase2) ---
Running GA with std::execution::par
Generation #0
37,10,0.001, 0.0543128, 0.0698007, 0.0706465, 0.0793529, 0.124467, 0.204412, 0.220352, 0.236419, 0.241621, 0.247815, 0.252533, 0.359839, 0.422466, 0.5163, 0.568545, 0.575557, 0.578344, 0.657777, 0.727297, 0.775843, 0.80533, 0.899909, 0.918302, 0.939285, 1, 

42,9,0.001, 0.0505691, 0.0614746, 0.0673246, 0.078754, 0.136857, 0.153624, 0.162047, 0.163551, 0.233203, 0.309908, 0.381728, 0.391763, 0.427477, 0.467019, 0.538064, 0.558344, 0.655166, 0.659871, 0.707929, 0.721192, 0.725892, 0.833598, 0.838818, 0.874067, 0.964907, 1, 

33,13,0.001, 0.0244873, 0.0600827, 0.0797769, 0.12132, 0.144544, 0.205926, 0.214686, 0.27111, 0.283493, 0.28564, 0.303641, 0.428367, 0.517686, 0.557649, 0.587435, 0.7019, 0.778509, 0.793761, 0.818901, 0.88575, 1, 

34,12,0.001, 0.0496773, 0.0894755, 0.177332, 0.21001, 0.250984, 0.263331, 0.269883, 0.346608, 0.352104, 0.405563, 0.442574, 0.464781, 0.574818, 0.586057, 0.635354, 0.689123, 0.719836, 0.892061, 0.943161, 1, 

30,18,0.001, 0.0097985, 0.121363, 0.156058, 0.176711, 0.187924, 0.352451, 0.43923, 0.487494, 0.673342, 0.710593, 0.843244, 0.94691, 0.996244, 1, 

27,25,0.001, 0.028471, 0.125948, 0.134747, 0.159301, 0.324351, 0.332165, 0.367889, 0.429449, 0.44367, 0.64447, 1, 

Generation #1
37,10,0.001, 0.0543128, 0.0698007, 0.0706465, 0.0793529, 0.124467, 0.204412, 0.220352, 0.236419, 0.241621, 0.247815, 0.252533, 0.359839, 0.422466, 0.5163, 0.568545, 0.575557, 0.578344, 0.657777, 0.727297, 0.775843, 0.80533, 0.899909, 0.918302, 0.939285, 1, 

33,13,0.001, 0.0244873, 0.0600827, 0.0797769, 0.12132, 0.144544, 0.205926, 0.214686, 0.27111, 0.283493, 0.28564, 0.303641, 0.428367, 0.517686, 0.557649, 0.587435, 0.7019, 0.778509, 0.793761, 0.818901, 0.88575, 1, 

34,12,0.001, 0.0496773, 0.0894755, 0.177332, 0.21001, 0.250984, 0.263331, 0.269883, 0.346608, 0.352104, 0.405563, 0.442574, 0.464781, 0.574818, 0.586057, 0.635354, 0.689123, 0.719836, 0.892061, 0.943161, 1, 

38,8,0.001, 0.0543128, 0.0698007, 0.0706465, 0.0793529, 0.124467, 0.204412, 0.220352, 0.236419, 0.241621, 0.247815, 0.252533, 0.359839, 0.422466, 0.5163, 0.678307, 0.749601, 0.81725, 0.857803, 0.873089, 0.883966, 0.928389, 0.952706, 0.97466, 0.977798, 0.982926, 1, 

22,14,0.001, 0.0547406, 0.131898, 0.165738, 0.179626, 0.187313, 0.295885, 0.389231, 0.908728, 0.956617, 1, 

Generation #2
33,13,0.001, 0.0244873, 0.0600827, 0.0797769, 0.12132, 0.144544, 0.205926, 0.214686, 0.27111, 0.283493, 0.28564, 0.303641, 0.428367, 0.517686, 0.557649, 0.587435, 0.7019, 0.778509, 0.793761, 0.818901, 0.88575, 1, 

38,8,0.001, 0.0543128, 0.0698007, 0.0706465, 0.0793529, 0.124467, 0.204412, 0.220352, 0.236419, 0.241621, 0.247815, 0.252533, 0.359839, 0.422466, 0.5163, 0.678307, 0.749601, 0.81725, 0.857803, 0.873089, 0.883966, 0.928389, 0.952706, 0.97466, 0.977798, 0.982926, 1, 

22,14,0.001, 0.0547406, 0.131898, 0.165738, 0.179626, 0.187313, 0.295885, 0.389231, 0.908728, 0.956617, 1, 

34,10,0.001, 0.0595294, 0.136167, 0.173424, 0.181009, 0.181444, 0.203733, 0.251358, 0.274305, 0.313689, 0.340221, 0.398493, 0.445273, 0.50112, 0.501896, 0.543052, 0.579185, 0.082352, 0.619909, 0.653125, 0.682042, 0.722811, 0.797999, 0.924912, 1, 

Generation #3
22,14,0.001, 0.0547406, 0.131898, 0.165738, 0.179626, 0.187313, 0.295885, 0.389231, 0.908728, 0.956617, 1, 

34,10,0.001, 0.0595294, 0.136167, 0.173424, 0.181009, 0.181444, 0.203733, 0.251358, 0.274305, 0.313689, 0.340221, 0.398493, 0.445273, 0.50112, 0.501896, 0.543052, 0.579185, 0.082352, 0.619909, 0.653125, 0.682042, 0.722811, 0.797999, 0.924912, 1, 

31,13,0.001, 0.0288724, 0.0856729, 0.139224, 0.151591, 0.182693, 0.219298, 0.245924, 0.259881, 0.263653, 0.2784, 0.415797, 0.419706, 0.434669, 0.716617, 0.757069, 1, 

36,5,0.001, 0.0647597, 0.065846, 0.066052, 0.0867444, 0.0910634, 0.107245, 0.158592, 0.188986, 0.207066, 0.207189, 0.258591, 0.283575, 0.286619, 0.314451, 0.415184, 0.456891, 0.514466, 0.531586, 0.53581, 0.659554, 0.675857, 0.845999, 0.928614, 0.955321, 0.968535, 0.991554, 0.949587, 1, 

Generation #4
22,14,0.001, 0.0547406, 0.131898, 0.165738, 0.179626, 0.187313, 0.295885, 0.389231, 0.908728, 0.956617, 1, 

34,10,0.001, 0.0595294, 0.136167, 0.173424, 0.181009, 0.181444, 0.203733, 0.251358, 0.274305, 0.313689, 0.340221, 0.398493, 0.445273, 0.50112, 0.501896, 0.543052, 0.579185, 0.082352, 0.619909, 0.653125, 0.682042, 0.722811, 0.797999, 0.924912, 1, 

36,5,0.001, 0.0647597, 0.065846, 0.066052, 0.0867444, 0.0910634, 0.107245, 0.158592, 0.188986, 0.207066, 0.207189, 0.258591, 0.283575, 0.286619, 0.314451, 0.415184, 0.456891, 0.514466, 0.531586, 0.53581, 0.659554, 0.675857, 0.845999, 0.928614, 0.955321, 0.968535, 0.991554, 0.949587, 1, 

28,12,0.001, 0.0505691, 0.0614746, 0.0673246, 0.078754, 0.136857, 0.153624, 0.162047, 0.163551, 0.233203, 0.309908, 0.513763, 0.731826, 0.780639, 0.812326, 0.947885, 1, 

25,13,0.001, 0.0413431, 0.113142, 0.0814027, 0.117822, 0.19112, 0.221577, 0.303688, 0.30919, 0.31432, 0.365458, 0.412257, 0.603721, 0.698266, 0.704047, 1, 

Generation #5
22,14,0.001, 0.0547406, 0.131898, 0.165738, 0.179626, 0.187313, 0.295885, 0.389231, 0.908728, 0.956617, 1, 

36,5,0.001, 0.0647597, 0.065846, 0.066052, 0.0867444, 0.0910634, 0.107245, 0.158592, 0.188986, 0.207066, 0.207189, 0.258591, 0.283575, 0.286619, 0.314451, 0.415184, 0.456891, 0.514466, 0.531586, 0.53581, 0.659554, 0.675857, 0.845999, 0.928614, 0.955321, 0.968535, 0.991554, 0.949587, 1, 

25,9,0.001, 0.0505691, 0.0614746, 0.0673246, 0.078754, 0.136857, 0.153624, 0.162047, 0.163551, 0.44367, 0.64447, 1, 

Generation #6
22,14,0.001, 0.0547406, 0.131898, 0.165738, 0.179626, 0.187313, 0.295885, 0.389231, 0.908728, 0.956617, 1, 

36,5,0.001, 0.0647597, 0.065846, 0.066052, 0.0867444, 0.0910634, 0.107245, 0.158592, 0.188986, 0.207066, 0.207189, 0.258591, 0.283575, 0.286619, 0.314451, 0.415184, 0.456891, 0.514466, 0.531586, 0.53581, 0.659554, 0.675857, 0.845999, 0.928614, 0.955321, 0.968535, 0.991554, 0.949587, 1, 

25,9,0.001, 0.0505691, 0.0614746, 0.0673246, 0.078754, 0.136857, 0.153624, 0.162047, 0.163551, 0.44367, 0.64447, 1, 

23,13,0.001, 0.0595294, 0.0614746, 0.078754, 0.136857, 0.153624, 0.162047, 0.163551, 0.233203, 0.309908, 0.954228, 1, 

21,28,0.001, 0.018346, 0.0666581, 0.0771698, 0.157632, 0.150303, 0.194413, 0.231553, 0.243981, 0.956617, 1, 

Generation #7
36,5,0.001, 0.0647597, 0.065846, 0.066052, 0.0867444, 0.0910634, 0.107245, 0.158592, 0.188986, 0.207066, 0.207189, 0.258591, 0.283575, 0.286619, 0.314451, 0.415184, 0.456891, 0.514466, 0.531586, 0.53581, 0.659554, 0.675857, 0.845999, 0.928614, 0.955321, 0.968535, 0.991554, 0.949587, 1, 

21,6,0.001, 0.0505691, 0.0614746, 0.0673246, 0.078754, 0.136857, 0.153624, 0.162047, 0.163551, 0.44367, 0.64447, 1, 

Generation #8
36,5,0.001, 0.0647597, 0.065846, 0.066052, 0.0867444, 0.0910634, 0.107245, 0.158592, 0.188986, 0.207066, 0.207189, 0.258591, 0.283575, 0.286619, 0.314451, 0.415184, 0.456891, 0.514466, 0.531586, 0.53581, 0.659554, 0.675857, 0.845999, 0.928614, 0.955321, 0.968535, 0.991554, 0.949587, 1, 

21,6,0.001, 0.0505691, 0.0614746, 0.0673246, 0.078754, 0.136857, 0.153624, 0.162047, 0.163551, 0.44367, 0.64447, 1, 

Generation #9
36,5,0.001, 0.0647597, 0.065846, 0.066052, 0.0867444, 0.0910634, 0.107245, 0.158592, 0.188986, 0.207066, 0.207189, 0.258591, 0.283575, 0.286619, 0.314451, 0.415184, 0.456891, 0.514466, 0.531586, 0.53581, 0.659554, 0.675857, 0.845999, 0.928614, 0.955321, 0.968535, 0.991554, 0.949587, 1, 

21,6,0.001, 0.0505691, 0.0614746, 0.0673246, 0.078754, 0.136857, 0.153624, 0.162047, 0.163551, 0.44367, 0.64447, 1, 

37,4,0.001, 0.0505691, 0.0614746, 0.0673246, 0.078754, 0.136857, 0.153624, 0.162047, 0.163551, 0.233203, 0.309908, 0.381728, 0.391763, 0.427477, 0.467019, 0.538064, 0.558344, 0.655166, 0.659871, 0.744747, 0.776085, 0.782255, 0.830157, 0.971611, 0.996352, 1, 

Generation #10
36,5,0.001, 0.0647597, 0.065846, 0.066052, 0.0867444, 0.0910634, 0.107245, 0.158592, 0.188986, 0.207066, 0.207189, 0.258591, 0.283575, 0.286619, 0.314451, 0.415184, 0.456891, 0.514466, 0.531586, 0.53581, 0.659554, 0.675857, 0.845999, 0.928614, 0.955321, 0.968535, 0.991554, 0.949587, 1, 

21,6,0.001, 0.0505691, 0.0614746, 0.0673246, 0.078754, 0.136857, 0.153624, 0.162047, 0.163551, 0.44367, 0.64447, 1, 

37,4,0.001, 0.0505691, 0.0614746, 0.0673246, 0.078754, 0.136857, 0.153624, 0.162047, 0.163551, 0.233203, 0.309908, 0.381728, 0.391763, 0.427477, 0.467019, 0.538064, 0.558344, 0.655166, 0.659871, 0.744747, 0.776085, 0.782255, 0.830157, 0.971611, 0.996352, 1, 

Generation #11
36,5,0.001, 0.0647597, 0.065846, 0.066052, 0.0867444, 0.0910634, 0.107245, 0.158592, 0.188986, 0.207066, 0.207189, 0.258591, 0.283575, 0.286619, 0.314451, 0.415184, 0.456891, 0.514466, 0.531586, 0.53581, 0.659554, 0.675857, 0.845999, 0.928614, 0.955321, 0.968535, 0.991554, 0.949587, 1, 

21,6,0.001, 0.0505691, 0.0614746, 0.0673246, 0.078754, 0.136857, 0.153624, 0.162047, 0.163551, 0.44367, 0.64447, 1, 

37,4,0.001, 0.0505691, 0.0614746, 0.0673246, 0.078754, 0.136857, 0.153624, 0.162047, 0.163551, 0.233203, 0.309908, 0.381728, 0.391763, 0.427477, 0.467019, 0.538064, 0.558344, 0.655166, 0.659871, 0.744747, 0.776085, 0.782255, 0.830157, 0.971611, 0.996352, 1, 

Generation #12
36,5,0.001, 0.0647597, 0.065846, 0.066052, 0.0867444, 0.0910634, 0.107245, 0.158592, 0.188986, 0.207066, 0.207189, 0.258591, 0.283575, 0.286619, 0.314451, 0.415184, 0.456891, 0.514466, 0.531586, 0.53581, 0.659554, 0.675857, 0.845999, 0.928614, 0.955321, 0.968535, 0.991554, 0.949587, 1, 

21,6,0.001, 0.0505691, 0.0614746, 0.0673246, 0.078754, 0.136857, 0.153624, 0.162047, 0.163551, 0.44367, 0.64447, 1, 

37,4,0.001, 0.0505691, 0.0614746, 0.0673246, 0.078754, 0.136857, 0.153624, 0.162047, 0.163551, 0.233203, 0.309908, 0.381728, 0.391763, 0.427477, 0.467019, 0.538064, 0.558344, 0.655166, 0.659871, 0.744747, 0.776085, 0.782255, 0.830157, 0.971611, 0.996352, 1, 

19,11,0.001, 0.0547406, 0.131898, 0.165738, 0.179626, 0.187313, 0.194413, 0.231553, 0.243981, 0.956617, 1, 

Generation #13
21,6,0.001, 0.0505691, 0.0614746, 0.0673246, 0.078754, 0.136857, 0.153624, 0.162047, 0.163551, 0.44367, 0.64447, 1, 

37,4,0.001, 0.0505691, 0.0614746, 0.0673246, 0.078754, 0.136857, 0.153624, 0.162047, 0.163551, 0.233203, 0.309908, 0.381728, 0.391763, 0.427477, 0.467019, 0.538064, 0.558344, 0.655166, 0.659871, 0.744747, 0.776085, 0.782255, 0.830157, 0.971611, 0.996352, 1, 

19,11,0.001, 0.0547406, 0.131898, 0.165738, 0.179626, 0.187313, 0.194413, 0.231553, 0.243981, 0.956617, 1, 

25,5,0.001, 0.0595294, 0.0614746, 0.0797769, 0.12132, 0.144544, 0.205926, 0.273218, 0.2958, 0.263653, 0.2784, 0.415797, 0.0214681, 0.434669, 0.716617, 0.757069, 1, 

Generation #14
21,6,0.001, 0.0505691, 0.0614746, 0.0673246, 0.078754, 0.136857, 0.153624, 0.162047, 0.163551, 0.44367, 0.64447, 1, 

37,4,0.001, 0.0505691, 0.0614746, 0.0673246, 0.078754, 0.136857, 0.153624, 0.162047, 0.163551, 0.233203, 0.309908, 0.381728, 0.391763, 0.427477, 0.467019, 0.538064, 0.558344, 0.655166, 0.659871, 0.744747, 0.776085, 0.782255, 0.830157, 0.971611, 0.996352, 1, 

19,11,0.001, 0.0547406, 0.131898, 0.165738, 0.179626, 0.187313, 0.194413, 0.231553, 0.243981, 0.956617, 1, 

25,5,0.001, 0.0595294, 0.0614746, 0.0797769, 0.12132, 0.144544, 0.205926, 0.273218, 0.2958, 0.263653, 0.2784, 0.415797, 0.0214681, 0.434669, 0.716617, 0.757069, 1, 

Generation #15
21,6,0.001, 0.0505691, 0.0614746, 0.0673246, 0.078754, 0.136857, 0.153624, 0.162047, 0.163551, 0.44367, 0.64447, 1, 

37,4,0.001, 0.0505691, 0.0614746, 0.0673246, 0.078754, 0.136857, 0.153624, 0.162047, 0.163551, 0.233203, 0.309908, 0.381728, 0.391763, 0.427477, 0.467019, 0.538064, 0.558344, 0.655166, 0.659871, 0.744747, 0.776085, 0.782255, 0.830157, 0.971611, 0.996352, 1, 

19,11,0.001, 0.0547406, 0.131898, 0.165738, 0.179626, 0.187313, 0.194413, 0.231553, 0.243981, 0.956617, 1, 

25,5,0.001, 0.0595294, 0.0614746, 0.0797769, 0.12132, 0.144544, 0.205926, 0.273218, 0.2958, 0.263653, 0.2784, 0.415797, 0.0214681, 0.434669, 0.716617, 0.757069, 1, 

Generation #16
21,6,0.001, 0.0505691, 0.0614746, 0.0673246, 0.078754, 0.136857, 0.153624, 0.162047, 0.163551, 0.44367, 0.64447, 1, 

37,4,0.001, 0.0505691, 0.0614746, 0.0673246, 0.078754, 0.136857, 0.153624, 0.162047, 0.163551, 0.233203, 0.309908, 0.381728, 0.391763, 0.427477, 0.467019, 0.538064, 0.558344, 0.655166, 0.659871, 0.744747, 0.776085, 0.782255, 0.830157, 0.971611, 0.996352, 1, 

19,11,0.001, 0.0547406, 0.131898, 0.165738, 0.179626, 0.187313, 0.194413, 0.231553, 0.243981, 0.956617, 1, 

25,5,0.001, 0.0595294, 0.0614746, 0.0797769, 0.12132, 0.144544, 0.205926, 0.273218, 0.2958, 0.263653, 0.2784, 0.415797, 0.0214681, 0.434669, 0.716617, 0.757069, 1, 

Generation #17
21,6,0.001, 0.0505691, 0.0614746, 0.0673246, 0.078754, 0.136857, 0.153624, 0.162047, 0.163551, 0.44367, 0.64447, 1, 

37,4,0.001, 0.0505691, 0.0614746, 0.0673246, 0.078754, 0.136857, 0.153624, 0.162047, 0.163551, 0.233203, 0.309908, 0.381728, 0.391763, 0.427477, 0.467019, 0.538064, 0.558344, 0.655166, 0.659871, 0.744747, 0.776085, 0.782255, 0.830157, 0.971611, 0.996352, 1, 

19,11,0.001, 0.0547406, 0.131898, 0.165738, 0.179626, 0.187313, 0.194413, 0.231553, 0.243981, 0.956617, 1, 

25,5,0.001, 0.0595294, 0.0614746, 0.0797769, 0.12132, 0.144544, 0.205926, 0.273218, 0.2958, 0.263653, 0.2784, 0.415797, 0.0214681, 0.434669, 0.716617, 0.757069, 1, 

Generation #18
21,6,0.001, 0.0505691, 0.0614746, 0.0673246, 0.078754, 0.136857, 0.153624, 0.162047, 0.163551, 0.44367, 0.64447, 1, 

37,4,0.001, 0.0505691, 0.0614746, 0.0673246, 0.078754, 0.136857, 0.153624, 0.162047, 0.163551, 0.233203, 0.309908, 0.381728, 0.391763, 0.427477, 0.467019, 0.538064, 0.558344, 0.655166, 0.659871, 0.744747, 0.776085, 0.782255, 0.830157, 0.971611, 0.996352, 1, 

19,11,0.001, 0.0547406, 0.131898, 0.165738, 0.179626, 0.187313, 0.194413, 0.231553, 0.243981, 0.956617, 1, 

25,5,0.001, 0.0595294, 0.0614746, 0.0797769, 0.12132, 0.144544, 0.205926, 0.273218, 0.2958, 0.263653, 0.2784, 0.415797, 0.0214681, 0.434669, 0.716617, 0.757069, 1, 

Generation #19
21,6,0.001, 0.0505691, 0.0614746, 0.0673246, 0.078754, 0.136857, 0.153624, 0.162047, 0.163551, 0.44367, 0.64447, 1, 

37,4,0.001, 0.0505691, 0.0614746, 0.0673246, 0.078754, 0.136857, 0.153624, 0.162047, 0.163551, 0.233203, 0.309908, 0.381728, 0.391763, 0.427477, 0.467019, 0.538064, 0.558344, 0.655166, 0.659871, 0.744747, 0.776085, 0.782255, 0.830157, 0.971611, 0.996352, 1, 

19,11,0.001, 0.0547406, 0.131898, 0.165738, 0.179626, 0.187313, 0.194413, 0.231553, 0.243981, 0.956617, 1, 

25,5,0.001, 0.0595294, 0.0614746, 0.0797769, 0.12132, 0.144544, 0.205926, 0.273218, 0.2958, 0.263653, 0.2784, 0.415797, 0.0214681, 0.434669, 0.716617, 0.757069, 1, 

Generation #20
21,6,0.001, 0.0505691, 0.0614746, 0.0673246, 0.078754, 0.136857, 0.153624, 0.162047, 0.163551, 0.44367, 0.64447, 1, 

37,4,0.001, 0.0505691, 0.0614746, 0.0673246, 0.078754, 0.136857, 0.153624, 0.162047, 0.163551, 0.233203, 0.309908, 0.381728, 0.391763, 0.427477, 0.467019, 0.538064, 0.558344, 0.655166, 0.659871, 0.744747, 0.776085, 0.782255, 0.830157, 0.971611, 0.996352, 1, 

19,11,0.001, 0.0547406, 0.131898, 0.165738, 0.179626, 0.187313, 0.194413, 0.231553, 0.243981, 0.956617, 1, 

25,5,0.001, 0.0595294, 0.0614746, 0.0797769, 0.12132, 0.144544, 0.205926, 0.273218, 0.2958, 0.263653, 0.2784, 0.415797, 0.0214681, 0.434669, 0.716617, 0.757069, 1, 

Generation #21
21,6,0.001, 0.0505691, 0.0614746, 0.0673246, 0.078754, 0.136857, 0.153624, 0.162047, 0.163551, 0.44367, 0.64447, 1, 

37,4,0.001, 0.0505691, 0.0614746, 0.0673246, 0.078754, 0.136857, 0.153624, 0.162047, 0.163551, 0.233203, 0.309908, 0.381728, 0.391763, 0.427477, 0.467019, 0.538064, 0.558344, 0.655166, 0.659871, 0.744747, 0.776085, 0.782255, 0.830157, 0.971611, 0.996352, 1, 

19,11,0.001, 0.0547406, 0.131898, 0.165738, 0.179626, 0.187313, 0.194413, 0.231553, 0.243981, 0.956617, 1, 

25,5,0.001, 0.0595294, 0.0614746, 0.0797769, 0.12132, 0.144544, 0.205926, 0.273218, 0.2958, 0.263653, 0.2784, 0.415797, 0.0214681, 0.434669, 0.716617, 0.757069, 1, 

Generation #22
21,6,0.001, 0.0505691, 0.0614746, 0.0673246, 0.078754, 0.136857, 0.153624, 0.162047, 0.163551, 0.44367, 0.64447, 1, 

37,4,0.001, 0.0505691, 0.0614746, 0.0673246, 0.078754, 0.136857, 0.153624, 0.162047, 0.163551, 0.233203, 0.309908, 0.381728, 0.391763, 0.427477, 0.467019, 0.538064, 0.558344, 0.655166, 0.659871, 0.744747, 0.776085, 0.782255, 0.830157, 0.971611, 0.996352, 1, 

19,11,0.001, 0.0547406, 0.131898, 0.165738, 0.179626, 0.187313, 0.194413, 0.231553, 0.243981, 0.956617, 1, 

25,5,0.001, 0.0595294, 0.0614746, 0.0797769, 0.12132, 0.144544, 0.205926, 0.273218, 0.2958, 0.263653, 0.2784, 0.415797, 0.0214681, 0.434669, 0.716617, 0.757069, 1, 

Generation #23
21,6,0.001, 0.0505691, 0.0614746, 0.0673246, 0.078754, 0.136857, 0.153624, 0.162047, 0.163551, 0.44367, 0.64447, 1, 

37,4,0.001, 0.0505691, 0.0614746, 0.0673246, 0.078754, 0.136857, 0.153624, 0.162047, 0.163551, 0.233203, 0.309908, 0.381728, 0.391763, 0.427477, 0.467019, 0.538064, 0.558344, 0.655166, 0.659871, 0.744747, 0.776085, 0.782255, 0.830157, 0.971611, 0.996352, 1, 

19,11,0.001, 0.0547406, 0.131898, 0.165738, 0.179626, 0.187313, 0.194413, 0.231553, 0.243981, 0.956617, 1, 

25,5,0.001, 0.0595294, 0.0614746, 0.0797769, 0.12132, 0.144544, 0.205926, 0.273218, 0.2958, 0.263653, 0.2784, 0.415797, 0.0214681, 0.434669, 0.716617, 0.757069, 1, 

Generation #24
21,6,0.001, 0.0505691, 0.0614746, 0.0673246, 0.078754, 0.136857, 0.153624, 0.162047, 0.163551, 0.44367, 0.64447, 1, 

37,4,0.001, 0.0505691, 0.0614746, 0.0673246, 0.078754, 0.136857, 0.153624, 0.162047, 0.163551, 0.233203, 0.309908, 0.381728, 0.391763, 0.427477, 0.467019, 0.538064, 0.558344, 0.655166, 0.659871, 0.744747, 0.776085, 0.782255, 0.830157, 0.971611, 0.996352, 1, 

19,11,0.001, 0.0547406, 0.131898, 0.165738, 0.179626, 0.187313, 0.194413, 0.231553, 0.243981, 0.956617, 1, 

25,5,0.001, 0.0595294, 0.0614746, 0.0797769, 0.12132, 0.144544, 0.205926, 0.273218, 0.2958, 0.263653, 0.2784, 0.415797, 0.0214681, 0.434669, 0.716617, 0.757069, 1, 

Generation #25
21,6,0.001, 0.0505691, 0.0614746, 0.0673246, 0.078754, 0.136857, 0.153624, 0.162047, 0.163551, 0.44367, 0.64447, 1, 

37,4,0.001, 0.0505691, 0.0614746, 0.0673246, 0.078754, 0.136857, 0.153624, 0.162047, 0.163551, 0.233203, 0.309908, 0.381728, 0.391763, 0.427477, 0.467019, 0.538064, 0.558344, 0.655166, 0.659871, 0.744747, 0.776085, 0.782255, 0.830157, 0.971611, 0.996352, 1, 

19,11,0.001, 0.0547406, 0.131898, 0.165738, 0.179626, 0.187313, 0.194413, 0.231553, 0.243981, 0.956617, 1, 

25,5,0.001, 0.0595294, 0.0614746, 0.0797769, 0.12132, 0.144544, 0.205926, 0.273218, 0.2958, 0.263653, 0.2784, 0.415797, 0.0214681, 0.434669, 0.716617, 0.757069, 1, 

Generation #26
21,6,0.001, 0.0505691, 0.0614746, 0.0673246, 0.078754, 0.136857, 0.153624, 0.162047, 0.163551, 0.44367, 0.64447, 1, 

37,4,0.001, 0.0505691, 0.0614746, 0.0673246, 0.078754, 0.136857, 0.153624, 0.162047, 0.163551, 0.233203, 0.309908, 0.381728, 0.391763, 0.427477, 0.467019, 0.538064, 0.558344, 0.655166, 0.659871, 0.744747, 0.776085, 0.782255, 0.830157, 0.971611, 0.996352, 1, 

19,11,0.001, 0.0547406, 0.131898, 0.165738, 0.179626, 0.187313, 0.194413, 0.231553, 0.243981, 0.956617, 1, 

25,5,0.001, 0.0595294, 0.0614746, 0.0797769, 0.12132, 0.144544, 0.205926, 0.273218, 0.2958, 0.263653, 0.2784, 0.415797, 0.0214681, 0.434669, 0.716617, 0.757069, 1, 

Generation #27
21,6,0.001, 0.0505691, 0.0614746, 0.0673246, 0.078754, 0.136857, 0.153624, 0.162047, 0.163551, 0.44367, 0.64447, 1, 

19,11,0.001, 0.0547406, 0.131898, 0.165738, 0.179626, 0.187313, 0.194413, 0.231553, 0.243981, 0.956617, 1, 

25,5,0.001, 0.0595294, 0.0614746, 0.0797769, 0.12132, 0.144544, 0.205926, 0.273218, 0.2958, 0.263653, 0.2784, 0.415797, 0.0214681, 0.434669, 0.716617, 0.757069, 1, 

37,3,0.001, 0.0505691, 0.125948, 0.134747, 0.0867444, 0.0910634, 0.107245, 0.158592, 0.188986, 0.207066, 0.207189, 0.258591, 0.283575, 0.286619, 0.314451, 0.415184, 0.456891, 0.514466, 0.531586, 0.53581, 0.659554, 0.675857, 0.845999, 0.928614, 0.955321, 0.968535, 0.991554, 0.949587, 1, 

Generation #28
21,6,0.001, 0.0505691, 0.0614746, 0.0673246, 0.078754, 0.136857, 0.153624, 0.162047, 0.163551, 0.44367, 0.64447, 1, 

19,11,0.001, 0.0547406, 0.131898, 0.165738, 0.179626, 0.187313, 0.194413, 0.231553, 0.243981, 0.956617, 1, 

25,5,0.001, 0.0595294, 0.0614746, 0.0797769, 0.12132, 0.144544, 0.205926, 0.273218, 0.2958, 0.263653, 0.2784, 0.415797, 0.0214681, 0.434669, 0.716617, 0.757069, 1, 

37,3,0.001, 0.0505691, 0.125948, 0.134747, 0.0867444, 0.0910634, 0.107245, 0.158592, 0.188986, 0.207066, 0.207189, 0.258591, 0.283575, 0.286619, 0.314451, 0.415184, 0.456891, 0.514466, 0.531586, 0.53581, 0.659554, 0.675857, 0.845999, 0.928614, 0.955321, 0.968535, 0.991554, 0.949587, 1, 

Generation #29
21,6,0.001, 0.0505691, 0.0614746, 0.0673246, 0.078754, 0.136857, 0.153624, 0.162047, 0.163551, 0.44367, 0.64447, 1, 

19,11,0.001, 0.0547406, 0.131898, 0.165738, 0.179626, 0.187313, 0.194413, 0.231553, 0.243981, 0.956617, 1, 

25,5,0.001, 0.0595294, 0.0614746, 0.0797769, 0.12132, 0.144544, 0.205926, 0.273218, 0.2958, 0.263653, 0.2784, 0.415797, 0.0214681, 0.434669, 0.716617, 0.757069, 1, 

37,3,0.001, 0.0505691, 0.125948, 0.134747, 0.0867444, 0.0910634, 0.107245, 0.158592, 0.188986, 0.207066, 0.207189, 0.258591, 0.283575, 0.286619, 0.314451, 0.415184, 0.456891, 0.514466, 0.531586, 0.53581, 0.659554, 0.675857, 0.845999, 0.928614, 0.955321, 0.968535, 0.991554, 0.949587, 1, 

Generation #30
21,6,0.001, 0.0505691, 0.0614746, 0.0673246, 0.078754, 0.136857, 0.153624, 0.162047, 0.163551, 0.44367, 0.64447, 1, 

19,11,0.001, 0.0547406, 0.131898, 0.165738, 0.179626, 0.187313, 0.194413, 0.231553, 0.243981, 0.956617, 1, 

25,5,0.001, 0.0595294, 0.0614746, 0.0797769, 0.12132, 0.144544, 0.205926, 0.273218, 0.2958, 0.263653, 0.2784, 0.415797, 0.0214681, 0.434669, 0.716617, 0.757069, 1, 

37,3,0.001, 0.0505691, 0.125948, 0.134747, 0.0867444, 0.0910634, 0.107245, 0.158592, 0.188986, 0.207066, 0.207189, 0.258591, 0.283575, 0.286619, 0.314451, 0.415184, 0.456891, 0.514466, 0.531586, 0.53581, 0.659554, 0.675857, 0.845999, 0.928614, 0.955321, 0.968535, 0.991554, 0.949587, 1, 

Generation #31
21,6,0.001, 0.0505691, 0.0614746, 0.0673246, 0.078754, 0.136857, 0.153624, 0.162047, 0.163551, 0.44367, 0.64447, 1, 

19,11,0.001, 0.0547406, 0.131898, 0.165738, 0.179626, 0.187313, 0.194413, 0.231553, 0.243981, 0.956617, 1, 

25,5,0.001, 0.0595294, 0.0614746, 0.0797769, 0.12132, 0.144544, 0.205926, 0.273218, 0.2958, 0.263653, 0.2784, 0.415797, 0.0214681, 0.434669, 0.716617, 0.757069, 1, 

37,3,0.001, 0.0505691, 0.125948, 0.134747, 0.0867444, 0.0910634, 0.107245, 0.158592, 0.188986, 0.207066, 0.207189, 0.258591, 0.283575, 0.286619, 0.314451, 0.415184, 0.456891, 0.514466, 0.531586, 0.53581, 0.659554, 0.675857, 0.845999, 0.928614, 0.955321, 0.968535, 0.991554, 0.949587, 1, 

28,4,0.001, 0.0647597, 0.065846, 0.0422015, 0.066052, 0.0867444, 0.0910634, 0.107245, 0.150579, 0.158592, 0.188986, 0.207066, 0.207189, 0.258591, 0.283575, 0.716617, 0.757069, 1, 

Generation #32
21,6,0.001, 0.0505691, 0.0614746, 0.0673246, 0.078754, 0.136857, 0.153624, 0.162047, 0.163551, 0.44367, 0.64447, 1, 

19,11,0.001, 0.0547406, 0.131898, 0.165738, 0.179626, 0.187313, 0.194413, 0.231553, 0.243981, 0.956617, 1, 

25,5,0.001, 0.0595294, 0.0614746, 0.0797769, 0.12132, 0.144544, 0.205926, 0.273218, 0.2958, 0.263653, 0.2784, 0.415797, 0.0214681, 0.434669, 0.716617, 0.757069, 1, 

37,3,0.001, 0.0505691, 0.125948, 0.134747, 0.0867444, 0.0910634, 0.107245, 0.158592, 0.188986, 0.207066, 0.207189, 0.258591, 0.283575, 0.286619, 0.314451, 0.415184, 0.456891, 0.514466, 0.531586, 0.53581, 0.659554, 0.675857, 0.845999, 0.928614, 0.955321, 0.968535, 0.991554, 0.949587, 1, 

28,4,0.001, 0.0647597, 0.065846, 0.0422015, 0.066052, 0.0867444, 0.0910634, 0.107245, 0.150579, 0.158592, 0.188986, 0.207066, 0.207189, 0.258591, 0.283575, 0.716617, 0.757069, 1, 

Generation #33
21,6,0.001, 0.0505691, 0.0614746, 0.0673246, 0.078754, 0.136857, 0.153624, 0.162047, 0.163551, 0.44367, 0.64447, 1, 

19,11,0.001, 0.0547406, 0.131898, 0.165738, 0.179626, 0.187313, 0.194413, 0.231553, 0.243981, 0.956617, 1, 

25,5,0.001, 0.0595294, 0.0614746, 0.0797769, 0.12132, 0.144544, 0.205926, 0.273218, 0.2958, 0.263653, 0.2784, 0.415797, 0.0214681, 0.434669, 0.716617, 0.757069, 1, 

28,4,0.001, 0.0647597, 0.065846, 0.0422015, 0.066052, 0.0867444, 0.0910634, 0.107245, 0.150579, 0.158592, 0.188986, 0.207066, 0.207189, 0.258591, 0.283575, 0.716617, 0.757069, 1, 

36,3,0.0505691, 0.0614746, 0.0706465, 0.136857, 0.0910634, 0.107245, 0.158592, 0.188986, 0.207066, 0.207189, 0.258591, 0.283575, 0.286619, 0.314451, 0.415184, 0.456891, 0.514466, 0.531586, 0.53581, 0.659554, 0.675857, 0.845999, 0.928614, 0.955321, 0.968535, 0.991554, 0.949587, 1, 

Generation #34
21,6,0.001, 0.0505691, 0.0614746, 0.0673246, 0.078754, 0.136857, 0.153624, 0.162047, 0.163551, 0.44367, 0.64447, 1, 

19,11,0.001, 0.0547406, 0.131898, 0.165738, 0.179626, 0.187313, 0.194413, 0.231553, 0.243981, 0.956617, 1, 

25,5,0.001, 0.0595294, 0.0614746, 0.0797769, 0.12132, 0.144544, 0.205926, 0.273218, 0.2958, 0.263653, 0.2784, 0.415797, 0.0214681, 0.434669, 0.716617, 0.757069, 1, 

28,4,0.001, 0.0647597, 0.065846, 0.0422015, 0.066052, 0.0867444, 0.0910634, 0.107245, 0.150579, 0.158592, 0.188986, 0.207066, 0.207189, 0.258591, 0.283575, 0.716617, 0.757069, 1, 

36,3,0.0505691, 0.0614746, 0.0706465, 0.136857, 0.0910634, 0.107245, 0.158592, 0.188986, 0.207066, 0.207189, 0.258591, 0.283575, 0.286619, 0.314451, 0.415184, 0.456891, 0.514466, 0.531586, 0.53581, 0.659554, 0.675857, 0.845999, 0.928614, 0.955321, 0.968535, 0.991554, 0.949587, 1, 

Generation #35
21,6,0.001, 0.0505691, 0.0614746, 0.0673246, 0.078754, 0.136857, 0.153624, 0.162047, 0.163551, 0.44367, 0.64447, 1, 

19,11,0.001, 0.0547406, 0.131898, 0.165738, 0.179626, 0.187313, 0.194413, 0.231553, 0.243981, 0.956617, 1, 

25,5,0.001, 0.0595294, 0.0614746, 0.0797769, 0.12132, 0.144544, 0.205926, 0.273218, 0.2958, 0.263653, 0.2784, 0.415797, 0.0214681, 0.434669, 0.716617, 0.757069, 1, 

28,4,0.001, 0.0647597, 0.065846, 0.0422015, 0.066052, 0.0867444, 0.0910634, 0.107245, 0.150579, 0.158592, 0.188986, 0.207066, 0.207189, 0.258591, 0.283575, 0.716617, 0.757069, 1, 

36,3,0.0505691, 0.0614746, 0.0706465, 0.136857, 0.0910634, 0.107245, 0.158592, 0.188986, 0.207066, 0.207189, 0.258591, 0.283575, 0.286619, 0.314451, 0.415184, 0.456891, 0.514466, 0.531586, 0.53581, 0.659554, 0.675857, 0.845999, 0.928614, 0.955321, 0.968535, 0.991554, 0.949587, 1, 

Generation #36
21,6,0.001, 0.0505691, 0.0614746, 0.0673246, 0.078754, 0.136857, 0.153624, 0.162047, 0.163551, 0.44367, 0.64447, 1, 

19,11,0.001, 0.0547406, 0.131898, 0.165738, 0.179626, 0.187313, 0.194413, 0.231553, 0.243981, 0.956617, 1, 

25,5,0.001, 0.0595294, 0.0614746, 0.0797769, 0.12132, 0.144544, 0.205926, 0.273218, 0.2958, 0.263653, 0.2784, 0.415797, 0.0214681, 0.434669, 0.716617, 0.757069, 1, 

36,3,0.0505691, 0.0614746, 0.0706465, 0.136857, 0.0910634, 0.107245, 0.158592, 0.188986, 0.207066, 0.207189, 0.258591, 0.283575, 0.286619, 0.314451, 0.415184, 0.456891, 0.514466, 0.531586, 0.53581, 0.659554, 0.675857, 0.845999, 0.928614, 0.955321, 0.968535, 0.991554, 0.949587, 1, 

27,4,0.001, 0.0547406, 0.131898, 0.165738, 0.066052, 0.0867444, 0.0910634, 0.107245, 0.150579, 0.158592, 0.188986, 0.207066, 0.207189, 0.258591, 0.283575, 0.716617, 0.757069, 1, 

Generation #37
21,6,0.001, 0.0505691, 0.0614746, 0.0673246, 0.078754, 0.136857, 0.153624, 0.162047, 0.163551, 0.44367, 0.64447, 1, 

19,11,0.001, 0.0547406, 0.131898, 0.165738, 0.179626, 0.187313, 0.194413, 0.231553, 0.243981, 0.956617, 1, 

25,5,0.001, 0.0595294, 0.0614746, 0.0797769, 0.12132, 0.144544, 0.205926, 0.273218, 0.2958, 0.263653, 0.2784, 0.415797, 0.0214681, 0.434669, 0.716617, 0.757069, 1, 

36,3,0.0505691, 0.0614746, 0.0706465, 0.136857, 0.0910634, 0.107245, 0.158592, 0.188986, 0.207066, 0.207189, 0.258591, 0.283575, 0.286619, 0.314451, 0.415184, 0.456891, 0.514466, 0.531586, 0.53581, 0.659554, 0.675857, 0.845999, 0.928614, 0.955321, 0.968535, 0.991554, 0.949587, 1, 

27,4,0.001, 0.0547406, 0.131898, 0.165738, 0.066052, 0.0867444, 0.0910634, 0.107245, 0.150579, 0.158592, 0.188986, 0.207066, 0.207189, 0.258591, 0.283575, 0.716617, 0.757069, 1, 

Generation #38
21,6,0.001, 0.0505691, 0.0614746, 0.0673246, 0.078754, 0.136857, 0.153624, 0.162047, 0.163551, 0.44367, 0.64447, 1, 

19,11,0.001, 0.0547406, 0.131898, 0.165738, 0.179626, 0.187313, 0.194413, 0.231553, 0.243981, 0.956617, 1, 

25,5,0.001, 0.0595294, 0.0614746, 0.0797769, 0.12132, 0.144544, 0.205926, 0.273218, 0.2958, 0.263653, 0.2784, 0.415797, 0.0214681, 0.434669, 0.716617, 0.757069, 1, 

36,3,0.0505691, 0.0614746, 0.0706465, 0.136857, 0.0910634, 0.107245, 0.158592, 0.188986, 0.207066, 0.207189, 0.258591, 0.283575, 0.286619, 0.314451, 0.415184, 0.456891, 0.514466, 0.531586, 0.53581, 0.659554, 0.675857, 0.845999, 0.928614, 0.955321, 0.968535, 0.991554, 0.949587, 1, 

27,4,0.001, 0.0547406, 0.131898, 0.165738, 0.066052, 0.0867444, 0.0910634, 0.107245, 0.150579, 0.158592, 0.188986, 0.207066, 0.207189, 0.258591, 0.283575, 0.716617, 0.757069, 1, 

Generation #39
21,6,0.001, 0.0505691, 0.0614746, 0.0673246, 0.078754, 0.136857, 0.153624, 0.162047, 0.163551, 0.44367, 0.64447, 1, 

19,11,0.001, 0.0547406, 0.131898, 0.165738, 0.179626, 0.187313, 0.194413, 0.231553, 0.243981, 0.956617, 1, 

25,5,0.001, 0.0595294, 0.0614746, 0.0797769, 0.12132, 0.144544, 0.205926, 0.273218, 0.2958, 0.263653, 0.2784, 0.415797, 0.0214681, 0.434669, 0.716617, 0.757069, 1, 

36,3,0.0505691, 0.0614746, 0.0706465, 0.136857, 0.0910634, 0.107245, 0.158592, 0.188986, 0.207066, 0.207189, 0.258591, 0.283575, 0.286619, 0.314451, 0.415184, 0.456891, 0.514466, 0.531586, 0.53581, 0.659554, 0.675857, 0.845999, 0.928614, 0.955321, 0.968535, 0.991554, 0.949587, 1, 

27,4,0.001, 0.0547406, 0.131898, 0.165738, 0.066052, 0.0867444, 0.0910634, 0.107245, 0.150579, 0.158592, 0.188986, 0.207066, 0.207189, 0.258591, 0.283575, 0.716617, 0.757069, 1, 

Generation #40
21,6,0.001, 0.0505691, 0.0614746, 0.0673246, 0.078754, 0.136857, 0.153624, 0.162047, 0.163551, 0.44367, 0.64447, 1, 

19,11,0.001, 0.0547406, 0.131898, 0.165738, 0.179626, 0.187313, 0.194413, 0.231553, 0.243981, 0.956617, 1, 

25,5,0.001, 0.0595294, 0.0614746, 0.0797769, 0.12132, 0.144544, 0.205926, 0.273218, 0.2958, 0.263653, 0.2784, 0.415797, 0.0214681, 0.434669, 0.716617, 0.757069, 1, 

36,3,0.0505691, 0.0614746, 0.0706465, 0.136857, 0.0910634, 0.107245, 0.158592, 0.188986, 0.207066, 0.207189, 0.258591, 0.283575, 0.286619, 0.314451, 0.415184, 0.456891, 0.514466, 0.531586, 0.53581, 0.659554, 0.675857, 0.845999, 0.928614, 0.955321, 0.968535, 0.991554, 0.949587, 1, 

27,4,0.001, 0.0547406, 0.131898, 0.165738, 0.066052, 0.0867444, 0.0910634, 0.107245, 0.150579, 0.158592, 0.188986, 0.207066, 0.207189, 0.258591, 0.283575, 0.716617, 0.757069, 1, 

Generation #41
21,6,0.001, 0.0505691, 0.0614746, 0.0673246, 0.078754, 0.136857, 0.153624, 0.162047, 0.163551, 0.44367, 0.64447, 1, 

19,11,0.001, 0.0547406, 0.131898, 0.165738, 0.179626, 0.187313, 0.194413, 0.231553, 0.243981, 0.956617, 1, 

25,5,0.001, 0.0595294, 0.0614746, 0.0797769, 0.12132, 0.144544, 0.205926, 0.273218, 0.2958, 0.263653, 0.2784, 0.415797, 0.0214681, 0.434669, 0.716617, 0.757069, 1, 

36,3,0.0505691, 0.0614746, 0.0706465, 0.136857, 0.0910634, 0.107245, 0.158592, 0.188986, 0.207066, 0.207189, 0.258591, 0.283575, 0.286619, 0.314451, 0.415184, 0.456891, 0.514466, 0.531586, 0.53581, 0.659554, 0.675857, 0.845999, 0.928614, 0.955321, 0.968535, 0.991554, 0.949587, 1, 

27,4,0.001, 0.0547406, 0.131898, 0.165738, 0.066052, 0.0867444, 0.0910634, 0.107245, 0.150579, 0.158592, 0.188986, 0.207066, 0.207189, 0.258591, 0.283575, 0.716617, 0.757069, 1, 

Generation #42
21,6,0.001, 0.0505691, 0.0614746, 0.0673246, 0.078754, 0.136857, 0.153624, 0.162047, 0.163551, 0.44367, 0.64447, 1, 

19,11,0.001, 0.0547406, 0.131898, 0.165738, 0.179626, 0.187313, 0.194413, 0.231553, 0.243981, 0.956617, 1, 

36,3,0.0505691, 0.0614746, 0.0706465, 0.136857, 0.0910634, 0.107245, 0.158592, 0.188986, 0.207066, 0.207189, 0.258591, 0.283575, 0.286619, 0.314451, 0.415184, 0.456891, 0.514466, 0.531586, 0.53581, 0.659554, 0.675857, 0.845999, 0.928614, 0.955321, 0.968535, 0.991554, 0.949587, 1, 

24,4,0.001, 0.0547406, 0.065846, 0.066052, 0.0867444, 0.0910634, 0.107245, 0.158592, 0.188986, 0.207066, 0.207189, 0.258591, 0.283575, 0.286619, 0.812326, 0.947885, 1, 

Generation #43
21,6,0.001, 0.0505691, 0.0614746, 0.0673246, 0.078754, 0.136857, 0.153624, 0.162047, 0.163551, 0.44367, 0.64447, 1, 

19,11,0.001, 0.0547406, 0.131898, 0.165738, 0.179626, 0.187313, 0.194413, 0.231553, 0.243981, 0.956617, 1, 

36,3,0.0505691, 0.0614746, 0.0706465, 0.136857, 0.0910634, 0.107245, 0.158592, 0.188986, 0.207066, 0.207189, 0.258591, 0.283575, 0.286619, 0.314451, 0.415184, 0.456891, 0.514466, 0.531586, 0.53581, 0.659554, 0.675857, 0.845999, 0.928614, 0.955321, 0.968535, 0.991554, 0.949587, 1, 

24,4,0.001, 0.0547406, 0.065846, 0.066052, 0.0867444, 0.0910634, 0.107245, 0.158592, 0.188986, 0.207066, 0.207189, 0.258591, 0.283575, 0.286619, 0.812326, 0.947885, 1, 

Generation #44
21,6,0.001, 0.0505691, 0.0614746, 0.0673246, 0.078754, 0.136857, 0.153624, 0.162047, 0.163551, 0.44367, 0.64447, 1, 

19,11,0.001, 0.0547406, 0.131898, 0.165738, 0.179626, 0.187313, 0.194413, 0.231553, 0.243981, 0.956617, 1, 

36,3,0.0505691, 0.0614746, 0.0706465, 0.136857, 0.0910634, 0.107245, 0.158592, 0.188986, 0.207066, 0.207189, 0.258591, 0.283575, 0.286619, 0.314451, 0.415184, 0.456891, 0.514466, 0.531586, 0.53581, 0.659554, 0.675857, 0.845999, 0.928614, 0.955321, 0.968535, 0.991554, 0.949587, 1, 

24,4,0.001, 0.0547406, 0.065846, 0.066052, 0.0867444, 0.0910634, 0.107245, 0.158592, 0.188986, 0.207066, 0.207189, 0.258591, 0.283575, 0.286619, 0.812326, 0.947885, 1, 

Generation #45
21,6,0.001, 0.0505691, 0.0614746, 0.0673246, 0.078754, 0.136857, 0.153624, 0.162047, 0.163551, 0.44367, 0.64447, 1, 

19,11,0.001, 0.0547406, 0.131898, 0.165738, 0.179626, 0.187313, 0.194413, 0.231553, 0.243981, 0.956617, 1, 

36,3,0.0505691, 0.0614746, 0.0706465, 0.136857, 0.0910634, 0.107245, 0.158592, 0.188986, 0.207066, 0.207189, 0.258591, 0.283575, 0.286619, 0.314451, 0.415184, 0.456891, 0.514466, 0.531586, 0.53581, 0.659554, 0.675857, 0.845999, 0.928614, 0.955321, 0.968535, 0.991554, 0.949587, 1, 

24,4,0.001, 0.0547406, 0.065846, 0.066052, 0.0867444, 0.0910634, 0.107245, 0.158592, 0.188986, 0.207066, 0.207189, 0.258591, 0.283575, 0.286619, 0.812326, 0.947885, 1, 

Generation #46
21,6,0.001, 0.0505691, 0.0614746, 0.0673246, 0.078754, 0.136857, 0.153624, 0.162047, 0.163551, 0.44367, 0.64447, 1, 

19,11,0.001, 0.0547406, 0.131898, 0.165738, 0.179626, 0.187313, 0.194413, 0.231553, 0.243981, 0.956617, 1, 

36,3,0.0505691, 0.0614746, 0.0706465, 0.136857, 0.0910634, 0.107245, 0.158592, 0.188986, 0.207066, 0.207189, 0.258591, 0.283575, 0.286619, 0.314451, 0.415184, 0.456891, 0.514466, 0.531586, 0.53581, 0.659554, 0.675857, 0.845999, 0.928614, 0.955321, 0.968535, 0.991554, 0.949587, 1, 

24,4,0.001, 0.0547406, 0.065846, 0.066052, 0.0867444, 0.0910634, 0.107245, 0.158592, 0.188986, 0.207066, 0.207189, 0.258591, 0.283575, 0.286619, 0.812326, 0.947885, 1, 

Generation #47
21,6,0.001, 0.0505691, 0.0614746, 0.0673246, 0.078754, 0.136857, 0.153624, 0.162047, 0.163551, 0.44367, 0.64447, 1, 

19,11,0.001, 0.0547406, 0.131898, 0.165738, 0.179626, 0.187313, 0.194413, 0.231553, 0.243981, 0.956617, 1, 

36,3,0.0505691, 0.0614746, 0.0706465, 0.136857, 0.0910634, 0.107245, 0.158592, 0.188986, 0.207066, 0.207189, 0.258591, 0.283575, 0.286619, 0.314451, 0.415184, 0.456891, 0.514466, 0.531586, 0.53581, 0.659554, 0.675857, 0.845999, 0.928614, 0.955321, 0.968535, 0.991554, 0.949587, 1, 

24,4,0.001, 0.0547406, 0.065846, 0.066052, 0.0867444, 0.0910634, 0.107245, 0.158592, 0.188986, 0.207066, 0.207189, 0.258591, 0.283575, 0.286619, 0.812326, 0.947885, 1, 

Generation #48
21,6,0.001, 0.0505691, 0.0614746, 0.0673246, 0.078754, 0.136857, 0.153624, 0.162047, 0.163551, 0.44367, 0.64447, 1, 

19,11,0.001, 0.0547406, 0.131898, 0.165738, 0.179626, 0.187313, 0.194413, 0.231553, 0.243981, 0.956617, 1, 

36,3,0.0505691, 0.0614746, 0.0706465, 0.136857, 0.0910634, 0.107245, 0.158592, 0.188986, 0.207066, 0.207189, 0.258591, 0.283575, 0.286619, 0.314451, 0.415184, 0.456891, 0.514466, 0.531586, 0.53581, 0.659554, 0.675857, 0.845999, 0.928614, 0.955321, 0.968535, 0.991554, 0.949587, 1, 

24,4,0.001, 0.0547406, 0.065846, 0.066052, 0.0867444, 0.0910634, 0.107245, 0.158592, 0.188986, 0.207066, 0.207189, 0.258591, 0.283575, 0.286619, 0.812326, 0.947885, 1, 

Generation #49
21,6,0.001, 0.0505691, 0.0614746, 0.0673246, 0.078754, 0.136857, 0.153624, 0.162047, 0.163551, 0.44367, 0.64447, 1, 

19,11,0.001, 0.0547406, 0.131898, 0.165738, 0.179626, 0.187313, 0.194413, 0.231553, 0.243981, 0.956617, 1, 

36,3,0.0505691, 0.0614746, 0.0706465, 0.136857, 0.0910634, 0.107245, 0.158592, 0.188986, 0.207066, 0.207189, 0.258591, 0.283575, 0.286619, 0.314451, 0.415184, 0.456891, 0.514466, 0.531586, 0.53581, 0.659554, 0.675857, 0.845999, 0.928614, 0.955321, 0.968535, 0.991554, 0.949587, 1, 

24,4,0.001, 0.0547406, 0.065846, 0.066052, 0.0867444, 0.0910634, 0.107245, 0.158592, 0.188986, 0.207066, 0.207189, 0.258591, 0.283575, 0.286619, 0.812326, 0.947885, 1, 

--- Pareto Front Solutions ---
Solution 0: N total=81 (N_initial=60, N_added=21), Time total=9 ms, Saved to: ./results/Make_t2_l2_pareto_0.csv, percents=0.001, 0.0505691, 0.0614746, 0.0673246, 0.078754, 0.136857, 0.153624, 0.162047, 0.163551, 0.44367, 0.64447, 1, 

Solution 1: N total=79 (N_initial=60, N_added=19), Time total=14 ms, Saved to: ./results/Make_t2_l2_pareto_1.csv, percents=0.001, 0.0547406, 0.131898, 0.165738, 0.179626, 0.187313, 0.194413, 0.231553, 0.243981, 0.956617, 1, 

Solution 2: N total=96 (N_initial=60, N_added=36), Time total=6 ms, Saved to: ./results/Make_t2_l2_pareto_2.csv, percents=0.0505691, 0.0614746, 0.0706465, 0.136857, 0.0910634, 0.107245, 0.158592, 0.188986, 0.207066, 0.207189, 0.258591, 0.283575, 0.286619, 0.314451, 0.415184, 0.456891, 0.514466, 0.531586, 0.53581, 0.659554, 0.675857, 0.845999, 0.928614, 0.955321, 0.968535, 0.991554, 0.949587, 1, 

Solution 3: N total=84 (N_initial=60, N_added=24), Time total=7 ms, Saved to: ./results/Make_t2_l2_pareto_3.csv, percents=0.001, 0.0547406, 0.065846, 0.066052, 0.0867444, 0.0910634, 0.107245, 0.158592, 0.188986, 0.207066, 0.207189, 0.258591, 0.283575, 0.286619, 0.812326, 0.947885, 1, 

------------d=1, t=2, lambda=3, filename=./evaluation/Make/Make_2_3.csv------------
Computing partitioned counts of d-sets...
Ready to look at pairs based on partitioned counts...
First Stage N=90, Time=3
There are 8 remaining non-locating pairs
--- Running GA Algorithm (phase2) ---
Running GA with std::execution::par
Generation #0
14,0,0.001, 0.26198, 0.270072, 0.310632, 0.322959, 0.38692, 0.526712, 0.529445, 0.718264, 0.795254, 0.948456, 0.953395, 1, 

Generation #1
14,0,0.001, 0.26198, 0.270072, 0.310632, 0.322959, 0.38692, 0.526712, 0.529445, 0.718264, 0.795254, 0.948456, 0.953395, 1, 

12,3,0.001, 0.139211, 0.194302, 0.231989, 0.499197, 0.51302, 0.567655, 0.666102, 0.887067, 1, 

Generation #2
12,3,0.001, 0.139211, 0.194302, 0.231989, 0.499197, 0.51302, 0.567655, 0.666102, 0.887067, 1, 

13,0,0.001, 0.154868, 0.194302, 0.231989, 0.483089, 0.499197, 0.51302, 0.567655, 0.666102, 0.887067, 1, 

Generation #3
12,0,0.001, 0.0943533, 0.0996103, 0.145574, 0.154874, 0.222896, 0.30276, 0.348781, 0.353545, 0.887067, 1, 

Generation #4
12,0,0.001, 0.0943533, 0.0996103, 0.145574, 0.154874, 0.222896, 0.30276, 0.348781, 0.353545, 0.887067, 1, 

Generation #5
12,0,0.001, 0.0943533, 0.0996103, 0.145574, 0.154874, 0.222896, 0.30276, 0.348781, 0.353545, 0.887067, 1, 

Generation #6
12,0,0.001, 0.0943533, 0.0996103, 0.145574, 0.154874, 0.222896, 0.30276, 0.348781, 0.353545, 0.887067, 1, 

Generation #7
12,0,0.001, 0.0943533, 0.0996103, 0.145574, 0.154874, 0.222896, 0.30276, 0.348781, 0.353545, 0.887067, 1, 

Generation #8
12,0,0.001, 0.0943533, 0.0996103, 0.145574, 0.154874, 0.222896, 0.30276, 0.348781, 0.353545, 0.887067, 1, 

Generation #9
11,0,0.001, 0.0943533, 0.0996103, 0.145574, 0.154874, 0.222896, 0.30276, 0.348781, 0.353545, 0.887067, 1, 

Generation #10
10,0,0.001, 0.0943533, 0.0996103, 0.145574, 0.154874, 0.222896, 0.30276, 0.292037, 0.746828, 1, 

Generation #11
10,0,0.001, 0.0943533, 0.0996103, 0.145574, 0.154874, 0.222896, 0.30276, 0.292037, 0.746828, 1, 

Generation #12
10,0,0.001, 0.0943533, 0.0996103, 0.145574, 0.154874, 0.222896, 0.30276, 0.292037, 0.746828, 1, 

Generation #13
10,0,0.001, 0.0943533, 0.0996103, 0.145574, 0.154874, 0.222896, 0.30276, 0.292037, 0.746828, 1, 

Generation #14
10,0,0.001, 0.0943533, 0.0996103, 0.145574, 0.154874, 0.222896, 0.30276, 0.292037, 0.746828, 1, 

Generation #15
10,0,0.001, 0.0943533, 0.0996103, 0.145574, 0.154874, 0.222896, 0.30276, 0.292037, 0.746828, 1, 

Generation #16
10,0,0.001, 0.0943533, 0.0996103, 0.145574, 0.154874, 0.222896, 0.30276, 0.292037, 0.746828, 1, 

Generation #17
10,0,0.001, 0.0943533, 0.0996103, 0.145574, 0.154874, 0.222896, 0.30276, 0.292037, 0.746828, 1, 

Generation #18
10,0,0.001, 0.0943533, 0.0996103, 0.145574, 0.154874, 0.222896, 0.30276, 0.292037, 0.746828, 1, 

Generation #19
10,0,0.001, 0.0943533, 0.0996103, 0.145574, 0.154874, 0.222896, 0.30276, 0.292037, 0.746828, 1, 

Generation #20
10,0,0.001, 0.0943533, 0.0996103, 0.145574, 0.154874, 0.222896, 0.30276, 0.292037, 0.746828, 1, 

Generation #21
10,0,0.001, 0.0943533, 0.0996103, 0.145574, 0.154874, 0.222896, 0.30276, 0.292037, 0.746828, 1, 

Generation #22
10,0,0.001, 0.0943533, 0.0996103, 0.145574, 0.154874, 0.222896, 0.30276, 0.292037, 0.746828, 1, 

Generation #23
10,0,0.001, 0.0943533, 0.0996103, 0.145574, 0.154874, 0.222896, 0.30276, 0.292037, 0.746828, 1, 

Generation #24
10,0,0.001, 0.0943533, 0.0996103, 0.145574, 0.154874, 0.222896, 0.30276, 0.292037, 0.746828, 1, 

Generation #25
10,0,0.001, 0.0943533, 0.0996103, 0.145574, 0.154874, 0.222896, 0.30276, 0.292037, 0.746828, 1, 

Generation #26
9,0,0.001, 0.0943533, 0.0615073, 0.099613, 0.154874, 0.222896, 0.30276, 0.292037, 1, 

Generation #27
9,0,0.001, 0.0943533, 0.0615073, 0.099613, 0.154874, 0.222896, 0.30276, 0.292037, 1, 

Generation #28
9,0,0.001, 0.0943533, 0.0615073, 0.099613, 0.154874, 0.222896, 0.30276, 0.292037, 1, 

Generation #29
9,0,0.001, 0.0943533, 0.0615073, 0.099613, 0.154874, 0.222896, 0.30276, 0.292037, 1, 

Generation #30
9,0,0.001, 0.0943533, 0.0615073, 0.099613, 0.154874, 0.222896, 0.30276, 0.292037, 1, 

Generation #31
9,0,0.001, 0.0943533, 0.0615073, 0.099613, 0.154874, 0.222896, 0.30276, 0.292037, 1, 

Generation #32
9,0,0.001, 0.0943533, 0.0615073, 0.099613, 0.154874, 0.222896, 0.30276, 0.292037, 1, 

Generation #33
9,0,0.001, 0.0943533, 0.0615073, 0.099613, 0.154874, 0.222896, 0.30276, 0.292037, 1, 

Generation #34
9,0,0.001, 0.0943533, 0.0615073, 0.099613, 0.154874, 0.222896, 0.30276, 0.292037, 1, 

Generation #35
9,0,0.001, 0.0943533, 0.0615073, 0.099613, 0.154874, 0.222896, 0.30276, 0.292037, 1, 

Generation #36
9,0,0.001, 0.0943533, 0.0615073, 0.099613, 0.154874, 0.222896, 0.30276, 0.292037, 1, 

Generation #37
9,0,0.001, 0.0943533, 0.0615073, 0.099613, 0.154874, 0.222896, 0.30276, 0.292037, 1, 

Generation #38
9,0,0.001, 0.0943533, 0.0615073, 0.099613, 0.154874, 0.222896, 0.30276, 0.292037, 1, 

Generation #39
8,0,0.001, 0.0996103, 0.145574, 0.154874, 0.222896, 0.348781, 0.353545, 1, 

Generation #40
8,0,0.001, 0.0996103, 0.145574, 0.154874, 0.222896, 0.348781, 0.353545, 1, 

Generation #41
8,0,0.001, 0.0996103, 0.145574, 0.154874, 0.222896, 0.348781, 0.353545, 1, 

Generation #42
8,0,0.001, 0.0996103, 0.145574, 0.154874, 0.222896, 0.348781, 0.353545, 1, 

Generation #43
8,0,0.001, 0.0996103, 0.145574, 0.154874, 0.222896, 0.348781, 0.353545, 1, 

Generation #44
8,0,0.001, 0.0996103, 0.145574, 0.154874, 0.222896, 0.348781, 0.353545, 1, 

Generation #45
8,0,0.001, 0.0996103, 0.145574, 0.154874, 0.222896, 0.348781, 0.353545, 1, 

Generation #46
8,0,0.001, 0.0996103, 0.145574, 0.154874, 0.222896, 0.348781, 0.353545, 1, 

Generation #47
8,0,0.001, 0.0996103, 0.145574, 0.154874, 0.222896, 0.348781, 0.353545, 1, 

Generation #48
8,0,0.001, 0.0996103, 0.145574, 0.154874, 0.222896, 0.348781, 0.353545, 1, 

Generation #49
8,0,0.001, 0.0996103, 0.145574, 0.154874, 0.222896, 0.348781, 0.353545, 1, 

--- Pareto Front Solutions ---
Solution 0: N total=98 (N_initial=90, N_added=8), Time total=3 ms, Saved to: ./results/Make_t2_l3_pareto_0.csv, percents=0.001, 0.0996103, 0.145574, 0.154874, 0.222896, 0.348781, 0.353545, 1, 

------------d=1, t=2, lambda=4, filename=./evaluation/Make/Make_2_4.csv------------
Computing partitioned counts of d-sets...
Ready to look at pairs based on partitioned counts...
First Stage N=120, Time=3
There are 0 remaining non-locating pairs
Array is already valid. Saved initial array to ./Make_t2_l4_final.csv
