------------d=1, t=2, lambda=1, filename=./evaluation/Mobile/Mobile_2_1.csv------------
Computing partitioned counts of d-sets...
Ready to look at pairs based on partitioned counts...
First Stage N=157, Time=1745
There are 143227 remaining non-locating pairs
--- Running GA Algorithm (phase2) ---
Running GA with std::execution::par
Generation #0
296,27058,0.001, 0.197247, 0.377809, 0.430239, 0.498179, 0.629397, 0.653215, 0.75911, 0.770404, 0.781472, 0.808753, 0.90699, 0.951451, 0.966803, 0.978414, 0.999108, 1, 

304,8995,0.001, 0.0588066, 0.0893308, 0.115271, 0.126515, 0.153482, 0.16883, 0.227021, 0.231003, 0.241246, 0.315142, 0.348091, 0.351339, 0.419604, 0.455244, 0.496451, 0.517393, 0.53769, 0.643099, 0.657644, 0.726772, 0.734254, 0.78653, 0.793038, 0.960297, 1, 

301,19138,0.001, 0.16051, 0.168463, 0.528911, 0.547572, 0.569945, 0.607439, 0.669889, 0.71723, 0.755751, 0.911009, 1, 

310,5992,0.001, 0.024165, 0.0623982, 0.163275, 0.168537, 0.193728, 0.205286, 0.20709, 0.29463, 0.317925, 0.325862, 0.362507, 0.411275, 0.42616, 0.469499, 0.542081, 0.542895, 0.746562, 0.761837, 0.813497, 0.881228, 0.945053, 0.964465, 1, 

306,6216,0.001, 0.0220061, 0.0403541, 0.147682, 0.216712, 0.259018, 0.442634, 0.460517, 0.502375, 0.620516, 0.640219, 0.894347, 0.919133, 0.955022, 1, 

Generation #1
310,5992,0.001, 0.024165, 0.0623982, 0.163275, 0.168537, 0.193728, 0.205286, 0.20709, 0.29463, 0.317925, 0.325862, 0.362507, 0.411275, 0.42616, 0.469499, 0.542081, 0.542895, 0.746562, 0.761837, 0.813497, 0.881228, 0.945053, 0.964465, 1, 

306,6216,0.001, 0.0220061, 0.0403541, 0.147682, 0.216712, 0.259018, 0.442634, 0.460517, 0.502375, 0.620516, 0.640219, 0.894347, 0.919133, 0.955022, 1, 

314,5115,0.001, 0.026976, 0.038055, 0.0615289, 0.0820275, 0.129702, 0.13849, 0.154156, 0.156947, 0.17737, 0.221326, 0.224387, 0.248905, 0.302443, 0.356582, 0.366333, 0.411753, 0.555824, 0.56335, 0.617068, 0.640078, 0.683194, 0.744727, 0.749178, 0.772536, 0.790693, 0.867346, 0.869527, 0.99562, 1, 

293,7217,0.001, 0.0377185, 0.0380638, 0.122303, 0.270316, 0.310992, 0.319862, 0.323835, 0.331679, 0.400008, 0.467478, 0.52103, 0.854417, 0.875574, 0.970578, 1, 

Generation #2
293,7217,0.001, 0.0377185, 0.0380638, 0.122303, 0.270316, 0.310992, 0.319862, 0.323835, 0.331679, 0.400008, 0.467478, 0.52103, 0.854417, 0.875574, 0.970578, 1, 

299,4986,0.001, 0.0377185, 0.0380638, 0.122303, 0.270316, 0.197412, 0.226942, 0.243068, 0.269401, 0.3485, 0.453081, 0.539059, 0.720254, 0.885283, 0.928269, 1, 

317,4938,0.001, 0.0192819, 0.0378253, 0.10635, 0.124822, 0.222459, 0.271276, 0.311536, 0.32438, 0.39446, 0.3056, 0.307592, 0.362031, 0.373905, 0.469255, 0.641315, 0.689143, 0.720659, 0.802766, 0.810145, 0.900286, 0.942871, 0.962562, 1, 

Generation #3
293,7217,0.001, 0.0377185, 0.0380638, 0.122303, 0.270316, 0.310992, 0.319862, 0.323835, 0.331679, 0.400008, 0.467478, 0.52103, 0.854417, 0.875574, 0.970578, 1, 

328,4550,0.001, 0.0196905, 0.0353342, 0.0478842, 0.061475, 0.178203, 0.190539, 0.255738, 0.256696, 0.296372, 0.319679, 0.482123, 0.490425, 0.275452, 0.31279, 0.375766, 0.405446, 0.45576, 0.500283, 0.563133, 0.566476, 0.936294, 0.947929, 0.996094, 1, 

315,4707,0.001, 0.026976, 0.038055, 0.0615289, 0.0820275, 0.129702, 0.13849, 0.154156, 0.156947, 0.17737, 0.221326, 0.229874, 0.278894, 0.328678, 0.382116, 0.388795, 0.952878, 0.394486, 0.4106, 0.478931, 0.490735, 0.577507, 0.58295, 0.656479, 0.790041, 0.971768, 1, 

302,4885,0.001, 0.0196905, 0.0353342, 0.0478842, 0.061475, 0.178203, 0.190539, 0.255738, 0.256696, 0.39446, 0.3056, 0.307592, 0.362031, 0.373905, 0.469255, 0.641315, 0.689143, 0.720659, 0.802766, 0.810145, 0.900286, 0.942871, 0.962562, 1, 

298,4980,0.001, 0.0196905, 0.0278572, 0.0673173, 0.0836384, 0.0864389, 0.158656, 0.176569, 0.183534, 0.212071, 0.212473, 0.229874, 0.278894, 0.328678, 0.970578, 1, 

Generation #4
293,7217,0.001, 0.0377185, 0.0380638, 0.122303, 0.270316, 0.310992, 0.319862, 0.323835, 0.331679, 0.400008, 0.467478, 0.52103, 0.854417, 0.875574, 0.970578, 1, 

302,4885,0.001, 0.0196905, 0.0353342, 0.0478842, 0.061475, 0.178203, 0.190539, 0.255738, 0.256696, 0.39446, 0.3056, 0.307592, 0.362031, 0.373905, 0.469255, 0.641315, 0.689143, 0.720659, 0.802766, 0.810145, 0.900286, 0.942871, 0.962562, 1, 

298,4980,0.001, 0.0196905, 0.0278572, 0.0673173, 0.0836384, 0.0864389, 0.158656, 0.176569, 0.183534, 0.212071, 0.212473, 0.229874, 0.278894, 0.328678, 0.970578, 1, 

325,4110,0.001, 0.026976, 0.038055, 0.0615289, 0.0820275, 0.129702, 0.13849, 0.154156, 0.156947, 0.288042, 0.394181, 0.403664, 0.464555, 0.508211, 0.531955, 0.57118, 0.573936, 0.593658, 0.659565, 0.388232, 0.549338, 0.582952, 0.702024, 0.730993, 0.755727, 0.418148, 0.872248, 0.944719, 0.976613, 1, 

306,4671,0.001, 0.0196905, 0.0353342, 0.0478842, 0.061475, 0.178203, 0.190539, 0.255738, 0.256696, 0.296372, 0.319679, 0.482123, 0.490425, 0.275452, 0.31279, 0.375766, 0.405446, 0.45576, 0.500283, 0.563133, 0.736419, 0.594651, 0.655503, 0.665171, 0.735621, 0.892036, 0.970454, 0.989406, 1, 

Generation #5
293,7217,0.001, 0.0377185, 0.0380638, 0.122303, 0.270316, 0.310992, 0.319862, 0.323835, 0.331679, 0.400008, 0.467478, 0.52103, 0.854417, 0.875574, 0.970578, 1, 

302,4885,0.001, 0.0196905, 0.0353342, 0.0478842, 0.061475, 0.178203, 0.190539, 0.255738, 0.256696, 0.39446, 0.3056, 0.307592, 0.362031, 0.373905, 0.469255, 0.641315, 0.689143, 0.720659, 0.802766, 0.810145, 0.900286, 0.942871, 0.962562, 1, 

298,4980,0.001, 0.0196905, 0.0278572, 0.0673173, 0.0836384, 0.0864389, 0.158656, 0.176569, 0.183534, 0.212071, 0.212473, 0.229874, 0.278894, 0.328678, 0.970578, 1, 

306,4671,0.001, 0.0196905, 0.0353342, 0.0478842, 0.061475, 0.178203, 0.190539, 0.255738, 0.256696, 0.296372, 0.319679, 0.482123, 0.490425, 0.275452, 0.31279, 0.375766, 0.405446, 0.45576, 0.500283, 0.563133, 0.736419, 0.594651, 0.655503, 0.665171, 0.735621, 0.892036, 0.970454, 0.989406, 1, 

296,6273,0.001, 0.0250035, 0.0346475, 0.160651, 0.171957, 0.213287, 0.228891, 0.249238, 0.267404, 0.270401, 0.252127, 0.265111, 0.27231, 0.275452, 0.31279, 0.790743, 0.906927, 0.985873, 1, 

305,4754,0.001, 0.0196905, 0.0353342, 0.0478842, 0.061475, 0.178203, 0.190539, 0.255738, 0.256696, 0.39446, 0.3056, 0.307592, 0.362031, 0.373905, 0.469255, 0.641315, 0.689143, 0.751727, 0.779219, 0.861662, 0.932636, 0.985953, 1, 

308,4336,0.001, 0.0196905, 0.0278572, 0.0673173, 0.0836384, 0.0864389, 0.158656, 0.306834, 0.356499, 0.422862, 0.536346, 0.947783, 0.966545, 1, 

312,4034,0.001, 0.0196905, 0.0353342, 0.0478842, 0.061475, 0.178203, 0.190539, 0.311536, 0.32438, 0.39446, 0.3056, 0.307592, 0.362031, 0.373905, 0.630541, 0.469255, 0.641315, 0.689143, 0.720659, 0.802766, 0.810145, 0.900286, 0.942871, 0.962562, 1, 

Generation #6
302,4885,0.001, 0.0196905, 0.0353342, 0.0478842, 0.061475, 0.178203, 0.190539, 0.255738, 0.256696, 0.39446, 0.3056, 0.307592, 0.362031, 0.373905, 0.469255, 0.641315, 0.689143, 0.720659, 0.802766, 0.810145, 0.900286, 0.942871, 0.962562, 1, 

298,4980,0.001, 0.0196905, 0.0278572, 0.0673173, 0.0836384, 0.0864389, 0.158656, 0.176569, 0.183534, 0.212071, 0.212473, 0.229874, 0.278894, 0.328678, 0.970578, 1, 

306,4671,0.001, 0.0196905, 0.0353342, 0.0478842, 0.061475, 0.178203, 0.190539, 0.255738, 0.256696, 0.296372, 0.319679, 0.482123, 0.490425, 0.275452, 0.31279, 0.375766, 0.405446, 0.45576, 0.500283, 0.563133, 0.736419, 0.594651, 0.655503, 0.665171, 0.735621, 0.892036, 0.970454, 0.989406, 1, 

305,4754,0.001, 0.0196905, 0.0353342, 0.0478842, 0.061475, 0.178203, 0.190539, 0.255738, 0.256696, 0.39446, 0.3056, 0.307592, 0.362031, 0.373905, 0.469255, 0.641315, 0.689143, 0.751727, 0.779219, 0.861662, 0.932636, 0.985953, 1, 

308,4336,0.001, 0.0196905, 0.0278572, 0.0673173, 0.0836384, 0.0864389, 0.158656, 0.306834, 0.356499, 0.422862, 0.536346, 0.947783, 0.966545, 1, 

312,4034,0.001, 0.0196905, 0.0353342, 0.0478842, 0.061475, 0.178203, 0.190539, 0.311536, 0.32438, 0.39446, 0.3056, 0.307592, 0.362031, 0.373905, 0.630541, 0.469255, 0.641315, 0.689143, 0.720659, 0.802766, 0.810145, 0.900286, 0.942871, 0.962562, 1, 

291,6002,0.001, 0.0388501, 0.0520528, 0.0623115, 0.123668, 0.129702, 0.13849, 0.154156, 0.156947, 0.17737, 0.221326, 0.539059, 0.720254, 0.885283, 0.928269, 1, 

Generation #7
308,4336,0.001, 0.0196905, 0.0278572, 0.0673173, 0.0836384, 0.0864389, 0.158656, 0.306834, 0.356499, 0.422862, 0.536346, 0.947783, 0.966545, 1, 

312,4034,0.001, 0.0196905, 0.0353342, 0.0478842, 0.061475, 0.178203, 0.190539, 0.311536, 0.32438, 0.39446, 0.3056, 0.307592, 0.362031, 0.373905, 0.630541, 0.469255, 0.641315, 0.689143, 0.720659, 0.802766, 0.810145, 0.900286, 0.942871, 0.962562, 1, 

291,6002,0.001, 0.0388501, 0.0520528, 0.0623115, 0.123668, 0.129702, 0.13849, 0.154156, 0.156947, 0.17737, 0.221326, 0.539059, 0.720254, 0.885283, 0.928269, 1, 

298,4541,0.001, 0.0196905, 0.0278572, 0.0673173, 0.0836384, 0.0864389, 0.158656, 0.176569, 0.183534, 0.212071, 0.453081, 0.539059, 0.720254, 0.970578, 1, 

296,5604,0.001, 0.0196905, 0.0353342, 0.0478842, 0.061475, 0.178203, 0.190539, 0.255738, 0.256696, 0.296372, 0.319679, 0.482123, 0.490425, 0.275452, 0.31279, 0.999108, 1, 

Generation #8
308,4336,0.001, 0.0196905, 0.0278572, 0.0673173, 0.0836384, 0.0864389, 0.158656, 0.306834, 0.356499, 0.422862, 0.536346, 0.947783, 0.966545, 1, 

312,4034,0.001, 0.0196905, 0.0353342, 0.0478842, 0.061475, 0.178203, 0.190539, 0.311536, 0.32438, 0.39446, 0.3056, 0.307592, 0.362031, 0.373905, 0.630541, 0.469255, 0.641315, 0.689143, 0.720659, 0.802766, 0.810145, 0.900286, 0.942871, 0.962562, 1, 

291,6002,0.001, 0.0388501, 0.0520528, 0.0623115, 0.123668, 0.129702, 0.13849, 0.154156, 0.156947, 0.17737, 0.221326, 0.539059, 0.720254, 0.885283, 0.928269, 1, 

298,4541,0.001, 0.0196905, 0.0278572, 0.0673173, 0.0836384, 0.0864389, 0.158656, 0.176569, 0.183534, 0.212071, 0.453081, 0.539059, 0.720254, 0.970578, 1, 

296,5129,0.001, 0.0192819, 0.0278572, 0.0673173, 0.0836384, 0.0864389, 0.158656, 0.176569, 0.183534, 0.212071, 0.453081, 0.539059, 0.720254, 0.970578, 1, 

Generation #9
291,6002,0.001, 0.0388501, 0.0520528, 0.0623115, 0.123668, 0.129702, 0.13849, 0.154156, 0.156947, 0.17737, 0.221326, 0.539059, 0.720254, 0.885283, 0.928269, 1, 

298,4541,0.001, 0.0196905, 0.0278572, 0.0673173, 0.0836384, 0.0864389, 0.158656, 0.176569, 0.183534, 0.212071, 0.453081, 0.539059, 0.720254, 0.970578, 1, 

308,3809,0.001, 0.0192819, 0.0278572, 0.0836384, 0.178203, 0.190539, 0.255738, 0.256696, 0.296372, 0.319679, 0.482123, 0.490425, 0.275452, 0.31279, 0.375766, 0.405446, 0.45576, 0.500283, 0.854517, 0.899712, 1, 

295,5059,0.001, 0.0196905, 0.0278572, 0.0673173, 0.0836384, 0.0864389, 0.158656, 0.176569, 0.183534, 0.212071, 0.453081, 0.539059, 0.720254, 0.970578, 1, 

Generation #10
291,6002,0.001, 0.0388501, 0.0520528, 0.0623115, 0.123668, 0.129702, 0.13849, 0.154156, 0.156947, 0.17737, 0.221326, 0.539059, 0.720254, 0.885283, 0.928269, 1, 

308,3809,0.001, 0.0192819, 0.0278572, 0.0836384, 0.178203, 0.190539, 0.255738, 0.256696, 0.296372, 0.319679, 0.482123, 0.490425, 0.275452, 0.31279, 0.375766, 0.405446, 0.45576, 0.500283, 0.854517, 0.899712, 1, 

295,5059,0.001, 0.0196905, 0.0278572, 0.0673173, 0.0836384, 0.0864389, 0.158656, 0.176569, 0.183534, 0.212071, 0.453081, 0.539059, 0.720254, 0.970578, 1, 

298,4056,0.001, 0.0196905, 0.0278572, 0.0673173, 0.0836384, 0.0864389, 0.228891, 0.249238, 0.267404, 0.270401, 0.252127, 0.265111, 0.27231, 0.275452, 0.31279, 0.790743, 0.906927, 0.985873, 1, 

Generation #11
291,6002,0.001, 0.0388501, 0.0520528, 0.0623115, 0.123668, 0.129702, 0.13849, 0.154156, 0.156947, 0.17737, 0.221326, 0.539059, 0.720254, 0.885283, 0.928269, 1, 

308,3809,0.001, 0.0192819, 0.0278572, 0.0836384, 0.178203, 0.190539, 0.255738, 0.256696, 0.296372, 0.319679, 0.482123, 0.490425, 0.275452, 0.31279, 0.375766, 0.405446, 0.45576, 0.500283, 0.854517, 0.899712, 1, 

295,5059,0.001, 0.0196905, 0.0278572, 0.0673173, 0.0836384, 0.0864389, 0.158656, 0.176569, 0.183534, 0.212071, 0.453081, 0.539059, 0.720254, 0.970578, 1, 

298,4056,0.001, 0.0196905, 0.0278572, 0.0673173, 0.0836384, 0.0864389, 0.228891, 0.249238, 0.267404, 0.270401, 0.252127, 0.265111, 0.27231, 0.275452, 0.31279, 0.790743, 0.906927, 0.985873, 1, 

Generation #12
308,3809,0.001, 0.0192819, 0.0278572, 0.0836384, 0.178203, 0.190539, 0.255738, 0.256696, 0.296372, 0.319679, 0.482123, 0.490425, 0.275452, 0.31279, 0.375766, 0.405446, 0.45576, 0.500283, 0.854517, 0.899712, 1, 

295,5059,0.001, 0.0196905, 0.0278572, 0.0673173, 0.0836384, 0.0864389, 0.158656, 0.176569, 0.183534, 0.212071, 0.453081, 0.539059, 0.720254, 0.970578, 1, 

298,4056,0.001, 0.0196905, 0.0278572, 0.0673173, 0.0836384, 0.0864389, 0.228891, 0.249238, 0.267404, 0.270401, 0.252127, 0.265111, 0.27231, 0.275452, 0.31279, 0.790743, 0.906927, 0.985873, 1, 

290,5801,0.001, 0.0196905, 0.0353342, 0.0478842, 0.171957, 0.0864389, 0.158656, 0.176569, 0.183534, 0.212071, 0.453081, 0.52103, 0.854417, 0.875574, 0.970578, 1, 

Generation #13
308,3809,0.001, 0.0192819, 0.0278572, 0.0836384, 0.178203, 0.190539, 0.255738, 0.256696, 0.296372, 0.319679, 0.482123, 0.490425, 0.275452, 0.31279, 0.375766, 0.405446, 0.45576, 0.500283, 0.854517, 0.899712, 1, 

298,4056,0.001, 0.0196905, 0.0278572, 0.0673173, 0.0836384, 0.0864389, 0.228891, 0.249238, 0.267404, 0.270401, 0.252127, 0.265111, 0.27231, 0.275452, 0.31279, 0.790743, 0.906927, 0.985873, 1, 

286,4592,0.001, 0.0196905, 0.0380638, 0.122303, 0.270316, 0.310992, 0.319862, 0.323835, 0.331679, 0.400008, 0.467478, 0.52103, 0.854417, 0.875574, 0.970578, 1, 

Generation #14
308,3809,0.001, 0.0192819, 0.0278572, 0.0836384, 0.178203, 0.190539, 0.255738, 0.256696, 0.296372, 0.319679, 0.482123, 0.490425, 0.275452, 0.31279, 0.375766, 0.405446, 0.45576, 0.500283, 0.854517, 0.899712, 1, 

298,4056,0.001, 0.0196905, 0.0278572, 0.0673173, 0.0836384, 0.0864389, 0.228891, 0.249238, 0.267404, 0.270401, 0.252127, 0.265111, 0.27231, 0.275452, 0.31279, 0.790743, 0.906927, 0.985873, 1, 

286,4592,0.001, 0.0196905, 0.0380638, 0.122303, 0.270316, 0.310992, 0.319862, 0.323835, 0.331679, 0.400008, 0.467478, 0.52103, 0.854417, 0.875574, 0.970578, 1, 

312,3690,0.001, 0.0196905, 0.0353342, 0.0478842, 0.061475, 0.178203, 0.190539, 0.255738, 0.256696, 0.501114, 0.39446, 0.3056, 0.911009, 0.875574, 0.970578, 1, 

Generation #15
308,3809,0.001, 0.0192819, 0.0278572, 0.0836384, 0.178203, 0.190539, 0.255738, 0.256696, 0.296372, 0.319679, 0.482123, 0.490425, 0.275452, 0.31279, 0.375766, 0.405446, 0.45576, 0.500283, 0.854517, 0.899712, 1, 

298,4056,0.001, 0.0196905, 0.0278572, 0.0673173, 0.0836384, 0.0864389, 0.228891, 0.249238, 0.267404, 0.270401, 0.252127, 0.265111, 0.27231, 0.275452, 0.31279, 0.790743, 0.906927, 0.985873, 1, 

312,3690,0.001, 0.0196905, 0.0353342, 0.0478842, 0.061475, 0.178203, 0.190539, 0.255738, 0.256696, 0.501114, 0.39446, 0.3056, 0.911009, 0.875574, 0.970578, 1, 

284,4159,0.001, 0.0196905, 0.0353342, 0.0478842, 0.061475, 0.0864389, 0.158656, 0.176569, 0.183534, 0.212071, 0.453081, 0.539059, 0.720254, 0.970578, 1, 

Generation #16
312,3690,0.001, 0.0196905, 0.0353342, 0.0478842, 0.061475, 0.178203, 0.190539, 0.255738, 0.256696, 0.501114, 0.39446, 0.3056, 0.911009, 0.875574, 0.970578, 1, 

284,4159,0.001, 0.0196905, 0.0353342, 0.0478842, 0.061475, 0.0864389, 0.158656, 0.176569, 0.183534, 0.212071, 0.453081, 0.539059, 0.720254, 0.970578, 1, 

293,3951,0.001, 0.0196905, 0.0278572, 0.0673173, 0.0836384, 0.0864389, 0.158656, 0.176569, 0.183534, 0.138543, 0.221326, 0.539059, 0.720254, 0.885283, 0.928269, 1, 

305,3699,0.001, 0.0196905, 0.0353342, 0.0478842, 0.0836384, 0.0864389, 0.158656, 0.176569, 0.183534, 0.212071, 0.212473, 0.229874, 0.278894, 0.328678, 0.970578, 1, 

314,3420,0.001, 0.0196905, 0.0353342, 0.0478842, 0.061475, 0.101449, 0.158656, 0.176569, 0.183534, 0.212071, 0.453081, 0.52103, 0.854417, 0.875574, 1, 

Generation #17
284,4159,0.001, 0.0196905, 0.0353342, 0.0478842, 0.061475, 0.0864389, 0.158656, 0.176569, 0.183534, 0.212071, 0.453081, 0.539059, 0.720254, 0.970578, 1, 

293,3951,0.001, 0.0196905, 0.0278572, 0.0673173, 0.0836384, 0.0864389, 0.158656, 0.176569, 0.183534, 0.138543, 0.221326, 0.539059, 0.720254, 0.885283, 0.928269, 1, 

314,3420,0.001, 0.0196905, 0.0353342, 0.0478842, 0.061475, 0.101449, 0.158656, 0.176569, 0.183534, 0.212071, 0.453081, 0.52103, 0.854417, 0.875574, 1, 

305,3510,0.001, 0.0196905, 0.0278572, 0.0478842, 0.061475, 0.178203, 0.190539, 0.311536, 0.32438, 0.39446, 0.3056, 0.307592, 0.362031, 0.373905, 0.630541, 0.469255, 0.641315, 0.689143, 0.720659, 0.802766, 0.810145, 0.900286, 0.942871, 0.962562, 1, 

Generation #18
284,4159,0.001, 0.0196905, 0.0353342, 0.0478842, 0.061475, 0.0864389, 0.158656, 0.176569, 0.183534, 0.212071, 0.453081, 0.539059, 0.720254, 0.970578, 1, 

293,3951,0.001, 0.0196905, 0.0278572, 0.0673173, 0.0836384, 0.0864389, 0.158656, 0.176569, 0.183534, 0.138543, 0.221326, 0.539059, 0.720254, 0.885283, 0.928269, 1, 

314,3420,0.001, 0.0196905, 0.0353342, 0.0478842, 0.061475, 0.101449, 0.158656, 0.176569, 0.183534, 0.212071, 0.453081, 0.52103, 0.854417, 0.875574, 1, 

305,3510,0.001, 0.0196905, 0.0278572, 0.0478842, 0.061475, 0.178203, 0.190539, 0.311536, 0.32438, 0.39446, 0.3056, 0.307592, 0.362031, 0.373905, 0.630541, 0.469255, 0.641315, 0.689143, 0.720659, 0.802766, 0.810145, 0.900286, 0.942871, 0.962562, 1, 

Generation #19
284,4159,0.001, 0.0196905, 0.0353342, 0.0478842, 0.061475, 0.0864389, 0.158656, 0.176569, 0.183534, 0.212071, 0.453081, 0.539059, 0.720254, 0.970578, 1, 

293,3951,0.001, 0.0196905, 0.0278572, 0.0673173, 0.0836384, 0.0864389, 0.158656, 0.176569, 0.183534, 0.138543, 0.221326, 0.539059, 0.720254, 0.885283, 0.928269, 1, 

314,3420,0.001, 0.0196905, 0.0353342, 0.0478842, 0.061475, 0.101449, 0.158656, 0.176569, 0.183534, 0.212071, 0.453081, 0.52103, 0.854417, 0.875574, 1, 

305,3510,0.001, 0.0196905, 0.0278572, 0.0478842, 0.061475, 0.178203, 0.190539, 0.311536, 0.32438, 0.39446, 0.3056, 0.307592, 0.362031, 0.373905, 0.630541, 0.469255, 0.641315, 0.689143, 0.720659, 0.802766, 0.810145, 0.900286, 0.942871, 0.962562, 1, 

313,3447,0.001, 0.026976, 0.038055, 0.0615289, 0.0820275, 0.129702, 0.13849, 0.154156, 0.156947, 0.288042, 0.394181, 0.403664, 0.362031, 0.373905, 0.469255, 0.641315, 0.720659, 0.802766, 0.810145, 0.900286, 0.942871, 0.962562, 1, 

Generation #20
284,4159,0.001, 0.0196905, 0.0353342, 0.0478842, 0.061475, 0.0864389, 0.158656, 0.176569, 0.183534, 0.212071, 0.453081, 0.539059, 0.720254, 0.970578, 1, 

293,3951,0.001, 0.0196905, 0.0278572, 0.0673173, 0.0836384, 0.0864389, 0.158656, 0.176569, 0.183534, 0.138543, 0.221326, 0.539059, 0.720254, 0.885283, 0.928269, 1, 

314,3420,0.001, 0.0196905, 0.0353342, 0.0478842, 0.061475, 0.101449, 0.158656, 0.176569, 0.183534, 0.212071, 0.453081, 0.52103, 0.854417, 0.875574, 1, 

305,3510,0.001, 0.0196905, 0.0278572, 0.0478842, 0.061475, 0.178203, 0.190539, 0.311536, 0.32438, 0.39446, 0.3056, 0.307592, 0.362031, 0.373905, 0.630541, 0.469255, 0.641315, 0.689143, 0.720659, 0.802766, 0.810145, 0.900286, 0.942871, 0.962562, 1, 

313,3447,0.001, 0.026976, 0.038055, 0.0615289, 0.0820275, 0.129702, 0.13849, 0.154156, 0.156947, 0.288042, 0.394181, 0.403664, 0.362031, 0.373905, 0.469255, 0.641315, 0.720659, 0.802766, 0.810145, 0.900286, 0.942871, 0.962562, 1, 

295,3922,0.001, 0.0196905, 0.0353342, 0.0673173, 0.0836384, 0.0864389, 0.158656, 0.176569, 0.183534, 0.212071, 0.453081, 0.539059, 0.720254, 0.970578, 1, 

Generation #21
284,4159,0.001, 0.0196905, 0.0353342, 0.0478842, 0.061475, 0.0864389, 0.158656, 0.176569, 0.183534, 0.212071, 0.453081, 0.539059, 0.720254, 0.970578, 1, 

293,3951,0.001, 0.0196905, 0.0278572, 0.0673173, 0.0836384, 0.0864389, 0.158656, 0.176569, 0.183534, 0.138543, 0.221326, 0.539059, 0.720254, 0.885283, 0.928269, 1, 

314,3420,0.001, 0.0196905, 0.0353342, 0.0478842, 0.061475, 0.101449, 0.158656, 0.176569, 0.183534, 0.212071, 0.453081, 0.52103, 0.854417, 0.875574, 1, 

305,3510,0.001, 0.0196905, 0.0278572, 0.0478842, 0.061475, 0.178203, 0.190539, 0.311536, 0.32438, 0.39446, 0.3056, 0.307592, 0.362031, 0.373905, 0.630541, 0.469255, 0.641315, 0.689143, 0.720659, 0.802766, 0.810145, 0.900286, 0.942871, 0.962562, 1, 

313,3447,0.001, 0.026976, 0.038055, 0.0615289, 0.0820275, 0.129702, 0.13849, 0.154156, 0.156947, 0.288042, 0.394181, 0.403664, 0.362031, 0.373905, 0.469255, 0.641315, 0.720659, 0.802766, 0.810145, 0.900286, 0.942871, 0.962562, 1, 

295,3922,0.001, 0.0196905, 0.0353342, 0.0673173, 0.0836384, 0.0864389, 0.158656, 0.176569, 0.183534, 0.212071, 0.453081, 0.539059, 0.720254, 0.970578, 1, 

Generation #22
284,4159,0.001, 0.0196905, 0.0353342, 0.0478842, 0.061475, 0.0864389, 0.158656, 0.176569, 0.183534, 0.212071, 0.453081, 0.539059, 0.720254, 0.970578, 1, 

293,3951,0.001, 0.0196905, 0.0278572, 0.0673173, 0.0836384, 0.0864389, 0.158656, 0.176569, 0.183534, 0.138543, 0.221326, 0.539059, 0.720254, 0.885283, 0.928269, 1, 

314,3420,0.001, 0.0196905, 0.0353342, 0.0478842, 0.061475, 0.101449, 0.158656, 0.176569, 0.183534, 0.212071, 0.453081, 0.52103, 0.854417, 0.875574, 1, 

305,3510,0.001, 0.0196905, 0.0278572, 0.0478842, 0.061475, 0.178203, 0.190539, 0.311536, 0.32438, 0.39446, 0.3056, 0.307592, 0.362031, 0.373905, 0.630541, 0.469255, 0.641315, 0.689143, 0.720659, 0.802766, 0.810145, 0.900286, 0.942871, 0.962562, 1, 

313,3447,0.001, 0.026976, 0.038055, 0.0615289, 0.0820275, 0.129702, 0.13849, 0.154156, 0.156947, 0.288042, 0.394181, 0.403664, 0.362031, 0.373905, 0.469255, 0.641315, 0.720659, 0.802766, 0.810145, 0.900286, 0.942871, 0.962562, 1, 

295,3922,0.001, 0.0196905, 0.0353342, 0.0673173, 0.0836384, 0.0864389, 0.158656, 0.176569, 0.183534, 0.212071, 0.453081, 0.539059, 0.720254, 0.970578, 1, 

Generation #23
284,4159,0.001, 0.0196905, 0.0353342, 0.0478842, 0.061475, 0.0864389, 0.158656, 0.176569, 0.183534, 0.212071, 0.453081, 0.539059, 0.720254, 0.970578, 1, 

292,3794,0.001, 0.0196905, 0.0353342, 0.0673173, 0.0836384, 0.0864389, 0.158656, 0.176569, 0.183534, 0.212071, 0.319679, 0.229874, 0.328678, 0.970578, 1, 

300,3356,0.001, 0.0196905, 0.0353342, 0.0478842, 0.0836384, 0.0864389, 0.158656, 0.176569, 0.183534, 0.212071, 0.212473, 0.229874, 0.278894, 0.970578, 1, 

Generation #24
284,4159,0.001, 0.0196905, 0.0353342, 0.0478842, 0.061475, 0.0864389, 0.158656, 0.176569, 0.183534, 0.212071, 0.453081, 0.539059, 0.720254, 0.970578, 1, 

292,3794,0.001, 0.0196905, 0.0353342, 0.0673173, 0.0836384, 0.0864389, 0.158656, 0.176569, 0.183534, 0.212071, 0.319679, 0.229874, 0.328678, 0.970578, 1, 

300,3356,0.001, 0.0196905, 0.0353342, 0.0478842, 0.0836384, 0.0864389, 0.158656, 0.176569, 0.183534, 0.212071, 0.212473, 0.229874, 0.278894, 0.970578, 1, 
