------------d=1, t=2, lambda=1, filename=./evaluation/Mobile/Mobile_2_1.csv------------
Computing partitioned counts of d-sets...
Ready to look at pairs based on partitioned counts...
First Stage N=157, Time=1743
There are 143227 remaining non-locating pairs
--- Running GA Algorithm (phase2) ---
Running GA with std::execution::par
Generation #0
301,7852,0.001, 0.0250393, 0.095602, 0.114515, 0.11487, 0.135256, 0.272299, 0.280864, 0.301744, 0.324282, 0.367552, 0.434028, 0.450926, 0.480426, 0.611246, 0.614674, 0.68012, 0.870101, 0.884867, 0.884887, 0.890728, 0.934432, 1, 

313,7375,0.001, 0.0420106, 0.0479426, 0.0612656, 0.0861098, 0.184413, 0.208562, 0.218046, 0.225616, 0.23203, 0.263308, 0.282801, 0.292686, 0.378963, 0.401672, 0.45584, 0.460875, 0.524467, 0.596949, 0.677949, 0.68936, 0.702534, 0.72295, 0.727891, 0.794151, 0.876426, 0.922126, 0.940931, 0.9505, 0.992101, 1, 

324,6384,0.001, 0.0196905, 0.0353342, 0.0478842, 0.061475, 0.178203, 0.190539, 0.255738, 0.256696, 0.296372, 0.319679, 0.482123, 0.490425, 0.498136, 0.584051, 0.601316, 0.674883, 0.696279, 0.700045, 0.748599, 0.76431, 0.794748, 0.899311, 0.924478, 0.951384, 0.952576, 0.956597, 1, 

298,12294,0.001, 0.0941253, 0.0969121, 0.130343, 0.14086, 0.196102, 0.233232, 0.258034, 0.296175, 0.42127, 0.467587, 0.502669, 0.525847, 0.530003, 0.530872, 0.646016, 0.815578, 0.855758, 0.893666, 0.956819, 0.98956, 1, 

316,7154,0.001, 0.024165, 0.0623982, 0.163275, 0.168537, 0.193728, 0.205286, 0.20709, 0.29463, 0.317925, 0.325862, 0.362507, 0.411275, 0.42616, 0.469499, 0.542081, 0.542895, 0.746562, 0.761837, 0.813497, 0.881228, 0.945053, 0.964465, 1, 

321,6651,0.001, 0.0250035, 0.0346475, 0.160651, 0.171957, 0.213287, 0.228891, 0.249238, 0.267404, 0.270401, 0.356811, 0.390622, 0.421565, 0.478526, 0.520061, 0.522452, 0.593141, 0.617118, 0.620662, 0.663249, 0.725134, 0.80163, 0.80548, 0.860025, 0.872087, 0.922062, 0.950187, 1, 

320,6749,0.001, 0.023756, 0.0685886, 0.0863197, 0.0999441, 0.104579, 0.146107, 0.162459, 0.177797, 0.290789, 0.30162, 0.303438, 0.324566, 0.337896, 0.427717, 0.540978, 0.573822, 0.663614, 0.709919, 0.826592, 0.852468, 0.862056, 0.866477, 0.918952, 0.95169, 0.969154, 0.970766, 1, 

Generation #1
301,7852,0.001, 0.0250393, 0.095602, 0.114515, 0.11487, 0.135256, 0.272299, 0.280864, 0.301744, 0.324282, 0.367552, 0.434028, 0.450926, 0.480426, 0.611246, 0.614674, 0.68012, 0.870101, 0.884867, 0.884887, 0.890728, 0.934432, 1, 

298,12294,0.001, 0.0941253, 0.0969121, 0.130343, 0.14086, 0.196102, 0.233232, 0.258034, 0.296175, 0.42127, 0.467587, 0.502669, 0.525847, 0.530003, 0.530872, 0.646016, 0.815578, 0.855758, 0.893666, 0.956819, 0.98956, 1, 

326,4603,0.001, 0.0377185, 0.0380638, 0.122303, 0.270316, 0.310992, 0.319862, 0.323835, 0.177797, 0.290789, 0.30162, 0.303438, 0.997536, 0.324566, 0.337896, 0.427717, 0.540978, 0.573822, 0.663614, 0.709919, 0.826592, 0.852468, 0.862056, 0.866477, 0.918952, 0.95169, 0.969154, 0.970766, 1, 

309,4707,0.001, 0.0192819, 0.0378253, 0.0436689, 0.0488421, 0.126569, 0.176682, 0.209859, 0.221429, 0.300978, 0.30798, 0.31238, 0.403985, 0.428618, 0.763079, 0.848104, 0.891459, 0.897342, 0.957805, 0.976399, 1, 

306,5942,0.001, 0.0354781, 0.068483, 0.10635, 0.124822, 0.222459, 0.271276, 0.311536, 0.32438, 0.39446, 0.561246, 0.307592, 0.362031, 0.373905, 0.469255, 0.641315, 0.689143, 0.720659, 0.802766, 0.810145, 0.900286, 0.942871, 0.962562, 1, 

Generation #2
295,7877,0.001, 0.0550105, 0.0772584, 0.0879731, 0.1099, 0.183091, 0.283757, 0.461881, 0.472686, 0.480891, 0.481043, 0.528482, 0.919133, 0.955022, 1, 

302,4267,0.001, 0.0235501, 0.0278572, 0.0673173, 0.0836384, 0.0864389, 0.158656, 0.176569, 0.183534, 0.480891, 0.481043, 0.528482, 0.919133, 0.955022, 1, 

298,6313,0.001, 0.0388501, 0.0520528, 0.0623115, 0.123668, 0.164737, 0.18173, 0.184358, 0.197238, 0.200135, 0.204213, 0.231522, 0.257678, 0.3248, 0.327175, 0.329985, 0.542895, 0.746562, 0.761837, 0.813497, 0.881228, 0.945053, 0.964465, 1, 

306,3887,0.001, 0.0192819, 0.0378253, 0.0436689, 0.169221, 0.189028, 0.35263, 0.373352, 0.396616, 0.415669, 0.458444, 1, 

Generation #3
295,7877,0.001, 0.0550105, 0.0772584, 0.0879731, 0.1099, 0.183091, 0.283757, 0.461881, 0.472686, 0.480891, 0.481043, 0.528482, 0.919133, 0.955022, 1, 

302,4267,0.001, 0.0235501, 0.0278572, 0.0673173, 0.0836384, 0.0864389, 0.158656, 0.176569, 0.183534, 0.480891, 0.481043, 0.528482, 0.919133, 0.955022, 1, 

298,6313,0.001, 0.0388501, 0.0520528, 0.0623115, 0.123668, 0.164737, 0.18173, 0.184358, 0.197238, 0.200135, 0.204213, 0.231522, 0.257678, 0.3248, 0.327175, 0.329985, 0.542895, 0.746562, 0.761837, 0.813497, 0.881228, 0.945053, 0.964465, 1, 

306,3887,0.001, 0.0192819, 0.0378253, 0.0436689, 0.169221, 0.189028, 0.35263, 0.373352, 0.396616, 0.415669, 0.458444, 1, 

299,5767,0.001, 0.0196905, 0.0353342, 0.160651, 0.171957, 0.213287, 0.228891, 0.249238, 0.267404, 0.270401, 0.356811, 0.390622, 0.421565, 0.478526, 0.520061, 1, 

310,3787,0.001, 0.0225445, 0.0553409, 0.0743755, 0.169221, 0.189028, 0.35263, 0.373352, 0.396616, 0.415669, 0.458444, 1, 

300,5423,0.001, 0.0196905, 0.0353342, 0.0478842, 0.283175, 0.288821, 0.373903, 0.463656, 0.471602, 0.784036, 0.798912, 1, 

Generation #4
302,4267,0.001, 0.0235501, 0.0278572, 0.0673173, 0.0836384, 0.0864389, 0.158656, 0.176569, 0.183534, 0.480891, 0.481043, 0.528482, 0.919133, 0.955022, 1, 

306,3887,0.001, 0.0192819, 0.0378253, 0.0436689, 0.169221, 0.189028, 0.35263, 0.373352, 0.396616, 0.415669, 0.458444, 1, 

310,3787,0.001, 0.0225445, 0.0553409, 0.0743755, 0.169221, 0.189028, 0.35263, 0.373352, 0.396616, 0.415669, 0.458444, 1, 

300,5423,0.001, 0.0196905, 0.0353342, 0.0478842, 0.283175, 0.288821, 0.373903, 0.463656, 0.471602, 0.784036, 0.798912, 1, 

303,3951,0.001, 0.0235501, 0.0520528, 0.0623115, 0.123668, 0.164737, 0.18173, 0.184358, 0.197238, 0.200135, 0.204213, 0.231522, 0.257678, 0.3248, 0.327175, 0.347111, 0.355801, 0.383132, 0.388232, 0.549338, 0.582952, 0.964465, 1, 

284,5723,0.001, 0.0196905, 0.0353342, 0.160651, 0.171957, 0.213287, 0.228891, 0.249238, 0.267404, 0.270401, 0.356811, 0.390622, 0.421565, 0.478526, 0.520061, 1, 

Generation #5
302,4267,0.001, 0.0235501, 0.0278572, 0.0673173, 0.0836384, 0.0864389, 0.158656, 0.176569, 0.183534, 0.480891, 0.481043, 0.528482, 0.919133, 0.955022, 1, 

306,3887,0.001, 0.0192819, 0.0378253, 0.0436689, 0.169221, 0.189028, 0.35263, 0.373352, 0.396616, 0.415669, 0.458444, 1, 

310,3787,0.001, 0.0225445, 0.0553409, 0.0743755, 0.169221, 0.189028, 0.35263, 0.373352, 0.396616, 0.415669, 0.458444, 1, 

303,3951,0.001, 0.0235501, 0.0520528, 0.0623115, 0.123668, 0.164737, 0.18173, 0.184358, 0.197238, 0.200135, 0.204213, 0.231522, 0.257678, 0.3248, 0.327175, 0.347111, 0.355801, 0.383132, 0.388232, 0.549338, 0.582952, 0.964465, 1, 

284,5723,0.001, 0.0196905, 0.0353342, 0.160651, 0.171957, 0.213287, 0.228891, 0.249238, 0.267404, 0.270401, 0.356811, 0.390622, 0.421565, 0.478526, 0.520061, 1, 

298,5343,0.001, 0.024165, 0.0378253, 0.0436689, 0.0488421, 0.126569, 0.176682, 0.209859, 0.197238, 0.270401, 0.356811, 0.390622, 0.421565, 0.478526, 0.520061, 1, 

299,5241,0.001, 0.024165, 0.0378253, 0.0436689, 0.0488421, 0.126569, 0.176682, 0.209859, 0.267404, 0.270401, 0.356811, 0.390622, 0.421565, 0.478526, 0.520061, 0.848104, 0.891459, 0.897342, 0.957805, 0.976399, 1, 

301,4977,0.001, 0.0192819, 0.0278572, 0.0673173, 0.0836384, 0.158656, 0.209859, 0.197238, 0.200135, 0.204213, 0.231522, 0.257678, 0.3248, 0.327175, 0.864176, 1, 

Generation #6
302,4267,0.001, 0.0235501, 0.0278572, 0.0673173, 0.0836384, 0.0864389, 0.158656, 0.176569, 0.183534, 0.480891, 0.481043, 0.528482, 0.919133, 0.955022, 1, 

306,3887,0.001, 0.0192819, 0.0378253, 0.0436689, 0.169221, 0.189028, 0.35263, 0.373352, 0.396616, 0.415669, 0.458444, 1, 

310,3787,0.001, 0.0225445, 0.0553409, 0.0743755, 0.169221, 0.189028, 0.35263, 0.373352, 0.396616, 0.415669, 0.458444, 1, 

303,3951,0.001, 0.0235501, 0.0520528, 0.0623115, 0.123668, 0.164737, 0.18173, 0.184358, 0.197238, 0.200135, 0.204213, 0.231522, 0.257678, 0.3248, 0.327175, 0.347111, 0.355801, 0.383132, 0.388232, 0.549338, 0.582952, 0.964465, 1, 

284,5723,0.001, 0.0196905, 0.0353342, 0.160651, 0.171957, 0.213287, 0.228891, 0.249238, 0.267404, 0.270401, 0.356811, 0.390622, 0.421565, 0.478526, 0.520061, 1, 

298,5343,0.001, 0.024165, 0.0378253, 0.0436689, 0.0488421, 0.126569, 0.176682, 0.209859, 0.197238, 0.270401, 0.356811, 0.390622, 0.421565, 0.478526, 0.520061, 1, 

299,5241,0.001, 0.024165, 0.0378253, 0.0436689, 0.0488421, 0.126569, 0.176682, 0.209859, 0.267404, 0.270401, 0.356811, 0.390622, 0.421565, 0.478526, 0.520061, 0.848104, 0.891459, 0.897342, 0.957805, 0.976399, 1, 

300,4857,0.001, 0.0192819, 0.0378253, 0.0436689, 0.0488421, 0.126569, 0.176682, 0.209859, 0.221429, 0.300978, 0.30798, 0.31238, 0.403985, 0.428618, 0.763079, 0.848104, 0.891459, 0.897342, 0.761837, 0.813497, 0.881228, 0.945053, 0.964465, 1, 

295,5546,0.001, 0.0192819, 0.0378253, 0.0436689, 0.169221, 0.189028, 0.35263, 0.373352, 0.396616, 0.415669, 0.458444, 1, 

Generation #7
302,4267,0.001, 0.0235501, 0.0278572, 0.0673173, 0.0836384, 0.0864389, 0.158656, 0.176569, 0.183534, 0.480891, 0.481043, 0.528482, 0.919133, 0.955022, 1, 

306,3887,0.001, 0.0192819, 0.0378253, 0.0436689, 0.169221, 0.189028, 0.35263, 0.373352, 0.396616, 0.415669, 0.458444, 1, 

310,3787,0.001, 0.0225445, 0.0553409, 0.0743755, 0.169221, 0.189028, 0.35263, 0.373352, 0.396616, 0.415669, 0.458444, 1, 

303,3951,0.001, 0.0235501, 0.0520528, 0.0623115, 0.123668, 0.164737, 0.18173, 0.184358, 0.197238, 0.200135, 0.204213, 0.231522, 0.257678, 0.3248, 0.327175, 0.347111, 0.355801, 0.383132, 0.388232, 0.549338, 0.582952, 0.964465, 1, 

284,5723,0.001, 0.0196905, 0.0353342, 0.160651, 0.171957, 0.213287, 0.228891, 0.249238, 0.267404, 0.270401, 0.356811, 0.390622, 0.421565, 0.478526, 0.520061, 1, 

295,4692,0.001, 0.0192819, 0.0378253, 0.0436689, 0.0488421, 0.126569, 0.176682, 0.209859, 0.197238, 0.200135, 0.204213, 0.231522, 0.257678, 1, 

300,4358,0.001, 0.0192819, 0.0378253, 0.0436689, 0.0488421, 0.126569, 0.176682, 0.209859, 0.197238, 0.200135, 0.356811, 1, 

Generation #8
302,4267,0.001, 0.0235501, 0.0278572, 0.0673173, 0.0836384, 0.0864389, 0.158656, 0.176569, 0.183534, 0.480891, 0.481043, 0.528482, 0.919133, 0.955022, 1, 

306,3887,0.001, 0.0192819, 0.0378253, 0.0436689, 0.169221, 0.189028, 0.35263, 0.373352, 0.396616, 0.415669, 0.458444, 1, 

310,3787,0.001, 0.0225445, 0.0553409, 0.0743755, 0.169221, 0.189028, 0.35263, 0.373352, 0.396616, 0.415669, 0.458444, 1, 

303,3951,0.001, 0.0235501, 0.0520528, 0.0623115, 0.123668, 0.164737, 0.18173, 0.184358, 0.197238, 0.200135, 0.204213, 0.231522, 0.257678, 0.3248, 0.327175, 0.347111, 0.355801, 0.383132, 0.388232, 0.549338, 0.582952, 0.964465, 1, 

284,5723,0.001, 0.0196905, 0.0353342, 0.160651, 0.171957, 0.213287, 0.228891, 0.249238, 0.267404, 0.270401, 0.356811, 0.390622, 0.421565, 0.478526, 0.520061, 1, 

295,4692,0.001, 0.0192819, 0.0378253, 0.0436689, 0.0488421, 0.126569, 0.176682, 0.209859, 0.197238, 0.200135, 0.204213, 0.231522, 0.257678, 1, 

300,4358,0.001, 0.0192819, 0.0378253, 0.0436689, 0.0488421, 0.126569, 0.176682, 0.209859, 0.197238, 0.200135, 0.356811, 1, 

294,4763,0.001, 0.0192819, 0.0378253, 0.0436689, 0.0488421, 0.126569, 0.176682, 0.209859, 0.197238, 0.200135, 0.204213, 0.231522, 0.257678, 0.3248, 0.327175, 0.864176, 1, 

Generation #9
284,5723,0.001, 0.0196905, 0.0353342, 0.160651, 0.171957, 0.213287, 0.228891, 0.249238, 0.267404, 0.270401, 0.356811, 0.390622, 0.421565, 0.478526, 0.520061, 1, 

295,4692,0.001, 0.0192819, 0.0378253, 0.0436689, 0.0488421, 0.126569, 0.176682, 0.209859, 0.197238, 0.200135, 0.204213, 0.231522, 0.257678, 1, 

294,4763,0.001, 0.0192819, 0.0378253, 0.0436689, 0.0488421, 0.126569, 0.176682, 0.209859, 0.197238, 0.200135, 0.204213, 0.231522, 0.257678, 0.3248, 0.327175, 0.864176, 1, 

300,3410,0.001, 0.0192819, 0.0378253, 0.0436689, 0.0488421, 0.126569, 0.176682, 0.209859, 0.197238, 0.270401, 0.356811, 0.390622, 0.421565, 0.478526, 0.520061, 1, 

Generation #10
284,5723,0.001, 0.0196905, 0.0353342, 0.160651, 0.171957, 0.213287, 0.228891, 0.249238, 0.267404, 0.270401, 0.356811, 0.390622, 0.421565, 0.478526, 0.520061, 1, 

295,4692,0.001, 0.0192819, 0.0378253, 0.0436689, 0.0488421, 0.126569, 0.176682, 0.209859, 0.197238, 0.200135, 0.204213, 0.231522, 0.257678, 1, 

294,4763,0.001, 0.0192819, 0.0378253, 0.0436689, 0.0488421, 0.126569, 0.176682, 0.209859, 0.197238, 0.200135, 0.204213, 0.231522, 0.257678, 0.3248, 0.327175, 0.864176, 1, 

300,3410,0.001, 0.0192819, 0.0378253, 0.0436689, 0.0488421, 0.126569, 0.176682, 0.209859, 0.197238, 0.270401, 0.356811, 0.390622, 0.421565, 0.478526, 0.520061, 1, 

292,4946,0.001, 0.0235501, 0.0278572, 0.0436689, 0.0488421, 0.126569, 0.176682, 0.209859, 0.197238, 0.200135, 0.204213, 0.231522, 0.257678, 0.327175, 0.960921, 0.864176, 1, 

Generation #11
284,5723,0.001, 0.0196905, 0.0353342, 0.160651, 0.171957, 0.213287, 0.228891, 0.249238, 0.267404, 0.270401, 0.356811, 0.390622, 0.421565, 0.478526, 0.520061, 1, 

300,3410,0.001, 0.0192819, 0.0378253, 0.0436689, 0.0488421, 0.126569, 0.176682, 0.209859, 0.197238, 0.270401, 0.356811, 0.390622, 0.421565, 0.478526, 0.520061, 1, 

292,4946,0.001, 0.0235501, 0.0278572, 0.0436689, 0.0488421, 0.126569, 0.176682, 0.209859, 0.197238, 0.200135, 0.204213, 0.231522, 0.257678, 0.327175, 0.960921, 0.864176, 1, 

294,3887,0.001, 0.0192819, 0.0378253, 0.0436689, 0.0488421, 0.126569, 0.176682, 0.209859, 0.197238, 0.200135, 0.204213, 0.231522, 0.257678, 0.478526, 0.520061, 1, 

Generation #12
284,5723,0.001, 0.0196905, 0.0353342, 0.160651, 0.171957, 0.213287, 0.228891, 0.249238, 0.267404, 0.270401, 0.356811, 0.390622, 0.421565, 0.478526, 0.520061, 1, 

300,3410,0.001, 0.0192819, 0.0378253, 0.0436689, 0.0488421, 0.126569, 0.176682, 0.209859, 0.197238, 0.270401, 0.356811, 0.390622, 0.421565, 0.478526, 0.520061, 1, 

290,3738,0.001, 0.0192819, 0.0378253, 0.0436689, 0.0488421, 0.126569, 0.176682, 0.209859, 0.197238, 0.200135, 0.204213, 0.231522, 0.257678, 0.3248, 0.327175, 0.864176, 1, 

Generation #13
284,5723,0.001, 0.0196905, 0.0353342, 0.160651, 0.171957, 0.213287, 0.228891, 0.249238, 0.267404, 0.270401, 0.356811, 0.390622, 0.421565, 0.478526, 0.520061, 1, 

300,3410,0.001, 0.0192819, 0.0378253, 0.0436689, 0.0488421, 0.126569, 0.176682, 0.209859, 0.197238, 0.270401, 0.356811, 0.390622, 0.421565, 0.478526, 0.520061, 1, 

290,3738,0.001, 0.0192819, 0.0378253, 0.0436689, 0.0488421, 0.126569, 0.176682, 0.209859, 0.197238, 0.200135, 0.204213, 0.231522, 0.257678, 0.3248, 0.327175, 0.864176, 1, 

289,4695,0.001, 0.0192819, 0.0378253, 0.0436689, 0.0488421, 0.126569, 0.176682, 0.209859, 0.197238, 0.200135, 0.204213, 0.231522, 0.257678, 0.3248, 0.327175, 0.864176, 1, 

Generation #14
284,5723,0.001, 0.0196905, 0.0353342, 0.160651, 0.171957, 0.213287, 0.228891, 0.249238, 0.267404, 0.270401, 0.356811, 0.390622, 0.421565, 0.478526, 0.520061, 1, 

300,3410,0.001, 0.0192819, 0.0378253, 0.0436689, 0.0488421, 0.126569, 0.176682, 0.209859, 0.197238, 0.270401, 0.356811, 0.390622, 0.421565, 0.478526, 0.520061, 1, 

290,3738,0.001, 0.0192819, 0.0378253, 0.0436689, 0.0488421, 0.126569, 0.176682, 0.209859, 0.197238, 0.200135, 0.204213, 0.231522, 0.257678, 0.3248, 0.327175, 0.864176, 1, 

289,4695,0.001, 0.0192819, 0.0378253, 0.0436689, 0.0488421, 0.126569, 0.176682, 0.209859, 0.197238, 0.200135, 0.204213, 0.231522, 0.257678, 0.3248, 0.327175, 0.864176, 1, 

Generation #15
284,5723,0.001, 0.0196905, 0.0353342, 0.160651, 0.171957, 0.213287, 0.228891, 0.249238, 0.267404, 0.270401, 0.356811, 0.390622, 0.421565, 0.478526, 0.520061, 1, 

300,3410,0.001, 0.0192819, 0.0378253, 0.0436689, 0.0488421, 0.126569, 0.176682, 0.209859, 0.197238, 0.270401, 0.356811, 0.390622, 0.421565, 0.478526, 0.520061, 1, 

290,3738,0.001, 0.0192819, 0.0378253, 0.0436689, 0.0488421, 0.126569, 0.176682, 0.209859, 0.197238, 0.200135, 0.204213, 0.231522, 0.257678, 0.3248, 0.327175, 0.864176, 1, 

289,4502,0.001, 0.0192819, 0.0378253, 0.0436689, 0.0488421, 0.126569, 0.176682, 0.209859, 0.197238, 0.200135, 0.204213, 0.231522, 0.257678, 0.3248, 0.327175, 0.864176, 1, 
