------------d=1, t=2, lambda=1, filename=./evaluation/Mobile/Mobile_2_1.csv------------
Computing partitioned counts of d-sets...
Ready to look at pairs based on partitioned counts...
First Stage N=157, Time=1750
There are 143227 remaining non-locating pairs
--- Running GA Algorithm (phase2) ---
Running GA with std::execution::par
Generation #0
319,4183,0.001, 0.0196905, 0.0353342, 0.0478842, 0.061475, 0.178203, 0.190539, 0.255738, 0.256696, 0.296372, 0.319679, 0.482123, 0.490425, 0.498136, 0.584051, 0.601316, 0.674883, 0.696279, 0.700045, 0.748599, 0.76431, 0.794748, 0.899311, 0.924478, 0.951384, 0.952576, 0.956597, 1, 

298,6758,0.001, 0.024165, 0.0623982, 0.163275, 0.168537, 0.193728, 0.205286, 0.20709, 0.29463, 0.317925, 0.325862, 0.362507, 0.411275, 0.42616, 0.469499, 0.542081, 0.542895, 0.746562, 0.761837, 0.813497, 0.881228, 0.945053, 0.964465, 1, 

318,5669,0.001, 0.023756, 0.0685886, 0.0863197, 0.0999441, 0.104579, 0.146107, 0.162459, 0.177797, 0.290789, 0.30162, 0.303438, 0.324566, 0.337896, 0.427717, 0.540978, 0.573822, 0.663614, 0.709919, 0.826592, 0.852468, 0.862056, 0.866477, 0.918952, 0.95169, 0.969154, 0.970766, 1, 

Generation #1
319,4183,0.001, 0.0196905, 0.0353342, 0.0478842, 0.061475, 0.178203, 0.190539, 0.255738, 0.256696, 0.296372, 0.319679, 0.482123, 0.490425, 0.498136, 0.584051, 0.601316, 0.674883, 0.696279, 0.700045, 0.748599, 0.76431, 0.794748, 0.899311, 0.924478, 0.951384, 0.952576, 0.956597, 1, 

298,6758,0.001, 0.024165, 0.0623982, 0.163275, 0.168537, 0.193728, 0.205286, 0.20709, 0.29463, 0.317925, 0.325862, 0.362507, 0.411275, 0.42616, 0.469499, 0.542081, 0.542895, 0.746562, 0.761837, 0.813497, 0.881228, 0.945053, 0.964465, 1, 

309,4528,0.001, 0.026976, 0.038055, 0.0615289, 0.0820275, 0.158728, 0.200952, 0.245044, 0.248861, 0.288042, 0.394181, 0.403664, 0.592582, 0.64311, 0.834729, 0.729504, 0.803184, 1, 

302,6033,0.001, 0.0250035, 0.0346475, 0.160651, 0.171957, 0.213287, 0.228891, 0.249238, 0.267404, 0.270401, 0.356811, 0.390622, 0.421565, 0.478526, 0.520061, 0.522452, 0.593141, 0.617118, 0.620662, 0.663249, 0.89197, 1, 

308,6003,0.001, 0.0394461, 0.0442842, 0.114715, 0.12221, 0.123391, 0.130126, 0.14251, 0.175311, 0.190577, 0.205981, 0.244003, 0.325757, 0.395331, 0.436727, 0.511864, 0.530893, 0.533042, 0.663908, 0.673833, 0.696111, 0.907149, 0.940859, 0.965071, 1, 

Generation #2
319,4183,0.001, 0.0196905, 0.0353342, 0.0478842, 0.061475, 0.178203, 0.190539, 0.255738, 0.256696, 0.296372, 0.319679, 0.482123, 0.490425, 0.498136, 0.584051, 0.601316, 0.674883, 0.696279, 0.700045, 0.748599, 0.76431, 0.794748, 0.899311, 0.924478, 0.951384, 0.952576, 0.956597, 1, 

296,4498,0.001, 0.026976, 0.038055, 0.0615289, 0.0820275, 0.158728, 0.271276, 0.311536, 0.32438, 0.39446, 0.561246, 0.574092, 0.628808, 0.64229, 0.64332, 0.790743, 0.906927, 0.985873, 1, 

297,4338,0.001, 0.0394461, 0.0442842, 0.114715, 0.12221, 0.123391, 0.130126, 0.14251, 0.175311, 0.190577, 0.205981, 0.433385, 0.325757, 0.395331, 0.757966, 0.766449, 1, 

Generation #3
319,4183,0.001, 0.0196905, 0.0353342, 0.0478842, 0.061475, 0.178203, 0.190539, 0.255738, 0.256696, 0.296372, 0.319679, 0.482123, 0.490425, 0.498136, 0.584051, 0.601316, 0.674883, 0.696279, 0.700045, 0.748599, 0.76431, 0.794748, 0.899311, 0.924478, 0.951384, 0.952576, 0.956597, 1, 

296,4498,0.001, 0.026976, 0.038055, 0.0615289, 0.0820275, 0.158728, 0.271276, 0.311536, 0.32438, 0.39446, 0.561246, 0.574092, 0.628808, 0.64229, 0.64332, 0.790743, 0.906927, 0.985873, 1, 

297,4338,0.001, 0.0394461, 0.0442842, 0.114715, 0.12221, 0.123391, 0.130126, 0.14251, 0.175311, 0.190577, 0.205981, 0.433385, 0.325757, 0.395331, 0.757966, 0.766449, 1, 

303,4188,0.001, 0.0225445, 0.0442842, 0.114715, 0.12221, 0.130126, 0.14251, 0.175311, 0.190577, 0.205981, 0.244003, 0.325757, 0.395331, 0.436727, 0.511864, 0.530893, 0.533042, 0.663908, 0.673833, 0.696111, 0.907149, 0.940859, 0.965071, 1, 

Generation #4
296,4498,0.001, 0.026976, 0.038055, 0.0615289, 0.0820275, 0.158728, 0.271276, 0.311536, 0.32438, 0.39446, 0.561246, 0.574092, 0.628808, 0.64229, 0.64332, 0.790743, 0.906927, 0.985873, 1, 

297,4338,0.001, 0.0394461, 0.0442842, 0.114715, 0.12221, 0.123391, 0.130126, 0.14251, 0.175311, 0.190577, 0.205981, 0.433385, 0.325757, 0.395331, 0.757966, 0.766449, 1, 

303,4188,0.001, 0.0225445, 0.0442842, 0.114715, 0.12221, 0.130126, 0.14251, 0.175311, 0.190577, 0.205981, 0.244003, 0.325757, 0.395331, 0.436727, 0.511864, 0.530893, 0.533042, 0.663908, 0.673833, 0.696111, 0.907149, 0.940859, 0.965071, 1, 

312,4142,0.001, 0.0225445, 0.0353342, 0.061475, 0.178203, 0.190539, 0.570982, 0.256696, 0.620516, 0.640219, 0.894347, 0.403664, 0.592582, 0.64311, 0.834729, 0.729504, 0.803184, 1, 

292,12035,0.001, 0.107079, 0.107658, 0.146475, 0.226664, 0.360878, 0.275398, 0.275729, 0.294928, 0.309666, 0.518837, 0.571097, 0.609664, 0.621607, 0.623713, 0.62716, 0.679781, 1, 

Generation #5
296,4498,0.001, 0.026976, 0.038055, 0.0615289, 0.0820275, 0.158728, 0.271276, 0.311536, 0.32438, 0.39446, 0.561246, 0.574092, 0.628808, 0.64229, 0.64332, 0.790743, 0.906927, 0.985873, 1, 

297,4338,0.001, 0.0394461, 0.0442842, 0.114715, 0.12221, 0.123391, 0.130126, 0.14251, 0.175311, 0.190577, 0.205981, 0.433385, 0.325757, 0.395331, 0.757966, 0.766449, 1, 

303,4188,0.001, 0.0225445, 0.0442842, 0.114715, 0.12221, 0.130126, 0.14251, 0.175311, 0.190577, 0.205981, 0.244003, 0.325757, 0.395331, 0.436727, 0.511864, 0.530893, 0.533042, 0.663908, 0.673833, 0.696111, 0.907149, 0.940859, 0.965071, 1, 

312,4142,0.001, 0.0225445, 0.0353342, 0.061475, 0.178203, 0.190539, 0.570982, 0.256696, 0.620516, 0.640219, 0.894347, 0.403664, 0.592582, 0.64311, 0.834729, 0.729504, 0.803184, 1, 

292,12035,0.001, 0.107079, 0.107658, 0.146475, 0.226664, 0.360878, 0.275398, 0.275729, 0.294928, 0.309666, 0.518837, 0.571097, 0.609664, 0.621607, 0.623713, 0.62716, 0.679781, 1, 

Generation #6
303,4188,0.001, 0.0225445, 0.0442842, 0.114715, 0.12221, 0.130126, 0.14251, 0.175311, 0.190577, 0.205981, 0.244003, 0.325757, 0.395331, 0.436727, 0.511864, 0.530893, 0.533042, 0.663908, 0.673833, 0.696111, 0.907149, 0.940859, 0.965071, 1, 

292,12035,0.001, 0.107079, 0.107658, 0.146475, 0.226664, 0.360878, 0.275398, 0.275729, 0.294928, 0.309666, 0.518837, 0.571097, 0.609664, 0.621607, 0.623713, 0.62716, 0.679781, 1, 

296,4284,0.001, 0.0196905, 0.0353342, 0.0478842, 0.283175, 0.288821, 0.373903, 0.463656, 0.471602, 0.798912, 1, 

307,3861,0.001, 0.0196905, 0.0353342, 0.0478842, 0.061475, 0.148696, 0.178203, 0.190539, 0.255738, 0.256696, 0.296372, 0.319679, 0.319348, 0.563293, 0.596241, 0.642039, 0.677963, 0.762746, 1, 

Generation #7
303,4188,0.001, 0.0225445, 0.0442842, 0.114715, 0.12221, 0.130126, 0.14251, 0.175311, 0.190577, 0.205981, 0.244003, 0.325757, 0.395331, 0.436727, 0.511864, 0.530893, 0.533042, 0.663908, 0.673833, 0.696111, 0.907149, 0.940859, 0.965071, 1, 

292,12035,0.001, 0.107079, 0.107658, 0.146475, 0.226664, 0.360878, 0.275398, 0.275729, 0.294928, 0.309666, 0.518837, 0.571097, 0.609664, 0.621607, 0.623713, 0.62716, 0.679781, 1, 

296,4284,0.001, 0.0196905, 0.0353342, 0.0478842, 0.283175, 0.288821, 0.373903, 0.463656, 0.471602, 0.798912, 1, 

307,3861,0.001, 0.0196905, 0.0353342, 0.0478842, 0.061475, 0.148696, 0.178203, 0.190539, 0.255738, 0.256696, 0.296372, 0.319679, 0.319348, 0.563293, 0.596241, 0.642039, 0.677963, 0.762746, 1, 

Generation #8
303,4188,0.001, 0.0225445, 0.0442842, 0.114715, 0.12221, 0.130126, 0.14251, 0.175311, 0.190577, 0.205981, 0.244003, 0.325757, 0.395331, 0.436727, 0.511864, 0.530893, 0.533042, 0.663908, 0.673833, 0.696111, 0.907149, 0.940859, 0.965071, 1, 

292,12035,0.001, 0.107079, 0.107658, 0.146475, 0.226664, 0.360878, 0.275398, 0.275729, 0.294928, 0.309666, 0.518837, 0.571097, 0.609664, 0.621607, 0.623713, 0.62716, 0.679781, 1, 

296,4284,0.001, 0.0196905, 0.0353342, 0.0478842, 0.283175, 0.288821, 0.373903, 0.463656, 0.471602, 0.798912, 1, 

307,3861,0.001, 0.0196905, 0.0353342, 0.0478842, 0.061475, 0.148696, 0.178203, 0.190539, 0.255738, 0.256696, 0.296372, 0.319679, 0.319348, 0.563293, 0.596241, 0.642039, 0.677963, 0.762746, 1, 

326,3818,0.001, 0.0196905, 0.0353342, 0.0478842, 0.061475, 0.178203, 0.190539, 0.255738, 0.256696, 0.296372, 0.319679, 0.482123, 0.490425, 0.498136, 0.584051, 0.601316, 0.674883, 0.696279, 0.700045, 0.748599, 0.76431, 0.945053, 0.964465, 1, 

294,4678,0.001, 0.0196905, 0.0353342, 0.0478842, 0.061475, 0.148696, 0.178203, 0.190539, 0.175311, 0.190577, 0.205981, 0.433385, 0.325757, 0.395331, 0.757966, 0.766449, 1, 

Generation #9
303,4188,0.001, 0.0225445, 0.0442842, 0.114715, 0.12221, 0.130126, 0.14251, 0.175311, 0.190577, 0.205981, 0.244003, 0.325757, 0.395331, 0.436727, 0.511864, 0.530893, 0.533042, 0.663908, 0.673833, 0.696111, 0.907149, 0.940859, 0.965071, 1, 

292,12035,0.001, 0.107079, 0.107658, 0.146475, 0.226664, 0.360878, 0.275398, 0.275729, 0.294928, 0.309666, 0.518837, 0.571097, 0.609664, 0.621607, 0.623713, 0.62716, 0.679781, 1, 

296,4284,0.001, 0.0196905, 0.0353342, 0.0478842, 0.283175, 0.288821, 0.373903, 0.463656, 0.471602, 0.798912, 1, 

307,3861,0.001, 0.0196905, 0.0353342, 0.0478842, 0.061475, 0.148696, 0.178203, 0.190539, 0.255738, 0.256696, 0.296372, 0.319679, 0.319348, 0.563293, 0.596241, 0.642039, 0.677963, 0.762746, 1, 

326,3818,0.001, 0.0196905, 0.0353342, 0.0478842, 0.061475, 0.178203, 0.190539, 0.255738, 0.256696, 0.296372, 0.319679, 0.482123, 0.490425, 0.498136, 0.584051, 0.601316, 0.674883, 0.696279, 0.700045, 0.748599, 0.76431, 0.945053, 0.964465, 1, 

294,4678,0.001, 0.0196905, 0.0353342, 0.0478842, 0.061475, 0.148696, 0.178203, 0.190539, 0.175311, 0.190577, 0.205981, 0.433385, 0.325757, 0.395331, 0.757966, 0.766449, 1, 

293,5597,0.001, 0.026976, 0.038055, 0.0615289, 0.0820275, 0.123391, 0.130126, 0.14251, 0.175311, 0.190577, 0.205981, 0.433385, 0.325757, 0.395331, 0.757966, 0.766449, 1, 

Generation #10
303,4188,0.001, 0.0225445, 0.0442842, 0.114715, 0.12221, 0.130126, 0.14251, 0.175311, 0.190577, 0.205981, 0.244003, 0.325757, 0.395331, 0.436727, 0.511864, 0.530893, 0.533042, 0.663908, 0.673833, 0.696111, 0.907149, 0.940859, 0.965071, 1, 

292,12035,0.001, 0.107079, 0.107658, 0.146475, 0.226664, 0.360878, 0.275398, 0.275729, 0.294928, 0.309666, 0.518837, 0.571097, 0.609664, 0.621607, 0.623713, 0.62716, 0.679781, 1, 

296,4284,0.001, 0.0196905, 0.0353342, 0.0478842, 0.283175, 0.288821, 0.373903, 0.463656, 0.471602, 0.798912, 1, 

307,3861,0.001, 0.0196905, 0.0353342, 0.0478842, 0.061475, 0.148696, 0.178203, 0.190539, 0.255738, 0.256696, 0.296372, 0.319679, 0.319348, 0.563293, 0.596241, 0.642039, 0.677963, 0.762746, 1, 

326,3818,0.001, 0.0196905, 0.0353342, 0.0478842, 0.061475, 0.178203, 0.190539, 0.255738, 0.256696, 0.296372, 0.319679, 0.482123, 0.490425, 0.498136, 0.584051, 0.601316, 0.674883, 0.696279, 0.700045, 0.748599, 0.76431, 0.945053, 0.964465, 1, 

294,4678,0.001, 0.0196905, 0.0353342, 0.0478842, 0.061475, 0.148696, 0.178203, 0.190539, 0.175311, 0.190577, 0.205981, 0.433385, 0.325757, 0.395331, 0.757966, 0.766449, 1, 

293,4710,0.001, 0.026976, 0.038055, 0.0615289, 0.0820275, 0.158728, 0.200952, 0.463656, 0.471602, 0.798912, 1, 

Generation #11
303,4188,0.001, 0.0225445, 0.0442842, 0.114715, 0.12221, 0.130126, 0.14251, 0.175311, 0.190577, 0.205981, 0.244003, 0.325757, 0.395331, 0.436727, 0.511864, 0.530893, 0.533042, 0.663908, 0.673833, 0.696111, 0.907149, 0.940859, 0.965071, 1, 

292,12035,0.001, 0.107079, 0.107658, 0.146475, 0.226664, 0.360878, 0.275398, 0.275729, 0.294928, 0.309666, 0.518837, 0.571097, 0.609664, 0.621607, 0.623713, 0.62716, 0.679781, 1, 

296,4284,0.001, 0.0196905, 0.0353342, 0.0478842, 0.283175, 0.288821, 0.373903, 0.463656, 0.471602, 0.798912, 1, 

307,3861,0.001, 0.0196905, 0.0353342, 0.0478842, 0.061475, 0.148696, 0.178203, 0.190539, 0.255738, 0.256696, 0.296372, 0.319679, 0.319348, 0.563293, 0.596241, 0.642039, 0.677963, 0.762746, 1, 

326,3818,0.001, 0.0196905, 0.0353342, 0.0478842, 0.061475, 0.178203, 0.190539, 0.255738, 0.256696, 0.296372, 0.319679, 0.482123, 0.490425, 0.498136, 0.584051, 0.601316, 0.674883, 0.696279, 0.700045, 0.748599, 0.76431, 0.945053, 0.964465, 1, 

294,4678,0.001, 0.0196905, 0.0353342, 0.0478842, 0.061475, 0.148696, 0.178203, 0.190539, 0.175311, 0.190577, 0.205981, 0.433385, 0.325757, 0.395331, 0.757966, 0.766449, 1, 

293,4710,0.001, 0.026976, 0.038055, 0.0615289, 0.0820275, 0.158728, 0.200952, 0.463656, 0.471602, 0.798912, 1, 

304,4115,0.001, 0.0196905, 0.0353342, 0.0478842, 0.061475, 0.148696, 0.178203, 0.14251, 0.175311, 0.79361, 0.205981, 0.433385, 0.325757, 0.395331, 0.757966, 0.766449, 1, 

Generation #12
307,3861,0.001, 0.0196905, 0.0353342, 0.0478842, 0.061475, 0.148696, 0.178203, 0.190539, 0.255738, 0.256696, 0.296372, 0.319679, 0.319348, 0.563293, 0.596241, 0.642039, 0.677963, 0.762746, 1, 

316,3412,0.001, 0.0196905, 0.0353342, 0.0478842, 0.061475, 0.178203, 0.190539, 0.255738, 0.256696, 0.296372, 0.319679, 0.482123, 0.490425, 0.498136, 0.584051, 0.601316, 0.674883, 0.696279, 0.700045, 0.748599, 0.76431, 0.945053, 0.964465, 1, 

291,4078,0.001, 0.0196905, 0.0353342, 0.0478842, 0.061475, 0.148696, 0.178203, 0.190539, 0.175311, 0.190577, 0.205981, 0.433385, 0.325757, 0.395331, 0.757966, 0.766449, 1, 

Generation #13
307,3861,0.001, 0.0196905, 0.0353342, 0.0478842, 0.061475, 0.148696, 0.178203, 0.190539, 0.255738, 0.256696, 0.296372, 0.319679, 0.319348, 0.563293, 0.596241, 0.642039, 0.677963, 0.762746, 1, 

316,3412,0.001, 0.0196905, 0.0353342, 0.0478842, 0.061475, 0.178203, 0.190539, 0.255738, 0.256696, 0.296372, 0.319679, 0.482123, 0.490425, 0.498136, 0.584051, 0.601316, 0.674883, 0.696279, 0.700045, 0.748599, 0.76431, 0.945053, 0.964465, 1, 

291,4078,0.001, 0.0196905, 0.0353342, 0.0478842, 0.061475, 0.148696, 0.178203, 0.190539, 0.175311, 0.190577, 0.205981, 0.433385, 0.325757, 0.395331, 0.757966, 0.766449, 1, 

301,4027,0.001, 0.0196905, 0.0353342, 0.0478842, 0.118219, 0.061475, 0.259018, 0.442634, 0.460517, 0.502375, 0.620516, 1, 

Generation #14
307,3861,0.001, 0.0196905, 0.0353342, 0.0478842, 0.061475, 0.148696, 0.178203, 0.190539, 0.255738, 0.256696, 0.296372, 0.319679, 0.319348, 0.563293, 0.596241, 0.642039, 0.677963, 0.762746, 1, 

316,3412,0.001, 0.0196905, 0.0353342, 0.0478842, 0.061475, 0.178203, 0.190539, 0.255738, 0.256696, 0.296372, 0.319679, 0.482123, 0.490425, 0.498136, 0.584051, 0.601316, 0.674883, 0.696279, 0.700045, 0.748599, 0.76431, 0.945053, 0.964465, 1, 

291,4078,0.001, 0.0196905, 0.0353342, 0.0478842, 0.061475, 0.148696, 0.178203, 0.190539, 0.175311, 0.190577, 0.205981, 0.433385, 0.325757, 0.395331, 0.757966, 0.766449, 1, 

301,4027,0.001, 0.0196905, 0.0353342, 0.0478842, 0.118219, 0.061475, 0.259018, 0.442634, 0.460517, 0.502375, 0.620516, 1, 

Generation #15
307,3861,0.001, 0.0196905, 0.0353342, 0.0478842, 0.061475, 0.148696, 0.178203, 0.190539, 0.255738, 0.256696, 0.296372, 0.319679, 0.319348, 0.563293, 0.596241, 0.642039, 0.677963, 0.762746, 1, 

316,3412,0.001, 0.0196905, 0.0353342, 0.0478842, 0.061475, 0.178203, 0.190539, 0.255738, 0.256696, 0.296372, 0.319679, 0.482123, 0.490425, 0.498136, 0.584051, 0.601316, 0.674883, 0.696279, 0.700045, 0.748599, 0.76431, 0.945053, 0.964465, 1, 

291,4078,0.001, 0.0196905, 0.0353342, 0.0478842, 0.061475, 0.148696, 0.178203, 0.190539, 0.175311, 0.190577, 0.205981, 0.433385, 0.325757, 0.395331, 0.757966, 0.766449, 1, 

301,4027,0.001, 0.0196905, 0.0353342, 0.0478842, 0.118219, 0.061475, 0.259018, 0.442634, 0.460517, 0.502375, 0.620516, 1, 

Generation #16
307,3861,0.001, 0.0196905, 0.0353342, 0.0478842, 0.061475, 0.148696, 0.178203, 0.190539, 0.255738, 0.256696, 0.296372, 0.319679, 0.319348, 0.563293, 0.596241, 0.642039, 0.677963, 0.762746, 1, 

316,3412,0.001, 0.0196905, 0.0353342, 0.0478842, 0.061475, 0.178203, 0.190539, 0.255738, 0.256696, 0.296372, 0.319679, 0.482123, 0.490425, 0.498136, 0.584051, 0.601316, 0.674883, 0.696279, 0.700045, 0.748599, 0.76431, 0.945053, 0.964465, 1, 

291,4078,0.001, 0.0196905, 0.0353342, 0.0478842, 0.061475, 0.148696, 0.178203, 0.190539, 0.175311, 0.190577, 0.205981, 0.433385, 0.325757, 0.395331, 0.757966, 0.766449, 1, 

301,4027,0.001, 0.0196905, 0.0353342, 0.0478842, 0.118219, 0.061475, 0.259018, 0.442634, 0.460517, 0.502375, 0.620516, 1, 

311,3647,0.001, 0.0196905, 0.0353342, 0.0478842, 0.061475, 0.178203, 0.14251, 0.175311, 0.190577, 0.205981, 0.244003, 0.325757, 0.395331, 0.436727, 0.511864, 0.530893, 0.533042, 0.663908, 0.673833, 0.696111, 0.907149, 0.940859, 0.965071, 1, 

325,3025,0.001, 0.0196905, 0.0353342, 0.061475, 0.148696, 0.178203, 0.255738, 0.256696, 0.296372, 0.319679, 0.482123, 0.490425, 0.498136, 0.584051, 0.601316, 0.674883, 0.696279, 0.700045, 0.748599, 0.76431, 0.794748, 0.899311, 0.924478, 0.951384, 0.952576, 0.956597, 1, 

Generation #17
307,3861,0.001, 0.0196905, 0.0353342, 0.0478842, 0.061475, 0.148696, 0.178203, 0.190539, 0.255738, 0.256696, 0.296372, 0.319679, 0.319348, 0.563293, 0.596241, 0.642039, 0.677963, 0.762746, 1, 

316,3412,0.001, 0.0196905, 0.0353342, 0.0478842, 0.061475, 0.178203, 0.190539, 0.255738, 0.256696, 0.296372, 0.319679, 0.482123, 0.490425, 0.498136, 0.584051, 0.601316, 0.674883, 0.696279, 0.700045, 0.748599, 0.76431, 0.945053, 0.964465, 1, 

291,4078,0.001, 0.0196905, 0.0353342, 0.0478842, 0.061475, 0.148696, 0.178203, 0.190539, 0.175311, 0.190577, 0.205981, 0.433385, 0.325757, 0.395331, 0.757966, 0.766449, 1, 

301,4027,0.001, 0.0196905, 0.0353342, 0.0478842, 0.118219, 0.061475, 0.259018, 0.442634, 0.460517, 0.502375, 0.620516, 1, 

311,3647,0.001, 0.0196905, 0.0353342, 0.0478842, 0.061475, 0.178203, 0.14251, 0.175311, 0.190577, 0.205981, 0.244003, 0.325757, 0.395331, 0.436727, 0.511864, 0.530893, 0.533042, 0.663908, 0.673833, 0.696111, 0.907149, 0.940859, 0.965071, 1, 

325,3025,0.001, 0.0196905, 0.0353342, 0.061475, 0.148696, 0.178203, 0.255738, 0.256696, 0.296372, 0.319679, 0.482123, 0.490425, 0.498136, 0.584051, 0.601316, 0.674883, 0.696279, 0.700045, 0.748599, 0.76431, 0.794748, 0.899311, 0.924478, 0.951384, 0.952576, 0.956597, 1, 

289,4909,0.001, 0.0196905, 0.0353342, 0.0478842, 0.061475, 0.148696, 0.200952, 0.463656, 0.471602, 0.798912, 1, 

309,3780,0.001, 0.0196905, 0.0353342, 0.0478842, 0.061475, 0.148696, 0.178203, 0.14251, 0.294928, 0.205981, 0.433385, 0.325757, 0.395331, 0.757966, 0.766449, 1, 

Generation #18
307,3861,0.001, 0.0196905, 0.0353342, 0.0478842, 0.061475, 0.148696, 0.178203, 0.190539, 0.255738, 0.256696, 0.296372, 0.319679, 0.319348, 0.563293, 0.596241, 0.642039, 0.677963, 0.762746, 1, 

316,3412,0.001, 0.0196905, 0.0353342, 0.0478842, 0.061475, 0.178203, 0.190539, 0.255738, 0.256696, 0.296372, 0.319679, 0.482123, 0.490425, 0.498136, 0.584051, 0.601316, 0.674883, 0.696279, 0.700045, 0.748599, 0.76431, 0.945053, 0.964465, 1, 

291,4078,0.001, 0.0196905, 0.0353342, 0.0478842, 0.061475, 0.148696, 0.178203, 0.190539, 0.175311, 0.190577, 0.205981, 0.433385, 0.325757, 0.395331, 0.757966, 0.766449, 1, 

301,4027,0.001, 0.0196905, 0.0353342, 0.0478842, 0.118219, 0.061475, 0.259018, 0.442634, 0.460517, 0.502375, 0.620516, 1, 

311,3647,0.001, 0.0196905, 0.0353342, 0.0478842, 0.061475, 0.178203, 0.14251, 0.175311, 0.190577, 0.205981, 0.244003, 0.325757, 0.395331, 0.436727, 0.511864, 0.530893, 0.533042, 0.663908, 0.673833, 0.696111, 0.907149, 0.940859, 0.965071, 1, 

325,3025,0.001, 0.0196905, 0.0353342, 0.061475, 0.148696, 0.178203, 0.255738, 0.256696, 0.296372, 0.319679, 0.482123, 0.490425, 0.498136, 0.584051, 0.601316, 0.674883, 0.696279, 0.700045, 0.748599, 0.76431, 0.794748, 0.899311, 0.924478, 0.951384, 0.952576, 0.956597, 1, 

289,4909,0.001, 0.0196905, 0.0353342, 0.0478842, 0.061475, 0.148696, 0.200952, 0.463656, 0.471602, 0.798912, 1, 

309,3780,0.001, 0.0196905, 0.0353342, 0.0478842, 0.061475, 0.148696, 0.178203, 0.14251, 0.294928, 0.205981, 0.433385, 0.325757, 0.395331, 0.757966, 0.766449, 1, 

290,4546,0.001, 0.0196905, 0.0353342, 0.0478842, 0.061475, 0.148696, 0.178203, 0.190539, 0.255738, 0.294928, 0.296372, 0.319679, 0.563293, 1, 

Generation #19
307,3861,0.001, 0.0196905, 0.0353342, 0.0478842, 0.061475, 0.148696, 0.178203, 0.190539, 0.255738, 0.256696, 0.296372, 0.319679, 0.319348, 0.563293, 0.596241, 0.642039, 0.677963, 0.762746, 1, 

316,3412,0.001, 0.0196905, 0.0353342, 0.0478842, 0.061475, 0.178203, 0.190539, 0.255738, 0.256696, 0.296372, 0.319679, 0.482123, 0.490425, 0.498136, 0.584051, 0.601316, 0.674883, 0.696279, 0.700045, 0.748599, 0.76431, 0.945053, 0.964465, 1, 

291,4078,0.001, 0.0196905, 0.0353342, 0.0478842, 0.061475, 0.148696, 0.178203, 0.190539, 0.175311, 0.190577, 0.205981, 0.433385, 0.325757, 0.395331, 0.757966, 0.766449, 1, 

301,4027,0.001, 0.0196905, 0.0353342, 0.0478842, 0.118219, 0.061475, 0.259018, 0.442634, 0.460517, 0.502375, 0.620516, 1, 

311,3647,0.001, 0.0196905, 0.0353342, 0.0478842, 0.061475, 0.178203, 0.14251, 0.175311, 0.190577, 0.205981, 0.244003, 0.325757, 0.395331, 0.436727, 0.511864, 0.530893, 0.533042, 0.663908, 0.673833, 0.696111, 0.907149, 0.940859, 0.965071, 1, 

325,3025,0.001, 0.0196905, 0.0353342, 0.061475, 0.148696, 0.178203, 0.255738, 0.256696, 0.296372, 0.319679, 0.482123, 0.490425, 0.498136, 0.584051, 0.601316, 0.674883, 0.696279, 0.700045, 0.748599, 0.76431, 0.794748, 0.899311, 0.924478, 0.951384, 0.952576, 0.956597, 1, 

289,4909,0.001, 0.0196905, 0.0353342, 0.0478842, 0.061475, 0.148696, 0.200952, 0.463656, 0.471602, 0.798912, 1, 

290,4546,0.001, 0.0196905, 0.0353342, 0.0478842, 0.061475, 0.148696, 0.178203, 0.190539, 0.255738, 0.294928, 0.296372, 0.319679, 0.563293, 1, 

308,3735,0.001, 0.0196905, 0.0353342, 0.0478842, 0.118219, 0.061475, 0.259018, 0.442634, 0.460517, 0.502375, 0.620516, 0.403664, 0.592582, 0.64311, 0.834729, 0.729504, 0.803184, 1, 

Generation #20
316,3412,0.001, 0.0196905, 0.0353342, 0.0478842, 0.061475, 0.178203, 0.190539, 0.255738, 0.256696, 0.296372, 0.319679, 0.482123, 0.490425, 0.498136, 0.584051, 0.601316, 0.674883, 0.696279, 0.700045, 0.748599, 0.76431, 0.945053, 0.964465, 1, 

291,4078,0.001, 0.0196905, 0.0353342, 0.0478842, 0.061475, 0.148696, 0.178203, 0.190539, 0.175311, 0.190577, 0.205981, 0.433385, 0.325757, 0.395331, 0.757966, 0.766449, 1, 

311,3647,0.001, 0.0196905, 0.0353342, 0.0478842, 0.061475, 0.178203, 0.14251, 0.175311, 0.190577, 0.205981, 0.244003, 0.325757, 0.395331, 0.436727, 0.511864, 0.530893, 0.533042, 0.663908, 0.673833, 0.696111, 0.907149, 0.940859, 0.965071, 1, 

325,3025,0.001, 0.0196905, 0.0353342, 0.061475, 0.148696, 0.178203, 0.255738, 0.256696, 0.296372, 0.319679, 0.482123, 0.490425, 0.498136, 0.584051, 0.601316, 0.674883, 0.696279, 0.700045, 0.748599, 0.76431, 0.794748, 0.899311, 0.924478, 0.951384, 0.952576, 0.956597, 1, 

289,4909,0.001, 0.0196905, 0.0353342, 0.0478842, 0.061475, 0.148696, 0.200952, 0.463656, 0.471602, 0.798912, 1, 

290,4546,0.001, 0.0196905, 0.0353342, 0.0478842, 0.061475, 0.148696, 0.178203, 0.190539, 0.255738, 0.294928, 0.296372, 0.319679, 0.563293, 1, 

297,3666,0.001, 0.0196905, 0.0353342, 0.0478842, 0.061475, 0.178203, 0.14251, 0.190539, 0.255738, 0.256696, 0.296372, 0.319679, 0.319348, 0.563293, 0.596241, 0.642039, 0.677963, 0.762746, 1, 

Generation #21
316,3412,0.001, 0.0196905, 0.0353342, 0.0478842, 0.061475, 0.178203, 0.190539, 0.255738, 0.256696, 0.296372, 0.319679, 0.482123, 0.490425, 0.498136, 0.584051, 0.601316, 0.674883, 0.696279, 0.700045, 0.748599, 0.76431, 0.945053, 0.964465, 1, 

291,4078,0.001, 0.0196905, 0.0353342, 0.0478842, 0.061475, 0.148696, 0.178203, 0.190539, 0.175311, 0.190577, 0.205981, 0.433385, 0.325757, 0.395331, 0.757966, 0.766449, 1, 

311,3647,0.001, 0.0196905, 0.0353342, 0.0478842, 0.061475, 0.178203, 0.14251, 0.175311, 0.190577, 0.205981, 0.244003, 0.325757, 0.395331, 0.436727, 0.511864, 0.530893, 0.533042, 0.663908, 0.673833, 0.696111, 0.907149, 0.940859, 0.965071, 1, 

325,3025,0.001, 0.0196905, 0.0353342, 0.061475, 0.148696, 0.178203, 0.255738, 0.256696, 0.296372, 0.319679, 0.482123, 0.490425, 0.498136, 0.584051, 0.601316, 0.674883, 0.696279, 0.700045, 0.748599, 0.76431, 0.794748, 0.899311, 0.924478, 0.951384, 0.952576, 0.956597, 1, 

289,4909,0.001, 0.0196905, 0.0353342, 0.0478842, 0.061475, 0.148696, 0.200952, 0.463656, 0.471602, 0.798912, 1, 

290,4546,0.001, 0.0196905, 0.0353342, 0.0478842, 0.061475, 0.148696, 0.178203, 0.190539, 0.255738, 0.294928, 0.296372, 0.319679, 0.563293, 1, 

297,3666,0.001, 0.0196905, 0.0353342, 0.0478842, 0.061475, 0.178203, 0.14251, 0.190539, 0.255738, 0.256696, 0.296372, 0.319679, 0.319348, 0.563293, 0.596241, 0.642039, 0.677963, 0.762746, 1, 

Generation #22
316,3412,0.001, 0.0196905, 0.0353342, 0.0478842, 0.061475, 0.178203, 0.190539, 0.255738, 0.256696, 0.296372, 0.319679, 0.482123, 0.490425, 0.498136, 0.584051, 0.601316, 0.674883, 0.696279, 0.700045, 0.748599, 0.76431, 0.945053, 0.964465, 1, 

291,4078,0.001, 0.0196905, 0.0353342, 0.0478842, 0.061475, 0.148696, 0.178203, 0.190539, 0.175311, 0.190577, 0.205981, 0.433385, 0.325757, 0.395331, 0.757966, 0.766449, 1, 

311,3647,0.001, 0.0196905, 0.0353342, 0.0478842, 0.061475, 0.178203, 0.14251, 0.175311, 0.190577, 0.205981, 0.244003, 0.325757, 0.395331, 0.436727, 0.511864, 0.530893, 0.533042, 0.663908, 0.673833, 0.696111, 0.907149, 0.940859, 0.965071, 1, 

325,3025,0.001, 0.0196905, 0.0353342, 0.061475, 0.148696, 0.178203, 0.255738, 0.256696, 0.296372, 0.319679, 0.482123, 0.490425, 0.498136, 0.584051, 0.601316, 0.674883, 0.696279, 0.700045, 0.748599, 0.76431, 0.794748, 0.899311, 0.924478, 0.951384, 0.952576, 0.956597, 1, 

289,4909,0.001, 0.0196905, 0.0353342, 0.0478842, 0.061475, 0.148696, 0.200952, 0.463656, 0.471602, 0.798912, 1, 

290,4546,0.001, 0.0196905, 0.0353342, 0.0478842, 0.061475, 0.148696, 0.178203, 0.190539, 0.255738, 0.294928, 0.296372, 0.319679, 0.563293, 1, 

297,3666,0.001, 0.0196905, 0.0353342, 0.0478842, 0.061475, 0.178203, 0.14251, 0.190539, 0.255738, 0.256696, 0.296372, 0.319679, 0.319348, 0.563293, 0.596241, 0.642039, 0.677963, 0.762746, 1, 

286,4922,0.001, 0.0196905, 0.0353342, 0.0615289, 0.0820275, 0.158728, 0.130126, 0.14251, 0.175311, 0.190577, 0.205981, 0.433385, 0.325757, 0.395331, 0.757966, 0.766449, 1, 

Generation #23
316,3412,0.001, 0.0196905, 0.0353342, 0.0478842, 0.061475, 0.178203, 0.190539, 0.255738, 0.256696, 0.296372, 0.319679, 0.482123, 0.490425, 0.498136, 0.584051, 0.601316, 0.674883, 0.696279, 0.700045, 0.748599, 0.76431, 0.945053, 0.964465, 1, 

291,4078,0.001, 0.0196905, 0.0353342, 0.0478842, 0.061475, 0.148696, 0.178203, 0.190539, 0.175311, 0.190577, 0.205981, 0.433385, 0.325757, 0.395331, 0.757966, 0.766449, 1, 

311,3647,0.001, 0.0196905, 0.0353342, 0.0478842, 0.061475, 0.178203, 0.14251, 0.175311, 0.190577, 0.205981, 0.244003, 0.325757, 0.395331, 0.436727, 0.511864, 0.530893, 0.533042, 0.663908, 0.673833, 0.696111, 0.907149, 0.940859, 0.965071, 1, 

325,3025,0.001, 0.0196905, 0.0353342, 0.061475, 0.148696, 0.178203, 0.255738, 0.256696, 0.296372, 0.319679, 0.482123, 0.490425, 0.498136, 0.584051, 0.601316, 0.674883, 0.696279, 0.700045, 0.748599, 0.76431, 0.794748, 0.899311, 0.924478, 0.951384, 0.952576, 0.956597, 1, 

289,4909,0.001, 0.0196905, 0.0353342, 0.0478842, 0.061475, 0.148696, 0.200952, 0.463656, 0.471602, 0.798912, 1, 

290,4546,0.001, 0.0196905, 0.0353342, 0.0478842, 0.061475, 0.148696, 0.178203, 0.190539, 0.255738, 0.294928, 0.296372, 0.319679, 0.563293, 1, 

297,3666,0.001, 0.0196905, 0.0353342, 0.0478842, 0.061475, 0.178203, 0.14251, 0.190539, 0.255738, 0.256696, 0.296372, 0.319679, 0.319348, 0.563293, 0.596241, 0.642039, 0.677963, 0.762746, 1, 

286,4922,0.001, 0.0196905, 0.0353342, 0.0615289, 0.0820275, 0.158728, 0.130126, 0.14251, 0.175311, 0.190577, 0.205981, 0.433385, 0.325757, 0.395331, 0.757966, 0.766449, 1, 

Generation #24
316,3412,0.001, 0.0196905, 0.0353342, 0.0478842, 0.061475, 0.178203, 0.190539, 0.255738, 0.256696, 0.296372, 0.319679, 0.482123, 0.490425, 0.498136, 0.584051, 0.601316, 0.674883, 0.696279, 0.700045, 0.748599, 0.76431, 0.945053, 0.964465, 1, 

291,4078,0.001, 0.0196905, 0.0353342, 0.0478842, 0.061475, 0.148696, 0.178203, 0.190539, 0.175311, 0.190577, 0.205981, 0.433385, 0.325757, 0.395331, 0.757966, 0.766449, 1, 

311,3647,0.001, 0.0196905, 0.0353342, 0.0478842, 0.061475, 0.178203, 0.14251, 0.175311, 0.190577, 0.205981, 0.244003, 0.325757, 0.395331, 0.436727, 0.511864, 0.530893, 0.533042, 0.663908, 0.673833, 0.696111, 0.907149, 0.940859, 0.965071, 1, 

325,3025,0.001, 0.0196905, 0.0353342, 0.061475, 0.148696, 0.178203, 0.255738, 0.256696, 0.296372, 0.319679, 0.482123, 0.490425, 0.498136, 0.584051, 0.601316, 0.674883, 0.696279, 0.700045, 0.748599, 0.76431, 0.794748, 0.899311, 0.924478, 0.951384, 0.952576, 0.956597, 1, 

290,4546,0.001, 0.0196905, 0.0353342, 0.0478842, 0.061475, 0.148696, 0.178203, 0.190539, 0.255738, 0.294928, 0.296372, 0.319679, 0.563293, 1, 

297,3666,0.001, 0.0196905, 0.0353342, 0.0478842, 0.061475, 0.178203, 0.14251, 0.190539, 0.255738, 0.256696, 0.296372, 0.319679, 0.319348, 0.563293, 0.596241, 0.642039, 0.677963, 0.762746, 1, 

286,4922,0.001, 0.0196905, 0.0353342, 0.0615289, 0.0820275, 0.158728, 0.130126, 0.14251, 0.175311, 0.190577, 0.205981, 0.433385, 0.325757, 0.395331, 0.757966, 0.766449, 1, 

289,4766,0.001, 0.0196905, 0.0353342, 0.0615289, 0.0820275, 0.158728, 0.200952, 0.245044, 0.248861, 0.205981, 0.433385, 0.325757, 0.395331, 0.757966, 0.766449, 1, 

Generation #25
316,3412,0.001, 0.0196905, 0.0353342, 0.0478842, 0.061475, 0.178203, 0.190539, 0.255738, 0.256696, 0.296372, 0.319679, 0.482123, 0.490425, 0.498136, 0.584051, 0.601316, 0.674883, 0.696279, 0.700045, 0.748599, 0.76431, 0.945053, 0.964465, 1, 

291,4078,0.001, 0.0196905, 0.0353342, 0.0478842, 0.061475, 0.148696, 0.178203, 0.190539, 0.175311, 0.190577, 0.205981, 0.433385, 0.325757, 0.395331, 0.757966, 0.766449, 1, 

325,3025,0.001, 0.0196905, 0.0353342, 0.061475, 0.148696, 0.178203, 0.255738, 0.256696, 0.296372, 0.319679, 0.482123, 0.490425, 0.498136, 0.584051, 0.601316, 0.674883, 0.696279, 0.700045, 0.748599, 0.76431, 0.794748, 0.899311, 0.924478, 0.951384, 0.952576, 0.956597, 1, 

290,4546,0.001, 0.0196905, 0.0353342, 0.0478842, 0.061475, 0.148696, 0.178203, 0.190539, 0.255738, 0.294928, 0.296372, 0.319679, 0.563293, 1, 

297,3666,0.001, 0.0196905, 0.0353342, 0.0478842, 0.061475, 0.178203, 0.14251, 0.190539, 0.255738, 0.256696, 0.296372, 0.319679, 0.319348, 0.563293, 0.596241, 0.642039, 0.677963, 0.762746, 1, 

286,4922,0.001, 0.0196905, 0.0353342, 0.0615289, 0.0820275, 0.158728, 0.130126, 0.14251, 0.175311, 0.190577, 0.205981, 0.433385, 0.325757, 0.395331, 0.757966, 0.766449, 1, 

289,4766,0.001, 0.0196905, 0.0353342, 0.0615289, 0.0820275, 0.158728, 0.200952, 0.245044, 0.248861, 0.205981, 0.433385, 0.325757, 0.395331, 0.757966, 0.766449, 1, 

310,3633,0.001, 0.0196905, 0.0353342, 0.0478842, 0.061475, 0.178203, 0.14251, 0.14251, 0.175311, 0.79361, 0.421821, 0.205981, 0.433385, 0.325757, 0.498136, 0.584051, 0.601316, 0.674883, 0.696279, 0.700045, 0.748599, 0.76431, 0.945053, 0.964465, 1, 

Generation #26
316,3412,0.001, 0.0196905, 0.0353342, 0.0478842, 0.061475, 0.178203, 0.190539, 0.255738, 0.256696, 0.296372, 0.319679, 0.482123, 0.490425, 0.498136, 0.584051, 0.601316, 0.674883, 0.696279, 0.700045, 0.748599, 0.76431, 0.945053, 0.964465, 1, 

291,4078,0.001, 0.0196905, 0.0353342, 0.0478842, 0.061475, 0.148696, 0.178203, 0.190539, 0.175311, 0.190577, 0.205981, 0.433385, 0.325757, 0.395331, 0.757966, 0.766449, 1, 

325,3025,0.001, 0.0196905, 0.0353342, 0.061475, 0.148696, 0.178203, 0.255738, 0.256696, 0.296372, 0.319679, 0.482123, 0.490425, 0.498136, 0.584051, 0.601316, 0.674883, 0.696279, 0.700045, 0.748599, 0.76431, 0.794748, 0.899311, 0.924478, 0.951384, 0.952576, 0.956597, 1, 

290,4546,0.001, 0.0196905, 0.0353342, 0.0478842, 0.061475, 0.148696, 0.178203, 0.190539, 0.255738, 0.294928, 0.296372, 0.319679, 0.563293, 1, 

297,3666,0.001, 0.0196905, 0.0353342, 0.0478842, 0.061475, 0.178203, 0.14251, 0.190539, 0.255738, 0.256696, 0.296372, 0.319679, 0.319348, 0.563293, 0.596241, 0.642039, 0.677963, 0.762746, 1, 

286,4922,0.001, 0.0196905, 0.0353342, 0.0615289, 0.0820275, 0.158728, 0.130126, 0.14251, 0.175311, 0.190577, 0.205981, 0.433385, 0.325757, 0.395331, 0.757966, 0.766449, 1, 

310,3633,0.001, 0.0196905, 0.0353342, 0.0478842, 0.061475, 0.178203, 0.14251, 0.14251, 0.175311, 0.79361, 0.421821, 0.205981, 0.433385, 0.325757, 0.498136, 0.584051, 0.601316, 0.674883, 0.696279, 0.700045, 0.748599, 0.76431, 0.945053, 0.964465, 1, 

287,4687,0.001, 0.026976, 0.038055, 0.0615289, 0.0820275, 0.158728, 0.205286, 0.175311, 0.190577, 0.205981, 0.205981, 0.433385, 0.325757, 0.395331, 0.757966, 0.704672, 1, 

Generation #27
316,3412,0.001, 0.0196905, 0.0353342, 0.0478842, 0.061475, 0.178203, 0.190539, 0.255738, 0.256696, 0.296372, 0.319679, 0.482123, 0.490425, 0.498136, 0.584051, 0.601316, 0.674883, 0.696279, 0.700045, 0.748599, 0.76431, 0.945053, 0.964465, 1, 

291,4078,0.001, 0.0196905, 0.0353342, 0.0478842, 0.061475, 0.148696, 0.178203, 0.190539, 0.175311, 0.190577, 0.205981, 0.433385, 0.325757, 0.395331, 0.757966, 0.766449, 1, 

325,3025,0.001, 0.0196905, 0.0353342, 0.061475, 0.148696, 0.178203, 0.255738, 0.256696, 0.296372, 0.319679, 0.482123, 0.490425, 0.498136, 0.584051, 0.601316, 0.674883, 0.696279, 0.700045, 0.748599, 0.76431, 0.794748, 0.899311, 0.924478, 0.951384, 0.952576, 0.956597, 1, 

290,4546,0.001, 0.0196905, 0.0353342, 0.0478842, 0.061475, 0.148696, 0.178203, 0.190539, 0.255738, 0.294928, 0.296372, 0.319679, 0.563293, 1, 

297,3666,0.001, 0.0196905, 0.0353342, 0.0478842, 0.061475, 0.178203, 0.14251, 0.190539, 0.255738, 0.256696, 0.296372, 0.319679, 0.319348, 0.563293, 0.596241, 0.642039, 0.677963, 0.762746, 1, 

286,4922,0.001, 0.0196905, 0.0353342, 0.0615289, 0.0820275, 0.158728, 0.130126, 0.14251, 0.175311, 0.190577, 0.205981, 0.433385, 0.325757, 0.395331, 0.757966, 0.766449, 1, 

310,3633,0.001, 0.0196905, 0.0353342, 0.0478842, 0.061475, 0.178203, 0.14251, 0.14251, 0.175311, 0.79361, 0.421821, 0.205981, 0.433385, 0.325757, 0.498136, 0.584051, 0.601316, 0.674883, 0.696279, 0.700045, 0.748599, 0.76431, 0.945053, 0.964465, 1, 

287,4687,0.001, 0.026976, 0.038055, 0.0615289, 0.0820275, 0.158728, 0.205286, 0.175311, 0.190577, 0.205981, 0.205981, 0.433385, 0.325757, 0.395331, 0.757966, 0.704672, 1, 

Generation #28
316,3412,0.001, 0.0196905, 0.0353342, 0.0478842, 0.061475, 0.178203, 0.190539, 0.255738, 0.256696, 0.296372, 0.319679, 0.482123, 0.490425, 0.498136, 0.584051, 0.601316, 0.674883, 0.696279, 0.700045, 0.748599, 0.76431, 0.945053, 0.964465, 1, 

291,4078,0.001, 0.0196905, 0.0353342, 0.0478842, 0.061475, 0.148696, 0.178203, 0.190539, 0.175311, 0.190577, 0.205981, 0.433385, 0.325757, 0.395331, 0.757966, 0.766449, 1, 

325,3025,0.001, 0.0196905, 0.0353342, 0.061475, 0.148696, 0.178203, 0.255738, 0.256696, 0.296372, 0.319679, 0.482123, 0.490425, 0.498136, 0.584051, 0.601316, 0.674883, 0.696279, 0.700045, 0.748599, 0.76431, 0.794748, 0.899311, 0.924478, 0.951384, 0.952576, 0.956597, 1, 

290,4546,0.001, 0.0196905, 0.0353342, 0.0478842, 0.061475, 0.148696, 0.178203, 0.190539, 0.255738, 0.294928, 0.296372, 0.319679, 0.563293, 1, 

297,3666,0.001, 0.0196905, 0.0353342, 0.0478842, 0.061475, 0.178203, 0.14251, 0.190539, 0.255738, 0.256696, 0.296372, 0.319679, 0.319348, 0.563293, 0.596241, 0.642039, 0.677963, 0.762746, 1, 

286,4922,0.001, 0.0196905, 0.0353342, 0.0615289, 0.0820275, 0.158728, 0.130126, 0.14251, 0.175311, 0.190577, 0.205981, 0.433385, 0.325757, 0.395331, 0.757966, 0.766449, 1, 

310,3633,0.001, 0.0196905, 0.0353342, 0.0478842, 0.061475, 0.178203, 0.14251, 0.14251, 0.175311, 0.79361, 0.421821, 0.205981, 0.433385, 0.325757, 0.498136, 0.584051, 0.601316, 0.674883, 0.696279, 0.700045, 0.748599, 0.76431, 0.945053, 0.964465, 1, 

287,4687,0.001, 0.026976, 0.038055, 0.0615289, 0.0820275, 0.158728, 0.205286, 0.175311, 0.190577, 0.205981, 0.205981, 0.433385, 0.325757, 0.395331, 0.757966, 0.704672, 1, 
