------------d=1, t=2, lambda=1, filename=./evaluation/Mobile/Mobile_2_1.csv------------
Grouping d-sets by partitioned row counts for detecting arrays...
Ready to look at pairs for detecting arrays...
First Stage N=157, Time=813
There are 2956241 remaining non-locating pairs
--- Running GA Algorithm (phase2) ---
Running GA with std::execution::par
Generation #0
409,27643,0.001, 0.0225445, 0.0751139, 0.299146, 0.348594, 0.353911, 0.375112, 0.390588, 0.435046, 0.456559, 0.512465, 0.601671, 0.674479, 0.704197, 0.782662, 0.850533, 0.862383, 0.907508, 0.982566, 1, 

383,232285,0.001, 0.131837, 0.13365, 0.148356, 0.185473, 0.198682, 0.2241, 0.41457, 0.428284, 0.470824, 0.47962, 0.702877, 0.714248, 0.771233, 0.7956, 0.83244, 0.908702, 1, 

402,30942,0.001, 0.00678773, 0.100622, 0.104796, 0.20227, 0.253433, 0.262472, 0.26818, 0.317525, 0.328629, 0.380194, 0.409397, 0.41404, 0.458934, 0.523723, 0.647671, 0.651003, 0.683758, 0.725943, 0.731576, 0.769023, 0.779115, 0.816714, 0.841415, 0.864093, 0.959526, 1, 

385,32431,0.001, 0.0132409, 0.10743, 0.116454, 0.147917, 0.171059, 0.224309, 0.273342, 0.352849, 0.358231, 0.399618, 0.453289, 0.569653, 0.571095, 0.635839, 0.655891, 0.688787, 0.807226, 0.84979, 0.890548, 0.89197, 1, 

Generation #1
402,30942,0.001, 0.00678773, 0.100622, 0.104796, 0.20227, 0.253433, 0.262472, 0.26818, 0.317525, 0.328629, 0.380194, 0.409397, 0.41404, 0.458934, 0.523723, 0.647671, 0.651003, 0.683758, 0.725943, 0.731576, 0.769023, 0.779115, 0.816714, 0.841415, 0.864093, 0.959526, 1, 

385,32431,0.001, 0.0132409, 0.10743, 0.116454, 0.147917, 0.171059, 0.224309, 0.273342, 0.352849, 0.358231, 0.399618, 0.453289, 0.569653, 0.571095, 0.635839, 0.655891, 0.688787, 0.807226, 0.84979, 0.890548, 0.89197, 1, 

403,25290,0.001, 0.00678773, 0.100622, 0.104796, 0.20227, 0.253433, 0.262472, 0.26818, 0.317525, 0.328629, 0.380194, 0.409397, 0.41404, 0.458934, 0.427717, 0.540978, 0.573822, 0.663614, 0.709919, 0.826592, 0.852468, 0.862056, 0.866477, 0.918952, 0.95169, 0.969154, 0.970766, 1, 

379,34645,0.001, 0.0192819, 0.0378253, 0.0436689, 0.0488421, 0.126569, 0.176682, 0.209859, 0.221429, 0.300978, 0.30798, 0.31238, 0.403985, 0.428618, 0.466309, 0.477084, 0.480443, 1, 

Generation #2
385,32431,0.001, 0.0132409, 0.10743, 0.116454, 0.147917, 0.171059, 0.224309, 0.273342, 0.352849, 0.358231, 0.399618, 0.453289, 0.569653, 0.571095, 0.635839, 0.655891, 0.688787, 0.807226, 0.84979, 0.890548, 0.89197, 1, 

403,25290,0.001, 0.00678773, 0.100622, 0.104796, 0.20227, 0.253433, 0.262472, 0.26818, 0.317525, 0.328629, 0.380194, 0.409397, 0.41404, 0.458934, 0.427717, 0.540978, 0.573822, 0.663614, 0.709919, 0.826592, 0.852468, 0.862056, 0.866477, 0.918952, 0.95169, 0.969154, 0.970766, 1, 

379,34645,0.001, 0.0192819, 0.0378253, 0.0436689, 0.0488421, 0.126569, 0.176682, 0.209859, 0.221429, 0.300978, 0.30798, 0.31238, 0.403985, 0.428618, 0.466309, 0.477084, 0.480443, 1, 

371,73059,0.001, 0.0356376, 0.0681705, 0.0910442, 0.0915139, 0.129702, 0.13849, 0.154156, 0.156947, 0.17737, 0.221326, 0.224387, 0.248905, 0.302443, 0.356582, 0.366333, 0.411753, 1, 

396,26822,0.001, 0.00678773, 0.100622, 0.104796, 0.20227, 0.253433, 0.262472, 0.26818, 0.317525, 0.328629, 0.380194, 0.409397, 0.799824, 0.41404, 0.458934, 0.427717, 0.540978, 0.573822, 0.663614, 0.709919, 0.826592, 0.596182, 0.701575, 0.776204, 0.787499, 0.884013, 1, 
