------------d=1, t=2, lambda=1, filename=./evaluation/SPINS/SPINS_2_1.csv------------
Grouping d-sets by partitioned row counts for detecting arrays...
Ready to look at pairs for detecting arrays...
First Stage N=24, Time=1
There are 2372 remaining non-locating pairs
--- Running Density Algorithm (phase2_ce) for Locating ---
  (CE) DEBUG: Trying to distinguish 2372 pairs. Example:
       Pair 0: (1,2,),(0,1,)  vs (10,16,),(1,3,)  (already separated 0 times)
  (CE) Using greedy column-by-column strategy.
  (CE) Row 30 built (best score: 134). 485 pairs remaining to distinguish.
  (CE) Row 40 built (best score: 12). 32 pairs remaining to distinguish.
  (CE) Row 45 built (best score: 4). 0 pairs remaining to distinguish.
--- Pareto Front Solutions ---
Solution 0: N total=45 (N_initial=24, N_added=21), Time total=89 ms, Saved to: ./results/SPINS_t2_l1_pareto_0.csv, percents=1, 

------------d=1, t=2, lambda=2, filename=./evaluation/SPINS/SPINS_2_2.csv------------
Grouping d-sets by partitioned row counts for detecting arrays...
Ready to look at pairs for detecting arrays...
First Stage N=32, Time=1
There are 1022 remaining non-locating pairs
--- Running Density Algorithm (phase2_ce) for Locating ---
  (CE) DEBUG: Trying to distinguish 1022 pairs. Example:
       Pair 0: (13,15,),(0,3,)  vs (13,16,),(0,3,)  (already separated 0 times)
  (CE) Using greedy column-by-column strategy.
  (CE) Row 40 built (best score: 103). 539 pairs remaining to distinguish.
  (CE) Row 50 built (best score: 30). 129 pairs remaining to distinguish.
  (CE) Row 60 built (best score: 6). 8 pairs remaining to distinguish.
  (CE) Row 63 built (best score: 2). 0 pairs remaining to distinguish.
--- Pareto Front Solutions ---
Solution 0: N total=63 (N_initial=32, N_added=31), Time total=76 ms, Saved to: ./results/SPINS_t2_l2_pareto_0.csv, percents=1, 

------------d=1, t=2, lambda=3, filename=./evaluation/SPINS/SPINS_2_3.csv------------
Grouping d-sets by partitioned row counts for detecting arrays...
Ready to look at pairs for detecting arrays...
First Stage N=56, Time=1
There are 268 remaining non-locating pairs
--- Running Density Algorithm (phase2_ce) for Locating ---
  (CE) DEBUG: Trying to distinguish 268 pairs. Example:
       Pair 0: (2,14,),(1,3,)  vs (10,14,),(0,2,)  (already separated 0 times)
  (CE) Using greedy column-by-column strategy.
  (CE) Row 60 built (best score: 49). 252 pairs remaining to distinguish.
  (CE) Row 70 built (best score: 26). 120 pairs remaining to distinguish.
  (CE) Row 80 built (best score: 7). 34 pairs remaining to distinguish.
  (CE) Row 90 built (best score: 4). 3 pairs remaining to distinguish.
  (CE) Row 92 built (best score: 1). 0 pairs remaining to distinguish.
--- Pareto Front Solutions ---
Solution 0: N total=92 (N_initial=56, N_added=36), Time total=26 ms, Saved to: ./results/SPINS_t2_l3_pareto_0.csv, percents=1, 

------------d=1, t=2, lambda=4, filename=./evaluation/SPINS/SPINS_2_4.csv------------
Grouping d-sets by partitioned row counts for detecting arrays...
Ready to look at pairs for detecting arrays...
First Stage N=64, Time=2
There are 501 remaining non-locating pairs
--- Running Density Algorithm (phase2_ce) for Locating ---
  (CE) DEBUG: Trying to distinguish 501 pairs. Example:
       Pair 0: (7,13,),(0,1,)  vs (11,13,),(0,1,)  (already separated 0 times)
  (CE) Using greedy column-by-column strategy.
  (CE) Row 70 built (best score: 82). 474 pairs remaining to distinguish.
  (CE) Row 80 built (best score: 60). 362 pairs remaining to distinguish.
  (CE) Row 90 built (best score: 32). 221 pairs remaining to distinguish.
  (CE) Row 100 built (best score: 17). 91 pairs remaining to distinguish.
  (CE) Row 110 built (best score: 9). 19 pairs remaining to distinguish.
  (CE) Row 119 built (best score: 1). 0 pairs remaining to distinguish.
--- Pareto Front Solutions ---
Solution 0: N total=119 (N_initial=64, N_added=55), Time total=74 ms, Saved to: ./results/SPINS_t2_l4_pareto_0.csv, percents=1, 

