------------d=1, t=2, lambda=1, filename=./evaluation/TCAS/TCAS_2_1.csv------------
Computing partitioned counts of d-sets...
Ready to look at pairs based on partitioned counts...
First Stage N=110, Time=12
There are 1390 remaining non-locating pairs
--- Running GA Algorithm (phase2) ---
Running GA with std::execution::par
Generation #0
174,769,0.001, 0.0219461, 0.0261442, 0.0262016, 0.0663368, 0.100799, 0.164494, 0.217953, 0.230267, 0.239707, 0.475426, 0.477239, 0.511489, 0.606937, 0.610299, 0.685118, 0.749872, 0.761045, 0.79815, 0.843834, 0.85952, 0.956795, 1, 

161,810,0.001, 0.0110509, 0.0391854, 0.0928903, 0.129683, 0.148351, 0.15305, 0.161136, 0.234665, 0.262227, 0.262612, 0.288228, 0.29071, 0.387741, 0.387959, 0.439057, 0.598829, 0.623264, 0.646717, 0.734431, 0.75492, 0.778334, 0.828504, 0.918703, 0.937746, 1, 

156,1028,0.001, 0.111364, 0.17253, 0.198549, 0.199863, 0.267302, 0.337792, 0.360248, 0.53307, 0.637868, 0.746564, 0.864514, 0.870374, 0.884463, 0.912551, 0.937055, 0.952596, 1, 

160,953,0.001, 0.0682348, 0.0795467, 0.176195, 0.218961, 0.267408, 0.287437, 0.288251, 0.360597, 0.391861, 0.464593, 0.473718, 0.50605, 0.509478, 0.66143, 0.761129, 0.774602, 0.85691, 0.960916, 1, 

150,1379,0.001, 0.148013, 0.19301, 0.197695, 0.211424, 0.214633, 0.23319, 0.330446, 0.331697, 0.457496, 0.545702, 0.635084, 0.715985, 0.776274, 0.79, 0.907809, 1, 

Generation #1
150,1379,0.001, 0.148013, 0.19301, 0.197695, 0.211424, 0.214633, 0.23319, 0.330446, 0.331697, 0.457496, 0.545702, 0.635084, 0.715985, 0.776274, 0.79, 0.907809, 1, 

168,663,0.001, 0.00959156, 0.070316, 0.165695, 0.166071, 0.174757, 0.262098, 0.339555, 0.352474, 0.426092, 0.442547, 0.447635, 0.464361, 0.501474, 0.515649, 0.60748, 0.618094, 0.585305, 0.591522, 0.625223, 0.737456, 0.759444, 0.881117, 0.898407, 0.908204, 1, 

154,715,0.001, 0.0234395, 0.0390873, 0.0460126, 0.10239, 0.111185, 0.134715, 0.142228, 0.147769, 0.164878, 0.182603, 0.930679, 1, 

170,651,0.001, 0.0440817, 0.056377, 0.0625786, 0.0855144, 0.0872234, 0.101477, 0.148168, 0.207635, 0.222686, 0.225414, 0.290866, 0.338349, 0.360812, 0.486805, 0.618919, 0.693188, 0.739591, 0.74851, 0.811803, 0.81528, 0.835122, 0.852807, 0.861494, 0.865938, 0.889552, 0.890887, 0.914985, 0.931487, 0.993118, 1, 

Generation #2
150,1379,0.001, 0.148013, 0.19301, 0.197695, 0.211424, 0.214633, 0.23319, 0.330446, 0.331697, 0.457496, 0.545702, 0.635084, 0.715985, 0.776274, 0.79, 0.907809, 1, 

168,663,0.001, 0.00959156, 0.070316, 0.165695, 0.166071, 0.174757, 0.262098, 0.339555, 0.352474, 0.426092, 0.442547, 0.447635, 0.464361, 0.501474, 0.515649, 0.60748, 0.618094, 0.585305, 0.591522, 0.625223, 0.737456, 0.759444, 0.881117, 0.898407, 0.908204, 1, 

154,715,0.001, 0.0234395, 0.0390873, 0.0460126, 0.10239, 0.111185, 0.134715, 0.142228, 0.147769, 0.164878, 0.182603, 0.930679, 1, 

170,651,0.001, 0.0440817, 0.056377, 0.0625786, 0.0855144, 0.0872234, 0.101477, 0.148168, 0.207635, 0.222686, 0.225414, 0.290866, 0.338349, 0.360812, 0.486805, 0.618919, 0.693188, 0.739591, 0.74851, 0.811803, 0.81528, 0.835122, 0.852807, 0.861494, 0.865938, 0.889552, 0.890887, 0.914985, 0.931487, 0.993118, 1, 

153,774,0.001, 0.0110509, 0.0391854, 0.0928903, 0.129683, 0.148351, 0.15305, 0.161136, 0.234665, 0.262227, 0.262612, 0.288228, 0.29071, 0.387741, 0.387959, 0.439057, 0.598829, 0.972906, 1, 

Generation #3
150,1379,0.001, 0.148013, 0.19301, 0.197695, 0.211424, 0.214633, 0.23319, 0.330446, 0.331697, 0.457496, 0.545702, 0.635084, 0.715985, 0.776274, 0.79, 0.907809, 1, 

154,715,0.001, 0.0234395, 0.0390873, 0.0460126, 0.10239, 0.111185, 0.134715, 0.142228, 0.147769, 0.164878, 0.182603, 0.930679, 1, 

158,631,0.001, 0.0440817, 0.056377, 0.0625786, 0.0855144, 0.0872234, 0.101477, 0.148168, 0.207635, 0.222686, 0.225414, 0.290866, 0.338349, 0.360812, 0.486805, 0.618919, 0.749872, 0.761045, 0.79815, 0.843834, 0.85952, 0.956795, 1, 

152,755,0.001, 0.104792, 0.114905, 0.167029, 0.204664, 0.210881, 0.23582, 0.286755, 0.244813, 0.262717, 0.445377, 0.715985, 0.776274, 0.79, 0.907809, 1, 

Generation #4
150,1379,0.001, 0.148013, 0.19301, 0.197695, 0.211424, 0.214633, 0.23319, 0.330446, 0.331697, 0.457496, 0.545702, 0.635084, 0.715985, 0.776274, 0.79, 0.907809, 1, 

154,715,0.001, 0.0234395, 0.0390873, 0.0460126, 0.10239, 0.111185, 0.134715, 0.142228, 0.147769, 0.164878, 0.182603, 0.930679, 1, 

158,631,0.001, 0.0440817, 0.056377, 0.0625786, 0.0855144, 0.0872234, 0.101477, 0.148168, 0.207635, 0.222686, 0.225414, 0.290866, 0.338349, 0.360812, 0.486805, 0.618919, 0.749872, 0.761045, 0.79815, 0.843834, 0.85952, 0.956795, 1, 

152,755,0.001, 0.104792, 0.114905, 0.167029, 0.204664, 0.210881, 0.23582, 0.286755, 0.244813, 0.262717, 0.445377, 0.715985, 0.776274, 0.79, 0.907809, 1, 

151,887,0.001, 0.0234395, 0.0483313, 0.105856, 0.132901, 0.155358, 0.23582, 0.286755, 0.244813, 0.262717, 0.445377, 0.715985, 0.776274, 0.79, 0.907809, 1, 

Generation #5
150,1379,0.001, 0.148013, 0.19301, 0.197695, 0.211424, 0.214633, 0.23319, 0.330446, 0.331697, 0.457496, 0.545702, 0.635084, 0.715985, 0.776274, 0.79, 0.907809, 1, 

154,715,0.001, 0.0234395, 0.0390873, 0.0460126, 0.10239, 0.111185, 0.134715, 0.142228, 0.147769, 0.164878, 0.182603, 0.930679, 1, 

158,631,0.001, 0.0440817, 0.056377, 0.0625786, 0.0855144, 0.0872234, 0.101477, 0.148168, 0.207635, 0.222686, 0.225414, 0.290866, 0.338349, 0.360812, 0.486805, 0.618919, 0.749872, 0.761045, 0.79815, 0.843834, 0.85952, 0.956795, 1, 

152,755,0.001, 0.104792, 0.114905, 0.167029, 0.204664, 0.210881, 0.23582, 0.286755, 0.244813, 0.262717, 0.445377, 0.715985, 0.776274, 0.79, 0.907809, 1, 

151,887,0.001, 0.0234395, 0.0483313, 0.105856, 0.132901, 0.155358, 0.23582, 0.286755, 0.244813, 0.262717, 0.445377, 0.715985, 0.776274, 0.79, 0.907809, 1, 

Generation #6
150,1379,0.001, 0.148013, 0.19301, 0.197695, 0.211424, 0.214633, 0.23319, 0.330446, 0.331697, 0.457496, 0.545702, 0.635084, 0.715985, 0.776274, 0.79, 0.907809, 1, 

154,715,0.001, 0.0234395, 0.0390873, 0.0460126, 0.10239, 0.111185, 0.134715, 0.142228, 0.147769, 0.164878, 0.182603, 0.930679, 1, 

158,631,0.001, 0.0440817, 0.056377, 0.0625786, 0.0855144, 0.0872234, 0.101477, 0.148168, 0.207635, 0.222686, 0.225414, 0.290866, 0.338349, 0.360812, 0.486805, 0.618919, 0.749872, 0.761045, 0.79815, 0.843834, 0.85952, 0.956795, 1, 

152,755,0.001, 0.104792, 0.114905, 0.167029, 0.204664, 0.210881, 0.23582, 0.286755, 0.244813, 0.262717, 0.445377, 0.715985, 0.776274, 0.79, 0.907809, 1, 

151,887,0.001, 0.0234395, 0.0483313, 0.105856, 0.132901, 0.155358, 0.23582, 0.286755, 0.244813, 0.262717, 0.445377, 0.715985, 0.776274, 0.79, 0.907809, 1, 

Generation #7
158,631,0.001, 0.0440817, 0.056377, 0.0625786, 0.0855144, 0.0872234, 0.101477, 0.148168, 0.207635, 0.222686, 0.225414, 0.290866, 0.338349, 0.360812, 0.486805, 0.618919, 0.749872, 0.761045, 0.79815, 0.843834, 0.85952, 0.956795, 1, 

151,634,0.001, 0.0440817, 0.056377, 0.0625786, 0.0855144, 0.0872234, 0.101477, 0.148168, 0.207635, 0.222686, 0.225414, 0.290866, 0.338349, 0.360812, 0.856762, 0.907809, 1, 

144,731,0.001, 0.0234395, 0.0390873, 0.0460126, 0.10239, 0.111185, 0.134715, 0.161136, 0.234665, 0.262227, 0.262612, 0.288228, 0.29071, 0.387741, 0.387959, 0.439057, 0.598829, 0.972906, 1, 

Generation #8
151,634,0.001, 0.0440817, 0.056377, 0.0625786, 0.0855144, 0.0872234, 0.101477, 0.148168, 0.207635, 0.222686, 0.225414, 0.290866, 0.338349, 0.360812, 0.856762, 0.907809, 1, 

144,731,0.001, 0.0234395, 0.0390873, 0.0460126, 0.10239, 0.111185, 0.134715, 0.161136, 0.234665, 0.262227, 0.262612, 0.288228, 0.29071, 0.387741, 0.387959, 0.439057, 0.598829, 0.972906, 1, 

157,605,0.001, 0.0234395, 0.0390873, 0.0625786, 0.0855144, 0.0872234, 0.101477, 0.148168, 0.207635, 0.222686, 0.225414, 0.290866, 0.338349, 0.360812, 0.486805, 0.618919, 0.693188, 0.739591, 0.74851, 0.811803, 0.81528, 0.835122, 0.852807, 0.861494, 0.865938, 0.889552, 0.890887, 0.914985, 0.931487, 0.993118, 1, 

Generation #9
151,634,0.001, 0.0440817, 0.056377, 0.0625786, 0.0855144, 0.0872234, 0.101477, 0.148168, 0.207635, 0.222686, 0.225414, 0.290866, 0.338349, 0.360812, 0.856762, 0.907809, 1, 

144,731,0.001, 0.0234395, 0.0390873, 0.0460126, 0.10239, 0.111185, 0.134715, 0.161136, 0.234665, 0.262227, 0.262612, 0.288228, 0.29071, 0.387741, 0.387959, 0.439057, 0.598829, 0.972906, 1, 

157,605,0.001, 0.0234395, 0.0390873, 0.0625786, 0.0855144, 0.0872234, 0.101477, 0.148168, 0.207635, 0.222686, 0.225414, 0.290866, 0.338349, 0.360812, 0.486805, 0.618919, 0.693188, 0.739591, 0.74851, 0.811803, 0.81528, 0.835122, 0.852807, 0.861494, 0.865938, 0.889552, 0.890887, 0.914985, 0.931487, 0.993118, 1, 

Generation #10
151,634,0.001, 0.0440817, 0.056377, 0.0625786, 0.0855144, 0.0872234, 0.101477, 0.148168, 0.207635, 0.222686, 0.225414, 0.290866, 0.338349, 0.360812, 0.856762, 0.907809, 1, 

144,731,0.001, 0.0234395, 0.0390873, 0.0460126, 0.10239, 0.111185, 0.134715, 0.161136, 0.234665, 0.262227, 0.262612, 0.288228, 0.29071, 0.387741, 0.387959, 0.439057, 0.598829, 0.972906, 1, 

157,605,0.001, 0.0234395, 0.0390873, 0.0625786, 0.0855144, 0.0872234, 0.101477, 0.148168, 0.207635, 0.222686, 0.225414, 0.290866, 0.338349, 0.360812, 0.486805, 0.618919, 0.693188, 0.739591, 0.74851, 0.811803, 0.81528, 0.835122, 0.852807, 0.861494, 0.865938, 0.889552, 0.890887, 0.914985, 0.931487, 0.993118, 1, 

Generation #11
151,634,0.001, 0.0440817, 0.056377, 0.0625786, 0.0855144, 0.0872234, 0.101477, 0.148168, 0.207635, 0.222686, 0.225414, 0.290866, 0.338349, 0.360812, 0.856762, 0.907809, 1, 

144,731,0.001, 0.0234395, 0.0390873, 0.0460126, 0.10239, 0.111185, 0.134715, 0.161136, 0.234665, 0.262227, 0.262612, 0.288228, 0.29071, 0.387741, 0.387959, 0.439057, 0.598829, 0.972906, 1, 

157,605,0.001, 0.0234395, 0.0390873, 0.0625786, 0.0855144, 0.0872234, 0.101477, 0.148168, 0.207635, 0.222686, 0.225414, 0.290866, 0.338349, 0.360812, 0.486805, 0.618919, 0.693188, 0.739591, 0.74851, 0.811803, 0.81528, 0.835122, 0.852807, 0.861494, 0.865938, 0.889552, 0.890887, 0.914985, 0.931487, 0.993118, 1, 

Generation #12
151,634,0.001, 0.0440817, 0.056377, 0.0625786, 0.0855144, 0.0872234, 0.101477, 0.148168, 0.207635, 0.222686, 0.225414, 0.290866, 0.338349, 0.360812, 0.856762, 0.907809, 1, 

144,731,0.001, 0.0234395, 0.0390873, 0.0460126, 0.10239, 0.111185, 0.134715, 0.161136, 0.234665, 0.262227, 0.262612, 0.288228, 0.29071, 0.387741, 0.387959, 0.439057, 0.598829, 0.972906, 1, 

157,605,0.001, 0.0234395, 0.0390873, 0.0625786, 0.0855144, 0.0872234, 0.101477, 0.148168, 0.207635, 0.222686, 0.225414, 0.290866, 0.338349, 0.360812, 0.486805, 0.618919, 0.693188, 0.739591, 0.74851, 0.811803, 0.81528, 0.835122, 0.852807, 0.861494, 0.865938, 0.889552, 0.890887, 0.914985, 0.931487, 0.993118, 1, 

Generation #13
151,634,0.001, 0.0440817, 0.056377, 0.0625786, 0.0855144, 0.0872234, 0.101477, 0.148168, 0.207635, 0.222686, 0.225414, 0.290866, 0.338349, 0.360812, 0.856762, 0.907809, 1, 

144,731,0.001, 0.0234395, 0.0390873, 0.0460126, 0.10239, 0.111185, 0.134715, 0.161136, 0.234665, 0.262227, 0.262612, 0.288228, 0.29071, 0.387741, 0.387959, 0.439057, 0.598829, 0.972906, 1, 

157,605,0.001, 0.0234395, 0.0390873, 0.0625786, 0.0855144, 0.0872234, 0.101477, 0.148168, 0.207635, 0.222686, 0.225414, 0.290866, 0.338349, 0.360812, 0.486805, 0.618919, 0.693188, 0.739591, 0.74851, 0.811803, 0.81528, 0.835122, 0.852807, 0.861494, 0.865938, 0.889552, 0.890887, 0.914985, 0.931487, 0.993118, 1, 

Generation #14
151,634,0.001, 0.0440817, 0.056377, 0.0625786, 0.0855144, 0.0872234, 0.101477, 0.148168, 0.207635, 0.222686, 0.225414, 0.290866, 0.338349, 0.360812, 0.856762, 0.907809, 1, 

144,731,0.001, 0.0234395, 0.0390873, 0.0460126, 0.10239, 0.111185, 0.134715, 0.161136, 0.234665, 0.262227, 0.262612, 0.288228, 0.29071, 0.387741, 0.387959, 0.439057, 0.598829, 0.972906, 1, 

148,695,0.001, 0.0440817, 0.056377, 0.0625786, 0.0855144, 0.0872234, 0.101477, 0.148168, 0.207635, 0.222686, 0.225414, 0.290866, 0.715985, 0.776274, 0.79, 1, 

153,582,0.001, 0.0440817, 0.0638381, 0.223554, 0.103473, 0.112512, 0.157387, 0.207509, 0.233497, 0.34024, 0.425078, 0.623749, 0.290866, 0.715985, 0.776274, 0.79, 0.907809, 1, 

Generation #15
144,731,0.001, 0.0234395, 0.0390873, 0.0460126, 0.10239, 0.111185, 0.134715, 0.161136, 0.234665, 0.262227, 0.262612, 0.288228, 0.29071, 0.387741, 0.387959, 0.439057, 0.598829, 0.972906, 1, 

149,559,0.001, 0.0440817, 0.056377, 0.0625786, 0.0855144, 0.0872234, 0.101477, 0.148168, 0.207635, 0.222686, 0.225414, 0.290866, 0.338349, 0.360812, 0.486805, 0.618919, 0.372063, 0.739591, 0.960916, 1, 

148,631,0.001, 0.0440817, 0.056377, 0.0625786, 0.0855144, 0.0872234, 0.101477, 0.148168, 0.207635, 0.222686, 0.225414, 0.290866, 0.338349, 0.360812, 0.79, 0.907809, 1, 

Generation #16
144,731,0.001, 0.0234395, 0.0390873, 0.0460126, 0.10239, 0.111185, 0.134715, 0.161136, 0.234665, 0.262227, 0.262612, 0.288228, 0.29071, 0.387741, 0.387959, 0.439057, 0.598829, 0.972906, 1, 

149,559,0.001, 0.0440817, 0.056377, 0.0625786, 0.0855144, 0.0872234, 0.101477, 0.148168, 0.207635, 0.222686, 0.225414, 0.290866, 0.338349, 0.360812, 0.486805, 0.618919, 0.372063, 0.739591, 0.960916, 1, 

148,631,0.001, 0.0440817, 0.056377, 0.0625786, 0.0855144, 0.0872234, 0.101477, 0.148168, 0.207635, 0.222686, 0.225414, 0.290866, 0.338349, 0.360812, 0.79, 0.907809, 1, 

Generation #17
144,731,0.001, 0.0234395, 0.0390873, 0.0460126, 0.10239, 0.111185, 0.134715, 0.161136, 0.234665, 0.262227, 0.262612, 0.288228, 0.29071, 0.387741, 0.387959, 0.439057, 0.598829, 0.972906, 1, 

149,559,0.001, 0.0440817, 0.056377, 0.0625786, 0.0855144, 0.0872234, 0.101477, 0.148168, 0.207635, 0.222686, 0.225414, 0.290866, 0.338349, 0.360812, 0.486805, 0.618919, 0.372063, 0.739591, 0.960916, 1, 

148,631,0.001, 0.0440817, 0.056377, 0.0625786, 0.0855144, 0.0872234, 0.101477, 0.148168, 0.207635, 0.222686, 0.225414, 0.290866, 0.338349, 0.360812, 0.79, 0.907809, 1, 

Generation #18
144,731,0.001, 0.0234395, 0.0390873, 0.0460126, 0.10239, 0.111185, 0.134715, 0.161136, 0.234665, 0.262227, 0.262612, 0.288228, 0.29071, 0.387741, 0.387959, 0.439057, 0.598829, 0.972906, 1, 

149,559,0.001, 0.0440817, 0.056377, 0.0625786, 0.0855144, 0.0872234, 0.101477, 0.148168, 0.207635, 0.222686, 0.225414, 0.290866, 0.338349, 0.360812, 0.486805, 0.618919, 0.372063, 0.739591, 0.960916, 1, 

148,631,0.001, 0.0440817, 0.056377, 0.0625786, 0.0855144, 0.0872234, 0.101477, 0.148168, 0.207635, 0.222686, 0.225414, 0.290866, 0.338349, 0.360812, 0.79, 0.907809, 1, 

Generation #19
144,731,0.001, 0.0234395, 0.0390873, 0.0460126, 0.10239, 0.111185, 0.134715, 0.161136, 0.234665, 0.262227, 0.262612, 0.288228, 0.29071, 0.387741, 0.387959, 0.439057, 0.598829, 0.972906, 1, 

149,559,0.001, 0.0440817, 0.056377, 0.0625786, 0.0855144, 0.0872234, 0.101477, 0.148168, 0.207635, 0.222686, 0.225414, 0.290866, 0.338349, 0.360812, 0.486805, 0.618919, 0.372063, 0.739591, 0.960916, 1, 

148,631,0.001, 0.0440817, 0.056377, 0.0625786, 0.0855144, 0.0872234, 0.101477, 0.148168, 0.207635, 0.222686, 0.225414, 0.290866, 0.338349, 0.360812, 0.79, 0.907809, 1, 

163,554,0.001, 0.0440817, 0.056377, 0.0625786, 0.0855144, 0.0872234, 0.101477, 0.148168, 0.207635, 0.222686, 0.225414, 0.290866, 0.338349, 0.360812, 0.856762, 0.858627, 0.936587, 1, 

Generation #20
144,731,0.001, 0.0234395, 0.0390873, 0.0460126, 0.10239, 0.111185, 0.134715, 0.161136, 0.234665, 0.262227, 0.262612, 0.288228, 0.29071, 0.387741, 0.387959, 0.439057, 0.598829, 0.972906, 1, 

149,559,0.001, 0.0440817, 0.056377, 0.0625786, 0.0855144, 0.0872234, 0.101477, 0.148168, 0.207635, 0.222686, 0.225414, 0.290866, 0.338349, 0.360812, 0.486805, 0.618919, 0.372063, 0.739591, 0.960916, 1, 

148,631,0.001, 0.0440817, 0.056377, 0.0625786, 0.0855144, 0.0872234, 0.101477, 0.148168, 0.207635, 0.222686, 0.225414, 0.290866, 0.338349, 0.360812, 0.79, 0.907809, 1, 

163,554,0.001, 0.0440817, 0.056377, 0.0625786, 0.0855144, 0.0872234, 0.101477, 0.148168, 0.207635, 0.222686, 0.225414, 0.290866, 0.338349, 0.360812, 0.856762, 0.858627, 0.936587, 1, 

Generation #21
144,731,0.001, 0.0234395, 0.0390873, 0.0460126, 0.10239, 0.111185, 0.134715, 0.161136, 0.234665, 0.262227, 0.262612, 0.288228, 0.29071, 0.387741, 0.387959, 0.439057, 0.598829, 0.972906, 1, 

149,559,0.001, 0.0440817, 0.056377, 0.0625786, 0.0855144, 0.0872234, 0.101477, 0.148168, 0.207635, 0.222686, 0.225414, 0.290866, 0.338349, 0.360812, 0.486805, 0.618919, 0.372063, 0.739591, 0.960916, 1, 

148,631,0.001, 0.0440817, 0.056377, 0.0625786, 0.0855144, 0.0872234, 0.101477, 0.148168, 0.207635, 0.222686, 0.225414, 0.290866, 0.338349, 0.360812, 0.79, 0.907809, 1, 

163,554,0.001, 0.0440817, 0.056377, 0.0625786, 0.0855144, 0.0872234, 0.101477, 0.148168, 0.207635, 0.222686, 0.225414, 0.290866, 0.338349, 0.360812, 0.856762, 0.858627, 0.936587, 1, 

Generation #22
144,731,0.001, 0.0234395, 0.0390873, 0.0460126, 0.10239, 0.111185, 0.134715, 0.161136, 0.234665, 0.262227, 0.262612, 0.288228, 0.29071, 0.387741, 0.387959, 0.439057, 0.598829, 0.972906, 1, 

149,559,0.001, 0.0440817, 0.056377, 0.0625786, 0.0855144, 0.0872234, 0.101477, 0.148168, 0.207635, 0.222686, 0.225414, 0.290866, 0.338349, 0.360812, 0.486805, 0.618919, 0.372063, 0.739591, 0.960916, 1, 

148,631,0.001, 0.0440817, 0.056377, 0.0625786, 0.0855144, 0.0872234, 0.101477, 0.148168, 0.207635, 0.222686, 0.225414, 0.290866, 0.338349, 0.360812, 0.79, 0.907809, 1, 

163,554,0.001, 0.0440817, 0.056377, 0.0625786, 0.0855144, 0.0872234, 0.101477, 0.148168, 0.207635, 0.222686, 0.225414, 0.290866, 0.338349, 0.360812, 0.856762, 0.858627, 0.936587, 1, 

Generation #23
144,731,0.001, 0.0234395, 0.0390873, 0.0460126, 0.10239, 0.111185, 0.134715, 0.161136, 0.234665, 0.262227, 0.262612, 0.288228, 0.29071, 0.387741, 0.387959, 0.439057, 0.598829, 0.972906, 1, 

149,559,0.001, 0.0440817, 0.056377, 0.0625786, 0.0855144, 0.0872234, 0.101477, 0.148168, 0.207635, 0.222686, 0.225414, 0.290866, 0.338349, 0.360812, 0.486805, 0.618919, 0.372063, 0.739591, 0.960916, 1, 

148,631,0.001, 0.0440817, 0.056377, 0.0625786, 0.0855144, 0.0872234, 0.101477, 0.148168, 0.207635, 0.222686, 0.225414, 0.290866, 0.338349, 0.360812, 0.79, 0.907809, 1, 

163,554,0.001, 0.0440817, 0.056377, 0.0625786, 0.0855144, 0.0872234, 0.101477, 0.148168, 0.207635, 0.222686, 0.225414, 0.290866, 0.338349, 0.360812, 0.856762, 0.858627, 0.936587, 1, 

147,663,0.001, 0.0234395, 0.0390873, 0.0460126, 0.10239, 0.111185, 0.134715, 0.161136, 0.234665, 0.262227, 0.262612, 0.288228, 0.29071, 0.387741, 0.907809, 1, 

Generation #24
144,731,0.001, 0.0234395, 0.0390873, 0.0460126, 0.10239, 0.111185, 0.134715, 0.161136, 0.234665, 0.262227, 0.262612, 0.288228, 0.29071, 0.387741, 0.387959, 0.439057, 0.598829, 0.972906, 1, 

149,559,0.001, 0.0440817, 0.056377, 0.0625786, 0.0855144, 0.0872234, 0.101477, 0.148168, 0.207635, 0.222686, 0.225414, 0.290866, 0.338349, 0.360812, 0.486805, 0.618919, 0.372063, 0.739591, 0.960916, 1, 

148,631,0.001, 0.0440817, 0.056377, 0.0625786, 0.0855144, 0.0872234, 0.101477, 0.148168, 0.207635, 0.222686, 0.225414, 0.290866, 0.338349, 0.360812, 0.79, 0.907809, 1, 

163,554,0.001, 0.0440817, 0.056377, 0.0625786, 0.0855144, 0.0872234, 0.101477, 0.148168, 0.207635, 0.222686, 0.225414, 0.290866, 0.338349, 0.360812, 0.856762, 0.858627, 0.936587, 1, 

147,663,0.001, 0.0234395, 0.0390873, 0.0460126, 0.10239, 0.111185, 0.134715, 0.161136, 0.234665, 0.262227, 0.262612, 0.288228, 0.29071, 0.387741, 0.907809, 1, 

Generation #25
144,731,0.001, 0.0234395, 0.0390873, 0.0460126, 0.10239, 0.111185, 0.134715, 0.161136, 0.234665, 0.262227, 0.262612, 0.288228, 0.29071, 0.387741, 0.387959, 0.439057, 0.598829, 0.972906, 1, 

149,559,0.001, 0.0440817, 0.056377, 0.0625786, 0.0855144, 0.0872234, 0.101477, 0.148168, 0.207635, 0.222686, 0.225414, 0.290866, 0.338349, 0.360812, 0.486805, 0.618919, 0.372063, 0.739591, 0.960916, 1, 

148,631,0.001, 0.0440817, 0.056377, 0.0625786, 0.0855144, 0.0872234, 0.101477, 0.148168, 0.207635, 0.222686, 0.225414, 0.290866, 0.338349, 0.360812, 0.79, 0.907809, 1, 

163,554,0.001, 0.0440817, 0.056377, 0.0625786, 0.0855144, 0.0872234, 0.101477, 0.148168, 0.207635, 0.222686, 0.225414, 0.290866, 0.338349, 0.360812, 0.856762, 0.858627, 0.936587, 1, 

147,663,0.001, 0.0234395, 0.0390873, 0.0460126, 0.10239, 0.111185, 0.134715, 0.161136, 0.234665, 0.262227, 0.262612, 0.288228, 0.29071, 0.387741, 0.907809, 1, 

Generation #26
144,731,0.001, 0.0234395, 0.0390873, 0.0460126, 0.10239, 0.111185, 0.134715, 0.161136, 0.234665, 0.262227, 0.262612, 0.288228, 0.29071, 0.387741, 0.387959, 0.439057, 0.598829, 0.972906, 1, 

147,663,0.001, 0.0234395, 0.0390873, 0.0460126, 0.10239, 0.111185, 0.134715, 0.161136, 0.234665, 0.262227, 0.262612, 0.288228, 0.29071, 0.387741, 0.907809, 1, 

145,700,0.001, 0.0440817, 0.056377, 0.0625786, 0.0855144, 0.0872234, 0.101477, 0.161136, 0.234665, 0.262612, 0.225414, 0.290866, 0.715985, 0.776274, 0.79, 0.907809, 1, 

148,547,0.001, 0.0440817, 0.056377, 0.0625786, 0.0855144, 0.0872234, 0.101477, 0.161136, 0.234665, 0.262227, 0.262612, 0.288228, 0.29071, 0.387741, 0.907809, 1, 

Generation #27
144,731,0.001, 0.0234395, 0.0390873, 0.0460126, 0.10239, 0.111185, 0.134715, 0.161136, 0.234665, 0.262227, 0.262612, 0.288228, 0.29071, 0.387741, 0.387959, 0.439057, 0.598829, 0.972906, 1, 

148,547,0.001, 0.0440817, 0.056377, 0.0625786, 0.0855144, 0.0872234, 0.101477, 0.161136, 0.234665, 0.262227, 0.262612, 0.288228, 0.29071, 0.387741, 0.907809, 1, 

145,611,0.001, 0.0440817, 0.056377, 0.0625786, 0.0855144, 0.0872234, 0.101477, 0.148168, 0.207635, 0.222686, 0.225414, 0.290866, 0.338349, 0.360812, 0.856762, 0.858627, 0.936587, 1, 

Generation #28
144,731,0.001, 0.0234395, 0.0390873, 0.0460126, 0.10239, 0.111185, 0.134715, 0.161136, 0.234665, 0.262227, 0.262612, 0.288228, 0.29071, 0.387741, 0.387959, 0.439057, 0.598829, 0.972906, 1, 

148,547,0.001, 0.0440817, 0.056377, 0.0625786, 0.0855144, 0.0872234, 0.101477, 0.161136, 0.234665, 0.262227, 0.262612, 0.288228, 0.29071, 0.387741, 0.907809, 1, 

145,611,0.001, 0.0440817, 0.056377, 0.0625786, 0.0855144, 0.0872234, 0.101477, 0.148168, 0.207635, 0.222686, 0.225414, 0.290866, 0.338349, 0.360812, 0.856762, 0.858627, 0.936587, 1, 

Generation #29
144,731,0.001, 0.0234395, 0.0390873, 0.0460126, 0.10239, 0.111185, 0.134715, 0.161136, 0.234665, 0.262227, 0.262612, 0.288228, 0.29071, 0.387741, 0.387959, 0.439057, 0.598829, 0.972906, 1, 

148,547,0.001, 0.0440817, 0.056377, 0.0625786, 0.0855144, 0.0872234, 0.101477, 0.161136, 0.234665, 0.262227, 0.262612, 0.288228, 0.29071, 0.387741, 0.907809, 1, 

145,611,0.001, 0.0440817, 0.056377, 0.0625786, 0.0855144, 0.0872234, 0.101477, 0.148168, 0.207635, 0.222686, 0.225414, 0.290866, 0.338349, 0.360812, 0.856762, 0.858627, 0.936587, 1, 

Generation #30
144,731,0.001, 0.0234395, 0.0390873, 0.0460126, 0.10239, 0.111185, 0.134715, 0.161136, 0.234665, 0.262227, 0.262612, 0.288228, 0.29071, 0.387741, 0.387959, 0.439057, 0.598829, 0.972906, 1, 

148,547,0.001, 0.0440817, 0.056377, 0.0625786, 0.0855144, 0.0872234, 0.101477, 0.161136, 0.234665, 0.262227, 0.262612, 0.288228, 0.29071, 0.387741, 0.907809, 1, 

145,611,0.001, 0.0440817, 0.056377, 0.0625786, 0.0855144, 0.0872234, 0.101477, 0.148168, 0.207635, 0.222686, 0.225414, 0.290866, 0.338349, 0.360812, 0.856762, 0.858627, 0.936587, 1, 

Generation #31
144,731,0.001, 0.0234395, 0.0390873, 0.0460126, 0.10239, 0.111185, 0.134715, 0.161136, 0.234665, 0.262227, 0.262612, 0.288228, 0.29071, 0.387741, 0.387959, 0.439057, 0.598829, 0.972906, 1, 

148,547,0.001, 0.0440817, 0.056377, 0.0625786, 0.0855144, 0.0872234, 0.101477, 0.161136, 0.234665, 0.262227, 0.262612, 0.288228, 0.29071, 0.387741, 0.907809, 1, 

145,611,0.001, 0.0440817, 0.056377, 0.0625786, 0.0855144, 0.0872234, 0.101477, 0.148168, 0.207635, 0.222686, 0.225414, 0.290866, 0.338349, 0.360812, 0.856762, 0.858627, 0.936587, 1, 

163,538,0.001, 0.0440817, 0.056377, 0.0625786, 0.0855144, 0.0872234, 0.101477, 0.148168, 0.207635, 0.222686, 0.225414, 0.290866, 0.338349, 0.360812, 0.856762, 0.907809, 1, 

Generation #32
144,731,0.001, 0.0234395, 0.0390873, 0.0460126, 0.10239, 0.111185, 0.134715, 0.161136, 0.234665, 0.262227, 0.262612, 0.288228, 0.29071, 0.387741, 0.387959, 0.439057, 0.598829, 0.972906, 1, 

148,547,0.001, 0.0440817, 0.056377, 0.0625786, 0.0855144, 0.0872234, 0.101477, 0.161136, 0.234665, 0.262227, 0.262612, 0.288228, 0.29071, 0.387741, 0.907809, 1, 

145,611,0.001, 0.0440817, 0.056377, 0.0625786, 0.0855144, 0.0872234, 0.101477, 0.148168, 0.207635, 0.222686, 0.225414, 0.290866, 0.338349, 0.360812, 0.856762, 0.858627, 0.936587, 1, 

163,538,0.001, 0.0440817, 0.056377, 0.0625786, 0.0855144, 0.0872234, 0.101477, 0.148168, 0.207635, 0.222686, 0.225414, 0.290866, 0.338349, 0.360812, 0.856762, 0.907809, 1, 

Generation #33
144,731,0.001, 0.0234395, 0.0390873, 0.0460126, 0.10239, 0.111185, 0.134715, 0.161136, 0.234665, 0.262227, 0.262612, 0.288228, 0.29071, 0.387741, 0.387959, 0.439057, 0.598829, 0.972906, 1, 

148,547,0.001, 0.0440817, 0.056377, 0.0625786, 0.0855144, 0.0872234, 0.101477, 0.161136, 0.234665, 0.262227, 0.262612, 0.288228, 0.29071, 0.387741, 0.907809, 1, 

145,611,0.001, 0.0440817, 0.056377, 0.0625786, 0.0855144, 0.0872234, 0.101477, 0.148168, 0.207635, 0.222686, 0.225414, 0.290866, 0.338349, 0.360812, 0.856762, 0.858627, 0.936587, 1, 

163,538,0.001, 0.0440817, 0.056377, 0.0625786, 0.0855144, 0.0872234, 0.101477, 0.148168, 0.207635, 0.222686, 0.225414, 0.290866, 0.338349, 0.360812, 0.856762, 0.907809, 1, 

Generation #34
144,731,0.001, 0.0234395, 0.0390873, 0.0460126, 0.10239, 0.111185, 0.134715, 0.161136, 0.234665, 0.262227, 0.262612, 0.288228, 0.29071, 0.387741, 0.387959, 0.439057, 0.598829, 0.972906, 1, 

148,547,0.001, 0.0440817, 0.056377, 0.0625786, 0.0855144, 0.0872234, 0.101477, 0.161136, 0.234665, 0.262227, 0.262612, 0.288228, 0.29071, 0.387741, 0.907809, 1, 

145,611,0.001, 0.0440817, 0.056377, 0.0625786, 0.0855144, 0.0872234, 0.101477, 0.148168, 0.207635, 0.222686, 0.225414, 0.290866, 0.338349, 0.360812, 0.856762, 0.858627, 0.936587, 1, 

163,538,0.001, 0.0440817, 0.056377, 0.0625786, 0.0855144, 0.0872234, 0.101477, 0.148168, 0.207635, 0.222686, 0.225414, 0.290866, 0.338349, 0.360812, 0.856762, 0.907809, 1, 

Generation #35
144,731,0.001, 0.0234395, 0.0390873, 0.0460126, 0.10239, 0.111185, 0.134715, 0.161136, 0.234665, 0.262227, 0.262612, 0.288228, 0.29071, 0.387741, 0.387959, 0.439057, 0.598829, 0.972906, 1, 

148,547,0.001, 0.0440817, 0.056377, 0.0625786, 0.0855144, 0.0872234, 0.101477, 0.161136, 0.234665, 0.262227, 0.262612, 0.288228, 0.29071, 0.387741, 0.907809, 1, 

145,611,0.001, 0.0440817, 0.056377, 0.0625786, 0.0855144, 0.0872234, 0.101477, 0.148168, 0.207635, 0.222686, 0.225414, 0.290866, 0.338349, 0.360812, 0.856762, 0.858627, 0.936587, 1, 

163,538,0.001, 0.0440817, 0.056377, 0.0625786, 0.0855144, 0.0872234, 0.101477, 0.148168, 0.207635, 0.222686, 0.225414, 0.290866, 0.338349, 0.360812, 0.856762, 0.907809, 1, 

Generation #36
144,731,0.001, 0.0234395, 0.0390873, 0.0460126, 0.10239, 0.111185, 0.134715, 0.161136, 0.234665, 0.262227, 0.262612, 0.288228, 0.29071, 0.387741, 0.387959, 0.439057, 0.598829, 0.972906, 1, 

148,547,0.001, 0.0440817, 0.056377, 0.0625786, 0.0855144, 0.0872234, 0.101477, 0.161136, 0.234665, 0.262227, 0.262612, 0.288228, 0.29071, 0.387741, 0.907809, 1, 

145,611,0.001, 0.0440817, 0.056377, 0.0625786, 0.0855144, 0.0872234, 0.101477, 0.148168, 0.207635, 0.222686, 0.225414, 0.290866, 0.338349, 0.360812, 0.856762, 0.858627, 0.936587, 1, 

159,527,0.001, 0.0440817, 0.056377, 0.0625786, 0.0855144, 0.0872234, 0.101477, 0.148168, 0.207635, 0.222686, 0.225414, 0.290866, 0.338349, 0.360812, 0.856762, 1, 

Generation #37
144,731,0.001, 0.0234395, 0.0390873, 0.0460126, 0.10239, 0.111185, 0.134715, 0.161136, 0.234665, 0.262227, 0.262612, 0.288228, 0.29071, 0.387741, 0.387959, 0.439057, 0.598829, 0.972906, 1, 

148,547,0.001, 0.0440817, 0.056377, 0.0625786, 0.0855144, 0.0872234, 0.101477, 0.161136, 0.234665, 0.262227, 0.262612, 0.288228, 0.29071, 0.387741, 0.907809, 1, 

145,611,0.001, 0.0440817, 0.056377, 0.0625786, 0.0855144, 0.0872234, 0.101477, 0.148168, 0.207635, 0.222686, 0.225414, 0.290866, 0.338349, 0.360812, 0.856762, 0.858627, 0.936587, 1, 

159,527,0.001, 0.0440817, 0.056377, 0.0625786, 0.0855144, 0.0872234, 0.101477, 0.148168, 0.207635, 0.222686, 0.225414, 0.290866, 0.338349, 0.360812, 0.856762, 1, 

Generation #38
144,731,0.001, 0.0234395, 0.0390873, 0.0460126, 0.10239, 0.111185, 0.134715, 0.161136, 0.234665, 0.262227, 0.262612, 0.288228, 0.29071, 0.387741, 0.387959, 0.439057, 0.598829, 0.972906, 1, 

148,547,0.001, 0.0440817, 0.056377, 0.0625786, 0.0855144, 0.0872234, 0.101477, 0.161136, 0.234665, 0.262227, 0.262612, 0.288228, 0.29071, 0.387741, 0.907809, 1, 

145,611,0.001, 0.0440817, 0.056377, 0.0625786, 0.0855144, 0.0872234, 0.101477, 0.148168, 0.207635, 0.222686, 0.225414, 0.290866, 0.338349, 0.360812, 0.856762, 0.858627, 0.936587, 1, 

159,527,0.001, 0.0440817, 0.056377, 0.0625786, 0.0855144, 0.0872234, 0.101477, 0.148168, 0.207635, 0.222686, 0.225414, 0.290866, 0.338349, 0.360812, 0.856762, 1, 

153,544,0.001, 0.0440817, 0.056377, 0.0625786, 0.0855144, 0.0872234, 0.101477, 0.148168, 0.207635, 0.222686, 0.225414, 0.290866, 0.349698, 0.79, 0.907809, 0.907809, 1, 

Generation #39
144,731,0.001, 0.0234395, 0.0390873, 0.0460126, 0.10239, 0.111185, 0.134715, 0.161136, 0.234665, 0.262227, 0.262612, 0.288228, 0.29071, 0.387741, 0.387959, 0.439057, 0.598829, 0.972906, 1, 

148,547,0.001, 0.0440817, 0.056377, 0.0625786, 0.0855144, 0.0872234, 0.101477, 0.161136, 0.234665, 0.262227, 0.262612, 0.288228, 0.29071, 0.387741, 0.907809, 1, 

145,611,0.001, 0.0440817, 0.056377, 0.0625786, 0.0855144, 0.0872234, 0.101477, 0.148168, 0.207635, 0.222686, 0.225414, 0.290866, 0.338349, 0.360812, 0.856762, 0.858627, 0.936587, 1, 

159,527,0.001, 0.0440817, 0.056377, 0.0625786, 0.0855144, 0.0872234, 0.101477, 0.148168, 0.207635, 0.222686, 0.225414, 0.290866, 0.338349, 0.360812, 0.856762, 1, 

153,544,0.001, 0.0440817, 0.056377, 0.0625786, 0.0855144, 0.0872234, 0.101477, 0.148168, 0.207635, 0.222686, 0.225414, 0.290866, 0.349698, 0.79, 0.907809, 0.907809, 1, 

Generation #40
144,731,0.001, 0.0234395, 0.0390873, 0.0460126, 0.10239, 0.111185, 0.134715, 0.161136, 0.234665, 0.262227, 0.262612, 0.288228, 0.29071, 0.387741, 0.387959, 0.439057, 0.598829, 0.972906, 1, 

148,547,0.001, 0.0440817, 0.056377, 0.0625786, 0.0855144, 0.0872234, 0.101477, 0.161136, 0.234665, 0.262227, 0.262612, 0.288228, 0.29071, 0.387741, 0.907809, 1, 

145,611,0.001, 0.0440817, 0.056377, 0.0625786, 0.0855144, 0.0872234, 0.101477, 0.148168, 0.207635, 0.222686, 0.225414, 0.290866, 0.338349, 0.360812, 0.856762, 0.858627, 0.936587, 1, 

159,527,0.001, 0.0440817, 0.056377, 0.0625786, 0.0855144, 0.0872234, 0.101477, 0.148168, 0.207635, 0.222686, 0.225414, 0.290866, 0.338349, 0.360812, 0.856762, 1, 

153,544,0.001, 0.0440817, 0.056377, 0.0625786, 0.0855144, 0.0872234, 0.101477, 0.148168, 0.207635, 0.222686, 0.225414, 0.290866, 0.349698, 0.79, 0.907809, 0.907809, 1, 

Generation #41
144,731,0.001, 0.0234395, 0.0390873, 0.0460126, 0.10239, 0.111185, 0.134715, 0.161136, 0.234665, 0.262227, 0.262612, 0.288228, 0.29071, 0.387741, 0.387959, 0.439057, 0.598829, 0.972906, 1, 

148,547,0.001, 0.0440817, 0.056377, 0.0625786, 0.0855144, 0.0872234, 0.101477, 0.161136, 0.234665, 0.262227, 0.262612, 0.288228, 0.29071, 0.387741, 0.907809, 1, 

145,611,0.001, 0.0440817, 0.056377, 0.0625786, 0.0855144, 0.0872234, 0.101477, 0.148168, 0.207635, 0.222686, 0.225414, 0.290866, 0.338349, 0.360812, 0.856762, 0.858627, 0.936587, 1, 

159,527,0.001, 0.0440817, 0.056377, 0.0625786, 0.0855144, 0.0872234, 0.101477, 0.148168, 0.207635, 0.222686, 0.225414, 0.290866, 0.338349, 0.360812, 0.856762, 1, 

153,544,0.001, 0.0440817, 0.056377, 0.0625786, 0.0855144, 0.0872234, 0.101477, 0.148168, 0.207635, 0.222686, 0.225414, 0.290866, 0.349698, 0.79, 0.907809, 0.907809, 1, 

Generation #42
148,547,0.001, 0.0440817, 0.056377, 0.0625786, 0.0855144, 0.0872234, 0.101477, 0.161136, 0.234665, 0.262227, 0.262612, 0.288228, 0.29071, 0.387741, 0.907809, 1, 

145,611,0.001, 0.0440817, 0.056377, 0.0625786, 0.0855144, 0.0872234, 0.101477, 0.148168, 0.207635, 0.222686, 0.225414, 0.290866, 0.338349, 0.360812, 0.856762, 0.858627, 0.936587, 1, 

159,527,0.001, 0.0440817, 0.056377, 0.0625786, 0.0855144, 0.0872234, 0.101477, 0.148168, 0.207635, 0.222686, 0.225414, 0.290866, 0.338349, 0.360812, 0.856762, 1, 

153,544,0.001, 0.0440817, 0.056377, 0.0625786, 0.0855144, 0.0872234, 0.101477, 0.148168, 0.207635, 0.222686, 0.225414, 0.290866, 0.349698, 0.79, 0.907809, 0.907809, 1, 

144,651,0.001, 0.001, 0.0440817, 0.056377, 0.0625786, 0.0855144, 0.0872234, 0.101477, 0.148168, 0.207635, 0.222686, 0.225414, 0.290866, 0.338349, 0.360812, 0.856762, 0.907809, 1, 

Generation #43
148,547,0.001, 0.0440817, 0.056377, 0.0625786, 0.0855144, 0.0872234, 0.101477, 0.161136, 0.234665, 0.262227, 0.262612, 0.288228, 0.29071, 0.387741, 0.907809, 1, 

145,611,0.001, 0.0440817, 0.056377, 0.0625786, 0.0855144, 0.0872234, 0.101477, 0.148168, 0.207635, 0.222686, 0.225414, 0.290866, 0.338349, 0.360812, 0.856762, 0.858627, 0.936587, 1, 

159,527,0.001, 0.0440817, 0.056377, 0.0625786, 0.0855144, 0.0872234, 0.101477, 0.148168, 0.207635, 0.222686, 0.225414, 0.290866, 0.338349, 0.360812, 0.856762, 1, 

153,544,0.001, 0.0440817, 0.056377, 0.0625786, 0.0855144, 0.0872234, 0.101477, 0.148168, 0.207635, 0.222686, 0.225414, 0.290866, 0.349698, 0.79, 0.907809, 0.907809, 1, 

144,651,0.001, 0.001, 0.0440817, 0.056377, 0.0625786, 0.0855144, 0.0872234, 0.101477, 0.148168, 0.207635, 0.222686, 0.225414, 0.290866, 0.338349, 0.360812, 0.856762, 0.907809, 1, 

Generation #44
148,547,0.001, 0.0440817, 0.056377, 0.0625786, 0.0855144, 0.0872234, 0.101477, 0.161136, 0.234665, 0.262227, 0.262612, 0.288228, 0.29071, 0.387741, 0.907809, 1, 

145,611,0.001, 0.0440817, 0.056377, 0.0625786, 0.0855144, 0.0872234, 0.101477, 0.148168, 0.207635, 0.222686, 0.225414, 0.290866, 0.338349, 0.360812, 0.856762, 0.858627, 0.936587, 1, 

159,527,0.001, 0.0440817, 0.056377, 0.0625786, 0.0855144, 0.0872234, 0.101477, 0.148168, 0.207635, 0.222686, 0.225414, 0.290866, 0.338349, 0.360812, 0.856762, 1, 

153,544,0.001, 0.0440817, 0.056377, 0.0625786, 0.0855144, 0.0872234, 0.101477, 0.148168, 0.207635, 0.222686, 0.225414, 0.290866, 0.349698, 0.79, 0.907809, 0.907809, 1, 

144,651,0.001, 0.001, 0.0440817, 0.056377, 0.0625786, 0.0855144, 0.0872234, 0.101477, 0.148168, 0.207635, 0.222686, 0.225414, 0.290866, 0.338349, 0.360812, 0.856762, 0.907809, 1, 

Generation #45
148,547,0.001, 0.0440817, 0.056377, 0.0625786, 0.0855144, 0.0872234, 0.101477, 0.161136, 0.234665, 0.262227, 0.262612, 0.288228, 0.29071, 0.387741, 0.907809, 1, 

145,611,0.001, 0.0440817, 0.056377, 0.0625786, 0.0855144, 0.0872234, 0.101477, 0.148168, 0.207635, 0.222686, 0.225414, 0.290866, 0.338349, 0.360812, 0.856762, 0.858627, 0.936587, 1, 

159,527,0.001, 0.0440817, 0.056377, 0.0625786, 0.0855144, 0.0872234, 0.101477, 0.148168, 0.207635, 0.222686, 0.225414, 0.290866, 0.338349, 0.360812, 0.856762, 1, 

153,544,0.001, 0.0440817, 0.056377, 0.0625786, 0.0855144, 0.0872234, 0.101477, 0.148168, 0.207635, 0.222686, 0.225414, 0.290866, 0.349698, 0.79, 0.907809, 0.907809, 1, 

144,651,0.001, 0.001, 0.0440817, 0.056377, 0.0625786, 0.0855144, 0.0872234, 0.101477, 0.148168, 0.207635, 0.222686, 0.225414, 0.290866, 0.338349, 0.360812, 0.856762, 0.907809, 1, 

Generation #46
148,547,0.001, 0.0440817, 0.056377, 0.0625786, 0.0855144, 0.0872234, 0.101477, 0.161136, 0.234665, 0.262227, 0.262612, 0.288228, 0.29071, 0.387741, 0.907809, 1, 

145,611,0.001, 0.0440817, 0.056377, 0.0625786, 0.0855144, 0.0872234, 0.101477, 0.148168, 0.207635, 0.222686, 0.225414, 0.290866, 0.338349, 0.360812, 0.856762, 0.858627, 0.936587, 1, 

159,527,0.001, 0.0440817, 0.056377, 0.0625786, 0.0855144, 0.0872234, 0.101477, 0.148168, 0.207635, 0.222686, 0.225414, 0.290866, 0.338349, 0.360812, 0.856762, 1, 

153,544,0.001, 0.0440817, 0.056377, 0.0625786, 0.0855144, 0.0872234, 0.101477, 0.148168, 0.207635, 0.222686, 0.225414, 0.290866, 0.349698, 0.79, 0.907809, 0.907809, 1, 

144,651,0.001, 0.001, 0.0440817, 0.056377, 0.0625786, 0.0855144, 0.0872234, 0.101477, 0.148168, 0.207635, 0.222686, 0.225414, 0.290866, 0.338349, 0.360812, 0.856762, 0.907809, 1, 

Generation #47
148,547,0.001, 0.0440817, 0.056377, 0.0625786, 0.0855144, 0.0872234, 0.101477, 0.161136, 0.234665, 0.262227, 0.262612, 0.288228, 0.29071, 0.387741, 0.907809, 1, 

145,611,0.001, 0.0440817, 0.056377, 0.0625786, 0.0855144, 0.0872234, 0.101477, 0.148168, 0.207635, 0.222686, 0.225414, 0.290866, 0.338349, 0.360812, 0.856762, 0.858627, 0.936587, 1, 

159,527,0.001, 0.0440817, 0.056377, 0.0625786, 0.0855144, 0.0872234, 0.101477, 0.148168, 0.207635, 0.222686, 0.225414, 0.290866, 0.338349, 0.360812, 0.856762, 1, 

153,544,0.001, 0.0440817, 0.056377, 0.0625786, 0.0855144, 0.0872234, 0.101477, 0.148168, 0.207635, 0.222686, 0.225414, 0.290866, 0.349698, 0.79, 0.907809, 0.907809, 1, 

144,651,0.001, 0.001, 0.0440817, 0.056377, 0.0625786, 0.0855144, 0.0872234, 0.101477, 0.148168, 0.207635, 0.222686, 0.225414, 0.290866, 0.338349, 0.360812, 0.856762, 0.907809, 1, 

Generation #48
148,547,0.001, 0.0440817, 0.056377, 0.0625786, 0.0855144, 0.0872234, 0.101477, 0.161136, 0.234665, 0.262227, 0.262612, 0.288228, 0.29071, 0.387741, 0.907809, 1, 

159,527,0.001, 0.0440817, 0.056377, 0.0625786, 0.0855144, 0.0872234, 0.101477, 0.148168, 0.207635, 0.222686, 0.225414, 0.290866, 0.338349, 0.360812, 0.856762, 1, 

153,544,0.001, 0.0440817, 0.056377, 0.0625786, 0.0855144, 0.0872234, 0.101477, 0.148168, 0.207635, 0.222686, 0.225414, 0.290866, 0.349698, 0.79, 0.907809, 0.907809, 1, 

144,651,0.001, 0.001, 0.0440817, 0.056377, 0.0625786, 0.0855144, 0.0872234, 0.101477, 0.148168, 0.207635, 0.222686, 0.225414, 0.290866, 0.338349, 0.360812, 0.856762, 0.907809, 1, 

145,606,0.001, 0.0440817, 0.056377, 0.056377, 0.0625786, 0.0855144, 0.0872234, 0.238825, 0.148168, 0.207635, 0.222686, 0.225414, 0.290866, 0.360812, 0.856762, 0.907809, 1, 

Generation #49
148,547,0.001, 0.0440817, 0.056377, 0.0625786, 0.0855144, 0.0872234, 0.101477, 0.161136, 0.234665, 0.262227, 0.262612, 0.288228, 0.29071, 0.387741, 0.907809, 1, 

159,527,0.001, 0.0440817, 0.056377, 0.0625786, 0.0855144, 0.0872234, 0.101477, 0.148168, 0.207635, 0.222686, 0.225414, 0.290866, 0.338349, 0.360812, 0.856762, 1, 

153,544,0.001, 0.0440817, 0.056377, 0.0625786, 0.0855144, 0.0872234, 0.101477, 0.148168, 0.207635, 0.222686, 0.225414, 0.290866, 0.349698, 0.79, 0.907809, 0.907809, 1, 

144,651,0.001, 0.001, 0.0440817, 0.056377, 0.0625786, 0.0855144, 0.0872234, 0.101477, 0.148168, 0.207635, 0.222686, 0.225414, 0.290866, 0.338349, 0.360812, 0.856762, 0.907809, 1, 

145,606,0.001, 0.0440817, 0.056377, 0.056377, 0.0625786, 0.0855144, 0.0872234, 0.238825, 0.148168, 0.207635, 0.222686, 0.225414, 0.290866, 0.360812, 0.856762, 0.907809, 1, 

--- Pareto Front Solutions ---
Solution 0: N total=258 (N_initial=110, N_added=148), Time total=559 ms, Saved to: ./results/TCAS_t2_l1_pareto_0.csv, percents=0.001, 0.0440817, 0.056377, 0.0625786, 0.0855144, 0.0872234, 0.101477, 0.161136, 0.234665, 0.262227, 0.262612, 0.288228, 0.29071, 0.387741, 0.907809, 1, 

Solution 1: N total=269 (N_initial=110, N_added=159), Time total=539 ms, Saved to: ./results/TCAS_t2_l1_pareto_1.csv, percents=0.001, 0.0440817, 0.056377, 0.0625786, 0.0855144, 0.0872234, 0.101477, 0.148168, 0.207635, 0.222686, 0.225414, 0.290866, 0.338349, 0.360812, 0.856762, 1, 

Solution 2: N total=263 (N_initial=110, N_added=153), Time total=556 ms, Saved to: ./results/TCAS_t2_l1_pareto_2.csv, percents=0.001, 0.0440817, 0.056377, 0.0625786, 0.0855144, 0.0872234, 0.101477, 0.148168, 0.207635, 0.222686, 0.225414, 0.290866, 0.349698, 0.79, 0.907809, 0.907809, 1, 

Solution 3: N total=254 (N_initial=110, N_added=144), Time total=663 ms, Saved to: ./results/TCAS_t2_l1_pareto_3.csv, percents=0.001, 0.001, 0.0440817, 0.056377, 0.0625786, 0.0855144, 0.0872234, 0.101477, 0.148168, 0.207635, 0.222686, 0.225414, 0.290866, 0.338349, 0.360812, 0.856762, 0.907809, 1, 

Solution 4: N total=255 (N_initial=110, N_added=145), Time total=618 ms, Saved to: ./results/TCAS_t2_l1_pareto_4.csv, percents=0.001, 0.0440817, 0.056377, 0.056377, 0.0625786, 0.0855144, 0.0872234, 0.238825, 0.148168, 0.207635, 0.222686, 0.225414, 0.290866, 0.360812, 0.856762, 0.907809, 1, 

------------d=1, t=2, lambda=2, filename=./evaluation/TCAS/TCAS_2_2.csv------------
Computing partitioned counts of d-sets...
Ready to look at pairs based on partitioned counts...
First Stage N=200, Time=15
There are 0 remaining non-locating pairs
Array is already valid. Saved initial array to ./TCAS_t2_l2_final.csv
