------------d=1, t=2, lambda=1, filename=./evaluation/Wireless/Wireless_2_1.csv------------
Grouping d-sets by partitioned row counts for detecting arrays...
Ready to look at pairs for detecting arrays...
First Stage N=45, Time=19
There are 57665 remaining non-locating pairs
--- Running GA Algorithm (phase2) ---
Running GA with std::execution::par
Generation #0
77,7042,0.001, 0.0947605, 0.142012, 0.179778, 0.189462, 0.191137, 0.191838, 0.388656, 0.457753, 0.581852, 0.66415, 0.680059, 0.821016, 0.853868, 0.979439, 1, 

78,5638,0.001, 0.0537338, 0.106666, 0.111303, 0.348809, 0.39629, 0.452333, 0.476821, 0.529451, 0.635177, 0.648952, 0.726148, 0.943837, 0.951523, 1, 

80,5042,0.001, 0.0481836, 0.152529, 0.166563, 0.215614, 0.315211, 0.339545, 0.375901, 0.401264, 0.44847, 0.484486, 0.49426, 0.494827, 0.552829, 0.584441, 0.674566, 0.701407, 0.949534, 1, 

75,8526,0.001, 0.0970704, 0.133815, 0.193307, 0.314824, 0.330009, 0.392028, 0.397921, 0.422169, 0.783244, 0.803073, 0.930679, 1, 

81,2909,0.001, 0.0219461, 0.0261442, 0.0262016, 0.0663368, 0.100799, 0.164494, 0.217953, 0.230267, 0.239707, 0.475426, 0.477239, 0.511489, 0.606937, 0.610299, 0.685118, 0.749872, 0.761045, 0.79815, 0.843834, 0.85952, 0.956795, 1, 

79,5260,0.001, 0.0498482, 0.216652, 0.249468, 0.280081, 0.356849, 0.456092, 0.578588, 0.814896, 0.815772, 0.872318, 0.886671, 0.887786, 1, 

Generation #1
77,2216,0.001, 0.0234395, 0.0390873, 0.0460126, 0.10239, 0.111185, 0.134715, 0.673079, 0.81168, 0.95616, 0.981794, 1, 

85,1844,0.001, 0.0141455, 0.0261442, 0.0262016, 0.0663368, 0.100799, 0.164494, 0.217953, 0.230267, 0.241732, 0.239707, 0.475426, 0.477239, 0.511489, 0.606937, 0.610299, 0.685118, 0.749872, 0.761045, 0.79815, 0.843834, 0.85952, 0.956795, 1, 

76,3640,0.001, 0.0485364, 0.0638381, 0.103473, 0.112512, 0.157387, 0.207509, 0.233497, 0.607083, 0.793639, 0.806633, 1, 

74,4114,0.001, 0.0372068, 0.177359, 0.178224, 0.230609, 0.666923, 0.687387, 0.775528, 0.797689, 0.831146, 0.990146, 1, 

80,1886,0.001, 0.017851, 0.0501659, 0.0513067, 0.110065, 0.137015, 0.159559, 0.187127, 0.248876, 0.279032, 0.872318, 0.886671, 0.887786, 1, 

Generation #2
80,1886,0.001, 0.017851, 0.0501659, 0.0513067, 0.110065, 0.137015, 0.159559, 0.187127, 0.248876, 0.279032, 0.872318, 0.886671, 0.887786, 1, 

88,1437,0.001, 0.0141455, 0.0261442, 0.0262016, 0.0663368, 0.100799, 0.384272, 0.398746, 0.406522, 0.411488, 0.433461, 0.433551, 0.493331, 0.507902, 0.615309, 0.620292, 0.721936, 0.814797, 0.83034, 0.837444, 0.856044, 0.868252, 0.884987, 0.890126, 0.900344, 0.906499, 0.912456, 0.924935, 0.976836, 0.979804, 1, 

71,2315,0.001, 0.0340047, 0.0418319, 0.0980574, 0.126465, 0.20244, 0.211292, 0.212053, 0.264579, 0.275149, 0.356605, 0.930679, 1, 

83,1728,0.001, 0.0110509, 0.0391854, 0.0928903, 0.129683, 0.148351, 0.15305, 0.161136, 0.234665, 0.262227, 0.262612, 0.288228, 0.29071, 0.387741, 0.551207, 0.439057, 0.598829, 0.761045, 0.79815, 0.843834, 0.85952, 0.956795, 1, 

73,1941,0.001, 0.017851, 0.0501659, 0.0513067, 0.110065, 0.432095, 0.499694, 0.775528, 0.797689, 0.831146, 0.990146, 1, 

Generation #3
88,1437,0.001, 0.0141455, 0.0261442, 0.0262016, 0.0663368, 0.100799, 0.384272, 0.398746, 0.406522, 0.411488, 0.433461, 0.433551, 0.493331, 0.507902, 0.615309, 0.620292, 0.721936, 0.814797, 0.83034, 0.837444, 0.856044, 0.868252, 0.884987, 0.890126, 0.900344, 0.906499, 0.912456, 0.924935, 0.976836, 0.979804, 1, 

71,2315,0.001, 0.0340047, 0.0418319, 0.0980574, 0.126465, 0.20244, 0.211292, 0.212053, 0.264579, 0.275149, 0.356605, 0.930679, 1, 

83,1728,0.001, 0.0110509, 0.0391854, 0.0928903, 0.129683, 0.148351, 0.15305, 0.161136, 0.234665, 0.262227, 0.262612, 0.288228, 0.29071, 0.387741, 0.551207, 0.439057, 0.598829, 0.761045, 0.79815, 0.843834, 0.85952, 0.956795, 1, 

73,1941,0.001, 0.017851, 0.0501659, 0.0513067, 0.110065, 0.432095, 0.499694, 0.775528, 0.797689, 0.831146, 0.990146, 1, 

77,1846,0.001, 0.0219461, 0.0261442, 0.0262016, 0.0663368, 0.100799, 0.207509, 0.233497, 0.34024, 0.425078, 0.623749, 0.642961, 0.77327, 0.821051, 0.86027, 1, 

Generation #4
88,1437,0.001, 0.0141455, 0.0261442, 0.0262016, 0.0663368, 0.100799, 0.384272, 0.398746, 0.406522, 0.411488, 0.433461, 0.433551, 0.493331, 0.507902, 0.615309, 0.620292, 0.721936, 0.814797, 0.83034, 0.837444, 0.856044, 0.868252, 0.884987, 0.890126, 0.900344, 0.906499, 0.912456, 0.924935, 0.976836, 0.979804, 1, 

71,2315,0.001, 0.0340047, 0.0418319, 0.0980574, 0.126465, 0.20244, 0.211292, 0.212053, 0.264579, 0.275149, 0.356605, 0.930679, 1, 

73,1941,0.001, 0.017851, 0.0501659, 0.0513067, 0.110065, 0.432095, 0.499694, 0.775528, 0.797689, 0.831146, 0.990146, 1, 

77,1846,0.001, 0.0219461, 0.0261442, 0.0262016, 0.0663368, 0.100799, 0.207509, 0.233497, 0.34024, 0.425078, 0.623749, 0.642961, 0.77327, 0.821051, 0.86027, 1, 

79,1524,0.001, 0.0141455, 0.0261442, 0.0262016, 0.0663368, 0.100799, 0.164494, 0.217953, 0.230267, 0.241732, 0.239707, 0.475426, 0.921933, 0.943669, 0.978421, 1, 

72,2204,0.001, 0.0219461, 0.0261442, 0.0262016, 0.0663368, 0.100799, 0.384272, 0.398746, 0.673079, 0.950905, 0.999048, 1, 

74,1880,0.001, 0.0110509, 0.0391854, 0.0928903, 0.129683, 0.148351, 0.207509, 0.233497, 0.607083, 0.793639, 0.948183, 1, 

Generation #5
88,1437,0.001, 0.0141455, 0.0261442, 0.0262016, 0.0663368, 0.100799, 0.384272, 0.398746, 0.406522, 0.411488, 0.433461, 0.433551, 0.493331, 0.507902, 0.615309, 0.620292, 0.721936, 0.814797, 0.83034, 0.837444, 0.856044, 0.868252, 0.884987, 0.890126, 0.900344, 0.906499, 0.912456, 0.924935, 0.976836, 0.979804, 1, 

73,1941,0.001, 0.017851, 0.0501659, 0.0513067, 0.110065, 0.432095, 0.499694, 0.775528, 0.797689, 0.831146, 0.990146, 1, 

79,1524,0.001, 0.0141455, 0.0261442, 0.0262016, 0.0663368, 0.100799, 0.164494, 0.217953, 0.230267, 0.241732, 0.239707, 0.475426, 0.921933, 0.943669, 0.978421, 1, 

72,2073,0.001, 0.0141455, 0.0261442, 0.040253, 0.075425, 0.14546, 0.153692, 0.461979, 0.480012, 0.650595, 0.662716, 1, 

74,1855,0.001, 0.0141455, 0.0261442, 0.0262016, 0.0663368, 0.100799, 0.384272, 0.398746, 0.406522, 0.411488, 0.872318, 0.886671, 0.887786, 1, 

75,1831,0.001, 0.0110509, 0.0391854, 0.0928903, 0.129683, 0.148351, 0.15305, 0.161136, 0.234665, 0.95616, 0.981794, 0.930679, 1, 

77,1715,0.001, 0.0141455, 0.0501659, 0.0513067, 0.110065, 0.137015, 0.159559, 0.187127, 0.248876, 0.279032, 0.872318, 0.886671, 0.887786, 1, 

71,2298,0.001, 0.0266537, 0.037516, 0.040253, 0.075425, 0.14546, 0.153692, 0.461979, 0.480012, 0.650595, 0.662716, 1, 

Generation #6
75,1410,0.001, 0.0110509, 0.0390873, 0.0460126, 0.0663368, 0.100799, 0.384272, 0.398746, 0.406522, 0.793639, 0.806633, 1, 

70,1925,0.001, 0.0141455, 0.0261442, 0.0262016, 0.112512, 0.157387, 0.207509, 0.233497, 0.607083, 0.793639, 0.948183, 1, 

71,1695,0.001, 0.0141455, 0.0501659, 0.0513067, 0.110065, 0.137015, 0.159559, 0.187127, 0.662716, 0.705202, 0.789084, 1, 

Generation #7
75,1410,0.001, 0.0110509, 0.0390873, 0.0460126, 0.0663368, 0.100799, 0.384272, 0.398746, 0.406522, 0.793639, 0.806633, 1, 

70,1925,0.001, 0.0141455, 0.0261442, 0.0262016, 0.112512, 0.157387, 0.207509, 0.233497, 0.607083, 0.793639, 0.948183, 1, 

71,1586,0.001, 0.0110509, 0.0391854, 0.0928903, 0.129683, 0.148351, 0.15305, 0.212053, 0.264579, 0.275149, 0.356605, 1, 

Generation #8
75,1410,0.001, 0.0110509, 0.0390873, 0.0460126, 0.0663368, 0.100799, 0.384272, 0.398746, 0.406522, 0.793639, 0.806633, 1, 

71,1586,0.001, 0.0110509, 0.0391854, 0.0928903, 0.129683, 0.148351, 0.15305, 0.212053, 0.264579, 0.275149, 0.356605, 1, 

72,1459,0.001, 0.0110509, 0.0261442, 0.0262016, 0.0663368, 0.100799, 0.164494, 0.217953, 0.81168, 0.793639, 0.806633, 1, 

69,1602,0.001, 0.017851, 0.0501659, 0.0513067, 0.110065, 0.14546, 0.153692, 0.461979, 0.480012, 0.650595, 0.662716, 1, 

Generation #9
75,1410,0.001, 0.0110509, 0.0390873, 0.0460126, 0.0663368, 0.100799, 0.384272, 0.398746, 0.406522, 0.793639, 0.806633, 1, 

71,1586,0.001, 0.0110509, 0.0391854, 0.0928903, 0.129683, 0.148351, 0.15305, 0.212053, 0.264579, 0.275149, 0.356605, 1, 

72,1459,0.001, 0.0110509, 0.0261442, 0.0262016, 0.0663368, 0.100799, 0.164494, 0.217953, 0.81168, 0.793639, 0.806633, 1, 

69,1602,0.001, 0.017851, 0.0501659, 0.0513067, 0.110065, 0.14546, 0.153692, 0.461979, 0.480012, 0.650595, 0.662716, 1, 

Generation #10
75,1410,0.001, 0.0110509, 0.0390873, 0.0460126, 0.0663368, 0.100799, 0.384272, 0.398746, 0.406522, 0.793639, 0.806633, 1, 

72,1459,0.001, 0.0110509, 0.0261442, 0.0262016, 0.0663368, 0.100799, 0.164494, 0.217953, 0.81168, 0.793639, 0.806633, 1, 

69,1602,0.001, 0.017851, 0.0501659, 0.0513067, 0.110065, 0.14546, 0.153692, 0.461979, 0.480012, 0.650595, 0.662716, 1, 

71,1460,0.001, 0.0141455, 0.0261442, 0.0262016, 0.075425, 0.14546, 0.153692, 0.461979, 0.480012, 0.650595, 0.662716, 1, 

Generation #11
75,1410,0.001, 0.0110509, 0.0390873, 0.0460126, 0.0663368, 0.100799, 0.384272, 0.398746, 0.406522, 0.793639, 0.806633, 1, 

72,1459,0.001, 0.0110509, 0.0261442, 0.0262016, 0.0663368, 0.100799, 0.164494, 0.217953, 0.81168, 0.793639, 0.806633, 1, 

69,1602,0.001, 0.017851, 0.0501659, 0.0513067, 0.110065, 0.14546, 0.153692, 0.461979, 0.480012, 0.650595, 0.662716, 1, 

71,1460,0.001, 0.0141455, 0.0261442, 0.0262016, 0.075425, 0.14546, 0.153692, 0.461979, 0.480012, 0.650595, 0.662716, 1, 

70,1496,0.001, 0.0141455, 0.0261442, 0.0262016, 0.0663368, 0.100799, 0.153692, 0.461979, 0.480012, 0.650595, 0.662716, 1, 

Generation #12
75,1410,0.001, 0.0110509, 0.0390873, 0.0460126, 0.0663368, 0.100799, 0.384272, 0.398746, 0.406522, 0.793639, 0.806633, 1, 

72,1459,0.001, 0.0110509, 0.0261442, 0.0262016, 0.0663368, 0.100799, 0.164494, 0.217953, 0.81168, 0.793639, 0.806633, 1, 

69,1602,0.001, 0.017851, 0.0501659, 0.0513067, 0.110065, 0.14546, 0.153692, 0.461979, 0.480012, 0.650595, 0.662716, 1, 

71,1460,0.001, 0.0141455, 0.0261442, 0.0262016, 0.075425, 0.14546, 0.153692, 0.461979, 0.480012, 0.650595, 0.662716, 1, 

70,1496,0.001, 0.0141455, 0.0261442, 0.0262016, 0.0663368, 0.100799, 0.153692, 0.461979, 0.480012, 0.650595, 0.662716, 1, 

73,1411,0.001, 0.0141455, 0.0261442, 0.0460126, 0.10239, 0.111185, 0.207509, 0.233497, 0.607083, 0.793639, 0.948183, 1, 

Generation #13
75,1410,0.001, 0.0110509, 0.0390873, 0.0460126, 0.0663368, 0.100799, 0.384272, 0.398746, 0.406522, 0.793639, 0.806633, 1, 

72,1459,0.001, 0.0110509, 0.0261442, 0.0262016, 0.0663368, 0.100799, 0.164494, 0.217953, 0.81168, 0.793639, 0.806633, 1, 

69,1602,0.001, 0.017851, 0.0501659, 0.0513067, 0.110065, 0.14546, 0.153692, 0.461979, 0.480012, 0.650595, 0.662716, 1, 

71,1460,0.001, 0.0141455, 0.0261442, 0.0262016, 0.075425, 0.14546, 0.153692, 0.461979, 0.480012, 0.650595, 0.662716, 1, 

70,1496,0.001, 0.0141455, 0.0261442, 0.0262016, 0.0663368, 0.100799, 0.153692, 0.461979, 0.480012, 0.650595, 0.662716, 1, 

73,1411,0.001, 0.0141455, 0.0261442, 0.0460126, 0.10239, 0.111185, 0.207509, 0.233497, 0.607083, 0.793639, 0.948183, 1, 

Generation #14
69,1602,0.001, 0.017851, 0.0501659, 0.0513067, 0.110065, 0.14546, 0.153692, 0.461979, 0.480012, 0.650595, 0.662716, 1, 

71,1460,0.001, 0.0141455, 0.0261442, 0.0262016, 0.075425, 0.14546, 0.153692, 0.461979, 0.480012, 0.650595, 0.662716, 1, 

70,1496,0.001, 0.0141455, 0.0261442, 0.0262016, 0.0663368, 0.100799, 0.153692, 0.461979, 0.480012, 0.650595, 0.662716, 1, 

76,1385,0.001, 0.0141455, 0.0261442, 0.0262016, 0.0663368, 0.100799, 0.159559, 0.187127, 0.607083, 0.764941, 0.793639, 0.948183, 1, 

72,1388,0.001, 0.0110509, 0.0261442, 0.0262016, 0.0663368, 0.100799, 0.384272, 0.398746, 0.406522, 0.411488, 0.872318, 0.887786, 1, 

Generation #15
69,1602,0.001, 0.017851, 0.0501659, 0.0513067, 0.110065, 0.14546, 0.153692, 0.461979, 0.480012, 0.650595, 0.662716, 1, 

71,1460,0.001, 0.0141455, 0.0261442, 0.0262016, 0.075425, 0.14546, 0.153692, 0.461979, 0.480012, 0.650595, 0.662716, 1, 

70,1496,0.001, 0.0141455, 0.0261442, 0.0262016, 0.0663368, 0.100799, 0.153692, 0.461979, 0.480012, 0.650595, 0.662716, 1, 

72,1388,0.001, 0.0110509, 0.0261442, 0.0262016, 0.0663368, 0.100799, 0.384272, 0.398746, 0.406522, 0.411488, 0.872318, 0.887786, 1, 

75,1311,0.001, 0.0110509, 0.0261442, 0.0262016, 0.0663368, 0.0639242, 0.207509, 0.233497, 0.275149, 0.356605, 0.789084, 1, 

Generation #16
69,1602,0.001, 0.017851, 0.0501659, 0.0513067, 0.110065, 0.14546, 0.153692, 0.461979, 0.480012, 0.650595, 0.662716, 1, 

71,1460,0.001, 0.0141455, 0.0261442, 0.0262016, 0.075425, 0.14546, 0.153692, 0.461979, 0.480012, 0.650595, 0.662716, 1, 

70,1496,0.001, 0.0141455, 0.0261442, 0.0262016, 0.0663368, 0.100799, 0.153692, 0.461979, 0.480012, 0.650595, 0.662716, 1, 

72,1388,0.001, 0.0110509, 0.0261442, 0.0262016, 0.0663368, 0.100799, 0.384272, 0.398746, 0.406522, 0.411488, 0.872318, 0.887786, 1, 

75,1311,0.001, 0.0110509, 0.0261442, 0.0262016, 0.0663368, 0.0639242, 0.207509, 0.233497, 0.275149, 0.356605, 0.789084, 1, 

Generation #17
69,1602,0.001, 0.017851, 0.0501659, 0.0513067, 0.110065, 0.14546, 0.153692, 0.461979, 0.480012, 0.650595, 0.662716, 1, 

70,1496,0.001, 0.0141455, 0.0261442, 0.0262016, 0.0663368, 0.100799, 0.153692, 0.461979, 0.480012, 0.650595, 0.662716, 1, 

75,1311,0.001, 0.0110509, 0.0261442, 0.0262016, 0.0663368, 0.0639242, 0.207509, 0.233497, 0.275149, 0.356605, 0.789084, 1, 

71,1356,0.001, 0.0110509, 0.0261442, 0.0262016, 0.0663368, 0.0639242, 0.207509, 0.233497, 0.275149, 0.356605, 0.789084, 1, 

Generation #18
69,1602,0.001, 0.017851, 0.0501659, 0.0513067, 0.110065, 0.14546, 0.153692, 0.461979, 0.480012, 0.650595, 0.662716, 1, 

70,1496,0.001, 0.0141455, 0.0261442, 0.0262016, 0.0663368, 0.100799, 0.153692, 0.461979, 0.480012, 0.650595, 0.662716, 1, 

75,1311,0.001, 0.0110509, 0.0261442, 0.0262016, 0.0663368, 0.0639242, 0.207509, 0.233497, 0.275149, 0.356605, 0.789084, 1, 

71,1356,0.001, 0.0110509, 0.0261442, 0.0262016, 0.0663368, 0.0639242, 0.207509, 0.233497, 0.275149, 0.356605, 0.789084, 1, 

Generation #19
69,1602,0.001, 0.017851, 0.0501659, 0.0513067, 0.110065, 0.14546, 0.153692, 0.461979, 0.480012, 0.650595, 0.662716, 1, 

70,1496,0.001, 0.0141455, 0.0261442, 0.0262016, 0.0663368, 0.100799, 0.153692, 0.461979, 0.480012, 0.650595, 0.662716, 1, 

75,1311,0.001, 0.0110509, 0.0261442, 0.0262016, 0.0663368, 0.0639242, 0.207509, 0.233497, 0.275149, 0.356605, 0.789084, 1, 

71,1356,0.001, 0.0110509, 0.0261442, 0.0262016, 0.0663368, 0.0639242, 0.207509, 0.233497, 0.275149, 0.356605, 0.789084, 1, 

68,19288,0.001, 0.276218, 0.0261442, 0.0262016, 0.0663368, 0.100799, 0.164494, 0.217953, 0.662716, 0.705202, 0.789084, 1, 

Generation #20
69,1602,0.001, 0.017851, 0.0501659, 0.0513067, 0.110065, 0.14546, 0.153692, 0.461979, 0.480012, 0.650595, 0.662716, 1, 

70,1496,0.001, 0.0141455, 0.0261442, 0.0262016, 0.0663368, 0.100799, 0.153692, 0.461979, 0.480012, 0.650595, 0.662716, 1, 

75,1311,0.001, 0.0110509, 0.0261442, 0.0262016, 0.0663368, 0.0639242, 0.207509, 0.233497, 0.275149, 0.356605, 0.789084, 1, 

71,1356,0.001, 0.0110509, 0.0261442, 0.0262016, 0.0663368, 0.0639242, 0.207509, 0.233497, 0.275149, 0.356605, 0.789084, 1, 

68,19288,0.001, 0.276218, 0.0261442, 0.0262016, 0.0663368, 0.100799, 0.164494, 0.217953, 0.662716, 0.705202, 0.789084, 1, 

Generation #21
69,1602,0.001, 0.017851, 0.0501659, 0.0513067, 0.110065, 0.14546, 0.153692, 0.461979, 0.480012, 0.650595, 0.662716, 1, 

70,1496,0.001, 0.0141455, 0.0261442, 0.0262016, 0.0663368, 0.100799, 0.153692, 0.461979, 0.480012, 0.650595, 0.662716, 1, 

75,1311,0.001, 0.0110509, 0.0261442, 0.0262016, 0.0663368, 0.0639242, 0.207509, 0.233497, 0.275149, 0.356605, 0.789084, 1, 

71,1356,0.001, 0.0110509, 0.0261442, 0.0262016, 0.0663368, 0.0639242, 0.207509, 0.233497, 0.275149, 0.356605, 0.789084, 1, 

68,19288,0.001, 0.276218, 0.0261442, 0.0262016, 0.0663368, 0.100799, 0.164494, 0.217953, 0.662716, 0.705202, 0.789084, 1, 

Generation #22
69,1602,0.001, 0.017851, 0.0501659, 0.0513067, 0.110065, 0.14546, 0.153692, 0.461979, 0.480012, 0.650595, 0.662716, 1, 

70,1496,0.001, 0.0141455, 0.0261442, 0.0262016, 0.0663368, 0.100799, 0.153692, 0.461979, 0.480012, 0.650595, 0.662716, 1, 

75,1311,0.001, 0.0110509, 0.0261442, 0.0262016, 0.0663368, 0.0639242, 0.207509, 0.233497, 0.275149, 0.356605, 0.789084, 1, 

71,1356,0.001, 0.0110509, 0.0261442, 0.0262016, 0.0663368, 0.0639242, 0.207509, 0.233497, 0.275149, 0.356605, 0.789084, 1, 

68,19288,0.001, 0.276218, 0.0261442, 0.0262016, 0.0663368, 0.100799, 0.164494, 0.217953, 0.662716, 0.705202, 0.789084, 1, 

Generation #23
69,1602,0.001, 0.017851, 0.0501659, 0.0513067, 0.110065, 0.14546, 0.153692, 0.461979, 0.480012, 0.650595, 0.662716, 1, 

75,1311,0.001, 0.0110509, 0.0261442, 0.0262016, 0.0663368, 0.0639242, 0.207509, 0.233497, 0.275149, 0.356605, 0.789084, 1, 

71,1356,0.001, 0.0110509, 0.0261442, 0.0262016, 0.0663368, 0.0639242, 0.207509, 0.233497, 0.275149, 0.356605, 0.789084, 1, 

68,19288,0.001, 0.276218, 0.0261442, 0.0262016, 0.0663368, 0.100799, 0.164494, 0.217953, 0.662716, 0.705202, 0.789084, 1, 

70,1470,0.001, 0.0141455, 0.0261442, 0.0262016, 0.0663368, 0.100799, 0.164494, 0.233497, 0.230267, 0.275149, 0.356605, 1, 

Generation #24
69,1602,0.001, 0.017851, 0.0501659, 0.0513067, 0.110065, 0.14546, 0.153692, 0.461979, 0.480012, 0.650595, 0.662716, 1, 

71,1356,0.001, 0.0110509, 0.0261442, 0.0262016, 0.0663368, 0.0639242, 0.207509, 0.233497, 0.275149, 0.356605, 0.789084, 1, 

68,19288,0.001, 0.276218, 0.0261442, 0.0262016, 0.0663368, 0.100799, 0.164494, 0.217953, 0.662716, 0.705202, 0.789084, 1, 

70,1470,0.001, 0.0141455, 0.0261442, 0.0262016, 0.0663368, 0.100799, 0.164494, 0.233497, 0.230267, 0.275149, 0.356605, 1, 

73,1266,0.001, 0.0110509, 0.0261442, 0.0262016, 0.0663368, 0.100799, 0.384272, 0.398746, 0.406522, 0.411488, 0.789084, 1, 

72,1307,0.001, 0.0110509, 0.0261442, 0.0262016, 0.0663368, 0.100799, 0.164494, 0.217953, 0.662716, 0.705202, 0.789084, 1, 

Generation #25
69,1602,0.001, 0.017851, 0.0501659, 0.0513067, 0.110065, 0.14546, 0.153692, 0.461979, 0.480012, 0.650595, 0.662716, 1, 

71,1356,0.001, 0.0110509, 0.0261442, 0.0262016, 0.0663368, 0.0639242, 0.207509, 0.233497, 0.275149, 0.356605, 0.789084, 1, 

68,19288,0.001, 0.276218, 0.0261442, 0.0262016, 0.0663368, 0.100799, 0.164494, 0.217953, 0.662716, 0.705202, 0.789084, 1, 

70,1470,0.001, 0.0141455, 0.0261442, 0.0262016, 0.0663368, 0.100799, 0.164494, 0.233497, 0.230267, 0.275149, 0.356605, 1, 

73,1266,0.001, 0.0110509, 0.0261442, 0.0262016, 0.0663368, 0.100799, 0.384272, 0.398746, 0.406522, 0.411488, 0.789084, 1, 

72,1307,0.001, 0.0110509, 0.0261442, 0.0262016, 0.0663368, 0.100799, 0.164494, 0.217953, 0.662716, 0.705202, 0.789084, 1, 

Generation #26
69,1602,0.001, 0.017851, 0.0501659, 0.0513067, 0.110065, 0.14546, 0.153692, 0.461979, 0.480012, 0.650595, 0.662716, 1, 

71,1356,0.001, 0.0110509, 0.0261442, 0.0262016, 0.0663368, 0.0639242, 0.207509, 0.233497, 0.275149, 0.356605, 0.789084, 1, 

68,19288,0.001, 0.276218, 0.0261442, 0.0262016, 0.0663368, 0.100799, 0.164494, 0.217953, 0.662716, 0.705202, 0.789084, 1, 

70,1470,0.001, 0.0141455, 0.0261442, 0.0262016, 0.0663368, 0.100799, 0.164494, 0.233497, 0.230267, 0.275149, 0.356605, 1, 

73,1266,0.001, 0.0110509, 0.0261442, 0.0262016, 0.0663368, 0.100799, 0.384272, 0.398746, 0.406522, 0.411488, 0.789084, 1, 

72,1307,0.001, 0.0110509, 0.0261442, 0.0262016, 0.0663368, 0.100799, 0.164494, 0.217953, 0.662716, 0.705202, 0.789084, 1, 

75,1194,0.001, 0.0110509, 0.0261442, 0.0262016, 0.0663368, 0.100799, 0.164494, 0.217953, 0.662716, 0.705202, 0.789084, 1, 

Generation #27
69,1602,0.001, 0.017851, 0.0501659, 0.0513067, 0.110065, 0.14546, 0.153692, 0.461979, 0.480012, 0.650595, 0.662716, 1, 

71,1356,0.001, 0.0110509, 0.0261442, 0.0262016, 0.0663368, 0.0639242, 0.207509, 0.233497, 0.275149, 0.356605, 0.789084, 1, 

70,1470,0.001, 0.0141455, 0.0261442, 0.0262016, 0.0663368, 0.100799, 0.164494, 0.233497, 0.230267, 0.275149, 0.356605, 1, 

73,1266,0.001, 0.0110509, 0.0261442, 0.0262016, 0.0663368, 0.100799, 0.384272, 0.398746, 0.406522, 0.411488, 0.789084, 1, 

72,1307,0.001, 0.0110509, 0.0261442, 0.0262016, 0.0663368, 0.100799, 0.164494, 0.217953, 0.662716, 0.705202, 0.789084, 1, 

75,1194,0.001, 0.0110509, 0.0261442, 0.0262016, 0.0663368, 0.100799, 0.164494, 0.217953, 0.662716, 0.705202, 0.789084, 1, 

67,2549,0.0205089, 0.0110509, 0.0261442, 0.0262016, 0.0663368, 0.100799, 0.384272, 0.398746, 0.406522, 0.793639, 0.806633, 1, 

Generation #28
69,1602,0.001, 0.017851, 0.0501659, 0.0513067, 0.110065, 0.14546, 0.153692, 0.461979, 0.480012, 0.650595, 0.662716, 1, 

73,1266,0.001, 0.0110509, 0.0261442, 0.0262016, 0.0663368, 0.100799, 0.384272, 0.398746, 0.406522, 0.411488, 0.789084, 1, 

75,1194,0.001, 0.0110509, 0.0261442, 0.0262016, 0.0663368, 0.100799, 0.164494, 0.217953, 0.662716, 0.705202, 0.789084, 1, 

67,2549,0.0205089, 0.0110509, 0.0261442, 0.0262016, 0.0663368, 0.100799, 0.384272, 0.398746, 0.406522, 0.793639, 0.806633, 1, 

70,1289,0.001, 0.0110509, 0.0261442, 0.0262016, 0.0663368, 0.0639242, 0.207509, 0.457029, 0.230267, 0.241732, 0.835388, 1, 

Generation #29
69,1602,0.001, 0.017851, 0.0501659, 0.0513067, 0.110065, 0.14546, 0.153692, 0.461979, 0.480012, 0.650595, 0.662716, 1, 

73,1266,0.001, 0.0110509, 0.0261442, 0.0262016, 0.0663368, 0.100799, 0.384272, 0.398746, 0.406522, 0.411488, 0.789084, 1, 

75,1194,0.001, 0.0110509, 0.0261442, 0.0262016, 0.0663368, 0.100799, 0.164494, 0.217953, 0.662716, 0.705202, 0.789084, 1, 

67,2549,0.0205089, 0.0110509, 0.0261442, 0.0262016, 0.0663368, 0.100799, 0.384272, 0.398746, 0.406522, 0.793639, 0.806633, 1, 

70,1289,0.001, 0.0110509, 0.0261442, 0.0262016, 0.0663368, 0.0639242, 0.207509, 0.457029, 0.230267, 0.241732, 0.835388, 1, 

Generation #30
69,1602,0.001, 0.017851, 0.0501659, 0.0513067, 0.110065, 0.14546, 0.153692, 0.461979, 0.480012, 0.650595, 0.662716, 1, 

73,1266,0.001, 0.0110509, 0.0261442, 0.0262016, 0.0663368, 0.100799, 0.384272, 0.398746, 0.406522, 0.411488, 0.789084, 1, 

75,1194,0.001, 0.0110509, 0.0261442, 0.0262016, 0.0663368, 0.100799, 0.164494, 0.217953, 0.662716, 0.705202, 0.789084, 1, 

67,2549,0.0205089, 0.0110509, 0.0261442, 0.0262016, 0.0663368, 0.100799, 0.384272, 0.398746, 0.406522, 0.793639, 0.806633, 1, 

70,1289,0.001, 0.0110509, 0.0261442, 0.0262016, 0.0663368, 0.0639242, 0.207509, 0.457029, 0.230267, 0.241732, 0.835388, 1, 

Generation #31
69,1602,0.001, 0.017851, 0.0501659, 0.0513067, 0.110065, 0.14546, 0.153692, 0.461979, 0.480012, 0.650595, 0.662716, 1, 

73,1266,0.001, 0.0110509, 0.0261442, 0.0262016, 0.0663368, 0.100799, 0.384272, 0.398746, 0.406522, 0.411488, 0.789084, 1, 

75,1194,0.001, 0.0110509, 0.0261442, 0.0262016, 0.0663368, 0.100799, 0.164494, 0.217953, 0.662716, 0.705202, 0.789084, 1, 

67,2549,0.0205089, 0.0110509, 0.0261442, 0.0262016, 0.0663368, 0.100799, 0.384272, 0.398746, 0.406522, 0.793639, 0.806633, 1, 

70,1289,0.001, 0.0110509, 0.0261442, 0.0262016, 0.0663368, 0.0639242, 0.207509, 0.457029, 0.230267, 0.241732, 0.835388, 1, 

Generation #32
69,1602,0.001, 0.017851, 0.0501659, 0.0513067, 0.110065, 0.14546, 0.153692, 0.461979, 0.480012, 0.650595, 0.662716, 1, 

73,1266,0.001, 0.0110509, 0.0261442, 0.0262016, 0.0663368, 0.100799, 0.384272, 0.398746, 0.406522, 0.411488, 0.789084, 1, 

75,1194,0.001, 0.0110509, 0.0261442, 0.0262016, 0.0663368, 0.100799, 0.164494, 0.217953, 0.662716, 0.705202, 0.789084, 1, 

67,2549,0.0205089, 0.0110509, 0.0261442, 0.0262016, 0.0663368, 0.100799, 0.384272, 0.398746, 0.406522, 0.793639, 0.806633, 1, 

70,1289,0.001, 0.0110509, 0.0261442, 0.0262016, 0.0663368, 0.0639242, 0.207509, 0.457029, 0.230267, 0.241732, 0.835388, 1, 

Generation #33
69,1602,0.001, 0.017851, 0.0501659, 0.0513067, 0.110065, 0.14546, 0.153692, 0.461979, 0.480012, 0.650595, 0.662716, 1, 

73,1266,0.001, 0.0110509, 0.0261442, 0.0262016, 0.0663368, 0.100799, 0.384272, 0.398746, 0.406522, 0.411488, 0.789084, 1, 

75,1194,0.001, 0.0110509, 0.0261442, 0.0262016, 0.0663368, 0.100799, 0.164494, 0.217953, 0.662716, 0.705202, 0.789084, 1, 

67,2549,0.0205089, 0.0110509, 0.0261442, 0.0262016, 0.0663368, 0.100799, 0.384272, 0.398746, 0.406522, 0.793639, 0.806633, 1, 

70,1289,0.001, 0.0110509, 0.0261442, 0.0262016, 0.0663368, 0.0639242, 0.207509, 0.457029, 0.230267, 0.241732, 0.835388, 1, 

74,1259,0.001, 0.0110509, 0.0261442, 0.0262016, 0.0663368, 0.100799, 0.164494, 0.233497, 0.230267, 0.241732, 0.835388, 0.789084, 1, 

Generation #34
69,1602,0.001, 0.017851, 0.0501659, 0.0513067, 0.110065, 0.14546, 0.153692, 0.461979, 0.480012, 0.650595, 0.662716, 1, 

73,1266,0.001, 0.0110509, 0.0261442, 0.0262016, 0.0663368, 0.100799, 0.384272, 0.398746, 0.406522, 0.411488, 0.789084, 1, 

75,1194,0.001, 0.0110509, 0.0261442, 0.0262016, 0.0663368, 0.100799, 0.164494, 0.217953, 0.662716, 0.705202, 0.789084, 1, 

67,2549,0.0205089, 0.0110509, 0.0261442, 0.0262016, 0.0663368, 0.100799, 0.384272, 0.398746, 0.406522, 0.793639, 0.806633, 1, 

70,1289,0.001, 0.0110509, 0.0261442, 0.0262016, 0.0663368, 0.0639242, 0.207509, 0.457029, 0.230267, 0.241732, 0.835388, 1, 

74,1259,0.001, 0.0110509, 0.0261442, 0.0262016, 0.0663368, 0.100799, 0.164494, 0.233497, 0.230267, 0.241732, 0.835388, 0.789084, 1, 

72,1283,0.001, 0.0110509, 0.0261442, 0.0262016, 0.075425, 0.14546, 0.153692, 0.461979, 0.480012, 0.650595, 0.662716, 1, 

Generation #35
69,1602,0.001, 0.017851, 0.0501659, 0.0513067, 0.110065, 0.14546, 0.153692, 0.461979, 0.480012, 0.650595, 0.662716, 1, 

73,1266,0.001, 0.0110509, 0.0261442, 0.0262016, 0.0663368, 0.100799, 0.384272, 0.398746, 0.406522, 0.411488, 0.789084, 1, 

75,1194,0.001, 0.0110509, 0.0261442, 0.0262016, 0.0663368, 0.100799, 0.164494, 0.217953, 0.662716, 0.705202, 0.789084, 1, 

67,2549,0.0205089, 0.0110509, 0.0261442, 0.0262016, 0.0663368, 0.100799, 0.384272, 0.398746, 0.406522, 0.793639, 0.806633, 1, 

70,1289,0.001, 0.0110509, 0.0261442, 0.0262016, 0.0663368, 0.0639242, 0.207509, 0.457029, 0.230267, 0.241732, 0.835388, 1, 

74,1259,0.001, 0.0110509, 0.0261442, 0.0262016, 0.0663368, 0.100799, 0.164494, 0.233497, 0.230267, 0.241732, 0.835388, 0.789084, 1, 

72,1283,0.001, 0.0110509, 0.0261442, 0.0262016, 0.075425, 0.14546, 0.153692, 0.461979, 0.480012, 0.650595, 0.662716, 1, 

Generation #36
69,1602,0.001, 0.017851, 0.0501659, 0.0513067, 0.110065, 0.14546, 0.153692, 0.461979, 0.480012, 0.650595, 0.662716, 1, 

73,1266,0.001, 0.0110509, 0.0261442, 0.0262016, 0.0663368, 0.100799, 0.384272, 0.398746, 0.406522, 0.411488, 0.789084, 1, 

75,1194,0.001, 0.0110509, 0.0261442, 0.0262016, 0.0663368, 0.100799, 0.164494, 0.217953, 0.662716, 0.705202, 0.789084, 1, 

67,2549,0.0205089, 0.0110509, 0.0261442, 0.0262016, 0.0663368, 0.100799, 0.384272, 0.398746, 0.406522, 0.793639, 0.806633, 1, 

74,1259,0.001, 0.0110509, 0.0261442, 0.0262016, 0.0663368, 0.100799, 0.164494, 0.233497, 0.230267, 0.241732, 0.835388, 0.789084, 1, 

70,1269,0.001, 0.0110509, 0.0261442, 0.0262016, 0.0663368, 0.100799, 0.15305, 0.233497, 0.230267, 0.275149, 0.356605, 1, 

Generation #37
69,1602,0.001, 0.017851, 0.0501659, 0.0513067, 0.110065, 0.14546, 0.153692, 0.461979, 0.480012, 0.650595, 0.662716, 1, 

73,1266,0.001, 0.0110509, 0.0261442, 0.0262016, 0.0663368, 0.100799, 0.384272, 0.398746, 0.406522, 0.411488, 0.789084, 1, 

75,1194,0.001, 0.0110509, 0.0261442, 0.0262016, 0.0663368, 0.100799, 0.164494, 0.217953, 0.662716, 0.705202, 0.789084, 1, 

67,2549,0.0205089, 0.0110509, 0.0261442, 0.0262016, 0.0663368, 0.100799, 0.384272, 0.398746, 0.406522, 0.793639, 0.806633, 1, 

74,1259,0.001, 0.0110509, 0.0261442, 0.0262016, 0.0663368, 0.100799, 0.164494, 0.233497, 0.230267, 0.241732, 0.835388, 0.789084, 1, 

70,1269,0.001, 0.0110509, 0.0261442, 0.0262016, 0.0663368, 0.100799, 0.15305, 0.233497, 0.230267, 0.275149, 0.356605, 1, 

Generation #38
73,1266,0.001, 0.0110509, 0.0261442, 0.0262016, 0.0663368, 0.100799, 0.384272, 0.398746, 0.406522, 0.411488, 0.789084, 1, 

75,1194,0.001, 0.0110509, 0.0261442, 0.0262016, 0.0663368, 0.100799, 0.164494, 0.217953, 0.662716, 0.705202, 0.789084, 1, 

74,1259,0.001, 0.0110509, 0.0261442, 0.0262016, 0.0663368, 0.100799, 0.164494, 0.233497, 0.230267, 0.241732, 0.835388, 0.789084, 1, 

70,1269,0.001, 0.0110509, 0.0261442, 0.0262016, 0.0663368, 0.100799, 0.15305, 0.233497, 0.230267, 0.275149, 0.356605, 1, 

68,1309,0.001, 0.0110509, 0.0261442, 0.0262016, 0.10239, 0.111185, 0.207509, 0.233497, 0.607083, 0.793639, 0.948183, 1, 

67,1979,0.001, 0.0110509, 0.0391854, 0.0928903, 0.129683, 0.148351, 0.15305, 0.212053, 0.275149, 0.356605, 0.789084, 1, 

Generation #39
73,1266,0.001, 0.0110509, 0.0261442, 0.0262016, 0.0663368, 0.100799, 0.384272, 0.398746, 0.406522, 0.411488, 0.789084, 1, 

75,1194,0.001, 0.0110509, 0.0261442, 0.0262016, 0.0663368, 0.100799, 0.164494, 0.217953, 0.662716, 0.705202, 0.789084, 1, 

74,1259,0.001, 0.0110509, 0.0261442, 0.0262016, 0.0663368, 0.100799, 0.164494, 0.233497, 0.230267, 0.241732, 0.835388, 0.789084, 1, 

70,1269,0.001, 0.0110509, 0.0261442, 0.0262016, 0.0663368, 0.100799, 0.15305, 0.233497, 0.230267, 0.275149, 0.356605, 1, 

68,1309,0.001, 0.0110509, 0.0261442, 0.0262016, 0.10239, 0.111185, 0.207509, 0.233497, 0.607083, 0.793639, 0.948183, 1, 

67,1679,0.001, 0.0110509, 0.0261442, 0.0262016, 0.0639242, 0.207509, 0.233497, 0.275149, 0.356605, 0.789084, 1, 

Generation #40
73,1266,0.001, 0.0110509, 0.0261442, 0.0262016, 0.0663368, 0.100799, 0.384272, 0.398746, 0.406522, 0.411488, 0.789084, 1, 

75,1194,0.001, 0.0110509, 0.0261442, 0.0262016, 0.0663368, 0.100799, 0.164494, 0.217953, 0.662716, 0.705202, 0.789084, 1, 

74,1259,0.001, 0.0110509, 0.0261442, 0.0262016, 0.0663368, 0.100799, 0.164494, 0.233497, 0.230267, 0.241732, 0.835388, 0.789084, 1, 

70,1269,0.001, 0.0110509, 0.0261442, 0.0262016, 0.0663368, 0.100799, 0.15305, 0.233497, 0.230267, 0.275149, 0.356605, 1, 

68,1309,0.001, 0.0110509, 0.0261442, 0.0262016, 0.10239, 0.111185, 0.207509, 0.233497, 0.607083, 0.793639, 0.948183, 1, 

67,1679,0.001, 0.0110509, 0.0261442, 0.0262016, 0.0639242, 0.207509, 0.233497, 0.275149, 0.356605, 0.789084, 1, 

Generation #41
73,1266,0.001, 0.0110509, 0.0261442, 0.0262016, 0.0663368, 0.100799, 0.384272, 0.398746, 0.406522, 0.411488, 0.789084, 1, 

75,1194,0.001, 0.0110509, 0.0261442, 0.0262016, 0.0663368, 0.100799, 0.164494, 0.217953, 0.662716, 0.705202, 0.789084, 1, 

74,1259,0.001, 0.0110509, 0.0261442, 0.0262016, 0.0663368, 0.100799, 0.164494, 0.233497, 0.230267, 0.241732, 0.835388, 0.789084, 1, 

70,1269,0.001, 0.0110509, 0.0261442, 0.0262016, 0.0663368, 0.100799, 0.15305, 0.233497, 0.230267, 0.275149, 0.356605, 1, 

68,1309,0.001, 0.0110509, 0.0261442, 0.0262016, 0.10239, 0.111185, 0.207509, 0.233497, 0.607083, 0.793639, 0.948183, 1, 

67,1679,0.001, 0.0110509, 0.0261442, 0.0262016, 0.0639242, 0.207509, 0.233497, 0.275149, 0.356605, 0.789084, 1, 

Generation #42
73,1266,0.001, 0.0110509, 0.0261442, 0.0262016, 0.0663368, 0.100799, 0.384272, 0.398746, 0.406522, 0.411488, 0.789084, 1, 

75,1194,0.001, 0.0110509, 0.0261442, 0.0262016, 0.0663368, 0.100799, 0.164494, 0.217953, 0.662716, 0.705202, 0.789084, 1, 

74,1259,0.001, 0.0110509, 0.0261442, 0.0262016, 0.0663368, 0.100799, 0.164494, 0.233497, 0.230267, 0.241732, 0.835388, 0.789084, 1, 

70,1269,0.001, 0.0110509, 0.0261442, 0.0262016, 0.0663368, 0.100799, 0.15305, 0.233497, 0.230267, 0.275149, 0.356605, 1, 

68,1309,0.001, 0.0110509, 0.0261442, 0.0262016, 0.10239, 0.111185, 0.207509, 0.233497, 0.607083, 0.793639, 0.948183, 1, 

67,1679,0.001, 0.0110509, 0.0261442, 0.0262016, 0.0639242, 0.207509, 0.233497, 0.275149, 0.356605, 0.789084, 1, 

Generation #43
73,1266,0.001, 0.0110509, 0.0261442, 0.0262016, 0.0663368, 0.100799, 0.384272, 0.398746, 0.406522, 0.411488, 0.789084, 1, 

75,1194,0.001, 0.0110509, 0.0261442, 0.0262016, 0.0663368, 0.100799, 0.164494, 0.217953, 0.662716, 0.705202, 0.789084, 1, 

74,1259,0.001, 0.0110509, 0.0261442, 0.0262016, 0.0663368, 0.100799, 0.164494, 0.233497, 0.230267, 0.241732, 0.835388, 0.789084, 1, 

70,1269,0.001, 0.0110509, 0.0261442, 0.0262016, 0.0663368, 0.100799, 0.15305, 0.233497, 0.230267, 0.275149, 0.356605, 1, 

68,1309,0.001, 0.0110509, 0.0261442, 0.0262016, 0.10239, 0.111185, 0.207509, 0.233497, 0.607083, 0.793639, 0.948183, 1, 

67,1679,0.001, 0.0110509, 0.0261442, 0.0262016, 0.0639242, 0.207509, 0.233497, 0.275149, 0.356605, 0.789084, 1, 

Generation #44
73,1266,0.001, 0.0110509, 0.0261442, 0.0262016, 0.0663368, 0.100799, 0.384272, 0.398746, 0.406522, 0.411488, 0.789084, 1, 

75,1194,0.001, 0.0110509, 0.0261442, 0.0262016, 0.0663368, 0.100799, 0.164494, 0.217953, 0.662716, 0.705202, 0.789084, 1, 

74,1259,0.001, 0.0110509, 0.0261442, 0.0262016, 0.0663368, 0.100799, 0.164494, 0.233497, 0.230267, 0.241732, 0.835388, 0.789084, 1, 

70,1269,0.001, 0.0110509, 0.0261442, 0.0262016, 0.0663368, 0.100799, 0.15305, 0.233497, 0.230267, 0.275149, 0.356605, 1, 

68,1309,0.001, 0.0110509, 0.0261442, 0.0262016, 0.10239, 0.111185, 0.207509, 0.233497, 0.607083, 0.793639, 0.948183, 1, 

67,1679,0.001, 0.0110509, 0.0261442, 0.0262016, 0.0639242, 0.207509, 0.233497, 0.275149, 0.356605, 0.789084, 1, 

Generation #45
73,1266,0.001, 0.0110509, 0.0261442, 0.0262016, 0.0663368, 0.100799, 0.384272, 0.398746, 0.406522, 0.411488, 0.789084, 1, 

75,1194,0.001, 0.0110509, 0.0261442, 0.0262016, 0.0663368, 0.100799, 0.164494, 0.217953, 0.662716, 0.705202, 0.789084, 1, 

74,1259,0.001, 0.0110509, 0.0261442, 0.0262016, 0.0663368, 0.100799, 0.164494, 0.233497, 0.230267, 0.241732, 0.835388, 0.789084, 1, 

70,1269,0.001, 0.0110509, 0.0261442, 0.0262016, 0.0663368, 0.100799, 0.15305, 0.233497, 0.230267, 0.275149, 0.356605, 1, 

68,1309,0.001, 0.0110509, 0.0261442, 0.0262016, 0.10239, 0.111185, 0.207509, 0.233497, 0.607083, 0.793639, 0.948183, 1, 

67,1679,0.001, 0.0110509, 0.0261442, 0.0262016, 0.0639242, 0.207509, 0.233497, 0.275149, 0.356605, 0.789084, 1, 

Generation #46
73,1266,0.001, 0.0110509, 0.0261442, 0.0262016, 0.0663368, 0.100799, 0.384272, 0.398746, 0.406522, 0.411488, 0.789084, 1, 

74,1259,0.001, 0.0110509, 0.0261442, 0.0262016, 0.0663368, 0.100799, 0.164494, 0.233497, 0.230267, 0.241732, 0.835388, 0.789084, 1, 

70,1269,0.001, 0.0110509, 0.0261442, 0.0262016, 0.0663368, 0.100799, 0.15305, 0.233497, 0.230267, 0.275149, 0.356605, 1, 

68,1309,0.001, 0.0110509, 0.0261442, 0.0262016, 0.10239, 0.111185, 0.207509, 0.233497, 0.607083, 0.793639, 0.948183, 1, 

67,1679,0.001, 0.0110509, 0.0261442, 0.0262016, 0.0639242, 0.207509, 0.233497, 0.275149, 0.356605, 0.789084, 1, 

75,1187,0.001, 0.0110509, 0.0261442, 0.0262016, 0.0663368, 0.0639242, 0.207509, 0.233497, 0.607083, 0.793639, 0.948183, 1, 

Generation #47
73,1266,0.001, 0.0110509, 0.0261442, 0.0262016, 0.0663368, 0.100799, 0.384272, 0.398746, 0.406522, 0.411488, 0.789084, 1, 

74,1259,0.001, 0.0110509, 0.0261442, 0.0262016, 0.0663368, 0.100799, 0.164494, 0.233497, 0.230267, 0.241732, 0.835388, 0.789084, 1, 

70,1269,0.001, 0.0110509, 0.0261442, 0.0262016, 0.0663368, 0.100799, 0.15305, 0.233497, 0.230267, 0.275149, 0.356605, 1, 

68,1309,0.001, 0.0110509, 0.0261442, 0.0262016, 0.10239, 0.111185, 0.207509, 0.233497, 0.607083, 0.793639, 0.948183, 1, 

67,1679,0.001, 0.0110509, 0.0261442, 0.0262016, 0.0639242, 0.207509, 0.233497, 0.275149, 0.356605, 0.789084, 1, 

75,1187,0.001, 0.0110509, 0.0261442, 0.0262016, 0.0663368, 0.0639242, 0.207509, 0.233497, 0.607083, 0.793639, 0.948183, 1, 

Generation #48
73,1266,0.001, 0.0110509, 0.0261442, 0.0262016, 0.0663368, 0.100799, 0.384272, 0.398746, 0.406522, 0.411488, 0.789084, 1, 

74,1259,0.001, 0.0110509, 0.0261442, 0.0262016, 0.0663368, 0.100799, 0.164494, 0.233497, 0.230267, 0.241732, 0.835388, 0.789084, 1, 

70,1269,0.001, 0.0110509, 0.0261442, 0.0262016, 0.0663368, 0.100799, 0.15305, 0.233497, 0.230267, 0.275149, 0.356605, 1, 

68,1309,0.001, 0.0110509, 0.0261442, 0.0262016, 0.10239, 0.111185, 0.207509, 0.233497, 0.607083, 0.793639, 0.948183, 1, 

67,1679,0.001, 0.0110509, 0.0261442, 0.0262016, 0.0639242, 0.207509, 0.233497, 0.275149, 0.356605, 0.789084, 1, 

75,1187,0.001, 0.0110509, 0.0261442, 0.0262016, 0.0663368, 0.0639242, 0.207509, 0.233497, 0.607083, 0.793639, 0.948183, 1, 

Generation #49
73,1266,0.001, 0.0110509, 0.0261442, 0.0262016, 0.0663368, 0.100799, 0.384272, 0.398746, 0.406522, 0.411488, 0.789084, 1, 

74,1259,0.001, 0.0110509, 0.0261442, 0.0262016, 0.0663368, 0.100799, 0.164494, 0.233497, 0.230267, 0.241732, 0.835388, 0.789084, 1, 

70,1269,0.001, 0.0110509, 0.0261442, 0.0262016, 0.0663368, 0.100799, 0.15305, 0.233497, 0.230267, 0.275149, 0.356605, 1, 

68,1309,0.001, 0.0110509, 0.0261442, 0.0262016, 0.10239, 0.111185, 0.207509, 0.233497, 0.607083, 0.793639, 0.948183, 1, 

67,1679,0.001, 0.0110509, 0.0261442, 0.0262016, 0.0639242, 0.207509, 0.233497, 0.275149, 0.356605, 0.789084, 1, 

75,1187,0.001, 0.0110509, 0.0261442, 0.0262016, 0.0663368, 0.0639242, 0.207509, 0.233497, 0.607083, 0.793639, 0.948183, 1, 

--- Pareto Front Solutions ---
Solution 0: N total=118 (N_initial=45, N_added=73), Time total=1285 ms, Saved to: ./results/Wireless_t2_l1_pareto_0.csv, percents=0.001, 0.0110509, 0.0261442, 0.0262016, 0.0663368, 0.100799, 0.384272, 0.398746, 0.406522, 0.411488, 0.789084, 1, 

Solution 1: N total=119 (N_initial=45, N_added=74), Time total=1278 ms, Saved to: ./results/Wireless_t2_l1_pareto_1.csv, percents=0.001, 0.0110509, 0.0261442, 0.0262016, 0.0663368, 0.100799, 0.164494, 0.233497, 0.230267, 0.241732, 0.835388, 0.789084, 1, 

Solution 2: N total=115 (N_initial=45, N_added=70), Time total=1288 ms, Saved to: ./results/Wireless_t2_l1_pareto_2.csv, percents=0.001, 0.0110509, 0.0261442, 0.0262016, 0.0663368, 0.100799, 0.15305, 0.233497, 0.230267, 0.275149, 0.356605, 1, 

Solution 3: N total=113 (N_initial=45, N_added=68), Time total=1328 ms, Saved to: ./results/Wireless_t2_l1_pareto_3.csv, percents=0.001, 0.0110509, 0.0261442, 0.0262016, 0.10239, 0.111185, 0.207509, 0.233497, 0.607083, 0.793639, 0.948183, 1, 

Solution 4: N total=112 (N_initial=45, N_added=67), Time total=1698 ms, Saved to: ./results/Wireless_t2_l1_pareto_4.csv, percents=0.001, 0.0110509, 0.0261442, 0.0262016, 0.0639242, 0.207509, 0.233497, 0.275149, 0.356605, 0.789084, 1, 

Solution 5: N total=120 (N_initial=45, N_added=75), Time total=1206 ms, Saved to: ./results/Wireless_t2_l1_pareto_5.csv, percents=0.001, 0.0110509, 0.0261442, 0.0262016, 0.0663368, 0.0639242, 0.207509, 0.233497, 0.607083, 0.793639, 0.948183, 1, 

------------d=1, t=2, lambda=2, filename=./evaluation/Wireless/Wireless_2_2.csv------------
Grouping d-sets by partitioned row counts for detecting arrays...
Ready to look at pairs for detecting arrays...
First Stage N=80, Time=12
There are 10320 remaining non-locating pairs
--- Running GA Algorithm (phase2) ---
Running GA with std::execution::par
Generation #0
67,1617,0.001, 0.0747314, 0.138966, 0.180024, 0.249768, 0.380346, 0.400945, 0.417629, 0.443875, 0.491226, 0.509781, 0.627451, 0.632208, 0.668469, 0.734012, 0.919817, 1, 

77,1088,0.001, 0.0332089, 0.0480157, 0.0494791, 0.0903885, 0.12874, 0.164213, 0.185521, 0.199793, 0.208176, 0.295536, 0.361278, 0.37743, 0.427857, 0.463305, 0.47205, 0.509215, 0.514314, 0.6012, 0.616428, 0.632084, 0.719197, 0.793694, 0.812525, 0.865976, 0.910795, 0.930339, 0.958051, 1, 

63,1838,0.001, 0.100805, 0.128214, 0.198296, 0.312736, 0.38294, 0.405429, 0.514074, 0.521476, 0.700717, 0.770975, 0.948683, 0.999497, 1, 

70,1155,0.001, 0.0207952, 0.0454575, 0.0920648, 0.113177, 0.184314, 0.197858, 0.227268, 0.233204, 0.255616, 0.28833, 0.322818, 0.34954, 0.432492, 0.453644, 0.506839, 0.509661, 0.542904, 0.557671, 0.621814, 0.975558, 1, 

59,4220,0.001, 0.270111, 0.288075, 0.321711, 0.342098, 0.40014, 0.461036, 0.488206, 0.723625, 0.751977, 0.927486, 1, 

73,1151,0.001, 0.0430076, 0.0730439, 0.0814826, 0.087097, 0.13648, 0.215712, 0.21849, 0.238944, 0.266637, 0.28728, 0.309426, 0.313961, 0.36395, 0.365064, 0.410507, 0.414703, 0.415916, 0.54775, 0.554454, 0.575454, 0.819186, 0.824114, 0.900784, 0.937676, 0.949347, 1, 

Generation #1
59,4220,0.001, 0.270111, 0.288075, 0.321711, 0.342098, 0.40014, 0.461036, 0.488206, 0.723625, 0.751977, 0.927486, 1, 

67,884,0.001, 0.0192846, 0.0501073, 0.0624956, 0.0682848, 0.150009, 0.207636, 0.217698, 0.226883, 0.498231, 0.511335, 0.519656, 0.590138, 0.63636, 0.774757, 0.788058, 0.880645, 0.979337, 1, 

63,947,0.001, 0.0468349, 0.0948464, 0.117795, 0.132366, 0.195717, 0.216289, 0.293822, 0.306449, 0.337504, 0.421649, 0.42609, 0.444208, 1, 

72,852,0.001, 0.0408633, 0.0573066, 0.0574685, 0.0704125, 0.186687, 0.189398, 0.224295, 0.350035, 0.373906, 0.376095, 0.396601, 0.397337, 0.443749, 0.519523, 0.541632, 0.612111, 0.686457, 0.688422, 0.720093, 0.722311, 0.730307, 0.82712, 0.861938, 0.882668, 1, 

Generation #2
59,4220,0.001, 0.270111, 0.288075, 0.321711, 0.342098, 0.40014, 0.461036, 0.488206, 0.723625, 0.751977, 0.927486, 1, 

67,884,0.001, 0.0192846, 0.0501073, 0.0624956, 0.0682848, 0.150009, 0.207636, 0.217698, 0.226883, 0.498231, 0.511335, 0.519656, 0.590138, 0.63636, 0.774757, 0.788058, 0.880645, 0.979337, 1, 

63,947,0.001, 0.0468349, 0.0948464, 0.117795, 0.132366, 0.195717, 0.216289, 0.293822, 0.306449, 0.337504, 0.421649, 0.42609, 0.444208, 1, 

72,852,0.001, 0.0408633, 0.0573066, 0.0574685, 0.0704125, 0.186687, 0.189398, 0.224295, 0.350035, 0.373906, 0.376095, 0.396601, 0.397337, 0.443749, 0.519523, 0.541632, 0.612111, 0.686457, 0.688422, 0.720093, 0.722311, 0.730307, 0.82712, 0.861938, 0.882668, 1, 

62,1820,0.001, 0.116709, 0.139676, 0.148343, 0.165055, 0.194132, 0.197821, 0.248384, 0.351986, 0.444169, 0.456101, 0.866207, 0.893939, 1, 

Generation #3
58,1047,0.001, 0.0192846, 0.0501073, 0.0624956, 0.190755, 0.200979, 0.218676, 0.320821, 0.723625, 0.751977, 0.927486, 1, 

64,878,0.001, 0.0408633, 0.0573066, 0.0574685, 0.0704125, 0.186687, 0.189398, 0.224295, 0.235444, 0.252829, 0.291681, 0.770975, 0.948683, 0.999497, 1, 

61,933,0.001, 0.0192846, 0.0501073, 0.0624956, 0.0682848, 0.150009, 0.207636, 0.217698, 0.226883, 0.782613, 0.484109, 0.893939, 1, 

63,907,0.001, 0.0192846, 0.0501073, 0.0624956, 0.0682848, 0.233907, 0.256746, 0.28994, 0.291552, 0.380125, 0.400434, 0.948683, 0.999497, 1, 

67,841,0.001, 0.0408633, 0.0573066, 0.0574685, 0.0704125, 0.186687, 0.189398, 0.224295, 0.235444, 0.252829, 0.619038, 0.657539, 0.696086, 0.813897, 1, 

76,755,0.001, 0.0408633, 0.0573066, 0.0574685, 0.0704125, 0.186687, 0.189398, 0.224295, 0.350035, 0.373906, 0.376095, 0.396601, 0.397337, 0.443749, 0.519523, 0.47205, 0.509215, 0.514314, 0.6012, 0.616428, 0.632084, 0.719197, 0.74792, 0.784445, 0.834447, 0.876973, 0.925895, 0.966199, 1, 

Generation #4
58,1047,0.001, 0.0192846, 0.0501073, 0.0624956, 0.190755, 0.200979, 0.218676, 0.320821, 0.723625, 0.751977, 0.927486, 1, 

76,755,0.001, 0.0408633, 0.0573066, 0.0574685, 0.0704125, 0.186687, 0.189398, 0.224295, 0.350035, 0.373906, 0.376095, 0.396601, 0.397337, 0.443749, 0.519523, 0.47205, 0.509215, 0.514314, 0.6012, 0.616428, 0.632084, 0.719197, 0.74792, 0.784445, 0.834447, 0.876973, 0.925895, 0.966199, 1, 

74,762,0.001, 0.0408633, 0.0573066, 0.0574685, 0.0704125, 0.186687, 0.189398, 0.224295, 0.235444, 0.252829, 0.275409, 0.323906, 0.339503, 0.516624, 0.530954, 0.564787, 0.603369, 0.646294, 0.6012, 0.616428, 0.632084, 0.719197, 0.793694, 0.812525, 0.865976, 0.910795, 0.930339, 0.958051, 1, 

60,824,0.001, 0.0336957, 0.0508409, 0.0624956, 0.0682848, 0.150009, 0.207636, 0.217698, 0.226883, 0.782613, 0.484109, 0.893939, 1, 

Generation #5
58,1047,0.001, 0.0192846, 0.0501073, 0.0624956, 0.190755, 0.200979, 0.218676, 0.320821, 0.723625, 0.751977, 0.927486, 1, 

76,755,0.001, 0.0408633, 0.0573066, 0.0574685, 0.0704125, 0.186687, 0.189398, 0.224295, 0.350035, 0.373906, 0.376095, 0.396601, 0.397337, 0.443749, 0.519523, 0.47205, 0.509215, 0.514314, 0.6012, 0.616428, 0.632084, 0.719197, 0.74792, 0.784445, 0.834447, 0.876973, 0.925895, 0.966199, 1, 

74,762,0.001, 0.0408633, 0.0573066, 0.0574685, 0.0704125, 0.186687, 0.189398, 0.224295, 0.235444, 0.252829, 0.275409, 0.323906, 0.339503, 0.516624, 0.530954, 0.564787, 0.603369, 0.646294, 0.6012, 0.616428, 0.632084, 0.719197, 0.793694, 0.812525, 0.865976, 0.910795, 0.930339, 0.958051, 1, 

59,790,0.001, 0.0192846, 0.0501073, 0.0624956, 0.0682848, 0.150009, 0.207636, 0.217698, 0.226883, 0.723625, 0.151829, 1, 

Generation #6
58,1047,0.001, 0.0192846, 0.0501073, 0.0624956, 0.190755, 0.200979, 0.218676, 0.320821, 0.723625, 0.751977, 0.927486, 1, 

76,755,0.001, 0.0408633, 0.0573066, 0.0574685, 0.0704125, 0.186687, 0.189398, 0.224295, 0.350035, 0.373906, 0.376095, 0.396601, 0.397337, 0.443749, 0.519523, 0.47205, 0.509215, 0.514314, 0.6012, 0.616428, 0.632084, 0.719197, 0.74792, 0.784445, 0.834447, 0.876973, 0.925895, 0.966199, 1, 

74,762,0.001, 0.0408633, 0.0573066, 0.0574685, 0.0704125, 0.186687, 0.189398, 0.224295, 0.235444, 0.252829, 0.275409, 0.323906, 0.339503, 0.516624, 0.530954, 0.564787, 0.603369, 0.646294, 0.6012, 0.616428, 0.632084, 0.719197, 0.793694, 0.812525, 0.865976, 0.910795, 0.930339, 0.958051, 1, 

59,790,0.001, 0.0192846, 0.0501073, 0.0624956, 0.0682848, 0.150009, 0.207636, 0.217698, 0.226883, 0.723625, 0.151829, 1, 

61,783,0.001, 0.0192846, 0.0501073, 0.0624956, 0.190755, 0.218676, 0.320821, 0.723625, 0.751977, 0.927486, 1, 

Generation #7
59,790,0.001, 0.0192846, 0.0501073, 0.0624956, 0.0682848, 0.150009, 0.207636, 0.217698, 0.226883, 0.723625, 0.151829, 1, 

61,783,0.001, 0.0192846, 0.0501073, 0.0624956, 0.190755, 0.218676, 0.320821, 0.723625, 0.751977, 0.927486, 1, 

58,949,0.001, 0.0538563, 0.0551265, 0.0960958, 0.12651, 0.148162, 0.301797, 0.282177, 0.299849, 0.32824, 0.484109, 0.893939, 1, 

65,778,0.001, 0.0192846, 0.0501073, 0.0624956, 0.238564, 0.274575, 0.277646, 0.224295, 0.235444, 0.252829, 0.291681, 0.770975, 0.948683, 0.999497, 1, 

66,734,0.001, 0.0408633, 0.0573066, 0.0574685, 0.122569, 0.0704125, 0.186687, 0.189398, 0.224295, 0.235444, 0.252829, 0.619038, 0.657539, 0.696086, 0.813897, 1, 

Generation #8
59,790,0.001, 0.0192846, 0.0501073, 0.0624956, 0.0682848, 0.150009, 0.207636, 0.217698, 0.226883, 0.723625, 0.151829, 1, 

61,783,0.001, 0.0192846, 0.0501073, 0.0624956, 0.190755, 0.218676, 0.320821, 0.723625, 0.751977, 0.927486, 1, 

66,734,0.001, 0.0408633, 0.0573066, 0.0574685, 0.122569, 0.0704125, 0.186687, 0.189398, 0.224295, 0.235444, 0.252829, 0.619038, 0.657539, 0.696086, 0.813897, 1, 

57,833,0.001, 0.0192846, 0.0508409, 0.0808459, 0.135049, 0.164696, 0.277646, 0.409968, 0.32824, 0.484109, 0.893939, 1, 

63,773,0.001, 0.0192846, 0.0501073, 0.0624956, 0.0682848, 0.150009, 0.207636, 0.217698, 0.226883, 0.723625, 0.151829, 1, 

Generation #9
59,790,0.001, 0.0192846, 0.0501073, 0.0624956, 0.0682848, 0.150009, 0.207636, 0.217698, 0.226883, 0.723625, 0.151829, 1, 

61,783,0.001, 0.0192846, 0.0501073, 0.0624956, 0.190755, 0.218676, 0.320821, 0.723625, 0.751977, 0.927486, 1, 

66,734,0.001, 0.0408633, 0.0573066, 0.0574685, 0.122569, 0.0704125, 0.186687, 0.189398, 0.224295, 0.235444, 0.252829, 0.619038, 0.657539, 0.696086, 0.813897, 1, 

57,833,0.001, 0.0192846, 0.0508409, 0.0808459, 0.135049, 0.164696, 0.277646, 0.409968, 0.32824, 0.484109, 0.893939, 1, 

63,773,0.001, 0.0192846, 0.0501073, 0.0624956, 0.0682848, 0.150009, 0.207636, 0.217698, 0.226883, 0.723625, 0.151829, 1, 

60,785,0.001, 0.0192846, 0.0501073, 0.0624956, 0.190755, 0.218676, 0.207636, 0.217698, 0.226883, 0.723625, 0.151829, 1, 

Generation #10
59,790,0.001, 0.0192846, 0.0501073, 0.0624956, 0.0682848, 0.150009, 0.207636, 0.217698, 0.226883, 0.723625, 0.151829, 1, 

61,783,0.001, 0.0192846, 0.0501073, 0.0624956, 0.190755, 0.218676, 0.320821, 0.723625, 0.751977, 0.927486, 1, 

66,734,0.001, 0.0408633, 0.0573066, 0.0574685, 0.122569, 0.0704125, 0.186687, 0.189398, 0.224295, 0.235444, 0.252829, 0.619038, 0.657539, 0.696086, 0.813897, 1, 

57,833,0.001, 0.0192846, 0.0508409, 0.0808459, 0.135049, 0.164696, 0.277646, 0.409968, 0.32824, 0.484109, 0.893939, 1, 

63,773,0.001, 0.0192846, 0.0501073, 0.0624956, 0.0682848, 0.150009, 0.207636, 0.217698, 0.226883, 0.723625, 0.151829, 1, 

60,785,0.001, 0.0192846, 0.0501073, 0.0624956, 0.190755, 0.218676, 0.207636, 0.217698, 0.226883, 0.723625, 0.151829, 1, 

Generation #11
59,790,0.001, 0.0192846, 0.0501073, 0.0624956, 0.0682848, 0.150009, 0.207636, 0.217698, 0.226883, 0.723625, 0.151829, 1, 

61,783,0.001, 0.0192846, 0.0501073, 0.0624956, 0.190755, 0.218676, 0.320821, 0.723625, 0.751977, 0.927486, 1, 

66,734,0.001, 0.0408633, 0.0573066, 0.0574685, 0.122569, 0.0704125, 0.186687, 0.189398, 0.224295, 0.235444, 0.252829, 0.619038, 0.657539, 0.696086, 0.813897, 1, 

57,833,0.001, 0.0192846, 0.0508409, 0.0808459, 0.135049, 0.164696, 0.277646, 0.409968, 0.32824, 0.484109, 0.893939, 1, 

60,785,0.001, 0.0192846, 0.0501073, 0.0624956, 0.190755, 0.218676, 0.207636, 0.217698, 0.226883, 0.723625, 0.151829, 1, 

63,770,0.001, 0.0192846, 0.0501073, 0.0574685, 0.0682848, 0.150009, 0.207636, 0.217698, 0.226883, 0.269085, 0.252829, 0.619038, 0.657539, 0.696086, 0.813897, 1, 

Generation #12
59,790,0.001, 0.0192846, 0.0501073, 0.0624956, 0.0682848, 0.150009, 0.207636, 0.217698, 0.226883, 0.723625, 0.151829, 1, 

61,783,0.001, 0.0192846, 0.0501073, 0.0624956, 0.190755, 0.218676, 0.320821, 0.723625, 0.751977, 0.927486, 1, 

66,734,0.001, 0.0408633, 0.0573066, 0.0574685, 0.122569, 0.0704125, 0.186687, 0.189398, 0.224295, 0.235444, 0.252829, 0.619038, 0.657539, 0.696086, 0.813897, 1, 

57,833,0.001, 0.0192846, 0.0508409, 0.0808459, 0.135049, 0.164696, 0.277646, 0.409968, 0.32824, 0.484109, 0.893939, 1, 

60,785,0.001, 0.0192846, 0.0501073, 0.0624956, 0.190755, 0.218676, 0.207636, 0.217698, 0.226883, 0.723625, 0.151829, 1, 

63,770,0.001, 0.0192846, 0.0501073, 0.0574685, 0.0682848, 0.150009, 0.207636, 0.217698, 0.226883, 0.269085, 0.252829, 0.619038, 0.657539, 0.696086, 0.813897, 1, 

58,799,0.001, 0.0430076, 0.0508409, 0.0624956, 0.0682848, 0.150009, 0.207636, 0.217698, 0.226883, 0.484109, 0.893939, 1, 

Generation #13
59,790,0.001, 0.0192846, 0.0501073, 0.0624956, 0.0682848, 0.150009, 0.207636, 0.217698, 0.226883, 0.723625, 0.151829, 1, 

61,783,0.001, 0.0192846, 0.0501073, 0.0624956, 0.190755, 0.218676, 0.320821, 0.723625, 0.751977, 0.927486, 1, 

66,734,0.001, 0.0408633, 0.0573066, 0.0574685, 0.122569, 0.0704125, 0.186687, 0.189398, 0.224295, 0.235444, 0.252829, 0.619038, 0.657539, 0.696086, 0.813897, 1, 

57,833,0.001, 0.0192846, 0.0508409, 0.0808459, 0.135049, 0.164696, 0.277646, 0.409968, 0.32824, 0.484109, 0.893939, 1, 

60,785,0.001, 0.0192846, 0.0501073, 0.0624956, 0.190755, 0.218676, 0.207636, 0.217698, 0.226883, 0.723625, 0.151829, 1, 

63,770,0.001, 0.0192846, 0.0501073, 0.0574685, 0.0682848, 0.150009, 0.207636, 0.217698, 0.226883, 0.269085, 0.252829, 0.619038, 0.657539, 0.696086, 0.813897, 1, 

58,799,0.001, 0.0430076, 0.0508409, 0.0624956, 0.0682848, 0.150009, 0.207636, 0.217698, 0.226883, 0.484109, 0.893939, 1, 

55,920,0.001, 0.0408633, 0.0501073, 0.0624956, 0.0682848, 0.207636, 0.226883, 0.498231, 0.491226, 0.751977, 1, 

Generation #14
59,790,0.001, 0.0192846, 0.0501073, 0.0624956, 0.0682848, 0.150009, 0.207636, 0.217698, 0.226883, 0.723625, 0.151829, 1, 

61,783,0.001, 0.0192846, 0.0501073, 0.0624956, 0.190755, 0.218676, 0.320821, 0.723625, 0.751977, 0.927486, 1, 

66,734,0.001, 0.0408633, 0.0573066, 0.0574685, 0.122569, 0.0704125, 0.186687, 0.189398, 0.224295, 0.235444, 0.252829, 0.619038, 0.657539, 0.696086, 0.813897, 1, 

57,833,0.001, 0.0192846, 0.0508409, 0.0808459, 0.135049, 0.164696, 0.277646, 0.409968, 0.32824, 0.484109, 0.893939, 1, 

60,785,0.001, 0.0192846, 0.0501073, 0.0624956, 0.190755, 0.218676, 0.207636, 0.217698, 0.226883, 0.723625, 0.151829, 1, 

63,770,0.001, 0.0192846, 0.0501073, 0.0574685, 0.0682848, 0.150009, 0.207636, 0.217698, 0.226883, 0.269085, 0.252829, 0.619038, 0.657539, 0.696086, 0.813897, 1, 

58,799,0.001, 0.0430076, 0.0508409, 0.0624956, 0.0682848, 0.150009, 0.207636, 0.217698, 0.226883, 0.484109, 0.893939, 1, 

55,920,0.001, 0.0408633, 0.0501073, 0.0624956, 0.0682848, 0.207636, 0.226883, 0.498231, 0.491226, 0.751977, 1, 

Generation #15
59,790,0.001, 0.0192846, 0.0501073, 0.0624956, 0.0682848, 0.150009, 0.207636, 0.217698, 0.226883, 0.723625, 0.151829, 1, 

61,783,0.001, 0.0192846, 0.0501073, 0.0624956, 0.190755, 0.218676, 0.320821, 0.723625, 0.751977, 0.927486, 1, 

66,734,0.001, 0.0408633, 0.0573066, 0.0574685, 0.122569, 0.0704125, 0.186687, 0.189398, 0.224295, 0.235444, 0.252829, 0.619038, 0.657539, 0.696086, 0.813897, 1, 

57,833,0.001, 0.0192846, 0.0508409, 0.0808459, 0.135049, 0.164696, 0.277646, 0.409968, 0.32824, 0.484109, 0.893939, 1, 

60,785,0.001, 0.0192846, 0.0501073, 0.0624956, 0.190755, 0.218676, 0.207636, 0.217698, 0.226883, 0.723625, 0.151829, 1, 

58,799,0.001, 0.0430076, 0.0508409, 0.0624956, 0.0682848, 0.150009, 0.207636, 0.217698, 0.226883, 0.484109, 0.893939, 1, 

55,920,0.001, 0.0408633, 0.0501073, 0.0624956, 0.0682848, 0.207636, 0.226883, 0.498231, 0.491226, 0.751977, 1, 

62,759,0.001, 0.0336957, 0.0508409, 0.0624956, 0.0682848, 0.150009, 0.207636, 0.217698, 0.226883, 0.484109, 0.893939, 1, 
