------------d=1, t=2, lambda=1, filename=./evaluation/Wireless/Wireless_2_1.csv------------
Computing partitioned counts of d-sets...
Ready to look at pairs based on partitioned counts...
First Stage N=45, Time=22
There are 9914 remaining non-locating pairs
--- Running Conditional Expectation Algorithm (phase2_ce) for Locating ---
  (CE) Initial N_target calculated as: 161 (M=45)
  (CE) Row 46 built. 8426 pairs remaining to distinguish.
  (CE) Row 47 built. 7333 pairs remaining to distinguish.
  (CE) Row 48 built. 6427 pairs remaining to distinguish.
  (CE) Row 49 built. 5456 pairs remaining to distinguish.
  (CE) Row 50 built. 4691 pairs remaining to distinguish.
  (CE) Row 51 built. 4010 pairs remaining to distinguish.
  (CE) Row 52 built. 3441 pairs remaining to distinguish.
  (CE) Row 53 built. 2895 pairs remaining to distinguish.
  (CE) Row 54 built. 2471 pairs remaining to distinguish.
  (CE) Row 55 built. 2077 pairs remaining to distinguish.
  (CE) Row 56 built. 1760 pairs remaining to distinguish.
  (CE) Row 57 built. 1555 pairs remaining to distinguish.
  (CE) Row 58 built. 1308 pairs remaining to distinguish.
  (CE) Row 59 built. 1121 pairs remaining to distinguish.
  (CE) Row 60 built. 940 pairs remaining to distinguish.
  (CE) Row 61 built. 809 pairs remaining to distinguish.
  (CE) Row 62 built. 667 pairs remaining to distinguish.
  (CE) Row 63 built. 561 pairs remaining to distinguish.
  (CE) Row 64 built. 479 pairs remaining to distinguish.
  (CE) Row 65 built. 388 pairs remaining to distinguish.
  (CE) Row 66 built. 316 pairs remaining to distinguish.
  (CE) Row 67 built. 237 pairs remaining to distinguish.
  (CE) Row 68 built. 199 pairs remaining to distinguish.
  (CE) Row 69 built. 165 pairs remaining to distinguish.
  (CE) Row 70 built. 130 pairs remaining to distinguish.
  (CE) Row 71 built. 105 pairs remaining to distinguish.
  (CE) Row 72 built. 83 pairs remaining to distinguish.
  (CE) Row 73 built. 60 pairs remaining to distinguish.
  (CE) Row 74 built. 47 pairs remaining to distinguish.
  (CE) Row 75 built. 33 pairs remaining to distinguish.
  (CE) Row 76 built. 21 pairs remaining to distinguish.
  (CE) Row 77 built. 12 pairs remaining to distinguish.
  (CE) Row 78 built. 6 pairs remaining to distinguish.
  (CE) Row 79 built. 1 pairs remaining to distinguish.
  (CE) Row 80 built. 0 pairs remaining to distinguish.
--- Pareto Front Solutions ---
Solution 0: N total=80 (N_initial=45, N_added=35), Time total=4616 ms, Saved to: ./results/Wireless_t2_l1_pareto_0.csv, percents=1, 

------------d=1, t=2, lambda=2, filename=./evaluation/Wireless/Wireless_2_2.csv------------
Computing partitioned counts of d-sets...
Ready to look at pairs based on partitioned counts...
First Stage N=80, Time=10
There are 437 remaining non-locating pairs
--- Running Conditional Expectation Algorithm (phase2_ce) for Locating ---
  (CE) Initial N_target calculated as: 201 (M=80)
  (CE) Row 81 built. 437 pairs remaining to distinguish.
  (CE) Row 82 built. 432 pairs remaining to distinguish.
  (CE) Row 83 built. 419 pairs remaining to distinguish.
  (CE) Row 84 built. 409 pairs remaining to distinguish.
  (CE) Row 85 built. 397 pairs remaining to distinguish.
  (CE) Row 86 built. 380 pairs remaining to distinguish.
  (CE) Row 87 built. 365 pairs remaining to distinguish.
  (CE) Row 88 built. 347 pairs remaining to distinguish.
  (CE) Row 89 built. 336 pairs remaining to distinguish.
  (CE) Row 90 built. 315 pairs remaining to distinguish.
  (CE) Row 91 built. 294 pairs remaining to distinguish.
  (CE) Row 92 built. 277 pairs remaining to distinguish.
  (CE) Row 93 built. 260 pairs remaining to distinguish.
  (CE) Row 94 built. 241 pairs remaining to distinguish.
  (CE) Row 95 built. 222 pairs remaining to distinguish.
  (CE) Row 96 built. 199 pairs remaining to distinguish.
  (CE) Row 97 built. 176 pairs remaining to distinguish.
  (CE) Row 98 built. 157 pairs remaining to distinguish.
  (CE) Row 99 built. 142 pairs remaining to distinguish.
  (CE) Row 100 built. 120 pairs remaining to distinguish.
  (CE) Row 101 built. 103 pairs remaining to distinguish.
  (CE) Row 102 built. 85 pairs remaining to distinguish.
  (CE) Row 103 built. 68 pairs remaining to distinguish.
  (CE) Row 104 built. 51 pairs remaining to distinguish.
  (CE) Row 105 built. 38 pairs remaining to distinguish.
  (CE) Row 106 built. 29 pairs remaining to distinguish.
  (CE) Row 107 built. 20 pairs remaining to distinguish.
  (CE) Row 108 built. 11 pairs remaining to distinguish.
  (CE) Row 109 built. 7 pairs remaining to distinguish.
  (CE) Row 110 built. 3 pairs remaining to distinguish.
  (CE) Row 111 built. 1 pairs remaining to distinguish.
  (CE) Row 112 built. 0 pairs remaining to distinguish.
--- Pareto Front Solutions ---
Solution 0: N total=112 (N_initial=80, N_added=32), Time total=422 ms, Saved to: ./results/Wireless_t2_l2_pareto_0.csv, percents=1, 

------------d=1, t=2, lambda=3, filename=./evaluation/Wireless/Wireless_2_3.csv------------
Computing partitioned counts of d-sets...
Ready to look at pairs based on partitioned counts...
First Stage N=105, Time=9
There are 414 remaining non-locating pairs
--- Running Conditional Expectation Algorithm (phase2_ce) for Locating ---
  (CE) Initial N_target calculated as: 255 (M=105)
  (CE) Row 106 built. 411 pairs remaining to distinguish.
  (CE) Row 107 built. 411 pairs remaining to distinguish.
  (CE) Row 108 built. 409 pairs remaining to distinguish.
  (CE) Row 109 built. 407 pairs remaining to distinguish.
  (CE) Row 110 built. 403 pairs remaining to distinguish.
  (CE) Row 111 built. 402 pairs remaining to distinguish.
  (CE) Row 112 built. 402 pairs remaining to distinguish.
  (CE) Row 113 built. 399 pairs remaining to distinguish.
  (CE) Row 114 built. 394 pairs remaining to distinguish.
  (CE) Row 115 built. 392 pairs remaining to distinguish.
  (CE) Row 116 built. 389 pairs remaining to distinguish.
  (CE) Row 117 built. 380 pairs remaining to distinguish.
  (CE) Row 118 built. 373 pairs remaining to distinguish.
  (CE) Row 119 built. 363 pairs remaining to distinguish.
  (CE) Row 120 built. 359 pairs remaining to distinguish.
  (CE) Row 121 built. 353 pairs remaining to distinguish.
  (CE) Row 122 built. 348 pairs remaining to distinguish.
  (CE) Row 123 built. 338 pairs remaining to distinguish.
  (CE) Row 124 built. 325 pairs remaining to distinguish.
  (CE) Row 125 built. 320 pairs remaining to distinguish.
  (CE) Row 126 built. 301 pairs remaining to distinguish.
  (CE) Row 127 built. 290 pairs remaining to distinguish.
  (CE) Row 128 built. 286 pairs remaining to distinguish.
  (CE) Row 129 built. 275 pairs remaining to distinguish.
  (CE) Row 130 built. 261 pairs remaining to distinguish.
  (CE) Row 131 built. 252 pairs remaining to distinguish.
  (CE) Row 132 built. 238 pairs remaining to distinguish.
  (CE) Row 133 built. 223 pairs remaining to distinguish.
  (CE) Row 134 built. 203 pairs remaining to distinguish.
  (CE) Row 135 built. 185 pairs remaining to distinguish.
  (CE) Row 136 built. 162 pairs remaining to distinguish.
  (CE) Row 137 built. 139 pairs remaining to distinguish.
  (CE) Row 138 built. 119 pairs remaining to distinguish.
  (CE) Row 139 built. 99 pairs remaining to distinguish.
  (CE) Row 140 built. 82 pairs remaining to distinguish.
  (CE) Row 141 built. 69 pairs remaining to distinguish.
  (CE) Row 142 built. 57 pairs remaining to distinguish.
  (CE) Row 143 built. 45 pairs remaining to distinguish.
  (CE) Row 144 built. 35 pairs remaining to distinguish.
  (CE) Row 145 built. 27 pairs remaining to distinguish.
  (CE) Row 146 built. 19 pairs remaining to distinguish.
  (CE) Row 147 built. 14 pairs remaining to distinguish.
  (CE) Row 148 built. 10 pairs remaining to distinguish.
  (CE) Row 149 built. 5 pairs remaining to distinguish.
  (CE) Row 150 built. 3 pairs remaining to distinguish.
  (CE) Row 151 built. 0 pairs remaining to distinguish.
--- Pareto Front Solutions ---
Solution 0: N total=151 (N_initial=105, N_added=46), Time total=707 ms, Saved to: ./results/Wireless_t2_l3_pareto_0.csv, percents=1, 

------------d=1, t=2, lambda=4, filename=./evaluation/Wireless/Wireless_2_4.csv------------
Computing partitioned counts of d-sets...
Ready to look at pairs based on partitioned counts...
First Stage N=120, Time=9
There are 490 remaining non-locating pairs
--- Running Conditional Expectation Algorithm (phase2_ce) for Locating ---
  (CE) Initial N_target calculated as: 302 (M=120)
  (CE) Row 121 built. 490 pairs remaining to distinguish.
  (CE) Row 122 built. 490 pairs remaining to distinguish.
  (CE) Row 123 built. 490 pairs remaining to distinguish.
  (CE) Row 124 built. 490 pairs remaining to distinguish.
  (CE) Row 125 built. 490 pairs remaining to distinguish.
  (CE) Row 126 built. 490 pairs remaining to distinguish.
  (CE) Row 127 built. 489 pairs remaining to distinguish.
  (CE) Row 128 built. 489 pairs remaining to distinguish.
  (CE) Row 129 built. 487 pairs remaining to distinguish.
  (CE) Row 130 built. 487 pairs remaining to distinguish.
  (CE) Row 131 built. 486 pairs remaining to distinguish.
  (CE) Row 132 built. 485 pairs remaining to distinguish.
  (CE) Row 133 built. 484 pairs remaining to distinguish.
  (CE) Row 134 built. 484 pairs remaining to distinguish.
  (CE) Row 135 built. 484 pairs remaining to distinguish.
  (CE) Row 136 built. 482 pairs remaining to distinguish.
  (CE) Row 137 built. 481 pairs remaining to distinguish.
  (CE) Row 138 built. 477 pairs remaining to distinguish.
  (CE) Row 139 built. 474 pairs remaining to distinguish.
  (CE) Row 140 built. 467 pairs remaining to distinguish.
  (CE) Row 141 built. 466 pairs remaining to distinguish.
  (CE) Row 142 built. 461 pairs remaining to distinguish.
  (CE) Row 143 built. 456 pairs remaining to distinguish.
  (CE) Row 144 built. 447 pairs remaining to distinguish.
  (CE) Row 145 built. 441 pairs remaining to distinguish.
  (CE) Row 146 built. 427 pairs remaining to distinguish.
  (CE) Row 147 built. 417 pairs remaining to distinguish.
  (CE) Row 148 built. 409 pairs remaining to distinguish.
  (CE) Row 149 built. 403 pairs remaining to distinguish.
  (CE) Row 150 built. 396 pairs remaining to distinguish.
  (CE) Row 151 built. 385 pairs remaining to distinguish.
  (CE) Row 152 built. 372 pairs remaining to distinguish.
  (CE) Row 153 built. 354 pairs remaining to distinguish.
  (CE) Row 154 built. 334 pairs remaining to distinguish.
  (CE) Row 155 built. 324 pairs remaining to distinguish.
  (CE) Row 156 built. 316 pairs remaining to distinguish.
  (CE) Row 157 built. 297 pairs remaining to distinguish.
  (CE) Row 158 built. 279 pairs remaining to distinguish.
  (CE) Row 159 built. 264 pairs remaining to distinguish.
  (CE) Row 160 built. 246 pairs remaining to distinguish.
  (CE) Row 161 built. 235 pairs remaining to distinguish.
  (CE) Row 162 built. 214 pairs remaining to distinguish.
  (CE) Row 163 built. 198 pairs remaining to distinguish.
  (CE) Row 164 built. 180 pairs remaining to distinguish.
  (CE) Row 165 built. 170 pairs remaining to distinguish.
  (CE) Row 166 built. 156 pairs remaining to distinguish.
  (CE) Row 167 built. 147 pairs remaining to distinguish.
  (CE) Row 168 built. 121 pairs remaining to distinguish.
  (CE) Row 169 built. 111 pairs remaining to distinguish.
  (CE) Row 170 built. 97 pairs remaining to distinguish.
  (CE) Row 171 built. 80 pairs remaining to distinguish.
  (CE) Row 172 built. 63 pairs remaining to distinguish.
  (CE) Row 173 built. 51 pairs remaining to distinguish.
  (CE) Row 174 built. 42 pairs remaining to distinguish.
  (CE) Row 175 built. 33 pairs remaining to distinguish.
  (CE) Row 176 built. 25 pairs remaining to distinguish.
  (CE) Row 177 built. 18 pairs remaining to distinguish.
  (CE) Row 178 built. 14 pairs remaining to distinguish.
  (CE) Row 179 built. 9 pairs remaining to distinguish.
  (CE) Row 180 built. 6 pairs remaining to distinguish.
  (CE) Row 181 built. 4 pairs remaining to distinguish.
  (CE) Row 182 built. 2 pairs remaining to distinguish.
  (CE) Row 183 built. 1 pairs remaining to distinguish.
  (CE) Row 184 built. 0 pairs remaining to distinguish.
--- Pareto Front Solutions ---
Solution 0: N total=184 (N_initial=120, N_added=64), Time total=1230 ms, Saved to: ./results/Wireless_t2_l4_pareto_0.csv, percents=1, 

