------------d=1, t=2, lambda=1, filename=./evaluation/Wireless/Wireless_2_1.csv------------
Grouping d-sets by partitioned row counts for detecting arrays...
Ready to look at pairs for detecting arrays...
First Stage N=45, Time=19
There are 57665 remaining non-locating pairs
--- Running GA Algorithm (phase2) ---
Running GA with std::execution::par
Generation #0
75,9044,0.001, 0.122355, 0.29636, 0.3164, 0.317224, 0.363569, 0.59103, 0.608451, 0.703648, 0.747676, 0.898587, 0.996025, 1, 

74,11904,0.001, 0.142675, 0.144645, 0.243401, 0.419488, 0.422539, 0.551303, 0.673079, 0.81168, 0.95616, 0.981794, 1, 

73,18480,0.001, 0.221124, 0.229578, 0.248151, 0.317247, 0.437383, 0.444051, 0.643865, 0.749881, 0.83435, 0.852734, 1, 

79,5489,0.001, 0.0537338, 0.106666, 0.111303, 0.348809, 0.39629, 0.452333, 0.476821, 0.529451, 0.635177, 0.648952, 0.726148, 0.943837, 0.951523, 1, 

85,3014,0.001, 0.016831, 0.0528152, 0.0980615, 0.106911, 0.119235, 0.150345, 0.17776, 0.247358, 0.299091, 0.400537, 0.470213, 0.492376, 0.576229, 0.613618, 0.67643, 0.75629, 0.776041, 0.831382, 0.839098, 0.844438, 0.957415, 0.970357, 1, 

80,3655,0.001, 0.0141455, 0.0218816, 0.0456565, 0.126535, 0.171676, 0.223503, 0.360442, 0.365705, 0.45636, 0.479251, 0.508095, 0.573131, 0.69156, 0.698453, 0.828251, 0.841254, 0.951562, 1, 

83,3036,0.001, 0.017851, 0.0501659, 0.0513067, 0.110065, 0.137015, 0.159559, 0.187127, 0.248876, 0.279032, 0.421249, 0.482314, 0.608711, 0.629831, 0.648283, 0.693314, 0.753794, 0.76718, 0.888482, 0.910419, 0.911522, 1, 

77,5863,0.001, 0.0485364, 0.0638381, 0.103473, 0.112512, 0.157387, 0.207509, 0.233497, 0.34024, 0.425078, 0.623749, 0.642961, 0.77327, 0.821051, 0.86027, 0.97724, 1, 

Generation #1
72,2637,0.001, 0.00749773, 0.0835864, 0.148514, 0.148878, 0.159123, 0.176135, 0.202599, 0.273822, 0.279, 0.303305, 0.915786, 1, 

75,2173,0.001, 0.016831, 0.0528152, 0.0980615, 0.106911, 0.119235, 0.150345, 0.17776, 0.247358, 0.299091, 0.400537, 0.470213, 0.492376, 0.955158, 1, 

Generation #2
72,2637,0.001, 0.00749773, 0.0835864, 0.148514, 0.148878, 0.159123, 0.176135, 0.202599, 0.273822, 0.279, 0.303305, 0.915786, 1, 

74,2190,0.001, 0.017851, 0.0501659, 0.0513067, 0.110065, 0.137015, 0.159559, 0.578588, 0.814896, 0.815772, 1, 

82,1632,0.001, 0.017851, 0.0528152, 0.0980615, 0.106911, 0.119235, 0.209852, 0.273465, 0.273585, 0.353292, 0.465657, 0.369654, 0.382673, 0.445377, 0.560908, 0.596095, 0.596417, 0.640819, 0.656873, 0.664519, 0.701615, 0.738495, 0.911522, 1, 

75,1909,0.001, 0.016831, 0.0528152, 0.0980615, 0.106911, 0.119235, 0.620769, 0.816555, 0.932469, 0.993654, 1, 

76,1756,0.001, 0.016774, 0.0392133, 0.0765168, 0.109886, 0.119161, 0.216399, 0.246362, 0.302584, 0.345675, 0.346068, 0.470213, 0.492376, 0.955158, 1, 

73,2604,0.001, 0.0219461, 0.0827891, 0.108354, 0.371203, 0.465486, 0.467519, 0.710549, 0.979017, 1, 

Generation #3
76,1756,0.001, 0.016774, 0.0392133, 0.0765168, 0.109886, 0.119161, 0.216399, 0.246362, 0.302584, 0.345675, 0.346068, 0.470213, 0.492376, 0.955158, 1, 

77,1569,0.001, 0.016774, 0.0547898, 0.114905, 0.167029, 0.204664, 0.207509, 0.233497, 0.34024, 0.425078, 0.623749, 0.642961, 0.77327, 0.821051, 0.86027, 0.983421, 0.701407, 0.949534, 1, 

72,2521,0.0219461, 0.0261442, 0.0262016, 0.0663368, 0.100799, 0.164494, 0.217953, 0.607083, 0.793639, 1, 

74,1776,0.001, 0.0141455, 0.0218816, 0.0456565, 0.171676, 0.223503, 0.360442, 0.365705, 0.968928, 0.45636, 1, 

Generation #4
76,1756,0.001, 0.016774, 0.0392133, 0.0765168, 0.109886, 0.119161, 0.216399, 0.246362, 0.302584, 0.345675, 0.346068, 0.470213, 0.492376, 0.955158, 1, 

77,1569,0.001, 0.016774, 0.0547898, 0.114905, 0.167029, 0.204664, 0.207509, 0.233497, 0.34024, 0.425078, 0.623749, 0.642961, 0.77327, 0.821051, 0.86027, 0.983421, 0.701407, 0.949534, 1, 

74,1776,0.001, 0.0141455, 0.0218816, 0.0456565, 0.171676, 0.223503, 0.360442, 0.365705, 0.968928, 0.45636, 1, 

71,2500,0.001, 0.016774, 0.0547898, 0.114905, 0.167029, 0.206716, 0.275426, 0.710549, 0.979017, 1, 

73,2270,0.001, 0.0141455, 0.0218816, 0.0456565, 0.171676, 0.223503, 0.360442, 0.365705, 0.968928, 1, 

Generation #5
77,1569,0.001, 0.016774, 0.0547898, 0.114905, 0.167029, 0.204664, 0.207509, 0.233497, 0.34024, 0.425078, 0.623749, 0.642961, 0.77327, 0.821051, 0.86027, 0.983421, 0.701407, 0.949534, 1, 

71,1958,0.001, 0.017851, 0.0501659, 0.0513067, 0.110065, 0.137015, 0.467519, 0.710549, 0.979017, 1, 

73,1767,0.001, 0.016774, 0.0547898, 0.114905, 0.258401, 0.204664, 0.210881, 0.23582, 0.496676, 1, 

75,1666,0.001, 0.0219461, 0.0261442, 0.0262016, 0.0663368, 0.204664, 0.210881, 0.23582, 0.496676, 0.764687, 0.803333, 0.833078, 0.955158, 1, 

Generation #6
77,1569,0.001, 0.016774, 0.0547898, 0.114905, 0.167029, 0.204664, 0.207509, 0.233497, 0.34024, 0.425078, 0.623749, 0.642961, 0.77327, 0.821051, 0.86027, 0.983421, 0.701407, 0.949534, 1, 

71,1958,0.001, 0.017851, 0.0501659, 0.0513067, 0.110065, 0.137015, 0.467519, 0.710549, 0.979017, 1, 

73,1767,0.001, 0.016774, 0.0547898, 0.114905, 0.258401, 0.204664, 0.210881, 0.23582, 0.496676, 1, 

75,1666,0.001, 0.0219461, 0.0261442, 0.0262016, 0.0663368, 0.204664, 0.210881, 0.23582, 0.496676, 0.764687, 0.803333, 0.833078, 0.955158, 1, 

70,2006,0.001, 0.016774, 0.0547898, 0.0456565, 0.171676, 0.223503, 0.360442, 0.365705, 0.968928, 0.45636, 1, 

Generation #7
77,1569,0.001, 0.016774, 0.0547898, 0.114905, 0.167029, 0.204664, 0.207509, 0.233497, 0.34024, 0.425078, 0.623749, 0.642961, 0.77327, 0.821051, 0.86027, 0.983421, 0.701407, 0.949534, 1, 

71,1958,0.001, 0.017851, 0.0501659, 0.0513067, 0.110065, 0.137015, 0.467519, 0.710549, 0.979017, 1, 

73,1767,0.001, 0.016774, 0.0547898, 0.114905, 0.258401, 0.204664, 0.210881, 0.23582, 0.496676, 1, 

70,2006,0.001, 0.016774, 0.0547898, 0.0456565, 0.171676, 0.223503, 0.360442, 0.365705, 0.968928, 0.45636, 1, 

74,1656,0.001, 0.0141455, 0.0218816, 0.0456565, 0.171676, 0.223503, 0.467519, 0.710549, 0.979017, 1, 

Generation #8
77,1569,0.001, 0.016774, 0.0547898, 0.114905, 0.167029, 0.204664, 0.207509, 0.233497, 0.34024, 0.425078, 0.623749, 0.642961, 0.77327, 0.821051, 0.86027, 0.983421, 0.701407, 0.949534, 1, 

71,1958,0.001, 0.017851, 0.0501659, 0.0513067, 0.110065, 0.137015, 0.467519, 0.710549, 0.979017, 1, 

73,1767,0.001, 0.016774, 0.0547898, 0.114905, 0.258401, 0.204664, 0.210881, 0.23582, 0.496676, 1, 

70,2006,0.001, 0.016774, 0.0547898, 0.0456565, 0.171676, 0.223503, 0.360442, 0.365705, 0.968928, 0.45636, 1, 

74,1656,0.001, 0.0141455, 0.0218816, 0.0456565, 0.171676, 0.223503, 0.467519, 0.710549, 0.979017, 1, 

Generation #9
77,1569,0.001, 0.016774, 0.0547898, 0.114905, 0.167029, 0.204664, 0.207509, 0.233497, 0.34024, 0.425078, 0.623749, 0.642961, 0.77327, 0.821051, 0.86027, 0.983421, 0.701407, 0.949534, 1, 

71,1958,0.001, 0.017851, 0.0501659, 0.0513067, 0.110065, 0.137015, 0.467519, 0.710549, 0.979017, 1, 

73,1767,0.001, 0.016774, 0.0547898, 0.114905, 0.258401, 0.204664, 0.210881, 0.23582, 0.496676, 1, 

74,1656,0.001, 0.0141455, 0.0218816, 0.0456565, 0.171676, 0.223503, 0.467519, 0.710549, 0.979017, 1, 

70,1978,0.001, 0.0141455, 0.0547898, 0.114905, 0.167029, 0.206716, 0.294544, 0.45636, 0.793639, 0.0195497, 1, 

68,2144,0.001, 0.0141455, 0.0261442, 0.0262016, 0.0663368, 0.100799, 0.164494, 0.217953, 0.230267, 1, 

Generation #10
68,2144,0.001, 0.0141455, 0.0261442, 0.0262016, 0.0663368, 0.100799, 0.164494, 0.217953, 0.230267, 1, 

75,1547,0.001, 0.017851, 0.0501659, 0.0513067, 0.0663368, 0.100799, 0.164494, 0.217953, 0.230267, 0.239707, 1, 

70,1733,0.001, 0.016774, 0.0501659, 0.0513067, 0.0663368, 0.100799, 0.254485, 0.372164, 0.336302, 1, 

72,1646,0.001, 0.0219461, 0.0261442, 0.0262016, 0.0663368, 0.100799, 0.360442, 0.663164, 0.365705, 0.968928, 0.45636, 1, 

Generation #11
68,2144,0.001, 0.0141455, 0.0261442, 0.0262016, 0.0663368, 0.100799, 0.164494, 0.217953, 0.230267, 1, 

70,1567,0.001, 0.016774, 0.0547898, 0.114905, 0.110065, 0.137015, 0.159559, 0.246362, 0.302584, 0.783244, 1, 

74,1369,0.001, 0.0141455, 0.0261442, 0.0262016, 0.0663368, 0.204664, 0.210881, 0.23582, 0.496676, 0.764687, 0.803333, 0.833078, 0.955158, 1, 

69,2102,0.001, 0.016774, 0.0547898, 0.0456565, 0.171676, 0.223503, 0.360442, 0.365705, 0.793639, 0.0195497, 1, 

Generation #12
68,2144,0.001, 0.0141455, 0.0261442, 0.0262016, 0.0663368, 0.100799, 0.164494, 0.217953, 0.230267, 1, 

70,1567,0.001, 0.016774, 0.0547898, 0.114905, 0.110065, 0.137015, 0.159559, 0.246362, 0.302584, 0.783244, 1, 

74,1369,0.001, 0.0141455, 0.0261442, 0.0262016, 0.0663368, 0.204664, 0.210881, 0.23582, 0.496676, 0.764687, 0.803333, 0.833078, 0.955158, 1, 

69,2102,0.001, 0.016774, 0.0547898, 0.0456565, 0.171676, 0.223503, 0.360442, 0.365705, 0.793639, 0.0195497, 1, 

73,1420,0.001, 0.0141455, 0.0218816, 0.0456565, 0.109886, 0.119161, 0.216399, 0.246362, 0.302584, 0.621603, 0.783244, 1, 

Generation #13
68,2144,0.001, 0.0141455, 0.0261442, 0.0262016, 0.0663368, 0.100799, 0.164494, 0.217953, 0.230267, 1, 

70,1567,0.001, 0.016774, 0.0547898, 0.114905, 0.110065, 0.137015, 0.159559, 0.246362, 0.302584, 0.783244, 1, 

74,1369,0.001, 0.0141455, 0.0261442, 0.0262016, 0.0663368, 0.204664, 0.210881, 0.23582, 0.496676, 0.764687, 0.803333, 0.833078, 0.955158, 1, 

69,2102,0.001, 0.016774, 0.0547898, 0.0456565, 0.171676, 0.223503, 0.360442, 0.365705, 0.793639, 0.0195497, 1, 

73,1420,0.001, 0.0141455, 0.0218816, 0.0456565, 0.109886, 0.119161, 0.216399, 0.246362, 0.302584, 0.621603, 0.783244, 1, 

Generation #14
68,2144,0.001, 0.0141455, 0.0261442, 0.0262016, 0.0663368, 0.100799, 0.164494, 0.217953, 0.230267, 1, 

70,1567,0.001, 0.016774, 0.0547898, 0.114905, 0.110065, 0.137015, 0.159559, 0.246362, 0.302584, 0.783244, 1, 

74,1369,0.001, 0.0141455, 0.0261442, 0.0262016, 0.0663368, 0.204664, 0.210881, 0.23582, 0.496676, 0.764687, 0.803333, 0.833078, 0.955158, 1, 

73,1420,0.001, 0.0141455, 0.0218816, 0.0456565, 0.109886, 0.119161, 0.216399, 0.246362, 0.302584, 0.621603, 0.783244, 1, 

69,1838,0.001, 0.0141455, 0.0218816, 0.0456565, 0.171676, 0.223503, 0.216399, 0.246362, 0.302584, 0.783244, 1, 

Generation #15
68,2144,0.001, 0.0141455, 0.0261442, 0.0262016, 0.0663368, 0.100799, 0.164494, 0.217953, 0.230267, 1, 

70,1567,0.001, 0.016774, 0.0547898, 0.114905, 0.110065, 0.137015, 0.159559, 0.246362, 0.302584, 0.783244, 1, 

74,1369,0.001, 0.0141455, 0.0261442, 0.0262016, 0.0663368, 0.204664, 0.210881, 0.23582, 0.496676, 0.764687, 0.803333, 0.833078, 0.955158, 1, 

73,1420,0.001, 0.0141455, 0.0218816, 0.0456565, 0.109886, 0.119161, 0.216399, 0.246362, 0.302584, 0.621603, 0.783244, 1, 

69,1838,0.001, 0.0141455, 0.0218816, 0.0456565, 0.171676, 0.223503, 0.216399, 0.246362, 0.302584, 0.783244, 1, 

72,1466,0.001, 0.0141455, 0.0218816, 0.0456565, 0.109886, 0.119161, 0.216399, 0.246362, 0.302584, 0.621603, 0.783244, 1, 

Generation #16
68,2144,0.001, 0.0141455, 0.0261442, 0.0262016, 0.0663368, 0.100799, 0.164494, 0.217953, 0.230267, 1, 

70,1567,0.001, 0.016774, 0.0547898, 0.114905, 0.110065, 0.137015, 0.159559, 0.246362, 0.302584, 0.783244, 1, 

74,1369,0.001, 0.0141455, 0.0261442, 0.0262016, 0.0663368, 0.204664, 0.210881, 0.23582, 0.496676, 0.764687, 0.803333, 0.833078, 0.955158, 1, 

73,1420,0.001, 0.0141455, 0.0218816, 0.0456565, 0.109886, 0.119161, 0.216399, 0.246362, 0.302584, 0.621603, 0.783244, 1, 

69,1838,0.001, 0.0141455, 0.0218816, 0.0456565, 0.171676, 0.223503, 0.216399, 0.246362, 0.302584, 0.783244, 1, 

72,1466,0.001, 0.0141455, 0.0218816, 0.0456565, 0.109886, 0.119161, 0.216399, 0.246362, 0.302584, 0.621603, 0.783244, 1, 

Generation #17
68,2144,0.001, 0.0141455, 0.0261442, 0.0262016, 0.0663368, 0.100799, 0.164494, 0.217953, 0.230267, 1, 

70,1567,0.001, 0.016774, 0.0547898, 0.114905, 0.110065, 0.137015, 0.159559, 0.246362, 0.302584, 0.783244, 1, 

74,1369,0.001, 0.0141455, 0.0261442, 0.0262016, 0.0663368, 0.204664, 0.210881, 0.23582, 0.496676, 0.764687, 0.803333, 0.833078, 0.955158, 1, 

73,1420,0.001, 0.0141455, 0.0218816, 0.0456565, 0.109886, 0.119161, 0.216399, 0.246362, 0.302584, 0.621603, 0.783244, 1, 

72,1466,0.001, 0.0141455, 0.0218816, 0.0456565, 0.109886, 0.119161, 0.216399, 0.246362, 0.302584, 0.621603, 0.783244, 1, 

69,1568,0.001, 0.0141455, 0.0218816, 0.0262016, 0.0663368, 0.119161, 0.164494, 0.217953, 0.336302, 0.727243, 1, 

Generation #18
68,2144,0.001, 0.0141455, 0.0261442, 0.0262016, 0.0663368, 0.100799, 0.164494, 0.217953, 0.230267, 1, 

74,1369,0.001, 0.0141455, 0.0261442, 0.0262016, 0.0663368, 0.204664, 0.210881, 0.23582, 0.496676, 0.764687, 0.803333, 0.833078, 0.955158, 1, 

73,1420,0.001, 0.0141455, 0.0218816, 0.0456565, 0.109886, 0.119161, 0.216399, 0.246362, 0.302584, 0.621603, 0.783244, 1, 

72,1466,0.001, 0.0141455, 0.0218816, 0.0456565, 0.109886, 0.119161, 0.216399, 0.246362, 0.302584, 0.621603, 0.783244, 1, 

69,1559,0.001, 0.0141455, 0.0261442, 0.0262016, 0.0663368, 0.100799, 0.164494, 0.217953, 0.230267, 1, 

Generation #19
74,1369,0.001, 0.0141455, 0.0261442, 0.0262016, 0.0663368, 0.204664, 0.210881, 0.23582, 0.496676, 0.764687, 0.803333, 0.833078, 0.955158, 1, 

73,1420,0.001, 0.0141455, 0.0218816, 0.0456565, 0.109886, 0.119161, 0.216399, 0.246362, 0.302584, 0.621603, 0.783244, 1, 

72,1466,0.001, 0.0141455, 0.0218816, 0.0456565, 0.109886, 0.119161, 0.216399, 0.246362, 0.302584, 0.621603, 0.783244, 1, 

69,1559,0.001, 0.0141455, 0.0261442, 0.0262016, 0.0663368, 0.100799, 0.164494, 0.217953, 0.230267, 1, 

68,1689,0.001, 0.0141455, 0.0218816, 0.0456565, 0.0663368, 0.100799, 0.254485, 0.372164, 0.574595, 1, 

71,1548,0.001, 0.0141455, 0.0218816, 0.0262016, 0.0663368, 0.119161, 0.216399, 0.246362, 0.302584, 0.621603, 0.783244, 1, 

Generation #20
74,1369,0.001, 0.0141455, 0.0261442, 0.0262016, 0.0663368, 0.204664, 0.210881, 0.23582, 0.496676, 0.764687, 0.803333, 0.833078, 0.955158, 1, 

73,1420,0.001, 0.0141455, 0.0218816, 0.0456565, 0.109886, 0.119161, 0.216399, 0.246362, 0.302584, 0.621603, 0.783244, 1, 

72,1466,0.001, 0.0141455, 0.0218816, 0.0456565, 0.109886, 0.119161, 0.216399, 0.246362, 0.302584, 0.621603, 0.783244, 1, 

69,1559,0.001, 0.0141455, 0.0261442, 0.0262016, 0.0663368, 0.100799, 0.164494, 0.217953, 0.230267, 1, 

68,1689,0.001, 0.0141455, 0.0218816, 0.0456565, 0.0663368, 0.100799, 0.254485, 0.372164, 0.574595, 1, 

71,1548,0.001, 0.0141455, 0.0218816, 0.0262016, 0.0663368, 0.119161, 0.216399, 0.246362, 0.302584, 0.621603, 0.783244, 1, 

Generation #21
74,1369,0.001, 0.0141455, 0.0261442, 0.0262016, 0.0663368, 0.204664, 0.210881, 0.23582, 0.496676, 0.764687, 0.803333, 0.833078, 0.955158, 1, 

73,1420,0.001, 0.0141455, 0.0218816, 0.0456565, 0.109886, 0.119161, 0.216399, 0.246362, 0.302584, 0.621603, 0.783244, 1, 

72,1466,0.001, 0.0141455, 0.0218816, 0.0456565, 0.109886, 0.119161, 0.216399, 0.246362, 0.302584, 0.621603, 0.783244, 1, 

69,1559,0.001, 0.0141455, 0.0261442, 0.0262016, 0.0663368, 0.100799, 0.164494, 0.217953, 0.230267, 1, 

68,1689,0.001, 0.0141455, 0.0218816, 0.0456565, 0.0663368, 0.100799, 0.254485, 0.372164, 0.574595, 1, 

71,1548,0.001, 0.0141455, 0.0218816, 0.0262016, 0.0663368, 0.119161, 0.216399, 0.246362, 0.302584, 0.621603, 0.783244, 1, 

Generation #22
74,1369,0.001, 0.0141455, 0.0261442, 0.0262016, 0.0663368, 0.204664, 0.210881, 0.23582, 0.496676, 0.764687, 0.803333, 0.833078, 0.955158, 1, 

73,1420,0.001, 0.0141455, 0.0218816, 0.0456565, 0.109886, 0.119161, 0.216399, 0.246362, 0.302584, 0.621603, 0.783244, 1, 

72,1466,0.001, 0.0141455, 0.0218816, 0.0456565, 0.109886, 0.119161, 0.216399, 0.246362, 0.302584, 0.621603, 0.783244, 1, 

69,1559,0.001, 0.0141455, 0.0261442, 0.0262016, 0.0663368, 0.100799, 0.164494, 0.217953, 0.230267, 1, 

68,1689,0.001, 0.0141455, 0.0218816, 0.0456565, 0.0663368, 0.100799, 0.254485, 0.372164, 0.574595, 1, 

71,1539,0.001, 0.016774, 0.0218816, 0.0262016, 0.0663368, 0.100799, 0.164494, 0.217953, 0.230267, 1, 

Generation #23
69,1559,0.001, 0.0141455, 0.0261442, 0.0262016, 0.0663368, 0.100799, 0.164494, 0.217953, 0.230267, 1, 

71,1364,0.001, 0.0141455, 0.0261442, 0.0262016, 0.0663368, 0.100799, 0.164494, 0.372164, 0.336302, 1, 

68,1612,0.001, 0.0141455, 0.0218816, 0.0456565, 0.0663368, 0.100799, 0.164494, 0.217953, 0.230267, 1, 

Generation #24
69,1559,0.001, 0.0141455, 0.0261442, 0.0262016, 0.0663368, 0.100799, 0.164494, 0.217953, 0.230267, 1, 

71,1364,0.001, 0.0141455, 0.0261442, 0.0262016, 0.0663368, 0.100799, 0.164494, 0.372164, 0.336302, 1, 

68,1612,0.001, 0.0141455, 0.0218816, 0.0456565, 0.0663368, 0.100799, 0.164494, 0.217953, 0.230267, 1, 

70,1541,0.001, 0.017851, 0.0261442, 0.0262016, 0.0663368, 0.100799, 0.254485, 0.372164, 0.336302, 1, 

Generation #25
69,1559,0.001, 0.0141455, 0.0261442, 0.0262016, 0.0663368, 0.100799, 0.164494, 0.217953, 0.230267, 1, 

71,1364,0.001, 0.0141455, 0.0261442, 0.0262016, 0.0663368, 0.100799, 0.164494, 0.372164, 0.336302, 1, 

68,1612,0.001, 0.0141455, 0.0218816, 0.0456565, 0.0663368, 0.100799, 0.164494, 0.217953, 0.230267, 1, 

70,1541,0.001, 0.017851, 0.0261442, 0.0262016, 0.0663368, 0.100799, 0.254485, 0.372164, 0.336302, 1, 

75,1317,0.001, 0.0141455, 0.0218816, 0.0456565, 0.106911, 0.119235, 0.209852, 0.273465, 0.302584, 0.783244, 1, 

Generation #26
69,1559,0.001, 0.0141455, 0.0261442, 0.0262016, 0.0663368, 0.100799, 0.164494, 0.217953, 0.230267, 1, 

68,1612,0.001, 0.0141455, 0.0218816, 0.0456565, 0.0663368, 0.100799, 0.164494, 0.217953, 0.230267, 1, 

70,1358,0.001, 0.0141455, 0.0261442, 0.015843, 0.0663368, 0.100799, 0.164494, 0.217953, 0.230267, 1, 

72,1317,0.001, 0.0141455, 0.0261442, 0.0262016, 0.0663368, 0.100799, 0.159559, 0.246362, 0.302584, 0.783244, 1, 

Generation #27
69,1559,0.001, 0.0141455, 0.0261442, 0.0262016, 0.0663368, 0.100799, 0.164494, 0.217953, 0.230267, 1, 

68,1612,0.001, 0.0141455, 0.0218816, 0.0456565, 0.0663368, 0.100799, 0.164494, 0.217953, 0.230267, 1, 

70,1358,0.001, 0.0141455, 0.0261442, 0.015843, 0.0663368, 0.100799, 0.164494, 0.217953, 0.230267, 1, 

72,1317,0.001, 0.0141455, 0.0261442, 0.0262016, 0.0663368, 0.100799, 0.159559, 0.246362, 0.302584, 0.783244, 1, 

Generation #28
69,1559,0.001, 0.0141455, 0.0261442, 0.0262016, 0.0663368, 0.100799, 0.164494, 0.217953, 0.230267, 1, 

68,1612,0.001, 0.0141455, 0.0218816, 0.0456565, 0.0663368, 0.100799, 0.164494, 0.217953, 0.230267, 1, 

70,1358,0.001, 0.0141455, 0.0261442, 0.015843, 0.0663368, 0.100799, 0.164494, 0.217953, 0.230267, 1, 

72,1317,0.001, 0.0141455, 0.0261442, 0.0262016, 0.0663368, 0.100799, 0.159559, 0.246362, 0.302584, 0.783244, 1, 

Generation #29
69,1559,0.001, 0.0141455, 0.0261442, 0.0262016, 0.0663368, 0.100799, 0.164494, 0.217953, 0.230267, 1, 

68,1612,0.001, 0.0141455, 0.0218816, 0.0456565, 0.0663368, 0.100799, 0.164494, 0.217953, 0.230267, 1, 

70,1358,0.001, 0.0141455, 0.0261442, 0.015843, 0.0663368, 0.100799, 0.164494, 0.217953, 0.230267, 1, 

72,1317,0.001, 0.0141455, 0.0261442, 0.0262016, 0.0663368, 0.100799, 0.159559, 0.246362, 0.302584, 0.783244, 1, 

74,1239,0.001, 0.0141455, 0.0261442, 0.0262016, 0.0663368, 0.119161, 0.216399, 0.246362, 0.302584, 0.621603, 0.783244, 1, 

Generation #30
69,1559,0.001, 0.0141455, 0.0261442, 0.0262016, 0.0663368, 0.100799, 0.164494, 0.217953, 0.230267, 1, 

68,1612,0.001, 0.0141455, 0.0218816, 0.0456565, 0.0663368, 0.100799, 0.164494, 0.217953, 0.230267, 1, 

70,1358,0.001, 0.0141455, 0.0261442, 0.015843, 0.0663368, 0.100799, 0.164494, 0.217953, 0.230267, 1, 

72,1317,0.001, 0.0141455, 0.0261442, 0.0262016, 0.0663368, 0.100799, 0.159559, 0.246362, 0.302584, 0.783244, 1, 

74,1239,0.001, 0.0141455, 0.0261442, 0.0262016, 0.0663368, 0.119161, 0.216399, 0.246362, 0.302584, 0.621603, 0.783244, 1, 

Generation #31
69,1559,0.001, 0.0141455, 0.0261442, 0.0262016, 0.0663368, 0.100799, 0.164494, 0.217953, 0.230267, 1, 

68,1612,0.001, 0.0141455, 0.0218816, 0.0456565, 0.0663368, 0.100799, 0.164494, 0.217953, 0.230267, 1, 

70,1358,0.001, 0.0141455, 0.0261442, 0.015843, 0.0663368, 0.100799, 0.164494, 0.217953, 0.230267, 1, 

72,1317,0.001, 0.0141455, 0.0261442, 0.0262016, 0.0663368, 0.100799, 0.159559, 0.246362, 0.302584, 0.783244, 1, 

74,1239,0.001, 0.0141455, 0.0261442, 0.0262016, 0.0663368, 0.119161, 0.216399, 0.246362, 0.302584, 0.621603, 0.783244, 1, 

Generation #32
69,1559,0.001, 0.0141455, 0.0261442, 0.0262016, 0.0663368, 0.100799, 0.164494, 0.217953, 0.230267, 1, 

68,1612,0.001, 0.0141455, 0.0218816, 0.0456565, 0.0663368, 0.100799, 0.164494, 0.217953, 0.230267, 1, 

70,1358,0.001, 0.0141455, 0.0261442, 0.015843, 0.0663368, 0.100799, 0.164494, 0.217953, 0.230267, 1, 

72,1317,0.001, 0.0141455, 0.0261442, 0.0262016, 0.0663368, 0.100799, 0.159559, 0.246362, 0.302584, 0.783244, 1, 

74,1239,0.001, 0.0141455, 0.0261442, 0.0262016, 0.0663368, 0.119161, 0.216399, 0.246362, 0.302584, 0.621603, 0.783244, 1, 

Generation #33
69,1559,0.001, 0.0141455, 0.0261442, 0.0262016, 0.0663368, 0.100799, 0.164494, 0.217953, 0.230267, 1, 

68,1612,0.001, 0.0141455, 0.0218816, 0.0456565, 0.0663368, 0.100799, 0.164494, 0.217953, 0.230267, 1, 

70,1358,0.001, 0.0141455, 0.0261442, 0.015843, 0.0663368, 0.100799, 0.164494, 0.217953, 0.230267, 1, 

72,1317,0.001, 0.0141455, 0.0261442, 0.0262016, 0.0663368, 0.100799, 0.159559, 0.246362, 0.302584, 0.783244, 1, 

74,1239,0.001, 0.0141455, 0.0261442, 0.0262016, 0.0663368, 0.119161, 0.216399, 0.246362, 0.302584, 0.621603, 0.783244, 1, 

Generation #34
69,1559,0.001, 0.0141455, 0.0261442, 0.0262016, 0.0663368, 0.100799, 0.164494, 0.217953, 0.230267, 1, 

68,1612,0.001, 0.0141455, 0.0218816, 0.0456565, 0.0663368, 0.100799, 0.164494, 0.217953, 0.230267, 1, 

70,1358,0.001, 0.0141455, 0.0261442, 0.015843, 0.0663368, 0.100799, 0.164494, 0.217953, 0.230267, 1, 

72,1317,0.001, 0.0141455, 0.0261442, 0.0262016, 0.0663368, 0.100799, 0.159559, 0.246362, 0.302584, 0.783244, 1, 

74,1239,0.001, 0.0141455, 0.0261442, 0.0262016, 0.0663368, 0.119161, 0.216399, 0.246362, 0.302584, 0.621603, 0.783244, 1, 

67,1651,0.001, 0.0141455, 0.0218816, 0.0262016, 0.0663368, 0.119161, 0.216399, 0.246362, 0.302584, 0.621603, 0.783244, 1, 

Generation #35
68,1612,0.001, 0.0141455, 0.0218816, 0.0456565, 0.0663368, 0.100799, 0.164494, 0.217953, 0.230267, 1, 

70,1358,0.001, 0.0141455, 0.0261442, 0.015843, 0.0663368, 0.100799, 0.164494, 0.217953, 0.230267, 1, 

72,1317,0.001, 0.0141455, 0.0261442, 0.0262016, 0.0663368, 0.100799, 0.159559, 0.246362, 0.302584, 0.783244, 1, 

74,1239,0.001, 0.0141455, 0.0261442, 0.0262016, 0.0663368, 0.119161, 0.216399, 0.246362, 0.302584, 0.621603, 0.783244, 1, 

67,1651,0.001, 0.0141455, 0.0218816, 0.0262016, 0.0663368, 0.119161, 0.216399, 0.246362, 0.302584, 0.621603, 0.783244, 1, 

69,1527,0.001, 0.0141455, 0.0261442, 0.0262016, 0.106911, 0.209852, 0.164494, 0.217953, 0.239707, 1, 

71,1344,0.001, 0.0141455, 0.0218816, 0.0456565, 0.0663368, 0.100799, 0.164494, 0.217953, 0.230267, 1, 

Generation #36
68,1612,0.001, 0.0141455, 0.0218816, 0.0456565, 0.0663368, 0.100799, 0.164494, 0.217953, 0.230267, 1, 

70,1358,0.001, 0.0141455, 0.0261442, 0.015843, 0.0663368, 0.100799, 0.164494, 0.217953, 0.230267, 1, 

72,1317,0.001, 0.0141455, 0.0261442, 0.0262016, 0.0663368, 0.100799, 0.159559, 0.246362, 0.302584, 0.783244, 1, 

74,1239,0.001, 0.0141455, 0.0261442, 0.0262016, 0.0663368, 0.119161, 0.216399, 0.246362, 0.302584, 0.621603, 0.783244, 1, 

67,1651,0.001, 0.0141455, 0.0218816, 0.0262016, 0.0663368, 0.119161, 0.216399, 0.246362, 0.302584, 0.621603, 0.783244, 1, 

69,1527,0.001, 0.0141455, 0.0261442, 0.0262016, 0.106911, 0.209852, 0.164494, 0.217953, 0.239707, 1, 

71,1344,0.001, 0.0141455, 0.0218816, 0.0456565, 0.0663368, 0.100799, 0.164494, 0.217953, 0.230267, 1, 

Generation #37
68,1612,0.001, 0.0141455, 0.0218816, 0.0456565, 0.0663368, 0.100799, 0.164494, 0.217953, 0.230267, 1, 

70,1358,0.001, 0.0141455, 0.0261442, 0.015843, 0.0663368, 0.100799, 0.164494, 0.217953, 0.230267, 1, 

72,1317,0.001, 0.0141455, 0.0261442, 0.0262016, 0.0663368, 0.100799, 0.159559, 0.246362, 0.302584, 0.783244, 1, 

74,1239,0.001, 0.0141455, 0.0261442, 0.0262016, 0.0663368, 0.119161, 0.216399, 0.246362, 0.302584, 0.621603, 0.783244, 1, 

67,1651,0.001, 0.0141455, 0.0218816, 0.0262016, 0.0663368, 0.119161, 0.216399, 0.246362, 0.302584, 0.621603, 0.783244, 1, 

69,1527,0.001, 0.0141455, 0.0261442, 0.0262016, 0.106911, 0.209852, 0.164494, 0.217953, 0.239707, 1, 

71,1344,0.001, 0.0141455, 0.0218816, 0.0456565, 0.0663368, 0.100799, 0.164494, 0.217953, 0.230267, 1, 

Generation #38
68,1612,0.001, 0.0141455, 0.0218816, 0.0456565, 0.0663368, 0.100799, 0.164494, 0.217953, 0.230267, 1, 

70,1358,0.001, 0.0141455, 0.0261442, 0.015843, 0.0663368, 0.100799, 0.164494, 0.217953, 0.230267, 1, 

67,1651,0.001, 0.0141455, 0.0218816, 0.0262016, 0.0663368, 0.119161, 0.216399, 0.246362, 0.302584, 0.621603, 0.783244, 1, 

69,1527,0.001, 0.0141455, 0.0261442, 0.0262016, 0.106911, 0.209852, 0.164494, 0.217953, 0.239707, 1, 

71,1344,0.001, 0.0141455, 0.0218816, 0.0456565, 0.0663368, 0.100799, 0.164494, 0.217953, 0.230267, 1, 

72,1217,0.001, 0.0141455, 0.0218816, 0.0262016, 0.0663368, 0.119161, 0.305263, 0.216399, 0.246362, 0.239707, 1, 

Generation #39
68,1612,0.001, 0.0141455, 0.0218816, 0.0456565, 0.0663368, 0.100799, 0.164494, 0.217953, 0.230267, 1, 

70,1358,0.001, 0.0141455, 0.0261442, 0.015843, 0.0663368, 0.100799, 0.164494, 0.217953, 0.230267, 1, 

67,1651,0.001, 0.0141455, 0.0218816, 0.0262016, 0.0663368, 0.119161, 0.216399, 0.246362, 0.302584, 0.621603, 0.783244, 1, 

69,1527,0.001, 0.0141455, 0.0261442, 0.0262016, 0.106911, 0.209852, 0.164494, 0.217953, 0.239707, 1, 

71,1344,0.001, 0.0141455, 0.0218816, 0.0456565, 0.0663368, 0.100799, 0.164494, 0.217953, 0.230267, 1, 

72,1217,0.001, 0.0141455, 0.0218816, 0.0262016, 0.0663368, 0.119161, 0.305263, 0.216399, 0.246362, 0.239707, 1, 

Generation #40
68,1612,0.001, 0.0141455, 0.0218816, 0.0456565, 0.0663368, 0.100799, 0.164494, 0.217953, 0.230267, 1, 

70,1358,0.001, 0.0141455, 0.0261442, 0.015843, 0.0663368, 0.100799, 0.164494, 0.217953, 0.230267, 1, 

67,1651,0.001, 0.0141455, 0.0218816, 0.0262016, 0.0663368, 0.119161, 0.216399, 0.246362, 0.302584, 0.621603, 0.783244, 1, 

69,1527,0.001, 0.0141455, 0.0261442, 0.0262016, 0.106911, 0.209852, 0.164494, 0.217953, 0.239707, 1, 

71,1344,0.001, 0.0141455, 0.0218816, 0.0456565, 0.0663368, 0.100799, 0.164494, 0.217953, 0.230267, 1, 

72,1217,0.001, 0.0141455, 0.0218816, 0.0262016, 0.0663368, 0.119161, 0.305263, 0.216399, 0.246362, 0.239707, 1, 

Generation #41
68,1612,0.001, 0.0141455, 0.0218816, 0.0456565, 0.0663368, 0.100799, 0.164494, 0.217953, 0.230267, 1, 

70,1358,0.001, 0.0141455, 0.0261442, 0.015843, 0.0663368, 0.100799, 0.164494, 0.217953, 0.230267, 1, 

67,1651,0.001, 0.0141455, 0.0218816, 0.0262016, 0.0663368, 0.119161, 0.216399, 0.246362, 0.302584, 0.621603, 0.783244, 1, 

69,1527,0.001, 0.0141455, 0.0261442, 0.0262016, 0.106911, 0.209852, 0.164494, 0.217953, 0.239707, 1, 

71,1344,0.001, 0.0141455, 0.0218816, 0.0456565, 0.0663368, 0.100799, 0.164494, 0.217953, 0.230267, 1, 

72,1217,0.001, 0.0141455, 0.0218816, 0.0262016, 0.0663368, 0.119161, 0.305263, 0.216399, 0.246362, 0.239707, 1, 

Generation #42
68,1612,0.001, 0.0141455, 0.0218816, 0.0456565, 0.0663368, 0.100799, 0.164494, 0.217953, 0.230267, 1, 

70,1358,0.001, 0.0141455, 0.0261442, 0.015843, 0.0663368, 0.100799, 0.164494, 0.217953, 0.230267, 1, 

67,1651,0.001, 0.0141455, 0.0218816, 0.0262016, 0.0663368, 0.119161, 0.216399, 0.246362, 0.302584, 0.621603, 0.783244, 1, 

69,1527,0.001, 0.0141455, 0.0261442, 0.0262016, 0.106911, 0.209852, 0.164494, 0.217953, 0.239707, 1, 

71,1344,0.001, 0.0141455, 0.0218816, 0.0456565, 0.0663368, 0.100799, 0.164494, 0.217953, 0.230267, 1, 

72,1217,0.001, 0.0141455, 0.0218816, 0.0262016, 0.0663368, 0.119161, 0.305263, 0.216399, 0.246362, 0.239707, 1, 

Generation #43
70,1358,0.001, 0.0141455, 0.0261442, 0.015843, 0.0663368, 0.100799, 0.164494, 0.217953, 0.230267, 1, 

67,1651,0.001, 0.0141455, 0.0218816, 0.0262016, 0.0663368, 0.119161, 0.216399, 0.246362, 0.302584, 0.621603, 0.783244, 1, 

71,1344,0.001, 0.0141455, 0.0218816, 0.0456565, 0.0663368, 0.100799, 0.164494, 0.217953, 0.230267, 1, 

72,1217,0.001, 0.0141455, 0.0218816, 0.0262016, 0.0663368, 0.119161, 0.305263, 0.216399, 0.246362, 0.239707, 1, 

68,1392,0.001, 0.0141455, 0.0261442, 0.0260158, 0.0262016, 0.0663368, 0.100799, 0.164494, 0.217953, 0.230267, 1, 

Generation #44
70,1358,0.001, 0.0141455, 0.0261442, 0.015843, 0.0663368, 0.100799, 0.164494, 0.217953, 0.230267, 1, 

67,1651,0.001, 0.0141455, 0.0218816, 0.0262016, 0.0663368, 0.119161, 0.216399, 0.246362, 0.302584, 0.621603, 0.783244, 1, 

71,1344,0.001, 0.0141455, 0.0218816, 0.0456565, 0.0663368, 0.100799, 0.164494, 0.217953, 0.230267, 1, 

72,1217,0.001, 0.0141455, 0.0218816, 0.0262016, 0.0663368, 0.119161, 0.305263, 0.216399, 0.246362, 0.239707, 1, 

68,1392,0.001, 0.0141455, 0.0261442, 0.0260158, 0.0262016, 0.0663368, 0.100799, 0.164494, 0.217953, 0.230267, 1, 

Generation #45
70,1358,0.001, 0.0141455, 0.0261442, 0.015843, 0.0663368, 0.100799, 0.164494, 0.217953, 0.230267, 1, 

67,1651,0.001, 0.0141455, 0.0218816, 0.0262016, 0.0663368, 0.119161, 0.216399, 0.246362, 0.302584, 0.621603, 0.783244, 1, 

71,1344,0.001, 0.0141455, 0.0218816, 0.0456565, 0.0663368, 0.100799, 0.164494, 0.217953, 0.230267, 1, 

72,1217,0.001, 0.0141455, 0.0218816, 0.0262016, 0.0663368, 0.119161, 0.305263, 0.216399, 0.246362, 0.239707, 1, 

68,1392,0.001, 0.0141455, 0.0261442, 0.0260158, 0.0262016, 0.0663368, 0.100799, 0.164494, 0.217953, 0.230267, 1, 

Generation #46
70,1358,0.001, 0.0141455, 0.0261442, 0.015843, 0.0663368, 0.100799, 0.164494, 0.217953, 0.230267, 1, 

67,1651,0.001, 0.0141455, 0.0218816, 0.0262016, 0.0663368, 0.119161, 0.216399, 0.246362, 0.302584, 0.621603, 0.783244, 1, 

71,1344,0.001, 0.0141455, 0.0218816, 0.0456565, 0.0663368, 0.100799, 0.164494, 0.217953, 0.230267, 1, 

72,1217,0.001, 0.0141455, 0.0218816, 0.0262016, 0.0663368, 0.119161, 0.305263, 0.216399, 0.246362, 0.239707, 1, 

68,1392,0.001, 0.0141455, 0.0261442, 0.0260158, 0.0262016, 0.0663368, 0.100799, 0.164494, 0.217953, 0.230267, 1, 

Generation #47
70,1358,0.001, 0.0141455, 0.0261442, 0.015843, 0.0663368, 0.100799, 0.164494, 0.217953, 0.230267, 1, 

67,1651,0.001, 0.0141455, 0.0218816, 0.0262016, 0.0663368, 0.119161, 0.216399, 0.246362, 0.302584, 0.621603, 0.783244, 1, 

71,1344,0.001, 0.0141455, 0.0218816, 0.0456565, 0.0663368, 0.100799, 0.164494, 0.217953, 0.230267, 1, 

72,1217,0.001, 0.0141455, 0.0218816, 0.0262016, 0.0663368, 0.119161, 0.305263, 0.216399, 0.246362, 0.239707, 1, 

68,1392,0.001, 0.0141455, 0.0261442, 0.0260158, 0.0262016, 0.0663368, 0.100799, 0.164494, 0.217953, 0.230267, 1, 

66,1655,0.001, 0.0141455, 0.0218816, 0.0456565, 0.0663368, 0.100799, 0.159559, 0.246362, 0.302584, 0.783244, 1, 

Generation #48
70,1358,0.001, 0.0141455, 0.0261442, 0.015843, 0.0663368, 0.100799, 0.164494, 0.217953, 0.230267, 1, 

67,1651,0.001, 0.0141455, 0.0218816, 0.0262016, 0.0663368, 0.119161, 0.216399, 0.246362, 0.302584, 0.621603, 0.783244, 1, 

71,1344,0.001, 0.0141455, 0.0218816, 0.0456565, 0.0663368, 0.100799, 0.164494, 0.217953, 0.230267, 1, 

72,1217,0.001, 0.0141455, 0.0218816, 0.0262016, 0.0663368, 0.119161, 0.305263, 0.216399, 0.246362, 0.239707, 1, 

68,1392,0.001, 0.0141455, 0.0261442, 0.0260158, 0.0262016, 0.0663368, 0.100799, 0.164494, 0.217953, 0.230267, 1, 

66,1655,0.001, 0.0141455, 0.0218816, 0.0456565, 0.0663368, 0.100799, 0.159559, 0.246362, 0.302584, 0.783244, 1, 

Generation #49
70,1358,0.001, 0.0141455, 0.0261442, 0.015843, 0.0663368, 0.100799, 0.164494, 0.217953, 0.230267, 1, 

67,1651,0.001, 0.0141455, 0.0218816, 0.0262016, 0.0663368, 0.119161, 0.216399, 0.246362, 0.302584, 0.621603, 0.783244, 1, 

71,1344,0.001, 0.0141455, 0.0218816, 0.0456565, 0.0663368, 0.100799, 0.164494, 0.217953, 0.230267, 1, 

72,1217,0.001, 0.0141455, 0.0218816, 0.0262016, 0.0663368, 0.119161, 0.305263, 0.216399, 0.246362, 0.239707, 1, 

68,1392,0.001, 0.0141455, 0.0261442, 0.0260158, 0.0262016, 0.0663368, 0.100799, 0.164494, 0.217953, 0.230267, 1, 

66,1655,0.001, 0.0141455, 0.0218816, 0.0456565, 0.0663368, 0.100799, 0.159559, 0.246362, 0.302584, 0.783244, 1, 

--- Pareto Front Solutions ---
Solution 0: N total=115 (N_initial=45, N_added=70), Time total=1377 ms, Saved to: ./results/Wireless_t2_l1_pareto_0.csv, percents=0.001, 0.0141455, 0.0261442, 0.015843, 0.0663368, 0.100799, 0.164494, 0.217953, 0.230267, 1, 

Solution 1: N total=112 (N_initial=45, N_added=67), Time total=1670 ms, Saved to: ./results/Wireless_t2_l1_pareto_1.csv, percents=0.001, 0.0141455, 0.0218816, 0.0262016, 0.0663368, 0.119161, 0.216399, 0.246362, 0.302584, 0.621603, 0.783244, 1, 

Solution 2: N total=116 (N_initial=45, N_added=71), Time total=1363 ms, Saved to: ./results/Wireless_t2_l1_pareto_2.csv, percents=0.001, 0.0141455, 0.0218816, 0.0456565, 0.0663368, 0.100799, 0.164494, 0.217953, 0.230267, 1, 

Solution 3: N total=117 (N_initial=45, N_added=72), Time total=1236 ms, Saved to: ./results/Wireless_t2_l1_pareto_3.csv, percents=0.001, 0.0141455, 0.0218816, 0.0262016, 0.0663368, 0.119161, 0.305263, 0.216399, 0.246362, 0.239707, 1, 

Solution 4: N total=113 (N_initial=45, N_added=68), Time total=1411 ms, Saved to: ./results/Wireless_t2_l1_pareto_4.csv, percents=0.001, 0.0141455, 0.0261442, 0.0260158, 0.0262016, 0.0663368, 0.100799, 0.164494, 0.217953, 0.230267, 1, 

Solution 5: N total=111 (N_initial=45, N_added=66), Time total=1674 ms, Saved to: ./results/Wireless_t2_l1_pareto_5.csv, percents=0.001, 0.0141455, 0.0218816, 0.0456565, 0.0663368, 0.100799, 0.159559, 0.246362, 0.302584, 0.783244, 1, 

------------d=1, t=2, lambda=2, filename=./evaluation/Wireless/Wireless_2_2.csv------------
Grouping d-sets by partitioned row counts for detecting arrays...
Ready to look at pairs for detecting arrays...
First Stage N=80, Time=12
There are 10324 remaining non-locating pairs
--- Running GA Algorithm (phase2) ---
Running GA with std::execution::par
Generation #0
61,3617,0.001, 0.2134, 0.361273, 0.446288, 0.485308, 0.665361, 0.752453, 0.802007, 0.842332, 0.941159, 1, 

66,1683,0.001, 0.0581754, 0.0960015, 0.42541, 0.53964, 0.574407, 0.581411, 0.584176, 0.622064, 0.866439, 0.907268, 1, 

68,1354,0.001, 0.0621653, 0.0927728, 0.122987, 0.149329, 0.278452, 0.356937, 0.413644, 0.465505, 0.509084, 0.627903, 0.759648, 0.759886, 0.783262, 0.840746, 0.861805, 0.9823, 1, 

73,1218,0.001, 0.05751, 0.063829, 0.0669831, 0.0671724, 0.0768082, 0.160721, 0.216724, 0.22421, 0.236747, 0.327759, 0.45767, 0.525629, 0.531408, 0.58385, 0.659958, 0.702115, 0.702815, 0.71939, 0.731968, 0.77497, 0.790976, 0.839367, 0.912097, 0.93399, 1, 

64,2078,0.001, 0.12593, 0.192706, 0.287127, 0.414969, 0.418012, 0.527386, 0.706698, 0.752555, 0.85157, 0.934077, 0.982363, 1, 

62,3421,0.001, 0.148305, 0.183503, 0.223084, 0.224128, 0.286442, 0.403213, 0.467832, 0.766764, 0.911982, 0.935835, 0.937949, 0.945902, 1, 

65,1806,0.001, 0.0404468, 0.222415, 0.256498, 0.337546, 0.414645, 0.418459, 0.555804, 0.574535, 0.595104, 0.652659, 0.722829, 0.982225, 1, 

63,2489,0.001, 0.0740338, 0.261699, 0.27381, 0.282878, 0.392913, 0.414424, 0.504773, 0.578539, 0.580423, 0.602655, 1, 

78,1005,0.001, 0.0241949, 0.0370617, 0.0809416, 0.0997553, 0.112553, 0.118991, 0.142712, 0.164703, 0.250827, 0.27758, 0.30425, 0.314311, 0.4134, 0.491217, 0.64719, 0.667197, 0.71273, 0.787934, 0.817414, 0.836518, 0.895609, 0.914795, 0.917521, 0.935244, 0.952306, 0.957376, 0.998957, 1, 

71,1292,0.001, 0.0661125, 0.105769, 0.118421, 0.251889, 0.25294, 0.285108, 0.301622, 0.315381, 0.368222, 0.394684, 0.413579, 0.41676, 0.562873, 0.581449, 0.676256, 0.696105, 0.779437, 0.870818, 0.910999, 0.93127, 0.936635, 0.938143, 0.982769, 1, 

67,1600,0.001, 0.0917292, 0.0983953, 0.119269, 0.128963, 0.151936, 0.315904, 0.386832, 0.434338, 0.448619, 0.610726, 0.899159, 0.948351, 1, 

Generation #1
61,764,0.001, 0.0341004, 0.0384034, 0.0412045, 0.0659888, 0.0740588, 0.0990301, 0.105852, 0.134356, 0.1349, 0.849537, 0.857057, 0.863626, 0.87052, 1, 

59,2209,0.001, 0.148305, 0.183503, 0.223084, 0.224128, 0.392913, 0.414424, 0.504773, 0.578539, 0.580423, 0.602655, 1, 

74,691,0.001, 0.0241949, 0.0370617, 0.0809416, 0.0997553, 0.112553, 0.118991, 0.142712, 0.164703, 0.250827, 0.27758, 0.30425, 0.314311, 0.4134, 0.491217, 0.64719, 0.667197, 0.71273, 0.787934, 0.817414, 0.836518, 0.895609, 0.914795, 0.917521, 0.935244, 0.952306, 0.957376, 0.998957, 1, 

Generation #2
59,2209,0.001, 0.148305, 0.183503, 0.223084, 0.224128, 0.392913, 0.414424, 0.504773, 0.578539, 0.580423, 0.602655, 1, 

74,691,0.001, 0.0241949, 0.0370617, 0.0809416, 0.0997553, 0.112553, 0.118991, 0.142712, 0.164703, 0.250827, 0.27758, 0.30425, 0.314311, 0.4134, 0.491217, 0.64719, 0.667197, 0.71273, 0.787934, 0.817414, 0.836518, 0.895609, 0.914795, 0.917521, 0.935244, 0.952306, 0.957376, 0.998957, 1, 

67,700,0.001, 0.0341004, 0.0384034, 0.0412045, 0.0659888, 0.0740588, 0.170929, 0.236647, 0.285049, 0.341342, 0.411483, 0.461252, 0.492258, 0.666393, 0.722818, 0.744378, 0.851785, 0.854681, 0.948785, 0.968381, 1, 

60,761,0.001, 0.0341004, 0.0384034, 0.0412045, 0.0659888, 0.0740588, 0.0990301, 0.105852, 0.134356, 0.7131, 0.785897, 0.791127, 1, 

Generation #3
74,691,0.001, 0.0241949, 0.0370617, 0.0809416, 0.0997553, 0.112553, 0.118991, 0.142712, 0.164703, 0.250827, 0.27758, 0.30425, 0.314311, 0.4134, 0.491217, 0.64719, 0.667197, 0.71273, 0.787934, 0.817414, 0.836518, 0.895609, 0.914795, 0.917521, 0.935244, 0.952306, 0.957376, 0.998957, 1, 

67,700,0.001, 0.0341004, 0.0384034, 0.0412045, 0.0659888, 0.0740588, 0.170929, 0.236647, 0.285049, 0.341342, 0.411483, 0.461252, 0.492258, 0.666393, 0.722818, 0.744378, 0.851785, 0.854681, 0.948785, 0.968381, 1, 

60,761,0.001, 0.0341004, 0.0384034, 0.0412045, 0.0659888, 0.0740588, 0.0990301, 0.105852, 0.134356, 0.7131, 0.785897, 0.791127, 1, 

59,1105,0.001, 0.0341004, 0.0384034, 0.0412045, 0.26691, 0.338394, 0.389055, 0.486809, 0.644402, 0.580423, 0.602655, 1, 

Generation #4
74,691,0.001, 0.0241949, 0.0370617, 0.0809416, 0.0997553, 0.112553, 0.118991, 0.142712, 0.164703, 0.250827, 0.27758, 0.30425, 0.314311, 0.4134, 0.491217, 0.64719, 0.667197, 0.71273, 0.787934, 0.817414, 0.836518, 0.895609, 0.914795, 0.917521, 0.935244, 0.952306, 0.957376, 0.998957, 1, 

67,700,0.001, 0.0341004, 0.0384034, 0.0412045, 0.0659888, 0.0740588, 0.170929, 0.236647, 0.285049, 0.341342, 0.411483, 0.461252, 0.492258, 0.666393, 0.722818, 0.744378, 0.851785, 0.854681, 0.948785, 0.968381, 1, 

60,761,0.001, 0.0341004, 0.0384034, 0.0412045, 0.0659888, 0.0740588, 0.0990301, 0.105852, 0.134356, 0.7131, 0.785897, 0.791127, 1, 

58,892,0.001, 0.0241949, 0.0370617, 0.0809416, 0.0997553, 0.0740588, 0.0990301, 0.105852, 0.134356, 0.1349, 0.934077, 0.982363, 1, 

59,789,0.001, 0.0341004, 0.0384034, 0.0412045, 0.128963, 0.151936, 0.315904, 0.386832, 0.434338, 0.448619, 0.610726, 0.948351, 1, 
