------------d=1, t=2, lambda=1, filename=./evaluation/Wireless/Wireless_2_1.csv------------
Grouping d-sets by partitioned row counts for detecting arrays...
Ready to look at pairs for detecting arrays...
First Stage N=45, Time=19
There are 57665 remaining non-locating pairs
--- Running GA Algorithm (phase2) ---
Running GA with std::execution::par
Generation #0
71,21219,0.001, 0.318171, 0.46757, 0.602225, 0.637, 0.664335, 0.665919, 0.696968, 0.826224, 0.996671, 1, 

75,12836,0.001, 0.142675, 0.144645, 0.243401, 0.419488, 0.422539, 0.551303, 0.673079, 0.81168, 0.95616, 0.981794, 1, 

74,17444,0.001, 0.221124, 0.229578, 0.248151, 0.317247, 0.437383, 0.444051, 0.643865, 0.749881, 0.83435, 0.852734, 1, 

78,7237,0.001, 0.0735423, 0.205442, 0.220777, 0.22262, 0.436605, 0.474762, 0.492357, 0.499475, 0.578835, 0.632639, 0.714346, 0.747626, 0.902875, 0.966634, 1, 

82,2664,0.001, 0.0141455, 0.0218816, 0.0456565, 0.126535, 0.171676, 0.223503, 0.360442, 0.365705, 0.45636, 0.479251, 0.508095, 0.573131, 0.69156, 0.698453, 0.828251, 0.841254, 0.951562, 1, 

76,8957,0.001, 0.114574, 0.207754, 0.488192, 0.608378, 0.656133, 0.80047, 0.927298, 0.950905, 0.999048, 1, 

79,6679,0.001, 0.0498482, 0.216652, 0.249468, 0.280081, 0.356849, 0.456092, 0.578588, 0.814896, 0.815772, 0.872318, 0.886671, 0.887786, 1, 

80,4229,0.001, 0.0485364, 0.0638381, 0.103473, 0.112512, 0.157387, 0.207509, 0.233497, 0.34024, 0.425078, 0.623749, 0.642961, 0.77327, 0.821051, 0.86027, 0.97724, 1, 

Generation #1
71,21219,0.001, 0.318171, 0.46757, 0.602225, 0.637, 0.664335, 0.665919, 0.696968, 0.826224, 0.996671, 1, 

76,3398,0.001, 0.0497091, 0.0827891, 0.108354, 0.608378, 0.656133, 0.80047, 0.927298, 0.950905, 0.999048, 1, 

78,2048,0.001, 0.0141455, 0.0218816, 0.0456565, 0.266876, 0.268594, 0.459387, 0.461979, 0.480012, 0.650595, 0.662716, 0.705202, 0.789084, 1, 

77,2930,0.001, 0.0259043, 0.130204, 0.17025, 0.232543, 0.827013, 0.425028, 0.44652, 0.475025, 0.556769, 1, 

74,3959,0.001, 0.0691965, 0.0903244, 0.091733, 0.181093, 0.206716, 0.275426, 0.816555, 0.932469, 0.993654, 1, 

83,1899,0.001, 0.016831, 0.0528152, 0.0980615, 0.186938, 0.330355, 0.343546, 0.401471, 0.40193, 0.420434, 0.438437, 0.496833, 0.503325, 0.577753, 0.673782, 0.72985, 0.765357, 0.792744, 0.858319, 0.879108, 0.972777, 1, 

Generation #2
71,21219,0.001, 0.318171, 0.46757, 0.602225, 0.637, 0.664335, 0.665919, 0.696968, 0.826224, 0.996671, 1, 

73,1965,0.001, 0.0141455, 0.0218816, 0.0456565, 0.126535, 0.171676, 0.223503, 0.360442, 0.45636, 0.479251, 1, 

81,1598,0.001, 0.0211516, 0.0392133, 0.0765168, 0.109886, 0.119161, 0.216399, 0.246362, 0.302584, 0.239707, 0.475426, 0.477239, 0.511489, 0.606937, 0.610299, 0.685118, 0.749872, 0.761045, 0.79815, 0.843834, 0.85952, 0.956795, 1, 

75,1749,0.001, 0.0219461, 0.0261442, 0.0262016, 0.0663368, 0.100799, 0.384272, 0.398746, 0.406522, 0.747676, 0.898587, 0.996025, 1, 

Generation #3
73,1965,0.001, 0.0141455, 0.0218816, 0.0456565, 0.126535, 0.171676, 0.223503, 0.360442, 0.45636, 0.479251, 1, 

75,1749,0.001, 0.0219461, 0.0261442, 0.0262016, 0.0663368, 0.100799, 0.384272, 0.398746, 0.406522, 0.747676, 0.898587, 0.996025, 1, 

72,2047,0.001, 0.0219461, 0.0261442, 0.040253, 0.075425, 0.14546, 0.153692, 0.211271, 0.22996, 0.999048, 1, 

78,1558,0.001, 0.0141455, 0.0218816, 0.0456565, 0.126535, 0.171676, 0.223503, 0.360442, 0.365705, 0.45636, 0.479251, 0.508095, 0.573131, 0.69156, 0.698453, 0.828251, 0.841254, 0.951562, 1, 

70,2352,0.001, 0.0266537, 0.037516, 0.040253, 0.181093, 0.206716, 0.275426, 0.816555, 0.932469, 0.993654, 1, 

71,2116,0.001, 0.0141455, 0.0218816, 0.0456565, 0.126535, 0.171676, 0.223503, 0.360442, 0.365705, 0.999048, 1, 

Generation #4
75,1749,0.001, 0.0219461, 0.0261442, 0.0262016, 0.0663368, 0.100799, 0.384272, 0.398746, 0.406522, 0.747676, 0.898587, 0.996025, 1, 

78,1558,0.001, 0.0141455, 0.0218816, 0.0456565, 0.126535, 0.171676, 0.223503, 0.360442, 0.365705, 0.45636, 0.479251, 0.508095, 0.573131, 0.69156, 0.698453, 0.828251, 0.841254, 0.951562, 1, 

69,1805,0.001, 0.0141455, 0.0218816, 0.0456565, 0.126535, 0.171676, 0.223503, 0.360442, 0.45636, 0.479251, 1, 

Generation #5
75,1749,0.001, 0.0219461, 0.0261442, 0.0262016, 0.0663368, 0.100799, 0.384272, 0.398746, 0.406522, 0.747676, 0.898587, 0.996025, 1, 

78,1558,0.001, 0.0141455, 0.0218816, 0.0456565, 0.126535, 0.171676, 0.223503, 0.360442, 0.365705, 0.45636, 0.479251, 0.508095, 0.573131, 0.69156, 0.698453, 0.828251, 0.841254, 0.951562, 1, 

69,1805,0.001, 0.0141455, 0.0218816, 0.0456565, 0.126535, 0.171676, 0.223503, 0.360442, 0.45636, 0.479251, 1, 

74,1759,0.001, 0.016831, 0.0528152, 0.0980615, 0.106911, 0.119235, 0.518898, 0.927298, 0.950905, 1, 

Generation #6
69,1805,0.001, 0.0141455, 0.0218816, 0.0456565, 0.126535, 0.171676, 0.223503, 0.360442, 0.45636, 0.479251, 1, 

74,1759,0.001, 0.016831, 0.0528152, 0.0980615, 0.106911, 0.119235, 0.518898, 0.927298, 0.950905, 1, 

75,1496,0.001, 0.0141455, 0.0218816, 0.0456565, 0.112512, 0.0914569, 0.207509, 0.233497, 0.34024, 0.425078, 0.623749, 0.642961, 0.77327, 0.821051, 1, 

Generation #7
69,1805,0.001, 0.0141455, 0.0218816, 0.0456565, 0.126535, 0.171676, 0.223503, 0.360442, 0.45636, 0.479251, 1, 

75,1496,0.001, 0.0141455, 0.0218816, 0.0456565, 0.112512, 0.0914569, 0.207509, 0.233497, 0.34024, 0.425078, 0.623749, 0.642961, 0.77327, 0.821051, 1, 

72,1766,0.001, 0.0141455, 0.0218816, 0.0456565, 0.126535, 0.14546, 0.153692, 0.211271, 0.22996, 0.999048, 1, 

74,1697,0.001, 0.0141455, 0.0218816, 0.0456565, 0.126535, 0.171676, 0.153692, 0.932469, 0.993654, 1, 

78,1435,0.001, 0.0141455, 0.0218816, 0.0456565, 0.112512, 0.0914569, 0.207509, 0.233497, 0.34024, 0.425078, 0.623749, 0.642961, 0.77327, 0.821051, 1, 

Generation #8
69,1805,0.001, 0.0141455, 0.0218816, 0.0456565, 0.126535, 0.171676, 0.223503, 0.360442, 0.45636, 0.479251, 1, 

75,1496,0.001, 0.0141455, 0.0218816, 0.0456565, 0.112512, 0.0914569, 0.207509, 0.233497, 0.34024, 0.425078, 0.623749, 0.642961, 0.77327, 0.821051, 1, 

78,1435,0.001, 0.0141455, 0.0218816, 0.0456565, 0.112512, 0.0914569, 0.207509, 0.233497, 0.34024, 0.425078, 0.623749, 0.642961, 0.77327, 0.821051, 1, 

72,1583,0.001, 0.0141455, 0.0218816, 0.0456565, 0.106911, 0.119235, 0.518898, 0.927298, 0.950905, 1, 

73,1544,0.001, 0.0219461, 0.0261442, 0.040253, 0.075425, 0.14546, 0.153692, 0.211271, 0.22996, 0.999048, 1, 

70,1772,0.001, 0.0141455, 0.0218816, 0.0456565, 0.126535, 0.171676, 0.223503, 0.360442, 0.22996, 0.999048, 1, 

Generation #9
69,1709,0.001, 0.0141455, 0.0218816, 0.0456565, 0.126535, 0.171676, 0.153692, 0.932469, 1, 

72,1301,0.001, 0.0141455, 0.0218816, 0.0456565, 0.075425, 0.14546, 0.153692, 0.211271, 0.22996, 0.999048, 1, 

Generation #10
69,1709,0.001, 0.0141455, 0.0218816, 0.0456565, 0.126535, 0.171676, 0.153692, 0.932469, 1, 

72,1301,0.001, 0.0141455, 0.0218816, 0.0456565, 0.075425, 0.14546, 0.153692, 0.211271, 0.22996, 0.999048, 1, 

Generation #11
69,1709,0.001, 0.0141455, 0.0218816, 0.0456565, 0.126535, 0.171676, 0.153692, 0.932469, 1, 

72,1301,0.001, 0.0141455, 0.0218816, 0.0456565, 0.075425, 0.14546, 0.153692, 0.211271, 0.22996, 0.999048, 1, 

Generation #12
69,1709,0.001, 0.0141455, 0.0218816, 0.0456565, 0.126535, 0.171676, 0.153692, 0.932469, 1, 

72,1301,0.001, 0.0141455, 0.0218816, 0.0456565, 0.075425, 0.14546, 0.153692, 0.211271, 0.22996, 0.999048, 1, 

Generation #13
69,1709,0.001, 0.0141455, 0.0218816, 0.0456565, 0.126535, 0.171676, 0.153692, 0.932469, 1, 

72,1301,0.001, 0.0141455, 0.0218816, 0.0456565, 0.075425, 0.14546, 0.153692, 0.211271, 0.22996, 0.999048, 1, 

Generation #14
69,1709,0.001, 0.0141455, 0.0218816, 0.0456565, 0.126535, 0.171676, 0.153692, 0.932469, 1, 

72,1301,0.001, 0.0141455, 0.0218816, 0.0456565, 0.075425, 0.14546, 0.153692, 0.211271, 0.22996, 0.999048, 1, 

Generation #15
69,1709,0.001, 0.0141455, 0.0218816, 0.0456565, 0.126535, 0.171676, 0.153692, 0.932469, 1, 

72,1301,0.001, 0.0141455, 0.0218816, 0.0456565, 0.075425, 0.14546, 0.153692, 0.211271, 0.22996, 0.999048, 1, 

78,1295,0.001, 0.00749773, 0.0218816, 0.0456565, 0.112512, 0.0914569, 0.134715, 0.00813664, 0.147769, 0.425078, 0.623749, 0.642961, 0.77327, 0.821051, 1, 

Generation #16
69,1709,0.001, 0.0141455, 0.0218816, 0.0456565, 0.126535, 0.171676, 0.153692, 0.932469, 1, 

72,1301,0.001, 0.0141455, 0.0218816, 0.0456565, 0.075425, 0.14546, 0.153692, 0.211271, 0.22996, 0.999048, 1, 

78,1295,0.001, 0.00749773, 0.0218816, 0.0456565, 0.112512, 0.0914569, 0.134715, 0.00813664, 0.147769, 0.425078, 0.623749, 0.642961, 0.77327, 0.821051, 1, 

70,1492,0.001, 0.00749773, 0.0390873, 0.0460126, 0.126535, 0.171676, 0.153692, 0.932469, 1, 

Generation #17
69,1709,0.001, 0.0141455, 0.0218816, 0.0456565, 0.126535, 0.171676, 0.153692, 0.932469, 1, 

72,1301,0.001, 0.0141455, 0.0218816, 0.0456565, 0.075425, 0.14546, 0.153692, 0.211271, 0.22996, 0.999048, 1, 

78,1295,0.001, 0.00749773, 0.0218816, 0.0456565, 0.112512, 0.0914569, 0.134715, 0.00813664, 0.147769, 0.425078, 0.623749, 0.642961, 0.77327, 0.821051, 1, 

70,1492,0.001, 0.00749773, 0.0390873, 0.0460126, 0.126535, 0.171676, 0.153692, 0.932469, 1, 

71,1413,0.001, 0.00749773, 0.0218816, 0.0456565, 0.075425, 0.14546, 0.153692, 0.211271, 0.22996, 0.999048, 1, 

Generation #18
69,1709,0.001, 0.0141455, 0.0218816, 0.0456565, 0.126535, 0.171676, 0.153692, 0.932469, 1, 

72,1301,0.001, 0.0141455, 0.0218816, 0.0456565, 0.075425, 0.14546, 0.153692, 0.211271, 0.22996, 0.999048, 1, 

78,1295,0.001, 0.00749773, 0.0218816, 0.0456565, 0.112512, 0.0914569, 0.134715, 0.00813664, 0.147769, 0.425078, 0.623749, 0.642961, 0.77327, 0.821051, 1, 

70,1492,0.001, 0.00749773, 0.0390873, 0.0460126, 0.126535, 0.171676, 0.153692, 0.932469, 1, 

71,1413,0.001, 0.00749773, 0.0218816, 0.0456565, 0.075425, 0.14546, 0.153692, 0.211271, 0.22996, 0.999048, 1, 

Generation #19
69,1709,0.001, 0.0141455, 0.0218816, 0.0456565, 0.126535, 0.171676, 0.153692, 0.932469, 1, 

72,1301,0.001, 0.0141455, 0.0218816, 0.0456565, 0.075425, 0.14546, 0.153692, 0.211271, 0.22996, 0.999048, 1, 

78,1295,0.001, 0.00749773, 0.0218816, 0.0456565, 0.112512, 0.0914569, 0.134715, 0.00813664, 0.147769, 0.425078, 0.623749, 0.642961, 0.77327, 0.821051, 1, 

70,1492,0.001, 0.00749773, 0.0390873, 0.0460126, 0.126535, 0.171676, 0.153692, 0.932469, 1, 

71,1413,0.001, 0.00749773, 0.0218816, 0.0456565, 0.075425, 0.14546, 0.153692, 0.211271, 0.22996, 0.999048, 1, 

Generation #20
72,1301,0.001, 0.0141455, 0.0218816, 0.0456565, 0.075425, 0.14546, 0.153692, 0.211271, 0.22996, 0.999048, 1, 

78,1295,0.001, 0.00749773, 0.0218816, 0.0456565, 0.112512, 0.0914569, 0.134715, 0.00813664, 0.147769, 0.425078, 0.623749, 0.642961, 0.77327, 0.821051, 1, 

70,1492,0.001, 0.00749773, 0.0390873, 0.0460126, 0.126535, 0.171676, 0.153692, 0.932469, 1, 

71,1413,0.001, 0.00749773, 0.0218816, 0.0456565, 0.075425, 0.14546, 0.153692, 0.211271, 0.22996, 0.999048, 1, 

69,1661,0.001, 0.0141455, 0.0218816, 0.0456565, 0.10239, 0.119235, 0.210881, 0.244813, 0.262717, 0.806633, 1, 

Generation #21
72,1301,0.001, 0.0141455, 0.0218816, 0.0456565, 0.075425, 0.14546, 0.153692, 0.211271, 0.22996, 0.999048, 1, 

78,1295,0.001, 0.00749773, 0.0218816, 0.0456565, 0.112512, 0.0914569, 0.134715, 0.00813664, 0.147769, 0.425078, 0.623749, 0.642961, 0.77327, 0.821051, 1, 

70,1492,0.001, 0.00749773, 0.0390873, 0.0460126, 0.126535, 0.171676, 0.153692, 0.932469, 1, 

71,1413,0.001, 0.00749773, 0.0218816, 0.0456565, 0.075425, 0.14546, 0.153692, 0.211271, 0.22996, 0.999048, 1, 

69,1661,0.001, 0.0141455, 0.0218816, 0.0456565, 0.10239, 0.119235, 0.210881, 0.244813, 0.262717, 0.806633, 1, 

68,1868,0.001, 0.0141455, 0.0218816, 0.0456565, 0.075425, 0.14546, 0.23582, 0.244813, 0.262717, 0.993654, 1, 

Generation #22
72,1301,0.001, 0.0141455, 0.0218816, 0.0456565, 0.075425, 0.14546, 0.153692, 0.211271, 0.22996, 0.999048, 1, 

78,1295,0.001, 0.00749773, 0.0218816, 0.0456565, 0.112512, 0.0914569, 0.134715, 0.00813664, 0.147769, 0.425078, 0.623749, 0.642961, 0.77327, 0.821051, 1, 

70,1492,0.001, 0.00749773, 0.0390873, 0.0460126, 0.126535, 0.171676, 0.153692, 0.932469, 1, 

71,1413,0.001, 0.00749773, 0.0218816, 0.0456565, 0.075425, 0.14546, 0.153692, 0.211271, 0.22996, 0.999048, 1, 

69,1661,0.001, 0.0141455, 0.0218816, 0.0456565, 0.10239, 0.119235, 0.210881, 0.244813, 0.262717, 0.806633, 1, 

68,1868,0.001, 0.0141455, 0.0218816, 0.0456565, 0.075425, 0.14546, 0.23582, 0.244813, 0.262717, 0.993654, 1, 

Generation #23
72,1301,0.001, 0.0141455, 0.0218816, 0.0456565, 0.075425, 0.14546, 0.153692, 0.211271, 0.22996, 0.999048, 1, 

78,1295,0.001, 0.00749773, 0.0218816, 0.0456565, 0.112512, 0.0914569, 0.134715, 0.00813664, 0.147769, 0.425078, 0.623749, 0.642961, 0.77327, 0.821051, 1, 

70,1492,0.001, 0.00749773, 0.0390873, 0.0460126, 0.126535, 0.171676, 0.153692, 0.932469, 1, 

71,1413,0.001, 0.00749773, 0.0218816, 0.0456565, 0.075425, 0.14546, 0.153692, 0.211271, 0.22996, 0.999048, 1, 

69,1661,0.001, 0.0141455, 0.0218816, 0.0456565, 0.10239, 0.119235, 0.210881, 0.244813, 0.262717, 0.806633, 1, 

68,1868,0.001, 0.0141455, 0.0218816, 0.0456565, 0.075425, 0.14546, 0.23582, 0.244813, 0.262717, 0.993654, 1, 

Generation #24
72,1301,0.001, 0.0141455, 0.0218816, 0.0456565, 0.075425, 0.14546, 0.153692, 0.211271, 0.22996, 0.999048, 1, 

70,1492,0.001, 0.00749773, 0.0390873, 0.0460126, 0.126535, 0.171676, 0.153692, 0.932469, 1, 

69,1661,0.001, 0.0141455, 0.0218816, 0.0456565, 0.10239, 0.119235, 0.210881, 0.244813, 0.262717, 0.806633, 1, 

68,1868,0.001, 0.0141455, 0.0218816, 0.0456565, 0.075425, 0.14546, 0.23582, 0.244813, 0.262717, 0.993654, 1, 

76,1284,0.001, 0.00749773, 0.0390873, 0.0460126, 0.10239, 0.111185, 0.134715, 0.370997, 0.00813664, 0.147769, 0.425078, 0.623749, 0.642961, 0.77327, 0.821051, 1, 

71,1406,0.001, 0.00749773, 0.0390873, 0.0460126, 0.10239, 0.119235, 0.210881, 0.23582, 0.244813, 0.262717, 1, 

Generation #25
72,1301,0.001, 0.0141455, 0.0218816, 0.0456565, 0.075425, 0.14546, 0.153692, 0.211271, 0.22996, 0.999048, 1, 

70,1492,0.001, 0.00749773, 0.0390873, 0.0460126, 0.126535, 0.171676, 0.153692, 0.932469, 1, 

69,1661,0.001, 0.0141455, 0.0218816, 0.0456565, 0.10239, 0.119235, 0.210881, 0.244813, 0.262717, 0.806633, 1, 

68,1868,0.001, 0.0141455, 0.0218816, 0.0456565, 0.075425, 0.14546, 0.23582, 0.244813, 0.262717, 0.993654, 1, 

76,1284,0.001, 0.00749773, 0.0390873, 0.0460126, 0.10239, 0.111185, 0.134715, 0.370997, 0.00813664, 0.147769, 0.425078, 0.623749, 0.642961, 0.77327, 0.821051, 1, 

71,1406,0.001, 0.00749773, 0.0390873, 0.0460126, 0.10239, 0.119235, 0.210881, 0.23582, 0.244813, 0.262717, 1, 

Generation #26
72,1301,0.001, 0.0141455, 0.0218816, 0.0456565, 0.075425, 0.14546, 0.153692, 0.211271, 0.22996, 0.999048, 1, 

70,1492,0.001, 0.00749773, 0.0390873, 0.0460126, 0.126535, 0.171676, 0.153692, 0.932469, 1, 

69,1661,0.001, 0.0141455, 0.0218816, 0.0456565, 0.10239, 0.119235, 0.210881, 0.244813, 0.262717, 0.806633, 1, 

68,1868,0.001, 0.0141455, 0.0218816, 0.0456565, 0.075425, 0.14546, 0.23582, 0.244813, 0.262717, 0.993654, 1, 

76,1284,0.001, 0.00749773, 0.0390873, 0.0460126, 0.10239, 0.111185, 0.134715, 0.370997, 0.00813664, 0.147769, 0.425078, 0.623749, 0.642961, 0.77327, 0.821051, 1, 

71,1394,0.001, 0.00749773, 0.0390873, 0.0460126, 0.126535, 0.171676, 0.223503, 1, 

Generation #27
69,1661,0.001, 0.0141455, 0.0218816, 0.0456565, 0.10239, 0.119235, 0.210881, 0.244813, 0.262717, 0.806633, 1, 

67,1764,0.001, 0.0141455, 0.0390873, 0.0887203, 0.0460126, 0.126535, 0.171676, 0.223503, 1, 

70,1181,0.001, 0.00749773, 0.0218816, 0.0456565, 0.126535, 0.14546, 0.153692, 0.244813, 0.262717, 0.806633, 1, 

Generation #28
69,1661,0.001, 0.0141455, 0.0218816, 0.0456565, 0.10239, 0.119235, 0.210881, 0.244813, 0.262717, 0.806633, 1, 

67,1764,0.001, 0.0141455, 0.0390873, 0.0887203, 0.0460126, 0.126535, 0.171676, 0.223503, 1, 

70,1181,0.001, 0.00749773, 0.0218816, 0.0456565, 0.126535, 0.14546, 0.153692, 0.244813, 0.262717, 0.806633, 1, 

Generation #29
69,1661,0.001, 0.0141455, 0.0218816, 0.0456565, 0.10239, 0.119235, 0.210881, 0.244813, 0.262717, 0.806633, 1, 

67,1764,0.001, 0.0141455, 0.0390873, 0.0887203, 0.0460126, 0.126535, 0.171676, 0.223503, 1, 

70,1181,0.001, 0.00749773, 0.0218816, 0.0456565, 0.126535, 0.14546, 0.153692, 0.244813, 0.262717, 0.806633, 1, 

Generation #30
70,1181,0.001, 0.00749773, 0.0218816, 0.0456565, 0.126535, 0.14546, 0.153692, 0.244813, 0.262717, 0.806633, 1, 

67,1494,0.001, 0.00749773, 0.0390873, 0.0460126, 0.10239, 0.119235, 0.210881, 0.23582, 0.262717, 0.806633, 1, 

75,1160,0.001, 0.00749773, 0.0218816, 0.0456565, 0.126535, 0.210881, 0.23582, 0.360442, 0.22996, 0.999048, 1, 

68,1182,0.001, 0.00749773, 0.0218816, 0.0456565, 0.075425, 0.119235, 0.210881, 0.23582, 0.244813, 0.262717, 0.806633, 1, 

Generation #31
70,1181,0.001, 0.00749773, 0.0218816, 0.0456565, 0.126535, 0.14546, 0.153692, 0.244813, 0.262717, 0.806633, 1, 

67,1494,0.001, 0.00749773, 0.0390873, 0.0460126, 0.10239, 0.119235, 0.210881, 0.23582, 0.262717, 0.806633, 1, 

75,1160,0.001, 0.00749773, 0.0218816, 0.0456565, 0.126535, 0.210881, 0.23582, 0.360442, 0.22996, 0.999048, 1, 

68,1182,0.001, 0.00749773, 0.0218816, 0.0456565, 0.075425, 0.119235, 0.210881, 0.23582, 0.244813, 0.262717, 0.806633, 1, 

Generation #32
70,1181,0.001, 0.00749773, 0.0218816, 0.0456565, 0.126535, 0.14546, 0.153692, 0.244813, 0.262717, 0.806633, 1, 

75,1160,0.001, 0.00749773, 0.0218816, 0.0456565, 0.126535, 0.210881, 0.23582, 0.360442, 0.22996, 0.999048, 1, 

68,1182,0.001, 0.00749773, 0.0218816, 0.0456565, 0.075425, 0.119235, 0.210881, 0.23582, 0.244813, 0.262717, 0.806633, 1, 

67,1329,0.001, 0.00749773, 0.0218816, 0.0456565, 0.0460126, 0.126535, 0.171676, 0.223503, 1, 

Generation #33
70,1181,0.001, 0.00749773, 0.0218816, 0.0456565, 0.126535, 0.14546, 0.153692, 0.244813, 0.262717, 0.806633, 1, 

75,1160,0.001, 0.00749773, 0.0218816, 0.0456565, 0.126535, 0.210881, 0.23582, 0.360442, 0.22996, 0.999048, 1, 

68,1182,0.001, 0.00749773, 0.0218816, 0.0456565, 0.075425, 0.119235, 0.210881, 0.23582, 0.244813, 0.262717, 0.806633, 1, 

67,1329,0.001, 0.00749773, 0.0218816, 0.0456565, 0.0460126, 0.126535, 0.171676, 0.223503, 1, 

Generation #34
70,1181,0.001, 0.00749773, 0.0218816, 0.0456565, 0.126535, 0.14546, 0.153692, 0.244813, 0.262717, 0.806633, 1, 

75,1160,0.001, 0.00749773, 0.0218816, 0.0456565, 0.126535, 0.210881, 0.23582, 0.360442, 0.22996, 0.999048, 1, 

68,1182,0.001, 0.00749773, 0.0218816, 0.0456565, 0.075425, 0.119235, 0.210881, 0.23582, 0.244813, 0.262717, 0.806633, 1, 

67,1329,0.001, 0.00749773, 0.0218816, 0.0456565, 0.0460126, 0.126535, 0.171676, 0.223503, 1, 

Generation #35
70,1181,0.001, 0.00749773, 0.0218816, 0.0456565, 0.126535, 0.14546, 0.153692, 0.244813, 0.262717, 0.806633, 1, 

75,1160,0.001, 0.00749773, 0.0218816, 0.0456565, 0.126535, 0.210881, 0.23582, 0.360442, 0.22996, 0.999048, 1, 

68,1182,0.001, 0.00749773, 0.0218816, 0.0456565, 0.075425, 0.119235, 0.210881, 0.23582, 0.244813, 0.262717, 0.806633, 1, 

67,1329,0.001, 0.00749773, 0.0218816, 0.0456565, 0.0460126, 0.126535, 0.171676, 0.223503, 1, 

66,1731,0.001, 0.00749773, 0.0218816, 0.0460126, 0.126535, 0.171676, 0.223503, 1, 

Generation #36
70,1181,0.001, 0.00749773, 0.0218816, 0.0456565, 0.126535, 0.14546, 0.153692, 0.244813, 0.262717, 0.806633, 1, 

75,1160,0.001, 0.00749773, 0.0218816, 0.0456565, 0.126535, 0.210881, 0.23582, 0.360442, 0.22996, 0.999048, 1, 

68,1182,0.001, 0.00749773, 0.0218816, 0.0456565, 0.075425, 0.119235, 0.210881, 0.23582, 0.244813, 0.262717, 0.806633, 1, 

67,1329,0.001, 0.00749773, 0.0218816, 0.0456565, 0.0460126, 0.126535, 0.171676, 0.223503, 1, 

66,1731,0.001, 0.00749773, 0.0218816, 0.0460126, 0.126535, 0.171676, 0.223503, 1, 

Generation #37
70,1181,0.001, 0.00749773, 0.0218816, 0.0456565, 0.126535, 0.14546, 0.153692, 0.244813, 0.262717, 0.806633, 1, 

75,1160,0.001, 0.00749773, 0.0218816, 0.0456565, 0.126535, 0.210881, 0.23582, 0.360442, 0.22996, 0.999048, 1, 

68,1182,0.001, 0.00749773, 0.0218816, 0.0456565, 0.075425, 0.119235, 0.210881, 0.23582, 0.244813, 0.262717, 0.806633, 1, 

67,1329,0.001, 0.00749773, 0.0218816, 0.0456565, 0.0460126, 0.126535, 0.171676, 0.223503, 1, 

66,1731,0.001, 0.00749773, 0.0218816, 0.0460126, 0.126535, 0.171676, 0.223503, 1, 

Generation #38
70,1181,0.001, 0.00749773, 0.0218816, 0.0456565, 0.126535, 0.14546, 0.153692, 0.244813, 0.262717, 0.806633, 1, 

68,1182,0.001, 0.00749773, 0.0218816, 0.0456565, 0.075425, 0.119235, 0.210881, 0.23582, 0.244813, 0.262717, 0.806633, 1, 

67,1329,0.001, 0.00749773, 0.0218816, 0.0456565, 0.0460126, 0.126535, 0.171676, 0.223503, 1, 

66,1731,0.001, 0.00749773, 0.0218816, 0.0460126, 0.126535, 0.171676, 0.223503, 1, 

74,1117,0.001, 0.00749773, 0.0218816, 0.0456565, 0.075425, 0.14546, 0.153692, 0.211271, 0.22996, 0.999048, 1, 

Generation #39
70,1181,0.001, 0.00749773, 0.0218816, 0.0456565, 0.126535, 0.14546, 0.153692, 0.244813, 0.262717, 0.806633, 1, 

68,1182,0.001, 0.00749773, 0.0218816, 0.0456565, 0.075425, 0.119235, 0.210881, 0.23582, 0.244813, 0.262717, 0.806633, 1, 

67,1329,0.001, 0.00749773, 0.0218816, 0.0456565, 0.0460126, 0.126535, 0.171676, 0.223503, 1, 

66,1731,0.001, 0.00749773, 0.0218816, 0.0460126, 0.126535, 0.171676, 0.223503, 1, 

74,1117,0.001, 0.00749773, 0.0218816, 0.0456565, 0.075425, 0.14546, 0.153692, 0.211271, 0.22996, 0.999048, 1, 

Generation #40
70,1181,0.001, 0.00749773, 0.0218816, 0.0456565, 0.126535, 0.14546, 0.153692, 0.244813, 0.262717, 0.806633, 1, 

68,1182,0.001, 0.00749773, 0.0218816, 0.0456565, 0.075425, 0.119235, 0.210881, 0.23582, 0.244813, 0.262717, 0.806633, 1, 

67,1329,0.001, 0.00749773, 0.0218816, 0.0456565, 0.0460126, 0.126535, 0.171676, 0.223503, 1, 

66,1731,0.001, 0.00749773, 0.0218816, 0.0460126, 0.126535, 0.171676, 0.223503, 1, 

74,1117,0.001, 0.00749773, 0.0218816, 0.0456565, 0.075425, 0.14546, 0.153692, 0.211271, 0.22996, 0.999048, 1, 

Generation #41
70,1181,0.001, 0.00749773, 0.0218816, 0.0456565, 0.126535, 0.14546, 0.153692, 0.244813, 0.262717, 0.806633, 1, 

68,1182,0.001, 0.00749773, 0.0218816, 0.0456565, 0.075425, 0.119235, 0.210881, 0.23582, 0.244813, 0.262717, 0.806633, 1, 

67,1329,0.001, 0.00749773, 0.0218816, 0.0456565, 0.0460126, 0.126535, 0.171676, 0.223503, 1, 

66,1731,0.001, 0.00749773, 0.0218816, 0.0460126, 0.126535, 0.171676, 0.223503, 1, 

74,1117,0.001, 0.00749773, 0.0218816, 0.0456565, 0.075425, 0.14546, 0.153692, 0.211271, 0.22996, 0.999048, 1, 

Generation #42
70,1181,0.001, 0.00749773, 0.0218816, 0.0456565, 0.126535, 0.14546, 0.153692, 0.244813, 0.262717, 0.806633, 1, 

68,1182,0.001, 0.00749773, 0.0218816, 0.0456565, 0.075425, 0.119235, 0.210881, 0.23582, 0.244813, 0.262717, 0.806633, 1, 

67,1329,0.001, 0.00749773, 0.0218816, 0.0456565, 0.0460126, 0.126535, 0.171676, 0.223503, 1, 

66,1731,0.001, 0.00749773, 0.0218816, 0.0460126, 0.126535, 0.171676, 0.223503, 1, 

74,1117,0.001, 0.00749773, 0.0218816, 0.0456565, 0.075425, 0.14546, 0.153692, 0.211271, 0.22996, 0.999048, 1, 

Generation #43
70,1181,0.001, 0.00749773, 0.0218816, 0.0456565, 0.126535, 0.14546, 0.153692, 0.244813, 0.262717, 0.806633, 1, 

68,1182,0.001, 0.00749773, 0.0218816, 0.0456565, 0.075425, 0.119235, 0.210881, 0.23582, 0.244813, 0.262717, 0.806633, 1, 

67,1329,0.001, 0.00749773, 0.0218816, 0.0456565, 0.0460126, 0.126535, 0.171676, 0.223503, 1, 

66,1731,0.001, 0.00749773, 0.0218816, 0.0460126, 0.126535, 0.171676, 0.223503, 1, 

74,1117,0.001, 0.00749773, 0.0218816, 0.0456565, 0.075425, 0.14546, 0.153692, 0.211271, 0.22996, 0.999048, 1, 

73,1134,0.001, 0.00749773, 0.0218816, 0.0456565, 0.112512, 0.126535, 0.171676, 0.223503, 0.262717, 1, 

Generation #44
70,1181,0.001, 0.00749773, 0.0218816, 0.0456565, 0.126535, 0.14546, 0.153692, 0.244813, 0.262717, 0.806633, 1, 

68,1182,0.001, 0.00749773, 0.0218816, 0.0456565, 0.075425, 0.119235, 0.210881, 0.23582, 0.244813, 0.262717, 0.806633, 1, 

67,1329,0.001, 0.00749773, 0.0218816, 0.0456565, 0.0460126, 0.126535, 0.171676, 0.223503, 1, 

66,1731,0.001, 0.00749773, 0.0218816, 0.0460126, 0.126535, 0.171676, 0.223503, 1, 

74,1117,0.001, 0.00749773, 0.0218816, 0.0456565, 0.075425, 0.14546, 0.153692, 0.211271, 0.22996, 0.999048, 1, 

73,1134,0.001, 0.00749773, 0.0218816, 0.0456565, 0.112512, 0.126535, 0.171676, 0.223503, 0.262717, 1, 

Generation #45
70,1181,0.001, 0.00749773, 0.0218816, 0.0456565, 0.126535, 0.14546, 0.153692, 0.244813, 0.262717, 0.806633, 1, 

68,1182,0.001, 0.00749773, 0.0218816, 0.0456565, 0.075425, 0.119235, 0.210881, 0.23582, 0.244813, 0.262717, 0.806633, 1, 

67,1329,0.001, 0.00749773, 0.0218816, 0.0456565, 0.0460126, 0.126535, 0.171676, 0.223503, 1, 

66,1731,0.001, 0.00749773, 0.0218816, 0.0460126, 0.126535, 0.171676, 0.223503, 1, 

74,1117,0.001, 0.00749773, 0.0218816, 0.0456565, 0.075425, 0.14546, 0.153692, 0.211271, 0.22996, 0.999048, 1, 

73,1134,0.001, 0.00749773, 0.0218816, 0.0456565, 0.112512, 0.126535, 0.171676, 0.223503, 0.262717, 1, 

Generation #46
70,1181,0.001, 0.00749773, 0.0218816, 0.0456565, 0.126535, 0.14546, 0.153692, 0.244813, 0.262717, 0.806633, 1, 

68,1182,0.001, 0.00749773, 0.0218816, 0.0456565, 0.075425, 0.119235, 0.210881, 0.23582, 0.244813, 0.262717, 0.806633, 1, 

67,1329,0.001, 0.00749773, 0.0218816, 0.0456565, 0.0460126, 0.126535, 0.171676, 0.223503, 1, 

66,1731,0.001, 0.00749773, 0.0218816, 0.0460126, 0.126535, 0.171676, 0.223503, 1, 

74,1117,0.001, 0.00749773, 0.0218816, 0.0456565, 0.075425, 0.14546, 0.153692, 0.211271, 0.22996, 0.999048, 1, 

73,1134,0.001, 0.00749773, 0.0218816, 0.0456565, 0.112512, 0.126535, 0.171676, 0.223503, 0.262717, 1, 

Generation #47
70,1181,0.001, 0.00749773, 0.0218816, 0.0456565, 0.126535, 0.14546, 0.153692, 0.244813, 0.262717, 0.806633, 1, 

68,1182,0.001, 0.00749773, 0.0218816, 0.0456565, 0.075425, 0.119235, 0.210881, 0.23582, 0.244813, 0.262717, 0.806633, 1, 

67,1329,0.001, 0.00749773, 0.0218816, 0.0456565, 0.0460126, 0.126535, 0.171676, 0.223503, 1, 

66,1731,0.001, 0.00749773, 0.0218816, 0.0460126, 0.126535, 0.171676, 0.223503, 1, 

74,1117,0.001, 0.00749773, 0.0218816, 0.0456565, 0.075425, 0.14546, 0.153692, 0.211271, 0.22996, 0.999048, 1, 

73,1134,0.001, 0.00749773, 0.0218816, 0.0456565, 0.112512, 0.126535, 0.171676, 0.223503, 0.262717, 1, 

Generation #48
70,1181,0.001, 0.00749773, 0.0218816, 0.0456565, 0.126535, 0.14546, 0.153692, 0.244813, 0.262717, 0.806633, 1, 

68,1182,0.001, 0.00749773, 0.0218816, 0.0456565, 0.075425, 0.119235, 0.210881, 0.23582, 0.244813, 0.262717, 0.806633, 1, 

67,1329,0.001, 0.00749773, 0.0218816, 0.0456565, 0.0460126, 0.126535, 0.171676, 0.223503, 1, 

66,1731,0.001, 0.00749773, 0.0218816, 0.0460126, 0.126535, 0.171676, 0.223503, 1, 

74,1117,0.001, 0.00749773, 0.0218816, 0.0456565, 0.075425, 0.14546, 0.153692, 0.211271, 0.22996, 0.999048, 1, 

73,1134,0.001, 0.00749773, 0.0218816, 0.0456565, 0.112512, 0.126535, 0.171676, 0.223503, 0.262717, 1, 

Generation #49
70,1181,0.001, 0.00749773, 0.0218816, 0.0456565, 0.126535, 0.14546, 0.153692, 0.244813, 0.262717, 0.806633, 1, 

68,1182,0.001, 0.00749773, 0.0218816, 0.0456565, 0.075425, 0.119235, 0.210881, 0.23582, 0.244813, 0.262717, 0.806633, 1, 

67,1329,0.001, 0.00749773, 0.0218816, 0.0456565, 0.0460126, 0.126535, 0.171676, 0.223503, 1, 

66,1731,0.001, 0.00749773, 0.0218816, 0.0460126, 0.126535, 0.171676, 0.223503, 1, 

74,1117,0.001, 0.00749773, 0.0218816, 0.0456565, 0.075425, 0.14546, 0.153692, 0.211271, 0.22996, 0.999048, 1, 

73,1134,0.001, 0.00749773, 0.0218816, 0.0456565, 0.112512, 0.126535, 0.171676, 0.223503, 0.262717, 1, 

71,1162,0.001, 0.00749773, 0.0218816, 0.0456565, 0.0460126, 0.14546, 0.234785, 0.153692, 0.211271, 0.22996, 0.999048, 1, 

--- Pareto Front Solutions ---
Solution 0: N total=115 (N_initial=45, N_added=70), Time total=1200 ms, Saved to: ./results/Wireless_t2_l1_pareto_0.csv, percents=0.001, 0.00749773, 0.0218816, 0.0456565, 0.126535, 0.14546, 0.153692, 0.244813, 0.262717, 0.806633, 1, 

Solution 1: N total=113 (N_initial=45, N_added=68), Time total=1201 ms, Saved to: ./results/Wireless_t2_l1_pareto_1.csv, percents=0.001, 0.00749773, 0.0218816, 0.0456565, 0.075425, 0.119235, 0.210881, 0.23582, 0.244813, 0.262717, 0.806633, 1, 

Solution 2: N total=112 (N_initial=45, N_added=67), Time total=1348 ms, Saved to: ./results/Wireless_t2_l1_pareto_2.csv, percents=0.001, 0.00749773, 0.0218816, 0.0456565, 0.0460126, 0.126535, 0.171676, 0.223503, 1, 

Solution 3: N total=111 (N_initial=45, N_added=66), Time total=1750 ms, Saved to: ./results/Wireless_t2_l1_pareto_3.csv, percents=0.001, 0.00749773, 0.0218816, 0.0460126, 0.126535, 0.171676, 0.223503, 1, 

Solution 4: N total=119 (N_initial=45, N_added=74), Time total=1136 ms, Saved to: ./results/Wireless_t2_l1_pareto_4.csv, percents=0.001, 0.00749773, 0.0218816, 0.0456565, 0.075425, 0.14546, 0.153692, 0.211271, 0.22996, 0.999048, 1, 

Solution 5: N total=118 (N_initial=45, N_added=73), Time total=1153 ms, Saved to: ./results/Wireless_t2_l1_pareto_5.csv, percents=0.001, 0.00749773, 0.0218816, 0.0456565, 0.112512, 0.126535, 0.171676, 0.223503, 0.262717, 1, 

Solution 6: N total=116 (N_initial=45, N_added=71), Time total=1181 ms, Saved to: ./results/Wireless_t2_l1_pareto_6.csv, percents=0.001, 0.00749773, 0.0218816, 0.0456565, 0.0460126, 0.14546, 0.234785, 0.153692, 0.211271, 0.22996, 0.999048, 1, 

------------d=1, t=2, lambda=2, filename=./evaluation/Wireless/Wireless_2_2.csv------------
Grouping d-sets by partitioned row counts for detecting arrays...
Ready to look at pairs for detecting arrays...
First Stage N=80, Time=11
There are 10640 remaining non-locating pairs
--- Running GA Algorithm (phase2) ---
Running GA with std::execution::par
Generation #0
66,1180,0.001, 0.0280987, 0.116667, 0.136041, 0.157128, 0.22605, 0.301378, 0.314234, 0.47071, 0.475699, 0.494029, 0.558725, 0.724126, 0.780258, 0.837559, 0.83948, 0.859217, 1, 

72,910,0.001, 0.0369917, 0.0524475, 0.0627489, 0.0697744, 0.0889163, 0.123836, 0.17052, 0.1748, 0.176479, 0.188692, 0.210156, 0.307687, 0.307748, 0.314488, 0.353512, 0.543897, 0.580136, 0.587746, 0.620246, 0.769091, 0.787842, 0.797078, 0.913291, 0.920522, 0.922106, 0.952476, 0.958897, 0.959458, 1, 

61,1464,0.001, 0.105055, 0.115027, 0.136694, 0.19488, 0.252118, 0.280565, 0.285515, 0.40075, 0.519971, 0.521128, 0.569974, 0.946921, 0.952435, 1, 

68,1118,0.001, 0.0433424, 0.0774851, 0.0927039, 0.265206, 0.318664, 0.340869, 0.349494, 0.484977, 0.538066, 0.548604, 0.559776, 0.604066, 0.663035, 0.769805, 0.903717, 1, 

Generation #1
60,969,0.001, 0.019794, 0.041739, 0.0838132, 0.166323, 0.188544, 0.191295, 0.687225, 0.694506, 0.979473, 1, 

64,764,0.001, 0.0369917, 0.0524475, 0.0627489, 0.0697744, 0.0889163, 0.123836, 0.17052, 0.1748, 0.176479, 0.188692, 0.210156, 0.307687, 0.307748, 0.314488, 0.353512, 0.859217, 1, 

Generation #2
60,969,0.001, 0.019794, 0.041739, 0.0838132, 0.166323, 0.188544, 0.191295, 0.687225, 0.694506, 0.979473, 1, 

64,764,0.001, 0.0369917, 0.0524475, 0.0627489, 0.0697744, 0.0889163, 0.123836, 0.17052, 0.1748, 0.176479, 0.188692, 0.210156, 0.307687, 0.307748, 0.314488, 0.353512, 0.859217, 1, 

58,1218,0.001, 0.0300721, 0.0784247, 0.091762, 0.10128, 0.107144, 0.145153, 0.376005, 0.566837, 0.611315, 1, 

Generation #3
60,969,0.001, 0.019794, 0.041739, 0.0838132, 0.166323, 0.188544, 0.191295, 0.687225, 0.694506, 0.979473, 1, 

64,764,0.001, 0.0369917, 0.0524475, 0.0627489, 0.0697744, 0.0889163, 0.123836, 0.17052, 0.1748, 0.176479, 0.188692, 0.210156, 0.307687, 0.307748, 0.314488, 0.353512, 0.859217, 1, 

58,1218,0.001, 0.0300721, 0.0784247, 0.091762, 0.10128, 0.107144, 0.145153, 0.376005, 0.566837, 0.611315, 1, 

59,1117,0.001, 0.0300721, 0.0784247, 0.0960606, 0.10128, 0.107144, 0.145153, 0.376005, 0.806201, 0.611315, 1, 

Generation #4
60,969,0.001, 0.019794, 0.041739, 0.0838132, 0.166323, 0.188544, 0.191295, 0.687225, 0.694506, 0.979473, 1, 

64,764,0.001, 0.0369917, 0.0524475, 0.0627489, 0.0697744, 0.0889163, 0.123836, 0.17052, 0.1748, 0.176479, 0.188692, 0.210156, 0.307687, 0.307748, 0.314488, 0.353512, 0.859217, 1, 

58,1218,0.001, 0.0300721, 0.0784247, 0.091762, 0.10128, 0.107144, 0.145153, 0.376005, 0.566837, 0.611315, 1, 

61,900,0.001, 0.0369917, 0.0524475, 0.0627489, 0.0697744, 0.107144, 0.145153, 0.154849, 0.158909, 0.611315, 1, 

57,1488,0.001, 0.0300721, 0.0784247, 0.0960606, 0.10128, 0.107144, 0.145153, 0.154849, 0.158909, 0.165509, 1, 

62,887,0.001, 0.0451814, 0.0490521, 0.0825413, 0.0910001, 0.10213, 0.133073, 0.155994, 0.197807, 0.877466, 0.611315, 1, 

59,982,0.001, 0.0451814, 0.0490521, 0.0825413, 0.0910001, 0.10213, 0.115667, 0.164459, 0.197807, 0.877466, 1, 

Generation #5
64,764,0.001, 0.0369917, 0.0524475, 0.0627489, 0.0697744, 0.0889163, 0.123836, 0.17052, 0.1748, 0.176479, 0.188692, 0.210156, 0.307687, 0.307748, 0.314488, 0.353512, 0.859217, 1, 

57,1488,0.001, 0.0300721, 0.0784247, 0.0960606, 0.10128, 0.107144, 0.145153, 0.154849, 0.158909, 0.165509, 1, 

60,845,0.001, 0.0117518, 0.0417682, 0.0461692, 0.0497777, 0.0555542, 0.134922, 0.166633, 0.185418, 0.926382, 1, 

58,907,0.001, 0.0310902, 0.0437031, 0.0548915, 0.107793, 0.151063, 0.170576, 0.376005, 0.566837, 0.611315, 1, 

Generation #6
57,1488,0.001, 0.0300721, 0.0784247, 0.0960606, 0.10128, 0.107144, 0.145153, 0.154849, 0.158909, 0.165509, 1, 

58,907,0.001, 0.0310902, 0.0437031, 0.0548915, 0.107793, 0.151063, 0.170576, 0.376005, 0.566837, 0.611315, 1, 

60,704,0.001, 0.0369917, 0.0524475, 0.0627489, 0.0697744, 0.0889163, 0.123836, 0.17052, 0.1748, 0.176479, 0.188692, 0.210156, 0.307687, 0.307748, 0.314488, 0.353512, 0.859217, 1, 

Generation #7
57,1488,0.001, 0.0300721, 0.0784247, 0.0960606, 0.10128, 0.107144, 0.145153, 0.154849, 0.158909, 0.165509, 1, 

60,704,0.001, 0.0369917, 0.0524475, 0.0627489, 0.0697744, 0.0889163, 0.123836, 0.17052, 0.1748, 0.176479, 0.188692, 0.210156, 0.307687, 0.307748, 0.314488, 0.353512, 0.859217, 1, 

58,758,0.001, 0.0369917, 0.0524475, 0.0627489, 0.0697744, 0.107144, 0.145153, 0.154849, 0.381558, 0.872418, 1, 

Generation #8
60,704,0.001, 0.0369917, 0.0524475, 0.0627489, 0.0697744, 0.0889163, 0.123836, 0.17052, 0.1748, 0.176479, 0.188692, 0.210156, 0.307687, 0.307748, 0.314488, 0.353512, 0.859217, 1, 

57,756,0.001, 0.0369917, 0.0524475, 0.0627489, 0.0697744, 0.107144, 0.145153, 0.154849, 0.158909, 0.611315, 1, 

Generation #9
60,704,0.001, 0.0369917, 0.0524475, 0.0627489, 0.0697744, 0.0889163, 0.123836, 0.17052, 0.1748, 0.176479, 0.188692, 0.210156, 0.307687, 0.307748, 0.314488, 0.353512, 0.859217, 1, 

57,756,0.001, 0.0369917, 0.0524475, 0.0627489, 0.0697744, 0.107144, 0.145153, 0.154849, 0.158909, 0.611315, 1, 

Generation #10
60,704,0.001, 0.0369917, 0.0524475, 0.0627489, 0.0697744, 0.0889163, 0.123836, 0.17052, 0.1748, 0.176479, 0.188692, 0.210156, 0.307687, 0.307748, 0.314488, 0.353512, 0.859217, 1, 

57,756,0.001, 0.0369917, 0.0524475, 0.0627489, 0.0697744, 0.107144, 0.145153, 0.154849, 0.158909, 0.611315, 1, 

56,1068,0.001, 0.0369917, 0.0524475, 0.0627489, 0.0697744, 0.107144, 0.145153, 0.154849, 0.158909, 0.611315, 1, 

Generation #11
60,704,0.001, 0.0369917, 0.0524475, 0.0627489, 0.0697744, 0.0889163, 0.123836, 0.17052, 0.1748, 0.176479, 0.188692, 0.210156, 0.307687, 0.307748, 0.314488, 0.353512, 0.859217, 1, 

57,756,0.001, 0.0369917, 0.0524475, 0.0627489, 0.0697744, 0.107144, 0.145153, 0.154849, 0.158909, 0.611315, 1, 

56,1068,0.001, 0.0369917, 0.0524475, 0.0627489, 0.0697744, 0.107144, 0.145153, 0.154849, 0.158909, 0.611315, 1, 

Generation #12
60,704,0.001, 0.0369917, 0.0524475, 0.0627489, 0.0697744, 0.0889163, 0.123836, 0.17052, 0.1748, 0.176479, 0.188692, 0.210156, 0.307687, 0.307748, 0.314488, 0.353512, 0.859217, 1, 

57,756,0.001, 0.0369917, 0.0524475, 0.0627489, 0.0697744, 0.107144, 0.145153, 0.154849, 0.158909, 0.611315, 1, 

56,1068,0.001, 0.0369917, 0.0524475, 0.0627489, 0.0697744, 0.107144, 0.145153, 0.154849, 0.158909, 0.611315, 1, 

Generation #13
60,704,0.001, 0.0369917, 0.0524475, 0.0627489, 0.0697744, 0.0889163, 0.123836, 0.17052, 0.1748, 0.176479, 0.188692, 0.210156, 0.307687, 0.307748, 0.314488, 0.353512, 0.859217, 1, 

57,756,0.001, 0.0369917, 0.0524475, 0.0627489, 0.0697744, 0.107144, 0.145153, 0.154849, 0.158909, 0.611315, 1, 

56,869,0.001, 0.0369917, 0.0524475, 0.0627489, 0.0697744, 0.107144, 0.145153, 0.154849, 0.381558, 0.872418, 1, 

Generation #14
60,704,0.001, 0.0369917, 0.0524475, 0.0627489, 0.0697744, 0.0889163, 0.123836, 0.17052, 0.1748, 0.176479, 0.188692, 0.210156, 0.307687, 0.307748, 0.314488, 0.353512, 0.859217, 1, 

57,756,0.001, 0.0369917, 0.0524475, 0.0627489, 0.0697744, 0.107144, 0.145153, 0.154849, 0.158909, 0.611315, 1, 

56,869,0.001, 0.0369917, 0.0524475, 0.0627489, 0.0697744, 0.107144, 0.145153, 0.154849, 0.381558, 0.872418, 1, 

64,684,0.001, 0.0300721, 0.0417682, 0.0461692, 0.0497777, 0.0555542, 0.134922, 0.166633, 0.185418, 0.213435, 0.218305, 0.276238, 0.724126, 0.780258, 0.550997, 0.962619, 0.971158, 1, 

Generation #15
60,704,0.001, 0.0369917, 0.0524475, 0.0627489, 0.0697744, 0.0889163, 0.123836, 0.17052, 0.1748, 0.176479, 0.188692, 0.210156, 0.307687, 0.307748, 0.314488, 0.353512, 0.859217, 1, 

57,756,0.001, 0.0369917, 0.0524475, 0.0627489, 0.0697744, 0.107144, 0.145153, 0.154849, 0.158909, 0.611315, 1, 

56,869,0.001, 0.0369917, 0.0524475, 0.0627489, 0.0697744, 0.107144, 0.145153, 0.154849, 0.381558, 0.872418, 1, 

64,684,0.001, 0.0300721, 0.0417682, 0.0461692, 0.0497777, 0.0555542, 0.134922, 0.166633, 0.185418, 0.213435, 0.218305, 0.276238, 0.724126, 0.780258, 0.550997, 0.962619, 0.971158, 1, 

Generation #16
60,704,0.001, 0.0369917, 0.0524475, 0.0627489, 0.0697744, 0.0889163, 0.123836, 0.17052, 0.1748, 0.176479, 0.188692, 0.210156, 0.307687, 0.307748, 0.314488, 0.353512, 0.859217, 1, 

57,756,0.001, 0.0369917, 0.0524475, 0.0627489, 0.0697744, 0.107144, 0.145153, 0.154849, 0.158909, 0.611315, 1, 

56,869,0.001, 0.0369917, 0.0524475, 0.0627489, 0.0697744, 0.107144, 0.145153, 0.154849, 0.381558, 0.872418, 1, 

64,684,0.001, 0.0300721, 0.0417682, 0.0461692, 0.0497777, 0.0555542, 0.134922, 0.166633, 0.185418, 0.213435, 0.218305, 0.276238, 0.724126, 0.780258, 0.550997, 0.962619, 0.971158, 1, 

Generation #17
60,704,0.001, 0.0369917, 0.0524475, 0.0627489, 0.0697744, 0.0889163, 0.123836, 0.17052, 0.1748, 0.176479, 0.188692, 0.210156, 0.307687, 0.307748, 0.314488, 0.353512, 0.859217, 1, 

57,756,0.001, 0.0369917, 0.0524475, 0.0627489, 0.0697744, 0.107144, 0.145153, 0.154849, 0.158909, 0.611315, 1, 

56,869,0.001, 0.0369917, 0.0524475, 0.0627489, 0.0697744, 0.107144, 0.145153, 0.154849, 0.381558, 0.872418, 1, 

64,684,0.001, 0.0300721, 0.0417682, 0.0461692, 0.0497777, 0.0555542, 0.134922, 0.166633, 0.185418, 0.213435, 0.218305, 0.276238, 0.724126, 0.780258, 0.550997, 0.962619, 0.971158, 1, 

Generation #18
60,704,0.001, 0.0369917, 0.0524475, 0.0627489, 0.0697744, 0.0889163, 0.123836, 0.17052, 0.1748, 0.176479, 0.188692, 0.210156, 0.307687, 0.307748, 0.314488, 0.353512, 0.859217, 1, 

57,756,0.001, 0.0369917, 0.0524475, 0.0627489, 0.0697744, 0.107144, 0.145153, 0.154849, 0.158909, 0.611315, 1, 

56,869,0.001, 0.0369917, 0.0524475, 0.0627489, 0.0697744, 0.107144, 0.145153, 0.154849, 0.381558, 0.872418, 1, 

64,684,0.001, 0.0300721, 0.0417682, 0.0461692, 0.0497777, 0.0555542, 0.134922, 0.166633, 0.185418, 0.213435, 0.218305, 0.276238, 0.724126, 0.780258, 0.550997, 0.962619, 0.971158, 1, 

Generation #19
57,756,0.001, 0.0369917, 0.0524475, 0.0627489, 0.0697744, 0.107144, 0.145153, 0.154849, 0.158909, 0.611315, 1, 

56,869,0.001, 0.0369917, 0.0524475, 0.0627489, 0.0697744, 0.107144, 0.145153, 0.154849, 0.381558, 0.872418, 1, 

59,625,0.001, 0.0117518, 0.0417682, 0.0461692, 0.0497777, 0.10213, 0.133073, 0.155994, 0.197807, 0.208631, 0.521128, 0.569974, 0.946921, 0.952435, 1, 

Generation #20
57,756,0.001, 0.0369917, 0.0524475, 0.0627489, 0.0697744, 0.107144, 0.145153, 0.154849, 0.158909, 0.611315, 1, 

56,869,0.001, 0.0369917, 0.0524475, 0.0627489, 0.0697744, 0.107144, 0.145153, 0.154849, 0.381558, 0.872418, 1, 

59,625,0.001, 0.0117518, 0.0417682, 0.0461692, 0.0497777, 0.10213, 0.133073, 0.155994, 0.197807, 0.208631, 0.521128, 0.569974, 0.946921, 0.952435, 1, 
