------------d=1, t=3, lambda=1, filename=./evaluation/Make/Make_3_1.csv------------
Grouping d-sets by partitioned row counts for detecting arrays...
Ready to look at pairs for detecting arrays...
First Stage N=138, Time=121
There are 277939 remaining non-locating pairs
--- Running GA Algorithm (phase2) ---
Running GA with std::execution::par
Generation #0
282,33432,0.001, 0.0600788, 0.0635621, 0.186926, 0.393744, 0.428939, 0.462547, 0.528912, 0.586828, 0.59682, 0.710195, 0.749947, 0.797568, 0.797852, 0.857405, 1, 

311,18234,0.001, 0.0141455, 0.0218816, 0.0456565, 0.126535, 0.171676, 0.223503, 0.360442, 0.365705, 0.45636, 0.479251, 0.508095, 0.573131, 0.69156, 0.698453, 0.828251, 0.841254, 0.951562, 1, 

279,68186,0.001, 0.114574, 0.207754, 0.488192, 0.608378, 0.656133, 0.80047, 0.927298, 0.950905, 0.999048, 1, 

293,18731,0.001, 0.0110509, 0.0391854, 0.0928903, 0.129683, 0.148351, 0.15305, 0.161136, 0.234665, 0.262227, 0.262612, 0.288228, 0.29071, 0.387741, 0.387959, 0.439057, 0.598829, 0.623264, 0.646717, 0.734431, 0.75492, 0.778334, 0.828504, 0.918703, 0.937746, 1, 

291,19364,0.001, 0.0254464, 0.0366954, 0.0698214, 0.10015, 0.173493, 0.182069, 0.201765, 0.215415, 0.215567, 0.254165, 0.298254, 0.324787, 0.363879, 0.391268, 0.504137, 0.516423, 0.523615, 0.547289, 0.599489, 0.601581, 0.63591, 0.637151, 0.649966, 0.652885, 0.667381, 0.687122, 0.797561, 0.838927, 0.978985, 1, 

288,29973,0.001, 0.0485364, 0.0638381, 0.103473, 0.112512, 0.157387, 0.207509, 0.233497, 0.34024, 0.425078, 0.623749, 0.642961, 0.77327, 0.821051, 0.86027, 0.97724, 1, 

314,16717,0.001, 0.0234395, 0.0390873, 0.0460126, 0.10239, 0.111185, 0.134715, 0.142228, 0.147769, 0.164878, 0.182603, 0.226503, 0.233886, 0.288066, 0.436146, 0.459913, 0.494666, 0.552769, 0.560013, 0.560173, 0.589613, 0.739437, 0.740977, 0.79267, 0.822098, 0.937526, 0.967304, 1, 

289,24429,0.001, 0.0370946, 0.0407183, 0.081086, 0.140626, 0.209852, 0.273465, 0.273585, 0.353292, 0.369654, 0.382673, 0.445377, 0.560908, 0.596095, 0.596417, 0.640819, 0.656873, 0.664519, 0.701615, 0.738495, 0.747655, 0.78442, 0.791605, 0.905578, 0.938861, 0.941806, 0.973056, 1, 

Generation #1
282,33432,0.001, 0.0600788, 0.0635621, 0.186926, 0.393744, 0.428939, 0.462547, 0.528912, 0.586828, 0.59682, 0.710195, 0.749947, 0.797568, 0.797852, 0.857405, 1, 

279,68186,0.001, 0.114574, 0.207754, 0.488192, 0.608378, 0.656133, 0.80047, 0.927298, 0.950905, 0.999048, 1, 

288,29973,0.001, 0.0485364, 0.0638381, 0.103473, 0.112512, 0.157387, 0.207509, 0.233497, 0.34024, 0.425078, 0.623749, 0.642961, 0.77327, 0.821051, 0.86027, 0.97724, 1, 

289,24429,0.001, 0.0370946, 0.0407183, 0.081086, 0.140626, 0.209852, 0.273465, 0.273585, 0.353292, 0.369654, 0.382673, 0.445377, 0.560908, 0.596095, 0.596417, 0.640819, 0.656873, 0.664519, 0.701615, 0.738495, 0.747655, 0.78442, 0.791605, 0.905578, 0.938861, 0.941806, 0.973056, 1, 

291,17953,0.001, 0.0414656, 0.0521207, 0.0686577, 0.117633, 0.163411, 0.214394, 0.220679, 0.299091, 0.400537, 0.470213, 0.492376, 0.576229, 0.613618, 0.67643, 0.75629, 0.776041, 0.831382, 0.839098, 0.844438, 0.957415, 0.970357, 1, 

303,11793,0.001, 0.0141455, 0.0218816, 0.0456565, 0.126535, 0.171676, 0.223503, 0.360442, 0.365705, 0.45636, 0.479251, 0.508095, 0.573131, 0.69156, 0.698453, 0.828251, 0.841254, 0.951562, 1, 

281,42774,0.001, 0.0800371, 0.0897505, 0.0901148, 0.142215, 0.15825, 0.161182, 0.18951, 0.195469, 0.201938, 0.255494, 0.255884, 0.694369, 0.712898, 0.739363, 0.774425, 0.818322, 0.834638, 0.970637, 0.979585, 1, 

299,12329,0.001, 0.0110509, 0.0391854, 0.0928903, 0.129683, 0.148351, 0.15305, 0.217953, 0.230267, 0.239707, 0.475426, 0.477239, 0.511489, 0.606937, 0.610299, 0.685118, 0.749872, 0.761045, 0.79815, 0.843834, 0.85952, 0.956795, 1, 

295,15728,0.001, 0.0254464, 0.0366954, 0.0698214, 0.10015, 0.173493, 0.182069, 0.215415, 0.793639, 0.806633, 1, 

Generation #2
282,33432,0.001, 0.0600788, 0.0635621, 0.186926, 0.393744, 0.428939, 0.462547, 0.528912, 0.586828, 0.59682, 0.710195, 0.749947, 0.797568, 0.797852, 0.857405, 1, 

279,68186,0.001, 0.114574, 0.207754, 0.488192, 0.608378, 0.656133, 0.80047, 0.927298, 0.950905, 0.999048, 1, 

303,11793,0.001, 0.0141455, 0.0218816, 0.0456565, 0.126535, 0.171676, 0.223503, 0.360442, 0.365705, 0.45636, 0.479251, 0.508095, 0.573131, 0.69156, 0.698453, 0.828251, 0.841254, 0.951562, 1, 

299,12329,0.001, 0.0110509, 0.0391854, 0.0928903, 0.129683, 0.148351, 0.15305, 0.217953, 0.230267, 0.239707, 0.475426, 0.477239, 0.511489, 0.606937, 0.610299, 0.685118, 0.749872, 0.761045, 0.79815, 0.843834, 0.85952, 0.956795, 1, 

283,14523,0.001, 0.0110509, 0.0391854, 0.0928903, 0.129683, 0.148351, 0.15305, 0.161136, 0.234665, 0.262227, 0.262612, 0.288228, 0.29071, 0.387741, 0.387959, 0.439057, 0.598829, 0.623264, 0.646717, 0.734431, 0.75492, 0.778334, 0.828504, 0.918703, 0.937746, 1, 

287,13658,0.001, 0.017851, 0.0501659, 0.0513067, 0.110065, 0.137015, 0.159559, 0.187127, 0.814896, 0.815772, 0.872318, 0.886671, 0.887786, 1, 

281,33769,0.001, 0.0638381, 0.103473, 0.112512, 0.157387, 0.207509, 0.233497, 0.22996, 0.248763, 0.304855, 0.31975, 0.359774, 0.968253, 0.992228, 1, 

Generation #3
279,68186,0.001, 0.114574, 0.207754, 0.488192, 0.608378, 0.656133, 0.80047, 0.927298, 0.950905, 0.999048, 1, 

303,11793,0.001, 0.0141455, 0.0218816, 0.0456565, 0.126535, 0.171676, 0.223503, 0.360442, 0.365705, 0.45636, 0.479251, 0.508095, 0.573131, 0.69156, 0.698453, 0.828251, 0.841254, 0.951562, 1, 

283,14523,0.001, 0.0110509, 0.0391854, 0.0928903, 0.129683, 0.148351, 0.15305, 0.161136, 0.234665, 0.262227, 0.262612, 0.288228, 0.29071, 0.387741, 0.387959, 0.439057, 0.598829, 0.623264, 0.646717, 0.734431, 0.75492, 0.778334, 0.828504, 0.918703, 0.937746, 1, 

287,13658,0.001, 0.017851, 0.0501659, 0.0513067, 0.110065, 0.137015, 0.159559, 0.187127, 0.814896, 0.815772, 0.872318, 0.886671, 0.887786, 1, 

295,12086,0.001, 0.016774, 0.0547898, 0.114905, 0.167029, 0.204664, 0.343546, 0.401471, 0.230267, 0.239707, 0.475426, 0.477239, 0.511489, 0.606937, 0.610299, 0.685118, 0.749872, 0.761045, 0.79815, 0.843834, 0.85952, 0.956795, 1, 

306,10480,0.001, 0.00563984, 0.0472926, 0.0698625, 0.0751163, 0.198198, 0.226628, 0.274555, 0.301448, 0.330416, 0.408317, 0.413537, 0.600954, 0.665264, 0.698453, 0.828251, 0.841254, 0.951562, 1, 

280,16894,0.001, 0.017851, 0.0501659, 0.159417, 0.161031, 0.215706, 0.330756, 0.385246, 0.494171, 0.637868, 0.638357, 0.864514, 0.870374, 0.884463, 0.912551, 0.937055, 0.952596, 1, 

Generation #4
303,11793,0.001, 0.0141455, 0.0218816, 0.0456565, 0.126535, 0.171676, 0.223503, 0.360442, 0.365705, 0.45636, 0.479251, 0.508095, 0.573131, 0.69156, 0.698453, 0.828251, 0.841254, 0.951562, 1, 

295,12086,0.001, 0.016774, 0.0547898, 0.114905, 0.167029, 0.204664, 0.343546, 0.401471, 0.230267, 0.239707, 0.475426, 0.477239, 0.511489, 0.606937, 0.610299, 0.685118, 0.749872, 0.761045, 0.79815, 0.843834, 0.85952, 0.956795, 1, 

306,10480,0.001, 0.00563984, 0.0472926, 0.0698625, 0.0751163, 0.198198, 0.226628, 0.274555, 0.301448, 0.330416, 0.408317, 0.413537, 0.600954, 0.665264, 0.698453, 0.828251, 0.841254, 0.951562, 1, 

278,12395,0.001, 0.016774, 0.0218816, 0.0456565, 0.126535, 0.171676, 0.223503, 0.360442, 0.365705, 0.45636, 0.479251, 0.508095, 0.573131, 0.69156, 0.698453, 0.828251, 0.951562, 1, 

Generation #5
306,10480,0.001, 0.00563984, 0.0472926, 0.0698625, 0.0751163, 0.198198, 0.226628, 0.274555, 0.301448, 0.330416, 0.408317, 0.413537, 0.600954, 0.665264, 0.698453, 0.828251, 0.841254, 0.951562, 1, 

278,12395,0.001, 0.016774, 0.0218816, 0.0456565, 0.126535, 0.171676, 0.223503, 0.360442, 0.365705, 0.45636, 0.479251, 0.508095, 0.573131, 0.69156, 0.698453, 0.828251, 0.951562, 1, 

302,11092,0.001, 0.0141455, 0.0218816, 0.0456565, 0.126535, 0.137015, 0.159559, 0.187127, 0.814896, 0.815772, 0.872318, 0.886671, 0.887786, 1, 

292,11520,0.001, 0.0141455, 0.0218816, 0.0456565, 0.126535, 0.171676, 0.223503, 0.360442, 0.365705, 0.45636, 0.479251, 0.508095, 0.96706, 0.968253, 0.992228, 0.97724, 1, 

Generation #6
278,12395,0.001, 0.016774, 0.0218816, 0.0456565, 0.126535, 0.171676, 0.223503, 0.360442, 0.365705, 0.45636, 0.479251, 0.508095, 0.573131, 0.69156, 0.698453, 0.828251, 0.951562, 1, 

292,10314,0.001, 0.0141455, 0.0218816, 0.0456565, 0.126535, 0.171676, 0.223503, 0.360442, 0.365705, 0.45636, 0.479251, 0.508095, 0.77327, 0.821051, 0.86027, 0.97724, 1, 

286,10553,0.001, 0.0141455, 0.0218816, 0.0456565, 0.126535, 0.171676, 0.223503, 0.360442, 0.365705, 0.45636, 0.479251, 0.508095, 0.96706, 1, 

Generation #7
277,10705,0.001, 0.0110509, 0.0472926, 0.0698625, 0.0751163, 0.198198, 0.226628, 0.274555, 0.330416, 0.872318, 0.886671, 0.887786, 1, 

280,10114,0.001, 0.0110509, 0.0391854, 0.0928903, 0.129683, 0.148351, 0.15305, 0.217953, 0.15396, 0.230267, 0.239707, 0.475426, 0.689171, 0.69156, 0.698453, 0.828251, 0.951562, 1, 

283,8888,0.001, 0.0110509, 0.0391854, 0.0928903, 0.129683, 0.148351, 0.15305, 0.217953, 0.15396, 0.230267, 0.239707, 0.475426, 0.477239, 0.511489, 0.606937, 0.610299, 0.685118, 0.749872, 0.761045, 0.79815, 0.843834, 0.85952, 0.970357, 1, 

Generation #8
277,10705,0.001, 0.0110509, 0.0472926, 0.0698625, 0.0751163, 0.198198, 0.226628, 0.274555, 0.330416, 0.872318, 0.886671, 0.887786, 1, 

280,10114,0.001, 0.0110509, 0.0391854, 0.0928903, 0.129683, 0.148351, 0.15305, 0.217953, 0.15396, 0.230267, 0.239707, 0.475426, 0.689171, 0.69156, 0.698453, 0.828251, 0.951562, 1, 

283,8888,0.001, 0.0110509, 0.0391854, 0.0928903, 0.129683, 0.148351, 0.15305, 0.217953, 0.15396, 0.230267, 0.239707, 0.475426, 0.477239, 0.511489, 0.606937, 0.610299, 0.685118, 0.749872, 0.761045, 0.79815, 0.843834, 0.85952, 0.970357, 1, 

301,8454,0.001, 0.0110509, 0.0391854, 0.0456565, 0.126535, 0.171676, 0.223503, 0.360442, 0.365705, 0.45636, 0.262612, 0.288228, 0.29071, 0.387741, 0.387959, 0.439057, 0.598829, 0.761045, 0.79815, 0.843834, 0.85952, 0.956795, 1, 

Generation #9
277,10705,0.001, 0.0110509, 0.0472926, 0.0698625, 0.0751163, 0.198198, 0.226628, 0.274555, 0.330416, 0.872318, 0.886671, 0.887786, 1, 

280,10114,0.001, 0.0110509, 0.0391854, 0.0928903, 0.129683, 0.148351, 0.15305, 0.217953, 0.15396, 0.230267, 0.239707, 0.475426, 0.689171, 0.69156, 0.698453, 0.828251, 0.951562, 1, 

283,8888,0.001, 0.0110509, 0.0391854, 0.0928903, 0.129683, 0.148351, 0.15305, 0.217953, 0.15396, 0.230267, 0.239707, 0.475426, 0.477239, 0.511489, 0.606937, 0.610299, 0.685118, 0.749872, 0.761045, 0.79815, 0.843834, 0.85952, 0.970357, 1, 

301,8454,0.001, 0.0110509, 0.0391854, 0.0456565, 0.126535, 0.171676, 0.223503, 0.360442, 0.365705, 0.45636, 0.262612, 0.288228, 0.29071, 0.387741, 0.387959, 0.439057, 0.598829, 0.761045, 0.79815, 0.843834, 0.85952, 0.956795, 1, 

304,7099,0.001, 0.0110509, 0.0391854, 0.0456565, 0.126535, 0.171676, 0.223503, 0.360442, 0.365705, 0.45636, 0.479251, 0.508095, 0.573131, 0.69156, 0.698453, 0.828251, 0.951562, 1, 
