------------d=1, t=3, lambda=1, filename=./evaluation/Make/Make_3_1.csv------------
Computing partitioned counts of d-sets...
Ready to look at pairs based on partitioned counts...
First Stage N=138, Time=187
There are 10072 remaining non-locating pairs
--- Running Conditional Expectation Algorithm (phase2_ce) for Locating ---
  (CE) Initial N_target calculated as: 646 (M=138)
  (CE) Row 139 built. 9639 pairs remaining to distinguish.
  (CE) Row 140 built. 9263 pairs remaining to distinguish.
  (CE) Row 141 built. 8907 pairs remaining to distinguish.
  (CE) Row 142 built. 8601 pairs remaining to distinguish.
  (CE) Row 143 built. 8341 pairs remaining to distinguish.
  (CE) Row 144 built. 8004 pairs remaining to distinguish.
  (CE) Row 145 built. 7647 pairs remaining to distinguish.
  (CE) Row 146 built. 7399 pairs remaining to distinguish.
  (CE) Row 147 built. 7161 pairs remaining to distinguish.
  (CE) Row 148 built. 6919 pairs remaining to distinguish.
  (CE) Row 149 built. 6630 pairs remaining to distinguish.
  (CE) Row 150 built. 6334 pairs remaining to distinguish.
  (CE) Row 151 built. 6123 pairs remaining to distinguish.
  (CE) Row 152 built. 5843 pairs remaining to distinguish.
  (CE) Row 153 built. 5649 pairs remaining to distinguish.
  (CE) Row 154 built. 5392 pairs remaining to distinguish.
  (CE) Row 155 built. 5246 pairs remaining to distinguish.
  (CE) Row 156 built. 5023 pairs remaining to distinguish.
  (CE) Row 157 built. 4784 pairs remaining to distinguish.
  (CE) Row 158 built. 4646 pairs remaining to distinguish.
  (CE) Row 159 built. 4526 pairs remaining to distinguish.
  (CE) Row 160 built. 4335 pairs remaining to distinguish.
  (CE) Row 161 built. 4203 pairs remaining to distinguish.
  (CE) Row 162 built. 4042 pairs remaining to distinguish.
  (CE) Row 163 built. 3881 pairs remaining to distinguish.
  (CE) Row 164 built. 3705 pairs remaining to distinguish.
  (CE) Row 165 built. 3526 pairs remaining to distinguish.
  (CE) Row 166 built. 3386 pairs remaining to distinguish.
  (CE) Row 167 built. 3264 pairs remaining to distinguish.
  (CE) Row 168 built. 3145 pairs remaining to distinguish.
  (CE) Row 169 built. 3024 pairs remaining to distinguish.
  (CE) Row 170 built. 2907 pairs remaining to distinguish.
  (CE) Row 171 built. 2762 pairs remaining to distinguish.
  (CE) Row 172 built. 2594 pairs remaining to distinguish.
  (CE) Row 173 built. 2493 pairs remaining to distinguish.
  (CE) Row 174 built. 2370 pairs remaining to distinguish.
  (CE) Row 175 built. 2248 pairs remaining to distinguish.
  (CE) Row 176 built. 2164 pairs remaining to distinguish.
  (CE) Row 177 built. 2084 pairs remaining to distinguish.
  (CE) Row 178 built. 1988 pairs remaining to distinguish.
  (CE) Row 179 built. 1893 pairs remaining to distinguish.
  (CE) Row 180 built. 1818 pairs remaining to distinguish.
  (CE) Row 181 built. 1732 pairs remaining to distinguish.
  (CE) Row 182 built. 1664 pairs remaining to distinguish.
  (CE) Row 183 built. 1584 pairs remaining to distinguish.
  (CE) Row 184 built. 1531 pairs remaining to distinguish.
  (CE) Row 185 built. 1468 pairs remaining to distinguish.
  (CE) Row 186 built. 1405 pairs remaining to distinguish.
  (CE) Row 187 built. 1329 pairs remaining to distinguish.
  (CE) Row 188 built. 1248 pairs remaining to distinguish.
  (CE) Row 189 built. 1208 pairs remaining to distinguish.
  (CE) Row 190 built. 1156 pairs remaining to distinguish.
  (CE) Row 191 built. 1085 pairs remaining to distinguish.
  (CE) Row 192 built. 1030 pairs remaining to distinguish.
  (CE) Row 193 built. 998 pairs remaining to distinguish.
  (CE) Row 194 built. 962 pairs remaining to distinguish.
  (CE) Row 195 built. 895 pairs remaining to distinguish.
  (CE) Row 196 built. 841 pairs remaining to distinguish.
  (CE) Row 197 built. 781 pairs remaining to distinguish.
  (CE) Row 198 built. 735 pairs remaining to distinguish.
  (CE) Row 199 built. 705 pairs remaining to distinguish.
  (CE) Row 200 built. 662 pairs remaining to distinguish.
  (CE) Row 201 built. 633 pairs remaining to distinguish.
  (CE) Row 202 built. 579 pairs remaining to distinguish.
  (CE) Row 203 built. 543 pairs remaining to distinguish.
  (CE) Row 204 built. 510 pairs remaining to distinguish.
  (CE) Row 205 built. 486 pairs remaining to distinguish.
  (CE) Row 206 built. 469 pairs remaining to distinguish.
  (CE) Row 207 built. 438 pairs remaining to distinguish.
  (CE) Row 208 built. 416 pairs remaining to distinguish.
  (CE) Row 209 built. 388 pairs remaining to distinguish.
  (CE) Row 210 built. 359 pairs remaining to distinguish.
  (CE) Row 211 built. 341 pairs remaining to distinguish.
  (CE) Row 212 built. 318 pairs remaining to distinguish.
  (CE) Row 213 built. 300 pairs remaining to distinguish.
  (CE) Row 214 built. 280 pairs remaining to distinguish.
  (CE) Row 215 built. 263 pairs remaining to distinguish.
  (CE) Row 216 built. 241 pairs remaining to distinguish.
  (CE) Row 217 built. 228 pairs remaining to distinguish.
  (CE) Row 218 built. 213 pairs remaining to distinguish.
  (CE) Row 219 built. 194 pairs remaining to distinguish.
  (CE) Row 220 built. 175 pairs remaining to distinguish.
  (CE) Row 221 built. 164 pairs remaining to distinguish.
  (CE) Row 222 built. 152 pairs remaining to distinguish.
  (CE) Row 223 built. 128 pairs remaining to distinguish.
  (CE) Row 224 built. 116 pairs remaining to distinguish.
  (CE) Row 225 built. 101 pairs remaining to distinguish.
  (CE) Row 226 built. 89 pairs remaining to distinguish.
  (CE) Row 227 built. 80 pairs remaining to distinguish.
  (CE) Row 228 built. 71 pairs remaining to distinguish.
  (CE) Row 229 built. 60 pairs remaining to distinguish.
  (CE) Row 230 built. 56 pairs remaining to distinguish.
  (CE) Row 231 built. 51 pairs remaining to distinguish.
  (CE) Row 232 built. 46 pairs remaining to distinguish.
  (CE) Row 233 built. 38 pairs remaining to distinguish.
  (CE) Row 234 built. 33 pairs remaining to distinguish.
  (CE) Row 235 built. 27 pairs remaining to distinguish.
  (CE) Row 236 built. 21 pairs remaining to distinguish.
  (CE) Row 237 built. 19 pairs remaining to distinguish.
  (CE) Row 238 built. 12 pairs remaining to distinguish.
  (CE) Row 239 built. 11 pairs remaining to distinguish.
  (CE) Row 240 built. 8 pairs remaining to distinguish.
  (CE) Row 241 built. 5 pairs remaining to distinguish.
  (CE) Row 242 built. 3 pairs remaining to distinguish.
  (CE) Row 243 built. 0 pairs remaining to distinguish.
--- Pareto Front Solutions ---
Solution 0: N total=243 (N_initial=138, N_added=105), Time total=8851 ms, Saved to: ./results/Make_t3_l1_pareto_0.csv, percents=1, 

------------d=1, t=3, lambda=2, filename=./evaluation/Make/Make_3_2.csv------------
Computing partitioned counts of d-sets...
Ready to look at pairs based on partitioned counts...
First Stage N=244, Time=140
There are 270 remaining non-locating pairs
--- Running Conditional Expectation Algorithm (phase2_ce) for Locating ---
  (CE) Initial N_target calculated as: 715 (M=244)
  (CE) Row 245 built. 270 pairs remaining to distinguish.
  (CE) Row 246 built. 270 pairs remaining to distinguish.
  (CE) Row 247 built. 267 pairs remaining to distinguish.
  (CE) Row 248 built. 267 pairs remaining to distinguish.
  (CE) Row 249 built. 267 pairs remaining to distinguish.
  (CE) Row 250 built. 267 pairs remaining to distinguish.
  (CE) Row 251 built. 267 pairs remaining to distinguish.
  (CE) Row 252 built. 265 pairs remaining to distinguish.
  (CE) Row 253 built. 265 pairs remaining to distinguish.
  (CE) Row 254 built. 259 pairs remaining to distinguish.
  (CE) Row 255 built. 258 pairs remaining to distinguish.
  (CE) Row 256 built. 258 pairs remaining to distinguish.
  (CE) Row 257 built. 258 pairs remaining to distinguish.
  (CE) Row 258 built. 257 pairs remaining to distinguish.
  (CE) Row 259 built. 251 pairs remaining to distinguish.
  (CE) Row 260 built. 251 pairs remaining to distinguish.
  (CE) Row 261 built. 245 pairs remaining to distinguish.
  (CE) Row 262 built. 245 pairs remaining to distinguish.
  (CE) Row 263 built. 242 pairs remaining to distinguish.
  (CE) Row 264 built. 237 pairs remaining to distinguish.
  (CE) Row 265 built. 233 pairs remaining to distinguish.
  (CE) Row 266 built. 228 pairs remaining to distinguish.
  (CE) Row 267 built. 226 pairs remaining to distinguish.
  (CE) Row 268 built. 225 pairs remaining to distinguish.
  (CE) Row 269 built. 215 pairs remaining to distinguish.
  (CE) Row 270 built. 210 pairs remaining to distinguish.
  (CE) Row 271 built. 205 pairs remaining to distinguish.
  (CE) Row 272 built. 202 pairs remaining to distinguish.
  (CE) Row 273 built. 201 pairs remaining to distinguish.
  (CE) Row 274 built. 193 pairs remaining to distinguish.
  (CE) Row 275 built. 192 pairs remaining to distinguish.
  (CE) Row 276 built. 190 pairs remaining to distinguish.
  (CE) Row 277 built. 186 pairs remaining to distinguish.
  (CE) Row 278 built. 186 pairs remaining to distinguish.
  (CE) Row 279 built. 180 pairs remaining to distinguish.
  (CE) Row 280 built. 175 pairs remaining to distinguish.
  (CE) Row 281 built. 175 pairs remaining to distinguish.
  (CE) Row 282 built. 169 pairs remaining to distinguish.
  (CE) Row 283 built. 163 pairs remaining to distinguish.
  (CE) Row 284 built. 152 pairs remaining to distinguish.
  (CE) Row 285 built. 146 pairs remaining to distinguish.
  (CE) Row 286 built. 141 pairs remaining to distinguish.
  (CE) Row 287 built. 131 pairs remaining to distinguish.
  (CE) Row 288 built. 125 pairs remaining to distinguish.
  (CE) Row 289 built. 118 pairs remaining to distinguish.
  (CE) Row 290 built. 111 pairs remaining to distinguish.
  (CE) Row 291 built. 107 pairs remaining to distinguish.
  (CE) Row 292 built. 101 pairs remaining to distinguish.
  (CE) Row 293 built. 97 pairs remaining to distinguish.
  (CE) Row 294 built. 89 pairs remaining to distinguish.
  (CE) Row 295 built. 84 pairs remaining to distinguish.
  (CE) Row 296 built. 77 pairs remaining to distinguish.
  (CE) Row 297 built. 70 pairs remaining to distinguish.
  (CE) Row 298 built. 62 pairs remaining to distinguish.
  (CE) Row 299 built. 60 pairs remaining to distinguish.
  (CE) Row 300 built. 53 pairs remaining to distinguish.
  (CE) Row 301 built. 48 pairs remaining to distinguish.
  (CE) Row 302 built. 41 pairs remaining to distinguish.
  (CE) Row 303 built. 34 pairs remaining to distinguish.
  (CE) Row 304 built. 31 pairs remaining to distinguish.
  (CE) Row 305 built. 27 pairs remaining to distinguish.
  (CE) Row 306 built. 25 pairs remaining to distinguish.
  (CE) Row 307 built. 22 pairs remaining to distinguish.
  (CE) Row 308 built. 21 pairs remaining to distinguish.
  (CE) Row 309 built. 18 pairs remaining to distinguish.
  (CE) Row 310 built. 15 pairs remaining to distinguish.
  (CE) Row 311 built. 9 pairs remaining to distinguish.
  (CE) Row 312 built. 7 pairs remaining to distinguish.
  (CE) Row 313 built. 5 pairs remaining to distinguish.
  (CE) Row 314 built. 3 pairs remaining to distinguish.
  (CE) Row 315 built. 1 pairs remaining to distinguish.
  (CE) Row 316 built. 0 pairs remaining to distinguish.
--- Pareto Front Solutions ---
Solution 0: N total=316 (N_initial=244, N_added=72), Time total=503 ms, Saved to: ./results/Make_t3_l2_pareto_0.csv, percents=1, 

------------d=1, t=3, lambda=3, filename=./evaluation/Make/Make_3_3.csv------------
Computing partitioned counts of d-sets...
Ready to look at pairs based on partitioned counts...
First Stage N=360, Time=83
There are 197 remaining non-locating pairs
--- Running Conditional Expectation Algorithm (phase2_ce) for Locating ---
  (CE) Initial N_target calculated as: 874 (M=360)
  (CE) Row 361 built. 194 pairs remaining to distinguish.
  (CE) Row 362 built. 192 pairs remaining to distinguish.
  (CE) Row 363 built. 191 pairs remaining to distinguish.
  (CE) Row 364 built. 191 pairs remaining to distinguish.
  (CE) Row 365 built. 191 pairs remaining to distinguish.
  (CE) Row 366 built. 191 pairs remaining to distinguish.
  (CE) Row 367 built. 191 pairs remaining to distinguish.
  (CE) Row 368 built. 191 pairs remaining to distinguish.
  (CE) Row 369 built. 186 pairs remaining to distinguish.
  (CE) Row 370 built. 177 pairs remaining to distinguish.
  (CE) Row 371 built. 175 pairs remaining to distinguish.
  (CE) Row 372 built. 170 pairs remaining to distinguish.
  (CE) Row 373 built. 167 pairs remaining to distinguish.
  (CE) Row 374 built. 162 pairs remaining to distinguish.
  (CE) Row 375 built. 155 pairs remaining to distinguish.
  (CE) Row 376 built. 153 pairs remaining to distinguish.
  (CE) Row 377 built. 149 pairs remaining to distinguish.
  (CE) Row 378 built. 141 pairs remaining to distinguish.
  (CE) Row 379 built. 135 pairs remaining to distinguish.
  (CE) Row 380 built. 134 pairs remaining to distinguish.
  (CE) Row 381 built. 131 pairs remaining to distinguish.
  (CE) Row 382 built. 130 pairs remaining to distinguish.
  (CE) Row 383 built. 126 pairs remaining to distinguish.
  (CE) Row 384 built. 121 pairs remaining to distinguish.
  (CE) Row 385 built. 117 pairs remaining to distinguish.
  (CE) Row 386 built. 111 pairs remaining to distinguish.
  (CE) Row 387 built. 107 pairs remaining to distinguish.
  (CE) Row 388 built. 100 pairs remaining to distinguish.
  (CE) Row 389 built. 97 pairs remaining to distinguish.
  (CE) Row 390 built. 93 pairs remaining to distinguish.
  (CE) Row 391 built. 90 pairs remaining to distinguish.
  (CE) Row 392 built. 88 pairs remaining to distinguish.
  (CE) Row 393 built. 86 pairs remaining to distinguish.
  (CE) Row 394 built. 84 pairs remaining to distinguish.
  (CE) Row 395 built. 83 pairs remaining to distinguish.
  (CE) Row 396 built. 76 pairs remaining to distinguish.
  (CE) Row 397 built. 76 pairs remaining to distinguish.
  (CE) Row 398 built. 75 pairs remaining to distinguish.
  (CE) Row 399 built. 73 pairs remaining to distinguish.
  (CE) Row 400 built. 69 pairs remaining to distinguish.
  (CE) Row 401 built. 65 pairs remaining to distinguish.
  (CE) Row 402 built. 65 pairs remaining to distinguish.
  (CE) Row 403 built. 61 pairs remaining to distinguish.
  (CE) Row 404 built. 58 pairs remaining to distinguish.
  (CE) Row 405 built. 56 pairs remaining to distinguish.
  (CE) Row 406 built. 52 pairs remaining to distinguish.
  (CE) Row 407 built. 48 pairs remaining to distinguish.
  (CE) Row 408 built. 44 pairs remaining to distinguish.
  (CE) Row 409 built. 39 pairs remaining to distinguish.
  (CE) Row 410 built. 37 pairs remaining to distinguish.
  (CE) Row 411 built. 32 pairs remaining to distinguish.
  (CE) Row 412 built. 27 pairs remaining to distinguish.
  (CE) Row 413 built. 23 pairs remaining to distinguish.
  (CE) Row 414 built. 22 pairs remaining to distinguish.
  (CE) Row 415 built. 20 pairs remaining to distinguish.
  (CE) Row 416 built. 19 pairs remaining to distinguish.
  (CE) Row 417 built. 16 pairs remaining to distinguish.
  (CE) Row 418 built. 14 pairs remaining to distinguish.
  (CE) Row 419 built. 13 pairs remaining to distinguish.
  (CE) Row 420 built. 10 pairs remaining to distinguish.
  (CE) Row 421 built. 9 pairs remaining to distinguish.
  (CE) Row 422 built. 8 pairs remaining to distinguish.
  (CE) Row 423 built. 7 pairs remaining to distinguish.
  (CE) Row 424 built. 6 pairs remaining to distinguish.
  (CE) Row 425 built. 4 pairs remaining to distinguish.
  (CE) Row 426 built. 2 pairs remaining to distinguish.
  (CE) Row 427 built. 1 pairs remaining to distinguish.
  (CE) Row 428 built. 0 pairs remaining to distinguish.
--- Pareto Front Solutions ---
Solution 0: N total=428 (N_initial=360, N_added=68), Time total=285 ms, Saved to: ./results/Make_t3_l3_pareto_0.csv, percents=1, 

------------d=1, t=3, lambda=4, filename=./evaluation/Make/Make_3_4.csv------------
Computing partitioned counts of d-sets...
Ready to look at pairs based on partitioned counts...
First Stage N=480, Time=96
There are 4 remaining non-locating pairs
--- Running Conditional Expectation Algorithm (phase2_ce) for Locating ---
  (CE) Initial N_target calculated as: 646 (M=480)
  (CE) Row 481 built. 4 pairs remaining to distinguish.
  (CE) Row 482 built. 4 pairs remaining to distinguish.
  (CE) Row 483 built. 4 pairs remaining to distinguish.
  (CE) Row 484 built. 2 pairs remaining to distinguish.
  (CE) Row 485 built. 1 pairs remaining to distinguish.
  (CE) Row 486 built. 0 pairs remaining to distinguish.
--- Pareto Front Solutions ---
Solution 0: N total=486 (N_initial=480, N_added=6), Time total=96 ms, Saved to: ./results/Make_t3_l4_pareto_0.csv, percents=1, 

