------------d=1, t=3, lambda=1, filename=./evaluation/Make/Make_3_1.csv------------
Grouping d-sets by partitioned row counts for detecting arrays...
Ready to look at pairs for detecting arrays...
First Stage N=138, Time=116
There are 277939 remaining non-locating pairs
--- Running GA Algorithm (phase2) ---
Running GA with std::execution::par
Generation #0
281,18396,0.001, 0.0219461, 0.0261442, 0.0262016, 0.0663368, 0.100799, 0.164494, 0.217953, 0.230267, 0.239707, 0.475426, 0.477239, 0.511489, 0.606937, 0.610299, 0.685118, 0.749872, 0.761045, 0.79815, 0.843834, 0.85952, 0.956795, 1, 

293,16916,0.001, 0.0141455, 0.0218816, 0.0456565, 0.126535, 0.171676, 0.223503, 0.360442, 0.365705, 0.45636, 0.479251, 0.508095, 0.573131, 0.69156, 0.698453, 0.828251, 0.841254, 0.951562, 1, 

Generation #1
299,12494,0.001, 0.0234395, 0.0390873, 0.0460126, 0.10239, 0.111185, 0.134715, 0.142228, 0.147769, 0.164878, 0.182603, 0.226503, 0.233886, 0.288066, 0.436146, 0.459913, 0.494666, 0.552769, 0.560013, 0.560173, 0.760763, 0.812064, 0.919029, 0.96408, 0.991464, 0.993432, 1, 

281,13689,0.001, 0.0211516, 0.0392133, 0.0765168, 0.109886, 0.119161, 0.216399, 0.246362, 0.365705, 0.45636, 0.479251, 0.508095, 0.573131, 0.69156, 0.698453, 0.828251, 0.841254, 0.951562, 1, 

Generation #2
280,37337,0.001, 0.0716763, 0.102014, 0.151306, 0.15623, 0.212263, 0.207509, 0.233497, 0.34024, 0.425078, 0.623749, 0.642961, 0.77327, 0.821051, 0.86027, 0.97724, 1, 

287,9991,0.001, 0.0141455, 0.0218816, 0.0456565, 0.126535, 0.171676, 0.223503, 0.360442, 0.365705, 0.45636, 0.479251, 0.508095, 0.573131, 0.69156, 0.698453, 0.828251, 0.841254, 0.979755, 0.852882, 0.937812, 0.992883, 1, 

281,13276,0.001, 0.0219461, 0.0261442, 0.0262016, 0.0663368, 0.100799, 0.164494, 0.238494, 0.376522, 0.44681, 0.453269, 0.459241, 0.558465, 0.599399, 0.62246, 0.632398, 0.656863, 0.736626, 0.77364, 0.78953, 0.829055, 0.864366, 0.889123, 0.902076, 0.906139, 0.919538, 0.938149, 1, 

Generation #3
280,37337,0.001, 0.0716763, 0.102014, 0.151306, 0.15623, 0.212263, 0.207509, 0.233497, 0.34024, 0.425078, 0.623749, 0.642961, 0.77327, 0.821051, 0.86027, 0.97724, 1, 

287,9991,0.001, 0.0141455, 0.0218816, 0.0456565, 0.126535, 0.171676, 0.223503, 0.360442, 0.365705, 0.45636, 0.479251, 0.508095, 0.573131, 0.69156, 0.698453, 0.828251, 0.841254, 0.979755, 0.852882, 0.937812, 0.992883, 1, 

281,13276,0.001, 0.0219461, 0.0261442, 0.0262016, 0.0663368, 0.100799, 0.164494, 0.238494, 0.376522, 0.44681, 0.453269, 0.459241, 0.558465, 0.599399, 0.62246, 0.632398, 0.656863, 0.736626, 0.77364, 0.78953, 0.829055, 0.864366, 0.889123, 0.902076, 0.906139, 0.919538, 0.938149, 1, 

Generation #4
287,9991,0.001, 0.0141455, 0.0218816, 0.0456565, 0.126535, 0.171676, 0.223503, 0.360442, 0.365705, 0.45636, 0.479251, 0.508095, 0.573131, 0.69156, 0.698453, 0.828251, 0.841254, 0.979755, 0.852882, 0.937812, 0.992883, 1, 

281,13276,0.001, 0.0219461, 0.0261442, 0.0262016, 0.0663368, 0.100799, 0.164494, 0.238494, 0.376522, 0.44681, 0.453269, 0.459241, 0.558465, 0.599399, 0.62246, 0.632398, 0.656863, 0.736626, 0.77364, 0.78953, 0.829055, 0.864366, 0.889123, 0.902076, 0.906139, 0.919538, 0.938149, 1, 

278,14472,0.001, 0.0219461, 0.0261442, 0.111303, 0.348809, 0.39629, 0.452333, 0.476821, 0.365705, 0.45636, 0.479251, 0.508095, 0.573131, 0.69156, 0.698453, 0.828251, 0.841254, 0.951562, 1, 

Generation #5
287,9991,0.001, 0.0141455, 0.0218816, 0.0456565, 0.126535, 0.171676, 0.223503, 0.360442, 0.365705, 0.45636, 0.479251, 0.508095, 0.573131, 0.69156, 0.698453, 0.828251, 0.841254, 0.979755, 0.852882, 0.937812, 0.992883, 1, 

281,13276,0.001, 0.0219461, 0.0261442, 0.0262016, 0.0663368, 0.100799, 0.164494, 0.238494, 0.376522, 0.44681, 0.453269, 0.459241, 0.558465, 0.599399, 0.62246, 0.632398, 0.656863, 0.736626, 0.77364, 0.78953, 0.829055, 0.864366, 0.889123, 0.902076, 0.906139, 0.919538, 0.938149, 1, 

278,14472,0.001, 0.0219461, 0.0261442, 0.111303, 0.348809, 0.39629, 0.452333, 0.476821, 0.365705, 0.45636, 0.479251, 0.508095, 0.573131, 0.69156, 0.698453, 0.828251, 0.841254, 0.951562, 1, 

292,9905,0.001, 0.0141455, 0.0218816, 0.0262016, 0.0663368, 0.100799, 0.164494, 0.246362, 0.365705, 0.45636, 0.479251, 0.508095, 0.573131, 0.69156, 0.698453, 0.828251, 0.841254, 0.951562, 1, 

286,13229,0.001, 0.017851, 0.0501659, 0.0513067, 0.110065, 0.137015, 0.226628, 0.274555, 0.301448, 0.330416, 0.408317, 0.477239, 0.511489, 0.606937, 0.610299, 0.685118, 0.749872, 0.761045, 0.79815, 0.843834, 0.911522, 1, 

Generation #6
287,9991,0.001, 0.0141455, 0.0218816, 0.0456565, 0.126535, 0.171676, 0.223503, 0.360442, 0.365705, 0.45636, 0.479251, 0.508095, 0.573131, 0.69156, 0.698453, 0.828251, 0.841254, 0.979755, 0.852882, 0.937812, 0.992883, 1, 

281,13276,0.001, 0.0219461, 0.0261442, 0.0262016, 0.0663368, 0.100799, 0.164494, 0.238494, 0.376522, 0.44681, 0.453269, 0.459241, 0.558465, 0.599399, 0.62246, 0.632398, 0.656863, 0.736626, 0.77364, 0.78953, 0.829055, 0.864366, 0.889123, 0.902076, 0.906139, 0.919538, 0.938149, 1, 

278,14472,0.001, 0.0219461, 0.0261442, 0.111303, 0.348809, 0.39629, 0.452333, 0.476821, 0.365705, 0.45636, 0.479251, 0.508095, 0.573131, 0.69156, 0.698453, 0.828251, 0.841254, 0.951562, 1, 

292,9905,0.001, 0.0141455, 0.0218816, 0.0262016, 0.0663368, 0.100799, 0.164494, 0.246362, 0.365705, 0.45636, 0.479251, 0.508095, 0.573131, 0.69156, 0.698453, 0.828251, 0.841254, 0.951562, 1, 

282,10990,0.001, 0.0141455, 0.0218816, 0.0456565, 0.126535, 0.171676, 0.164494, 0.360442, 0.365705, 0.45636, 0.508095, 0.69156, 1, 

284,10304,0.001, 0.0141455, 0.0218816, 0.0456565, 0.126535, 0.171676, 0.223503, 0.673079, 0.81168, 0.95616, 0.981794, 1, 

Generation #7
287,9991,0.001, 0.0141455, 0.0218816, 0.0456565, 0.126535, 0.171676, 0.223503, 0.360442, 0.365705, 0.45636, 0.479251, 0.508095, 0.573131, 0.69156, 0.698453, 0.828251, 0.841254, 0.979755, 0.852882, 0.937812, 0.992883, 1, 

281,13276,0.001, 0.0219461, 0.0261442, 0.0262016, 0.0663368, 0.100799, 0.164494, 0.238494, 0.376522, 0.44681, 0.453269, 0.459241, 0.558465, 0.599399, 0.62246, 0.632398, 0.656863, 0.736626, 0.77364, 0.78953, 0.829055, 0.864366, 0.889123, 0.902076, 0.906139, 0.919538, 0.938149, 1, 

278,14472,0.001, 0.0219461, 0.0261442, 0.111303, 0.348809, 0.39629, 0.452333, 0.476821, 0.365705, 0.45636, 0.479251, 0.508095, 0.573131, 0.69156, 0.698453, 0.828251, 0.841254, 0.951562, 1, 

292,9905,0.001, 0.0141455, 0.0218816, 0.0262016, 0.0663368, 0.100799, 0.164494, 0.246362, 0.365705, 0.45636, 0.479251, 0.508095, 0.573131, 0.69156, 0.698453, 0.828251, 0.841254, 0.951562, 1, 

282,10990,0.001, 0.0141455, 0.0218816, 0.0456565, 0.126535, 0.171676, 0.164494, 0.360442, 0.365705, 0.45636, 0.508095, 0.69156, 1, 

284,10304,0.001, 0.0141455, 0.0218816, 0.0456565, 0.126535, 0.171676, 0.223503, 0.673079, 0.81168, 0.95616, 0.981794, 1, 

294,9746,0.001, 0.0141455, 0.0218816, 0.0456565, 0.126535, 0.157387, 0.226628, 0.274555, 0.330416, 0.408317, 0.304855, 0.31975, 0.573131, 0.69156, 1, 

Generation #8
287,9991,0.001, 0.0141455, 0.0218816, 0.0456565, 0.126535, 0.171676, 0.223503, 0.360442, 0.365705, 0.45636, 0.479251, 0.508095, 0.573131, 0.69156, 0.698453, 0.828251, 0.841254, 0.979755, 0.852882, 0.937812, 0.992883, 1, 

281,13276,0.001, 0.0219461, 0.0261442, 0.0262016, 0.0663368, 0.100799, 0.164494, 0.238494, 0.376522, 0.44681, 0.453269, 0.459241, 0.558465, 0.599399, 0.62246, 0.632398, 0.656863, 0.736626, 0.77364, 0.78953, 0.829055, 0.864366, 0.889123, 0.902076, 0.906139, 0.919538, 0.938149, 1, 

278,14472,0.001, 0.0219461, 0.0261442, 0.111303, 0.348809, 0.39629, 0.452333, 0.476821, 0.365705, 0.45636, 0.479251, 0.508095, 0.573131, 0.69156, 0.698453, 0.828251, 0.841254, 0.951562, 1, 

292,9905,0.001, 0.0141455, 0.0218816, 0.0262016, 0.0663368, 0.100799, 0.164494, 0.246362, 0.365705, 0.45636, 0.479251, 0.508095, 0.573131, 0.69156, 0.698453, 0.828251, 0.841254, 0.951562, 1, 

282,10990,0.001, 0.0141455, 0.0218816, 0.0456565, 0.126535, 0.171676, 0.164494, 0.360442, 0.365705, 0.45636, 0.508095, 0.69156, 1, 

284,10304,0.001, 0.0141455, 0.0218816, 0.0456565, 0.126535, 0.171676, 0.223503, 0.673079, 0.81168, 0.95616, 0.981794, 1, 

294,9746,0.001, 0.0141455, 0.0218816, 0.0456565, 0.126535, 0.157387, 0.226628, 0.274555, 0.330416, 0.408317, 0.304855, 0.31975, 0.573131, 0.69156, 1, 

299,9720,0.001, 0.0141455, 0.0218816, 0.0456565, 0.126535, 0.171676, 0.223503, 0.365705, 0.45636, 0.479251, 0.508095, 0.69156, 1, 

279,13932,0.001, 0.0219461, 0.0261442, 0.0262016, 0.0663368, 0.100799, 0.164494, 0.217953, 0.136404, 0.239707, 0.475426, 0.508095, 0.573131, 0.69156, 1, 
