------------d=1, t=3, lambda=1, filename=./evaluation/Make/Make_3_1.csv------------
Grouping d-sets by partitioned row counts for detecting arrays...
Ready to look at pairs for detecting arrays...
First Stage N=138, Time=114
There are 277939 remaining non-locating pairs
--- Running GA Algorithm (phase2) ---
Running GA with std::execution::par
Generation #0
288,24743,0.001, 0.0259043, 0.130204, 0.17025, 0.232543, 0.423074, 0.425028, 0.44652, 0.475025, 0.556769, 0.629394, 0.724175, 0.7556, 0.828216, 0.865924, 0.931853, 0.992179, 1, 

281,54095,0.001, 0.0947605, 0.142012, 0.179778, 0.189462, 0.191137, 0.191838, 0.388656, 0.457753, 0.581852, 0.66415, 0.680059, 0.821016, 0.853868, 0.979439, 1, 

284,35092,0.001, 0.0537338, 0.106666, 0.111303, 0.348809, 0.39629, 0.452333, 0.476821, 0.529451, 0.635177, 0.648952, 0.726148, 0.943837, 0.951523, 1, 

294,16688,0.001, 0.0141455, 0.0218816, 0.0456565, 0.126535, 0.171676, 0.223503, 0.360442, 0.365705, 0.45636, 0.479251, 0.508095, 0.573131, 0.69156, 0.698453, 0.828251, 0.841254, 0.951562, 1, 

293,21315,0.001, 0.0267787, 0.104519, 0.156138, 0.157955, 0.220273, 0.234757, 0.246779, 0.286152, 0.288977, 0.290694, 0.361273, 0.361274, 0.362081, 0.374672, 0.407145, 0.56587, 0.569887, 0.598134, 0.720753, 0.760763, 0.812064, 0.919029, 0.96408, 0.991464, 0.993432, 1, 

Generation #1
281,54095,0.001, 0.0947605, 0.142012, 0.179778, 0.189462, 0.191137, 0.191838, 0.388656, 0.457753, 0.581852, 0.66415, 0.680059, 0.821016, 0.853868, 0.979439, 1, 

318,12291,0.001, 0.0110509, 0.0391854, 0.0928903, 0.129683, 0.148351, 0.643865, 0.749881, 0.83435, 0.852734, 1, 

322,11829,0.001, 0.0141455, 0.0218816, 0.0456565, 0.126535, 0.171676, 0.223503, 0.360442, 0.365705, 0.45636, 0.479251, 0.508095, 0.573131, 0.395382, 0.40456, 0.429352, 0.460431, 0.505392, 0.527591, 0.539251, 0.586152, 0.590433, 0.590489, 0.72804, 0.868121, 0.882732, 1, 

288,14958,0.001, 0.016774, 0.0547898, 0.114905, 0.167029, 0.204664, 0.210881, 0.23582, 0.244813, 0.262717, 0.352138, 0.413039, 0.884534, 0.917956, 0.993539, 1, 

284,29733,0.001, 0.0481836, 0.152529, 0.166563, 0.215614, 0.079152, 0.339545, 0.643865, 0.749881, 0.83435, 0.852734, 1, 

298,14333,0.001, 0.0219461, 0.0261442, 0.0262016, 0.0663368, 0.100799, 0.164494, 0.217953, 0.230267, 0.239707, 0.475426, 0.477239, 0.511489, 0.606937, 0.610299, 0.685118, 0.749872, 0.761045, 0.79815, 0.843834, 0.704605, 0.729899, 0.731185, 0.782147, 0.786423, 0.804511, 0.839748, 0.85549, 0.975359, 1, 

Generation #2
281,54095,0.001, 0.0947605, 0.142012, 0.179778, 0.189462, 0.191137, 0.191838, 0.388656, 0.457753, 0.581852, 0.66415, 0.680059, 0.821016, 0.853868, 0.979439, 1, 

284,29733,0.001, 0.0481836, 0.152529, 0.166563, 0.215614, 0.079152, 0.339545, 0.643865, 0.749881, 0.83435, 0.852734, 1, 

285,12808,0.001, 0.0141455, 0.0218816, 0.0456565, 0.126535, 0.171676, 0.223503, 0.360442, 0.365705, 0.45636, 0.479251, 0.508095, 0.573131, 0.69156, 0.698453, 0.828251, 0.841254, 0.786031, 0.860464, 0.966642, 1, 

299,11083,0.001, 0.016774, 0.0547898, 0.114905, 0.167029, 0.204664, 0.210881, 0.23582, 0.244813, 0.262717, 0.352138, 0.413039, 0.418693, 0.466229, 0.520547, 0.531108, 0.753794, 0.76718, 0.888482, 0.910419, 0.911522, 1, 

Generation #3
275,11680,0.001, 0.0110509, 0.0391854, 0.0928903, 0.129683, 0.148351, 0.15305, 0.161136, 0.377486, 0.430932, 0.450878, 0.468507, 0.521675, 0.620853, 0.642754, 0.773934, 0.92838, 0.972906, 1, 

292,10618,0.001, 0.0110509, 0.0391854, 0.0928903, 0.129683, 0.148351, 0.15305, 0.161136, 0.234665, 0.262227, 0.262612, 0.288228, 0.29071, 0.577753, 0.673782, 0.72985, 0.765357, 0.792744, 0.560013, 0.560173, 0.589613, 0.739437, 0.740977, 0.79267, 0.822098, 0.937526, 0.967304, 1, 

287,11050,0.001, 0.0110509, 0.0391854, 0.0928903, 0.129683, 0.148351, 0.15305, 0.161136, 0.234665, 0.262227, 0.262612, 0.288228, 0.29071, 0.577753, 0.673782, 0.72985, 0.166152, 0.765357, 0.792744, 0.560013, 0.560173, 0.911522, 1, 

304,9746,0.001, 0.0141455, 0.0218816, 0.0456565, 0.126535, 0.171676, 0.223503, 0.360442, 0.365705, 0.239707, 0.475426, 0.477239, 0.511489, 0.606937, 0.610299, 0.685118, 0.749872, 0.761045, 0.79815, 0.843834, 0.911522, 1, 

291,10981,0.001, 0.0110509, 0.0391854, 0.0928903, 0.129683, 0.148351, 0.15305, 0.161136, 0.234665, 0.262227, 0.262612, 0.288228, 0.29071, 0.060981, 0.821051, 0.463487, 0.532428, 0.559007, 0.582776, 0.626218, 0.704687, 0.713675, 0.738961, 0.761479, 0.761965, 0.804252, 0.900865, 0.94796, 1, 

Generation #4
292,10618,0.001, 0.0110509, 0.0391854, 0.0928903, 0.129683, 0.148351, 0.15305, 0.161136, 0.234665, 0.262227, 0.262612, 0.288228, 0.29071, 0.577753, 0.673782, 0.72985, 0.765357, 0.792744, 0.560013, 0.560173, 0.589613, 0.739437, 0.740977, 0.79267, 0.822098, 0.937526, 0.967304, 1, 

287,11050,0.001, 0.0110509, 0.0391854, 0.0928903, 0.129683, 0.148351, 0.15305, 0.161136, 0.234665, 0.262227, 0.262612, 0.288228, 0.29071, 0.577753, 0.673782, 0.72985, 0.166152, 0.765357, 0.792744, 0.560013, 0.560173, 0.911522, 1, 

304,9746,0.001, 0.0141455, 0.0218816, 0.0456565, 0.126535, 0.171676, 0.223503, 0.360442, 0.365705, 0.239707, 0.475426, 0.477239, 0.511489, 0.606937, 0.610299, 0.685118, 0.749872, 0.761045, 0.79815, 0.843834, 0.911522, 1, 

291,10981,0.001, 0.0110509, 0.0391854, 0.0928903, 0.129683, 0.148351, 0.15305, 0.161136, 0.234665, 0.262227, 0.262612, 0.288228, 0.29071, 0.060981, 0.821051, 0.463487, 0.532428, 0.559007, 0.582776, 0.626218, 0.704687, 0.713675, 0.738961, 0.761479, 0.761965, 0.804252, 0.900865, 0.94796, 1, 

272,11561,0.001, 0.016774, 0.0547898, 0.114905, 0.167029, 0.204664, 0.210881, 0.23582, 0.244813, 0.262717, 0.352138, 0.413039, 0.884534, 0.917956, 0.993539, 1, 

Generation #5
287,11050,0.001, 0.0110509, 0.0391854, 0.0928903, 0.129683, 0.148351, 0.15305, 0.161136, 0.234665, 0.262227, 0.262612, 0.288228, 0.29071, 0.577753, 0.673782, 0.72985, 0.166152, 0.765357, 0.792744, 0.560013, 0.560173, 0.911522, 1, 

272,11561,0.001, 0.016774, 0.0547898, 0.114905, 0.167029, 0.204664, 0.210881, 0.23582, 0.244813, 0.262717, 0.352138, 0.413039, 0.884534, 0.917956, 0.993539, 1, 

289,10076,0.001, 0.0110509, 0.0391854, 0.0928903, 0.129683, 0.148351, 0.15305, 0.927298, 0.950905, 0.999048, 1, 

291,9683,0.001, 0.0110509, 0.0391854, 0.0928903, 0.129683, 0.148351, 0.15305, 0.161136, 0.234665, 0.262227, 0.262612, 0.288228, 0.29071, 0.060981, 0.821051, 0.463487, 0.532428, 1, 

Generation #6
287,11050,0.001, 0.0110509, 0.0391854, 0.0928903, 0.129683, 0.148351, 0.15305, 0.161136, 0.234665, 0.262227, 0.262612, 0.288228, 0.29071, 0.577753, 0.673782, 0.72985, 0.166152, 0.765357, 0.792744, 0.560013, 0.560173, 0.911522, 1, 

272,11561,0.001, 0.016774, 0.0547898, 0.114905, 0.167029, 0.204664, 0.210881, 0.23582, 0.244813, 0.262717, 0.352138, 0.413039, 0.884534, 0.917956, 0.993539, 1, 

289,10076,0.001, 0.0110509, 0.0391854, 0.0928903, 0.129683, 0.148351, 0.15305, 0.927298, 0.950905, 0.999048, 1, 

291,9683,0.001, 0.0110509, 0.0391854, 0.0928903, 0.129683, 0.148351, 0.15305, 0.161136, 0.234665, 0.262227, 0.262612, 0.288228, 0.29071, 0.060981, 0.821051, 0.463487, 0.532428, 1, 

Generation #7
287,11050,0.001, 0.0110509, 0.0391854, 0.0928903, 0.129683, 0.148351, 0.15305, 0.161136, 0.234665, 0.262227, 0.262612, 0.288228, 0.29071, 0.577753, 0.673782, 0.72985, 0.166152, 0.765357, 0.792744, 0.560013, 0.560173, 0.911522, 1, 

272,11561,0.001, 0.016774, 0.0547898, 0.114905, 0.167029, 0.204664, 0.210881, 0.23582, 0.244813, 0.262717, 0.352138, 0.413039, 0.884534, 0.917956, 0.993539, 1, 

289,10076,0.001, 0.0110509, 0.0391854, 0.0928903, 0.129683, 0.148351, 0.15305, 0.927298, 0.950905, 0.999048, 1, 

291,9683,0.001, 0.0110509, 0.0391854, 0.0928903, 0.129683, 0.148351, 0.15305, 0.161136, 0.234665, 0.262227, 0.262612, 0.288228, 0.29071, 0.060981, 0.821051, 0.463487, 0.532428, 1, 
