------------d=1, t=3, lambda=1, filename=./evaluation/Make/Make_3_1.csv------------
Grouping d-sets by partitioned row counts for detecting arrays...
Ready to look at pairs for detecting arrays...
First Stage N=138, Time=114
There are 277939 remaining non-locating pairs
--- Running Conditional Expectation Algorithm (phase2_ce) for Locating ---
  (CE) Initial N_target calculated as: 743 (M=138)
  (CE) Row 139 built. 262586 pairs remaining to distinguish.
  (CE) Row 140 built. 249448 pairs remaining to distinguish.
  (CE) Row 141 built. 236573 pairs remaining to distinguish.
  (CE) Row 142 built. 224630 pairs remaining to distinguish.
  (CE) Row 143 built. 213380 pairs remaining to distinguish.
  (CE) Row 144 built. 202298 pairs remaining to distinguish.
  (CE) Row 145 built. 193735 pairs remaining to distinguish.
  (CE) Row 146 built. 184605 pairs remaining to distinguish.
  (CE) Row 147 built. 174897 pairs remaining to distinguish.
  (CE) Row 148 built. 165014 pairs remaining to distinguish.
  (CE) Row 149 built. 158081 pairs remaining to distinguish.
  (CE) Row 150 built. 151997 pairs remaining to distinguish.
  (CE) Row 151 built. 146161 pairs remaining to distinguish.
  (CE) Row 152 built. 140531 pairs remaining to distinguish.
  (CE) Row 153 built. 132930 pairs remaining to distinguish.
  (CE) Row 154 built. 124658 pairs remaining to distinguish.
  (CE) Row 155 built. 120144 pairs remaining to distinguish.
  (CE) Row 156 built. 115658 pairs remaining to distinguish.
  (CE) Row 157 built. 109028 pairs remaining to distinguish.
  (CE) Row 158 built. 105086 pairs remaining to distinguish.
  (CE) Row 159 built. 99365 pairs remaining to distinguish.
  (CE) Row 160 built. 95524 pairs remaining to distinguish.
  (CE) Row 161 built. 91098 pairs remaining to distinguish.
  (CE) Row 162 built. 87112 pairs remaining to distinguish.
  (CE) Row 163 built. 82763 pairs remaining to distinguish.
  (CE) Row 164 built. 77929 pairs remaining to distinguish.
  (CE) Row 165 built. 73702 pairs remaining to distinguish.
  (CE) Row 166 built. 70689 pairs remaining to distinguish.
  (CE) Row 167 built. 68146 pairs remaining to distinguish.
  (CE) Row 168 built. 65526 pairs remaining to distinguish.
  (CE) Row 169 built. 62894 pairs remaining to distinguish.
  (CE) Row 170 built. 60093 pairs remaining to distinguish.
  (CE) Row 171 built. 56278 pairs remaining to distinguish.
  (CE) Row 172 built. 54404 pairs remaining to distinguish.
  (CE) Row 173 built. 52273 pairs remaining to distinguish.
  (CE) Row 174 built. 50181 pairs remaining to distinguish.
  (CE) Row 175 built. 47887 pairs remaining to distinguish.
  (CE) Row 176 built. 45694 pairs remaining to distinguish.
  (CE) Row 177 built. 42856 pairs remaining to distinguish.
  (CE) Row 178 built. 41478 pairs remaining to distinguish.
  (CE) Row 179 built. 40122 pairs remaining to distinguish.
  (CE) Row 180 built. 38640 pairs remaining to distinguish.
  (CE) Row 181 built. 37341 pairs remaining to distinguish.
  (CE) Row 182 built. 35895 pairs remaining to distinguish.
  (CE) Row 183 built. 34144 pairs remaining to distinguish.
  (CE) Row 184 built. 32692 pairs remaining to distinguish.
  (CE) Row 185 built. 31441 pairs remaining to distinguish.
  (CE) Row 186 built. 30234 pairs remaining to distinguish.
  (CE) Row 187 built. 29004 pairs remaining to distinguish.
  (CE) Row 188 built. 27558 pairs remaining to distinguish.
  (CE) Row 189 built. 25432 pairs remaining to distinguish.
  (CE) Row 190 built. 24303 pairs remaining to distinguish.
  (CE) Row 191 built. 23415 pairs remaining to distinguish.
  (CE) Row 192 built. 22273 pairs remaining to distinguish.
  (CE) Row 193 built. 21342 pairs remaining to distinguish.
  (CE) Row 194 built. 20137 pairs remaining to distinguish.
  (CE) Row 195 built. 18716 pairs remaining to distinguish.
  (CE) Row 196 built. 18084 pairs remaining to distinguish.
  (CE) Row 197 built. 17429 pairs remaining to distinguish.
  (CE) Row 198 built. 16767 pairs remaining to distinguish.
  (CE) Row 199 built. 16044 pairs remaining to distinguish.
  (CE) Row 200 built. 15007 pairs remaining to distinguish.
  (CE) Row 201 built. 14333 pairs remaining to distinguish.
  (CE) Row 202 built. 13749 pairs remaining to distinguish.
  (CE) Row 203 built. 13124 pairs remaining to distinguish.
  (CE) Row 204 built. 12384 pairs remaining to distinguish.
  (CE) Row 205 built. 11961 pairs remaining to distinguish.
  (CE) Row 206 built. 11309 pairs remaining to distinguish.
  (CE) Row 207 built. 10768 pairs remaining to distinguish.
  (CE) Row 208 built. 10415 pairs remaining to distinguish.
  (CE) Row 209 built. 9884 pairs remaining to distinguish.
  (CE) Row 210 built. 9582 pairs remaining to distinguish.
  (CE) Row 211 built. 9235 pairs remaining to distinguish.
  (CE) Row 212 built. 8758 pairs remaining to distinguish.
  (CE) Row 213 built. 8547 pairs remaining to distinguish.
  (CE) Row 214 built. 8180 pairs remaining to distinguish.
  (CE) Row 215 built. 7743 pairs remaining to distinguish.
  (CE) Row 216 built. 7484 pairs remaining to distinguish.
  (CE) Row 217 built. 7220 pairs remaining to distinguish.
  (CE) Row 218 built. 6767 pairs remaining to distinguish.
  (CE) Row 219 built. 6477 pairs remaining to distinguish.
  (CE) Row 220 built. 6236 pairs remaining to distinguish.
  (CE) Row 221 built. 6007 pairs remaining to distinguish.
  (CE) Row 222 built. 5770 pairs remaining to distinguish.
  (CE) Row 223 built. 5561 pairs remaining to distinguish.
  (CE) Row 224 built. 5299 pairs remaining to distinguish.
  (CE) Row 225 built. 4883 pairs remaining to distinguish.
  (CE) Row 226 built. 4765 pairs remaining to distinguish.
  (CE) Row 227 built. 4570 pairs remaining to distinguish.
  (CE) Row 228 built. 4363 pairs remaining to distinguish.
  (CE) Row 229 built. 4255 pairs remaining to distinguish.
  (CE) Row 230 built. 4046 pairs remaining to distinguish.
  (CE) Row 231 built. 3765 pairs remaining to distinguish.
  (CE) Row 232 built. 3594 pairs remaining to distinguish.
  (CE) Row 233 built. 3416 pairs remaining to distinguish.
  (CE) Row 234 built. 3255 pairs remaining to distinguish.
  (CE) Row 235 built. 3139 pairs remaining to distinguish.
  (CE) Row 236 built. 2989 pairs remaining to distinguish.
  (CE) Row 237 built. 2863 pairs remaining to distinguish.
  (CE) Row 238 built. 2690 pairs remaining to distinguish.
  (CE) Row 239 built. 2610 pairs remaining to distinguish.
  (CE) Row 240 built. 2550 pairs remaining to distinguish.
  (CE) Row 241 built. 2420 pairs remaining to distinguish.
  (CE) Row 242 built. 2322 pairs remaining to distinguish.
  (CE) Row 243 built. 2198 pairs remaining to distinguish.
  (CE) Row 244 built. 2042 pairs remaining to distinguish.
  (CE) Row 245 built. 1922 pairs remaining to distinguish.
  (CE) Row 246 built. 1830 pairs remaining to distinguish.
  (CE) Row 247 built. 1749 pairs remaining to distinguish.
  (CE) Row 248 built. 1686 pairs remaining to distinguish.
  (CE) Row 249 built. 1603 pairs remaining to distinguish.
  (CE) Row 250 built. 1542 pairs remaining to distinguish.
  (CE) Row 251 built. 1497 pairs remaining to distinguish.
  (CE) Row 252 built. 1438 pairs remaining to distinguish.
  (CE) Row 253 built. 1381 pairs remaining to distinguish.
  (CE) Row 254 built. 1259 pairs remaining to distinguish.
  (CE) Row 255 built. 1194 pairs remaining to distinguish.
  (CE) Row 256 built. 1129 pairs remaining to distinguish.
  (CE) Row 257 built. 1062 pairs remaining to distinguish.
  (CE) Row 258 built. 1006 pairs remaining to distinguish.
  (CE) Row 259 built. 943 pairs remaining to distinguish.
  (CE) Row 260 built. 885 pairs remaining to distinguish.
  (CE) Row 261 built. 849 pairs remaining to distinguish.
  (CE) Row 262 built. 809 pairs remaining to distinguish.
  (CE) Row 263 built. 769 pairs remaining to distinguish.
  (CE) Row 264 built. 723 pairs remaining to distinguish.
  (CE) Row 265 built. 681 pairs remaining to distinguish.
  (CE) Row 266 built. 640 pairs remaining to distinguish.
  (CE) Row 267 built. 585 pairs remaining to distinguish.
  (CE) Row 268 built. 541 pairs remaining to distinguish.
  (CE) Row 269 built. 504 pairs remaining to distinguish.
  (CE) Row 270 built. 470 pairs remaining to distinguish.
  (CE) Row 271 built. 445 pairs remaining to distinguish.
  (CE) Row 272 built. 415 pairs remaining to distinguish.
  (CE) Row 273 built. 388 pairs remaining to distinguish.
  (CE) Row 274 built. 366 pairs remaining to distinguish.
  (CE) Row 275 built. 341 pairs remaining to distinguish.
  (CE) Row 276 built. 312 pairs remaining to distinguish.
  (CE) Row 277 built. 292 pairs remaining to distinguish.
  (CE) Row 278 built. 268 pairs remaining to distinguish.
  (CE) Row 279 built. 250 pairs remaining to distinguish.
  (CE) Row 280 built. 233 pairs remaining to distinguish.
  (CE) Row 281 built. 206 pairs remaining to distinguish.
  (CE) Row 282 built. 190 pairs remaining to distinguish.
  (CE) Row 283 built. 170 pairs remaining to distinguish.
  (CE) Row 284 built. 153 pairs remaining to distinguish.
  (CE) Row 285 built. 143 pairs remaining to distinguish.
  (CE) Row 286 built. 126 pairs remaining to distinguish.
  (CE) Row 287 built. 111 pairs remaining to distinguish.
  (CE) Row 288 built. 104 pairs remaining to distinguish.
  (CE) Row 289 built. 95 pairs remaining to distinguish.
  (CE) Row 290 built. 84 pairs remaining to distinguish.
  (CE) Row 291 built. 79 pairs remaining to distinguish.
  (CE) Row 292 built. 70 pairs remaining to distinguish.
  (CE) Row 293 built. 61 pairs remaining to distinguish.
  (CE) Row 294 built. 54 pairs remaining to distinguish.
  (CE) Row 295 built. 49 pairs remaining to distinguish.
  (CE) Row 296 built. 46 pairs remaining to distinguish.
  (CE) Row 297 built. 41 pairs remaining to distinguish.
  (CE) Row 298 built. 36 pairs remaining to distinguish.
  (CE) Row 299 built. 33 pairs remaining to distinguish.
  (CE) Row 300 built. 30 pairs remaining to distinguish.
  (CE) Row 301 built. 26 pairs remaining to distinguish.
  (CE) Row 302 built. 21 pairs remaining to distinguish.
  (CE) Row 303 built. 16 pairs remaining to distinguish.
  (CE) Row 304 built. 13 pairs remaining to distinguish.
  (CE) Row 305 built. 10 pairs remaining to distinguish.
  (CE) Row 306 built. 8 pairs remaining to distinguish.
  (CE) Row 307 built. 7 pairs remaining to distinguish.
  (CE) Row 308 built. 5 pairs remaining to distinguish.
  (CE) Row 309 built. 3 pairs remaining to distinguish.
  (CE) Row 310 built. 2 pairs remaining to distinguish.
  (CE) Row 311 built. 0 pairs remaining to distinguish.
--- Pareto Front Solutions ---
Solution 0: N total=311 (N_initial=138, N_added=173), Time total=270679 ms, Saved to: ./results/Make_t3_l1_pareto_0.csv, percents=1, 

------------d=1, t=3, lambda=2, filename=./evaluation/Make/Make_3_2.csv------------
Grouping d-sets by partitioned row counts for detecting arrays...
Ready to look at pairs for detecting arrays...
First Stage N=244, Time=82
There are 110468 remaining non-locating pairs
--- Running Conditional Expectation Algorithm (phase2_ce) for Locating ---
  (CE) Initial N_target calculated as: 1002 (M=244)
  (CE) Row 245 built. 110468 pairs remaining to distinguish.
  (CE) Row 246 built. 108637 pairs remaining to distinguish.
  (CE) Row 247 built. 108594 pairs remaining to distinguish.
  (CE) Row 248 built. 108481 pairs remaining to distinguish.
  (CE) Row 249 built. 105839 pairs remaining to distinguish.
  (CE) Row 250 built. 105812 pairs remaining to distinguish.
  (CE) Row 251 built. 105478 pairs remaining to distinguish.
  (CE) Row 252 built. 103623 pairs remaining to distinguish.
  (CE) Row 253 built. 103059 pairs remaining to distinguish.
  (CE) Row 254 built. 102938 pairs remaining to distinguish.
  (CE) Row 255 built. 99533 pairs remaining to distinguish.
  (CE) Row 256 built. 98914 pairs remaining to distinguish.
  (CE) Row 257 built. 98225 pairs remaining to distinguish.
  (CE) Row 258 built. 95918 pairs remaining to distinguish.
  (CE) Row 259 built. 95599 pairs remaining to distinguish.
  (CE) Row 260 built. 94949 pairs remaining to distinguish.
  (CE) Row 261 built. 91393 pairs remaining to distinguish.
  (CE) Row 262 built. 90343 pairs remaining to distinguish.
  (CE) Row 263 built. 89711 pairs remaining to distinguish.
  (CE) Row 264 built. 86571 pairs remaining to distinguish.
  (CE) Row 265 built. 86073 pairs remaining to distinguish.
  (CE) Row 266 built. 85186 pairs remaining to distinguish.
  (CE) Row 267 built. 82028 pairs remaining to distinguish.
  (CE) Row 268 built. 80952 pairs remaining to distinguish.
  (CE) Row 269 built. 80204 pairs remaining to distinguish.
  (CE) Row 270 built. 76876 pairs remaining to distinguish.
  (CE) Row 271 built. 76161 pairs remaining to distinguish.
  (CE) Row 272 built. 75423 pairs remaining to distinguish.
  (CE) Row 273 built. 72490 pairs remaining to distinguish.
  (CE) Row 274 built. 71467 pairs remaining to distinguish.
  (CE) Row 275 built. 70598 pairs remaining to distinguish.
  (CE) Row 276 built. 67557 pairs remaining to distinguish.
  (CE) Row 277 built. 66746 pairs remaining to distinguish.
  (CE) Row 278 built. 65996 pairs remaining to distinguish.
  (CE) Row 279 built. 63610 pairs remaining to distinguish.
  (CE) Row 280 built. 62449 pairs remaining to distinguish.
  (CE) Row 281 built. 61668 pairs remaining to distinguish.
  (CE) Row 282 built. 59199 pairs remaining to distinguish.
  (CE) Row 283 built. 57880 pairs remaining to distinguish.
  (CE) Row 284 built. 57119 pairs remaining to distinguish.
  (CE) Row 285 built. 54569 pairs remaining to distinguish.
  (CE) Row 286 built. 53671 pairs remaining to distinguish.
  (CE) Row 287 built. 52857 pairs remaining to distinguish.
  (CE) Row 288 built. 50515 pairs remaining to distinguish.
  (CE) Row 289 built. 49691 pairs remaining to distinguish.
  (CE) Row 290 built. 48908 pairs remaining to distinguish.
  (CE) Row 291 built. 48164 pairs remaining to distinguish.
  (CE) Row 292 built. 46144 pairs remaining to distinguish.
  (CE) Row 293 built. 45421 pairs remaining to distinguish.
  (CE) Row 294 built. 43173 pairs remaining to distinguish.
  (CE) Row 295 built. 42507 pairs remaining to distinguish.
  (CE) Row 296 built. 41871 pairs remaining to distinguish.
  (CE) Row 297 built. 40818 pairs remaining to distinguish.
  (CE) Row 298 built. 39209 pairs remaining to distinguish.
  (CE) Row 299 built. 38541 pairs remaining to distinguish.
  (CE) Row 300 built. 37991 pairs remaining to distinguish.
  (CE) Row 301 built. 36269 pairs remaining to distinguish.
  (CE) Row 302 built. 35768 pairs remaining to distinguish.
  (CE) Row 303 built. 33806 pairs remaining to distinguish.
  (CE) Row 304 built. 33143 pairs remaining to distinguish.
  (CE) Row 305 built. 32664 pairs remaining to distinguish.
  (CE) Row 306 built. 32157 pairs remaining to distinguish.
  (CE) Row 307 built. 30307 pairs remaining to distinguish.
  (CE) Row 308 built. 29739 pairs remaining to distinguish.
  (CE) Row 309 built. 28453 pairs remaining to distinguish.
  (CE) Row 310 built. 27909 pairs remaining to distinguish.
  (CE) Row 311 built. 27426 pairs remaining to distinguish.
  (CE) Row 312 built. 26852 pairs remaining to distinguish.
  (CE) Row 313 built. 25433 pairs remaining to distinguish.
  (CE) Row 314 built. 25004 pairs remaining to distinguish.
  (CE) Row 315 built. 23935 pairs remaining to distinguish.
  (CE) Row 316 built. 23463 pairs remaining to distinguish.
  (CE) Row 317 built. 23041 pairs remaining to distinguish.
  (CE) Row 318 built. 22609 pairs remaining to distinguish.
  (CE) Row 319 built. 21478 pairs remaining to distinguish.
  (CE) Row 320 built. 21129 pairs remaining to distinguish.
  (CE) Row 321 built. 20210 pairs remaining to distinguish.
  (CE) Row 322 built. 19724 pairs remaining to distinguish.
  (CE) Row 323 built. 19321 pairs remaining to distinguish.
  (CE) Row 324 built. 18978 pairs remaining to distinguish.
  (CE) Row 325 built. 18653 pairs remaining to distinguish.
  (CE) Row 326 built. 17718 pairs remaining to distinguish.
  (CE) Row 327 built. 16969 pairs remaining to distinguish.
  (CE) Row 328 built. 16573 pairs remaining to distinguish.
  (CE) Row 329 built. 16036 pairs remaining to distinguish.
  (CE) Row 330 built. 15730 pairs remaining to distinguish.
  (CE) Row 331 built. 15405 pairs remaining to distinguish.
  (CE) Row 332 built. 14721 pairs remaining to distinguish.
  (CE) Row 333 built. 14099 pairs remaining to distinguish.
  (CE) Row 334 built. 13803 pairs remaining to distinguish.
  (CE) Row 335 built. 13624 pairs remaining to distinguish.
  (CE) Row 336 built. 13387 pairs remaining to distinguish.
  (CE) Row 337 built. 13167 pairs remaining to distinguish.
  (CE) Row 338 built. 12462 pairs remaining to distinguish.
  (CE) Row 339 built. 11931 pairs remaining to distinguish.
  (CE) Row 340 built. 11711 pairs remaining to distinguish.
  (CE) Row 341 built. 11356 pairs remaining to distinguish.
  (CE) Row 342 built. 11159 pairs remaining to distinguish.
  (CE) Row 343 built. 10938 pairs remaining to distinguish.
  (CE) Row 344 built. 10412 pairs remaining to distinguish.
  (CE) Row 345 built. 10011 pairs remaining to distinguish.
  (CE) Row 346 built. 9826 pairs remaining to distinguish.
  (CE) Row 347 built. 9546 pairs remaining to distinguish.
  (CE) Row 348 built. 9310 pairs remaining to distinguish.
  (CE) Row 349 built. 9164 pairs remaining to distinguish.
  (CE) Row 350 built. 8653 pairs remaining to distinguish.
  (CE) Row 351 built. 8339 pairs remaining to distinguish.
  (CE) Row 352 built. 8152 pairs remaining to distinguish.
  (CE) Row 353 built. 7948 pairs remaining to distinguish.
  (CE) Row 354 built. 7710 pairs remaining to distinguish.
  (CE) Row 355 built. 7528 pairs remaining to distinguish.
  (CE) Row 356 built. 7121 pairs remaining to distinguish.
  (CE) Row 357 built. 6877 pairs remaining to distinguish.
  (CE) Row 358 built. 6712 pairs remaining to distinguish.
  (CE) Row 359 built. 6557 pairs remaining to distinguish.
  (CE) Row 360 built. 6377 pairs remaining to distinguish.
  (CE) Row 361 built. 6184 pairs remaining to distinguish.
  (CE) Row 362 built. 5928 pairs remaining to distinguish.
  (CE) Row 363 built. 5814 pairs remaining to distinguish.
  (CE) Row 364 built. 5473 pairs remaining to distinguish.
  (CE) Row 365 built. 5350 pairs remaining to distinguish.
  (CE) Row 366 built. 5279 pairs remaining to distinguish.
  (CE) Row 367 built. 5161 pairs remaining to distinguish.
  (CE) Row 368 built. 4982 pairs remaining to distinguish.
  (CE) Row 369 built. 4707 pairs remaining to distinguish.
  (CE) Row 370 built. 4562 pairs remaining to distinguish.
  (CE) Row 371 built. 4458 pairs remaining to distinguish.
  (CE) Row 372 built. 4371 pairs remaining to distinguish.
  (CE) Row 373 built. 4307 pairs remaining to distinguish.
  (CE) Row 374 built. 4117 pairs remaining to distinguish.
  (CE) Row 375 built. 3927 pairs remaining to distinguish.
  (CE) Row 376 built. 3805 pairs remaining to distinguish.
  (CE) Row 377 built. 3752 pairs remaining to distinguish.
  (CE) Row 378 built. 3663 pairs remaining to distinguish.
  (CE) Row 379 built. 3600 pairs remaining to distinguish.
  (CE) Row 380 built. 3379 pairs remaining to distinguish.
  (CE) Row 381 built. 3263 pairs remaining to distinguish.
  (CE) Row 382 built. 3189 pairs remaining to distinguish.
  (CE) Row 383 built. 3138 pairs remaining to distinguish.
  (CE) Row 384 built. 3073 pairs remaining to distinguish.
  (CE) Row 385 built. 2994 pairs remaining to distinguish.
  (CE) Row 386 built. 2895 pairs remaining to distinguish.
  (CE) Row 387 built. 2785 pairs remaining to distinguish.
  (CE) Row 388 built. 2693 pairs remaining to distinguish.
  (CE) Row 389 built. 2586 pairs remaining to distinguish.
  (CE) Row 390 built. 2539 pairs remaining to distinguish.
  (CE) Row 391 built. 2504 pairs remaining to distinguish.
  (CE) Row 392 built. 2417 pairs remaining to distinguish.
  (CE) Row 393 built. 2251 pairs remaining to distinguish.
  (CE) Row 394 built. 2138 pairs remaining to distinguish.
  (CE) Row 395 built. 2059 pairs remaining to distinguish.
  (CE) Row 396 built. 2027 pairs remaining to distinguish.
  (CE) Row 397 built. 1968 pairs remaining to distinguish.
  (CE) Row 398 built. 1918 pairs remaining to distinguish.
  (CE) Row 399 built. 1813 pairs remaining to distinguish.
  (CE) Row 400 built. 1702 pairs remaining to distinguish.
  (CE) Row 401 built. 1648 pairs remaining to distinguish.
  (CE) Row 402 built. 1592 pairs remaining to distinguish.
  (CE) Row 403 built. 1552 pairs remaining to distinguish.
  (CE) Row 404 built. 1494 pairs remaining to distinguish.
  (CE) Row 405 built. 1411 pairs remaining to distinguish.
  (CE) Row 406 built. 1326 pairs remaining to distinguish.
  (CE) Row 407 built. 1271 pairs remaining to distinguish.
  (CE) Row 408 built. 1215 pairs remaining to distinguish.
  (CE) Row 409 built. 1177 pairs remaining to distinguish.
  (CE) Row 410 built. 1067 pairs remaining to distinguish.
  (CE) Row 411 built. 1017 pairs remaining to distinguish.
  (CE) Row 412 built. 949 pairs remaining to distinguish.
  (CE) Row 413 built. 906 pairs remaining to distinguish.
  (CE) Row 414 built. 837 pairs remaining to distinguish.
  (CE) Row 415 built. 799 pairs remaining to distinguish.
  (CE) Row 416 built. 744 pairs remaining to distinguish.
  (CE) Row 417 built. 694 pairs remaining to distinguish.
  (CE) Row 418 built. 654 pairs remaining to distinguish.
  (CE) Row 419 built. 580 pairs remaining to distinguish.
  (CE) Row 420 built. 539 pairs remaining to distinguish.
  (CE) Row 421 built. 503 pairs remaining to distinguish.
  (CE) Row 422 built. 478 pairs remaining to distinguish.
  (CE) Row 423 built. 447 pairs remaining to distinguish.
  (CE) Row 424 built. 422 pairs remaining to distinguish.
  (CE) Row 425 built. 410 pairs remaining to distinguish.
  (CE) Row 426 built. 395 pairs remaining to distinguish.
  (CE) Row 427 built. 382 pairs remaining to distinguish.
  (CE) Row 428 built. 351 pairs remaining to distinguish.
  (CE) Row 429 built. 343 pairs remaining to distinguish.
  (CE) Row 430 built. 317 pairs remaining to distinguish.
  (CE) Row 431 built. 309 pairs remaining to distinguish.
  (CE) Row 432 built. 294 pairs remaining to distinguish.
  (CE) Row 433 built. 278 pairs remaining to distinguish.
  (CE) Row 434 built. 273 pairs remaining to distinguish.
  (CE) Row 435 built. 268 pairs remaining to distinguish.
  (CE) Row 436 built. 252 pairs remaining to distinguish.
  (CE) Row 437 built. 245 pairs remaining to distinguish.
  (CE) Row 438 built. 223 pairs remaining to distinguish.
  (CE) Row 439 built. 210 pairs remaining to distinguish.
  (CE) Row 440 built. 194 pairs remaining to distinguish.
  (CE) Row 441 built. 167 pairs remaining to distinguish.
  (CE) Row 442 built. 156 pairs remaining to distinguish.
  (CE) Row 443 built. 146 pairs remaining to distinguish.
  (CE) Row 444 built. 142 pairs remaining to distinguish.
  (CE) Row 445 built. 140 pairs remaining to distinguish.
  (CE) Row 446 built. 129 pairs remaining to distinguish.
  (CE) Row 447 built. 113 pairs remaining to distinguish.
  (CE) Row 448 built. 102 pairs remaining to distinguish.
  (CE) Row 449 built. 97 pairs remaining to distinguish.
  (CE) Row 450 built. 94 pairs remaining to distinguish.
  (CE) Row 451 built. 91 pairs remaining to distinguish.
  (CE) Row 452 built. 80 pairs remaining to distinguish.
  (CE) Row 453 built. 78 pairs remaining to distinguish.
  (CE) Row 454 built. 62 pairs remaining to distinguish.
  (CE) Row 455 built. 58 pairs remaining to distinguish.
  (CE) Row 456 built. 55 pairs remaining to distinguish.
  (CE) Row 457 built. 53 pairs remaining to distinguish.
  (CE) Row 458 built. 50 pairs remaining to distinguish.
  (CE) Row 459 built. 48 pairs remaining to distinguish.
  (CE) Row 460 built. 39 pairs remaining to distinguish.
  (CE) Row 461 built. 36 pairs remaining to distinguish.
  (CE) Row 462 built. 34 pairs remaining to distinguish.
  (CE) Row 463 built. 32 pairs remaining to distinguish.
  (CE) Row 464 built. 30 pairs remaining to distinguish.
  (CE) Row 465 built. 28 pairs remaining to distinguish.
  (CE) Row 466 built. 24 pairs remaining to distinguish.
  (CE) Row 467 built. 22 pairs remaining to distinguish.
  (CE) Row 468 built. 21 pairs remaining to distinguish.
  (CE) Row 469 built. 19 pairs remaining to distinguish.
  (CE) Row 470 built. 17 pairs remaining to distinguish.
  (CE) Row 471 built. 15 pairs remaining to distinguish.
  (CE) Row 472 built. 14 pairs remaining to distinguish.
  (CE) Row 473 built. 11 pairs remaining to distinguish.
  (CE) Row 474 built. 9 pairs remaining to distinguish.
  (CE) Row 475 built. 8 pairs remaining to distinguish.
  (CE) Row 476 built. 7 pairs remaining to distinguish.
  (CE) Row 477 built. 2 pairs remaining to distinguish.
  (CE) Row 478 built. 0 pairs remaining to distinguish.
--- Pareto Front Solutions ---
Solution 0: N total=478 (N_initial=244, N_added=234), Time total=216719 ms, Saved to: ./results/Make_t3_l2_pareto_0.csv, percents=1, 

------------d=1, t=3, lambda=3, filename=./evaluation/Make/Make_3_3.csv------------
Grouping d-sets by partitioned row counts for detecting arrays...
Ready to look at pairs for detecting arrays...
First Stage N=360, Time=97
There are 19422 remaining non-locating pairs
--- Running Conditional Expectation Algorithm (phase2_ce) for Locating ---
  (CE) Initial N_target calculated as: 1228 (M=360)
  (CE) Row 361 built. 19422 pairs remaining to distinguish.
  (CE) Row 362 built. 19422 pairs remaining to distinguish.
  (CE) Row 363 built. 19420 pairs remaining to distinguish.
  (CE) Row 364 built. 19416 pairs remaining to distinguish.
  (CE) Row 365 built. 19412 pairs remaining to distinguish.
  (CE) Row 366 built. 19406 pairs remaining to distinguish.
  (CE) Row 367 built. 19403 pairs remaining to distinguish.
  (CE) Row 368 built. 19401 pairs remaining to distinguish.
  (CE) Row 369 built. 19374 pairs remaining to distinguish.
  (CE) Row 370 built. 19369 pairs remaining to distinguish.
  (CE) Row 371 built. 19365 pairs remaining to distinguish.
  (CE) Row 372 built. 19361 pairs remaining to distinguish.
  (CE) Row 373 built. 19356 pairs remaining to distinguish.
  (CE) Row 374 built. 19313 pairs remaining to distinguish.
  (CE) Row 375 built. 19286 pairs remaining to distinguish.
  (CE) Row 376 built. 19241 pairs remaining to distinguish.
  (CE) Row 377 built. 19189 pairs remaining to distinguish.
  (CE) Row 378 built. 19173 pairs remaining to distinguish.
  (CE) Row 379 built. 19156 pairs remaining to distinguish.
  (CE) Row 380 built. 19110 pairs remaining to distinguish.
  (CE) Row 381 built. 18995 pairs remaining to distinguish.
  (CE) Row 382 built. 18936 pairs remaining to distinguish.
  (CE) Row 383 built. 18834 pairs remaining to distinguish.
  (CE) Row 384 built. 18769 pairs remaining to distinguish.
  (CE) Row 385 built. 18709 pairs remaining to distinguish.
  (CE) Row 386 built. 18590 pairs remaining to distinguish.
  (CE) Row 387 built. 18438 pairs remaining to distinguish.
  (CE) Row 388 built. 18339 pairs remaining to distinguish.
  (CE) Row 389 built. 18109 pairs remaining to distinguish.
  (CE) Row 390 built. 18026 pairs remaining to distinguish.
  (CE) Row 391 built. 17930 pairs remaining to distinguish.
  (CE) Row 392 built. 17730 pairs remaining to distinguish.
  (CE) Row 393 built. 17570 pairs remaining to distinguish.
  (CE) Row 394 built. 17442 pairs remaining to distinguish.
  (CE) Row 395 built. 17287 pairs remaining to distinguish.
  (CE) Row 396 built. 17139 pairs remaining to distinguish.
  (CE) Row 397 built. 17020 pairs remaining to distinguish.
  (CE) Row 398 built. 16809 pairs remaining to distinguish.
  (CE) Row 399 built. 16594 pairs remaining to distinguish.
  (CE) Row 400 built. 16452 pairs remaining to distinguish.
  (CE) Row 401 built. 16298 pairs remaining to distinguish.
  (CE) Row 402 built. 16080 pairs remaining to distinguish.
  (CE) Row 403 built. 15962 pairs remaining to distinguish.
  (CE) Row 404 built. 15807 pairs remaining to distinguish.
  (CE) Row 405 built. 15587 pairs remaining to distinguish.
  (CE) Row 406 built. 15418 pairs remaining to distinguish.
  (CE) Row 407 built. 15251 pairs remaining to distinguish.
  (CE) Row 408 built. 15068 pairs remaining to distinguish.
  (CE) Row 409 built. 14954 pairs remaining to distinguish.
  (CE) Row 410 built. 14739 pairs remaining to distinguish.
  (CE) Row 411 built. 14564 pairs remaining to distinguish.
  (CE) Row 412 built. 14396 pairs remaining to distinguish.
  (CE) Row 413 built. 14213 pairs remaining to distinguish.
  (CE) Row 414 built. 13997 pairs remaining to distinguish.
  (CE) Row 415 built. 13844 pairs remaining to distinguish.
  (CE) Row 416 built. 13627 pairs remaining to distinguish.
  (CE) Row 417 built. 13425 pairs remaining to distinguish.
  (CE) Row 418 built. 13266 pairs remaining to distinguish.
  (CE) Row 419 built. 13155 pairs remaining to distinguish.
  (CE) Row 420 built. 12992 pairs remaining to distinguish.
  (CE) Row 421 built. 12854 pairs remaining to distinguish.
  (CE) Row 422 built. 12623 pairs remaining to distinguish.
  (CE) Row 423 built. 12407 pairs remaining to distinguish.
  (CE) Row 424 built. 12223 pairs remaining to distinguish.
  (CE) Row 425 built. 12080 pairs remaining to distinguish.
  (CE) Row 426 built. 11931 pairs remaining to distinguish.
  (CE) Row 427 built. 11757 pairs remaining to distinguish.
  (CE) Row 428 built. 11580 pairs remaining to distinguish.
  (CE) Row 429 built. 11408 pairs remaining to distinguish.
  (CE) Row 430 built. 11271 pairs remaining to distinguish.
  (CE) Row 431 built. 11073 pairs remaining to distinguish.
  (CE) Row 432 built. 10956 pairs remaining to distinguish.
  (CE) Row 433 built. 10797 pairs remaining to distinguish.
  (CE) Row 434 built. 10622 pairs remaining to distinguish.
  (CE) Row 435 built. 10411 pairs remaining to distinguish.
  (CE) Row 436 built. 10259 pairs remaining to distinguish.
  (CE) Row 437 built. 10083 pairs remaining to distinguish.
  (CE) Row 438 built. 9926 pairs remaining to distinguish.
  (CE) Row 439 built. 9810 pairs remaining to distinguish.
  (CE) Row 440 built. 9621 pairs remaining to distinguish.
  (CE) Row 441 built. 9451 pairs remaining to distinguish.
  (CE) Row 442 built. 9296 pairs remaining to distinguish.
  (CE) Row 443 built. 9163 pairs remaining to distinguish.
  (CE) Row 444 built. 9048 pairs remaining to distinguish.
  (CE) Row 445 built. 8905 pairs remaining to distinguish.
  (CE) Row 446 built. 8764 pairs remaining to distinguish.
  (CE) Row 447 built. 8594 pairs remaining to distinguish.
  (CE) Row 448 built. 8451 pairs remaining to distinguish.
  (CE) Row 449 built. 8339 pairs remaining to distinguish.
  (CE) Row 450 built. 8225 pairs remaining to distinguish.
  (CE) Row 451 built. 8084 pairs remaining to distinguish.
  (CE) Row 452 built. 7927 pairs remaining to distinguish.
  (CE) Row 453 built. 7791 pairs remaining to distinguish.
  (CE) Row 454 built. 7650 pairs remaining to distinguish.
  (CE) Row 455 built. 7541 pairs remaining to distinguish.
  (CE) Row 456 built. 7437 pairs remaining to distinguish.
  (CE) Row 457 built. 7319 pairs remaining to distinguish.
  (CE) Row 458 built. 7191 pairs remaining to distinguish.
  (CE) Row 459 built. 7070 pairs remaining to distinguish.
  (CE) Row 460 built. 6904 pairs remaining to distinguish.
  (CE) Row 461 built. 6795 pairs remaining to distinguish.
  (CE) Row 462 built. 6696 pairs remaining to distinguish.
  (CE) Row 463 built. 6576 pairs remaining to distinguish.
  (CE) Row 464 built. 6476 pairs remaining to distinguish.
  (CE) Row 465 built. 6367 pairs remaining to distinguish.
  (CE) Row 466 built. 6261 pairs remaining to distinguish.
  (CE) Row 467 built. 6144 pairs remaining to distinguish.
  (CE) Row 468 built. 6071 pairs remaining to distinguish.
  (CE) Row 469 built. 5984 pairs remaining to distinguish.
  (CE) Row 470 built. 5869 pairs remaining to distinguish.
  (CE) Row 471 built. 5765 pairs remaining to distinguish.
  (CE) Row 472 built. 5659 pairs remaining to distinguish.
  (CE) Row 473 built. 5539 pairs remaining to distinguish.
  (CE) Row 474 built. 5451 pairs remaining to distinguish.
  (CE) Row 475 built. 5376 pairs remaining to distinguish.
  (CE) Row 476 built. 5288 pairs remaining to distinguish.
  (CE) Row 477 built. 5182 pairs remaining to distinguish.
  (CE) Row 478 built. 5088 pairs remaining to distinguish.
  (CE) Row 479 built. 4997 pairs remaining to distinguish.
  (CE) Row 480 built. 4940 pairs remaining to distinguish.
  (CE) Row 481 built. 4862 pairs remaining to distinguish.
  (CE) Row 482 built. 4771 pairs remaining to distinguish.
  (CE) Row 483 built. 4689 pairs remaining to distinguish.
  (CE) Row 484 built. 4581 pairs remaining to distinguish.
  (CE) Row 485 built. 4491 pairs remaining to distinguish.
  (CE) Row 486 built. 4417 pairs remaining to distinguish.
  (CE) Row 487 built. 4342 pairs remaining to distinguish.
  (CE) Row 488 built. 4255 pairs remaining to distinguish.
  (CE) Row 489 built. 4148 pairs remaining to distinguish.
  (CE) Row 490 built. 4066 pairs remaining to distinguish.
  (CE) Row 491 built. 3979 pairs remaining to distinguish.
  (CE) Row 492 built. 3892 pairs remaining to distinguish.
  (CE) Row 493 built. 3828 pairs remaining to distinguish.
  (CE) Row 494 built. 3765 pairs remaining to distinguish.
  (CE) Row 495 built. 3689 pairs remaining to distinguish.
  (CE) Row 496 built. 3587 pairs remaining to distinguish.
  (CE) Row 497 built. 3515 pairs remaining to distinguish.
  (CE) Row 498 built. 3456 pairs remaining to distinguish.
  (CE) Row 499 built. 3386 pairs remaining to distinguish.
  (CE) Row 500 built. 3301 pairs remaining to distinguish.
  (CE) Row 501 built. 3232 pairs remaining to distinguish.
  (CE) Row 502 built. 3127 pairs remaining to distinguish.
  (CE) Row 503 built. 3053 pairs remaining to distinguish.
  (CE) Row 504 built. 2997 pairs remaining to distinguish.
  (CE) Row 505 built. 2937 pairs remaining to distinguish.
  (CE) Row 506 built. 2867 pairs remaining to distinguish.
  (CE) Row 507 built. 2800 pairs remaining to distinguish.
  (CE) Row 508 built. 2732 pairs remaining to distinguish.
  (CE) Row 509 built. 2678 pairs remaining to distinguish.
  (CE) Row 510 built. 2627 pairs remaining to distinguish.
  (CE) Row 511 built. 2584 pairs remaining to distinguish.
  (CE) Row 512 built. 2511 pairs remaining to distinguish.
  (CE) Row 513 built. 2448 pairs remaining to distinguish.
  (CE) Row 514 built. 2385 pairs remaining to distinguish.
  (CE) Row 515 built. 2333 pairs remaining to distinguish.
  (CE) Row 516 built. 2287 pairs remaining to distinguish.
  (CE) Row 517 built. 2245 pairs remaining to distinguish.
  (CE) Row 518 built. 2201 pairs remaining to distinguish.
  (CE) Row 519 built. 2153 pairs remaining to distinguish.
  (CE) Row 520 built. 2099 pairs remaining to distinguish.
  (CE) Row 521 built. 2055 pairs remaining to distinguish.
  (CE) Row 522 built. 2005 pairs remaining to distinguish.
  (CE) Row 523 built. 1960 pairs remaining to distinguish.
  (CE) Row 524 built. 1921 pairs remaining to distinguish.
  (CE) Row 525 built. 1868 pairs remaining to distinguish.
  (CE) Row 526 built. 1801 pairs remaining to distinguish.
  (CE) Row 527 built. 1759 pairs remaining to distinguish.
  (CE) Row 528 built. 1706 pairs remaining to distinguish.
  (CE) Row 529 built. 1673 pairs remaining to distinguish.
  (CE) Row 530 built. 1625 pairs remaining to distinguish.
  (CE) Row 531 built. 1576 pairs remaining to distinguish.
  (CE) Row 532 built. 1524 pairs remaining to distinguish.
  (CE) Row 533 built. 1479 pairs remaining to distinguish.
  (CE) Row 534 built. 1448 pairs remaining to distinguish.
  (CE) Row 535 built. 1415 pairs remaining to distinguish.
  (CE) Row 536 built. 1369 pairs remaining to distinguish.
  (CE) Row 537 built. 1334 pairs remaining to distinguish.
  (CE) Row 538 built. 1287 pairs remaining to distinguish.
  (CE) Row 539 built. 1267 pairs remaining to distinguish.
  (CE) Row 540 built. 1244 pairs remaining to distinguish.
  (CE) Row 541 built. 1215 pairs remaining to distinguish.
  (CE) Row 542 built. 1192 pairs remaining to distinguish.
  (CE) Row 543 built. 1169 pairs remaining to distinguish.
  (CE) Row 544 built. 1130 pairs remaining to distinguish.
  (CE) Row 545 built. 1103 pairs remaining to distinguish.
  (CE) Row 546 built. 1082 pairs remaining to distinguish.
  (CE) Row 547 built. 1063 pairs remaining to distinguish.
  (CE) Row 548 built. 1033 pairs remaining to distinguish.
  (CE) Row 549 built. 1015 pairs remaining to distinguish.
  (CE) Row 550 built. 989 pairs remaining to distinguish.
  (CE) Row 551 built. 961 pairs remaining to distinguish.
  (CE) Row 552 built. 943 pairs remaining to distinguish.
  (CE) Row 553 built. 923 pairs remaining to distinguish.
  (CE) Row 554 built. 902 pairs remaining to distinguish.
  (CE) Row 555 built. 870 pairs remaining to distinguish.
  (CE) Row 556 built. 853 pairs remaining to distinguish.
  (CE) Row 557 built. 832 pairs remaining to distinguish.
  (CE) Row 558 built. 810 pairs remaining to distinguish.
  (CE) Row 559 built. 793 pairs remaining to distinguish.
  (CE) Row 560 built. 773 pairs remaining to distinguish.
  (CE) Row 561 built. 756 pairs remaining to distinguish.
  (CE) Row 562 built. 735 pairs remaining to distinguish.
  (CE) Row 563 built. 717 pairs remaining to distinguish.
  (CE) Row 564 built. 694 pairs remaining to distinguish.
  (CE) Row 565 built. 675 pairs remaining to distinguish.
  (CE) Row 566 built. 650 pairs remaining to distinguish.
  (CE) Row 567 built. 634 pairs remaining to distinguish.
  (CE) Row 568 built. 623 pairs remaining to distinguish.
  (CE) Row 569 built. 607 pairs remaining to distinguish.
  (CE) Row 570 built. 591 pairs remaining to distinguish.
  (CE) Row 571 built. 579 pairs remaining to distinguish.
  (CE) Row 572 built. 564 pairs remaining to distinguish.
  (CE) Row 573 built. 548 pairs remaining to distinguish.
  (CE) Row 574 built. 537 pairs remaining to distinguish.
  (CE) Row 575 built. 526 pairs remaining to distinguish.
  (CE) Row 576 built. 515 pairs remaining to distinguish.
  (CE) Row 577 built. 507 pairs remaining to distinguish.
  (CE) Row 578 built. 497 pairs remaining to distinguish.
  (CE) Row 579 built. 491 pairs remaining to distinguish.
  (CE) Row 580 built. 480 pairs remaining to distinguish.
  (CE) Row 581 built. 459 pairs remaining to distinguish.
  (CE) Row 582 built. 450 pairs remaining to distinguish.
  (CE) Row 583 built. 440 pairs remaining to distinguish.
  (CE) Row 584 built. 431 pairs remaining to distinguish.
  (CE) Row 585 built. 424 pairs remaining to distinguish.
  (CE) Row 586 built. 414 pairs remaining to distinguish.
  (CE) Row 587 built. 405 pairs remaining to distinguish.
  (CE) Row 588 built. 395 pairs remaining to distinguish.
  (CE) Row 589 built. 387 pairs remaining to distinguish.
  (CE) Row 590 built. 377 pairs remaining to distinguish.
  (CE) Row 591 built. 370 pairs remaining to distinguish.
  (CE) Row 592 built. 359 pairs remaining to distinguish.
  (CE) Row 593 built. 351 pairs remaining to distinguish.
  (CE) Row 594 built. 344 pairs remaining to distinguish.
  (CE) Row 595 built. 341 pairs remaining to distinguish.
  (CE) Row 596 built. 333 pairs remaining to distinguish.
  (CE) Row 597 built. 324 pairs remaining to distinguish.
  (CE) Row 598 built. 318 pairs remaining to distinguish.
  (CE) Row 599 built. 309 pairs remaining to distinguish.
  (CE) Row 600 built. 303 pairs remaining to distinguish.
  (CE) Row 601 built. 297 pairs remaining to distinguish.
  (CE) Row 602 built. 281 pairs remaining to distinguish.
  (CE) Row 603 built. 275 pairs remaining to distinguish.
  (CE) Row 604 built. 269 pairs remaining to distinguish.
  (CE) Row 605 built. 254 pairs remaining to distinguish.
  (CE) Row 606 built. 248 pairs remaining to distinguish.
  (CE) Row 607 built. 230 pairs remaining to distinguish.
  (CE) Row 608 built. 226 pairs remaining to distinguish.
  (CE) Row 609 built. 218 pairs remaining to distinguish.
  (CE) Row 610 built. 210 pairs remaining to distinguish.
  (CE) Row 611 built. 203 pairs remaining to distinguish.
  (CE) Row 612 built. 195 pairs remaining to distinguish.
  (CE) Row 613 built. 188 pairs remaining to distinguish.
  (CE) Row 614 built. 180 pairs remaining to distinguish.
  (CE) Row 615 built. 172 pairs remaining to distinguish.
  (CE) Row 616 built. 166 pairs remaining to distinguish.
  (CE) Row 617 built. 160 pairs remaining to distinguish.
  (CE) Row 618 built. 153 pairs remaining to distinguish.
  (CE) Row 619 built. 146 pairs remaining to distinguish.
  (CE) Row 620 built. 140 pairs remaining to distinguish.
  (CE) Row 621 built. 135 pairs remaining to distinguish.
  (CE) Row 622 built. 130 pairs remaining to distinguish.
  (CE) Row 623 built. 127 pairs remaining to distinguish.
  (CE) Row 624 built. 121 pairs remaining to distinguish.
  (CE) Row 625 built. 116 pairs remaining to distinguish.
  (CE) Row 626 built. 111 pairs remaining to distinguish.
  (CE) Row 627 built. 106 pairs remaining to distinguish.
  (CE) Row 628 built. 102 pairs remaining to distinguish.
  (CE) Row 629 built. 99 pairs remaining to distinguish.
  (CE) Row 630 built. 94 pairs remaining to distinguish.
  (CE) Row 631 built. 90 pairs remaining to distinguish.
  (CE) Row 632 built. 86 pairs remaining to distinguish.
  (CE) Row 633 built. 83 pairs remaining to distinguish.
  (CE) Row 634 built. 80 pairs remaining to distinguish.
  (CE) Row 635 built. 77 pairs remaining to distinguish.
  (CE) Row 636 built. 75 pairs remaining to distinguish.
  (CE) Row 637 built. 71 pairs remaining to distinguish.
  (CE) Row 638 built. 68 pairs remaining to distinguish.
  (CE) Row 639 built. 64 pairs remaining to distinguish.
  (CE) Row 640 built. 59 pairs remaining to distinguish.
  (CE) Row 641 built. 55 pairs remaining to distinguish.
  (CE) Row 642 built. 52 pairs remaining to distinguish.
  (CE) Row 643 built. 49 pairs remaining to distinguish.
  (CE) Row 644 built. 47 pairs remaining to distinguish.
  (CE) Row 645 built. 44 pairs remaining to distinguish.
  (CE) Row 646 built. 42 pairs remaining to distinguish.
  (CE) Row 647 built. 40 pairs remaining to distinguish.
  (CE) Row 648 built. 37 pairs remaining to distinguish.
  (CE) Row 649 built. 34 pairs remaining to distinguish.
  (CE) Row 650 built. 30 pairs remaining to distinguish.
  (CE) Row 651 built. 28 pairs remaining to distinguish.
  (CE) Row 652 built. 26 pairs remaining to distinguish.
  (CE) Row 653 built. 24 pairs remaining to distinguish.
  (CE) Row 654 built. 22 pairs remaining to distinguish.
  (CE) Row 655 built. 20 pairs remaining to distinguish.
  (CE) Row 656 built. 17 pairs remaining to distinguish.
  (CE) Row 657 built. 15 pairs remaining to distinguish.
  (CE) Row 658 built. 11 pairs remaining to distinguish.
  (CE) Row 659 built. 9 pairs remaining to distinguish.
  (CE) Row 660 built. 8 pairs remaining to distinguish.
  (CE) Row 661 built. 6 pairs remaining to distinguish.
  (CE) Row 662 built. 5 pairs remaining to distinguish.
  (CE) Row 663 built. 4 pairs remaining to distinguish.
  (CE) Row 664 built. 3 pairs remaining to distinguish.
  (CE) Row 665 built. 2 pairs remaining to distinguish.
  (CE) Row 666 built. 1 pairs remaining to distinguish.
  (CE) Row 667 built. 0 pairs remaining to distinguish.
--- Pareto Front Solutions ---
Solution 0: N total=667 (N_initial=360, N_added=307), Time total=65490 ms, Saved to: ./results/Make_t3_l3_pareto_0.csv, percents=1, 

------------d=1, t=3, lambda=4, filename=./evaluation/Make/Make_3_4.csv------------
Grouping d-sets by partitioned row counts for detecting arrays...
Ready to look at pairs for detecting arrays...
First Stage N=480, Time=135
There are 12606 remaining non-locating pairs
--- Running Conditional Expectation Algorithm (phase2_ce) for Locating ---
  (CE) Initial N_target calculated as: 1482 (M=480)
  (CE) Row 481 built. 12606 pairs remaining to distinguish.
  (CE) Row 482 built. 12606 pairs remaining to distinguish.
  (CE) Row 483 built. 12606 pairs remaining to distinguish.
  (CE) Row 484 built. 12604 pairs remaining to distinguish.
  (CE) Row 485 built. 12602 pairs remaining to distinguish.
  (CE) Row 486 built. 12597 pairs remaining to distinguish.
  (CE) Row 487 built. 12589 pairs remaining to distinguish.
  (CE) Row 488 built. 12587 pairs remaining to distinguish.
  (CE) Row 489 built. 12583 pairs remaining to distinguish.
  (CE) Row 490 built. 12580 pairs remaining to distinguish.
  (CE) Row 491 built. 12579 pairs remaining to distinguish.
  (CE) Row 492 built. 12578 pairs remaining to distinguish.
  (CE) Row 493 built. 12577 pairs remaining to distinguish.
  (CE) Row 494 built. 12574 pairs remaining to distinguish.
  (CE) Row 495 built. 12572 pairs remaining to distinguish.
  (CE) Row 496 built. 12570 pairs remaining to distinguish.
  (CE) Row 497 built. 12569 pairs remaining to distinguish.
  (CE) Row 498 built. 12564 pairs remaining to distinguish.
  (CE) Row 499 built. 12556 pairs remaining to distinguish.
  (CE) Row 500 built. 12552 pairs remaining to distinguish.
  (CE) Row 501 built. 12547 pairs remaining to distinguish.
  (CE) Row 502 built. 12537 pairs remaining to distinguish.
  (CE) Row 503 built. 12533 pairs remaining to distinguish.
  (CE) Row 504 built. 12529 pairs remaining to distinguish.
  (CE) Row 505 built. 12515 pairs remaining to distinguish.
  (CE) Row 506 built. 12512 pairs remaining to distinguish.
  (CE) Row 507 built. 12491 pairs remaining to distinguish.
  (CE) Row 508 built. 12482 pairs remaining to distinguish.
  (CE) Row 509 built. 12472 pairs remaining to distinguish.
  (CE) Row 510 built. 12469 pairs remaining to distinguish.
  (CE) Row 511 built. 12429 pairs remaining to distinguish.
  (CE) Row 512 built. 12417 pairs remaining to distinguish.
  (CE) Row 513 built. 12390 pairs remaining to distinguish.
  (CE) Row 514 built. 12381 pairs remaining to distinguish.
  (CE) Row 515 built. 12369 pairs remaining to distinguish.
  (CE) Row 516 built. 12358 pairs remaining to distinguish.
  (CE) Row 517 built. 12324 pairs remaining to distinguish.
  (CE) Row 518 built. 12306 pairs remaining to distinguish.
  (CE) Row 519 built. 12260 pairs remaining to distinguish.
  (CE) Row 520 built. 12240 pairs remaining to distinguish.
  (CE) Row 521 built. 12210 pairs remaining to distinguish.
  (CE) Row 522 built. 12183 pairs remaining to distinguish.
  (CE) Row 523 built. 12169 pairs remaining to distinguish.
  (CE) Row 524 built. 12150 pairs remaining to distinguish.
  (CE) Row 525 built. 12093 pairs remaining to distinguish.
  (CE) Row 526 built. 12073 pairs remaining to distinguish.
  (CE) Row 527 built. 12026 pairs remaining to distinguish.
  (CE) Row 528 built. 12007 pairs remaining to distinguish.
  (CE) Row 529 built. 11980 pairs remaining to distinguish.
  (CE) Row 530 built. 11914 pairs remaining to distinguish.
  (CE) Row 531 built. 11876 pairs remaining to distinguish.
  (CE) Row 532 built. 11845 pairs remaining to distinguish.
  (CE) Row 533 built. 11775 pairs remaining to distinguish.
  (CE) Row 534 built. 11742 pairs remaining to distinguish.
  (CE) Row 535 built. 11677 pairs remaining to distinguish.
  (CE) Row 536 built. 11652 pairs remaining to distinguish.
  (CE) Row 537 built. 11620 pairs remaining to distinguish.
  (CE) Row 538 built. 11539 pairs remaining to distinguish.
  (CE) Row 539 built. 11505 pairs remaining to distinguish.
  (CE) Row 540 built. 11483 pairs remaining to distinguish.
  (CE) Row 541 built. 11367 pairs remaining to distinguish.
  (CE) Row 542 built. 11316 pairs remaining to distinguish.
  (CE) Row 543 built. 11265 pairs remaining to distinguish.
  (CE) Row 544 built. 11165 pairs remaining to distinguish.
  (CE) Row 545 built. 11135 pairs remaining to distinguish.
  (CE) Row 546 built. 11096 pairs remaining to distinguish.
  (CE) Row 547 built. 11016 pairs remaining to distinguish.
  (CE) Row 548 built. 10978 pairs remaining to distinguish.
  (CE) Row 549 built. 10870 pairs remaining to distinguish.
  (CE) Row 550 built. 10825 pairs remaining to distinguish.
  (CE) Row 551 built. 10778 pairs remaining to distinguish.
  (CE) Row 552 built. 10726 pairs remaining to distinguish.
  (CE) Row 553 built. 10697 pairs remaining to distinguish.
  (CE) Row 554 built. 10668 pairs remaining to distinguish.
  (CE) Row 555 built. 10637 pairs remaining to distinguish.
  (CE) Row 556 built. 10551 pairs remaining to distinguish.
  (CE) Row 557 built. 10482 pairs remaining to distinguish.
  (CE) Row 558 built. 10447 pairs remaining to distinguish.
  (CE) Row 559 built. 10405 pairs remaining to distinguish.
  (CE) Row 560 built. 10370 pairs remaining to distinguish.
  (CE) Row 561 built. 10283 pairs remaining to distinguish.
  (CE) Row 562 built. 10244 pairs remaining to distinguish.
  (CE) Row 563 built. 10135 pairs remaining to distinguish.
  (CE) Row 564 built. 10090 pairs remaining to distinguish.
  (CE) Row 565 built. 10059 pairs remaining to distinguish.
  (CE) Row 566 built. 9979 pairs remaining to distinguish.
  (CE) Row 567 built. 9943 pairs remaining to distinguish.
  (CE) Row 568 built. 9835 pairs remaining to distinguish.
  (CE) Row 569 built. 9788 pairs remaining to distinguish.
  (CE) Row 570 built. 9733 pairs remaining to distinguish.
  (CE) Row 571 built. 9633 pairs remaining to distinguish.
  (CE) Row 572 built. 9589 pairs remaining to distinguish.
  (CE) Row 573 built. 9486 pairs remaining to distinguish.
  (CE) Row 574 built. 9433 pairs remaining to distinguish.
  (CE) Row 575 built. 9370 pairs remaining to distinguish.
  (CE) Row 576 built. 9325 pairs remaining to distinguish.
  (CE) Row 577 built. 9261 pairs remaining to distinguish.
  (CE) Row 578 built. 9221 pairs remaining to distinguish.
  (CE) Row 579 built. 9168 pairs remaining to distinguish.
  (CE) Row 580 built. 9046 pairs remaining to distinguish.
  (CE) Row 581 built. 8975 pairs remaining to distinguish.
  (CE) Row 582 built. 8914 pairs remaining to distinguish.
  (CE) Row 583 built. 8841 pairs remaining to distinguish.
  (CE) Row 584 built. 8790 pairs remaining to distinguish.
  (CE) Row 585 built. 8739 pairs remaining to distinguish.
  (CE) Row 586 built. 8643 pairs remaining to distinguish.
  (CE) Row 587 built. 8551 pairs remaining to distinguish.
  (CE) Row 588 built. 8501 pairs remaining to distinguish.
  (CE) Row 589 built. 8444 pairs remaining to distinguish.
  (CE) Row 590 built. 8399 pairs remaining to distinguish.
  (CE) Row 591 built. 8311 pairs remaining to distinguish.
  (CE) Row 592 built. 8258 pairs remaining to distinguish.
  (CE) Row 593 built. 8141 pairs remaining to distinguish.
  (CE) Row 594 built. 8092 pairs remaining to distinguish.
  (CE) Row 595 built. 8038 pairs remaining to distinguish.
  (CE) Row 596 built. 7975 pairs remaining to distinguish.
  (CE) Row 597 built. 7939 pairs remaining to distinguish.
  (CE) Row 598 built. 7833 pairs remaining to distinguish.
  (CE) Row 599 built. 7773 pairs remaining to distinguish.
  (CE) Row 600 built. 7732 pairs remaining to distinguish.
  (CE) Row 601 built. 7669 pairs remaining to distinguish.
  (CE) Row 602 built. 7634 pairs remaining to distinguish.
  (CE) Row 603 built. 7549 pairs remaining to distinguish.
  (CE) Row 604 built. 7478 pairs remaining to distinguish.
  (CE) Row 605 built. 7436 pairs remaining to distinguish.
  (CE) Row 606 built. 7405 pairs remaining to distinguish.
  (CE) Row 607 built. 7345 pairs remaining to distinguish.
  (CE) Row 608 built. 7313 pairs remaining to distinguish.
  (CE) Row 609 built. 7241 pairs remaining to distinguish.
  (CE) Row 610 built. 7215 pairs remaining to distinguish.
  (CE) Row 611 built. 7171 pairs remaining to distinguish.
  (CE) Row 612 built. 7118 pairs remaining to distinguish.
  (CE) Row 613 built. 7072 pairs remaining to distinguish.
  (CE) Row 614 built. 6993 pairs remaining to distinguish.
  (CE) Row 615 built. 6967 pairs remaining to distinguish.
  (CE) Row 616 built. 6919 pairs remaining to distinguish.
  (CE) Row 617 built. 6842 pairs remaining to distinguish.
  (CE) Row 618 built. 6794 pairs remaining to distinguish.
  (CE) Row 619 built. 6763 pairs remaining to distinguish.
  (CE) Row 620 built. 6710 pairs remaining to distinguish.
  (CE) Row 621 built. 6674 pairs remaining to distinguish.
  (CE) Row 622 built. 6632 pairs remaining to distinguish.
  (CE) Row 623 built. 6553 pairs remaining to distinguish.
  (CE) Row 624 built. 6504 pairs remaining to distinguish.
  (CE) Row 625 built. 6437 pairs remaining to distinguish.
  (CE) Row 626 built. 6393 pairs remaining to distinguish.
  (CE) Row 627 built. 6340 pairs remaining to distinguish.
  (CE) Row 628 built. 6256 pairs remaining to distinguish.
  (CE) Row 629 built. 6213 pairs remaining to distinguish.
  (CE) Row 630 built. 6164 pairs remaining to distinguish.
  (CE) Row 631 built. 6089 pairs remaining to distinguish.
  (CE) Row 632 built. 6026 pairs remaining to distinguish.
  (CE) Row 633 built. 5948 pairs remaining to distinguish.
  (CE) Row 634 built. 5896 pairs remaining to distinguish.
  (CE) Row 635 built. 5839 pairs remaining to distinguish.
  (CE) Row 636 built. 5774 pairs remaining to distinguish.
  (CE) Row 637 built. 5696 pairs remaining to distinguish.
  (CE) Row 638 built. 5643 pairs remaining to distinguish.
  (CE) Row 639 built. 5582 pairs remaining to distinguish.
  (CE) Row 640 built. 5501 pairs remaining to distinguish.
  (CE) Row 641 built. 5474 pairs remaining to distinguish.
  (CE) Row 642 built. 5437 pairs remaining to distinguish.
  (CE) Row 643 built. 5406 pairs remaining to distinguish.
  (CE) Row 644 built. 5375 pairs remaining to distinguish.
  (CE) Row 645 built. 5332 pairs remaining to distinguish.
  (CE) Row 646 built. 5287 pairs remaining to distinguish.
  (CE) Row 647 built. 5241 pairs remaining to distinguish.
  (CE) Row 648 built. 5190 pairs remaining to distinguish.
  (CE) Row 649 built. 5161 pairs remaining to distinguish.
  (CE) Row 650 built. 5135 pairs remaining to distinguish.
  (CE) Row 651 built. 5112 pairs remaining to distinguish.
  (CE) Row 652 built. 5071 pairs remaining to distinguish.
  (CE) Row 653 built. 5041 pairs remaining to distinguish.
  (CE) Row 654 built. 5003 pairs remaining to distinguish.
  (CE) Row 655 built. 4970 pairs remaining to distinguish.
  (CE) Row 656 built. 4936 pairs remaining to distinguish.
  (CE) Row 657 built. 4890 pairs remaining to distinguish.
  (CE) Row 658 built. 4863 pairs remaining to distinguish.
  (CE) Row 659 built. 4818 pairs remaining to distinguish.
  (CE) Row 660 built. 4787 pairs remaining to distinguish.
  (CE) Row 661 built. 4739 pairs remaining to distinguish.
  (CE) Row 662 built. 4686 pairs remaining to distinguish.
  (CE) Row 663 built. 4638 pairs remaining to distinguish.
  (CE) Row 664 built. 4581 pairs remaining to distinguish.
  (CE) Row 665 built. 4529 pairs remaining to distinguish.
  (CE) Row 666 built. 4461 pairs remaining to distinguish.
  (CE) Row 667 built. 4409 pairs remaining to distinguish.
  (CE) Row 668 built. 4358 pairs remaining to distinguish.
  (CE) Row 669 built. 4309 pairs remaining to distinguish.
  (CE) Row 670 built. 4250 pairs remaining to distinguish.
  (CE) Row 671 built. 4194 pairs remaining to distinguish.
  (CE) Row 672 built. 4130 pairs remaining to distinguish.
  (CE) Row 673 built. 4082 pairs remaining to distinguish.
  (CE) Row 674 built. 4024 pairs remaining to distinguish.
  (CE) Row 675 built. 3974 pairs remaining to distinguish.
  (CE) Row 676 built. 3921 pairs remaining to distinguish.
  (CE) Row 677 built. 3865 pairs remaining to distinguish.
  (CE) Row 678 built. 3803 pairs remaining to distinguish.
  (CE) Row 679 built. 3752 pairs remaining to distinguish.
  (CE) Row 680 built. 3702 pairs remaining to distinguish.
  (CE) Row 681 built. 3647 pairs remaining to distinguish.
  (CE) Row 682 built. 3592 pairs remaining to distinguish.
  (CE) Row 683 built. 3536 pairs remaining to distinguish.
  (CE) Row 684 built. 3491 pairs remaining to distinguish.
  (CE) Row 685 built. 3444 pairs remaining to distinguish.
  (CE) Row 686 built. 3393 pairs remaining to distinguish.
  (CE) Row 687 built. 3340 pairs remaining to distinguish.
  (CE) Row 688 built. 3296 pairs remaining to distinguish.
  (CE) Row 689 built. 3249 pairs remaining to distinguish.
  (CE) Row 690 built. 3204 pairs remaining to distinguish.
  (CE) Row 691 built. 3147 pairs remaining to distinguish.
  (CE) Row 692 built. 3095 pairs remaining to distinguish.
  (CE) Row 693 built. 3038 pairs remaining to distinguish.
  (CE) Row 694 built. 2977 pairs remaining to distinguish.
  (CE) Row 695 built. 2904 pairs remaining to distinguish.
  (CE) Row 696 built. 2847 pairs remaining to distinguish.
  (CE) Row 697 built. 2787 pairs remaining to distinguish.
  (CE) Row 698 built. 2724 pairs remaining to distinguish.
  (CE) Row 699 built. 2663 pairs remaining to distinguish.
  (CE) Row 700 built. 2599 pairs remaining to distinguish.
  (CE) Row 701 built. 2532 pairs remaining to distinguish.
  (CE) Row 702 built. 2467 pairs remaining to distinguish.
  (CE) Row 703 built. 2404 pairs remaining to distinguish.
  (CE) Row 704 built. 2344 pairs remaining to distinguish.
  (CE) Row 705 built. 2278 pairs remaining to distinguish.
  (CE) Row 706 built. 2233 pairs remaining to distinguish.
  (CE) Row 707 built. 2166 pairs remaining to distinguish.
  (CE) Row 708 built. 2095 pairs remaining to distinguish.
  (CE) Row 709 built. 2027 pairs remaining to distinguish.
  (CE) Row 710 built. 1987 pairs remaining to distinguish.
  (CE) Row 711 built. 1919 pairs remaining to distinguish.
  (CE) Row 712 built. 1845 pairs remaining to distinguish.
  (CE) Row 713 built. 1768 pairs remaining to distinguish.
  (CE) Row 714 built. 1701 pairs remaining to distinguish.
  (CE) Row 715 built. 1623 pairs remaining to distinguish.
  (CE) Row 716 built. 1537 pairs remaining to distinguish.
  (CE) Row 717 built. 1467 pairs remaining to distinguish.
  (CE) Row 718 built. 1388 pairs remaining to distinguish.
  (CE) Row 719 built. 1307 pairs remaining to distinguish.
  (CE) Row 720 built. 1236 pairs remaining to distinguish.
  (CE) Row 721 built. 1222 pairs remaining to distinguish.
  (CE) Row 722 built. 1207 pairs remaining to distinguish.
  (CE) Row 723 built. 1195 pairs remaining to distinguish.
  (CE) Row 724 built. 1186 pairs remaining to distinguish.
  (CE) Row 725 built. 1176 pairs remaining to distinguish.
  (CE) Row 726 built. 1159 pairs remaining to distinguish.
  (CE) Row 727 built. 1149 pairs remaining to distinguish.
  (CE) Row 728 built. 1136 pairs remaining to distinguish.
  (CE) Row 729 built. 1127 pairs remaining to distinguish.
  (CE) Row 730 built. 1119 pairs remaining to distinguish.
  (CE) Row 731 built. 1111 pairs remaining to distinguish.
  (CE) Row 732 built. 1097 pairs remaining to distinguish.
  (CE) Row 733 built. 1087 pairs remaining to distinguish.
  (CE) Row 734 built. 1079 pairs remaining to distinguish.
  (CE) Row 735 built. 1070 pairs remaining to distinguish.
  (CE) Row 736 built. 1061 pairs remaining to distinguish.
  (CE) Row 737 built. 1053 pairs remaining to distinguish.
  (CE) Row 738 built. 1014 pairs remaining to distinguish.
  (CE) Row 739 built. 1006 pairs remaining to distinguish.
  (CE) Row 740 built. 971 pairs remaining to distinguish.
  (CE) Row 741 built. 937 pairs remaining to distinguish.
  (CE) Row 742 built. 900 pairs remaining to distinguish.
  (CE) Row 743 built. 865 pairs remaining to distinguish.
  (CE) Row 744 built. 830 pairs remaining to distinguish.
  (CE) Row 745 built. 796 pairs remaining to distinguish.
  (CE) Row 746 built. 761 pairs remaining to distinguish.
  (CE) Row 747 built. 728 pairs remaining to distinguish.
  (CE) Row 748 built. 694 pairs remaining to distinguish.
  (CE) Row 749 built. 659 pairs remaining to distinguish.
  (CE) Row 750 built. 625 pairs remaining to distinguish.
  (CE) Row 751 built. 618 pairs remaining to distinguish.
  (CE) Row 752 built. 610 pairs remaining to distinguish.
  (CE) Row 753 built. 603 pairs remaining to distinguish.
  (CE) Row 754 built. 598 pairs remaining to distinguish.
  (CE) Row 755 built. 593 pairs remaining to distinguish.
  (CE) Row 756 built. 586 pairs remaining to distinguish.
  (CE) Row 757 built. 582 pairs remaining to distinguish.
  (CE) Row 758 built. 575 pairs remaining to distinguish.
  (CE) Row 759 built. 570 pairs remaining to distinguish.
  (CE) Row 760 built. 566 pairs remaining to distinguish.
  (CE) Row 761 built. 561 pairs remaining to distinguish.
  (CE) Row 762 built. 554 pairs remaining to distinguish.
  (CE) Row 763 built. 549 pairs remaining to distinguish.
  (CE) Row 764 built. 544 pairs remaining to distinguish.
  (CE) Row 765 built. 539 pairs remaining to distinguish.
  (CE) Row 766 built. 534 pairs remaining to distinguish.
  (CE) Row 767 built. 530 pairs remaining to distinguish.
  (CE) Row 768 built. 502 pairs remaining to distinguish.
  (CE) Row 769 built. 497 pairs remaining to distinguish.
  (CE) Row 770 built. 471 pairs remaining to distinguish.
  (CE) Row 771 built. 446 pairs remaining to distinguish.
  (CE) Row 772 built. 421 pairs remaining to distinguish.
  (CE) Row 773 built. 396 pairs remaining to distinguish.
  (CE) Row 774 built. 371 pairs remaining to distinguish.
  (CE) Row 775 built. 346 pairs remaining to distinguish.
  (CE) Row 776 built. 322 pairs remaining to distinguish.
  (CE) Row 777 built. 298 pairs remaining to distinguish.
  (CE) Row 778 built. 274 pairs remaining to distinguish.
  (CE) Row 779 built. 250 pairs remaining to distinguish.
  (CE) Row 780 built. 226 pairs remaining to distinguish.
  (CE) Row 781 built. 223 pairs remaining to distinguish.
  (CE) Row 782 built. 220 pairs remaining to distinguish.
  (CE) Row 783 built. 217 pairs remaining to distinguish.
  (CE) Row 784 built. 214 pairs remaining to distinguish.
  (CE) Row 785 built. 211 pairs remaining to distinguish.
  (CE) Row 786 built. 208 pairs remaining to distinguish.
  (CE) Row 787 built. 205 pairs remaining to distinguish.
  (CE) Row 788 built. 202 pairs remaining to distinguish.
  (CE) Row 789 built. 199 pairs remaining to distinguish.
  (CE) Row 790 built. 196 pairs remaining to distinguish.
  (CE) Row 791 built. 193 pairs remaining to distinguish.
  (CE) Row 792 built. 190 pairs remaining to distinguish.
  (CE) Row 793 built. 187 pairs remaining to distinguish.
  (CE) Row 794 built. 184 pairs remaining to distinguish.
  (CE) Row 795 built. 180 pairs remaining to distinguish.
  (CE) Row 796 built. 176 pairs remaining to distinguish.
  (CE) Row 797 built. 172 pairs remaining to distinguish.
  (CE) Row 798 built. 168 pairs remaining to distinguish.
  (CE) Row 799 built. 164 pairs remaining to distinguish.
  (CE) Row 800 built. 160 pairs remaining to distinguish.
  (CE) Row 801 built. 156 pairs remaining to distinguish.
  (CE) Row 802 built. 152 pairs remaining to distinguish.
  (CE) Row 803 built. 148 pairs remaining to distinguish.
  (CE) Row 804 built. 144 pairs remaining to distinguish.
  (CE) Row 805 built. 140 pairs remaining to distinguish.
  (CE) Row 806 built. 136 pairs remaining to distinguish.
  (CE) Row 807 built. 132 pairs remaining to distinguish.
  (CE) Row 808 built. 128 pairs remaining to distinguish.
  (CE) Row 809 built. 124 pairs remaining to distinguish.
  (CE) Row 810 built. 120 pairs remaining to distinguish.
  (CE) Row 811 built. 116 pairs remaining to distinguish.
  (CE) Row 812 built. 112 pairs remaining to distinguish.
  (CE) Row 813 built. 108 pairs remaining to distinguish.
  (CE) Row 814 built. 104 pairs remaining to distinguish.
  (CE) Row 815 built. 100 pairs remaining to distinguish.
  (CE) Row 816 built. 96 pairs remaining to distinguish.
  (CE) Row 817 built. 92 pairs remaining to distinguish.
  (CE) Row 818 built. 88 pairs remaining to distinguish.
  (CE) Row 819 built. 84 pairs remaining to distinguish.
  (CE) Row 820 built. 80 pairs remaining to distinguish.
  (CE) Row 821 built. 76 pairs remaining to distinguish.
  (CE) Row 822 built. 72 pairs remaining to distinguish.
  (CE) Row 823 built. 68 pairs remaining to distinguish.
  (CE) Row 824 built. 64 pairs remaining to distinguish.
  (CE) Row 825 built. 60 pairs remaining to distinguish.
  (CE) Row 826 built. 56 pairs remaining to distinguish.
  (CE) Row 827 built. 52 pairs remaining to distinguish.
  (CE) Row 828 built. 48 pairs remaining to distinguish.
  (CE) Row 829 built. 44 pairs remaining to distinguish.
  (CE) Row 830 built. 40 pairs remaining to distinguish.
  (CE) Row 831 built. 36 pairs remaining to distinguish.
  (CE) Row 832 built. 32 pairs remaining to distinguish.
  (CE) Row 833 built. 28 pairs remaining to distinguish.
  (CE) Row 834 built. 24 pairs remaining to distinguish.
  (CE) Row 835 built. 20 pairs remaining to distinguish.
  (CE) Row 836 built. 16 pairs remaining to distinguish.
  (CE) Row 837 built. 12 pairs remaining to distinguish.
  (CE) Row 838 built. 8 pairs remaining to distinguish.
  (CE) Row 839 built. 4 pairs remaining to distinguish.
  (CE) Row 840 built. 0 pairs remaining to distinguish.
--- Pareto Front Solutions ---
Solution 0: N total=840 (N_initial=480, N_added=360), Time total=68700 ms, Saved to: ./results/Make_t3_l4_pareto_0.csv, percents=1, 

