------------d=1, t=3, lambda=1, filename=./evaluation/SPINS/SPINS_3_1.csv------------
Grouping d-sets by partitioned row counts for detecting arrays...
Ready to look at pairs for detecting arrays...
First Stage N=93, Time=44
There are 86346 remaining non-locating pairs
--- Running GA Algorithm (phase2) ---
Running GA with std::execution::par
Generation #0
154,16226,0.001, 0.0970704, 0.133815, 0.193307, 0.314824, 0.330009, 0.392028, 0.397921, 0.422169, 0.783244, 0.803073, 0.930679, 1, 

155,4896,0.001, 0.0141455, 0.0218816, 0.0456565, 0.126535, 0.171676, 0.223503, 0.360442, 0.365705, 0.45636, 0.479251, 0.508095, 0.573131, 0.69156, 0.698453, 0.828251, 0.841254, 0.951562, 1, 

147,25917,0.001, 0.143724, 0.310837, 0.363056, 0.365275, 0.392687, 0.43151, 0.469638, 0.501406, 0.568428, 0.667142, 0.690827, 0.859433, 0.884137, 1, 

153,17893,0.001, 0.111339, 0.16634, 0.218179, 0.237932, 0.243909, 0.310566, 0.348349, 0.429216, 0.494273, 0.528657, 0.68325, 0.768668, 0.809193, 0.945806, 0.950799, 1, 

149,19057,0.001, 0.122935, 0.128216, 0.318649, 0.346728, 0.473954, 0.519334, 0.554591, 0.582126, 0.655495, 0.664966, 0.884001, 0.90597, 1, 

Generation #1
147,25917,0.001, 0.143724, 0.310837, 0.363056, 0.365275, 0.392687, 0.43151, 0.469638, 0.501406, 0.568428, 0.667142, 0.690827, 0.859433, 0.884137, 1, 

149,19057,0.001, 0.122935, 0.128216, 0.318649, 0.346728, 0.473954, 0.519334, 0.554591, 0.582126, 0.655495, 0.664966, 0.884001, 0.90597, 1, 

157,4473,0.001, 0.0219461, 0.0261442, 0.0262016, 0.0663368, 0.100799, 0.164494, 0.217953, 0.230267, 0.239707, 0.475426, 0.477239, 0.511489, 0.606937, 0.940675, 0.948009, 0.954047, 1, 

158,4049,0.001, 0.016831, 0.0528152, 0.0980615, 0.106911, 0.119235, 0.150345, 0.17776, 0.247358, 0.299091, 0.400537, 0.470213, 0.492376, 0.576229, 0.613618, 0.67643, 0.75629, 0.776041, 0.831382, 0.839098, 0.844438, 0.957415, 0.970357, 1, 

151,4801,0.001, 0.0211516, 0.0392133, 0.0765168, 0.109886, 0.119161, 0.216399, 0.246362, 0.302584, 0.635177, 0.648952, 0.726148, 0.943837, 0.951523, 1, 

Generation #2
147,25917,0.001, 0.143724, 0.310837, 0.363056, 0.365275, 0.392687, 0.43151, 0.469638, 0.501406, 0.568428, 0.667142, 0.690827, 0.859433, 0.884137, 1, 

149,19057,0.001, 0.122935, 0.128216, 0.318649, 0.346728, 0.473954, 0.519334, 0.554591, 0.582126, 0.655495, 0.664966, 0.884001, 0.90597, 1, 

151,3872,0.001, 0.016831, 0.0528152, 0.0980615, 0.106911, 0.119235, 0.150345, 0.17776, 0.247358, 0.299091, 0.400537, 0.470213, 0.273057, 0.557304, 0.951523, 1, 

174,3842,0.001, 0.0110509, 0.0391854, 0.0928903, 0.129683, 0.148351, 0.15305, 0.161136, 0.234665, 0.262227, 0.262612, 0.288228, 0.29071, 0.387741, 0.387959, 0.439057, 0.598829, 0.623264, 0.646717, 0.734431, 0.75492, 0.864019, 0.902732, 0.91932, 0.968049, 0.998982, 1, 

Generation #3
147,25917,0.001, 0.143724, 0.310837, 0.363056, 0.365275, 0.392687, 0.43151, 0.469638, 0.501406, 0.568428, 0.667142, 0.690827, 0.859433, 0.884137, 1, 

151,3872,0.001, 0.016831, 0.0528152, 0.0980615, 0.106911, 0.119235, 0.150345, 0.17776, 0.247358, 0.299091, 0.400537, 0.470213, 0.273057, 0.557304, 0.951523, 1, 

148,4640,0.001, 0.0211516, 0.0392133, 0.0765168, 0.109886, 0.119161, 0.216399, 0.246362, 0.302584, 0.288977, 0.290694, 0.361273, 0.361274, 0.884137, 1, 

160,3399,0.001, 0.0141455, 0.0218816, 0.0456565, 0.126535, 0.171676, 0.223503, 0.360442, 0.365705, 0.45636, 0.479251, 0.508095, 0.573131, 0.69156, 0.698453, 0.824837, 0.845754, 0.979017, 0.979755, 1, 

Generation #4
151,3872,0.001, 0.016831, 0.0528152, 0.0980615, 0.106911, 0.119235, 0.150345, 0.17776, 0.247358, 0.299091, 0.400537, 0.470213, 0.273057, 0.557304, 0.951523, 1, 

160,3399,0.001, 0.0141455, 0.0218816, 0.0456565, 0.126535, 0.171676, 0.223503, 0.360442, 0.365705, 0.45636, 0.479251, 0.508095, 0.573131, 0.69156, 0.698453, 0.824837, 0.845754, 0.979017, 0.979755, 1, 

146,4079,0.001, 0.0110509, 0.0391854, 0.0928903, 0.129683, 0.119235, 0.150345, 0.17776, 0.939807, 1, 

153,3544,0.001, 0.0110509, 0.0391854, 0.0928903, 0.129683, 0.148351, 0.15305, 0.161136, 0.234665, 0.262227, 0.262612, 0.361273, 0.361274, 0.455689, 0.522106, 0.532403, 0.55521, 1, 

Generation #5
146,4079,0.001, 0.0110509, 0.0391854, 0.0928903, 0.129683, 0.119235, 0.150345, 0.17776, 0.939807, 1, 

153,3544,0.001, 0.0110509, 0.0391854, 0.0928903, 0.129683, 0.148351, 0.15305, 0.161136, 0.234665, 0.262227, 0.262612, 0.361273, 0.361274, 0.455689, 0.522106, 0.532403, 0.55521, 1, 

149,3774,0.001, 0.0110509, 0.0391854, 0.0928903, 0.129683, 0.171676, 0.360442, 0.724748, 0.810831, 0.849767, 0.870316, 0.901945, 1, 

155,3361,0.001, 0.0110509, 0.0391854, 0.0928903, 0.129683, 0.148351, 0.15305, 0.161136, 0.234665, 0.655495, 0.664966, 0.884001, 0.90597, 1, 

Generation #6
146,4079,0.001, 0.0110509, 0.0391854, 0.0928903, 0.129683, 0.119235, 0.150345, 0.17776, 0.939807, 1, 

149,3774,0.001, 0.0110509, 0.0391854, 0.0928903, 0.129683, 0.171676, 0.360442, 0.724748, 0.810831, 0.849767, 0.870316, 0.901945, 1, 

151,3508,0.001, 0.0141455, 0.0218816, 0.0456565, 0.126535, 0.171676, 0.223503, 0.360442, 0.365705, 0.45636, 0.479251, 0.508095, 0.573131, 0.69156, 0.940675, 0.948009, 0.954047, 1, 

166,3266,0.001, 0.0141455, 0.0218816, 0.0456565, 0.126535, 0.171676, 0.223503, 0.360442, 0.234665, 0.655495, 0.664966, 0.884001, 0.90597, 1, 

144,5048,0.001, 0.016831, 0.0528152, 0.272526, 0.129683, 0.119235, 0.150345, 0.17776, 0.939807, 1, 

152,3297,0.001, 0.0110509, 0.0391854, 0.109886, 0.119161, 0.216399, 0.246362, 0.302584, 0.215567, 0.254165, 0.298254, 0.324787, 0.363879, 0.391268, 0.504137, 0.516423, 1, 

Generation #7
144,5048,0.001, 0.016831, 0.0528152, 0.272526, 0.129683, 0.119235, 0.150345, 0.17776, 0.939807, 1, 

145,3587,0.001, 0.016831, 0.0528152, 0.0980615, 0.129683, 0.128568, 0.182069, 0.201765, 0.215415, 0.376844, 0.419575, 0.255884, 0.681956, 0.730174, 0.790543, 0.948009, 0.954047, 1, 

159,2805,0.001, 0.0110509, 0.0391854, 0.0901148, 0.142215, 0.289892, 0.161182, 0.18951, 0.195469, 0.201938, 0.255494, 0.255884, 0.317208, 0.458089, 0.648283, 0.693314, 0.952596, 1, 

148,3042,0.001, 0.0141455, 0.0218816, 0.0456565, 0.126535, 0.119235, 0.150345, 0.17776, 0.247358, 0.299091, 0.400537, 0.470213, 0.273057, 0.557304, 0.951523, 1, 

Generation #8
159,2805,0.001, 0.0110509, 0.0391854, 0.0901148, 0.142215, 0.289892, 0.161182, 0.18951, 0.195469, 0.201938, 0.255494, 0.255884, 0.317208, 0.458089, 0.648283, 0.693314, 0.952596, 1, 

148,3042,0.001, 0.0141455, 0.0218816, 0.0456565, 0.126535, 0.119235, 0.150345, 0.17776, 0.247358, 0.299091, 0.400537, 0.470213, 0.273057, 0.557304, 0.951523, 1, 

157,2986,0.001, 0.0141455, 0.0218816, 0.0456565, 0.0663368, 0.100799, 0.164494, 0.217953, 0.230267, 0.239707, 0.475426, 0.477239, 0.511489, 0.928802, 0.940675, 0.948009, 0.954047, 1, 

144,3094,0.001, 0.0141455, 0.0218816, 0.0456565, 0.126535, 0.119161, 0.216399, 0.246362, 0.302584, 0.288977, 0.290694, 0.361273, 0.361274, 0.884137, 1, 

Generation #9
148,3042,0.001, 0.0141455, 0.0218816, 0.0456565, 0.126535, 0.119235, 0.150345, 0.17776, 0.247358, 0.299091, 0.400537, 0.470213, 0.273057, 0.557304, 0.951523, 1, 

144,3094,0.001, 0.0141455, 0.0218816, 0.0456565, 0.126535, 0.119161, 0.216399, 0.246362, 0.302584, 0.288977, 0.290694, 0.361273, 0.361274, 0.884137, 1, 

142,3243,0.001, 0.0141455, 0.0218816, 0.0456565, 0.126535, 0.171676, 0.223503, 0.360442, 0.234665, 0.655495, 0.664966, 0.884001, 0.90597, 1, 

156,2665,0.001, 0.0141455, 0.0218816, 0.0456565, 0.129683, 0.119235, 0.150345, 0.17776, 0.230267, 0.239707, 0.475426, 0.477239, 0.511489, 0.928802, 0.940675, 0.948009, 0.954047, 1, 

Generation #10
148,3042,0.001, 0.0141455, 0.0218816, 0.0456565, 0.126535, 0.119235, 0.150345, 0.17776, 0.247358, 0.299091, 0.400537, 0.470213, 0.273057, 0.557304, 0.951523, 1, 

144,3094,0.001, 0.0141455, 0.0218816, 0.0456565, 0.126535, 0.119161, 0.216399, 0.246362, 0.302584, 0.288977, 0.290694, 0.361273, 0.361274, 0.884137, 1, 

142,3243,0.001, 0.0141455, 0.0218816, 0.0456565, 0.126535, 0.171676, 0.223503, 0.360442, 0.234665, 0.655495, 0.664966, 0.884001, 0.90597, 1, 

156,2665,0.001, 0.0141455, 0.0218816, 0.0456565, 0.129683, 0.119235, 0.150345, 0.17776, 0.230267, 0.239707, 0.475426, 0.477239, 0.511489, 0.928802, 0.940675, 0.948009, 0.954047, 1, 

153,3000,0.001, 0.0110509, 0.0218816, 0.0456565, 0.129683, 0.148351, 0.15305, 0.161136, 0.234665, 0.655495, 0.664966, 0.884001, 0.90597, 1, 

Generation #11
144,3094,0.001, 0.0141455, 0.0218816, 0.0456565, 0.126535, 0.119161, 0.216399, 0.246362, 0.302584, 0.288977, 0.290694, 0.361273, 0.361274, 0.884137, 1, 

142,3243,0.001, 0.0141455, 0.0218816, 0.0456565, 0.126535, 0.171676, 0.223503, 0.360442, 0.234665, 0.655495, 0.664966, 0.884001, 0.90597, 1, 

156,2665,0.001, 0.0141455, 0.0218816, 0.0456565, 0.129683, 0.119235, 0.150345, 0.17776, 0.230267, 0.239707, 0.475426, 0.477239, 0.511489, 0.928802, 0.940675, 0.948009, 0.954047, 1, 

153,3000,0.001, 0.0110509, 0.0218816, 0.0456565, 0.129683, 0.148351, 0.15305, 0.161136, 0.234665, 0.655495, 0.664966, 0.884001, 0.90597, 1, 

148,3001,0.001, 0.0141455, 0.0218816, 0.0262016, 0.0663368, 0.100799, 0.150345, 0.17776, 0.939807, 1, 

Generation #12
144,3094,0.001, 0.0141455, 0.0218816, 0.0456565, 0.126535, 0.119161, 0.216399, 0.246362, 0.302584, 0.288977, 0.290694, 0.361273, 0.361274, 0.884137, 1, 

142,3243,0.001, 0.0141455, 0.0218816, 0.0456565, 0.126535, 0.171676, 0.223503, 0.360442, 0.234665, 0.655495, 0.664966, 0.884001, 0.90597, 1, 

156,2665,0.001, 0.0141455, 0.0218816, 0.0456565, 0.129683, 0.119235, 0.150345, 0.17776, 0.230267, 0.239707, 0.475426, 0.477239, 0.511489, 0.928802, 0.940675, 0.948009, 0.954047, 1, 

148,3001,0.001, 0.0141455, 0.0218816, 0.0262016, 0.0663368, 0.100799, 0.150345, 0.17776, 0.939807, 1, 

152,2884,0.001, 0.0110509, 0.0218816, 0.0262016, 0.0663368, 0.100799, 0.150345, 0.17776, 0.939807, 1, 

139,45123,0.001, 0.274349, 0.0141455, 0.0218816, 0.0456565, 0.126535, 0.171676, 0.223503, 0.17776, 0.939807, 1, 

Generation #13
144,3094,0.001, 0.0141455, 0.0218816, 0.0456565, 0.126535, 0.119161, 0.216399, 0.246362, 0.302584, 0.288977, 0.290694, 0.361273, 0.361274, 0.884137, 1, 

142,3243,0.001, 0.0141455, 0.0218816, 0.0456565, 0.126535, 0.171676, 0.223503, 0.360442, 0.234665, 0.655495, 0.664966, 0.884001, 0.90597, 1, 

156,2665,0.001, 0.0141455, 0.0218816, 0.0456565, 0.129683, 0.119235, 0.150345, 0.17776, 0.230267, 0.239707, 0.475426, 0.477239, 0.511489, 0.928802, 0.940675, 0.948009, 0.954047, 1, 

152,2884,0.001, 0.0110509, 0.0218816, 0.0262016, 0.0663368, 0.100799, 0.150345, 0.17776, 0.939807, 1, 

139,45123,0.001, 0.274349, 0.0141455, 0.0218816, 0.0456565, 0.126535, 0.171676, 0.223503, 0.17776, 0.939807, 1, 

148,2942,0.001, 0.0110509, 0.0391854, 0.0901148, 0.0663368, 0.100799, 0.150345, 0.17776, 0.247358, 0.299091, 0.400537, 0.470213, 0.273057, 0.557304, 0.951523, 1, 

Generation #14
144,3094,0.001, 0.0141455, 0.0218816, 0.0456565, 0.126535, 0.119161, 0.216399, 0.246362, 0.302584, 0.288977, 0.290694, 0.361273, 0.361274, 0.884137, 1, 

142,3243,0.001, 0.0141455, 0.0218816, 0.0456565, 0.126535, 0.171676, 0.223503, 0.360442, 0.234665, 0.655495, 0.664966, 0.884001, 0.90597, 1, 

156,2665,0.001, 0.0141455, 0.0218816, 0.0456565, 0.129683, 0.119235, 0.150345, 0.17776, 0.230267, 0.239707, 0.475426, 0.477239, 0.511489, 0.928802, 0.940675, 0.948009, 0.954047, 1, 

139,45123,0.001, 0.274349, 0.0141455, 0.0218816, 0.0456565, 0.126535, 0.171676, 0.223503, 0.17776, 0.939807, 1, 

148,2942,0.001, 0.0110509, 0.0391854, 0.0901148, 0.0663368, 0.100799, 0.150345, 0.17776, 0.247358, 0.299091, 0.400537, 0.470213, 0.273057, 0.557304, 0.951523, 1, 

151,2816,0.001, 0.0141455, 0.0141455, 0.0218816, 0.0456565, 0.119235, 0.150345, 0.17776, 0.247358, 0.299091, 0.298254, 0.363879, 0.391268, 0.504137, 0.516423, 1, 

Generation #15
144,3094,0.001, 0.0141455, 0.0218816, 0.0456565, 0.126535, 0.119161, 0.216399, 0.246362, 0.302584, 0.288977, 0.290694, 0.361273, 0.361274, 0.884137, 1, 

142,3243,0.001, 0.0141455, 0.0218816, 0.0456565, 0.126535, 0.171676, 0.223503, 0.360442, 0.234665, 0.655495, 0.664966, 0.884001, 0.90597, 1, 

139,45123,0.001, 0.274349, 0.0141455, 0.0218816, 0.0456565, 0.126535, 0.171676, 0.223503, 0.17776, 0.939807, 1, 

147,2918,0.001, 0.0141455, 0.0218816, 0.0456565, 0.0663368, 0.100799, 0.164494, 0.217953, 0.230267, 0.239707, 0.475426, 0.477239, 0.273057, 0.557304, 0.951523, 1, 

150,2640,0.001, 0.0110509, 0.0218816, 0.0456565, 0.0456565, 0.119235, 0.150345, 0.17776, 0.247358, 0.299091, 0.298254, 0.363879, 0.391268, 0.504137, 0.516423, 1, 

153,2581,0.001, 0.0110509, 0.0218816, 0.0456565, 0.129683, 0.148351, 0.15305, 0.161136, 0.234665, 0.655495, 0.664966, 0.884001, 0.90597, 1, 

Generation #16
144,3094,0.001, 0.0141455, 0.0218816, 0.0456565, 0.126535, 0.119161, 0.216399, 0.246362, 0.302584, 0.288977, 0.290694, 0.361273, 0.361274, 0.884137, 1, 

142,3243,0.001, 0.0141455, 0.0218816, 0.0456565, 0.126535, 0.171676, 0.223503, 0.360442, 0.234665, 0.655495, 0.664966, 0.884001, 0.90597, 1, 

139,45123,0.001, 0.274349, 0.0141455, 0.0218816, 0.0456565, 0.126535, 0.171676, 0.223503, 0.17776, 0.939807, 1, 

150,2640,0.001, 0.0110509, 0.0218816, 0.0456565, 0.0456565, 0.119235, 0.150345, 0.17776, 0.247358, 0.299091, 0.298254, 0.363879, 0.391268, 0.504137, 0.516423, 1, 

153,2581,0.001, 0.0110509, 0.0218816, 0.0456565, 0.129683, 0.148351, 0.15305, 0.161136, 0.234665, 0.655495, 0.664966, 0.884001, 0.90597, 1, 

145,2966,0.001, 0.0110509, 0.0218816, 0.0456565, 0.129683, 0.148351, 0.15305, 0.161136, 0.939807, 1, 

147,2909,0.001, 0.0141455, 0.0218816, 0.0262016, 0.0663368, 0.100799, 0.164494, 0.217953, 0.230267, 0.288977, 0.290694, 0.361273, 0.361274, 0.884137, 1, 

Generation #17
142,3243,0.001, 0.0141455, 0.0218816, 0.0456565, 0.126535, 0.171676, 0.223503, 0.360442, 0.234665, 0.655495, 0.664966, 0.884001, 0.90597, 1, 

139,45123,0.001, 0.274349, 0.0141455, 0.0218816, 0.0456565, 0.126535, 0.171676, 0.223503, 0.17776, 0.939807, 1, 

150,2640,0.001, 0.0110509, 0.0218816, 0.0456565, 0.0456565, 0.119235, 0.150345, 0.17776, 0.247358, 0.299091, 0.298254, 0.363879, 0.391268, 0.504137, 0.516423, 1, 

153,2581,0.001, 0.0110509, 0.0218816, 0.0456565, 0.129683, 0.148351, 0.15305, 0.161136, 0.234665, 0.655495, 0.664966, 0.884001, 0.90597, 1, 

147,2909,0.001, 0.0141455, 0.0218816, 0.0262016, 0.0663368, 0.100799, 0.164494, 0.217953, 0.230267, 0.288977, 0.290694, 0.361273, 0.361274, 0.884137, 1, 

143,2964,0.001, 0.0110509, 0.0391854, 0.0456565, 0.0663368, 0.100799, 0.15305, 0.223503, 0.385409, 0.17776, 0.939807, 1, 

146,2959,0.001, 0.0141455, 0.0218816, 0.0456565, 0.100799, 0.216399, 0.246362, 0.302584, 0.288977, 0.290694, 0.361273, 0.361274, 0.884137, 1, 

Generation #18
142,3243,0.001, 0.0141455, 0.0218816, 0.0456565, 0.126535, 0.171676, 0.223503, 0.360442, 0.234665, 0.655495, 0.664966, 0.884001, 0.90597, 1, 

139,45123,0.001, 0.274349, 0.0141455, 0.0218816, 0.0456565, 0.126535, 0.171676, 0.223503, 0.17776, 0.939807, 1, 

150,2640,0.001, 0.0110509, 0.0218816, 0.0456565, 0.0456565, 0.119235, 0.150345, 0.17776, 0.247358, 0.299091, 0.298254, 0.363879, 0.391268, 0.504137, 0.516423, 1, 

153,2581,0.001, 0.0110509, 0.0218816, 0.0456565, 0.129683, 0.148351, 0.15305, 0.161136, 0.234665, 0.655495, 0.664966, 0.884001, 0.90597, 1, 

143,2838,0.001, 0.0110509, 0.0262016, 0.0663368, 0.100799, 0.217953, 0.230267, 0.239707, 0.475426, 0.477239, 0.557304, 0.951523, 1, 

Generation #19
142,3243,0.001, 0.0141455, 0.0218816, 0.0456565, 0.126535, 0.171676, 0.223503, 0.360442, 0.234665, 0.655495, 0.664966, 0.884001, 0.90597, 1, 

139,45123,0.001, 0.274349, 0.0141455, 0.0218816, 0.0456565, 0.126535, 0.171676, 0.223503, 0.17776, 0.939807, 1, 

150,2640,0.001, 0.0110509, 0.0218816, 0.0456565, 0.0456565, 0.119235, 0.150345, 0.17776, 0.247358, 0.299091, 0.298254, 0.363879, 0.391268, 0.504137, 0.516423, 1, 

153,2581,0.001, 0.0110509, 0.0218816, 0.0456565, 0.129683, 0.148351, 0.15305, 0.161136, 0.234665, 0.655495, 0.664966, 0.884001, 0.90597, 1, 

143,2838,0.001, 0.0110509, 0.0262016, 0.0663368, 0.100799, 0.217953, 0.230267, 0.239707, 0.475426, 0.477239, 0.557304, 0.951523, 1, 

Generation #20
142,3243,0.001, 0.0141455, 0.0218816, 0.0456565, 0.126535, 0.171676, 0.223503, 0.360442, 0.234665, 0.655495, 0.664966, 0.884001, 0.90597, 1, 

139,45123,0.001, 0.274349, 0.0141455, 0.0218816, 0.0456565, 0.126535, 0.171676, 0.223503, 0.17776, 0.939807, 1, 

150,2640,0.001, 0.0110509, 0.0218816, 0.0456565, 0.0456565, 0.119235, 0.150345, 0.17776, 0.247358, 0.299091, 0.298254, 0.363879, 0.391268, 0.504137, 0.516423, 1, 

153,2581,0.001, 0.0110509, 0.0218816, 0.0456565, 0.129683, 0.148351, 0.15305, 0.161136, 0.234665, 0.655495, 0.664966, 0.884001, 0.90597, 1, 

143,2838,0.001, 0.0110509, 0.0262016, 0.0663368, 0.100799, 0.217953, 0.230267, 0.239707, 0.475426, 0.477239, 0.557304, 0.951523, 1, 

156,2558,0.001, 0.0110509, 0.0218816, 0.0262016, 0.0663368, 0.100799, 0.217953, 0.230267, 0.239707, 0.475426, 0.477239, 0.557304, 0.951523, 1, 

149,2835,0.001, 0.0110509, 0.0391854, 0.0456565, 0.0456565, 0.119235, 0.150345, 0.17776, 0.247358, 0.299091, 0.298254, 0.363879, 0.391268, 0.504137, 0.516423, 1, 

Generation #21
142,3243,0.001, 0.0141455, 0.0218816, 0.0456565, 0.126535, 0.171676, 0.223503, 0.360442, 0.234665, 0.655495, 0.664966, 0.884001, 0.90597, 1, 

139,45123,0.001, 0.274349, 0.0141455, 0.0218816, 0.0456565, 0.126535, 0.171676, 0.223503, 0.17776, 0.939807, 1, 

150,2640,0.001, 0.0110509, 0.0218816, 0.0456565, 0.0456565, 0.119235, 0.150345, 0.17776, 0.247358, 0.299091, 0.298254, 0.363879, 0.391268, 0.504137, 0.516423, 1, 

153,2581,0.001, 0.0110509, 0.0218816, 0.0456565, 0.129683, 0.148351, 0.15305, 0.161136, 0.234665, 0.655495, 0.664966, 0.884001, 0.90597, 1, 

143,2838,0.001, 0.0110509, 0.0262016, 0.0663368, 0.100799, 0.217953, 0.230267, 0.239707, 0.475426, 0.477239, 0.557304, 0.951523, 1, 

156,2558,0.001, 0.0110509, 0.0218816, 0.0262016, 0.0663368, 0.100799, 0.217953, 0.230267, 0.239707, 0.475426, 0.477239, 0.557304, 0.951523, 1, 

149,2835,0.001, 0.0110509, 0.0391854, 0.0456565, 0.0456565, 0.119235, 0.150345, 0.17776, 0.247358, 0.299091, 0.298254, 0.363879, 0.391268, 0.504137, 0.516423, 1, 

Generation #22
139,45123,0.001, 0.274349, 0.0141455, 0.0218816, 0.0456565, 0.126535, 0.171676, 0.223503, 0.17776, 0.939807, 1, 

150,2640,0.001, 0.0110509, 0.0218816, 0.0456565, 0.0456565, 0.119235, 0.150345, 0.17776, 0.247358, 0.299091, 0.298254, 0.363879, 0.391268, 0.504137, 0.516423, 1, 

153,2581,0.001, 0.0110509, 0.0218816, 0.0456565, 0.129683, 0.148351, 0.15305, 0.161136, 0.234665, 0.655495, 0.664966, 0.884001, 0.90597, 1, 

156,2558,0.001, 0.0110509, 0.0218816, 0.0262016, 0.0663368, 0.100799, 0.217953, 0.230267, 0.239707, 0.475426, 0.477239, 0.557304, 0.951523, 1, 

142,2766,0.001, 0.0141455, 0.0218816, 0.0456565, 0.126535, 0.171676, 0.223503, 0.360442, 0.234665, 0.655495, 0.664966, 0.361273, 0.361274, 0.884137, 1, 

Generation #23
139,45123,0.001, 0.274349, 0.0141455, 0.0218816, 0.0456565, 0.126535, 0.171676, 0.223503, 0.17776, 0.939807, 1, 

150,2640,0.001, 0.0110509, 0.0218816, 0.0456565, 0.0456565, 0.119235, 0.150345, 0.17776, 0.247358, 0.299091, 0.298254, 0.363879, 0.391268, 0.504137, 0.516423, 1, 

153,2581,0.001, 0.0110509, 0.0218816, 0.0456565, 0.129683, 0.148351, 0.15305, 0.161136, 0.234665, 0.655495, 0.664966, 0.884001, 0.90597, 1, 

156,2558,0.001, 0.0110509, 0.0218816, 0.0262016, 0.0663368, 0.100799, 0.217953, 0.230267, 0.239707, 0.475426, 0.477239, 0.557304, 0.951523, 1, 

142,2766,0.001, 0.0141455, 0.0218816, 0.0456565, 0.126535, 0.171676, 0.223503, 0.360442, 0.234665, 0.655495, 0.664966, 0.361273, 0.361274, 0.884137, 1, 

Generation #24
139,45123,0.001, 0.274349, 0.0141455, 0.0218816, 0.0456565, 0.126535, 0.171676, 0.223503, 0.17776, 0.939807, 1, 

153,2581,0.001, 0.0110509, 0.0218816, 0.0456565, 0.129683, 0.148351, 0.15305, 0.161136, 0.234665, 0.655495, 0.664966, 0.884001, 0.90597, 1, 

156,2558,0.001, 0.0110509, 0.0218816, 0.0262016, 0.0663368, 0.100799, 0.217953, 0.230267, 0.239707, 0.475426, 0.477239, 0.557304, 0.951523, 1, 

142,2766,0.001, 0.0141455, 0.0218816, 0.0456565, 0.126535, 0.171676, 0.223503, 0.360442, 0.234665, 0.655495, 0.664966, 0.361273, 0.361274, 0.884137, 1, 

147,2604,0.001, 0.0110509, 0.0141455, 0.0218816, 0.0456565, 0.119235, 0.150345, 0.17776, 0.247358, 0.299091, 0.298254, 0.363879, 0.504137, 0.504137, 0.516423, 1, 

Generation #25
139,45123,0.001, 0.274349, 0.0141455, 0.0218816, 0.0456565, 0.126535, 0.171676, 0.223503, 0.17776, 0.939807, 1, 

142,2766,0.001, 0.0141455, 0.0218816, 0.0456565, 0.126535, 0.171676, 0.223503, 0.360442, 0.234665, 0.655495, 0.664966, 0.361273, 0.361274, 0.884137, 1, 

147,2604,0.001, 0.0110509, 0.0141455, 0.0218816, 0.0456565, 0.119235, 0.150345, 0.17776, 0.247358, 0.299091, 0.298254, 0.363879, 0.504137, 0.504137, 0.516423, 1, 

153,2367,0.001, 0.0110509, 0.0141455, 0.0218816, 0.0456565, 0.119235, 0.150345, 0.17776, 0.247358, 0.299091, 0.298254, 0.363879, 0.504137, 1, 

156,2277,0.001, 0.0110509, 0.0218816, 0.0262016, 0.0663368, 0.119235, 0.150345, 0.17776, 0.247358, 0.299091, 0.298254, 0.363879, 0.391268, 0.504137, 0.516423, 1, 

Generation #26
139,45123,0.001, 0.274349, 0.0141455, 0.0218816, 0.0456565, 0.126535, 0.171676, 0.223503, 0.17776, 0.939807, 1, 

142,2766,0.001, 0.0141455, 0.0218816, 0.0456565, 0.126535, 0.171676, 0.223503, 0.360442, 0.234665, 0.655495, 0.664966, 0.361273, 0.361274, 0.884137, 1, 

147,2604,0.001, 0.0110509, 0.0141455, 0.0218816, 0.0456565, 0.119235, 0.150345, 0.17776, 0.247358, 0.299091, 0.298254, 0.363879, 0.504137, 0.504137, 0.516423, 1, 

153,2367,0.001, 0.0110509, 0.0141455, 0.0218816, 0.0456565, 0.119235, 0.150345, 0.17776, 0.247358, 0.299091, 0.298254, 0.363879, 0.504137, 1, 

156,2277,0.001, 0.0110509, 0.0218816, 0.0262016, 0.0663368, 0.119235, 0.150345, 0.17776, 0.247358, 0.299091, 0.298254, 0.363879, 0.391268, 0.504137, 0.516423, 1, 

149,2561,0.001, 0.0110509, 0.0218816, 0.0456565, 0.0663368, 0.100799, 0.164494, 0.217953, 0.230267, 0.288977, 0.290694, 0.361273, 0.361274, 0.557304, 0.951523, 1, 

Generation #27
139,45123,0.001, 0.274349, 0.0141455, 0.0218816, 0.0456565, 0.126535, 0.171676, 0.223503, 0.17776, 0.939807, 1, 

142,2766,0.001, 0.0141455, 0.0218816, 0.0456565, 0.126535, 0.171676, 0.223503, 0.360442, 0.234665, 0.655495, 0.664966, 0.361273, 0.361274, 0.884137, 1, 

147,2604,0.001, 0.0110509, 0.0141455, 0.0218816, 0.0456565, 0.119235, 0.150345, 0.17776, 0.247358, 0.299091, 0.298254, 0.363879, 0.504137, 0.504137, 0.516423, 1, 

153,2367,0.001, 0.0110509, 0.0141455, 0.0218816, 0.0456565, 0.119235, 0.150345, 0.17776, 0.247358, 0.299091, 0.298254, 0.363879, 0.504137, 1, 

156,2277,0.001, 0.0110509, 0.0218816, 0.0262016, 0.0663368, 0.119235, 0.150345, 0.17776, 0.247358, 0.299091, 0.298254, 0.363879, 0.391268, 0.504137, 0.516423, 1, 

149,2561,0.001, 0.0110509, 0.0218816, 0.0456565, 0.0663368, 0.100799, 0.164494, 0.217953, 0.230267, 0.288977, 0.290694, 0.361273, 0.361274, 0.557304, 0.951523, 1, 

151,2503,0.001, 0.0110509, 0.0141455, 0.0218816, 0.0456565, 0.119235, 0.150345, 0.17776, 0.247358, 0.299091, 0.298254, 0.363879, 1, 

Generation #28
139,45123,0.001, 0.274349, 0.0141455, 0.0218816, 0.0456565, 0.126535, 0.171676, 0.223503, 0.17776, 0.939807, 1, 

142,2766,0.001, 0.0141455, 0.0218816, 0.0456565, 0.126535, 0.171676, 0.223503, 0.360442, 0.234665, 0.655495, 0.664966, 0.361273, 0.361274, 0.884137, 1, 

147,2604,0.001, 0.0110509, 0.0141455, 0.0218816, 0.0456565, 0.119235, 0.150345, 0.17776, 0.247358, 0.299091, 0.298254, 0.363879, 0.504137, 0.504137, 0.516423, 1, 

153,2367,0.001, 0.0110509, 0.0141455, 0.0218816, 0.0456565, 0.119235, 0.150345, 0.17776, 0.247358, 0.299091, 0.298254, 0.363879, 0.504137, 1, 

156,2277,0.001, 0.0110509, 0.0218816, 0.0262016, 0.0663368, 0.119235, 0.150345, 0.17776, 0.247358, 0.299091, 0.298254, 0.363879, 0.391268, 0.504137, 0.516423, 1, 

149,2561,0.001, 0.0110509, 0.0218816, 0.0456565, 0.0663368, 0.100799, 0.164494, 0.217953, 0.230267, 0.288977, 0.290694, 0.361273, 0.361274, 0.557304, 0.951523, 1, 

151,2503,0.001, 0.0110509, 0.0141455, 0.0218816, 0.0456565, 0.119235, 0.150345, 0.17776, 0.247358, 0.299091, 0.298254, 0.363879, 1, 

154,2365,0.001, 0.0110509, 0.0141455, 0.0218816, 0.0456565, 0.119235, 0.150345, 0.17776, 0.247358, 0.299091, 0.298254, 0.363879, 0.504137, 1, 

Generation #29
139,45123,0.001, 0.274349, 0.0141455, 0.0218816, 0.0456565, 0.126535, 0.171676, 0.223503, 0.17776, 0.939807, 1, 

142,2766,0.001, 0.0141455, 0.0218816, 0.0456565, 0.126535, 0.171676, 0.223503, 0.360442, 0.234665, 0.655495, 0.664966, 0.361273, 0.361274, 0.884137, 1, 

147,2604,0.001, 0.0110509, 0.0141455, 0.0218816, 0.0456565, 0.119235, 0.150345, 0.17776, 0.247358, 0.299091, 0.298254, 0.363879, 0.504137, 0.504137, 0.516423, 1, 

153,2367,0.001, 0.0110509, 0.0141455, 0.0218816, 0.0456565, 0.119235, 0.150345, 0.17776, 0.247358, 0.299091, 0.298254, 0.363879, 0.504137, 1, 

156,2277,0.001, 0.0110509, 0.0218816, 0.0262016, 0.0663368, 0.119235, 0.150345, 0.17776, 0.247358, 0.299091, 0.298254, 0.363879, 0.391268, 0.504137, 0.516423, 1, 

149,2561,0.001, 0.0110509, 0.0218816, 0.0456565, 0.0663368, 0.100799, 0.164494, 0.217953, 0.230267, 0.288977, 0.290694, 0.361273, 0.361274, 0.557304, 0.951523, 1, 

151,2503,0.001, 0.0110509, 0.0141455, 0.0218816, 0.0456565, 0.119235, 0.150345, 0.17776, 0.247358, 0.299091, 0.298254, 0.363879, 1, 

154,2365,0.001, 0.0110509, 0.0141455, 0.0218816, 0.0456565, 0.119235, 0.150345, 0.17776, 0.247358, 0.299091, 0.298254, 0.363879, 0.504137, 1, 

Generation #30
139,45123,0.001, 0.274349, 0.0141455, 0.0218816, 0.0456565, 0.126535, 0.171676, 0.223503, 0.17776, 0.939807, 1, 

142,2766,0.001, 0.0141455, 0.0218816, 0.0456565, 0.126535, 0.171676, 0.223503, 0.360442, 0.234665, 0.655495, 0.664966, 0.361273, 0.361274, 0.884137, 1, 

147,2604,0.001, 0.0110509, 0.0141455, 0.0218816, 0.0456565, 0.119235, 0.150345, 0.17776, 0.247358, 0.299091, 0.298254, 0.363879, 0.504137, 0.504137, 0.516423, 1, 

153,2367,0.001, 0.0110509, 0.0141455, 0.0218816, 0.0456565, 0.119235, 0.150345, 0.17776, 0.247358, 0.299091, 0.298254, 0.363879, 0.504137, 1, 

156,2277,0.001, 0.0110509, 0.0218816, 0.0262016, 0.0663368, 0.119235, 0.150345, 0.17776, 0.247358, 0.299091, 0.298254, 0.363879, 0.391268, 0.504137, 0.516423, 1, 

149,2561,0.001, 0.0110509, 0.0218816, 0.0456565, 0.0663368, 0.100799, 0.164494, 0.217953, 0.230267, 0.288977, 0.290694, 0.361273, 0.361274, 0.557304, 0.951523, 1, 

151,2503,0.001, 0.0110509, 0.0141455, 0.0218816, 0.0456565, 0.119235, 0.150345, 0.17776, 0.247358, 0.299091, 0.298254, 0.363879, 1, 

154,2365,0.001, 0.0110509, 0.0141455, 0.0218816, 0.0456565, 0.119235, 0.150345, 0.17776, 0.247358, 0.299091, 0.298254, 0.363879, 0.504137, 1, 

146,2641,0.001, 0.0110509, 0.0218816, 0.0456565, 0.129683, 0.148351, 0.150345, 0.17776, 0.247358, 0.299091, 0.298254, 0.363879, 0.391268, 0.504137, 1, 
