------------d=1, t=3, lambda=1, filename=./evaluation/SPINS/SPINS_3_1.csv------------
Grouping d-sets by partitioned row counts for detecting arrays...
Ready to look at pairs for detecting arrays...
First Stage N=93, Time=41
There are 86346 remaining non-locating pairs
--- Running Conditional Expectation Algorithm (phase2_ce) for Locating ---
  (CE) Initial N_target calculated as: 420 (M=93)
  (CE) Row 94 built. 79896 pairs remaining to distinguish.
  (CE) Row 95 built. 73156 pairs remaining to distinguish.
  (CE) Row 96 built. 68036 pairs remaining to distinguish.
  (CE) Row 97 built. 64115 pairs remaining to distinguish.
  (CE) Row 98 built. 58889 pairs remaining to distinguish.
  (CE) Row 99 built. 54353 pairs remaining to distinguish.
  (CE) Row 100 built. 51637 pairs remaining to distinguish.
  (CE) Row 101 built. 46889 pairs remaining to distinguish.
  (CE) Row 102 built. 43244 pairs remaining to distinguish.
  (CE) Row 103 built. 39879 pairs remaining to distinguish.
  (CE) Row 104 built. 37302 pairs remaining to distinguish.
  (CE) Row 105 built. 34679 pairs remaining to distinguish.
  (CE) Row 106 built. 31536 pairs remaining to distinguish.
  (CE) Row 107 built. 29139 pairs remaining to distinguish.
  (CE) Row 108 built. 27516 pairs remaining to distinguish.
  (CE) Row 109 built. 25568 pairs remaining to distinguish.
  (CE) Row 110 built. 23938 pairs remaining to distinguish.
  (CE) Row 111 built. 22385 pairs remaining to distinguish.
  (CE) Row 112 built. 20744 pairs remaining to distinguish.
  (CE) Row 113 built. 19602 pairs remaining to distinguish.
  (CE) Row 114 built. 18056 pairs remaining to distinguish.
  (CE) Row 115 built. 17012 pairs remaining to distinguish.
  (CE) Row 116 built. 15857 pairs remaining to distinguish.
  (CE) Row 117 built. 14844 pairs remaining to distinguish.
  (CE) Row 118 built. 13784 pairs remaining to distinguish.
  (CE) Row 119 built. 12910 pairs remaining to distinguish.
  (CE) Row 120 built. 11866 pairs remaining to distinguish.
  (CE) Row 121 built. 11173 pairs remaining to distinguish.
  (CE) Row 122 built. 10469 pairs remaining to distinguish.
  (CE) Row 123 built. 9510 pairs remaining to distinguish.
  (CE) Row 124 built. 8897 pairs remaining to distinguish.
  (CE) Row 125 built. 8331 pairs remaining to distinguish.
  (CE) Row 126 built. 7776 pairs remaining to distinguish.
  (CE) Row 127 built. 7396 pairs remaining to distinguish.
  (CE) Row 128 built. 6807 pairs remaining to distinguish.
  (CE) Row 129 built. 6340 pairs remaining to distinguish.
  (CE) Row 130 built. 5932 pairs remaining to distinguish.
  (CE) Row 131 built. 5492 pairs remaining to distinguish.
  (CE) Row 132 built. 5168 pairs remaining to distinguish.
  (CE) Row 133 built. 4770 pairs remaining to distinguish.
  (CE) Row 134 built. 4434 pairs remaining to distinguish.
  (CE) Row 135 built. 4110 pairs remaining to distinguish.
  (CE) Row 136 built. 3874 pairs remaining to distinguish.
  (CE) Row 137 built. 3563 pairs remaining to distinguish.
  (CE) Row 138 built. 3339 pairs remaining to distinguish.
  (CE) Row 139 built. 3142 pairs remaining to distinguish.
  (CE) Row 140 built. 2995 pairs remaining to distinguish.
  (CE) Row 141 built. 2782 pairs remaining to distinguish.
  (CE) Row 142 built. 2538 pairs remaining to distinguish.
  (CE) Row 143 built. 2396 pairs remaining to distinguish.
  (CE) Row 144 built. 2247 pairs remaining to distinguish.
  (CE) Row 145 built. 2067 pairs remaining to distinguish.
  (CE) Row 146 built. 1949 pairs remaining to distinguish.
  (CE) Row 147 built. 1792 pairs remaining to distinguish.
  (CE) Row 148 built. 1601 pairs remaining to distinguish.
  (CE) Row 149 built. 1533 pairs remaining to distinguish.
  (CE) Row 150 built. 1433 pairs remaining to distinguish.
  (CE) Row 151 built. 1352 pairs remaining to distinguish.
  (CE) Row 152 built. 1294 pairs remaining to distinguish.
  (CE) Row 153 built. 1199 pairs remaining to distinguish.
  (CE) Row 154 built. 1102 pairs remaining to distinguish.
  (CE) Row 155 built. 1062 pairs remaining to distinguish.
  (CE) Row 156 built. 996 pairs remaining to distinguish.
  (CE) Row 157 built. 928 pairs remaining to distinguish.
  (CE) Row 158 built. 856 pairs remaining to distinguish.
  (CE) Row 159 built. 812 pairs remaining to distinguish.
  (CE) Row 160 built. 761 pairs remaining to distinguish.
  (CE) Row 161 built. 698 pairs remaining to distinguish.
  (CE) Row 162 built. 653 pairs remaining to distinguish.
  (CE) Row 163 built. 596 pairs remaining to distinguish.
  (CE) Row 164 built. 547 pairs remaining to distinguish.
  (CE) Row 165 built. 499 pairs remaining to distinguish.
  (CE) Row 166 built. 464 pairs remaining to distinguish.
  (CE) Row 167 built. 435 pairs remaining to distinguish.
  (CE) Row 168 built. 404 pairs remaining to distinguish.
  (CE) Row 169 built. 372 pairs remaining to distinguish.
  (CE) Row 170 built. 360 pairs remaining to distinguish.
  (CE) Row 171 built. 320 pairs remaining to distinguish.
  (CE) Row 172 built. 302 pairs remaining to distinguish.
  (CE) Row 173 built. 283 pairs remaining to distinguish.
  (CE) Row 174 built. 252 pairs remaining to distinguish.
  (CE) Row 175 built. 232 pairs remaining to distinguish.
  (CE) Row 176 built. 213 pairs remaining to distinguish.
  (CE) Row 177 built. 187 pairs remaining to distinguish.
  (CE) Row 178 built. 174 pairs remaining to distinguish.
  (CE) Row 179 built. 165 pairs remaining to distinguish.
  (CE) Row 180 built. 157 pairs remaining to distinguish.
  (CE) Row 181 built. 137 pairs remaining to distinguish.
  (CE) Row 182 built. 123 pairs remaining to distinguish.
  (CE) Row 183 built. 107 pairs remaining to distinguish.
  (CE) Row 184 built. 95 pairs remaining to distinguish.
  (CE) Row 185 built. 82 pairs remaining to distinguish.
  (CE) Row 186 built. 72 pairs remaining to distinguish.
  (CE) Row 187 built. 65 pairs remaining to distinguish.
  (CE) Row 188 built. 57 pairs remaining to distinguish.
  (CE) Row 189 built. 42 pairs remaining to distinguish.
  (CE) Row 190 built. 38 pairs remaining to distinguish.
  (CE) Row 191 built. 33 pairs remaining to distinguish.
  (CE) Row 192 built. 28 pairs remaining to distinguish.
  (CE) Row 193 built. 20 pairs remaining to distinguish.
  (CE) Row 194 built. 15 pairs remaining to distinguish.
  (CE) Row 195 built. 12 pairs remaining to distinguish.
  (CE) Row 196 built. 9 pairs remaining to distinguish.
  (CE) Row 197 built. 6 pairs remaining to distinguish.
  (CE) Row 198 built. 4 pairs remaining to distinguish.
  (CE) Row 199 built. 3 pairs remaining to distinguish.
  (CE) Row 200 built. 1 pairs remaining to distinguish.
  (CE) Row 201 built. 0 pairs remaining to distinguish.
--- Pareto Front Solutions ---
Solution 0: N total=201 (N_initial=93, N_added=108), Time total=50155 ms, Saved to: ./results/SPINS_t3_l1_pareto_0.csv, percents=1, 

------------d=1, t=3, lambda=2, filename=./evaluation/SPINS/SPINS_3_2.csv------------
Grouping d-sets by partitioned row counts for detecting arrays...
Ready to look at pairs for detecting arrays...
First Stage N=129, Time=28
There are 41438 remaining non-locating pairs
--- Running Conditional Expectation Algorithm (phase2_ce) for Locating ---
  (CE) Initial N_target calculated as: 556 (M=129)
  (CE) Row 130 built. 41438 pairs remaining to distinguish.
  (CE) Row 131 built. 40882 pairs remaining to distinguish.
  (CE) Row 132 built. 39916 pairs remaining to distinguish.
  (CE) Row 133 built. 39748 pairs remaining to distinguish.
  (CE) Row 134 built. 39556 pairs remaining to distinguish.
  (CE) Row 135 built. 38594 pairs remaining to distinguish.
  (CE) Row 136 built. 37923 pairs remaining to distinguish.
  (CE) Row 137 built. 37369 pairs remaining to distinguish.
  (CE) Row 138 built. 36562 pairs remaining to distinguish.
  (CE) Row 139 built. 35280 pairs remaining to distinguish.
  (CE) Row 140 built. 34719 pairs remaining to distinguish.
  (CE) Row 141 built. 34456 pairs remaining to distinguish.
  (CE) Row 142 built. 33689 pairs remaining to distinguish.
  (CE) Row 143 built. 32354 pairs remaining to distinguish.
  (CE) Row 144 built. 31625 pairs remaining to distinguish.
  (CE) Row 145 built. 31089 pairs remaining to distinguish.
  (CE) Row 146 built. 30091 pairs remaining to distinguish.
  (CE) Row 147 built. 29305 pairs remaining to distinguish.
  (CE) Row 148 built. 28076 pairs remaining to distinguish.
  (CE) Row 149 built. 27450 pairs remaining to distinguish.
  (CE) Row 150 built. 26514 pairs remaining to distinguish.
  (CE) Row 151 built. 25630 pairs remaining to distinguish.
  (CE) Row 152 built. 24782 pairs remaining to distinguish.
  (CE) Row 153 built. 24053 pairs remaining to distinguish.
  (CE) Row 154 built. 23012 pairs remaining to distinguish.
  (CE) Row 155 built. 22191 pairs remaining to distinguish.
  (CE) Row 156 built. 21527 pairs remaining to distinguish.
  (CE) Row 157 built. 20884 pairs remaining to distinguish.
  (CE) Row 158 built. 20003 pairs remaining to distinguish.
  (CE) Row 159 built. 19390 pairs remaining to distinguish.
  (CE) Row 160 built. 18717 pairs remaining to distinguish.
  (CE) Row 161 built. 18026 pairs remaining to distinguish.
  (CE) Row 162 built. 17256 pairs remaining to distinguish.
  (CE) Row 163 built. 16525 pairs remaining to distinguish.
  (CE) Row 164 built. 15830 pairs remaining to distinguish.
  (CE) Row 165 built. 15289 pairs remaining to distinguish.
  (CE) Row 166 built. 14729 pairs remaining to distinguish.
  (CE) Row 167 built. 14235 pairs remaining to distinguish.
  (CE) Row 168 built. 13727 pairs remaining to distinguish.
  (CE) Row 169 built. 13206 pairs remaining to distinguish.
  (CE) Row 170 built. 12666 pairs remaining to distinguish.
  (CE) Row 171 built. 12219 pairs remaining to distinguish.
  (CE) Row 172 built. 11727 pairs remaining to distinguish.
  (CE) Row 173 built. 11316 pairs remaining to distinguish.
  (CE) Row 174 built. 11019 pairs remaining to distinguish.
  (CE) Row 175 built. 10496 pairs remaining to distinguish.
  (CE) Row 176 built. 10023 pairs remaining to distinguish.
  (CE) Row 177 built. 9664 pairs remaining to distinguish.
  (CE) Row 178 built. 9287 pairs remaining to distinguish.
  (CE) Row 179 built. 8992 pairs remaining to distinguish.
  (CE) Row 180 built. 8544 pairs remaining to distinguish.
  (CE) Row 181 built. 8199 pairs remaining to distinguish.
  (CE) Row 182 built. 7876 pairs remaining to distinguish.
  (CE) Row 183 built. 7593 pairs remaining to distinguish.
  (CE) Row 184 built. 7251 pairs remaining to distinguish.
  (CE) Row 185 built. 6900 pairs remaining to distinguish.
  (CE) Row 186 built. 6664 pairs remaining to distinguish.
  (CE) Row 187 built. 6393 pairs remaining to distinguish.
  (CE) Row 188 built. 6135 pairs remaining to distinguish.
  (CE) Row 189 built. 5877 pairs remaining to distinguish.
  (CE) Row 190 built. 5635 pairs remaining to distinguish.
  (CE) Row 191 built. 5354 pairs remaining to distinguish.
  (CE) Row 192 built. 5175 pairs remaining to distinguish.
  (CE) Row 193 built. 4848 pairs remaining to distinguish.
  (CE) Row 194 built. 4676 pairs remaining to distinguish.
  (CE) Row 195 built. 4481 pairs remaining to distinguish.
  (CE) Row 196 built. 4305 pairs remaining to distinguish.
  (CE) Row 197 built. 4029 pairs remaining to distinguish.
  (CE) Row 198 built. 3861 pairs remaining to distinguish.
  (CE) Row 199 built. 3691 pairs remaining to distinguish.
  (CE) Row 200 built. 3512 pairs remaining to distinguish.
  (CE) Row 201 built. 3347 pairs remaining to distinguish.
  (CE) Row 202 built. 3225 pairs remaining to distinguish.
  (CE) Row 203 built. 3091 pairs remaining to distinguish.
  (CE) Row 204 built. 2957 pairs remaining to distinguish.
  (CE) Row 205 built. 2816 pairs remaining to distinguish.
  (CE) Row 206 built. 2648 pairs remaining to distinguish.
  (CE) Row 207 built. 2496 pairs remaining to distinguish.
  (CE) Row 208 built. 2371 pairs remaining to distinguish.
  (CE) Row 209 built. 2264 pairs remaining to distinguish.
  (CE) Row 210 built. 2118 pairs remaining to distinguish.
  (CE) Row 211 built. 1969 pairs remaining to distinguish.
  (CE) Row 212 built. 1871 pairs remaining to distinguish.
  (CE) Row 213 built. 1742 pairs remaining to distinguish.
  (CE) Row 214 built. 1680 pairs remaining to distinguish.
  (CE) Row 215 built. 1606 pairs remaining to distinguish.
  (CE) Row 216 built. 1557 pairs remaining to distinguish.
  (CE) Row 217 built. 1490 pairs remaining to distinguish.
  (CE) Row 218 built. 1402 pairs remaining to distinguish.
  (CE) Row 219 built. 1350 pairs remaining to distinguish.
  (CE) Row 220 built. 1284 pairs remaining to distinguish.
  (CE) Row 221 built. 1242 pairs remaining to distinguish.
  (CE) Row 222 built. 1161 pairs remaining to distinguish.
  (CE) Row 223 built. 1109 pairs remaining to distinguish.
  (CE) Row 224 built. 1062 pairs remaining to distinguish.
  (CE) Row 225 built. 1023 pairs remaining to distinguish.
  (CE) Row 226 built. 963 pairs remaining to distinguish.
  (CE) Row 227 built. 920 pairs remaining to distinguish.
  (CE) Row 228 built. 883 pairs remaining to distinguish.
  (CE) Row 229 built. 828 pairs remaining to distinguish.
  (CE) Row 230 built. 780 pairs remaining to distinguish.
  (CE) Row 231 built. 732 pairs remaining to distinguish.
  (CE) Row 232 built. 687 pairs remaining to distinguish.
  (CE) Row 233 built. 648 pairs remaining to distinguish.
  (CE) Row 234 built. 622 pairs remaining to distinguish.
  (CE) Row 235 built. 594 pairs remaining to distinguish.
  (CE) Row 236 built. 559 pairs remaining to distinguish.
  (CE) Row 237 built. 522 pairs remaining to distinguish.
  (CE) Row 238 built. 493 pairs remaining to distinguish.
  (CE) Row 239 built. 458 pairs remaining to distinguish.
  (CE) Row 240 built. 431 pairs remaining to distinguish.
  (CE) Row 241 built. 405 pairs remaining to distinguish.
  (CE) Row 242 built. 383 pairs remaining to distinguish.
  (CE) Row 243 built. 362 pairs remaining to distinguish.
  (CE) Row 244 built. 336 pairs remaining to distinguish.
  (CE) Row 245 built. 317 pairs remaining to distinguish.
  (CE) Row 246 built. 294 pairs remaining to distinguish.
  (CE) Row 247 built. 277 pairs remaining to distinguish.
  (CE) Row 248 built. 247 pairs remaining to distinguish.
  (CE) Row 249 built. 226 pairs remaining to distinguish.
  (CE) Row 250 built. 209 pairs remaining to distinguish.
  (CE) Row 251 built. 191 pairs remaining to distinguish.
  (CE) Row 252 built. 182 pairs remaining to distinguish.
  (CE) Row 253 built. 173 pairs remaining to distinguish.
  (CE) Row 254 built. 163 pairs remaining to distinguish.
  (CE) Row 255 built. 149 pairs remaining to distinguish.
  (CE) Row 256 built. 141 pairs remaining to distinguish.
  (CE) Row 257 built. 126 pairs remaining to distinguish.
  (CE) Row 258 built. 118 pairs remaining to distinguish.
  (CE) Row 259 built. 108 pairs remaining to distinguish.
  (CE) Row 260 built. 94 pairs remaining to distinguish.
  (CE) Row 261 built. 85 pairs remaining to distinguish.
  (CE) Row 262 built. 71 pairs remaining to distinguish.
  (CE) Row 263 built. 69 pairs remaining to distinguish.
  (CE) Row 264 built. 62 pairs remaining to distinguish.
  (CE) Row 265 built. 54 pairs remaining to distinguish.
  (CE) Row 266 built. 50 pairs remaining to distinguish.
  (CE) Row 267 built. 42 pairs remaining to distinguish.
  (CE) Row 268 built. 40 pairs remaining to distinguish.
  (CE) Row 269 built. 32 pairs remaining to distinguish.
  (CE) Row 270 built. 26 pairs remaining to distinguish.
  (CE) Row 271 built. 20 pairs remaining to distinguish.
  (CE) Row 272 built. 16 pairs remaining to distinguish.
  (CE) Row 273 built. 11 pairs remaining to distinguish.
  (CE) Row 274 built. 7 pairs remaining to distinguish.
  (CE) Row 275 built. 6 pairs remaining to distinguish.
  (CE) Row 276 built. 5 pairs remaining to distinguish.
  (CE) Row 277 built. 4 pairs remaining to distinguish.
  (CE) Row 278 built. 3 pairs remaining to distinguish.
  (CE) Row 279 built. 1 pairs remaining to distinguish.
  (CE) Row 280 built. 0 pairs remaining to distinguish.
--- Pareto Front Solutions ---
Solution 0: N total=280 (N_initial=129, N_added=151), Time total=57750 ms, Saved to: ./results/SPINS_t3_l2_pareto_0.csv, percents=1, 

------------d=1, t=3, lambda=3, filename=./evaluation/SPINS/SPINS_3_3.csv------------
Grouping d-sets by partitioned row counts for detecting arrays...
Ready to look at pairs for detecting arrays...
First Stage N=220, Time=39
There are 12513 remaining non-locating pairs
--- Running Conditional Expectation Algorithm (phase2_ce) for Locating ---
  (CE) Initial N_target calculated as: 708 (M=220)
  (CE) Row 221 built. 12513 pairs remaining to distinguish.
  (CE) Row 222 built. 12513 pairs remaining to distinguish.
  (CE) Row 223 built. 12511 pairs remaining to distinguish.
  (CE) Row 224 built. 12453 pairs remaining to distinguish.
  (CE) Row 225 built. 12450 pairs remaining to distinguish.
  (CE) Row 226 built. 12446 pairs remaining to distinguish.
  (CE) Row 227 built. 12400 pairs remaining to distinguish.
  (CE) Row 228 built. 12391 pairs remaining to distinguish.
  (CE) Row 229 built. 12367 pairs remaining to distinguish.
  (CE) Row 230 built. 12349 pairs remaining to distinguish.
  (CE) Row 231 built. 12225 pairs remaining to distinguish.
  (CE) Row 232 built. 12138 pairs remaining to distinguish.
  (CE) Row 233 built. 12100 pairs remaining to distinguish.
  (CE) Row 234 built. 11969 pairs remaining to distinguish.
  (CE) Row 235 built. 11899 pairs remaining to distinguish.
  (CE) Row 236 built. 11866 pairs remaining to distinguish.
  (CE) Row 237 built. 11715 pairs remaining to distinguish.
  (CE) Row 238 built. 11673 pairs remaining to distinguish.
  (CE) Row 239 built. 11508 pairs remaining to distinguish.
  (CE) Row 240 built. 11437 pairs remaining to distinguish.
  (CE) Row 241 built. 11312 pairs remaining to distinguish.
  (CE) Row 242 built. 11141 pairs remaining to distinguish.
  (CE) Row 243 built. 11064 pairs remaining to distinguish.
  (CE) Row 244 built. 11010 pairs remaining to distinguish.
  (CE) Row 245 built. 10767 pairs remaining to distinguish.
  (CE) Row 246 built. 10712 pairs remaining to distinguish.
  (CE) Row 247 built. 10607 pairs remaining to distinguish.
  (CE) Row 248 built. 10418 pairs remaining to distinguish.
  (CE) Row 249 built. 10321 pairs remaining to distinguish.
  (CE) Row 250 built. 10227 pairs remaining to distinguish.
  (CE) Row 251 built. 10129 pairs remaining to distinguish.
  (CE) Row 252 built. 9925 pairs remaining to distinguish.
  (CE) Row 253 built. 9848 pairs remaining to distinguish.
  (CE) Row 254 built. 9702 pairs remaining to distinguish.
  (CE) Row 255 built. 9588 pairs remaining to distinguish.
  (CE) Row 256 built. 9362 pairs remaining to distinguish.
  (CE) Row 257 built. 9217 pairs remaining to distinguish.
  (CE) Row 258 built. 9063 pairs remaining to distinguish.
  (CE) Row 259 built. 8942 pairs remaining to distinguish.
  (CE) Row 260 built. 8710 pairs remaining to distinguish.
  (CE) Row 261 built. 8511 pairs remaining to distinguish.
  (CE) Row 262 built. 8461 pairs remaining to distinguish.
  (CE) Row 263 built. 8208 pairs remaining to distinguish.
  (CE) Row 264 built. 8112 pairs remaining to distinguish.
  (CE) Row 265 built. 7990 pairs remaining to distinguish.
  (CE) Row 266 built. 7855 pairs remaining to distinguish.
  (CE) Row 267 built. 7772 pairs remaining to distinguish.
  (CE) Row 268 built. 7560 pairs remaining to distinguish.
  (CE) Row 269 built. 7478 pairs remaining to distinguish.
  (CE) Row 270 built. 7318 pairs remaining to distinguish.
  (CE) Row 271 built. 7173 pairs remaining to distinguish.
  (CE) Row 272 built. 6959 pairs remaining to distinguish.
  (CE) Row 273 built. 6842 pairs remaining to distinguish.
  (CE) Row 274 built. 6669 pairs remaining to distinguish.
  (CE) Row 275 built. 6570 pairs remaining to distinguish.
  (CE) Row 276 built. 6426 pairs remaining to distinguish.
  (CE) Row 277 built. 6271 pairs remaining to distinguish.
  (CE) Row 278 built. 6129 pairs remaining to distinguish.
  (CE) Row 279 built. 5965 pairs remaining to distinguish.
  (CE) Row 280 built. 5791 pairs remaining to distinguish.
  (CE) Row 281 built. 5692 pairs remaining to distinguish.
  (CE) Row 282 built. 5580 pairs remaining to distinguish.
  (CE) Row 283 built. 5421 pairs remaining to distinguish.
  (CE) Row 284 built. 5339 pairs remaining to distinguish.
  (CE) Row 285 built. 5191 pairs remaining to distinguish.
  (CE) Row 286 built. 5030 pairs remaining to distinguish.
  (CE) Row 287 built. 4893 pairs remaining to distinguish.
  (CE) Row 288 built. 4852 pairs remaining to distinguish.
  (CE) Row 289 built. 4723 pairs remaining to distinguish.
  (CE) Row 290 built. 4568 pairs remaining to distinguish.
  (CE) Row 291 built. 4429 pairs remaining to distinguish.
  (CE) Row 292 built. 4241 pairs remaining to distinguish.
  (CE) Row 293 built. 4126 pairs remaining to distinguish.
  (CE) Row 294 built. 4014 pairs remaining to distinguish.
  (CE) Row 295 built. 3874 pairs remaining to distinguish.
  (CE) Row 296 built. 3836 pairs remaining to distinguish.
  (CE) Row 297 built. 3736 pairs remaining to distinguish.
  (CE) Row 298 built. 3674 pairs remaining to distinguish.
  (CE) Row 299 built. 3548 pairs remaining to distinguish.
  (CE) Row 300 built. 3366 pairs remaining to distinguish.
  (CE) Row 301 built. 3325 pairs remaining to distinguish.
  (CE) Row 302 built. 3220 pairs remaining to distinguish.
  (CE) Row 303 built. 3155 pairs remaining to distinguish.
  (CE) Row 304 built. 3029 pairs remaining to distinguish.
  (CE) Row 305 built. 2906 pairs remaining to distinguish.
  (CE) Row 306 built. 2795 pairs remaining to distinguish.
  (CE) Row 307 built. 2695 pairs remaining to distinguish.
  (CE) Row 308 built. 2589 pairs remaining to distinguish.
  (CE) Row 309 built. 2527 pairs remaining to distinguish.
  (CE) Row 310 built. 2433 pairs remaining to distinguish.
  (CE) Row 311 built. 2334 pairs remaining to distinguish.
  (CE) Row 312 built. 2219 pairs remaining to distinguish.
  (CE) Row 313 built. 2111 pairs remaining to distinguish.
  (CE) Row 314 built. 2052 pairs remaining to distinguish.
  (CE) Row 315 built. 1976 pairs remaining to distinguish.
  (CE) Row 316 built. 1951 pairs remaining to distinguish.
  (CE) Row 317 built. 1858 pairs remaining to distinguish.
  (CE) Row 318 built. 1813 pairs remaining to distinguish.
  (CE) Row 319 built. 1735 pairs remaining to distinguish.
  (CE) Row 320 built. 1647 pairs remaining to distinguish.
  (CE) Row 321 built. 1571 pairs remaining to distinguish.
  (CE) Row 322 built. 1508 pairs remaining to distinguish.
  (CE) Row 323 built. 1481 pairs remaining to distinguish.
  (CE) Row 324 built. 1386 pairs remaining to distinguish.
  (CE) Row 325 built. 1344 pairs remaining to distinguish.
  (CE) Row 326 built. 1322 pairs remaining to distinguish.
  (CE) Row 327 built. 1263 pairs remaining to distinguish.
  (CE) Row 328 built. 1212 pairs remaining to distinguish.
  (CE) Row 329 built. 1179 pairs remaining to distinguish.
  (CE) Row 330 built. 1112 pairs remaining to distinguish.
  (CE) Row 331 built. 1095 pairs remaining to distinguish.
  (CE) Row 332 built. 1066 pairs remaining to distinguish.
  (CE) Row 333 built. 1040 pairs remaining to distinguish.
  (CE) Row 334 built. 973 pairs remaining to distinguish.
  (CE) Row 335 built. 944 pairs remaining to distinguish.
  (CE) Row 336 built. 920 pairs remaining to distinguish.
  (CE) Row 337 built. 877 pairs remaining to distinguish.
  (CE) Row 338 built. 822 pairs remaining to distinguish.
  (CE) Row 339 built. 782 pairs remaining to distinguish.
  (CE) Row 340 built. 756 pairs remaining to distinguish.
  (CE) Row 341 built. 732 pairs remaining to distinguish.
  (CE) Row 342 built. 690 pairs remaining to distinguish.
  (CE) Row 343 built. 665 pairs remaining to distinguish.
  (CE) Row 344 built. 618 pairs remaining to distinguish.
  (CE) Row 345 built. 598 pairs remaining to distinguish.
  (CE) Row 346 built. 550 pairs remaining to distinguish.
  (CE) Row 347 built. 521 pairs remaining to distinguish.
  (CE) Row 348 built. 487 pairs remaining to distinguish.
  (CE) Row 349 built. 468 pairs remaining to distinguish.
  (CE) Row 350 built. 445 pairs remaining to distinguish.
  (CE) Row 351 built. 414 pairs remaining to distinguish.
  (CE) Row 352 built. 389 pairs remaining to distinguish.
  (CE) Row 353 built. 375 pairs remaining to distinguish.
  (CE) Row 354 built. 355 pairs remaining to distinguish.
  (CE) Row 355 built. 335 pairs remaining to distinguish.
  (CE) Row 356 built. 315 pairs remaining to distinguish.
  (CE) Row 357 built. 299 pairs remaining to distinguish.
  (CE) Row 358 built. 276 pairs remaining to distinguish.
  (CE) Row 359 built. 254 pairs remaining to distinguish.
  (CE) Row 360 built. 244 pairs remaining to distinguish.
  (CE) Row 361 built. 223 pairs remaining to distinguish.
  (CE) Row 362 built. 203 pairs remaining to distinguish.
  (CE) Row 363 built. 191 pairs remaining to distinguish.
  (CE) Row 364 built. 182 pairs remaining to distinguish.
  (CE) Row 365 built. 173 pairs remaining to distinguish.
  (CE) Row 366 built. 155 pairs remaining to distinguish.
  (CE) Row 367 built. 145 pairs remaining to distinguish.
  (CE) Row 368 built. 139 pairs remaining to distinguish.
  (CE) Row 369 built. 133 pairs remaining to distinguish.
  (CE) Row 370 built. 126 pairs remaining to distinguish.
  (CE) Row 371 built. 123 pairs remaining to distinguish.
  (CE) Row 372 built. 106 pairs remaining to distinguish.
  (CE) Row 373 built. 99 pairs remaining to distinguish.
  (CE) Row 374 built. 95 pairs remaining to distinguish.
  (CE) Row 375 built. 86 pairs remaining to distinguish.
  (CE) Row 376 built. 82 pairs remaining to distinguish.
  (CE) Row 377 built. 79 pairs remaining to distinguish.
  (CE) Row 378 built. 75 pairs remaining to distinguish.
  (CE) Row 379 built. 72 pairs remaining to distinguish.
  (CE) Row 380 built. 62 pairs remaining to distinguish.
  (CE) Row 381 built. 56 pairs remaining to distinguish.
  (CE) Row 382 built. 48 pairs remaining to distinguish.
  (CE) Row 383 built. 44 pairs remaining to distinguish.
  (CE) Row 384 built. 38 pairs remaining to distinguish.
  (CE) Row 385 built. 35 pairs remaining to distinguish.
  (CE) Row 386 built. 33 pairs remaining to distinguish.
  (CE) Row 387 built. 32 pairs remaining to distinguish.
  (CE) Row 388 built. 30 pairs remaining to distinguish.
  (CE) Row 389 built. 26 pairs remaining to distinguish.
  (CE) Row 390 built. 20 pairs remaining to distinguish.
  (CE) Row 391 built. 18 pairs remaining to distinguish.
  (CE) Row 392 built. 12 pairs remaining to distinguish.
  (CE) Row 393 built. 8 pairs remaining to distinguish.
  (CE) Row 394 built. 6 pairs remaining to distinguish.
  (CE) Row 395 built. 4 pairs remaining to distinguish.
  (CE) Row 396 built. 3 pairs remaining to distinguish.
  (CE) Row 397 built. 1 pairs remaining to distinguish.
  (CE) Row 398 built. 0 pairs remaining to distinguish.
--- Pareto Front Solutions ---
Solution 0: N total=398 (N_initial=220, N_added=178), Time total=30839 ms, Saved to: ./results/SPINS_t3_l3_pareto_0.csv, percents=1, 

------------d=1, t=3, lambda=4, filename=./evaluation/SPINS/SPINS_3_4.csv------------
Grouping d-sets by partitioned row counts for detecting arrays...
Ready to look at pairs for detecting arrays...
First Stage N=256, Time=43
There are 11554 remaining non-locating pairs
--- Running Conditional Expectation Algorithm (phase2_ce) for Locating ---
  (CE) Initial N_target calculated as: 832 (M=256)
  (CE) Row 257 built. 11554 pairs remaining to distinguish.
  (CE) Row 258 built. 11554 pairs remaining to distinguish.
  (CE) Row 259 built. 11554 pairs remaining to distinguish.
  (CE) Row 260 built. 11553 pairs remaining to distinguish.
  (CE) Row 261 built. 11553 pairs remaining to distinguish.
  (CE) Row 262 built. 11553 pairs remaining to distinguish.
  (CE) Row 263 built. 11552 pairs remaining to distinguish.
  (CE) Row 264 built. 11551 pairs remaining to distinguish.
  (CE) Row 265 built. 11547 pairs remaining to distinguish.
  (CE) Row 266 built. 11542 pairs remaining to distinguish.
  (CE) Row 267 built. 11538 pairs remaining to distinguish.
  (CE) Row 268 built. 11536 pairs remaining to distinguish.
  (CE) Row 269 built. 11533 pairs remaining to distinguish.
  (CE) Row 270 built. 11530 pairs remaining to distinguish.
  (CE) Row 271 built. 11529 pairs remaining to distinguish.
  (CE) Row 272 built. 11523 pairs remaining to distinguish.
  (CE) Row 273 built. 11506 pairs remaining to distinguish.
  (CE) Row 274 built. 11503 pairs remaining to distinguish.
  (CE) Row 275 built. 11488 pairs remaining to distinguish.
  (CE) Row 276 built. 11460 pairs remaining to distinguish.
  (CE) Row 277 built. 11433 pairs remaining to distinguish.
  (CE) Row 278 built. 11429 pairs remaining to distinguish.
  (CE) Row 279 built. 11407 pairs remaining to distinguish.
  (CE) Row 280 built. 11394 pairs remaining to distinguish.
  (CE) Row 281 built. 11362 pairs remaining to distinguish.
  (CE) Row 282 built. 11355 pairs remaining to distinguish.
  (CE) Row 283 built. 11332 pairs remaining to distinguish.
  (CE) Row 284 built. 11287 pairs remaining to distinguish.
  (CE) Row 285 built. 11269 pairs remaining to distinguish.
  (CE) Row 286 built. 11260 pairs remaining to distinguish.
  (CE) Row 287 built. 11231 pairs remaining to distinguish.
  (CE) Row 288 built. 11193 pairs remaining to distinguish.
  (CE) Row 289 built. 11176 pairs remaining to distinguish.
  (CE) Row 290 built. 11147 pairs remaining to distinguish.
  (CE) Row 291 built. 11109 pairs remaining to distinguish.
  (CE) Row 292 built. 11031 pairs remaining to distinguish.
  (CE) Row 293 built. 10981 pairs remaining to distinguish.
  (CE) Row 294 built. 10960 pairs remaining to distinguish.
  (CE) Row 295 built. 10921 pairs remaining to distinguish.
  (CE) Row 296 built. 10868 pairs remaining to distinguish.
  (CE) Row 297 built. 10805 pairs remaining to distinguish.
  (CE) Row 298 built. 10764 pairs remaining to distinguish.
  (CE) Row 299 built. 10735 pairs remaining to distinguish.
  (CE) Row 300 built. 10658 pairs remaining to distinguish.
  (CE) Row 301 built. 10618 pairs remaining to distinguish.
  (CE) Row 302 built. 10577 pairs remaining to distinguish.
  (CE) Row 303 built. 10520 pairs remaining to distinguish.
  (CE) Row 304 built. 10470 pairs remaining to distinguish.
  (CE) Row 305 built. 10382 pairs remaining to distinguish.
  (CE) Row 306 built. 10335 pairs remaining to distinguish.
  (CE) Row 307 built. 10284 pairs remaining to distinguish.
  (CE) Row 308 built. 10207 pairs remaining to distinguish.
  (CE) Row 309 built. 10148 pairs remaining to distinguish.
  (CE) Row 310 built. 10094 pairs remaining to distinguish.
  (CE) Row 311 built. 10010 pairs remaining to distinguish.
  (CE) Row 312 built. 9936 pairs remaining to distinguish.
  (CE) Row 313 built. 9849 pairs remaining to distinguish.
  (CE) Row 314 built. 9782 pairs remaining to distinguish.
  (CE) Row 315 built. 9753 pairs remaining to distinguish.
  (CE) Row 316 built. 9651 pairs remaining to distinguish.
  (CE) Row 317 built. 9591 pairs remaining to distinguish.
  (CE) Row 318 built. 9529 pairs remaining to distinguish.
  (CE) Row 319 built. 9476 pairs remaining to distinguish.
  (CE) Row 320 built. 9442 pairs remaining to distinguish.
  (CE) Row 321 built. 9342 pairs remaining to distinguish.
  (CE) Row 322 built. 9293 pairs remaining to distinguish.
  (CE) Row 323 built. 9228 pairs remaining to distinguish.
  (CE) Row 324 built. 9125 pairs remaining to distinguish.
  (CE) Row 325 built. 8997 pairs remaining to distinguish.
  (CE) Row 326 built. 8947 pairs remaining to distinguish.
  (CE) Row 327 built. 8889 pairs remaining to distinguish.
  (CE) Row 328 built. 8775 pairs remaining to distinguish.
  (CE) Row 329 built. 8690 pairs remaining to distinguish.
  (CE) Row 330 built. 8604 pairs remaining to distinguish.
  (CE) Row 331 built. 8547 pairs remaining to distinguish.
  (CE) Row 332 built. 8457 pairs remaining to distinguish.
  (CE) Row 333 built. 8359 pairs remaining to distinguish.
  (CE) Row 334 built. 8263 pairs remaining to distinguish.
  (CE) Row 335 built. 8184 pairs remaining to distinguish.
  (CE) Row 336 built. 8065 pairs remaining to distinguish.
  (CE) Row 337 built. 7954 pairs remaining to distinguish.
  (CE) Row 338 built. 7869 pairs remaining to distinguish.
  (CE) Row 339 built. 7806 pairs remaining to distinguish.
  (CE) Row 340 built. 7620 pairs remaining to distinguish.
  (CE) Row 341 built. 7435 pairs remaining to distinguish.
  (CE) Row 342 built. 7349 pairs remaining to distinguish.
  (CE) Row 343 built. 7300 pairs remaining to distinguish.
  (CE) Row 344 built. 7143 pairs remaining to distinguish.
  (CE) Row 345 built. 7004 pairs remaining to distinguish.
  (CE) Row 346 built. 6915 pairs remaining to distinguish.
  (CE) Row 347 built. 6831 pairs remaining to distinguish.
  (CE) Row 348 built. 6706 pairs remaining to distinguish.
  (CE) Row 349 built. 6579 pairs remaining to distinguish.
  (CE) Row 350 built. 6448 pairs remaining to distinguish.
  (CE) Row 351 built. 6342 pairs remaining to distinguish.
  (CE) Row 352 built. 6239 pairs remaining to distinguish.
  (CE) Row 353 built. 6113 pairs remaining to distinguish.
  (CE) Row 354 built. 5958 pairs remaining to distinguish.
  (CE) Row 355 built. 5857 pairs remaining to distinguish.
  (CE) Row 356 built. 5674 pairs remaining to distinguish.
  (CE) Row 357 built. 5540 pairs remaining to distinguish.
  (CE) Row 358 built. 5421 pairs remaining to distinguish.
  (CE) Row 359 built. 5279 pairs remaining to distinguish.
  (CE) Row 360 built. 5111 pairs remaining to distinguish.
  (CE) Row 361 built. 5017 pairs remaining to distinguish.
  (CE) Row 362 built. 4915 pairs remaining to distinguish.
  (CE) Row 363 built. 4698 pairs remaining to distinguish.
  (CE) Row 364 built. 4620 pairs remaining to distinguish.
  (CE) Row 365 built. 4540 pairs remaining to distinguish.
  (CE) Row 366 built. 4463 pairs remaining to distinguish.
  (CE) Row 367 built. 4372 pairs remaining to distinguish.
  (CE) Row 368 built. 4286 pairs remaining to distinguish.
  (CE) Row 369 built. 4098 pairs remaining to distinguish.
  (CE) Row 370 built. 3975 pairs remaining to distinguish.
  (CE) Row 371 built. 3906 pairs remaining to distinguish.
  (CE) Row 372 built. 3770 pairs remaining to distinguish.
  (CE) Row 373 built. 3651 pairs remaining to distinguish.
  (CE) Row 374 built. 3564 pairs remaining to distinguish.
  (CE) Row 375 built. 3481 pairs remaining to distinguish.
  (CE) Row 376 built. 3407 pairs remaining to distinguish.
  (CE) Row 377 built. 3297 pairs remaining to distinguish.
  (CE) Row 378 built. 3218 pairs remaining to distinguish.
  (CE) Row 379 built. 3117 pairs remaining to distinguish.
  (CE) Row 380 built. 3006 pairs remaining to distinguish.
  (CE) Row 381 built. 2903 pairs remaining to distinguish.
  (CE) Row 382 built. 2859 pairs remaining to distinguish.
  (CE) Row 383 built. 2784 pairs remaining to distinguish.
  (CE) Row 384 built. 2710 pairs remaining to distinguish.
  (CE) Row 385 built. 2546 pairs remaining to distinguish.
  (CE) Row 386 built. 2476 pairs remaining to distinguish.
  (CE) Row 387 built. 2407 pairs remaining to distinguish.
  (CE) Row 388 built. 2317 pairs remaining to distinguish.
  (CE) Row 389 built. 2266 pairs remaining to distinguish.
  (CE) Row 390 built. 2210 pairs remaining to distinguish.
  (CE) Row 391 built. 2149 pairs remaining to distinguish.
  (CE) Row 392 built. 2109 pairs remaining to distinguish.
  (CE) Row 393 built. 2046 pairs remaining to distinguish.
  (CE) Row 394 built. 2011 pairs remaining to distinguish.
  (CE) Row 395 built. 1937 pairs remaining to distinguish.
  (CE) Row 396 built. 1887 pairs remaining to distinguish.
  (CE) Row 397 built. 1825 pairs remaining to distinguish.
  (CE) Row 398 built. 1762 pairs remaining to distinguish.
  (CE) Row 399 built. 1725 pairs remaining to distinguish.
  (CE) Row 400 built. 1662 pairs remaining to distinguish.
  (CE) Row 401 built. 1602 pairs remaining to distinguish.
  (CE) Row 402 built. 1561 pairs remaining to distinguish.
  (CE) Row 403 built. 1494 pairs remaining to distinguish.
  (CE) Row 404 built. 1460 pairs remaining to distinguish.
  (CE) Row 405 built. 1405 pairs remaining to distinguish.
  (CE) Row 406 built. 1375 pairs remaining to distinguish.
  (CE) Row 407 built. 1353 pairs remaining to distinguish.
  (CE) Row 408 built. 1309 pairs remaining to distinguish.
  (CE) Row 409 built. 1251 pairs remaining to distinguish.
  (CE) Row 410 built. 1180 pairs remaining to distinguish.
  (CE) Row 411 built. 1118 pairs remaining to distinguish.
  (CE) Row 412 built. 1087 pairs remaining to distinguish.
  (CE) Row 413 built. 1052 pairs remaining to distinguish.
  (CE) Row 414 built. 1008 pairs remaining to distinguish.
  (CE) Row 415 built. 949 pairs remaining to distinguish.
  (CE) Row 416 built. 893 pairs remaining to distinguish.
  (CE) Row 417 built. 873 pairs remaining to distinguish.
  (CE) Row 418 built. 834 pairs remaining to distinguish.
  (CE) Row 419 built. 805 pairs remaining to distinguish.
  (CE) Row 420 built. 766 pairs remaining to distinguish.
  (CE) Row 421 built. 724 pairs remaining to distinguish.
  (CE) Row 422 built. 706 pairs remaining to distinguish.
  (CE) Row 423 built. 662 pairs remaining to distinguish.
  (CE) Row 424 built. 637 pairs remaining to distinguish.
  (CE) Row 425 built. 612 pairs remaining to distinguish.
  (CE) Row 426 built. 588 pairs remaining to distinguish.
  (CE) Row 427 built. 556 pairs remaining to distinguish.
  (CE) Row 428 built. 540 pairs remaining to distinguish.
  (CE) Row 429 built. 518 pairs remaining to distinguish.
  (CE) Row 430 built. 495 pairs remaining to distinguish.
  (CE) Row 431 built. 471 pairs remaining to distinguish.
  (CE) Row 432 built. 457 pairs remaining to distinguish.
  (CE) Row 433 built. 445 pairs remaining to distinguish.
  (CE) Row 434 built. 421 pairs remaining to distinguish.
  (CE) Row 435 built. 404 pairs remaining to distinguish.
  (CE) Row 436 built. 377 pairs remaining to distinguish.
  (CE) Row 437 built. 359 pairs remaining to distinguish.
  (CE) Row 438 built. 335 pairs remaining to distinguish.
  (CE) Row 439 built. 318 pairs remaining to distinguish.
  (CE) Row 440 built. 297 pairs remaining to distinguish.
  (CE) Row 441 built. 272 pairs remaining to distinguish.
  (CE) Row 442 built. 256 pairs remaining to distinguish.
  (CE) Row 443 built. 235 pairs remaining to distinguish.
  (CE) Row 444 built. 211 pairs remaining to distinguish.
  (CE) Row 445 built. 196 pairs remaining to distinguish.
  (CE) Row 446 built. 182 pairs remaining to distinguish.
  (CE) Row 447 built. 166 pairs remaining to distinguish.
  (CE) Row 448 built. 156 pairs remaining to distinguish.
  (CE) Row 449 built. 151 pairs remaining to distinguish.
  (CE) Row 450 built. 131 pairs remaining to distinguish.
  (CE) Row 451 built. 125 pairs remaining to distinguish.
  (CE) Row 452 built. 117 pairs remaining to distinguish.
  (CE) Row 453 built. 110 pairs remaining to distinguish.
  (CE) Row 454 built. 96 pairs remaining to distinguish.
  (CE) Row 455 built. 85 pairs remaining to distinguish.
  (CE) Row 456 built. 79 pairs remaining to distinguish.
  (CE) Row 457 built. 72 pairs remaining to distinguish.
  (CE) Row 458 built. 68 pairs remaining to distinguish.
  (CE) Row 459 built. 63 pairs remaining to distinguish.
  (CE) Row 460 built. 60 pairs remaining to distinguish.
  (CE) Row 461 built. 54 pairs remaining to distinguish.
  (CE) Row 462 built. 50 pairs remaining to distinguish.
  (CE) Row 463 built. 45 pairs remaining to distinguish.
  (CE) Row 464 built. 42 pairs remaining to distinguish.
  (CE) Row 465 built. 37 pairs remaining to distinguish.
  (CE) Row 466 built. 32 pairs remaining to distinguish.
  (CE) Row 467 built. 30 pairs remaining to distinguish.
  (CE) Row 468 built. 26 pairs remaining to distinguish.
  (CE) Row 469 built. 23 pairs remaining to distinguish.
  (CE) Row 470 built. 18 pairs remaining to distinguish.
  (CE) Row 471 built. 16 pairs remaining to distinguish.
  (CE) Row 472 built. 14 pairs remaining to distinguish.
  (CE) Row 473 built. 12 pairs remaining to distinguish.
  (CE) Row 474 built. 10 pairs remaining to distinguish.
  (CE) Row 475 built. 8 pairs remaining to distinguish.
  (CE) Row 476 built. 5 pairs remaining to distinguish.
  (CE) Row 477 built. 2 pairs remaining to distinguish.
  (CE) Row 478 built. 1 pairs remaining to distinguish.
  (CE) Row 479 built. 0 pairs remaining to distinguish.
--- Pareto Front Solutions ---
Solution 0: N total=479 (N_initial=256, N_added=223), Time total=46992 ms, Saved to: ./results/SPINS_t3_l4_pareto_0.csv, percents=1, 

