------------d=1, t=3, lambda=1, filename=./evaluation/SPINS/SPINS_3_1.csv------------
Grouping d-sets by partitioned row counts for detecting arrays...
Ready to look at pairs for detecting arrays...
First Stage N=93, Time=40
There are 86346 remaining non-locating pairs
--- Running GA Algorithm (phase2) ---
Running GA with std::execution::par
Generation #0
161,6484,0.001, 0.016831, 0.0528152, 0.0980615, 0.106911, 0.119235, 0.150345, 0.17776, 0.247358, 0.299091, 0.400537, 0.470213, 0.492376, 0.576229, 0.613618, 0.67643, 0.75629, 0.776041, 0.831382, 0.839098, 0.844438, 0.957415, 0.970357, 1, 

178,5788,0.001, 0.0141455, 0.0218816, 0.0456565, 0.126535, 0.171676, 0.223503, 0.360442, 0.365705, 0.45636, 0.479251, 0.508095, 0.573131, 0.69156, 0.698453, 0.828251, 0.841254, 0.951562, 1, 

157,6768,0.001, 0.0110509, 0.0391854, 0.0928903, 0.129683, 0.148351, 0.15305, 0.161136, 0.234665, 0.262227, 0.262612, 0.288228, 0.29071, 0.387741, 0.387959, 0.439057, 0.598829, 0.623264, 0.646717, 0.734431, 0.75492, 0.778334, 0.828504, 0.918703, 0.937746, 1, 

155,9639,0.001, 0.0485364, 0.0638381, 0.103473, 0.112512, 0.157387, 0.207509, 0.233497, 0.34024, 0.425078, 0.623749, 0.642961, 0.77327, 0.821051, 0.86027, 0.97724, 1, 

163,5996,0.001, 0.0234395, 0.0390873, 0.0460126, 0.10239, 0.111185, 0.134715, 0.142228, 0.147769, 0.164878, 0.182603, 0.226503, 0.233886, 0.288066, 0.436146, 0.459913, 0.494666, 0.552769, 0.560013, 0.560173, 0.589613, 0.739437, 0.740977, 0.79267, 0.822098, 0.937526, 0.967304, 1, 

149,15590,0.001, 0.0913149, 0.0944587, 0.224379, 0.371329, 0.372239, 0.376172, 0.471627, 0.496676, 0.646755, 0.764687, 0.803333, 0.833078, 0.955158, 1, 

151,9889,0.001, 0.0497091, 0.0827891, 0.108354, 0.288172, 0.394254, 0.406807, 0.441389, 0.55663, 0.652303, 0.7728, 0.78984, 0.809512, 0.821009, 0.856762, 0.858627, 0.936587, 1, 

Generation #1
149,15590,0.001, 0.0913149, 0.0944587, 0.224379, 0.371329, 0.372239, 0.376172, 0.471627, 0.496676, 0.646755, 0.764687, 0.803333, 0.833078, 0.955158, 1, 

151,9889,0.001, 0.0497091, 0.0827891, 0.108354, 0.288172, 0.394254, 0.406807, 0.441389, 0.55663, 0.652303, 0.7728, 0.78984, 0.809512, 0.821009, 0.856762, 0.858627, 0.936587, 1, 

152,4694,0.001, 0.0219461, 0.0261442, 0.0262016, 0.0663368, 0.49993, 0.518898, 0.58726, 0.607083, 0.793639, 0.806633, 1, 

161,4209,0.001, 0.0110509, 0.0391854, 0.0928903, 0.0663368, 0.100799, 0.164494, 0.217953, 0.230267, 0.239707, 0.475426, 0.477239, 0.511489, 0.606937, 0.610299, 0.685118, 0.749872, 0.761045, 0.79815, 0.843834, 0.85952, 0.956795, 1, 

153,4215,0.001, 0.016774, 0.0638381, 0.103473, 0.112512, 0.157387, 0.207509, 0.233497, 0.34024, 0.425078, 0.623749, 0.642961, 0.77327, 0.821051, 0.86027, 0.97724, 1, 

Generation #2
149,15590,0.001, 0.0913149, 0.0944587, 0.224379, 0.371329, 0.372239, 0.376172, 0.471627, 0.496676, 0.646755, 0.764687, 0.803333, 0.833078, 0.955158, 1, 

151,9889,0.001, 0.0497091, 0.0827891, 0.108354, 0.288172, 0.394254, 0.406807, 0.441389, 0.55663, 0.652303, 0.7728, 0.78984, 0.809512, 0.821009, 0.856762, 0.858627, 0.936587, 1, 

164,3622,0.001, 0.0110509, 0.0391854, 0.0460126, 0.10239, 0.111185, 0.134715, 0.142228, 0.147769, 0.164878, 0.182603, 0.226503, 0.233886, 0.288066, 0.436146, 0.459913, 0.494666, 0.552769, 0.560013, 0.560173, 0.589613, 0.739437, 0.740977, 0.79267, 0.822098, 0.937526, 0.967304, 1, 

152,4017,0.001, 0.0110509, 0.0391854, 0.0928903, 0.129683, 0.148351, 0.15305, 0.161136, 0.234665, 0.262227, 0.262612, 1, 

150,10010,0.001, 0.0627039, 0.091034, 0.121068, 0.12165, 0.147776, 0.150989, 0.438219, 0.351432, 0.357338, 0.358627, 0.78984, 0.809512, 0.821009, 0.856762, 0.858627, 0.936587, 1, 

159,3946,0.001, 0.0110509, 0.0391854, 0.0928903, 0.0663368, 0.100799, 0.164494, 0.217953, 0.230267, 0.239707, 0.450878, 0.468507, 0.620853, 0.642754, 0.773934, 0.92838, 0.972906, 1, 

Generation #3
149,15590,0.001, 0.0913149, 0.0944587, 0.224379, 0.371329, 0.372239, 0.376172, 0.471627, 0.496676, 0.646755, 0.764687, 0.803333, 0.833078, 0.955158, 1, 

152,4017,0.001, 0.0110509, 0.0391854, 0.0928903, 0.129683, 0.148351, 0.15305, 0.161136, 0.234665, 0.262227, 0.262612, 1, 

150,10010,0.001, 0.0627039, 0.091034, 0.121068, 0.12165, 0.147776, 0.150989, 0.438219, 0.351432, 0.357338, 0.358627, 0.78984, 0.809512, 0.821009, 0.856762, 0.858627, 0.936587, 1, 

157,3790,0.001, 0.0110509, 0.0391854, 0.0928903, 0.129683, 0.148351, 0.15305, 0.161136, 0.234665, 0.262227, 0.262612, 0.288228, 0.394714, 0.29071, 0.387741, 0.387959, 0.439057, 0.598829, 0.972906, 1, 

153,3798,0.001, 0.016774, 0.0547898, 0.121068, 0.12165, 0.147776, 0.150989, 0.317855, 0.351432, 0.357338, 0.358627, 0.415294, 0.428294, 0.49932, 0.545261, 0.788623, 0.794031, 0.854014, 0.860003, 0.926486, 0.947713, 0.976478, 1, 

151,6883,0.001, 0.0340047, 0.0418319, 0.0980574, 0.126465, 0.20244, 0.211292, 0.212053, 0.230267, 0.239707, 0.523526, 0.477239, 0.907776, 0.923567, 0.93804, 0.975286, 0.993441, 0.997671, 1, 

159,3484,0.001, 0.0110509, 0.0391854, 0.0928903, 0.129683, 0.148351, 0.15305, 0.191838, 0.388656, 0.457753, 0.581852, 0.66415, 0.680059, 0.821016, 0.853868, 0.979439, 1, 

Generation #4
148,4731,0.001, 0.0254464, 0.0366954, 0.0698214, 0.112512, 0.157387, 0.207509, 0.233497, 0.34024, 0.425078, 0.623749, 0.642961, 0.77327, 0.821051, 0.86027, 0.97724, 1, 

150,3828,0.001, 0.0110509, 0.0391854, 0.0928903, 0.129683, 0.148351, 0.15305, 0.191838, 0.388656, 0.793639, 0.806633, 1, 

155,3461,0.001, 0.0110509, 0.0391854, 0.0928903, 0.0663368, 0.100799, 0.164494, 0.217953, 0.230267, 0.239707, 0.475426, 0.803333, 0.833078, 0.955158, 1, 

153,3484,0.001, 0.016774, 0.0261442, 0.0262016, 0.0663368, 0.100799, 0.164494, 0.217953, 0.230267, 0.239707, 0.475426, 0.859433, 0.884137, 1, 

Generation #5
157,3197,0.001, 0.0110509, 0.0391854, 0.0928903, 0.129683, 0.148351, 0.15305, 0.191838, 0.388656, 0.425078, 0.623749, 0.642961, 0.77327, 0.821051, 0.86027, 0.97724, 1, 

148,3266,0.001, 0.0110509, 0.0391854, 0.0928903, 0.0663368, 0.100799, 0.164494, 0.217953, 0.230267, 0.239707, 0.475426, 0.539628, 0.803333, 0.833078, 0.955158, 1, 

166,3128,0.001, 0.0110509, 0.0391854, 0.0460126, 0.10239, 0.111185, 0.134715, 0.142228, 0.147769, 0.164878, 0.182603, 0.226503, 0.233886, 0.680059, 0.821016, 0.853868, 0.979439, 1, 

Generation #6
157,3197,0.001, 0.0110509, 0.0391854, 0.0928903, 0.129683, 0.148351, 0.15305, 0.191838, 0.388656, 0.425078, 0.623749, 0.642961, 0.77327, 0.821051, 0.86027, 0.97724, 1, 

148,3266,0.001, 0.0110509, 0.0391854, 0.0928903, 0.0663368, 0.100799, 0.164494, 0.217953, 0.230267, 0.239707, 0.475426, 0.539628, 0.803333, 0.833078, 0.955158, 1, 

165,3062,0.001, 0.0110509, 0.0391854, 0.0928903, 0.0663368, 0.20244, 0.211292, 0.212053, 0.230267, 0.239707, 0.523526, 0.477239, 0.907776, 0.923567, 0.93804, 0.975286, 0.993441, 0.997671, 1, 

Generation #7
157,3197,0.001, 0.0110509, 0.0391854, 0.0928903, 0.129683, 0.148351, 0.15305, 0.191838, 0.388656, 0.425078, 0.623749, 0.642961, 0.77327, 0.821051, 0.86027, 0.97724, 1, 

165,3062,0.001, 0.0110509, 0.0391854, 0.0928903, 0.0663368, 0.20244, 0.211292, 0.212053, 0.230267, 0.239707, 0.523526, 0.477239, 0.907776, 0.923567, 0.93804, 0.975286, 0.993441, 0.997671, 1, 

147,3266,0.001, 0.016774, 0.0261442, 0.0262016, 0.0663368, 0.100799, 0.164494, 0.217953, 0.81168, 0.915879, 0.981794, 1, 

151,3235,0.001, 0.0110509, 0.0391854, 0.0928903, 0.129683, 0.148351, 0.15305, 0.161136, 0.34024, 0.425078, 0.623749, 0.642961, 0.884137, 1, 

155,3202,0.001, 0.0110509, 0.0391854, 0.0460126, 0.10239, 0.111185, 0.134715, 0.142228, 0.147769, 0.164878, 0.262612, 0.288228, 0.29071, 0.387741, 0.387959, 0.439057, 0.993441, 0.997671, 1, 

Generation #8
147,3266,0.001, 0.016774, 0.0261442, 0.0262016, 0.0663368, 0.100799, 0.164494, 0.217953, 0.81168, 0.915879, 0.981794, 1, 

144,3577,0.001, 0.016774, 0.0261442, 0.0262016, 0.0663368, 0.100799, 0.164494, 0.217953, 0.496676, 0.646755, 0.764687, 0.539628, 0.803333, 0.833078, 0.955158, 1, 

151,2997,0.001, 0.0110509, 0.0391854, 0.0928903, 0.129683, 0.148351, 0.15305, 0.191838, 0.388656, 0.425078, 0.623749, 0.642961, 0.77327, 0.821051, 0.86027, 0.97724, 1, 

156,2898,0.001, 0.0110509, 0.0261442, 0.0262016, 0.0663368, 0.100799, 0.15305, 0.161136, 0.234665, 0.262227, 0.262612, 1, 

Generation #9
144,3577,0.001, 0.016774, 0.0261442, 0.0262016, 0.0663368, 0.100799, 0.164494, 0.217953, 0.496676, 0.646755, 0.764687, 0.539628, 0.803333, 0.833078, 0.955158, 1, 

151,2997,0.001, 0.0110509, 0.0391854, 0.0928903, 0.129683, 0.148351, 0.15305, 0.191838, 0.388656, 0.425078, 0.623749, 0.642961, 0.77327, 0.821051, 0.86027, 0.97724, 1, 

156,2898,0.001, 0.0110509, 0.0261442, 0.0262016, 0.0663368, 0.100799, 0.15305, 0.161136, 0.234665, 0.262227, 0.262612, 1, 

147,3047,0.001, 0.0110509, 0.0547898, 0.0262016, 0.0663368, 0.100799, 0.164494, 0.217953, 0.230267, 0.262227, 0.262612, 1, 

159,2865,0.001, 0.0110509, 0.0391854, 0.0928903, 0.0663368, 0.20244, 0.211292, 0.212053, 0.230267, 0.239707, 0.523526, 0.477239, 0.907776, 0.923567, 0.93804, 0.975286, 0.993441, 0.997671, 1, 

Generation #10
144,3577,0.001, 0.016774, 0.0261442, 0.0262016, 0.0663368, 0.100799, 0.164494, 0.217953, 0.496676, 0.646755, 0.764687, 0.539628, 0.803333, 0.833078, 0.955158, 1, 

151,2997,0.001, 0.0110509, 0.0391854, 0.0928903, 0.129683, 0.148351, 0.15305, 0.191838, 0.388656, 0.425078, 0.623749, 0.642961, 0.77327, 0.821051, 0.86027, 0.97724, 1, 

156,2898,0.001, 0.0110509, 0.0261442, 0.0262016, 0.0663368, 0.100799, 0.15305, 0.161136, 0.234665, 0.262227, 0.262612, 1, 

147,3047,0.001, 0.0110509, 0.0547898, 0.0262016, 0.0663368, 0.100799, 0.164494, 0.217953, 0.230267, 0.262227, 0.262612, 1, 

159,2865,0.001, 0.0110509, 0.0391854, 0.0928903, 0.0663368, 0.20244, 0.211292, 0.212053, 0.230267, 0.239707, 0.523526, 0.477239, 0.907776, 0.923567, 0.93804, 0.975286, 0.993441, 0.997671, 1, 

141,7699,0.001, 0.0110509, 0.118911, 0.0391854, 0.0928903, 0.0663368, 0.20244, 0.134715, 0.142228, 0.147769, 0.164878, 0.182603, 0.884137, 1, 

Generation #11
144,3577,0.001, 0.016774, 0.0261442, 0.0262016, 0.0663368, 0.100799, 0.164494, 0.217953, 0.496676, 0.646755, 0.764687, 0.539628, 0.803333, 0.833078, 0.955158, 1, 

156,2898,0.001, 0.0110509, 0.0261442, 0.0262016, 0.0663368, 0.100799, 0.15305, 0.161136, 0.234665, 0.262227, 0.262612, 1, 

147,3047,0.001, 0.0110509, 0.0547898, 0.0262016, 0.0663368, 0.100799, 0.164494, 0.217953, 0.230267, 0.262227, 0.262612, 1, 

141,7699,0.001, 0.0110509, 0.118911, 0.0391854, 0.0928903, 0.0663368, 0.20244, 0.134715, 0.142228, 0.147769, 0.164878, 0.182603, 0.884137, 1, 

158,2798,0.001, 0.0110509, 0.0261442, 0.0262016, 0.0663368, 0.100799, 0.164494, 0.217953, 0.230267, 0.239707, 0.475426, 0.539628, 0.803333, 0.833078, 0.955158, 1, 

159,2737,0.001, 0.0110509, 0.0391854, 0.0262016, 0.0663368, 0.100799, 0.164494, 0.217953, 0.496676, 0.646755, 0.764687, 0.539628, 0.803333, 0.833078, 0.86027, 0.97724, 1, 

146,3392,0.001, 0.0110509, 0.0391854, 0.0928903, 0.0663368, 0.20244, 0.211292, 0.191838, 0.230267, 0.368612, 0.262227, 0.262612, 1, 

150,2996,0.001, 0.016774, 0.0261442, 0.0262016, 0.0663368, 0.100799, 0.164494, 0.161136, 0.234665, 0.262612, 1, 

Generation #12
141,7699,0.001, 0.0110509, 0.118911, 0.0391854, 0.0928903, 0.0663368, 0.20244, 0.134715, 0.142228, 0.147769, 0.164878, 0.182603, 0.884137, 1, 

158,2798,0.001, 0.0110509, 0.0261442, 0.0262016, 0.0663368, 0.100799, 0.164494, 0.217953, 0.230267, 0.239707, 0.475426, 0.539628, 0.803333, 0.833078, 0.955158, 1, 

159,2737,0.001, 0.0110509, 0.0391854, 0.0262016, 0.0663368, 0.100799, 0.164494, 0.217953, 0.496676, 0.646755, 0.764687, 0.539628, 0.803333, 0.833078, 0.86027, 0.97724, 1, 

150,2960,0.001, 0.0110509, 0.0391854, 0.0980615, 0.106911, 0.373493, 0.477284, 0.191838, 0.388656, 0.793639, 0.806633, 1, 

143,3046,0.001, 0.0110509, 0.0261442, 0.0262016, 0.0663368, 0.100799, 0.15305, 0.161136, 0.234665, 0.262227, 0.262612, 1, 

149,3016,0.001, 0.0110509, 0.0261442, 0.0262016, 0.0663368, 0.100799, 0.15305, 0.161136, 0.234665, 0.262227, 0.806633, 1, 

151,2897,0.001, 0.0110509, 0.0261442, 0.0262016, 0.0663368, 0.100799, 0.15305, 0.161136, 0.230267, 0.806633, 1, 

Generation #13
141,7699,0.001, 0.0110509, 0.118911, 0.0391854, 0.0928903, 0.0663368, 0.20244, 0.134715, 0.142228, 0.147769, 0.164878, 0.182603, 0.884137, 1, 

143,3046,0.001, 0.0110509, 0.0261442, 0.0262016, 0.0663368, 0.100799, 0.15305, 0.161136, 0.234665, 0.262227, 0.262612, 1, 

159,2732,0.001, 0.0110509, 0.0261442, 0.0262016, 0.0663368, 0.100799, 0.15305, 0.212053, 0.230267, 0.239707, 0.523526, 0.477239, 0.907776, 0.923567, 0.93804, 0.975286, 0.993441, 0.997671, 1, 

147,2772,0.001, 0.0110509, 0.0261442, 0.0262016, 0.0663368, 0.111185, 0.134715, 0.142228, 0.230267, 0.368612, 0.262227, 0.262612, 1, 

153,2769,0.001, 0.0110509, 0.0261442, 0.0262016, 0.0663368, 0.100799, 0.15305, 0.161136, 0.234665, 0.262227, 0.262612, 1, 

Generation #14
141,7699,0.001, 0.0110509, 0.118911, 0.0391854, 0.0928903, 0.0663368, 0.20244, 0.134715, 0.142228, 0.147769, 0.164878, 0.182603, 0.884137, 1, 

145,2586,0.001, 0.0110509, 0.0261442, 0.0262016, 0.0663368, 0.100799, 0.15305, 0.212053, 0.230267, 0.239707, 0.523526, 0.477239, 0.0997525, 0.288066, 1, 

159,2518,0.001, 0.0110509, 0.0261442, 0.0262016, 0.0663368, 0.100799, 0.15305, 0.161136, 0.234665, 0.562101, 0.262612, 0.539628, 0.803333, 0.833078, 0.955158, 1, 

142,2947,0.001, 0.0110509, 0.0261442, 0.0262016, 0.0663368, 0.100799, 0.15305, 0.161136, 0.234665, 0.262227, 0.806633, 1, 

Generation #15
141,7699,0.001, 0.0110509, 0.118911, 0.0391854, 0.0928903, 0.0663368, 0.20244, 0.134715, 0.142228, 0.147769, 0.164878, 0.182603, 0.884137, 1, 

145,2586,0.001, 0.0110509, 0.0261442, 0.0262016, 0.0663368, 0.100799, 0.15305, 0.212053, 0.230267, 0.239707, 0.523526, 0.477239, 0.0997525, 0.288066, 1, 

159,2518,0.001, 0.0110509, 0.0261442, 0.0262016, 0.0663368, 0.100799, 0.15305, 0.161136, 0.234665, 0.562101, 0.262612, 0.539628, 0.803333, 0.833078, 0.955158, 1, 

142,2947,0.001, 0.0110509, 0.0261442, 0.0262016, 0.0663368, 0.100799, 0.15305, 0.161136, 0.234665, 0.262227, 0.806633, 1, 

144,2785,0.001, 0.0110509, 0.0261442, 0.0262016, 0.0663368, 0.15305, 0.164494, 0.217953, 0.230267, 0.262227, 0.262612, 1, 

Generation #16
141,7699,0.001, 0.0110509, 0.118911, 0.0391854, 0.0928903, 0.0663368, 0.20244, 0.134715, 0.142228, 0.147769, 0.164878, 0.182603, 0.884137, 1, 

145,2586,0.001, 0.0110509, 0.0261442, 0.0262016, 0.0663368, 0.100799, 0.15305, 0.212053, 0.230267, 0.239707, 0.523526, 0.477239, 0.0997525, 0.288066, 1, 

159,2518,0.001, 0.0110509, 0.0261442, 0.0262016, 0.0663368, 0.100799, 0.15305, 0.161136, 0.234665, 0.562101, 0.262612, 0.539628, 0.803333, 0.833078, 0.955158, 1, 

142,2947,0.001, 0.0110509, 0.0261442, 0.0262016, 0.0663368, 0.100799, 0.15305, 0.161136, 0.234665, 0.262227, 0.806633, 1, 

144,2785,0.001, 0.0110509, 0.0261442, 0.0262016, 0.0663368, 0.15305, 0.164494, 0.217953, 0.230267, 0.262227, 0.262612, 1, 

Generation #17
141,7699,0.001, 0.0110509, 0.118911, 0.0391854, 0.0928903, 0.0663368, 0.20244, 0.134715, 0.142228, 0.147769, 0.164878, 0.182603, 0.884137, 1, 

145,2586,0.001, 0.0110509, 0.0261442, 0.0262016, 0.0663368, 0.100799, 0.15305, 0.212053, 0.230267, 0.239707, 0.523526, 0.477239, 0.0997525, 0.288066, 1, 

159,2518,0.001, 0.0110509, 0.0261442, 0.0262016, 0.0663368, 0.100799, 0.15305, 0.161136, 0.234665, 0.562101, 0.262612, 0.539628, 0.803333, 0.833078, 0.955158, 1, 

142,2947,0.001, 0.0110509, 0.0261442, 0.0262016, 0.0663368, 0.100799, 0.15305, 0.161136, 0.234665, 0.262227, 0.806633, 1, 

144,2725,0.001, 0.0110509, 0.0262016, 0.0663368, 0.100799, 0.164494, 0.217953, 0.161136, 0.535051, 0.262227, 0.262612, 1, 

Generation #18
141,7699,0.001, 0.0110509, 0.118911, 0.0391854, 0.0928903, 0.0663368, 0.20244, 0.134715, 0.142228, 0.147769, 0.164878, 0.182603, 0.884137, 1, 

145,2586,0.001, 0.0110509, 0.0261442, 0.0262016, 0.0663368, 0.100799, 0.15305, 0.212053, 0.230267, 0.239707, 0.523526, 0.477239, 0.0997525, 0.288066, 1, 

159,2518,0.001, 0.0110509, 0.0261442, 0.0262016, 0.0663368, 0.100799, 0.15305, 0.161136, 0.234665, 0.562101, 0.262612, 0.539628, 0.803333, 0.833078, 0.955158, 1, 

142,2947,0.001, 0.0110509, 0.0261442, 0.0262016, 0.0663368, 0.100799, 0.15305, 0.161136, 0.234665, 0.262227, 0.806633, 1, 

144,2725,0.001, 0.0110509, 0.0262016, 0.0663368, 0.100799, 0.164494, 0.217953, 0.161136, 0.535051, 0.262227, 0.262612, 1, 

Generation #19
141,7699,0.001, 0.0110509, 0.118911, 0.0391854, 0.0928903, 0.0663368, 0.20244, 0.134715, 0.142228, 0.147769, 0.164878, 0.182603, 0.884137, 1, 

145,2586,0.001, 0.0110509, 0.0261442, 0.0262016, 0.0663368, 0.100799, 0.15305, 0.212053, 0.230267, 0.239707, 0.523526, 0.477239, 0.0997525, 0.288066, 1, 

159,2518,0.001, 0.0110509, 0.0261442, 0.0262016, 0.0663368, 0.100799, 0.15305, 0.161136, 0.234665, 0.562101, 0.262612, 0.539628, 0.803333, 0.833078, 0.955158, 1, 

142,2947,0.001, 0.0110509, 0.0261442, 0.0262016, 0.0663368, 0.100799, 0.15305, 0.161136, 0.234665, 0.262227, 0.806633, 1, 

144,2725,0.001, 0.0110509, 0.0262016, 0.0663368, 0.100799, 0.164494, 0.217953, 0.161136, 0.535051, 0.262227, 0.262612, 1, 

Generation #20
141,7699,0.001, 0.0110509, 0.118911, 0.0391854, 0.0928903, 0.0663368, 0.20244, 0.134715, 0.142228, 0.147769, 0.164878, 0.182603, 0.884137, 1, 

145,2586,0.001, 0.0110509, 0.0261442, 0.0262016, 0.0663368, 0.100799, 0.15305, 0.212053, 0.230267, 0.239707, 0.523526, 0.477239, 0.0997525, 0.288066, 1, 

142,2947,0.001, 0.0110509, 0.0261442, 0.0262016, 0.0663368, 0.100799, 0.15305, 0.161136, 0.234665, 0.262227, 0.806633, 1, 

144,2725,0.001, 0.0110509, 0.0262016, 0.0663368, 0.100799, 0.164494, 0.217953, 0.161136, 0.535051, 0.262227, 0.262612, 1, 

152,2490,0.001, 0.0110509, 0.0261442, 0.0262016, 0.0663368, 0.164494, 0.217953, 0.161136, 0.535051, 0.262227, 1, 

Generation #21
141,7699,0.001, 0.0110509, 0.118911, 0.0391854, 0.0928903, 0.0663368, 0.20244, 0.134715, 0.142228, 0.147769, 0.164878, 0.182603, 0.884137, 1, 

142,2947,0.001, 0.0110509, 0.0261442, 0.0262016, 0.0663368, 0.100799, 0.15305, 0.161136, 0.234665, 0.262227, 0.806633, 1, 

144,2725,0.001, 0.0110509, 0.0262016, 0.0663368, 0.100799, 0.164494, 0.217953, 0.161136, 0.535051, 0.262227, 0.262612, 1, 

152,2490,0.001, 0.0110509, 0.0261442, 0.0262016, 0.0663368, 0.164494, 0.217953, 0.161136, 0.535051, 0.262227, 1, 

145,2559,0.001, 0.0110509, 0.0261442, 0.0262016, 0.0663368, 0.100799, 0.15305, 0.161136, 0.234665, 0.262227, 1, 

Generation #22
141,7699,0.001, 0.0110509, 0.118911, 0.0391854, 0.0928903, 0.0663368, 0.20244, 0.134715, 0.142228, 0.147769, 0.164878, 0.182603, 0.884137, 1, 

142,2947,0.001, 0.0110509, 0.0261442, 0.0262016, 0.0663368, 0.100799, 0.15305, 0.161136, 0.234665, 0.262227, 0.806633, 1, 

144,2725,0.001, 0.0110509, 0.0262016, 0.0663368, 0.100799, 0.164494, 0.217953, 0.161136, 0.535051, 0.262227, 0.262612, 1, 

152,2490,0.001, 0.0110509, 0.0261442, 0.0262016, 0.0663368, 0.164494, 0.217953, 0.161136, 0.535051, 0.262227, 1, 

145,2559,0.001, 0.0110509, 0.0261442, 0.0262016, 0.0663368, 0.100799, 0.15305, 0.161136, 0.234665, 0.262227, 1, 

154,2384,0.001, 0.0110509, 0.0261442, 0.0262016, 0.0663368, 0.100799, 0.15305, 0.161136, 0.230267, 0.368612, 1, 

Generation #23
141,7699,0.001, 0.0110509, 0.118911, 0.0391854, 0.0928903, 0.0663368, 0.20244, 0.134715, 0.142228, 0.147769, 0.164878, 0.182603, 0.884137, 1, 

142,2947,0.001, 0.0110509, 0.0261442, 0.0262016, 0.0663368, 0.100799, 0.15305, 0.161136, 0.234665, 0.262227, 0.806633, 1, 

144,2725,0.001, 0.0110509, 0.0262016, 0.0663368, 0.100799, 0.164494, 0.217953, 0.161136, 0.535051, 0.262227, 0.262612, 1, 

152,2490,0.001, 0.0110509, 0.0261442, 0.0262016, 0.0663368, 0.164494, 0.217953, 0.161136, 0.535051, 0.262227, 1, 

145,2559,0.001, 0.0110509, 0.0261442, 0.0262016, 0.0663368, 0.100799, 0.15305, 0.161136, 0.234665, 0.262227, 1, 

154,2384,0.001, 0.0110509, 0.0261442, 0.0262016, 0.0663368, 0.100799, 0.15305, 0.161136, 0.230267, 0.368612, 1, 

Generation #24
141,7699,0.001, 0.0110509, 0.118911, 0.0391854, 0.0928903, 0.0663368, 0.20244, 0.134715, 0.142228, 0.147769, 0.164878, 0.182603, 0.884137, 1, 

142,2947,0.001, 0.0110509, 0.0261442, 0.0262016, 0.0663368, 0.100799, 0.15305, 0.161136, 0.234665, 0.262227, 0.806633, 1, 

144,2725,0.001, 0.0110509, 0.0262016, 0.0663368, 0.100799, 0.164494, 0.217953, 0.161136, 0.535051, 0.262227, 0.262612, 1, 

152,2490,0.001, 0.0110509, 0.0261442, 0.0262016, 0.0663368, 0.164494, 0.217953, 0.161136, 0.535051, 0.262227, 1, 

145,2559,0.001, 0.0110509, 0.0261442, 0.0262016, 0.0663368, 0.100799, 0.15305, 0.161136, 0.234665, 0.262227, 1, 

154,2384,0.001, 0.0110509, 0.0261442, 0.0262016, 0.0663368, 0.100799, 0.15305, 0.161136, 0.230267, 0.368612, 1, 

Generation #25
141,7699,0.001, 0.0110509, 0.118911, 0.0391854, 0.0928903, 0.0663368, 0.20244, 0.134715, 0.142228, 0.147769, 0.164878, 0.182603, 0.884137, 1, 

142,2947,0.001, 0.0110509, 0.0261442, 0.0262016, 0.0663368, 0.100799, 0.15305, 0.161136, 0.234665, 0.262227, 0.806633, 1, 

144,2725,0.001, 0.0110509, 0.0262016, 0.0663368, 0.100799, 0.164494, 0.217953, 0.161136, 0.535051, 0.262227, 0.262612, 1, 

152,2490,0.001, 0.0110509, 0.0261442, 0.0262016, 0.0663368, 0.164494, 0.217953, 0.161136, 0.535051, 0.262227, 1, 

145,2559,0.001, 0.0110509, 0.0261442, 0.0262016, 0.0663368, 0.100799, 0.15305, 0.161136, 0.234665, 0.262227, 1, 

154,2384,0.001, 0.0110509, 0.0261442, 0.0262016, 0.0663368, 0.100799, 0.15305, 0.161136, 0.230267, 0.368612, 1, 
