------------d=1, t=3, lambda=1, filename=./evaluation/SPINS/SPINS_3_1.csv------------
Grouping d-sets by partitioned row counts for detecting arrays...
Ready to look at pairs for detecting arrays...
First Stage N=93, Time=40
There are 86346 remaining non-locating pairs
--- Running Density Algorithm (phase2_ce) for Locating ---
  (CE) DEBUG: Trying to distinguish 86346 pairs. Example:
       Pair 0: (1,5,17,),(1,1,2,)  vs (1,11,15,),(0,0,3,)  (already separated 0 times)
  (CE) Using greedy column-by-column strategy.
  (CE) Row 100 built (best score: 3882). 47667 pairs remaining to distinguish.
  (CE) Row 110 built (best score: 1384). 21220 pairs remaining to distinguish.
  (CE) Row 120 built (best score: 883). 9908 pairs remaining to distinguish.
  (CE) Row 130 built (best score: 430). 4842 pairs remaining to distinguish.
  (CE) Row 140 built (best score: 155). 2287 pairs remaining to distinguish.
  (CE) Row 150 built (best score: 82). 1103 pairs remaining to distinguish.
  (CE) Row 160 built (best score: 42). 526 pairs remaining to distinguish.
  (CE) Row 170 built (best score: 15). 257 pairs remaining to distinguish.
  (CE) Row 180 built (best score: 9). 106 pairs remaining to distinguish.
  (CE) Row 190 built (best score: 5). 34 pairs remaining to distinguish.
  (CE) Row 200 built (best score: 1). 10 pairs remaining to distinguish.
  (CE) Row 208 built (best score: 1). 0 pairs remaining to distinguish.
--- Pareto Front Solutions ---
Solution 0: N total=208 (N_initial=93, N_added=115), Time total=12401 ms, Saved to: ./results/SPINS_t3_l1_pareto_0.csv, percents=1, 

------------d=1, t=3, lambda=2, filename=./evaluation/SPINS/SPINS_3_2.csv------------
Grouping d-sets by partitioned row counts for detecting arrays...
Ready to look at pairs for detecting arrays...
First Stage N=129, Time=28
There are 40640 remaining non-locating pairs
--- Running Density Algorithm (phase2_ce) for Locating ---
  (CE) DEBUG: Trying to distinguish 40640 pairs. Example:
       Pair 0: (0,2,13,),(0,0,1,)  vs (6,9,13,),(0,1,1,)  (already separated 0 times)
  (CE) Using greedy column-by-column strategy.
  (CE) Row 130 built (best score: 3499). 40640 pairs remaining to distinguish.
  (CE) Row 140 built (best score: 2188). 32336 pairs remaining to distinguish.
  (CE) Row 150 built (best score: 1407). 24000 pairs remaining to distinguish.
  (CE) Row 160 built (best score: 1068). 16331 pairs remaining to distinguish.
  (CE) Row 170 built (best score: 574). 11178 pairs remaining to distinguish.
  (CE) Row 180 built (best score: 419). 7224 pairs remaining to distinguish.
  (CE) Row 190 built (best score: 260). 4567 pairs remaining to distinguish.
  (CE) Row 200 built (best score: 175). 2776 pairs remaining to distinguish.
  (CE) Row 210 built (best score: 95). 1639 pairs remaining to distinguish.
  (CE) Row 220 built (best score: 59). 996 pairs remaining to distinguish.
  (CE) Row 230 built (best score: 27). 587 pairs remaining to distinguish.
  (CE) Row 240 built (best score: 18). 341 pairs remaining to distinguish.
  (CE) Row 250 built (best score: 15). 207 pairs remaining to distinguish.
  (CE) Row 260 built (best score: 9). 109 pairs remaining to distinguish.
  (CE) Row 270 built (best score: 5). 51 pairs remaining to distinguish.
  (CE) Row 280 built (best score: 1). 21 pairs remaining to distinguish.
  (CE) Row 290 built (best score: 1). 5 pairs remaining to distinguish.
  (CE) Row 295 built (best score: 1). 0 pairs remaining to distinguish.
--- Pareto Front Solutions ---
Solution 0: N total=295 (N_initial=129, N_added=166), Time total=12181 ms, Saved to: ./results/SPINS_t3_l2_pareto_0.csv, percents=1, 

------------d=1, t=3, lambda=3, filename=./evaluation/SPINS/SPINS_3_3.csv------------
Grouping d-sets by partitioned row counts for detecting arrays...
Ready to look at pairs for detecting arrays...
First Stage N=220, Time=38
There are 12688 remaining non-locating pairs
--- Running Density Algorithm (phase2_ce) for Locating ---
  (CE) DEBUG: Trying to distinguish 12688 pairs. Example:
       Pair 0: (4,15,17,),(0,0,3,)  vs (8,15,17,),(1,0,3,)  (already separated 0 times)
  (CE) Using greedy column-by-column strategy.
  (CE) Row 230 built (best score: 798). 11519 pairs remaining to distinguish.
  (CE) Row 240 built (best score: 601). 10448 pairs remaining to distinguish.
  (CE) Row 250 built (best score: 553). 8807 pairs remaining to distinguish.
  (CE) Row 260 built (best score: 448). 7316 pairs remaining to distinguish.
  (CE) Row 270 built (best score: 306). 5820 pairs remaining to distinguish.
  (CE) Row 280 built (best score: 197). 4443 pairs remaining to distinguish.
  (CE) Row 290 built (best score: 191). 3242 pairs remaining to distinguish.
  (CE) Row 300 built (best score: 137). 2205 pairs remaining to distinguish.
  (CE) Row 310 built (best score: 95). 1569 pairs remaining to distinguish.
  (CE) Row 320 built (best score: 48). 1111 pairs remaining to distinguish.
  (CE) Row 330 built (best score: 30). 771 pairs remaining to distinguish.
  (CE) Row 340 built (best score: 23). 500 pairs remaining to distinguish.
  (CE) Row 350 built (best score: 19). 338 pairs remaining to distinguish.
  (CE) Row 360 built (best score: 15). 207 pairs remaining to distinguish.
  (CE) Row 370 built (best score: 7). 130 pairs remaining to distinguish.
  (CE) Row 380 built (best score: 6). 72 pairs remaining to distinguish.
  (CE) Row 390 built (best score: 3). 31 pairs remaining to distinguish.
  (CE) Row 400 built (best score: 1). 12 pairs remaining to distinguish.
  (CE) Row 410 built (best score: 1). 4 pairs remaining to distinguish.
  (CE) Row 415 built (best score: 1). 0 pairs remaining to distinguish.
--- Pareto Front Solutions ---
Solution 0: N total=415 (N_initial=220, N_added=195), Time total=5194 ms, Saved to: ./results/SPINS_t3_l3_pareto_0.csv, percents=1, 

------------d=1, t=3, lambda=4, filename=./evaluation/SPINS/SPINS_3_4.csv------------
Grouping d-sets by partitioned row counts for detecting arrays...
Ready to look at pairs for detecting arrays...
First Stage N=256, Time=43
There are 11309 remaining non-locating pairs
--- Running Density Algorithm (phase2_ce) for Locating ---
  (CE) DEBUG: Trying to distinguish 11309 pairs. Example:
       Pair 0: (0,14,16,),(0,1,1,)  vs (2,14,16,),(0,1,1,)  (already separated 0 times)
  (CE) Using greedy column-by-column strategy.
  (CE) Row 260 built (best score: 578). 11309 pairs remaining to distinguish.
  (CE) Row 270 built (best score: 538). 10921 pairs remaining to distinguish.
  (CE) Row 280 built (best score: 473). 10295 pairs remaining to distinguish.
  (CE) Row 290 built (best score: 427). 9770 pairs remaining to distinguish.
  (CE) Row 300 built (best score: 375). 9021 pairs remaining to distinguish.
  (CE) Row 310 built (best score: 383). 8188 pairs remaining to distinguish.
  (CE) Row 320 built (best score: 346). 7308 pairs remaining to distinguish.
  (CE) Row 330 built (best score: 248). 6339 pairs remaining to distinguish.
  (CE) Row 340 built (best score: 258). 5474 pairs remaining to distinguish.
  (CE) Row 350 built (best score: 244). 4403 pairs remaining to distinguish.
  (CE) Row 360 built (best score: 189). 3586 pairs remaining to distinguish.
  (CE) Row 370 built (best score: 188). 2683 pairs remaining to distinguish.
  (CE) Row 380 built (best score: 107). 2138 pairs remaining to distinguish.
  (CE) Row 390 built (best score: 82). 1631 pairs remaining to distinguish.
  (CE) Row 400 built (best score: 82). 1260 pairs remaining to distinguish.
  (CE) Row 410 built (best score: 60). 956 pairs remaining to distinguish.
  (CE) Row 420 built (best score: 40). 698 pairs remaining to distinguish.
  (CE) Row 430 built (best score: 25). 530 pairs remaining to distinguish.
  (CE) Row 440 built (best score: 17). 397 pairs remaining to distinguish.
  (CE) Row 450 built (best score: 18). 265 pairs remaining to distinguish.
  (CE) Row 460 built (best score: 11). 170 pairs remaining to distinguish.
  (CE) Row 470 built (best score: 8). 108 pairs remaining to distinguish.
  (CE) Row 480 built (best score: 5). 57 pairs remaining to distinguish.
  (CE) Row 490 built (best score: 4). 31 pairs remaining to distinguish.
  (CE) Row 500 built (best score: 3). 9 pairs remaining to distinguish.
  (CE) Row 510 built (best score: 1). 2 pairs remaining to distinguish.
  (CE) Row 514 built (best score: 1). 0 pairs remaining to distinguish.
--- Pareto Front Solutions ---
Solution 0: N total=514 (N_initial=256, N_added=258), Time total=6875 ms, Saved to: ./results/SPINS_t3_l4_pareto_0.csv, percents=1, 

