------------d=1, t=3, lambda=1, filename=./evaluation/SPINS/SPINS_3_1.csv------------
Computing partitioned counts of d-sets...
Ready to look at pairs based on partitioned counts...
First Stage N=93, Time=63
There are 6014 remaining non-locating pairs
--- Running Conditional Expectation Algorithm (phase2_ce) for Locating ---
  (CE) Initial N_target calculated as: 383 (M=93)
  (CE) Row 94 built. 5642 pairs remaining to distinguish.
  (CE) Row 95 built. 5239 pairs remaining to distinguish.
  (CE) Row 96 built. 4880 pairs remaining to distinguish.
  (CE) Row 97 built. 4565 pairs remaining to distinguish.
  (CE) Row 98 built. 4144 pairs remaining to distinguish.
  (CE) Row 99 built. 3857 pairs remaining to distinguish.
  (CE) Row 100 built. 3552 pairs remaining to distinguish.
  (CE) Row 101 built. 3305 pairs remaining to distinguish.
  (CE) Row 102 built. 3096 pairs remaining to distinguish.
  (CE) Row 103 built. 2919 pairs remaining to distinguish.
  (CE) Row 104 built. 2803 pairs remaining to distinguish.
  (CE) Row 105 built. 2606 pairs remaining to distinguish.
  (CE) Row 106 built. 2482 pairs remaining to distinguish.
  (CE) Row 107 built. 2345 pairs remaining to distinguish.
  (CE) Row 108 built. 2196 pairs remaining to distinguish.
  (CE) Row 109 built. 2053 pairs remaining to distinguish.
  (CE) Row 110 built. 1923 pairs remaining to distinguish.
  (CE) Row 111 built. 1784 pairs remaining to distinguish.
  (CE) Row 112 built. 1676 pairs remaining to distinguish.
  (CE) Row 113 built. 1541 pairs remaining to distinguish.
  (CE) Row 114 built. 1459 pairs remaining to distinguish.
  (CE) Row 115 built. 1357 pairs remaining to distinguish.
  (CE) Row 116 built. 1256 pairs remaining to distinguish.
  (CE) Row 117 built. 1178 pairs remaining to distinguish.
  (CE) Row 118 built. 1114 pairs remaining to distinguish.
  (CE) Row 119 built. 1051 pairs remaining to distinguish.
  (CE) Row 120 built. 968 pairs remaining to distinguish.
  (CE) Row 121 built. 921 pairs remaining to distinguish.
  (CE) Row 122 built. 879 pairs remaining to distinguish.
  (CE) Row 123 built. 821 pairs remaining to distinguish.
  (CE) Row 124 built. 754 pairs remaining to distinguish.
  (CE) Row 125 built. 712 pairs remaining to distinguish.
  (CE) Row 126 built. 662 pairs remaining to distinguish.
  (CE) Row 127 built. 618 pairs remaining to distinguish.
  (CE) Row 128 built. 578 pairs remaining to distinguish.
  (CE) Row 129 built. 537 pairs remaining to distinguish.
  (CE) Row 130 built. 499 pairs remaining to distinguish.
  (CE) Row 131 built. 466 pairs remaining to distinguish.
  (CE) Row 132 built. 436 pairs remaining to distinguish.
  (CE) Row 133 built. 416 pairs remaining to distinguish.
  (CE) Row 134 built. 385 pairs remaining to distinguish.
  (CE) Row 135 built. 370 pairs remaining to distinguish.
  (CE) Row 136 built. 347 pairs remaining to distinguish.
  (CE) Row 137 built. 334 pairs remaining to distinguish.
  (CE) Row 138 built. 316 pairs remaining to distinguish.
  (CE) Row 139 built. 292 pairs remaining to distinguish.
  (CE) Row 140 built. 272 pairs remaining to distinguish.
  (CE) Row 141 built. 254 pairs remaining to distinguish.
  (CE) Row 142 built. 242 pairs remaining to distinguish.
  (CE) Row 143 built. 228 pairs remaining to distinguish.
  (CE) Row 144 built. 210 pairs remaining to distinguish.
  (CE) Row 145 built. 197 pairs remaining to distinguish.
  (CE) Row 146 built. 179 pairs remaining to distinguish.
  (CE) Row 147 built. 170 pairs remaining to distinguish.
  (CE) Row 148 built. 154 pairs remaining to distinguish.
  (CE) Row 149 built. 137 pairs remaining to distinguish.
  (CE) Row 150 built. 128 pairs remaining to distinguish.
  (CE) Row 151 built. 120 pairs remaining to distinguish.
  (CE) Row 152 built. 111 pairs remaining to distinguish.
  (CE) Row 153 built. 101 pairs remaining to distinguish.
  (CE) Row 154 built. 92 pairs remaining to distinguish.
  (CE) Row 155 built. 86 pairs remaining to distinguish.
  (CE) Row 156 built. 76 pairs remaining to distinguish.
  (CE) Row 157 built. 69 pairs remaining to distinguish.
  (CE) Row 158 built. 63 pairs remaining to distinguish.
  (CE) Row 159 built. 57 pairs remaining to distinguish.
  (CE) Row 160 built. 55 pairs remaining to distinguish.
  (CE) Row 161 built. 42 pairs remaining to distinguish.
  (CE) Row 162 built. 38 pairs remaining to distinguish.
  (CE) Row 163 built. 32 pairs remaining to distinguish.
  (CE) Row 164 built. 29 pairs remaining to distinguish.
  (CE) Row 165 built. 21 pairs remaining to distinguish.
  (CE) Row 166 built. 18 pairs remaining to distinguish.
  (CE) Row 167 built. 13 pairs remaining to distinguish.
  (CE) Row 168 built. 10 pairs remaining to distinguish.
  (CE) Row 169 built. 7 pairs remaining to distinguish.
  (CE) Row 170 built. 6 pairs remaining to distinguish.
  (CE) Row 171 built. 5 pairs remaining to distinguish.
  (CE) Row 172 built. 3 pairs remaining to distinguish.
  (CE) Row 173 built. 2 pairs remaining to distinguish.
  (CE) Row 174 built. 1 pairs remaining to distinguish.
  (CE) Row 175 built. 0 pairs remaining to distinguish.
--- Pareto Front Solutions ---
Solution 0: N total=175 (N_initial=93, N_added=82), Time total=3702 ms, Saved to: ./results/SPINS_t3_l1_pareto_0.csv, percents=1, 

------------d=1, t=3, lambda=2, filename=./evaluation/SPINS/SPINS_3_2.csv------------
Computing partitioned counts of d-sets...
Ready to look at pairs based on partitioned counts...
First Stage N=129, Time=50
There are 735 remaining non-locating pairs
--- Running Conditional Expectation Algorithm (phase2_ce) for Locating ---
  (CE) Initial N_target calculated as: 476 (M=129)
  (CE) Row 130 built. 735 pairs remaining to distinguish.
  (CE) Row 131 built. 735 pairs remaining to distinguish.
  (CE) Row 132 built. 735 pairs remaining to distinguish.
  (CE) Row 133 built. 735 pairs remaining to distinguish.
  (CE) Row 134 built. 735 pairs remaining to distinguish.
  (CE) Row 135 built. 735 pairs remaining to distinguish.
  (CE) Row 136 built. 735 pairs remaining to distinguish.
  (CE) Row 137 built. 734 pairs remaining to distinguish.
  (CE) Row 138 built. 732 pairs remaining to distinguish.
  (CE) Row 139 built. 727 pairs remaining to distinguish.
  (CE) Row 140 built. 727 pairs remaining to distinguish.
  (CE) Row 141 built. 715 pairs remaining to distinguish.
  (CE) Row 142 built. 709 pairs remaining to distinguish.
  (CE) Row 143 built. 700 pairs remaining to distinguish.
  (CE) Row 144 built. 690 pairs remaining to distinguish.
  (CE) Row 145 built. 678 pairs remaining to distinguish.
  (CE) Row 146 built. 668 pairs remaining to distinguish.
  (CE) Row 147 built. 652 pairs remaining to distinguish.
  (CE) Row 148 built. 640 pairs remaining to distinguish.
  (CE) Row 149 built. 628 pairs remaining to distinguish.
  (CE) Row 150 built. 606 pairs remaining to distinguish.
  (CE) Row 151 built. 598 pairs remaining to distinguish.
  (CE) Row 152 built. 585 pairs remaining to distinguish.
  (CE) Row 153 built. 573 pairs remaining to distinguish.
  (CE) Row 154 built. 559 pairs remaining to distinguish.
  (CE) Row 155 built. 537 pairs remaining to distinguish.
  (CE) Row 156 built. 508 pairs remaining to distinguish.
  (CE) Row 157 built. 489 pairs remaining to distinguish.
  (CE) Row 158 built. 479 pairs remaining to distinguish.
  (CE) Row 159 built. 462 pairs remaining to distinguish.
  (CE) Row 160 built. 452 pairs remaining to distinguish.
  (CE) Row 161 built. 437 pairs remaining to distinguish.
  (CE) Row 162 built. 415 pairs remaining to distinguish.
  (CE) Row 163 built. 409 pairs remaining to distinguish.
  (CE) Row 164 built. 398 pairs remaining to distinguish.
  (CE) Row 165 built. 384 pairs remaining to distinguish.
  (CE) Row 166 built. 373 pairs remaining to distinguish.
  (CE) Row 167 built. 363 pairs remaining to distinguish.
  (CE) Row 168 built. 347 pairs remaining to distinguish.
  (CE) Row 169 built. 331 pairs remaining to distinguish.
  (CE) Row 170 built. 313 pairs remaining to distinguish.
  (CE) Row 171 built. 300 pairs remaining to distinguish.
  (CE) Row 172 built. 288 pairs remaining to distinguish.
  (CE) Row 173 built. 277 pairs remaining to distinguish.
  (CE) Row 174 built. 265 pairs remaining to distinguish.
  (CE) Row 175 built. 253 pairs remaining to distinguish.
  (CE) Row 176 built. 245 pairs remaining to distinguish.
  (CE) Row 177 built. 233 pairs remaining to distinguish.
  (CE) Row 178 built. 219 pairs remaining to distinguish.
  (CE) Row 179 built. 212 pairs remaining to distinguish.
  (CE) Row 180 built. 202 pairs remaining to distinguish.
  (CE) Row 181 built. 195 pairs remaining to distinguish.
  (CE) Row 182 built. 188 pairs remaining to distinguish.
  (CE) Row 183 built. 176 pairs remaining to distinguish.
  (CE) Row 184 built. 166 pairs remaining to distinguish.
  (CE) Row 185 built. 158 pairs remaining to distinguish.
  (CE) Row 186 built. 144 pairs remaining to distinguish.
  (CE) Row 187 built. 138 pairs remaining to distinguish.
  (CE) Row 188 built. 122 pairs remaining to distinguish.
  (CE) Row 189 built. 113 pairs remaining to distinguish.
  (CE) Row 190 built. 104 pairs remaining to distinguish.
  (CE) Row 191 built. 97 pairs remaining to distinguish.
  (CE) Row 192 built. 90 pairs remaining to distinguish.
  (CE) Row 193 built. 79 pairs remaining to distinguish.
  (CE) Row 194 built. 72 pairs remaining to distinguish.
  (CE) Row 195 built. 66 pairs remaining to distinguish.
  (CE) Row 196 built. 61 pairs remaining to distinguish.
  (CE) Row 197 built. 51 pairs remaining to distinguish.
  (CE) Row 198 built. 42 pairs remaining to distinguish.
  (CE) Row 199 built. 38 pairs remaining to distinguish.
  (CE) Row 200 built. 34 pairs remaining to distinguish.
  (CE) Row 201 built. 30 pairs remaining to distinguish.
  (CE) Row 202 built. 27 pairs remaining to distinguish.
  (CE) Row 203 built. 23 pairs remaining to distinguish.
  (CE) Row 204 built. 20 pairs remaining to distinguish.
  (CE) Row 205 built. 18 pairs remaining to distinguish.
  (CE) Row 206 built. 16 pairs remaining to distinguish.
  (CE) Row 207 built. 15 pairs remaining to distinguish.
  (CE) Row 208 built. 11 pairs remaining to distinguish.
  (CE) Row 209 built. 8 pairs remaining to distinguish.
  (CE) Row 210 built. 6 pairs remaining to distinguish.
  (CE) Row 211 built. 4 pairs remaining to distinguish.
  (CE) Row 212 built. 2 pairs remaining to distinguish.
  (CE) Row 213 built. 0 pairs remaining to distinguish.
--- Pareto Front Solutions ---
Solution 0: N total=213 (N_initial=129, N_added=84), Time total=1160 ms, Saved to: ./results/SPINS_t3_l2_pareto_0.csv, percents=1, 

------------d=1, t=3, lambda=3, filename=./evaluation/SPINS/SPINS_3_3.csv------------
Computing partitioned counts of d-sets...
Ready to look at pairs based on partitioned counts...
First Stage N=220, Time=52
There are 236 remaining non-locating pairs
--- Running Conditional Expectation Algorithm (phase2_ce) for Locating ---
  (CE) Initial N_target calculated as: 604 (M=220)
  (CE) Row 221 built. 232 pairs remaining to distinguish.
  (CE) Row 222 built. 228 pairs remaining to distinguish.
  (CE) Row 223 built. 226 pairs remaining to distinguish.
  (CE) Row 224 built. 226 pairs remaining to distinguish.
  (CE) Row 225 built. 224 pairs remaining to distinguish.
  (CE) Row 226 built. 221 pairs remaining to distinguish.
  (CE) Row 227 built. 218 pairs remaining to distinguish.
  (CE) Row 228 built. 213 pairs remaining to distinguish.
  (CE) Row 229 built. 210 pairs remaining to distinguish.
  (CE) Row 230 built. 210 pairs remaining to distinguish.
  (CE) Row 231 built. 209 pairs remaining to distinguish.
  (CE) Row 232 built. 209 pairs remaining to distinguish.
  (CE) Row 233 built. 204 pairs remaining to distinguish.
  (CE) Row 234 built. 202 pairs remaining to distinguish.
  (CE) Row 235 built. 202 pairs remaining to distinguish.
  (CE) Row 236 built. 200 pairs remaining to distinguish.
  (CE) Row 237 built. 194 pairs remaining to distinguish.
  (CE) Row 238 built. 194 pairs remaining to distinguish.
  (CE) Row 239 built. 190 pairs remaining to distinguish.
  (CE) Row 240 built. 186 pairs remaining to distinguish.
  (CE) Row 241 built. 185 pairs remaining to distinguish.
  (CE) Row 242 built. 183 pairs remaining to distinguish.
  (CE) Row 243 built. 182 pairs remaining to distinguish.
  (CE) Row 244 built. 181 pairs remaining to distinguish.
  (CE) Row 245 built. 179 pairs remaining to distinguish.
  (CE) Row 246 built. 178 pairs remaining to distinguish.
  (CE) Row 247 built. 178 pairs remaining to distinguish.
  (CE) Row 248 built. 176 pairs remaining to distinguish.
  (CE) Row 249 built. 174 pairs remaining to distinguish.
  (CE) Row 250 built. 174 pairs remaining to distinguish.
  (CE) Row 251 built. 174 pairs remaining to distinguish.
  (CE) Row 252 built. 174 pairs remaining to distinguish.
  (CE) Row 253 built. 174 pairs remaining to distinguish.
  (CE) Row 254 built. 172 pairs remaining to distinguish.
  (CE) Row 255 built. 169 pairs remaining to distinguish.
  (CE) Row 256 built. 168 pairs remaining to distinguish.
  (CE) Row 257 built. 163 pairs remaining to distinguish.
  (CE) Row 258 built. 160 pairs remaining to distinguish.
  (CE) Row 259 built. 156 pairs remaining to distinguish.
  (CE) Row 260 built. 152 pairs remaining to distinguish.
  (CE) Row 261 built. 150 pairs remaining to distinguish.
  (CE) Row 262 built. 149 pairs remaining to distinguish.
  (CE) Row 263 built. 142 pairs remaining to distinguish.
  (CE) Row 264 built. 139 pairs remaining to distinguish.
  (CE) Row 265 built. 134 pairs remaining to distinguish.
  (CE) Row 266 built. 130 pairs remaining to distinguish.
  (CE) Row 267 built. 125 pairs remaining to distinguish.
  (CE) Row 268 built. 121 pairs remaining to distinguish.
  (CE) Row 269 built. 117 pairs remaining to distinguish.
  (CE) Row 270 built. 114 pairs remaining to distinguish.
  (CE) Row 271 built. 110 pairs remaining to distinguish.
  (CE) Row 272 built. 108 pairs remaining to distinguish.
  (CE) Row 273 built. 103 pairs remaining to distinguish.
  (CE) Row 274 built. 97 pairs remaining to distinguish.
  (CE) Row 275 built. 91 pairs remaining to distinguish.
  (CE) Row 276 built. 90 pairs remaining to distinguish.
  (CE) Row 277 built. 86 pairs remaining to distinguish.
  (CE) Row 278 built. 86 pairs remaining to distinguish.
  (CE) Row 279 built. 82 pairs remaining to distinguish.
  (CE) Row 280 built. 81 pairs remaining to distinguish.
  (CE) Row 281 built. 76 pairs remaining to distinguish.
  (CE) Row 282 built. 70 pairs remaining to distinguish.
  (CE) Row 283 built. 66 pairs remaining to distinguish.
  (CE) Row 284 built. 61 pairs remaining to distinguish.
  (CE) Row 285 built. 56 pairs remaining to distinguish.
  (CE) Row 286 built. 53 pairs remaining to distinguish.
  (CE) Row 287 built. 46 pairs remaining to distinguish.
  (CE) Row 288 built. 42 pairs remaining to distinguish.
  (CE) Row 289 built. 35 pairs remaining to distinguish.
  (CE) Row 290 built. 31 pairs remaining to distinguish.
  (CE) Row 291 built. 27 pairs remaining to distinguish.
  (CE) Row 292 built. 23 pairs remaining to distinguish.
  (CE) Row 293 built. 21 pairs remaining to distinguish.
  (CE) Row 294 built. 19 pairs remaining to distinguish.
  (CE) Row 295 built. 16 pairs remaining to distinguish.
  (CE) Row 296 built. 14 pairs remaining to distinguish.
  (CE) Row 297 built. 12 pairs remaining to distinguish.
  (CE) Row 298 built. 10 pairs remaining to distinguish.
  (CE) Row 299 built. 8 pairs remaining to distinguish.
  (CE) Row 300 built. 6 pairs remaining to distinguish.
  (CE) Row 301 built. 5 pairs remaining to distinguish.
  (CE) Row 302 built. 4 pairs remaining to distinguish.
  (CE) Row 303 built. 3 pairs remaining to distinguish.
  (CE) Row 304 built. 2 pairs remaining to distinguish.
  (CE) Row 305 built. 1 pairs remaining to distinguish.
  (CE) Row 306 built. 0 pairs remaining to distinguish.
--- Pareto Front Solutions ---
Solution 0: N total=306 (N_initial=220, N_added=86), Time total=479 ms, Saved to: ./results/SPINS_t3_l3_pareto_0.csv, percents=1, 

------------d=1, t=3, lambda=4, filename=./evaluation/SPINS/SPINS_3_4.csv------------
Computing partitioned counts of d-sets...
Ready to look at pairs based on partitioned counts...
First Stage N=256, Time=50
There are 394 remaining non-locating pairs
--- Running Conditional Expectation Algorithm (phase2_ce) for Locating ---
  (CE) Initial N_target calculated as: 757 (M=256)
  (CE) Row 257 built. 394 pairs remaining to distinguish.
  (CE) Row 258 built. 394 pairs remaining to distinguish.
  (CE) Row 259 built. 394 pairs remaining to distinguish.
  (CE) Row 260 built. 394 pairs remaining to distinguish.
  (CE) Row 261 built. 394 pairs remaining to distinguish.
  (CE) Row 262 built. 394 pairs remaining to distinguish.
  (CE) Row 263 built. 394 pairs remaining to distinguish.
  (CE) Row 264 built. 394 pairs remaining to distinguish.
  (CE) Row 265 built. 394 pairs remaining to distinguish.
  (CE) Row 266 built. 394 pairs remaining to distinguish.
  (CE) Row 267 built. 394 pairs remaining to distinguish.
  (CE) Row 268 built. 394 pairs remaining to distinguish.
  (CE) Row 269 built. 394 pairs remaining to distinguish.
  (CE) Row 270 built. 394 pairs remaining to distinguish.
  (CE) Row 271 built. 394 pairs remaining to distinguish.
  (CE) Row 272 built. 390 pairs remaining to distinguish.
  (CE) Row 273 built. 390 pairs remaining to distinguish.
  (CE) Row 274 built. 387 pairs remaining to distinguish.
  (CE) Row 275 built. 387 pairs remaining to distinguish.
  (CE) Row 276 built. 387 pairs remaining to distinguish.
  (CE) Row 277 built. 387 pairs remaining to distinguish.
  (CE) Row 278 built. 385 pairs remaining to distinguish.
  (CE) Row 279 built. 385 pairs remaining to distinguish.
  (CE) Row 280 built. 385 pairs remaining to distinguish.
  (CE) Row 281 built. 384 pairs remaining to distinguish.
  (CE) Row 282 built. 384 pairs remaining to distinguish.
  (CE) Row 283 built. 384 pairs remaining to distinguish.
  (CE) Row 284 built. 384 pairs remaining to distinguish.
  (CE) Row 285 built. 384 pairs remaining to distinguish.
  (CE) Row 286 built. 384 pairs remaining to distinguish.
  (CE) Row 287 built. 384 pairs remaining to distinguish.
  (CE) Row 288 built. 384 pairs remaining to distinguish.
  (CE) Row 289 built. 384 pairs remaining to distinguish.
  (CE) Row 290 built. 384 pairs remaining to distinguish.
  (CE) Row 291 built. 384 pairs remaining to distinguish.
  (CE) Row 292 built. 384 pairs remaining to distinguish.
  (CE) Row 293 built. 384 pairs remaining to distinguish.
  (CE) Row 294 built. 384 pairs remaining to distinguish.
  (CE) Row 295 built. 384 pairs remaining to distinguish.
  (CE) Row 296 built. 384 pairs remaining to distinguish.
  (CE) Row 297 built. 384 pairs remaining to distinguish.
  (CE) Row 298 built. 384 pairs remaining to distinguish.
  (CE) Row 299 built. 384 pairs remaining to distinguish.
  (CE) Row 300 built. 384 pairs remaining to distinguish.
  (CE) Row 301 built. 384 pairs remaining to distinguish.
  (CE) Row 302 built. 384 pairs remaining to distinguish.
  (CE) Row 303 built. 384 pairs remaining to distinguish.
  (CE) Row 304 built. 384 pairs remaining to distinguish.
  (CE) Row 305 built. 384 pairs remaining to distinguish.
  (CE) Row 306 built. 384 pairs remaining to distinguish.
  (CE) Row 307 built. 384 pairs remaining to distinguish.
  (CE) Row 308 built. 384 pairs remaining to distinguish.
  (CE) Row 309 built. 384 pairs remaining to distinguish.
  (CE) Row 310 built. 383 pairs remaining to distinguish.
  (CE) Row 311 built. 383 pairs remaining to distinguish.
  (CE) Row 312 built. 382 pairs remaining to distinguish.
  (CE) Row 313 built. 381 pairs remaining to distinguish.
  (CE) Row 314 built. 381 pairs remaining to distinguish.
  (CE) Row 315 built. 380 pairs remaining to distinguish.
  (CE) Row 316 built. 380 pairs remaining to distinguish.
  (CE) Row 317 built. 380 pairs remaining to distinguish.
  (CE) Row 318 built. 380 pairs remaining to distinguish.
  (CE) Row 319 built. 379 pairs remaining to distinguish.
  (CE) Row 320 built. 379 pairs remaining to distinguish.
  (CE) Row 321 built. 377 pairs remaining to distinguish.
  (CE) Row 322 built. 375 pairs remaining to distinguish.
  (CE) Row 323 built. 375 pairs remaining to distinguish.
  (CE) Row 324 built. 375 pairs remaining to distinguish.
  (CE) Row 325 built. 374 pairs remaining to distinguish.
  (CE) Row 326 built. 372 pairs remaining to distinguish.
  (CE) Row 327 built. 371 pairs remaining to distinguish.
  (CE) Row 328 built. 369 pairs remaining to distinguish.
  (CE) Row 329 built. 368 pairs remaining to distinguish.
  (CE) Row 330 built. 367 pairs remaining to distinguish.
  (CE) Row 331 built. 365 pairs remaining to distinguish.
  (CE) Row 332 built. 361 pairs remaining to distinguish.
  (CE) Row 333 built. 359 pairs remaining to distinguish.
  (CE) Row 334 built. 357 pairs remaining to distinguish.
  (CE) Row 335 built. 355 pairs remaining to distinguish.
  (CE) Row 336 built. 353 pairs remaining to distinguish.
  (CE) Row 337 built. 351 pairs remaining to distinguish.
  (CE) Row 338 built. 346 pairs remaining to distinguish.
  (CE) Row 339 built. 345 pairs remaining to distinguish.
  (CE) Row 340 built. 343 pairs remaining to distinguish.
  (CE) Row 341 built. 338 pairs remaining to distinguish.
  (CE) Row 342 built. 336 pairs remaining to distinguish.
  (CE) Row 343 built. 333 pairs remaining to distinguish.
  (CE) Row 344 built. 330 pairs remaining to distinguish.
  (CE) Row 345 built. 327 pairs remaining to distinguish.
  (CE) Row 346 built. 324 pairs remaining to distinguish.
  (CE) Row 347 built. 319 pairs remaining to distinguish.
  (CE) Row 348 built. 314 pairs remaining to distinguish.
  (CE) Row 349 built. 310 pairs remaining to distinguish.
  (CE) Row 350 built. 307 pairs remaining to distinguish.
  (CE) Row 351 built. 303 pairs remaining to distinguish.
  (CE) Row 352 built. 297 pairs remaining to distinguish.
  (CE) Row 353 built. 294 pairs remaining to distinguish.
  (CE) Row 354 built. 287 pairs remaining to distinguish.
  (CE) Row 355 built. 282 pairs remaining to distinguish.
  (CE) Row 356 built. 277 pairs remaining to distinguish.
  (CE) Row 357 built. 270 pairs remaining to distinguish.
  (CE) Row 358 built. 266 pairs remaining to distinguish.
  (CE) Row 359 built. 258 pairs remaining to distinguish.
  (CE) Row 360 built. 250 pairs remaining to distinguish.
  (CE) Row 361 built. 244 pairs remaining to distinguish.
  (CE) Row 362 built. 237 pairs remaining to distinguish.
  (CE) Row 363 built. 229 pairs remaining to distinguish.
  (CE) Row 364 built. 221 pairs remaining to distinguish.
  (CE) Row 365 built. 213 pairs remaining to distinguish.
  (CE) Row 366 built. 205 pairs remaining to distinguish.
  (CE) Row 367 built. 200 pairs remaining to distinguish.
  (CE) Row 368 built. 192 pairs remaining to distinguish.
  (CE) Row 369 built. 186 pairs remaining to distinguish.
  (CE) Row 370 built. 180 pairs remaining to distinguish.
  (CE) Row 371 built. 175 pairs remaining to distinguish.
  (CE) Row 372 built. 166 pairs remaining to distinguish.
  (CE) Row 373 built. 159 pairs remaining to distinguish.
  (CE) Row 374 built. 153 pairs remaining to distinguish.
  (CE) Row 375 built. 146 pairs remaining to distinguish.
  (CE) Row 376 built. 139 pairs remaining to distinguish.
  (CE) Row 377 built. 128 pairs remaining to distinguish.
  (CE) Row 378 built. 121 pairs remaining to distinguish.
  (CE) Row 379 built. 113 pairs remaining to distinguish.
  (CE) Row 380 built. 110 pairs remaining to distinguish.
  (CE) Row 381 built. 104 pairs remaining to distinguish.
  (CE) Row 382 built. 95 pairs remaining to distinguish.
  (CE) Row 383 built. 87 pairs remaining to distinguish.
  (CE) Row 384 built. 78 pairs remaining to distinguish.
  (CE) Row 385 built. 70 pairs remaining to distinguish.
  (CE) Row 386 built. 65 pairs remaining to distinguish.
  (CE) Row 387 built. 60 pairs remaining to distinguish.
  (CE) Row 388 built. 55 pairs remaining to distinguish.
  (CE) Row 389 built. 49 pairs remaining to distinguish.
  (CE) Row 390 built. 45 pairs remaining to distinguish.
  (CE) Row 391 built. 42 pairs remaining to distinguish.
  (CE) Row 392 built. 39 pairs remaining to distinguish.
  (CE) Row 393 built. 33 pairs remaining to distinguish.
  (CE) Row 394 built. 30 pairs remaining to distinguish.
  (CE) Row 395 built. 27 pairs remaining to distinguish.
  (CE) Row 396 built. 23 pairs remaining to distinguish.
  (CE) Row 397 built. 21 pairs remaining to distinguish.
  (CE) Row 398 built. 19 pairs remaining to distinguish.
  (CE) Row 399 built. 18 pairs remaining to distinguish.
  (CE) Row 400 built. 15 pairs remaining to distinguish.
  (CE) Row 401 built. 12 pairs remaining to distinguish.
  (CE) Row 402 built. 10 pairs remaining to distinguish.
  (CE) Row 403 built. 8 pairs remaining to distinguish.
  (CE) Row 404 built. 4 pairs remaining to distinguish.
  (CE) Row 405 built. 3 pairs remaining to distinguish.
  (CE) Row 406 built. 2 pairs remaining to distinguish.
  (CE) Row 407 built. 1 pairs remaining to distinguish.
  (CE) Row 408 built. 0 pairs remaining to distinguish.
--- Pareto Front Solutions ---
Solution 0: N total=408 (N_initial=256, N_added=152), Time total=1752 ms, Saved to: ./results/SPINS_t3_l4_pareto_0.csv, percents=1, 

