------------d=1, t=3, lambda=1, filename=./evaluation/SPINS/SPINS_3_1.csv------------
Grouping d-sets by partitioned row counts for detecting arrays...
Ready to look at pairs for detecting arrays...
First Stage N=93, Time=43
There are 86346 remaining non-locating pairs
--- Running GA Algorithm (phase2) ---
Running GA with std::execution::par
Generation #0
148,38085,0.001, 0.221124, 0.229578, 0.248151, 0.317247, 0.437383, 0.444051, 0.643865, 0.749881, 0.83435, 0.852734, 1, 

161,5818,0.001, 0.0219461, 0.0261442, 0.0262016, 0.0663368, 0.100799, 0.164494, 0.217953, 0.230267, 0.239707, 0.475426, 0.477239, 0.511489, 0.606937, 0.610299, 0.685118, 0.749872, 0.761045, 0.79815, 0.843834, 0.85952, 0.956795, 1, 

160,6265,0.001, 0.016831, 0.0528152, 0.0980615, 0.106911, 0.119235, 0.150345, 0.17776, 0.247358, 0.299091, 0.400537, 0.470213, 0.492376, 0.576229, 0.613618, 0.67643, 0.75629, 0.776041, 0.831382, 0.839098, 0.844438, 0.957415, 0.970357, 1, 

162,5815,0.001, 0.0110509, 0.0391854, 0.0928903, 0.129683, 0.148351, 0.15305, 0.161136, 0.234665, 0.262227, 0.262612, 0.288228, 0.29071, 0.387741, 0.387959, 0.439057, 0.598829, 0.623264, 0.646717, 0.734431, 0.75492, 0.778334, 0.828504, 0.918703, 0.937746, 1, 

150,9676,0.001, 0.0485364, 0.0638381, 0.103473, 0.112512, 0.157387, 0.207509, 0.233497, 0.34024, 0.425078, 0.623749, 0.642961, 0.77327, 0.821051, 0.86027, 0.97724, 1, 

156,6426,0.001, 0.0234395, 0.0390873, 0.0460126, 0.10239, 0.111185, 0.134715, 0.142228, 0.147769, 0.164878, 0.182603, 0.226503, 0.233886, 0.288066, 0.436146, 0.459913, 0.494666, 0.552769, 0.560013, 0.560173, 0.589613, 0.739437, 0.740977, 0.79267, 0.822098, 0.937526, 0.967304, 1, 

149,16025,0.001, 0.0913149, 0.0944587, 0.224379, 0.371329, 0.372239, 0.376172, 0.471627, 0.496676, 0.646755, 0.764687, 0.803333, 0.833078, 0.955158, 1, 

Generation #1
163,3842,0.001, 0.0141455, 0.0218816, 0.0456565, 0.126535, 0.171676, 0.223503, 0.360442, 0.365705, 0.45636, 0.479251, 0.508095, 0.511489, 0.606937, 0.610299, 0.685118, 0.749872, 0.761045, 0.79815, 0.843834, 0.85952, 0.956795, 1, 

147,13015,0.001, 0.0970704, 0.133815, 0.489961, 0.219361, 0.49993, 0.518898, 0.58726, 0.607083, 0.793639, 0.806633, 1, 

159,4410,0.001, 0.017851, 0.0501659, 0.0513067, 0.110065, 0.137015, 0.159559, 0.927298, 0.950905, 0.999048, 1, 

162,4029,0.001, 0.017851, 0.0501659, 0.0513067, 0.110065, 0.137015, 0.159559, 0.187127, 0.248876, 0.279032, 0.421249, 0.482314, 0.608711, 0.629831, 0.648283, 0.693314, 0.915597, 0.129484, 0.926933, 0.928542, 0.959001, 0.973861, 0.976665, 1, 

152,4509,0.001, 0.017851, 0.0501659, 0.0513067, 0.110065, 0.137015, 0.459387, 0.461979, 0.480012, 0.650595, 0.662716, 0.705202, 0.789084, 1, 

150,7729,0.001, 0.0414656, 0.0521207, 0.0686577, 0.268594, 0.459387, 0.461979, 0.480012, 0.650595, 0.662716, 0.705202, 0.789084, 1, 

Generation #2
163,3842,0.001, 0.0141455, 0.0218816, 0.0456565, 0.126535, 0.171676, 0.223503, 0.360442, 0.365705, 0.45636, 0.479251, 0.508095, 0.511489, 0.606937, 0.610299, 0.685118, 0.749872, 0.761045, 0.79815, 0.843834, 0.85952, 0.956795, 1, 

147,13015,0.001, 0.0970704, 0.133815, 0.489961, 0.219361, 0.49993, 0.518898, 0.58726, 0.607083, 0.793639, 0.806633, 1, 

162,4029,0.001, 0.017851, 0.0501659, 0.0513067, 0.110065, 0.137015, 0.159559, 0.187127, 0.248876, 0.279032, 0.421249, 0.482314, 0.608711, 0.629831, 0.648283, 0.693314, 0.915597, 0.129484, 0.926933, 0.928542, 0.959001, 0.973861, 0.976665, 1, 

156,4217,0.001, 0.0110509, 0.0391854, 0.0928903, 0.129683, 0.148351, 0.15305, 0.161136, 0.234665, 0.262227, 0.262612, 0.288228, 0.29071, 1, 

148,4296,0.001, 0.017851, 0.0501659, 0.0513067, 0.110065, 0.137015, 0.387663, 0.615808, 0.651669, 0.732383, 0.80068, 1, 

152,4245,0.001, 0.017851, 0.0501659, 0.0513067, 0.110065, 0.137015, 0.159559, 0.187127, 0.248876, 0.738277, 0.279032, 0.421249, 0.482314, 1, 

Generation #3
148,4296,0.001, 0.017851, 0.0501659, 0.0513067, 0.110065, 0.137015, 0.387663, 0.615808, 0.651669, 0.732383, 0.80068, 1, 

152,4245,0.001, 0.017851, 0.0501659, 0.0513067, 0.110065, 0.137015, 0.159559, 0.187127, 0.248876, 0.738277, 0.279032, 0.421249, 0.482314, 1, 

162,3755,0.001, 0.0110509, 0.0391854, 0.0928903, 0.129683, 0.148351, 0.15305, 0.161136, 0.234665, 0.239707, 0.475426, 0.477239, 0.511489, 0.606937, 0.610299, 0.685118, 0.749872, 0.761045, 0.79815, 0.843834, 0.85952, 0.956795, 1, 

142,11154,0.001, 0.0234395, 0.334599, 0.0460126, 0.10239, 0.111185, 0.134715, 0.142228, 0.248876, 0.279032, 0.421249, 0.482314, 0.608711, 0.629831, 0.648283, 1, 

154,3997,0.001, 0.017851, 0.0501659, 0.0513067, 0.110065, 0.137015, 0.159559, 0.551303, 0.791852, 0.81168, 0.95616, 0.981794, 1, 

149,4294,0.001, 0.017851, 0.0501659, 0.0513067, 0.110065, 0.137015, 0.159559, 0.187127, 0.248876, 0.738277, 0.279032, 0.421249, 0.482314, 1, 

Generation #4
142,11154,0.001, 0.0234395, 0.334599, 0.0460126, 0.10239, 0.111185, 0.134715, 0.142228, 0.248876, 0.279032, 0.421249, 0.482314, 0.608711, 0.629831, 0.648283, 1, 

145,3973,0.001, 0.0110509, 0.0391854, 0.0928903, 0.129683, 0.148351, 0.15305, 0.161136, 0.234665, 0.262227, 0.803073, 0.930679, 1, 

156,3497,0.001, 0.0141455, 0.0218816, 0.0456565, 0.126535, 0.316409, 0.38425, 0.397094, 0.439128, 0.446672, 0.457051, 0.782234, 0.787231, 1, 

Generation #5
142,11154,0.001, 0.0234395, 0.334599, 0.0460126, 0.10239, 0.111185, 0.134715, 0.142228, 0.248876, 0.279032, 0.421249, 0.482314, 0.608711, 0.629831, 0.648283, 1, 

145,3973,0.001, 0.0110509, 0.0391854, 0.0928903, 0.129683, 0.148351, 0.15305, 0.161136, 0.234665, 0.262227, 0.803073, 0.930679, 1, 

151,3572,0.001, 0.0110509, 0.0501659, 0.0513067, 0.110065, 0.137015, 0.159559, 0.187127, 0.248876, 0.738277, 0.279032, 0.421249, 0.482314, 1, 

161,3126,0.001, 0.0110509, 0.0391854, 0.0513067, 0.110065, 0.137015, 0.159559, 0.187127, 0.248876, 0.279032, 0.421249, 0.470213, 0.492376, 0.576229, 0.613618, 0.67643, 0.75629, 0.776041, 0.831382, 0.839098, 0.844438, 0.957415, 0.970357, 1, 

152,3288,0.001, 0.0110509, 0.0501659, 0.0513067, 0.110065, 0.137015, 0.159559, 0.461979, 0.480012, 0.650595, 0.164732, 0.662716, 0.705202, 0.789084, 1, 

150,3933,0.001, 0.017851, 0.0501659, 0.0513067, 0.110065, 0.137015, 0.164494, 0.217953, 0.230267, 0.239707, 0.475426, 0.662716, 1, 

Generation #6
142,11154,0.001, 0.0234395, 0.334599, 0.0460126, 0.10239, 0.111185, 0.134715, 0.142228, 0.248876, 0.279032, 0.421249, 0.482314, 0.608711, 0.629831, 0.648283, 1, 

145,3973,0.001, 0.0110509, 0.0391854, 0.0928903, 0.129683, 0.148351, 0.15305, 0.161136, 0.234665, 0.262227, 0.803073, 0.930679, 1, 

151,3572,0.001, 0.0110509, 0.0501659, 0.0513067, 0.110065, 0.137015, 0.159559, 0.187127, 0.248876, 0.738277, 0.279032, 0.421249, 0.482314, 1, 

161,3126,0.001, 0.0110509, 0.0391854, 0.0513067, 0.110065, 0.137015, 0.159559, 0.187127, 0.248876, 0.279032, 0.421249, 0.470213, 0.492376, 0.576229, 0.613618, 0.67643, 0.75629, 0.776041, 0.831382, 0.839098, 0.844438, 0.957415, 0.970357, 1, 

152,3288,0.001, 0.0110509, 0.0501659, 0.0513067, 0.110065, 0.137015, 0.159559, 0.461979, 0.480012, 0.650595, 0.164732, 0.662716, 0.705202, 0.789084, 1, 

149,3704,0.001, 0.0141455, 0.0501659, 0.0513067, 0.110065, 0.137015, 0.159559, 0.187127, 0.248876, 0.738277, 0.279032, 0.421249, 0.482314, 1, 

Generation #7
142,11154,0.001, 0.0234395, 0.334599, 0.0460126, 0.10239, 0.111185, 0.134715, 0.142228, 0.248876, 0.279032, 0.421249, 0.482314, 0.608711, 0.629831, 0.648283, 1, 

152,3288,0.001, 0.0110509, 0.0501659, 0.0513067, 0.110065, 0.137015, 0.159559, 0.461979, 0.480012, 0.650595, 0.164732, 0.662716, 0.705202, 0.789084, 1, 

149,3704,0.001, 0.0141455, 0.0501659, 0.0513067, 0.110065, 0.137015, 0.159559, 0.187127, 0.248876, 0.738277, 0.279032, 0.421249, 0.482314, 1, 

145,3914,0.001, 0.017851, 0.0501659, 0.0513067, 0.110065, 0.137015, 0.159559, 0.187127, 0.248876, 0.738277, 0.279032, 0.421249, 0.482314, 1, 

154,3122,0.001, 0.0141455, 0.0218816, 0.0456565, 0.137015, 0.159559, 0.492357, 0.499475, 0.578835, 0.632639, 0.714346, 0.747626, 0.902875, 0.966634, 1, 

151,3543,0.001, 0.0110509, 0.0391854, 0.0928903, 0.129683, 0.148351, 0.15305, 0.161136, 0.234665, 0.738277, 0.279032, 0.421249, 0.482314, 1, 

150,3562,0.001, 0.0141455, 0.0501659, 0.0513067, 0.110065, 0.137015, 0.159559, 0.187127, 0.248876, 0.738277, 0.279032, 0.421249, 0.787231, 1, 

Generation #8
142,11154,0.001, 0.0234395, 0.334599, 0.0460126, 0.10239, 0.111185, 0.134715, 0.142228, 0.248876, 0.279032, 0.421249, 0.482314, 0.608711, 0.629831, 0.648283, 1, 

154,3122,0.001, 0.0141455, 0.0218816, 0.0456565, 0.137015, 0.159559, 0.492357, 0.499475, 0.578835, 0.632639, 0.714346, 0.747626, 0.902875, 0.966634, 1, 

155,2881,0.001, 0.0110509, 0.0391854, 0.0513067, 0.10239, 0.111185, 0.134715, 0.187127, 0.248876, 0.738277, 0.279032, 0.421249, 0.787231, 1, 

143,3855,0.001, 0.0110509, 0.0501659, 0.0513067, 0.110065, 0.137015, 0.159559, 0.187127, 0.248876, 0.738277, 0.279032, 0.421249, 0.482314, 1, 

146,3198,0.001, 0.0141455, 0.0218816, 0.0513067, 0.110065, 0.0361835, 0.134715, 0.142228, 0.248876, 0.279032, 0.421249, 0.482314, 0.608711, 0.629831, 1, 

Generation #9
142,11154,0.001, 0.0234395, 0.334599, 0.0460126, 0.10239, 0.111185, 0.134715, 0.142228, 0.248876, 0.279032, 0.421249, 0.482314, 0.608711, 0.629831, 0.648283, 1, 

154,3122,0.001, 0.0141455, 0.0218816, 0.0456565, 0.137015, 0.159559, 0.492357, 0.499475, 0.578835, 0.632639, 0.714346, 0.747626, 0.902875, 0.966634, 1, 

155,2881,0.001, 0.0110509, 0.0391854, 0.0513067, 0.10239, 0.111185, 0.134715, 0.187127, 0.248876, 0.738277, 0.279032, 0.421249, 0.787231, 1, 

143,3855,0.001, 0.0110509, 0.0501659, 0.0513067, 0.110065, 0.137015, 0.159559, 0.187127, 0.248876, 0.738277, 0.279032, 0.421249, 0.482314, 1, 

146,3198,0.001, 0.0141455, 0.0218816, 0.0513067, 0.110065, 0.0361835, 0.134715, 0.142228, 0.248876, 0.279032, 0.421249, 0.482314, 0.608711, 0.629831, 1, 

Generation #10
142,11154,0.001, 0.0234395, 0.334599, 0.0460126, 0.10239, 0.111185, 0.134715, 0.142228, 0.248876, 0.279032, 0.421249, 0.482314, 0.608711, 0.629831, 0.648283, 1, 

143,3855,0.001, 0.0110509, 0.0501659, 0.0513067, 0.110065, 0.137015, 0.159559, 0.187127, 0.248876, 0.738277, 0.279032, 0.421249, 0.482314, 1, 

146,3198,0.001, 0.0141455, 0.0218816, 0.0513067, 0.110065, 0.0361835, 0.134715, 0.142228, 0.248876, 0.279032, 0.421249, 0.482314, 0.608711, 0.629831, 1, 

147,2885,0.001, 0.0141455, 0.0218816, 0.0513067, 0.110065, 0.137015, 0.159559, 0.187127, 0.248876, 0.637055, 0.227269, 0.803073, 0.930679, 1, 

145,3704,0.001, 0.0141455, 0.0218816, 0.0456565, 0.126535, 0.316409, 0.159559, 0.187127, 0.248876, 0.738277, 0.279032, 0.421249, 0.482314, 1, 

153,2823,0.001, 0.0141455, 0.0218816, 0.0513067, 0.110065, 0.137015, 0.159559, 0.187127, 0.248876, 0.738277, 0.421249, 0.482314, 1, 

Generation #11
142,11154,0.001, 0.0234395, 0.334599, 0.0460126, 0.10239, 0.111185, 0.134715, 0.142228, 0.248876, 0.279032, 0.421249, 0.482314, 0.608711, 0.629831, 0.648283, 1, 

143,3855,0.001, 0.0110509, 0.0501659, 0.0513067, 0.110065, 0.137015, 0.159559, 0.187127, 0.248876, 0.738277, 0.279032, 0.421249, 0.482314, 1, 

147,2885,0.001, 0.0141455, 0.0218816, 0.0513067, 0.110065, 0.137015, 0.159559, 0.187127, 0.248876, 0.637055, 0.227269, 0.803073, 0.930679, 1, 

145,3704,0.001, 0.0141455, 0.0218816, 0.0456565, 0.126535, 0.316409, 0.159559, 0.187127, 0.248876, 0.738277, 0.279032, 0.421249, 0.482314, 1, 

146,3008,0.001, 0.0141455, 0.0218816, 0.0456565, 0.126535, 0.316409, 0.159559, 0.187127, 0.248876, 0.738277, 0.279032, 0.482314, 0.608711, 1, 

150,2821,0.001, 0.0141455, 0.0218816, 0.0513067, 0.110065, 0.316409, 0.38425, 0.397094, 0.439128, 0.446672, 0.457051, 0.421249, 0.482314, 1, 

152,2757,0.001, 0.0141455, 0.0218816, 0.0513067, 0.110065, 0.111185, 0.38425, 0.397094, 0.439128, 0.446672, 0.457051, 0.782234, 0.787231, 1, 

Generation #12
142,11154,0.001, 0.0234395, 0.334599, 0.0460126, 0.10239, 0.111185, 0.134715, 0.142228, 0.248876, 0.279032, 0.421249, 0.482314, 0.608711, 0.629831, 0.648283, 1, 

147,2885,0.001, 0.0141455, 0.0218816, 0.0513067, 0.110065, 0.137015, 0.159559, 0.187127, 0.248876, 0.637055, 0.227269, 0.803073, 0.930679, 1, 

146,3008,0.001, 0.0141455, 0.0218816, 0.0456565, 0.126535, 0.316409, 0.159559, 0.187127, 0.248876, 0.738277, 0.279032, 0.482314, 0.608711, 1, 

150,2821,0.001, 0.0141455, 0.0218816, 0.0513067, 0.110065, 0.316409, 0.38425, 0.397094, 0.439128, 0.446672, 0.457051, 0.421249, 0.482314, 1, 

152,2757,0.001, 0.0141455, 0.0218816, 0.0513067, 0.110065, 0.111185, 0.38425, 0.397094, 0.439128, 0.446672, 0.457051, 0.782234, 0.787231, 1, 

143,3261,0.001, 0.0110509, 0.0501659, 0.0513067, 0.110065, 0.137015, 0.159559, 0.187127, 0.0747168, 0.248876, 0.738277, 0.279032, 0.421249, 1, 

Generation #13
142,11154,0.001, 0.0234395, 0.334599, 0.0460126, 0.10239, 0.111185, 0.134715, 0.142228, 0.248876, 0.279032, 0.421249, 0.482314, 0.608711, 0.629831, 0.648283, 1, 

147,2885,0.001, 0.0141455, 0.0218816, 0.0513067, 0.110065, 0.137015, 0.159559, 0.187127, 0.248876, 0.637055, 0.227269, 0.803073, 0.930679, 1, 

146,3008,0.001, 0.0141455, 0.0218816, 0.0456565, 0.126535, 0.316409, 0.159559, 0.187127, 0.248876, 0.738277, 0.279032, 0.482314, 0.608711, 1, 

152,2757,0.001, 0.0141455, 0.0218816, 0.0513067, 0.110065, 0.111185, 0.38425, 0.397094, 0.439128, 0.446672, 0.457051, 0.782234, 0.787231, 1, 

143,3261,0.001, 0.0110509, 0.0501659, 0.0513067, 0.110065, 0.137015, 0.159559, 0.187127, 0.0747168, 0.248876, 0.738277, 0.279032, 0.421249, 1, 

160,2710,0.001, 0.0110509, 0.0391854, 0.0513067, 0.10239, 0.111185, 0.134715, 0.187127, 0.248876, 0.738277, 0.279032, 0.421249, 0.787231, 1, 

150,2812,0.001, 0.0141455, 0.0218816, 0.0513067, 0.110065, 0.0361835, 0.134715, 0.532924, 0.187127, 0.248876, 0.446672, 0.457051, 0.782234, 0.492376, 0.629831, 1, 

145,3105,0.001, 0.0141455, 0.0218816, 0.0513067, 0.110065, 0.137015, 0.159559, 0.187127, 0.248876, 0.738277, 0.279032, 0.421249, 0.787231, 1, 

Generation #14
147,2885,0.001, 0.0141455, 0.0218816, 0.0513067, 0.110065, 0.137015, 0.159559, 0.187127, 0.248876, 0.637055, 0.227269, 0.803073, 0.930679, 1, 

146,3008,0.001, 0.0141455, 0.0218816, 0.0456565, 0.126535, 0.316409, 0.159559, 0.187127, 0.248876, 0.738277, 0.279032, 0.482314, 0.608711, 1, 

152,2757,0.001, 0.0141455, 0.0218816, 0.0513067, 0.110065, 0.111185, 0.38425, 0.397094, 0.439128, 0.446672, 0.457051, 0.782234, 0.787231, 1, 

143,3261,0.001, 0.0110509, 0.0501659, 0.0513067, 0.110065, 0.137015, 0.159559, 0.187127, 0.0747168, 0.248876, 0.738277, 0.279032, 0.421249, 1, 

160,2710,0.001, 0.0110509, 0.0391854, 0.0513067, 0.10239, 0.111185, 0.134715, 0.187127, 0.248876, 0.738277, 0.279032, 0.421249, 0.787231, 1, 

150,2812,0.001, 0.0141455, 0.0218816, 0.0513067, 0.110065, 0.0361835, 0.134715, 0.532924, 0.187127, 0.248876, 0.446672, 0.457051, 0.782234, 0.492376, 0.629831, 1, 

145,3105,0.001, 0.0141455, 0.0218816, 0.0513067, 0.110065, 0.137015, 0.159559, 0.187127, 0.248876, 0.738277, 0.279032, 0.421249, 0.787231, 1, 

142,3264,0.001, 0.0141455, 0.0218816, 0.0513067, 0.110065, 0.137015, 0.159559, 0.187127, 0.0976967, 0.738277, 0.279032, 0.421249, 0.787231, 1, 

Generation #15
147,2885,0.001, 0.0141455, 0.0218816, 0.0513067, 0.110065, 0.137015, 0.159559, 0.187127, 0.248876, 0.637055, 0.227269, 0.803073, 0.930679, 1, 

146,3008,0.001, 0.0141455, 0.0218816, 0.0456565, 0.126535, 0.316409, 0.159559, 0.187127, 0.248876, 0.738277, 0.279032, 0.482314, 0.608711, 1, 

152,2757,0.001, 0.0141455, 0.0218816, 0.0513067, 0.110065, 0.111185, 0.38425, 0.397094, 0.439128, 0.446672, 0.457051, 0.782234, 0.787231, 1, 

143,3261,0.001, 0.0110509, 0.0501659, 0.0513067, 0.110065, 0.137015, 0.159559, 0.187127, 0.0747168, 0.248876, 0.738277, 0.279032, 0.421249, 1, 

160,2710,0.001, 0.0110509, 0.0391854, 0.0513067, 0.10239, 0.111185, 0.134715, 0.187127, 0.248876, 0.738277, 0.279032, 0.421249, 0.787231, 1, 

150,2812,0.001, 0.0141455, 0.0218816, 0.0513067, 0.110065, 0.0361835, 0.134715, 0.532924, 0.187127, 0.248876, 0.446672, 0.457051, 0.782234, 0.492376, 0.629831, 1, 

145,3105,0.001, 0.0141455, 0.0218816, 0.0513067, 0.110065, 0.137015, 0.159559, 0.187127, 0.248876, 0.738277, 0.279032, 0.421249, 0.787231, 1, 

142,3264,0.001, 0.0141455, 0.0218816, 0.0513067, 0.110065, 0.137015, 0.159559, 0.187127, 0.0976967, 0.738277, 0.279032, 0.421249, 0.787231, 1, 

Generation #16
147,2885,0.001, 0.0141455, 0.0218816, 0.0513067, 0.110065, 0.137015, 0.159559, 0.187127, 0.248876, 0.637055, 0.227269, 0.803073, 0.930679, 1, 

146,3008,0.001, 0.0141455, 0.0218816, 0.0456565, 0.126535, 0.316409, 0.159559, 0.187127, 0.248876, 0.738277, 0.279032, 0.482314, 0.608711, 1, 

152,2757,0.001, 0.0141455, 0.0218816, 0.0513067, 0.110065, 0.111185, 0.38425, 0.397094, 0.439128, 0.446672, 0.457051, 0.782234, 0.787231, 1, 

143,3261,0.001, 0.0110509, 0.0501659, 0.0513067, 0.110065, 0.137015, 0.159559, 0.187127, 0.0747168, 0.248876, 0.738277, 0.279032, 0.421249, 1, 

160,2710,0.001, 0.0110509, 0.0391854, 0.0513067, 0.10239, 0.111185, 0.134715, 0.187127, 0.248876, 0.738277, 0.279032, 0.421249, 0.787231, 1, 

150,2812,0.001, 0.0141455, 0.0218816, 0.0513067, 0.110065, 0.0361835, 0.134715, 0.532924, 0.187127, 0.248876, 0.446672, 0.457051, 0.782234, 0.492376, 0.629831, 1, 

145,3105,0.001, 0.0141455, 0.0218816, 0.0513067, 0.110065, 0.137015, 0.159559, 0.187127, 0.248876, 0.738277, 0.279032, 0.421249, 0.787231, 1, 

142,3264,0.001, 0.0141455, 0.0218816, 0.0513067, 0.110065, 0.137015, 0.159559, 0.187127, 0.0976967, 0.738277, 0.279032, 0.421249, 0.787231, 1, 

Generation #17
147,2885,0.001, 0.0141455, 0.0218816, 0.0513067, 0.110065, 0.137015, 0.159559, 0.187127, 0.248876, 0.637055, 0.227269, 0.803073, 0.930679, 1, 

146,3008,0.001, 0.0141455, 0.0218816, 0.0456565, 0.126535, 0.316409, 0.159559, 0.187127, 0.248876, 0.738277, 0.279032, 0.482314, 0.608711, 1, 

152,2757,0.001, 0.0141455, 0.0218816, 0.0513067, 0.110065, 0.111185, 0.38425, 0.397094, 0.439128, 0.446672, 0.457051, 0.782234, 0.787231, 1, 

143,3261,0.001, 0.0110509, 0.0501659, 0.0513067, 0.110065, 0.137015, 0.159559, 0.187127, 0.0747168, 0.248876, 0.738277, 0.279032, 0.421249, 1, 

160,2710,0.001, 0.0110509, 0.0391854, 0.0513067, 0.10239, 0.111185, 0.134715, 0.187127, 0.248876, 0.738277, 0.279032, 0.421249, 0.787231, 1, 

150,2812,0.001, 0.0141455, 0.0218816, 0.0513067, 0.110065, 0.0361835, 0.134715, 0.532924, 0.187127, 0.248876, 0.446672, 0.457051, 0.782234, 0.492376, 0.629831, 1, 

145,3105,0.001, 0.0141455, 0.0218816, 0.0513067, 0.110065, 0.137015, 0.159559, 0.187127, 0.248876, 0.738277, 0.279032, 0.421249, 0.787231, 1, 

142,3264,0.001, 0.0141455, 0.0218816, 0.0513067, 0.110065, 0.137015, 0.159559, 0.187127, 0.0976967, 0.738277, 0.279032, 0.421249, 0.787231, 1, 

144,3177,0.001, 0.0141455, 0.0218816, 0.0513067, 0.110065, 0.111185, 0.38425, 0.397094, 0.439128, 0.446672, 0.279032, 0.421249, 0.482314, 1, 

Generation #18
147,2885,0.001, 0.0141455, 0.0218816, 0.0513067, 0.110065, 0.137015, 0.159559, 0.187127, 0.248876, 0.637055, 0.227269, 0.803073, 0.930679, 1, 

152,2757,0.001, 0.0141455, 0.0218816, 0.0513067, 0.110065, 0.111185, 0.38425, 0.397094, 0.439128, 0.446672, 0.457051, 0.782234, 0.787231, 1, 

143,3261,0.001, 0.0110509, 0.0501659, 0.0513067, 0.110065, 0.137015, 0.159559, 0.187127, 0.0747168, 0.248876, 0.738277, 0.279032, 0.421249, 1, 

160,2710,0.001, 0.0110509, 0.0391854, 0.0513067, 0.10239, 0.111185, 0.134715, 0.187127, 0.248876, 0.738277, 0.279032, 0.421249, 0.787231, 1, 

150,2812,0.001, 0.0141455, 0.0218816, 0.0513067, 0.110065, 0.0361835, 0.134715, 0.532924, 0.187127, 0.248876, 0.446672, 0.457051, 0.782234, 0.492376, 0.629831, 1, 

142,3264,0.001, 0.0141455, 0.0218816, 0.0513067, 0.110065, 0.137015, 0.159559, 0.187127, 0.0976967, 0.738277, 0.279032, 0.421249, 0.787231, 1, 

144,2937,0.001, 0.0110509, 0.0391854, 0.0513067, 0.110065, 0.137015, 0.159559, 0.187127, 0.248876, 0.738277, 0.279032, 0.421249, 0.482314, 1, 

Generation #19
147,2885,0.001, 0.0141455, 0.0218816, 0.0513067, 0.110065, 0.137015, 0.159559, 0.187127, 0.248876, 0.637055, 0.227269, 0.803073, 0.930679, 1, 

143,3261,0.001, 0.0110509, 0.0501659, 0.0513067, 0.110065, 0.137015, 0.159559, 0.187127, 0.0747168, 0.248876, 0.738277, 0.279032, 0.421249, 1, 

160,2710,0.001, 0.0110509, 0.0391854, 0.0513067, 0.10239, 0.111185, 0.134715, 0.187127, 0.248876, 0.738277, 0.279032, 0.421249, 0.787231, 1, 

150,2812,0.001, 0.0141455, 0.0218816, 0.0513067, 0.110065, 0.0361835, 0.134715, 0.532924, 0.187127, 0.248876, 0.446672, 0.457051, 0.782234, 0.492376, 0.629831, 1, 

142,3264,0.001, 0.0141455, 0.0218816, 0.0513067, 0.110065, 0.137015, 0.159559, 0.187127, 0.0976967, 0.738277, 0.279032, 0.421249, 0.787231, 1, 

144,2937,0.001, 0.0110509, 0.0391854, 0.0513067, 0.110065, 0.137015, 0.159559, 0.187127, 0.248876, 0.738277, 0.279032, 0.421249, 0.482314, 1, 

145,2918,0.001, 0.0141455, 0.0218816, 0.0513067, 0.110065, 0.137015, 0.159559, 0.187127, 0.248876, 0.738277, 0.279032, 0.279032, 0.421249, 1, 

151,2756,0.001, 0.0141455, 0.0218816, 0.0513067, 0.110065, 0.137015, 0.15305, 0.161136, 0.234665, 0.262227, 0.262612, 0.29071, 1, 

Generation #20
147,2885,0.001, 0.0141455, 0.0218816, 0.0513067, 0.110065, 0.137015, 0.159559, 0.187127, 0.248876, 0.637055, 0.227269, 0.803073, 0.930679, 1, 

143,3261,0.001, 0.0110509, 0.0501659, 0.0513067, 0.110065, 0.137015, 0.159559, 0.187127, 0.0747168, 0.248876, 0.738277, 0.279032, 0.421249, 1, 

160,2710,0.001, 0.0110509, 0.0391854, 0.0513067, 0.10239, 0.111185, 0.134715, 0.187127, 0.248876, 0.738277, 0.279032, 0.421249, 0.787231, 1, 

150,2812,0.001, 0.0141455, 0.0218816, 0.0513067, 0.110065, 0.0361835, 0.134715, 0.532924, 0.187127, 0.248876, 0.446672, 0.457051, 0.782234, 0.492376, 0.629831, 1, 

142,3264,0.001, 0.0141455, 0.0218816, 0.0513067, 0.110065, 0.137015, 0.159559, 0.187127, 0.0976967, 0.738277, 0.279032, 0.421249, 0.787231, 1, 

144,2937,0.001, 0.0110509, 0.0391854, 0.0513067, 0.110065, 0.137015, 0.159559, 0.187127, 0.248876, 0.738277, 0.279032, 0.421249, 0.482314, 1, 

145,2918,0.001, 0.0141455, 0.0218816, 0.0513067, 0.110065, 0.137015, 0.159559, 0.187127, 0.248876, 0.738277, 0.279032, 0.279032, 0.421249, 1, 

151,2756,0.001, 0.0141455, 0.0218816, 0.0513067, 0.110065, 0.137015, 0.15305, 0.161136, 0.234665, 0.262227, 0.262612, 0.29071, 1, 

167,2704,0.001, 0.0110509, 0.0391854, 0.0513067, 0.334597, 0.111185, 0.134715, 0.187127, 0.248876, 0.248876, 0.446672, 0.457051, 0.782234, 0.492376, 0.629831, 1, 

Generation #21
147,2885,0.001, 0.0141455, 0.0218816, 0.0513067, 0.110065, 0.137015, 0.159559, 0.187127, 0.248876, 0.637055, 0.227269, 0.803073, 0.930679, 1, 

143,3261,0.001, 0.0110509, 0.0501659, 0.0513067, 0.110065, 0.137015, 0.159559, 0.187127, 0.0747168, 0.248876, 0.738277, 0.279032, 0.421249, 1, 

150,2812,0.001, 0.0141455, 0.0218816, 0.0513067, 0.110065, 0.0361835, 0.134715, 0.532924, 0.187127, 0.248876, 0.446672, 0.457051, 0.782234, 0.492376, 0.629831, 1, 

142,3264,0.001, 0.0141455, 0.0218816, 0.0513067, 0.110065, 0.137015, 0.159559, 0.187127, 0.0976967, 0.738277, 0.279032, 0.421249, 0.787231, 1, 

144,2937,0.001, 0.0110509, 0.0391854, 0.0513067, 0.110065, 0.137015, 0.159559, 0.187127, 0.248876, 0.738277, 0.279032, 0.421249, 0.482314, 1, 

145,2918,0.001, 0.0141455, 0.0218816, 0.0513067, 0.110065, 0.137015, 0.159559, 0.187127, 0.248876, 0.738277, 0.279032, 0.279032, 0.421249, 1, 

151,2756,0.001, 0.0141455, 0.0218816, 0.0513067, 0.110065, 0.137015, 0.15305, 0.161136, 0.234665, 0.262227, 0.262612, 0.29071, 1, 

160,2666,0.001, 0.0141455, 0.0218816, 0.0513067, 0.110065, 0.137015, 0.159559, 0.397094, 0.439128, 0.738277, 0.279032, 0.421249, 1, 

Generation #22
147,2885,0.001, 0.0141455, 0.0218816, 0.0513067, 0.110065, 0.137015, 0.159559, 0.187127, 0.248876, 0.637055, 0.227269, 0.803073, 0.930679, 1, 

143,3261,0.001, 0.0110509, 0.0501659, 0.0513067, 0.110065, 0.137015, 0.159559, 0.187127, 0.0747168, 0.248876, 0.738277, 0.279032, 0.421249, 1, 

150,2812,0.001, 0.0141455, 0.0218816, 0.0513067, 0.110065, 0.0361835, 0.134715, 0.532924, 0.187127, 0.248876, 0.446672, 0.457051, 0.782234, 0.492376, 0.629831, 1, 

142,3264,0.001, 0.0141455, 0.0218816, 0.0513067, 0.110065, 0.137015, 0.159559, 0.187127, 0.0976967, 0.738277, 0.279032, 0.421249, 0.787231, 1, 

144,2937,0.001, 0.0110509, 0.0391854, 0.0513067, 0.110065, 0.137015, 0.159559, 0.187127, 0.248876, 0.738277, 0.279032, 0.421249, 0.482314, 1, 

145,2918,0.001, 0.0141455, 0.0218816, 0.0513067, 0.110065, 0.137015, 0.159559, 0.187127, 0.248876, 0.738277, 0.279032, 0.279032, 0.421249, 1, 

151,2756,0.001, 0.0141455, 0.0218816, 0.0513067, 0.110065, 0.137015, 0.15305, 0.161136, 0.234665, 0.262227, 0.262612, 0.29071, 1, 

160,2666,0.001, 0.0141455, 0.0218816, 0.0513067, 0.110065, 0.137015, 0.159559, 0.397094, 0.439128, 0.738277, 0.279032, 0.421249, 1, 
