------------d=1, t=3, lambda=1, filename=./evaluation/SPINS/SPINS_3_1.csv------------
Grouping d-sets by partitioned row counts for detecting arrays...
Ready to look at pairs for detecting arrays...
First Stage N=93, Time=44
There are 86346 remaining non-locating pairs
--- Running GA Algorithm (phase2) ---
Running GA with std::execution::par
Generation #0
150,11792,0.001, 0.0537338, 0.106666, 0.111303, 0.348809, 0.39629, 0.452333, 0.476821, 0.529451, 0.635177, 0.648952, 0.726148, 0.943837, 0.951523, 1, 

167,5166,0.001, 0.0141455, 0.0218816, 0.0456565, 0.126535, 0.171676, 0.223503, 0.360442, 0.365705, 0.45636, 0.479251, 0.508095, 0.573131, 0.69156, 0.698453, 0.828251, 0.841254, 0.951562, 1, 

152,5540,0.001, 0.0110509, 0.0391854, 0.0928903, 0.129683, 0.148351, 0.15305, 0.161136, 0.234665, 0.262227, 0.262612, 0.288228, 0.29071, 0.387741, 0.387959, 0.439057, 0.598829, 0.623264, 0.646717, 0.734431, 0.75492, 0.778334, 0.828504, 0.918703, 0.937746, 1, 

Generation #1
152,5540,0.001, 0.0110509, 0.0391854, 0.0928903, 0.129683, 0.148351, 0.15305, 0.161136, 0.234665, 0.262227, 0.262612, 0.288228, 0.29071, 0.387741, 0.387959, 0.439057, 0.598829, 0.623264, 0.646717, 0.734431, 0.75492, 0.778334, 0.828504, 0.918703, 0.937746, 1, 

147,10479,0.0363871, 0.0483313, 0.105856, 0.132901, 0.155358, 0.160636, 0.190181, 0.193972, 0.27102, 1, 

150,10271,0.001, 0.0627039, 0.091034, 0.121068, 0.12165, 0.147776, 0.150989, 0.317855, 0.351432, 0.560323, 0.597118, 0.737906, 0.884534, 0.917956, 0.993539, 1, 

157,4134,0.001, 0.0211516, 0.0261442, 0.0262016, 0.0663368, 0.100799, 0.164494, 0.217953, 0.230267, 0.239707, 0.475426, 0.477239, 0.511489, 0.606937, 0.610299, 0.685118, 0.749872, 0.761045, 0.79815, 0.843834, 0.85952, 0.956795, 1, 

165,4133,0.001, 0.017851, 0.0501659, 0.0513067, 0.110065, 0.159123, 0.176135, 0.202599, 0.273822, 0.279, 0.303305, 0.354224, 0.379144, 0.45517, 0.463487, 0.532428, 0.559007, 0.582776, 0.626218, 0.704687, 0.713675, 0.738961, 0.761479, 0.761965, 0.804252, 0.900865, 1, 

Generation #2
147,10479,0.0363871, 0.0483313, 0.105856, 0.132901, 0.155358, 0.160636, 0.190181, 0.193972, 0.27102, 1, 

157,4134,0.001, 0.0211516, 0.0261442, 0.0262016, 0.0663368, 0.100799, 0.164494, 0.217953, 0.230267, 0.239707, 0.475426, 0.477239, 0.511489, 0.606937, 0.610299, 0.685118, 0.749872, 0.761045, 0.79815, 0.843834, 0.85952, 0.956795, 1, 

148,4564,0.001, 0.0266537, 0.037516, 0.040253, 0.075425, 0.14546, 0.153692, 0.22996, 0.248763, 0.905067, 0.913929, 0.96706, 0.968253, 0.992228, 1, 

166,3900,0.001, 0.0110509, 0.0391854, 0.0928903, 0.129683, 0.148351, 0.15305, 0.161136, 0.234665, 0.262227, 0.262612, 0.288228, 0.511489, 0.606937, 0.610299, 0.685118, 0.749872, 0.761045, 0.79815, 0.843834, 0.85952, 0.956795, 1, 

164,4079,0.001, 0.017851, 0.0501659, 0.0513067, 0.0863873, 0.182181, 0.199982, 0.212079, 0.243302, 0.251531, 0.26423, 0.327027, 0.492376, 0.576229, 0.613618, 0.67643, 0.75629, 0.776041, 0.831382, 0.839098, 0.844438, 0.957415, 0.970357, 1, 

168,3895,0.001, 0.0141455, 0.0218816, 0.0456565, 0.126535, 0.171676, 0.223503, 0.360442, 0.365705, 0.45636, 0.479251, 0.508095, 0.573131, 0.69156, 0.698453, 0.828251, 0.841254, 0.951562, 0.626218, 0.704687, 0.713675, 0.738961, 0.761479, 0.761965, 0.804252, 0.900865, 0.94796, 1, 

Generation #3
147,10479,0.0363871, 0.0483313, 0.105856, 0.132901, 0.155358, 0.160636, 0.190181, 0.193972, 0.27102, 1, 

148,4564,0.001, 0.0266537, 0.037516, 0.040253, 0.075425, 0.14546, 0.153692, 0.22996, 0.248763, 0.905067, 0.913929, 0.96706, 0.968253, 0.992228, 1, 

162,3552,0.001, 0.0110509, 0.0391854, 0.0928903, 0.129683, 0.254485, 0.816555, 0.932469, 0.993654, 1, 

156,3785,0.001, 0.0141455, 0.0218816, 0.0456565, 0.126535, 0.171676, 0.187127, 0.932469, 0.993654, 1, 

169,2818,0.001, 0.0141455, 0.0218816, 0.0456565, 0.126535, 0.171676, 0.223503, 0.360442, 0.365705, 0.45636, 0.479251, 0.508095, 0.573131, 0.69156, 0.698453, 0.493915, 0.513683, 0.525324, 0.565476, 0.629407, 0.723999, 0.748353, 0.765408, 0.783513, 0.786685, 0.826215, 0.826464, 0.897283, 0.972106, 1, 

Generation #4
147,10479,0.0363871, 0.0483313, 0.105856, 0.132901, 0.155358, 0.160636, 0.190181, 0.193972, 0.27102, 1, 

148,4564,0.001, 0.0266537, 0.037516, 0.040253, 0.075425, 0.14546, 0.153692, 0.22996, 0.248763, 0.905067, 0.913929, 0.96706, 0.968253, 0.992228, 1, 

162,3552,0.001, 0.0110509, 0.0391854, 0.0928903, 0.129683, 0.254485, 0.816555, 0.932469, 0.993654, 1, 

169,2818,0.001, 0.0141455, 0.0218816, 0.0456565, 0.126535, 0.171676, 0.223503, 0.360442, 0.365705, 0.45636, 0.479251, 0.508095, 0.573131, 0.69156, 0.698453, 0.493915, 0.513683, 0.525324, 0.565476, 0.629407, 0.723999, 0.748353, 0.765408, 0.783513, 0.786685, 0.826215, 0.826464, 0.897283, 0.972106, 1, 

150,3590,0.001, 0.0110509, 0.0391854, 0.0928903, 0.129683, 0.148351, 0.15305, 0.161136, 0.234665, 0.262227, 0.96706, 0.968253, 0.992228, 1, 

166,3075,0.001, 0.0110509, 0.0391854, 0.0928903, 0.129683, 0.148351, 0.15305, 0.161136, 0.234665, 0.262227, 0.262612, 0.288228, 0.29071, 0.387741, 0.387959, 0.439057, 0.598829, 0.623264, 0.646717, 0.734431, 0.75492, 0.778334, 0.828504, 0.918703, 0.937746, 1, 

Generation #5
148,4564,0.001, 0.0266537, 0.037516, 0.040253, 0.075425, 0.14546, 0.153692, 0.22996, 0.248763, 0.905067, 0.913929, 0.96706, 0.968253, 0.992228, 1, 

169,2818,0.001, 0.0141455, 0.0218816, 0.0456565, 0.126535, 0.171676, 0.223503, 0.360442, 0.365705, 0.45636, 0.479251, 0.508095, 0.573131, 0.69156, 0.698453, 0.493915, 0.513683, 0.525324, 0.565476, 0.629407, 0.723999, 0.748353, 0.765408, 0.783513, 0.786685, 0.826215, 0.826464, 0.897283, 0.972106, 1, 

150,3590,0.001, 0.0110509, 0.0391854, 0.0928903, 0.129683, 0.148351, 0.15305, 0.161136, 0.234665, 0.262227, 0.96706, 0.968253, 0.992228, 1, 

166,3075,0.001, 0.0110509, 0.0391854, 0.0928903, 0.129683, 0.148351, 0.15305, 0.161136, 0.234665, 0.262227, 0.262612, 0.288228, 0.29071, 0.387741, 0.387959, 0.439057, 0.598829, 0.623264, 0.646717, 0.734431, 0.75492, 0.778334, 0.828504, 0.918703, 0.937746, 1, 

145,9609,0.001, 0.0566752, 0.105856, 0.132901, 0.155358, 0.160636, 0.190181, 0.193972, 0.27102, 1, 

160,3369,0.001, 0.0110509, 0.0391854, 0.0928903, 0.129683, 0.148351, 0.15305, 0.161136, 0.234665, 0.262227, 0.262612, 0.288228, 0.29071, 0.387741, 0.387959, 0.439057, 0.598829, 0.623264, 0.646717, 0.734431, 0.75492, 0.778334, 0.828504, 0.918703, 0.937746, 1, 

159,3547,0.001, 0.0110509, 0.0391854, 0.0928903, 0.129683, 0.119161, 0.216399, 0.246362, 0.302584, 0.345675, 0.346068, 0.390185, 0.443204, 0.455689, 0.522106, 1, 

Generation #6
169,2818,0.001, 0.0141455, 0.0218816, 0.0456565, 0.126535, 0.171676, 0.223503, 0.360442, 0.365705, 0.45636, 0.479251, 0.508095, 0.573131, 0.69156, 0.698453, 0.493915, 0.513683, 0.525324, 0.565476, 0.629407, 0.723999, 0.748353, 0.765408, 0.783513, 0.786685, 0.826215, 0.826464, 0.897283, 0.972106, 1, 

150,3590,0.001, 0.0110509, 0.0391854, 0.0928903, 0.129683, 0.148351, 0.15305, 0.161136, 0.234665, 0.262227, 0.96706, 0.968253, 0.992228, 1, 

145,9609,0.001, 0.0566752, 0.105856, 0.132901, 0.155358, 0.160636, 0.190181, 0.193972, 0.27102, 1, 

151,3056,0.001, 0.0141455, 0.0218816, 0.0456565, 0.126535, 0.171676, 0.187127, 0.932469, 0.993654, 1, 

148,3621,0.001, 0.0141455, 0.0218816, 0.0456565, 0.126535, 0.119161, 0.216399, 0.246362, 0.302584, 0.345675, 0.346068, 0.390185, 0.443204, 0.455689, 0.522106, 1, 

Generation #7
150,3590,0.001, 0.0110509, 0.0391854, 0.0928903, 0.129683, 0.148351, 0.15305, 0.161136, 0.234665, 0.262227, 0.96706, 0.968253, 0.992228, 1, 

145,9609,0.001, 0.0566752, 0.105856, 0.132901, 0.155358, 0.160636, 0.190181, 0.193972, 0.27102, 1, 

151,3056,0.001, 0.0141455, 0.0218816, 0.0456565, 0.126535, 0.171676, 0.187127, 0.932469, 0.993654, 1, 

148,3621,0.001, 0.0141455, 0.0218816, 0.0456565, 0.126535, 0.119161, 0.216399, 0.246362, 0.302584, 0.345675, 0.346068, 0.390185, 0.443204, 0.455689, 0.522106, 1, 

161,2695,0.001, 0.0110509, 0.0218816, 0.0456565, 0.126535, 0.171676, 0.187127, 0.932469, 0.993654, 1, 

Generation #8
161,2695,0.001, 0.0110509, 0.0218816, 0.0456565, 0.126535, 0.171676, 0.187127, 0.932469, 0.993654, 1, 

142,3336,0.001, 0.0110509, 0.0391854, 0.0928903, 0.129683, 0.148351, 0.15305, 0.161136, 0.234665, 1, 

148,2978,0.001, 0.0110509, 0.0218816, 0.0456565, 0.126535, 0.153692, 0.22996, 0.248763, 0.905067, 0.913929, 0.96706, 0.968253, 0.992228, 1, 

155,2703,0.001, 0.0141455, 0.0218816, 0.0456565, 0.126535, 0.171676, 0.187127, 0.932469, 0.993654, 0.345675, 0.346068, 0.390185, 0.443204, 0.455689, 0.522106, 1, 

Generation #9
161,2695,0.001, 0.0110509, 0.0218816, 0.0456565, 0.126535, 0.171676, 0.187127, 0.932469, 0.993654, 1, 

142,3336,0.001, 0.0110509, 0.0391854, 0.0928903, 0.129683, 0.148351, 0.15305, 0.161136, 0.234665, 1, 

148,2978,0.001, 0.0110509, 0.0218816, 0.0456565, 0.126535, 0.153692, 0.22996, 0.248763, 0.905067, 0.913929, 0.96706, 0.968253, 0.992228, 1, 

155,2703,0.001, 0.0141455, 0.0218816, 0.0456565, 0.126535, 0.171676, 0.187127, 0.932469, 0.993654, 0.345675, 0.346068, 0.390185, 0.443204, 0.455689, 0.522106, 1, 

145,3173,0.001, 0.0110509, 0.0391854, 0.0928903, 0.129683, 0.148351, 0.15305, 0.161136, 0.234665, 0.262227, 0.96706, 0.968253, 0.992228, 1, 

Generation #10
161,2695,0.001, 0.0110509, 0.0218816, 0.0456565, 0.126535, 0.171676, 0.187127, 0.932469, 0.993654, 1, 

142,3336,0.001, 0.0110509, 0.0391854, 0.0928903, 0.129683, 0.148351, 0.15305, 0.161136, 0.234665, 1, 

148,2978,0.001, 0.0110509, 0.0218816, 0.0456565, 0.126535, 0.153692, 0.22996, 0.248763, 0.905067, 0.913929, 0.96706, 0.968253, 0.992228, 1, 

155,2703,0.001, 0.0141455, 0.0218816, 0.0456565, 0.126535, 0.171676, 0.187127, 0.932469, 0.993654, 0.345675, 0.346068, 0.390185, 0.443204, 0.455689, 0.522106, 1, 

145,3173,0.001, 0.0110509, 0.0391854, 0.0928903, 0.129683, 0.148351, 0.15305, 0.161136, 0.234665, 0.262227, 0.96706, 0.968253, 0.992228, 1, 

154,2928,0.001, 0.0141455, 0.0218816, 0.0456565, 0.126535, 0.0185905, 0.171676, 0.223503, 0.246362, 0.302584, 0.345675, 0.262227, 0.262612, 0.288228, 0.29071, 0.0805464, 0.992228, 1, 

Generation #11
161,2695,0.001, 0.0110509, 0.0218816, 0.0456565, 0.126535, 0.171676, 0.187127, 0.932469, 0.993654, 1, 

142,3336,0.001, 0.0110509, 0.0391854, 0.0928903, 0.129683, 0.148351, 0.15305, 0.161136, 0.234665, 1, 

148,2978,0.001, 0.0110509, 0.0218816, 0.0456565, 0.126535, 0.153692, 0.22996, 0.248763, 0.905067, 0.913929, 0.96706, 0.968253, 0.992228, 1, 

155,2703,0.001, 0.0141455, 0.0218816, 0.0456565, 0.126535, 0.171676, 0.187127, 0.932469, 0.993654, 0.345675, 0.346068, 0.390185, 0.443204, 0.455689, 0.522106, 1, 

145,3173,0.001, 0.0110509, 0.0391854, 0.0928903, 0.129683, 0.148351, 0.15305, 0.161136, 0.234665, 0.262227, 0.96706, 0.968253, 0.992228, 1, 

152,2861,0.001, 0.0141455, 0.0218816, 0.075425, 0.129683, 0.15305, 0.161136, 0.302584, 0.345675, 0.346068, 0.390185, 0.443204, 0.455689, 0.522106, 1, 

151,2914,0.001, 0.0141455, 0.0218816, 0.0456565, 0.126535, 0.171676, 0.216399, 0.246362, 0.993654, 1, 

Generation #12
161,2695,0.001, 0.0110509, 0.0218816, 0.0456565, 0.126535, 0.171676, 0.187127, 0.932469, 0.993654, 1, 

142,3336,0.001, 0.0110509, 0.0391854, 0.0928903, 0.129683, 0.148351, 0.15305, 0.161136, 0.234665, 1, 

155,2703,0.001, 0.0141455, 0.0218816, 0.0456565, 0.126535, 0.171676, 0.187127, 0.932469, 0.993654, 0.345675, 0.346068, 0.390185, 0.443204, 0.455689, 0.522106, 1, 

146,2924,0.001, 0.0110509, 0.0391854, 0.0928903, 0.129683, 0.148351, 0.15305, 0.161136, 0.302584, 1, 

149,2711,0.001, 0.0110509, 0.0391854, 0.0928903, 0.129683, 0.148351, 0.15305, 0.161136, 0.234665, 0.262227, 0.96706, 0.968253, 0.992228, 1, 

144,3067,0.001, 0.0141455, 0.0218816, 0.0456565, 0.126535, 0.171676, 0.216399, 0.246362, 0.302584, 0.345675, 0.262612, 0.968253, 0.992228, 1, 

Generation #13
161,2695,0.001, 0.0110509, 0.0218816, 0.0456565, 0.126535, 0.171676, 0.187127, 0.932469, 0.993654, 1, 

142,3336,0.001, 0.0110509, 0.0391854, 0.0928903, 0.129683, 0.148351, 0.15305, 0.161136, 0.234665, 1, 

155,2703,0.001, 0.0141455, 0.0218816, 0.0456565, 0.126535, 0.171676, 0.187127, 0.932469, 0.993654, 0.345675, 0.346068, 0.390185, 0.443204, 0.455689, 0.522106, 1, 

146,2924,0.001, 0.0110509, 0.0391854, 0.0928903, 0.129683, 0.148351, 0.15305, 0.161136, 0.302584, 1, 

149,2711,0.001, 0.0110509, 0.0391854, 0.0928903, 0.129683, 0.148351, 0.15305, 0.161136, 0.234665, 0.262227, 0.96706, 0.968253, 0.992228, 1, 

144,3067,0.001, 0.0141455, 0.0218816, 0.0456565, 0.126535, 0.171676, 0.216399, 0.246362, 0.302584, 0.345675, 0.262612, 0.968253, 0.992228, 1, 

Generation #14
161,2695,0.001, 0.0110509, 0.0218816, 0.0456565, 0.126535, 0.171676, 0.187127, 0.932469, 0.993654, 1, 

142,3336,0.001, 0.0110509, 0.0391854, 0.0928903, 0.129683, 0.148351, 0.15305, 0.161136, 0.234665, 1, 

155,2703,0.001, 0.0141455, 0.0218816, 0.0456565, 0.126535, 0.171676, 0.187127, 0.932469, 0.993654, 0.345675, 0.346068, 0.390185, 0.443204, 0.455689, 0.522106, 1, 

146,2924,0.001, 0.0110509, 0.0391854, 0.0928903, 0.129683, 0.148351, 0.15305, 0.161136, 0.302584, 1, 

149,2711,0.001, 0.0110509, 0.0391854, 0.0928903, 0.129683, 0.148351, 0.15305, 0.161136, 0.234665, 0.262227, 0.96706, 0.968253, 0.992228, 1, 

144,3067,0.001, 0.0141455, 0.0218816, 0.0456565, 0.126535, 0.171676, 0.216399, 0.246362, 0.302584, 0.345675, 0.262612, 0.968253, 0.992228, 1, 

Generation #15
142,3336,0.001, 0.0110509, 0.0391854, 0.0928903, 0.129683, 0.148351, 0.15305, 0.161136, 0.234665, 1, 

149,2711,0.001, 0.0110509, 0.0391854, 0.0928903, 0.129683, 0.148351, 0.15305, 0.161136, 0.234665, 0.262227, 0.96706, 0.968253, 0.992228, 1, 

143,2877,0.001, 0.0110509, 0.0218816, 0.0456565, 0.126535, 0.171676, 0.187127, 0.193972, 0.27102, 1, 

154,2621,0.001, 0.0141455, 0.0218816, 0.0456565, 0.126535, 0.171676, 0.216399, 0.246362, 0.993654, 1, 

Generation #16
142,3336,0.001, 0.0110509, 0.0391854, 0.0928903, 0.129683, 0.148351, 0.15305, 0.161136, 0.234665, 1, 

149,2711,0.001, 0.0110509, 0.0391854, 0.0928903, 0.129683, 0.148351, 0.15305, 0.161136, 0.234665, 0.262227, 0.96706, 0.968253, 0.992228, 1, 

143,2877,0.001, 0.0110509, 0.0218816, 0.0456565, 0.126535, 0.171676, 0.187127, 0.193972, 0.27102, 1, 

154,2621,0.001, 0.0141455, 0.0218816, 0.0456565, 0.126535, 0.171676, 0.216399, 0.246362, 0.993654, 1, 

Generation #17
142,3336,0.001, 0.0110509, 0.0391854, 0.0928903, 0.129683, 0.148351, 0.15305, 0.161136, 0.234665, 1, 

149,2711,0.001, 0.0110509, 0.0391854, 0.0928903, 0.129683, 0.148351, 0.15305, 0.161136, 0.234665, 0.262227, 0.96706, 0.968253, 0.992228, 1, 

143,2877,0.001, 0.0110509, 0.0218816, 0.0456565, 0.126535, 0.171676, 0.187127, 0.193972, 0.27102, 1, 

154,2621,0.001, 0.0141455, 0.0218816, 0.0456565, 0.126535, 0.171676, 0.216399, 0.246362, 0.993654, 1, 

Generation #18
142,3336,0.001, 0.0110509, 0.0391854, 0.0928903, 0.129683, 0.148351, 0.15305, 0.161136, 0.234665, 1, 

149,2711,0.001, 0.0110509, 0.0391854, 0.0928903, 0.129683, 0.148351, 0.15305, 0.161136, 0.234665, 0.262227, 0.96706, 0.968253, 0.992228, 1, 

143,2877,0.001, 0.0110509, 0.0218816, 0.0456565, 0.126535, 0.171676, 0.187127, 0.193972, 0.27102, 1, 

154,2621,0.001, 0.0141455, 0.0218816, 0.0456565, 0.126535, 0.171676, 0.216399, 0.246362, 0.993654, 1, 

Generation #19
142,3336,0.001, 0.0110509, 0.0391854, 0.0928903, 0.129683, 0.148351, 0.15305, 0.161136, 0.234665, 1, 

149,2711,0.001, 0.0110509, 0.0391854, 0.0928903, 0.129683, 0.148351, 0.15305, 0.161136, 0.234665, 0.262227, 0.96706, 0.968253, 0.992228, 1, 

143,2877,0.001, 0.0110509, 0.0218816, 0.0456565, 0.126535, 0.171676, 0.187127, 0.193972, 0.27102, 1, 

154,2621,0.001, 0.0141455, 0.0218816, 0.0456565, 0.126535, 0.171676, 0.216399, 0.246362, 0.993654, 1, 

147,2808,0.001, 0.0110509, 0.0218816, 0.0456565, 0.110065, 0.182181, 0.199982, 0.246362, 0.302584, 0.345675, 0.346068, 0.443204, 0.455689, 1, 

Generation #20
142,3336,0.001, 0.0110509, 0.0391854, 0.0928903, 0.129683, 0.148351, 0.15305, 0.161136, 0.234665, 1, 

149,2711,0.001, 0.0110509, 0.0391854, 0.0928903, 0.129683, 0.148351, 0.15305, 0.161136, 0.234665, 0.262227, 0.96706, 0.968253, 0.992228, 1, 

143,2877,0.001, 0.0110509, 0.0218816, 0.0456565, 0.126535, 0.171676, 0.187127, 0.193972, 0.27102, 1, 

154,2621,0.001, 0.0141455, 0.0218816, 0.0456565, 0.126535, 0.171676, 0.216399, 0.246362, 0.993654, 1, 

147,2808,0.001, 0.0110509, 0.0218816, 0.0456565, 0.110065, 0.182181, 0.199982, 0.246362, 0.302584, 0.345675, 0.346068, 0.443204, 0.455689, 1, 

Generation #21
142,3336,0.001, 0.0110509, 0.0391854, 0.0928903, 0.129683, 0.148351, 0.15305, 0.161136, 0.234665, 1, 

149,2711,0.001, 0.0110509, 0.0391854, 0.0928903, 0.129683, 0.148351, 0.15305, 0.161136, 0.234665, 0.262227, 0.96706, 0.968253, 0.992228, 1, 

143,2877,0.001, 0.0110509, 0.0218816, 0.0456565, 0.126535, 0.171676, 0.187127, 0.193972, 0.27102, 1, 

154,2621,0.001, 0.0141455, 0.0218816, 0.0456565, 0.126535, 0.171676, 0.216399, 0.246362, 0.993654, 1, 

147,2808,0.001, 0.0110509, 0.0218816, 0.0456565, 0.110065, 0.182181, 0.199982, 0.246362, 0.302584, 0.345675, 0.346068, 0.443204, 0.455689, 1, 

Generation #22
149,2711,0.001, 0.0110509, 0.0391854, 0.0928903, 0.129683, 0.148351, 0.15305, 0.161136, 0.234665, 0.262227, 0.96706, 0.968253, 0.992228, 1, 

143,2877,0.001, 0.0110509, 0.0218816, 0.0456565, 0.126535, 0.171676, 0.187127, 0.193972, 0.27102, 1, 

154,2621,0.001, 0.0141455, 0.0218816, 0.0456565, 0.126535, 0.171676, 0.216399, 0.246362, 0.993654, 1, 

147,2808,0.001, 0.0110509, 0.0218816, 0.0456565, 0.110065, 0.182181, 0.199982, 0.246362, 0.302584, 0.345675, 0.346068, 0.443204, 0.455689, 1, 

150,2691,0.001, 0.0110509, 0.0218816, 0.0456565, 0.110065, 0.182181, 0.199982, 0.246362, 0.302584, 0.345675, 0.346068, 0.443204, 0.455689, 1, 

142,3164,0.001, 0.0110509, 0.0391854, 0.0928903, 0.129683, 0.148351, 0.15305, 0.161136, 0.234665, 0.262227, 0.96706, 0.968253, 0.992228, 1, 

Generation #23
149,2711,0.001, 0.0110509, 0.0391854, 0.0928903, 0.129683, 0.148351, 0.15305, 0.161136, 0.234665, 0.262227, 0.96706, 0.968253, 0.992228, 1, 

143,2877,0.001, 0.0110509, 0.0218816, 0.0456565, 0.126535, 0.171676, 0.187127, 0.193972, 0.27102, 1, 

154,2621,0.001, 0.0141455, 0.0218816, 0.0456565, 0.126535, 0.171676, 0.216399, 0.246362, 0.993654, 1, 

147,2808,0.001, 0.0110509, 0.0218816, 0.0456565, 0.110065, 0.182181, 0.199982, 0.246362, 0.302584, 0.345675, 0.346068, 0.443204, 0.455689, 1, 

150,2691,0.001, 0.0110509, 0.0218816, 0.0456565, 0.110065, 0.182181, 0.199982, 0.246362, 0.302584, 0.345675, 0.346068, 0.443204, 0.455689, 1, 

142,3164,0.001, 0.0110509, 0.0391854, 0.0928903, 0.129683, 0.148351, 0.15305, 0.161136, 0.234665, 0.262227, 0.96706, 0.968253, 0.992228, 1, 

Generation #24
149,2711,0.001, 0.0110509, 0.0391854, 0.0928903, 0.129683, 0.148351, 0.15305, 0.161136, 0.234665, 0.262227, 0.96706, 0.968253, 0.992228, 1, 

143,2877,0.001, 0.0110509, 0.0218816, 0.0456565, 0.126535, 0.171676, 0.187127, 0.193972, 0.27102, 1, 

154,2621,0.001, 0.0141455, 0.0218816, 0.0456565, 0.126535, 0.171676, 0.216399, 0.246362, 0.993654, 1, 

147,2808,0.001, 0.0110509, 0.0218816, 0.0456565, 0.110065, 0.182181, 0.199982, 0.246362, 0.302584, 0.345675, 0.346068, 0.443204, 0.455689, 1, 

150,2691,0.001, 0.0110509, 0.0218816, 0.0456565, 0.110065, 0.182181, 0.199982, 0.246362, 0.302584, 0.345675, 0.346068, 0.443204, 0.455689, 1, 

142,3164,0.001, 0.0110509, 0.0391854, 0.0928903, 0.129683, 0.148351, 0.15305, 0.161136, 0.234665, 0.262227, 0.96706, 0.968253, 0.992228, 1, 

157,2406,0.001, 0.0110509, 0.0218816, 0.0456565, 0.126535, 0.148351, 0.15305, 0.161136, 0.234665, 0.262227, 0.346068, 0.443204, 0.455689, 1, 
