------------d=1, t=3, lambda=1, filename=./evaluation/SPINV/SPINV_3_1.csv------------
Computing partitioned counts of d-sets...
Ready to look at pairs based on partitioned counts...
First Stage N=168, Time=3413
There are 35190 remaining non-locating pairs
--- Running GA Algorithm (phase2) ---
Running GA with std::execution::par
Generation #0
189,4045,0.001, 0.00922476, 0.069808, 0.108605, 0.152494, 0.311227, 0.509842, 0.706517, 0.780281, 0.786343, 0.792255, 0.839223, 0.882897, 0.893691, 0.9037, 1, 

186,7843,0.001, 0.0412726, 0.0474103, 0.104982, 0.117524, 0.126689, 0.139751, 0.247224, 0.390874, 0.392989, 0.596938, 0.618383, 0.782413, 0.912714, 1, 

183,15963,0.001, 0.118127, 0.123131, 0.17194, 0.191016, 0.439019, 0.578642, 0.759716, 0.963194, 0.964033, 1, 

Generation #1
186,7843,0.001, 0.0412726, 0.0474103, 0.104982, 0.117524, 0.126689, 0.139751, 0.247224, 0.390874, 0.392989, 0.596938, 0.618383, 0.782413, 0.912714, 1, 

183,15963,0.001, 0.118127, 0.123131, 0.17194, 0.191016, 0.439019, 0.578642, 0.759716, 0.963194, 0.964033, 1, 

189,3854,0.001, 0.0132149, 0.0698799, 0.108605, 0.152494, 0.311227, 0.509842, 0.706517, 0.780281, 0.786343, 0.792255, 0.839223, 0.882897, 0.893691, 0.9037, 1, 

204,3172,0.001, 0.00922476, 0.069808, 0.108605, 0.152494, 0.311227, 0.509842, 0.706517, 0.780281, 0.786343, 0.792255, 0.839223, 0.882897, 0.893691, 0.9037, 1, 

187,6911,0.001, 0.0402087, 0.110067, 0.112672, 0.163659, 0.218491, 0.252068, 0.29115, 0.622763, 0.750891, 0.772256, 0.830312, 1, 

Generation #2
183,15963,0.001, 0.118127, 0.123131, 0.17194, 0.191016, 0.439019, 0.578642, 0.759716, 0.963194, 0.964033, 1, 

184,3148,0.001, 0.0132149, 0.0698799, 0.0785085, 0.0840851, 0.112728, 0.218071, 0.221453, 0.228896, 0.280767, 1, 

Generation #3
184,3148,0.001, 0.0132149, 0.0698799, 0.0785085, 0.0840851, 0.112728, 0.218071, 0.221453, 0.228896, 0.280767, 1, 

192,3072,0.001, 0.0132149, 0.0698799, 0.0785085, 0.0840851, 0.212601, 0.241206, 0.269902, 0.278104, 0.280767, 1, 

179,6039,0.001, 0.0399461, 0.0821486, 0.0935076, 0.156121, 0.199929, 0.227191, 0.363503, 0.398938, 0.417778, 0.474823, 0.488837, 0.879581, 0.919874, 0.983767, 1, 

183,3890,0.001, 0.0132149, 0.0698799, 0.0785085, 0.0840851, 0.322985, 0.346601, 0.459289, 0.528369, 1, 

Generation #4
184,3148,0.001, 0.0132149, 0.0698799, 0.0785085, 0.0840851, 0.112728, 0.218071, 0.221453, 0.228896, 0.280767, 1, 

192,3072,0.001, 0.0132149, 0.0698799, 0.0785085, 0.0840851, 0.212601, 0.241206, 0.269902, 0.278104, 0.280767, 1, 

179,6039,0.001, 0.0399461, 0.0821486, 0.0935076, 0.156121, 0.199929, 0.227191, 0.363503, 0.398938, 0.417778, 0.474823, 0.488837, 0.879581, 0.919874, 0.983767, 1, 

183,3890,0.001, 0.0132149, 0.0698799, 0.0785085, 0.0840851, 0.322985, 0.346601, 0.459289, 0.528369, 1, 

198,2979,0.001, 0.00922476, 0.069808, 0.108605, 0.152494, 0.311227, 0.509842, 0.706517, 0.780281, 0.786343, 0.792255, 0.839223, 0.882897, 0.893691, 0.9037, 1, 

Generation #5
184,3148,0.001, 0.0132149, 0.0698799, 0.0785085, 0.0840851, 0.112728, 0.218071, 0.221453, 0.228896, 0.280767, 1, 

192,3072,0.001, 0.0132149, 0.0698799, 0.0785085, 0.0840851, 0.212601, 0.241206, 0.269902, 0.278104, 0.280767, 1, 

183,3890,0.001, 0.0132149, 0.0698799, 0.0785085, 0.0840851, 0.322985, 0.346601, 0.459289, 0.528369, 1, 

198,2979,0.001, 0.00922476, 0.069808, 0.108605, 0.152494, 0.311227, 0.509842, 0.706517, 0.780281, 0.786343, 0.792255, 0.839223, 0.882897, 0.893691, 0.9037, 1, 

176,4220,0.001, 0.0172534, 0.0771113, 0.117022, 0.168115, 0.475236, 0.487348, 0.643606, 0.688892, 0.710302, 1, 

Generation #6
184,3148,0.001, 0.0132149, 0.0698799, 0.0785085, 0.0840851, 0.112728, 0.218071, 0.221453, 0.228896, 0.280767, 1, 

176,4220,0.001, 0.0172534, 0.0771113, 0.117022, 0.168115, 0.475236, 0.487348, 0.643606, 0.688892, 0.710302, 1, 

190,3035,0.001, 0.0132149, 0.0698799, 0.108605, 0.152494, 0.311227, 0.578642, 0.759716, 0.888259, 0.9223, 1, 

196,2706,0.001, 0.00922476, 0.069808, 0.0937265, 0.108605, 0.152494, 0.311227, 0.509842, 0.247224, 0.390874, 0.392989, 0.596938, 0.618383, 0.474094, 0.48571, 0.9037, 1, 

183,3681,0.001, 0.00922476, 0.123131, 0.0867455, 0.181072, 0.598943, 0.211719, 0.269902, 0.278104, 0.280767, 1, 

Generation #7
184,3148,0.001, 0.0132149, 0.0698799, 0.0785085, 0.0840851, 0.112728, 0.218071, 0.221453, 0.228896, 0.280767, 1, 

176,4220,0.001, 0.0172534, 0.0771113, 0.117022, 0.168115, 0.475236, 0.487348, 0.643606, 0.688892, 0.710302, 1, 

190,3035,0.001, 0.0132149, 0.0698799, 0.108605, 0.152494, 0.311227, 0.578642, 0.759716, 0.888259, 0.9223, 1, 

196,2706,0.001, 0.00922476, 0.069808, 0.0937265, 0.108605, 0.152494, 0.311227, 0.509842, 0.247224, 0.390874, 0.392989, 0.596938, 0.618383, 0.474094, 0.48571, 0.9037, 1, 

192,3025,0.001, 0.00922476, 0.069808, 0.108605, 0.152494, 0.487348, 0.643606, 0.688892, 0.710302, 1, 

200,2681,0.001, 0.00922476, 0.069808, 0.108605, 0.152494, 0.311227, 0.509842, 0.706517, 0.780281, 0.786343, 0.792255, 0.839223, 0.882897, 0.893691, 0.9037, 1, 

181,3306,0.001, 0.0132149, 0.0698799, 0.0785085, 0.117524, 0.126689, 0.139751, 0.247224, 0.390874, 0.228896, 0.280767, 1, 

Generation #8
184,3148,0.001, 0.0132149, 0.0698799, 0.0785085, 0.0840851, 0.112728, 0.218071, 0.221453, 0.228896, 0.280767, 1, 

176,4220,0.001, 0.0172534, 0.0771113, 0.117022, 0.168115, 0.475236, 0.487348, 0.643606, 0.688892, 0.710302, 1, 

190,3035,0.001, 0.0132149, 0.0698799, 0.108605, 0.152494, 0.311227, 0.578642, 0.759716, 0.888259, 0.9223, 1, 

196,2706,0.001, 0.00922476, 0.069808, 0.0937265, 0.108605, 0.152494, 0.311227, 0.509842, 0.247224, 0.390874, 0.392989, 0.596938, 0.618383, 0.474094, 0.48571, 0.9037, 1, 

192,3025,0.001, 0.00922476, 0.069808, 0.108605, 0.152494, 0.487348, 0.643606, 0.688892, 0.710302, 1, 

181,3306,0.001, 0.0132149, 0.0698799, 0.0785085, 0.117524, 0.126689, 0.139751, 0.247224, 0.390874, 0.228896, 0.280767, 1, 

199,2559,0.001, 0.00922476, 0.069808, 0.108605, 0.152494, 0.311227, 0.509842, 0.247224, 0.390874, 0.392989, 0.596938, 0.618383, 1, 

Generation #9
176,4220,0.001, 0.0172534, 0.0771113, 0.117022, 0.168115, 0.475236, 0.487348, 0.643606, 0.688892, 0.710302, 1, 

196,2706,0.001, 0.00922476, 0.069808, 0.0937265, 0.108605, 0.152494, 0.311227, 0.509842, 0.247224, 0.390874, 0.392989, 0.596938, 0.618383, 0.474094, 0.48571, 0.9037, 1, 

181,3306,0.001, 0.0132149, 0.0698799, 0.0785085, 0.117524, 0.126689, 0.139751, 0.247224, 0.390874, 0.228896, 0.280767, 1, 

199,2559,0.001, 0.00922476, 0.069808, 0.108605, 0.152494, 0.311227, 0.509842, 0.247224, 0.390874, 0.392989, 0.596938, 0.618383, 1, 

189,2714,0.001, 0.00922476, 0.0698799, 0.0785085, 0.0840851, 0.212601, 0.241206, 0.269902, 0.278104, 0.710302, 1, 

182,2975,0.001, 0.00922476, 0.069808, 0.108605, 0.152494, 0.311227, 0.509842, 0.152953, 0.390874, 0.392989, 0.596938, 0.618383, 1, 

Generation #10
176,4220,0.001, 0.0172534, 0.0771113, 0.117022, 0.168115, 0.475236, 0.487348, 0.643606, 0.688892, 0.710302, 1, 

181,3306,0.001, 0.0132149, 0.0698799, 0.0785085, 0.117524, 0.126689, 0.139751, 0.247224, 0.390874, 0.228896, 0.280767, 1, 

199,2559,0.001, 0.00922476, 0.069808, 0.108605, 0.152494, 0.311227, 0.509842, 0.247224, 0.390874, 0.392989, 0.596938, 0.618383, 1, 

182,2975,0.001, 0.00922476, 0.069808, 0.108605, 0.152494, 0.311227, 0.509842, 0.152953, 0.390874, 0.392989, 0.596938, 0.618383, 1, 

189,2564,0.001, 0.00922476, 0.0698799, 0.0785085, 0.152494, 0.311227, 0.578642, 0.759716, 0.964033, 1, 

Generation #11
176,4220,0.001, 0.0172534, 0.0771113, 0.117022, 0.168115, 0.475236, 0.487348, 0.643606, 0.688892, 0.710302, 1, 

199,2559,0.001, 0.00922476, 0.069808, 0.108605, 0.152494, 0.311227, 0.509842, 0.247224, 0.390874, 0.392989, 0.596938, 0.618383, 1, 

189,2564,0.001, 0.00922476, 0.0698799, 0.0785085, 0.152494, 0.311227, 0.578642, 0.759716, 0.964033, 1, 

180,2884,0.001, 0.00922476, 0.069808, 0.108605, 0.212601, 0.241206, 0.269902, 0.278104, 0.280767, 1, 

182,2799,0.001, 0.00922476, 0.069808, 0.108605, 0.152494, 0.241206, 0.269902, 0.278104, 0.280767, 1, 

Generation #12
176,4220,0.001, 0.0172534, 0.0771113, 0.117022, 0.168115, 0.475236, 0.487348, 0.643606, 0.688892, 0.710302, 1, 

189,2564,0.001, 0.00922476, 0.0698799, 0.0785085, 0.152494, 0.311227, 0.578642, 0.759716, 0.964033, 1, 

180,2884,0.001, 0.00922476, 0.069808, 0.108605, 0.212601, 0.241206, 0.269902, 0.278104, 0.280767, 1, 

182,2799,0.001, 0.00922476, 0.069808, 0.108605, 0.152494, 0.241206, 0.269902, 0.278104, 0.280767, 1, 

193,2450,0.001, 0.00922476, 0.069808, 0.108605, 0.152494, 0.241206, 0.269902, 0.278104, 0.280767, 1, 

Generation #13
176,4220,0.001, 0.0172534, 0.0771113, 0.117022, 0.168115, 0.475236, 0.487348, 0.643606, 0.688892, 0.710302, 1, 

189,2564,0.001, 0.00922476, 0.0698799, 0.0785085, 0.152494, 0.311227, 0.578642, 0.759716, 0.964033, 1, 

180,2884,0.001, 0.00922476, 0.069808, 0.108605, 0.212601, 0.241206, 0.269902, 0.278104, 0.280767, 1, 

182,2799,0.001, 0.00922476, 0.069808, 0.108605, 0.152494, 0.241206, 0.269902, 0.278104, 0.280767, 1, 

193,2450,0.001, 0.00922476, 0.069808, 0.108605, 0.152494, 0.241206, 0.269902, 0.278104, 0.280767, 1, 

179,3937,0.001, 0.00922476, 0.069808, 0.117022, 0.168115, 0.212601, 0.269902, 0.278104, 0.280767, 0.596938, 0.618383, 1, 

Generation #14
176,4220,0.001, 0.0172534, 0.0771113, 0.117022, 0.168115, 0.475236, 0.487348, 0.643606, 0.688892, 0.710302, 1, 

189,2564,0.001, 0.00922476, 0.0698799, 0.0785085, 0.152494, 0.311227, 0.578642, 0.759716, 0.964033, 1, 

180,2884,0.001, 0.00922476, 0.069808, 0.108605, 0.212601, 0.241206, 0.269902, 0.278104, 0.280767, 1, 

182,2799,0.001, 0.00922476, 0.069808, 0.108605, 0.152494, 0.241206, 0.269902, 0.278104, 0.280767, 1, 

193,2450,0.001, 0.00922476, 0.069808, 0.108605, 0.152494, 0.241206, 0.269902, 0.278104, 0.280767, 1, 

179,3937,0.001, 0.00922476, 0.069808, 0.117022, 0.168115, 0.212601, 0.269902, 0.278104, 0.280767, 0.596938, 0.618383, 1, 

Generation #15
176,4220,0.001, 0.0172534, 0.0771113, 0.117022, 0.168115, 0.475236, 0.487348, 0.643606, 0.688892, 0.710302, 1, 

189,2564,0.001, 0.00922476, 0.0698799, 0.0785085, 0.152494, 0.311227, 0.578642, 0.759716, 0.964033, 1, 

180,2884,0.001, 0.00922476, 0.069808, 0.108605, 0.212601, 0.241206, 0.269902, 0.278104, 0.280767, 1, 

182,2799,0.001, 0.00922476, 0.069808, 0.108605, 0.152494, 0.241206, 0.269902, 0.278104, 0.280767, 1, 

193,2450,0.001, 0.00922476, 0.069808, 0.108605, 0.152494, 0.241206, 0.269902, 0.278104, 0.280767, 1, 

179,3937,0.001, 0.00922476, 0.069808, 0.117022, 0.168115, 0.212601, 0.269902, 0.278104, 0.280767, 0.596938, 0.618383, 1, 

Generation #16
176,4220,0.001, 0.0172534, 0.0771113, 0.117022, 0.168115, 0.475236, 0.487348, 0.643606, 0.688892, 0.710302, 1, 

189,2564,0.001, 0.00922476, 0.0698799, 0.0785085, 0.152494, 0.311227, 0.578642, 0.759716, 0.964033, 1, 

180,2884,0.001, 0.00922476, 0.069808, 0.108605, 0.212601, 0.241206, 0.269902, 0.278104, 0.280767, 1, 

182,2799,0.001, 0.00922476, 0.069808, 0.108605, 0.152494, 0.241206, 0.269902, 0.278104, 0.280767, 1, 

193,2450,0.001, 0.00922476, 0.069808, 0.108605, 0.152494, 0.241206, 0.269902, 0.278104, 0.280767, 1, 

178,2989,0.001, 0.00922476, 0.069808, 0.117022, 0.212601, 0.241206, 0.269902, 0.278104, 0.280767, 1, 

184,2672,0.001, 0.00922476, 0.069808, 0.108605, 0.152494, 0.241206, 0.269902, 0.278104, 0.280767, 1, 

Generation #17
176,4220,0.001, 0.0172534, 0.0771113, 0.117022, 0.168115, 0.475236, 0.487348, 0.643606, 0.688892, 0.710302, 1, 

189,2564,0.001, 0.00922476, 0.0698799, 0.0785085, 0.152494, 0.311227, 0.578642, 0.759716, 0.964033, 1, 

180,2884,0.001, 0.00922476, 0.069808, 0.108605, 0.212601, 0.241206, 0.269902, 0.278104, 0.280767, 1, 

182,2799,0.001, 0.00922476, 0.069808, 0.108605, 0.152494, 0.241206, 0.269902, 0.278104, 0.280767, 1, 

193,2450,0.001, 0.00922476, 0.069808, 0.108605, 0.152494, 0.241206, 0.269902, 0.278104, 0.280767, 1, 

178,2989,0.001, 0.00922476, 0.069808, 0.117022, 0.212601, 0.241206, 0.269902, 0.278104, 0.280767, 1, 

201,2427,0.001, 0.00922476, 0.069808, 0.108605, 0.152494, 0.311227, 0.509842, 0.247224, 0.390874, 0.710302, 1, 

183,2637,0.001, 0.00922476, 0.069808, 0.108605, 0.152494, 0.311227, 0.436672, 0.180776, 0.247224, 0.390874, 0.392989, 1, 
