------------d=1, t=3, lambda=1, filename=./evaluation/SPINS/SPINS_3_1.csv------------
Computing partitioned counts of d-sets...
Ready to look at pairs based on partitioned counts...
First Stage N=93, Time=67
There are 6014 remaining non-locating pairs
--- Running Density Algorithm (phase2_ce) for Locating ---
  (CE) DEBUG: Trying to distinguish 6014 pairs. Example:
       Pair 0: (2,16,17,),(1,0,2,)  vs (3,16,17,),(0,0,2,)  (already separated 0 times)
  (CE) Using greedy column-by-column strategy.
  (CE) Row 100 built (best score: 345). 3531 pairs remaining to distinguish.
  (CE) Row 110 built (best score: 103). 1847 pairs remaining to distinguish.
  (CE) Row 120 built (best score: 56). 971 pairs remaining to distinguish.
  (CE) Row 130 built (best score: 29). 510 pairs remaining to distinguish.
  (CE) Row 140 built (best score: 12). 274 pairs remaining to distinguish.
  (CE) Row 150 built (best score: 11). 125 pairs remaining to distinguish.
  (CE) Row 160 built (best score: 5). 42 pairs remaining to distinguish.
  (CE) Row 170 built (best score: 2). 8 pairs remaining to distinguish.
  (CE) Row 176 built (best score: 1). 0 pairs remaining to distinguish.
--- Pareto Front Solutions ---
Solution 0: N total=176 (N_initial=93, N_added=83), Time total=912 ms, Saved to: ./results/SPINS_t3_l1_pareto_0.csv, percents=1, 

------------d=1, t=3, lambda=2, filename=./evaluation/SPINS/SPINS_3_2.csv------------
Computing partitioned counts of d-sets...
Ready to look at pairs based on partitioned counts...
First Stage N=129, Time=50
There are 721 remaining non-locating pairs
--- Running Density Algorithm (phase2_ce) for Locating ---
  (CE) DEBUG: Trying to distinguish 721 pairs. Example:
       Pair 0: (11,15,17,),(0,2,0,)  vs (12,15,17,),(1,2,0,)  (already separated 0 times)
  (CE) Using greedy column-by-column strategy.
  (CE) Row 130 built (best score: 42). 721 pairs remaining to distinguish.
  (CE) Row 140 built (best score: 27). 610 pairs remaining to distinguish.
  (CE) Row 150 built (best score: 22). 502 pairs remaining to distinguish.
  (CE) Row 160 built (best score: 21). 391 pairs remaining to distinguish.
  (CE) Row 170 built (best score: 17). 276 pairs remaining to distinguish.
  (CE) Row 180 built (best score: 8). 180 pairs remaining to distinguish.
  (CE) Row 190 built (best score: 7). 113 pairs remaining to distinguish.
  (CE) Row 200 built (best score: 6). 62 pairs remaining to distinguish.
  (CE) Row 210 built (best score: 5). 26 pairs remaining to distinguish.
  (CE) Row 220 built (best score: 1). 6 pairs remaining to distinguish.
  (CE) Row 226 built (best score: 1). 0 pairs remaining to distinguish.
--- Pareto Front Solutions ---
Solution 0: N total=226 (N_initial=129, N_added=97), Time total=199 ms, Saved to: ./results/SPINS_t3_l2_pareto_0.csv, percents=1, 

------------d=1, t=3, lambda=3, filename=./evaluation/SPINS/SPINS_3_3.csv------------
Computing partitioned counts of d-sets...
Ready to look at pairs based on partitioned counts...
First Stage N=220, Time=39
There are 226 remaining non-locating pairs
--- Running Density Algorithm (phase2_ce) for Locating ---
  (CE) DEBUG: Trying to distinguish 226 pairs. Example:
       Pair 0: (4,15,17,),(0,1,3,)  vs (9,15,17,),(1,1,3,)  (already separated 0 times)
  (CE) Using greedy column-by-column strategy.
  (CE) Row 230 built (best score: 12). 201 pairs remaining to distinguish.
  (CE) Row 240 built (best score: 12). 171 pairs remaining to distinguish.
  (CE) Row 250 built (best score: 9). 146 pairs remaining to distinguish.
  (CE) Row 260 built (best score: 6). 117 pairs remaining to distinguish.
  (CE) Row 270 built (best score: 7). 91 pairs remaining to distinguish.
  (CE) Row 280 built (best score: 4). 63 pairs remaining to distinguish.
  (CE) Row 290 built (best score: 2). 39 pairs remaining to distinguish.
  (CE) Row 300 built (best score: 2). 20 pairs remaining to distinguish.
  (CE) Row 310 built (best score: 1). 10 pairs remaining to distinguish.
  (CE) Row 320 built (best score: 1). 0 pairs remaining to distinguish.
--- Pareto Front Solutions ---
Solution 0: N total=320 (N_initial=220, N_added=100), Time total=84 ms, Saved to: ./results/SPINS_t3_l3_pareto_0.csv, percents=1, 

------------d=1, t=3, lambda=4, filename=./evaluation/SPINS/SPINS_3_4.csv------------
Computing partitioned counts of d-sets...
Ready to look at pairs based on partitioned counts...
First Stage N=256, Time=41
There are 388 remaining non-locating pairs
--- Running Density Algorithm (phase2_ce) for Locating ---
  (CE) DEBUG: Trying to distinguish 388 pairs. Example:
       Pair 0: (13,14,15,),(0,0,0,)  vs (13,14,16,),(0,0,0,)  (already separated 0 times)
  (CE) Using greedy column-by-column strategy.
  (CE) Row 260 built (best score: 12). 388 pairs remaining to distinguish.
  (CE) Row 270 built (best score: 12). 383 pairs remaining to distinguish.
  (CE) Row 280 built (best score: 12). 377 pairs remaining to distinguish.
  (CE) Row 290 built (best score: 12). 369 pairs remaining to distinguish.
  (CE) Row 300 built (best score: 12). 351 pairs remaining to distinguish.
  (CE) Row 310 built (best score: 12). 339 pairs remaining to distinguish.
  (CE) Row 320 built (best score: 12). 318 pairs remaining to distinguish.
  (CE) Row 330 built (best score: 10). 300 pairs remaining to distinguish.
  (CE) Row 340 built (best score: 12). 275 pairs remaining to distinguish.
  (CE) Row 350 built (best score: 12). 237 pairs remaining to distinguish.
  (CE) Row 360 built (best score: 9). 185 pairs remaining to distinguish.
  (CE) Row 370 built (best score: 10). 149 pairs remaining to distinguish.
  (CE) Row 380 built (best score: 9). 108 pairs remaining to distinguish.
  (CE) Row 390 built (best score: 5). 69 pairs remaining to distinguish.
  (CE) Row 400 built (best score: 5). 31 pairs remaining to distinguish.
  (CE) Row 410 built (best score: 3). 8 pairs remaining to distinguish.
  (CE) Row 420 built (best score: 0). 1 pairs remaining to distinguish.
  (CE) Row 421 built (best score: 1). 0 pairs remaining to distinguish.
--- Pareto Front Solutions ---
Solution 0: N total=421 (N_initial=256, N_added=165), Time total=208 ms, Saved to: ./results/SPINS_t3_l4_pareto_0.csv, percents=1, 

