------------d=1, t=3, lambda=1, filename=./evaluation/SPINV/SPINV_3_1.csv------------
Computing partitioned counts of d-sets...
Ready to look at pairs based on partitioned counts...
First Stage N=168, Time=3605
There are 35190 remaining non-locating pairs
--- Running GA Algorithm (phase2) ---
Running GA with std::execution::par
Generation #0
197,4793,0.001, 0.00922476, 0.069808, 0.108605, 0.152494, 0.311227, 0.509842, 0.706517, 0.780281, 0.786343, 0.792255, 0.839223, 0.882897, 0.893691, 0.9037, 1, 

191,5736,0.001, 0.0412726, 0.0474103, 0.104982, 0.117524, 0.126689, 0.139751, 0.247224, 0.390874, 0.392989, 0.596938, 0.618383, 0.782413, 0.912714, 1, 

193,4974,0.001, 0.0132149, 0.0698799, 0.0785085, 0.0840851, 0.112728, 0.218071, 0.221453, 0.228896, 0.301592, 0.346569, 0.375531, 0.43878, 0.440769, 0.456912, 0.522509, 0.537457, 0.548702, 0.569156, 0.624232, 0.691027, 0.723938, 0.802654, 0.847022, 0.915464, 0.948163, 1, 

188,9573,0.001, 0.0565071, 0.0729233, 0.171246, 0.438822, 0.458416, 0.645329, 0.715908, 0.731017, 0.789768, 0.826975, 0.901687, 0.993115, 1, 

187,12722,0.001, 0.0814437, 0.0891736, 0.163295, 0.388327, 0.488971, 0.535561, 0.692422, 0.774541, 0.775609, 0.85875, 1, 

Generation #1
184,4958,0.001, 0.0172534, 0.0771113, 0.117022, 0.168115, 0.212601, 0.241206, 0.269902, 0.300991, 0.278104, 0.280767, 0.321557, 0.408293, 0.541664, 0.78046, 1, 

201,4078,0.001, 0.0132149, 0.0698799, 0.0785085, 0.0840851, 0.42626, 0.43883, 0.543618, 0.584047, 0.642095, 0.655196, 0.74266, 0.744005, 0.806186, 0.877522, 0.927993, 0.967869, 1, 

196,4336,0.001, 0.0192819, 0.0378253, 0.0436689, 0.0488421, 0.126569, 0.176682, 0.209859, 0.221429, 0.300978, 0.30798, 0.31238, 0.403985, 0.428618, 0.466309, 0.477084, 0.480443, 0.516741, 0.598261, 0.60291, 0.664985, 0.665158, 0.675267, 0.722877, 0.734149, 0.744981, 0.775216, 0.791826, 0.832947, 0.942984, 1, 

191,4338,0.001, 0.0244405, 0.0652702, 0.0736514, 0.0965841, 0.127408, 0.141638, 0.235851, 0.833244, 0.863853, 0.912583, 0.634676, 0.912627, 1, 

Generation #2
184,4958,0.001, 0.0172534, 0.0771113, 0.117022, 0.168115, 0.212601, 0.241206, 0.269902, 0.300991, 0.278104, 0.280767, 0.321557, 0.408293, 0.541664, 0.78046, 1, 

191,4338,0.001, 0.0244405, 0.0652702, 0.0736514, 0.0965841, 0.127408, 0.141638, 0.235851, 0.833244, 0.863853, 0.912583, 0.634676, 0.912627, 1, 

212,3185,0.001, 0.00922476, 0.069808, 0.108605, 0.152494, 0.311227, 0.509842, 0.706517, 0.780281, 0.786343, 0.792255, 0.839223, 0.882897, 0.421165, 0.462474, 0.468683, 0.476659, 0.50221, 0.50649, 0.626658, 0.627326, 0.649525, 0.68777, 0.72883, 0.783318, 0.801419, 0.809709, 0.884965, 0.917303, 0.951514, 1, 

195,4303,0.001, 0.0172534, 0.0771113, 0.117022, 0.168115, 0.212601, 0.241206, 0.269902, 0.278104, 0.280767, 0.321557, 0.408293, 0.541664, 0.78046, 0.80197, 0.844722, 0.881959, 0.904594, 0.943595, 0.946745, 0.987599, 1, 

199,3838,0.001, 0.0132149, 0.0698799, 0.0785085, 0.0840851, 0.42626, 0.43883, 0.543618, 0.584047, 0.642095, 0.655196, 0.74266, 1, 

185,4753,0.001, 0.0192819, 0.0378253, 0.0436689, 0.0488421, 0.126569, 0.176682, 0.209859, 0.221429, 0.300978, 0.85875, 1, 

Generation #3
184,4958,0.001, 0.0172534, 0.0771113, 0.117022, 0.168115, 0.212601, 0.241206, 0.269902, 0.300991, 0.278104, 0.280767, 0.321557, 0.408293, 0.541664, 0.78046, 1, 

212,3185,0.001, 0.00922476, 0.069808, 0.108605, 0.152494, 0.311227, 0.509842, 0.706517, 0.780281, 0.786343, 0.792255, 0.839223, 0.882897, 0.421165, 0.462474, 0.468683, 0.476659, 0.50221, 0.50649, 0.626658, 0.627326, 0.649525, 0.68777, 0.72883, 0.783318, 0.801419, 0.809709, 0.884965, 0.917303, 0.951514, 1, 

185,4753,0.001, 0.0192819, 0.0378253, 0.0436689, 0.0488421, 0.126569, 0.176682, 0.209859, 0.221429, 0.300978, 0.85875, 1, 

186,3944,0.001, 0.0132149, 0.0698799, 0.0785085, 0.0840851, 0.42626, 0.43883, 0.543618, 0.584047, 0.324282, 0.367552, 0.434028, 0.777168, 0.906529, 1, 

191,3402,0.001, 0.00922476, 0.069808, 0.108605, 0.152494, 0.311227, 0.375112, 0.390588, 0.435046, 0.456559, 0.512465, 0.785445, 0.925032, 1, 

Generation #4
212,3185,0.001, 0.00922476, 0.069808, 0.108605, 0.152494, 0.311227, 0.509842, 0.706517, 0.780281, 0.786343, 0.792255, 0.839223, 0.882897, 0.421165, 0.462474, 0.468683, 0.476659, 0.50221, 0.50649, 0.626658, 0.627326, 0.649525, 0.68777, 0.72883, 0.783318, 0.801419, 0.809709, 0.884965, 0.917303, 0.951514, 1, 

186,3944,0.001, 0.0132149, 0.0698799, 0.0785085, 0.0840851, 0.42626, 0.43883, 0.543618, 0.584047, 0.324282, 0.367552, 0.434028, 0.777168, 0.906529, 1, 

191,3402,0.001, 0.00922476, 0.069808, 0.108605, 0.152494, 0.311227, 0.375112, 0.390588, 0.435046, 0.456559, 0.512465, 0.785445, 0.925032, 1, 

178,4436,0.001, 0.0172534, 0.0771113, 0.117022, 0.168115, 0.212601, 0.241206, 0.269902, 0.301744, 0.324282, 0.367552, 1, 

188,3654,0.001, 0.0132149, 0.0698799, 0.0785085, 0.0840851, 0.42626, 0.43883, 0.543618, 0.555533, 0.580327, 1, 

185,4015,0.001, 0.0192819, 0.0378253, 0.0436689, 0.0488421, 0.126569, 0.176682, 0.209859, 0.221429, 0.300978, 0.85875, 1, 

184,4062,0.001, 0.0172534, 0.0771113, 0.117022, 0.168115, 0.212601, 0.176682, 0.209859, 0.221429, 0.300978, 0.85875, 1, 

Generation #5
186,3944,0.001, 0.0132149, 0.0698799, 0.0785085, 0.0840851, 0.42626, 0.43883, 0.543618, 0.584047, 0.324282, 0.367552, 0.434028, 0.777168, 0.906529, 1, 

178,4436,0.001, 0.0172534, 0.0771113, 0.117022, 0.168115, 0.212601, 0.241206, 0.269902, 0.301744, 0.324282, 0.367552, 1, 

185,4015,0.001, 0.0192819, 0.0378253, 0.0436689, 0.0488421, 0.126569, 0.176682, 0.209859, 0.221429, 0.300978, 0.85875, 1, 

184,4062,0.001, 0.0172534, 0.0771113, 0.117022, 0.168115, 0.212601, 0.176682, 0.209859, 0.221429, 0.300978, 0.85875, 1, 

188,3105,0.001, 0.00922476, 0.069808, 0.108605, 0.151215, 0.0840851, 0.188931, 0.218071, 0.221453, 0.301592, 0.346569, 0.826975, 0.901687, 1, 

Generation #6
178,4436,0.001, 0.0172534, 0.0771113, 0.117022, 0.168115, 0.212601, 0.241206, 0.269902, 0.301744, 0.324282, 0.367552, 1, 

188,3105,0.001, 0.00922476, 0.069808, 0.108605, 0.151215, 0.0840851, 0.188931, 0.218071, 0.221453, 0.301592, 0.346569, 0.826975, 0.901687, 1, 

184,4025,0.001, 0.0132149, 0.0698799, 0.0785085, 0.0840851, 0.112728, 0.218071, 0.221453, 0.301592, 0.346569, 1, 

185,3533,0.001, 0.0132149, 0.0698799, 0.0785085, 0.0840851, 0.112728, 0.58225, 0.543618, 0.555533, 0.580327, 0.912583, 0.634676, 0.912627, 1, 

Generation #7
178,4436,0.001, 0.0172534, 0.0771113, 0.117022, 0.168115, 0.212601, 0.241206, 0.269902, 0.301744, 0.324282, 0.367552, 1, 

188,3105,0.001, 0.00922476, 0.069808, 0.108605, 0.151215, 0.0840851, 0.188931, 0.218071, 0.221453, 0.301592, 0.346569, 0.826975, 0.901687, 1, 

182,3316,0.001, 0.0132149, 0.0698799, 0.0785085, 0.0840851, 0.42626, 0.241206, 0.269902, 0.300991, 0.278104, 0.280767, 0.321557, 0.408293, 1, 

191,3008,0.001, 0.00922476, 0.069808, 0.108605, 0.046212, 0.0840851, 0.314347, 0.43883, 0.543618, 0.584047, 0.324282, 0.367552, 0.434028, 0.777168, 0.906529, 1, 

203,2929,0.001, 0.00922476, 0.069808, 0.108605, 0.151215, 0.0840851, 0.188931, 0.218071, 0.221453, 0.228896, 0.301592, 0.629353, 0.375531, 0.43878, 0.440769, 0.456912, 0.522509, 0.537457, 0.506842, 0.540004, 0.63418, 0.710589, 0.737401, 0.854081, 0.919683, 0.936535, 0.956299, 1, 

Generation #8
178,4436,0.001, 0.0172534, 0.0771113, 0.117022, 0.168115, 0.212601, 0.241206, 0.269902, 0.301744, 0.324282, 0.367552, 1, 

188,3105,0.001, 0.00922476, 0.069808, 0.108605, 0.151215, 0.0840851, 0.188931, 0.218071, 0.221453, 0.301592, 0.346569, 0.826975, 0.901687, 1, 

191,3008,0.001, 0.00922476, 0.069808, 0.108605, 0.046212, 0.0840851, 0.314347, 0.43883, 0.543618, 0.584047, 0.324282, 0.367552, 0.434028, 0.777168, 0.906529, 1, 

203,2929,0.001, 0.00922476, 0.069808, 0.108605, 0.151215, 0.0840851, 0.188931, 0.218071, 0.221453, 0.228896, 0.301592, 0.629353, 0.375531, 0.43878, 0.440769, 0.456912, 0.522509, 0.537457, 0.506842, 0.540004, 0.63418, 0.710589, 0.737401, 0.854081, 0.919683, 0.936535, 0.956299, 1, 

179,3209,0.001, 0.00922476, 0.069808, 0.108605, 0.151215, 0.0840851, 0.43883, 0.584047, 0.642095, 0.655196, 0.74266, 1, 

Generation #9
198,2627,0.001, 0.00922476, 0.069808, 0.108605, 0.0488421, 0.126569, 0.495547, 0.533962, 0.584047, 0.324282, 0.367552, 0.434028, 0.777168, 0.906529, 1, 

174,2691,0.001, 0.00922476, 0.0698799, 0.0785085, 0.0840851, 0.112728, 0.218071, 0.221453, 0.301592, 0.346569, 1, 

Generation #10
174,2691,0.001, 0.00922476, 0.0698799, 0.0785085, 0.0840851, 0.112728, 0.218071, 0.221453, 0.301592, 0.346569, 1, 

186,2492,0.001, 0.00922476, 0.0698799, 0.0785085, 0.0840851, 0.188931, 0.112728, 0.218071, 0.221453, 0.228896, 0.301592, 0.346569, 0.375531, 0.43878, 0.440769, 0.456912, 0.522509, 0.537457, 0.506842, 0.0282673, 0.540004, 0.63418, 0.710589, 0.737401, 0.854081, 0.919683, 0.936535, 0.956299, 1, 

Generation #11
174,2691,0.001, 0.00922476, 0.0698799, 0.0785085, 0.0840851, 0.112728, 0.218071, 0.221453, 0.301592, 0.346569, 1, 

186,2492,0.001, 0.00922476, 0.0698799, 0.0785085, 0.0840851, 0.188931, 0.112728, 0.218071, 0.221453, 0.228896, 0.301592, 0.346569, 0.375531, 0.43878, 0.440769, 0.456912, 0.522509, 0.537457, 0.506842, 0.0282673, 0.540004, 0.63418, 0.710589, 0.737401, 0.854081, 0.919683, 0.936535, 0.956299, 1, 

Generation #12
174,2691,0.001, 0.00922476, 0.0698799, 0.0785085, 0.0840851, 0.112728, 0.218071, 0.221453, 0.301592, 0.346569, 1, 

186,2436,0.001, 0.00922476, 0.069808, 0.108605, 0.046212, 0.0840851, 0.314347, 0.43883, 0.300991, 0.278104, 0.280767, 0.321557, 0.408293, 1, 

Generation #13
174,2691,0.001, 0.00922476, 0.0698799, 0.0785085, 0.0840851, 0.112728, 0.218071, 0.221453, 0.301592, 0.346569, 1, 

186,2436,0.001, 0.00922476, 0.069808, 0.108605, 0.046212, 0.0840851, 0.314347, 0.43883, 0.300991, 0.278104, 0.280767, 0.321557, 0.408293, 1, 

Generation #14
174,2691,0.001, 0.00922476, 0.0698799, 0.0785085, 0.0840851, 0.112728, 0.218071, 0.221453, 0.301592, 0.346569, 1, 

186,2436,0.001, 0.00922476, 0.069808, 0.108605, 0.046212, 0.0840851, 0.314347, 0.43883, 0.300991, 0.278104, 0.280767, 0.321557, 0.408293, 1, 

187,2383,0.001, 0.00922476, 0.069808, 0.0785085, 0.0840851, 0.112728, 0.218071, 0.221453, 0.269902, 0.580327, 1, 

Generation #15
174,2691,0.001, 0.00922476, 0.0698799, 0.0785085, 0.0840851, 0.112728, 0.218071, 0.221453, 0.301592, 0.346569, 1, 

186,2436,0.001, 0.00922476, 0.069808, 0.108605, 0.046212, 0.0840851, 0.314347, 0.43883, 0.300991, 0.278104, 0.280767, 0.321557, 0.408293, 1, 

187,2383,0.001, 0.00922476, 0.069808, 0.0785085, 0.0840851, 0.112728, 0.218071, 0.221453, 0.269902, 0.580327, 1, 

Generation #16
174,2691,0.001, 0.00922476, 0.0698799, 0.0785085, 0.0840851, 0.112728, 0.218071, 0.221453, 0.301592, 0.346569, 1, 

186,2436,0.001, 0.00922476, 0.069808, 0.108605, 0.046212, 0.0840851, 0.314347, 0.43883, 0.300991, 0.278104, 0.280767, 0.321557, 0.408293, 1, 

187,2383,0.001, 0.00922476, 0.069808, 0.0785085, 0.0840851, 0.112728, 0.218071, 0.221453, 0.269902, 0.580327, 1, 

Generation #17
174,2691,0.001, 0.00922476, 0.0698799, 0.0785085, 0.0840851, 0.112728, 0.218071, 0.221453, 0.301592, 0.346569, 1, 

186,2436,0.001, 0.00922476, 0.069808, 0.108605, 0.046212, 0.0840851, 0.314347, 0.43883, 0.300991, 0.278104, 0.280767, 0.321557, 0.408293, 1, 

187,2383,0.001, 0.00922476, 0.069808, 0.0785085, 0.0840851, 0.112728, 0.218071, 0.221453, 0.269902, 0.580327, 1, 

Generation #18
174,2691,0.001, 0.00922476, 0.0698799, 0.0785085, 0.0840851, 0.112728, 0.218071, 0.221453, 0.301592, 0.346569, 1, 

187,2383,0.001, 0.00922476, 0.069808, 0.0785085, 0.0840851, 0.112728, 0.218071, 0.221453, 0.269902, 0.580327, 1, 

184,2433,0.001, 0.00922476, 0.0698799, 0.0785085, 0.0840851, 0.188931, 0.112728, 0.221453, 0.269902, 0.300991, 0.278104, 0.280767, 0.906529, 1, 

Generation #19
174,2691,0.001, 0.00922476, 0.0698799, 0.0785085, 0.0840851, 0.112728, 0.218071, 0.221453, 0.301592, 0.346569, 1, 

187,2383,0.001, 0.00922476, 0.069808, 0.0785085, 0.0840851, 0.112728, 0.218071, 0.221453, 0.269902, 0.580327, 1, 

184,2433,0.001, 0.00922476, 0.0698799, 0.0785085, 0.0840851, 0.188931, 0.112728, 0.221453, 0.269902, 0.300991, 0.278104, 0.280767, 0.906529, 1, 

Generation #20
174,2691,0.001, 0.00922476, 0.0698799, 0.0785085, 0.0840851, 0.112728, 0.218071, 0.221453, 0.301592, 0.346569, 1, 

187,2383,0.001, 0.00922476, 0.069808, 0.0785085, 0.0840851, 0.112728, 0.218071, 0.221453, 0.269902, 0.580327, 1, 

184,2433,0.001, 0.00922476, 0.0698799, 0.0785085, 0.0840851, 0.188931, 0.112728, 0.221453, 0.269902, 0.300991, 0.278104, 0.280767, 0.906529, 1, 

Generation #21
174,2691,0.001, 0.00922476, 0.0698799, 0.0785085, 0.0840851, 0.112728, 0.218071, 0.221453, 0.301592, 0.346569, 1, 

184,2433,0.001, 0.00922476, 0.0698799, 0.0785085, 0.0840851, 0.188931, 0.112728, 0.221453, 0.269902, 0.300991, 0.278104, 0.280767, 0.906529, 1, 

186,2098,0.001, 0.00922476, 0.069808, 0.108605, 0.0840851, 0.112728, 0.218071, 0.221453, 0.435046, 0.456559, 0.512465, 0.321557, 0.408293, 1, 
