------------d=1, t=3, lambda=1, filename=./evaluation/SPINV/SPINV_3_1.csv------------
Computing partitioned counts of d-sets...
Ready to look at pairs based on partitioned counts...
First Stage N=168, Time=3444
There are 35190 remaining non-locating pairs
--- Running GA Algorithm (phase2) ---
Running GA with std::execution::par
Generation #0
199,4434,0.001, 0.00922476, 0.069808, 0.108605, 0.152494, 0.311227, 0.509842, 0.706517, 0.780281, 0.786343, 0.792255, 0.839223, 0.882897, 0.893691, 0.9037, 1, 

180,8806,0.001, 0.0412726, 0.0474103, 0.104982, 0.117524, 0.126689, 0.139751, 0.247224, 0.390874, 0.392989, 0.596938, 0.618383, 0.782413, 0.912714, 1, 

197,5057,0.001, 0.0132149, 0.0698799, 0.0785085, 0.0840851, 0.112728, 0.218071, 0.221453, 0.228896, 0.301592, 0.346569, 0.375531, 0.43878, 0.440769, 0.456912, 0.522509, 0.537457, 0.548702, 0.569156, 0.624232, 0.691027, 0.723938, 0.802654, 0.847022, 0.915464, 0.948163, 1, 

192,6634,0.001, 0.0435231, 0.0641038, 0.0855791, 0.146524, 0.347865, 0.403543, 0.408469, 0.514025, 0.664076, 0.773172, 0.785445, 0.925032, 1, 

191,8284,0.001, 0.0402087, 0.110067, 0.112672, 0.163659, 0.218491, 0.252068, 0.29115, 0.312318, 0.325474, 0.522532, 0.546858, 0.56887, 0.716935, 0.73085, 0.742184, 0.81034, 0.899147, 0.962511, 1, 

Generation #1
180,8806,0.001, 0.0412726, 0.0474103, 0.104982, 0.117524, 0.126689, 0.139751, 0.247224, 0.390874, 0.392989, 0.596938, 0.618383, 0.782413, 0.912714, 1, 

185,7523,0.001, 0.0510807, 0.152843, 0.290993, 0.303019, 0.471281, 0.486147, 0.524213, 0.884583, 0.88752, 0.910632, 0.618383, 0.782413, 0.912714, 1, 

193,4083,0.001, 0.0132149, 0.0698799, 0.0785085, 0.0840851, 0.112728, 0.218071, 0.221453, 0.228896, 0.301592, 0.346569, 0.375531, 0.43878, 0.440769, 0.456912, 0.694705, 0.711254, 0.719943, 0.819476, 0.843889, 0.924923, 1, 

189,4130,0.001, 0.0172534, 0.0771113, 0.117022, 0.168115, 0.212601, 0.241206, 0.269902, 0.241249, 0.280982, 0.304998, 0.315551, 0.56041, 0.562292, 0.794259, 0.796296, 0.872517, 0.904454, 0.918796, 0.968207, 0.993276, 1, 

188,6375,0.001, 0.0486694, 0.0610299, 0.0686073, 0.0869937, 0.193502, 0.321976, 0.346601, 0.453885, 0.503944, 0.518837, 0.559632, 0.925032, 1, 

Generation #2
180,8806,0.001, 0.0412726, 0.0474103, 0.104982, 0.117524, 0.126689, 0.139751, 0.247224, 0.390874, 0.392989, 0.596938, 0.618383, 0.782413, 0.912714, 1, 

185,7523,0.001, 0.0510807, 0.152843, 0.290993, 0.303019, 0.471281, 0.486147, 0.524213, 0.884583, 0.88752, 0.910632, 0.618383, 0.782413, 0.912714, 1, 

189,4130,0.001, 0.0172534, 0.0771113, 0.117022, 0.168115, 0.212601, 0.241206, 0.269902, 0.241249, 0.280982, 0.304998, 0.315551, 0.56041, 0.562292, 0.794259, 0.796296, 0.872517, 0.904454, 0.918796, 0.968207, 0.993276, 1, 

188,6375,0.001, 0.0486694, 0.0610299, 0.0686073, 0.0869937, 0.193502, 0.321976, 0.346601, 0.453885, 0.503944, 0.518837, 0.559632, 0.925032, 1, 

195,3267,0.001, 0.00922476, 0.069808, 0.108605, 0.152494, 0.311227, 0.323064, 0.324636, 0.371522, 0.386895, 0.41061, 0.469415, 0.480214, 0.621513, 0.669799, 0.680373, 0.796611, 0.996992, 1, 

193,3417,0.001, 0.00922476, 0.069808, 0.152494, 0.311227, 0.509842, 0.706517, 0.780281, 0.786343, 0.792255, 0.839223, 0.882897, 0.893691, 0.9037, 1, 

Generation #3
195,3267,0.001, 0.00922476, 0.069808, 0.108605, 0.152494, 0.311227, 0.323064, 0.324636, 0.371522, 0.386895, 0.41061, 0.469415, 0.480214, 0.621513, 0.669799, 0.680373, 0.796611, 0.996992, 1, 

193,3417,0.001, 0.00922476, 0.069808, 0.152494, 0.311227, 0.509842, 0.706517, 0.780281, 0.786343, 0.792255, 0.839223, 0.882897, 0.893691, 0.9037, 1, 

189,3800,0.001, 0.0132149, 0.0698799, 0.0785085, 0.0840851, 0.311227, 0.509842, 0.706517, 0.780281, 0.786343, 0.792255, 0.839223, 0.882897, 0.893691, 0.9037, 1, 

179,4404,0.001, 0.0172534, 0.0771113, 0.117022, 0.168115, 0.212601, 0.241206, 0.269902, 0.278104, 0.280767, 0.321557, 0.408293, 0.541664, 1, 

188,4148,0.001, 0.0132149, 0.0698799, 0.0785085, 0.0840851, 0.112728, 0.218071, 0.221453, 0.228896, 0.90713, 0.907453, 0.926017, 0.975228, 1, 

Generation #4
179,4404,0.001, 0.0172534, 0.0771113, 0.117022, 0.168115, 0.212601, 0.241206, 0.269902, 0.278104, 0.280767, 0.321557, 0.408293, 0.541664, 1, 

188,4148,0.001, 0.0132149, 0.0698799, 0.0785085, 0.0840851, 0.112728, 0.218071, 0.221453, 0.228896, 0.90713, 0.907453, 0.926017, 0.975228, 1, 

189,3629,0.001, 0.00922476, 0.069808, 0.152494, 0.183091, 0.283757, 0.346601, 0.453885, 0.503944, 0.518837, 0.559632, 0.925032, 1, 

192,2954,0.001, 0.00922476, 0.069808, 0.0512753, 0.163419, 0.226041, 0.254339, 0.286308, 0.301065, 0.315037, 0.264627, 0.339848, 0.346188, 0.358099, 0.390999, 0.600839, 0.602909, 0.743069, 0.807419, 0.899916, 0.959752, 1, 

Generation #5
179,4404,0.001, 0.0172534, 0.0771113, 0.117022, 0.168115, 0.212601, 0.241206, 0.269902, 0.278104, 0.280767, 0.321557, 0.408293, 0.541664, 1, 

192,2954,0.001, 0.00922476, 0.069808, 0.0512753, 0.163419, 0.226041, 0.254339, 0.286308, 0.301065, 0.315037, 0.264627, 0.339848, 0.346188, 0.358099, 0.390999, 0.600839, 0.602909, 0.743069, 0.807419, 0.899916, 0.959752, 1, 

185,4105,0.001, 0.0172534, 0.0474103, 0.104982, 0.117524, 0.126689, 0.139751, 0.247224, 0.390874, 0.392989, 0.596938, 0.550734, 0.782413, 0.912714, 1, 

182,4251,0.001, 0.0132149, 0.0698799, 0.0785085, 0.0840851, 0.112728, 0.139751, 0.247224, 0.390874, 0.392989, 0.596938, 0.550734, 0.782413, 0.912714, 1, 

187,3386,0.001, 0.00922476, 0.069808, 0.108605, 0.152494, 0.311227, 0.509842, 0.706517, 0.780281, 0.664076, 0.321557, 0.408293, 0.541664, 1, 

Generation #6
179,4404,0.001, 0.0172534, 0.0771113, 0.117022, 0.168115, 0.212601, 0.241206, 0.269902, 0.278104, 0.280767, 0.321557, 0.408293, 0.541664, 1, 

185,4105,0.001, 0.0172534, 0.0474103, 0.104982, 0.117524, 0.126689, 0.139751, 0.247224, 0.390874, 0.392989, 0.596938, 0.550734, 0.782413, 0.912714, 1, 

182,4251,0.001, 0.0132149, 0.0698799, 0.0785085, 0.0840851, 0.112728, 0.139751, 0.247224, 0.390874, 0.392989, 0.596938, 0.550734, 0.782413, 0.912714, 1, 

186,2936,0.001, 0.00922476, 0.069808, 0.152494, 0.117524, 0.126689, 0.247224, 0.390874, 0.392989, 0.596938, 0.550734, 0.782413, 0.912714, 1, 

187,2590,0.001, 0.00922476, 0.0474103, 0.104982, 0.117524, 0.126689, 0.139751, 0.247224, 0.390874, 0.392989, 0.907453, 0.926017, 0.975228, 1, 

Generation #7
185,4105,0.001, 0.0172534, 0.0474103, 0.104982, 0.117524, 0.126689, 0.139751, 0.247224, 0.390874, 0.392989, 0.596938, 0.550734, 0.782413, 0.912714, 1, 

182,4251,0.001, 0.0132149, 0.0698799, 0.0785085, 0.0840851, 0.112728, 0.139751, 0.247224, 0.390874, 0.392989, 0.596938, 0.550734, 0.782413, 0.912714, 1, 

186,2936,0.001, 0.00922476, 0.069808, 0.152494, 0.117524, 0.126689, 0.247224, 0.390874, 0.392989, 0.596938, 0.550734, 0.782413, 0.912714, 1, 

187,2590,0.001, 0.00922476, 0.0474103, 0.104982, 0.117524, 0.126689, 0.139751, 0.247224, 0.390874, 0.392989, 0.907453, 0.926017, 0.975228, 1, 

177,4360,0.001, 0.0172534, 0.0771113, 0.0867455, 0.181072, 0.282509, 0.28265, 0.283019, 0.34211, 0.964033, 1, 

Generation #8
182,4251,0.001, 0.0132149, 0.0698799, 0.0785085, 0.0840851, 0.112728, 0.139751, 0.247224, 0.390874, 0.392989, 0.596938, 0.550734, 0.782413, 0.912714, 1, 

186,2936,0.001, 0.00922476, 0.069808, 0.152494, 0.117524, 0.126689, 0.247224, 0.390874, 0.392989, 0.596938, 0.550734, 0.782413, 0.912714, 1, 

187,2590,0.001, 0.00922476, 0.0474103, 0.104982, 0.117524, 0.126689, 0.139751, 0.247224, 0.390874, 0.392989, 0.907453, 0.926017, 0.975228, 1, 

177,4360,0.001, 0.0172534, 0.0771113, 0.0867455, 0.181072, 0.282509, 0.28265, 0.283019, 0.34211, 0.964033, 1, 

189,2375,0.001, 0.00922476, 0.0474103, 0.104982, 0.126689, 0.139751, 0.247224, 0.390874, 0.964033, 1, 

185,3467,0.001, 0.0132149, 0.0698799, 0.0785085, 0.0840851, 0.112728, 0.218071, 0.221453, 0.228896, 0.90713, 0.907453, 0.785445, 1, 

183,3537,0.001, 0.0132149, 0.0698799, 0.0785085, 0.0840851, 0.112728, 0.139751, 0.247224, 0.390874, 0.596938, 0.550734, 0.782413, 0.912714, 1, 

Generation #9
186,2936,0.001, 0.00922476, 0.069808, 0.152494, 0.117524, 0.126689, 0.247224, 0.390874, 0.392989, 0.596938, 0.550734, 0.782413, 0.912714, 1, 

187,2590,0.001, 0.00922476, 0.0474103, 0.104982, 0.117524, 0.126689, 0.139751, 0.247224, 0.390874, 0.392989, 0.907453, 0.926017, 0.975228, 1, 

177,4360,0.001, 0.0172534, 0.0771113, 0.0867455, 0.181072, 0.282509, 0.28265, 0.283019, 0.34211, 0.964033, 1, 

189,2375,0.001, 0.00922476, 0.0474103, 0.104982, 0.126689, 0.139751, 0.247224, 0.390874, 0.964033, 1, 

180,3535,0.001, 0.00922476, 0.069808, 0.0785085, 0.0840851, 0.112728, 0.247224, 0.390874, 0.392989, 0.596938, 0.550734, 0.782413, 0.912714, 1, 

185,3086,0.001, 0.00922476, 0.069808, 0.108605, 0.0488421, 0.126569, 0.176682, 0.283019, 0.390874, 0.392989, 0.596938, 0.618383, 1, 

Generation #10
187,2590,0.001, 0.00922476, 0.0474103, 0.104982, 0.117524, 0.126689, 0.139751, 0.247224, 0.390874, 0.392989, 0.907453, 0.926017, 0.975228, 1, 

177,4360,0.001, 0.0172534, 0.0771113, 0.0867455, 0.181072, 0.282509, 0.28265, 0.283019, 0.34211, 0.964033, 1, 

189,2375,0.001, 0.00922476, 0.0474103, 0.104982, 0.126689, 0.139751, 0.247224, 0.390874, 0.964033, 1, 

180,3535,0.001, 0.00922476, 0.069808, 0.0785085, 0.0840851, 0.112728, 0.247224, 0.390874, 0.392989, 0.596938, 0.550734, 0.782413, 0.912714, 1, 

185,3086,0.001, 0.00922476, 0.069808, 0.108605, 0.0488421, 0.126569, 0.176682, 0.283019, 0.390874, 0.392989, 0.596938, 0.618383, 1, 

186,2664,0.001, 0.00922476, 0.069808, 0.104982, 0.117524, 0.126689, 0.346601, 0.453885, 0.727901, 0.518837, 0.559632, 0.925032, 1, 

Generation #11
187,2590,0.001, 0.00922476, 0.0474103, 0.104982, 0.117524, 0.126689, 0.139751, 0.247224, 0.390874, 0.392989, 0.907453, 0.926017, 0.975228, 1, 

177,4360,0.001, 0.0172534, 0.0771113, 0.0867455, 0.181072, 0.282509, 0.28265, 0.283019, 0.34211, 0.964033, 1, 

189,2375,0.001, 0.00922476, 0.0474103, 0.104982, 0.126689, 0.139751, 0.247224, 0.390874, 0.964033, 1, 

180,3535,0.001, 0.00922476, 0.069808, 0.0785085, 0.0840851, 0.112728, 0.247224, 0.390874, 0.392989, 0.596938, 0.550734, 0.782413, 0.912714, 1, 

185,3086,0.001, 0.00922476, 0.069808, 0.108605, 0.0488421, 0.126569, 0.176682, 0.283019, 0.390874, 0.392989, 0.596938, 0.618383, 1, 

186,2664,0.001, 0.00922476, 0.069808, 0.104982, 0.117524, 0.126689, 0.346601, 0.453885, 0.727901, 0.518837, 0.559632, 0.925032, 1, 

176,5240,0.001, 0.0244405, 0.0652702, 0.0736514, 0.117524, 0.126689, 0.247224, 0.283019, 0.34211, 0.667078, 1, 

Generation #12
187,2590,0.001, 0.00922476, 0.0474103, 0.104982, 0.117524, 0.126689, 0.139751, 0.247224, 0.390874, 0.392989, 0.907453, 0.926017, 0.975228, 1, 

177,4360,0.001, 0.0172534, 0.0771113, 0.0867455, 0.181072, 0.282509, 0.28265, 0.283019, 0.34211, 0.964033, 1, 

189,2375,0.001, 0.00922476, 0.0474103, 0.104982, 0.126689, 0.139751, 0.247224, 0.390874, 0.964033, 1, 

186,2664,0.001, 0.00922476, 0.069808, 0.104982, 0.117524, 0.126689, 0.346601, 0.453885, 0.727901, 0.518837, 0.559632, 0.925032, 1, 

176,5240,0.001, 0.0244405, 0.0652702, 0.0736514, 0.117524, 0.126689, 0.247224, 0.283019, 0.34211, 0.667078, 1, 

183,2671,0.001, 0.00922476, 0.069808, 0.104982, 0.117524, 0.126689, 0.139751, 0.247224, 0.390874, 0.392989, 0.907453, 0.926017, 0.975228, 1, 

179,2845,0.001, 0.00922476, 0.0474103, 0.108605, 0.0488421, 0.126569, 0.176682, 0.283019, 0.390874, 0.392989, 0.618383, 1, 

Generation #13
187,2590,0.001, 0.00922476, 0.0474103, 0.104982, 0.117524, 0.126689, 0.139751, 0.247224, 0.390874, 0.392989, 0.907453, 0.926017, 0.975228, 1, 

177,4360,0.001, 0.0172534, 0.0771113, 0.0867455, 0.181072, 0.282509, 0.28265, 0.283019, 0.34211, 0.964033, 1, 

189,2375,0.001, 0.00922476, 0.0474103, 0.104982, 0.126689, 0.139751, 0.247224, 0.390874, 0.964033, 1, 

186,2664,0.001, 0.00922476, 0.069808, 0.104982, 0.117524, 0.126689, 0.346601, 0.453885, 0.727901, 0.518837, 0.559632, 0.925032, 1, 

176,5240,0.001, 0.0244405, 0.0652702, 0.0736514, 0.117524, 0.126689, 0.247224, 0.283019, 0.34211, 0.667078, 1, 

183,2671,0.001, 0.00922476, 0.069808, 0.104982, 0.117524, 0.126689, 0.139751, 0.247224, 0.390874, 0.392989, 0.907453, 0.926017, 0.975228, 1, 

179,2845,0.001, 0.00922476, 0.0474103, 0.108605, 0.0488421, 0.126569, 0.176682, 0.283019, 0.390874, 0.392989, 0.618383, 1, 

Generation #14
187,2590,0.001, 0.00922476, 0.0474103, 0.104982, 0.117524, 0.126689, 0.139751, 0.247224, 0.390874, 0.392989, 0.907453, 0.926017, 0.975228, 1, 

177,4360,0.001, 0.0172534, 0.0771113, 0.0867455, 0.181072, 0.282509, 0.28265, 0.283019, 0.34211, 0.964033, 1, 

189,2375,0.001, 0.00922476, 0.0474103, 0.104982, 0.126689, 0.139751, 0.247224, 0.390874, 0.964033, 1, 

186,2664,0.001, 0.00922476, 0.069808, 0.104982, 0.117524, 0.126689, 0.346601, 0.453885, 0.727901, 0.518837, 0.559632, 0.925032, 1, 

176,5240,0.001, 0.0244405, 0.0652702, 0.0736514, 0.117524, 0.126689, 0.247224, 0.283019, 0.34211, 0.667078, 1, 

183,2671,0.001, 0.00922476, 0.069808, 0.104982, 0.117524, 0.126689, 0.139751, 0.247224, 0.390874, 0.392989, 0.907453, 0.926017, 0.975228, 1, 

179,2845,0.001, 0.00922476, 0.0474103, 0.108605, 0.0488421, 0.126569, 0.176682, 0.283019, 0.390874, 0.392989, 0.618383, 1, 

Generation #15
187,2590,0.001, 0.00922476, 0.0474103, 0.104982, 0.117524, 0.126689, 0.139751, 0.247224, 0.390874, 0.392989, 0.907453, 0.926017, 0.975228, 1, 

177,4360,0.001, 0.0172534, 0.0771113, 0.0867455, 0.181072, 0.282509, 0.28265, 0.283019, 0.34211, 0.964033, 1, 

189,2375,0.001, 0.00922476, 0.0474103, 0.104982, 0.126689, 0.139751, 0.247224, 0.390874, 0.964033, 1, 

186,2664,0.001, 0.00922476, 0.069808, 0.104982, 0.117524, 0.126689, 0.346601, 0.453885, 0.727901, 0.518837, 0.559632, 0.925032, 1, 

176,5240,0.001, 0.0244405, 0.0652702, 0.0736514, 0.117524, 0.126689, 0.247224, 0.283019, 0.34211, 0.667078, 1, 

183,2671,0.001, 0.00922476, 0.069808, 0.104982, 0.117524, 0.126689, 0.139751, 0.247224, 0.390874, 0.392989, 0.907453, 0.926017, 0.975228, 1, 

179,2845,0.001, 0.00922476, 0.0474103, 0.108605, 0.0488421, 0.126569, 0.176682, 0.283019, 0.390874, 0.392989, 0.618383, 1, 

Generation #16
177,4360,0.001, 0.0172534, 0.0771113, 0.0867455, 0.181072, 0.282509, 0.28265, 0.283019, 0.34211, 0.964033, 1, 

189,2375,0.001, 0.00922476, 0.0474103, 0.104982, 0.126689, 0.139751, 0.247224, 0.390874, 0.964033, 1, 

176,5240,0.001, 0.0244405, 0.0652702, 0.0736514, 0.117524, 0.126689, 0.247224, 0.283019, 0.34211, 0.667078, 1, 

183,2671,0.001, 0.00922476, 0.069808, 0.104982, 0.117524, 0.126689, 0.139751, 0.247224, 0.390874, 0.392989, 0.907453, 0.926017, 0.975228, 1, 

179,2845,0.001, 0.00922476, 0.0474103, 0.108605, 0.0488421, 0.126569, 0.176682, 0.283019, 0.390874, 0.392989, 0.618383, 1, 

186,2454,0.001, 0.00922476, 0.0474103, 0.108605, 0.0488421, 0.176682, 0.283019, 0.390874, 0.518837, 0.559632, 0.925032, 1, 

Generation #17
177,4360,0.001, 0.0172534, 0.0771113, 0.0867455, 0.181072, 0.282509, 0.28265, 0.283019, 0.34211, 0.964033, 1, 

189,2375,0.001, 0.00922476, 0.0474103, 0.104982, 0.126689, 0.139751, 0.247224, 0.390874, 0.964033, 1, 

176,5240,0.001, 0.0244405, 0.0652702, 0.0736514, 0.117524, 0.126689, 0.247224, 0.283019, 0.34211, 0.667078, 1, 

183,2671,0.001, 0.00922476, 0.069808, 0.104982, 0.117524, 0.126689, 0.139751, 0.247224, 0.390874, 0.392989, 0.907453, 0.926017, 0.975228, 1, 

179,2845,0.001, 0.00922476, 0.0474103, 0.108605, 0.0488421, 0.126569, 0.176682, 0.283019, 0.390874, 0.392989, 0.618383, 1, 

185,2398,0.001, 0.00922476, 0.0474103, 0.104982, 0.126689, 0.126569, 0.176682, 0.283019, 0.390874, 0.663739, 1, 

Generation #18
177,4360,0.001, 0.0172534, 0.0771113, 0.0867455, 0.181072, 0.282509, 0.28265, 0.283019, 0.34211, 0.964033, 1, 

176,5240,0.001, 0.0244405, 0.0652702, 0.0736514, 0.117524, 0.126689, 0.247224, 0.283019, 0.34211, 0.667078, 1, 

185,2398,0.001, 0.00922476, 0.0474103, 0.104982, 0.126689, 0.126569, 0.176682, 0.283019, 0.390874, 0.663739, 1, 

188,2324,0.001, 0.00922476, 0.0474103, 0.104982, 0.126689, 0.139751, 0.247224, 0.390874, 0.392989, 0.596938, 0.618383, 1, 

182,2428,0.001, 0.00922476, 0.0474103, 0.108605, 0.0488421, 0.126569, 0.176682, 0.283019, 0.390874, 0.280767, 0.321557, 0.408293, 0.541664, 1, 

178,2697,0.001, 0.00922476, 0.0474103, 0.104982, 0.117524, 0.126689, 0.346601, 0.495547, 0.533962, 0.663739, 1, 

Generation #19
177,4360,0.001, 0.0172534, 0.0771113, 0.0867455, 0.181072, 0.282509, 0.28265, 0.283019, 0.34211, 0.964033, 1, 

176,5240,0.001, 0.0244405, 0.0652702, 0.0736514, 0.117524, 0.126689, 0.247224, 0.283019, 0.34211, 0.667078, 1, 

185,2398,0.001, 0.00922476, 0.0474103, 0.104982, 0.126689, 0.126569, 0.176682, 0.283019, 0.390874, 0.663739, 1, 

188,2324,0.001, 0.00922476, 0.0474103, 0.104982, 0.126689, 0.139751, 0.247224, 0.390874, 0.392989, 0.596938, 0.618383, 1, 

182,2428,0.001, 0.00922476, 0.0474103, 0.108605, 0.0488421, 0.126569, 0.176682, 0.283019, 0.390874, 0.280767, 0.321557, 0.408293, 0.541664, 1, 

178,2697,0.001, 0.00922476, 0.0474103, 0.104982, 0.117524, 0.126689, 0.346601, 0.495547, 0.533962, 0.663739, 1, 

Generation #20
177,4360,0.001, 0.0172534, 0.0771113, 0.0867455, 0.181072, 0.282509, 0.28265, 0.283019, 0.34211, 0.964033, 1, 

176,5240,0.001, 0.0244405, 0.0652702, 0.0736514, 0.117524, 0.126689, 0.247224, 0.283019, 0.34211, 0.667078, 1, 

182,2428,0.001, 0.00922476, 0.0474103, 0.108605, 0.0488421, 0.126569, 0.176682, 0.283019, 0.390874, 0.280767, 0.321557, 0.408293, 0.541664, 1, 

178,2697,0.001, 0.00922476, 0.0474103, 0.104982, 0.117524, 0.126689, 0.346601, 0.495547, 0.533962, 0.663739, 1, 

184,2304,0.001, 0.00922476, 0.0474103, 0.104982, 0.126689, 0.126569, 0.139751, 0.247224, 0.390874, 0.392989, 0.907453, 0.793117, 0.926017, 0.975228, 1, 

Generation #21
177,4360,0.001, 0.0172534, 0.0771113, 0.0867455, 0.181072, 0.282509, 0.28265, 0.283019, 0.34211, 0.964033, 1, 

176,5240,0.001, 0.0244405, 0.0652702, 0.0736514, 0.117524, 0.126689, 0.247224, 0.283019, 0.34211, 0.667078, 1, 

182,2428,0.001, 0.00922476, 0.0474103, 0.108605, 0.0488421, 0.126569, 0.176682, 0.283019, 0.390874, 0.280767, 0.321557, 0.408293, 0.541664, 1, 

178,2697,0.001, 0.00922476, 0.0474103, 0.104982, 0.117524, 0.126689, 0.346601, 0.495547, 0.533962, 0.663739, 1, 

184,2304,0.001, 0.00922476, 0.0474103, 0.104982, 0.126689, 0.126569, 0.139751, 0.247224, 0.390874, 0.392989, 0.907453, 0.793117, 0.926017, 0.975228, 1, 

187,2223,0.001, 0.00922476, 0.0474103, 0.104982, 0.117524, 0.126689, 0.139751, 0.247224, 0.280767, 0.321557, 0.408293, 1, 

Generation #22
177,4360,0.001, 0.0172534, 0.0771113, 0.0867455, 0.181072, 0.282509, 0.28265, 0.283019, 0.34211, 0.964033, 1, 

176,5240,0.001, 0.0244405, 0.0652702, 0.0736514, 0.117524, 0.126689, 0.247224, 0.283019, 0.34211, 0.667078, 1, 

182,2428,0.001, 0.00922476, 0.0474103, 0.108605, 0.0488421, 0.126569, 0.176682, 0.283019, 0.390874, 0.280767, 0.321557, 0.408293, 0.541664, 1, 

178,2697,0.001, 0.00922476, 0.0474103, 0.104982, 0.117524, 0.126689, 0.346601, 0.495547, 0.533962, 0.663739, 1, 

184,2304,0.001, 0.00922476, 0.0474103, 0.104982, 0.126689, 0.126569, 0.139751, 0.247224, 0.390874, 0.392989, 0.907453, 0.793117, 0.926017, 0.975228, 1, 

187,2223,0.001, 0.00922476, 0.0474103, 0.104982, 0.117524, 0.126689, 0.139751, 0.247224, 0.280767, 0.321557, 0.408293, 1, 

Generation #23
178,2697,0.001, 0.00922476, 0.0474103, 0.104982, 0.117524, 0.126689, 0.346601, 0.495547, 0.533962, 0.663739, 1, 

184,2304,0.001, 0.00922476, 0.0474103, 0.104982, 0.126689, 0.126569, 0.139751, 0.247224, 0.390874, 0.392989, 0.907453, 0.793117, 0.926017, 0.975228, 1, 

187,2223,0.001, 0.00922476, 0.0474103, 0.104982, 0.117524, 0.126689, 0.139751, 0.247224, 0.280767, 0.321557, 0.408293, 1, 

182,2419,0.001, 0.00922476, 0.0474103, 0.104982, 0.117524, 0.126689, 0.346601, 0.495547, 0.533962, 0.663739, 1, 

172,3537,0.001, 0.00922476, 0.069808, 0.104982, 0.117524, 0.126689, 0.346601, 0.453885, 0.727901, 0.518837, 1, 

Generation #24
178,2697,0.001, 0.00922476, 0.0474103, 0.104982, 0.117524, 0.126689, 0.346601, 0.495547, 0.533962, 0.663739, 1, 

184,2304,0.001, 0.00922476, 0.0474103, 0.104982, 0.126689, 0.126569, 0.139751, 0.247224, 0.390874, 0.392989, 0.907453, 0.793117, 0.926017, 0.975228, 1, 

187,2223,0.001, 0.00922476, 0.0474103, 0.104982, 0.117524, 0.126689, 0.139751, 0.247224, 0.280767, 0.321557, 0.408293, 1, 

182,2419,0.001, 0.00922476, 0.0474103, 0.104982, 0.117524, 0.126689, 0.346601, 0.495547, 0.533962, 0.663739, 1, 

172,3537,0.001, 0.00922476, 0.069808, 0.104982, 0.117524, 0.126689, 0.346601, 0.453885, 0.727901, 0.518837, 1, 

193,2176,0.001, 0.00922476, 0.0474103, 0.104982, 0.117524, 0.126689, 0.139751, 0.247224, 0.390874, 0.392989, 0.596938, 0.618383, 1, 

Generation #25
178,2697,0.001, 0.00922476, 0.0474103, 0.104982, 0.117524, 0.126689, 0.346601, 0.495547, 0.533962, 0.663739, 1, 

184,2304,0.001, 0.00922476, 0.0474103, 0.104982, 0.126689, 0.126569, 0.139751, 0.247224, 0.390874, 0.392989, 0.907453, 0.793117, 0.926017, 0.975228, 1, 

187,2223,0.001, 0.00922476, 0.0474103, 0.104982, 0.117524, 0.126689, 0.139751, 0.247224, 0.280767, 0.321557, 0.408293, 1, 

182,2419,0.001, 0.00922476, 0.0474103, 0.104982, 0.117524, 0.126689, 0.346601, 0.495547, 0.533962, 0.663739, 1, 

172,3537,0.001, 0.00922476, 0.069808, 0.104982, 0.117524, 0.126689, 0.346601, 0.453885, 0.727901, 0.518837, 1, 

193,2176,0.001, 0.00922476, 0.0474103, 0.104982, 0.117524, 0.126689, 0.139751, 0.247224, 0.390874, 0.392989, 0.596938, 0.618383, 1, 

183,2368,0.001, 0.00922476, 0.0474103, 0.104982, 0.126689, 0.139751, 0.247224, 0.390874, 0.964033, 1, 

Generation #26
178,2697,0.001, 0.00922476, 0.0474103, 0.104982, 0.117524, 0.126689, 0.346601, 0.495547, 0.533962, 0.663739, 1, 

184,2304,0.001, 0.00922476, 0.0474103, 0.104982, 0.126689, 0.126569, 0.139751, 0.247224, 0.390874, 0.392989, 0.907453, 0.793117, 0.926017, 0.975228, 1, 

187,2223,0.001, 0.00922476, 0.0474103, 0.104982, 0.117524, 0.126689, 0.139751, 0.247224, 0.280767, 0.321557, 0.408293, 1, 

182,2419,0.001, 0.00922476, 0.0474103, 0.104982, 0.117524, 0.126689, 0.346601, 0.495547, 0.533962, 0.663739, 1, 

172,3537,0.001, 0.00922476, 0.069808, 0.104982, 0.117524, 0.126689, 0.346601, 0.453885, 0.727901, 0.518837, 1, 

193,2176,0.001, 0.00922476, 0.0474103, 0.104982, 0.117524, 0.126689, 0.139751, 0.247224, 0.390874, 0.392989, 0.596938, 0.618383, 1, 

183,2368,0.001, 0.00922476, 0.0474103, 0.104982, 0.126689, 0.139751, 0.247224, 0.390874, 0.964033, 1, 

Generation #27
178,2697,0.001, 0.00922476, 0.0474103, 0.104982, 0.117524, 0.126689, 0.346601, 0.495547, 0.533962, 0.663739, 1, 

184,2304,0.001, 0.00922476, 0.0474103, 0.104982, 0.126689, 0.126569, 0.139751, 0.247224, 0.390874, 0.392989, 0.907453, 0.793117, 0.926017, 0.975228, 1, 

187,2223,0.001, 0.00922476, 0.0474103, 0.104982, 0.117524, 0.126689, 0.139751, 0.247224, 0.280767, 0.321557, 0.408293, 1, 

182,2419,0.001, 0.00922476, 0.0474103, 0.104982, 0.117524, 0.126689, 0.346601, 0.495547, 0.533962, 0.663739, 1, 

172,3537,0.001, 0.00922476, 0.069808, 0.104982, 0.117524, 0.126689, 0.346601, 0.453885, 0.727901, 0.518837, 1, 

193,2176,0.001, 0.00922476, 0.0474103, 0.104982, 0.117524, 0.126689, 0.139751, 0.247224, 0.390874, 0.392989, 0.596938, 0.618383, 1, 

183,2368,0.001, 0.00922476, 0.0474103, 0.104982, 0.126689, 0.139751, 0.247224, 0.390874, 0.964033, 1, 

173,2896,0.001, 0.00922476, 0.0474103, 0.104982, 0.117524, 0.126569, 0.176682, 0.283019, 0.390874, 0.392989, 0.907453, 1, 
