------------locating, d=1, t=3, lambda=1, filename=./evaluation/SPINS/SPINS_3_1.csv------------
Codec initialized: T=14366 interactions, d_max=1, M=14367 possible d-sets
Computing actual partitioned row counts of d-sets...
L1 ball size for radius 0 in Z^12: 1 vectors
Ready to look at pairs via neighbor enumeration...
Checked 7903 bucket pairs (of 7903 total buckets)
First Stage N=93, Time=84
There are 6014 remaining non-locating pairs
--- Running GA Algorithm (phase2) ---
WARNING: Parallel not available (no TBB). Falling back to serial.
Running GA (serial)
Generation #0
127,7306,0.001, 0.427064, 0.448078, 0.488658, 0.50063, 0.509729, 0.603612, 0.609879, 0.715043, 0.771186, 0.771557, 0.777333, 0.787844, 1, 

117,8896,0.001, 0.142675, 0.144645, 0.243401, 0.419488, 0.422539, 0.551303, 0.673079, 0.81168, 0.95616, 0.981794, 1, 

116,8909,0.001, 0.14223, 0.153706, 0.489961, 0.49157, 0.49993, 0.518898, 0.58726, 0.607083, 0.793639, 0.806633, 1, 

121,7675,0.001, 0.171845, 0.571286, 0.600591, 0.714621, 0.730876, 0.740987, 0.905804, 0.913058, 0.939807, 1, 

112,9387,0.001, 0.0498482, 0.216652, 0.249468, 0.280081, 0.356849, 0.456092, 0.578588, 0.814896, 0.815772, 0.872318, 0.886671, 0.887786, 1, 

120,8792,0.001, 0.291374, 0.417111, 0.429559, 0.487424, 0.575069, 0.675887, 0.741864, 0.811191, 0.857676, 1, 

Generation #1
127,7306,0.001, 0.427064, 0.448078, 0.488658, 0.50063, 0.509729, 0.603612, 0.609879, 0.715043, 0.771186, 0.771557, 0.777333, 0.787844, 1, 

117,8896,0.001, 0.142675, 0.144645, 0.243401, 0.419488, 0.422539, 0.551303, 0.673079, 0.81168, 0.95616, 0.981794, 1, 

116,8909,0.001, 0.14223, 0.153706, 0.489961, 0.49157, 0.49993, 0.518898, 0.58726, 0.607083, 0.793639, 0.806633, 1, 

121,7675,0.001, 0.171845, 0.571286, 0.600591, 0.714621, 0.730876, 0.740987, 0.905804, 0.913058, 0.939807, 1, 

112,9387,0.001, 0.0498482, 0.216652, 0.249468, 0.280081, 0.356849, 0.456092, 0.578588, 0.814896, 0.815772, 0.872318, 0.886671, 0.887786, 1, 

123,7635,0.001, 0.171845, 0.571286, 0.600591, 0.714621, 0.730876, 0.740987, 0.905804, 0.939807, 1, 

120,8069,0.001, 0.180829, 0.213151, 0.361802, 0.402978, 0.430065, 0.514348, 0.581377, 0.590035, 0.621986, 0.656527, 0.76427, 0.779539, 0.815391, 0.842279, 0.885658, 0.927942, 1, 

Generation #2
116,8909,0.001, 0.14223, 0.153706, 0.489961, 0.49157, 0.49993, 0.518898, 0.58726, 0.607083, 0.793639, 0.806633, 1, 

112,9387,0.001, 0.0498482, 0.216652, 0.249468, 0.280081, 0.356849, 0.456092, 0.578588, 0.814896, 0.815772, 0.872318, 0.886671, 0.887786, 1, 

114,9315,0.001, 0.138121, 0.270595, 0.186926, 0.393744, 0.428939, 0.462547, 0.792602, 0.796805, 0.896479, 0.944505, 0.999385, 1, 

117,7753,0.001, 0.291374, 0.417111, 0.429559, 0.487424, 0.575069, 0.514348, 0.581377, 0.590035, 0.621986, 0.944505, 0.999385, 1, 

121,6912,0.442081, 0.001, 0.14223, 0.153706, 0.489961, 0.49157, 0.49993, 0.518898, 0.58726, 0.607083, 0.793639, 0.806633, 1, 

Generation #3
117,7753,0.001, 0.291374, 0.417111, 0.429559, 0.487424, 0.575069, 0.514348, 0.581377, 0.590035, 0.621986, 0.944505, 0.999385, 1, 

121,6912,0.442081, 0.001, 0.14223, 0.153706, 0.489961, 0.49157, 0.49993, 0.518898, 0.58726, 0.607083, 0.793639, 0.806633, 1, 

110,10343,0.001, 0.148013, 0.19301, 0.197695, 0.211424, 0.214633, 0.23319, 0.330446, 0.939807, 1, 

112,8269,0.138121, 0.270595, 0.186926, 0.393744, 0.428939, 0.462547, 0.528912, 0.586828, 0.59682, 1, 
