------------detecting, d=1, t=3, lambda=1, filename=./evaluation/SPINS/SPINS_3_1.csv------------
Codec initialized: T=14366 interactions, d_max=1, M=14367 possible d-sets
Generating d-sets for detecting array check...
Generated 14366 valid d-sets. Checking detecting condition for 14366 interactions...
Detecting check complete: 15054412 pairs checked, 191149274 pruned by partition bound, 1050801 violations found.
First Stage N=93, Time=2634
There are 1050801 remaining non-detecting pairs
--- Running Density Algorithm (phase2_ce) for Locating ---
  (CE) DEBUG: Trying to distinguish 1050801 pairs. Example:
       Pair 0: (0,1,13,),(0,1,1,)  vs (10,),(0,)  (already separated 0 times)
  (CE) Using greedy column-by-column strategy.
  (CE) Row 100 built (best score: 30027). 824517 pairs remaining to distinguish.
  (CE) Row 110 built (best score: 23568). 585380 pairs remaining to distinguish.
  (CE) Row 120 built (best score: 14802). 424773 pairs remaining to distinguish.
  (CE) Row 130 built (best score: 8621). 305911 pairs remaining to distinguish.
  (CE) Row 140 built (best score: 8266). 223506 pairs remaining to distinguish.
  (CE) Row 150 built (best score: 4922). 164970 pairs remaining to distinguish.
  (CE) Row 160 built (best score: 4069). 120463 pairs remaining to distinguish.
  (CE) Row 170 built (best score: 2734). 88174 pairs remaining to distinguish.
  (CE) Row 180 built (best score: 1945). 64867 pairs remaining to distinguish.
  (CE) Row 190 built (best score: 1785). 49472 pairs remaining to distinguish.
  (CE) Row 200 built (best score: 947). 37675 pairs remaining to distinguish.
  (CE) Row 210 built (best score: 586). 29843 pairs remaining to distinguish.
  (CE) Row 220 built (best score: 769). 23069 pairs remaining to distinguish.
  (CE) Row 230 built (best score: 488). 17547 pairs remaining to distinguish.
  (CE) Row 240 built (best score: 413). 13700 pairs remaining to distinguish.
  (CE) Row 250 built (best score: 318). 10932 pairs remaining to distinguish.
  (CE) Row 260 built (best score: 241). 8485 pairs remaining to distinguish.
  (CE) Row 270 built (best score: 148). 6634 pairs remaining to distinguish.
  (CE) Row 280 built (best score: 133). 5307 pairs remaining to distinguish.
  (CE) Row 290 built (best score: 139). 4183 pairs remaining to distinguish.
  (CE) Row 300 built (best score: 114). 3272 pairs remaining to distinguish.
  (CE) Row 310 built (best score: 68). 2468 pairs remaining to distinguish.
  (CE) Row 320 built (best score: 48). 1948 pairs remaining to distinguish.
  (CE) Row 330 built (best score: 67). 1501 pairs remaining to distinguish.
  (CE) Row 340 built (best score: 39). 1076 pairs remaining to distinguish.
  (CE) Row 350 built (best score: 32). 772 pairs remaining to distinguish.
  (CE) Row 360 built (best score: 21). 550 pairs remaining to distinguish.
  (CE) Row 370 built (best score: 14). 371 pairs remaining to distinguish.
  (CE) Row 380 built (best score: 14). 224 pairs remaining to distinguish.
  (CE) Row 390 built (best score: 14). 126 pairs remaining to distinguish.
  (CE) Row 400 built (best score: 7). 35 pairs remaining to distinguish.
  (CE) Greedy plateaued (3 consecutive zero-score rows). Switching to random row generation.
  (CE) Row 407 built [random] (best score: 7). 0 pairs remaining to distinguish.
--- Pareto Front Solutions ---
Solution 0: N total=407 (N_initial=93, N_added=314), Time total=736155 ms, Saved to: ./results/SPINS_det_t3_l1_pareto_0.csv, percents=1, 

------------detecting, d=1, t=3, lambda=2, filename=./evaluation/SPINS/SPINS_3_2.csv------------
Codec initialized: T=14366 interactions, d_max=1, M=14367 possible d-sets
Generating d-sets for detecting array check...
Generated 14366 valid d-sets. Checking detecting condition for 14366 interactions...
Detecting check complete: 35321876 pairs checked, 170881810 pruned by partition bound, 2140999 violations found.
First Stage N=129, Time=3025
There are 2140999 remaining non-detecting pairs
--- Running Density Algorithm (phase2_ce) for Locating ---
  (CE) DEBUG: Trying to distinguish 2140999 pairs. Example:
       Pair 0: (0,1,3,),(1,0,1,)  vs (10,),(0,)  (already separated 1 times)
  (CE) Using greedy column-by-column strategy.
  (CE) Row 130 built (best score: 59202). 2086593 pairs remaining to distinguish.
  (CE) Row 140 built (best score: 42539). 1652183 pairs remaining to distinguish.
  (CE) Row 150 built (best score: 35168). 1325034 pairs remaining to distinguish.
  (CE) Row 160 built (best score: 25826). 1052969 pairs remaining to distinguish.
  (CE) Row 170 built (best score: 19745). 841033 pairs remaining to distinguish.
  (CE) Row 180 built (best score: 16137). 668314 pairs remaining to distinguish.
  (CE) Row 190 built (best score: 12996). 535936 pairs remaining to distinguish.
  (CE) Row 200 built (best score: 12164). 430762 pairs remaining to distinguish.
  (CE) Row 210 built (best score: 8733). 342466 pairs remaining to distinguish.
