------------locating, d=1, t=3, lambda=1, filename=./evaluation/SPINS/SPINS_3_1.csv------------
Codec initialized: T=14366 interactions, d_max=1, M=14367 possible d-sets
Computing actual partitioned row counts of d-sets...
L1 ball size for radius 0 in Z^12: 1 vectors
Ready to look at pairs via neighbor enumeration...
Checked 7903 bucket pairs (of 7903 total buckets)
First Stage N=93, Time=85
There are 6014 remaining non-locating pairs
--- Running GA Algorithm (phase2) ---
WARNING: Parallel not available (no TBB). Falling back to serial.
Running GA (serial)
Generation #0
116,7706,0.001, 0.20183, 0.204465, 0.371725, 0.548397, 0.564505, 0.57345, 0.754654, 0.764396, 0.796328, 0.849955, 0.915786, 1, 

111,8186,0.001, 0.138121, 0.270595, 0.273458, 0.362229, 0.413435, 0.506624, 0.660796, 0.670458, 0.793153, 0.829965, 0.921933, 0.943669, 0.978421, 1, 

Generation #1
116,7706,0.001, 0.20183, 0.204465, 0.371725, 0.548397, 0.564505, 0.57345, 0.754654, 0.764396, 0.796328, 0.849955, 0.915786, 1, 

111,8186,0.001, 0.138121, 0.270595, 0.273458, 0.362229, 0.413435, 0.506624, 0.660796, 0.670458, 0.793153, 0.829965, 0.921933, 0.943669, 0.978421, 1, 

121,7388,0.001, 0.358419, 0.376703, 0.382895, 0.390537, 0.417931, 0.617929, 0.682249, 0.701573, 0.646755, 0.764687, 0.803333, 0.833078, 0.955158, 1, 

145,7248,0.001, 0.720193, 0.420482, 0.434217, 0.568743, 0.641263, 0.645299, 0.652856, 0.705002, 0.709058, 0.754276, 0.762754, 0.443204, 0.455689, 0.522106, 0.532403, 0.55521, 0.604216, 0.702404, 0.757145, 0.774314, 0.824831, 0.850221, 0.930843, 0.984248, 0.991008, 0.997154, 1, 

Generation #2
116,7706,0.001, 0.20183, 0.204465, 0.371725, 0.548397, 0.564505, 0.57345, 0.754654, 0.764396, 0.796328, 0.849955, 0.915786, 1, 

111,8186,0.001, 0.138121, 0.270595, 0.273458, 0.362229, 0.413435, 0.506624, 0.660796, 0.670458, 0.793153, 0.829965, 0.921933, 0.943669, 0.978421, 1, 

121,7388,0.001, 0.358419, 0.376703, 0.382895, 0.390537, 0.417931, 0.617929, 0.682249, 0.701573, 0.646755, 0.764687, 0.803333, 0.833078, 0.955158, 1, 

145,7248,0.001, 0.720193, 0.420482, 0.434217, 0.568743, 0.641263, 0.645299, 0.652856, 0.705002, 0.709058, 0.754276, 0.762754, 0.443204, 0.455689, 0.522106, 0.532403, 0.55521, 0.604216, 0.702404, 0.757145, 0.774314, 0.824831, 0.850221, 0.930843, 0.984248, 0.991008, 0.997154, 1, 

Generation #3
116,7706,0.001, 0.20183, 0.204465, 0.371725, 0.548397, 0.564505, 0.57345, 0.754654, 0.764396, 0.796328, 0.849955, 0.915786, 1, 

111,8186,0.001, 0.138121, 0.270595, 0.273458, 0.362229, 0.413435, 0.506624, 0.660796, 0.670458, 0.793153, 0.829965, 0.921933, 0.943669, 0.978421, 1, 

121,7388,0.001, 0.358419, 0.376703, 0.382895, 0.390537, 0.417931, 0.617929, 0.682249, 0.701573, 0.646755, 0.764687, 0.803333, 0.833078, 0.955158, 1, 

114,7918,0.001, 0.232222, 0.275335, 0.512697, 0.568743, 0.700704, 0.652856, 0.705002, 0.709058, 0.796328, 0.849955, 0.915786, 1, 

129,7365,0.001, 0.766494, 0.182316, 0.266392, 0.384913, 0.398114, 0.426184, 0.596987, 0.651344, 0.696233, 0.730323, 0.81174, 0.900026, 0.978421, 1, 

138,6907,0.507509, 0.001, 0.180829, 0.213151, 0.402934, 0.404825, 0.443039, 0.461261, 0.489245, 0.5497, 0.683618, 0.696056, 0.734138, 0.758003, 0.770015, 0.784893, 0.820656, 0.830048, 0.857559, 0.908417, 0.932681, 0.935681, 0.973794, 0.977694, 0.984655, 1, 
