------------locating, d=1, t=3, lambda=1, filename=./evaluation/SPINS/SPINS_3_1.csv------------
Codec initialized: T=14366 interactions, d_max=1, M=14367 possible d-sets
Computing actual partitioned row counts of d-sets...
L1 ball size for radius 0 in Z^12: 1 vectors
Ready to look at pairs via neighbor enumeration...
Checked 7903 bucket pairs (of 7903 total buckets)
First Stage N=93, Time=83
There are 6014 remaining non-locating pairs
--- Running Conditional Expectation Algorithm (phase2_ce) for Locating ---
  (CE) Initial N_target calculated as: 383 (M=93)
  (CE) Row 94 built. 5642 pairs remaining to distinguish.
  (CE) Row 95 built. 5239 pairs remaining to distinguish.
  (CE) Row 96 built. 4880 pairs remaining to distinguish.
  (CE) Row 97 built. 4565 pairs remaining to distinguish.
  (CE) Row 98 built. 4144 pairs remaining to distinguish.
  (CE) Row 99 built. 3857 pairs remaining to distinguish.
  (CE) Row 100 built. 3552 pairs remaining to distinguish.
  (CE) Row 101 built. 3305 pairs remaining to distinguish.
  (CE) Row 102 built. 3096 pairs remaining to distinguish.
  (CE) Row 103 built. 2919 pairs remaining to distinguish.
  (CE) Row 104 built. 2803 pairs remaining to distinguish.
  (CE) Row 105 built. 2606 pairs remaining to distinguish.
  (CE) Row 106 built. 2482 pairs remaining to distinguish.
  (CE) Row 107 built. 2345 pairs remaining to distinguish.
  (CE) Row 108 built. 2196 pairs remaining to distinguish.
  (CE) Row 109 built. 2053 pairs remaining to distinguish.
  (CE) Row 110 built. 1923 pairs remaining to distinguish.
  (CE) Row 111 built. 1784 pairs remaining to distinguish.
  (CE) Row 112 built. 1676 pairs remaining to distinguish.
  (CE) Row 113 built. 1541 pairs remaining to distinguish.
  (CE) Row 114 built. 1459 pairs remaining to distinguish.
  (CE) Row 115 built. 1357 pairs remaining to distinguish.
  (CE) Row 116 built. 1256 pairs remaining to distinguish.
  (CE) Row 117 built. 1178 pairs remaining to distinguish.
  (CE) Row 118 built. 1114 pairs remaining to distinguish.
  (CE) Row 119 built. 1051 pairs remaining to distinguish.
  (CE) Row 120 built. 968 pairs remaining to distinguish.
  (CE) Row 121 built. 921 pairs remaining to distinguish.
  (CE) Row 122 built. 879 pairs remaining to distinguish.
  (CE) Row 123 built. 821 pairs remaining to distinguish.
  (CE) Row 124 built. 754 pairs remaining to distinguish.
  (CE) Row 125 built. 712 pairs remaining to distinguish.
  (CE) Row 126 built. 662 pairs remaining to distinguish.
  (CE) Row 127 built. 618 pairs remaining to distinguish.
  (CE) Row 128 built. 578 pairs remaining to distinguish.
  (CE) Row 129 built. 537 pairs remaining to distinguish.
  (CE) Row 130 built. 499 pairs remaining to distinguish.
  (CE) Row 131 built. 466 pairs remaining to distinguish.
  (CE) Row 132 built. 436 pairs remaining to distinguish.
  (CE) Row 133 built. 416 pairs remaining to distinguish.
  (CE) Row 134 built. 385 pairs remaining to distinguish.
  (CE) Row 135 built. 370 pairs remaining to distinguish.
  (CE) Row 136 built. 347 pairs remaining to distinguish.
  (CE) Row 137 built. 334 pairs remaining to distinguish.
  (CE) Row 138 built. 316 pairs remaining to distinguish.
  (CE) Row 139 built. 292 pairs remaining to distinguish.
  (CE) Row 140 built. 272 pairs remaining to distinguish.
  (CE) Row 141 built. 254 pairs remaining to distinguish.
  (CE) Row 142 built. 242 pairs remaining to distinguish.
  (CE) Row 143 built. 228 pairs remaining to distinguish.
  (CE) Row 144 built. 210 pairs remaining to distinguish.
  (CE) Row 145 built. 197 pairs remaining to distinguish.
  (CE) Row 146 built. 179 pairs remaining to distinguish.
  (CE) Row 147 built. 170 pairs remaining to distinguish.
  (CE) Row 148 built. 154 pairs remaining to distinguish.
  (CE) Row 149 built. 137 pairs remaining to distinguish.
  (CE) Row 150 built. 128 pairs remaining to distinguish.
  (CE) Row 151 built. 120 pairs remaining to distinguish.
  (CE) Row 152 built. 111 pairs remaining to distinguish.
  (CE) Row 153 built. 101 pairs remaining to distinguish.
  (CE) Row 154 built. 92 pairs remaining to distinguish.
  (CE) Row 155 built. 86 pairs remaining to distinguish.
  (CE) Row 156 built. 76 pairs remaining to distinguish.
  (CE) Row 157 built. 67 pairs remaining to distinguish.
  (CE) Row 158 built. 60 pairs remaining to distinguish.
  (CE) Row 159 built. 56 pairs remaining to distinguish.
  (CE) Row 160 built. 52 pairs remaining to distinguish.
  (CE) Row 161 built. 43 pairs remaining to distinguish.
  (CE) Row 162 built. 38 pairs remaining to distinguish.
  (CE) Row 163 built. 32 pairs remaining to distinguish.
  (CE) Row 164 built. 28 pairs remaining to distinguish.
  (CE) Row 165 built. 23 pairs remaining to distinguish.
  (CE) Row 166 built. 19 pairs remaining to distinguish.
  (CE) Row 167 built. 17 pairs remaining to distinguish.
  (CE) Row 168 built. 15 pairs remaining to distinguish.
  (CE) Row 169 built. 11 pairs remaining to distinguish.
  (CE) Row 170 built. 9 pairs remaining to distinguish.
  (CE) Row 171 built. 5 pairs remaining to distinguish.
  (CE) Row 172 built. 3 pairs remaining to distinguish.
  (CE) Row 173 built. 2 pairs remaining to distinguish.
  (CE) Row 174 built. 1 pairs remaining to distinguish.
  (CE) Row 175 built. 0 pairs remaining to distinguish.
--- Pareto Front Solutions ---
Solution 0: N total=175 (N_initial=93, N_added=82), Time total=4098 ms, Saved to: ./results/SPINS_loc_t3_l1_pareto_0.csv, percents=1, 

------------locating, d=1, t=3, lambda=2, filename=./evaluation/SPINS/SPINS_3_2.csv------------
Codec initialized: T=14366 interactions, d_max=1, M=14367 possible d-sets
Computing actual partitioned row counts of d-sets...
L1 ball size for radius 1 in Z^12: 25 vectors
Ready to look at pairs via neighbor enumeration...
Checked 20220 bucket pairs (of 9743 total buckets)
First Stage N=129, Time=238
There are 3830 remaining non-locating pairs
--- Running Conditional Expectation Algorithm (phase2_ce) for Locating ---
  (CE) Initial N_target calculated as: 478 (M=129)
  (CE) Row 130 built. 3720 pairs remaining to distinguish.
  (CE) Row 131 built. 3582 pairs remaining to distinguish.
  (CE) Row 132 built. 3446 pairs remaining to distinguish.
  (CE) Row 133 built. 3328 pairs remaining to distinguish.
  (CE) Row 134 built. 3226 pairs remaining to distinguish.
  (CE) Row 135 built. 3104 pairs remaining to distinguish.
  (CE) Row 136 built. 3002 pairs remaining to distinguish.
  (CE) Row 137 built. 2904 pairs remaining to distinguish.
  (CE) Row 138 built. 2804 pairs remaining to distinguish.
  (CE) Row 139 built. 2711 pairs remaining to distinguish.
  (CE) Row 140 built. 2614 pairs remaining to distinguish.
  (CE) Row 141 built. 2522 pairs remaining to distinguish.
  (CE) Row 142 built. 2438 pairs remaining to distinguish.
  (CE) Row 143 built. 2361 pairs remaining to distinguish.
  (CE) Row 144 built. 2251 pairs remaining to distinguish.
  (CE) Row 145 built. 2175 pairs remaining to distinguish.
  (CE) Row 146 built. 2091 pairs remaining to distinguish.
  (CE) Row 147 built. 2021 pairs remaining to distinguish.
  (CE) Row 148 built. 1949 pairs remaining to distinguish.
  (CE) Row 149 built. 1892 pairs remaining to distinguish.
  (CE) Row 150 built. 1810 pairs remaining to distinguish.
  (CE) Row 151 built. 1773 pairs remaining to distinguish.
  (CE) Row 152 built. 1686 pairs remaining to distinguish.
  (CE) Row 153 built. 1605 pairs remaining to distinguish.
  (CE) Row 154 built. 1523 pairs remaining to distinguish.
  (CE) Row 155 built. 1473 pairs remaining to distinguish.
  (CE) Row 156 built. 1414 pairs remaining to distinguish.
  (CE) Row 157 built. 1365 pairs remaining to distinguish.
  (CE) Row 158 built. 1312 pairs remaining to distinguish.
  (CE) Row 159 built. 1250 pairs remaining to distinguish.
  (CE) Row 160 built. 1195 pairs remaining to distinguish.
  (CE) Row 161 built. 1142 pairs remaining to distinguish.
  (CE) Row 162 built. 1108 pairs remaining to distinguish.
  (CE) Row 163 built. 1078 pairs remaining to distinguish.
  (CE) Row 164 built. 1042 pairs remaining to distinguish.
  (CE) Row 165 built. 993 pairs remaining to distinguish.
  (CE) Row 166 built. 950 pairs remaining to distinguish.
  (CE) Row 167 built. 902 pairs remaining to distinguish.
  (CE) Row 168 built. 862 pairs remaining to distinguish.
  (CE) Row 169 built. 821 pairs remaining to distinguish.
  (CE) Row 170 built. 788 pairs remaining to distinguish.
  (CE) Row 171 built. 748 pairs remaining to distinguish.
  (CE) Row 172 built. 724 pairs remaining to distinguish.
  (CE) Row 173 built. 683 pairs remaining to distinguish.
  (CE) Row 174 built. 653 pairs remaining to distinguish.
  (CE) Row 175 built. 609 pairs remaining to distinguish.
  (CE) Row 176 built. 582 pairs remaining to distinguish.
  (CE) Row 177 built. 551 pairs remaining to distinguish.
  (CE) Row 178 built. 524 pairs remaining to distinguish.
  (CE) Row 179 built. 494 pairs remaining to distinguish.
  (CE) Row 180 built. 469 pairs remaining to distinguish.
  (CE) Row 181 built. 443 pairs remaining to distinguish.
  (CE) Row 182 built. 418 pairs remaining to distinguish.
  (CE) Row 183 built. 403 pairs remaining to distinguish.
  (CE) Row 184 built. 377 pairs remaining to distinguish.
  (CE) Row 185 built. 359 pairs remaining to distinguish.
  (CE) Row 186 built. 336 pairs remaining to distinguish.
  (CE) Row 187 built. 317 pairs remaining to distinguish.
  (CE) Row 188 built. 288 pairs remaining to distinguish.
  (CE) Row 189 built. 267 pairs remaining to distinguish.
  (CE) Row 190 built. 254 pairs remaining to distinguish.
  (CE) Row 191 built. 235 pairs remaining to distinguish.
  (CE) Row 192 built. 214 pairs remaining to distinguish.
  (CE) Row 193 built. 198 pairs remaining to distinguish.
  (CE) Row 194 built. 187 pairs remaining to distinguish.
  (CE) Row 195 built. 170 pairs remaining to distinguish.
  (CE) Row 196 built. 145 pairs remaining to distinguish.
  (CE) Row 197 built. 128 pairs remaining to distinguish.
  (CE) Row 198 built. 118 pairs remaining to distinguish.
  (CE) Row 199 built. 107 pairs remaining to distinguish.
  (CE) Row 200 built. 98 pairs remaining to distinguish.
  (CE) Row 201 built. 89 pairs remaining to distinguish.
  (CE) Row 202 built. 80 pairs remaining to distinguish.
  (CE) Row 203 built. 76 pairs remaining to distinguish.
  (CE) Row 204 built. 72 pairs remaining to distinguish.
  (CE) Row 205 built. 68 pairs remaining to distinguish.
  (CE) Row 206 built. 62 pairs remaining to distinguish.
  (CE) Row 207 built. 52 pairs remaining to distinguish.
  (CE) Row 208 built. 48 pairs remaining to distinguish.
  (CE) Row 209 built. 44 pairs remaining to distinguish.
  (CE) Row 210 built. 38 pairs remaining to distinguish.
  (CE) Row 211 built. 33 pairs remaining to distinguish.
  (CE) Row 212 built. 26 pairs remaining to distinguish.
  (CE) Row 213 built. 21 pairs remaining to distinguish.
  (CE) Row 214 built. 16 pairs remaining to distinguish.
  (CE) Row 215 built. 12 pairs remaining to distinguish.
  (CE) Row 216 built. 11 pairs remaining to distinguish.
  (CE) Row 217 built. 9 pairs remaining to distinguish.
  (CE) Row 218 built. 6 pairs remaining to distinguish.
  (CE) Row 219 built. 3 pairs remaining to distinguish.
  (CE) Row 220 built. 2 pairs remaining to distinguish.
  (CE) Row 221 built. 1 pairs remaining to distinguish.
  (CE) Row 222 built. 0 pairs remaining to distinguish.
--- Pareto Front Solutions ---
Solution 0: N total=222 (N_initial=129, N_added=93), Time total=4452 ms, Saved to: ./results/SPINS_loc_t3_l2_pareto_0.csv, percents=1, 

------------locating, d=1, t=3, lambda=3, filename=./evaluation/SPINS/SPINS_3_3.csv------------
Codec initialized: T=14366 interactions, d_max=1, M=14367 possible d-sets
Computing actual partitioned row counts of d-sets...
L1 ball size for radius 2 in Z^12: 313 vectors
Ready to look at pairs via neighbor enumeration...
Checked 48279 bucket pairs (of 12757 total buckets)
First Stage N=220, Time=490
There are 1223 remaining non-locating pairs
--- Running Conditional Expectation Algorithm (phase2_ce) for Locating ---
  (CE) Initial N_target calculated as: 613 (M=220)
  (CE) Row 221 built. 1178 pairs remaining to distinguish.
  (CE) Row 222 built. 1138 pairs remaining to distinguish.
  (CE) Row 223 built. 1113 pairs remaining to distinguish.
  (CE) Row 224 built. 1090 pairs remaining to distinguish.
  (CE) Row 225 built. 1045 pairs remaining to distinguish.
  (CE) Row 226 built. 996 pairs remaining to distinguish.
  (CE) Row 227 built. 967 pairs remaining to distinguish.
  (CE) Row 228 built. 943 pairs remaining to distinguish.
  (CE) Row 229 built. 919 pairs remaining to distinguish.
  (CE) Row 230 built. 900 pairs remaining to distinguish.
  (CE) Row 231 built. 881 pairs remaining to distinguish.
  (CE) Row 232 built. 862 pairs remaining to distinguish.
  (CE) Row 233 built. 850 pairs remaining to distinguish.
  (CE) Row 234 built. 829 pairs remaining to distinguish.
  (CE) Row 235 built. 804 pairs remaining to distinguish.
  (CE) Row 236 built. 785 pairs remaining to distinguish.
  (CE) Row 237 built. 765 pairs remaining to distinguish.
  (CE) Row 238 built. 739 pairs remaining to distinguish.
  (CE) Row 239 built. 715 pairs remaining to distinguish.
  (CE) Row 240 built. 695 pairs remaining to distinguish.
  (CE) Row 241 built. 681 pairs remaining to distinguish.
  (CE) Row 242 built. 664 pairs remaining to distinguish.
  (CE) Row 243 built. 648 pairs remaining to distinguish.
  (CE) Row 244 built. 633 pairs remaining to distinguish.
  (CE) Row 245 built. 614 pairs remaining to distinguish.
  (CE) Row 246 built. 596 pairs remaining to distinguish.
  (CE) Row 247 built. 574 pairs remaining to distinguish.
  (CE) Row 248 built. 561 pairs remaining to distinguish.
  (CE) Row 249 built. 540 pairs remaining to distinguish.
  (CE) Row 250 built. 528 pairs remaining to distinguish.
  (CE) Row 251 built. 516 pairs remaining to distinguish.
  (CE) Row 252 built. 503 pairs remaining to distinguish.
  (CE) Row 253 built. 497 pairs remaining to distinguish.
  (CE) Row 254 built. 477 pairs remaining to distinguish.
  (CE) Row 255 built. 462 pairs remaining to distinguish.
  (CE) Row 256 built. 450 pairs remaining to distinguish.
  (CE) Row 257 built. 443 pairs remaining to distinguish.
  (CE) Row 258 built. 432 pairs remaining to distinguish.
  (CE) Row 259 built. 422 pairs remaining to distinguish.
  (CE) Row 260 built. 412 pairs remaining to distinguish.
  (CE) Row 261 built. 397 pairs remaining to distinguish.
  (CE) Row 262 built. 392 pairs remaining to distinguish.
  (CE) Row 263 built. 379 pairs remaining to distinguish.
  (CE) Row 264 built. 369 pairs remaining to distinguish.
  (CE) Row 265 built. 359 pairs remaining to distinguish.
  (CE) Row 266 built. 353 pairs remaining to distinguish.
  (CE) Row 267 built. 348 pairs remaining to distinguish.
  (CE) Row 268 built. 342 pairs remaining to distinguish.
  (CE) Row 269 built. 334 pairs remaining to distinguish.
  (CE) Row 270 built. 331 pairs remaining to distinguish.
  (CE) Row 271 built. 319 pairs remaining to distinguish.
  (CE) Row 272 built. 301 pairs remaining to distinguish.
  (CE) Row 273 built. 293 pairs remaining to distinguish.
  (CE) Row 274 built. 283 pairs remaining to distinguish.
  (CE) Row 275 built. 271 pairs remaining to distinguish.
  (CE) Row 276 built. 264 pairs remaining to distinguish.
  (CE) Row 277 built. 254 pairs remaining to distinguish.
  (CE) Row 278 built. 250 pairs remaining to distinguish.
  (CE) Row 279 built. 242 pairs remaining to distinguish.
  (CE) Row 280 built. 227 pairs remaining to distinguish.
  (CE) Row 281 built. 221 pairs remaining to distinguish.
  (CE) Row 282 built. 211 pairs remaining to distinguish.
  (CE) Row 283 built. 207 pairs remaining to distinguish.
  (CE) Row 284 built. 197 pairs remaining to distinguish.
  (CE) Row 285 built. 186 pairs remaining to distinguish.
  (CE) Row 286 built. 178 pairs remaining to distinguish.
  (CE) Row 287 built. 164 pairs remaining to distinguish.
  (CE) Row 288 built. 157 pairs remaining to distinguish.
  (CE) Row 289 built. 143 pairs remaining to distinguish.
  (CE) Row 290 built. 132 pairs remaining to distinguish.
  (CE) Row 291 built. 125 pairs remaining to distinguish.
  (CE) Row 292 built. 116 pairs remaining to distinguish.
  (CE) Row 293 built. 109 pairs remaining to distinguish.
  (CE) Row 294 built. 102 pairs remaining to distinguish.
  (CE) Row 295 built. 94 pairs remaining to distinguish.
  (CE) Row 296 built. 84 pairs remaining to distinguish.
  (CE) Row 297 built. 77 pairs remaining to distinguish.
  (CE) Row 298 built. 72 pairs remaining to distinguish.
  (CE) Row 299 built. 66 pairs remaining to distinguish.
  (CE) Row 300 built. 60 pairs remaining to distinguish.
  (CE) Row 301 built. 55 pairs remaining to distinguish.
  (CE) Row 302 built. 51 pairs remaining to distinguish.
  (CE) Row 303 built. 47 pairs remaining to distinguish.
  (CE) Row 304 built. 43 pairs remaining to distinguish.
  (CE) Row 305 built. 40 pairs remaining to distinguish.
  (CE) Row 306 built. 36 pairs remaining to distinguish.
  (CE) Row 307 built. 33 pairs remaining to distinguish.
  (CE) Row 308 built. 30 pairs remaining to distinguish.
  (CE) Row 309 built. 27 pairs remaining to distinguish.
  (CE) Row 310 built. 23 pairs remaining to distinguish.
  (CE) Row 311 built. 20 pairs remaining to distinguish.
  (CE) Row 312 built. 16 pairs remaining to distinguish.
  (CE) Row 313 built. 14 pairs remaining to distinguish.
  (CE) Row 314 built. 12 pairs remaining to distinguish.
  (CE) Row 315 built. 9 pairs remaining to distinguish.
  (CE) Row 316 built. 8 pairs remaining to distinguish.
  (CE) Row 317 built. 7 pairs remaining to distinguish.
  (CE) Row 318 built. 6 pairs remaining to distinguish.
  (CE) Row 319 built. 5 pairs remaining to distinguish.
  (CE) Row 320 built. 4 pairs remaining to distinguish.
  (CE) Row 321 built. 3 pairs remaining to distinguish.
  (CE) Row 322 built. 2 pairs remaining to distinguish.
  (CE) Row 323 built. 1 pairs remaining to distinguish.
  (CE) Row 324 built. 0 pairs remaining to distinguish.
--- Pareto Front Solutions ---
Solution 0: N total=324 (N_initial=220, N_added=104), Time total=2225 ms, Saved to: ./results/SPINS_loc_t3_l3_pareto_0.csv, percents=1, 

------------locating, d=1, t=3, lambda=4, filename=./evaluation/SPINS/SPINS_3_4.csv------------
Codec initialized: T=14366 interactions, d_max=1, M=14367 possible d-sets
Computing actual partitioned row counts of d-sets...
L1 ball size for radius 3 in Z^12: 2625 vectors
Ready to look at pairs via neighbor enumeration...
Checked 107937 bucket pairs (of 12811 total buckets)
First Stage N=256, Time=2192
There are 1282 remaining non-locating pairs
--- Running Conditional Expectation Algorithm (phase2_ce) for Locating ---
  (CE) Initial N_target calculated as: 757 (M=256)
  (CE) Row 257 built. 1255 pairs remaining to distinguish.
  (CE) Row 258 built. 1227 pairs remaining to distinguish.
  (CE) Row 259 built. 1193 pairs remaining to distinguish.
  (CE) Row 260 built. 1165 pairs remaining to distinguish.
  (CE) Row 261 built. 1136 pairs remaining to distinguish.
  (CE) Row 262 built. 1118 pairs remaining to distinguish.
  (CE) Row 263 built. 1094 pairs remaining to distinguish.
  (CE) Row 264 built. 1070 pairs remaining to distinguish.
  (CE) Row 265 built. 1045 pairs remaining to distinguish.
  (CE) Row 266 built. 1023 pairs remaining to distinguish.
  (CE) Row 267 built. 1003 pairs remaining to distinguish.
  (CE) Row 268 built. 980 pairs remaining to distinguish.
  (CE) Row 269 built. 959 pairs remaining to distinguish.
  (CE) Row 270 built. 942 pairs remaining to distinguish.
  (CE) Row 271 built. 924 pairs remaining to distinguish.
  (CE) Row 272 built. 912 pairs remaining to distinguish.
  (CE) Row 273 built. 897 pairs remaining to distinguish.
  (CE) Row 274 built. 876 pairs remaining to distinguish.
  (CE) Row 275 built. 853 pairs remaining to distinguish.
  (CE) Row 276 built. 836 pairs remaining to distinguish.
  (CE) Row 277 built. 817 pairs remaining to distinguish.
  (CE) Row 278 built. 808 pairs remaining to distinguish.
  (CE) Row 279 built. 791 pairs remaining to distinguish.
  (CE) Row 280 built. 787 pairs remaining to distinguish.
  (CE) Row 281 built. 772 pairs remaining to distinguish.
  (CE) Row 282 built. 749 pairs remaining to distinguish.
  (CE) Row 283 built. 731 pairs remaining to distinguish.
  (CE) Row 284 built. 716 pairs remaining to distinguish.
  (CE) Row 285 built. 711 pairs remaining to distinguish.
  (CE) Row 286 built. 700 pairs remaining to distinguish.
  (CE) Row 287 built. 677 pairs remaining to distinguish.
  (CE) Row 288 built. 664 pairs remaining to distinguish.
  (CE) Row 289 built. 656 pairs remaining to distinguish.
  (CE) Row 290 built. 643 pairs remaining to distinguish.
  (CE) Row 291 built. 623 pairs remaining to distinguish.
  (CE) Row 292 built. 607 pairs remaining to distinguish.
  (CE) Row 293 built. 591 pairs remaining to distinguish.
  (CE) Row 294 built. 585 pairs remaining to distinguish.
  (CE) Row 295 built. 574 pairs remaining to distinguish.
  (CE) Row 296 built. 559 pairs remaining to distinguish.
  (CE) Row 297 built. 552 pairs remaining to distinguish.
  (CE) Row 298 built. 542 pairs remaining to distinguish.
  (CE) Row 299 built. 536 pairs remaining to distinguish.
  (CE) Row 300 built. 531 pairs remaining to distinguish.
  (CE) Row 301 built. 508 pairs remaining to distinguish.
  (CE) Row 302 built. 503 pairs remaining to distinguish.
  (CE) Row 303 built. 495 pairs remaining to distinguish.
  (CE) Row 304 built. 489 pairs remaining to distinguish.
  (CE) Row 305 built. 480 pairs remaining to distinguish.
  (CE) Row 306 built. 470 pairs remaining to distinguish.
  (CE) Row 307 built. 464 pairs remaining to distinguish.
  (CE) Row 308 built. 450 pairs remaining to distinguish.
  (CE) Row 309 built. 440 pairs remaining to distinguish.
  (CE) Row 310 built. 435 pairs remaining to distinguish.
  (CE) Row 311 built. 427 pairs remaining to distinguish.
  (CE) Row 312 built. 421 pairs remaining to distinguish.
  (CE) Row 313 built. 417 pairs remaining to distinguish.
  (CE) Row 314 built. 416 pairs remaining to distinguish.
  (CE) Row 315 built. 411 pairs remaining to distinguish.
  (CE) Row 316 built. 409 pairs remaining to distinguish.
  (CE) Row 317 built. 402 pairs remaining to distinguish.
  (CE) Row 318 built. 399 pairs remaining to distinguish.
  (CE) Row 319 built. 399 pairs remaining to distinguish.
  (CE) Row 320 built. 396 pairs remaining to distinguish.
  (CE) Row 321 built. 394 pairs remaining to distinguish.
  (CE) Row 322 built. 390 pairs remaining to distinguish.
  (CE) Row 323 built. 389 pairs remaining to distinguish.
  (CE) Row 324 built. 381 pairs remaining to distinguish.
  (CE) Row 325 built. 377 pairs remaining to distinguish.
  (CE) Row 326 built. 372 pairs remaining to distinguish.
  (CE) Row 327 built. 369 pairs remaining to distinguish.
  (CE) Row 328 built. 368 pairs remaining to distinguish.
  (CE) Row 329 built. 365 pairs remaining to distinguish.
  (CE) Row 330 built. 364 pairs remaining to distinguish.
  (CE) Row 331 built. 364 pairs remaining to distinguish.
  (CE) Row 332 built. 362 pairs remaining to distinguish.
  (CE) Row 333 built. 360 pairs remaining to distinguish.
  (CE) Row 334 built. 359 pairs remaining to distinguish.
  (CE) Row 335 built. 358 pairs remaining to distinguish.
  (CE) Row 336 built. 357 pairs remaining to distinguish.
  (CE) Row 337 built. 354 pairs remaining to distinguish.
  (CE) Row 338 built. 354 pairs remaining to distinguish.
  (CE) Row 339 built. 352 pairs remaining to distinguish.
  (CE) Row 340 built. 347 pairs remaining to distinguish.
  (CE) Row 341 built. 344 pairs remaining to distinguish.
  (CE) Row 342 built. 341 pairs remaining to distinguish.
  (CE) Row 343 built. 334 pairs remaining to distinguish.
  (CE) Row 344 built. 333 pairs remaining to distinguish.
  (CE) Row 345 built. 329 pairs remaining to distinguish.
  (CE) Row 346 built. 325 pairs remaining to distinguish.
  (CE) Row 347 built. 320 pairs remaining to distinguish.
  (CE) Row 348 built. 316 pairs remaining to distinguish.
  (CE) Row 349 built. 311 pairs remaining to distinguish.
  (CE) Row 350 built. 305 pairs remaining to distinguish.
  (CE) Row 351 built. 300 pairs remaining to distinguish.
  (CE) Row 352 built. 297 pairs remaining to distinguish.
  (CE) Row 353 built. 292 pairs remaining to distinguish.
  (CE) Row 354 built. 288 pairs remaining to distinguish.
  (CE) Row 355 built. 283 pairs remaining to distinguish.
  (CE) Row 356 built. 280 pairs remaining to distinguish.
  (CE) Row 357 built. 275 pairs remaining to distinguish.
  (CE) Row 358 built. 270 pairs remaining to distinguish.
  (CE) Row 359 built. 262 pairs remaining to distinguish.
  (CE) Row 360 built. 255 pairs remaining to distinguish.
  (CE) Row 361 built. 245 pairs remaining to distinguish.
  (CE) Row 362 built. 241 pairs remaining to distinguish.
  (CE) Row 363 built. 235 pairs remaining to distinguish.
  (CE) Row 364 built. 228 pairs remaining to distinguish.
  (CE) Row 365 built. 221 pairs remaining to distinguish.
  (CE) Row 366 built. 215 pairs remaining to distinguish.
  (CE) Row 367 built. 210 pairs remaining to distinguish.
  (CE) Row 368 built. 203 pairs remaining to distinguish.
  (CE) Row 369 built. 198 pairs remaining to distinguish.
  (CE) Row 370 built. 192 pairs remaining to distinguish.
  (CE) Row 371 built. 183 pairs remaining to distinguish.
  (CE) Row 372 built. 177 pairs remaining to distinguish.
  (CE) Row 373 built. 169 pairs remaining to distinguish.
  (CE) Row 374 built. 162 pairs remaining to distinguish.
  (CE) Row 375 built. 156 pairs remaining to distinguish.
  (CE) Row 376 built. 149 pairs remaining to distinguish.
  (CE) Row 377 built. 142 pairs remaining to distinguish.
  (CE) Row 378 built. 135 pairs remaining to distinguish.
  (CE) Row 379 built. 129 pairs remaining to distinguish.
  (CE) Row 380 built. 124 pairs remaining to distinguish.
  (CE) Row 381 built. 115 pairs remaining to distinguish.
  (CE) Row 382 built. 108 pairs remaining to distinguish.
  (CE) Row 383 built. 99 pairs remaining to distinguish.
  (CE) Row 384 built. 93 pairs remaining to distinguish.
  (CE) Row 385 built. 88 pairs remaining to distinguish.
  (CE) Row 386 built. 82 pairs remaining to distinguish.
  (CE) Row 387 built. 73 pairs remaining to distinguish.
  (CE) Row 388 built. 66 pairs remaining to distinguish.
  (CE) Row 389 built. 58 pairs remaining to distinguish.
  (CE) Row 390 built. 52 pairs remaining to distinguish.
  (CE) Row 391 built. 44 pairs remaining to distinguish.
  (CE) Row 392 built. 37 pairs remaining to distinguish.
  (CE) Row 393 built. 33 pairs remaining to distinguish.
  (CE) Row 394 built. 29 pairs remaining to distinguish.
  (CE) Row 395 built. 27 pairs remaining to distinguish.
  (CE) Row 396 built. 23 pairs remaining to distinguish.
  (CE) Row 397 built. 20 pairs remaining to distinguish.
  (CE) Row 398 built. 17 pairs remaining to distinguish.
  (CE) Row 399 built. 14 pairs remaining to distinguish.
  (CE) Row 400 built. 13 pairs remaining to distinguish.
  (CE) Row 401 built. 10 pairs remaining to distinguish.
  (CE) Row 402 built. 8 pairs remaining to distinguish.
  (CE) Row 403 built. 7 pairs remaining to distinguish.
  (CE) Row 404 built. 5 pairs remaining to distinguish.
  (CE) Row 405 built. 4 pairs remaining to distinguish.
  (CE) Row 406 built. 3 pairs remaining to distinguish.
  (CE) Row 407 built. 2 pairs remaining to distinguish.
  (CE) Row 408 built. 1 pairs remaining to distinguish.
  (CE) Row 409 built. 0 pairs remaining to distinguish.
--- Pareto Front Solutions ---
Solution 0: N total=409 (N_initial=256, N_added=153), Time total=5067 ms, Saved to: ./results/SPINS_loc_t3_l4_pareto_0.csv, percents=1, 

