------------locating, d=1, t=3, lambda=1, filename=./evaluation/SPINS/SPINS_3_1.csv------------
Codec initialized: T=14366 interactions, d_max=1, M=14367 possible d-sets
Computing actual partitioned row counts of d-sets...
L1 ball size for radius 0 in Z^12: 1 vectors
Ready to look at pairs via neighbor enumeration...
Checked 7903 bucket pairs (of 7903 total buckets)
First Stage N=93, Time=84
There are 6014 remaining non-locating pairs
--- Running GA Algorithm (phase2) ---
WARNING: Parallel not available (no TBB). Falling back to serial.
Running GA (serial)
Generation #0
115,9127,0.001, 0.0777999, 0.166832, 0.242069, 0.257228, 0.258304, 0.387663, 0.615808, 0.651669, 0.732383, 0.80068, 1, 

120,8432,0.001, 0.357381, 0.420482, 0.434217, 0.568743, 0.641263, 0.645299, 0.652856, 0.705002, 0.709058, 0.754276, 0.762754, 0.800919, 0.801621, 0.831136, 0.938642, 1, 

121,8157,0.001, 0.291374, 0.417111, 0.429559, 0.487424, 0.575069, 0.675887, 0.741864, 0.811191, 0.857676, 1, 

Generation #1
115,9127,0.001, 0.0777999, 0.166832, 0.242069, 0.257228, 0.258304, 0.387663, 0.615808, 0.651669, 0.732383, 0.80068, 1, 

110,9613,0.001, 0.169492, 0.244109, 0.265939, 0.334996, 0.0970952, 0.477284, 0.477442, 0.724748, 0.810831, 0.849767, 0.870316, 0.901945, 1, 

121,6802,0.001, 0.427064, 0.448078, 0.488658, 0.50063, 0.509729, 0.603612, 0.609879, 0.715043, 0.771186, 0.80068, 1, 

117,8310,0.001, 0.111364, 0.54798, 0.198549, 0.199863, 0.267302, 0.337792, 0.360248, 0.53307, 0.939807, 1, 

Generation #2
110,9613,0.001, 0.169492, 0.244109, 0.265939, 0.334996, 0.0970952, 0.477284, 0.477442, 0.724748, 0.810831, 0.849767, 0.870316, 0.901945, 1, 

121,6802,0.001, 0.427064, 0.448078, 0.488658, 0.50063, 0.509729, 0.603612, 0.609879, 0.715043, 0.771186, 0.80068, 1, 

115,8178,0.001, 0.227072, 0.365838, 0.32352, 0.466447, 0.530784, 0.547739, 0.581238, 0.681147, 0.856048, 0.901988, 0.943416, 0.99408, 1, 

120,7467,0.001, 0.358419, 0.376703, 0.382895, 0.390537, 0.330009, 0.392028, 0.397921, 0.819249, 0.422169, 0.783244, 0.771557, 0.777333, 0.787844, 1, 

Generation #3
110,9613,0.001, 0.169492, 0.244109, 0.265939, 0.334996, 0.0970952, 0.477284, 0.477442, 0.724748, 0.810831, 0.849767, 0.870316, 0.901945, 1, 

121,6802,0.001, 0.427064, 0.448078, 0.488658, 0.50063, 0.509729, 0.603612, 0.609879, 0.715043, 0.771186, 0.80068, 1, 

120,7467,0.001, 0.358419, 0.376703, 0.382895, 0.390537, 0.330009, 0.392028, 0.397921, 0.819249, 0.422169, 0.783244, 0.771557, 0.777333, 0.787844, 1, 

143,6750,0.001, 0.577809, 0.0537338, 0.106666, 0.111303, 0.466447, 0.530784, 0.547739, 0.792602, 0.796805, 0.896479, 0.944505, 0.999385, 1, 

112,7871,0.001, 0.830233, 0.0141455, 0.0218816, 0.0456565, 0.126535, 0.171676, 0.885058, 0.223503, 0.741864, 0.811191, 0.857676, 1, 
