------------locating, d=1, t=3, lambda=1, filename=./evaluation/SPINS/SPINS_3_1.csv------------
Codec initialized: T=14366 interactions, d_max=1, M=14367 possible d-sets
Computing actual partitioned row counts of d-sets...
L1 ball size for radius 0 in Z^12: 1 vectors
Ready to look at pairs via neighbor enumeration...
Checked 7903 bucket pairs (of 7903 total buckets)
First Stage N=93, Time=83
There are 6014 remaining non-locating pairs
--- Running GA Algorithm (phase2) ---
WARNING: Parallel not available (no TBB). Falling back to serial.
Running GA (serial)
Generation #0
119,8456,0.001, 0.221124, 0.229578, 0.248151, 0.317247, 0.437383, 0.444051, 0.643865, 0.749881, 0.83435, 0.852734, 1, 

115,9470,0.001, 0.0481836, 0.152529, 0.166563, 0.215614, 0.315211, 0.339545, 0.375901, 0.401264, 0.44847, 0.484486, 0.49426, 0.494827, 0.552829, 0.584441, 0.674566, 0.701407, 0.949534, 1, 

131,7495,0.001, 0.171845, 0.571286, 0.600591, 0.714621, 0.730876, 0.740987, 0.905804, 0.913058, 0.939807, 1, 

125,7841,0.001, 0.357381, 0.420482, 0.434217, 0.568743, 0.641263, 0.645299, 0.652856, 0.705002, 0.709058, 0.754276, 0.762754, 0.800919, 0.801621, 0.831136, 0.938642, 1, 

117,8789,0.001, 0.20183, 0.204465, 0.371725, 0.548397, 0.564505, 0.57345, 0.754654, 0.764396, 0.796328, 0.849955, 0.915786, 1, 

122,8099,0.001, 0.208318, 0.327286, 0.44231, 0.474815, 0.483067, 0.544018, 0.741037, 0.748715, 0.820931, 0.857739, 0.87987, 0.937269, 0.968709, 0.984495, 1, 

Generation #1
115,9470,0.001, 0.0481836, 0.152529, 0.166563, 0.215614, 0.315211, 0.339545, 0.375901, 0.401264, 0.44847, 0.484486, 0.49426, 0.494827, 0.552829, 0.584441, 0.674566, 0.701407, 0.949534, 1, 

131,7495,0.001, 0.171845, 0.571286, 0.600591, 0.714621, 0.730876, 0.740987, 0.905804, 0.913058, 0.939807, 1, 

125,7841,0.001, 0.357381, 0.420482, 0.434217, 0.568743, 0.641263, 0.645299, 0.652856, 0.705002, 0.709058, 0.754276, 0.762754, 0.800919, 0.801621, 0.831136, 0.938642, 1, 

117,8789,0.001, 0.20183, 0.204465, 0.371725, 0.548397, 0.564505, 0.57345, 0.754654, 0.764396, 0.796328, 0.849955, 0.915786, 1, 

122,8099,0.001, 0.208318, 0.327286, 0.44231, 0.474815, 0.483067, 0.544018, 0.741037, 0.748715, 0.820931, 0.857739, 0.87987, 0.937269, 0.968709, 0.984495, 1, 

116,9115,0.001, 0.180829, 0.213151, 0.361802, 0.402978, 0.430065, 0.514348, 0.581377, 0.590035, 0.621986, 1, 

123,8046,0.001, 0.171845, 0.571286, 0.600591, 0.714621, 0.730876, 0.740987, 0.673079, 0.81168, 0.95616, 0.981794, 1, 

143,6822,0.001, 0.18921, 0.222357, 0.239046, 0.256081, 0.305815, 0.379884, 0.39881, 0.418454, 0.463351, 0.483865, 0.517623, 0.545344, 0.650838, 0.664342, 0.686386, 0.689916, 0.70568, 0.740246, 0.772597, 0.812708, 0.88061, 0.902281, 0.977694, 0.984655, 1, 

118,8148,0.001, 0.169492, 0.244109, 0.265939, 0.309352, 0.268594, 0.459387, 0.461979, 0.480012, 0.650595, 0.662716, 0.705202, 0.789084, 1, 

Generation #2
131,7495,0.001, 0.171845, 0.571286, 0.600591, 0.714621, 0.730876, 0.740987, 0.905804, 0.913058, 0.939807, 1, 

143,6822,0.001, 0.18921, 0.222357, 0.239046, 0.256081, 0.305815, 0.379884, 0.39881, 0.418454, 0.463351, 0.483865, 0.517623, 0.545344, 0.650838, 0.664342, 0.686386, 0.689916, 0.70568, 0.740246, 0.772597, 0.812708, 0.88061, 0.902281, 0.977694, 0.984655, 1, 

114,7661,0.001, 0.427064, 0.448078, 0.488658, 0.50063, 0.509729, 0.687387, 0.775528, 0.797689, 0.831146, 0.990146, 1, 

132,6921,0.001, 0.646543, 0.130875, 0.191173, 0.211162, 0.231861, 0.321131, 0.339764, 0.37988, 0.461307, 0.465438, 0.471989, 0.569127, 0.60233, 0.614048, 0.995925, 1, 

Generation #3
131,7495,0.001, 0.171845, 0.571286, 0.600591, 0.714621, 0.730876, 0.740987, 0.905804, 0.913058, 0.939807, 1, 

143,6822,0.001, 0.18921, 0.222357, 0.239046, 0.256081, 0.305815, 0.379884, 0.39881, 0.418454, 0.463351, 0.483865, 0.517623, 0.545344, 0.650838, 0.664342, 0.686386, 0.689916, 0.70568, 0.740246, 0.772597, 0.812708, 0.88061, 0.902281, 0.977694, 0.984655, 1, 

114,7661,0.001, 0.427064, 0.448078, 0.488658, 0.50063, 0.509729, 0.687387, 0.775528, 0.797689, 0.831146, 0.990146, 1, 

132,6921,0.001, 0.646543, 0.130875, 0.191173, 0.211162, 0.231861, 0.321131, 0.339764, 0.37988, 0.461307, 0.465438, 0.471989, 0.569127, 0.60233, 0.614048, 0.995925, 1, 
